2026-07-13 22:54:03,991 | INFO  | DNAudit | user=null | ip=null | op=READ_CONTAINER {"containerID":"3"} | ret=SUCCESS |  
2026-07-13 22:54:05,085 | INFO  | DNAudit | user=null | ip=null | op=READ_CONTAINER {"containerID":"4"} | ret=SUCCESS |  
2026-07-13 22:54:37,489 | INFO  | DNAudit | user=null | ip=null | op=READ_CONTAINER {"containerID":"3"} | ret=SUCCESS |  
2026-07-13 22:54:37,747 | INFO  | DNAudit | user=null | ip=null | op=READ_CONTAINER {"containerID":"4"} | ret=SUCCESS |  
2026-07-13 22:56:04,644 | INFO  | DNAudit | user=null | ip=null | op=CLOSE_CONTAINER {"containerID":"3"} | ret=SUCCESS |  
2026-07-13 22:56:11,653 | ERROR | DNAudit | user=null | ip=null | op=CLOSE_CONTAINER {"containerID":"4"} | ret=FAILURE | java.lang.Exception: Cannot close container #4 while in UNHEALTHY state.
	at org.apache.hadoop.ozone.container.common.impl.HddsDispatcher.dispatchRequest(HddsDispatcher.java:449)
	at org.apache.hadoop.ozone.container.common.impl.HddsDispatcher.lambda$dispatch$0(HddsDispatcher.java:197)
 
2026-07-13 22:56:15,294 | INFO  | DNAudit | user=null | ip=null | op=READ_CONTAINER {"containerID":"3"} | ret=SUCCESS |  
2026-07-13 22:56:15,437 | INFO  | DNAudit | user=null | ip=null | op=READ_CONTAINER {"containerID":"4"} | ret=SUCCESS |  
2026-07-13 22:56:21,969 | INFO  | DNAudit | user=null | ip=null | op=READ_CONTAINER {"containerID":"3"} | ret=SUCCESS |  
2026-07-13 22:56:22,084 | INFO  | DNAudit | user=null | ip=null | op=READ_CONTAINER {"containerID":"4"} | ret=SUCCESS |  
2026-07-13 22:56:28,415 | INFO  | DNAudit | user=null | ip=null | op=READ_CONTAINER {"containerID":"3"} | ret=SUCCESS |  
2026-07-13 22:56:28,533 | INFO  | DNAudit | user=null | ip=null | op=READ_CONTAINER {"containerID":"4"} | ret=SUCCESS |  
2026-07-13 22:56:55,348 | INFO  | DNAudit | user=null | ip=null | op=READ_CONTAINER {"containerID":"8"} | ret=SUCCESS |  
2026-07-13 22:56:55,628 | ERROR | DNAudit | user=null | ip=null | op=GET_BLOCK {"blockData":"conID: 8 locID: 117883640217600108 bcsId: 0 replicaIndex: 2"} | ret=FAILURE | java.lang.Exception: Request is trying to write to node with uuid : c1032a83-185c-4457-a88a-85084962170b but the current nodeId is: b1b4b6c7-bffc-4092-a5e9-73a8de621866 .
	at org.apache.hadoop.ozone.container.common.impl.HddsDispatcher.dispatchRequest(HddsDispatcher.java:449)
	at org.apache.hadoop.ozone.container.common.impl.HddsDispatcher.lambda$dispatch$0(HddsDispatcher.java:197)
 
2026-07-13 22:56:55,659 | ERROR | DNAudit | user=null | ip=null | op=GET_BLOCK {"blockData":"conID: 8 locID: 117883640217600108 bcsId: 0 replicaIndex: 3"} | ret=FAILURE | java.lang.Exception: Request is trying to write to node with uuid : 75744d78-ac75-48c4-88b3-3870560cc978 but the current nodeId is: b1b4b6c7-bffc-4092-a5e9-73a8de621866 .
	at org.apache.hadoop.ozone.container.common.impl.HddsDispatcher.dispatchRequest(HddsDispatcher.java:449)
	at org.apache.hadoop.ozone.container.common.impl.HddsDispatcher.lambda$dispatch$0(HddsDispatcher.java:197)
 
2026-07-13 22:56:55,701 | ERROR | DNAudit | user=null | ip=null | op=GET_BLOCK {"blockData":"conID: 8 locID: 117883640217600108 bcsId: 0 replicaIndex: 4"} | ret=FAILURE | java.lang.Exception: Request is trying to write to node with uuid : 2f9ea5fe-b6a7-4671-aa7b-2fb7c693aec8 but the current nodeId is: b1b4b6c7-bffc-4092-a5e9-73a8de621866 .
	at org.apache.hadoop.ozone.container.common.impl.HddsDispatcher.dispatchRequest(HddsDispatcher.java:449)
	at org.apache.hadoop.ozone.container.common.impl.HddsDispatcher.lambda$dispatch$0(HddsDispatcher.java:197)
 
2026-07-13 22:56:55,759 | ERROR | DNAudit | user=null | ip=null | op=GET_BLOCK {"blockData":"conID: 8 locID: 117883640217600108 bcsId: 0 replicaIndex: 5"} | ret=FAILURE | java.lang.Exception: Request is trying to write to node with uuid : e78ba00b-85cd-42dc-a681-3435a4b9172e but the current nodeId is: b1b4b6c7-bffc-4092-a5e9-73a8de621866 .
	at org.apache.hadoop.ozone.container.common.impl.HddsDispatcher.dispatchRequest(HddsDispatcher.java:449)
	at org.apache.hadoop.ozone.container.common.impl.HddsDispatcher.lambda$dispatch$0(HddsDispatcher.java:197)
 
2026-07-13 22:57:18,116 | INFO  | DNAudit | user=null | ip=null | op=READ_CONTAINER {"containerID":"8"} | ret=SUCCESS |  
2026-07-13 22:57:18,310 | ERROR | DNAudit | user=null | ip=null | op=GET_BLOCK {"blockData":"conID: 8 locID: 117883640217600109 bcsId: 0 replicaIndex: 2"} | ret=FAILURE | java.lang.Exception: Request is trying to write to node with uuid : c1032a83-185c-4457-a88a-85084962170b but the current nodeId is: b1b4b6c7-bffc-4092-a5e9-73a8de621866 .
	at org.apache.hadoop.ozone.container.common.impl.HddsDispatcher.dispatchRequest(HddsDispatcher.java:449)
	at org.apache.hadoop.ozone.container.common.impl.HddsDispatcher.lambda$dispatch$0(HddsDispatcher.java:197)
 
2026-07-13 22:57:18,331 | ERROR | DNAudit | user=null | ip=null | op=GET_BLOCK {"blockData":"conID: 8 locID: 117883640217600109 bcsId: 0 replicaIndex: 3"} | ret=FAILURE | java.lang.Exception: Request is trying to write to node with uuid : 75744d78-ac75-48c4-88b3-3870560cc978 but the current nodeId is: b1b4b6c7-bffc-4092-a5e9-73a8de621866 .
	at org.apache.hadoop.ozone.container.common.impl.HddsDispatcher.dispatchRequest(HddsDispatcher.java:449)
	at org.apache.hadoop.ozone.container.common.impl.HddsDispatcher.lambda$dispatch$0(HddsDispatcher.java:197)
 
2026-07-13 22:57:18,369 | ERROR | DNAudit | user=null | ip=null | op=GET_BLOCK {"blockData":"conID: 8 locID: 117883640217600109 bcsId: 0 replicaIndex: 4"} | ret=FAILURE | java.lang.Exception: Request is trying to write to node with uuid : 2f9ea5fe-b6a7-4671-aa7b-2fb7c693aec8 but the current nodeId is: b1b4b6c7-bffc-4092-a5e9-73a8de621866 .
	at org.apache.hadoop.ozone.container.common.impl.HddsDispatcher.dispatchRequest(HddsDispatcher.java:449)
	at org.apache.hadoop.ozone.container.common.impl.HddsDispatcher.lambda$dispatch$0(HddsDispatcher.java:197)
 
2026-07-13 22:57:18,414 | ERROR | DNAudit | user=null | ip=null | op=GET_BLOCK {"blockData":"conID: 8 locID: 117883640217600109 bcsId: 0 replicaIndex: 5"} | ret=FAILURE | java.lang.Exception: Request is trying to write to node with uuid : e78ba00b-85cd-42dc-a681-3435a4b9172e but the current nodeId is: b1b4b6c7-bffc-4092-a5e9-73a8de621866 .
	at org.apache.hadoop.ozone.container.common.impl.HddsDispatcher.dispatchRequest(HddsDispatcher.java:449)
	at org.apache.hadoop.ozone.container.common.impl.HddsDispatcher.lambda$dispatch$0(HddsDispatcher.java:197)
 
2026-07-13 22:57:43,130 | INFO  | DNAudit | user=null | ip=null | op=READ_CONTAINER {"containerID":"8"} | ret=SUCCESS |  
2026-07-13 22:57:43,385 | ERROR | DNAudit | user=null | ip=null | op=GET_BLOCK {"blockData":"conID: 8 locID: 117883640217600110 bcsId: 0 replicaIndex: 2"} | ret=FAILURE | java.lang.Exception: Request is trying to write to node with uuid : c1032a83-185c-4457-a88a-85084962170b but the current nodeId is: b1b4b6c7-bffc-4092-a5e9-73a8de621866 .
	at org.apache.hadoop.ozone.container.common.impl.HddsDispatcher.dispatchRequest(HddsDispatcher.java:449)
	at org.apache.hadoop.ozone.container.common.impl.HddsDispatcher.lambda$dispatch$0(HddsDispatcher.java:197)
 
2026-07-13 22:57:43,410 | ERROR | DNAudit | user=null | ip=null | op=GET_BLOCK {"blockData":"conID: 8 locID: 117883640217600110 bcsId: 0 replicaIndex: 3"} | ret=FAILURE | java.lang.Exception: Request is trying to write to node with uuid : 75744d78-ac75-48c4-88b3-3870560cc978 but the current nodeId is: b1b4b6c7-bffc-4092-a5e9-73a8de621866 .
	at org.apache.hadoop.ozone.container.common.impl.HddsDispatcher.dispatchRequest(HddsDispatcher.java:449)
	at org.apache.hadoop.ozone.container.common.impl.HddsDispatcher.lambda$dispatch$0(HddsDispatcher.java:197)
 
2026-07-13 22:57:43,458 | ERROR | DNAudit | user=null | ip=null | op=GET_BLOCK {"blockData":"conID: 8 locID: 117883640217600110 bcsId: 0 replicaIndex: 4"} | ret=FAILURE | java.lang.Exception: Request is trying to write to node with uuid : 2f9ea5fe-b6a7-4671-aa7b-2fb7c693aec8 but the current nodeId is: b1b4b6c7-bffc-4092-a5e9-73a8de621866 .
	at org.apache.hadoop.ozone.container.common.impl.HddsDispatcher.dispatchRequest(HddsDispatcher.java:449)
	at org.apache.hadoop.ozone.container.common.impl.HddsDispatcher.lambda$dispatch$0(HddsDispatcher.java:197)
 
2026-07-13 22:57:43,524 | ERROR | DNAudit | user=null | ip=null | op=GET_BLOCK {"blockData":"conID: 8 locID: 117883640217600110 bcsId: 0 replicaIndex: 5"} | ret=FAILURE | java.lang.Exception: Request is trying to write to node with uuid : e78ba00b-85cd-42dc-a681-3435a4b9172e but the current nodeId is: b1b4b6c7-bffc-4092-a5e9-73a8de621866 .
	at org.apache.hadoop.ozone.container.common.impl.HddsDispatcher.dispatchRequest(HddsDispatcher.java:449)
	at org.apache.hadoop.ozone.container.common.impl.HddsDispatcher.lambda$dispatch$0(HddsDispatcher.java:197)
 
2026-07-13 22:57:43,579 | INFO  | DNAudit | user=null | ip=null | op=READ_CONTAINER {"containerID":"8"} | ret=SUCCESS |  
2026-07-13 22:57:43,613 | ERROR | DNAudit | user=null | ip=null | op=GET_BLOCK {"blockData":"conID: 8 locID: 117883640217600111 bcsId: 0 replicaIndex: 2"} | ret=FAILURE | java.lang.Exception: Request is trying to write to node with uuid : c1032a83-185c-4457-a88a-85084962170b but the current nodeId is: b1b4b6c7-bffc-4092-a5e9-73a8de621866 .
	at org.apache.hadoop.ozone.container.common.impl.HddsDispatcher.dispatchRequest(HddsDispatcher.java:449)
	at org.apache.hadoop.ozone.container.common.impl.HddsDispatcher.lambda$dispatch$0(HddsDispatcher.java:197)
 
2026-07-13 22:57:43,636 | ERROR | DNAudit | user=null | ip=null | op=GET_BLOCK {"blockData":"conID: 8 locID: 117883640217600111 bcsId: 0 replicaIndex: 3"} | ret=FAILURE | java.lang.Exception: Request is trying to write to node with uuid : 75744d78-ac75-48c4-88b3-3870560cc978 but the current nodeId is: b1b4b6c7-bffc-4092-a5e9-73a8de621866 .
	at org.apache.hadoop.ozone.container.common.impl.HddsDispatcher.dispatchRequest(HddsDispatcher.java:449)
	at org.apache.hadoop.ozone.container.common.impl.HddsDispatcher.lambda$dispatch$0(HddsDispatcher.java:197)
 
2026-07-13 22:57:43,684 | ERROR | DNAudit | user=null | ip=null | op=GET_BLOCK {"blockData":"conID: 8 locID: 117883640217600111 bcsId: 0 replicaIndex: 4"} | ret=FAILURE | java.lang.Exception: Request is trying to write to node with uuid : 2f9ea5fe-b6a7-4671-aa7b-2fb7c693aec8 but the current nodeId is: b1b4b6c7-bffc-4092-a5e9-73a8de621866 .
	at org.apache.hadoop.ozone.container.common.impl.HddsDispatcher.dispatchRequest(HddsDispatcher.java:449)
	at org.apache.hadoop.ozone.container.common.impl.HddsDispatcher.lambda$dispatch$0(HddsDispatcher.java:197)
 
2026-07-13 22:57:43,752 | ERROR | DNAudit | user=null | ip=null | op=GET_BLOCK {"blockData":"conID: 8 locID: 117883640217600111 bcsId: 0 replicaIndex: 5"} | ret=FAILURE | java.lang.Exception: Request is trying to write to node with uuid : e78ba00b-85cd-42dc-a681-3435a4b9172e but the current nodeId is: b1b4b6c7-bffc-4092-a5e9-73a8de621866 .
	at org.apache.hadoop.ozone.container.common.impl.HddsDispatcher.dispatchRequest(HddsDispatcher.java:449)
	at org.apache.hadoop.ozone.container.common.impl.HddsDispatcher.lambda$dispatch$0(HddsDispatcher.java:197)
 
2026-07-13 22:58:03,733 | INFO  | DNAudit | user=null | ip=null | op=READ_CONTAINER {"containerID":"8"} | ret=SUCCESS |  
2026-07-13 22:58:03,941 | ERROR | DNAudit | user=null | ip=null | op=GET_BLOCK {"blockData":"conID: 8 locID: 117883640217600112 bcsId: 0 replicaIndex: 2"} | ret=FAILURE | java.lang.Exception: Request is trying to write to node with uuid : c1032a83-185c-4457-a88a-85084962170b but the current nodeId is: b1b4b6c7-bffc-4092-a5e9-73a8de621866 .
	at org.apache.hadoop.ozone.container.common.impl.HddsDispatcher.dispatchRequest(HddsDispatcher.java:449)
	at org.apache.hadoop.ozone.container.common.impl.HddsDispatcher.lambda$dispatch$0(HddsDispatcher.java:197)
 
2026-07-13 22:58:03,956 | ERROR | DNAudit | user=null | ip=null | op=GET_BLOCK {"blockData":"conID: 8 locID: 117883640217600112 bcsId: 0 replicaIndex: 3"} | ret=FAILURE | java.lang.Exception: Request is trying to write to node with uuid : 75744d78-ac75-48c4-88b3-3870560cc978 but the current nodeId is: b1b4b6c7-bffc-4092-a5e9-73a8de621866 .
	at org.apache.hadoop.ozone.container.common.impl.HddsDispatcher.dispatchRequest(HddsDispatcher.java:449)
	at org.apache.hadoop.ozone.container.common.impl.HddsDispatcher.lambda$dispatch$0(HddsDispatcher.java:197)
 
2026-07-13 22:58:03,978 | ERROR | DNAudit | user=null | ip=null | op=GET_BLOCK {"blockData":"conID: 8 locID: 117883640217600112 bcsId: 0 replicaIndex: 4"} | ret=FAILURE | java.lang.Exception: Request is trying to write to node with uuid : 2f9ea5fe-b6a7-4671-aa7b-2fb7c693aec8 but the current nodeId is: b1b4b6c7-bffc-4092-a5e9-73a8de621866 .
	at org.apache.hadoop.ozone.container.common.impl.HddsDispatcher.dispatchRequest(HddsDispatcher.java:449)
	at org.apache.hadoop.ozone.container.common.impl.HddsDispatcher.lambda$dispatch$0(HddsDispatcher.java:197)
 
2026-07-13 22:58:04,009 | ERROR | DNAudit | user=null | ip=null | op=GET_BLOCK {"blockData":"conID: 8 locID: 117883640217600112 bcsId: 0 replicaIndex: 5"} | ret=FAILURE | java.lang.Exception: Request is trying to write to node with uuid : e78ba00b-85cd-42dc-a681-3435a4b9172e but the current nodeId is: b1b4b6c7-bffc-4092-a5e9-73a8de621866 .
	at org.apache.hadoop.ozone.container.common.impl.HddsDispatcher.dispatchRequest(HddsDispatcher.java:449)
	at org.apache.hadoop.ozone.container.common.impl.HddsDispatcher.lambda$dispatch$0(HddsDispatcher.java:197)
 
2026-07-13 22:58:51,347 | ERROR | DNAudit | user=null | ip=null | op=CLOSE_CONTAINER {"containerID":"4"} | ret=FAILURE | java.lang.Exception: Cannot close container #4 while in UNHEALTHY state.
	at org.apache.hadoop.ozone.container.common.impl.HddsDispatcher.dispatchRequest(HddsDispatcher.java:449)
	at org.apache.hadoop.ozone.container.common.impl.HddsDispatcher.lambda$dispatch$0(HddsDispatcher.java:197)
 
2026-07-13 22:59:00,768 | ERROR | DNAudit | user=null | ip=null | op=GET_BLOCK {"blockData":"conID: 3 locID: 117883640217600101 bcsId: 2 replicaIndex: null"} | ret=FAILURE | java.lang.Exception: Unable to find the block with bcsID 2 .Container 3 bcsId is 0.
	at org.apache.hadoop.ozone.container.common.impl.HddsDispatcher.dispatchRequest(HddsDispatcher.java:449)
	at org.apache.hadoop.ozone.container.common.impl.HddsDispatcher.lambda$dispatch$0(HddsDispatcher.java:197)
 
2026-07-13 22:59:00,955 | ERROR | DNAudit | user=null | ip=null | op=GET_BLOCK {"blockData":"conID: 4 locID: 117883640217600102 bcsId: 2 replicaIndex: null"} | ret=FAILURE | java.lang.Exception: Unable to find the block with bcsID 2 .Container 4 bcsId is 0.
	at org.apache.hadoop.ozone.container.common.impl.HddsDispatcher.dispatchRequest(HddsDispatcher.java:449)
	at org.apache.hadoop.ozone.container.common.impl.HddsDispatcher.lambda$dispatch$0(HddsDispatcher.java:197)
 
