2026-08-30 08:50:40,992 | INFO  | DNAudit | user=null | ip=null | op=READ_CONTAINER {"containerID":"7"} | ret=SUCCESS |  
2026-08-30 08:50:41,258 | ERROR | DNAudit | user=null | ip=null | op=GET_BLOCK {"blockData":"conID: 7 locID: 117883640217600108 bcsId: 0 replicaIndex: 2"} | ret=FAILURE | java.lang.Exception: Request is trying to write to node with uuid : 2980d731-f377-44e9-a764-e04e640cc85a but the current nodeId is: e81ba806-9b08-4683-b449-d37001de2e42 .
	at org.apache.hadoop.ozone.container.common.impl.HddsDispatcher.dispatchRequest(HddsDispatcher.java:459)
	at org.apache.hadoop.ozone.container.common.impl.HddsDispatcher.lambda$dispatch$0(HddsDispatcher.java:198)
 
2026-08-30 08:50:41,276 | ERROR | DNAudit | user=null | ip=null | op=GET_BLOCK {"blockData":"conID: 7 locID: 117883640217600108 bcsId: 0 replicaIndex: 3"} | ret=FAILURE | java.lang.Exception: Request is trying to write to node with uuid : 25ca4aac-adb9-4d4b-ba33-5ab603778cf1 but the current nodeId is: e81ba806-9b08-4683-b449-d37001de2e42 .
	at org.apache.hadoop.ozone.container.common.impl.HddsDispatcher.dispatchRequest(HddsDispatcher.java:459)
	at org.apache.hadoop.ozone.container.common.impl.HddsDispatcher.lambda$dispatch$0(HddsDispatcher.java:198)
 
2026-08-30 08:50:41,306 | ERROR | DNAudit | user=null | ip=null | op=GET_BLOCK {"blockData":"conID: 7 locID: 117883640217600108 bcsId: 0 replicaIndex: 4"} | ret=FAILURE | java.lang.Exception: Request is trying to write to node with uuid : fd6664c8-e830-42f3-bbd1-a531f17750c2 but the current nodeId is: e81ba806-9b08-4683-b449-d37001de2e42 .
	at org.apache.hadoop.ozone.container.common.impl.HddsDispatcher.dispatchRequest(HddsDispatcher.java:459)
	at org.apache.hadoop.ozone.container.common.impl.HddsDispatcher.lambda$dispatch$0(HddsDispatcher.java:198)
 
2026-08-30 08:50:41,359 | ERROR | DNAudit | user=null | ip=null | op=GET_BLOCK {"blockData":"conID: 7 locID: 117883640217600108 bcsId: 0 replicaIndex: 5"} | ret=FAILURE | java.lang.Exception: Request is trying to write to node with uuid : df3bf8f4-e344-4e4f-bacf-fc9325611f52 but the current nodeId is: e81ba806-9b08-4683-b449-d37001de2e42 .
	at org.apache.hadoop.ozone.container.common.impl.HddsDispatcher.dispatchRequest(HddsDispatcher.java:459)
	at org.apache.hadoop.ozone.container.common.impl.HddsDispatcher.lambda$dispatch$0(HddsDispatcher.java:198)
 
2026-08-30 08:51:05,573 | INFO  | DNAudit | user=null | ip=null | op=READ_CONTAINER {"containerID":"7"} | ret=SUCCESS |  
2026-08-30 08:51:05,829 | ERROR | DNAudit | user=null | ip=null | op=GET_BLOCK {"blockData":"conID: 7 locID: 117883640217600109 bcsId: 0 replicaIndex: 2"} | ret=FAILURE | java.lang.Exception: Request is trying to write to node with uuid : 2980d731-f377-44e9-a764-e04e640cc85a but the current nodeId is: e81ba806-9b08-4683-b449-d37001de2e42 .
	at org.apache.hadoop.ozone.container.common.impl.HddsDispatcher.dispatchRequest(HddsDispatcher.java:459)
	at org.apache.hadoop.ozone.container.common.impl.HddsDispatcher.lambda$dispatch$0(HddsDispatcher.java:198)
 
2026-08-30 08:51:05,847 | ERROR | DNAudit | user=null | ip=null | op=GET_BLOCK {"blockData":"conID: 7 locID: 117883640217600109 bcsId: 0 replicaIndex: 3"} | ret=FAILURE | java.lang.Exception: Request is trying to write to node with uuid : 25ca4aac-adb9-4d4b-ba33-5ab603778cf1 but the current nodeId is: e81ba806-9b08-4683-b449-d37001de2e42 .
	at org.apache.hadoop.ozone.container.common.impl.HddsDispatcher.dispatchRequest(HddsDispatcher.java:459)
	at org.apache.hadoop.ozone.container.common.impl.HddsDispatcher.lambda$dispatch$0(HddsDispatcher.java:198)
 
2026-08-30 08:51:05,874 | ERROR | DNAudit | user=null | ip=null | op=GET_BLOCK {"blockData":"conID: 7 locID: 117883640217600109 bcsId: 0 replicaIndex: 4"} | ret=FAILURE | java.lang.Exception: Request is trying to write to node with uuid : fd6664c8-e830-42f3-bbd1-a531f17750c2 but the current nodeId is: e81ba806-9b08-4683-b449-d37001de2e42 .
	at org.apache.hadoop.ozone.container.common.impl.HddsDispatcher.dispatchRequest(HddsDispatcher.java:459)
	at org.apache.hadoop.ozone.container.common.impl.HddsDispatcher.lambda$dispatch$0(HddsDispatcher.java:198)
 
2026-08-30 08:51:05,910 | ERROR | DNAudit | user=null | ip=null | op=GET_BLOCK {"blockData":"conID: 7 locID: 117883640217600109 bcsId: 0 replicaIndex: 5"} | ret=FAILURE | java.lang.Exception: Request is trying to write to node with uuid : df3bf8f4-e344-4e4f-bacf-fc9325611f52 but the current nodeId is: e81ba806-9b08-4683-b449-d37001de2e42 .
	at org.apache.hadoop.ozone.container.common.impl.HddsDispatcher.dispatchRequest(HddsDispatcher.java:459)
	at org.apache.hadoop.ozone.container.common.impl.HddsDispatcher.lambda$dispatch$0(HddsDispatcher.java:198)
 
2026-08-30 08:51:33,449 | INFO  | DNAudit | user=null | ip=null | op=READ_CONTAINER {"containerID":"7"} | ret=SUCCESS |  
2026-08-30 08:51:33,713 | ERROR | DNAudit | user=null | ip=null | op=GET_BLOCK {"blockData":"conID: 7 locID: 117883640217600110 bcsId: 0 replicaIndex: 2"} | ret=FAILURE | java.lang.Exception: Request is trying to write to node with uuid : 2980d731-f377-44e9-a764-e04e640cc85a but the current nodeId is: e81ba806-9b08-4683-b449-d37001de2e42 .
	at org.apache.hadoop.ozone.container.common.impl.HddsDispatcher.dispatchRequest(HddsDispatcher.java:459)
	at org.apache.hadoop.ozone.container.common.impl.HddsDispatcher.lambda$dispatch$0(HddsDispatcher.java:198)
 
2026-08-30 08:51:33,740 | ERROR | DNAudit | user=null | ip=null | op=GET_BLOCK {"blockData":"conID: 7 locID: 117883640217600110 bcsId: 0 replicaIndex: 3"} | ret=FAILURE | java.lang.Exception: Request is trying to write to node with uuid : 25ca4aac-adb9-4d4b-ba33-5ab603778cf1 but the current nodeId is: e81ba806-9b08-4683-b449-d37001de2e42 .
	at org.apache.hadoop.ozone.container.common.impl.HddsDispatcher.dispatchRequest(HddsDispatcher.java:459)
	at org.apache.hadoop.ozone.container.common.impl.HddsDispatcher.lambda$dispatch$0(HddsDispatcher.java:198)
 
2026-08-30 08:51:33,771 | ERROR | DNAudit | user=null | ip=null | op=GET_BLOCK {"blockData":"conID: 7 locID: 117883640217600110 bcsId: 0 replicaIndex: 4"} | ret=FAILURE | java.lang.Exception: Request is trying to write to node with uuid : fd6664c8-e830-42f3-bbd1-a531f17750c2 but the current nodeId is: e81ba806-9b08-4683-b449-d37001de2e42 .
	at org.apache.hadoop.ozone.container.common.impl.HddsDispatcher.dispatchRequest(HddsDispatcher.java:459)
	at org.apache.hadoop.ozone.container.common.impl.HddsDispatcher.lambda$dispatch$0(HddsDispatcher.java:198)
 
2026-08-30 08:51:33,818 | ERROR | DNAudit | user=null | ip=null | op=GET_BLOCK {"blockData":"conID: 7 locID: 117883640217600110 bcsId: 0 replicaIndex: 5"} | ret=FAILURE | java.lang.Exception: Request is trying to write to node with uuid : df3bf8f4-e344-4e4f-bacf-fc9325611f52 but the current nodeId is: e81ba806-9b08-4683-b449-d37001de2e42 .
	at org.apache.hadoop.ozone.container.common.impl.HddsDispatcher.dispatchRequest(HddsDispatcher.java:459)
	at org.apache.hadoop.ozone.container.common.impl.HddsDispatcher.lambda$dispatch$0(HddsDispatcher.java:198)
 
2026-08-30 08:51:33,872 | INFO  | DNAudit | user=null | ip=null | op=READ_CONTAINER {"containerID":"7"} | ret=SUCCESS |  
2026-08-30 08:51:33,899 | ERROR | DNAudit | user=null | ip=null | op=GET_BLOCK {"blockData":"conID: 7 locID: 117883640217600111 bcsId: 0 replicaIndex: 2"} | ret=FAILURE | java.lang.Exception: Request is trying to write to node with uuid : 2980d731-f377-44e9-a764-e04e640cc85a but the current nodeId is: e81ba806-9b08-4683-b449-d37001de2e42 .
	at org.apache.hadoop.ozone.container.common.impl.HddsDispatcher.dispatchRequest(HddsDispatcher.java:459)
	at org.apache.hadoop.ozone.container.common.impl.HddsDispatcher.lambda$dispatch$0(HddsDispatcher.java:198)
 
2026-08-30 08:51:33,916 | ERROR | DNAudit | user=null | ip=null | op=GET_BLOCK {"blockData":"conID: 7 locID: 117883640217600111 bcsId: 0 replicaIndex: 3"} | ret=FAILURE | java.lang.Exception: Request is trying to write to node with uuid : 25ca4aac-adb9-4d4b-ba33-5ab603778cf1 but the current nodeId is: e81ba806-9b08-4683-b449-d37001de2e42 .
	at org.apache.hadoop.ozone.container.common.impl.HddsDispatcher.dispatchRequest(HddsDispatcher.java:459)
	at org.apache.hadoop.ozone.container.common.impl.HddsDispatcher.lambda$dispatch$0(HddsDispatcher.java:198)
 
2026-08-30 08:51:33,941 | ERROR | DNAudit | user=null | ip=null | op=GET_BLOCK {"blockData":"conID: 7 locID: 117883640217600111 bcsId: 0 replicaIndex: 4"} | ret=FAILURE | java.lang.Exception: Request is trying to write to node with uuid : fd6664c8-e830-42f3-bbd1-a531f17750c2 but the current nodeId is: e81ba806-9b08-4683-b449-d37001de2e42 .
	at org.apache.hadoop.ozone.container.common.impl.HddsDispatcher.dispatchRequest(HddsDispatcher.java:459)
	at org.apache.hadoop.ozone.container.common.impl.HddsDispatcher.lambda$dispatch$0(HddsDispatcher.java:198)
 
2026-08-30 08:51:33,989 | ERROR | DNAudit | user=null | ip=null | op=GET_BLOCK {"blockData":"conID: 7 locID: 117883640217600111 bcsId: 0 replicaIndex: 5"} | ret=FAILURE | java.lang.Exception: Request is trying to write to node with uuid : df3bf8f4-e344-4e4f-bacf-fc9325611f52 but the current nodeId is: e81ba806-9b08-4683-b449-d37001de2e42 .
	at org.apache.hadoop.ozone.container.common.impl.HddsDispatcher.dispatchRequest(HddsDispatcher.java:459)
	at org.apache.hadoop.ozone.container.common.impl.HddsDispatcher.lambda$dispatch$0(HddsDispatcher.java:198)
 
2026-08-30 08:51:55,841 | INFO  | DNAudit | user=null | ip=null | op=READ_CONTAINER {"containerID":"7"} | ret=SUCCESS |  
2026-08-30 08:51:56,126 | ERROR | DNAudit | user=null | ip=null | op=GET_BLOCK {"blockData":"conID: 7 locID: 117883640217600112 bcsId: 0 replicaIndex: 2"} | ret=FAILURE | java.lang.Exception: Request is trying to write to node with uuid : 2980d731-f377-44e9-a764-e04e640cc85a but the current nodeId is: e81ba806-9b08-4683-b449-d37001de2e42 .
	at org.apache.hadoop.ozone.container.common.impl.HddsDispatcher.dispatchRequest(HddsDispatcher.java:459)
	at org.apache.hadoop.ozone.container.common.impl.HddsDispatcher.lambda$dispatch$0(HddsDispatcher.java:198)
 
2026-08-30 08:51:56,144 | ERROR | DNAudit | user=null | ip=null | op=GET_BLOCK {"blockData":"conID: 7 locID: 117883640217600112 bcsId: 0 replicaIndex: 3"} | ret=FAILURE | java.lang.Exception: Request is trying to write to node with uuid : 25ca4aac-adb9-4d4b-ba33-5ab603778cf1 but the current nodeId is: e81ba806-9b08-4683-b449-d37001de2e42 .
	at org.apache.hadoop.ozone.container.common.impl.HddsDispatcher.dispatchRequest(HddsDispatcher.java:459)
	at org.apache.hadoop.ozone.container.common.impl.HddsDispatcher.lambda$dispatch$0(HddsDispatcher.java:198)
 
2026-08-30 08:51:56,164 | ERROR | DNAudit | user=null | ip=null | op=GET_BLOCK {"blockData":"conID: 7 locID: 117883640217600112 bcsId: 0 replicaIndex: 4"} | ret=FAILURE | java.lang.Exception: Request is trying to write to node with uuid : fd6664c8-e830-42f3-bbd1-a531f17750c2 but the current nodeId is: e81ba806-9b08-4683-b449-d37001de2e42 .
	at org.apache.hadoop.ozone.container.common.impl.HddsDispatcher.dispatchRequest(HddsDispatcher.java:459)
	at org.apache.hadoop.ozone.container.common.impl.HddsDispatcher.lambda$dispatch$0(HddsDispatcher.java:198)
 
2026-08-30 08:51:56,203 | ERROR | DNAudit | user=null | ip=null | op=GET_BLOCK {"blockData":"conID: 7 locID: 117883640217600112 bcsId: 0 replicaIndex: 5"} | ret=FAILURE | java.lang.Exception: Request is trying to write to node with uuid : df3bf8f4-e344-4e4f-bacf-fc9325611f52 but the current nodeId is: e81ba806-9b08-4683-b449-d37001de2e42 .
	at org.apache.hadoop.ozone.container.common.impl.HddsDispatcher.dispatchRequest(HddsDispatcher.java:459)
	at org.apache.hadoop.ozone.container.common.impl.HddsDispatcher.lambda$dispatch$0(HddsDispatcher.java:198)
 
2026-08-30 08:52:41,273 | INFO  | DNAudit | user=null | ip=null | op=CLOSE_CONTAINER {"containerID":"1"} | ret=SUCCESS |  
