Using Docker Compose v2
Executing test ozonesecure-ha/test-debug-tools.sh
Using Docker Compose v2
Port 88 is available on kdc
Port 9860 is not available on scm1.org yet
Port 9860 is not available on scm1.org yet
Port 9860 is not available on scm1.org yet
Port 9860 is not available on scm1.org yet
Port 9860 is not available on scm1.org yet
Port 9860 is not available on scm1.org yet
Port 9860 is not available on scm1.org yet
Port 9860 is not available on scm1.org yet
Port 9860 is not available on scm1.org yet
Port 9860 is not available on scm1.org yet
Port 9860 is not available on scm1.org yet
Port 9860 is not available on scm1.org yet
Port 9860 is not available on scm1.org yet
Port 9860 is not available on scm1.org yet
Port 9860 is not available on scm1.org yet
Port 9860 is not available on scm1.org yet
Port 9860 is not available on scm1.org yet
Port 9860 is available on scm1.org
SCM is in safe mode. Will retry in 1 sec. Remaining time (sec): 240
SCM is in safe mode. Will retry in 1 sec. Remaining time (sec): 239
SCM is in safe mode. Will retry in 1 sec. Remaining time (sec): 238
SCM is in safe mode. Will retry in 1 sec. Remaining time (sec): 237
SCM is in safe mode. Will retry in 1 sec. Remaining time (sec): 236
SCM is in safe mode. Will retry in 1 sec. Remaining time (sec): 235
SCM is in safe mode. Will retry in 1 sec. Remaining time (sec): 234
SCM is in safe mode. Will retry in 1 sec. Remaining time (sec): 233
SCM is in safe mode. Will retry in 1 sec. Remaining time (sec): 232
SCM is in safe mode. Will retry in 1 sec. Remaining time (sec): 231
SCM is in safe mode. Will retry in 1 sec. Remaining time (sec): 230
SCM is in safe mode. Will retry in 1 sec. Remaining time (sec): 229
SCM is in safe mode. Will retry in 1 sec. Remaining time (sec): 228
SCM is in safe mode. Will retry in 1 sec. Remaining time (sec): 227
SCM is in safe mode. Will retry in 1 sec. Remaining time (sec): 225
SCM is in safe mode. Will retry in 1 sec. Remaining time (sec): 224
SCM is in safe mode. Will retry in 1 sec. Remaining time (sec): 223
SCM is in safe mode. Will retry in 1 sec. Remaining time (sec): 222
SCM is in safe mode. Will retry in 1 sec. Remaining time (sec): 221
SCM is in safe mode. Will retry in 1 sec. Remaining time (sec): 220
SCM is in safe mode. Will retry in 1 sec. Remaining time (sec): 219
SCM is in safe mode. Will retry in 1 sec. Remaining time (sec): 218
SCM is in safe mode. Will retry in 1 sec. Remaining time (sec): 217
SCM is in safe mode. Will retry in 1 sec. Remaining time (sec): 216
SCM is in safe mode. Will retry in 1 sec. Remaining time (sec): 215
SCM is in safe mode. Will retry in 1 sec. Remaining time (sec): 214
SCM is in safe mode. Will retry in 1 sec. Remaining time (sec): 213
SCM is in safe mode. Will retry in 1 sec. Remaining time (sec): 212
SCM is in safe mode. Will retry in 1 sec. Remaining time (sec): 211
SCM is in safe mode. Will retry in 1 sec. Remaining time (sec): 210
SCM is in safe mode. Will retry in 1 sec. Remaining time (sec): 209
SCM is in safe mode. Will retry in 1 sec. Remaining time (sec): 208
SCM is in safe mode. Will retry in 1 sec. Remaining time (sec): 207
SCM is in safe mode. Will retry in 1 sec. Remaining time (sec): 206
SCM is in safe mode. Will retry in 1 sec. Remaining time (sec): 205
SCM is in safe mode. Will retry in 1 sec. Remaining time (sec): 204
SCM is in safe mode. Will retry in 1 sec. Remaining time (sec): 203
SCM is in safe mode. Will retry in 1 sec. Remaining time (sec): 202
SCM is in safe mode. Will retry in 1 sec. Remaining time (sec): 201
SCM is in safe mode. Will retry in 1 sec. Remaining time (sec): 200
SCM is in safe mode. Will retry in 1 sec. Remaining time (sec): 199
SCM is in safe mode. Will retry in 1 sec. Remaining time (sec): 198
SCM is in safe mode. Will retry in 1 sec. Remaining time (sec): 197
SCM is in safe mode. Will retry in 1 sec. Remaining time (sec): 196
SCM is in safe mode. Will retry in 1 sec. Remaining time (sec): 195
SCM is in safe mode. Will retry in 1 sec. Remaining time (sec): 194
SCM is in safe mode. Will retry in 1 sec. Remaining time (sec): 193
SCM is in safe mode. Will retry in 1 sec. Remaining time (sec): 192
SCM is in safe mode. Will retry in 1 sec. Remaining time (sec): 191
SCM is in safe mode. Will retry in 1 sec. Remaining time (sec): 190
SCM is in safe mode. Will retry in 1 sec. Remaining time (sec): 189
SCM is in safe mode. Will retry in 1 sec. Remaining time (sec): 188
SCM is in safe mode. Will retry in 1 sec. Remaining time (sec): 187
SCM is in safe mode. Will retry in 1 sec. Remaining time (sec): 186
SCM is in safe mode. Will retry in 1 sec. Remaining time (sec): 185
SCM is in safe mode. Will retry in 1 sec. Remaining time (sec): 184
SCM is in safe mode. Will retry in 1 sec. Remaining time (sec): 183
SCM is in safe mode. Will retry in 1 sec. Remaining time (sec): 182
SCM is in safe mode. Will retry in 1 sec. Remaining time (sec): 181
SCM is in safe mode. Will retry in 1 sec. Remaining time (sec): 180
SCM is in safe mode. Will retry in 1 sec. Remaining time (sec): 179
SCM is in safe mode. Will retry in 1 sec. Remaining time (sec): 178
SCM is in safe mode. Will retry in 1 sec. Remaining time (sec): 177
SCM is in safe mode. Will retry in 1 sec. Remaining time (sec): 176
SCM is in safe mode. Will retry in 1 sec. Remaining time (sec): 175
SCM is in safe mode. Will retry in 1 sec. Remaining time (sec): 174
SCM is in safe mode. Will retry in 1 sec. Remaining time (sec): 173
SCM is in safe mode. Will retry in 1 sec. Remaining time (sec): 172
SCM is in safe mode. Will retry in 1 sec. Remaining time (sec): 171
SCM is in safe mode. Will retry in 1 sec. Remaining time (sec): 170
SCM is in safe mode. Will retry in 1 sec. Remaining time (sec): 169
SCM is in safe mode. Will retry in 1 sec. Remaining time (sec): 168
SCM is in safe mode. Will retry in 1 sec. Remaining time (sec): 167
SCM is in safe mode. Will retry in 1 sec. Remaining time (sec): 166
SCM is in safe mode. Will retry in 1 sec. Remaining time (sec): 165
SCM is in safe mode. Will retry in 1 sec. Remaining time (sec): 164
SCM is in safe mode. Will retry in 1 sec. Remaining time (sec): 163
SCM is in safe mode. Will retry in 1 sec. Remaining time (sec): 162
SCM is in safe mode. Will retry in 1 sec. Remaining time (sec): 161
SCM is in safe mode. Will retry in 1 sec. Remaining time (sec): 160
SCM is in safe mode. Will retry in 1 sec. Remaining time (sec): 159
SCM is in safe mode. Will retry in 1 sec. Remaining time (sec): 158
SCM is in safe mode. Will retry in 1 sec. Remaining time (sec): 157
SCM is in safe mode. Will retry in 1 sec. Remaining time (sec): 156
SCM is in safe mode. Will retry in 1 sec. Remaining time (sec): 155
SCM is in safe mode. Will retry in 1 sec. Remaining time (sec): 154
SCM is in safe mode. Will retry in 1 sec. Remaining time (sec): 153
SCM is in safe mode. Will retry in 1 sec. Remaining time (sec): 152
SCM is in safe mode. Will retry in 1 sec. Remaining time (sec): 151
SCM is in safe mode. Will retry in 1 sec. Remaining time (sec): 150
SCM is in safe mode. Will retry in 1 sec. Remaining time (sec): 149
SCM is in safe mode. Will retry in 1 sec. Remaining time (sec): 148
SCM is in safe mode. Will retry in 1 sec. Remaining time (sec): 147
SCM is in safe mode. Will retry in 1 sec. Remaining time (sec): 146
SCM is in safe mode. Will retry in 1 sec. Remaining time (sec): 145
SCM is in safe mode. Will retry in 1 sec. Remaining time (sec): 144
SCM is in safe mode. Will retry in 1 sec. Remaining time (sec): 143
SCM is in safe mode. Will retry in 1 sec. Remaining time (sec): 142
SCM is in safe mode. Will retry in 1 sec. Remaining time (sec): 141
SCM is in safe mode. Will retry in 1 sec. Remaining time (sec): 140
SCM is in safe mode. Will retry in 1 sec. Remaining time (sec): 139
SCM is in safe mode. Will retry in 1 sec. Remaining time (sec): 138
SCM is in safe mode. Will retry in 1 sec. Remaining time (sec): 137
SCM is in safe mode. Will retry in 1 sec. Remaining time (sec): 136
SCM is in safe mode. Will retry in 1 sec. Remaining time (sec): 135
SCM is in safe mode. Will retry in 1 sec. Remaining time (sec): 134
SCM is in safe mode. Will retry in 1 sec. Remaining time (sec): 133
SCM is in safe mode. Will retry in 1 sec. Remaining time (sec): 132
SCM is in safe mode. Will retry in 1 sec. Remaining time (sec): 131
SCM is in safe mode. Will retry in 1 sec. Remaining time (sec): 130
SCM is out of safe mode.
Found OM leader for service omservice: om1 : LEADER (om1)
Replaced OM order with om1,om3,om2 in ozonesecure-ha-datanode1-1
Replaced OM order with om1,om3,om2 in ozonesecure-ha-datanode2-1
Replaced OM order with om1,om3,om2 in ozonesecure-ha-datanode3-1
Replaced OM order with om1,om3,om2 in ozonesecure-ha-datanode4-1
Replaced OM order with om1,om3,om2 in ozonesecure-ha-datanode5-1
Replaced OM order with om1,om3,om2 in ozonesecure-ha-httpfs-1
Replaced OM order with om1,om3,om2 in ozonesecure-ha-om1-1
Replaced OM order with om1,om3,om2 in ozonesecure-ha-om2-1
Replaced OM order with om1,om3,om2 in ozonesecure-ha-om3-1
Replaced OM order with om1,om3,om2 in ozonesecure-ha-recon-1
Replaced OM order with om1,om3,om2 in ozonesecure-ha-s3g-1
Replaced OM order with om1,om3,om2 in ozonesecure-ha-scm1.org-1
Replaced OM order with om1,om3,om2 in ozonesecure-ha-scm2.org-1
Replaced OM order with om1,om3,om2 in ozonesecure-ha-scm3.org-1
==============================================================================
Kinit :: Kinit test user                                                      
==============================================================================
Kinit                                                                 | PASS |
------------------------------------------------------------------------------
Kinit :: Kinit test user                                              | PASS |
1 test, 1 passed, 0 failed
==============================================================================
Output:  /tmp/smoketest/ozonesecure-ha/result/robot-001.xml
==============================================================================
Auditparser :: Smoketest ozone cluster startup                                
==============================================================================
Testing audit parser                                                  | PASS |
------------------------------------------------------------------------------
Auditparser :: Smoketest ozone cluster startup                        | PASS |
1 test, 1 passed, 0 failed
==============================================================================
Output:  /tmp/smoketest/ozonesecure-ha/result/robot-002.xml
==============================================================================
Kinit :: Kinit test user                                                      
==============================================================================
Kinit                                                                 | PASS |
------------------------------------------------------------------------------
Kinit :: Kinit test user                                              | PASS |
1 test, 1 passed, 0 failed
==============================================================================
Output:  /tmp/smoketest/ozonesecure-ha/result/robot-003.xml
==============================================================================
Ozone-Debug-Kerberos :: Test ozone debug kerberos commands                    
==============================================================================
Diagnose Kerberos :: Exercises the ozone debug kerberos diagnose c... | PASS |
------------------------------------------------------------------------------
Translate Principal :: Exercises the ozone debug kerberos translat... | PASS |
------------------------------------------------------------------------------
Translate Multiple Principals At Once :: Exercises translation of ... | PASS |
------------------------------------------------------------------------------
Translate Invalid Principal :: Ensures the command correctly flags... | PASS |
------------------------------------------------------------------------------
Ozone-Debug-Kerberos :: Test ozone debug kerberos commands            | PASS |
4 tests, 4 passed, 0 failed
==============================================================================
Output:  /tmp/smoketest/ozonesecure-ha/result/robot-004.xml
Taking backups of existing container.db directories
Stopping datanodes for a consistent container.db backup
Restarting datanodes after backup
ozonesecure-ha-datanode1-1 is HEALTHY
Waiting for ozonesecure-ha-datanode2-1 to be HEALTHY
SECONDS: 7
Waiting for ozonesecure-ha-datanode2-1 to be HEALTHY
SECONDS: 14
Waiting for ozonesecure-ha-datanode2-1 to be HEALTHY
SECONDS: 20
Waiting for ozonesecure-ha-datanode2-1 to be HEALTHY
SECONDS: 29
Waiting for ozonesecure-ha-datanode2-1 to be HEALTHY
SECONDS: 36
Waiting for ozonesecure-ha-datanode2-1 to be HEALTHY
SECONDS: 42
Waiting for ozonesecure-ha-datanode2-1 to be HEALTHY
SECONDS: 48
ozonesecure-ha-datanode2-1 is HEALTHY
ozonesecure-ha-datanode3-1 is HEALTHY
ozonesecure-ha-datanode4-1 is HEALTHY
ozonesecure-ha-datanode5-1 is HEALTHY
==============================================================================
Ozone-Debug-Tests :: Test ozone debug CLI                                     
==============================================================================
Test ozone debug replicas verify checksums, block-existence and co... | PASS |
------------------------------------------------------------------------------
Test ozone debug replicas verify with RATIS ONE filter                | PASS |
------------------------------------------------------------------------------
Test ozone debug replicas verify with RATIS THREE filter              | PASS |
------------------------------------------------------------------------------
Test ozone debug replicas verify with EC rs-3-2-1024k filter          | PASS |
------------------------------------------------------------------------------
Test ozone debug version                                              | PASS |
------------------------------------------------------------------------------
Ozone-Debug-Tests :: Test ozone debug CLI                             | PASS |
5 tests, 5 passed, 0 failed
==============================================================================
Output:  /tmp/smoketest/ozonesecure-ha/result/robot-005.xml
==============================================================================
Corrupt-Block-Checksum :: Test checksums on a corrupt block replica           
==============================================================================
Test checksums with a corrupt block replica                           | PASS |
------------------------------------------------------------------------------
Corrupt-Block-Checksum :: Test checksums on a corrupt block replica   | PASS |
1 test, 1 passed, 0 failed
==============================================================================
Output:  /tmp/smoketest/ozonesecure-ha/result/robot-006.xml
ozonesecure-ha-datanode4-1
Waiting for ozonesecure-ha-datanode4-1 to be STALE
SECONDS: 3
Waiting for ozonesecure-ha-datanode4-1 to be STALE
SECONDS: 6
Waiting for ozonesecure-ha-datanode4-1 to be STALE
SECONDS: 9
Waiting for ozonesecure-ha-datanode4-1 to be STALE
SECONDS: 12
Waiting for ozonesecure-ha-datanode4-1 to be STALE
SECONDS: 15
Waiting for ozonesecure-ha-datanode4-1 to be STALE
SECONDS: 18
Waiting for ozonesecure-ha-datanode4-1 to be STALE
SECONDS: 21
Waiting for ozonesecure-ha-datanode4-1 to be STALE
SECONDS: 24
ozonesecure-ha-datanode4-1 is STALE
==============================================================================
Stale-Datanode-Checksum :: Test checksums in case of a stale datanode         
==============================================================================
Test checksums with a stale datanode                                  | PASS |
------------------------------------------------------------------------------
Stale-Datanode-Checksum :: Test checksums in case of a stale datanode | PASS |
1 test, 1 passed, 0 failed
==============================================================================
Output:  /tmp/smoketest/ozonesecure-ha/result/robot-007.xml
ozonesecure-ha-datanode4-1
Waiting for ozonesecure-ha-datanode4-1 to be HEALTHY
SECONDS: 5
Waiting for ozonesecure-ha-datanode4-1 to be HEALTHY
SECONDS: 10
Waiting for ozonesecure-ha-datanode4-1 to be HEALTHY
SECONDS: 14
Waiting for ozonesecure-ha-datanode4-1 to be HEALTHY
SECONDS: 18
Waiting for ozonesecure-ha-datanode4-1 to be HEALTHY
SECONDS: 21
ozonesecure-ha-datanode4-1 is HEALTHY
==============================================================================
Container-State-Verifier :: Test container state on a UNHEALTHY, DELETED an...
==============================================================================
Verify Container State With Unhealthy Container Replica               | PASS |
------------------------------------------------------------------------------
Verify Container State With Deleted Container Replica                 | PASS |
------------------------------------------------------------------------------
Verify Container State With Invalid Container Replica                 | PASS |
------------------------------------------------------------------------------
Container-State-Verifier :: Test container state on a UNHEALTHY, D... | PASS |
3 tests, 3 passed, 0 failed
==============================================================================
Output:  /tmp/smoketest/ozonesecure-ha/result/robot-008.xml
==============================================================================
Kinit :: Kinit test user                                                      
==============================================================================
Kinit                                                                 | PASS |
------------------------------------------------------------------------------
Kinit :: Kinit test user                                              | PASS |
1 test, 1 passed, 0 failed
==============================================================================
Output:  /tmp/smoketest/ozonesecure-ha/result/robot-009.xml
==============================================================================
Ozone-Debug-Tests-Ec3-2 :: Test ozone Debug CLI for EC(3,2) replicated keys   
==============================================================================
Test ozone debug replicas chunk-info single-block stripe              | PASS |
------------------------------------------------------------------------------
Test ozone debug replicas chunk-info full stripe                      | PASS |
------------------------------------------------------------------------------
Test ozone debug replicas chunk-info full stripe and partial-block... | PASS |
------------------------------------------------------------------------------
Test ozone debug replicas chunk-info multi-block stripe               | PASS |
------------------------------------------------------------------------------
Ozone-Debug-Tests-Ec3-2 :: Test ozone Debug CLI for EC(3,2) replic... | PASS |
4 tests, 4 passed, 0 failed
==============================================================================
Output:  /tmp/smoketest/ozonesecure-ha/result/robot-010.xml
Overwriting container.db with the backup db
Restoring backup at /data/hdds/hdds/CID-eaf3b4dd-9757-478b-8322-3c746708517a/DS-a7e1d4f6-74c6-4d04-8d50-7c263a68ac56/container.db on ozonesecure-ha-datanode4-1
Removing dn.ratis state for pipeline e291accf-1819-4260-a9eb-10aec55c64c1 on ozonesecure-ha-datanode4-1
ozonesecure-ha-datanode4-1
Waiting for ozonesecure-ha-datanode4-1 to be STALE
SECONDS: 3
Waiting for ozonesecure-ha-datanode4-1 to be STALE
SECONDS: 6
Waiting for ozonesecure-ha-datanode4-1 to be STALE
SECONDS: 9
Waiting for ozonesecure-ha-datanode4-1 to be STALE
SECONDS: 12
Waiting for ozonesecure-ha-datanode4-1 to be STALE
SECONDS: 15
Waiting for ozonesecure-ha-datanode4-1 to be STALE
SECONDS: 18
Waiting for ozonesecure-ha-datanode4-1 to be STALE
SECONDS: 21
Waiting for ozonesecure-ha-datanode4-1 to be STALE
SECONDS: 24
Waiting for ozonesecure-ha-datanode4-1 to be STALE
SECONDS: 27
ozonesecure-ha-datanode4-1 is STALE
ozonesecure-ha-datanode4-1
Waiting for ozonesecure-ha-datanode4-1 to be HEALTHY
SECONDS: 6
Waiting for ozonesecure-ha-datanode4-1 to be HEALTHY
SECONDS: 12
Waiting for ozonesecure-ha-datanode4-1 to be HEALTHY
SECONDS: 16
Waiting for ozonesecure-ha-datanode4-1 to be HEALTHY
SECONDS: 20
ozonesecure-ha-datanode4-1 is HEALTHY
==============================================================================
Block-Existence-Check :: Test existence of a block on a datanode              
==============================================================================
Test block existence with a block missing on a replica                | PASS |
------------------------------------------------------------------------------
Block-Existence-Check :: Test existence of a block on a datanode      | PASS |
1 test, 1 passed, 0 failed
==============================================================================
Output:  /tmp/smoketest/ozonesecure-ha/result/robot-011.xml
To use Ozone please mount ozone folder to /opt/hadoop
Output:  /rebot-output/ozonesecure-ha-debug-tools.xml
renamed '/home/runner/work/ozone/ozone/hadoop-ozone/dist/target/ozone-2.3.0-SNAPSHOT/compose/result/rebot-mkLSk0/ozonesecure-ha-debug-tools.xml' -> '/home/runner/work/ozone/ozone/hadoop-ozone/dist/target/ozone-2.3.0-SNAPSHOT/compose/result/ozonesecure-ha-debug-tools.xml'
removed 'ozonesecure-ha/result/robot-001.xml'
removed 'ozonesecure-ha/result/robot-002.xml'
removed 'ozonesecure-ha/result/robot-003.xml'
removed 'ozonesecure-ha/result/robot-004.xml'
removed 'ozonesecure-ha/result/robot-005.xml'
removed 'ozonesecure-ha/result/robot-006.xml'
removed 'ozonesecure-ha/result/robot-007.xml'
removed 'ozonesecure-ha/result/robot-008.xml'
removed 'ozonesecure-ha/result/robot-009.xml'
removed 'ozonesecure-ha/result/robot-010.xml'
removed 'ozonesecure-ha/result/robot-011.xml'
mkdir: created directory '/home/runner/work/ozone/ozone/hadoop-ozone/dist/target/ozone-2.3.0-SNAPSHOT/compose/result/ozonesecure-ha'
mkdir: created directory '/home/runner/work/ozone/ozone/hadoop-ozone/dist/target/ozone-2.3.0-SNAPSHOT/compose/result/ozonesecure-ha/debug-tools'
renamed 'ozonesecure-ha/result/dn-audit-244adbec020f.log' -> '/home/runner/work/ozone/ozone/hadoop-ozone/dist/target/ozone-2.3.0-SNAPSHOT/compose/result/ozonesecure-ha/debug-tools/dn-audit-244adbec020f.log'
renamed 'ozonesecure-ha/result/dn-audit-4bb32902fc1f.log' -> '/home/runner/work/ozone/ozone/hadoop-ozone/dist/target/ozone-2.3.0-SNAPSHOT/compose/result/ozonesecure-ha/debug-tools/dn-audit-4bb32902fc1f.log'
renamed 'ozonesecure-ha/result/dn-audit-5aa595d41171.log' -> '/home/runner/work/ozone/ozone/hadoop-ozone/dist/target/ozone-2.3.0-SNAPSHOT/compose/result/ozonesecure-ha/debug-tools/dn-audit-5aa595d41171.log'
renamed 'ozonesecure-ha/result/dn-audit-bd5d0a955a42.log' -> '/home/runner/work/ozone/ozone/hadoop-ozone/dist/target/ozone-2.3.0-SNAPSHOT/compose/result/ozonesecure-ha/debug-tools/dn-audit-bd5d0a955a42.log'
renamed 'ozonesecure-ha/result/dn-audit-d8657596e723.log' -> '/home/runner/work/ozone/ozone/hadoop-ozone/dist/target/ozone-2.3.0-SNAPSHOT/compose/result/ozonesecure-ha/debug-tools/dn-audit-d8657596e723.log'
renamed 'ozonesecure-ha/result/docker-ozonesecure-ha-datanode1-1.log' -> '/home/runner/work/ozone/ozone/hadoop-ozone/dist/target/ozone-2.3.0-SNAPSHOT/compose/result/ozonesecure-ha/debug-tools/docker-ozonesecure-ha-datanode1-1.log'
renamed 'ozonesecure-ha/result/docker-ozonesecure-ha-datanode2-1.log' -> '/home/runner/work/ozone/ozone/hadoop-ozone/dist/target/ozone-2.3.0-SNAPSHOT/compose/result/ozonesecure-ha/debug-tools/docker-ozonesecure-ha-datanode2-1.log'
renamed 'ozonesecure-ha/result/docker-ozonesecure-ha-datanode3-1.log' -> '/home/runner/work/ozone/ozone/hadoop-ozone/dist/target/ozone-2.3.0-SNAPSHOT/compose/result/ozonesecure-ha/debug-tools/docker-ozonesecure-ha-datanode3-1.log'
renamed 'ozonesecure-ha/result/docker-ozonesecure-ha-datanode4-1.log' -> '/home/runner/work/ozone/ozone/hadoop-ozone/dist/target/ozone-2.3.0-SNAPSHOT/compose/result/ozonesecure-ha/debug-tools/docker-ozonesecure-ha-datanode4-1.log'
renamed 'ozonesecure-ha/result/docker-ozonesecure-ha-datanode5-1.log' -> '/home/runner/work/ozone/ozone/hadoop-ozone/dist/target/ozone-2.3.0-SNAPSHOT/compose/result/ozonesecure-ha/debug-tools/docker-ozonesecure-ha-datanode5-1.log'
renamed 'ozonesecure-ha/result/docker-ozonesecure-ha-httpfs-1.log' -> '/home/runner/work/ozone/ozone/hadoop-ozone/dist/target/ozone-2.3.0-SNAPSHOT/compose/result/ozonesecure-ha/debug-tools/docker-ozonesecure-ha-httpfs-1.log'
renamed 'ozonesecure-ha/result/docker-ozonesecure-ha-kdc-1.log' -> '/home/runner/work/ozone/ozone/hadoop-ozone/dist/target/ozone-2.3.0-SNAPSHOT/compose/result/ozonesecure-ha/debug-tools/docker-ozonesecure-ha-kdc-1.log'
renamed 'ozonesecure-ha/result/docker-ozonesecure-ha-kms-1.log' -> '/home/runner/work/ozone/ozone/hadoop-ozone/dist/target/ozone-2.3.0-SNAPSHOT/compose/result/ozonesecure-ha/debug-tools/docker-ozonesecure-ha-kms-1.log'
renamed 'ozonesecure-ha/result/docker-ozonesecure-ha-om1-1.log' -> '/home/runner/work/ozone/ozone/hadoop-ozone/dist/target/ozone-2.3.0-SNAPSHOT/compose/result/ozonesecure-ha/debug-tools/docker-ozonesecure-ha-om1-1.log'
renamed 'ozonesecure-ha/result/docker-ozonesecure-ha-om2-1.log' -> '/home/runner/work/ozone/ozone/hadoop-ozone/dist/target/ozone-2.3.0-SNAPSHOT/compose/result/ozonesecure-ha/debug-tools/docker-ozonesecure-ha-om2-1.log'
renamed 'ozonesecure-ha/result/docker-ozonesecure-ha-om3-1.log' -> '/home/runner/work/ozone/ozone/hadoop-ozone/dist/target/ozone-2.3.0-SNAPSHOT/compose/result/ozonesecure-ha/debug-tools/docker-ozonesecure-ha-om3-1.log'
renamed 'ozonesecure-ha/result/docker-ozonesecure-ha-om4-1.log' -> '/home/runner/work/ozone/ozone/hadoop-ozone/dist/target/ozone-2.3.0-SNAPSHOT/compose/result/ozonesecure-ha/debug-tools/docker-ozonesecure-ha-om4-1.log'
renamed 'ozonesecure-ha/result/docker-ozonesecure-ha-recon-1.log' -> '/home/runner/work/ozone/ozone/hadoop-ozone/dist/target/ozone-2.3.0-SNAPSHOT/compose/result/ozonesecure-ha/debug-tools/docker-ozonesecure-ha-recon-1.log'
renamed 'ozonesecure-ha/result/docker-ozonesecure-ha-s3g-1.log' -> '/home/runner/work/ozone/ozone/hadoop-ozone/dist/target/ozone-2.3.0-SNAPSHOT/compose/result/ozonesecure-ha/debug-tools/docker-ozonesecure-ha-s3g-1.log'
renamed 'ozonesecure-ha/result/docker-ozonesecure-ha-scm1.org-1.log' -> '/home/runner/work/ozone/ozone/hadoop-ozone/dist/target/ozone-2.3.0-SNAPSHOT/compose/result/ozonesecure-ha/debug-tools/docker-ozonesecure-ha-scm1.org-1.log'
renamed 'ozonesecure-ha/result/docker-ozonesecure-ha-scm2.org-1.log' -> '/home/runner/work/ozone/ozone/hadoop-ozone/dist/target/ozone-2.3.0-SNAPSHOT/compose/result/ozonesecure-ha/debug-tools/docker-ozonesecure-ha-scm2.org-1.log'
renamed 'ozonesecure-ha/result/docker-ozonesecure-ha-scm3.org-1.log' -> '/home/runner/work/ozone/ozone/hadoop-ozone/dist/target/ozone-2.3.0-SNAPSHOT/compose/result/ozonesecure-ha/debug-tools/docker-ozonesecure-ha-scm3.org-1.log'
renamed 'ozonesecure-ha/result/kms-audit.log' -> '/home/runner/work/ozone/ozone/hadoop-ozone/dist/target/ozone-2.3.0-SNAPSHOT/compose/result/ozonesecure-ha/debug-tools/kms-audit.log'
renamed 'ozonesecure-ha/result/om-audit-om1.log' -> '/home/runner/work/ozone/ozone/hadoop-ozone/dist/target/ozone-2.3.0-SNAPSHOT/compose/result/ozonesecure-ha/debug-tools/om-audit-om1.log'
renamed 'ozonesecure-ha/result/om-audit-om2.log' -> '/home/runner/work/ozone/ozone/hadoop-ozone/dist/target/ozone-2.3.0-SNAPSHOT/compose/result/ozonesecure-ha/debug-tools/om-audit-om2.log'
renamed 'ozonesecure-ha/result/om-audit-om3.log' -> '/home/runner/work/ozone/ozone/hadoop-ozone/dist/target/ozone-2.3.0-SNAPSHOT/compose/result/ozonesecure-ha/debug-tools/om-audit-om3.log'
renamed 'ozonesecure-ha/result/om-sys-audit-om1.log' -> '/home/runner/work/ozone/ozone/hadoop-ozone/dist/target/ozone-2.3.0-SNAPSHOT/compose/result/ozonesecure-ha/debug-tools/om-sys-audit-om1.log'
renamed 'ozonesecure-ha/result/om-sys-audit-om2.log' -> '/home/runner/work/ozone/ozone/hadoop-ozone/dist/target/ozone-2.3.0-SNAPSHOT/compose/result/ozonesecure-ha/debug-tools/om-sys-audit-om2.log'
renamed 'ozonesecure-ha/result/om-sys-audit-om3.log' -> '/home/runner/work/ozone/ozone/hadoop-ozone/dist/target/ozone-2.3.0-SNAPSHOT/compose/result/ozonesecure-ha/debug-tools/om-sys-audit-om3.log'
renamed 'ozonesecure-ha/result/s3g-audit-s3g.log' -> '/home/runner/work/ozone/ozone/hadoop-ozone/dist/target/ozone-2.3.0-SNAPSHOT/compose/result/ozonesecure-ha/debug-tools/s3g-audit-s3g.log'
renamed 'ozonesecure-ha/result/scm-audit-scm1.org.log' -> '/home/runner/work/ozone/ozone/hadoop-ozone/dist/target/ozone-2.3.0-SNAPSHOT/compose/result/ozonesecure-ha/debug-tools/scm-audit-scm1.org.log'
renamed 'ozonesecure-ha/result/scm-audit-scm2.org.log' -> '/home/runner/work/ozone/ozone/hadoop-ozone/dist/target/ozone-2.3.0-SNAPSHOT/compose/result/ozonesecure-ha/debug-tools/scm-audit-scm2.org.log'
renamed 'ozonesecure-ha/result/scm-audit-scm3.org.log' -> '/home/runner/work/ozone/ozone/hadoop-ozone/dist/target/ozone-2.3.0-SNAPSHOT/compose/result/ozonesecure-ha/debug-tools/scm-audit-scm3.org.log'
Executing test ozonesecure-ha/test-repair-tools.sh
Using Docker Compose v2
Port 88 is available on kdc
Port 9860 is not available on scm1.org yet
Port 9860 is not available on scm1.org yet
Port 9860 is not available on scm1.org yet
Port 9860 is not available on scm1.org yet
Port 9860 is not available on scm1.org yet
Port 9860 is not available on scm1.org yet
Port 9860 is not available on scm1.org yet
Port 9860 is not available on scm1.org yet
Port 9860 is not available on scm1.org yet
Port 9860 is not available on scm1.org yet
Port 9860 is not available on scm1.org yet
Port 9860 is not available on scm1.org yet
Port 9860 is not available on scm1.org yet
Port 9860 is not available on scm1.org yet
Port 9860 is not available on scm1.org yet
Port 9860 is not available on scm1.org yet
Port 9860 is not available on scm1.org yet
Port 9860 is not available on scm1.org yet
Port 9860 is not available on scm1.org yet
Port 9860 is available on scm1.org
SCM is in safe mode. Will retry in 1 sec. Remaining time (sec): 239
SCM is in safe mode. Will retry in 1 sec. Remaining time (sec): 238
SCM is in safe mode. Will retry in 1 sec. Remaining time (sec): 237
SCM is in safe mode. Will retry in 1 sec. Remaining time (sec): 236
SCM is in safe mode. Will retry in 1 sec. Remaining time (sec): 235
SCM is in safe mode. Will retry in 1 sec. Remaining time (sec): 234
SCM is in safe mode. Will retry in 1 sec. Remaining time (sec): 233
SCM is in safe mode. Will retry in 1 sec. Remaining time (sec): 232
SCM is in safe mode. Will retry in 1 sec. Remaining time (sec): 231
SCM is in safe mode. Will retry in 1 sec. Remaining time (sec): 230
SCM is in safe mode. Will retry in 1 sec. Remaining time (sec): 229
SCM is in safe mode. Will retry in 1 sec. Remaining time (sec): 228
SCM is in safe mode. Will retry in 1 sec. Remaining time (sec): 227
SCM is in safe mode. Will retry in 1 sec. Remaining time (sec): 226
SCM is in safe mode. Will retry in 1 sec. Remaining time (sec): 225
SCM is in safe mode. Will retry in 1 sec. Remaining time (sec): 224
SCM is in safe mode. Will retry in 1 sec. Remaining time (sec): 223
SCM is in safe mode. Will retry in 1 sec. Remaining time (sec): 222
SCM is in safe mode. Will retry in 1 sec. Remaining time (sec): 221
SCM is in safe mode. Will retry in 1 sec. Remaining time (sec): 220
SCM is in safe mode. Will retry in 1 sec. Remaining time (sec): 219
SCM is in safe mode. Will retry in 1 sec. Remaining time (sec): 218
SCM is in safe mode. Will retry in 1 sec. Remaining time (sec): 217
SCM is in safe mode. Will retry in 1 sec. Remaining time (sec): 216
SCM is in safe mode. Will retry in 1 sec. Remaining time (sec): 215
SCM is in safe mode. Will retry in 1 sec. Remaining time (sec): 214
SCM is in safe mode. Will retry in 1 sec. Remaining time (sec): 213
SCM is in safe mode. Will retry in 1 sec. Remaining time (sec): 212
SCM is in safe mode. Will retry in 1 sec. Remaining time (sec): 211
SCM is in safe mode. Will retry in 1 sec. Remaining time (sec): 210
SCM is in safe mode. Will retry in 1 sec. Remaining time (sec): 209
SCM is in safe mode. Will retry in 1 sec. Remaining time (sec): 208
SCM is in safe mode. Will retry in 1 sec. Remaining time (sec): 207
SCM is in safe mode. Will retry in 1 sec. Remaining time (sec): 206
SCM is in safe mode. Will retry in 1 sec. Remaining time (sec): 205
SCM is in safe mode. Will retry in 1 sec. Remaining time (sec): 204
SCM is in safe mode. Will retry in 1 sec. Remaining time (sec): 203
SCM is in safe mode. Will retry in 1 sec. Remaining time (sec): 202
SCM is in safe mode. Will retry in 1 sec. Remaining time (sec): 201
SCM is in safe mode. Will retry in 1 sec. Remaining time (sec): 200
SCM is in safe mode. Will retry in 1 sec. Remaining time (sec): 199
SCM is in safe mode. Will retry in 1 sec. Remaining time (sec): 198
SCM is in safe mode. Will retry in 1 sec. Remaining time (sec): 197
SCM is in safe mode. Will retry in 1 sec. Remaining time (sec): 196
SCM is in safe mode. Will retry in 1 sec. Remaining time (sec): 195
SCM is in safe mode. Will retry in 1 sec. Remaining time (sec): 194
SCM is in safe mode. Will retry in 1 sec. Remaining time (sec): 193
SCM is in safe mode. Will retry in 1 sec. Remaining time (sec): 192
SCM is in safe mode. Will retry in 1 sec. Remaining time (sec): 191
SCM is in safe mode. Will retry in 1 sec. Remaining time (sec): 190
SCM is in safe mode. Will retry in 1 sec. Remaining time (sec): 189
SCM is in safe mode. Will retry in 1 sec. Remaining time (sec): 188
SCM is in safe mode. Will retry in 1 sec. Remaining time (sec): 187
SCM is in safe mode. Will retry in 1 sec. Remaining time (sec): 186
SCM is in safe mode. Will retry in 1 sec. Remaining time (sec): 185
SCM is in safe mode. Will retry in 1 sec. Remaining time (sec): 184
SCM is in safe mode. Will retry in 1 sec. Remaining time (sec): 183
SCM is in safe mode. Will retry in 1 sec. Remaining time (sec): 182
SCM is in safe mode. Will retry in 1 sec. Remaining time (sec): 181
SCM is in safe mode. Will retry in 1 sec. Remaining time (sec): 180
SCM is in safe mode. Will retry in 1 sec. Remaining time (sec): 179
SCM is in safe mode. Will retry in 1 sec. Remaining time (sec): 178
SCM is in safe mode. Will retry in 1 sec. Remaining time (sec): 177
SCM is in safe mode. Will retry in 1 sec. Remaining time (sec): 176
SCM is in safe mode. Will retry in 1 sec. Remaining time (sec): 175
SCM is in safe mode. Will retry in 1 sec. Remaining time (sec): 174
SCM is in safe mode. Will retry in 1 sec. Remaining time (sec): 173
SCM is in safe mode. Will retry in 1 sec. Remaining time (sec): 172
SCM is in safe mode. Will retry in 1 sec. Remaining time (sec): 171
SCM is in safe mode. Will retry in 1 sec. Remaining time (sec): 170
SCM is in safe mode. Will retry in 1 sec. Remaining time (sec): 169
SCM is in safe mode. Will retry in 1 sec. Remaining time (sec): 168
SCM is in safe mode. Will retry in 1 sec. Remaining time (sec): 167
SCM is in safe mode. Will retry in 1 sec. Remaining time (sec): 166
SCM is in safe mode. Will retry in 1 sec. Remaining time (sec): 165
SCM is in safe mode. Will retry in 1 sec. Remaining time (sec): 164
SCM is in safe mode. Will retry in 1 sec. Remaining time (sec): 163
SCM is in safe mode. Will retry in 1 sec. Remaining time (sec): 162
SCM is in safe mode. Will retry in 1 sec. Remaining time (sec): 161
SCM is in safe mode. Will retry in 1 sec. Remaining time (sec): 160
SCM is in safe mode. Will retry in 1 sec. Remaining time (sec): 159
SCM is in safe mode. Will retry in 1 sec. Remaining time (sec): 158
SCM is in safe mode. Will retry in 1 sec. Remaining time (sec): 157
SCM is in safe mode. Will retry in 1 sec. Remaining time (sec): 156
SCM is in safe mode. Will retry in 1 sec. Remaining time (sec): 155
SCM is in safe mode. Will retry in 1 sec. Remaining time (sec): 154
SCM is in safe mode. Will retry in 1 sec. Remaining time (sec): 153
SCM is in safe mode. Will retry in 1 sec. Remaining time (sec): 152
SCM is in safe mode. Will retry in 1 sec. Remaining time (sec): 151
SCM is in safe mode. Will retry in 1 sec. Remaining time (sec): 150
SCM is in safe mode. Will retry in 1 sec. Remaining time (sec): 149
SCM is in safe mode. Will retry in 1 sec. Remaining time (sec): 148
SCM is in safe mode. Will retry in 1 sec. Remaining time (sec): 147
SCM is in safe mode. Will retry in 1 sec. Remaining time (sec): 146
SCM is in safe mode. Will retry in 1 sec. Remaining time (sec): 145
SCM is in safe mode. Will retry in 1 sec. Remaining time (sec): 144
SCM is in safe mode. Will retry in 1 sec. Remaining time (sec): 143
SCM is in safe mode. Will retry in 1 sec. Remaining time (sec): 142
SCM is in safe mode. Will retry in 1 sec. Remaining time (sec): 141
SCM is in safe mode. Will retry in 1 sec. Remaining time (sec): 140
SCM is in safe mode. Will retry in 1 sec. Remaining time (sec): 139
SCM is in safe mode. Will retry in 1 sec. Remaining time (sec): 138
SCM is in safe mode. Will retry in 1 sec. Remaining time (sec): 137
SCM is in safe mode. Will retry in 1 sec. Remaining time (sec): 136
SCM is in safe mode. Will retry in 1 sec. Remaining time (sec): 135
SCM is in safe mode. Will retry in 1 sec. Remaining time (sec): 134
SCM is in safe mode. Will retry in 1 sec. Remaining time (sec): 133
SCM is in safe mode. Will retry in 1 sec. Remaining time (sec): 132
SCM is out of safe mode.
Found OM leader for service omservice: om1 : LEADER (om1)
Replaced OM order with om1,om3,om2 in ozonesecure-ha-datanode1-1
Replaced OM order with om1,om3,om2 in ozonesecure-ha-datanode2-1
Replaced OM order with om1,om3,om2 in ozonesecure-ha-datanode3-1
Replaced OM order with om1,om3,om2 in ozonesecure-ha-datanode4-1
Replaced OM order with om1,om3,om2 in ozonesecure-ha-datanode5-1
Replaced OM order with om1,om3,om2 in ozonesecure-ha-httpfs-1
Replaced OM order with om1,om3,om2 in ozonesecure-ha-om1-1
Replaced OM order with om1,om3,om2 in ozonesecure-ha-om2-1
Replaced OM order with om1,om3,om2 in ozonesecure-ha-om3-1
Replaced OM order with om1,om3,om2 in ozonesecure-ha-recon-1
Replaced OM order with om1,om3,om2 in ozonesecure-ha-s3g-1
Replaced OM order with om1,om3,om2 in ozonesecure-ha-scm1.org-1
Replaced OM order with om1,om3,om2 in ozonesecure-ha-scm2.org-1
Replaced OM order with om1,om3,om2 in ozonesecure-ha-scm3.org-1
Testing ratis transaction repair on all OMs
==============================================================================
Kinit :: Kinit test user                                                      
==============================================================================
Kinit                                                                 | PASS |
------------------------------------------------------------------------------
Kinit :: Kinit test user                                              | PASS |
1 test, 1 passed, 0 failed
==============================================================================
Output:  /tmp/smoketest/ozonesecure-ha/result/robot-001.xml
==============================================================================
Ratis-Transaction-Repair :: Test recovering from OM crash due to transactio...
==============================================================================
Verify OM crash at bucket create                                      | PASS |
------------------------------------------------------------------------------
Ratis-Transaction-Repair :: Test recovering from OM crash due to t... | PASS |
1 test, 1 passed, 0 failed
==============================================================================
Output:  /tmp/smoketest/ozonesecure-ha/result/robot-002.xml
Waiting for container 'ozonesecure-ha-om1-1' to stop...
Container 'ozonesecure-ha-om1-1' has stopped.
Ratis log segment file path: /opt/hadoop/compose/ozonesecure-ha/data/om1/metadata/om.ratis/5cb24680-b9e7-3c90-a862-d66704efc61c/current/log_inprogress_0
ATTENTION: Running as user hadoop. Make sure this is the same user used to run the Ozone process. Are you sure you want to continue (y/N)? Run as user: hadoop
No running OM service detected. Proceeding with repair.
BackupDir "/opt/hadoop/compose/ozonesecure-ha/data/om1/backup1" does not exist. Creating the directory path.
Taking back up of Raft Log file: /opt/hadoop/compose/ozonesecure-ha/data/om1/metadata/om.ratis/5cb24680-b9e7-3c90-a862-d66704efc61c/current/log_inprogress_0 to location: /opt/hadoop/compose/ozonesecure-ha/data/om1/backup1/log_inprogress_0
File backed-up successfully!
Created temporary output file: /opt/hadoop/compose/ozonesecure-ha/data/om1/backup1/srt-output9932485995871446867.tmp
Processing Raft Log file: /opt/hadoop/compose/ozonesecure-ha/data/om1/metadata/om.ratis/5cb24680-b9e7-3c90-a862-d66704efc61c/current/log_inprogress_0 size:4194304
Replacing {cmdType: CreateBucket  traceID: ""  clientId: "client-595A2C3B6A82"  userInfo {    userName: "testuser/scm@EXAMPLE.COM"    remoteAddress: "172.25.0.116"    hostName: "scm1.org"  }  version: 3  layoutVersion {    version: 10  }  readConsistencyHint {    readConsistency: DEFAULT  }  createBucketRequest {    bucketInfo {      volumeName: "test-txn-vol"      bucketName: "bucket-crash-1"      isVersionEnabled: false      storageType: DISK      creationTime: 1784642293361      objectID: 0      updateID: 0      modificationTime: 1784642293361      usedBytes: 0      quotaInBytes: -1      quotaInNamespace: -1      usedNamespace: 0      owner: "testuser"      snapshotUsedBytes: 0      snapshotUsedNamespace: 0    }  }  } with EchoRPC command at index 2
Finished processing all the entries (3 logs) from the segment file.
Moved temporary output file to correct raft log location : /opt/hadoop/compose/ozonesecure-ha/data/om1/metadata/om.ratis/5cb24680-b9e7-3c90-a862-d66704efc61c/current/log_inprogress_0
Repair command executed for om1.
ozonesecure-ha-om1-1
Container 'ozonesecure-ha-om1-1' started again.
Bucket table for om1:
bucket 'bucket-crash-1' is not present in the bucketTable of om1 as expected.
Waiting for container 'ozonesecure-ha-om2-1' to stop...
Container 'ozonesecure-ha-om2-1' has stopped.
Ratis log segment file path: /opt/hadoop/compose/ozonesecure-ha/data/om2/metadata/om.ratis/5cb24680-b9e7-3c90-a862-d66704efc61c/current/log_inprogress_0
ATTENTION: Running as user hadoop. Make sure this is the same user used to run the Ozone process. Are you sure you want to continue (y/N)? Run as user: hadoop
No running OM service detected. Proceeding with repair.
BackupDir "/opt/hadoop/compose/ozonesecure-ha/data/om2/backup1" does not exist. Creating the directory path.
Taking back up of Raft Log file: /opt/hadoop/compose/ozonesecure-ha/data/om2/metadata/om.ratis/5cb24680-b9e7-3c90-a862-d66704efc61c/current/log_inprogress_0 to location: /opt/hadoop/compose/ozonesecure-ha/data/om2/backup1/log_inprogress_0
File backed-up successfully!
Created temporary output file: /opt/hadoop/compose/ozonesecure-ha/data/om2/backup1/srt-output535157317224725631.tmp
Processing Raft Log file: /opt/hadoop/compose/ozonesecure-ha/data/om2/metadata/om.ratis/5cb24680-b9e7-3c90-a862-d66704efc61c/current/log_inprogress_0 size:4194304
Replacing {cmdType: CreateBucket  traceID: ""  clientId: "client-595A2C3B6A82"  userInfo {    userName: "testuser/scm@EXAMPLE.COM"    remoteAddress: "172.25.0.116"    hostName: "scm1.org"  }  version: 3  layoutVersion {    version: 10  }  readConsistencyHint {    readConsistency: DEFAULT  }  createBucketRequest {    bucketInfo {      volumeName: "test-txn-vol"      bucketName: "bucket-crash-1"      isVersionEnabled: false      storageType: DISK      creationTime: 1784642293361      objectID: 0      updateID: 0      modificationTime: 1784642293361      usedBytes: 0      quotaInBytes: -1      quotaInNamespace: -1      usedNamespace: 0      owner: "testuser"      snapshotUsedBytes: 0      snapshotUsedNamespace: 0    }  }  } with EchoRPC command at index 2
Finished processing all the entries (3 logs) from the segment file.
Moved temporary output file to correct raft log location : /opt/hadoop/compose/ozonesecure-ha/data/om2/metadata/om.ratis/5cb24680-b9e7-3c90-a862-d66704efc61c/current/log_inprogress_0
Repair command executed for om2.
ozonesecure-ha-om2-1
Container 'ozonesecure-ha-om2-1' started again.
Bucket table for om2:
bucket 'bucket-crash-1' is not present in the bucketTable of om2 as expected.
Waiting for container 'ozonesecure-ha-om3-1' to stop...
Container 'ozonesecure-ha-om3-1' has stopped.
Ratis log segment file path: /opt/hadoop/compose/ozonesecure-ha/data/om3/metadata/om.ratis/5cb24680-b9e7-3c90-a862-d66704efc61c/current/log_inprogress_0
ATTENTION: Running as user hadoop. Make sure this is the same user used to run the Ozone process. Are you sure you want to continue (y/N)? Run as user: hadoop
No running OM service detected. Proceeding with repair.
BackupDir "/opt/hadoop/compose/ozonesecure-ha/data/om3/backup1" does not exist. Creating the directory path.
Taking back up of Raft Log file: /opt/hadoop/compose/ozonesecure-ha/data/om3/metadata/om.ratis/5cb24680-b9e7-3c90-a862-d66704efc61c/current/log_inprogress_0 to location: /opt/hadoop/compose/ozonesecure-ha/data/om3/backup1/log_inprogress_0
File backed-up successfully!
Created temporary output file: /opt/hadoop/compose/ozonesecure-ha/data/om3/backup1/srt-output6608174197018353573.tmp
Processing Raft Log file: /opt/hadoop/compose/ozonesecure-ha/data/om3/metadata/om.ratis/5cb24680-b9e7-3c90-a862-d66704efc61c/current/log_inprogress_0 size:4194304
Replacing {cmdType: CreateBucket  traceID: ""  clientId: "client-595A2C3B6A82"  userInfo {    userName: "testuser/scm@EXAMPLE.COM"    remoteAddress: "172.25.0.116"    hostName: "scm1.org"  }  version: 3  layoutVersion {    version: 10  }  readConsistencyHint {    readConsistency: DEFAULT  }  createBucketRequest {    bucketInfo {      volumeName: "test-txn-vol"      bucketName: "bucket-crash-1"      isVersionEnabled: false      storageType: DISK      creationTime: 1784642293361      objectID: 0      updateID: 0      modificationTime: 1784642293361      usedBytes: 0      quotaInBytes: -1      quotaInNamespace: -1      usedNamespace: 0      owner: "testuser"      snapshotUsedBytes: 0      snapshotUsedNamespace: 0    }  }  } with EchoRPC command at index 2
Finished processing all the entries (3 logs) from the segment file.
Moved temporary output file to correct raft log location : /opt/hadoop/compose/ozonesecure-ha/data/om3/metadata/om.ratis/5cb24680-b9e7-3c90-a862-d66704efc61c/current/log_inprogress_0
Repair command executed for om3.
ozonesecure-ha-om3-1
Container 'ozonesecure-ha-om3-1' started again.
Bucket table for om3:
bucket 'bucket-crash-1' is not present in the bucketTable of om3 as expected.
Found OM leader for service omservice: om2 : LEADER (om2)
Replaced OM order with om2,om3,om1 in ozonesecure-ha-datanode1-1
Replaced OM order with om2,om3,om1 in ozonesecure-ha-datanode2-1
Replaced OM order with om2,om3,om1 in ozonesecure-ha-datanode3-1
Replaced OM order with om2,om3,om1 in ozonesecure-ha-datanode4-1
Replaced OM order with om2,om3,om1 in ozonesecure-ha-datanode5-1
Replaced OM order with om2,om3,om1 in ozonesecure-ha-httpfs-1
Replaced OM order with om2,om3,om1 in ozonesecure-ha-om1-1
Replaced OM order with om2,om3,om1 in ozonesecure-ha-om2-1
Replaced OM order with om2,om3,om1 in ozonesecure-ha-om3-1
Replaced OM order with om2,om3,om1 in ozonesecure-ha-recon-1
Replaced OM order with om2,om3,om1 in ozonesecure-ha-s3g-1
Replaced OM order with om2,om3,om1 in ozonesecure-ha-scm1.org-1
Replaced OM order with om2,om3,om1 in ozonesecure-ha-scm2.org-1
Replaced OM order with om2,om3,om1 in ozonesecure-ha-scm3.org-1
Testing ratis transaction repair completed successfully.
==============================================================================
Kinit :: Kinit test user                                                      
==============================================================================
Kinit                                                                 | PASS |
------------------------------------------------------------------------------
Kinit :: Kinit test user                                              | PASS |
1 test, 1 passed, 0 failed
==============================================================================
Output:  /tmp/smoketest/ozonesecure-ha/result/robot-003.xml
Creating test keys to verify om compaction
Test keys created
Restarting OM after key creation to flush and generate sst files
ozonesecure-ha-om1-1
Deleted ofs://omservice/vol1/bucket1
Compaction request issued for om.db of om node: om1, column-family: fileTable with bottommost level compaction: kForce.
Please check role logs of om1 for completion status.
om1-1  | 2026-07-21 14:00:49,709 [ForkJoinPool.commonPool-worker-2] INFO om.OzoneManager: Compaction request for column family "fileTable" completed successfully.
Compaction request issued for om.db of om node: om1, column-family: deletedTable with bottommost level compaction: kForce.
Please check role logs of om1 for completion status.
om1-1  | 2026-07-21 14:00:53,226 [ForkJoinPool.commonPool-worker-2] INFO om.OzoneManager: Compaction request for column family "deletedTable" completed successfully.
Compaction request issued for om.db of om node: om1, column-family: deletedDirectoryTable with bottommost level compaction: kForce.
Please check role logs of om1 for completion status.
om1-1  | 2026-07-21 14:00:55,692 [ForkJoinPool.commonPool-worker-2] INFO om.OzoneManager: Compaction request for column family "deletedDirectoryTable" completed successfully.
OM DB size should be reduced after compaction. Before: 65066, After: 103269
ERROR: Test execution of ozonesecure-ha/test-repair-tools.sh is FAILED!!!!
To use Ozone please mount ozone folder to /opt/hadoop
Output:  /rebot-output/ozonesecure-ha-repair-tools.xml
renamed '/home/runner/work/ozone/ozone/hadoop-ozone/dist/target/ozone-2.3.0-SNAPSHOT/compose/result/rebot-ppnNSR/ozonesecure-ha-repair-tools.xml' -> '/home/runner/work/ozone/ozone/hadoop-ozone/dist/target/ozone-2.3.0-SNAPSHOT/compose/result/ozonesecure-ha-repair-tools.xml'
removed 'ozonesecure-ha/result/robot-001.xml'
removed 'ozonesecure-ha/result/robot-002.xml'
removed 'ozonesecure-ha/result/robot-003.xml'
mkdir: created directory '/home/runner/work/ozone/ozone/hadoop-ozone/dist/target/ozone-2.3.0-SNAPSHOT/compose/result/ozonesecure-ha/repair-tools'
renamed 'ozonesecure-ha/result/dn-audit-06dbb77dc582.log' -> '/home/runner/work/ozone/ozone/hadoop-ozone/dist/target/ozone-2.3.0-SNAPSHOT/compose/result/ozonesecure-ha/repair-tools/dn-audit-06dbb77dc582.log'
renamed 'ozonesecure-ha/result/dn-audit-0edaaed1de0f.log' -> '/home/runner/work/ozone/ozone/hadoop-ozone/dist/target/ozone-2.3.0-SNAPSHOT/compose/result/ozonesecure-ha/repair-tools/dn-audit-0edaaed1de0f.log'
renamed 'ozonesecure-ha/result/dn-audit-66de3bfbc492.log' -> '/home/runner/work/ozone/ozone/hadoop-ozone/dist/target/ozone-2.3.0-SNAPSHOT/compose/result/ozonesecure-ha/repair-tools/dn-audit-66de3bfbc492.log'
renamed 'ozonesecure-ha/result/dn-audit-91094cb800ce.log' -> '/home/runner/work/ozone/ozone/hadoop-ozone/dist/target/ozone-2.3.0-SNAPSHOT/compose/result/ozonesecure-ha/repair-tools/dn-audit-91094cb800ce.log'
renamed 'ozonesecure-ha/result/dn-audit-dfa01add2d18.log' -> '/home/runner/work/ozone/ozone/hadoop-ozone/dist/target/ozone-2.3.0-SNAPSHOT/compose/result/ozonesecure-ha/repair-tools/dn-audit-dfa01add2d18.log'
renamed 'ozonesecure-ha/result/docker-ozonesecure-ha-datanode1-1.log' -> '/home/runner/work/ozone/ozone/hadoop-ozone/dist/target/ozone-2.3.0-SNAPSHOT/compose/result/ozonesecure-ha/repair-tools/docker-ozonesecure-ha-datanode1-1.log'
renamed 'ozonesecure-ha/result/docker-ozonesecure-ha-datanode2-1.log' -> '/home/runner/work/ozone/ozone/hadoop-ozone/dist/target/ozone-2.3.0-SNAPSHOT/compose/result/ozonesecure-ha/repair-tools/docker-ozonesecure-ha-datanode2-1.log'
renamed 'ozonesecure-ha/result/docker-ozonesecure-ha-datanode3-1.log' -> '/home/runner/work/ozone/ozone/hadoop-ozone/dist/target/ozone-2.3.0-SNAPSHOT/compose/result/ozonesecure-ha/repair-tools/docker-ozonesecure-ha-datanode3-1.log'
renamed 'ozonesecure-ha/result/docker-ozonesecure-ha-datanode4-1.log' -> '/home/runner/work/ozone/ozone/hadoop-ozone/dist/target/ozone-2.3.0-SNAPSHOT/compose/result/ozonesecure-ha/repair-tools/docker-ozonesecure-ha-datanode4-1.log'
renamed 'ozonesecure-ha/result/docker-ozonesecure-ha-datanode5-1.log' -> '/home/runner/work/ozone/ozone/hadoop-ozone/dist/target/ozone-2.3.0-SNAPSHOT/compose/result/ozonesecure-ha/repair-tools/docker-ozonesecure-ha-datanode5-1.log'
renamed 'ozonesecure-ha/result/docker-ozonesecure-ha-httpfs-1.log' -> '/home/runner/work/ozone/ozone/hadoop-ozone/dist/target/ozone-2.3.0-SNAPSHOT/compose/result/ozonesecure-ha/repair-tools/docker-ozonesecure-ha-httpfs-1.log'
renamed 'ozonesecure-ha/result/docker-ozonesecure-ha-kdc-1.log' -> '/home/runner/work/ozone/ozone/hadoop-ozone/dist/target/ozone-2.3.0-SNAPSHOT/compose/result/ozonesecure-ha/repair-tools/docker-ozonesecure-ha-kdc-1.log'
renamed 'ozonesecure-ha/result/docker-ozonesecure-ha-kms-1.log' -> '/home/runner/work/ozone/ozone/hadoop-ozone/dist/target/ozone-2.3.0-SNAPSHOT/compose/result/ozonesecure-ha/repair-tools/docker-ozonesecure-ha-kms-1.log'
renamed 'ozonesecure-ha/result/docker-ozonesecure-ha-om1-1.log' -> '/home/runner/work/ozone/ozone/hadoop-ozone/dist/target/ozone-2.3.0-SNAPSHOT/compose/result/ozonesecure-ha/repair-tools/docker-ozonesecure-ha-om1-1.log'
renamed 'ozonesecure-ha/result/docker-ozonesecure-ha-om2-1.log' -> '/home/runner/work/ozone/ozone/hadoop-ozone/dist/target/ozone-2.3.0-SNAPSHOT/compose/result/ozonesecure-ha/repair-tools/docker-ozonesecure-ha-om2-1.log'
renamed 'ozonesecure-ha/result/docker-ozonesecure-ha-om3-1.log' -> '/home/runner/work/ozone/ozone/hadoop-ozone/dist/target/ozone-2.3.0-SNAPSHOT/compose/result/ozonesecure-ha/repair-tools/docker-ozonesecure-ha-om3-1.log'
renamed 'ozonesecure-ha/result/docker-ozonesecure-ha-om4-1.log' -> '/home/runner/work/ozone/ozone/hadoop-ozone/dist/target/ozone-2.3.0-SNAPSHOT/compose/result/ozonesecure-ha/repair-tools/docker-ozonesecure-ha-om4-1.log'
renamed 'ozonesecure-ha/result/docker-ozonesecure-ha-recon-1.log' -> '/home/runner/work/ozone/ozone/hadoop-ozone/dist/target/ozone-2.3.0-SNAPSHOT/compose/result/ozonesecure-ha/repair-tools/docker-ozonesecure-ha-recon-1.log'
renamed 'ozonesecure-ha/result/docker-ozonesecure-ha-s3g-1.log' -> '/home/runner/work/ozone/ozone/hadoop-ozone/dist/target/ozone-2.3.0-SNAPSHOT/compose/result/ozonesecure-ha/repair-tools/docker-ozonesecure-ha-s3g-1.log'
renamed 'ozonesecure-ha/result/docker-ozonesecure-ha-scm1.org-1.log' -> '/home/runner/work/ozone/ozone/hadoop-ozone/dist/target/ozone-2.3.0-SNAPSHOT/compose/result/ozonesecure-ha/repair-tools/docker-ozonesecure-ha-scm1.org-1.log'
renamed 'ozonesecure-ha/result/docker-ozonesecure-ha-scm2.org-1.log' -> '/home/runner/work/ozone/ozone/hadoop-ozone/dist/target/ozone-2.3.0-SNAPSHOT/compose/result/ozonesecure-ha/repair-tools/docker-ozonesecure-ha-scm2.org-1.log'
renamed 'ozonesecure-ha/result/docker-ozonesecure-ha-scm3.org-1.log' -> '/home/runner/work/ozone/ozone/hadoop-ozone/dist/target/ozone-2.3.0-SNAPSHOT/compose/result/ozonesecure-ha/repair-tools/docker-ozonesecure-ha-scm3.org-1.log'
renamed 'ozonesecure-ha/result/kms-audit.log' -> '/home/runner/work/ozone/ozone/hadoop-ozone/dist/target/ozone-2.3.0-SNAPSHOT/compose/result/ozonesecure-ha/repair-tools/kms-audit.log'
renamed 'ozonesecure-ha/result/om-audit-om1.log' -> '/home/runner/work/ozone/ozone/hadoop-ozone/dist/target/ozone-2.3.0-SNAPSHOT/compose/result/ozonesecure-ha/repair-tools/om-audit-om1.log'
renamed 'ozonesecure-ha/result/om-audit-om2.log' -> '/home/runner/work/ozone/ozone/hadoop-ozone/dist/target/ozone-2.3.0-SNAPSHOT/compose/result/ozonesecure-ha/repair-tools/om-audit-om2.log'
renamed 'ozonesecure-ha/result/om-audit-om3.log' -> '/home/runner/work/ozone/ozone/hadoop-ozone/dist/target/ozone-2.3.0-SNAPSHOT/compose/result/ozonesecure-ha/repair-tools/om-audit-om3.log'
renamed 'ozonesecure-ha/result/om-sys-audit-om1.log' -> '/home/runner/work/ozone/ozone/hadoop-ozone/dist/target/ozone-2.3.0-SNAPSHOT/compose/result/ozonesecure-ha/repair-tools/om-sys-audit-om1.log'
renamed 'ozonesecure-ha/result/om-sys-audit-om2.log' -> '/home/runner/work/ozone/ozone/hadoop-ozone/dist/target/ozone-2.3.0-SNAPSHOT/compose/result/ozonesecure-ha/repair-tools/om-sys-audit-om2.log'
renamed 'ozonesecure-ha/result/om-sys-audit-om3.log' -> '/home/runner/work/ozone/ozone/hadoop-ozone/dist/target/ozone-2.3.0-SNAPSHOT/compose/result/ozonesecure-ha/repair-tools/om-sys-audit-om3.log'
renamed 'ozonesecure-ha/result/s3g-audit-s3g.log' -> '/home/runner/work/ozone/ozone/hadoop-ozone/dist/target/ozone-2.3.0-SNAPSHOT/compose/result/ozonesecure-ha/repair-tools/s3g-audit-s3g.log'
renamed 'ozonesecure-ha/result/scm-audit-scm1.org.log' -> '/home/runner/work/ozone/ozone/hadoop-ozone/dist/target/ozone-2.3.0-SNAPSHOT/compose/result/ozonesecure-ha/repair-tools/scm-audit-scm1.org.log'
renamed 'ozonesecure-ha/result/scm-audit-scm2.org.log' -> '/home/runner/work/ozone/ozone/hadoop-ozone/dist/target/ozone-2.3.0-SNAPSHOT/compose/result/ozonesecure-ha/repair-tools/scm-audit-scm2.org.log'
renamed 'ozonesecure-ha/result/scm-audit-scm3.org.log' -> '/home/runner/work/ozone/ozone/hadoop-ozone/dist/target/ozone-2.3.0-SNAPSHOT/compose/result/ozonesecure-ha/repair-tools/scm-audit-scm3.org.log'
java.net.SocketException: Socket closed
	at java.base/java.net.PlainSocketImpl.socketAccept(Native Method)
	at java.base/java.net.AbstractPlainSocketImpl.accept(AbstractPlainSocketImpl.java:474)
	at java.base/java.net.ServerSocket.implAccept(ServerSocket.java:565)
	at java.base/java.net.ServerSocket.accept(ServerSocket.java:533)
	at org.apache.ozone.test.JacocoServer.acceptConnections(JacocoServer.java:67)
	at org.apache.ozone.test.JacocoServer.main(JacocoServer.java:59)
To use Ozone please mount ozone folder to /opt/hadoop
Log:     /rebot-output/log.html
Report:  /rebot-output/report.html
renamed '/home/runner/work/ozone/ozone/hadoop-ozone/dist/target/ozone-2.3.0-SNAPSHOT/compose/result/rebot-ipJKte/log.html' -> '/home/runner/work/ozone/ozone/hadoop-ozone/dist/target/ozone-2.3.0-SNAPSHOT/compose/result/log.html'
renamed '/home/runner/work/ozone/ozone/hadoop-ozone/dist/target/ozone-2.3.0-SNAPSHOT/compose/result/rebot-ipJKte/report.html' -> '/home/runner/work/ozone/ozone/hadoop-ozone/dist/target/ozone-2.3.0-SNAPSHOT/compose/result/report.html'
removed directory '/tmp/robot-data-IVHRxw'
