om3_1  | 2023-03-20 06:29:44,787 [Listener at om3/9862] INFO impl.MetricsSystemImpl: OzoneManager metrics system started
om3_1  | 2023-03-20 06:29:45,282 [Listener at om3/9862] INFO om.OzoneManager: OzoneManager RPC server is listening at om3/10.9.0.16:9862
om3_1  | 2023-03-20 06:29:45,291 [Listener at om3/9862] INFO ratis.OzoneManagerRatisServer: Starting OzoneManagerRatisServer om3 at port 9872
om3_1  | 2023-03-20 06:29:45,336 [om3-impl-thread1] INFO storage.RaftStorageDirectory: Lock on /data/metadata/ratis/5cb24680-b9e7-3c90-a862-d66704efc61c/in_use.lock acquired by nodename 6@64aa3685baf7
om1_1  | 2023-03-20 06:29:48,072 [Listener at om1/9862] INFO http.HttpServer2: Jetty bound to port 9874
dn1_1  | 2023-03-20 06:29:36,464 [4545847e-3661-4ff6-b1a4-a28b9e4b550f@group-237F4780C006-LeaderElection2] INFO impl.LeaderElection: 4545847e-3661-4ff6-b1a4-a28b9e4b550f@group-237F4780C006-LeaderElection2 PRE_VOTE round 0: submit vote requests at term 2 for 402: peers:[94b0e1e9-73dc-45be-8f98-48b9f3106c03|rpc:10.9.0.12:9856|admin:10.9.0.12:9857|client:10.9.0.12:9858|dataStream:10.9.0.12:9858|priority:1|startupRole:FOLLOWER, 4545847e-3661-4ff6-b1a4-a28b9e4b550f|rpc:10.9.0.11:9856|admin:10.9.0.11:9857|client:10.9.0.11:9858|dataStream:10.9.0.11:9858|priority:0|startupRole:FOLLOWER, e76324db-15f4-4a88-bdcf-af3181c15cf4|rpc:10.9.0.13:9856|admin:10.9.0.13:9857|client:10.9.0.13:9858|dataStream:10.9.0.13:9858|priority:0|startupRole:FOLLOWER]|listeners:[], old=null
dn1_1  | 2023-03-20 06:29:36,465 [4545847e-3661-4ff6-b1a4-a28b9e4b550f@group-244FF79D1EB6-FollowerState] INFO impl.RoleInfo: 4545847e-3661-4ff6-b1a4-a28b9e4b550f: shutdown 4545847e-3661-4ff6-b1a4-a28b9e4b550f@group-244FF79D1EB6-FollowerState
dn1_1  | 2023-03-20 06:29:36,472 [4545847e-3661-4ff6-b1a4-a28b9e4b550f@group-244FF79D1EB6-FollowerState] INFO server.RaftServer$Division: 4545847e-3661-4ff6-b1a4-a28b9e4b550f@group-244FF79D1EB6: changes role from  FOLLOWER to CANDIDATE at term 2 for changeToCandidate
dn1_1  | 2023-03-20 06:29:36,472 [4545847e-3661-4ff6-b1a4-a28b9e4b550f@group-244FF79D1EB6-FollowerState] INFO server.RaftServerConfigKeys: raft.server.leaderelection.pre-vote = true (default)
om2_1  | 2023-03-20 06:29:36,117 [pool-29-thread-1] INFO server.RaftServer$Division: om2@group-D66704EFC61C: ConfigurationManager, init=-1: peers:[om1|rpc:om1:9872|priority:0|startupRole:FOLLOWER, om3|rpc:om3:9872|priority:0|startupRole:FOLLOWER, om2|rpc:om2:9872|priority:0|startupRole:FOLLOWER]|listeners:[], old=null, confs=<EMPTY_MAP>
dn2_1  | 2023-03-20 06:29:31,253 [94b0e1e9-73dc-45be-8f98-48b9f3106c03-impl-thread1] INFO raftlog.RaftLog: 94b0e1e9-73dc-45be-8f98-48b9f3106c03@group-C4846E8815DD-SegmentedRaftLog: commitIndex: updateToMax old=2, new=1, updated? false
dn2_1  | 2023-03-20 06:29:31,302 [94b0e1e9-73dc-45be-8f98-48b9f3106c03-impl-thread1] INFO server.RaftServer$Division: 94b0e1e9-73dc-45be-8f98-48b9f3106c03@group-C4846E8815DD: start as a follower, conf=1: peers:[94b0e1e9-73dc-45be-8f98-48b9f3106c03|rpc:10.9.0.12:9856|admin:10.9.0.12:9857|client:10.9.0.12:9858|dataStream:10.9.0.12:9858|priority:1|startupRole:FOLLOWER]|listeners:[], old=null
om1_1  | 2023-03-20 06:29:48,073 [Listener at om1/9862] INFO server.Server: jetty-9.4.49.v20220914; built: 2022-09-14T01:07:36.601Z; git: 4231a3b2e4cb8548a412a789936d640a97b1aa0a; jvm 11.0.14.1+1-LTS
dn3_1  | java.util.concurrent.ExecutionException: java.util.concurrent.TimeoutException
dn3_1  | 	at java.base/java.util.concurrent.FutureTask.report(FutureTask.java:122)
dn3_1  | 	at java.base/java.util.concurrent.FutureTask.get(FutureTask.java:191)
dn3_1  | 	at org.apache.hadoop.ozone.container.common.states.datanode.RunningDatanodeState.computeNextContainerState(RunningDatanodeState.java:199)
dn3_1  | 	at org.apache.hadoop.ozone.container.common.states.datanode.RunningDatanodeState.await(RunningDatanodeState.java:239)
dn3_1  | 	at org.apache.hadoop.ozone.container.common.states.datanode.RunningDatanodeState.await(RunningDatanodeState.java:50)
dn3_1  | 	at org.apache.hadoop.ozone.container.common.statemachine.StateContext.execute(StateContext.java:661)
dn3_1  | 	at org.apache.hadoop.ozone.container.common.statemachine.DatanodeStateMachine.startStateMachineThread(DatanodeStateMachine.java:321)
om3_1  | 2023-03-20 06:29:45,377 [om3-impl-thread1] INFO storage.RaftStorage: Read RaftStorageMetadata{term=2, votedFor=om3} from /data/metadata/ratis/5cb24680-b9e7-3c90-a862-d66704efc61c/current/raft-meta
om3_1  | 2023-03-20 06:29:45,530 [om3-impl-thread1] INFO server.RaftServer$Division: om3@group-D66704EFC61C: set configuration 839: peers:[om1|rpc:om1:9872|admin:|client:|dataStream:|priority:0|startupRole:FOLLOWER, om3|rpc:om3:9872|admin:|client:|dataStream:|priority:0|startupRole:FOLLOWER, om2|rpc:om2:9872|admin:|client:|dataStream:|priority:0|startupRole:FOLLOWER]|listeners:[], old=null
dn1_1  | 2023-03-20 06:29:36,472 [4545847e-3661-4ff6-b1a4-a28b9e4b550f@group-244FF79D1EB6-FollowerState] INFO impl.RoleInfo: 4545847e-3661-4ff6-b1a4-a28b9e4b550f: start 4545847e-3661-4ff6-b1a4-a28b9e4b550f@group-244FF79D1EB6-LeaderElection3
dn2_1  | 2023-03-20 06:29:31,307 [94b0e1e9-73dc-45be-8f98-48b9f3106c03-impl-thread1] INFO server.RaftServer$Division: 94b0e1e9-73dc-45be-8f98-48b9f3106c03@group-C4846E8815DD: changes role from      null to FOLLOWER at term 2 for startAsFollower
dn2_1  | 2023-03-20 06:29:31,317 [94b0e1e9-73dc-45be-8f98-48b9f3106c03-impl-thread3] INFO impl.RoleInfo: 94b0e1e9-73dc-45be-8f98-48b9f3106c03: start 94b0e1e9-73dc-45be-8f98-48b9f3106c03@group-FD377E97EEF0-FollowerState
om1_1  | 2023-03-20 06:29:48,298 [Listener at om1/9862] INFO server.session: DefaultSessionIdManager workerName=node0
om3_1  | 2023-03-20 06:29:45,549 [om3-impl-thread1] INFO server.RaftServerConfigKeys: raft.server.log.use.memory = false (default)
scm_1  | 2023-03-20 06:29:18,010 [Listener at 0.0.0.0/9860] INFO server.StorageContainerManager: 
scm_1  | Container Balancer status:
scm_1  | Key                            Value
dn1_1  | 2023-03-20 06:29:36,486 [4545847e-3661-4ff6-b1a4-a28b9e4b550f@group-244FF79D1EB6-LeaderElection3] INFO impl.LeaderElection: 4545847e-3661-4ff6-b1a4-a28b9e4b550f@group-244FF79D1EB6-LeaderElection3 PRE_VOTE round 0: submit vote requests at term 2 for 1: peers:[4545847e-3661-4ff6-b1a4-a28b9e4b550f|rpc:10.9.0.11:9856|admin:10.9.0.11:9857|client:10.9.0.11:9858|dataStream:10.9.0.11:9858|priority:1|startupRole:FOLLOWER]|listeners:[], old=null
dn3_1  | 	at org.apache.hadoop.ozone.container.common.statemachine.DatanodeStateMachine.lambda$startDaemon$0(DatanodeStateMachine.java:518)
dn3_1  | 	at java.base/java.lang.Thread.run(Thread.java:829)
om1_1  | 2023-03-20 06:29:48,301 [Listener at om1/9862] INFO server.session: No SessionScavenger set, using defaults
om3_1  | 2023-03-20 06:29:45,626 [om3-impl-thread1] INFO server.RaftServerConfigKeys: raft.server.log.purge.gap = 1000000 (custom)
om3_1  | 2023-03-20 06:29:45,632 [om3-impl-thread1] INFO server.RaftServerConfigKeys: raft.server.log.appender.buffer.byte-limit = 33554432 (custom)
om3_1  | 2023-03-20 06:29:45,649 [om3-impl-thread1] INFO server.RaftServerConfigKeys: raft.server.log.statemachine.data.read.timeout = 1000ms (default)
om3_1  | 2023-03-20 06:29:45,655 [om3-impl-thread1] INFO server.RaftServerConfigKeys: raft.server.log.purge.preservation.log.num = 0 (default)
dn1_1  | 2023-03-20 06:29:36,513 [4545847e-3661-4ff6-b1a4-a28b9e4b550f@group-244FF79D1EB6-LeaderElection3] INFO impl.LeaderElection: 4545847e-3661-4ff6-b1a4-a28b9e4b550f@group-244FF79D1EB6-LeaderElection3 PRE_VOTE round 0: result PASSED (term=2)
dn2_1  | 2023-03-20 06:29:31,352 [94b0e1e9-73dc-45be-8f98-48b9f3106c03-impl-thread3] INFO util.JmxRegister: Successfully registered JMX Bean with object name Ratis:service=RaftServer,group=group-FD377E97EEF0,id=94b0e1e9-73dc-45be-8f98-48b9f3106c03
dn2_1  | 2023-03-20 06:29:31,373 [94b0e1e9-73dc-45be-8f98-48b9f3106c03-impl-thread1] INFO impl.RoleInfo: 94b0e1e9-73dc-45be-8f98-48b9f3106c03: start 94b0e1e9-73dc-45be-8f98-48b9f3106c03@group-C4846E8815DD-FollowerState
dn3_1  | Caused by: java.util.concurrent.TimeoutException
om3_1  | 2023-03-20 06:29:45,668 [om3-impl-thread1] INFO server.RaftServerConfigKeys: raft.server.log.segment.size.max = 4194304 (custom)
om3_1  | 2023-03-20 06:29:45,687 [om3-impl-thread1] INFO server.RaftServerConfigKeys: raft.server.log.segment.cache.num.max = 2 (custom)
om3_1  | 2023-03-20 06:29:45,689 [om3-impl-thread1] INFO server.RaftServerConfigKeys: raft.server.log.segment.cache.size.max = 200MB (=209715200) (default)
om3_1  | 2023-03-20 06:29:45,728 [om3-impl-thread1] INFO segmented.SegmentedRaftLogWorker: new om3@group-D66704EFC61C-SegmentedRaftLogWorker for RaftStorageImpl:Storage Directory /data/metadata/ratis/5cb24680-b9e7-3c90-a862-d66704efc61c
dn1_1  | 2023-03-20 06:29:36,640 [4545847e-3661-4ff6-b1a4-a28b9e4b550f@group-237F4780C006-LeaderElection2-1] INFO server.GrpcServerProtocolClient: Build channel for 94b0e1e9-73dc-45be-8f98-48b9f3106c03
dn1_1  | 2023-03-20 06:29:36,641 [4545847e-3661-4ff6-b1a4-a28b9e4b550f@group-237F4780C006-LeaderElection2] INFO server.RaftServerConfigKeys: raft.server.rpc.first-election.timeout.min = 5s (fallback to raft.server.rpc.timeout.min)
dn2_1  | 2023-03-20 06:29:31,373 [94b0e1e9-73dc-45be-8f98-48b9f3106c03-impl-thread2] INFO impl.RoleInfo: 94b0e1e9-73dc-45be-8f98-48b9f3106c03: start 94b0e1e9-73dc-45be-8f98-48b9f3106c03@group-237F4780C006-FollowerState
dn3_1  | 	at java.base/java.util.concurrent.FutureTask.get(FutureTask.java:204)
om3_1  | 2023-03-20 06:29:45,740 [om3-impl-thread1] INFO server.RaftServerConfigKeys: raft.server.log.queue.byte-limit = 64MB (=67108864) (default)
om3_1  | 2023-03-20 06:29:45,742 [om3-impl-thread1] INFO server.RaftServerConfigKeys: raft.server.log.queue.element-limit = 4096 (default)
om3_1  | 2023-03-20 06:29:45,743 [om3-impl-thread1] INFO server.RaftServerConfigKeys: raft.server.log.segment.size.max = 4194304 (custom)
om3_1  | 2023-03-20 06:29:45,745 [om3-impl-thread1] INFO server.RaftServerConfigKeys: raft.server.log.preallocated.size = 4194304 (custom)
dn1_1  | 2023-03-20 06:29:36,649 [4545847e-3661-4ff6-b1a4-a28b9e4b550f@group-237F4780C006-LeaderElection2] INFO server.RaftServerConfigKeys: raft.server.rpc.first-election.timeout.max = 5200ms (fallback to raft.server.rpc.timeout.max)
dn1_1  | 2023-03-20 06:29:36,697 [4545847e-3661-4ff6-b1a4-a28b9e4b550f@group-FD377E97EEF0-LeaderElection1] INFO server.RaftServerConfigKeys: raft.server.rpc.first-election.timeout.min = 5s (fallback to raft.server.rpc.timeout.min)
dn2_1  | 2023-03-20 06:29:31,381 [94b0e1e9-73dc-45be-8f98-48b9f3106c03-impl-thread3] INFO server.RaftServerConfigKeys: raft.server.snapshot.auto.trigger.enabled = true (custom)
dn3_1  | 	at org.apache.hadoop.ozone.container.common.states.datanode.RunningDatanodeState.lambda$execute$0(RunningDatanodeState.java:157)
om3_1  | 2023-03-20 06:29:45,746 [om3-impl-thread1] INFO server.RaftServerConfigKeys: raft.server.log.force.sync.num = 128 (default)
om3_1  | 2023-03-20 06:29:45,750 [om3-impl-thread1] INFO server.RaftServerConfigKeys: raft.server.log.statemachine.data.sync = true (default)
om3_1  | 2023-03-20 06:29:45,751 [om3-impl-thread1] INFO server.RaftServerConfigKeys: raft.server.log.statemachine.data.sync.timeout = 10s (default)
om3_1  | 2023-03-20 06:29:45,752 [om3-impl-thread1] INFO server.RaftServerConfigKeys: raft.server.log.statemachine.data.sync.timeout.retry = -1 (default)
dn1_1  | 2023-03-20 06:29:36,728 [4545847e-3661-4ff6-b1a4-a28b9e4b550f@group-FD377E97EEF0-LeaderElection1] INFO server.RaftServerConfigKeys: raft.server.rpc.first-election.timeout.max = 5200ms (fallback to raft.server.rpc.timeout.max)
om2_1  | 2023-03-20 06:29:36,127 [pool-29-thread-1] INFO server.RaftServerConfigKeys: raft.server.storage.dir = [/data/metadata/ratis] (custom)
om2_1  | 2023-03-20 06:29:36,257 [pool-29-thread-1] INFO server.RaftServerConfigKeys: raft.server.log.corruption.policy = EXCEPTION (default)
dn3_1  | 	at java.base/java.util.concurrent.FutureTask.run(FutureTask.java:264)
scm_1  | Running                        true
scm_1  | Container Balancer Configuration values:
dn1_1  | 2023-03-20 06:29:36,641 [4545847e-3661-4ff6-b1a4-a28b9e4b550f@group-237F4780C006-LeaderElection2-2] INFO server.GrpcServerProtocolClient: Build channel for e76324db-15f4-4a88-bdcf-af3181c15cf4
om1_1  | 2023-03-20 06:29:48,309 [Listener at om1/9862] INFO server.session: node0 Scavenging every 660000ms
om1_1  | 2023-03-20 06:29:48,439 [Listener at om1/9862] INFO handler.ContextHandler: Started o.e.j.s.ServletContextHandler@59ec7020{logs,/logs,file:///var/log/hadoop/,AVAILABLE}
om2_1  | 2023-03-20 06:29:36,264 [pool-29-thread-1] INFO server.RaftServerConfigKeys: raft.server.storage.free-space.min = 0MB (=0) (default)
om2_1  | 2023-03-20 06:29:36,583 [pool-29-thread-1] INFO server.RaftServerConfigKeys: raft.server.notification.no-leader.timeout = 120s (custom)
dn3_1  | 	at java.base/java.util.concurrent.Executors$RunnableAdapter.call(Executors.java:515)
scm_1  | Key                                                Value
scm_1  | Threshold                                          10
scm_1  | Max Datanodes to Involve per Iteration(percent)    20
om1_1  | 2023-03-20 06:29:48,447 [Listener at om1/9862] INFO handler.ContextHandler: Started o.e.j.s.ServletContextHandler@74b1838{static,/static,jar:file:/opt/hadoop/share/ozone/lib/ozone-manager-1.4.0-SNAPSHOT.jar!/webapps/static,AVAILABLE}
om1_1  | 2023-03-20 06:29:49,105 [Listener at om1/9862] INFO handler.ContextHandler: Started o.e.j.w.WebAppContext@faec277{ozoneManager,/,file:///data/metadata/webserver/jetty-0_0_0_0-9874-ozone-manager-1_4_0-SNAPSHOT_jar-_-any-6498544535979707139/webapp/,AVAILABLE}{jar:file:/opt/hadoop/share/ozone/lib/ozone-manager-1.4.0-SNAPSHOT.jar!/webapps/ozoneManager}
om2_1  | 2023-03-20 06:29:36,767 [pool-29-thread-1] INFO server.RaftServerConfigKeys: raft.server.retrycache.expirytime = 300s (custom)
om2_1  | 2023-03-20 06:29:36,772 [pool-29-thread-1] INFO server.RaftServerConfigKeys: raft.server.retrycache.statistics.expirytime = 100?s (default)
om2_1  | 2023-03-20 06:29:38,483 [pool-29-thread-1] INFO server.RaftServerConfigKeys: raft.server.log.appender.install.snapshot.enabled = false (custom)
om2_1  | 2023-03-20 06:29:38,516 [pool-29-thread-1] INFO server.RaftServerConfigKeys: raft.server.threadpool.server.cached = true (default)
om2_1  | 2023-03-20 06:29:38,519 [pool-29-thread-1] INFO server.RaftServerConfigKeys: raft.server.threadpool.server.size = 0 (default)
om2_1  | 2023-03-20 06:29:38,524 [pool-29-thread-1] INFO server.RaftServerConfigKeys: raft.server.threadpool.client.cached = true (default)
om1_1  | 2023-03-20 06:29:49,169 [Listener at om1/9862] INFO server.AbstractConnector: Started ServerConnector@25d911a{HTTP/1.1, (http/1.1)}{0.0.0.0:9874}
dn1_1  | 2023-03-20 06:29:36,793 [4545847e-3661-4ff6-b1a4-a28b9e4b550f@group-244FF79D1EB6-LeaderElection3] INFO impl.LeaderElection: 4545847e-3661-4ff6-b1a4-a28b9e4b550f@group-244FF79D1EB6-LeaderElection3 ELECTION round 0: submit vote requests at term 3 for 1: peers:[4545847e-3661-4ff6-b1a4-a28b9e4b550f|rpc:10.9.0.11:9856|admin:10.9.0.11:9857|client:10.9.0.11:9858|dataStream:10.9.0.11:9858|priority:1|startupRole:FOLLOWER]|listeners:[], old=null
dn1_1  | 2023-03-20 06:29:36,796 [4545847e-3661-4ff6-b1a4-a28b9e4b550f@group-244FF79D1EB6-LeaderElection3] INFO impl.LeaderElection: 4545847e-3661-4ff6-b1a4-a28b9e4b550f@group-244FF79D1EB6-LeaderElection3 ELECTION round 0: result PASSED (term=3)
om2_1  | 2023-03-20 06:29:38,529 [pool-29-thread-1] INFO server.RaftServerConfigKeys: raft.server.threadpool.client.size = 0 (default)
om2_1  | 2023-03-20 06:29:40,763 [main] INFO reflections.Reflections: Reflections took 4763 ms to scan 8 urls, producing 23 keys and 586 values [using 2 cores]
om2_1  | 2023-03-20 06:29:41,987 [main] INFO ipc.CallQueueManager: Using callQueue: class java.util.concurrent.LinkedBlockingQueue, queueCapacity: 10000, scheduler: class org.apache.hadoop.ipc.DefaultRpcScheduler, ipcBackoff: false.
om2_1  | 2023-03-20 06:29:42,084 [Socket Reader #1 for port 9862] INFO ipc.Server: Starting Socket Reader #1 for port 9862
om2_1  | 2023-03-20 06:29:42,596 [Listener at om2/9862] INFO om.OzoneManagerPrepareState: Deleted prepare marker file: /data/metadata/current/prepareMarker
om1_1  | 2023-03-20 06:29:49,173 [Listener at om1/9862] INFO server.Server: Started @71671ms
dn1_1  | 2023-03-20 06:29:36,796 [4545847e-3661-4ff6-b1a4-a28b9e4b550f@group-244FF79D1EB6-LeaderElection3] INFO impl.RoleInfo: 4545847e-3661-4ff6-b1a4-a28b9e4b550f: shutdown 4545847e-3661-4ff6-b1a4-a28b9e4b550f@group-244FF79D1EB6-LeaderElection3
dn1_1  | 2023-03-20 06:29:36,800 [4545847e-3661-4ff6-b1a4-a28b9e4b550f@group-244FF79D1EB6-LeaderElection3] INFO server.RaftServer$Division: 4545847e-3661-4ff6-b1a4-a28b9e4b550f@group-244FF79D1EB6: changes role from CANDIDATE to LEADER at term 3 for changeToLeader
om2_1  | 2023-03-20 06:29:43,283 [Listener at om2/9862] INFO impl.MetricsConfig: Loaded properties from hadoop-metrics2.properties
om2_1  | 2023-03-20 06:29:43,388 [Listener at om2/9862] INFO impl.MetricsSystemImpl: Scheduled Metric snapshot period at 10 second(s).
om2_1  | 2023-03-20 06:29:43,398 [Listener at om2/9862] INFO impl.MetricsSystemImpl: OzoneManager metrics system started
om2_1  | 2023-03-20 06:29:43,783 [Listener at om2/9862] INFO om.OzoneManager: OzoneManager RPC server is listening at om2/10.9.0.15:9862
om1_1  | 2023-03-20 06:29:49,195 [Listener at om1/9862] INFO impl.MetricsSinkAdapter: Sink prometheus started
om1_1  | 2023-03-20 06:29:49,200 [Listener at om1/9862] INFO impl.MetricsSystemImpl: Registered sink prometheus
om1_1  | 2023-03-20 06:29:49,207 [Listener at om1/9862] INFO http.BaseHttpServer: HTTP server of ozoneManager listening at http://0.0.0.0:9874
scm_1  | Max Size to Move per Iteration                     500GB
scm_1  | Max Size Entering Target per Iteration             26GB
dn2_1  | 2023-03-20 06:29:31,391 [94b0e1e9-73dc-45be-8f98-48b9f3106c03-impl-thread3] INFO server.RaftServerConfigKeys: raft.server.snapshot.auto.trigger.threshold = 10000 (custom)
dn2_1  | 2023-03-20 06:29:31,444 [94b0e1e9-73dc-45be-8f98-48b9f3106c03-impl-thread2] INFO util.JmxRegister: Successfully registered JMX Bean with object name Ratis:service=RaftServer,group=group-237F4780C006,id=94b0e1e9-73dc-45be-8f98-48b9f3106c03
om1_1  | 2023-03-20 06:29:49,211 [IPC Server Responder] INFO ipc.Server: IPC Server Responder: starting
om1_1  | 2023-03-20 06:29:49,227 [IPC Server listener on 9862] INFO ipc.Server: IPC Server listener on 9862: starting
om1_1  | 2023-03-20 06:29:49,460 [Listener at om1/9862] INFO om.OzoneManager: Trash Interval set to 0. Files deleted won't move to trash
om1_1  | 2023-03-20 06:29:49,581 [org.apache.hadoop.util.JvmPauseMonitor$Monitor@62faf77] INFO util.JvmPauseMonitor: Starting JVM pause monitor
om1_1  | 2023-03-20 06:29:50,676 [om1@group-D66704EFC61C-FollowerState] INFO impl.FollowerState: om1@group-D66704EFC61C-FollowerState: change to CANDIDATE, lastRpcElapsedTime:5188567283ns, electionTimeout:5157ms
dn1_1  | 2023-03-20 06:29:36,800 [4545847e-3661-4ff6-b1a4-a28b9e4b550f@group-244FF79D1EB6-LeaderElection3] INFO ratis.XceiverServerRatis: Leader change notification received for group: group-244FF79D1EB6 with new leaderId: 4545847e-3661-4ff6-b1a4-a28b9e4b550f
dn3_1  | 	at java.base/java.util.concurrent.FutureTask.run(FutureTask.java:264)
dn3_1  | 	at java.base/java.util.concurrent.ThreadPoolExecutor.runWorker(ThreadPoolExecutor.java:1128)
dn3_1  | 	at java.base/java.util.concurrent.ThreadPoolExecutor$Worker.run(ThreadPoolExecutor.java:628)
dn3_1  | 	... 1 more
om2_1  | 2023-03-20 06:29:43,786 [Listener at om2/9862] INFO ratis.OzoneManagerRatisServer: Starting OzoneManagerRatisServer om2 at port 9872
om2_1  | 2023-03-20 06:29:43,820 [om2-impl-thread1] INFO storage.RaftStorageDirectory: Lock on /data/metadata/ratis/5cb24680-b9e7-3c90-a862-d66704efc61c/in_use.lock acquired by nodename 7@e7d1ffa26897
om2_1  | 2023-03-20 06:29:43,847 [om2-impl-thread1] INFO storage.RaftStorage: Read RaftStorageMetadata{term=2, votedFor=om3} from /data/metadata/ratis/5cb24680-b9e7-3c90-a862-d66704efc61c/current/raft-meta
om2_1  | 2023-03-20 06:29:44,025 [om2-impl-thread1] INFO server.RaftServer$Division: om2@group-D66704EFC61C: set configuration 839: peers:[om1|rpc:om1:9872|admin:|client:|dataStream:|priority:0|startupRole:FOLLOWER, om3|rpc:om3:9872|admin:|client:|dataStream:|priority:0|startupRole:FOLLOWER, om2|rpc:om2:9872|admin:|client:|dataStream:|priority:0|startupRole:FOLLOWER]|listeners:[], old=null
dn3_1  | 2023-03-20 06:29:30,154 [org.apache.hadoop.util.JvmPauseMonitor$Monitor@74551b90] INFO util.JvmPauseMonitor: Detected pause in JVM or host machine (eg GC): pause of approximately 1037ms
dn1_1  | 2023-03-20 06:29:36,847 [4545847e-3661-4ff6-b1a4-a28b9e4b550f@group-244FF79D1EB6-LeaderElection3] INFO server.RaftServer$Division: 4545847e-3661-4ff6-b1a4-a28b9e4b550f@group-244FF79D1EB6: change Leader from null to 4545847e-3661-4ff6-b1a4-a28b9e4b550f at term 3 for becomeLeader, leader elected after 25580ms
scm_1  | Max Size Leaving Source per Iteration              26GB
scm_1  | 
om1_1  | 2023-03-20 06:29:50,680 [om1@group-D66704EFC61C-FollowerState] INFO impl.RoleInfo: om1: shutdown om1@group-D66704EFC61C-FollowerState
dn2_1  | 2023-03-20 06:29:31,461 [94b0e1e9-73dc-45be-8f98-48b9f3106c03-impl-thread2] INFO server.RaftServerConfigKeys: raft.server.snapshot.auto.trigger.enabled = true (custom)
dn3_1  | GC pool 'ParNew' had collection(s): count=1 time=965ms
dn3_1  | 2023-03-20 06:29:30,226 [e76324db-15f4-4a88-bdcf-af3181c15cf4-impl-thread2] INFO segmented.LogSegment: Successfully read 402 entries from segment file /data/metadata/ratis/bcc455bc-e8e4-4501-a2d8-237f4780c006/current/log_0-401
scm_1  | 2023-03-20 06:29:18,010 [Listener at 0.0.0.0/9860] INFO ha.SCMContext: Update SafeModeStatus from SafeModeStatus{safeModeStatus=true, preCheckPassed=false} to SafeModeStatus{safeModeStatus=true, preCheckPassed=false}.
scm_1  | 2023-03-20 06:29:18,041 [Listener at 0.0.0.0/9860] INFO server.StorageContainerManager: StorageContainerLocationProtocol RPC server is listening at /0.0.0.0:9860
om1_1  | 2023-03-20 06:29:50,680 [om1@group-D66704EFC61C-FollowerState] INFO server.RaftServer$Division: om1@group-D66704EFC61C: changes role from  FOLLOWER to CANDIDATE at term 2 for changeToCandidate
dn2_1  | 2023-03-20 06:29:31,443 [94b0e1e9-73dc-45be-8f98-48b9f3106c03-impl-thread1] INFO util.JmxRegister: Successfully registered JMX Bean with object name Ratis:service=RaftServer,group=group-C4846E8815DD,id=94b0e1e9-73dc-45be-8f98-48b9f3106c03
dn2_1  | 2023-03-20 06:29:31,462 [94b0e1e9-73dc-45be-8f98-48b9f3106c03-impl-thread1] INFO server.RaftServerConfigKeys: raft.server.snapshot.auto.trigger.enabled = true (custom)
dn3_1  | 2023-03-20 06:29:30,414 [e76324db-15f4-4a88-bdcf-af3181c15cf4-impl-thread2] INFO server.RaftServer$Division: e76324db-15f4-4a88-bdcf-af3181c15cf4@group-237F4780C006: set configuration 402: peers:[94b0e1e9-73dc-45be-8f98-48b9f3106c03|rpc:10.9.0.12:9856|admin:10.9.0.12:9857|client:10.9.0.12:9858|dataStream:10.9.0.12:9858|priority:1|startupRole:FOLLOWER, 4545847e-3661-4ff6-b1a4-a28b9e4b550f|rpc:10.9.0.11:9856|admin:10.9.0.11:9857|client:10.9.0.11:9858|dataStream:10.9.0.11:9858|priority:0|startupRole:FOLLOWER, e76324db-15f4-4a88-bdcf-af3181c15cf4|rpc:10.9.0.13:9856|admin:10.9.0.13:9857|client:10.9.0.13:9858|dataStream:10.9.0.13:9858|priority:0|startupRole:FOLLOWER]|listeners:[], old=null
dn3_1  | 2023-03-20 06:29:30,451 [e76324db-15f4-4a88-bdcf-af3181c15cf4-impl-thread2] INFO segmented.LogSegment: Successfully read 2 entries from segment file /data/metadata/ratis/bcc455bc-e8e4-4501-a2d8-237f4780c006/current/log_inprogress_402
scm_1  | 2023-03-20 06:29:18,056 [Listener at 0.0.0.0/9860] INFO ha.SCMRatisServerImpl: starting ratis server 0.0.0.0:9894
scm_1  | 2023-03-20 06:29:18,068 [f267f18b-cacf-415d-8c4d-555a3215a0e4-impl-thread1] INFO storage.RaftStorageDirectory: Lock on /data/metadata/scm-ha/eb1f7664-a214-4204-be30-fd5a79be45de/in_use.lock acquired by nodename 7@ee30a0ce2067
om1_1  | 2023-03-20 06:29:50,685 [om1@group-D66704EFC61C-FollowerState] INFO server.RaftServerConfigKeys: raft.server.leaderelection.pre-vote = true (default)
dn2_1  | 2023-03-20 06:29:31,462 [94b0e1e9-73dc-45be-8f98-48b9f3106c03-impl-thread1] INFO server.RaftServerConfigKeys: raft.server.snapshot.auto.trigger.threshold = 10000 (custom)
dn2_1  | 2023-03-20 06:29:31,466 [94b0e1e9-73dc-45be-8f98-48b9f3106c03-impl-thread1] INFO server.RaftServerConfigKeys: raft.server.snapshot.retention.file.num = 5 (custom)
dn3_1  | 2023-03-20 06:29:30,363 [e76324db-15f4-4a88-bdcf-af3181c15cf4-impl-thread3] INFO segmented.LogSegment: Successfully read 400 entries from segment file /data/metadata/ratis/f0a30a04-e8ba-483c-b88e-fd377e97eef0/current/log_0-399
dn1_1  | 2023-03-20 06:29:36,988 [4545847e-3661-4ff6-b1a4-a28b9e4b550f@group-244FF79D1EB6-LeaderElection3] INFO server.RaftServerConfigKeys: raft.server.staging.catchup.gap = 1000 (default)
om1_1  | 2023-03-20 06:29:50,685 [om1@group-D66704EFC61C-FollowerState] INFO impl.RoleInfo: om1: start om1@group-D66704EFC61C-LeaderElection1
dn2_1  | 2023-03-20 06:29:31,470 [94b0e1e9-73dc-45be-8f98-48b9f3106c03-impl-thread1] INFO server.RaftServerConfigKeys: raft.server.log.purge.upto.snapshot.index = false (default)
om3_1  | 2023-03-20 06:29:45,818 [om3-impl-thread1] INFO server.RaftServerConfigKeys: raft.server.log.write.buffer.size = 64KB (=65536) (default)
om3_1  | 2023-03-20 06:29:45,823 [om3-impl-thread1] INFO server.RaftServerConfigKeys: raft.server.log.appender.buffer.byte-limit = 33554432 (custom)
om3_1  | 2023-03-20 06:29:45,885 [om3-impl-thread1] INFO server.RaftServerConfigKeys: raft.server.log.unsafe-flush.enabled = false (default)
om1_1  | 2023-03-20 06:29:50,705 [om1@group-D66704EFC61C-LeaderElection1] INFO impl.LeaderElection: om1@group-D66704EFC61C-LeaderElection1 PRE_VOTE round 0: submit vote requests at term 2 for 839: peers:[om1|rpc:om1:9872|admin:|client:|dataStream:|priority:0|startupRole:FOLLOWER, om3|rpc:om3:9872|admin:|client:|dataStream:|priority:0|startupRole:FOLLOWER, om2|rpc:om2:9872|admin:|client:|dataStream:|priority:0|startupRole:FOLLOWER]|listeners:[], old=null
dn2_1  | 2023-03-20 06:29:31,485 [94b0e1e9-73dc-45be-8f98-48b9f3106c03-impl-thread3] INFO server.RaftServerConfigKeys: raft.server.snapshot.retention.file.num = 5 (custom)
dn1_1  | 2023-03-20 06:29:37,096 [4545847e-3661-4ff6-b1a4-a28b9e4b550f@group-244FF79D1EB6-LeaderElection3] INFO server.RaftServerConfigKeys: raft.server.write.element-limit = 1024 (custom)
dn1_1  | 2023-03-20 06:29:37,104 [4545847e-3661-4ff6-b1a4-a28b9e4b550f@group-244FF79D1EB6-LeaderElection3] INFO server.RaftServerConfigKeys: raft.server.write.byte-limit = 1024 M (=1073741824) (custom)
om3_1  | 2023-03-20 06:29:45,896 [om3-impl-thread1] INFO server.RaftServerConfigKeys: raft.server.log.async-flush.enabled = false (default)
om3_1  | 2023-03-20 06:29:45,900 [om3-impl-thread1] INFO server.RaftServerConfigKeys: raft.server.log.statemachine.data.caching.enabled = false (default)
om3_1  | 2023-03-20 06:29:46,043 [om3-impl-thread1] INFO server.RaftServer$Division: om3@group-D66704EFC61C: set configuration 839: peers:[om1|rpc:om1:9872|admin:|client:|dataStream:|priority:0|startupRole:FOLLOWER, om3|rpc:om3:9872|admin:|client:|dataStream:|priority:0|startupRole:FOLLOWER, om2|rpc:om2:9872|admin:|client:|dataStream:|priority:0|startupRole:FOLLOWER]|listeners:[], old=null
dn1_1  | 2023-03-20 06:29:37,270 [4545847e-3661-4ff6-b1a4-a28b9e4b550f@group-244FF79D1EB6-LeaderElection3] INFO server.RaftServerConfigKeys: raft.server.watch.timeout = 180s (custom)
scm_1  | 2023-03-20 06:29:18,083 [f267f18b-cacf-415d-8c4d-555a3215a0e4-impl-thread1] INFO storage.RaftStorage: Read RaftStorageMetadata{term=3, votedFor=f267f18b-cacf-415d-8c4d-555a3215a0e4} from /data/metadata/scm-ha/eb1f7664-a214-4204-be30-fd5a79be45de/current/raft-meta
scm_1  | 2023-03-20 06:29:18,125 [f267f18b-cacf-415d-8c4d-555a3215a0e4-impl-thread1] INFO server.RaftServer$Division: f267f18b-cacf-415d-8c4d-555a3215a0e4@group-FD5A79BE45DE: set configuration 41: peers:[f267f18b-cacf-415d-8c4d-555a3215a0e4|rpc:4e465f95b7e1:9894|admin:|client:|dataStream:|priority:0|startupRole:FOLLOWER]|listeners:[], old=null
scm_1  | 2023-03-20 06:29:18,135 [f267f18b-cacf-415d-8c4d-555a3215a0e4-impl-thread1] INFO server.RaftServerConfigKeys: raft.server.log.use.memory = false (default)
scm_1  | 2023-03-20 06:29:18,159 [f267f18b-cacf-415d-8c4d-555a3215a0e4-impl-thread1] INFO server.RaftServerConfigKeys: raft.server.log.purge.gap = 1000000 (custom)
dn1_1  | 2023-03-20 06:29:37,284 [4545847e-3661-4ff6-b1a4-a28b9e4b550f@group-244FF79D1EB6-LeaderElection3] INFO server.RaftServerConfigKeys: raft.server.watch.timeout.denomination = 1s (default)
dn1_1  | 2023-03-20 06:29:37,292 [4545847e-3661-4ff6-b1a4-a28b9e4b550f@group-244FF79D1EB6-LeaderElection3] INFO server.RaftServerConfigKeys: raft.server.watch.element-limit = 65536 (default)
dn1_1  | 2023-03-20 06:29:37,420 [4545847e-3661-4ff6-b1a4-a28b9e4b550f@group-244FF79D1EB6-LeaderElection3] INFO server.RaftServerConfigKeys: raft.server.write.element-limit = 1024 (custom)
dn1_1  | 2023-03-20 06:29:37,455 [4545847e-3661-4ff6-b1a4-a28b9e4b550f@group-244FF79D1EB6-LeaderElection3] INFO server.RaftServerConfigKeys: raft.server.write.follower.gap.ratio.max = -1.0 (default)
dn2_1  | 2023-03-20 06:29:31,485 [94b0e1e9-73dc-45be-8f98-48b9f3106c03-impl-thread3] INFO server.RaftServerConfigKeys: raft.server.log.purge.upto.snapshot.index = false (default)
om1_1  | 2023-03-20 06:29:50,775 [om1@group-D66704EFC61C-LeaderElection1] INFO server.RaftServerConfigKeys: raft.server.rpc.first-election.timeout.min = 5s (fallback to raft.server.rpc.timeout.min)
scm_1  | 2023-03-20 06:29:18,160 [f267f18b-cacf-415d-8c4d-555a3215a0e4-impl-thread1] INFO server.RaftServerConfigKeys: raft.server.log.appender.buffer.byte-limit = 33554432 (custom)
scm_1  | 2023-03-20 06:29:18,162 [f267f18b-cacf-415d-8c4d-555a3215a0e4-impl-thread1] INFO server.RaftServerConfigKeys: raft.server.log.statemachine.data.read.timeout = 1000ms (default)
scm_1  | 2023-03-20 06:29:18,163 [f267f18b-cacf-415d-8c4d-555a3215a0e4-impl-thread1] INFO server.RaftServerConfigKeys: raft.server.log.purge.preservation.log.num = 0 (default)
dn1_1  | 2023-03-20 06:29:37,466 [4545847e-3661-4ff6-b1a4-a28b9e4b550f@group-244FF79D1EB6-LeaderElection3] INFO impl.RoleInfo: 4545847e-3661-4ff6-b1a4-a28b9e4b550f: start 4545847e-3661-4ff6-b1a4-a28b9e4b550f@group-244FF79D1EB6-LeaderStateImpl
dn1_1  | 2023-03-20 06:29:37,573 [4545847e-3661-4ff6-b1a4-a28b9e4b550f@group-244FF79D1EB6-LeaderElection3] INFO segmented.SegmentedRaftLogWorker: 4545847e-3661-4ff6-b1a4-a28b9e4b550f@group-244FF79D1EB6-SegmentedRaftLogWorker: Rolling segment log-1_2 to index:2
om1_1  | 2023-03-20 06:29:50,782 [om1@group-D66704EFC61C-LeaderElection1] INFO server.RaftServerConfigKeys: raft.server.rpc.first-election.timeout.max = 5200ms (fallback to raft.server.rpc.timeout.max)
scm_1  | 2023-03-20 06:29:18,166 [f267f18b-cacf-415d-8c4d-555a3215a0e4-impl-thread1] INFO server.RaftServerConfigKeys: raft.server.log.segment.size.max = 4194304 (custom)
scm_1  | 2023-03-20 06:29:18,174 [f267f18b-cacf-415d-8c4d-555a3215a0e4-impl-thread1] INFO server.RaftServerConfigKeys: raft.server.log.segment.cache.num.max = 2 (custom)
scm_1  | 2023-03-20 06:29:18,175 [f267f18b-cacf-415d-8c4d-555a3215a0e4-impl-thread1] INFO server.RaftServerConfigKeys: raft.server.log.segment.cache.size.max = 200MB (=209715200) (default)
dn1_1  | 2023-03-20 06:29:37,720 [4545847e-3661-4ff6-b1a4-a28b9e4b550f@group-244FF79D1EB6-SegmentedRaftLogWorker] INFO segmented.SegmentedRaftLogWorker: 4545847e-3661-4ff6-b1a4-a28b9e4b550f@group-244FF79D1EB6-SegmentedRaftLogWorker: Rolled log segment from /data/metadata/ratis/cbd5c386-f6f6-42b7-b7d4-244ff79d1eb6/current/log_inprogress_1 to /data/metadata/ratis/cbd5c386-f6f6-42b7-b7d4-244ff79d1eb6/current/log_1-2
dn1_1  | 2023-03-20 06:29:37,768 [4545847e-3661-4ff6-b1a4-a28b9e4b550f@group-244FF79D1EB6-LeaderElection3] INFO server.RaftServer$Division: 4545847e-3661-4ff6-b1a4-a28b9e4b550f@group-244FF79D1EB6: set configuration 3: peers:[4545847e-3661-4ff6-b1a4-a28b9e4b550f|rpc:10.9.0.11:9856|admin:10.9.0.11:9857|client:10.9.0.11:9858|dataStream:10.9.0.11:9858|priority:1|startupRole:FOLLOWER]|listeners:[], old=null
dn2_1  | 2023-03-20 06:29:31,444 [94b0e1e9-73dc-45be-8f98-48b9f3106c03@group-237F4780C006-FollowerState] INFO server.RaftServerConfigKeys: raft.server.rpc.first-election.timeout.min = 5s (fallback to raft.server.rpc.timeout.min)
om1_1  | 2023-03-20 06:29:50,791 [om1@group-D66704EFC61C-LeaderElection1-1] INFO server.GrpcServerProtocolClient: Build channel for om3
scm_1  | 2023-03-20 06:29:18,182 [f267f18b-cacf-415d-8c4d-555a3215a0e4-impl-thread1] INFO segmented.SegmentedRaftLogWorker: new f267f18b-cacf-415d-8c4d-555a3215a0e4@group-FD5A79BE45DE-SegmentedRaftLogWorker for RaftStorageImpl:Storage Directory /data/metadata/scm-ha/eb1f7664-a214-4204-be30-fd5a79be45de
scm_1  | 2023-03-20 06:29:18,183 [f267f18b-cacf-415d-8c4d-555a3215a0e4-impl-thread1] INFO server.RaftServerConfigKeys: raft.server.log.queue.byte-limit = 64MB (=67108864) (default)
scm_1  | 2023-03-20 06:29:18,183 [f267f18b-cacf-415d-8c4d-555a3215a0e4-impl-thread1] INFO server.RaftServerConfigKeys: raft.server.log.queue.element-limit = 4096 (default)
dn1_1  | 2023-03-20 06:29:37,828 [4545847e-3661-4ff6-b1a4-a28b9e4b550f@group-244FF79D1EB6-SegmentedRaftLogWorker] INFO segmented.SegmentedRaftLogWorker: 4545847e-3661-4ff6-b1a4-a28b9e4b550f@group-244FF79D1EB6-SegmentedRaftLogWorker: created new log segment /data/metadata/ratis/cbd5c386-f6f6-42b7-b7d4-244ff79d1eb6/current/log_inprogress_3
dn1_1  | 2023-03-20 06:29:40,837 [grpc-default-executor-0] INFO server.RaftServer$Division: 4545847e-3661-4ff6-b1a4-a28b9e4b550f@group-FD377E97EEF0: receive requestVote(PRE_VOTE, e76324db-15f4-4a88-bdcf-af3181c15cf4, group-FD377E97EEF0, 2, (t:2, i:401))
dn2_1  | 2023-03-20 06:29:31,444 [94b0e1e9-73dc-45be-8f98-48b9f3106c03@group-C4846E8815DD-FollowerState] INFO server.RaftServerConfigKeys: raft.server.rpc.first-election.timeout.min = 5s (fallback to raft.server.rpc.timeout.min)
om1_1  | 2023-03-20 06:29:50,791 [om1@group-D66704EFC61C-LeaderElection1-2] INFO server.GrpcServerProtocolClient: Build channel for om2
scm_1  | 2023-03-20 06:29:18,185 [f267f18b-cacf-415d-8c4d-555a3215a0e4-impl-thread1] INFO server.RaftServerConfigKeys: raft.server.log.segment.size.max = 4194304 (custom)
scm_1  | 2023-03-20 06:29:18,191 [f267f18b-cacf-415d-8c4d-555a3215a0e4-impl-thread1] INFO server.RaftServerConfigKeys: raft.server.log.preallocated.size = 4194304 (custom)
scm_1  | 2023-03-20 06:29:18,192 [f267f18b-cacf-415d-8c4d-555a3215a0e4-impl-thread1] INFO server.RaftServerConfigKeys: raft.server.log.force.sync.num = 128 (default)
dn1_1  | 2023-03-20 06:29:40,844 [grpc-default-executor-0] INFO impl.VoteContext: 4545847e-3661-4ff6-b1a4-a28b9e4b550f@group-FD377E97EEF0-CANDIDATE: reject PRE_VOTE from e76324db-15f4-4a88-bdcf-af3181c15cf4: our priority 1 > candidate's priority 0
dn3_1  | 2023-03-20 06:29:30,452 [e76324db-15f4-4a88-bdcf-af3181c15cf4-impl-thread2] INFO segmented.SegmentedRaftLogWorker: e76324db-15f4-4a88-bdcf-af3181c15cf4@group-237F4780C006-SegmentedRaftLogWorker: flushIndex: setUnconditionally 0 -> 403
dn2_1  | 2023-03-20 06:29:31,443 [94b0e1e9-73dc-45be-8f98-48b9f3106c03@group-FD377E97EEF0-FollowerState] INFO server.RaftServerConfigKeys: raft.server.rpc.first-election.timeout.min = 5s (fallback to raft.server.rpc.timeout.min)
scm_1  | 2023-03-20 06:29:18,193 [f267f18b-cacf-415d-8c4d-555a3215a0e4-impl-thread1] INFO server.RaftServerConfigKeys: raft.server.log.statemachine.data.sync = true (default)
dn1_1  | 2023-03-20 06:29:40,882 [grpc-default-executor-1] INFO server.RaftServer$Division: 4545847e-3661-4ff6-b1a4-a28b9e4b550f@group-237F4780C006: receive requestVote(PRE_VOTE, e76324db-15f4-4a88-bdcf-af3181c15cf4, group-237F4780C006, 2, (t:2, i:403))
om2_1  | 2023-03-20 06:29:44,042 [om2-impl-thread1] INFO server.RaftServerConfigKeys: raft.server.log.use.memory = false (default)
om2_1  | 2023-03-20 06:29:44,093 [om2-impl-thread1] INFO server.RaftServerConfigKeys: raft.server.log.purge.gap = 1000000 (custom)
dn3_1  | 2023-03-20 06:29:30,479 [e76324db-15f4-4a88-bdcf-af3181c15cf4-impl-thread2] INFO segmented.SegmentedRaftLogWorker: e76324db-15f4-4a88-bdcf-af3181c15cf4@group-237F4780C006-SegmentedRaftLogWorker: safeCacheEvictIndex: setUnconditionally 0 -> 401
dn2_1  | 2023-03-20 06:29:31,469 [94b0e1e9-73dc-45be-8f98-48b9f3106c03-impl-thread2] INFO server.RaftServerConfigKeys: raft.server.snapshot.auto.trigger.threshold = 10000 (custom)
scm_1  | 2023-03-20 06:29:18,193 [f267f18b-cacf-415d-8c4d-555a3215a0e4-impl-thread1] INFO server.RaftServerConfigKeys: raft.server.log.statemachine.data.sync.timeout = 10s (default)
dn1_1  | 2023-03-20 06:29:40,887 [grpc-default-executor-1] INFO impl.VoteContext: 4545847e-3661-4ff6-b1a4-a28b9e4b550f@group-237F4780C006-CANDIDATE: accept PRE_VOTE from e76324db-15f4-4a88-bdcf-af3181c15cf4: our priority 0 <= candidate's priority 0
om2_1  | 2023-03-20 06:29:44,095 [om2-impl-thread1] INFO server.RaftServerConfigKeys: raft.server.log.appender.buffer.byte-limit = 33554432 (custom)
om2_1  | 2023-03-20 06:29:44,118 [om2-impl-thread1] INFO server.RaftServerConfigKeys: raft.server.log.statemachine.data.read.timeout = 1000ms (default)
dn3_1  | 2023-03-20 06:29:30,485 [e76324db-15f4-4a88-bdcf-af3181c15cf4-impl-thread3] INFO server.RaftServer$Division: e76324db-15f4-4a88-bdcf-af3181c15cf4@group-FD377E97EEF0: set configuration 400: peers:[94b0e1e9-73dc-45be-8f98-48b9f3106c03|rpc:10.9.0.12:9856|admin:10.9.0.12:9857|client:10.9.0.12:9858|dataStream:10.9.0.12:9858|priority:0|startupRole:FOLLOWER, 4545847e-3661-4ff6-b1a4-a28b9e4b550f|rpc:10.9.0.11:9856|admin:10.9.0.11:9857|client:10.9.0.11:9858|dataStream:10.9.0.11:9858|priority:1|startupRole:FOLLOWER, e76324db-15f4-4a88-bdcf-af3181c15cf4|rpc:10.9.0.13:9856|admin:10.9.0.13:9857|client:10.9.0.13:9858|dataStream:10.9.0.13:9858|priority:0|startupRole:FOLLOWER]|listeners:[], old=null
dn2_1  | 2023-03-20 06:29:31,508 [94b0e1e9-73dc-45be-8f98-48b9f3106c03-impl-thread2] INFO server.RaftServerConfigKeys: raft.server.snapshot.retention.file.num = 5 (custom)
scm_1  | 2023-03-20 06:29:18,195 [f267f18b-cacf-415d-8c4d-555a3215a0e4-impl-thread1] INFO server.RaftServerConfigKeys: raft.server.log.statemachine.data.sync.timeout.retry = -1 (default)
dn1_1  | 2023-03-20 06:29:40,913 [grpc-default-executor-1] INFO server.RaftServer$Division: 4545847e-3661-4ff6-b1a4-a28b9e4b550f@group-237F4780C006 replies to PRE_VOTE vote request: e76324db-15f4-4a88-bdcf-af3181c15cf4<-4545847e-3661-4ff6-b1a4-a28b9e4b550f#0:OK-t2. Peer's state: 4545847e-3661-4ff6-b1a4-a28b9e4b550f@group-237F4780C006:t2, leader=null, voted=94b0e1e9-73dc-45be-8f98-48b9f3106c03, raftlog=Memoized:4545847e-3661-4ff6-b1a4-a28b9e4b550f@group-237F4780C006-SegmentedRaftLog:OPENED:c403, conf=402: peers:[94b0e1e9-73dc-45be-8f98-48b9f3106c03|rpc:10.9.0.12:9856|admin:10.9.0.12:9857|client:10.9.0.12:9858|dataStream:10.9.0.12:9858|priority:1|startupRole:FOLLOWER, 4545847e-3661-4ff6-b1a4-a28b9e4b550f|rpc:10.9.0.11:9856|admin:10.9.0.11:9857|client:10.9.0.11:9858|dataStream:10.9.0.11:9858|priority:0|startupRole:FOLLOWER, e76324db-15f4-4a88-bdcf-af3181c15cf4|rpc:10.9.0.13:9856|admin:10.9.0.13:9857|client:10.9.0.13:9858|dataStream:10.9.0.13:9858|priority:0|startupRole:FOLLOWER]|listeners:[], old=null
om2_1  | 2023-03-20 06:29:44,131 [om2-impl-thread1] INFO server.RaftServerConfigKeys: raft.server.log.purge.preservation.log.num = 0 (default)
om3_1  | 2023-03-20 06:29:46,073 [om3-impl-thread1] INFO segmented.LogSegment: Successfully read 2 entries from segment file /data/metadata/ratis/5cb24680-b9e7-3c90-a862-d66704efc61c/current/log_inprogress_839
dn3_1  | 2023-03-20 06:29:30,496 [e76324db-15f4-4a88-bdcf-af3181c15cf4-impl-thread3] INFO segmented.LogSegment: Successfully read 2 entries from segment file /data/metadata/ratis/f0a30a04-e8ba-483c-b88e-fd377e97eef0/current/log_inprogress_400
dn2_1  | 2023-03-20 06:29:31,509 [94b0e1e9-73dc-45be-8f98-48b9f3106c03-impl-thread2] INFO server.RaftServerConfigKeys: raft.server.log.purge.upto.snapshot.index = false (default)
om1_1  | 2023-03-20 06:29:52,582 [grpc-default-executor-1] INFO server.RaftServer$Division: om1@group-D66704EFC61C: receive requestVote(PRE_VOTE, om2, group-D66704EFC61C, 2, (t:2, i:840))
scm_1  | 2023-03-20 06:29:18,208 [f267f18b-cacf-415d-8c4d-555a3215a0e4-impl-thread1] INFO server.RaftServerConfigKeys: raft.server.log.write.buffer.size = 64KB (=65536) (default)
om3_1  | 2023-03-20 06:29:46,101 [om3-impl-thread1] INFO segmented.SegmentedRaftLogWorker: om3@group-D66704EFC61C-SegmentedRaftLogWorker: flushIndex: setUnconditionally 0 -> 840
om3_1  | 2023-03-20 06:29:46,105 [om3-impl-thread1] INFO segmented.SegmentedRaftLogWorker: om3@group-D66704EFC61C-SegmentedRaftLogWorker: safeCacheEvictIndex: setUnconditionally 0 -> -1
om1_1  | 2023-03-20 06:29:52,609 [grpc-default-executor-1] INFO impl.VoteContext: om1@group-D66704EFC61C-CANDIDATE: accept PRE_VOTE from om2: our priority 0 <= candidate's priority 0
scm_1  | 2023-03-20 06:29:18,208 [f267f18b-cacf-415d-8c4d-555a3215a0e4-impl-thread1] INFO server.RaftServerConfigKeys: raft.server.log.appender.buffer.byte-limit = 33554432 (custom)
dn3_1  | 2023-03-20 06:29:30,501 [e76324db-15f4-4a88-bdcf-af3181c15cf4-impl-thread3] INFO segmented.SegmentedRaftLogWorker: e76324db-15f4-4a88-bdcf-af3181c15cf4@group-FD377E97EEF0-SegmentedRaftLogWorker: flushIndex: setUnconditionally 0 -> 401
dn3_1  | 2023-03-20 06:29:30,501 [e76324db-15f4-4a88-bdcf-af3181c15cf4-impl-thread3] INFO segmented.SegmentedRaftLogWorker: e76324db-15f4-4a88-bdcf-af3181c15cf4@group-FD377E97EEF0-SegmentedRaftLogWorker: safeCacheEvictIndex: setUnconditionally 0 -> 399
om3_1  | 2023-03-20 06:29:46,505 [om3-impl-thread1] INFO raftlog.RaftLog: om3@group-D66704EFC61C-SegmentedRaftLog: commitIndex: updateToMax old=840, new=839, updated? false
om3_1  | 2023-03-20 06:29:46,515 [om3-impl-thread1] INFO raftlog.RaftLog: om3@group-D66704EFC61C-SegmentedRaftLog: purgeIndex: updateIncreasingly -1 -> 838
om3_1  | 2023-03-20 06:29:46,517 [om3-impl-thread1] INFO server.RaftServer$Division: om3@group-D66704EFC61C: start as a follower, conf=839: peers:[om1|rpc:om1:9872|admin:|client:|dataStream:|priority:0|startupRole:FOLLOWER, om3|rpc:om3:9872|admin:|client:|dataStream:|priority:0|startupRole:FOLLOWER, om2|rpc:om2:9872|admin:|client:|dataStream:|priority:0|startupRole:FOLLOWER]|listeners:[], old=null
scm_1  | 2023-03-20 06:29:18,223 [f267f18b-cacf-415d-8c4d-555a3215a0e4-impl-thread1] INFO server.RaftServerConfigKeys: raft.server.log.unsafe-flush.enabled = false (default)
dn3_1  | 2023-03-20 06:29:30,722 [e76324db-15f4-4a88-bdcf-af3181c15cf4-impl-thread2] INFO raftlog.RaftLog: e76324db-15f4-4a88-bdcf-af3181c15cf4@group-237F4780C006-SegmentedRaftLog: commitIndex: updateToMax old=403, new=402, updated? false
dn3_1  | 2023-03-20 06:29:30,738 [e76324db-15f4-4a88-bdcf-af3181c15cf4-impl-thread1] INFO raftlog.RaftLog: e76324db-15f4-4a88-bdcf-af3181c15cf4@group-F4BA2DBDFAA0-SegmentedRaftLog: commitIndex: updateToMax old=2, new=1, updated? false
om3_1  | 2023-03-20 06:29:46,517 [om3-impl-thread1] INFO server.RaftServer$Division: om3@group-D66704EFC61C: changes role from      null to FOLLOWER at term 2 for startAsFollower
om2_1  | 2023-03-20 06:29:44,164 [om2-impl-thread1] INFO server.RaftServerConfigKeys: raft.server.log.segment.size.max = 4194304 (custom)
om2_1  | 2023-03-20 06:29:44,197 [om2-impl-thread1] INFO server.RaftServerConfigKeys: raft.server.log.segment.cache.num.max = 2 (custom)
dn3_1  | 2023-03-20 06:29:30,739 [e76324db-15f4-4a88-bdcf-af3181c15cf4-impl-thread1] INFO server.RaftServer$Division: e76324db-15f4-4a88-bdcf-af3181c15cf4@group-F4BA2DBDFAA0: start as a follower, conf=1: peers:[e76324db-15f4-4a88-bdcf-af3181c15cf4|rpc:10.9.0.13:9856|admin:10.9.0.13:9857|client:10.9.0.13:9858|dataStream:10.9.0.13:9858|priority:1|startupRole:FOLLOWER]|listeners:[], old=null
dn3_1  | 2023-03-20 06:29:30,730 [e76324db-15f4-4a88-bdcf-af3181c15cf4-impl-thread3] INFO raftlog.RaftLog: e76324db-15f4-4a88-bdcf-af3181c15cf4@group-FD377E97EEF0-SegmentedRaftLog: commitIndex: updateToMax old=401, new=400, updated? false
om3_1  | 2023-03-20 06:29:46,527 [om3-impl-thread1] INFO impl.RoleInfo: om3: start om3@group-D66704EFC61C-FollowerState
om3_1  | 2023-03-20 06:29:46,554 [om3-impl-thread1] INFO util.JmxRegister: Successfully registered JMX Bean with object name Ratis:service=RaftServer,group=group-D66704EFC61C,id=om3
om3_1  | 2023-03-20 06:29:46,558 [om3-impl-thread1] INFO server.RaftServerConfigKeys: raft.server.snapshot.auto.trigger.enabled = true (custom)
om3_1  | 2023-03-20 06:29:46,566 [om3-impl-thread1] INFO server.RaftServerConfigKeys: raft.server.snapshot.auto.trigger.threshold = 400000 (default)
om3_1  | 2023-03-20 06:29:46,578 [om3-impl-thread1] INFO server.RaftServerConfigKeys: raft.server.snapshot.retention.file.num = -1 (default)
dn2_1  | 2023-03-20 06:29:31,509 [94b0e1e9-73dc-45be-8f98-48b9f3106c03@group-FD377E97EEF0-FollowerState] INFO server.RaftServerConfigKeys: raft.server.rpc.first-election.timeout.max = 5200ms (fallback to raft.server.rpc.timeout.max)
dn2_1  | 2023-03-20 06:29:31,510 [94b0e1e9-73dc-45be-8f98-48b9f3106c03@group-C4846E8815DD-FollowerState] INFO server.RaftServerConfigKeys: raft.server.rpc.first-election.timeout.max = 5200ms (fallback to raft.server.rpc.timeout.max)
dn2_1  | 2023-03-20 06:29:31,508 [94b0e1e9-73dc-45be-8f98-48b9f3106c03@group-237F4780C006-FollowerState] INFO server.RaftServerConfigKeys: raft.server.rpc.first-election.timeout.max = 5200ms (fallback to raft.server.rpc.timeout.max)
om3_1  | 2023-03-20 06:29:46,564 [om3@group-D66704EFC61C-FollowerState] INFO server.RaftServerConfigKeys: raft.server.rpc.first-election.timeout.min = 5s (fallback to raft.server.rpc.timeout.min)
om3_1  | 2023-03-20 06:29:46,579 [om3@group-D66704EFC61C-FollowerState] INFO server.RaftServerConfigKeys: raft.server.rpc.first-election.timeout.max = 5200ms (fallback to raft.server.rpc.timeout.max)
om3_1  | 2023-03-20 06:29:46,583 [om3-impl-thread1] INFO server.RaftServerConfigKeys: raft.server.log.purge.upto.snapshot.index = true (custom)
om3_1  | 2023-03-20 06:29:46,600 [Listener at om3/9862] INFO server.RaftServer: om3: start RPC server
om3_1  | 2023-03-20 06:29:47,004 [Listener at om3/9862] INFO server.GrpcService: om3: GrpcService started, listening on 9872
dn2_1  | 2023-03-20 06:29:31,546 [EndpointStateMachine task thread for scm/10.9.0.17:9861 - 0 ] INFO server.RaftServer: 94b0e1e9-73dc-45be-8f98-48b9f3106c03: start RPC server
dn2_1  | 2023-03-20 06:29:31,605 [EndpointStateMachine task thread for scm/10.9.0.17:9861 - 0 ] INFO server.GrpcService: 94b0e1e9-73dc-45be-8f98-48b9f3106c03: GrpcService started, listening on 9858
dn2_1  | 2023-03-20 06:29:31,634 [EndpointStateMachine task thread for scm/10.9.0.17:9861 - 0 ] INFO server.GrpcService: 94b0e1e9-73dc-45be-8f98-48b9f3106c03: GrpcService started, listening on 9856
om3_1  | 2023-03-20 06:29:47,016 [Listener at om3/9862] INFO om.OzoneManager: Version File has different layout version (3) than OM DB (null). That is expected if this OM has never been finalized to a newer layout version.
om3_1  | 2023-03-20 06:29:47,036 [JvmPauseMonitor0] INFO util.JvmPauseMonitor: JvmPauseMonitor-om3: Started
om3_1  | 2023-03-20 06:29:47,713 [Listener at om3/9862] INFO http.BaseHttpServer: Starting Web-server for ozoneManager at: http://0.0.0.0:9874
om3_1  | 2023-03-20 06:29:47,720 [Listener at om3/9862] INFO http.BaseHttpServer: Hadoop Security Enabled: false Ozone Security Enabled: false Ozone HTTP Security Enabled: false 
om3_1  | 2023-03-20 06:29:47,978 [Listener at om3/9862] INFO util.log: Logging initialized @71130ms to org.eclipse.jetty.util.log.Slf4jLog
om3_1  | 2023-03-20 06:29:48,728 [Listener at om3/9862] WARN server.AuthenticationFilter: Unable to initialize FileSignerSecretProvider, falling back to use random secrets. Reason: Could not read signature secret file: /opt/hadoop/hadoop-http-auth-signature-secret
om3_1  | 2023-03-20 06:29:48,755 [Listener at om3/9862] INFO http.HttpRequestLog: Http request log for http.requests.ozoneManager is not defined
dn2_1  | 2023-03-20 06:29:31,669 [EndpointStateMachine task thread for scm/10.9.0.17:9861 - 0 ] INFO server.GrpcService: 94b0e1e9-73dc-45be-8f98-48b9f3106c03: GrpcService started, listening on 9857
scm_1  | 2023-03-20 06:29:18,225 [f267f18b-cacf-415d-8c4d-555a3215a0e4-impl-thread1] INFO server.RaftServerConfigKeys: raft.server.log.async-flush.enabled = false (default)
dn3_1  | 2023-03-20 06:29:30,739 [e76324db-15f4-4a88-bdcf-af3181c15cf4-impl-thread1] INFO server.RaftServer$Division: e76324db-15f4-4a88-bdcf-af3181c15cf4@group-F4BA2DBDFAA0: changes role from      null to FOLLOWER at term 2 for startAsFollower
om3_1  | 2023-03-20 06:29:48,820 [Listener at om3/9862] INFO http.HttpServer2: Added global filter 'safety' (class=org.apache.hadoop.hdds.server.http.HttpServer2$QuotingInputFilter)
om3_1  | 2023-03-20 06:29:48,828 [Listener at om3/9862] INFO http.HttpServer2: Added filter static_user_filter (class=org.apache.hadoop.http.lib.StaticUserWebFilter$StaticUserFilter) to context ozoneManager
