dn1_1  | 2023-03-20 06:29:31,361 [4545847e-3661-4ff6-b1a4-a28b9e4b550f-impl-thread1] INFO server.RaftServerConfigKeys: raft.server.snapshot.auto.trigger.threshold = 10000 (custom)
dn1_1  | 2023-03-20 06:29:31,361 [4545847e-3661-4ff6-b1a4-a28b9e4b550f-impl-thread1] INFO server.RaftServerConfigKeys: raft.server.snapshot.retention.file.num = 5 (custom)
om2_1  | 2023-03-20 06:29:34,007 [Finalizer] WARN managed.ManagedRocksObjectUtils: ManagedColumnFamilyOptions is not closed properly
om2_1  | 2023-03-20 06:29:34,016 [Finalizer] WARN managed.ManagedRocksObjectUtils: ManagedColumnFamilyOptions is not closed properly
om2_1  | 2023-03-20 06:29:34,020 [Finalizer] WARN managed.ManagedRocksObjectUtils: ManagedColumnFamilyOptions is not closed properly
om1_1  | 2023-03-20 06:29:43,701 [Listener at om1/9862] INFO impl.MetricsSystemImpl: Scheduled Metric snapshot period at 10 second(s).
om1_1  | 2023-03-20 06:29:43,704 [Listener at om1/9862] INFO impl.MetricsSystemImpl: OzoneManager metrics system started
om1_1  | 2023-03-20 06:29:44,120 [Listener at om1/9862] INFO om.OzoneManager: OzoneManager RPC server is listening at om1/10.9.0.14:9862
om1_1  | 2023-03-20 06:29:44,120 [Listener at om1/9862] INFO ratis.OzoneManagerRatisServer: Starting OzoneManagerRatisServer om1 at port 9872
om1_1  | 2023-03-20 06:29:44,160 [om1-impl-thread1] INFO storage.RaftStorageDirectory: Lock on /data/metadata/ratis/5cb24680-b9e7-3c90-a862-d66704efc61c/in_use.lock acquired by nodename 7@becbef50eba9
om2_1  | 2023-03-20 06:29:34,021 [Finalizer] WARN managed.ManagedRocksObjectUtils: RocksIterator is not closed properly
om3_1  | 2023-03-20 06:29:37,326 [main] INFO server.RaftServerConfigKeys: raft.server.threadpool.proxy.size = 0 (default)
om3_1  | 2023-03-20 06:29:37,327 [main] INFO server.RaftServerConfigKeys: raft.server.rpc.slowness.timeout = 120s (custom)
om3_1  | 2023-03-20 06:29:37,378 [main] INFO server.RaftServerConfigKeys: raft.server.leaderelection.leader.step-down.wait-time = 10s (default)
scm_1  | 2023-03-20 06:29:16,421 [main] INFO algorithms.ContainerPlacementPolicyFactory: Create container placement policy of type org.apache.hadoop.hdds.scm.container.placement.algorithms.SCMContainerPlacementRackScatter
scm_1  | 2023-03-20 06:29:16,515 [main] INFO algorithms.LeaderChoosePolicyFactory: Create leader choose policy of type org.apache.hadoop.hdds.scm.pipeline.leader.choose.algorithms.MinLeaderCountChoosePolicy
dn2_1  | 2023-03-20 06:29:28,259 [94b0e1e9-73dc-45be-8f98-48b9f3106c03-impl-thread3] INFO server.RaftServerConfigKeys: raft.server.log.unsafe-flush.enabled = false (default)
dn2_1  | 2023-03-20 06:29:28,268 [94b0e1e9-73dc-45be-8f98-48b9f3106c03-impl-thread3] INFO server.RaftServerConfigKeys: raft.server.log.async-flush.enabled = false (default)
om3_1  | 2023-03-20 06:29:37,443 [main] INFO server.RaftServerConfigKeys: raft.server.storage.dir = [/data/metadata/ratis] (custom)
dn3_1  | 2023-03-20 06:29:26,779 [e76324db-15f4-4a88-bdcf-af3181c15cf4-impl-thread3] INFO server.RaftServerConfigKeys: raft.server.log.segment.size.max = 1048576 (custom)
om2_1  | 2023-03-20 06:29:34,275 [main] INFO server.RaftServer: raft.rpc.type = GRPC (default)
om1_1  | 2023-03-20 06:29:44,184 [om1-impl-thread1] INFO storage.RaftStorage: Read RaftStorageMetadata{term=2, votedFor=om3} from /data/metadata/ratis/5cb24680-b9e7-3c90-a862-d66704efc61c/current/raft-meta
om1_1  | 2023-03-20 06:29:44,316 [om1-impl-thread1] INFO server.RaftServer$Division: om1@group-D66704EFC61C: set configuration 839: peers:[om1|rpc:om1:9872|admin:|client:|dataStream:|priority:0|startupRole:FOLLOWER, om3|rpc:om3:9872|admin:|client:|dataStream:|priority:0|startupRole:FOLLOWER, om2|rpc:om2:9872|admin:|client:|dataStream:|priority:0|startupRole:FOLLOWER]|listeners:[], old=null
dn2_1  | 2023-03-20 06:29:28,275 [94b0e1e9-73dc-45be-8f98-48b9f3106c03-impl-thread3] INFO server.RaftServerConfigKeys: raft.server.log.statemachine.data.caching.enabled = true (custom)
dn2_1  | 2023-03-20 06:29:28,418 [94b0e1e9-73dc-45be-8f98-48b9f3106c03-impl-thread3] INFO server.RaftServer$Division: 94b0e1e9-73dc-45be-8f98-48b9f3106c03@group-FD377E97EEF0: set configuration 0: peers:[94b0e1e9-73dc-45be-8f98-48b9f3106c03|rpc:10.9.0.12:9856|admin:10.9.0.12:9857|client:10.9.0.12:9858|dataStream:10.9.0.12:9858|priority:0|startupRole:FOLLOWER, 4545847e-3661-4ff6-b1a4-a28b9e4b550f|rpc:10.9.0.11:9856|admin:10.9.0.11:9857|client:10.9.0.11:9858|dataStream:10.9.0.11:9858|priority:1|startupRole:FOLLOWER, e76324db-15f4-4a88-bdcf-af3181c15cf4|rpc:10.9.0.13:9856|admin:10.9.0.13:9857|client:10.9.0.13:9858|dataStream:10.9.0.13:9858|priority:0|startupRole:FOLLOWER]|listeners:[], old=null
om3_1  | 2023-03-20 06:29:37,504 [om3-impl-thread1] INFO server.RaftServer: om3: found a subdirectory /data/metadata/ratis/5cb24680-b9e7-3c90-a862-d66704efc61c
dn3_1  | 2023-03-20 06:29:26,784 [e76324db-15f4-4a88-bdcf-af3181c15cf4-impl-thread3] INFO server.RaftServerConfigKeys: raft.server.log.preallocated.size = 16384 (custom)
om2_1  | 2023-03-20 06:29:34,643 [main] INFO grpc.GrpcConfigKeys: raft.grpc.admin.host = null (fallback to raft.grpc.server.host)
om1_1  | 2023-03-20 06:29:44,340 [om1-impl-thread1] INFO server.RaftServerConfigKeys: raft.server.log.use.memory = false (default)
om1_1  | 2023-03-20 06:29:44,460 [om1-impl-thread1] INFO server.RaftServerConfigKeys: raft.server.log.purge.gap = 1000000 (custom)
om1_1  | 2023-03-20 06:29:44,461 [om1-impl-thread1] INFO server.RaftServerConfigKeys: raft.server.log.appender.buffer.byte-limit = 33554432 (custom)
om1_1  | 2023-03-20 06:29:44,492 [om1-impl-thread1] INFO server.RaftServerConfigKeys: raft.server.log.statemachine.data.read.timeout = 1000ms (default)
om1_1  | 2023-03-20 06:29:44,497 [om1-impl-thread1] INFO server.RaftServerConfigKeys: raft.server.log.purge.preservation.log.num = 0 (default)
om1_1  | 2023-03-20 06:29:44,565 [om1-impl-thread1] INFO server.RaftServerConfigKeys: raft.server.log.segment.size.max = 4194304 (custom)
dn3_1  | 2023-03-20 06:29:26,785 [e76324db-15f4-4a88-bdcf-af3181c15cf4-impl-thread3] INFO server.RaftServerConfigKeys: raft.server.log.force.sync.num = 128 (default)
dn3_1  | 2023-03-20 06:29:26,790 [e76324db-15f4-4a88-bdcf-af3181c15cf4-impl-thread3] INFO server.RaftServerConfigKeys: raft.server.log.statemachine.data.sync = true (default)
dn3_1  | 2023-03-20 06:29:26,794 [e76324db-15f4-4a88-bdcf-af3181c15cf4-impl-thread3] INFO server.RaftServerConfigKeys: raft.server.log.statemachine.data.sync.timeout = 10s (default)
om1_1  | 2023-03-20 06:29:44,603 [om1-impl-thread1] INFO server.RaftServerConfigKeys: raft.server.log.segment.cache.num.max = 2 (custom)
om1_1  | 2023-03-20 06:29:44,611 [om1-impl-thread1] INFO server.RaftServerConfigKeys: raft.server.log.segment.cache.size.max = 200MB (=209715200) (default)
om1_1  | 2023-03-20 06:29:44,650 [om1-impl-thread1] INFO segmented.SegmentedRaftLogWorker: new om1@group-D66704EFC61C-SegmentedRaftLogWorker for RaftStorageImpl:Storage Directory /data/metadata/ratis/5cb24680-b9e7-3c90-a862-d66704efc61c
dn2_1  | 2023-03-20 06:29:28,420 [94b0e1e9-73dc-45be-8f98-48b9f3106c03-impl-thread1] INFO server.RaftServer$Division: 94b0e1e9-73dc-45be-8f98-48b9f3106c03@group-C4846E8815DD: set configuration 0: peers:[94b0e1e9-73dc-45be-8f98-48b9f3106c03|rpc:10.9.0.12:9856|admin:10.9.0.12:9857|client:10.9.0.12:9858|dataStream:10.9.0.12:9858|priority:1|startupRole:FOLLOWER]|listeners:[], old=null
scm_1  | 2023-03-20 06:29:16,516 [main] INFO algorithms.ContainerPlacementPolicyFactory: Create container placement policy of type org.apache.hadoop.hdds.scm.container.placement.algorithms.SCMContainerPlacementRackScatter
dn3_1  | 2023-03-20 06:29:26,794 [e76324db-15f4-4a88-bdcf-af3181c15cf4-impl-thread2] INFO server.RaftServerConfigKeys: raft.server.log.force.sync.num = 128 (default)
dn1_1  | 2023-03-20 06:29:31,362 [4545847e-3661-4ff6-b1a4-a28b9e4b550f-impl-thread1] INFO server.RaftServerConfigKeys: raft.server.log.purge.upto.snapshot.index = false (default)
om2_1  | 2023-03-20 06:29:34,665 [main] INFO grpc.GrpcConfigKeys: raft.grpc.admin.port = 9872 (fallback to raft.grpc.server.port)
om2_1  | 2023-03-20 06:29:34,673 [main] INFO grpc.GrpcConfigKeys: raft.grpc.client.host = null (fallback to raft.grpc.server.host)
om2_1  | 2023-03-20 06:29:34,677 [main] INFO grpc.GrpcConfigKeys: raft.grpc.client.port = 9872 (fallback to raft.grpc.server.port)
om1_1  | 2023-03-20 06:29:44,658 [om1-impl-thread1] INFO server.RaftServerConfigKeys: raft.server.log.queue.byte-limit = 64MB (=67108864) (default)
dn2_1  | 2023-03-20 06:29:28,436 [94b0e1e9-73dc-45be-8f98-48b9f3106c03-impl-thread1] INFO segmented.LogSegment: Successfully read 1 entries from segment file /data/metadata/ratis/c2a9dd7a-e57b-4182-9d0f-c4846e8815dd/current/log_0-0
scm_1  | 2023-03-20 06:29:16,525 [main] INFO ha.SCMServiceManager: Registering service BackgroundPipelineCreator.
dn3_1  | 2023-03-20 06:29:26,797 [e76324db-15f4-4a88-bdcf-af3181c15cf4-impl-thread2] INFO server.RaftServerConfigKeys: raft.server.log.statemachine.data.sync = true (default)
dn3_1  | 2023-03-20 06:29:26,808 [e76324db-15f4-4a88-bdcf-af3181c15cf4-impl-thread2] INFO server.RaftServerConfigKeys: raft.server.log.statemachine.data.sync.timeout = 10s (default)
dn3_1  | 2023-03-20 06:29:26,815 [e76324db-15f4-4a88-bdcf-af3181c15cf4-impl-thread2] INFO server.RaftServerConfigKeys: raft.server.log.statemachine.data.sync.timeout.retry = -1 (default)
om1_1  | 2023-03-20 06:29:44,660 [om1-impl-thread1] INFO server.RaftServerConfigKeys: raft.server.log.queue.element-limit = 4096 (default)
dn2_1  | 2023-03-20 06:29:28,465 [94b0e1e9-73dc-45be-8f98-48b9f3106c03-impl-thread2] INFO server.RaftServer$Division: 94b0e1e9-73dc-45be-8f98-48b9f3106c03@group-237F4780C006: set configuration 0: peers:[94b0e1e9-73dc-45be-8f98-48b9f3106c03|rpc:10.9.0.12:9856|admin:10.9.0.12:9857|client:10.9.0.12:9858|dataStream:10.9.0.12:9858|priority:1|startupRole:FOLLOWER, 4545847e-3661-4ff6-b1a4-a28b9e4b550f|rpc:10.9.0.11:9856|admin:10.9.0.11:9857|client:10.9.0.11:9858|dataStream:10.9.0.11:9858|priority:0|startupRole:FOLLOWER, e76324db-15f4-4a88-bdcf-af3181c15cf4|rpc:10.9.0.13:9856|admin:10.9.0.13:9857|client:10.9.0.13:9858|dataStream:10.9.0.13:9858|priority:0|startupRole:FOLLOWER]|listeners:[], old=null
scm_1  | 2023-03-20 06:29:16,525 [main] INFO pipeline.BackgroundPipelineCreator: Starting RatisPipelineUtilsThread.
dn3_1  | 2023-03-20 06:29:26,792 [e76324db-15f4-4a88-bdcf-af3181c15cf4-impl-thread1] INFO segmented.SegmentedRaftLogWorker: new e76324db-15f4-4a88-bdcf-af3181c15cf4@group-F4BA2DBDFAA0-SegmentedRaftLogWorker for RaftStorageImpl:Storage Directory /data/metadata/ratis/edbb77b7-7794-47a5-9b0f-f4ba2dbdfaa0
dn1_1  | 2023-03-20 06:29:31,364 [4545847e-3661-4ff6-b1a4-a28b9e4b550f@group-244FF79D1EB6-FollowerState] INFO server.RaftServerConfigKeys: raft.server.rpc.first-election.timeout.min = 5s (fallback to raft.server.rpc.timeout.min)
dn1_1  | 2023-03-20 06:29:31,388 [4545847e-3661-4ff6-b1a4-a28b9e4b550f@group-244FF79D1EB6-FollowerState] INFO server.RaftServerConfigKeys: raft.server.rpc.first-election.timeout.max = 5200ms (fallback to raft.server.rpc.timeout.max)
om1_1  | 2023-03-20 06:29:44,666 [om1-impl-thread1] INFO server.RaftServerConfigKeys: raft.server.log.segment.size.max = 4194304 (custom)
dn2_1  | 2023-03-20 06:29:28,624 [94b0e1e9-73dc-45be-8f98-48b9f3106c03-impl-thread1] INFO server.RaftServer$Division: 94b0e1e9-73dc-45be-8f98-48b9f3106c03@group-C4846E8815DD: set configuration 1: peers:[94b0e1e9-73dc-45be-8f98-48b9f3106c03|rpc:10.9.0.12:9856|admin:10.9.0.12:9857|client:10.9.0.12:9858|dataStream:10.9.0.12:9858|priority:1|startupRole:FOLLOWER]|listeners:[], old=null
scm_1  | 2023-03-20 06:29:16,534 [main] INFO BackgroundPipelineScrubber: Starting BackgroundPipelineScrubber Service.
dn3_1  | 2023-03-20 06:29:26,823 [e76324db-15f4-4a88-bdcf-af3181c15cf4-impl-thread1] INFO server.RaftServerConfigKeys: raft.server.log.queue.byte-limit = 4294967296 (custom)
dn1_1  | 2023-03-20 06:29:31,388 [EndpointStateMachine task thread for scm/10.9.0.17:9861 - 0 ] INFO server.RaftServer: 4545847e-3661-4ff6-b1a4-a28b9e4b550f: start RPC server
dn1_1  | 2023-03-20 06:29:31,414 [EndpointStateMachine task thread for scm/10.9.0.17:9861 - 0 ] INFO server.GrpcService: 4545847e-3661-4ff6-b1a4-a28b9e4b550f: GrpcService started, listening on 9858
om1_1  | 2023-03-20 06:29:44,672 [om1-impl-thread1] INFO server.RaftServerConfigKeys: raft.server.log.preallocated.size = 4194304 (custom)
om1_1  | 2023-03-20 06:29:44,674 [om1-impl-thread1] INFO server.RaftServerConfigKeys: raft.server.log.force.sync.num = 128 (default)
om1_1  | 2023-03-20 06:29:44,677 [om1-impl-thread1] INFO server.RaftServerConfigKeys: raft.server.log.statemachine.data.sync = true (default)
om1_1  | 2023-03-20 06:29:44,684 [om1-impl-thread1] INFO server.RaftServerConfigKeys: raft.server.log.statemachine.data.sync.timeout = 10s (default)
dn3_1  | 2023-03-20 06:29:26,816 [e76324db-15f4-4a88-bdcf-af3181c15cf4-impl-thread3] INFO server.RaftServerConfigKeys: raft.server.log.statemachine.data.sync.timeout.retry = -1 (default)
dn2_1  | 2023-03-20 06:29:28,635 [94b0e1e9-73dc-45be-8f98-48b9f3106c03-impl-thread1] INFO segmented.LogSegment: Successfully read 2 entries from segment file /data/metadata/ratis/c2a9dd7a-e57b-4182-9d0f-c4846e8815dd/current/log_inprogress_1
scm_1  | 2023-03-20 06:29:16,535 [main] INFO ha.SCMServiceManager: Registering service BackgroundPipelineScrubber.
scm_1  | 2023-03-20 06:29:16,541 [main] INFO ExpiredContainerReplicaOpScrubber: Starting ExpiredContainerReplicaOpScrubber Service.
dn1_1  | 2023-03-20 06:29:31,416 [EndpointStateMachine task thread for scm/10.9.0.17:9861 - 0 ] INFO server.GrpcService: 4545847e-3661-4ff6-b1a4-a28b9e4b550f: GrpcService started, listening on 9856
om3_1  | 2023-03-20 06:29:37,621 [main] INFO server.RaftServer: om3: addNew group-D66704EFC61C:[om1|rpc:om1:9872|priority:0|startupRole:FOLLOWER, om3|rpc:om3:9872|priority:0|startupRole:FOLLOWER, om2|rpc:om2:9872|priority:0|startupRole:FOLLOWER] returns group-D66704EFC61C:java.util.concurrent.CompletableFuture@7926352f[Not completed]
dn3_1  | 2023-03-20 06:29:26,861 [e76324db-15f4-4a88-bdcf-af3181c15cf4-impl-thread1] INFO server.RaftServerConfigKeys: raft.server.log.queue.element-limit = 1024 (custom)
dn3_1  | 2023-03-20 06:29:26,862 [e76324db-15f4-4a88-bdcf-af3181c15cf4-impl-thread1] INFO server.RaftServerConfigKeys: raft.server.log.segment.size.max = 1048576 (custom)
scm_1  | 2023-03-20 06:29:16,541 [main] INFO ha.SCMServiceManager: Registering service ExpiredContainerReplicaOpScrubber.
om2_1  | 2023-03-20 06:29:34,678 [main] INFO grpc.GrpcConfigKeys: raft.grpc.server.host = null (default)
dn1_1  | 2023-03-20 06:29:31,418 [EndpointStateMachine task thread for scm/10.9.0.17:9861 - 0 ] INFO server.GrpcService: 4545847e-3661-4ff6-b1a4-a28b9e4b550f: GrpcService started, listening on 9857
om3_1  | 2023-03-20 06:29:37,622 [main] INFO om.OzoneManager: OzoneManager Ratis server initialized at port 9872
dn3_1  | 2023-03-20 06:29:26,862 [e76324db-15f4-4a88-bdcf-af3181c15cf4-impl-thread1] INFO server.RaftServerConfigKeys: raft.server.log.preallocated.size = 16384 (custom)
dn3_1  | 2023-03-20 06:29:26,862 [e76324db-15f4-4a88-bdcf-af3181c15cf4-impl-thread1] INFO server.RaftServerConfigKeys: raft.server.log.force.sync.num = 128 (default)
scm_1  | 2023-03-20 06:29:16,619 [main] INFO algorithms.PipelineChoosePolicyFactory: Create pipeline choose policy of type org.apache.hadoop.hdds.scm.pipeline.choose.algorithms.RandomPipelineChoosePolicy
om2_1  | 2023-03-20 06:29:34,678 [main] INFO grpc.GrpcConfigKeys: raft.grpc.server.port = 9872 (custom)
dn1_1  | 2023-03-20 06:29:31,448 [EndpointStateMachine task thread for scm/10.9.0.17:9861 - 0 ] INFO ratis.XceiverServerRatis: XceiverServerRatis 4545847e-3661-4ff6-b1a4-a28b9e4b550f is started using port 9858 for RATIS
om3_1  | 2023-03-20 06:29:37,630 [main] INFO om.OzoneManager: Creating RPC Server
dn3_1  | 2023-03-20 06:29:26,863 [e76324db-15f4-4a88-bdcf-af3181c15cf4-impl-thread1] INFO server.RaftServerConfigKeys: raft.server.log.statemachine.data.sync = true (default)
dn3_1  | 2023-03-20 06:29:26,863 [e76324db-15f4-4a88-bdcf-af3181c15cf4-impl-thread1] INFO server.RaftServerConfigKeys: raft.server.log.statemachine.data.sync.timeout = 10s (default)
dn2_1  | 2023-03-20 06:29:28,695 [94b0e1e9-73dc-45be-8f98-48b9f3106c03-impl-thread1] INFO segmented.SegmentedRaftLogWorker: 94b0e1e9-73dc-45be-8f98-48b9f3106c03@group-C4846E8815DD-SegmentedRaftLogWorker: flushIndex: setUnconditionally 0 -> 2
scm_1  | 2023-03-20 06:29:16,656 [main] INFO ha.SCMServiceManager: Registering service SCMBlockDeletingService.
om2_1  | 2023-03-20 06:29:34,682 [main] INFO server.GrpcService: raft.grpc.message.size.max = 33554432 (custom)
om3_1  | 2023-03-20 06:29:38,127 [pool-29-thread-1] INFO server.RaftServer$Division: om3: new RaftServerImpl for group-D66704EFC61C:[om1|rpc:om1:9872|priority:0|startupRole:FOLLOWER, om3|rpc:om3:9872|priority:0|startupRole:FOLLOWER, om2|rpc:om2:9872|priority:0|startupRole:FOLLOWER] with OzoneManagerStateMachine:uninitialized
dn1_1  | 2023-03-20 06:29:31,451 [EndpointStateMachine task thread for scm/10.9.0.17:9861 - 0 ] INFO ratis.XceiverServerRatis: XceiverServerRatis 4545847e-3661-4ff6-b1a4-a28b9e4b550f is started using port 9857 for RATIS_ADMIN
dn1_1  | 2023-03-20 06:29:31,458 [EndpointStateMachine task thread for scm/10.9.0.17:9861 - 0 ] INFO ratis.XceiverServerRatis: XceiverServerRatis 4545847e-3661-4ff6-b1a4-a28b9e4b550f is started using port 9856 for RATIS_SERVER
dn1_1  | 2023-03-20 06:29:31,459 [JvmPauseMonitor0] INFO util.JvmPauseMonitor: JvmPauseMonitor-4545847e-3661-4ff6-b1a4-a28b9e4b550f: Started
dn2_1  | 2023-03-20 06:29:28,697 [94b0e1e9-73dc-45be-8f98-48b9f3106c03-impl-thread1] INFO segmented.SegmentedRaftLogWorker: 94b0e1e9-73dc-45be-8f98-48b9f3106c03@group-C4846E8815DD-SegmentedRaftLogWorker: safeCacheEvictIndex: setUnconditionally 0 -> 0
scm_1  | 2023-03-20 06:29:16,738 [main] INFO replication.ReplicationManager: Starting Replication Monitor Thread.
scm_1  | 2023-03-20 06:29:16,756 [main] INFO ha.SCMServiceManager: Registering service ReplicationManager.
om1_1  | 2023-03-20 06:29:44,685 [om1-impl-thread1] INFO server.RaftServerConfigKeys: raft.server.log.statemachine.data.sync.timeout.retry = -1 (default)
dn2_1  | 2023-03-20 06:29:30,429 [94b0e1e9-73dc-45be-8f98-48b9f3106c03-impl-thread2] INFO segmented.LogSegment: Successfully read 402 entries from segment file /data/metadata/ratis/bcc455bc-e8e4-4501-a2d8-237f4780c006/current/log_0-401
dn1_1  | 2023-03-20 06:29:31,603 [BlockDeletingService#0] INFO interfaces.ContainerDeletionChoosingPolicyTemplate: Chosen 0/5000 blocks from 0 candidate containers.
dn1_1  | 2023-03-20 06:29:36,380 [4545847e-3661-4ff6-b1a4-a28b9e4b550f@group-FD377E97EEF0-FollowerState] INFO impl.FollowerState: 4545847e-3661-4ff6-b1a4-a28b9e4b550f@group-FD377E97EEF0-FollowerState: change to CANDIDATE, lastRpcElapsedTime:5210415570ns, electionTimeout:5065ms
om3_1  | 2023-03-20 06:29:38,173 [pool-29-thread-1] INFO server.RaftServerConfigKeys: raft.server.rpc.timeout.min = 5s (custom)
om2_1  | 2023-03-20 06:29:34,687 [main] INFO server.RaftServerConfigKeys: raft.server.log.appender.buffer.byte-limit = 33554432 (custom)
om1_1  | 2023-03-20 06:29:44,753 [om1-impl-thread1] INFO server.RaftServerConfigKeys: raft.server.log.write.buffer.size = 64KB (=65536) (default)
om1_1  | 2023-03-20 06:29:44,762 [om1-impl-thread1] INFO server.RaftServerConfigKeys: raft.server.log.appender.buffer.byte-limit = 33554432 (custom)
om1_1  | 2023-03-20 06:29:44,852 [om1-impl-thread1] INFO server.RaftServerConfigKeys: raft.server.log.unsafe-flush.enabled = false (default)
om3_1  | 2023-03-20 06:29:38,191 [pool-29-thread-1] INFO server.RaftServerConfigKeys: raft.server.rpc.timeout.max = 5200ms (custom)
om2_1  | 2023-03-20 06:29:34,689 [main] INFO server.GrpcService: raft.grpc.flow.control.window = 1MB (=1048576) (default)
om1_1  | 2023-03-20 06:29:44,859 [om1-impl-thread1] INFO server.RaftServerConfigKeys: raft.server.log.async-flush.enabled = false (default)
om1_1  | 2023-03-20 06:29:44,863 [om1-impl-thread1] INFO server.RaftServerConfigKeys: raft.server.log.statemachine.data.caching.enabled = false (default)
om1_1  | 2023-03-20 06:29:45,075 [om1-impl-thread1] INFO server.RaftServer$Division: om1@group-D66704EFC61C: set configuration 839: peers:[om1|rpc:om1:9872|admin:|client:|dataStream:|priority:0|startupRole:FOLLOWER, om3|rpc:om3:9872|admin:|client:|dataStream:|priority:0|startupRole:FOLLOWER, om2|rpc:om2:9872|admin:|client:|dataStream:|priority:0|startupRole:FOLLOWER]|listeners:[], old=null
om3_1  | 2023-03-20 06:29:38,194 [pool-29-thread-1] INFO server.RaftServerConfigKeys: raft.server.rpc.sleep.time = 25ms (default)
om2_1  | 2023-03-20 06:29:34,690 [main] INFO server.RaftServerConfigKeys: raft.server.rpc.request.timeout = 3000ms (default)
om1_1  | 2023-03-20 06:29:45,136 [om1-impl-thread1] INFO segmented.LogSegment: Successfully read 2 entries from segment file /data/metadata/ratis/5cb24680-b9e7-3c90-a862-d66704efc61c/current/log_inprogress_839
om1_1  | 2023-03-20 06:29:45,143 [om1-impl-thread1] INFO segmented.SegmentedRaftLogWorker: om1@group-D66704EFC61C-SegmentedRaftLogWorker: flushIndex: setUnconditionally 0 -> 840
om1_1  | 2023-03-20 06:29:45,175 [om1-impl-thread1] INFO segmented.SegmentedRaftLogWorker: om1@group-D66704EFC61C-SegmentedRaftLogWorker: safeCacheEvictIndex: setUnconditionally 0 -> -1
om3_1  | 2023-03-20 06:29:38,199 [pool-29-thread-1] INFO server.RaftServerConfigKeys: raft.server.rpc.slowness.timeout = 120s (custom)
om2_1  | 2023-03-20 06:29:34,728 [main] INFO grpc.GrpcConfigKeys: raft.grpc.server.heartbeat.channel = true (default)
dn3_1  | 2023-03-20 06:29:26,870 [e76324db-15f4-4a88-bdcf-af3181c15cf4-impl-thread1] INFO server.RaftServerConfigKeys: raft.server.log.statemachine.data.sync.timeout.retry = -1 (default)
dn3_1  | 2023-03-20 06:29:26,929 [e76324db-15f4-4a88-bdcf-af3181c15cf4-impl-thread1] INFO server.RaftServerConfigKeys: raft.server.log.write.buffer.size = 1048576 (custom)
dn3_1  | 2023-03-20 06:29:26,930 [e76324db-15f4-4a88-bdcf-af3181c15cf4-impl-thread3] INFO server.RaftServerConfigKeys: raft.server.log.write.buffer.size = 1048576 (custom)
om3_1  | 2023-03-20 06:29:38,203 [pool-29-thread-1] INFO server.RaftServerConfigKeys: raft.server.leaderelection.leader.step-down.wait-time = 10s (default)
om2_1  | 2023-03-20 06:29:34,745 [main] INFO grpc.GrpcConfigKeys: raft.grpc.server.async.request.thread.pool.cached = true (default)
dn3_1  | 2023-03-20 06:29:26,932 [e76324db-15f4-4a88-bdcf-af3181c15cf4-impl-thread1] INFO server.RaftServerConfigKeys: raft.server.log.appender.buffer.byte-limit = 33554432 (custom)
dn3_1  | 2023-03-20 06:29:26,933 [e76324db-15f4-4a88-bdcf-af3181c15cf4-impl-thread3] INFO server.RaftServerConfigKeys: raft.server.log.appender.buffer.byte-limit = 33554432 (custom)
dn3_1  | 2023-03-20 06:29:26,934 [e76324db-15f4-4a88-bdcf-af3181c15cf4-impl-thread2] INFO server.RaftServerConfigKeys: raft.server.log.write.buffer.size = 1048576 (custom)
om3_1  | 2023-03-20 06:29:38,206 [pool-29-thread-1] INFO server.RaftServerConfigKeys: raft.server.sleep.deviation.threshold = 300ms (default)
om2_1  | 2023-03-20 06:29:34,746 [main] INFO grpc.GrpcConfigKeys: raft.grpc.server.async.request.thread.pool.size = 32 (default)
dn3_1  | 2023-03-20 06:29:27,886 [e76324db-15f4-4a88-bdcf-af3181c15cf4-impl-thread2] INFO server.RaftServerConfigKeys: raft.server.log.appender.buffer.byte-limit = 33554432 (custom)
dn1_1  | 2023-03-20 06:29:36,382 [4545847e-3661-4ff6-b1a4-a28b9e4b550f@group-FD377E97EEF0-FollowerState] INFO impl.RoleInfo: 4545847e-3661-4ff6-b1a4-a28b9e4b550f: shutdown 4545847e-3661-4ff6-b1a4-a28b9e4b550f@group-FD377E97EEF0-FollowerState
dn1_1  | 2023-03-20 06:29:36,382 [4545847e-3661-4ff6-b1a4-a28b9e4b550f@group-FD377E97EEF0-FollowerState] INFO server.RaftServer$Division: 4545847e-3661-4ff6-b1a4-a28b9e4b550f@group-FD377E97EEF0: changes role from  FOLLOWER to CANDIDATE at term 2 for changeToCandidate
om3_1  | 2023-03-20 06:29:38,374 [pool-29-thread-1] INFO server.RaftServer$Division: om3@group-D66704EFC61C: ConfigurationManager, init=-1: peers:[om1|rpc:om1:9872|priority:0|startupRole:FOLLOWER, om3|rpc:om3:9872|priority:0|startupRole:FOLLOWER, om2|rpc:om2:9872|priority:0|startupRole:FOLLOWER]|listeners:[], old=null, confs=<EMPTY_MAP>
om2_1  | 2023-03-20 06:29:35,537 [main] INFO impl.DataStreamServerImpl: raft.datastream.type = DISABLED (default)
dn3_1  | 2023-03-20 06:29:27,881 [e76324db-15f4-4a88-bdcf-af3181c15cf4-impl-thread1] INFO server.RaftServerConfigKeys: raft.server.log.unsafe-flush.enabled = false (default)
dn3_1  | 2023-03-20 06:29:27,891 [e76324db-15f4-4a88-bdcf-af3181c15cf4-impl-thread1] INFO server.RaftServerConfigKeys: raft.server.log.async-flush.enabled = false (default)
dn1_1  | 2023-03-20 06:29:36,385 [4545847e-3661-4ff6-b1a4-a28b9e4b550f@group-FD377E97EEF0-FollowerState] INFO server.RaftServerConfigKeys: raft.server.leaderelection.pre-vote = true (default)
om3_1  | 2023-03-20 06:29:38,422 [pool-29-thread-1] INFO server.RaftServerConfigKeys: raft.server.storage.dir = [/data/metadata/ratis] (custom)
om2_1  | 2023-03-20 06:29:35,546 [main] INFO server.RaftServerConfigKeys: raft.server.threadpool.proxy.cached = true (default)
om1_1  | 2023-03-20 06:29:45,466 [om1-impl-thread1] INFO raftlog.RaftLog: om1@group-D66704EFC61C-SegmentedRaftLog: commitIndex: updateToMax old=840, new=839, updated? false
om1_1  | 2023-03-20 06:29:45,477 [om1-impl-thread1] INFO raftlog.RaftLog: om1@group-D66704EFC61C-SegmentedRaftLog: purgeIndex: updateIncreasingly -1 -> 838
om1_1  | 2023-03-20 06:29:45,478 [om1-impl-thread1] INFO server.RaftServer$Division: om1@group-D66704EFC61C: start as a follower, conf=839: peers:[om1|rpc:om1:9872|admin:|client:|dataStream:|priority:0|startupRole:FOLLOWER, om3|rpc:om3:9872|admin:|client:|dataStream:|priority:0|startupRole:FOLLOWER, om2|rpc:om2:9872|admin:|client:|dataStream:|priority:0|startupRole:FOLLOWER]|listeners:[], old=null
om3_1  | 2023-03-20 06:29:38,599 [pool-29-thread-1] INFO server.RaftServerConfigKeys: raft.server.log.corruption.policy = EXCEPTION (default)
om2_1  | 2023-03-20 06:29:35,551 [main] INFO server.RaftServerConfigKeys: raft.server.threadpool.proxy.size = 0 (default)
scm_1  | 2023-03-20 06:29:16,759 [ReplicationMonitor] INFO replication.ReplicationManager: Replication Manager is not ready to run until 300000ms after safemode exit
scm_1  | WARNING: An illegal reflective access operation has occurred
om1_1  | 2023-03-20 06:29:45,478 [om1-impl-thread1] INFO server.RaftServer$Division: om1@group-D66704EFC61C: changes role from      null to FOLLOWER at term 2 for startAsFollower
dn1_1  | 2023-03-20 06:29:36,385 [4545847e-3661-4ff6-b1a4-a28b9e4b550f@group-FD377E97EEF0-FollowerState] INFO impl.RoleInfo: 4545847e-3661-4ff6-b1a4-a28b9e4b550f: start 4545847e-3661-4ff6-b1a4-a28b9e4b550f@group-FD377E97EEF0-LeaderElection1
dn1_1  | 2023-03-20 06:29:36,399 [4545847e-3661-4ff6-b1a4-a28b9e4b550f@group-FD377E97EEF0-LeaderElection1] INFO impl.LeaderElection: 4545847e-3661-4ff6-b1a4-a28b9e4b550f@group-FD377E97EEF0-LeaderElection1 PRE_VOTE round 0: submit vote requests at term 2 for 400: peers:[94b0e1e9-73dc-45be-8f98-48b9f3106c03|rpc:10.9.0.12:9856|admin:10.9.0.12:9857|client:10.9.0.12:9858|dataStream:10.9.0.12:9858|priority:0|startupRole:FOLLOWER, 4545847e-3661-4ff6-b1a4-a28b9e4b550f|rpc:10.9.0.11:9856|admin:10.9.0.11:9857|client:10.9.0.11:9858|dataStream:10.9.0.11:9858|priority:1|startupRole:FOLLOWER, e76324db-15f4-4a88-bdcf-af3181c15cf4|rpc:10.9.0.13:9856|admin:10.9.0.13:9857|client:10.9.0.13:9858|dataStream:10.9.0.13:9858|priority:0|startupRole:FOLLOWER]|listeners:[], old=null
om2_1  | 2023-03-20 06:29:35,556 [main] INFO server.RaftServerConfigKeys: raft.server.rpc.slowness.timeout = 120s (custom)
scm_1  | WARNING: Illegal reflective access by org.apache.hadoop.hdds.utils.MetricsUtil (file:/opt/hadoop/share/ozone/lib/hdds-server-framework-1.4.0-SNAPSHOT.jar) to method java.lang.Class.annotationData()
scm_1  | WARNING: Please consider reporting this to the maintainers of org.apache.hadoop.hdds.utils.MetricsUtil
om1_1  | 2023-03-20 06:29:45,487 [om1-impl-thread1] INFO impl.RoleInfo: om1: start om1@group-D66704EFC61C-FollowerState
om1_1  | 2023-03-20 06:29:45,507 [om1@group-D66704EFC61C-FollowerState] INFO server.RaftServerConfigKeys: raft.server.rpc.first-election.timeout.min = 5s (fallback to raft.server.rpc.timeout.min)
om1_1  | 2023-03-20 06:29:45,511 [om1@group-D66704EFC61C-FollowerState] INFO server.RaftServerConfigKeys: raft.server.rpc.first-election.timeout.max = 5200ms (fallback to raft.server.rpc.timeout.max)
om3_1  | 2023-03-20 06:29:38,603 [pool-29-thread-1] INFO server.RaftServerConfigKeys: raft.server.storage.free-space.min = 0MB (=0) (default)
om3_1  | 2023-03-20 06:29:39,222 [pool-29-thread-1] INFO server.RaftServerConfigKeys: raft.server.notification.no-leader.timeout = 120s (custom)
om2_1  | 2023-03-20 06:29:35,557 [main] INFO server.RaftServerConfigKeys: raft.server.leaderelection.leader.step-down.wait-time = 10s (default)
dn3_1  | 2023-03-20 06:29:27,900 [e76324db-15f4-4a88-bdcf-af3181c15cf4-impl-thread1] INFO server.RaftServerConfigKeys: raft.server.log.statemachine.data.caching.enabled = true (custom)
om3_1  | 2023-03-20 06:29:39,360 [pool-29-thread-1] INFO server.RaftServerConfigKeys: raft.server.retrycache.expirytime = 300s (custom)
om3_1  | 2023-03-20 06:29:39,361 [pool-29-thread-1] INFO server.RaftServerConfigKeys: raft.server.retrycache.statistics.expirytime = 100?s (default)
om3_1  | 2023-03-20 06:29:40,794 [pool-29-thread-1] INFO server.RaftServerConfigKeys: raft.server.log.appender.install.snapshot.enabled = false (custom)
om1_1  | 2023-03-20 06:29:45,508 [om1-impl-thread1] INFO util.JmxRegister: Successfully registered JMX Bean with object name Ratis:service=RaftServer,group=group-D66704EFC61C,id=om1
om1_1  | 2023-03-20 06:29:45,519 [om1-impl-thread1] INFO server.RaftServerConfigKeys: raft.server.snapshot.auto.trigger.enabled = true (custom)
dn3_1  | 2023-03-20 06:29:27,964 [e76324db-15f4-4a88-bdcf-af3181c15cf4-impl-thread3] INFO server.RaftServerConfigKeys: raft.server.log.unsafe-flush.enabled = false (default)
dn3_1  | 2023-03-20 06:29:27,964 [e76324db-15f4-4a88-bdcf-af3181c15cf4-impl-thread3] INFO server.RaftServerConfigKeys: raft.server.log.async-flush.enabled = false (default)
scm_1  | WARNING: Use --illegal-access=warn to enable warnings of further illegal reflective access operations
scm_1  | WARNING: All illegal access operations will be denied in a future release
scm_1  | 2023-03-20 06:29:16,781 [main] INFO safemode.ContainerSafeModeRule: containers with one replica threshold count 0
om1_1  | 2023-03-20 06:29:45,525 [om1-impl-thread1] INFO server.RaftServerConfigKeys: raft.server.snapshot.auto.trigger.threshold = 400000 (default)
om1_1  | 2023-03-20 06:29:45,528 [om1-impl-thread1] INFO server.RaftServerConfigKeys: raft.server.snapshot.retention.file.num = -1 (default)
dn3_1  | 2023-03-20 06:29:27,964 [e76324db-15f4-4a88-bdcf-af3181c15cf4-impl-thread3] INFO server.RaftServerConfigKeys: raft.server.log.statemachine.data.caching.enabled = true (custom)
dn3_1  | 2023-03-20 06:29:28,023 [e76324db-15f4-4a88-bdcf-af3181c15cf4-impl-thread2] INFO server.RaftServerConfigKeys: raft.server.log.unsafe-flush.enabled = false (default)
scm_1  | 2023-03-20 06:29:16,784 [main] INFO safemode.HealthyPipelineSafeModeRule: Total pipeline count is 2, healthy pipeline threshold count is 1
scm_1  | 2023-03-20 06:29:16,786 [main] INFO safemode.OneReplicaPipelineSafeModeRule: Total pipeline count is 2, pipeline's with at least one datanode reported threshold count is 2
scm_1  | 2023-03-20 06:29:16,843 [main] INFO server.StorageContainerManager: SCM start with adminUsers: [hadoop]
om1_1  | 2023-03-20 06:29:45,531 [om1-impl-thread1] INFO server.RaftServerConfigKeys: raft.server.log.purge.upto.snapshot.index = true (custom)
dn2_1  | 2023-03-20 06:29:30,496 [94b0e1e9-73dc-45be-8f98-48b9f3106c03-impl-thread2] INFO server.RaftServer$Division: 94b0e1e9-73dc-45be-8f98-48b9f3106c03@group-237F4780C006: set configuration 402: peers:[94b0e1e9-73dc-45be-8f98-48b9f3106c03|rpc:10.9.0.12:9856|admin:10.9.0.12:9857|client:10.9.0.12:9858|dataStream:10.9.0.12:9858|priority:1|startupRole:FOLLOWER, 4545847e-3661-4ff6-b1a4-a28b9e4b550f|rpc:10.9.0.11:9856|admin:10.9.0.11:9857|client:10.9.0.11:9858|dataStream:10.9.0.11:9858|priority:0|startupRole:FOLLOWER, e76324db-15f4-4a88-bdcf-af3181c15cf4|rpc:10.9.0.13:9856|admin:10.9.0.13:9857|client:10.9.0.13:9858|dataStream:10.9.0.13:9858|priority:0|startupRole:FOLLOWER]|listeners:[], old=null
om2_1  | 2023-03-20 06:29:35,575 [main] INFO server.RaftServerConfigKeys: raft.server.storage.dir = [/data/metadata/ratis] (custom)
om2_1  | 2023-03-20 06:29:35,596 [om2-impl-thread1] INFO server.RaftServer: om2: found a subdirectory /data/metadata/ratis/5cb24680-b9e7-3c90-a862-d66704efc61c
om1_1  | 2023-03-20 06:29:45,568 [Listener at om1/9862] INFO server.RaftServer: om1: start RPC server
om1_1  | 2023-03-20 06:29:45,936 [Listener at om1/9862] INFO server.GrpcService: om1: GrpcService started, listening on 9872
scm_1  | 2023-03-20 06:29:17,762 [main] INFO audit.AuditLogger: Refresh DebugCmdSet for SCMAudit to [].
scm_1  | 2023-03-20 06:29:17,797 [main] INFO ipc.CallQueueManager: Using callQueue: class java.util.concurrent.LinkedBlockingQueue, queueCapacity: 10000, scheduler: class org.apache.hadoop.ipc.DefaultRpcScheduler, ipcBackoff: false.
om2_1  | 2023-03-20 06:29:35,610 [main] INFO server.RaftServer: om2: addNew group-D66704EFC61C:[om1|rpc:om1:9872|priority:0|startupRole:FOLLOWER, om3|rpc:om3:9872|priority:0|startupRole:FOLLOWER, om2|rpc:om2:9872|priority:0|startupRole:FOLLOWER] returns group-D66704EFC61C:java.util.concurrent.CompletableFuture@5bc63e20[Not completed]
om2_1  | 2023-03-20 06:29:35,610 [main] INFO om.OzoneManager: OzoneManager Ratis server initialized at port 9872
om1_1  | 2023-03-20 06:29:45,944 [Listener at om1/9862] INFO om.OzoneManager: Version File has different layout version (3) than OM DB (null). That is expected if this OM has never been finalized to a newer layout version.
om1_1  | 2023-03-20 06:29:45,954 [JvmPauseMonitor0] INFO util.JvmPauseMonitor: JvmPauseMonitor-om1: Started
scm_1  | 2023-03-20 06:29:17,846 [Socket Reader #1 for port 9861] INFO ipc.Server: Starting Socket Reader #1 for port 9861
scm_1  | 2023-03-20 06:29:17,912 [Listener at 0.0.0.0/9861] INFO audit.AuditLogger: Refresh DebugCmdSet for SCMAudit to [].
om2_1  | 2023-03-20 06:29:35,619 [main] INFO om.OzoneManager: Creating RPC Server
om2_1  | 2023-03-20 06:29:35,925 [pool-29-thread-1] INFO server.RaftServer$Division: om2: new RaftServerImpl for group-D66704EFC61C:[om1|rpc:om1:9872|priority:0|startupRole:FOLLOWER, om3|rpc:om3:9872|priority:0|startupRole:FOLLOWER, om2|rpc:om2:9872|priority:0|startupRole:FOLLOWER] with OzoneManagerStateMachine:uninitialized
om1_1  | 2023-03-20 06:29:46,337 [Listener at om1/9862] INFO http.BaseHttpServer: Starting Web-server for ozoneManager at: http://0.0.0.0:9874
om1_1  | 2023-03-20 06:29:46,338 [Listener at om1/9862] INFO http.BaseHttpServer: Hadoop Security Enabled: false Ozone Security Enabled: false Ozone HTTP Security Enabled: false 
dn2_1  | 2023-03-20 06:29:30,455 [94b0e1e9-73dc-45be-8f98-48b9f3106c03-impl-thread3] INFO segmented.LogSegment: Successfully read 400 entries from segment file /data/metadata/ratis/f0a30a04-e8ba-483c-b88e-fd377e97eef0/current/log_0-399
dn2_1  | 2023-03-20 06:29:30,499 [94b0e1e9-73dc-45be-8f98-48b9f3106c03-impl-thread2] INFO segmented.LogSegment: Successfully read 2 entries from segment file /data/metadata/ratis/bcc455bc-e8e4-4501-a2d8-237f4780c006/current/log_inprogress_402
om2_1  | 2023-03-20 06:29:35,951 [pool-29-thread-1] INFO server.RaftServerConfigKeys: raft.server.rpc.timeout.min = 5s (custom)
dn3_1  | 2023-03-20 06:29:28,024 [e76324db-15f4-4a88-bdcf-af3181c15cf4-impl-thread2] INFO server.RaftServerConfigKeys: raft.server.log.async-flush.enabled = false (default)
om1_1  | 2023-03-20 06:29:46,473 [Listener at om1/9862] INFO util.log: Logging initialized @68971ms to org.eclipse.jetty.util.log.Slf4jLog
om1_1  | 2023-03-20 06:29:47,454 [Listener at om1/9862] WARN server.AuthenticationFilter: Unable to initialize FileSignerSecretProvider, falling back to use random secrets. Reason: Could not read signature secret file: /opt/hadoop/hadoop-http-auth-signature-secret
dn2_1  | 2023-03-20 06:29:30,505 [94b0e1e9-73dc-45be-8f98-48b9f3106c03-impl-thread2] INFO segmented.SegmentedRaftLogWorker: 94b0e1e9-73dc-45be-8f98-48b9f3106c03@group-237F4780C006-SegmentedRaftLogWorker: flushIndex: setUnconditionally 0 -> 403
om2_1  | 2023-03-20 06:29:35,951 [pool-29-thread-1] INFO server.RaftServerConfigKeys: raft.server.rpc.timeout.max = 5200ms (custom)
scm_1  | 2023-03-20 06:29:17,918 [Listener at 0.0.0.0/9861] INFO ipc.CallQueueManager: Using callQueue: class java.util.concurrent.LinkedBlockingQueue, queueCapacity: 10000, scheduler: class org.apache.hadoop.ipc.DefaultRpcScheduler, ipcBackoff: false.
dn3_1  | 2023-03-20 06:29:28,097 [e76324db-15f4-4a88-bdcf-af3181c15cf4-impl-thread2] INFO server.RaftServerConfigKeys: raft.server.log.statemachine.data.caching.enabled = true (custom)
om1_1  | 2023-03-20 06:29:47,506 [Listener at om1/9862] INFO http.HttpRequestLog: Http request log for http.requests.ozoneManager is not defined
om1_1  | 2023-03-20 06:29:47,584 [Listener at om1/9862] INFO http.HttpServer2: Added global filter 'safety' (class=org.apache.hadoop.hdds.server.http.HttpServer2$QuotingInputFilter)
dn2_1  | 2023-03-20 06:29:30,518 [94b0e1e9-73dc-45be-8f98-48b9f3106c03-impl-thread2] INFO segmented.SegmentedRaftLogWorker: 94b0e1e9-73dc-45be-8f98-48b9f3106c03@group-237F4780C006-SegmentedRaftLogWorker: safeCacheEvictIndex: setUnconditionally 0 -> 401
om2_1  | 2023-03-20 06:29:35,974 [pool-29-thread-1] INFO server.RaftServerConfigKeys: raft.server.rpc.sleep.time = 25ms (default)
scm_1  | 2023-03-20 06:29:17,919 [Socket Reader #1 for port 9863] INFO ipc.Server: Starting Socket Reader #1 for port 9863
dn3_1  | 2023-03-20 06:29:28,239 [e76324db-15f4-4a88-bdcf-af3181c15cf4-impl-thread1] INFO server.RaftServer$Division: e76324db-15f4-4a88-bdcf-af3181c15cf4@group-F4BA2DBDFAA0: set configuration 0: peers:[e76324db-15f4-4a88-bdcf-af3181c15cf4|rpc:10.9.0.13:9856|admin:10.9.0.13:9857|client:10.9.0.13:9858|dataStream:10.9.0.13:9858|priority:1|startupRole:FOLLOWER]|listeners:[], old=null
dn3_1  | 2023-03-20 06:29:28,244 [e76324db-15f4-4a88-bdcf-af3181c15cf4-impl-thread2] INFO server.RaftServer$Division: e76324db-15f4-4a88-bdcf-af3181c15cf4@group-237F4780C006: set configuration 0: peers:[94b0e1e9-73dc-45be-8f98-48b9f3106c03|rpc:10.9.0.12:9856|admin:10.9.0.12:9857|client:10.9.0.12:9858|dataStream:10.9.0.12:9858|priority:1|startupRole:FOLLOWER, 4545847e-3661-4ff6-b1a4-a28b9e4b550f|rpc:10.9.0.11:9856|admin:10.9.0.11:9857|client:10.9.0.11:9858|dataStream:10.9.0.11:9858|priority:0|startupRole:FOLLOWER, e76324db-15f4-4a88-bdcf-af3181c15cf4|rpc:10.9.0.13:9856|admin:10.9.0.13:9857|client:10.9.0.13:9858|dataStream:10.9.0.13:9858|priority:0|startupRole:FOLLOWER]|listeners:[], old=null
dn3_1  | 2023-03-20 06:29:28,244 [e76324db-15f4-4a88-bdcf-af3181c15cf4-impl-thread3] INFO server.RaftServer$Division: e76324db-15f4-4a88-bdcf-af3181c15cf4@group-FD377E97EEF0: set configuration 0: peers:[94b0e1e9-73dc-45be-8f98-48b9f3106c03|rpc:10.9.0.12:9856|admin:10.9.0.12:9857|client:10.9.0.12:9858|dataStream:10.9.0.12:9858|priority:0|startupRole:FOLLOWER, 4545847e-3661-4ff6-b1a4-a28b9e4b550f|rpc:10.9.0.11:9856|admin:10.9.0.11:9857|client:10.9.0.11:9858|dataStream:10.9.0.11:9858|priority:1|startupRole:FOLLOWER, e76324db-15f4-4a88-bdcf-af3181c15cf4|rpc:10.9.0.13:9856|admin:10.9.0.13:9857|client:10.9.0.13:9858|dataStream:10.9.0.13:9858|priority:0|startupRole:FOLLOWER]|listeners:[], old=null
dn3_1  | 2023-03-20 06:29:28,267 [e76324db-15f4-4a88-bdcf-af3181c15cf4-impl-thread1] INFO segmented.LogSegment: Successfully read 1 entries from segment file /data/metadata/ratis/edbb77b7-7794-47a5-9b0f-f4ba2dbdfaa0/current/log_0-0
dn3_1  | 2023-03-20 06:29:28,349 [e76324db-15f4-4a88-bdcf-af3181c15cf4-impl-thread1] INFO server.RaftServer$Division: e76324db-15f4-4a88-bdcf-af3181c15cf4@group-F4BA2DBDFAA0: set configuration 1: peers:[e76324db-15f4-4a88-bdcf-af3181c15cf4|rpc:10.9.0.13:9856|admin:10.9.0.13:9857|client:10.9.0.13:9858|dataStream:10.9.0.13:9858|priority:1|startupRole:FOLLOWER]|listeners:[], old=null
dn3_1  | 2023-03-20 06:29:28,355 [e76324db-15f4-4a88-bdcf-af3181c15cf4-impl-thread1] INFO segmented.LogSegment: Successfully read 2 entries from segment file /data/metadata/ratis/edbb77b7-7794-47a5-9b0f-f4ba2dbdfaa0/current/log_inprogress_1
om2_1  | 2023-03-20 06:29:35,976 [pool-29-thread-1] INFO server.RaftServerConfigKeys: raft.server.rpc.slowness.timeout = 120s (custom)
scm_1  | 2023-03-20 06:29:17,952 [Listener at 0.0.0.0/9863] INFO audit.AuditLogger: Refresh DebugCmdSet for SCMAudit to [].
dn1_1  | 2023-03-20 06:29:36,420 [4545847e-3661-4ff6-b1a4-a28b9e4b550f@group-237F4780C006-FollowerState] INFO impl.FollowerState: 4545847e-3661-4ff6-b1a4-a28b9e4b550f@group-237F4780C006-FollowerState: change to CANDIDATE, lastRpcElapsedTime:5200034581ns, electionTimeout:5100ms
om3_1  | 2023-03-20 06:29:40,900 [pool-29-thread-1] INFO server.RaftServerConfigKeys: raft.server.threadpool.server.cached = true (default)
om3_1  | 2023-03-20 06:29:40,901 [pool-29-thread-1] INFO server.RaftServerConfigKeys: raft.server.threadpool.server.size = 0 (default)
om3_1  | 2023-03-20 06:29:40,901 [pool-29-thread-1] INFO server.RaftServerConfigKeys: raft.server.threadpool.client.cached = true (default)
dn3_1  | 2023-03-20 06:29:28,399 [e76324db-15f4-4a88-bdcf-af3181c15cf4-impl-thread1] INFO segmented.SegmentedRaftLogWorker: e76324db-15f4-4a88-bdcf-af3181c15cf4@group-F4BA2DBDFAA0-SegmentedRaftLogWorker: flushIndex: setUnconditionally 0 -> 2
om1_1  | 2023-03-20 06:29:47,586 [Listener at om1/9862] INFO http.HttpServer2: Added filter static_user_filter (class=org.apache.hadoop.http.lib.StaticUserWebFilter$StaticUserFilter) to context ozoneManager
om2_1  | 2023-03-20 06:29:35,985 [pool-29-thread-1] INFO server.RaftServerConfigKeys: raft.server.leaderelection.leader.step-down.wait-time = 10s (default)
scm_1  | 2023-03-20 06:29:17,961 [Listener at 0.0.0.0/9863] INFO ipc.CallQueueManager: Using callQueue: class java.util.concurrent.LinkedBlockingQueue, queueCapacity: 10000, scheduler: class org.apache.hadoop.ipc.DefaultRpcScheduler, ipcBackoff: false.
dn1_1  | 2023-03-20 06:29:36,422 [4545847e-3661-4ff6-b1a4-a28b9e4b550f@group-237F4780C006-FollowerState] INFO impl.RoleInfo: 4545847e-3661-4ff6-b1a4-a28b9e4b550f: shutdown 4545847e-3661-4ff6-b1a4-a28b9e4b550f@group-237F4780C006-FollowerState
om3_1  | 2023-03-20 06:29:40,902 [pool-29-thread-1] INFO server.RaftServerConfigKeys: raft.server.threadpool.client.size = 0 (default)
om3_1  | 2023-03-20 06:29:42,836 [main] INFO reflections.Reflections: Reflections took 4763 ms to scan 8 urls, producing 23 keys and 586 values [using 2 cores]
om3_1  | 2023-03-20 06:29:43,702 [main] INFO ipc.CallQueueManager: Using callQueue: class java.util.concurrent.LinkedBlockingQueue, queueCapacity: 10000, scheduler: class org.apache.hadoop.ipc.DefaultRpcScheduler, ipcBackoff: false.
dn3_1  | 2023-03-20 06:29:28,409 [e76324db-15f4-4a88-bdcf-af3181c15cf4-impl-thread1] INFO segmented.SegmentedRaftLogWorker: e76324db-15f4-4a88-bdcf-af3181c15cf4@group-F4BA2DBDFAA0-SegmentedRaftLogWorker: safeCacheEvictIndex: setUnconditionally 0 -> 0
om1_1  | 2023-03-20 06:29:47,586 [Listener at om1/9862] INFO http.HttpServer2: Added filter static_user_filter (class=org.apache.hadoop.http.lib.StaticUserWebFilter$StaticUserFilter) to context static
om2_1  | 2023-03-20 06:29:35,999 [pool-29-thread-1] INFO server.RaftServerConfigKeys: raft.server.sleep.deviation.threshold = 300ms (default)
scm_1  | 2023-03-20 06:29:17,962 [Socket Reader #1 for port 9860] INFO ipc.Server: Starting Socket Reader #1 for port 9860
dn1_1  | 2023-03-20 06:29:36,427 [4545847e-3661-4ff6-b1a4-a28b9e4b550f@group-237F4780C006-FollowerState] INFO server.RaftServer$Division: 4545847e-3661-4ff6-b1a4-a28b9e4b550f@group-237F4780C006: changes role from  FOLLOWER to CANDIDATE at term 2 for changeToCandidate
dn3_1  | 2023-03-20 06:29:29,895 [Datanode State Machine Daemon Thread] ERROR datanode.RunningDatanodeState: Error in executing end point task.
om1_1  | 2023-03-20 06:29:47,598 [Listener at om1/9862] INFO http.HttpServer2: Added filter static_user_filter (class=org.apache.hadoop.http.lib.StaticUserWebFilter$StaticUserFilter) to context logs
om1_1  | 2023-03-20 06:29:48,049 [Listener at om1/9862] INFO http.BaseHttpServer: HTTP server of ozoneManager uses base directory /data/metadata/webserver
scm_1  | 2023-03-20 06:29:18,008 [Listener at 0.0.0.0/9860] INFO ha.SCMServiceManager: Registering service ContainerBalancer.
dn1_1  | 2023-03-20 06:29:36,427 [4545847e-3661-4ff6-b1a4-a28b9e4b550f@group-237F4780C006-FollowerState] INFO server.RaftServerConfigKeys: raft.server.leaderelection.pre-vote = true (default)
dn2_1  | 2023-03-20 06:29:30,500 [94b0e1e9-73dc-45be-8f98-48b9f3106c03-impl-thread3] INFO server.RaftServer$Division: 94b0e1e9-73dc-45be-8f98-48b9f3106c03@group-FD377E97EEF0: set configuration 400: peers:[94b0e1e9-73dc-45be-8f98-48b9f3106c03|rpc:10.9.0.12:9856|admin:10.9.0.12:9857|client:10.9.0.12:9858|dataStream:10.9.0.12:9858|priority:0|startupRole:FOLLOWER, 4545847e-3661-4ff6-b1a4-a28b9e4b550f|rpc:10.9.0.11:9856|admin:10.9.0.11:9857|client:10.9.0.11:9858|dataStream:10.9.0.11:9858|priority:1|startupRole:FOLLOWER, e76324db-15f4-4a88-bdcf-af3181c15cf4|rpc:10.9.0.13:9856|admin:10.9.0.13:9857|client:10.9.0.13:9858|dataStream:10.9.0.13:9858|priority:0|startupRole:FOLLOWER]|listeners:[], old=null
dn2_1  | 2023-03-20 06:29:30,555 [94b0e1e9-73dc-45be-8f98-48b9f3106c03-impl-thread3] INFO segmented.LogSegment: Successfully read 2 entries from segment file /data/metadata/ratis/f0a30a04-e8ba-483c-b88e-fd377e97eef0/current/log_inprogress_400
dn2_1  | 2023-03-20 06:29:30,573 [94b0e1e9-73dc-45be-8f98-48b9f3106c03-impl-thread3] INFO segmented.SegmentedRaftLogWorker: 94b0e1e9-73dc-45be-8f98-48b9f3106c03@group-FD377E97EEF0-SegmentedRaftLogWorker: flushIndex: setUnconditionally 0 -> 401
dn2_1  | 2023-03-20 06:29:30,579 [94b0e1e9-73dc-45be-8f98-48b9f3106c03-impl-thread3] INFO segmented.SegmentedRaftLogWorker: 94b0e1e9-73dc-45be-8f98-48b9f3106c03@group-FD377E97EEF0-SegmentedRaftLogWorker: safeCacheEvictIndex: setUnconditionally 0 -> 399
dn2_1  | 2023-03-20 06:29:31,235 [94b0e1e9-73dc-45be-8f98-48b9f3106c03-impl-thread2] INFO raftlog.RaftLog: 94b0e1e9-73dc-45be-8f98-48b9f3106c03@group-237F4780C006-SegmentedRaftLog: commitIndex: updateToMax old=403, new=402, updated? false
dn2_1  | 2023-03-20 06:29:31,283 [94b0e1e9-73dc-45be-8f98-48b9f3106c03-impl-thread2] INFO server.RaftServer$Division: 94b0e1e9-73dc-45be-8f98-48b9f3106c03@group-237F4780C006: start as a follower, conf=402: peers:[94b0e1e9-73dc-45be-8f98-48b9f3106c03|rpc:10.9.0.12:9856|admin:10.9.0.12:9857|client:10.9.0.12:9858|dataStream:10.9.0.12:9858|priority:1|startupRole:FOLLOWER, 4545847e-3661-4ff6-b1a4-a28b9e4b550f|rpc:10.9.0.11:9856|admin:10.9.0.11:9857|client:10.9.0.11:9858|dataStream:10.9.0.11:9858|priority:0|startupRole:FOLLOWER, e76324db-15f4-4a88-bdcf-af3181c15cf4|rpc:10.9.0.13:9856|admin:10.9.0.13:9857|client:10.9.0.13:9858|dataStream:10.9.0.13:9858|priority:0|startupRole:FOLLOWER]|listeners:[], old=null
dn2_1  | 2023-03-20 06:29:31,253 [94b0e1e9-73dc-45be-8f98-48b9f3106c03-impl-thread3] INFO raftlog.RaftLog: 94b0e1e9-73dc-45be-8f98-48b9f3106c03@group-FD377E97EEF0-SegmentedRaftLog: commitIndex: updateToMax old=401, new=400, updated? false
dn2_1  | 2023-03-20 06:29:31,284 [94b0e1e9-73dc-45be-8f98-48b9f3106c03-impl-thread3] INFO server.RaftServer$Division: 94b0e1e9-73dc-45be-8f98-48b9f3106c03@group-FD377E97EEF0: start as a follower, conf=400: peers:[94b0e1e9-73dc-45be-8f98-48b9f3106c03|rpc:10.9.0.12:9856|admin:10.9.0.12:9857|client:10.9.0.12:9858|dataStream:10.9.0.12:9858|priority:0|startupRole:FOLLOWER, 4545847e-3661-4ff6-b1a4-a28b9e4b550f|rpc:10.9.0.11:9856|admin:10.9.0.11:9857|client:10.9.0.11:9858|dataStream:10.9.0.11:9858|priority:1|startupRole:FOLLOWER, e76324db-15f4-4a88-bdcf-af3181c15cf4|rpc:10.9.0.13:9856|admin:10.9.0.13:9857|client:10.9.0.13:9858|dataStream:10.9.0.13:9858|priority:0|startupRole:FOLLOWER]|listeners:[], old=null
dn2_1  | 2023-03-20 06:29:31,284 [94b0e1e9-73dc-45be-8f98-48b9f3106c03-impl-thread3] INFO server.RaftServer$Division: 94b0e1e9-73dc-45be-8f98-48b9f3106c03@group-FD377E97EEF0: changes role from      null to FOLLOWER at term 2 for startAsFollower
dn2_1  | 2023-03-20 06:29:31,287 [94b0e1e9-73dc-45be-8f98-48b9f3106c03-impl-thread2] INFO server.RaftServer$Division: 94b0e1e9-73dc-45be-8f98-48b9f3106c03@group-237F4780C006: changes role from      null to FOLLOWER at term 2 for startAsFollower
om3_1  | 2023-03-20 06:29:43,849 [Socket Reader #1 for port 9862] INFO ipc.Server: Starting Socket Reader #1 for port 9862
om3_1  | 2023-03-20 06:29:44,190 [Listener at om3/9862] INFO om.OzoneManagerPrepareState: Deleted prepare marker file: /data/metadata/current/prepareMarker
om3_1  | 2023-03-20 06:29:44,682 [Listener at om3/9862] INFO impl.MetricsConfig: Loaded properties from hadoop-metrics2.properties
dn1_1  | 2023-03-20 06:29:36,428 [4545847e-3661-4ff6-b1a4-a28b9e4b550f@group-237F4780C006-FollowerState] INFO impl.RoleInfo: 4545847e-3661-4ff6-b1a4-a28b9e4b550f: start 4545847e-3661-4ff6-b1a4-a28b9e4b550f@group-237F4780C006-LeaderElection2
dn1_1  | 2023-03-20 06:29:36,463 [4545847e-3661-4ff6-b1a4-a28b9e4b550f@group-244FF79D1EB6-FollowerState] INFO impl.FollowerState: 4545847e-3661-4ff6-b1a4-a28b9e4b550f@group-244FF79D1EB6-FollowerState: change to CANDIDATE, lastRpcElapsedTime:5276182833ns, electionTimeout:5073ms
om3_1  | 2023-03-20 06:29:44,771 [Listener at om3/9862] INFO impl.MetricsSystemImpl: Scheduled Metric snapshot period at 10 second(s).
