dn3_1  | 2023-03-20 06:29:25,084 [e76324db-15f4-4a88-bdcf-af3181c15cf4-impl-thread1] INFO storage.RaftStorage: Read RaftStorageMetadata{term=2, votedFor=e76324db-15f4-4a88-bdcf-af3181c15cf4} from /data/metadata/ratis/edbb77b7-7794-47a5-9b0f-f4ba2dbdfaa0/current/raft-meta
om2_1  | 	at org.apache.hadoop.ipc.ProtobufRpcEngine2$Server$ProtoBufRpcInvoker.call(ProtobufRpcEngine2.java:578)
scm_1  | 2023-03-20 06:29:11,672 [main] INFO server.GrpcService: raft.grpc.flow.control.window = 1MB (=1048576) (default)
scm_1  | 2023-03-20 06:29:11,681 [main] INFO server.RaftServerConfigKeys: raft.server.rpc.request.timeout = 30000ms (custom)
dn3_1  | 2023-03-20 06:29:25,085 [e76324db-15f4-4a88-bdcf-af3181c15cf4-impl-thread3] INFO storage.RaftStorageDirectory: Lock on /data/metadata/ratis/f0a30a04-e8ba-483c-b88e-fd377e97eef0/in_use.lock acquired by nodename 7@d0f376f6938f
om2_1  | 	at org.apache.hadoop.ipc.ProtobufRpcEngine2$Server$ProtoBufRpcInvoker.call(ProtobufRpcEngine2.java:556)
om2_1  | 	at org.apache.hadoop.ipc.RPC$Server.call(RPC.java:1093)
om2_1  | 	at org.apache.hadoop.ipc.Server$RpcCall.run(Server.java:1043)
om2_1  | 	at org.apache.hadoop.ipc.Server$RpcCall.run(Server.java:971)
om2_1  | 	at java.base/java.security.AccessController.doPrivileged(Native Method)
om2_1  | 	at java.base/javax.security.auth.Subject.doAs(Subject.java:423)
om2_1  | 	at org.apache.hadoop.security.UserGroupInformation.doAs(UserGroupInformation.java:1878)
scm_1  | 2023-03-20 06:29:11,837 [main] INFO grpc.GrpcConfigKeys: raft.grpc.server.heartbeat.channel = true (default)
om2_1  | 	at org.apache.hadoop.ipc.Server$Handler.run(Server.java:2976)
om2_1  | , while invoking $Proxy33.send over nodeId=scmNodeId,nodeAddress=scm/10.9.0.17:9863 after 8 failover attempts. Trying to failover after sleeping for 2000ms.
om2_1  | 2023-03-20 06:29:22,166 [main] INFO retry.RetryInvocationHandler: com.google.protobuf.ServiceException: org.apache.hadoop.ipc.RemoteException(org.apache.hadoop.hdds.ratis.ServerNotLeaderException): Server:f267f18b-cacf-415d-8c4d-555a3215a0e4 is not the leader. Could not determine the leader node.
om2_1  | 	at org.apache.hadoop.hdds.ratis.ServerNotLeaderException.convertToNotLeaderException(ServerNotLeaderException.java:109)
om2_1  | 	at org.apache.hadoop.hdds.scm.ha.RatisUtil.checkRatisException(RatisUtil.java:246)
om2_1  | 	at org.apache.hadoop.hdds.scm.protocol.ScmBlockLocationProtocolServerSideTranslatorPB.send(ScmBlockLocationProtocolServerSideTranslatorPB.java:109)
om2_1  | 	at org.apache.hadoop.hdds.protocol.proto.ScmBlockLocationProtocolProtos$ScmBlockLocationProtocolService$2.callBlockingMethod(ScmBlockLocationProtocolProtos.java:14220)
om1_1  | 2023-03-20 06:29:33,777 [Finalizer] WARN managed.ManagedRocksObjectUtils: ManagedColumnFamilyOptions is not closed properly
om1_1  | 2023-03-20 06:29:33,778 [Finalizer] WARN managed.ManagedRocksObjectUtils: ManagedColumnFamilyOptions is not closed properly
om1_1  | 2023-03-20 06:29:33,778 [Finalizer] WARN managed.ManagedRocksObjectUtils: ManagedColumnFamilyOptions is not closed properly
om1_1  | 2023-03-20 06:29:33,778 [Finalizer] WARN managed.ManagedRocksObjectUtils: ManagedColumnFamilyOptions is not closed properly
dn1_1  | 2023-03-20 06:29:30,099 [4545847e-3661-4ff6-b1a4-a28b9e4b550f-impl-thread2] INFO segmented.LogSegment: Successfully read 2 entries from segment file /data/metadata/ratis/bcc455bc-e8e4-4501-a2d8-237f4780c006/current/log_inprogress_402
dn1_1  | 2023-03-20 06:29:30,099 [4545847e-3661-4ff6-b1a4-a28b9e4b550f-impl-thread2] INFO segmented.SegmentedRaftLogWorker: 4545847e-3661-4ff6-b1a4-a28b9e4b550f@group-237F4780C006-SegmentedRaftLogWorker: flushIndex: setUnconditionally 0 -> 403
dn1_1  | 2023-03-20 06:29:30,099 [4545847e-3661-4ff6-b1a4-a28b9e4b550f-impl-thread2] INFO segmented.SegmentedRaftLogWorker: 4545847e-3661-4ff6-b1a4-a28b9e4b550f@group-237F4780C006-SegmentedRaftLogWorker: safeCacheEvictIndex: setUnconditionally 0 -> 401
dn1_1  | 2023-03-20 06:29:30,195 [4545847e-3661-4ff6-b1a4-a28b9e4b550f-impl-thread3] INFO segmented.LogSegment: Successfully read 400 entries from segment file /data/metadata/ratis/f0a30a04-e8ba-483c-b88e-fd377e97eef0/current/log_0-399
om1_1  | 2023-03-20 06:29:33,923 [main] INFO server.RaftServer: raft.rpc.type = GRPC (default)
dn2_1  | 2023-03-20 06:29:26,751 [94b0e1e9-73dc-45be-8f98-48b9f3106c03-impl-thread1] INFO server.RaftServerConfigKeys: raft.server.log.segment.cache.size.max = 200MB (=209715200) (default)
dn2_1  | 2023-03-20 06:29:26,753 [94b0e1e9-73dc-45be-8f98-48b9f3106c03-impl-thread3] INFO server.RaftServerConfigKeys: raft.server.log.segment.cache.size.max = 200MB (=209715200) (default)
dn2_1  | 2023-03-20 06:29:26,754 [94b0e1e9-73dc-45be-8f98-48b9f3106c03-impl-thread2] INFO server.RaftServerConfigKeys: raft.server.log.segment.cache.size.max = 200MB (=209715200) (default)
om3_1  | 2023-03-20 06:29:28,658 [main] WARN server.ServerUtils: ozone.om.db.dirs is not configured. We recommend adding this setting. Falling back to ozone.metadata.dirs instead.
om2_1  | 	at org.apache.hadoop.ipc.ProtobufRpcEngine$Server.processCall(ProtobufRpcEngine.java:465)
dn3_1  | 2023-03-20 06:29:25,088 [e76324db-15f4-4a88-bdcf-af3181c15cf4-impl-thread3] INFO storage.RaftStorage: Read RaftStorageMetadata{term=2, votedFor=4545847e-3661-4ff6-b1a4-a28b9e4b550f} from /data/metadata/ratis/f0a30a04-e8ba-483c-b88e-fd377e97eef0/current/raft-meta
dn3_1  | 2023-03-20 06:29:25,271 [e76324db-15f4-4a88-bdcf-af3181c15cf4-impl-thread3] INFO server.RaftServer$Division: e76324db-15f4-4a88-bdcf-af3181c15cf4@group-FD377E97EEF0: set configuration 400: peers:[94b0e1e9-73dc-45be-8f98-48b9f3106c03|rpc:10.9.0.12:9856|admin:10.9.0.12:9857|client:10.9.0.12:9858|dataStream:10.9.0.12:9858|priority:0|startupRole:FOLLOWER, 4545847e-3661-4ff6-b1a4-a28b9e4b550f|rpc:10.9.0.11:9856|admin:10.9.0.11:9857|client:10.9.0.11:9858|dataStream:10.9.0.11:9858|priority:1|startupRole:FOLLOWER, e76324db-15f4-4a88-bdcf-af3181c15cf4|rpc:10.9.0.13:9856|admin:10.9.0.13:9857|client:10.9.0.13:9858|dataStream:10.9.0.13:9858|priority:0|startupRole:FOLLOWER]|listeners:[], old=null
dn3_1  | 2023-03-20 06:29:25,278 [e76324db-15f4-4a88-bdcf-af3181c15cf4-impl-thread1] INFO server.RaftServer$Division: e76324db-15f4-4a88-bdcf-af3181c15cf4@group-F4BA2DBDFAA0: set configuration 1: peers:[e76324db-15f4-4a88-bdcf-af3181c15cf4|rpc:10.9.0.13:9856|admin:10.9.0.13:9857|client:10.9.0.13:9858|dataStream:10.9.0.13:9858|priority:1|startupRole:FOLLOWER]|listeners:[], old=null
dn3_1  | 2023-03-20 06:29:25,278 [e76324db-15f4-4a88-bdcf-af3181c15cf4-impl-thread2] INFO server.RaftServer$Division: e76324db-15f4-4a88-bdcf-af3181c15cf4@group-237F4780C006: set configuration 402: peers:[94b0e1e9-73dc-45be-8f98-48b9f3106c03|rpc:10.9.0.12:9856|admin:10.9.0.12:9857|client:10.9.0.12:9858|dataStream:10.9.0.12:9858|priority:1|startupRole:FOLLOWER, 4545847e-3661-4ff6-b1a4-a28b9e4b550f|rpc:10.9.0.11:9856|admin:10.9.0.11:9857|client:10.9.0.11:9858|dataStream:10.9.0.11:9858|priority:0|startupRole:FOLLOWER, e76324db-15f4-4a88-bdcf-af3181c15cf4|rpc:10.9.0.13:9856|admin:10.9.0.13:9857|client:10.9.0.13:9858|dataStream:10.9.0.13:9858|priority:0|startupRole:FOLLOWER]|listeners:[], old=null
dn3_1  | 2023-03-20 06:29:25,398 [e76324db-15f4-4a88-bdcf-af3181c15cf4-impl-thread2] INFO ratis.ContainerStateMachine: group-237F4780C006: Setting the last applied index to (t:2, i:403)
dn3_1  | 2023-03-20 06:29:25,399 [e76324db-15f4-4a88-bdcf-af3181c15cf4-impl-thread3] INFO ratis.ContainerStateMachine: group-FD377E97EEF0: Setting the last applied index to (t:2, i:401)
dn2_1  | 2023-03-20 06:29:26,769 [94b0e1e9-73dc-45be-8f98-48b9f3106c03-impl-thread1] INFO segmented.SegmentedRaftLogWorker: new 94b0e1e9-73dc-45be-8f98-48b9f3106c03@group-C4846E8815DD-SegmentedRaftLogWorker for RaftStorageImpl:Storage Directory /data/metadata/ratis/c2a9dd7a-e57b-4182-9d0f-c4846e8815dd
om3_1  | 2023-03-20 06:29:30,617 [main] INFO codec.OmKeyInfoCodec: OmKeyInfoCodec ignorePipeline = true
om3_1  | 2023-03-20 06:29:30,629 [main] INFO codec.RepeatedOmKeyInfoCodec: RepeatedOmKeyInfoCodec ignorePipeline = true
om3_1  | 2023-03-20 06:29:32,265 [main] INFO om.OzoneManager: S3 Multi-Tenancy is disabled
om3_1  | 2023-03-20 06:29:32,510 [main] WARN server.ServerUtils: ozone.om.snapshot.diff.db.dir is not configured. We recommend adding this setting. Falling back to ozone.metadata.dirs instead.
scm_1  | 2023-03-20 06:29:11,891 [main] INFO grpc.GrpcConfigKeys: raft.grpc.server.async.request.thread.pool.cached = true (default)
scm_1  | 2023-03-20 06:29:11,908 [main] INFO grpc.GrpcConfigKeys: raft.grpc.server.async.request.thread.pool.size = 32 (default)
scm_1  | 2023-03-20 06:29:13,797 [main] INFO impl.DataStreamServerImpl: raft.datastream.type = DISABLED (default)
om1_1  | 2023-03-20 06:29:34,301 [main] INFO grpc.GrpcConfigKeys: raft.grpc.admin.host = null (fallback to raft.grpc.server.host)
om1_1  | 2023-03-20 06:29:34,314 [main] INFO grpc.GrpcConfigKeys: raft.grpc.admin.port = 9872 (fallback to raft.grpc.server.port)
om1_1  | 2023-03-20 06:29:34,337 [main] INFO grpc.GrpcConfigKeys: raft.grpc.client.host = null (fallback to raft.grpc.server.host)
om1_1  | 2023-03-20 06:29:34,337 [main] INFO grpc.GrpcConfigKeys: raft.grpc.client.port = 9872 (fallback to raft.grpc.server.port)
om1_1  | 2023-03-20 06:29:34,348 [main] INFO grpc.GrpcConfigKeys: raft.grpc.server.host = null (default)
dn2_1  | 2023-03-20 06:29:26,769 [94b0e1e9-73dc-45be-8f98-48b9f3106c03-impl-thread2] INFO segmented.SegmentedRaftLogWorker: new 94b0e1e9-73dc-45be-8f98-48b9f3106c03@group-237F4780C006-SegmentedRaftLogWorker for RaftStorageImpl:Storage Directory /data/metadata/ratis/bcc455bc-e8e4-4501-a2d8-237f4780c006
om3_1  | 2023-03-20 06:29:32,767 [main] WARN om.OzoneManager: Prepare marker file index 840 does not match DB prepare index 837. Writing DB index to prepare file and maintaining prepared state.
om3_1  | 2023-03-20 06:29:32,771 [main] INFO om.OzoneManagerPrepareState: Prepare marker file written with log index 837 to file /data/metadata/current/prepareMarker
om3_1  | 2023-03-20 06:29:33,182 [main] WARN server.ServerUtils: Storage directory for Ratis is not configured. It is a good idea to map this to an SSD disk. Falling back to ozone.metadata.dirs
om3_1  | 2023-03-20 06:29:33,190 [main] WARN utils.OzoneManagerRatisUtils: ozone.om.ratis.snapshot.dir is not configured. Falling back to ozone.metadata.dirs config
om3_1  | 2023-03-20 06:29:33,280 [main] INFO snapshot.OzoneManagerSnapshotProvider: Initializing OM Snapshot Provider
dn3_1  | 2023-03-20 06:29:25,429 [e76324db-15f4-4a88-bdcf-af3181c15cf4-impl-thread1] INFO ratis.ContainerStateMachine: group-F4BA2DBDFAA0: Setting the last applied index to (t:2, i:2)
dn2_1  | 2023-03-20 06:29:26,771 [94b0e1e9-73dc-45be-8f98-48b9f3106c03-impl-thread2] INFO server.RaftServerConfigKeys: raft.server.log.queue.byte-limit = 4294967296 (custom)
dn2_1  | 2023-03-20 06:29:26,772 [94b0e1e9-73dc-45be-8f98-48b9f3106c03-impl-thread2] INFO server.RaftServerConfigKeys: raft.server.log.queue.element-limit = 1024 (custom)
om3_1  | 2023-03-20 06:29:34,070 [main] INFO metrics.MetricRegistries: Loaded MetricRegistries class org.apache.ratis.metrics.impl.MetricRegistriesImpl
om3_1  | 2023-03-20 06:29:34,129 [main] WARN server.ServerUtils: Storage directory for Ratis is not configured. It is a good idea to map this to an SSD disk. Falling back to ozone.metadata.dirs
om3_1  | 2023-03-20 06:29:34,407 [main] INFO ratis.OzoneManagerRatisServer: Instantiating OM Ratis server with groupID: omservice and peers: om3:9872, om1:9872, om2:9872
scm_1  | 2023-03-20 06:29:13,820 [main] INFO server.RaftServerConfigKeys: raft.server.threadpool.proxy.cached = true (default)
scm_1  | 2023-03-20 06:29:13,827 [main] INFO server.RaftServerConfigKeys: raft.server.threadpool.proxy.size = 0 (default)
dn2_1  | 2023-03-20 06:29:26,775 [94b0e1e9-73dc-45be-8f98-48b9f3106c03-impl-thread1] INFO server.RaftServerConfigKeys: raft.server.log.queue.byte-limit = 4294967296 (custom)
dn2_1  | 2023-03-20 06:29:26,776 [94b0e1e9-73dc-45be-8f98-48b9f3106c03-impl-thread1] INFO server.RaftServerConfigKeys: raft.server.log.queue.element-limit = 1024 (custom)
dn1_1  | 2023-03-20 06:29:30,237 [4545847e-3661-4ff6-b1a4-a28b9e4b550f-impl-thread3] INFO server.RaftServer$Division: 4545847e-3661-4ff6-b1a4-a28b9e4b550f@group-FD377E97EEF0: set configuration 400: peers:[94b0e1e9-73dc-45be-8f98-48b9f3106c03|rpc:10.9.0.12:9856|admin:10.9.0.12:9857|client:10.9.0.12:9858|dataStream:10.9.0.12:9858|priority:0|startupRole:FOLLOWER, 4545847e-3661-4ff6-b1a4-a28b9e4b550f|rpc:10.9.0.11:9856|admin:10.9.0.11:9857|client:10.9.0.11:9858|dataStream:10.9.0.11:9858|priority:1|startupRole:FOLLOWER, e76324db-15f4-4a88-bdcf-af3181c15cf4|rpc:10.9.0.13:9856|admin:10.9.0.13:9857|client:10.9.0.13:9858|dataStream:10.9.0.13:9858|priority:0|startupRole:FOLLOWER]|listeners:[], old=null
dn1_1  | 2023-03-20 06:29:30,237 [4545847e-3661-4ff6-b1a4-a28b9e4b550f-impl-thread3] INFO segmented.LogSegment: Successfully read 2 entries from segment file /data/metadata/ratis/f0a30a04-e8ba-483c-b88e-fd377e97eef0/current/log_inprogress_400
dn1_1  | 2023-03-20 06:29:30,238 [4545847e-3661-4ff6-b1a4-a28b9e4b550f-impl-thread3] INFO segmented.SegmentedRaftLogWorker: 4545847e-3661-4ff6-b1a4-a28b9e4b550f@group-FD377E97EEF0-SegmentedRaftLogWorker: flushIndex: setUnconditionally 0 -> 401
dn1_1  | 2023-03-20 06:29:30,238 [4545847e-3661-4ff6-b1a4-a28b9e4b550f-impl-thread3] INFO segmented.SegmentedRaftLogWorker: 4545847e-3661-4ff6-b1a4-a28b9e4b550f@group-FD377E97EEF0-SegmentedRaftLogWorker: safeCacheEvictIndex: setUnconditionally 0 -> 399
dn1_1  | 2023-03-20 06:29:31,062 [4545847e-3661-4ff6-b1a4-a28b9e4b550f-impl-thread2] INFO raftlog.RaftLog: 4545847e-3661-4ff6-b1a4-a28b9e4b550f@group-237F4780C006-SegmentedRaftLog: commitIndex: updateToMax old=403, new=402, updated? false
scm_1  | 2023-03-20 06:29:13,840 [main] INFO server.RaftServerConfigKeys: raft.server.rpc.slowness.timeout = 120000ms (custom)
dn2_1  | 2023-03-20 06:29:26,776 [94b0e1e9-73dc-45be-8f98-48b9f3106c03-impl-thread1] INFO server.RaftServerConfigKeys: raft.server.log.segment.size.max = 1048576 (custom)
dn2_1  | 2023-03-20 06:29:26,776 [94b0e1e9-73dc-45be-8f98-48b9f3106c03-impl-thread1] INFO server.RaftServerConfigKeys: raft.server.log.preallocated.size = 16384 (custom)
dn3_1  | 2023-03-20 06:29:26,311 [e76324db-15f4-4a88-bdcf-af3181c15cf4-impl-thread2] INFO server.RaftServerConfigKeys: raft.server.log.use.memory = false (default)
dn3_1  | 2023-03-20 06:29:26,330 [e76324db-15f4-4a88-bdcf-af3181c15cf4-impl-thread3] INFO server.RaftServerConfigKeys: raft.server.log.use.memory = false (default)
om1_1  | 2023-03-20 06:29:34,348 [main] INFO grpc.GrpcConfigKeys: raft.grpc.server.port = 9872 (custom)
om1_1  | 2023-03-20 06:29:34,356 [main] INFO server.GrpcService: raft.grpc.message.size.max = 33554432 (custom)
om1_1  | 2023-03-20 06:29:34,374 [main] INFO server.RaftServerConfigKeys: raft.server.log.appender.buffer.byte-limit = 33554432 (custom)
om1_1  | 2023-03-20 06:29:34,375 [main] INFO server.GrpcService: raft.grpc.flow.control.window = 1MB (=1048576) (default)
om1_1  | 2023-03-20 06:29:34,376 [main] INFO server.RaftServerConfigKeys: raft.server.rpc.request.timeout = 3000ms (default)
om1_1  | 2023-03-20 06:29:34,423 [main] INFO grpc.GrpcConfigKeys: raft.grpc.server.heartbeat.channel = true (default)
om1_1  | 2023-03-20 06:29:34,476 [main] INFO grpc.GrpcConfigKeys: raft.grpc.server.async.request.thread.pool.cached = true (default)
om1_1  | 2023-03-20 06:29:34,478 [main] INFO grpc.GrpcConfigKeys: raft.grpc.server.async.request.thread.pool.size = 32 (default)
om1_1  | 2023-03-20 06:29:35,422 [main] INFO impl.DataStreamServerImpl: raft.datastream.type = DISABLED (default)
om1_1  | 2023-03-20 06:29:35,430 [main] INFO server.RaftServerConfigKeys: raft.server.threadpool.proxy.cached = true (default)
om1_1  | 2023-03-20 06:29:35,443 [main] INFO server.RaftServerConfigKeys: raft.server.threadpool.proxy.size = 0 (default)
om1_1  | 2023-03-20 06:29:35,444 [main] INFO server.RaftServerConfigKeys: raft.server.rpc.slowness.timeout = 120s (custom)
om1_1  | 2023-03-20 06:29:35,445 [main] INFO server.RaftServerConfigKeys: raft.server.leaderelection.leader.step-down.wait-time = 10s (default)
om1_1  | 2023-03-20 06:29:35,461 [main] INFO server.RaftServerConfigKeys: raft.server.storage.dir = [/data/metadata/ratis] (custom)
om1_1  | 2023-03-20 06:29:35,500 [om1-impl-thread1] INFO server.RaftServer: om1: found a subdirectory /data/metadata/ratis/5cb24680-b9e7-3c90-a862-d66704efc61c
om1_1  | 2023-03-20 06:29:35,536 [main] INFO server.RaftServer: om1: addNew group-D66704EFC61C:[om1|rpc:om1:9872|priority:0|startupRole:FOLLOWER, om3|rpc:om3:9872|priority:0|startupRole:FOLLOWER, om2|rpc:om2:9872|priority:0|startupRole:FOLLOWER] returns group-D66704EFC61C:java.util.concurrent.CompletableFuture@7926352f[Not completed]
om1_1  | 2023-03-20 06:29:35,542 [main] INFO om.OzoneManager: OzoneManager Ratis server initialized at port 9872
om1_1  | 2023-03-20 06:29:35,579 [main] INFO om.OzoneManager: Creating RPC Server
om1_1  | 2023-03-20 06:29:35,738 [pool-29-thread-1] INFO server.RaftServer$Division: om1: new RaftServerImpl for group-D66704EFC61C:[om1|rpc:om1:9872|priority:0|startupRole:FOLLOWER, om3|rpc:om3:9872|priority:0|startupRole:FOLLOWER, om2|rpc:om2:9872|priority:0|startupRole:FOLLOWER] with OzoneManagerStateMachine:uninitialized
om1_1  | 2023-03-20 06:29:35,779 [pool-29-thread-1] INFO server.RaftServerConfigKeys: raft.server.rpc.timeout.min = 5s (custom)
om1_1  | 2023-03-20 06:29:35,784 [pool-29-thread-1] INFO server.RaftServerConfigKeys: raft.server.rpc.timeout.max = 5200ms (custom)
om1_1  | 2023-03-20 06:29:35,784 [pool-29-thread-1] INFO server.RaftServerConfigKeys: raft.server.rpc.sleep.time = 25ms (default)
om1_1  | 2023-03-20 06:29:35,785 [pool-29-thread-1] INFO server.RaftServerConfigKeys: raft.server.rpc.slowness.timeout = 120s (custom)
om1_1  | 2023-03-20 06:29:35,785 [pool-29-thread-1] INFO server.RaftServerConfigKeys: raft.server.leaderelection.leader.step-down.wait-time = 10s (default)
om1_1  | 2023-03-20 06:29:35,786 [pool-29-thread-1] INFO server.RaftServerConfigKeys: raft.server.sleep.deviation.threshold = 300ms (default)
om1_1  | 2023-03-20 06:29:35,858 [pool-29-thread-1] INFO server.RaftServer$Division: om1@group-D66704EFC61C: ConfigurationManager, init=-1: peers:[om1|rpc:om1:9872|priority:0|startupRole:FOLLOWER, om3|rpc:om3:9872|priority:0|startupRole:FOLLOWER, om2|rpc:om2:9872|priority:0|startupRole:FOLLOWER]|listeners:[], old=null, confs=<EMPTY_MAP>
om1_1  | 2023-03-20 06:29:35,869 [pool-29-thread-1] INFO server.RaftServerConfigKeys: raft.server.storage.dir = [/data/metadata/ratis] (custom)
om1_1  | 2023-03-20 06:29:35,921 [pool-29-thread-1] INFO server.RaftServerConfigKeys: raft.server.log.corruption.policy = EXCEPTION (default)
om1_1  | 2023-03-20 06:29:35,929 [pool-29-thread-1] INFO server.RaftServerConfigKeys: raft.server.storage.free-space.min = 0MB (=0) (default)
om1_1  | 2023-03-20 06:29:36,291 [pool-29-thread-1] INFO server.RaftServerConfigKeys: raft.server.notification.no-leader.timeout = 120s (custom)
om1_1  | 2023-03-20 06:29:36,334 [pool-29-thread-1] INFO server.RaftServerConfigKeys: raft.server.retrycache.expirytime = 300s (custom)
om1_1  | 2023-03-20 06:29:36,334 [pool-29-thread-1] INFO server.RaftServerConfigKeys: raft.server.retrycache.statistics.expirytime = 100?s (default)
om1_1  | 2023-03-20 06:29:37,787 [pool-29-thread-1] INFO server.RaftServerConfigKeys: raft.server.log.appender.install.snapshot.enabled = false (custom)
om1_1  | 2023-03-20 06:29:37,853 [pool-29-thread-1] INFO server.RaftServerConfigKeys: raft.server.threadpool.server.cached = true (default)
om1_1  | 2023-03-20 06:29:37,880 [pool-29-thread-1] INFO server.RaftServerConfigKeys: raft.server.threadpool.server.size = 0 (default)
om1_1  | 2023-03-20 06:29:37,881 [pool-29-thread-1] INFO server.RaftServerConfigKeys: raft.server.threadpool.client.cached = true (default)
scm_1  | 2023-03-20 06:29:13,841 [main] INFO server.RaftServerConfigKeys: raft.server.leaderelection.leader.step-down.wait-time = 10s (default)
scm_1  | 2023-03-20 06:29:13,881 [main] INFO server.RaftServerConfigKeys: raft.server.storage.dir = [/data/metadata/scm-ha] (custom)
scm_1  | 2023-03-20 06:29:13,921 [f267f18b-cacf-415d-8c4d-555a3215a0e4-impl-thread1] INFO server.RaftServer: f267f18b-cacf-415d-8c4d-555a3215a0e4: found a subdirectory /data/metadata/scm-ha/eb1f7664-a214-4204-be30-fd5a79be45de
om1_1  | 2023-03-20 06:29:37,924 [pool-29-thread-1] INFO server.RaftServerConfigKeys: raft.server.threadpool.client.size = 0 (default)
dn3_1  | 2023-03-20 06:29:26,330 [e76324db-15f4-4a88-bdcf-af3181c15cf4-impl-thread1] INFO server.RaftServerConfigKeys: raft.server.log.use.memory = false (default)
dn3_1  | 2023-03-20 06:29:26,402 [e76324db-15f4-4a88-bdcf-af3181c15cf4-impl-thread2] INFO server.RaftServerConfigKeys: raft.server.log.purge.gap = 1000000 (custom)
dn3_1  | 2023-03-20 06:29:26,402 [e76324db-15f4-4a88-bdcf-af3181c15cf4-impl-thread2] INFO server.RaftServerConfigKeys: raft.server.log.appender.buffer.byte-limit = 33554432 (custom)
dn3_1  | 2023-03-20 06:29:26,403 [e76324db-15f4-4a88-bdcf-af3181c15cf4-impl-thread2] INFO server.RaftServerConfigKeys: raft.server.log.statemachine.data.read.timeout = 1000ms (default)
scm_1  | 2023-03-20 06:29:13,936 [main] INFO server.RaftServer: f267f18b-cacf-415d-8c4d-555a3215a0e4: addNew group-FD5A79BE45DE:[] returns group-FD5A79BE45DE:java.util.concurrent.CompletableFuture@56303475[Not completed]
scm_1  | 2023-03-20 06:29:14,197 [pool-16-thread-1] INFO ha.SCMStateMachine: Updated lastAppliedTermIndex 3#42 with transactionInfo term andIndex
scm_1  | 2023-03-20 06:29:14,198 [pool-16-thread-1] INFO server.RaftServer$Division: f267f18b-cacf-415d-8c4d-555a3215a0e4: new RaftServerImpl for group-FD5A79BE45DE:[] with SCMStateMachine:uninitialized
dn3_1  | 2023-03-20 06:29:26,412 [e76324db-15f4-4a88-bdcf-af3181c15cf4-impl-thread3] INFO server.RaftServerConfigKeys: raft.server.log.purge.gap = 1000000 (custom)
dn3_1  | 2023-03-20 06:29:26,412 [e76324db-15f4-4a88-bdcf-af3181c15cf4-impl-thread1] INFO server.RaftServerConfigKeys: raft.server.log.purge.gap = 1000000 (custom)
dn3_1  | 2023-03-20 06:29:26,426 [e76324db-15f4-4a88-bdcf-af3181c15cf4-impl-thread1] INFO server.RaftServerConfigKeys: raft.server.log.appender.buffer.byte-limit = 33554432 (custom)
dn3_1  | 2023-03-20 06:29:26,432 [e76324db-15f4-4a88-bdcf-af3181c15cf4-impl-thread1] INFO server.RaftServerConfigKeys: raft.server.log.statemachine.data.read.timeout = 1000ms (default)
dn3_1  | 2023-03-20 06:29:26,441 [e76324db-15f4-4a88-bdcf-af3181c15cf4-impl-thread1] INFO server.RaftServerConfigKeys: raft.server.log.purge.preservation.log.num = 0 (default)
scm_1  | 2023-03-20 06:29:14,219 [pool-16-thread-1] INFO server.RaftServerConfigKeys: raft.server.rpc.timeout.min = 5000ms (custom)
scm_1  | 2023-03-20 06:29:14,220 [pool-16-thread-1] INFO server.RaftServerConfigKeys: raft.server.rpc.timeout.max = 5200ms (custom)
scm_1  | 2023-03-20 06:29:14,220 [pool-16-thread-1] INFO server.RaftServerConfigKeys: raft.server.rpc.sleep.time = 25ms (default)
dn3_1  | 2023-03-20 06:29:26,444 [e76324db-15f4-4a88-bdcf-af3181c15cf4-impl-thread3] INFO server.RaftServerConfigKeys: raft.server.log.appender.buffer.byte-limit = 33554432 (custom)
dn3_1  | 2023-03-20 06:29:26,452 [e76324db-15f4-4a88-bdcf-af3181c15cf4-impl-thread3] INFO server.RaftServerConfigKeys: raft.server.log.statemachine.data.read.timeout = 1000ms (default)
dn3_1  | 2023-03-20 06:29:26,472 [e76324db-15f4-4a88-bdcf-af3181c15cf4-impl-thread3] INFO server.RaftServerConfigKeys: raft.server.log.purge.preservation.log.num = 0 (default)
dn3_1  | 2023-03-20 06:29:26,486 [e76324db-15f4-4a88-bdcf-af3181c15cf4-impl-thread1] INFO server.RaftServerConfigKeys: raft.server.log.segment.size.max = 1048576 (custom)
dn3_1  | 2023-03-20 06:29:26,504 [e76324db-15f4-4a88-bdcf-af3181c15cf4-impl-thread3] INFO server.RaftServerConfigKeys: raft.server.log.segment.size.max = 1048576 (custom)
scm_1  | 2023-03-20 06:29:14,234 [pool-16-thread-1] INFO server.RaftServerConfigKeys: raft.server.rpc.slowness.timeout = 120000ms (custom)
scm_1  | 2023-03-20 06:29:14,234 [pool-16-thread-1] INFO server.RaftServerConfigKeys: raft.server.leaderelection.leader.step-down.wait-time = 10s (default)
scm_1  | 2023-03-20 06:29:14,234 [pool-16-thread-1] INFO server.RaftServerConfigKeys: raft.server.sleep.deviation.threshold = 300ms (default)
scm_1  | 2023-03-20 06:29:14,320 [pool-16-thread-1] INFO server.RaftServer$Division: f267f18b-cacf-415d-8c4d-555a3215a0e4@group-FD5A79BE45DE: ConfigurationManager, init=-1: peers:[]|listeners:[], old=null, confs=<EMPTY_MAP>
om2_1  | 	at org.apache.hadoop.ipc.ProtobufRpcEngine2$Server$ProtoBufRpcInvoker.call(ProtobufRpcEngine2.java:578)
om2_1  | 	at org.apache.hadoop.ipc.ProtobufRpcEngine2$Server$ProtoBufRpcInvoker.call(ProtobufRpcEngine2.java:556)
dn1_1  | 2023-03-20 06:29:31,132 [4545847e-3661-4ff6-b1a4-a28b9e4b550f-impl-thread1] INFO raftlog.RaftLog: 4545847e-3661-4ff6-b1a4-a28b9e4b550f@group-244FF79D1EB6-SegmentedRaftLog: commitIndex: updateToMax old=2, new=1, updated? false
dn1_1  | 2023-03-20 06:29:31,132 [4545847e-3661-4ff6-b1a4-a28b9e4b550f-impl-thread3] INFO raftlog.RaftLog: 4545847e-3661-4ff6-b1a4-a28b9e4b550f@group-FD377E97EEF0-SegmentedRaftLog: commitIndex: updateToMax old=401, new=400, updated? false
dn2_1  | 2023-03-20 06:29:26,777 [94b0e1e9-73dc-45be-8f98-48b9f3106c03-impl-thread2] INFO server.RaftServerConfigKeys: raft.server.log.segment.size.max = 1048576 (custom)
dn2_1  | 2023-03-20 06:29:26,777 [94b0e1e9-73dc-45be-8f98-48b9f3106c03-impl-thread2] INFO server.RaftServerConfigKeys: raft.server.log.preallocated.size = 16384 (custom)
dn2_1  | 2023-03-20 06:29:26,778 [94b0e1e9-73dc-45be-8f98-48b9f3106c03-impl-thread1] INFO server.RaftServerConfigKeys: raft.server.log.force.sync.num = 128 (default)
scm_1  | 2023-03-20 06:29:14,321 [pool-16-thread-1] INFO server.RaftServerConfigKeys: raft.server.storage.dir = [/data/metadata/scm-ha] (custom)
om2_1  | 	at org.apache.hadoop.ipc.RPC$Server.call(RPC.java:1093)
om2_1  | 	at org.apache.hadoop.ipc.Server$RpcCall.run(Server.java:1043)
dn1_1  | 2023-03-20 06:29:31,165 [4545847e-3661-4ff6-b1a4-a28b9e4b550f-impl-thread3] INFO server.RaftServer$Division: 4545847e-3661-4ff6-b1a4-a28b9e4b550f@group-FD377E97EEF0: start as a follower, conf=400: peers:[94b0e1e9-73dc-45be-8f98-48b9f3106c03|rpc:10.9.0.12:9856|admin:10.9.0.12:9857|client:10.9.0.12:9858|dataStream:10.9.0.12:9858|priority:0|startupRole:FOLLOWER, 4545847e-3661-4ff6-b1a4-a28b9e4b550f|rpc:10.9.0.11:9856|admin:10.9.0.11:9857|client:10.9.0.11:9858|dataStream:10.9.0.11:9858|priority:1|startupRole:FOLLOWER, e76324db-15f4-4a88-bdcf-af3181c15cf4|rpc:10.9.0.13:9856|admin:10.9.0.13:9857|client:10.9.0.13:9858|dataStream:10.9.0.13:9858|priority:0|startupRole:FOLLOWER]|listeners:[], old=null
dn1_1  | 2023-03-20 06:29:31,165 [4545847e-3661-4ff6-b1a4-a28b9e4b550f-impl-thread3] INFO server.RaftServer$Division: 4545847e-3661-4ff6-b1a4-a28b9e4b550f@group-FD377E97EEF0: changes role from      null to FOLLOWER at term 2 for startAsFollower
dn2_1  | 2023-03-20 06:29:26,782 [94b0e1e9-73dc-45be-8f98-48b9f3106c03-impl-thread2] INFO server.RaftServerConfigKeys: raft.server.log.force.sync.num = 128 (default)
scm_1  | 2023-03-20 06:29:14,340 [pool-16-thread-1] INFO server.RaftServerConfigKeys: raft.server.log.corruption.policy = EXCEPTION (default)
om2_1  | 	at org.apache.hadoop.ipc.Server$RpcCall.run(Server.java:971)
om2_1  | 	at java.base/java.security.AccessController.doPrivileged(Native Method)
dn1_1  | 2023-03-20 06:29:31,165 [4545847e-3661-4ff6-b1a4-a28b9e4b550f-impl-thread1] INFO server.RaftServer$Division: 4545847e-3661-4ff6-b1a4-a28b9e4b550f@group-244FF79D1EB6: start as a follower, conf=1: peers:[4545847e-3661-4ff6-b1a4-a28b9e4b550f|rpc:10.9.0.11:9856|admin:10.9.0.11:9857|client:10.9.0.11:9858|dataStream:10.9.0.11:9858|priority:1|startupRole:FOLLOWER]|listeners:[], old=null
dn1_1  | 2023-03-20 06:29:31,176 [4545847e-3661-4ff6-b1a4-a28b9e4b550f-impl-thread1] INFO server.RaftServer$Division: 4545847e-3661-4ff6-b1a4-a28b9e4b550f@group-244FF79D1EB6: changes role from      null to FOLLOWER at term 2 for startAsFollower
dn2_1  | 2023-03-20 06:29:26,785 [94b0e1e9-73dc-45be-8f98-48b9f3106c03-impl-thread2] INFO server.RaftServerConfigKeys: raft.server.log.statemachine.data.sync = true (default)
dn2_1  | 2023-03-20 06:29:26,786 [94b0e1e9-73dc-45be-8f98-48b9f3106c03-impl-thread2] INFO server.RaftServerConfigKeys: raft.server.log.statemachine.data.sync.timeout = 10s (default)
scm_1  | 2023-03-20 06:29:14,346 [pool-16-thread-1] INFO server.RaftServerConfigKeys: raft.server.storage.free-space.min = 0MB (=0) (default)
dn1_1  | 2023-03-20 06:29:31,170 [4545847e-3661-4ff6-b1a4-a28b9e4b550f-impl-thread3] INFO impl.RoleInfo: 4545847e-3661-4ff6-b1a4-a28b9e4b550f: start 4545847e-3661-4ff6-b1a4-a28b9e4b550f@group-FD377E97EEF0-FollowerState
dn1_1  | 2023-03-20 06:29:31,165 [4545847e-3661-4ff6-b1a4-a28b9e4b550f-impl-thread2] INFO server.RaftServer$Division: 4545847e-3661-4ff6-b1a4-a28b9e4b550f@group-237F4780C006: start as a follower, conf=402: peers:[94b0e1e9-73dc-45be-8f98-48b9f3106c03|rpc:10.9.0.12:9856|admin:10.9.0.12:9857|client:10.9.0.12:9858|dataStream:10.9.0.12:9858|priority:1|startupRole:FOLLOWER, 4545847e-3661-4ff6-b1a4-a28b9e4b550f|rpc:10.9.0.11:9856|admin:10.9.0.11:9857|client:10.9.0.11:9858|dataStream:10.9.0.11:9858|priority:0|startupRole:FOLLOWER, e76324db-15f4-4a88-bdcf-af3181c15cf4|rpc:10.9.0.13:9856|admin:10.9.0.13:9857|client:10.9.0.13:9858|dataStream:10.9.0.13:9858|priority:0|startupRole:FOLLOWER]|listeners:[], old=null
dn2_1  | 2023-03-20 06:29:26,786 [94b0e1e9-73dc-45be-8f98-48b9f3106c03-impl-thread1] INFO server.RaftServerConfigKeys: raft.server.log.statemachine.data.sync = true (default)
dn2_1  | 2023-03-20 06:29:26,787 [94b0e1e9-73dc-45be-8f98-48b9f3106c03-impl-thread1] INFO server.RaftServerConfigKeys: raft.server.log.statemachine.data.sync.timeout = 10s (default)
scm_1  | 2023-03-20 06:29:14,476 [pool-16-thread-1] INFO server.RaftServerConfigKeys: raft.server.notification.no-leader.timeout = 60s (default)
om2_1  | 	at java.base/javax.security.auth.Subject.doAs(Subject.java:423)
om2_1  | 	at org.apache.hadoop.security.UserGroupInformation.doAs(UserGroupInformation.java:1878)
dn1_1  | 2023-03-20 06:29:31,185 [4545847e-3661-4ff6-b1a4-a28b9e4b550f-impl-thread2] INFO server.RaftServer$Division: 4545847e-3661-4ff6-b1a4-a28b9e4b550f@group-237F4780C006: changes role from      null to FOLLOWER at term 2 for startAsFollower
dn1_1  | 2023-03-20 06:29:31,219 [4545847e-3661-4ff6-b1a4-a28b9e4b550f-impl-thread3] INFO util.JmxRegister: Successfully registered JMX Bean with object name Ratis:service=RaftServer,group=group-FD377E97EEF0,id=4545847e-3661-4ff6-b1a4-a28b9e4b550f
scm_1  | 2023-03-20 06:29:14,519 [pool-16-thread-1] INFO server.RaftServerConfigKeys: raft.server.retrycache.expirytime = 60000ms (default)
dn3_1  | 2023-03-20 06:29:26,508 [e76324db-15f4-4a88-bdcf-af3181c15cf4-impl-thread2] INFO server.RaftServerConfigKeys: raft.server.log.purge.preservation.log.num = 0 (default)
dn3_1  | 2023-03-20 06:29:26,520 [e76324db-15f4-4a88-bdcf-af3181c15cf4-impl-thread2] INFO server.RaftServerConfigKeys: raft.server.log.segment.size.max = 1048576 (custom)
dn1_1  | 2023-03-20 06:29:31,220 [4545847e-3661-4ff6-b1a4-a28b9e4b550f-impl-thread2] INFO impl.RoleInfo: 4545847e-3661-4ff6-b1a4-a28b9e4b550f: start 4545847e-3661-4ff6-b1a4-a28b9e4b550f@group-237F4780C006-FollowerState
dn1_1  | 2023-03-20 06:29:31,187 [4545847e-3661-4ff6-b1a4-a28b9e4b550f-impl-thread1] INFO impl.RoleInfo: 4545847e-3661-4ff6-b1a4-a28b9e4b550f: start 4545847e-3661-4ff6-b1a4-a28b9e4b550f@group-244FF79D1EB6-FollowerState
scm_1  | 2023-03-20 06:29:14,520 [pool-16-thread-1] INFO server.RaftServerConfigKeys: raft.server.retrycache.statistics.expirytime = 100?s (default)
dn3_1  | 2023-03-20 06:29:26,623 [e76324db-15f4-4a88-bdcf-af3181c15cf4-impl-thread1] INFO server.RaftServerConfigKeys: raft.server.log.segment.cache.num.max = 2 (custom)
om2_1  | 	at org.apache.hadoop.ipc.Server$Handler.run(Server.java:2976)
dn1_1  | 2023-03-20 06:29:31,259 [4545847e-3661-4ff6-b1a4-a28b9e4b550f-impl-thread2] INFO util.JmxRegister: Successfully registered JMX Bean with object name Ratis:service=RaftServer,group=group-237F4780C006,id=4545847e-3661-4ff6-b1a4-a28b9e4b550f
dn1_1  | 2023-03-20 06:29:31,259 [4545847e-3661-4ff6-b1a4-a28b9e4b550f-impl-thread2] INFO server.RaftServerConfigKeys: raft.server.snapshot.auto.trigger.enabled = true (custom)
dn2_1  | 2023-03-20 06:29:26,787 [94b0e1e9-73dc-45be-8f98-48b9f3106c03-impl-thread1] INFO server.RaftServerConfigKeys: raft.server.log.statemachine.data.sync.timeout.retry = -1 (default)
dn2_1  | 2023-03-20 06:29:26,787 [94b0e1e9-73dc-45be-8f98-48b9f3106c03-impl-thread2] INFO server.RaftServerConfigKeys: raft.server.log.statemachine.data.sync.timeout.retry = -1 (default)
scm_1  | 2023-03-20 06:29:15,597 [pool-16-thread-1] INFO server.RaftServerConfigKeys: raft.server.log.appender.install.snapshot.enabled = false (custom)
dn1_1  | 2023-03-20 06:29:31,260 [4545847e-3661-4ff6-b1a4-a28b9e4b550f-impl-thread2] INFO server.RaftServerConfigKeys: raft.server.snapshot.auto.trigger.threshold = 10000 (custom)
dn1_1  | 2023-03-20 06:29:31,261 [4545847e-3661-4ff6-b1a4-a28b9e4b550f-impl-thread2] INFO server.RaftServerConfigKeys: raft.server.snapshot.retention.file.num = 5 (custom)
dn2_1  | 2023-03-20 06:29:26,802 [94b0e1e9-73dc-45be-8f98-48b9f3106c03-impl-thread3] INFO segmented.SegmentedRaftLogWorker: new 94b0e1e9-73dc-45be-8f98-48b9f3106c03@group-FD377E97EEF0-SegmentedRaftLogWorker for RaftStorageImpl:Storage Directory /data/metadata/ratis/f0a30a04-e8ba-483c-b88e-fd377e97eef0
dn2_1  | 2023-03-20 06:29:26,803 [94b0e1e9-73dc-45be-8f98-48b9f3106c03-impl-thread3] INFO server.RaftServerConfigKeys: raft.server.log.queue.byte-limit = 4294967296 (custom)
scm_1  | 2023-03-20 06:29:15,612 [pool-16-thread-1] INFO server.RaftServerConfigKeys: raft.server.threadpool.server.cached = true (default)
dn1_1  | 2023-03-20 06:29:31,262 [4545847e-3661-4ff6-b1a4-a28b9e4b550f-impl-thread2] INFO server.RaftServerConfigKeys: raft.server.log.purge.upto.snapshot.index = false (default)
om3_1  | 2023-03-20 06:29:34,505 [Finalizer] WARN managed.ManagedRocksObjectUtils: ManagedColumnFamilyOptions is not closed properly
dn2_1  | 2023-03-20 06:29:26,805 [94b0e1e9-73dc-45be-8f98-48b9f3106c03-impl-thread3] INFO server.RaftServerConfigKeys: raft.server.log.queue.element-limit = 1024 (custom)
dn2_1  | 2023-03-20 06:29:26,805 [94b0e1e9-73dc-45be-8f98-48b9f3106c03-impl-thread3] INFO server.RaftServerConfigKeys: raft.server.log.segment.size.max = 1048576 (custom)
scm_1  | 2023-03-20 06:29:15,614 [pool-16-thread-1] INFO server.RaftServerConfigKeys: raft.server.threadpool.server.size = 0 (default)
om3_1  | 2023-03-20 06:29:34,519 [Finalizer] WARN managed.ManagedRocksObjectUtils: ManagedColumnFamilyOptions is not closed properly
om3_1  | 2023-03-20 06:29:34,519 [Finalizer] WARN managed.ManagedRocksObjectUtils: ManagedColumnFamilyOptions is not closed properly
dn1_1  | 2023-03-20 06:29:31,297 [4545847e-3661-4ff6-b1a4-a28b9e4b550f-impl-thread3] INFO server.RaftServerConfigKeys: raft.server.snapshot.auto.trigger.enabled = true (custom)
dn1_1  | 2023-03-20 06:29:31,302 [4545847e-3661-4ff6-b1a4-a28b9e4b550f-impl-thread3] INFO server.RaftServerConfigKeys: raft.server.snapshot.auto.trigger.threshold = 10000 (custom)
dn1_1  | 2023-03-20 06:29:31,305 [4545847e-3661-4ff6-b1a4-a28b9e4b550f-impl-thread3] INFO server.RaftServerConfigKeys: raft.server.snapshot.retention.file.num = 5 (custom)
dn3_1  | 2023-03-20 06:29:26,634 [e76324db-15f4-4a88-bdcf-af3181c15cf4-impl-thread1] INFO server.RaftServerConfigKeys: raft.server.log.segment.cache.size.max = 200MB (=209715200) (default)
dn3_1  | 2023-03-20 06:29:26,633 [e76324db-15f4-4a88-bdcf-af3181c15cf4-impl-thread3] INFO server.RaftServerConfigKeys: raft.server.log.segment.cache.num.max = 2 (custom)
dn2_1  | 2023-03-20 06:29:26,805 [94b0e1e9-73dc-45be-8f98-48b9f3106c03-impl-thread3] INFO server.RaftServerConfigKeys: raft.server.log.preallocated.size = 16384 (custom)
scm_1  | 2023-03-20 06:29:15,615 [pool-16-thread-1] INFO server.RaftServerConfigKeys: raft.server.threadpool.client.cached = true (default)
om1_1  | 2023-03-20 06:29:40,858 [main] INFO reflections.Reflections: Reflections took 5000 ms to scan 8 urls, producing 23 keys and 586 values [using 2 cores]
om2_1  | , while invoking $Proxy33.send over nodeId=scmNodeId,nodeAddress=scm/10.9.0.17:9863 after 9 failover attempts. Trying to failover after sleeping for 2000ms.
dn1_1  | 2023-03-20 06:29:31,305 [4545847e-3661-4ff6-b1a4-a28b9e4b550f-impl-thread3] INFO server.RaftServerConfigKeys: raft.server.log.purge.upto.snapshot.index = false (default)
om3_1  | 2023-03-20 06:29:34,519 [Finalizer] WARN managed.ManagedRocksObjectUtils: ManagedColumnFamilyOptions is not closed properly
om3_1  | 2023-03-20 06:29:34,520 [Finalizer] WARN managed.ManagedRocksObjectUtils: RocksIterator is not closed properly
om2_1  | 2023-03-20 06:29:28,912 [main] INFO om.OzoneManager: OM start with adminUsers: [hadoop]
om3_1  | 2023-03-20 06:29:34,554 [main] INFO ratis.OzoneManagerStateMachine: LastAppliedIndex is set from TransactionInfo from OM DB as (t:2, i:840)
om3_1  | 2023-03-20 06:29:34,820 [main] INFO server.RaftServer: raft.rpc.type = GRPC (default)
om3_1  | 2023-03-20 06:29:35,286 [main] INFO grpc.GrpcConfigKeys: raft.grpc.admin.host = null (fallback to raft.grpc.server.host)
om3_1  | 2023-03-20 06:29:35,296 [main] INFO grpc.GrpcConfigKeys: raft.grpc.admin.port = 9872 (fallback to raft.grpc.server.port)
om3_1  | 2023-03-20 06:29:35,298 [main] INFO grpc.GrpcConfigKeys: raft.grpc.client.host = null (fallback to raft.grpc.server.host)
om3_1  | 2023-03-20 06:29:35,304 [main] INFO grpc.GrpcConfigKeys: raft.grpc.client.port = 9872 (fallback to raft.grpc.server.port)
om2_1  | 2023-03-20 06:29:29,254 [main] WARN server.ServerUtils: ozone.om.db.dirs is not configured. We recommend adding this setting. Falling back to ozone.metadata.dirs instead.
om2_1  | 2023-03-20 06:29:30,378 [main] INFO codec.OmKeyInfoCodec: OmKeyInfoCodec ignorePipeline = true
dn1_1  | 2023-03-20 06:29:31,309 [4545847e-3661-4ff6-b1a4-a28b9e4b550f@group-237F4780C006-FollowerState] INFO server.RaftServerConfigKeys: raft.server.rpc.first-election.timeout.min = 5s (fallback to raft.server.rpc.timeout.min)
dn1_1  | 2023-03-20 06:29:31,309 [4545847e-3661-4ff6-b1a4-a28b9e4b550f@group-237F4780C006-FollowerState] INFO server.RaftServerConfigKeys: raft.server.rpc.first-election.timeout.max = 5200ms (fallback to raft.server.rpc.timeout.max)
dn1_1  | 2023-03-20 06:29:31,312 [4545847e-3661-4ff6-b1a4-a28b9e4b550f@group-FD377E97EEF0-FollowerState] INFO server.RaftServerConfigKeys: raft.server.rpc.first-election.timeout.min = 5s (fallback to raft.server.rpc.timeout.min)
dn1_1  | 2023-03-20 06:29:31,314 [4545847e-3661-4ff6-b1a4-a28b9e4b550f@group-FD377E97EEF0-FollowerState] INFO server.RaftServerConfigKeys: raft.server.rpc.first-election.timeout.max = 5200ms (fallback to raft.server.rpc.timeout.max)
om2_1  | 2023-03-20 06:29:30,396 [main] INFO codec.RepeatedOmKeyInfoCodec: RepeatedOmKeyInfoCodec ignorePipeline = true
om3_1  | 2023-03-20 06:29:35,307 [main] INFO grpc.GrpcConfigKeys: raft.grpc.server.host = null (default)
om3_1  | 2023-03-20 06:29:35,307 [main] INFO grpc.GrpcConfigKeys: raft.grpc.server.port = 9872 (custom)
om3_1  | 2023-03-20 06:29:35,308 [main] INFO server.GrpcService: raft.grpc.message.size.max = 33554432 (custom)
om3_1  | 2023-03-20 06:29:35,333 [main] INFO server.RaftServerConfigKeys: raft.server.log.appender.buffer.byte-limit = 33554432 (custom)
om2_1  | 2023-03-20 06:29:31,758 [main] INFO om.OzoneManager: S3 Multi-Tenancy is disabled
dn2_1  | 2023-03-20 06:29:26,806 [94b0e1e9-73dc-45be-8f98-48b9f3106c03-impl-thread3] INFO server.RaftServerConfigKeys: raft.server.log.force.sync.num = 128 (default)
dn2_1  | 2023-03-20 06:29:26,807 [94b0e1e9-73dc-45be-8f98-48b9f3106c03-impl-thread3] INFO server.RaftServerConfigKeys: raft.server.log.statemachine.data.sync = true (default)
dn2_1  | 2023-03-20 06:29:26,809 [94b0e1e9-73dc-45be-8f98-48b9f3106c03-impl-thread3] INFO server.RaftServerConfigKeys: raft.server.log.statemachine.data.sync.timeout = 10s (default)
dn2_1  | 2023-03-20 06:29:26,810 [94b0e1e9-73dc-45be-8f98-48b9f3106c03-impl-thread3] INFO server.RaftServerConfigKeys: raft.server.log.statemachine.data.sync.timeout.retry = -1 (default)
om3_1  | 2023-03-20 06:29:35,335 [main] INFO server.GrpcService: raft.grpc.flow.control.window = 1MB (=1048576) (default)
om3_1  | 2023-03-20 06:29:35,340 [main] INFO server.RaftServerConfigKeys: raft.server.rpc.request.timeout = 3000ms (default)
scm_1  | 2023-03-20 06:29:15,619 [pool-16-thread-1] INFO server.RaftServerConfigKeys: raft.server.threadpool.client.size = 0 (default)
om2_1  | 2023-03-20 06:29:31,926 [main] WARN server.ServerUtils: ozone.om.snapshot.diff.db.dir is not configured. We recommend adding this setting. Falling back to ozone.metadata.dirs instead.
dn2_1  | 2023-03-20 06:29:26,874 [94b0e1e9-73dc-45be-8f98-48b9f3106c03-impl-thread1] INFO server.RaftServerConfigKeys: raft.server.log.write.buffer.size = 1048576 (custom)
dn2_1  | 2023-03-20 06:29:26,876 [94b0e1e9-73dc-45be-8f98-48b9f3106c03-impl-thread3] INFO server.RaftServerConfigKeys: raft.server.log.write.buffer.size = 1048576 (custom)
dn2_1  | 2023-03-20 06:29:26,876 [94b0e1e9-73dc-45be-8f98-48b9f3106c03-impl-thread2] INFO server.RaftServerConfigKeys: raft.server.log.write.buffer.size = 1048576 (custom)
dn2_1  | 2023-03-20 06:29:26,881 [94b0e1e9-73dc-45be-8f98-48b9f3106c03-impl-thread2] INFO server.RaftServerConfigKeys: raft.server.log.appender.buffer.byte-limit = 33554432 (custom)
dn2_1  | 2023-03-20 06:29:26,885 [94b0e1e9-73dc-45be-8f98-48b9f3106c03-impl-thread1] INFO server.RaftServerConfigKeys: raft.server.log.appender.buffer.byte-limit = 33554432 (custom)
dn2_1  | 2023-03-20 06:29:26,881 [94b0e1e9-73dc-45be-8f98-48b9f3106c03-impl-thread3] INFO server.RaftServerConfigKeys: raft.server.log.appender.buffer.byte-limit = 33554432 (custom)
om2_1  | 2023-03-20 06:29:32,028 [main] WARN om.OzoneManager: Prepare marker file index 840 does not match DB prepare index 837. Writing DB index to prepare file and maintaining prepared state.
scm_1  | 2023-03-20 06:29:15,622 [main] INFO ha.SCMSnapshotProvider: Initializing SCM Snapshot Provider
dn2_1  | 2023-03-20 06:29:28,002 [94b0e1e9-73dc-45be-8f98-48b9f3106c03-impl-thread2] INFO server.RaftServerConfigKeys: raft.server.log.unsafe-flush.enabled = false (default)
dn2_1  | 2023-03-20 06:29:28,008 [94b0e1e9-73dc-45be-8f98-48b9f3106c03-impl-thread2] INFO server.RaftServerConfigKeys: raft.server.log.async-flush.enabled = false (default)
om3_1  | 2023-03-20 06:29:35,403 [main] INFO grpc.GrpcConfigKeys: raft.grpc.server.heartbeat.channel = true (default)
om3_1  | 2023-03-20 06:29:35,431 [main] INFO grpc.GrpcConfigKeys: raft.grpc.server.async.request.thread.pool.cached = true (default)
om3_1  | 2023-03-20 06:29:35,432 [main] INFO grpc.GrpcConfigKeys: raft.grpc.server.async.request.thread.pool.size = 32 (default)
dn3_1  | 2023-03-20 06:29:26,659 [e76324db-15f4-4a88-bdcf-af3181c15cf4-impl-thread3] INFO server.RaftServerConfigKeys: raft.server.log.segment.cache.size.max = 200MB (=209715200) (default)
om2_1  | 2023-03-20 06:29:32,039 [main] INFO om.OzoneManagerPrepareState: Prepare marker file written with log index 837 to file /data/metadata/current/prepareMarker
om2_1  | 2023-03-20 06:29:32,270 [main] WARN server.ServerUtils: Storage directory for Ratis is not configured. It is a good idea to map this to an SSD disk. Falling back to ozone.metadata.dirs
om1_1  | 2023-03-20 06:29:41,674 [main] INFO ipc.CallQueueManager: Using callQueue: class java.util.concurrent.LinkedBlockingQueue, queueCapacity: 10000, scheduler: class org.apache.hadoop.ipc.DefaultRpcScheduler, ipcBackoff: false.
om1_1  | 2023-03-20 06:29:41,923 [Socket Reader #1 for port 9862] INFO ipc.Server: Starting Socket Reader #1 for port 9862
om1_1  | 2023-03-20 06:29:42,810 [Listener at om1/9862] INFO om.OzoneManagerPrepareState: Deleted prepare marker file: /data/metadata/current/prepareMarker
scm_1  | 2023-03-20 06:29:15,629 [main] WARN server.ServerUtils: Storage directory for Ratis is not configured. It is a good idea to map this to an SSD disk. Falling back to ozone.metadata.dirs
scm_1  | 2023-03-20 06:29:15,629 [main] WARN ha.SCMHAUtils: SCM snapshot dir is not configured. Falling back to ozone.metadata.dirs config
dn1_1  | 2023-03-20 06:29:31,356 [4545847e-3661-4ff6-b1a4-a28b9e4b550f-impl-thread1] INFO util.JmxRegister: Successfully registered JMX Bean with object name Ratis:service=RaftServer,group=group-244FF79D1EB6,id=4545847e-3661-4ff6-b1a4-a28b9e4b550f
om2_1  | 2023-03-20 06:29:32,279 [main] WARN utils.OzoneManagerRatisUtils: ozone.om.ratis.snapshot.dir is not configured. Falling back to ozone.metadata.dirs config
scm_1  | 2023-03-20 06:29:15,742 [main] INFO upgrade.AbstractLayoutVersionManager: Initializing Layout version manager with metadata layout = DATANODE_SCHEMA_V3 (version = 4), software layout = DATANODE_SCHEMA_V3 (version = 4)
dn3_1  | 2023-03-20 06:29:26,628 [e76324db-15f4-4a88-bdcf-af3181c15cf4-impl-thread2] INFO server.RaftServerConfigKeys: raft.server.log.segment.cache.num.max = 2 (custom)
dn3_1  | 2023-03-20 06:29:26,676 [e76324db-15f4-4a88-bdcf-af3181c15cf4-impl-thread2] INFO server.RaftServerConfigKeys: raft.server.log.segment.cache.size.max = 200MB (=209715200) (default)
dn3_1  | 2023-03-20 06:29:26,742 [e76324db-15f4-4a88-bdcf-af3181c15cf4-impl-thread3] INFO segmented.SegmentedRaftLogWorker: new e76324db-15f4-4a88-bdcf-af3181c15cf4@group-FD377E97EEF0-SegmentedRaftLogWorker for RaftStorageImpl:Storage Directory /data/metadata/ratis/f0a30a04-e8ba-483c-b88e-fd377e97eef0
dn3_1  | 2023-03-20 06:29:26,742 [e76324db-15f4-4a88-bdcf-af3181c15cf4-impl-thread3] INFO server.RaftServerConfigKeys: raft.server.log.queue.byte-limit = 4294967296 (custom)
dn3_1  | 2023-03-20 06:29:26,743 [e76324db-15f4-4a88-bdcf-af3181c15cf4-impl-thread2] INFO segmented.SegmentedRaftLogWorker: new e76324db-15f4-4a88-bdcf-af3181c15cf4@group-237F4780C006-SegmentedRaftLogWorker for RaftStorageImpl:Storage Directory /data/metadata/ratis/bcc455bc-e8e4-4501-a2d8-237f4780c006
dn3_1  | 2023-03-20 06:29:26,747 [e76324db-15f4-4a88-bdcf-af3181c15cf4-impl-thread2] INFO server.RaftServerConfigKeys: raft.server.log.queue.byte-limit = 4294967296 (custom)
dn3_1  | 2023-03-20 06:29:26,751 [e76324db-15f4-4a88-bdcf-af3181c15cf4-impl-thread2] INFO server.RaftServerConfigKeys: raft.server.log.queue.element-limit = 1024 (custom)
om2_1  | 2023-03-20 06:29:32,343 [main] INFO snapshot.OzoneManagerSnapshotProvider: Initializing OM Snapshot Provider
scm_1  | 2023-03-20 06:29:16,221 [main] INFO reflections.Reflections: Reflections took 246 ms to scan 3 urls, producing 128 keys and 283 values 
scm_1  | 2023-03-20 06:29:16,338 [main] INFO ha.SequenceIdGenerator: Init the HA SequenceIdGenerator.
om2_1  | 2023-03-20 06:29:33,502 [main] INFO metrics.MetricRegistries: Loaded MetricRegistries class org.apache.ratis.metrics.impl.MetricRegistriesImpl
dn2_1  | 2023-03-20 06:29:28,012 [94b0e1e9-73dc-45be-8f98-48b9f3106c03-impl-thread2] INFO server.RaftServerConfigKeys: raft.server.log.statemachine.data.caching.enabled = true (custom)
dn2_1  | 2023-03-20 06:29:28,081 [94b0e1e9-73dc-45be-8f98-48b9f3106c03-impl-thread1] INFO server.RaftServerConfigKeys: raft.server.log.unsafe-flush.enabled = false (default)
dn2_1  | 2023-03-20 06:29:28,085 [94b0e1e9-73dc-45be-8f98-48b9f3106c03-impl-thread1] INFO server.RaftServerConfigKeys: raft.server.log.async-flush.enabled = false (default)
dn2_1  | 2023-03-20 06:29:28,085 [94b0e1e9-73dc-45be-8f98-48b9f3106c03-impl-thread1] INFO server.RaftServerConfigKeys: raft.server.log.statemachine.data.caching.enabled = true (custom)
om2_1  | 2023-03-20 06:29:33,554 [main] WARN server.ServerUtils: Storage directory for Ratis is not configured. It is a good idea to map this to an SSD disk. Falling back to ozone.metadata.dirs
om3_1  | 2023-03-20 06:29:37,226 [main] INFO impl.DataStreamServerImpl: raft.datastream.type = DISABLED (default)
om3_1  | 2023-03-20 06:29:37,291 [main] INFO server.RaftServerConfigKeys: raft.server.threadpool.proxy.cached = true (default)
om2_1  | 2023-03-20 06:29:33,825 [main] INFO ratis.OzoneManagerRatisServer: Instantiating OM Ratis server with groupID: omservice and peers: om2:9872, om1:9872, om3:9872
om1_1  | 2023-03-20 06:29:43,580 [Listener at om1/9862] INFO impl.MetricsConfig: Loaded properties from hadoop-metrics2.properties
scm_1  | 2023-03-20 06:29:16,401 [main] INFO node.SCMNodeManager: Entering startup safe mode.
dn3_1  | 2023-03-20 06:29:26,758 [e76324db-15f4-4a88-bdcf-af3181c15cf4-impl-thread2] INFO server.RaftServerConfigKeys: raft.server.log.segment.size.max = 1048576 (custom)
dn3_1  | 2023-03-20 06:29:26,763 [e76324db-15f4-4a88-bdcf-af3181c15cf4-impl-thread2] INFO server.RaftServerConfigKeys: raft.server.log.preallocated.size = 16384 (custom)
dn3_1  | 2023-03-20 06:29:26,764 [e76324db-15f4-4a88-bdcf-af3181c15cf4-impl-thread3] INFO server.RaftServerConfigKeys: raft.server.log.queue.element-limit = 1024 (custom)
om2_1  | 2023-03-20 06:29:33,882 [main] INFO ratis.OzoneManagerStateMachine: LastAppliedIndex is set from TransactionInfo from OM DB as (t:2, i:840)
om2_1  | 2023-03-20 06:29:34,003 [Finalizer] WARN managed.ManagedRocksObjectUtils: ManagedColumnFamilyOptions is not closed properly
scm_1  | 2023-03-20 06:29:16,418 [main] INFO algorithms.ContainerPlacementPolicyFactory: Create container placement policy of type org.apache.hadoop.hdds.scm.container.placement.algorithms.SCMContainerPlacementRandom
dn1_1  | 2023-03-20 06:29:31,360 [4545847e-3661-4ff6-b1a4-a28b9e4b550f-impl-thread1] INFO server.RaftServerConfigKeys: raft.server.snapshot.auto.trigger.enabled = true (custom)
