om3_1    | 2023-04-16 17:34:07,347 [main] INFO grpc.GrpcConfigKeys: raft.grpc.server.port = 9872 (custom)
om3_1    | 2023-04-16 17:34:07,355 [main] INFO server.GrpcService: raft.grpc.message.size.max = 33554432 (custom)
om3_1    | 2023-04-16 17:34:07,356 [main] INFO server.RaftServerConfigKeys: raft.server.log.appender.buffer.byte-limit = 33554432 (custom)
dn3_1    | 2023-04-16 17:33:32,008 [EndpointStateMachine task thread for scm3/10.9.0.16:9861 - 0 ] INFO ipc.Client: Retrying connect to server: scm3/10.9.0.16:9861. Already tried 3 time(s); retry policy is RetryUpToMaximumCountWithFixedSleep(maxRetries=15, sleepTime=1000 MILLISECONDS)
dn3_1    | 2023-04-16 17:33:32,008 [EndpointStateMachine task thread for scm1/10.9.0.14:9861 - 0 ] INFO ipc.Client: Retrying connect to server: scm1/10.9.0.14:9861. Already tried 3 time(s); retry policy is RetryUpToMaximumCountWithFixedSleep(maxRetries=15, sleepTime=1000 MILLISECONDS)
dn3_1    | 2023-04-16 17:33:33,006 [EndpointStateMachine task thread for scm2/10.9.0.15:9861 - 0 ] INFO ipc.Client: Retrying connect to server: scm2/10.9.0.15:9861. Already tried 4 time(s); retry policy is RetryUpToMaximumCountWithFixedSleep(maxRetries=15, sleepTime=1000 MILLISECONDS)
s3g_1    | 2023-04-16 17:33:26,726 [main] INFO impl.MetricsSinkAdapter: Sink prometheus started
scm2_1   | 2023-04-16 17:33:45,603 [main] INFO ha.SCMHANodeDetails: Setting configuration key ozone.scm.address with value of key ozone.scm.address.scmservice.scm2: scm2
om1_1    | 2023-04-16 17:34:00,360 [pool-26-thread-1] INFO server.RaftServerConfigKeys: raft.server.storage.dir = [/data/metadata/ratis] (custom)
dn2_1    | 	at java.base/java.util.concurrent.FutureTask.run(FutureTask.java:264)
dn2_1    | 	at java.base/java.util.concurrent.ThreadPoolExecutor.runWorker(ThreadPoolExecutor.java:1128)
om3_1    | 2023-04-16 17:34:07,364 [main] INFO server.GrpcService: raft.grpc.flow.control.window = 1MB (=1048576) (default)
om3_1    | 2023-04-16 17:34:07,371 [main] INFO server.RaftServerConfigKeys: raft.server.rpc.request.timeout = 3000ms (default)
om3_1    | 2023-04-16 17:34:07,444 [main] INFO grpc.GrpcConfigKeys: raft.grpc.server.heartbeat.channel = true (default)
dn5_1    | 2023-04-16 17:33:31,889 [EndpointStateMachine task thread for scm2/10.9.0.15:9861 - 0 ] INFO ipc.Client: Retrying connect to server: scm2/10.9.0.15:9861. Already tried 2 time(s); retry policy is RetryUpToMaximumCountWithFixedSleep(maxRetries=15, sleepTime=1000 MILLISECONDS)
dn5_1    | 2023-04-16 17:33:32,882 [EndpointStateMachine task thread for scm1/10.9.0.14:9861 - 0 ] INFO ipc.Client: Retrying connect to server: scm1/10.9.0.14:9861. Already tried 3 time(s); retry policy is RetryUpToMaximumCountWithFixedSleep(maxRetries=15, sleepTime=1000 MILLISECONDS)
dn3_1    | 2023-04-16 17:33:33,008 [EndpointStateMachine task thread for scm3/10.9.0.16:9861 - 0 ] INFO ipc.Client: Retrying connect to server: scm3/10.9.0.16:9861. Already tried 4 time(s); retry policy is RetryUpToMaximumCountWithFixedSleep(maxRetries=15, sleepTime=1000 MILLISECONDS)
dn3_1    | 2023-04-16 17:33:33,009 [EndpointStateMachine task thread for scm1/10.9.0.14:9861 - 0 ] INFO ipc.Client: Retrying connect to server: scm1/10.9.0.14:9861. Already tried 4 time(s); retry policy is RetryUpToMaximumCountWithFixedSleep(maxRetries=15, sleepTime=1000 MILLISECONDS)
dn3_1    | 2023-04-16 17:33:34,007 [EndpointStateMachine task thread for scm2/10.9.0.15:9861 - 0 ] INFO ipc.Client: Retrying connect to server: scm2/10.9.0.15:9861. Already tried 5 time(s); retry policy is RetryUpToMaximumCountWithFixedSleep(maxRetries=15, sleepTime=1000 MILLISECONDS)
s3g_1    | 2023-04-16 17:33:26,741 [main] INFO impl.MetricsSystemImpl: Registered sink prometheus
scm2_1   | 2023-04-16 17:33:47,953 [main] WARN utils.HAUtils: ozone.scm.db.dirs is not configured. We recommend adding this setting. Falling back to ozone.metadata.dirs instead.
om1_1    | 2023-04-16 17:34:00,420 [pool-26-thread-1] INFO server.RaftServerConfigKeys: raft.server.log.corruption.policy = EXCEPTION (default)
dn2_1    | 	at java.base/java.util.concurrent.ThreadPoolExecutor$Worker.run(ThreadPoolExecutor.java:628)
dn2_1    | 	at java.base/java.lang.Thread.run(Thread.java:829)
scm1_1   | 2023-04-16 17:33:17,522 [c1077b7b-fcc4-46ac-9853-ea9c27ddf2dc-impl-thread1] INFO server.RaftServerConfigKeys: raft.server.log.purge.preservation.log.num = 0 (default)
om3_1    | 2023-04-16 17:34:07,472 [main] INFO grpc.GrpcConfigKeys: raft.grpc.server.async.request.thread.pool.cached = true (default)
dn5_1    | 2023-04-16 17:33:32,884 [EndpointStateMachine task thread for scm3/10.9.0.16:9861 - 0 ] INFO ipc.Client: Retrying connect to server: scm3/10.9.0.16:9861. Already tried 3 time(s); retry policy is RetryUpToMaximumCountWithFixedSleep(maxRetries=15, sleepTime=1000 MILLISECONDS)
dn5_1    | 2023-04-16 17:33:32,889 [EndpointStateMachine task thread for scm2/10.9.0.15:9861 - 0 ] INFO ipc.Client: Retrying connect to server: scm2/10.9.0.15:9861. Already tried 3 time(s); retry policy is RetryUpToMaximumCountWithFixedSleep(maxRetries=15, sleepTime=1000 MILLISECONDS)
scm3_1   | 2023-04-16 17:34:20,759 [main] INFO server.RaftServer: a13e411d-d1d1-4900-b42b-98abe94ba212: addNew group-5FA9A0EC55C5:[] returns group-5FA9A0EC55C5:java.util.concurrent.CompletableFuture@51dbd6e4[Not completed]
scm3_1   | 2023-04-16 17:34:20,789 [pool-16-thread-1] INFO server.RaftServer$Division: a13e411d-d1d1-4900-b42b-98abe94ba212: new RaftServerImpl for group-5FA9A0EC55C5:[] with SCMStateMachine:uninitialized
scm3_1   | 2023-04-16 17:34:20,790 [pool-16-thread-1] INFO server.RaftServerConfigKeys: raft.server.rpc.timeout.min = 5000ms (custom)
s3g_1    | 2023-04-16 17:33:26,742 [main] INFO http.BaseHttpServer: HTTP server of s3gateway listening at http://0.0.0.0:9878
scm2_1   | 2023-04-16 17:33:48,760 [main] WARN db.DBStoreBuilder: ozone.scm.db.dirs is not configured. We recommend adding this setting. Falling back to ozone.metadata.dirs instead.
om1_1    | 2023-04-16 17:34:00,422 [pool-26-thread-1] INFO server.RaftServerConfigKeys: raft.server.storage.free-space.min = 0MB (=0) (default)
dn2_1    | Caused by: java.net.ConnectException: Connection refused
dn2_1    | 	at java.base/sun.nio.ch.SocketChannelImpl.checkConnect(Native Method)
scm1_1   | 2023-04-16 17:33:17,535 [c1077b7b-fcc4-46ac-9853-ea9c27ddf2dc-impl-thread1] INFO server.RaftServerConfigKeys: raft.server.log.segment.size.max = 4194304 (custom)
om3_1    | 2023-04-16 17:34:07,478 [main] INFO grpc.GrpcConfigKeys: raft.grpc.server.async.request.thread.pool.size = 32 (default)
dn5_1    | 2023-04-16 17:33:33,883 [EndpointStateMachine task thread for scm1/10.9.0.14:9861 - 0 ] INFO ipc.Client: Retrying connect to server: scm1/10.9.0.14:9861. Already tried 4 time(s); retry policy is RetryUpToMaximumCountWithFixedSleep(maxRetries=15, sleepTime=1000 MILLISECONDS)
dn5_1    | 2023-04-16 17:33:33,885 [EndpointStateMachine task thread for scm3/10.9.0.16:9861 - 0 ] INFO ipc.Client: Retrying connect to server: scm3/10.9.0.16:9861. Already tried 4 time(s); retry policy is RetryUpToMaximumCountWithFixedSleep(maxRetries=15, sleepTime=1000 MILLISECONDS)
scm3_1   | 2023-04-16 17:34:20,791 [pool-16-thread-1] INFO server.RaftServerConfigKeys: raft.server.rpc.timeout.max = 5200ms (custom)
scm3_1   | 2023-04-16 17:34:20,791 [pool-16-thread-1] INFO server.RaftServerConfigKeys: raft.server.rpc.sleep.time = 25ms (default)
scm3_1   | 2023-04-16 17:34:20,791 [pool-16-thread-1] INFO server.RaftServerConfigKeys: raft.server.rpc.slowness.timeout = 120000ms (custom)
s3g_1    | 2023-04-16 17:35:11,427 [qtp384515747-20] INFO audit.AuditLogger: Refresh DebugCmdSet for S3GAudit to [].
scm2_1   | 2023-04-16 17:33:49,744 [main] INFO net.NodeSchemaLoader: Loading schema from [file:/etc/hadoop/network-topology-default.xml, jar:file:/opt/hadoop/share/ozone/lib/hdds-common-1.3.0.jar!/network-topology-default.xml]
om1_1    | 2023-04-16 17:34:00,521 [pool-26-thread-1] INFO server.RaftServerConfigKeys: raft.server.notification.no-leader.timeout = 120s (custom)
dn2_1    | 	at java.base/sun.nio.ch.SocketChannelImpl.finishConnect(SocketChannelImpl.java:777)
om2_1    | 2023-04-16 17:34:04,440 [om2-impl-thread1] INFO server.RaftServerConfigKeys: raft.server.log.statemachine.data.sync = true (default)
scm1_1   | 2023-04-16 17:33:17,636 [c1077b7b-fcc4-46ac-9853-ea9c27ddf2dc-impl-thread1] INFO server.RaftServerConfigKeys: raft.server.log.segment.cache.num.max = 2 (custom)
om3_1    | 2023-04-16 17:34:08,831 [main] INFO impl.DataStreamServerImpl: raft.datastream.type = DISABLED (default)
om3_1    | 2023-04-16 17:34:08,846 [main] INFO server.RaftServerConfigKeys: raft.server.threadpool.proxy.cached = true (default)
om3_1    | 2023-04-16 17:34:08,860 [main] INFO server.RaftServerConfigKeys: raft.server.threadpool.proxy.size = 0 (default)
s3g_1    | 2023-04-16 17:35:11,456 [qtp384515747-20] INFO audit.AuditLogger: Refresh DebugCmdSet for S3GAudit to [].
scm2_1   | 2023-04-16 17:33:49,745 [main] INFO net.NodeSchemaLoader: Loading network topology layer schema file
om1_1    | 2023-04-16 17:34:00,545 [pool-26-thread-1] INFO server.RaftServerConfigKeys: raft.server.retrycache.expirytime = 300s (custom)
dn2_1    | 	at org.apache.hadoop.net.SocketIOWithTimeout.connect(SocketIOWithTimeout.java:205)
om2_1    | 2023-04-16 17:34:04,440 [om2-impl-thread1] INFO server.RaftServerConfigKeys: raft.server.log.statemachine.data.sync.timeout = 10s (default)
scm1_1   | 2023-04-16 17:33:17,646 [c1077b7b-fcc4-46ac-9853-ea9c27ddf2dc-impl-thread1] INFO server.RaftServerConfigKeys: raft.server.log.segment.cache.size.max = 200MB (=209715200) (default)
om3_1    | 2023-04-16 17:34:08,861 [main] INFO server.RaftServerConfigKeys: raft.server.rpc.slowness.timeout = 120s (custom)
om3_1    | 2023-04-16 17:34:08,861 [main] INFO server.RaftServerConfigKeys: raft.server.leaderelection.leader.step-down.wait-time = 10s (default)
om3_1    | 2023-04-16 17:34:08,871 [main] INFO server.RaftServerConfigKeys: raft.server.storage.dir = [/data/metadata/ratis] (custom)
dn5_1    | 2023-04-16 17:33:33,890 [EndpointStateMachine task thread for scm2/10.9.0.15:9861 - 0 ] INFO ipc.Client: Retrying connect to server: scm2/10.9.0.15:9861. Already tried 4 time(s); retry policy is RetryUpToMaximumCountWithFixedSleep(maxRetries=15, sleepTime=1000 MILLISECONDS)
dn3_1    | 2023-04-16 17:33:34,009 [EndpointStateMachine task thread for scm3/10.9.0.16:9861 - 0 ] INFO ipc.Client: Retrying connect to server: scm3/10.9.0.16:9861. Already tried 5 time(s); retry policy is RetryUpToMaximumCountWithFixedSleep(maxRetries=15, sleepTime=1000 MILLISECONDS)
dn3_1    | 2023-04-16 17:33:34,009 [EndpointStateMachine task thread for scm1/10.9.0.14:9861 - 0 ] INFO ipc.Client: Retrying connect to server: scm1/10.9.0.14:9861. Already tried 5 time(s); retry policy is RetryUpToMaximumCountWithFixedSleep(maxRetries=15, sleepTime=1000 MILLISECONDS)
s3g_1    | 2023-04-16 17:35:11,462 [qtp384515747-20] INFO ozone.OmUtils: ozone.om.internal.service.id is not defined, falling back to ozone.om.service.ids to find serviceID for OzoneManager if it is HA enabled cluster
scm2_1   | 2023-04-16 17:33:50,019 [main] INFO metrics.MetricRegistries: Loaded MetricRegistries class org.apache.ratis.metrics.impl.MetricRegistriesImpl
om1_1    | 2023-04-16 17:34:00,599 [pool-26-thread-1] INFO server.RaftServerConfigKeys: raft.server.retrycache.statistics.expirytime = 100?s (default)
dn2_1    | 	at org.apache.hadoop.net.NetUtils.connect(NetUtils.java:586)
om2_1    | 2023-04-16 17:34:04,440 [om2-impl-thread1] INFO server.RaftServerConfigKeys: raft.server.log.statemachine.data.sync.timeout.retry = -1 (default)
scm1_1   | 2023-04-16 17:33:17,700 [c1077b7b-fcc4-46ac-9853-ea9c27ddf2dc-impl-thread1] INFO segmented.SegmentedRaftLogWorker: new c1077b7b-fcc4-46ac-9853-ea9c27ddf2dc@group-5FA9A0EC55C5-SegmentedRaftLogWorker for RaftStorageImpl:Storage Directory /data/metadata/scm-ha/d75e1c03-c0a1-4bd8-b1e4-5fa9a0ec55c5
om3_1    | 2023-04-16 17:34:08,927 [main] INFO server.RaftServer: om3: addNew group-D66704EFC61C:[om1|rpc:om1:9872|priority:0|startupRole:FOLLOWER, om3|rpc:om3:9872|priority:0|startupRole:FOLLOWER, om2|rpc:om2:9872|priority:0|startupRole:FOLLOWER] returns group-D66704EFC61C:java.util.concurrent.CompletableFuture@44592c39[Not completed]
om3_1    | 2023-04-16 17:34:08,927 [main] INFO om.OzoneManager: OzoneManager Ratis server initialized at port 9872
dn5_1    | 2023-04-16 17:33:34,884 [EndpointStateMachine task thread for scm1/10.9.0.14:9861 - 0 ] INFO ipc.Client: Retrying connect to server: scm1/10.9.0.14:9861. Already tried 5 time(s); retry policy is RetryUpToMaximumCountWithFixedSleep(maxRetries=15, sleepTime=1000 MILLISECONDS)
dn3_1    | 2023-04-16 17:33:35,008 [EndpointStateMachine task thread for scm2/10.9.0.15:9861 - 0 ] INFO ipc.Client: Retrying connect to server: scm2/10.9.0.15:9861. Already tried 6 time(s); retry policy is RetryUpToMaximumCountWithFixedSleep(maxRetries=15, sleepTime=1000 MILLISECONDS)
dn3_1    | 2023-04-16 17:33:35,010 [EndpointStateMachine task thread for scm3/10.9.0.16:9861 - 0 ] INFO ipc.Client: Retrying connect to server: scm3/10.9.0.16:9861. Already tried 6 time(s); retry policy is RetryUpToMaximumCountWithFixedSleep(maxRetries=15, sleepTime=1000 MILLISECONDS)
s3g_1    | 2023-04-16 17:35:11,462 [qtp384515747-20] INFO ozone.OmUtils: Using OzoneManager ServiceID 'omservice'.
scm2_1   | 2023-04-16 17:33:50,079 [main] INFO ha.SCMRatisServerImpl: starting Raft server for scm:5e42aea1-e7ae-4c78-96ae-0c4669b8ac5f
om1_1    | 2023-04-16 17:34:01,492 [pool-26-thread-1] INFO server.RaftServerConfigKeys: raft.server.log.appender.install.snapshot.enabled = false (custom)
dn2_1    | 	at org.apache.hadoop.ipc.Client$Connection.setupConnection(Client.java:711)
dn2_1    | 	at org.apache.hadoop.ipc.Client$Connection.setupIOstreams(Client.java:833)
dn2_1    | 	at org.apache.hadoop.ipc.Client$Connection.access$3800(Client.java:414)
dn2_1    | 	at org.apache.hadoop.ipc.Client.getConnection(Client.java:1677)
dn2_1    | 	at org.apache.hadoop.ipc.Client.call(Client.java:1502)
dn2_1    | 	... 12 more
dn2_1    | 2023-04-16 17:33:42,904 [EndpointStateMachine task thread for scm3/10.9.0.16:9861 - 0 ] INFO ipc.Client: Retrying connect to server: scm3/10.9.0.16:9861. Already tried 14 time(s); retry policy is RetryUpToMaximumCountWithFixedSleep(maxRetries=15, sleepTime=1000 MILLISECONDS)
dn2_1    | 2023-04-16 17:33:42,904 [EndpointStateMachine task thread for scm3/10.9.0.16:9861 - 0 ] WARN statemachine.EndpointStateMachine: Unable to communicate to SCM server at scm3:9861 for past 0 seconds.
dn2_1    | java.net.ConnectException: Call From 7d4c3a2d6d5a/10.9.0.18 to scm3:9861 failed on connection exception: java.net.ConnectException: Connection refused; For more details see:  http://wiki.apache.org/hadoop/ConnectionRefused
dn2_1    | 	at java.base/jdk.internal.reflect.NativeConstructorAccessorImpl.newInstance0(Native Method)
dn2_1    | 	at java.base/jdk.internal.reflect.NativeConstructorAccessorImpl.newInstance(NativeConstructorAccessorImpl.java:62)
dn2_1    | 	at java.base/jdk.internal.reflect.DelegatingConstructorAccessorImpl.newInstance(DelegatingConstructorAccessorImpl.java:45)
dn5_1    | 2023-04-16 17:33:34,889 [EndpointStateMachine task thread for scm3/10.9.0.16:9861 - 0 ] INFO ipc.Client: Retrying connect to server: scm3/10.9.0.16:9861. Already tried 5 time(s); retry policy is RetryUpToMaximumCountWithFixedSleep(maxRetries=15, sleepTime=1000 MILLISECONDS)
dn5_1    | 2023-04-16 17:33:34,890 [EndpointStateMachine task thread for scm2/10.9.0.15:9861 - 0 ] INFO ipc.Client: Retrying connect to server: scm2/10.9.0.15:9861. Already tried 5 time(s); retry policy is RetryUpToMaximumCountWithFixedSleep(maxRetries=15, sleepTime=1000 MILLISECONDS)
dn5_1    | 2023-04-16 17:33:35,891 [EndpointStateMachine task thread for scm3/10.9.0.16:9861 - 0 ] INFO ipc.Client: Retrying connect to server: scm3/10.9.0.16:9861. Already tried 6 time(s); retry policy is RetryUpToMaximumCountWithFixedSleep(maxRetries=15, sleepTime=1000 MILLISECONDS)
dn5_1    | 2023-04-16 17:33:35,891 [EndpointStateMachine task thread for scm2/10.9.0.15:9861 - 0 ] INFO ipc.Client: Retrying connect to server: scm2/10.9.0.15:9861. Already tried 6 time(s); retry policy is RetryUpToMaximumCountWithFixedSleep(maxRetries=15, sleepTime=1000 MILLISECONDS)
dn5_1    | 2023-04-16 17:33:35,916 [EndpointStateMachine task thread for recon/10.9.0.22:9891 - 0 ] WARN statemachine.EndpointStateMachine: Unable to communicate to Recon server at recon:9891 for past 0 seconds.
dn2_1    | 	at java.base/java.lang.reflect.Constructor.newInstance(Constructor.java:490)
scm1_1   | 2023-04-16 17:33:17,735 [c1077b7b-fcc4-46ac-9853-ea9c27ddf2dc-impl-thread1] INFO server.RaftServerConfigKeys: raft.server.log.queue.byte-limit = 64MB (=67108864) (default)
scm1_1   | 2023-04-16 17:33:17,745 [c1077b7b-fcc4-46ac-9853-ea9c27ddf2dc-impl-thread1] INFO server.RaftServerConfigKeys: raft.server.log.queue.element-limit = 4096 (default)
scm1_1   | 2023-04-16 17:33:17,769 [c1077b7b-fcc4-46ac-9853-ea9c27ddf2dc-impl-thread1] INFO server.RaftServerConfigKeys: raft.server.log.segment.size.max = 4194304 (custom)
scm1_1   | 2023-04-16 17:33:17,782 [c1077b7b-fcc4-46ac-9853-ea9c27ddf2dc-impl-thread1] INFO server.RaftServerConfigKeys: raft.server.log.preallocated.size = 4194304 (custom)
scm1_1   | 2023-04-16 17:33:17,789 [c1077b7b-fcc4-46ac-9853-ea9c27ddf2dc-impl-thread1] INFO server.RaftServerConfigKeys: raft.server.log.force.sync.num = 128 (default)
scm1_1   | 2023-04-16 17:33:17,818 [c1077b7b-fcc4-46ac-9853-ea9c27ddf2dc-impl-thread1] INFO server.RaftServerConfigKeys: raft.server.log.statemachine.data.sync = true (default)
dn5_1    | java.net.SocketTimeoutException: Call From fe8606db28eb/10.9.0.21 to recon:9891 failed on socket timeout exception: java.net.SocketTimeoutException: 5000 millis timeout while waiting for channel to be ready for read. ch : java.nio.channels.SocketChannel[connected local=/10.9.0.21:55166 remote=recon/10.9.0.22:9891]; For more details see:  http://wiki.apache.org/hadoop/SocketTimeout
dn5_1    | 	at java.base/jdk.internal.reflect.NativeConstructorAccessorImpl.newInstance0(Native Method)
dn5_1    | 	at java.base/jdk.internal.reflect.NativeConstructorAccessorImpl.newInstance(NativeConstructorAccessorImpl.java:62)
dn5_1    | 	at java.base/jdk.internal.reflect.DelegatingConstructorAccessorImpl.newInstance(DelegatingConstructorAccessorImpl.java:45)
dn5_1    | 	at java.base/java.lang.reflect.Constructor.newInstance(Constructor.java:490)
dn5_1    | 	at org.apache.hadoop.net.NetUtils.wrapWithMessage(NetUtils.java:913)
scm1_1   | 2023-04-16 17:33:17,829 [c1077b7b-fcc4-46ac-9853-ea9c27ddf2dc-impl-thread1] INFO server.RaftServerConfigKeys: raft.server.log.statemachine.data.sync.timeout = 10s (default)
scm1_1   | 2023-04-16 17:33:17,839 [c1077b7b-fcc4-46ac-9853-ea9c27ddf2dc-impl-thread1] INFO server.RaftServerConfigKeys: raft.server.log.statemachine.data.sync.timeout.retry = -1 (default)
scm1_1   | 2023-04-16 17:33:17,969 [c1077b7b-fcc4-46ac-9853-ea9c27ddf2dc-impl-thread1] INFO server.RaftServerConfigKeys: raft.server.log.write.buffer.size = 64KB (=65536) (default)
dn2_1    | 	at org.apache.hadoop.net.NetUtils.wrapWithMessage(NetUtils.java:913)
dn2_1    | 	at org.apache.hadoop.net.NetUtils.wrapException(NetUtils.java:828)
dn2_1    | 	at org.apache.hadoop.ipc.Client.getRpcResponse(Client.java:1616)
dn5_1    | 	at org.apache.hadoop.net.NetUtils.wrapException(NetUtils.java:848)
dn5_1    | 	at org.apache.hadoop.ipc.Client.getRpcResponse(Client.java:1616)
dn5_1    | 	at org.apache.hadoop.ipc.Client.call(Client.java:1558)
dn5_1    | 	at org.apache.hadoop.ipc.Client.call(Client.java:1455)
dn5_1    | 	at org.apache.hadoop.ipc.ProtobufRpcEngine$Invoker.invoke(ProtobufRpcEngine.java:235)
dn5_1    | 	at org.apache.hadoop.ipc.ProtobufRpcEngine$Invoker.invoke(ProtobufRpcEngine.java:122)
scm3_1   | 2023-04-16 17:34:20,791 [pool-16-thread-1] INFO server.RaftServerConfigKeys: raft.server.leaderelection.leader.step-down.wait-time = 10s (default)
scm3_1   | 2023-04-16 17:34:20,792 [pool-16-thread-1] INFO server.RaftServerConfigKeys: raft.server.sleep.deviation.threshold = 300ms (default)
scm3_1   | 2023-04-16 17:34:20,798 [pool-16-thread-1] INFO server.RaftServer$Division: a13e411d-d1d1-4900-b42b-98abe94ba212@group-5FA9A0EC55C5: ConfigurationManager, init=-1: peers:[]|listeners:[], old=null, confs=<EMPTY_MAP>
dn2_1    | 	at org.apache.hadoop.ipc.Client.call(Client.java:1558)
dn4_1    | 2023-04-16 17:33:34,849 [EndpointStateMachine task thread for scm3/10.9.0.16:9861 - 0 ] INFO ipc.Client: Retrying connect to server: scm3/10.9.0.16:9861. Already tried 5 time(s); retry policy is RetryUpToMaximumCountWithFixedSleep(maxRetries=15, sleepTime=1000 MILLISECONDS)
dn4_1    | 2023-04-16 17:33:34,867 [EndpointStateMachine task thread for scm2/10.9.0.15:9861 - 0 ] INFO ipc.Client: Retrying connect to server: scm2/10.9.0.15:9861. Already tried 5 time(s); retry policy is RetryUpToMaximumCountWithFixedSleep(maxRetries=15, sleepTime=1000 MILLISECONDS)
scm1_1   | 2023-04-16 17:33:18,003 [c1077b7b-fcc4-46ac-9853-ea9c27ddf2dc-impl-thread1] INFO server.RaftServerConfigKeys: raft.server.log.unsafe-flush.enabled = false (default)
recon_1  | 2023-04-16 17:33:46,613 [Listener at 0.0.0.0/9891] INFO pipeline.PipelineStateManagerImpl: Created pipeline Pipeline[ Id: 1762465f-deed-4914-a9d9-044b7e2e9660, Nodes: babeb2cf-a801-4dea-aaf6-ccd82e9ea0ff{ip: 10.9.0.18, host: ha_dn2_1.ha_net, ports: [REPLICATION=9886, RATIS=9858, RATIS_ADMIN=9857, RATIS_SERVER=9856, STANDALONE=9859], networkLocation: /default-rack, certSerialId: null, persistedOpState: IN_SERVICE, persistedOpStateExpiryEpochSec: 0}, ReplicationConfig: RATIS/ONE, State:ALLOCATED, leaderId:, CreationTimestamp2023-04-16T17:33:41.948Z[UTC]].
dn3_1    | 2023-04-16 17:33:35,010 [EndpointStateMachine task thread for scm1/10.9.0.14:9861 - 0 ] INFO ipc.Client: Retrying connect to server: scm1/10.9.0.14:9861. Already tried 6 time(s); retry policy is RetryUpToMaximumCountWithFixedSleep(maxRetries=15, sleepTime=1000 MILLISECONDS)
dn2_1    | 	at org.apache.hadoop.ipc.Client.call(Client.java:1455)
dn4_1    | 2023-04-16 17:33:34,877 [EndpointStateMachine task thread for scm1/10.9.0.14:9861 - 0 ] INFO ipc.Client: Retrying connect to server: scm1/10.9.0.14:9861. Already tried 5 time(s); retry policy is RetryUpToMaximumCountWithFixedSleep(maxRetries=15, sleepTime=1000 MILLISECONDS)
dn4_1    | 2023-04-16 17:33:35,850 [EndpointStateMachine task thread for scm3/10.9.0.16:9861 - 0 ] INFO ipc.Client: Retrying connect to server: scm3/10.9.0.16:9861. Already tried 6 time(s); retry policy is RetryUpToMaximumCountWithFixedSleep(maxRetries=15, sleepTime=1000 MILLISECONDS)
scm1_1   | 2023-04-16 17:33:18,014 [c1077b7b-fcc4-46ac-9853-ea9c27ddf2dc-impl-thread1] INFO server.RaftServerConfigKeys: raft.server.log.async-flush.enabled = false (default)
s3g_1    | 2023-04-16 17:35:12,556 [qtp384515747-20] INFO rpc.RpcClient: Creating Bucket: s3v/old1-bucket, with server-side default bucket layout, dlfknslnfslf as owner, Versioning false, Storage Type set to DISK and Encryption set to false 
s3g_1    | 2023-04-16 17:35:13,399 [qtp384515747-16] WARN impl.MetricsSystemImpl: S3Gateway metrics system already initialized!
dn3_1    | 2023-04-16 17:33:35,047 [EndpointStateMachine task thread for recon/10.9.0.22:9891 - 0 ] WARN statemachine.EndpointStateMachine: Unable to communicate to Recon server at recon:9891 for past 0 seconds.
dn2_1    | 	at org.apache.hadoop.ipc.ProtobufRpcEngine$Invoker.invoke(ProtobufRpcEngine.java:235)
dn4_1    | 2023-04-16 17:33:35,868 [EndpointStateMachine task thread for scm2/10.9.0.15:9861 - 0 ] INFO ipc.Client: Retrying connect to server: scm2/10.9.0.15:9861. Already tried 6 time(s); retry policy is RetryUpToMaximumCountWithFixedSleep(maxRetries=15, sleepTime=1000 MILLISECONDS)
dn4_1    | 2023-04-16 17:33:35,912 [EndpointStateMachine task thread for recon/10.9.0.22:9891 - 0 ] WARN statemachine.EndpointStateMachine: Unable to communicate to Recon server at recon:9891 for past 0 seconds.
scm1_1   | 2023-04-16 17:33:18,024 [c1077b7b-fcc4-46ac-9853-ea9c27ddf2dc-impl-thread1] INFO server.RaftServerConfigKeys: raft.server.log.statemachine.data.caching.enabled = false (default)
scm1_1   | 2023-04-16 17:33:18,058 [c1077b7b-fcc4-46ac-9853-ea9c27ddf2dc-impl-thread1] INFO segmented.SegmentedRaftLogWorker: c1077b7b-fcc4-46ac-9853-ea9c27ddf2dc@group-5FA9A0EC55C5-SegmentedRaftLogWorker: flushIndex: setUnconditionally 0 -> -1
s3g_1    | 2023-04-16 17:35:13,629 [qtp384515747-16] INFO metrics.MetricRegistries: Loaded MetricRegistries class org.apache.ratis.metrics.impl.MetricRegistriesImpl
dn3_1    | java.net.SocketTimeoutException: Call From 091d2e631d64/10.9.0.19 to recon:9891 failed on socket timeout exception: java.net.SocketTimeoutException: 5000 millis timeout while waiting for channel to be ready for read. ch : java.nio.channels.SocketChannel[connected local=/10.9.0.19:46242 remote=recon/10.9.0.22:9891]; For more details see:  http://wiki.apache.org/hadoop/SocketTimeout
recon_1  | 2023-04-16 17:33:46,616 [Listener at 0.0.0.0/9891] INFO scm.ReconPipelineManager: Adding new pipeline PipelineID=bfd0bd1f-8f6a-40ef-894c-bb325ad49839 from SCM.
dn2_1    | 	at org.apache.hadoop.ipc.ProtobufRpcEngine$Invoker.invoke(ProtobufRpcEngine.java:122)
dn2_1    | 	at com.sun.proxy.$Proxy38.submitRequest(Unknown Source)
scm1_1   | 2023-04-16 17:33:18,125 [c1077b7b-fcc4-46ac-9853-ea9c27ddf2dc-impl-thread1] INFO segmented.SegmentedRaftLogWorker: c1077b7b-fcc4-46ac-9853-ea9c27ddf2dc@group-5FA9A0EC55C5-SegmentedRaftLogWorker: safeCacheEvictIndex: setUnconditionally 0 -> -1
scm1_1   | 2023-04-16 17:33:18,167 [c1077b7b-fcc4-46ac-9853-ea9c27ddf2dc-impl-thread1] INFO server.RaftServer$Division: c1077b7b-fcc4-46ac-9853-ea9c27ddf2dc@group-5FA9A0EC55C5: start as a follower, conf=-1: peers:[c1077b7b-fcc4-46ac-9853-ea9c27ddf2dc|rpc:scm1:9894|priority:0|startupRole:FOLLOWER]|listeners:[], old=null
scm1_1   | 2023-04-16 17:33:18,168 [c1077b7b-fcc4-46ac-9853-ea9c27ddf2dc-impl-thread1] INFO server.RaftServer$Division: c1077b7b-fcc4-46ac-9853-ea9c27ddf2dc@group-5FA9A0EC55C5: changes role from      null to FOLLOWER at term 0 for startAsFollower
scm1_1   | 2023-04-16 17:33:18,176 [c1077b7b-fcc4-46ac-9853-ea9c27ddf2dc-impl-thread1] INFO impl.RoleInfo: c1077b7b-fcc4-46ac-9853-ea9c27ddf2dc: start c1077b7b-fcc4-46ac-9853-ea9c27ddf2dc@group-5FA9A0EC55C5-FollowerState
recon_1  | 2023-04-16 17:33:46,617 [Listener at 0.0.0.0/9891] INFO pipeline.PipelineStateManagerImpl: Created pipeline Pipeline[ Id: bfd0bd1f-8f6a-40ef-894c-bb325ad49839, Nodes: 0d5e2487-232f-49ff-b6db-320b64784298{ip: 10.9.0.19, host: ha_dn3_1.ha_net, ports: [REPLICATION=9886, RATIS=9858, RATIS_ADMIN=9857, RATIS_SERVER=9856, STANDALONE=9859], networkLocation: /default-rack, certSerialId: null, persistedOpState: IN_SERVICE, persistedOpStateExpiryEpochSec: 0}29439e6e-2b67-4422-a212-3f3dcef6d30b{ip: 10.9.0.20, host: ha_dn4_1.ha_net, ports: [REPLICATION=9886, RATIS=9858, RATIS_ADMIN=9857, RATIS_SERVER=9856, STANDALONE=9859], networkLocation: /default-rack, certSerialId: null, persistedOpState: IN_SERVICE, persistedOpStateExpiryEpochSec: 0}babeb2cf-a801-4dea-aaf6-ccd82e9ea0ff{ip: 10.9.0.18, host: ha_dn2_1.ha_net, ports: [REPLICATION=9886, RATIS=9858, RATIS_ADMIN=9857, RATIS_SERVER=9856, STANDALONE=9859], networkLocation: /default-rack, certSerialId: null, persistedOpState: IN_SERVICE, persistedOpStateExpiryEpochSec: 0}, ReplicationConfig: RATIS/THREE, State:ALLOCATED, leaderId:, CreationTimestamp2023-04-16T17:33:42.693Z[UTC]].
dn2_1    | 	at org.apache.hadoop.ozone.protocolPB.StorageContainerDatanodeProtocolClientSideTranslatorPB.submitRequest(StorageContainerDatanodeProtocolClientSideTranslatorPB.java:117)
dn2_1    | 	at org.apache.hadoop.ozone.protocolPB.StorageContainerDatanodeProtocolClientSideTranslatorPB.getVersion(StorageContainerDatanodeProtocolClientSideTranslatorPB.java:133)
scm1_1   | 2023-04-16 17:33:18,255 [c1077b7b-fcc4-46ac-9853-ea9c27ddf2dc@group-5FA9A0EC55C5-FollowerState] INFO server.RaftServerConfigKeys: raft.server.rpc.first-election.timeout.min = 5000ms (fallback to raft.server.rpc.timeout.min)
scm1_1   | 2023-04-16 17:33:18,319 [c1077b7b-fcc4-46ac-9853-ea9c27ddf2dc@group-5FA9A0EC55C5-FollowerState] INFO server.RaftServerConfigKeys: raft.server.rpc.first-election.timeout.max = 5200ms (fallback to raft.server.rpc.timeout.max)
scm1_1   | 2023-04-16 17:33:18,421 [c1077b7b-fcc4-46ac-9853-ea9c27ddf2dc-impl-thread1] INFO util.JmxRegister: Successfully registered JMX Bean with object name Ratis:service=RaftServer,group=group-5FA9A0EC55C5,id=c1077b7b-fcc4-46ac-9853-ea9c27ddf2dc
scm1_1   | 2023-04-16 17:33:18,546 [c1077b7b-fcc4-46ac-9853-ea9c27ddf2dc-impl-thread1] INFO server.RaftServerConfigKeys: raft.server.snapshot.auto.trigger.enabled = true (custom)
recon_1  | 2023-04-16 17:33:46,634 [Listener at 0.0.0.0/9891] INFO scm.ReconPipelineManager: Adding new pipeline PipelineID=315fecda-f80a-4f82-bf2d-5b186abba1d9 from SCM.
dn2_1    | 	at org.apache.hadoop.ozone.container.common.states.endpoint.VersionEndpointTask.call(VersionEndpointTask.java:69)
dn2_1    | 	at org.apache.hadoop.ozone.container.common.states.endpoint.VersionEndpointTask.call(VersionEndpointTask.java:40)
scm1_1   | 2023-04-16 17:33:18,560 [c1077b7b-fcc4-46ac-9853-ea9c27ddf2dc-impl-thread1] INFO server.RaftServerConfigKeys: raft.server.snapshot.auto.trigger.threshold = 1000 (custom)
scm1_1   | 2023-04-16 17:33:18,578 [c1077b7b-fcc4-46ac-9853-ea9c27ddf2dc-impl-thread1] INFO server.RaftServerConfigKeys: raft.server.snapshot.retention.file.num = -1 (default)
scm1_1   | 2023-04-16 17:33:18,589 [c1077b7b-fcc4-46ac-9853-ea9c27ddf2dc-impl-thread1] INFO server.RaftServerConfigKeys: raft.server.log.purge.upto.snapshot.index = false (default)
scm1_1   | 2023-04-16 17:33:18,710 [main] INFO server.RaftServer: c1077b7b-fcc4-46ac-9853-ea9c27ddf2dc: start RPC server
recon_1  | 2023-04-16 17:33:46,639 [Listener at 0.0.0.0/9891] INFO pipeline.PipelineStateManagerImpl: Created pipeline Pipeline[ Id: 315fecda-f80a-4f82-bf2d-5b186abba1d9, Nodes: 29439e6e-2b67-4422-a212-3f3dcef6d30b{ip: 10.9.0.20, host: ha_dn4_1.ha_net, ports: [REPLICATION=9886, RATIS=9858, RATIS_ADMIN=9857, RATIS_SERVER=9856, STANDALONE=9859], networkLocation: /default-rack, certSerialId: null, persistedOpState: IN_SERVICE, persistedOpStateExpiryEpochSec: 0}, ReplicationConfig: RATIS/ONE, State:ALLOCATED, leaderId:, CreationTimestamp2023-04-16T17:33:42.652Z[UTC]].
dn2_1    | 	at java.base/java.util.concurrent.FutureTask.run(FutureTask.java:264)
dn2_1    | 	at java.base/java.util.concurrent.ThreadPoolExecutor.runWorker(ThreadPoolExecutor.java:1128)
scm1_1   | 2023-04-16 17:33:19,393 [main] INFO server.GrpcService: c1077b7b-fcc4-46ac-9853-ea9c27ddf2dc: GrpcService started, listening on 9894
scm1_1   | 2023-04-16 17:33:19,427 [JvmPauseMonitor0] INFO util.JvmPauseMonitor: JvmPauseMonitor-c1077b7b-fcc4-46ac-9853-ea9c27ddf2dc: Started
scm1_1   | 2023-04-16 17:33:23,391 [c1077b7b-fcc4-46ac-9853-ea9c27ddf2dc@group-5FA9A0EC55C5-FollowerState] INFO impl.FollowerState: c1077b7b-fcc4-46ac-9853-ea9c27ddf2dc@group-5FA9A0EC55C5-FollowerState: change to CANDIDATE, lastRpcElapsedTime:5215856223ns, electionTimeout:5059ms
scm1_1   | 2023-04-16 17:33:23,397 [c1077b7b-fcc4-46ac-9853-ea9c27ddf2dc@group-5FA9A0EC55C5-FollowerState] INFO impl.RoleInfo: c1077b7b-fcc4-46ac-9853-ea9c27ddf2dc: shutdown c1077b7b-fcc4-46ac-9853-ea9c27ddf2dc@group-5FA9A0EC55C5-FollowerState
recon_1  | 2023-04-16 17:33:46,640 [Listener at 0.0.0.0/9891] INFO scm.ReconPipelineManager: Adding new pipeline PipelineID=7ba4bbad-0486-47f5-a364-15458fefd20f from SCM.
dn2_1    | 	at java.base/java.util.concurrent.ThreadPoolExecutor$Worker.run(ThreadPoolExecutor.java:628)
dn2_1    | 	at java.base/java.lang.Thread.run(Thread.java:829)
scm1_1   | 2023-04-16 17:33:23,403 [c1077b7b-fcc4-46ac-9853-ea9c27ddf2dc@group-5FA9A0EC55C5-FollowerState] INFO server.RaftServer$Division: c1077b7b-fcc4-46ac-9853-ea9c27ddf2dc@group-5FA9A0EC55C5: changes role from  FOLLOWER to CANDIDATE at term 0 for changeToCandidate
scm1_1   | 2023-04-16 17:33:23,477 [c1077b7b-fcc4-46ac-9853-ea9c27ddf2dc@group-5FA9A0EC55C5-FollowerState] INFO server.RaftServerConfigKeys: raft.server.leaderelection.pre-vote = false (custom)
scm1_1   | 2023-04-16 17:33:23,483 [c1077b7b-fcc4-46ac-9853-ea9c27ddf2dc@group-5FA9A0EC55C5-FollowerState] INFO impl.RoleInfo: c1077b7b-fcc4-46ac-9853-ea9c27ddf2dc: start c1077b7b-fcc4-46ac-9853-ea9c27ddf2dc@group-5FA9A0EC55C5-LeaderElection1
scm1_1   | 2023-04-16 17:33:23,570 [c1077b7b-fcc4-46ac-9853-ea9c27ddf2dc@group-5FA9A0EC55C5-LeaderElection1] INFO impl.LeaderElection: c1077b7b-fcc4-46ac-9853-ea9c27ddf2dc@group-5FA9A0EC55C5-LeaderElection1 ELECTION round 0: submit vote requests at term 1 for -1: peers:[c1077b7b-fcc4-46ac-9853-ea9c27ddf2dc|rpc:scm1:9894|priority:0|startupRole:FOLLOWER]|listeners:[], old=null
recon_1  | 2023-04-16 17:33:46,641 [Listener at 0.0.0.0/9891] INFO pipeline.PipelineStateManagerImpl: Created pipeline Pipeline[ Id: 7ba4bbad-0486-47f5-a364-15458fefd20f, Nodes: 12999f78-207b-4d77-a48a-6d8c6e70030d{ip: 10.9.0.17, host: ha_dn1_1.ha_net, ports: [REPLICATION=9886, RATIS=9858, RATIS_ADMIN=9857, RATIS_SERVER=9856, STANDALONE=9859], networkLocation: /default-rack, certSerialId: null, persistedOpState: IN_SERVICE, persistedOpStateExpiryEpochSec: 0}, ReplicationConfig: RATIS/ONE, State:ALLOCATED, leaderId:, CreationTimestamp2023-04-16T17:33:43.179Z[UTC]].
dn2_1    | Caused by: java.net.ConnectException: Connection refused
dn2_1    | 	at java.base/sun.nio.ch.SocketChannelImpl.checkConnect(Native Method)
scm1_1   | 2023-04-16 17:33:23,585 [c1077b7b-fcc4-46ac-9853-ea9c27ddf2dc@group-5FA9A0EC55C5-LeaderElection1] INFO impl.LeaderElection: c1077b7b-fcc4-46ac-9853-ea9c27ddf2dc@group-5FA9A0EC55C5-LeaderElection1 ELECTION round 0: result PASSED (term=1)
scm1_1   | 2023-04-16 17:33:23,595 [c1077b7b-fcc4-46ac-9853-ea9c27ddf2dc@group-5FA9A0EC55C5-LeaderElection1] INFO impl.RoleInfo: c1077b7b-fcc4-46ac-9853-ea9c27ddf2dc: shutdown c1077b7b-fcc4-46ac-9853-ea9c27ddf2dc@group-5FA9A0EC55C5-LeaderElection1
scm1_1   | 2023-04-16 17:33:23,600 [c1077b7b-fcc4-46ac-9853-ea9c27ddf2dc@group-5FA9A0EC55C5-LeaderElection1] INFO server.RaftServer$Division: c1077b7b-fcc4-46ac-9853-ea9c27ddf2dc@group-5FA9A0EC55C5: changes role from CANDIDATE to LEADER at term 1 for changeToLeader
scm1_1   | 2023-04-16 17:33:23,610 [c1077b7b-fcc4-46ac-9853-ea9c27ddf2dc@group-5FA9A0EC55C5-LeaderElection1] INFO server.RaftServer$Division: c1077b7b-fcc4-46ac-9853-ea9c27ddf2dc@group-5FA9A0EC55C5: change Leader from null to c1077b7b-fcc4-46ac-9853-ea9c27ddf2dc at term 1 for becomeLeader, leader elected after 8882ms
recon_1  | 2023-04-16 17:33:46,642 [Listener at 0.0.0.0/9891] INFO scm.ReconStorageContainerManagerFacade: SCM DB initialized
dn2_1    | 	at java.base/sun.nio.ch.SocketChannelImpl.finishConnect(SocketChannelImpl.java:777)
dn2_1    | 	at org.apache.hadoop.net.SocketIOWithTimeout.connect(SocketIOWithTimeout.java:205)
scm1_1   | 2023-04-16 17:33:23,764 [c1077b7b-fcc4-46ac-9853-ea9c27ddf2dc@group-5FA9A0EC55C5-LeaderElection1] INFO server.RaftServerConfigKeys: raft.server.staging.catchup.gap = 1000 (default)
scm1_1   | 2023-04-16 17:33:23,853 [c1077b7b-fcc4-46ac-9853-ea9c27ddf2dc@group-5FA9A0EC55C5-LeaderElection1] INFO server.RaftServerConfigKeys: raft.server.write.element-limit = 4096 (default)
scm1_1   | 2023-04-16 17:33:23,873 [c1077b7b-fcc4-46ac-9853-ea9c27ddf2dc@group-5FA9A0EC55C5-LeaderElection1] INFO server.RaftServerConfigKeys: raft.server.write.byte-limit = 64MB (=67108864) (default)
scm1_1   | 2023-04-16 17:33:24,001 [c1077b7b-fcc4-46ac-9853-ea9c27ddf2dc@group-5FA9A0EC55C5-LeaderElection1] INFO server.RaftServerConfigKeys: raft.server.watch.timeout = 10s (default)
recon_1  | 2023-04-16 17:33:46,642 [Listener at 0.0.0.0/9891] INFO server.SCMDatanodeProtocolServer: ScmDatanodeProtocol RPC server for DataNodes is listening at /0.0.0.0:9891
dn2_1    | 	at org.apache.hadoop.net.NetUtils.connect(NetUtils.java:586)
dn2_1    | 	at org.apache.hadoop.ipc.Client$Connection.setupConnection(Client.java:711)
om1_1    | 2023-04-16 17:34:01,500 [pool-26-thread-1] INFO server.RaftServerConfigKeys: raft.server.threadpool.server.cached = true (default)
om1_1    | 2023-04-16 17:34:01,502 [pool-26-thread-1] INFO server.RaftServerConfigKeys: raft.server.threadpool.server.size = 0 (default)
scm3_1   | 2023-04-16 17:34:20,798 [pool-16-thread-1] INFO server.RaftServerConfigKeys: raft.server.storage.dir = [/data/metadata/scm-ha] (custom)
scm3_1   | 2023-04-16 17:34:20,804 [pool-16-thread-1] INFO server.RaftServerConfigKeys: raft.server.log.corruption.policy = EXCEPTION (default)
scm3_1   | 2023-04-16 17:34:20,806 [pool-16-thread-1] INFO server.RaftServerConfigKeys: raft.server.storage.free-space.min = 0MB (=0) (default)
scm3_1   | 2023-04-16 17:34:20,816 [pool-16-thread-1] INFO server.RaftServerConfigKeys: raft.server.notification.no-leader.timeout = 60s (default)
recon_1  | 2023-04-16 17:33:46,643 [IPC Server Responder] INFO ipc.Server: IPC Server Responder: starting
dn2_1    | 	at org.apache.hadoop.ipc.Client$Connection.setupIOstreams(Client.java:833)
dn2_1    | 	at org.apache.hadoop.ipc.Client$Connection.access$3800(Client.java:414)
scm3_1   | 2023-04-16 17:34:20,818 [pool-16-thread-1] INFO server.RaftServerConfigKeys: raft.server.retrycache.expirytime = 60000ms (default)
om2_1    | 2023-04-16 17:34:04,501 [om2-impl-thread1] INFO server.RaftServerConfigKeys: raft.server.log.write.buffer.size = 64KB (=65536) (default)
scm1_1   | 2023-04-16 17:33:24,012 [c1077b7b-fcc4-46ac-9853-ea9c27ddf2dc@group-5FA9A0EC55C5-LeaderElection1] INFO server.RaftServerConfigKeys: raft.server.watch.timeout.denomination = 1s (default)
scm1_1   | 2023-04-16 17:33:24,013 [c1077b7b-fcc4-46ac-9853-ea9c27ddf2dc@group-5FA9A0EC55C5-LeaderElection1] INFO server.RaftServerConfigKeys: raft.server.watch.element-limit = 65536 (default)
recon_1  | 2023-04-16 17:33:46,862 [IPC Server listener on 9891] INFO ipc.Server: IPC Server listener on 9891: starting
dn2_1    | 	at org.apache.hadoop.ipc.Client.getConnection(Client.java:1677)
dn2_1    | 	at org.apache.hadoop.ipc.Client.call(Client.java:1502)
scm3_1   | 2023-04-16 17:34:20,819 [pool-16-thread-1] INFO server.RaftServerConfigKeys: raft.server.retrycache.statistics.expirytime = 100?s (default)
scm3_1   | 2023-04-16 17:34:20,908 [pool-16-thread-1] INFO server.RaftServerConfigKeys: raft.server.log.appender.install.snapshot.enabled = false (custom)
om2_1    | 2023-04-16 17:34:04,501 [om2-impl-thread1] INFO server.RaftServerConfigKeys: raft.server.log.unsafe-flush.enabled = false (default)
scm1_1   | 2023-04-16 17:33:24,144 [c1077b7b-fcc4-46ac-9853-ea9c27ddf2dc@group-5FA9A0EC55C5-LeaderElection1] INFO server.RaftServerConfigKeys: raft.server.write.element-limit = 4096 (default)
scm1_1   | 2023-04-16 17:33:24,187 [c1077b7b-fcc4-46ac-9853-ea9c27ddf2dc@group-5FA9A0EC55C5-LeaderElection1] INFO server.RaftServerConfigKeys: raft.server.write.follower.gap.ratio.max = -1.0 (default)
recon_1  | 2023-04-16 17:33:47,345 [Listener at 0.0.0.0/9891] INFO scm.ReconScmTask: Registered PipelineSyncTask task 
dn2_1    | 	... 12 more
dn2_1    | 2023-04-16 17:33:43,618 [Datanode State Machine Daemon Thread] ERROR datanode.RunningDatanodeState: Error in executing end point task.
scm3_1   | 2023-04-16 17:34:20,909 [pool-16-thread-1] INFO server.RaftServerConfigKeys: raft.server.threadpool.server.cached = true (default)
scm3_1   | 2023-04-16 17:34:20,910 [pool-16-thread-1] INFO server.RaftServerConfigKeys: raft.server.threadpool.server.size = 0 (default)
om2_1    | 2023-04-16 17:34:04,510 [om2-impl-thread1] INFO server.RaftServerConfigKeys: raft.server.log.async-flush.enabled = false (default)
scm1_1   | 2023-04-16 17:33:24,299 [c1077b7b-fcc4-46ac-9853-ea9c27ddf2dc@group-5FA9A0EC55C5-LeaderElection1] INFO impl.RoleInfo: c1077b7b-fcc4-46ac-9853-ea9c27ddf2dc: start c1077b7b-fcc4-46ac-9853-ea9c27ddf2dc@group-5FA9A0EC55C5-LeaderStateImpl
dn4_1    | java.net.SocketTimeoutException: Call From 959efcb78149/10.9.0.20 to recon:9891 failed on socket timeout exception: java.net.SocketTimeoutException: 5000 millis timeout while waiting for channel to be ready for read. ch : java.nio.channels.SocketChannel[connected local=/10.9.0.20:40446 remote=recon/10.9.0.22:9891]; For more details see:  http://wiki.apache.org/hadoop/SocketTimeout
recon_1  | 2023-04-16 17:33:47,346 [Listener at 0.0.0.0/9891] INFO scm.ReconScmTask: Starting PipelineSyncTask Thread.
dn2_1    | java.util.concurrent.ExecutionException: java.util.concurrent.TimeoutException
dn2_1    | 	at java.base/java.util.concurrent.FutureTask.report(FutureTask.java:122)
scm3_1   | 2023-04-16 17:34:20,910 [pool-16-thread-1] INFO server.RaftServerConfigKeys: raft.server.threadpool.client.cached = true (default)
scm3_1   | 2023-04-16 17:34:20,911 [pool-16-thread-1] INFO server.RaftServerConfigKeys: raft.server.threadpool.client.size = 0 (default)
om2_1    | 2023-04-16 17:34:04,512 [om2-impl-thread1] INFO server.RaftServerConfigKeys: raft.server.log.statemachine.data.caching.enabled = false (default)
scm1_1   | 2023-04-16 17:33:24,752 [c1077b7b-fcc4-46ac-9853-ea9c27ddf2dc@group-5FA9A0EC55C5-LeaderElection1] INFO segmented.SegmentedRaftLogWorker: c1077b7b-fcc4-46ac-9853-ea9c27ddf2dc@group-5FA9A0EC55C5-SegmentedRaftLogWorker: Starting segment from index:0
scm1_1   | 2023-04-16 17:33:25,212 [c1077b7b-fcc4-46ac-9853-ea9c27ddf2dc@group-5FA9A0EC55C5-LeaderElection1] INFO server.RaftServer$Division: c1077b7b-fcc4-46ac-9853-ea9c27ddf2dc@group-5FA9A0EC55C5: set configuration 0: peers:[c1077b7b-fcc4-46ac-9853-ea9c27ddf2dc|rpc:scm1:9894|admin:|client:|dataStream:|priority:0|startupRole:FOLLOWER]|listeners:[], old=null
recon_1  | 2023-04-16 17:33:47,479 [PipelineSyncTask] INFO scm.ReconPipelineManager: Recon has 7 pipelines in house.
dn2_1    | 	at java.base/java.util.concurrent.FutureTask.get(FutureTask.java:191)
dn2_1    | 	at org.apache.hadoop.ozone.container.common.states.datanode.RunningDatanodeState.computeNextContainerState(RunningDatanodeState.java:199)
om1_1    | 2023-04-16 17:34:01,520 [pool-26-thread-1] INFO server.RaftServerConfigKeys: raft.server.threadpool.client.cached = true (default)
om1_1    | 2023-04-16 17:34:01,523 [pool-26-thread-1] INFO server.RaftServerConfigKeys: raft.server.threadpool.client.size = 0 (default)
om1_1    | 2023-04-16 17:34:03,858 [main] INFO reflections.Reflections: Reflections took 3399 ms to scan 8 urls, producing 23 keys and 521 values [using 2 cores]
scm3_1   | 2023-04-16 17:34:20,914 [main] INFO ha.SCMSnapshotProvider: Initializing SCM Snapshot Provider
scm3_1   | 2023-04-16 17:34:20,914 [main] WARN server.ServerUtils: Storage directory for Ratis is not configured. It is a good idea to map this to an SSD disk. Falling back to ozone.metadata.dirs
om2_1    | 2023-04-16 17:34:04,558 [om2-impl-thread1] INFO segmented.SegmentedRaftLogWorker: om2@group-D66704EFC61C-SegmentedRaftLogWorker: flushIndex: setUnconditionally 0 -> -1
scm1_1   | 2023-04-16 17:33:25,795 [c1077b7b-fcc4-46ac-9853-ea9c27ddf2dc@group-5FA9A0EC55C5-SegmentedRaftLogWorker] INFO segmented.SegmentedRaftLogWorker: c1077b7b-fcc4-46ac-9853-ea9c27ddf2dc@group-5FA9A0EC55C5-SegmentedRaftLogWorker: created new log segment /data/metadata/scm-ha/d75e1c03-c0a1-4bd8-b1e4-5fa9a0ec55c5/current/log_inprogress_0
dn4_1    | 	at java.base/jdk.internal.reflect.NativeConstructorAccessorImpl.newInstance0(Native Method)
recon_1  | 2023-04-16 17:33:47,548 [Listener at 0.0.0.0/9891] INFO scm.ReconScmTask: Registered ContainerHealthTask task 
dn2_1    | 	at org.apache.hadoop.ozone.container.common.states.datanode.RunningDatanodeState.await(RunningDatanodeState.java:239)
scm2_1   | 2023-04-16 17:33:50,362 [main] INFO server.RaftServer: raft.rpc.type = GRPC (default)
om1_1    | 2023-04-16 17:34:04,277 [main] INFO ipc.CallQueueManager: Using callQueue: class java.util.concurrent.LinkedBlockingQueue, queueCapacity: 10000, scheduler: class org.apache.hadoop.ipc.DefaultRpcScheduler, ipcBackoff: false.
om3_1    | 2023-04-16 17:34:09,044 [main] INFO om.OzoneManager: Creating RPC Server
dn5_1    | 	at com.sun.proxy.$Proxy39.submitRequest(Unknown Source)
scm3_1   | 2023-04-16 17:34:20,915 [main] WARN ha.SCMHAUtils: SCM snapshot dir is not configured. Falling back to ozone.metadata.dirs config
dn3_1    | 	at java.base/jdk.internal.reflect.NativeConstructorAccessorImpl.newInstance0(Native Method)
om2_1    | 2023-04-16 17:34:04,559 [om2-impl-thread1] INFO segmented.SegmentedRaftLogWorker: om2@group-D66704EFC61C-SegmentedRaftLogWorker: safeCacheEvictIndex: setUnconditionally 0 -> -1
om2_1    | 2023-04-16 17:34:04,577 [om2-impl-thread1] INFO server.RaftServer$Division: om2@group-D66704EFC61C: start as a follower, conf=-1: peers:[om1|rpc:om1:9872|priority:0|startupRole:FOLLOWER, om3|rpc:om3:9872|priority:0|startupRole:FOLLOWER, om2|rpc:om2:9872|priority:0|startupRole:FOLLOWER]|listeners:[], old=null
dn4_1    | 	at java.base/jdk.internal.reflect.NativeConstructorAccessorImpl.newInstance(NativeConstructorAccessorImpl.java:62)
recon_1  | 2023-04-16 17:33:47,567 [Listener at 0.0.0.0/9891] INFO scm.ReconScmTask: Starting ContainerHealthTask Thread.
dn2_1    | 	at org.apache.hadoop.ozone.container.common.states.datanode.RunningDatanodeState.await(RunningDatanodeState.java:50)
scm2_1   | 2023-04-16 17:33:50,608 [main] INFO grpc.GrpcConfigKeys: raft.grpc.admin.host = null (fallback to raft.grpc.server.host)
om1_1    | 2023-04-16 17:34:04,331 [Socket Reader #1 for port 9862] INFO ipc.Server: Starting Socket Reader #1 for port 9862
om3_1    | 2023-04-16 17:34:09,073 [pool-26-thread-1] INFO server.RaftServer$Division: om3: new RaftServerImpl for group-D66704EFC61C:[om1|rpc:om1:9872|priority:0|startupRole:FOLLOWER, om3|rpc:om3:9872|priority:0|startupRole:FOLLOWER, om2|rpc:om2:9872|priority:0|startupRole:FOLLOWER] with OzoneManagerStateMachine:uninitialized
dn5_1    | 	at org.apache.hadoop.ozone.protocolPB.StorageContainerDatanodeProtocolClientSideTranslatorPB.submitRequest(StorageContainerDatanodeProtocolClientSideTranslatorPB.java:117)
scm3_1   | 2023-04-16 17:34:20,929 [main] INFO upgrade.AbstractLayoutVersionManager: Initializing Layout version manager with metadata layout = DATANODE_SCHEMA_V3 (version = 4), software layout = DATANODE_SCHEMA_V3 (version = 4)
dn3_1    | 	at java.base/jdk.internal.reflect.NativeConstructorAccessorImpl.newInstance(NativeConstructorAccessorImpl.java:62)
om2_1    | 2023-04-16 17:34:04,577 [om2-impl-thread1] INFO server.RaftServer$Division: om2@group-D66704EFC61C: changes role from      null to FOLLOWER at term 0 for startAsFollower
om2_1    | 2023-04-16 17:34:04,591 [om2-impl-thread1] INFO impl.RoleInfo: om2: start om2@group-D66704EFC61C-FollowerState
dn4_1    | 	at java.base/jdk.internal.reflect.DelegatingConstructorAccessorImpl.newInstance(DelegatingConstructorAccessorImpl.java:45)
recon_1  | 2023-04-16 17:33:47,620 [PipelineSyncTask] INFO scm.PipelineSyncTask: Pipeline sync Thread took 167 milliseconds.
dn2_1    | 	at org.apache.hadoop.ozone.container.common.statemachine.StateContext.execute(StateContext.java:660)
scm2_1   | 2023-04-16 17:33:50,609 [main] INFO grpc.GrpcConfigKeys: raft.grpc.admin.port = 9894 (fallback to raft.grpc.server.port)
om1_1    | 2023-04-16 17:34:04,768 [Listener at om1/9862] INFO impl.MetricsConfig: Loaded properties from hadoop-metrics2.properties
om3_1    | 2023-04-16 17:34:09,091 [pool-26-thread-1] INFO server.RaftServerConfigKeys: raft.server.rpc.timeout.min = 5s (custom)
dn5_1    | 	at org.apache.hadoop.ozone.protocolPB.StorageContainerDatanodeProtocolClientSideTranslatorPB.getVersion(StorageContainerDatanodeProtocolClientSideTranslatorPB.java:133)
scm3_1   | 2023-04-16 17:34:21,105 [main] INFO reflections.Reflections: Reflections took 149 ms to scan 3 urls, producing 112 keys and 252 values 
dn3_1    | 	at java.base/jdk.internal.reflect.DelegatingConstructorAccessorImpl.newInstance(DelegatingConstructorAccessorImpl.java:45)
om2_1    | 2023-04-16 17:34:04,603 [om2@group-D66704EFC61C-FollowerState] INFO server.RaftServerConfigKeys: raft.server.rpc.first-election.timeout.min = 5s (fallback to raft.server.rpc.timeout.min)
scm1_1   | 2023-04-16 17:33:27,482 [main] INFO server.RaftServer: c1077b7b-fcc4-46ac-9853-ea9c27ddf2dc: close
dn4_1    | 	at java.base/java.lang.reflect.Constructor.newInstance(Constructor.java:490)
recon_1  | 2023-04-16 17:33:48,235 [IPC Server handler 8 on default port 9891] WARN ipc.Server: IPC Server handler 8 on default port 9891, call Call#4 Retry#0 org.apache.hadoop.ozone.protocol.ReconDatanodeProtocol.submitRequest from 10.9.0.20:40452: output error
dn2_1    | 	at org.apache.hadoop.ozone.container.common.statemachine.DatanodeStateMachine.startStateMachineThread(DatanodeStateMachine.java:298)
scm2_1   | 2023-04-16 17:33:50,610 [main] INFO grpc.GrpcConfigKeys: raft.grpc.client.host = null (fallback to raft.grpc.server.host)
om1_1    | 2023-04-16 17:34:04,815 [Listener at om1/9862] INFO impl.MetricsSystemImpl: Scheduled Metric snapshot period at 10 second(s).
om3_1    | 2023-04-16 17:34:09,135 [pool-26-thread-1] INFO server.RaftServerConfigKeys: raft.server.rpc.timeout.max = 5200ms (custom)
dn5_1    | 	at org.apache.hadoop.ozone.container.common.states.endpoint.VersionEndpointTask.call(VersionEndpointTask.java:69)
scm3_1   | 2023-04-16 17:34:21,156 [main] INFO ha.SequenceIdGenerator: upgrade localId to 111677748019200000
dn3_1    | 	at java.base/java.lang.reflect.Constructor.newInstance(Constructor.java:490)
om2_1    | 2023-04-16 17:34:04,605 [om2@group-D66704EFC61C-FollowerState] INFO server.RaftServerConfigKeys: raft.server.rpc.first-election.timeout.max = 5200ms (fallback to raft.server.rpc.timeout.max)
scm1_1   | 2023-04-16 17:33:27,483 [main] INFO server.GrpcService: c1077b7b-fcc4-46ac-9853-ea9c27ddf2dc: shutdown server GrpcServerProtocolService now
dn4_1    | 	at org.apache.hadoop.net.NetUtils.wrapWithMessage(NetUtils.java:913)
