recon_1  | 2023-04-16 17:33:48,247 [IPC Server handler 1 on default port 9891] WARN ipc.Server: IPC Server handler 1 on default port 9891, call Call#6 Retry#0 org.apache.hadoop.ozone.protocol.ReconDatanodeProtocol.submitRequest from 10.9.0.18:33874: output error
dn2_1    | 	at org.apache.hadoop.ozone.container.common.statemachine.DatanodeStateMachine.lambda$startDaemon$0(DatanodeStateMachine.java:493)
scm2_1   | 2023-04-16 17:33:50,610 [main] INFO grpc.GrpcConfigKeys: raft.grpc.client.port = 9894 (fallback to raft.grpc.server.port)
om1_1    | 2023-04-16 17:34:04,815 [Listener at om1/9862] INFO impl.MetricsSystemImpl: OzoneManager metrics system started
om3_1    | 2023-04-16 17:34:09,135 [pool-26-thread-1] INFO server.RaftServerConfigKeys: raft.server.rpc.sleep.time = 25ms (default)
scm3_1   | 2023-04-16 17:34:21,156 [main] INFO ha.SequenceIdGenerator: upgrade delTxnId to 0
scm3_1   | 2023-04-16 17:34:21,158 [main] INFO ha.SequenceIdGenerator: upgrade containerId to 0
om2_1    | 2023-04-16 17:34:04,615 [om2-impl-thread1] INFO util.JmxRegister: Successfully registered JMX Bean with object name Ratis:service=RaftServer,group=group-D66704EFC61C,id=om2
scm1_1   | 2023-04-16 17:33:27,484 [c1077b7b-fcc4-46ac-9853-ea9c27ddf2dc-impl-thread1] INFO server.RaftServer$Division: c1077b7b-fcc4-46ac-9853-ea9c27ddf2dc@group-5FA9A0EC55C5: shutdown
dn4_1    | 	at org.apache.hadoop.net.NetUtils.wrapException(NetUtils.java:848)
recon_1  | 2023-04-16 17:33:48,235 [IPC Server handler 9 on default port 9891] WARN ipc.Server: IPC Server handler 9 on default port 9891, call Call#6 Retry#0 org.apache.hadoop.ozone.protocol.ReconDatanodeProtocol.submitRequest from 10.9.0.21:36474: output error
dn2_1    | 	at java.base/java.lang.Thread.run(Thread.java:829)
scm2_1   | 2023-04-16 17:33:50,610 [main] INFO grpc.GrpcConfigKeys: raft.grpc.server.host = null (default)
om1_1    | 2023-04-16 17:34:05,039 [Listener at om1/9862] INFO om.OzoneManager: OzoneManager RPC server is listening at om1/10.9.0.11:9862
dn5_1    | 	at org.apache.hadoop.ozone.container.common.states.endpoint.VersionEndpointTask.call(VersionEndpointTask.java:40)
scm3_1   | 2023-04-16 17:34:21,160 [main] INFO ha.SequenceIdGenerator: Init the HA SequenceIdGenerator.
om3_1    | 2023-04-16 17:34:09,135 [pool-26-thread-1] INFO server.RaftServerConfigKeys: raft.server.rpc.slowness.timeout = 120s (custom)
dn3_1    | 	at org.apache.hadoop.net.NetUtils.wrapWithMessage(NetUtils.java:913)
om2_1    | 2023-04-16 17:34:04,665 [om2-impl-thread1] INFO server.RaftServerConfigKeys: raft.server.snapshot.auto.trigger.enabled = true (custom)
scm1_1   | 2023-04-16 17:33:27,484 [c1077b7b-fcc4-46ac-9853-ea9c27ddf2dc-impl-thread1] INFO util.JmxRegister: Successfully un-registered JMX Bean with object name Ratis:service=RaftServer,group=group-5FA9A0EC55C5,id=c1077b7b-fcc4-46ac-9853-ea9c27ddf2dc
dn4_1    | 	at org.apache.hadoop.ipc.Client.getRpcResponse(Client.java:1616)
recon_1  | 2023-04-16 17:33:48,247 [IPC Server handler 6 on default port 9891] WARN ipc.Server: IPC Server handler 6 on default port 9891, call Call#4 Retry#0 org.apache.hadoop.ozone.protocol.ReconDatanodeProtocol.submitRequest from 10.9.0.21:55178: output error
dn2_1    | Caused by: java.util.concurrent.TimeoutException
scm2_1   | 2023-04-16 17:33:50,610 [main] INFO grpc.GrpcConfigKeys: raft.grpc.server.port = 9894 (custom)
om1_1    | 2023-04-16 17:34:05,040 [Listener at om1/9862] INFO ratis.OzoneManagerRatisServer: Starting OzoneManagerRatisServer om1 at port 9872
dn5_1    | 	at java.base/java.util.concurrent.FutureTask.run(FutureTask.java:264)
scm3_1   | 2023-04-16 17:34:21,218 [main] INFO node.SCMNodeManager: Entering startup safe mode.
om3_1    | 2023-04-16 17:34:09,135 [pool-26-thread-1] INFO server.RaftServerConfigKeys: raft.server.leaderelection.leader.step-down.wait-time = 10s (default)
dn3_1    | 	at org.apache.hadoop.net.NetUtils.wrapException(NetUtils.java:848)
om2_1    | 2023-04-16 17:34:04,666 [om2-impl-thread1] INFO server.RaftServerConfigKeys: raft.server.snapshot.auto.trigger.threshold = 400000 (default)
scm1_1   | 2023-04-16 17:33:27,484 [c1077b7b-fcc4-46ac-9853-ea9c27ddf2dc-impl-thread1] INFO impl.RoleInfo: c1077b7b-fcc4-46ac-9853-ea9c27ddf2dc: shutdown c1077b7b-fcc4-46ac-9853-ea9c27ddf2dc@group-5FA9A0EC55C5-LeaderStateImpl
dn4_1    | 	at org.apache.hadoop.ipc.Client.call(Client.java:1558)
recon_1  | 2023-04-16 17:33:48,247 [IPC Server handler 14 on default port 9891] WARN ipc.Server: IPC Server handler 14 on default port 9891, call Call#4 Retry#0 org.apache.hadoop.ozone.protocol.ReconDatanodeProtocol.submitRequest from 10.9.0.19:46244: output error
dn2_1    | 	at java.base/java.util.concurrent.FutureTask.get(FutureTask.java:204)
scm2_1   | 2023-04-16 17:33:50,623 [main] INFO server.GrpcService: raft.grpc.message.size.max = 32m (=33554432) (custom)
om1_1    | 2023-04-16 17:34:05,043 [om1-impl-thread1] INFO storage.RaftStorageDirectory: The storage directory /data/metadata/ratis/5cb24680-b9e7-3c90-a862-d66704efc61c does not exist. Creating ...
dn5_1    | 	at java.base/java.util.concurrent.ThreadPoolExecutor.runWorker(ThreadPoolExecutor.java:1128)
scm3_1   | 2023-04-16 17:34:21,231 [main] INFO algorithms.ContainerPlacementPolicyFactory: Create container placement policy of type org.apache.hadoop.hdds.scm.container.placement.algorithms.SCMContainerPlacementRandom
om3_1    | 2023-04-16 17:34:09,135 [pool-26-thread-1] INFO server.RaftServerConfigKeys: raft.server.sleep.deviation.threshold = 300ms (default)
dn3_1    | 	at org.apache.hadoop.ipc.Client.getRpcResponse(Client.java:1616)
om2_1    | 2023-04-16 17:34:04,666 [om2-impl-thread1] INFO server.RaftServerConfigKeys: raft.server.snapshot.retention.file.num = -1 (default)
scm1_1   | 2023-04-16 17:33:27,576 [main] INFO server.GrpcService: c1077b7b-fcc4-46ac-9853-ea9c27ddf2dc: shutdown server GrpcServerProtocolService successfully
dn4_1    | 	at org.apache.hadoop.ipc.Client.call(Client.java:1455)
recon_1  | 2023-04-16 17:33:48,247 [IPC Server handler 5 on default port 9891] WARN ipc.Server: IPC Server handler 5 on default port 9891, call Call#0 Retry#0 org.apache.hadoop.ozone.protocol.ReconDatanodeProtocol.submitRequest from 10.9.0.21:55166: output error
dn2_1    | 	at org.apache.hadoop.ozone.container.common.states.datanode.RunningDatanodeState.lambda$execute$0(RunningDatanodeState.java:157)
scm2_1   | 2023-04-16 17:33:50,635 [main] INFO server.RaftServerConfigKeys: raft.server.log.appender.buffer.byte-limit = 33554432 (custom)
om1_1    | 2023-04-16 17:34:05,053 [om1-impl-thread1] INFO storage.RaftStorageDirectory: Lock on /data/metadata/ratis/5cb24680-b9e7-3c90-a862-d66704efc61c/in_use.lock acquired by nodename 7@0a57e73ac957
dn5_1    | 	at java.base/java.util.concurrent.ThreadPoolExecutor$Worker.run(ThreadPoolExecutor.java:628)
scm3_1   | 2023-04-16 17:34:21,235 [main] INFO algorithms.ContainerPlacementPolicyFactory: Create container placement policy of type org.apache.hadoop.hdds.scm.container.placement.algorithms.SCMContainerPlacementRackScatter
om3_1    | 2023-04-16 17:34:09,188 [pool-26-thread-1] INFO server.RaftServer$Division: om3@group-D66704EFC61C: ConfigurationManager, init=-1: peers:[om1|rpc:om1:9872|priority:0|startupRole:FOLLOWER, om3|rpc:om3:9872|priority:0|startupRole:FOLLOWER, om2|rpc:om2:9872|priority:0|startupRole:FOLLOWER]|listeners:[], old=null, confs=<EMPTY_MAP>
dn3_1    | 	at org.apache.hadoop.ipc.Client.call(Client.java:1558)
om2_1    | 2023-04-16 17:34:04,666 [om2-impl-thread1] INFO server.RaftServerConfigKeys: raft.server.log.purge.upto.snapshot.index = true (custom)
scm1_1   | 2023-04-16 17:33:27,577 [c1077b7b-fcc4-46ac-9853-ea9c27ddf2dc-impl-thread1] INFO impl.PendingRequests: c1077b7b-fcc4-46ac-9853-ea9c27ddf2dc@group-5FA9A0EC55C5-PendingRequests: sendNotLeaderResponses
dn4_1    | 	at org.apache.hadoop.ipc.ProtobufRpcEngine$Invoker.invoke(ProtobufRpcEngine.java:235)
recon_1  | 2023-04-16 17:33:48,246 [IPC Server handler 12 on default port 9891] WARN ipc.Server: IPC Server handler 12 on default port 9891, call Call#6 Retry#0 org.apache.hadoop.ozone.protocol.ReconDatanodeProtocol.submitRequest from 10.9.0.19:50240: output error
dn2_1    | 	at java.base/java.util.concurrent.FutureTask.run(FutureTask.java:264)
scm2_1   | 2023-04-16 17:33:50,636 [main] INFO server.GrpcService: raft.grpc.flow.control.window = 1MB (=1048576) (default)
om1_1    | 2023-04-16 17:34:05,113 [om1-impl-thread1] INFO storage.RaftStorage: Storage directory /data/metadata/ratis/5cb24680-b9e7-3c90-a862-d66704efc61c has been successfully formatted.
dn5_1    | 	at java.base/java.lang.Thread.run(Thread.java:829)
scm3_1   | 2023-04-16 17:34:21,240 [main] INFO pipeline.PipelineStateManagerImpl: No pipeline exists in current db
om3_1    | 2023-04-16 17:34:09,191 [pool-26-thread-1] INFO server.RaftServerConfigKeys: raft.server.storage.dir = [/data/metadata/ratis] (custom)
om3_1    | 2023-04-16 17:34:09,347 [pool-26-thread-1] INFO server.RaftServerConfigKeys: raft.server.log.corruption.policy = EXCEPTION (default)
dn3_1    | 	at org.apache.hadoop.ipc.Client.call(Client.java:1455)
om2_1    | 2023-04-16 17:34:04,699 [Listener at om2/9862] INFO server.RaftServer: om2: start RPC server
scm1_1   | 2023-04-16 17:33:27,590 [c1077b7b-fcc4-46ac-9853-ea9c27ddf2dc-impl-thread1] INFO impl.StateMachineUpdater: c1077b7b-fcc4-46ac-9853-ea9c27ddf2dc@group-5FA9A0EC55C5-StateMachineUpdater: set stopIndex = 0
dn4_1    | 	at org.apache.hadoop.ipc.ProtobufRpcEngine$Invoker.invoke(ProtobufRpcEngine.java:122)
recon_1  | 2023-04-16 17:33:48,246 [IPC Server handler 18 on default port 9891] WARN ipc.Server: IPC Server handler 18 on default port 9891, call Call#4 Retry#0 org.apache.hadoop.ozone.protocol.ReconDatanodeProtocol.submitRequest from 10.9.0.17:52868: output error
dn2_1    | 	at java.base/java.util.concurrent.Executors$RunnableAdapter.call(Executors.java:515)
dn2_1    | 	at java.base/java.util.concurrent.FutureTask.run(FutureTask.java:264)
om1_1    | 2023-04-16 17:34:05,117 [om1-impl-thread1] INFO server.RaftServerConfigKeys: raft.server.log.use.memory = false (default)
dn5_1    | Caused by: java.net.SocketTimeoutException: 5000 millis timeout while waiting for channel to be ready for read. ch : java.nio.channels.SocketChannel[connected local=/10.9.0.21:55166 remote=recon/10.9.0.22:9891]
scm3_1   | 2023-04-16 17:34:21,308 [main] INFO algorithms.LeaderChoosePolicyFactory: Create leader choose policy of type org.apache.hadoop.hdds.scm.pipeline.leader.choose.algorithms.MinLeaderCountChoose