dn1_1    | 2023-04-16 17:34:17,460 [pool-22-thread-1] INFO server.RaftServerConfigKeys: raft.server.log.segment.size.max = 1048576 (custom)
om2_1    | 2023-04-16 17:33:52,505 [main] WARN server.ServerUtils: ozone.om.db.dirs is not configured. We recommend adding this setting. Falling back to ozone.metadata.dirs instead.
scm1_1   | 2023-04-16 17:33:10,108 [main] INFO server.RaftServerConfigKeys: raft.server.log.appender.buffer.byte-limit = 33554432 (custom)
om3_1    | 2023-04-16 17:33:11,683 [main] INFO retry.RetryInvocationHandler: com.google.protobuf.ServiceException: java.net.ConnectException: Call From ef9697c9a823/10.9.0.13 to scm2:9863 failed on connection exception: java.net.ConnectException: Connection refused; For more details see:  http://wiki.apache.org/hadoop/ConnectionRefused, while invoking $Proxy31.send over nodeId=scm2,nodeAddress=scm2/10.9.0.15:9863 after 1 failover attempts. Trying to failover after sleeping for 2000ms.
om3_1    | 2023-04-16 17:33:13,684 [main] INFO retry.RetryInvocationHandler: com.google.protobuf.ServiceException: java.net.ConnectException: Call From ef9697c9a823/10.9.0.13 to scm3:9863 failed on connection exception: java.net.ConnectException: Connection refused; For more details see:  http://wiki.apache.org/hadoop/ConnectionRefused, while invoking $Proxy31.send over nodeId=scm3,nodeAddress=scm3/10.9.0.16:9863 after 2 failover attempts. Trying to failover after sleeping for 2000ms.
recon_1  | 2023-04-16 17:33:04,711 [main] INFO recon.ReconServer: Initializing Recon server...
recon_1  | 2023-04-16 17:33:06,503 [main] INFO persistence.DefaultDataSourceProvider: JDBC Url for Recon : jdbc:derby:/data/metadata/recon/ozone_recon_derby.db 
recon_1  | 2023-04-16 17:33:14,521 [main] INFO codegen.SqlDbUtils: Created derby database at jdbc:derby:/data/metadata/recon/ozone_recon_derby.db.
recon_1  | 2023-04-16 17:33:16,709 [main] INFO impl.ReconContainerMetadataManagerImpl: KEY_CONTAINER Table is empty, initializing from CONTAINER_KEY Table ...
dn4_1    | 2023-04-16 17:33:15,185 [main] INFO audit.AuditLogger: Refresh DebugCmdSet for DNAudit to [].
dn5_1    | 2023-04-16 17:33:16,911 [main] INFO grpc.GrpcConfigKeys: raft.grpc.admin.host = null (fallback to raft.grpc.server.host)
dn1_1    | 2023-04-16 17:34:17,488 [pool-22-thread-1] INFO server.RaftServerConfigKeys: raft.server.log.segment.cache.num.max = 2 (custom)
dn1_1    | 2023-04-16 17:34:17,490 [pool-22-thread-1] INFO server.RaftServerConfigKeys: raft.server.log.segment.cache.size.max = 200MB (=209715200) (default)
scm2_1   | STARTUP_MSG:   classpath = /etc/hadoop:/opt/hadoop/share/ozone/lib/kerb-simplekdc-1.0.1.jar:/opt/hadoop/share/ozone/lib/slf4j-reload4j-1.7.36.jar:/opt/hadoop/share/ozone/lib/protobuf-java-2.5.0.jar:/opt/hadoop/share/ozone/lib/jaxb-core-2.3.0.1.jar:/opt/hadoop/share/ozone/lib/istack-commons-runtime-3.0.5.jar:/opt/hadoop/share/ozone/lib/netty-handler-4.1.79.Final.jar:/opt/hadoop/share/ozone/lib/commons-validator-1.6.jar:/opt/hadoop/share/ozone/lib/bcpkix-jdk15on-1.67.jar:/opt/hadoop/share/ozone/lib/kerb-core-1.0.1.jar:/opt/hadoop/share/ozone/lib/hadoop-shaded-protobuf_3_7-1.1.1.jar:/opt/hadoop/share/ozone/lib/netty-common-4.1.79.Final.jar:/opt/hadoop/share/ozone/lib/ratis-thirdparty-misc-1.0.2.jar:/opt/hadoop/share/ozone/lib/jsr305-3.0.0.jar:/opt/hadoop/share/ozone/lib/j2objc-annotations-1.3.jar:/opt/hadoop/share/ozone/lib/jetty-webapp-9.4.49.v20220914.jar:/opt/hadoop/share/ozone/lib/picocli-4.6.1.jar:/opt/hadoop/share/ozone/lib/javassist-3.21.0-GA.jar:/opt/hadoop/share/ozone/lib/jaxb-api-2.3.0.jar:/opt/hadoop/share/ozone/lib/kerb-util-1.0.1.jar:/opt/hadoop/share/ozone/lib/ratis-common-2.4.0.jar:/opt/hadoop/share/ozone/lib/hadoop-shaded-guava-1.1.1.jar:/opt/hadoop/share/ozone/lib/kotlin-stdlib-1.6.21.jar:/opt/hadoop/share/ozone/lib/hdds-annotation-processing-1.3.0.jar:/opt/hadoop/share/ozone/lib/log4j-core-2.17.1.jar:/opt/hadoop/share/ozone/lib/commons-logging-1.2.jar:/opt/hadoop/share/ozone/lib/jetty-security-9.4.49.v20220914.jar:/opt/hadoop/share/ozone/lib/accessors-smart-2.4.7.jar:/opt/hadoop/share/ozone/lib/kerby-xdr-1.0.1.jar:/opt/hadoop/share/ozone/lib/ratis-metrics-2.4.0.jar:/opt/hadoop/share/ozone/lib/txw2-2.3.0.1.jar:/opt/hadoop/share/ozone/lib/ratis-grpc-2.4.0.jar:/opt/hadoop/share/ozone/lib/httpcore-4.4.13.jar:/opt/hadoop/share/ozone/lib/hdds-common-1.3.0.jar:/opt/hadoop/share/ozone/lib/guava-31.1-jre.jar:/opt/hadoop/share/ozone/lib/opentracing-tracerresolver-0.1.8.jar:/opt/hadoop/share/ozone/lib/commons-net-3.6.jar:/opt/hadoop/share/ozone/lib/netty-transport-4.1.79.Final.jar:/opt/hadoop/share/ozone/lib/hadoop-auth-3.3.4.jar:/opt/hadoop/share/ozone/lib/libthrift-0.14.1.jar:/opt/hadoop/share/ozone/lib/stax-ex-1.7.8.jar:/opt/hadoop/share/ozone/lib/error_prone_annotations-2.2.0.jar:/opt/hadoop/share/ozone/lib/kotlin-stdlib-common-1.4.10.jar:/opt/hadoop/share/ozone/lib/httpclient-4.5.13.jar:/opt/hadoop/share/ozone/lib/jaeger-client-1.6.0.jar:/opt/hadoop/share/ozone/lib/kerby-config-1.0.1.jar:/opt/hadoop/share/ozone/lib/hdds-client-1.3.0.jar:/opt/hadoop/share/ozone/lib/jackson-annotations-2.13.4.jar:/opt/hadoop/share/ozone/lib/commons-io-2.11.0.jar:/opt/hadoop/share/ozone/lib/metrics-core-3.2.4.jar:/opt/hadoop/share/ozone/lib/hadoop-annotations-3.3.4.jar:/opt/hadoop/share/ozone/lib/kerby-pkix-1.0.1.jar:/opt/hadoop/share/ozone/lib/jetty-util-9.4.49.v20220914.jar:/opt/hadoop/share/ozone/lib/hdds-hadoop-dependency-client-1.3.0.jar:/opt/hadoop/share/ozone/lib/ratis-proto-2.4.0.jar:/opt/hadoop/share/ozone/lib/json-smart-2.4.7.jar:/opt/hadoop/share/ozone/lib/snakeyaml-1.32.jar:/opt/hadoop/share/ozone/lib/jetty-io-9.4.49.v20220914.jar:/opt/hadoop/share/ozone/lib/jsr311-api-1.1.1.jar:/opt/hadoop/share/ozone/lib/jetty-server-9.4.49.v20220914.jar:/opt/hadoop/share/ozone/lib/commons-beanutils-1.9.4.jar:/opt/hadoop/share/ozone/lib/javax.servlet-api-3.1.0.jar:/opt/hadoop/share/ozone/lib/kerb-server-1.0.1.jar:/opt/hadoop/share/ozone/lib/rocksdbjni-7.4.5.jar:/opt/hadoop/share/ozone/lib/kerb-client-1.0.1.jar:/opt/hadoop/share/ozone/lib/jetty-xml-9.4.49.v20220914.jar:/opt/hadoop/share/ozone/lib/hadoop-common-3.3.4.jar:/opt/hadoop/share/ozone/lib/disruptor-3.4.2.jar:/opt/hadoop/share/ozone/lib/reflections-0.9.11.jar:/opt/hadoop/share/ozone/lib/gson-2.9.0.jar:/opt/hadoop/share/ozone/lib/annotations-13.0.jar:/opt/hadoop/share/ozone/lib/simpleclient_common-0.7.0.jar:/opt/hadoop/share/ozone/lib/jaeger-thrift-1.6.0.jar:/opt/hadoop/share/ozone/lib/dnsjava-2.1.7.jar:/opt/hadoop/share/ozone/lib/bcprov-jdk15on-1.67.jar:/opt/hadoop/share/ozone/lib/commons-configuration2-2.1.1.jar:/opt/hadoop/share/ozone/lib/token-provider-1.0.1.jar:/opt/hadoop/share/ozone/lib/commons-daemon-1.0.13.jar:/opt/hadoop/share/ozone/lib/listenablefuture-9999.0-empty-to-avoid-conflict-with-guava.jar:/opt/hadoop/share/ozone/lib/netty-buffer-4.1.79.Final.jar:/opt/hadoop/share/ozone/lib/jaeger-tracerresolver-1.6.0.jar:/opt/hadoop/share/ozone/lib/hdds-container-service-1.3.0.jar:/opt/hadoop/share/ozone/lib/slf4j-api-1.7.36.jar:/opt/hadoop/share/ozone/lib/commons-lang3-3.7.jar:/opt/hadoop/share/ozone/lib/re2j-1.1.jar:/opt/hadoop/share/ozone/lib/jackson-datatype-jsr310-2.13.4.jar:/opt/hadoop/share/ozone/lib/simpleclient_dropwizard-0.7.0.jar:/opt/hadoop/share/ozone/lib/simpleclient-0.7.0.jar:/opt/hadoop/share/ozone/lib/asm-5.0.4.jar:/opt/hadoop/share/ozone/lib/kerby-util-1.0.1.jar:/opt/hadoop/share/ozone/lib/netty-codec-4.1.79.Final.jar:/opt/hadoop/share/ozone/lib/hdds-interface-server-1.3.0.jar:/opt/hadoop/share/ozone/lib/failureaccess-1.0.1.jar:/opt/hadoop/share/ozone/lib/ratis-server-2.4.0.jar:/opt/hadoop/share/ozone/lib/jackson-databind-2.13.4.2.jar:/opt/hadoop/share/ozone/lib/ratis-server-api-2.4.0.jar:/opt/hadoop/share/ozone/lib/okio-2.8.0.jar:/opt/hadoop/share/ozone/lib/jetty-servlet-9.4.49.v20220914.jar:/opt/hadoop/share/ozone/lib/hdds-server-framework-1.3.0.jar:/opt/hadoop/share/ozone/lib/jsp-api-2.1.jar:/opt/hadoop/share/ozone/lib/jsch-0.1.54.jar:/opt/hadoop/share/ozone/lib/jakarta.activation-api-1.2.1.jar:/opt/hadoop/share/ozone/lib/reload4j-1.2.22.jar:/opt/hadoop/share/ozone/lib/nimbus-jose-jwt-7.9.jar:/opt/hadoop/share/ozone/lib/woodstox-core-5.4.0.jar:/opt/hadoop/share/ozone/lib/commons-codec-1.11.jar:/opt/hadoop/share/ozone/lib/hdds-hadoop-dependency-server-1.3.0.jar:/opt/hadoop/share/ozone/lib/commons-pool2-2.6.0.jar:/opt/hadoop/share/ozone/lib/netty-resolver-4.1.79.Final.jar:/opt/hadoop/share/ozone/lib/hdds-erasurecode-1.3.0.jar:/opt/hadoop/share/ozone/lib/opentracing-api-0.33.0.jar:/opt/hadoop/share/ozone/lib/jcip-annotations-1.0-1.jar:/opt/hadoop/share/ozone/lib/kerb-admin-1.0.1.jar:/opt/hadoop/share/ozone/lib/jetty-util-ajax-9.4.49.v20220914.jar:/opt/hadoop/share/ozone/lib/opentracing-noop-0.33.0.jar:/opt/hadoop/share/ozone/lib/netty-transport-native-unix-common-4.1.79.Final.jar:/opt/hadoop/share/ozone/lib/hadoop-hdfs-client-3.3.4.jar:/opt/hadoop/share/ozone/lib/jersey-core-1.19.jar:/opt/hadoop/share/ozone/lib/commons-compress-1.21.jar:/opt/hadoop/share/ozone/lib/jaxb-runtime-2.3.0.1.jar:/opt/hadoop/share/ozone/lib/hadoop-hdfs-3.3.4.jar:/opt/hadoop/share/ozone/lib/jackson-core-2.13.4.jar:/opt/hadoop/share/ozone/lib/opentracing-util-0.33.0.jar:/opt/hadoop/share/ozone/lib/ratis-client-2.4.0.jar:/opt/hadoop/share/ozone/lib/hdds-interface-client-1.3.0.jar:/opt/hadoop/share/ozone/lib/snappy-java-1.1.8.2.jar:/opt/hadoop/share/ozone/lib/commons-cli-1.2.jar:/opt/hadoop/share/ozone/lib/log4j-api-2.17.1.jar:/opt/hadoop/share/ozone/lib/javax.annotation-api-1.2.jar:/opt/hadoop/share/ozone/lib/kerby-asn1-1.0.1.jar:/opt/hadoop/share/ozone/lib/okhttp-4.9.3.jar:/opt/hadoop/share/ozone/lib/checker-qual-3.12.0.jar:/opt/hadoop/share/ozone/lib/hdds-config-1.3.0.jar:/opt/hadoop/share/ozone/lib/stax2-api-3.1.4.jar:/opt/hadoop/share/ozone/lib/commons-digester-1.8.1.jar:/opt/hadoop/share/ozone/lib/commons-collections-3.2.2.jar:/opt/hadoop/share/ozone/lib/jaeger-core-1.6.0.jar:/opt/hadoop/share/ozone/lib/commons-text-1.4.jar:/opt/hadoop/share/ozone/lib/jersey-servlet-1.19.jar:/opt/hadoop/share/ozone/lib/jetty-http-9.4.49.v20220914.jar:/opt/hadoop/share/ozone/lib/kerb-identity-1.0.1.jar:/opt/hadoop/share/ozone/lib/ratis-netty-2.4.0.jar:/opt/hadoop/share/ozone/lib/FastInfoset-1.2.13.jar:/opt/hadoop/share/ozone/lib/hdds-interface-admin-1.3.0.jar:/opt/hadoop/share/ozone/lib/kerb-common-1.0.1.jar:/opt/hadoop/share/ozone/lib/jersey-server-1.19.jar:/opt/hadoop/share/ozone/lib/kerb-crypto-1.0.1.jar:/opt/hadoop/share/ozone/web:/opt/hadoop/share/ozone/lib/hdds-server-scm-1.3.0.jar
om2_1    | 2023-04-16 17:33:53,216 [main] INFO proxy.SCMBlockLocationFailoverProxyProvider: Created block location fail-over proxy with 3 nodes: [nodeId=scm2,nodeAddress=scm2/10.9.0.15:9863, nodeId=scm1,nodeAddress=scm1/10.9.0.14:9863, nodeId=scm3,nodeAddress=scm3/10.9.0.16:9863]
om2_1    | 2023-04-16 17:33:53,411 [main] INFO proxy.SCMBlockLocationFailoverProxyProvider: Created block location fail-over proxy with 3 nodes: [nodeId=scm2,nodeAddress=scm2/10.9.0.15:9863, nodeId=scm1,nodeAddress=scm1/10.9.0.14:9863, nodeId=scm3,nodeAddress=scm3/10.9.0.16:9863]
om3_1    | 2023-04-16 17:33:15,686 [main] INFO retry.RetryInvocationHandler: com.google.protobuf.ServiceException: java.net.ConnectException: Call From ef9697c9a823/10.9.0.13 to scm1:9863 failed on connection exception: java.net.ConnectException: Connection refused; For more details see:  http://wiki.apache.org/hadoop/ConnectionRefused, while invoking $Proxy31.send over nodeId=scm1,nodeAddress=scm1/10.9.0.14:9863 after 3 failover attempts. Trying to failover after sleeping for 2000ms.
om3_1    | 2023-04-16 17:33:17,687 [main] INFO retry.RetryInvocationHandler: com.google.protobuf.ServiceException: java.net.ConnectException: Call From ef9697c9a823/10.9.0.13 to scm2:9863 failed on connection exception: java.net.ConnectException: Connection refused; For more details see:  http://wiki.apache.org/hadoop/ConnectionRefused, while invoking $Proxy31.send over nodeId=scm2,nodeAddress=scm2/10.9.0.15:9863 after 4 failover attempts. Trying to failover after sleeping for 2000ms.
recon_1  | 2023-04-16 17:33:16,727 [main] INFO impl.ReconContainerMetadataManagerImpl: It took 0.0 seconds to initialized 0 records to KEY_CONTAINER table
recon_1  | 2023-04-16 17:33:16,770 [main] INFO persistence.DefaultDataSourceProvider: JDBC Url for Recon : jdbc:derby:/data/metadata/recon/ozone_recon_derby.db 
recon_1  | 2023-04-16 17:33:16,961 [main] INFO codegen.SqlDbUtils: Created derby database at jdbc:derby:/data/metadata/recon/ozone_recon_derby.db.
recon_1  | 2023-04-16 17:33:16,996 [main] INFO recon.ReconServer: Creating Recon Schema.
dn4_1    | 2023-04-16 17:33:16,001 [main] WARN server.ServerUtils: Storage directory for Ratis is not configured. It is a good idea to map this to an SSD disk. Falling back to ozone.metadata.dirs
dn5_1    | 2023-04-16 17:33:16,915 [main] INFO grpc.GrpcConfigKeys: raft.grpc.admin.port = 9857 (custom)
dn1_1    | 2023-04-16 17:34:17,540 [pool-22-thread-1] INFO segmented.SegmentedRaftLogWorker: new 12999f78-207b-4d77-a48a-6d8c6e70030d@group-15458FEFD20F-SegmentedRaftLogWorker for RaftStorageImpl:Storage Directory /data/metadata/ratis/7ba4bbad-0486-47f5-a364-15458fefd20f
dn1_1    | 2023-04-16 17:34:17,553 [pool-22-thread-1] INFO server.RaftServerConfigKeys: raft.server.log.queue.byte-limit = 4294967296 (custom)
scm2_1   | STARTUP_MSG:   build = https://github.com/apache/ozone.git/d0d18a3bff64b90f5f0755edb6003301049ffb32 ; compiled by 'micahzhao' on 2022-12-10T13:23Z
scm1_1   | 2023-04-16 17:33:10,166 [main] INFO server.GrpcService: raft.grpc.flow.control.window = 1MB (=1048576) (default)
om2_1    | 2023-04-16 17:33:55,671 [main] WARN server.ServerUtils: ozone.om.db.dirs is not configured. We recommend adding this setting. Falling back to ozone.metadata.dirs instead.
om3_1    | 2023-04-16 17:33:19,688 [main] INFO retry.RetryInvocationHandler: com.google.protobuf.ServiceException: java.net.ConnectException: Call From ef9697c9a823/10.9.0.13 to scm3:9863 failed on connection exception: java.net.ConnectException: Connection refused; For more details see:  http://wiki.apache.org/hadoop/ConnectionRefused, while invoking $Proxy31.send over nodeId=scm3,nodeAddress=scm3/10.9.0.16:9863 after 5 failover attempts. Trying to failover after sleeping for 2000ms.
om3_1    | 2023-04-16 17:33:21,691 [main] INFO retry.RetryInvocationHandler: com.google.protobuf.ServiceException: java.net.ConnectException: Call From ef9697c9a823/10.9.0.13 to scm1:9863 failed on connection exception: java.net.ConnectException: Connection refused; For more details see:  http://wiki.apache.org/hadoop/ConnectionRefused, while invoking $Proxy31.send over nodeId=scm1,nodeAddress=scm1/10.9.0.14:9863 after 6 failover attempts. Trying to failover after sleeping for 2000ms.
om3_1    | 2023-04-16 17:33:23,692 [main] INFO retry.RetryInvocationHandler: com.google.protobuf.ServiceException: java.net.ConnectException: Call From ef9697c9a823/10.9.0.13 to scm2:9863 failed on connection exception: java.net.ConnectException: Connection refused; For more details see:  http://wiki.apache.org/hadoop/ConnectionRefused, while invoking $Proxy31.send over nodeId=scm2,nodeAddress=scm2/10.9.0.15:9863 after 7 failover attempts. Trying to failover after sleeping for 2000ms.
dn2_1    | 	at java.base/java.lang.reflect.Constructor.newInstance(Constructor.java:490)
recon_1  | 2023-04-16 17:33:19,269 [Finalizer] WARN managed.ManagedRocksObjectUtils: RocksIterator is not closed properly
recon_1  | 2023-04-16 17:33:22,163 [main] INFO http.BaseHttpServer: Starting Web-server for recon at: http://0.0.0.0:9888
dn4_1    | 2023-04-16 17:33:16,296 [main] INFO server.RaftServer: raft.rpc.type = GRPC (default)
s3g_1    | 2023-04-16 17:32:56,119 [main] WARN server.AuthenticationFilter: Unable to initialize FileSignerSecretProvider, falling back to use random secrets. Reason: Could not read signature secret file: /opt/hadoop/hadoop-http-auth-signature-secret
dn1_1    | 2023-04-16 17:34:17,555 [pool-22-thread-1] INFO server.RaftServerConfigKeys: raft.server.log.queue.element-limit = 1024 (custom)
dn1_1    | 2023-04-16 17:34:17,556 [pool-22-thread-1] INFO server.RaftServerConfigKeys: raft.server.log.segment.size.max = 1048576 (custom)
scm1_1   | 2023-04-16 17:33:10,218 [main] INFO server.RaftServerConfigKeys: raft.server.rpc.request.timeout = 30000ms (custom)
scm2_1   | STARTUP_MSG:   java = 11.0.14.1
om2_1    | 2023-04-16 17:33:56,272 [main] INFO codec.OmKeyInfoCodec: OmKeyInfoCodec ignorePipeline = true
dn2_1    | 	at org.apache.hadoop.net.NetUtils.wrapWithMessage(NetUtils.java:913)
dn2_1    | 	at org.apache.hadoop.net.NetUtils.wrapException(NetUtils.java:848)
om3_1    | 2023-04-16 17:33:25,694 [main] INFO retry.RetryInvocationHandler: com.google.protobuf.ServiceException: java.net.ConnectException: Call From ef9697c9a823/10.9.0.13 to scm3:9863 failed on connection exception: java.net.ConnectException: Connection refused; For more details see:  http://wiki.apache.org/hadoop/ConnectionRefused, while invoking $Proxy31.send over nodeId=scm3,nodeAddress=scm3/10.9.0.16:9863 after 8 failover attempts. Trying to failover after sleeping for 2000ms.
om3_1    | 2023-04-16 17:33:27,695 [main] INFO retry.RetryInvocationHandler: com.google.protobuf.ServiceException: java.net.ConnectException: Call From ef9697c9a823/10.9.0.13 to scm1:9863 failed on connection exception: java.net.ConnectException: Connection refused; For more details see:  http://wiki.apache.org/hadoop/ConnectionRefused, while invoking $Proxy31.send over nodeId=scm1,nodeAddress=scm1/10.9.0.14:9863 after 9 failover attempts. Trying to failover after sleeping for 2000ms.
dn5_1    | 2023-04-16 17:33:16,923 [main] INFO grpc.GrpcConfigKeys: raft.grpc.client.host = null (fallback to raft.grpc.server.host)
recon_1  | 2023-04-16 17:33:22,282 [main] INFO http.BaseHttpServer: Hadoop Security Enabled: false Ozone Security Enabled: false Ozone HTTP Security Enabled: false 
s3g_1    | 2023-04-16 17:32:56,288 [main] INFO http.HttpRequestLog: Http request log for http.requests.s3gateway is not defined
dn1_1    | 2023-04-16 17:34:17,560 [pool-22-thread-1] INFO server.RaftServerConfigKeys: raft.server.log.preallocated.size = 16384 (custom)
dn1_1    | 2023-04-16 17:34:17,567 [pool-22-thread-1] INFO server.RaftServerConfigKeys: raft.server.log.force.sync.num = 128 (default)
scm1_1   | 2023-04-16 17:33:10,435 [main] INFO grpc.GrpcConfigKeys: raft.grpc.server.heartbeat.channel = true (default)
scm2_1   | ************************************************************/
om2_1    | 2023-04-16 17:33:56,273 [main] INFO codec.RepeatedOmKeyInfoCodec: RepeatedOmKeyInfoCodec ignorePipeline = true
dn2_1    | 	at org.apache.hadoop.ipc.Client.getRpcResponse(Client.java:1616)
dn2_1    | 	at org.apache.hadoop.ipc.Client.call(Client.java:1558)
om3_1    | 2023-04-16 17:33:29,696 [main] INFO retry.RetryInvocationHandler: com.google.protobuf.ServiceException: java.net.ConnectException: Call From ef9697c9a823/10.9.0.13 to scm2:9863 failed on connection exception: java.net.ConnectException: Connection refused; For more details see:  http://wiki.apache.org/hadoop/ConnectionRefused, while invoking $Proxy31.send over nodeId=scm2,nodeAddress=scm2/10.9.0.15:9863 after 10 failover attempts. Trying to failover after sleeping for 2000ms.
om3_1    | 2023-04-16 17:33:31,698 [main] INFO retry.RetryInvocationHandler: com.google.protobuf.ServiceException: java.net.ConnectException: Call From ef9697c9a823/10.9.0.13 to scm3:9863 failed on connection exception: java.net.ConnectException: Connection refused; For more details see:  http://wiki.apache.org/hadoop/ConnectionRefused, while invoking $Proxy31.send over nodeId=scm3,nodeAddress=scm3/10.9.0.16:9863 after 11 failover attempts. Trying to failover after sleeping for 2000ms.
dn5_1    | 2023-04-16 17:33:16,930 [main] INFO grpc.GrpcConfigKeys: raft.grpc.client.port = 9858 (custom)
recon_1  | 2023-04-16 17:33:22,357 [main] INFO util.log: Logging initialized @36996ms to org.eclipse.jetty.util.log.Slf4jLog
s3g_1    | 2023-04-16 17:32:56,347 [main] INFO http.HttpServer2: Added global filter 'safety' (class=org.apache.hadoop.hdds.server.http.HttpServer2$QuotingInputFilter)
dn1_1    | 2023-04-16 17:34:17,579 [pool-22-thread-1] INFO server.RaftServerConfigKeys: raft.server.log.statemachine.data.sync = true (default)
dn1_1    | 2023-04-16 17:34:17,581 [pool-22-thread-1] INFO server.RaftServerConfigKeys: raft.server.log.statemachine.data.sync.timeout = 10s (default)
scm1_1   | 2023-04-16 17:33:10,564 [main] INFO grpc.GrpcConfigKeys: raft.grpc.server.async.request.thread.pool.cached = true (default)
scm2_1   | 2023-04-16 17:33:28,175 [main] INFO server.StorageContainerManagerStarter: registered UNIX signal handlers for [TERM, HUP, INT]
om2_1    | 2023-04-16 17:33:56,771 [main] INFO om.OzoneManager: S3 Multi-Tenancy is disabled
dn2_1    | 	at org.apache.hadoop.ipc.Client.call(Client.java:1455)
dn2_1    | 	at org.apache.hadoop.ipc.ProtobufRpcEngine$Invoker.invoke(ProtobufRpcEngine.java:235)
om3_1    | 2023-04-16 17:33:33,699 [main] INFO retry.RetryInvocationHandler: com.google.protobuf.ServiceException: java.net.ConnectException: Call From ef9697c9a823/10.9.0.13 to scm1:9863 failed on connection exception: java.net.ConnectException: Connection refused; For more details see:  http://wiki.apache.org/hadoop/ConnectionRefused, while invoking $Proxy31.send over nodeId=scm1,nodeAddress=scm1/10.9.0.14:9863 after 12 failover attempts. Trying to failover after sleeping for 2000ms.
om3_1    | 2023-04-16 17:33:35,700 [main] INFO retry.RetryInvocationHandler: com.google.protobuf.ServiceException: java.net.ConnectException: Call From ef9697c9a823/10.9.0.13 to scm2:9863 failed on connection exception: java.net.ConnectException: Connection refused; For more details see:  http://wiki.apache.org/hadoop/ConnectionRefused, while invoking $Proxy31.send over nodeId=scm2,nodeAddress=scm2/10.9.0.15:9863 after 13 failover attempts. Trying to failover after sleeping for 2000ms.
dn5_1    | 2023-04-16 17:33:16,932 [main] INFO grpc.GrpcConfigKeys: raft.grpc.server.host = null (default)
recon_1  | 2023-04-16 17:33:23,298 [main] WARN server.AuthenticationFilter: Unable to initialize FileSignerSecretProvider, falling back to use random secrets. Reason: Could not read signature secret file: /opt/hadoop/hadoop-http-auth-signature-secret
s3g_1    | 2023-04-16 17:32:56,436 [main] INFO http.HttpServer2: Added filter static_user_filter (class=org.apache.hadoop.http.lib.StaticUserWebFilter$StaticUserFilter) to context s3gateway
dn1_1    | 2023-04-16 17:34:17,581 [pool-22-thread-1] INFO server.RaftServerConfigKeys: raft.server.log.statemachine.data.sync.timeout.retry = -1 (default)
dn1_1    | 2023-04-16 17:34:17,646 [pool-22-thread-1] INFO server.RaftServerConfigKeys: raft.server.log.write.buffer.size = 1048576 (custom)
scm1_1   | 2023-04-16 17:33:10,604 [main] INFO grpc.GrpcConfigKeys: raft.grpc.server.async.request.thread.pool.size = 32 (default)
scm2_1   | 2023-04-16 17:33:28,265 [main] WARN server.ServerUtils: ozone.scm.db.dirs is not configured. We recommend adding this setting. Falling back to ozone.metadata.dirs instead.
om2_1    | 2023-04-16 17:33:56,903 [main] INFO om.OzoneManager: Created Volume s3v With Owner hadoop required for S3Gateway operations.
dn2_1    | 	at org.apache.hadoop.ipc.ProtobufRpcEngine$Invoker.invoke(ProtobufRpcEngine.java:122)
dn2_1    | 	at com.sun.proxy.$Proxy38.submitRequest(Unknown Source)
om3_1    | 2023-04-16 17:33:37,702 [main] INFO retry.RetryInvocationHandler: com.google.protobuf.ServiceException: java.net.ConnectException: Call From ef9697c9a823/10.9.0.13 to scm3:9863 failed on connection exception: java.net.ConnectException: Connection refused; For more details see:  http://wiki.apache.org/hadoop/ConnectionRefused, while invoking $Proxy31.send over nodeId=scm3,nodeAddress=scm3/10.9.0.16:9863 after 14 failover attempts. Trying to failover after sleeping for 2000ms.
om3_1    | 2023-04-16 17:33:39,731 [main] INFO retry.RetryInvocationHandler: com.google.protobuf.ServiceException: org.apache.hadoop.ipc.RemoteException(org.apache.hadoop.hdds.ratis.ServerNotLeaderException): Server:c1077b7b-fcc4-46ac-9853-ea9c27ddf2dc is not the leader. Could not determine the leader node.
dn5_1    | 2023-04-16 17:33:16,938 [main] INFO grpc.GrpcConfigKeys: raft.grpc.server.port = 9856 (custom)
recon_1  | 2023-04-16 17:33:23,405 [main] WARN http.HttpRequestLog: Jetty request log can only be enabled using Log4j
s3g_1    | 2023-04-16 17:32:56,436 [main] INFO http.HttpServer2: Added filter static_user_filter (class=org.apache.hadoop.http.lib.StaticUserWebFilter$StaticUserFilter) to context logs
dn3_1    | 2023-04-16 17:33:04,962 [main] INFO volume.HddsVolume: Creating HddsVolume: /data/hdds/hdds of storage type : DISK capacity : 89297309696
dn3_1    | 2023-04-16 17:33:04,965 [main] INFO volume.MutableVolumeSet: Added Volume : /data/hdds/hdds to VolumeSet
scm1_1   | 2023-04-16 17:33:13,470 [main] INFO impl.DataStreamServerImpl: raft.datastream.type = DISABLED (default)
scm2_1   | 2023-04-16 17:33:28,336 [main] INFO ha.SCMHANodeDetails: ServiceID for StorageContainerManager is null
om2_1    | 2023-04-16 17:33:57,042 [main] WARN server.ServerUtils: Storage directory for Ratis is not configured. It is a good idea to map this to an SSD disk. Falling back to ozone.metadata.dirs
dn2_1    | 	at org.apache.hadoop.ozone.protocolPB.StorageContainerDatanodeProtocolClientSideTranslatorPB.submitRequest(StorageContainerDatanodeProtocolClientSideTranslatorPB.java:117)
dn2_1    | 	at org.apache.hadoop.ozone.protocolPB.StorageContainerDatanodeProtocolClientSideTranslatorPB.getVersion(StorageContainerDatanodeProtocolClientSideTranslatorPB.java:133)
om3_1    | 	at org.apache.hadoop.hdds.ratis.ServerNotLeaderException.convertToNotLeaderException(ServerNotLeaderException.java:109)
om3_1    | 	at org.apache.hadoop.hdds.scm.ha.RatisUtil.checkRatisException(RatisUtil.java:246)
dn5_1    | 2023-04-16 17:33:16,945 [main] INFO server.GrpcService: raft.grpc.message.size.max = 32MB (=33554432) (custom)
recon_1  | 2023-04-16 17:33:23,483 [main] INFO http.HttpServer2: Added global filter 'safety' (class=org.apache.hadoop.hdds.server.http.HttpServer2$QuotingInputFilter)
s3g_1    | 2023-04-16 17:32:56,436 [main] INFO http.HttpServer2: Added filter static_user_filter (class=org.apache.hadoop.http.lib.StaticUserWebFilter$StaticUserFilter) to context static
dn3_1    | 2023-04-16 17:33:04,976 [main] INFO volume.ThrottledAsyncChecker: Scheduling a check for /data/hdds/hdds
dn3_1    | 2023-04-16 17:33:05,110 [main] INFO volume.StorageVolumeChecker: Scheduled health check for volume /data/hdds/hdds
scm1_1   | 2023-04-16 17:33:13,537 [main] INFO server.RaftServerConfigKeys: raft.server.threadpool.proxy.cached = true (default)
scm2_1   | 2023-04-16 17:33:28,338 [main] INFO ha.SCMHANodeDetails: ozone.scm.default.service.id is not defined, falling back to ozone.scm.service.ids to find serviceID for StorageContainerManager if it is HA enabled cluster
om2_1    | 2023-04-16 17:33:57,058 [main] WARN utils.OzoneManagerRatisUtils: ozone.om.ratis.snapshot.dir is not configured. Falling back to ozone.metadata.dirs config
dn2_1    | 	at org.apache.hadoop.ozone.container.common.states.endpoint.VersionEndpointTask.call(VersionEndpointTask.java:69)
dn2_1    | 	at org.apache.hadoop.ozone.container.common.states.endpoint.VersionEndpointTask.call(VersionEndpointTask.java:40)
om3_1    | 	at org.apache.hadoop.hdds.scm.protocol.ScmBlockLocationProtocolServerSideTranslatorPB.send(ScmBlockLocationProtocolServerSideTranslatorPB.java:109)
om3_1    | 	at org.apache.hadoop.hdds.protocol.proto.ScmBlockLocationProtocolProtos$ScmBlockLocationProtocolService$2.callBlockingMethod(ScmBlockLocationProtocolProtos.java:14202)
dn5_1    | 2023-04-16 17:33:16,955 [main] INFO server.RaftServerConfigKeys: raft.server.log.appender.buffer.byte-limit = 33554432 (custom)
recon_1  | 2023-04-16 17:33:23,527 [main] INFO http.HttpServer2: Added filter static_user_filter (class=org.apache.hadoop.http.lib.StaticUserWebFilter$StaticUserFilter) to context recon
s3g_1    | 2023-04-16 17:32:57,045 [main] INFO s3.Gateway: STARTUP_MSG: 
dn3_1    | 2023-04-16 17:33:05,278 [main] WARN server.ServerUtils: Storage directory for Ratis is not configured. It is a good idea to map this to an SSD disk. Falling back to ozone.metadata.dirs
dn3_1    | 2023-04-16 17:33:05,280 [main] INFO fs.SaveSpaceUsageToFile: Cached usage info file /data/metadata/ratis/scmUsed not found
scm1_1   | 2023-04-16 17:33:13,549 [main] INFO server.RaftServerConfigKeys: raft.server.threadpool.proxy.size = 0 (default)
scm2_1   | 2023-04-16 17:33:28,420 [main] INFO ha.SCMHANodeDetails: Found matching SCM address with SCMServiceId: scmservice, SCMNodeId: scm2, RPC Address: scm2:9894 and Ratis port: 9894
om2_1    | 2023-04-16 17:33:57,105 [main] INFO snapshot.OzoneManagerSnapshotProvider: Initializing OM Snapshot Provider
dn2_1    | 	at java.base/java.util.concurrent.FutureTask.run(FutureTask.java:264)
dn2_1    | 	at java.base/java.util.concurrent.ThreadPoolExecutor.runWorker(ThreadPoolExecutor.java:1128)
om3_1    | 	at org.apache.hadoop.ipc.ProtobufRpcEngine$Server.processCall(ProtobufRpcEngine.java:465)
om3_1    | 	at org.apache.hadoop.ipc.ProtobufRpcEngine2$Server$ProtoBufRpcInvoker.call(ProtobufRpcEngine2.java:578)
dn5_1    | 2023-04-16 17:33:16,962 [main] INFO server.GrpcService: raft.grpc.flow.control.window = 5MB (=5242880) (custom)
recon_1  | 2023-04-16 17:33:23,527 [main] INFO http.HttpServer2: Added filter static_user_filter (class=org.apache.hadoop.http.lib.StaticUserWebFilter$StaticUserFilter) to context logs
recon_1  | 2023-04-16 17:33:23,528 [main] INFO http.HttpServer2: Added filter static_user_filter (class=org.apache.hadoop.http.lib.StaticUserWebFilter$StaticUserFilter) to context static
dn3_1    | 2023-04-16 17:33:05,280 [main] INFO volume.MutableVolumeSet: Added Volume : /data/metadata/ratis to VolumeSet
dn3_1    | 2023-04-16 17:33:05,280 [main] INFO volume.ThrottledAsyncChecker: Scheduling a check for /data/metadata/ratis
scm1_1   | 2023-04-16 17:33:13,555 [main] INFO server.RaftServerConfigKeys: raft.server.rpc.slowness.timeout = 120000ms (custom)
scm2_1   | 2023-04-16 17:33:28,420 [main] INFO ha.SCMHANodeDetails: Setting configuration key ozone.scm.address with value of key ozone.scm.address.scmservice.scm2: scm2
om2_1    | 2023-04-16 17:33:57,975 [main] INFO metrics.MetricRegistries: Loaded MetricRegistries class org.apache.ratis.metrics.impl.MetricRegistriesImpl
dn2_1    | 	at java.base/java.util.concurrent.ThreadPoolExecutor$Worker.run(ThreadPoolExecutor.java:628)
dn2_1    | 	at java.base/java.lang.Thread.run(Thread.java:829)
om3_1    | 	at org.apache.hadoop.ipc.ProtobufRpcEngine2$Server$ProtoBufRpcInvoker.call(ProtobufRpcEngine2.java:556)
om3_1    | 	at org.apache.hadoop.ipc.RPC$Server.call(RPC.java:1093)
dn5_1    | 2023-04-16 17:33:16,975 [main] INFO server.RaftServerConfigKeys: raft.server.rpc.request.timeout = 60s (custom)
recon_1  | 2023-04-16 17:33:24,800 [main] INFO tasks.ReconTaskControllerImpl: Registered task ContainerKeyMapperTask with controller.
s3g_1    | /************************************************************
dn1_1    | 2023-04-16 17:34:17,647 [pool-22-thread-1] INFO server.RaftServerConfigKeys: raft.server.log.unsafe-flush.enabled = false (default)
dn1_1    | 2023-04-16 17:34:17,654 [pool-22-thread-1] INFO server.RaftServerConfigKeys: raft.server.log.async-flush.enabled = false (default)
scm1_1   | 2023-04-16 17:33:13,580 [main] INFO server.RaftServerConfigKeys: raft.server.leaderelection.leader.step-down.wait-time = 10s (default)
scm2_1   | 2023-04-16 17:33:28,644 [main] INFO proxy.SCMBlockLocationFailoverProxyProvider: Created block location fail-over proxy with 2 nodes: [nodeId=scm1,nodeAddress=scm1/10.9.0.14:9863, nodeId=scm3,nodeAddress=scm3/10.9.0.16:9863]
om2_1    | 2023-04-16 17:33:58,022 [main] WARN server.ServerUtils: Storage directory for Ratis is not configured. It is a good idea to map this to an SSD disk. Falling back to ozone.metadata.dirs
dn2_1    | Caused by: java.net.SocketTimeoutException: 5000 millis timeout while waiting for channel to be ready for read. ch : java.nio.channels.SocketChannel[connected local=/10.9.0.18:44322 remote=scm1/10.9.0.14:9861]
dn2_1    | 	at org.apache.hadoop.net.SocketIOWithTimeout.doIO(SocketIOWithTimeout.java:163)
om3_1    | 	at org.apache.hadoop.ipc.Server$RpcCall.run(Server.java:1043)
om3_1    | 	at org.apache.hadoop.ipc.Server$RpcCall.run(Server.java:971)
dn5_1    | 2023-04-16 17:33:17,077 [main] INFO grpc.GrpcConfigKeys: raft.grpc.server.heartbeat.channel = true (default)
recon_1  | 2023-04-16 17:33:26,774 [main] INFO tasks.ReconTaskControllerImpl: Registered task FileSizeCountTask with controller.
s3g_1    | STARTUP_MSG: Starting Gateway
dn1_1    | 2023-04-16 17:34:17,666 [pool-22-thread-1] INFO server.RaftServerConfigKeys: raft.server.log.statemachine.data.caching.enabled = true (custom)
dn1_1    | 2023-04-16 17:34:17,708 [pool-22-thread-1] INFO segmented.SegmentedRaftLogWorker: 12999f78-207b-4d77-a48a-6d8c6e70030d@group-15458FEFD20F-SegmentedRaftLogWorker: flushIndex: setUnconditionally 0 -> -1
scm1_1   | 2023-04-16 17:33:13,646 [main] INFO server.RaftServerConfigKeys: raft.server.storage.dir = [/data/metadata/scm-ha] (custom)
scm2_1   | 2023-04-16 17:33:31,165 [main] INFO retry.RetryInvocationHandler: com.google.protobuf.ServiceException: java.net.ConnectException: Call From d06b87b85ddc/10.9.0.15 to scm3:9863 failed on connection exception: java.net.ConnectException: Connection refused; For more details see:  http://wiki.apache.org/hadoop/ConnectionRefused, while invoking $Proxy14.send over nodeId=scm3,nodeAddress=scm3/10.9.0.16:9863 after 1 failover attempts. Trying to failover after sleeping for 2000ms.
om2_1    | 2023-04-16 17:33:58,192 [main] INFO ratis.OzoneManagerRatisServer: Instantiating OM Ratis server with groupID: omservice and peers: om2:9872, om1:9872, om3:9872
dn2_1    | 	at org.apache.hadoop.net.SocketInputStream.read(SocketInputStream.java:161)
dn2_1    | 	at org.apache.hadoop.net.SocketInputStream.read(SocketInputStream.java:131)
om3_1    | 	at java.base/java.security.AccessController.doPrivileged(Native Method)
om3_1    | 	at java.base/javax.security.auth.Subject.doAs(Subject.java:423)
dn5_1    | 2023-04-16 17:33:17,153 [main] INFO grpc.GrpcConfigKeys: raft.grpc.server.async.request.thread.pool.cached = true (default)
recon_1  | 2023-04-16 17:33:26,878 [main] INFO tasks.ReconTaskControllerImpl: Registered task TableCountTask with controller.
s3g_1    | STARTUP_MSG:   host = 1bc77eb81939/10.9.0.23
dn1_1    | 2023-04-16 17:34:17,710 [pool-22-thread-1] INFO segmented.SegmentedRaftLogWorker: 12999f78-207b-4d77-a48a-6d8c6e70030d@group-15458FEFD20F-SegmentedRaftLogWorker: safeCacheEvictIndex: setUnconditionally 0 -> -1
dn1_1    | 2023-04-16 17:34:17,713 [pool-22-thread-1] INFO server.RaftServer$Division: 12999f78-207b-4d77-a48a-6d8c6e70030d@group-15458FEFD20F: start as a follower, conf=-1: peers:[12999f78-207b-4d77-a48a-6d8c6e70030d|rpc:10.9.0.17:9856|admin:10.9.0.17:9857|client:10.9.0.17:9858|priority:1|startupRole:FOLLOWER]|listeners:[], old=null
scm1_1   | 2023-04-16 17:33:13,887 [main] INFO server.RaftServer: c1077b7b-fcc4-46ac-9853-ea9c27ddf2dc: addNew group-5FA9A0EC55C5:[c1077b7b-fcc4-46ac-9853-ea9c27ddf2dc|rpc:scm1:9894|priority:0|startupRole:FOLLOWER] returns group-5FA9A0EC55C5:java.util.concurrent.CompletableFuture@7e242b4d[Not completed]
scm2_1   | 2023-04-16 17:33:33,169 [main] INFO retry.RetryInvocationHandler: com.google.protobuf.ServiceException: java.net.ConnectException: Call From d06b87b85ddc/10.9.0.15 to scm1:9863 failed on connection exception: java.net.ConnectException: Connection refused; For more details see:  http://wiki.apache.org/hadoop/ConnectionRefused, while invoking $Proxy14.send over nodeId=scm1,nodeAddress=scm1/10.9.0.14:9863 after 2 failover attempts. Trying to failover after sleeping for 2000ms.
om2_1    | 2023-04-16 17:33:58,261 [main] INFO ratis.OzoneManagerStateMachine: LastAppliedIndex is set from TransactionInfo from OM DB as (t:0, i:~)
dn2_1    | 	at java.base/java.io.FilterInputStream.read(FilterInputStream.java:133)
dn2_1    | 	at java.base/java.io.BufferedInputStream.fill(BufferedInputStream.java:252)
dn2_1    | 	at java.base/java.io.BufferedInputStream.read(BufferedInputStream.java:271)
dn4_1    | 2023-04-16 17:33:16,809 [main] INFO grpc.GrpcConfigKeys: raft.grpc.admin.host = null (fallback to raft.grpc.server.host)
dn5_1    | 2023-04-16 17:33:17,154 [main] INFO grpc.GrpcConfigKeys: raft.grpc.server.async.request.thread.pool.size = 32 (default)
recon_1  | 2023-04-16 17:33:26,914 [main] INFO tasks.ReconTaskControllerImpl: Registered task NSSummaryTask with controller.
s3g_1    | STARTUP_MSG:   args = []
dn1_1    | 2023-04-16 17:34:17,718 [pool-22-thread-1] INFO server.RaftServer$Division: 12999f78-207b-4d77-a48a-6d8c6e70030d@group-15458FEFD20F: changes role from      null to FOLLOWER at term 0 for startAsFollower
dn1_1    | 2023-04-16 17:34:17,720 [pool-22-thread-1] INFO impl.RoleInfo: 12999f78-207b-4d77-a48a-6d8c6e70030d: start 12999f78-207b-4d77-a48a-6d8c6e70030d@group-15458FEFD20F-FollowerState
scm1_1   | 2023-04-16 17:33:14,225 [pool-2-thread-1] INFO server.RaftServer$Division: c1077b7b-fcc4-46ac-9853-ea9c27ddf2dc: new RaftServerImpl for group-5FA9A0EC55C5:[c1077b7b-fcc4-46ac-9853-ea9c27ddf2dc|rpc:scm1:9894|priority:0|startupRole:FOLLOWER] with SCMStateMachine:uninitialized
scm2_1   | 2023-04-16 17:33:35,171 [main] INFO retry.RetryInvocationHandler: com.google.protobuf.ServiceException: java.net.ConnectException: Call From d06b87b85ddc/10.9.0.15 to scm3:9863 failed on connection exception: java.net.ConnectException: Connection refused; For more details see:  http://wiki.apache.org/hadoop/ConnectionRefused, while invoking $Proxy14.send over nodeId=scm3,nodeAddress=scm3/10.9.0.16:9863 after 3 failover attempts. Trying to failover after sleeping for 2000ms.
om2_1    | 2023-04-16 17:33:58,378 [main] INFO server.RaftServer: raft.rpc.type = GRPC (default)
dn2_1    | 	at java.base/java.io.FilterInputStream.read(FilterInputStream.java:83)
om3_1    | 	at org.apache.hadoop.security.UserGroupInformation.doAs(UserGroupInformation.java:1878)
scm3_1   | STARTUP_MSG:   host = 729eeb495253/10.9.0.16
dn4_1    | 2023-04-16 17:33:16,847 [main] INFO grpc.GrpcConfigKeys: raft.grpc.admin.port = 9857 (custom)
dn5_1    | 2023-04-16 17:33:19,345 [main] INFO impl.DataStreamServerImpl: raft.datastream.type = DISABLED (default)
recon_1  | 2023-04-16 17:33:27,020 [main] INFO ozone.OmUtils: ozone.om.internal.service.id is not defined, falling back to ozone.om.service.ids to find serviceID for OzoneManager if it is HA enabled cluster
s3g_1    | STARTUP_MSG:   version = 1.3.0
dn1_1    | 2023-04-16 17:34:17,739 [pool-22-thread-1] INFO util.JmxRegister: Successfully registered JMX Bean with object name Ratis:service=RaftServer,group=group-15458FEFD20F,id=12999f78-207b-4d77-a48a-6d8c6e70030d
dn1_1    | 2023-04-16 17:34:17,744 [pool-22-thread-1] INFO server.RaftServerConfigKeys: raft.server.snapshot.auto.trigger.enabled = true (custom)
scm1_1   | 2023-04-16 17:33:14,247 [pool-2-thread-1] INFO server.RaftServerConfigKeys: raft.server.rpc.timeout.min = 5000ms (custom)
scm1_1   | 2023-04-16 17:33:14,259 [pool-2-thread-1] INFO server.RaftServerConfigKeys: raft.server.rpc.timeout.max = 5200ms (custom)
scm1_1   | 2023-04-16 17:33:14,259 [pool-2-thread-1] INFO server.RaftServerConfigKeys: raft.server.rpc.sleep.time = 25ms (default)
dn2_1    | 	at java.base/java.io.FilterInputStream.read(FilterInputStream.java:83)
dn2_1    | 	at org.apache.hadoop.ipc.Client$Connection$PingInputStream.read(Client.java:563)
dn4_1    | 2023-04-16 17:33:16,848 [main] INFO grpc.GrpcConfigKeys: raft.grpc.client.host = null (fallback to raft.grpc.server.host)
dn5_1    | 2023-04-16 17:33:19,358 [main] INFO server.RaftServerConfigKeys: raft.server.threadpool.proxy.cached = true (default)
recon_1  | 2023-04-16 17:33:27,037 [main] INFO ozone.OmUtils: Using OzoneManager ServiceID 'omservice'.
dn1_1    | 2023-04-16 17:34:17,755 [pool-22-thread-1] INFO server.RaftServerConfigKeys: raft.server.snapshot.auto.trigger.threshold = 10000 (custom)
dn1_1    | 2023-04-16 17:34:17,758 [pool-22-thread-1] INFO server.RaftServerConfigKeys: raft.server.snapshot.retention.file.num = 5 (custom)
scm1_1   | 2023-04-16 17:33:14,278 [pool-2-thread-1] INFO server.RaftServerConfigKeys: raft.server.rpc.slowness.timeout = 120000ms (custom)
scm1_1   | 2023-04-16 17:33:14,287 [pool-2-thread-1] INFO server.RaftServerConfigKeys: raft.server.leaderelection.leader.step-down.wait-time = 10s (default)
scm1_1   | 2023-04-16 17:33:14,287 [pool-2-thread-1] INFO server.RaftServerConfigKeys: raft.server.sleep.deviation.threshold = 300ms (default)
scm2_1   | 2023-04-16 17:33:37,354 [main] INFO retry.RetryInvocationHandler: com.google.protobuf.ServiceException: org.apache.hadoop.ipc.RemoteException(org.apache.hadoop.hdds.ratis.ServerNotLeaderException): Server:c1077b7b-fcc4-46ac-9853-ea9c27ddf2dc is not the leader. Could not determine the leader node.
om1_1    | STARTUP_MSG:   host = 0a57e73ac957/10.9.0.11
om1_1    | STARTUP_MSG:   args = [--]
dn2_1    | 	at java.base/java.io.DataInputStream.readInt(DataInputStream.java:392)
dn2_1    | 	at org.apache.hadoop.ipc.Client$IpcStreams.readResponse(Client.java:1922)
dn4_1    | 2023-04-16 17:33:16,848 [main] INFO grpc.GrpcConfigKeys: raft.grpc.client.port = 9858 (custom)
dn5_1    | 2023-04-16 17:33:19,358 [main] INFO server.RaftServerConfigKeys: raft.server.threadpool.proxy.size = 0 (default)
recon_1  | 2023-04-16 17:33:28,531 [main] WARN recon.ReconUtils: ozone.recon.om.db.dir is not configured. We recommend adding this setting. Falling back to ozone.metadata.dirs instead.
recon_1  | 2023-04-16 17:33:28,992 [main] WARN recon.ReconUtils: ozone.recon.scm.db.dirs is not configured. We recommend adding this setting. Falling back to ozone.metadata.dirs instead.
recon_1  | 2023-04-16 17:33:29,092 [main] INFO net.NodeSchemaLoader: Loading schema from [file:/etc/hadoop/network-topology-default.xml, jar:file:/opt/hadoop/share/ozone/lib/hdds-common-1.3.0.jar!/network-topology-default.xml]
scm1_1   | 2023-04-16 17:33:14,392 [pool-2-thread-1] INFO server.RaftServer$Division: c1077b7b-fcc4-46ac-9853-ea9c27ddf2dc@group-5FA9A0EC55C5: ConfigurationManager, init=-1: peers:[c1077b7b-fcc4-46ac-9853-ea9c27ddf2dc|rpc:scm1:9894|priority:0|startupRole:FOLLOWER]|listeners:[], old=null, confs=<EMPTY_MAP>
scm1_1   | 2023-04-16 17:33:14,402 [pool-2-thread-1] INFO server.RaftServerConfigKeys: raft.server.storage.dir = [/data/metadata/scm-ha] (custom)
scm1_1   | 2023-04-16 17:33:14,484 [pool-2-thread-1] INFO server.RaftServerConfigKeys: raft.server.log.corruption.policy = EXCEPTION (default)
scm2_1   | 	at org.apache.hadoop.hdds.ratis.ServerNotLeaderException.convertToNotLeaderException(ServerNotLeaderException.java:109)
om1_1    | STARTUP_MSG:   version = 1.3.0
