dn4_1    | 2023-04-16 17:33:30,845 [EndpointStateMachine task thread for scm3/10.9.0.16:9861 - 0 ] INFO ipc.Client: Retrying connect to server: scm3/10.9.0.16:9861. Already tried 1 time(s); retry policy is RetryUpToMaximumCountWithFixedSleep(maxRetries=15, sleepTime=1000 MILLISECONDS)
dn4_1    | 2023-04-16 17:33:30,864 [EndpointStateMachine task thread for scm2/10.9.0.15:9861 - 0 ] INFO ipc.Client: Retrying connect to server: scm2/10.9.0.15:9861. Already tried 1 time(s); retry policy is RetryUpToMaximumCountWithFixedSleep(maxRetries=15, sleepTime=1000 MILLISECONDS)
om2_1    | 2023-04-16 17:34:03,111 [main] INFO ipc.CallQueueManager: Using callQueue: class java.util.concurrent.LinkedBlockingQueue, queueCapacity: 10000, scheduler: class org.apache.hadoop.ipc.DefaultRpcScheduler, ipcBackoff: false.
om2_1    | 2023-04-16 17:34:03,145 [Socket Reader #1 for port 9862] INFO ipc.Server: Starting Socket Reader #1 for port 9862
om3_1    | 2023-04-16 17:33:57,416 [main] INFO ha.OMHANodeDetails: Setting configuration key ozone.om.address with value of key ozone.om.address.omservice.om3: om3
dn3_1    | 2023-04-16 17:33:25,363 [main] INFO http.BaseHttpServer: HTTP server of hddsDatanode listening at http://0.0.0.0:9882
dn5_1    | 2023-04-16 17:33:26,310 [main] INFO impl.MetricsSinkAdapter: Sink prometheus started
dn5_1    | 2023-04-16 17:33:26,311 [main] INFO impl.MetricsSystemImpl: Registered sink prometheus
om1_1    | 2023-04-16 17:33:59,098 [main] INFO grpc.GrpcConfigKeys: raft.grpc.server.heartbeat.channel = true (default)
recon_1  | 	at java.base/java.security.AccessController.doPrivileged(Native Method)
dn4_1    | 2023-04-16 17:33:30,874 [EndpointStateMachine task thread for scm1/10.9.0.14:9861 - 0 ] INFO ipc.Client: Retrying connect to server: scm1/10.9.0.14:9861. Already tried 1 time(s); retry policy is RetryUpToMaximumCountWithFixedSleep(maxRetries=15, sleepTime=1000 MILLISECONDS)
dn4_1    | 2023-04-16 17:33:30,878 [EndpointStateMachine task thread for recon/10.9.0.22:9891 - 0 ] INFO ipc.Client: Retrying connect to server: recon/10.9.0.22:9891. Already tried 1 time(s); retry policy is RetryUpToMaximumCountWithFixedSleep(maxRetries=15, sleepTime=1000 MILLISECONDS)
dn4_1    | 2023-04-16 17:33:31,846 [EndpointStateMachine task thread for scm3/10.9.0.16:9861 - 0 ] INFO ipc.Client: Retrying connect to server: scm3/10.9.0.16:9861. Already tried 2 time(s); retry policy is RetryUpToMaximumCountWithFixedSleep(maxRetries=15, sleepTime=1000 MILLISECONDS)
s3g_1    | WARNING: An illegal reflective access operation has occurred
om3_1    | 2023-04-16 17:33:57,419 [main] WARN server.ServerUtils: ozone.om.db.dirs is not configured. We recommend adding this setting. Falling back to ozone.metadata.dirs instead.
dn1_1    | 2023-04-16 17:34:22,828 [12999f78-207b-4d77-a48a-6d8c6e70030d@group-15458FEFD20F-FollowerState] INFO server.RaftServer$Division: 12999f78-207b-4d77-a48a-6d8c6e70030d@group-15458FEFD20F: changes role from  FOLLOWER to CANDIDATE at term 0 for changeToCandidate
scm3_1   | 2023-04-16 17:34:19,070 [main] INFO server.RaftServer: raft.rpc.type = GRPC (default)
scm3_1   | 2023-04-16 17:34:19,496 [main] INFO grpc.GrpcConfigKeys: raft.grpc.admin.host = null (fallback to raft.grpc.server.host)
dn3_1    | 2023-04-16 17:33:25,395 [Datanode State Machine Daemon Thread] INFO statemachine.DatanodeStateMachine: Ozone container server started.
om1_1    | 2023-04-16 17:33:59,104 [main] INFO grpc.GrpcConfigKeys: raft.grpc.server.async.request.thread.pool.cached = true (default)
recon_1  | 	at java.base/javax.security.auth.Subject.doAs(Subject.java:423)
dn4_1    | 2023-04-16 17:33:31,864 [EndpointStateMachine task thread for scm2/10.9.0.15:9861 - 0 ] INFO ipc.Client: Retrying connect to server: scm2/10.9.0.15:9861. Already tried 2 time(s); retry policy is RetryUpToMaximumCountWithFixedSleep(maxRetries=15, sleepTime=1000 MILLISECONDS)
om2_1    | 2023-04-16 17:34:03,840 [Listener at om2/9862] INFO impl.MetricsConfig: Loaded properties from hadoop-metrics2.properties
scm2_1   | STARTUP_MSG:   classpath = /etc/hadoop:/opt/hadoop/share/ozone/lib/kerb-simplekdc-1.0.1.jar:/opt/hadoop/share/ozone/lib/slf4j-reload4j-1.7.36.jar:/opt/hadoop/share/ozone/lib/protobuf-java-2.5.0.jar:/opt/hadoop/share/ozone/lib/jaxb-core-2.3.0.1.jar:/opt/hadoop/share/ozone/lib/istack-commons-runtime-3.0.5.jar:/opt/hadoop/share/ozone/lib/netty-handler-4.1.79.Final.jar:/opt/hadoop/share/ozone/lib/commons-validator-1.6.jar:/opt/hadoop/share/ozone/lib/bcpkix-jdk15on-1.67.jar:/opt/hadoop/share/ozone/lib/kerb-core-1.0.1.jar:/opt/hadoop/share/ozone/lib/hadoop-shaded-protobuf_3_7-1.1.1.jar:/opt/hadoop/share/ozone/lib/netty-common-4.1.79.Final.jar:/opt/hadoop/share/ozone/lib/ratis-thirdparty-misc-1.0.2.jar:/opt/hadoop/share/ozone/lib/jsr305-3.0.0.jar:/opt/hadoop/share/ozone/lib/j2objc-annotations-1.3.jar:/opt/hadoop/share/ozone/lib/jetty-webapp-9.4.49.v20220914.jar:/opt/hadoop/share/ozone/lib/picocli-4.6.1.jar:/opt/hadoop/share/ozone/lib/javassist-3.21.0-GA.jar:/opt/hadoop/share/ozone/lib/jaxb-api-2.3.0.jar:/opt/hadoop/share/ozone/lib/kerb-util-1.0.1.jar:/opt/hadoop/share/ozone/lib/ratis-common-2.4.0.jar:/opt/hadoop/share/ozone/lib/hadoop-shaded-guava-1.1.1.jar:/opt/hadoop/share/ozone/lib/kotlin-stdlib-1.6.21.jar:/opt/hadoop/share/ozone/lib/hdds-annotation-processing-1.3.0.jar:/opt/hadoop/share/ozone/lib/log4j-core-2.17.1.jar:/opt/hadoop/share/ozone/lib/commons-logging-1.2.jar:/opt/hadoop/share/ozone/lib/jetty-security-9.4.49.v20220914.jar:/opt/hadoop/share/ozone/lib/accessors-smart-2.4.7.jar:/opt/hadoop/share/ozone/lib/kerby-xdr-1.0.1.jar:/opt/hadoop/share/ozone/lib/ratis-metrics-2.4.0.jar:/opt/hadoop/share/ozone/lib/txw2-2.3.0.1.jar:/opt/hadoop/share/ozone/lib/ratis-grpc-2.4.0.jar:/opt/hadoop/share/ozone/lib/httpcore-4.4.13.jar:/opt/hadoop/share/ozone/lib/hdds-common-1.3.0.jar:/opt/hadoop/share/ozone/lib/guava-31.1-jre.jar:/opt/hadoop/share/ozone/lib/opentracing-tracerresolver-0.1.8.jar:/opt/hadoop/share/ozone/lib/commons-net-3.6.jar:/opt/hadoop/share/ozone/lib/netty-transport-4.1.79.Final.jar:/opt/hadoop/share/ozone/lib/hadoop-auth-3.3.4.jar:/opt/hadoop/share/ozone/lib/libthrift-0.14.1.jar:/opt/hadoop/share/ozone/lib/stax-ex-1.7.8.jar:/opt/hadoop/share/ozone/lib/error_prone_annotations-2.2.0.jar:/opt/hadoop/share/ozone/lib/kotlin-stdlib-common-1.4.10.jar:/opt/hadoop/share/ozone/lib/httpclient-4.5.13.jar:/opt/hadoop/share/ozone/lib/jaeger-client-1.6.0.jar:/opt/hadoop/share/ozone/lib/kerby-config-1.0.1.jar:/opt/hadoop/share/ozone/lib/hdds-client-1.3.0.jar:/opt/hadoop/share/ozone/lib/jackson-annotations-2.13.4.jar:/opt/hadoop/share/ozone/lib/commons-io-2.11.0.jar:/opt/hadoop/share/ozone/lib/metrics-core-3.2.4.jar:/opt/hadoop/share/ozone/lib/hadoop-annotations-3.3.4.jar:/opt/hadoop/share/ozone/lib/kerby-pkix-1.0.1.jar:/opt/hadoop/share/ozone/lib/jetty-util-9.4.49.v20220914.jar:/opt/hadoop/share/ozone/lib/hdds-hadoop-dependency-client-1.3.0.jar:/opt/hadoop/share/ozone/lib/ratis-proto-2.4.0.jar:/opt/hadoop/share/ozone/lib/json-smart-2.4.7.jar:/opt/hadoop/share/ozone/lib/snakeyaml-1.32.jar:/opt/hadoop/share/ozone/lib/jetty-io-9.4.49.v20220914.jar:/opt/hadoop/share/ozone/lib/jsr311-api-1.1.1.jar:/opt/hadoop/share/ozone/lib/jetty-server-9.4.49.v20220914.jar:/opt/hadoop/share/ozone/lib/commons-beanutils-1.9.4.jar:/opt/hadoop/share/ozone/lib/javax.servlet-api-3.1.0.jar:/opt/hadoop/share/ozone/lib/kerb-server-1.0.1.jar:/opt/hadoop/share/ozone/lib/rocksdbjni-7.4.5.jar:/opt/hadoop/share/ozone/lib/kerb-client-1.0.1.jar:/opt/hadoop/share/ozone/lib/jetty-xml-9.4.49.v20220914.jar:/opt/hadoop/share/ozone/lib/hadoop-common-3.3.4.jar:/opt/hadoop/share/ozone/lib/disruptor-3.4.2.jar:/opt/hadoop/share/ozone/lib/reflections-0.9.11.jar:/opt/hadoop/share/ozone/lib/gson-2.9.0.jar:/opt/hadoop/share/ozone/lib/annotations-13.0.jar:/opt/hadoop/share/ozone/lib/simpleclient_common-0.7.0.jar:/opt/hadoop/share/ozone/lib/jaeger-thrift-1.6.0.jar:/opt/hadoop/share/ozone/lib/dnsjava-2.1.7.jar:/opt/hadoop/share/ozone/lib/bcprov-jdk15on-1.67.jar:/opt/hadoop/share/ozone/lib/commons-configuration2-2.1.1.jar:/opt/hadoop/share/ozone/lib/token-provider-1.0.1.jar:/opt/hadoop/share/ozone/lib/commons-daemon-1.0.13.jar:/opt/hadoop/share/ozone/lib/listenablefuture-9999.0-empty-to-avoid-conflict-with-guava.jar:/opt/hadoop/share/ozone/lib/netty-buffer-4.1.79.Final.jar:/opt/hadoop/share/ozone/lib/jaeger-tracerresolver-1.6.0.jar:/opt/hadoop/share/ozone/lib/hdds-container-service-1.3.0.jar:/opt/hadoop/share/ozone/lib/slf4j-api-1.7.36.jar:/opt/hadoop/share/ozone/lib/commons-lang3-3.7.jar:/opt/hadoop/share/ozone/lib/re2j-1.1.jar:/opt/hadoop/share/ozone/lib/jackson-datatype-jsr310-2.13.4.jar:/opt/hadoop/share/ozone/lib/simpleclient_dropwizard-0.7.0.jar:/opt/hadoop/share/ozone/lib/simpleclient-0.7.0.jar:/opt/hadoop/share/ozone/lib/asm-5.0.4.jar:/opt/hadoop/share/ozone/lib/kerby-util-1.0.1.jar:/opt/hadoop/share/ozone/lib/netty-codec-4.1.79.Final.jar:/opt/hadoop/share/ozone/lib/hdds-interface-server-1.3.0.jar:/opt/hadoop/share/ozone/lib/failureaccess-1.0.1.jar:/opt/hadoop/share/ozone/lib/ratis-server-2.4.0.jar:/opt/hadoop/share/ozone/lib/jackson-databind-2.13.4.2.jar:/opt/hadoop/share/ozone/lib/ratis-server-api-2.4.0.jar:/opt/hadoop/share/ozone/lib/okio-2.8.0.jar:/opt/hadoop/share/ozone/lib/jetty-servlet-9.4.49.v20220914.jar:/opt/hadoop/share/ozone/lib/hdds-server-framework-1.3.0.jar:/opt/hadoop/share/ozone/lib/jsp-api-2.1.jar:/opt/hadoop/share/ozone/lib/jsch-0.1.54.jar:/opt/hadoop/share/ozone/lib/jakarta.activation-api-1.2.1.jar:/opt/hadoop/share/ozone/lib/reload4j-1.2.22.jar:/opt/hadoop/share/ozone/lib/nimbus-jose-jwt-7.9.jar:/opt/hadoop/share/ozone/lib/woodstox-core-5.4.0.jar:/opt/hadoop/share/ozone/lib/commons-codec-1.11.jar:/opt/hadoop/share/ozone/lib/hdds-hadoop-dependency-server-1.3.0.jar:/opt/hadoop/share/ozone/lib/commons-pool2-2.6.0.jar:/opt/hadoop/share/ozone/lib/netty-resolver-4.1.79.Final.jar:/opt/hadoop/share/ozone/lib/hdds-erasurecode-1.3.0.jar:/opt/hadoop/share/ozone/lib/opentracing-api-0.33.0.jar:/opt/hadoop/share/ozone/lib/jcip-annotations-1.0-1.jar:/opt/hadoop/share/ozone/lib/kerb-admin-1.0.1.jar:/opt/hadoop/share/ozone/lib/jetty-util-ajax-9.4.49.v20220914.jar:/opt/hadoop/share/ozone/lib/opentracing-noop-0.33.0.jar:/opt/hadoop/share/ozone/lib/netty-transport-native-unix-common-4.1.79.Final.jar:/opt/hadoop/share/ozone/lib/hadoop-hdfs-client-3.3.4.jar:/opt/hadoop/share/ozone/lib/jersey-core-1.19.jar:/opt/hadoop/share/ozone/lib/commons-compress-1.21.jar:/opt/hadoop/share/ozone/lib/jaxb-runtime-2.3.0.1.jar:/opt/hadoop/share/ozone/lib/hadoop-hdfs-3.3.4.jar:/opt/hadoop/share/ozone/lib/jackson-core-2.13.4.jar:/opt/hadoop/share/ozone/lib/opentracing-util-0.33.0.jar:/opt/hadoop/share/ozone/lib/ratis-client-2.4.0.jar:/opt/hadoop/share/ozone/lib/hdds-interface-client-1.3.0.jar:/opt/hadoop/share/ozone/lib/snappy-java-1.1.8.2.jar:/opt/hadoop/share/ozone/lib/commons-cli-1.2.jar:/opt/hadoop/share/ozone/lib/log4j-api-2.17.1.jar:/opt/hadoop/share/ozone/lib/javax.annotation-api-1.2.jar:/opt/hadoop/share/ozone/lib/kerby-asn1-1.0.1.jar:/opt/hadoop/share/ozone/lib/okhttp-4.9.3.jar:/opt/hadoop/share/ozone/lib/checker-qual-3.12.0.jar:/opt/hadoop/share/ozone/lib/hdds-config-1.3.0.jar:/opt/hadoop/share/ozone/lib/stax2-api-3.1.4.jar:/opt/hadoop/share/ozone/lib/commons-digester-1.8.1.jar:/opt/hadoop/share/ozone/lib/commons-collections-3.2.2.jar:/opt/hadoop/share/ozone/lib/jaeger-core-1.6.0.jar:/opt/hadoop/share/ozone/lib/commons-text-1.4.jar:/opt/hadoop/share/ozone/lib/jersey-servlet-1.19.jar:/opt/hadoop/share/ozone/lib/jetty-http-9.4.49.v20220914.jar:/opt/hadoop/share/ozone/lib/kerb-identity-1.0.1.jar:/opt/hadoop/share/ozone/lib/ratis-netty-2.4.0.jar:/opt/hadoop/share/ozone/lib/FastInfoset-1.2.13.jar:/opt/hadoop/share/ozone/lib/hdds-interface-admin-1.3.0.jar:/opt/hadoop/share/ozone/lib/kerb-common-1.0.1.jar:/opt/hadoop/share/ozone/lib/jersey-server-1.19.jar:/opt/hadoop/share/ozone/lib/kerb-crypto-1.0.1.jar:/opt/hadoop/share/ozone/web:/opt/hadoop/share/ozone/lib/hdds-server-scm-1.3.0.jar
s3g_1    | WARNING: Illegal reflective access by org.jboss.weld.util.reflection.Formats (file:/opt/hadoop/share/ozone/lib/weld-servlet-2.4.7.Final.jar) to constructor com.sun.org.apache.bcel.internal.classfile.ClassParser(java.io.InputStream,java.lang.String)
dn1_1    | 2023-04-16 17:34:22,832 [12999f78-207b-4d77-a48a-6d8c6e70030d@group-15458FEFD20F-FollowerState] INFO server.RaftServerConfigKeys: raft.server.leaderelection.pre-vote = false (custom)
dn1_1    | 2023-04-16 17:34:22,832 [12999f78-207b-4d77-a48a-6d8c6e70030d@group-15458FEFD20F-FollowerState] INFO impl.RoleInfo: 12999f78-207b-4d77-a48a-6d8c6e70030d: start 12999f78-207b-4d77-a48a-6d8c6e70030d@group-15458FEFD20F-LeaderElection1
scm3_1   | 2023-04-16 17:34:19,518 [main] INFO grpc.GrpcConfigKeys: raft.grpc.admin.port = 9894 (fallback to raft.grpc.server.port)
scm3_1   | 2023-04-16 17:34:19,520 [main] INFO grpc.GrpcConfigKeys: raft.grpc.client.host = null (fallback to raft.grpc.server.host)
dn3_1    | 2023-04-16 17:33:25,552 [org.apache.hadoop.util.JvmPauseMonitor$Monitor@74c9076a] INFO util.JvmPauseMonitor: Starting JVM pause monitor
om1_1    | 2023-04-16 17:33:59,112 [main] INFO grpc.GrpcConfigKeys: raft.grpc.server.async.request.thread.pool.size = 32 (default)
recon_1  | 	at org.apache.hadoop.security.UserGroupInformation.doAs(UserGroupInformation.java:1878)
recon_1  | 	at org.apache.hadoop.ipc.Server$Handler.run(Server.java:2976)
recon_1  | , while invoking $Proxy43.submitRequest over nodeId=scm1,nodeAddress=scm1/10.9.0.14:9860 after 3 failover attempts. Trying to failover after sleeping for 2000ms.
recon_1  | 2023-04-16 17:33:41,611 [Listener at 0.0.0.0/9891] INFO retry.RetryInvocationHandler: com.google.protobuf.ServiceException: java.net.ConnectException: Call From d19225aee896/10.9.0.22 to scm2:9860 failed on connection exception: java.net.ConnectException: Connection refused; For more details see:  http://wiki.apache.org/hadoop/ConnectionRefused, while invoking $Proxy43.submitRequest over nodeId=scm2,nodeAddress=scm2/10.9.0.15:9860 after 4 failover attempts. Trying to failover after sleeping for 2000ms.
s3g_1    | WARNING: Please consider reporting this to the maintainers of org.jboss.weld.util.reflection.Formats
dn1_1    | 2023-04-16 17:34:22,840 [12999f78-207b-4d77-a48a-6d8c6e70030d@group-15458FEFD20F-LeaderElection1] INFO impl.LeaderElection: 12999f78-207b-4d77-a48a-6d8c6e70030d@group-15458FEFD20F-LeaderElection1 ELECTION round 0: submit vote requests at term 1 for -1: peers:[12999f78-207b-4d77-a48a-6d8c6e70030d|rpc:10.9.0.17:9856|admin:10.9.0.17:9857|client:10.9.0.17:9858|priority:1|startupRole:FOLLOWER]|listeners:[], old=null
dn1_1    | 2023-04-16 17:34:22,841 [12999f78-207b-4d77-a48a-6d8c6e70030d@group-15458FEFD20F-LeaderElection1] INFO impl.LeaderElection: 12999f78-207b-4d77-a48a-6d8c6e70030d@group-15458FEFD20F-LeaderElection1 ELECTION round 0: result PASSED (term=1)
scm3_1   | 2023-04-16 17:34:19,525 [main] INFO grpc.GrpcConfigKeys: raft.grpc.client.port = 9894 (fallback to raft.grpc.server.port)
scm3_1   | 2023-04-16 17:34:19,529 [main] INFO grpc.GrpcConfigKeys: raft.grpc.server.host = null (default)
dn3_1    | 2023-04-16 17:33:26,329 [Datanode State Machine Task Thread - 0] INFO statemachine.SCMConnectionManager: Adding Recon Server : recon/10.9.0.22:9891
om1_1    | 2023-04-16 17:33:59,936 [main] INFO impl.DataStreamServerImpl: raft.datastream.type = DISABLED (default)
recon_1  | 2023-04-16 17:33:43,614 [Listener at 0.0.0.0/9891] INFO retry.RetryInvocationHandler: com.google.protobuf.ServiceException: java.net.ConnectException: Call From d19225aee896/10.9.0.22 to scm3:9860 failed on connection exception: java.net.ConnectException: Connection refused; For more details see:  http://wiki.apache.org/hadoop/ConnectionRefused, while invoking $Proxy43.submitRequest over nodeId=scm3,nodeAddress=scm3/10.9.0.16:9860 after 5 failover attempts. Trying to failover after sleeping for 2000ms.
om2_1    | 2023-04-16 17:34:03,892 [Listener at om2/9862] INFO impl.MetricsSystemImpl: Scheduled Metric snapshot period at 10 second(s).
om2_1    | 2023-04-16 17:34:03,892 [Listener at om2/9862] INFO impl.MetricsSystemImpl: OzoneManager metrics system started
om2_1    | 2023-04-16 17:34:04,127 [Listener at om2/9862] INFO om.OzoneManager: OzoneManager RPC server is listening at om2/10.9.0.12:9862
s3g_1    | WARNING: Use --illegal-access=warn to enable warnings of further illegal reflective access operations
dn1_1    | 2023-04-16 17:34:22,842 [12999f78-207b-4d77-a48a-6d8c6e70030d@group-15458FEFD20F-LeaderElection1] INFO impl.RoleInfo: 12999f78-207b-4d77-a48a-6d8c6e70030d: shutdown 12999f78-207b-4d77-a48a-6d8c6e70030d@group-15458FEFD20F-LeaderElection1
dn1_1    | 2023-04-16 17:34:22,842 [12999f78-207b-4d77-a48a-6d8c6e70030d@group-15458FEFD20F-LeaderElection1] INFO server.RaftServer$Division: 12999f78-207b-4d77-a48a-6d8c6e70030d@group-15458FEFD20F: changes role from CANDIDATE to LEADER at term 1 for changeToLeader
scm3_1   | 2023-04-16 17:34:19,531 [main] INFO grpc.GrpcConfigKeys: raft.grpc.server.port = 9894 (custom)
scm3_1   | 2023-04-16 17:34:19,533 [main] INFO server.GrpcService: raft.grpc.message.size.max = 32m (=33554432) (custom)
dn3_1    | 2023-04-16 17:33:26,775 [Datanode State Machine Task Thread - 0] INFO datanode.InitDatanodeState: DatanodeDetails is persisted to /data/datanode.id
om1_1    | 2023-04-16 17:33:59,947 [main] INFO server.RaftServerConfigKeys: raft.server.threadpool.proxy.cached = true (default)
recon_1  | 2023-04-16 17:33:46,406 [Listener at 0.0.0.0/9891] INFO scm.ReconStorageContainerManagerFacade: Obtained 7 pipelines from SCM.
om2_1    | 2023-04-16 17:34:04,128 [Listener at om2/9862] INFO ratis.OzoneManagerRatisServer: Starting OzoneManagerRatisServer om2 at port 9872
om2_1    | 2023-04-16 17:34:04,129 [om2-impl-thread1] INFO storage.RaftStorageDirectory: The storage directory /data/metadata/ratis/5cb24680-b9e7-3c90-a862-d66704efc61c does not exist. Creating ...
om2_1    | 2023-04-16 17:34:04,146 [om2-impl-thread1] INFO storage.RaftStorageDirectory: Lock on /data/metadata/ratis/5cb24680-b9e7-3c90-a862-d66704efc61c/in_use.lock acquired by nodename 7@7bf98ca1aca4
s3g_1    | WARNING: All illegal access operations will be denied in a future release
dn1_1    | 2023-04-16 17:34:22,842 [12999f78-207b-4d77-a48a-6d8c6e70030d@group-15458FEFD20F-LeaderElection1] INFO ratis.XceiverServerRatis: Leader change notification received for group: group-15458FEFD20F with new leaderId: 12999f78-207b-4d77-a48a-6d8c6e70030d
dn1_1    | 2023-04-16 17:34:22,847 [12999f78-207b-4d77-a48a-6d8c6e70030d@group-15458FEFD20F-LeaderElection1] INFO server.RaftServer$Division: 12999f78-207b-4d77-a48a-6d8c6e70030d@group-15458FEFD20F: change Leader from null to 12999f78-207b-4d77-a48a-6d8c6e70030d at term 1 for becomeLeader, leader elected after 6051ms
dn1_1    | 2023-04-16 17:34:22,883 [12999f78-207b-4d77-a48a-6d8c6e70030d@group-15458FEFD20F-LeaderElection1] INFO server.RaftServerConfigKeys: raft.server.staging.catchup.gap = 1000 (default)
dn2_1    | 	at java.base/jdk.internal.reflect.DelegatingConstructorAccessorImpl.newInstance(DelegatingConstructorAccessorImpl.java:45)
dn3_1    | 2023-04-16 17:33:29,004 [EndpointStateMachine task thread for scm2/10.9.0.15:9861 - 0 ] INFO ipc.Client: Retrying connect to server: scm2/10.9.0.15:9861. Already tried 0 time(s); retry policy is RetryUpToMaximumCountWithFixedSleep(maxRetries=15, sleepTime=1000 MILLISECONDS)
om1_1    | 2023-04-16 17:33:59,948 [main] INFO server.RaftServerConfigKeys: raft.server.threadpool.proxy.size = 0 (default)
recon_1  | 2023-04-16 17:33:46,406 [Listener at 0.0.0.0/9891] INFO scm.ReconPipelineManager: Recon has 0 pipelines in house.
om2_1    | 2023-04-16 17:34:04,223 [om2-impl-thread1] INFO storage.RaftStorage: Storage directory /data/metadata/ratis/5cb24680-b9e7-3c90-a862-d66704efc61c has been successfully formatted.
om2_1    | 2023-04-16 17:34:04,231 [om2-impl-thread1] INFO server.RaftServerConfigKeys: raft.server.log.use.memory = false (default)
om2_1    | 2023-04-16 17:34:04,266 [om2-impl-thread1] INFO server.RaftServerConfigKeys: raft.server.log.purge.gap = 1000000 (custom)
s3g_1    | Apr 16, 2023 5:33:26 PM org.glassfish.jersey.internal.Errors logErrors
dn1_1    | 2023-04-16 17:34:22,889 [12999f78-207b-4d77-a48a-6d8c6e70030d@group-15458FEFD20F-LeaderElection1] INFO server.RaftServerConfigKeys: raft.server.write.element-limit = 1024 (custom)
om3_1    | 2023-04-16 17:33:57,529 [main] INFO upgrade.AbstractLayoutVersionManager: Initializing Layout version manager with metadata layout = MULTITENANCY_SCHEMA (version = 3), software layout = MULTITENANCY_SCHEMA (version = 3)
scm3_1   | 2023-04-16 17:34:19,536 [main] INFO server.RaftServerConfigKeys: raft.server.log.appender.buffer.byte-limit = 33554432 (custom)
scm3_1   | 2023-04-16 17:34:19,547 [main] INFO server.GrpcService: raft.grpc.flow.control.window = 1MB (=1048576) (default)
dn3_1    | 2023-04-16 17:33:29,004 [EndpointStateMachine task thread for recon/10.9.0.22:9891 - 0 ] INFO ipc.Client: Retrying connect to server: recon/10.9.0.22:9891. Already tried 0 time(s); retry policy is RetryUpToMaximumCountWithFixedSleep(maxRetries=15, sleepTime=1000 MILLISECONDS)
om1_1    | 2023-04-16 17:33:59,948 [main] INFO server.RaftServerConfigKeys: raft.server.rpc.slowness.timeout = 120s (custom)
recon_1  | 2023-04-16 17:33:46,407 [Listener at 0.0.0.0/9891] INFO scm.ReconPipelineManager: Adding new pipeline PipelineID=70301a97-a50a-4d61-bd96-8937e4409e2f from SCM.
om2_1    | 2023-04-16 17:34:04,266 [om2-impl-thread1] INFO server.RaftServerConfigKeys: raft.server.log.appender.buffer.byte-limit = 33554432 (custom)
om2_1    | 2023-04-16 17:34:04,275 [om2-impl-thread1] INFO server.RaftServerConfigKeys: raft.server.log.statemachine.data.read.timeout = 1000ms (default)
om2_1    | 2023-04-16 17:34:04,276 [om2-impl-thread1] INFO server.RaftServerConfigKeys: raft.server.log.purge.preservation.log.num = 0 (default)
dn1_1    | 2023-04-16 17:34:22,907 [12999f78-207b-4d77-a48a-6d8c6e70030d@group-15458FEFD20F-LeaderElection1] INFO server.RaftServerConfigKeys: raft.server.write.byte-limit = 1024 M (=1073741824) (custom)
dn1_1    | 2023-04-16 17:34:22,912 [12999f78-207b-4d77-a48a-6d8c6e70030d@group-15458FEFD20F-LeaderElection1] INFO server.RaftServerConfigKeys: raft.server.watch.timeout = 180s (custom)
om3_1    | 2023-04-16 17:33:58,608 [main] INFO reflections.Reflections: Reflections took 915 ms to scan 1 urls, producing 114 keys and 335 values [using 2 cores]
scm3_1   | 2023-04-16 17:34:19,563 [main] INFO server.RaftServerConfigKeys: raft.server.rpc.request.timeout = 30000ms (custom)
scm3_1   | 2023-04-16 17:34:19,609 [main] INFO grpc.GrpcConfigKeys: raft.grpc.server.heartbeat.channel = true (default)
dn3_1    | 2023-04-16 17:33:29,004 [EndpointStateMachine task thread for scm3/10.9.0.16:9861 - 0 ] INFO ipc.Client: Retrying connect to server: scm3/10.9.0.16:9861. Already tried 0 time(s); retry policy is RetryUpToMaximumCountWithFixedSleep(maxRetries=15, sleepTime=1000 MILLISECONDS)
om1_1    | 2023-04-16 17:33:59,948 [main] INFO server.RaftServerConfigKeys: raft.server.leaderelection.leader.step-down.wait-time = 10s (default)
recon_1  | 2023-04-16 17:33:46,565 [Listener at 0.0.0.0/9891] INFO pipeline.PipelineStateManagerImpl: Created pipeline Pipeline[ Id: 70301a97-a50a-4d61-bd96-8937e4409e2f, Nodes: 12c6fe4b-5f61-43bb-898d-92df9e978008{ip: 10.9.0.21, host: ha_dn5_1.ha_net, ports: [REPLICATION=9886, RATIS=9858, RATIS_ADMIN=9857, RATIS_SERVER=9856, STANDALONE=9859], networkLocation: /default-rack, certSerialId: null, persistedOpState: IN_SERVICE, persistedOpStateExpiryEpochSec: 0}, ReplicationConfig: RATIS/ONE, State:ALLOCATED, leaderId:, CreationTimestamp2023-04-16T17:33:42.757Z[UTC]].
om2_1    | 2023-04-16 17:34:04,286 [om2-impl-thread1] INFO server.RaftServerConfigKeys: raft.server.log.segment.size.max = 4194304 (custom)
om2_1    | 2023-04-16 17:34:04,318 [om2-impl-thread1] INFO server.RaftServerConfigKeys: raft.server.log.segment.cache.num.max = 2 (custom)
om2_1    | 2023-04-16 17:34:04,319 [om2-impl-thread1] INFO server.RaftServerConfigKeys: raft.server.log.segment.cache.size.max = 200MB (=209715200) (default)
dn1_1    | 2023-04-16 17:34:22,916 [12999f78-207b-4d77-a48a-6d8c6e70030d@group-15458FEFD20F-LeaderElection1] INFO server.RaftServerConfigKeys: raft.server.watch.timeout.denomination = 1s (default)
dn1_1    | 2023-04-16 17:34:22,950 [12999f78-207b-4d77-a48a-6d8c6e70030d@group-15458FEFD20F-LeaderElection1] INFO server.RaftServerConfigKeys: raft.server.watch.element-limit = 65536 (default)
om3_1    | 2023-04-16 17:33:58,659 [main] WARN server.ServerUtils: ozone.om.db.dirs is not configured. We recommend adding this setting. Falling back to ozone.metadata.dirs instead.
dn2_1    | 	at java.base/java.lang.reflect.Constructor.newInstance(Constructor.java:490)
scm3_1   | 2023-04-16 17:34:19,639 [main] INFO grpc.GrpcConfigKeys: raft.grpc.server.async.request.thread.pool.cached = true (default)
dn3_1    | 2023-04-16 17:33:29,004 [EndpointStateMachine task thread for scm1/10.9.0.14:9861 - 0 ] INFO ipc.Client: Retrying connect to server: scm1/10.9.0.14:9861. Already tried 0 time(s); retry policy is RetryUpToMaximumCountWithFixedSleep(maxRetries=15, sleepTime=1000 MILLISECONDS)
om1_1    | 2023-04-16 17:33:59,976 [main] INFO server.RaftServerConfigKeys: raft.server.storage.dir = [/data/metadata/ratis] (custom)
recon_1  | 2023-04-16 17:33:46,597 [Listener at 0.0.0.0/9891] INFO scm.ReconPipelineManager: Adding new pipeline PipelineID=f5f1839e-e4b5-431b-b11d-652e804079f7 from SCM.
om2_1    | 2023-04-16 17:34:04,357 [om2-impl-thread1] INFO segmented.SegmentedRaftLogWorker: new om2@group-D66704EFC61C-SegmentedRaftLogWorker for RaftStorageImpl:Storage Directory /data/metadata/ratis/5cb24680-b9e7-3c90-a862-d66704efc61c
om2_1    | 2023-04-16 17:34:04,396 [om2-impl-thread1] INFO server.RaftServerConfigKeys: raft.server.log.queue.byte-limit = 64MB (=67108864) (default)
om2_1    | 2023-04-16 17:34:04,397 [om2-impl-thread1] INFO server.RaftServerConfigKeys: raft.server.log.queue.element-limit = 4096 (default)
dn1_1    | 2023-04-16 17:34:22,984 [12999f78-207b-4d77-a48a-6d8c6e70030d@group-15458FEFD20F-LeaderElection1] INFO server.RaftServerConfigKeys: raft.server.write.element-limit = 1024 (custom)
dn1_1    | 2023-04-16 17:34:23,001 [12999f78-207b-4d77-a48a-6d8c6e70030d@group-15458FEFD20F-LeaderElection1] INFO server.RaftServerConfigKeys: raft.server.write.follower.gap.ratio.max = -1.0 (default)
om3_1    | 2023-04-16 17:33:59,678 [main] INFO proxy.SCMBlockLocationFailoverProxyProvider: Created block location fail-over proxy with 3 nodes: [nodeId=scm2,nodeAddress=scm2/10.9.0.15:9863, nodeId=scm1,nodeAddress=scm1/10.9.0.14:9863, nodeId=scm3,nodeAddress=scm3/10.9.0.16:9863]
dn2_1    | 	at org.apache.hadoop.net.NetUtils.wrapWithMessage(NetUtils.java:913)
scm3_1   | 2023-04-16 17:34:19,640 [main] INFO grpc.GrpcConfigKeys: raft.grpc.server.async.request.thread.pool.size = 32 (default)
scm3_1   | 2023-04-16 17:34:20,676 [main] INFO impl.DataStreamServerImpl: raft.datastream.type = DISABLED (default)
om1_1    | 2023-04-16 17:33:59,989 [main] INFO server.RaftServer: om1: addNew group-D66704EFC61C:[om1|rpc:om1:9872|priority:0|startupRole:FOLLOWER, om3|rpc:om3:9872|priority:0|startupRole:FOLLOWER, om2|rpc:om2:9872|priority:0|startupRole:FOLLOWER] returns group-D66704EFC61C:java.util.concurrent.CompletableFuture@7015ebef[Not completed]
recon_1  | 2023-04-16 17:33:46,601 [Listener at 0.0.0.0/9891] INFO pipeline.PipelineStateManagerImpl: Created pipeline Pipeline[ Id: f5f1839e-e4b5-431b-b11d-652e804079f7, Nodes: 0d5e2487-232f-49ff-b6db-320b64784298{ip: 10.9.0.19, host: ha_dn3_1.ha_net, ports: [REPLICATION=9886, RATIS=9858, RATIS_ADMIN=9857, RATIS_SERVER=9856, STANDALONE=9859], networkLocation: /default-rack, certSerialId: null, persistedOpState: IN_SERVICE, persistedOpStateExpiryEpochSec: 0}, ReplicationConfig: RATIS/ONE, State:ALLOCATED, leaderId:, CreationTimestamp2023-04-16T17:33:42.342Z[UTC]].
dn4_1    | 2023-04-16 17:33:31,874 [EndpointStateMachine task thread for scm1/10.9.0.14:9861 - 0 ] INFO ipc.Client: Retrying connect to server: scm1/10.9.0.14:9861. Already tried 2 time(s); retry policy is RetryUpToMaximumCountWithFixedSleep(maxRetries=15, sleepTime=1000 MILLISECONDS)
dn4_1    | 2023-04-16 17:33:32,847 [EndpointStateMachine task thread for scm3/10.9.0.16:9861 - 0 ] INFO ipc.Client: Retrying connect to server: scm3/10.9.0.16:9861. Already tried 3 time(s); retry policy is RetryUpToMaximumCountWithFixedSleep(maxRetries=15, sleepTime=1000 MILLISECONDS)
om2_1    | 2023-04-16 17:34:04,397 [om2-impl-thread1] INFO server.RaftServerConfigKeys: raft.server.log.segment.size.max = 4194304 (custom)
dn1_1    | 2023-04-16 17:34:23,033 [12999f78-207b-4d77-a48a-6d8c6e70030d@group-15458FEFD20F-LeaderElection1] INFO impl.RoleInfo: 12999f78-207b-4d77-a48a-6d8c6e70030d: start 12999f78-207b-4d77-a48a-6d8c6e70030d@group-15458FEFD20F-LeaderStateImpl
dn1_1    | 2023-04-16 17:34:23,092 [12999f78-207b-4d77-a48a-6d8c6e70030d@group-15458FEFD20F-LeaderElection1] INFO segmented.SegmentedRaftLogWorker: 12999f78-207b-4d77-a48a-6d8c6e70030d@group-15458FEFD20F-SegmentedRaftLogWorker: Starting segment from index:0
om3_1    | 2023-04-16 17:33:59,811 [main] INFO proxy.SCMBlockLocationFailoverProxyProvider: Created block location fail-over proxy with 3 nodes: [nodeId=scm2,nodeAddress=scm2/10.9.0.15:9863, nodeId=scm1,nodeAddress=scm1/10.9.0.14:9863, nodeId=scm3,nodeAddress=scm3/10.9.0.16:9863]
dn2_1    | 	at org.apache.hadoop.net.NetUtils.wrapException(NetUtils.java:828)
scm3_1   | 2023-04-16 17:34:20,721 [main] INFO server.RaftServerConfigKeys: raft.server.threadpool.proxy.cached = true (default)
scm3_1   | 2023-04-16 17:34:20,726 [main] INFO server.RaftServerConfigKeys: raft.server.threadpool.proxy.size = 0 (default)
om1_1    | 2023-04-16 17:33:59,993 [main] INFO om.OzoneManager: OzoneManager Ratis server initialized at port 9872
recon_1  | 2023-04-16 17:33:46,602 [Listener at 0.0.0.0/9891] INFO scm.ReconPipelineManager: Adding new pipeline PipelineID=ae471d9d-5335-43d8-914f-38b5db126e6a from SCM.
scm2_1   | STARTUP_MSG:   build = https://github.com/apache/ozone.git/d0d18a3bff64b90f5f0755edb6003301049ffb32 ; compiled by 'micahzhao' on 2022-12-10T13:23Z
dn1_1    | 2023-04-16 17:34:23,306 [12999f78-207b-4d77-a48a-6d8c6e70030d@group-15458FEFD20F-LeaderElection1] INFO server.RaftServer$Division: 12999f78-207b-4d77-a48a-6d8c6e70030d@group-15458FEFD20F: set configuration 0: peers:[12999f78-207b-4d77-a48a-6d8c6e70030d|rpc:10.9.0.17:9856|admin:10.9.0.17:9857|client:10.9.0.17:9858|dataStream:|priority:1|startupRole:FOLLOWER]|listeners:[], old=null
dn1_1    | 2023-04-16 17:34:23,400 [EndpointStateMachine task thread for scm3/10.9.0.16:9861 - 0 ] INFO ipc.Client: Retrying connect to server: scm3/10.9.0.16:9861. Already tried 8 time(s); retry policy is RetryUpToMaximumCountWithFixedSleep(maxRetries=15, sleepTime=1000 MILLISECONDS)
om2_1    | 2023-04-16 17:34:04,398 [om2-impl-thread1] INFO server.RaftServerConfigKeys: raft.server.log.preallocated.size = 4194304 (custom)
om3_1    | 2023-04-16 17:34:02,408 [main] WARN server.ServerUtils: ozone.om.db.dirs is not configured. We recommend adding this setting. Falling back to ozone.metadata.dirs instead.
om3_1    | 2023-04-16 17:34:02,876 [main] INFO codec.OmKeyInfoCodec: OmKeyInfoCodec ignorePipeline = true
dn2_1    | 	at org.apache.hadoop.ipc.Client.getRpcResponse(Client.java:1616)
scm3_1   | 2023-04-16 17:34:20,727 [main] INFO server.RaftServerConfigKeys: raft.server.rpc.slowness.timeout = 120000ms (custom)
dn3_1    | 2023-04-16 17:33:29,614 [Datanode State Machine Daemon Thread] ERROR datanode.RunningDatanodeState: Error in executing end point task.
dn5_1    | 2023-04-16 17:33:26,314 [main] INFO http.BaseHttpServer: HTTP server of hddsDatanode listening at http://0.0.0.0:9882
om1_1    | 2023-04-16 17:34:00,095 [main] INFO om.OzoneManager: Creating RPC Server
recon_1  | 2023-04-16 17:33:46,611 [Listener at 0.0.0.0/9891] INFO pipeline.PipelineStateManagerImpl: Created pipeline Pipeline[ Id: ae471d9d-5335-43d8-914f-38b5db126e6a, Nodes: 29439e6e-2b67-4422-a212-3f3dcef6d30b{ip: 10.9.0.20, host: ha_dn4_1.ha_net, ports: [REPLICATION=9886, RATIS=9858, RATIS_ADMIN=9857, RATIS_SERVER=9856, STANDALONE=9859], networkLocation: /default-rack, certSerialId: null, persistedOpState: IN_SERVICE, persistedOpStateExpiryEpochSec: 0}babeb2cf-a801-4dea-aaf6-ccd82e9ea0ff{ip: 10.9.0.18, host: ha_dn2_1.ha_net, ports: [REPLICATION=9886, RATIS=9858, RATIS_ADMIN=9857, RATIS_SERVER=9856, STANDALONE=9859], networkLocation: /default-rack, certSerialId: null, persistedOpState: IN_SERVICE, persistedOpStateExpiryEpochSec: 0}0d5e2487-232f-49ff-b6db-320b64784298{ip: 10.9.0.19, host: ha_dn3_1.ha_net, ports: [REPLICATION=9886, RATIS=9858, RATIS_ADMIN=9857, RATIS_SERVER=9856, STANDALONE=9859], networkLocation: /default-rack, certSerialId: null, persistedOpState: IN_SERVICE, persistedOpStateExpiryEpochSec: 0}, ReplicationConfig: RATIS/THREE, State:ALLOCATED, leaderId:, CreationTimestamp2023-04-16T17:33:42.774Z[UTC]].
recon_1  | 2023-04-16 17:33:46,612 [Listener at 0.0.0.0/9891] INFO scm.ReconPipelineManager: Adding new pipeline PipelineID=1762465f-deed-4914-a9d9-044b7e2e9660 from SCM.
dn1_1    | 2023-04-16 17:34:23,442 [12999f78-207b-4d77-a48a-6d8c6e70030d@group-15458FEFD20F-SegmentedRaftLogWorker] INFO segmented.SegmentedRaftLogWorker: 12999f78-207b-4d77-a48a-6d8c6e70030d@group-15458FEFD20F-SegmentedRaftLogWorker: created new log segment /data/metadata/ratis/7ba4bbad-0486-47f5-a364-15458fefd20f/current/log_inprogress_0
dn1_1    | 2023-04-16 17:34:25,869 [EndpointStateMachine task thread for scm3/10.9.0.16:9861 - 0 ] INFO ozoneimpl.OzoneContainer: Ignore. OzoneContainer already started.
dn4_1    | 2023-04-16 17:33:32,865 [EndpointStateMachine task thread for scm2/10.9.0.15:9861 - 0 ] INFO ipc.Client: Retrying connect to server: scm2/10.9.0.15:9861. Already tried 3 time(s); retry policy is RetryUpToMaximumCountWithFixedSleep(maxRetries=15, sleepTime=1000 MILLISECONDS)
dn4_1    | 2023-04-16 17:33:32,875 [EndpointStateMachine task thread for scm1/10.9.0.14:9861 - 0 ] INFO ipc.Client: Retrying connect to server: scm1/10.9.0.14:9861. Already tried 3 time(s); retry policy is RetryUpToMaximumCountWithFixedSleep(maxRetries=15, sleepTime=1000 MILLISECONDS)
dn4_1    | 2023-04-16 17:33:33,848 [EndpointStateMachine task thread for scm3/10.9.0.16:9861 - 0 ] INFO ipc.Client: Retrying connect to server: scm3/10.9.0.16:9861. Already tried 4 time(s); retry policy is RetryUpToMaximumCountWithFixedSleep(maxRetries=15, sleepTime=1000 MILLISECONDS)
dn3_1    | java.util.concurrent.ExecutionException: java.util.concurrent.TimeoutException
dn3_1    | 	at java.base/java.util.concurrent.FutureTask.report(FutureTask.java:122)
dn3_1    | 	at java.base/java.util.concurrent.FutureTask.get(FutureTask.java:191)
dn3_1    | 	at org.apache.hadoop.ozone.container.common.states.datanode.RunningDatanodeState.computeNextContainerState(RunningDatanodeState.java:199)
dn5_1    | 2023-04-16 17:33:26,356 [Datanode State Machine Daemon Thread] INFO statemachine.DatanodeStateMachine: Ozone container server started.
om1_1    | 2023-04-16 17:34:00,109 [pool-26-thread-1] INFO server.RaftServer$Division: om1: new RaftServerImpl for group-D66704EFC61C:[om1|rpc:om1:9872|priority:0|startupRole:FOLLOWER, om3|rpc:om3:9872|priority:0|startupRole:FOLLOWER, om2|rpc:om2:9872|priority:0|startupRole:FOLLOWER] with OzoneManagerStateMachine:uninitialized
dn2_1    | 	at org.apache.hadoop.ipc.Client.call(Client.java:1558)
om3_1    | 2023-04-16 17:34:02,876 [main] INFO codec.RepeatedOmKeyInfoCodec: RepeatedOmKeyInfoCodec ignorePipeline = true
scm2_1   | STARTUP_MSG:   java = 11.0.14.1
s3g_1    | WARNING: The following warnings have been detected: WARNING: A HTTP GET method, public javax.ws.rs.core.Response org.apache.hadoop.ozone.s3.endpoint.ObjectEndpoint.get(java.lang.String,java.lang.String,java.lang.String,int,java.lang.String,java.io.InputStream) throws java.io.IOException,org.apache.hadoop.ozone.s3.exception.OS3Exception, should not consume any entity.
dn3_1    | 	at org.apache.hadoop.ozone.container.common.states.datanode.RunningDatanodeState.await(RunningDatanodeState.java:239)
dn3_1    | 	at org.apache.hadoop.ozone.container.common.states.datanode.RunningDatanodeState.await(RunningDatanodeState.java:50)
dn3_1    | 	at org.apache.hadoop.ozone.container.common.statemachine.StateContext.execute(StateContext.java:660)
dn3_1    | 	at org.apache.hadoop.ozone.container.common.statemachine.DatanodeStateMachine.startStateMachineThread(DatanodeStateMachine.java:298)
dn5_1    | 2023-04-16 17:33:26,711 [org.apache.hadoop.util.JvmPauseMonitor$Monitor@76966330] INFO util.JvmPauseMonitor: Starting JVM pause monitor
dn5_1    | 2023-04-16 17:33:27,059 [Datanode State Machine Task Thread - 0] INFO statemachine.SCMConnectionManager: Adding Recon Server : recon/10.9.0.22:9891
om1_1    | 2023-04-16 17:34:00,139 [pool-26-thread-1] INFO server.RaftServerConfigKeys: raft.server.rpc.timeout.min = 5s (custom)
dn2_1    | 	at org.apache.hadoop.ipc.Client.call(Client.java:1455)
om3_1    | 2023-04-16 17:34:04,027 [main] INFO om.OzoneManager: S3 Multi-Tenancy is disabled
scm2_1   | ************************************************************/
s3g_1    | 
dn3_1    | 	at org.apache.hadoop.ozone.container.common.statemachine.DatanodeStateMachine.lambda$startDaemon$0(DatanodeStateMachine.java:493)
dn3_1    | 	at java.base/java.lang.Thread.run(Thread.java:829)
dn3_1    | Caused by: java.util.concurrent.TimeoutException
dn3_1    | 	at java.base/java.util.concurrent.FutureTask.get(FutureTask.java:204)
dn5_1    | 2023-04-16 17:33:27,453 [Datanode State Machine Task Thread - 0] INFO datanode.InitDatanodeState: DatanodeDetails is persisted to /data/datanode.id
dn5_1    | 2023-04-16 17:33:29,880 [EndpointStateMachine task thread for scm1/10.9.0.14:9861 - 0 ] INFO ipc.Client: Retrying connect to server: scm1/10.9.0.14:9861. Already tried 0 time(s); retry policy is RetryUpToMaximumCountWithFixedSleep(maxRetries=15, sleepTime=1000 MILLISECONDS)
om1_1    | 2023-04-16 17:34:00,140 [pool-26-thread-1] INFO server.RaftServerConfigKeys: raft.server.rpc.timeout.max = 5200ms (custom)
dn2_1    | 	at org.apache.hadoop.ipc.ProtobufRpcEngine$Invoker.invoke(ProtobufRpcEngine.java:235)
om3_1    | 2023-04-16 17:34:04,339 [main] INFO om.OzoneManager: Created Volume s3v With Owner hadoop required for S3Gateway operations.
scm2_1   | 2023-04-16 17:33:45,284 [main] INFO server.StorageContainerManagerStarter: registered UNIX signal handlers for [TERM, HUP, INT]
s3g_1    | 2023-04-16 17:33:26,637 [main] INFO handler.ContextHandler: Started o.e.j.w.WebAppContext@4baf997{s3gateway,/,file:///tmp/jetty-0_0_0_0-9878-ozone-s3gateway-1_3_0_jar-_-any-679591541355167344/webapp/,AVAILABLE}{jar:file:/opt/hadoop/share/ozone/lib/ozone-s3gateway-1.3.0.jar!/webapps/s3gateway}
dn3_1    | 	at org.apache.hadoop.ozone.container.common.states.datanode.RunningDatanodeState.lambda$execute$0(RunningDatanodeState.java:157)
dn3_1    | 	at java.base/java.util.concurrent.FutureTask.run(FutureTask.java:264)
dn3_1    | 	at java.base/java.util.concurrent.Executors$RunnableAdapter.call(Executors.java:515)
dn3_1    | 	at java.base/java.util.concurrent.FutureTask.run(FutureTask.java:264)
dn5_1    | 2023-04-16 17:33:29,881 [EndpointStateMachine task thread for scm3/10.9.0.16:9861 - 0 ] INFO ipc.Client: Retrying connect to server: scm3/10.9.0.16:9861. Already tried 0 time(s); retry policy is RetryUpToMaximumCountWithFixedSleep(maxRetries=15, sleepTime=1000 MILLISECONDS)
dn5_1    | 2023-04-16 17:33:29,886 [EndpointStateMachine task thread for recon/10.9.0.22:9891 - 0 ] INFO ipc.Client: Retrying connect to server: recon/10.9.0.22:9891. Already tried 0 time(s); retry policy is RetryUpToMaximumCountWithFixedSleep(maxRetries=15, sleepTime=1000 MILLISECONDS)
om1_1    | 2023-04-16 17:34:00,140 [pool-26-thread-1] INFO server.RaftServerConfigKeys: raft.server.rpc.sleep.time = 25ms (default)
dn2_1    | 	at org.apache.hadoop.ipc.ProtobufRpcEngine$Invoker.invoke(ProtobufRpcEngine.java:122)
om3_1    | 2023-04-16 17:34:04,598 [main] WARN server.ServerUtils: Storage directory for Ratis is not configured. It is a good idea to map this to an SSD disk. Falling back to ozone.metadata.dirs
scm2_1   | 2023-04-16 17:33:45,395 [main] WARN server.ServerUtils: ozone.scm.db.dirs is not configured. We recommend adding this setting. Falling back to ozone.metadata.dirs instead.
dn3_1    | 	at java.base/java.util.concurrent.ThreadPoolExecutor.runWorker(ThreadPoolExecutor.java:1128)
dn3_1    | 	at java.base/java.util.concurrent.ThreadPoolExecutor$Worker.run(ThreadPoolExecutor.java:628)
dn3_1    | 	... 1 more
dn3_1    | 2023-04-16 17:33:30,004 [EndpointStateMachine task thread for scm2/10.9.0.15:9861 - 0 ] INFO ipc.Client: Retrying connect to server: scm2/10.9.0.15:9861. Already tried 1 time(s); retry policy is RetryUpToMaximumCountWithFixedSleep(maxRetries=15, sleepTime=1000 MILLISECONDS)
dn5_1    | 2023-04-16 17:33:29,887 [EndpointStateMachine task thread for scm2/10.9.0.15:9861 - 0 ] INFO ipc.Client: Retrying connect to server: scm2/10.9.0.15:9861. Already tried 0 time(s); retry policy is RetryUpToMaximumCountWithFixedSleep(maxRetries=15, sleepTime=1000 MILLISECONDS)
dn5_1    | 2023-04-16 17:33:30,881 [EndpointStateMachine task thread for scm1/10.9.0.14:9861 - 0 ] INFO ipc.Client: Retrying connect to server: scm1/10.9.0.14:9861. Already tried 1 time(s); retry policy is RetryUpToMaximumCountWithFixedSleep(maxRetries=15, sleepTime=1000 MILLISECONDS)
dn5_1    | 2023-04-16 17:33:30,881 [EndpointStateMachine task thread for scm3/10.9.0.16:9861 - 0 ] INFO ipc.Client: Retrying connect to server: scm3/10.9.0.16:9861. Already tried 1 time(s); retry policy is RetryUpToMaximumCountWithFixedSleep(maxRetries=15, sleepTime=1000 MILLISECONDS)
om1_1    | 2023-04-16 17:34:00,140 [pool-26-thread-1] INFO server.RaftServerConfigKeys: raft.server.rpc.slowness.timeout = 120s (custom)
dn2_1    | 	at com.sun.proxy.$Proxy38.submitRequest(Unknown Source)
om3_1    | 2023-04-16 17:34:04,620 [main] WARN utils.OzoneManagerRatisUtils: ozone.om.ratis.snapshot.dir is not configured. Falling back to ozone.metadata.dirs config
dn3_1    | 2023-04-16 17:33:30,005 [EndpointStateMachine task thread for recon/10.9.0.22:9891 - 0 ] INFO ipc.Client: Retrying connect to server: recon/10.9.0.22:9891. Already tried 1 time(s); retry policy is RetryUpToMaximumCountWithFixedSleep(maxRetries=15, sleepTime=1000 MILLISECONDS)
dn3_1    | 2023-04-16 17:33:30,007 [EndpointStateMachine task thread for scm3/10.9.0.16:9861 - 0 ] INFO ipc.Client: Retrying connect to server: scm3/10.9.0.16:9861. Already tried 1 time(s); retry policy is RetryUpToMaximumCountWithFixedSleep(maxRetries=15, sleepTime=1000 MILLISECONDS)
dn3_1    | 2023-04-16 17:33:30,007 [EndpointStateMachine task thread for scm1/10.9.0.14:9861 - 0 ] INFO ipc.Client: Retrying connect to server: scm1/10.9.0.14:9861. Already tried 1 time(s); retry policy is RetryUpToMaximumCountWithFixedSleep(maxRetries=15, sleepTime=1000 MILLISECONDS)
scm2_1   | 2023-04-16 17:33:45,467 [main] INFO ha.SCMHANodeDetails: ServiceID for StorageContainerManager is null
om2_1    | 2023-04-16 17:34:04,398 [om2-impl-thread1] INFO server.RaftServerConfigKeys: raft.server.log.force.sync.num = 128 (default)
dn5_1    | 2023-04-16 17:33:30,886 [EndpointStateMachine task thread for recon/10.9.0.22:9891 - 0 ] INFO ipc.Client: Retrying connect to server: recon/10.9.0.22:9891. Already tried 1 time(s); retry policy is RetryUpToMaximumCountWithFixedSleep(maxRetries=15, sleepTime=1000 MILLISECONDS)
dn5_1    | 2023-04-16 17:33:30,889 [EndpointStateMachine task thread for scm2/10.9.0.15:9861 - 0 ] INFO ipc.Client: Retrying connect to server: scm2/10.9.0.15:9861. Already tried 1 time(s); retry policy is RetryUpToMaximumCountWithFixedSleep(maxRetries=15, sleepTime=1000 MILLISECONDS)
dn5_1    | 2023-04-16 17:33:31,882 [EndpointStateMachine task thread for scm1/10.9.0.14:9861 - 0 ] INFO ipc.Client: Retrying connect to server: scm1/10.9.0.14:9861. Already tried 2 time(s); retry policy is RetryUpToMaximumCountWithFixedSleep(maxRetries=15, sleepTime=1000 MILLISECONDS)
om1_1    | 2023-04-16 17:34:00,141 [pool-26-thread-1] INFO server.RaftServerConfigKeys: raft.server.leaderelection.leader.step-down.wait-time = 10s (default)
dn2_1    | 	at org.apache.hadoop.ozone.protocolPB.StorageContainerDatanodeProtocolClientSideTranslatorPB.submitRequest(StorageContainerDatanodeProtocolClientSideTranslatorPB.java:117)
om3_1    | 2023-04-16 17:34:04,689 [main] INFO snapshot.OzoneManagerSnapshotProvider: Initializing OM Snapshot Provider
om3_1    | 2023-04-16 17:34:05,486 [main] INFO metrics.MetricRegistries: Loaded MetricRegistries class org.apache.ratis.metrics.impl.MetricRegistriesImpl
om3_1    | 2023-04-16 17:34:05,648 [main] WARN server.ServerUtils: Storage directory for Ratis is not configured. It is a good idea to map this to an SSD disk. Falling back to ozone.metadata.dirs
dn3_1    | 2023-04-16 17:33:31,005 [EndpointStateMachine task thread for scm2/10.9.0.15:9861 - 0 ] INFO ipc.Client: Retrying connect to server: scm2/10.9.0.15:9861. Already tried 2 time(s); retry policy is RetryUpToMaximumCountWithFixedSleep(maxRetries=15, sleepTime=1000 MILLISECONDS)
dn3_1    | 2023-04-16 17:33:31,007 [EndpointStateMachine task thread for scm3/10.9.0.16:9861 - 0 ] INFO ipc.Client: Retrying connect to server: scm3/10.9.0.16:9861. Already tried 2 time(s); retry policy is RetryUpToMaximumCountWithFixedSleep(maxRetries=15, sleepTime=1000 MILLISECONDS)
dn3_1    | 2023-04-16 17:33:31,008 [EndpointStateMachine task thread for scm1/10.9.0.14:9861 - 0 ] INFO ipc.Client: Retrying connect to server: scm1/10.9.0.14:9861. Already tried 2 time(s); retry policy is RetryUpToMaximumCountWithFixedSleep(maxRetries=15, sleepTime=1000 MILLISECONDS)
dn3_1    | 2023-04-16 17:33:32,006 [EndpointStateMachine task thread for scm2/10.9.0.15:9861 - 0 ] INFO ipc.Client: Retrying connect to server: scm2/10.9.0.15:9861. Already tried 3 time(s); retry policy is RetryUpToMaximumCountWithFixedSleep(maxRetries=15, sleepTime=1000 MILLISECONDS)
dn5_1    | 2023-04-16 17:33:31,883 [EndpointStateMachine task thread for scm3/10.9.0.16:9861 - 0 ] INFO ipc.Client: Retrying connect to server: scm3/10.9.0.16:9861. Already tried 2 time(s); retry policy is RetryUpToMaximumCountWithFixedSleep(maxRetries=15, sleepTime=1000 MILLISECONDS)
scm3_1   | 2023-04-16 17:34:20,727 [main] INFO server.RaftServerConfigKeys: raft.server.leaderelection.leader.step-down.wait-time = 10s (default)
s3g_1    | 2023-04-16 17:33:26,715 [main] INFO server.AbstractConnector: Started ServerConnector@54504ecd{HTTP/1.1, (http/1.1)}{0.0.0.0:9878}
scm2_1   | 2023-04-16 17:33:45,477 [main] INFO ha.SCMHANodeDetails: ozone.scm.default.service.id is not defined, falling back to ozone.scm.service.ids to find serviceID for StorageContainerManager if it is HA enabled cluster
om1_1    | 2023-04-16 17:34:00,141 [pool-26-thread-1] INFO server.RaftServerConfigKeys: raft.server.sleep.deviation.threshold = 300ms (default)
dn2_1    | 	at org.apache.hadoop.ozone.protocolPB.StorageContainerDatanodeProtocolClientSideTranslatorPB.getVersion(StorageContainerDatanodeProtocolClientSideTranslatorPB.java:133)
om3_1    | 2023-04-16 17:34:05,978 [main] INFO ratis.OzoneManagerRatisServer: Instantiating OM Ratis server with groupID: omservice and peers: om3:9872, om1:9872, om2:9872
om3_1    | 2023-04-16 17:34:06,396 [main] INFO ratis.OzoneManagerStateMachine: LastAppliedIndex is set from TransactionInfo from OM DB as (t:0, i:~)
om3_1    | 2023-04-16 17:34:06,761 [main] INFO server.RaftServer: raft.rpc.type = GRPC (default)
om3_1    | 2023-04-16 17:34:07,289 [main] INFO grpc.GrpcConfigKeys: raft.grpc.admin.host = null (fallback to raft.grpc.server.host)
om3_1    | 2023-04-16 17:34:07,297 [main] INFO grpc.GrpcConfigKeys: raft.grpc.admin.port = 9872 (fallback to raft.grpc.server.port)
om3_1    | 2023-04-16 17:34:07,340 [main] INFO grpc.GrpcConfigKeys: raft.grpc.client.host = null (fallback to raft.grpc.server.host)
dn4_1    | 2023-04-16 17:33:33,866 [EndpointStateMachine task thread for scm2/10.9.0.15:9861 - 0 ] INFO ipc.Client: Retrying connect to server: scm2/10.9.0.15:9861. Already tried 4 time(s); retry policy is RetryUpToMaximumCountWithFixedSleep(maxRetries=15, sleepTime=1000 MILLISECONDS)
dn4_1    | 2023-04-16 17:33:33,876 [EndpointStateMachine task thread for scm1/10.9.0.14:9861 - 0 ] INFO ipc.Client: Retrying connect to server: scm1/10.9.0.14:9861. Already tried 4 time(s); retry policy is RetryUpToMaximumCountWithFixedSleep(maxRetries=15, sleepTime=1000 MILLISECONDS)
scm3_1   | 2023-04-16 17:34:20,735 [main] INFO server.RaftServerConfigKeys: raft.server.storage.dir = [/data/metadata/scm-ha] (custom)
s3g_1    | 2023-04-16 17:33:26,722 [main] INFO server.Server: Started @42956ms
scm2_1   | 2023-04-16 17:33:45,599 [main] INFO ha.SCMHANodeDetails: Found matching SCM address with SCMServiceId: scmservice, SCMNodeId: scm2, RPC Address: scm2:9894 and Ratis port: 9894
om1_1    | 2023-04-16 17:34:00,352 [pool-26-thread-1] INFO server.RaftServer$Division: om1@group-D66704EFC61C: ConfigurationManager, init=-1: peers:[om1|rpc:om1:9872|priority:0|startupRole:FOLLOWER, om3|rpc:om3:9872|priority:0|startupRole:FOLLOWER, om2|rpc:om2:9872|priority:0|startupRole:FOLLOWER]|listeners:[], old=null, confs=<EMPTY_MAP>
dn2_1    | 	at org.apache.hadoop.ozone.container.common.states.endpoint.VersionEndpointTask.call(VersionEndpointTask.java:69)
dn2_1    | 	at org.apache.hadoop.ozone.container.common.states.endpoint.VersionEndpointTask.call(VersionEndpointTask.java:40)
om3_1    | 2023-04-16 17:34:07,346 [main] INFO grpc.GrpcConfigKeys: raft.grpc.client.port = 9872 (fallback to raft.grpc.server.port)
om3_1    | 2023-04-16 17:34:07,346 [main] INFO grpc.GrpcConfigKeys: raft.grpc.server.host = null (default)
