cp: cannot create regular file '/opt/ranger/admin/install.properties': Permission denied
/home/ranger/scripts/ranger.sh: line 47: /opt/ranger/admin/install.properties: Permission denied
2026-08-07 07:24:07,715   --------- Running Ranger PolicyManager Web Application Install Script --------- 
2026-08-07 07:24:07,719  [I] uname=Linux
2026-08-07 07:24:07,723  [I] hostname=ranger-admin.rangernw
2026-08-07 07:24:07,731  [I] DB_FLAVOR=POSTGRES
2026-08-07 07:24:07,735  [I] Audit source=solr
2026-08-07 07:24:07,740  [I] Checking distribution name..
./setup.sh: line 224: lsb_release: command not found
declare -x HOME="/home/ranger"
declare -x HOSTNAME="ranger-admin.rangernw"
declare -x JAVA_HOME="/opt/java/openjdk"
declare -x JAVA_VERSION="jdk8u472-b08"
declare -x LANG="en_US.UTF-8"
declare -x LANGUAGE="en_US:en"
declare -x LC_ALL="en_US.UTF-8"
declare -x OLDPWD="/"
declare -x PATH="/usr/local/sbin:/usr/local/bin:/usr/sbin:/usr/bin:/sbin:/bin"
declare -x POSTGRES_PASSWORD="rangerR0cks!"
declare -x PWD="/opt/ranger/admin"
declare -x RANGER_ADMIN_DB_DBNAME="ranger"
declare -x RANGER_ADMIN_DB_HOST="ranger-db"
declare -x RANGER_ADMIN_DB_PASSWORD="rangerR0cks!"
declare -x RANGER_ADMIN_DB_PORT="5432"
declare -x RANGER_ADMIN_DB_ROOT_PASSWORD="rangerR0cks!"
declare -x RANGER_ADMIN_DB_USERNAME="rangeradmin"
declare -x RANGER_AUDIT_DB_DBNAME="ranger"
declare -x RANGER_AUDIT_DB_HOST="ranger-db"
declare -x RANGER_AUDIT_DB_PASSWORD="rangerR0cks!"
declare -x RANGER_AUDIT_DB_PORT="5432"
declare -x RANGER_AUDIT_DB_ROOT_PASSWORD="rangerR0cks!"
declare -x RANGER_AUDIT_DB_USERNAME="rangeradmin"
declare -x RANGER_DB_FLAVOR="POSTGRES"
declare -x RANGER_DB_PASSWORD="rangerR0cks!"
declare -x RANGER_DB_ROOT_USER="postgres"
declare -x RANGER_DB_TYPE="postgres"
declare -x RANGER_DB_USER="rangeradmin"
declare -x RANGER_DIST="/home/ranger/dist"
declare -x RANGER_HOME="/opt/ranger"
declare -x RANGER_SCRIPTS="/home/ranger/scripts"
declare -x RANGER_VERSION="2.8.0"
declare -x SHLVL="2"
2026-08-07 07:24:07,751  [I] Found distribution : 
2026-08-07 07:24:07,753  [I] check if command /opt/java/openjdk/bin/java exists
2026-08-07 07:24:07,755  [I] '/opt/java/openjdk/bin/java' command found
2026-08-07 07:24:08,044  [I] Checking POSTGRES CONNECTOR FILE : /usr/share/java/postgresql.jar
2026-08-07 07:24:08,046  [I] POSTGRES CONNECTOR FILE : /usr/share/java/postgresql.jar file found
2026-08-07 07:24:08,050  [I] Setting up UNIX user : ranger and group: ranger
2026-08-07 07:24:08,060  [I] the ranger user already exists and belongs to group ranger
2026-08-07 07:24:08,066  [I] Setting up UNIX user : ranger and group: ranger DONE
2026-08-07 07:24:08,068  [I] Setting up installation files and directory
2026-08-07 07:24:08,070  [I] Copying /opt/ranger/admin/ews/webapp/WEB-INF/classes/conf.dist /opt/ranger/admin/ews/webapp/WEB-INF/classes/conf
2026-08-07 07:24:08,082  [WARN] Property hadoop_conf not found. Creating blank core-site.xml.
2026-08-07 07:24:08,084  [I] Creating /opt/ranger/admin/ews/webapp/WEB-INF/classes/lib
2026-08-07 07:24:08,089  [I] Setting up init.d
cp: cannot create regular file '/etc/init.d/ranger-admin': Permission denied
chmod: cannot access '/etc/init.d/ranger-admin': No such file or directory
2026-08-07 07:24:08,096  [I] Creating script S88ranger-admin/K90ranger-admin in /etc/rc2.d directory .... 
ln: failed to create symbolic link '/etc/rc2.d/S88ranger-admin': Permission denied
ln: failed to create symbolic link '/etc/rc2.d/K90ranger-admin': Permission denied
2026-08-07 07:24:08,110  [I] Creating script S88ranger-admin/K90ranger-admin in /etc/rc3.d directory .... 
ln: failed to create symbolic link '/etc/rc3.d/S88ranger-admin': Permission denied
ln: failed to create symbolic link '/etc/rc3.d/K90ranger-admin': Permission denied
2026-08-07 07:24:08,134  [I] RANGER ADMIN LOGBACK CONF FILE : /opt/ranger/admin/ews/webapp/WEB-INF/classes/conf/logback.xml
2026-08-07 07:24:08,147  [I] Setting up installation files and directory DONE
chown: changing ownership of '/opt/ranger/admin': Operation not permitted
chown: changing ownership of '/opt/ranger/admin/install.properties': Operation not permitted
ln: failed to create symbolic link '/usr/bin/ranger-admin': Permission denied
chmod: cannot access '/usr/bin/ranger-admin': No such file or directory
2026-08-07 07:24:11,541  [I] /opt/ranger/admin/ews/webapp folder found
2026-08-07 07:24:11,543  [I] db/postgres/optimized/current/ranger_core_db_postgres.sql file found
2026-08-07 07:24:11,544  [I] Copying POSTGRES Connector to /opt/ranger/admin/ews/webapp/WEB-INF/lib 
2026-08-07 07:24:11,552  [I] Copying POSTGRES Connector to /opt/ranger/admin/ews/webapp/WEB-INF/lib DONE
2026-08-07 07:24:11,554  [I] check if command python3 exists
2026-08-07 07:24:11,557  [I] 'python3' command found
2026-08-07 07:24:12,210  [I] DB FLAVOR :POSTGRES
2026-08-07 07:24:12,210  [I] --------- Verifying Ranger DB connection ---------
2026-08-07 07:24:12,210  [I] Checking connection..
2026-08-07 07:24:12,210  [JISQL] /opt/java/openjdk/bin/java  -cp /usr/share/java/postgresql.jar:/opt/ranger/ranger-2.8.0-admin/jisql/lib/* org.apache.util.sql.Jisql -driver postgresql -cstring jdbc:postgresql://ranger-db/ranger -u rangeradmin -p '********' -noheader -trim -c \;  -query "select 1;"
2026-08-07 07:24:12,700  [I] Checking connection passed.
2026-08-07 07:24:12,949  [E] 'setup_mode' not found in /opt/ranger/admin/install.properties file while getting....!!
2026-08-07 07:24:12,951  [I] Setup mode is not set. Running DBA steps..
2026-08-07 07:24:13,108  [I] Running DBA setup script. QuiteMode:True
2026-08-07 07:24:13,109  [I] Using Java:/opt/java/openjdk/bin/java
2026-08-07 07:24:13,109  [I] DB FLAVOR:POSTGRES
2026-08-07 07:24:13,109  [I] DB Host:ranger-db
2026-08-07 07:24:13,109  [I] ---------- Verifying DB root password ---------- 
2026-08-07 07:24:13,109  [I] DBA root user password validated
2026-08-07 07:24:13,110  [I] ---------- Verifying Ranger Admin db user password ---------- 
2026-08-07 07:24:13,112  [I] admin user password validated
2026-08-07 07:24:13,112  [I] ---------- Creating Ranger Admin db user ---------- 
2026-08-07 07:24:13,112  [JISQL] /opt/java/openjdk/bin/java  -cp /usr/share/java/postgresql.jar:/opt/ranger/ranger-2.8.0-admin/jisql/lib/* org.apache.util.sql.Jisql -driver postgresql -cstring jdbc:postgresql://ranger-db/postgres -u postgres -p '********' -noheader -trim -c \; -query "SELECT 1;"
2026-08-07 07:24:13,735  [I] Verifying user rangeradmin
2026-08-07 07:24:13,735  [JISQL] /opt/java/openjdk/bin/java  -cp /usr/share/java/postgresql.jar:/opt/ranger/ranger-2.8.0-admin/jisql/lib/* org.apache.util.sql.Jisql -driver postgresql -cstring jdbc:postgresql://ranger-db/postgres -u postgres -p '********' -noheader -trim -c \; -query "SELECT rolname FROM pg_roles WHERE rolname='rangeradmin';"
2026-08-07 07:24:14,309  [I] Postgres user rangeradmin already exists.
2026-08-07 07:24:14,309  [I] ---------- Creating Ranger Admin database ----------
2026-08-07 07:24:14,309  [I] Verifying database ranger
2026-08-07 07:24:14,309  [JISQL] /opt/java/openjdk/bin/java  -cp /usr/share/java/postgresql.jar:/opt/ranger/ranger-2.8.0-admin/jisql/lib/* org.apache.util.sql.Jisql -driver postgresql -cstring jdbc:postgresql://ranger-db/postgres -u postgres -p '********' -noheader -trim -c \; -query "SELECT datname FROM pg_database where datname='ranger';"
2026-08-07 07:24:14,692  [I] Database ranger already exists.
2026-08-07 07:24:14,693  [I] ---------- Granting permission to Ranger Admin db user ----------
2026-08-07 07:24:14,693  [I] Granting privileges TO user 'rangeradmin' on db 'ranger'
2026-08-07 07:24:14,693  [JISQL] /opt/java/openjdk/bin/java  -cp /usr/share/java/postgresql.jar:/opt/ranger/ranger-2.8.0-admin/jisql/lib/* org.apache.util.sql.Jisql -driver postgresql -cstring jdbc:postgresql://ranger-db/ranger -u postgres -p '********' -noheader -trim -c \; -query "GRANT ALL PRIVILEGES ON DATABASE \"ranger\" to \"rangeradmin\";"
2026-08-07 07:24:15,205  [JISQL] /opt/java/openjdk/bin/java  -cp /usr/share/java/postgresql.jar:/opt/ranger/ranger-2.8.0-admin/jisql/lib/* org.apache.util.sql.Jisql -driver postgresql -cstring jdbc:postgresql://ranger-db/ranger -u postgres -p '********' -noheader -trim -c \; -query "GRANT ALL PRIVILEGES ON SCHEMA public TO \"rangeradmin\";"
2026-08-07 07:24:15,666  [JISQL] /opt/java/openjdk/bin/java  -cp /usr/share/java/postgresql.jar:/opt/ranger/ranger-2.8.0-admin/jisql/lib/* org.apache.util.sql.Jisql -driver postgresql -cstring jdbc:postgresql://ranger-db/ranger -u postgres -p '********' -noheader -trim -c \; -query "GRANT ALL PRIVILEGES ON ALL TABLES IN SCHEMA public TO \"rangeradmin\";"
2026-08-07 07:24:16,108  [JISQL] /opt/java/openjdk/bin/java  -cp /usr/share/java/postgresql.jar:/opt/ranger/ranger-2.8.0-admin/jisql/lib/* org.apache.util.sql.Jisql -driver postgresql -cstring jdbc:postgresql://ranger-db/ranger -u postgres -p '********' -noheader -trim -c \; -query "GRANT ALL PRIVILEGES ON ALL SEQUENCES IN SCHEMA public TO \"rangeradmin\";"
2026-08-07 07:24:16,527  [I] Granting privileges TO user 'rangeradmin' on db 'ranger' Done
2026-08-07 07:24:16,528  [I] ---------- Ranger Policy Manager DB and User Creation Process Completed..  ---------- 
2026-08-07 07:24:16,563  [I] /opt/ranger/admin/ews/webapp/WEB-INF/classes/conf/ranger-admin-site.xml file found
2026-08-07 07:24:16,568  [I] /opt/ranger/admin/ews/webapp/WEB-INF/classes/conf/ranger-admin-default-site.xml file found
Starting configuration for Ranger DB credentials:
2026-08-07 07:24:18,451  [I] Starting setup based on user authentication method=UNIX
/opt/ranger/admin/ews/webapp
2026-08-07 07:24:18,467  [I] /opt/ranger/admin/ews/webapp/WEB-INF/classes/conf/ranger-admin-site.xml file found
2026-08-07 07:24:18,684  [I] Finished setup based on user authentication method=UNIX
ln -sf /opt/ranger/admin/ews/webapp/WEB-INF/classes/conf /opt/ranger/admin/conf
2026-08-07 07:24:19,075  [I] DB FLAVOR :POSTGRES
2026-08-07 07:24:19,075  [I] --------- Verifying Ranger DB connection ---------
2026-08-07 07:24:19,075  [I] Checking connection..
2026-08-07 07:24:19,075  [JISQL] /opt/java/openjdk/bin/java  -cp /usr/share/java/postgresql.jar:/opt/ranger/ranger-2.8.0-admin/jisql/lib/* org.apache.util.sql.Jisql -driver postgresql -cstring jdbc:postgresql://ranger-db/ranger -u rangeradmin -p '********' -noheader -trim -c \;  -query "select 1;"
2026-08-07 07:24:19,454  [I] Checking connection passed.
2026-08-07 07:24:19,454  [I] --------- Verifying version history table ---------
2026-08-07 07:24:19,454  [JISQL] /opt/java/openjdk/bin/java  -cp /usr/share/java/postgresql.jar:/opt/ranger/ranger-2.8.0-admin/jisql/lib/* org.apache.util.sql.Jisql -driver postgresql -cstring jdbc:postgresql://ranger-db/ranger -u rangeradmin -p '********' -noheader -trim -c \;  -query "select * from (select table_name from information_schema.tables where table_catalog='ranger' and table_name = 'x_db_version_h') as temp;"
2026-08-07 07:24:19,865  [I] Table x_db_version_h does not exist in database ranger
2026-08-07 07:24:19,866  [JISQL] /opt/java/openjdk/bin/java  -cp /usr/share/java/postgresql.jar:/opt/ranger/ranger-2.8.0-admin/jisql/lib/* org.apache.util.sql.Jisql -driver postgresql -cstring jdbc:postgresql://ranger-db/ranger -u rangeradmin -p '********' -noheader -trim -c \;  -query "select * from (select table_name from information_schema.tables where table_catalog='ranger' and table_name = 'x_db_version_h') as temp;"
2026-08-07 07:24:20,227  [I] Table x_db_version_h does not exist in database ranger
2026-08-07 07:24:20,227  [I] Importing x_db_version_h table schema to database ranger from file: create_dbversion_catalog.sql
2026-08-07 07:24:20,227  [JISQL] /opt/java/openjdk/bin/java  -cp /usr/share/java/postgresql.jar:/opt/ranger/ranger-2.8.0-admin/jisql/lib/* org.apache.util.sql.Jisql -driver postgresql -cstring jdbc:postgresql://ranger-db/ranger -u rangeradmin -p '********' -noheader -trim -c \; -input /opt/ranger/ranger-2.8.0-admin/db/postgres/create_dbversion_catalog.sql 
2026-08-07 07:24:20,618  [I] create_dbversion_catalog.sql file imported successfully
2026-08-07 07:24:20,619  [JISQL] /opt/java/openjdk/bin/java  -cp /usr/share/java/postgresql.jar:/opt/ranger/ranger-2.8.0-admin/jisql/lib/* org.apache.util.sql.Jisql -driver postgresql -cstring jdbc:postgresql://ranger-db/ranger -u rangeradmin -p '********' -noheader -trim -c \;  -query "select * from (select table_name from information_schema.tables where table_catalog='ranger' and table_name = 'x_db_version_h') as temp;"
2026-08-07 07:24:20,962  [I] Table x_db_version_h already exists in database 'ranger'
2026-08-07 07:24:20,962  [I] --------- Importing Ranger Core DB Schema ---------
2026-08-07 07:24:20,962  [JISQL] /opt/java/openjdk/bin/java  -cp /usr/share/java/postgresql.jar:/opt/ranger/ranger-2.8.0-admin/jisql/lib/* org.apache.util.sql.Jisql -driver postgresql -cstring jdbc:postgresql://ranger-db/ranger -u rangeradmin -p '********' -noheader -trim -c \;  -query "select version from x_db_version_h where version = 'CORE_DB_SCHEMA' and active = 'Y';"
2026-08-07 07:24:21,284  [JISQL] /opt/java/openjdk/bin/java  -cp /usr/share/java/postgresql.jar:/opt/ranger/ranger-2.8.0-admin/jisql/lib/* org.apache.util.sql.Jisql -driver postgresql -cstring jdbc:postgresql://ranger-db/ranger -u rangeradmin -p '********' -noheader -trim -c \;  -query "select version from x_db_version_h where version = 'CORE_DB_SCHEMA' and active = 'N';"
2026-08-07 07:24:21,699  [JISQL] /opt/java/openjdk/bin/java  -cp /usr/share/java/postgresql.jar:/opt/ranger/ranger-2.8.0-admin/jisql/lib/* org.apache.util.sql.Jisql -driver postgresql -cstring jdbc:postgresql://ranger-db/ranger -u rangeradmin -p '********' -noheader -trim -c \;  -query "insert into x_db_version_h (version, inst_at, inst_by, updated_at, updated_by,active) values ('CORE_DB_SCHEMA', current_timestamp, 'Ranger 2.8.0', current_timestamp, 'ranger-admin.rangernw','N') ;"
2026-08-07 07:24:22,107  [JISQL] /opt/java/openjdk/bin/java  -cp /usr/share/java/postgresql.jar:/opt/ranger/ranger-2.8.0-admin/jisql/lib/* org.apache.util.sql.Jisql -driver postgresql -cstring jdbc:postgresql://ranger-db/ranger -u rangeradmin -p '********' -noheader -trim -c \;  -query "select * from (select table_name from information_schema.tables where table_catalog='ranger' and table_name = 'x_portal_user') as temp;"
2026-08-07 07:24:22,536  [I] Table x_portal_user does not exist in database ranger
2026-08-07 07:24:22,536  [JISQL] /opt/java/openjdk/bin/java  -cp /usr/share/java/postgresql.jar:/opt/ranger/ranger-2.8.0-admin/jisql/lib/* org.apache.util.sql.Jisql -driver postgresql -cstring jdbc:postgresql://ranger-db/ranger -u rangeradmin -p '********' -noheader -trim -c \;  -query "select * from (select table_name from information_schema.tables where table_catalog='ranger' and table_name = 'x_policy_ref_group') as temp;"
2026-08-07 07:24:22,823  [I] Table x_policy_ref_group does not exist in database ranger
2026-08-07 07:24:22,824  [JISQL] /opt/java/openjdk/bin/java  -cp /usr/share/java/postgresql.jar:/opt/ranger/ranger-2.8.0-admin/jisql/lib/* org.apache.util.sql.Jisql -driver postgresql -cstring jdbc:postgresql://ranger-db/ranger -u rangeradmin -p '********' -noheader -trim -c \;  -query "select version from x_db_version_h where version = 'DB_PATCHES' and active = 'Y';"
2026-08-07 07:24:23,061  [JISQL] /opt/java/openjdk/bin/java  -cp /usr/share/java/postgresql.jar:/opt/ranger/ranger-2.8.0-admin/jisql/lib/* org.apache.util.sql.Jisql -driver postgresql -cstring jdbc:postgresql://ranger-db/ranger -u rangeradmin -p '********' -noheader -trim -c \;  -query "select version from x_db_version_h where version = 'JAVA_PATCHES' and active = 'Y';"
2026-08-07 07:24:23,262  [I] Importing DB schema to database ranger from file: ranger_core_db_postgres.sql
2026-08-07 07:24:23,262  [JISQL] /opt/java/openjdk/bin/java  -cp /usr/share/java/postgresql.jar:/opt/ranger/ranger-2.8.0-admin/jisql/lib/* org.apache.util.sql.Jisql -driver postgresql -cstring jdbc:postgresql://ranger-db/ranger -u rangeradmin -p '********' -noheader -trim -c \; -input /opt/ranger/ranger-2.8.0-admin/db/postgres/optimized/current/ranger_core_db_postgres.sql 
2026-08-07 07:24:24,484  [I] ranger_core_db_postgres.sql file imported successfully
2026-08-07 07:24:24,484  [JISQL] /opt/java/openjdk/bin/java  -cp /usr/share/java/postgresql.jar:/opt/ranger/ranger-2.8.0-admin/jisql/lib/* org.apache.util.sql.Jisql -driver postgresql -cstring jdbc:postgresql://ranger-db/ranger -u rangeradmin -p '********' -noheader -trim -c \;  -query "update x_db_version_h set inst_by='Ranger 2.8.0' where active='Y' and updated_by='localhost';"
2026-08-07 07:24:24,832  [I] Patches status entries updated from base ranger version to current installed ranger version:Ranger 2.8.0
2026-08-07 07:24:24,832  [JISQL] /opt/java/openjdk/bin/java  -cp /usr/share/java/postgresql.jar:/opt/ranger/ranger-2.8.0-admin/jisql/lib/* org.apache.util.sql.Jisql -driver postgresql -cstring jdbc:postgresql://ranger-db/ranger -u rangeradmin -p '********' -noheader -trim -c \;  -query "select * from (select table_name from information_schema.tables where table_catalog='ranger' and table_name = 'x_portal_user') as temp;"
2026-08-07 07:24:25,231  [I] Table x_portal_user already exists in database 'ranger'
2026-08-07 07:24:25,232  [JISQL] /opt/java/openjdk/bin/java  -cp /usr/share/java/postgresql.jar:/opt/ranger/ranger-2.8.0-admin/jisql/lib/* org.apache.util.sql.Jisql -driver postgresql -cstring jdbc:postgresql://ranger-db/ranger -u rangeradmin -p '********' -noheader -trim -c \;  -query "select * from (select table_name from information_schema.tables where table_catalog='ranger' and table_name = 'x_policy_ref_group') as temp;"
2026-08-07 07:24:25,638  [I] Table x_policy_ref_group already exists in database 'ranger'
2026-08-07 07:24:25,638  [JISQL] /opt/java/openjdk/bin/java  -cp /usr/share/java/postgresql.jar:/opt/ranger/ranger-2.8.0-admin/jisql/lib/* org.apache.util.sql.Jisql -driver postgresql -cstring jdbc:postgresql://ranger-db/ranger -u rangeradmin -p '********' -noheader -trim -c \;  -query "select version from x_db_version_h where version = 'DB_PATCHES' and active = 'Y';"
2026-08-07 07:24:25,967  [JISQL] /opt/java/openjdk/bin/java  -cp /usr/share/java/postgresql.jar:/opt/ranger/ranger-2.8.0-admin/jisql/lib/* org.apache.util.sql.Jisql -driver postgresql -cstring jdbc:postgresql://ranger-db/ranger -u rangeradmin -p '********' -noheader -trim -c \;  -query "select version from x_db_version_h where version = 'JAVA_PATCHES' and active = 'Y';"
2026-08-07 07:24:26,347  [JISQL] /opt/java/openjdk/bin/java  -cp /usr/share/java/postgresql.jar:/opt/ranger/ranger-2.8.0-admin/jisql/lib/* org.apache.util.sql.Jisql -driver postgresql -cstring jdbc:postgresql://ranger-db/ranger -u rangeradmin -p '********' -noheader -trim -c \;  -query "update x_db_version_h set active='Y' where version='CORE_DB_SCHEMA' and active='N' and updated_by='ranger-admin.rangernw';"
2026-08-07 07:24:26,692  [I] CORE_DB_SCHEMA import status has been updated
2026-08-07 07:24:26,692  [JISQL] /opt/java/openjdk/bin/java  -cp /usr/share/java/postgresql.jar:/opt/ranger/ranger-2.8.0-admin/jisql/lib/* org.apache.util.sql.Jisql -driver postgresql -cstring jdbc:postgresql://ranger-db/ranger -u rangeradmin -p '********' -noheader -trim -c \;  -query "select version from x_db_version_h where version = 'DB_PATCHES' and inst_by = 'Ranger 2.8.0' and active = 'Y';"
2026-08-07 07:24:27,037  [I] DB_PATCHES have already been applied
2026-08-07 07:24:27,304  [I] DB FLAVOR :POSTGRES
2026-08-07 07:24:27,304  [I] --------- Verifying Ranger DB connection ---------
2026-08-07 07:24:27,305  [I] Checking connection..
2026-08-07 07:24:27,305  [JISQL] /opt/java/openjdk/bin/java  -cp /usr/share/java/postgresql.jar:/opt/ranger/ranger-2.8.0-admin/jisql/lib/* org.apache.util.sql.Jisql -driver postgresql -cstring jdbc:postgresql://ranger-db/ranger -u rangeradmin -p '********' -noheader -trim -c \;  -query "select 1;"
2026-08-07 07:24:27,664  [I] Checking connection passed.
2026-08-07 07:24:27,664  [JISQL] /opt/java/openjdk/bin/java  -cp /usr/share/java/postgresql.jar:/opt/ranger/ranger-2.8.0-admin/jisql/lib/* org.apache.util.sql.Jisql -driver postgresql -cstring jdbc:postgresql://ranger-db/ranger -u rangeradmin -p '********' -noheader -trim -c \;  -query "select version from x_db_version_h where version = 'JAVA_PATCHES' and inst_by = 'Ranger 2.8.0' and active = 'Y';"
2026-08-07 07:24:28,042  [I] JAVA_PATCHES have already been applied
2026-08-07 07:24:28,324  [I] DB FLAVOR :POSTGRES
2026-08-07 07:24:28,325  [I] --------- Verifying Ranger DB connection ---------
2026-08-07 07:24:28,325  [I] Checking connection..
2026-08-07 07:24:28,325  [JISQL] /opt/java/openjdk/bin/java  -cp /usr/share/java/postgresql.jar:/opt/ranger/ranger-2.8.0-admin/jisql/lib/* org.apache.util.sql.Jisql -driver postgresql -cstring jdbc:postgresql://ranger-db/ranger -u rangeradmin -p '********' -noheader -trim -c \;  -query "select 1;"
2026-08-07 07:24:28,634  [I] Checking connection passed.
2026-08-07 07:24:28,635  [I] RANGER_ADMIN_ENV_PATH : /opt/ranger/ranger-2.8.0-admin
2026-08-07 07:24:28,635  [I] env_file_path : /opt/ranger/ranger-2.8.0-admin/ranger-admin-env*.sh
2026-08-07 07:24:28,636  [I] RANGER ADMIN LOG DIR : /var/log/ranger
2026-08-07 07:24:28,636  [I] LOGBACK CONF FILE : file:/opt/ranger/admin/ews/webapp/WEB-INF/classes/conf/logback.xml
2026-08-07 07:24:28,636  [JISQL] /opt/java/openjdk/bin/java  -cp /usr/share/java/postgresql.jar:/opt/ranger/ranger-2.8.0-admin/jisql/lib/* org.apache.util.sql.Jisql -driver postgresql -cstring jdbc:postgresql://ranger-db/ranger -u rangeradmin -p '********' -noheader -trim -c \;  -query "select version from x_db_version_h where version = 'DEFAULT_ALL_ADMIN_UPDATE' and active = 'Y';"
2026-08-07 07:24:29,057  [JISQL] /opt/java/openjdk/bin/java  -cp /usr/share/java/postgresql.jar:/opt/ranger/ranger-2.8.0-admin/jisql/lib/* org.apache.util.sql.Jisql -driver postgresql -cstring jdbc:postgresql://ranger-db/ranger -u rangeradmin -p '********' -noheader -trim -c \;  -query "select version from x_db_version_h where version = 'DEFAULT_ALL_ADMIN_UPDATE' and active = 'N';"
2026-08-07 07:24:29,384  [JISQL] /opt/java/openjdk/bin/java  -cp /usr/share/java/postgresql.jar:/opt/ranger/ranger-2.8.0-admin/jisql/lib/* org.apache.util.sql.Jisql -driver postgresql -cstring jdbc:postgresql://ranger-db/ranger -u rangeradmin -p '********' -noheader -trim -c \;  -query "insert into x_db_version_h (version, inst_at, inst_by, updated_at, updated_by,active) values ('DEFAULT_ALL_ADMIN_UPDATE', current_timestamp, 'Ranger 2.8.0', current_timestamp, 'ranger-admin.rangernw','N') ;"
2026-08-07 07:24:29,670  [I] Ranger all admins default password change request is in process..
[EL Warning]: metadata: 2026-08-07 07:24:36.321--ServerSession(443401609)--You have specified multiple ids for the entity class [org.apache.ranger.entity.view.VXXPrincipal] without specifying an @IdClass. By doing this you may lose the ability to find by identity, distributed cache support etc. Note: You may however use EntityManager find operations by passing a list of primary key fields. Else, you will have to use JPQL queries to read your entities. For other id options see @PrimaryKey.
2026-08-07 07:24:58,815  [JISQL] /opt/java/openjdk/bin/java  -cp /usr/share/java/postgresql.jar:/opt/ranger/ranger-2.8.0-admin/jisql/lib/* org.apache.util.sql.Jisql -driver postgresql -cstring jdbc:postgresql://ranger-db/ranger -u rangeradmin -p '********' -noheader -trim -c \;  -query "update x_db_version_h set active='Y' where version='DEFAULT_ALL_ADMIN_UPDATE' and active='N' and updated_by='ranger-admin.rangernw';"
2026-08-07 07:24:59,214  [I] Ranger all admins default password change request processed successfully..
Installation of Ranger PolicyManager Web Application is completed.
rm: cannot remove '/opt/ranger/admin/install.properties': Device or resource busy
Starting Apache Ranger Admin Service
Apache Ranger Admin Service with pid 2047 has started.
Not found. HTTP Status: 404
Not found. HTTP Status: 404
Not found. HTTP Status: 404
Not found. HTTP Status: 404
Not found. HTTP Status: 404
Not found. HTTP Status: 404
Not found. HTTP Status: 404
Not found. HTTP Status: 404
Not found. HTTP Status: 404
 dev_hdfs service created!
 dev_yarn service created!
 dev_hive service created!
 dev_hbase service created!
 dev_kafka service created!
 dev_knox service created!
 dev_kms service created!
 dev_trino service created!
 dev_ozone service created!
