datanode_1  | 	at org.apache.hadoop.ozone.protocolPB.StorageContainerDatanodeProtocolClientSideTranslatorPB.getVersion(StorageContainerDatanodeProtocolClientSideTranslatorPB.java:133)
datanode_2  | 2023-01-07 10:55:07,760 [5afdc546-e8ec-4914-a31b-2b998b311442@group-D78653B10DC4-FollowerState] INFO server.RaftServerConfigKeys: raft.server.rpc.first-election.timeout.min = 5s (fallback to raft.server.rpc.timeout.min)
scm_1       | 2023-01-07 10:54:03,690 [96d4d25d-2fe8-4ffe-90f0-9c62c868bdbc-impl-thread1] INFO server.RaftServerConfigKeys: raft.server.log.preallocated.size = 4194304 (custom)
recon_1     | 
om_1        | ]
om_1        | 
datanode_2  | 2023-01-07 10:55:07,760 [5afdc546-e8ec-4914-a31b-2b998b311442@group-D78653B10DC4-FollowerState] INFO server.RaftServerConfigKeys: raft.server.rpc.first-election.timeout.max = 5200ms (fallback to raft.server.rpc.timeout.max)
scm_1       | 2023-01-07 10:54:03,691 [96d4d25d-2fe8-4ffe-90f0-9c62c868bdbc-impl-thread1] INFO server.RaftServerConfigKeys: raft.server.log.force.sync.num = 128 (default)
recon_1     | Certificate Extensions: 3
om_1        | [2]: ObjectId: 2.5.29.15 Criticality=true
datanode_1  | 	at org.apache.hadoop.ozone.container.common.states.endpoint.VersionEndpointTask.call(VersionEndpointTask.java:69)
datanode_3  | 	at org.apache.hadoop.ozone.protocolPB.StorageContainerDatanodeProtocolClientSideTranslatorPB.submitRequest(StorageContainerDatanodeProtocolClientSideTranslatorPB.java:117)
datanode_2  | 2023-01-07 10:55:07,814 [grpc-default-executor-0] INFO server.RaftServer$Division: 5afdc546-e8ec-4914-a31b-2b998b311442@group-D78653B10DC4 replies to ELECTION vote request: de42f7a6-d30c-4f2a-8ab2-0c5c0b4e0904<-5afdc546-e8ec-4914-a31b-2b998b311442#0:OK-t1. Peer's state: 5afdc546-e8ec-4914-a31b-2b998b311442@group-D78653B10DC4:t1, leader=null, voted=de42f7a6-d30c-4f2a-8ab2-0c5c0b4e0904, raftlog=Memoized:5afdc546-e8ec-4914-a31b-2b998b311442@group-D78653B10DC4-SegmentedRaftLog:OPENED:c-1, conf=-1: peers:[5afdc546-e8ec-4914-a31b-2b998b311442|rpc:172.18.0.8:9856|admin:172.18.0.8:9857|client:172.18.0.8:9858|dataStream:172.18.0.8:9855|priority:0|startupRole:FOLLOWER, de42f7a6-d30c-4f2a-8ab2-0c5c0b4e0904|rpc:172.18.0.9:9856|admin:172.18.0.9:9857|client:172.18.0.9:9858|dataStream:172.18.0.9:9855|priority:0|startupRole:FOLLOWER, 408c39cd-1dce-4899-9b15-77521be33b67|rpc:172.18.0.5:9856|admin:172.18.0.5:9857|client:172.18.0.5:9858|dataStream:172.18.0.5:9855|priority:1|startupRole:FOLLOWER]|listeners:[], old=null
datanode_2  | 2023-01-07 10:55:09,872 [5afdc546-e8ec-4914-a31b-2b998b311442-server-thread1] INFO ratis.XceiverServerRatis: Leader change notification received for group: group-D78653B10DC4 with new leaderId: de42f7a6-d30c-4f2a-8ab2-0c5c0b4e0904
scm_1       | 2023-01-07 10:54:03,692 [96d4d25d-2fe8-4ffe-90f0-9c62c868bdbc-impl-thread1] INFO server.RaftServerConfigKeys: raft.server.log.statemachine.data.sync = true (default)
om_1        | KeyUsage [
datanode_1  | 	at org.apache.hadoop.ozone.container.common.states.endpoint.VersionEndpointTask.call(VersionEndpointTask.java:40)
datanode_3  | 	at org.apache.hadoop.ozone.protocolPB.StorageContainerDatanodeProtocolClientSideTranslatorPB.getVersion(StorageContainerDatanodeProtocolClientSideTranslatorPB.java:133)
datanode_2  | 2023-01-07 10:55:09,900 [5afdc546-e8ec-4914-a31b-2b998b311442-server-thread1] INFO server.RaftServer$Division: 5afdc546-e8ec-4914-a31b-2b998b311442@group-D78653B10DC4: change Leader from null to de42f7a6-d30c-4f2a-8ab2-0c5c0b4e0904 at term 1 for appendEntries, leader elected after 4810ms
recon_1     | [1]: ObjectId: 2.5.29.19 Criticality=true
scm_1       | 2023-01-07 10:54:03,692 [96d4d25d-2fe8-4ffe-90f0-9c62c868bdbc-impl-thread1] INFO server.RaftServerConfigKeys: raft.server.log.statemachine.data.sync.timeout = 10s (default)
om_1        |   Key_CertSign
om_1        |   Crl_Sign
datanode_3  | 	at org.apache.hadoop.ozone.container.common.states.endpoint.VersionEndpointTask.call(VersionEndpointTask.java:69)
datanode_2  | 2023-01-07 10:55:10,012 [5afdc546-e8ec-4914-a31b-2b998b311442-server-thread1] INFO server.RaftServer$Division: 5afdc546-e8ec-4914-a31b-2b998b311442@group-D78653B10DC4: set configuration 0: peers:[5afdc546-e8ec-4914-a31b-2b998b311442|rpc:172.18.0.8:9856|admin:172.18.0.8:9857|client:172.18.0.8:9858|dataStream:172.18.0.8:9855|priority:0|startupRole:FOLLOWER, de42f7a6-d30c-4f2a-8ab2-0c5c0b4e0904|rpc:172.18.0.9:9856|admin:172.18.0.9:9857|client:172.18.0.9:9858|dataStream:172.18.0.9:9855|priority:0|startupRole:FOLLOWER, 408c39cd-1dce-4899-9b15-77521be33b67|rpc:172.18.0.5:9856|admin:172.18.0.5:9857|client:172.18.0.5:9858|dataStream:172.18.0.5:9855|priority:1|startupRole:FOLLOWER]|listeners:[], old=null
scm_1       | 2023-01-07 10:54:03,693 [96d4d25d-2fe8-4ffe-90f0-9c62c868bdbc-impl-thread1] INFO server.RaftServerConfigKeys: raft.server.log.statemachine.data.sync.timeout.retry = -1 (default)
om_1        | ]
datanode_1  | 	at java.base/java.util.concurrent.FutureTask.run(FutureTask.java:264)
datanode_3  | 	at org.apache.hadoop.ozone.container.common.states.endpoint.VersionEndpointTask.call(VersionEndpointTask.java:40)
datanode_2  | 2023-01-07 10:55:10,099 [5afdc546-e8ec-4914-a31b-2b998b311442-server-thread1] INFO segmented.SegmentedRaftLogWorker: 5afdc546-e8ec-4914-a31b-2b998b311442@group-D78653B10DC4-SegmentedRaftLogWorker: Starting segment from index:0
datanode_1  | 	at java.base/java.util.concurrent.ThreadPoolExecutor.runWorker(ThreadPoolExecutor.java:1128)
datanode_3  | 	at java.base/java.util.concurrent.FutureTask.run(FutureTask.java:264)
datanode_3  | 	at java.base/java.util.concurrent.ThreadPoolExecutor.runWorker(ThreadPoolExecutor.java:1128)
datanode_3  | 	at java.base/java.util.concurrent.ThreadPoolExecutor$Worker.run(ThreadPoolExecutor.java:628)
datanode_3  | 	at java.base/java.lang.Thread.run(Thread.java:829)
datanode_3  | Caused by: java.io.IOException: java.net.SocketTimeoutException: 5000 millis timeout while waiting for channel to be ready for read. ch : java.nio.channels.SocketChannel[connected local=/172.18.0.5:59978 remote=recon/172.18.0.7:9891]
datanode_1  | 	at java.base/java.util.concurrent.ThreadPoolExecutor$Worker.run(ThreadPoolExecutor.java:628)
datanode_1  | 	at java.base/java.lang.Thread.run(Thread.java:829)
datanode_1  | Caused by: java.io.IOException: java.net.SocketTimeoutException: 5000 millis timeout while waiting for channel to be ready for read. ch : java.nio.channels.SocketChannel[connected local=/172.18.0.9:34392 remote=recon/172.18.0.7:9891]
datanode_1  | 	at org.apache.hadoop.ipc.Client$Connection$1.run(Client.java:798)
datanode_1  | 	at java.base/java.security.AccessController.doPrivileged(Native Method)
datanode_1  | 	at java.base/javax.security.auth.Subject.doAs(Subject.java:423)
datanode_1  | 	at org.apache.hadoop.security.UserGroupInformation.doAs(UserGroupInformation.java:1878)
recon_1     | BasicConstraints:[
recon_1     |   CA:true
recon_1     |   PathLen:2147483647
scm_1       | 2023-01-07 10:54:03,736 [96d4d25d-2fe8-4ffe-90f0-9c62c868bdbc-impl-thread1] INFO server.RaftServerConfigKeys: raft.server.log.write.buffer.size = 64KB (=65536) (default)
scm_1       | 2023-01-07 10:54:03,736 [96d4d25d-2fe8-4ffe-90f0-9c62c868bdbc-impl-thread1] INFO server.RaftServerConfigKeys: raft.server.log.appender.buffer.byte-limit = 33554432 (custom)
scm_1       | 2023-01-07 10:54:03,758 [96d4d25d-2fe8-4ffe-90f0-9c62c868bdbc-impl-thread1] INFO server.RaftServerConfigKeys: raft.server.log.unsafe-flush.enabled = false (default)
datanode_2  | 2023-01-07 10:55:10,848 [5afdc546-e8ec-4914-a31b-2b998b311442@group-D78653B10DC4-SegmentedRaftLogWorker] INFO segmented.SegmentedRaftLogWorker: 5afdc546-e8ec-4914-a31b-2b998b311442@group-D78653B10DC4-SegmentedRaftLogWorker: created new log segment /data/metadata/ratis/e33d5305-72c3-4374-b488-d78653b10dc4/current/log_inprogress_0
datanode_3  | 	at org.apache.hadoop.ipc.Client$Connection$1.run(Client.java:798)
datanode_1  | 	at org.apache.hadoop.ipc.Client$Connection.handleSaslConnectionFailure(Client.java:752)
datanode_1  | 	at org.apache.hadoop.ipc.Client$Connection.setupIOstreams(Client.java:856)
datanode_2  | 2023-01-07 10:55:17,361 [grpc-default-executor-1] INFO server.GrpcServerProtocolService: 5afdc546-e8ec-4914-a31b-2b998b311442: Completed APPEND_ENTRIES, lastRequest: null
recon_1     | ]
scm_1       | 2023-01-07 10:54:03,759 [96d4d25d-2fe8-4ffe-90f0-9c62c868bdbc-impl-thread1] INFO server.RaftServerConfigKeys: raft.server.log.async-flush.enabled = false (default)
scm_1       | 2023-01-07 10:54:03,759 [96d4d25d-2fe8-4ffe-90f0-9c62c868bdbc-impl-thread1] INFO server.RaftServerConfigKeys: raft.server.log.statemachine.data.caching.enabled = false (default)
datanode_1  | 	at org.apache.hadoop.ipc.Client$Connection.access$3800(Client.java:414)
om_1        | 
datanode_2  | 2023-01-07 10:55:17,815 [grpc-default-executor-1] INFO server.RaftServer$Division: 5afdc546-e8ec-4914-a31b-2b998b311442@group-D78653B10DC4: receive requestVote(ELECTION, 408c39cd-1dce-4899-9b15-77521be33b67, group-D78653B10DC4, 2, (t:1, i:0))
recon_1     | 
scm_1       | 2023-01-07 10:54:03,766 [96d4d25d-2fe8-4ffe-90f0-9c62c868bdbc-impl-thread1] INFO segmented.SegmentedRaftLogWorker: 96d4d25d-2fe8-4ffe-90f0-9c62c868bdbc@group-066667D528AA-SegmentedRaftLogWorker: flushIndex: setUnconditionally 0 -> -1
scm_1       | 2023-01-07 10:54:03,766 [96d4d25d-2fe8-4ffe-90f0-9c62c868bdbc-impl-thread1] INFO segmented.SegmentedRaftLogWorker: 96d4d25d-2fe8-4ffe-90f0-9c62c868bdbc@group-066667D528AA-SegmentedRaftLogWorker: safeCacheEvictIndex: setUnconditionally 0 -> -1
datanode_3  | 	at java.base/java.security.AccessController.doPrivileged(Native Method)
datanode_3  | 	at java.base/javax.security.auth.Subject.doAs(Subject.java:423)
datanode_1  | 	at org.apache.hadoop.ipc.Client.getConnection(Client.java:1677)
om_1        | [3]: ObjectId: 2.5.29.17 Criticality=false
datanode_2  | 2023-01-07 10:55:17,818 [grpc-default-executor-1] INFO impl.VoteContext: 5afdc546-e8ec-4914-a31b-2b998b311442@group-D78653B10DC4-FOLLOWER: accept ELECTION from 408c39cd-1dce-4899-9b15-77521be33b67: our priority 0 <= candidate's priority 1
recon_1     | [2]: ObjectId: 2.5.29.15 Criticality=true
recon_1     | KeyUsage [
recon_1     |   DigitalSignature
recon_1     |   Key_Encipherment
recon_1     |   Data_Encipherment
recon_1     |   Key_Agreement
recon_1     |   Key_CertSign
om_1        | SubjectAlternativeName [
om_1        |   IPAddress: 172.18.0.4
om_1        | ]
datanode_2  | 2023-01-07 10:55:17,821 [grpc-default-executor-1] INFO server.RaftServer$Division: 5afdc546-e8ec-4914-a31b-2b998b311442@group-D78653B10DC4: change Leader from de42f7a6-d30c-4f2a-8ab2-0c5c0b4e0904 to null at term 2 for updateCurrentTerm
datanode_2  | 2023-01-07 10:55:17,822 [grpc-default-executor-1] INFO server.RaftServer$Division: 5afdc546-e8ec-4914-a31b-2b998b311442@group-D78653B10DC4: changes role from  FOLLOWER to FOLLOWER at term 2 for candidate:408c39cd-1dce-4899-9b15-77521be33b67
om_1        | 
datanode_2  | 2023-01-07 10:55:17,822 [grpc-default-executor-1] INFO impl.RoleInfo: 5afdc546-e8ec-4914-a31b-2b998b311442: shutdown 5afdc546-e8ec-4914-a31b-2b998b311442@group-D78653B10DC4-FollowerState
om_1        | ]
datanode_2  | 2023-01-07 10:55:17,823 [grpc-default-executor-1] INFO impl.RoleInfo: 5afdc546-e8ec-4914-a31b-2b998b311442: start 5afdc546-e8ec-4914-a31b-2b998b311442@group-D78653B10DC4-FollowerState
om_1        |   Algorithm: [SHA256withRSA]
recon_1     |   Crl_Sign
datanode_2  | 2023-01-07 10:55:17,831 [grpc-default-executor-1] INFO server.RaftServer$Division: 5afdc546-e8ec-4914-a31b-2b998b311442@group-D78653B10DC4 replies to ELECTION vote request: 408c39cd-1dce-4899-9b15-77521be33b67<-5afdc546-e8ec-4914-a31b-2b998b311442#0:OK-t2. Peer's state: 5afdc546-e8ec-4914-a31b-2b998b311442@group-D78653B10DC4:t2, leader=null, voted=408c39cd-1dce-4899-9b15-77521be33b67, raftlog=Memoized:5afdc546-e8ec-4914-a31b-2b998b311442@group-D78653B10DC4-SegmentedRaftLog:OPENED:c0, conf=0: peers:[5afdc546-e8ec-4914-a31b-2b998b311442|rpc:172.18.0.8:9856|admin:172.18.0.8:9857|client:172.18.0.8:9858|dataStream:172.18.0.8:9855|priority:0|startupRole:FOLLOWER, de42f7a6-d30c-4f2a-8ab2-0c5c0b4e0904|rpc:172.18.0.9:9856|admin:172.18.0.9:9857|client:172.18.0.9:9858|dataStream:172.18.0.9:9855|priority:0|startupRole:FOLLOWER, 408c39cd-1dce-4899-9b15-77521be33b67|rpc:172.18.0.5:9856|admin:172.18.0.5:9857|client:172.18.0.5:9858|dataStream:172.18.0.5:9855|priority:1|startupRole:FOLLOWER]|listeners:[], old=null
om_1        |   Signature:
om_1        | 0000: B6 1D C5 80 DD B3 C9 4C   7C FA AA A9 C7 F8 12 B9  .......L........
datanode_2  | 2023-01-07 10:55:17,823 [5afdc546-e8ec-4914-a31b-2b998b311442@group-D78653B10DC4-FollowerState] INFO impl.FollowerState: 5afdc546-e8ec-4914-a31b-2b998b311442@group-D78653B10DC4-FollowerState was interrupted
datanode_2  | 2023-01-07 10:55:17,919 [grpc-default-executor-0] INFO server.GrpcServerProtocolService: 5afdc546-e8ec-4914-a31b-2b998b311442: Completed APPEND_ENTRIES, lastRequest: de42f7a6-d30c-4f2a-8ab2-0c5c0b4e0904->5afdc546-e8ec-4914-a31b-2b998b311442#1-t1,previous=(t:0, i:0),leaderCommit=-1,initializing? true,entries: size=1, first=(t:1, i:0), CONFIGURATIONENTRY(current:id: "5afdc546-e8ec-4914-a31b-2b998b311442"
recon_1     | ]
scm_1       | 2023-01-07 10:54:03,768 [96d4d25d-2fe8-4ffe-90f0-9c62c868bdbc-impl-thread1] INFO server.RaftServer$Division: 96d4d25d-2fe8-4ffe-90f0-9c62c868bdbc@group-066667D528AA: start as a follower, conf=-1: peers:[96d4d25d-2fe8-4ffe-90f0-9c62c868bdbc|rpc:scm:9894|priority:0|startupRole:FOLLOWER]|listeners:[], old=null
scm_1       | 2023-01-07 10:54:03,771 [96d4d25d-2fe8-4ffe-90f0-9c62c868bdbc-impl-thread1] INFO server.RaftServer$Division: 96d4d25d-2fe8-4ffe-90f0-9c62c868bdbc@group-066667D528AA: changes role from      null to FOLLOWER at term 0 for startAsFollower
scm_1       | 2023-01-07 10:54:03,773 [96d4d25d-2fe8-4ffe-90f0-9c62c868bdbc-impl-thread1] INFO impl.RoleInfo: 96d4d25d-2fe8-4ffe-90f0-9c62c868bdbc: start 96d4d25d-2fe8-4ffe-90f0-9c62c868bdbc@group-066667D528AA-FollowerState
scm_1       | 2023-01-07 10:54:03,782 [96d4d25d-2fe8-4ffe-90f0-9c62c868bdbc-impl-thread1] INFO util.JmxRegister: Successfully registered JMX Bean with object name Ratis:service=RaftServer,group=group-066667D528AA,id=96d4d25d-2fe8-4ffe-90f0-9c62c868bdbc
scm_1       | 2023-01-07 10:54:03,784 [96d4d25d-2fe8-4ffe-90f0-9c62c868bdbc-impl-thread1] INFO server.RaftServerConfigKeys: raft.server.snapshot.auto.trigger.enabled = true (custom)
scm_1       | 2023-01-07 10:54:03,785 [96d4d25d-2fe8-4ffe-90f0-9c62c868bdbc-impl-thread1] INFO server.RaftServerConfigKeys: raft.server.snapshot.auto.trigger.threshold = 1000 (custom)
scm_1       | 2023-01-07 10:54:03,785 [96d4d25d-2fe8-4ffe-90f0-9c62c868bdbc-impl-thread1] INFO server.RaftServerConfigKeys: raft.server.snapshot.retention.file.num = -1 (default)
scm_1       | 2023-01-07 10:54:03,786 [96d4d25d-2fe8-4ffe-90f0-9c62c868bdbc-impl-thread1] INFO server.RaftServerConfigKeys: raft.server.log.purge.upto.snapshot.index = false (default)
scm_1       | 2023-01-07 10:54:03,788 [96d4d25d-2fe8-4ffe-90f0-9c62c868bdbc@group-066667D528AA-FollowerState] INFO server.RaftServerConfigKeys: raft.server.rpc.first-election.timeout.min = 5000ms (fallback to raft.server.rpc.timeout.min)
scm_1       | 2023-01-07 10:54:03,788 [96d4d25d-2fe8-4ffe-90f0-9c62c868bdbc@group-066667D528AA-FollowerState] INFO server.RaftServerConfigKeys: raft.server.rpc.first-election.timeout.max = 5200ms (fallback to raft.server.rpc.timeout.max)
scm_1       | 2023-01-07 10:54:03,802 [main] INFO server.RaftServer: 96d4d25d-2fe8-4ffe-90f0-9c62c868bdbc: start RPC server
scm_1       | 2023-01-07 10:54:03,815 [main] INFO server.GrpcService: 96d4d25d-2fe8-4ffe-90f0-9c62c868bdbc: GrpcService started, listening on 9894
scm_1       | 2023-01-07 10:54:03,818 [JvmPauseMonitor0] INFO util.JvmPauseMonitor: JvmPauseMonitor-96d4d25d-2fe8-4ffe-90f0-9c62c868bdbc: Started
scm_1       | 2023-01-07 10:54:08,876 [96d4d25d-2fe8-4ffe-90f0-9c62c868bdbc@group-066667D528AA-FollowerState] INFO impl.FollowerState: 96d4d25d-2fe8-4ffe-90f0-9c62c868bdbc@group-066667D528AA-FollowerState: change to CANDIDATE, lastRpcElapsedTime:5103059385ns, electionTimeout:5086ms
scm_1       | 2023-01-07 10:54:08,877 [96d4d25d-2fe8-4ffe-90f0-9c62c868bdbc@group-066667D528AA-FollowerState] INFO impl.RoleInfo: 96d4d25d-2fe8-4ffe-90f0-9c62c868bdbc: shutdown 96d4d25d-2fe8-4ffe-90f0-9c62c868bdbc@group-066667D528AA-FollowerState
scm_1       | 2023-01-07 10:54:08,878 [96d4d25d-2fe8-4ffe-90f0-9c62c868bdbc@group-066667D528AA-FollowerState] INFO server.RaftServer$Division: 96d4d25d-2fe8-4ffe-90f0-9c62c868bdbc@group-066667D528AA: changes role from  FOLLOWER to CANDIDATE at term 0 for changeToCandidate
scm_1       | 2023-01-07 10:54:08,880 [96d4d25d-2fe8-4ffe-90f0-9c62c868bdbc@group-066667D528AA-FollowerState] INFO server.RaftServerConfigKeys: raft.server.leaderelection.pre-vote = false (custom)
scm_1       | 2023-01-07 10:54:08,881 [96d4d25d-2fe8-4ffe-90f0-9c62c868bdbc@group-066667D528AA-FollowerState] INFO impl.RoleInfo: 96d4d25d-2fe8-4ffe-90f0-9c62c868bdbc: start 96d4d25d-2fe8-4ffe-90f0-9c62c868bdbc@group-066667D528AA-LeaderElection1
scm_1       | 2023-01-07 10:54:08,886 [96d4d25d-2fe8-4ffe-90f0-9c62c868bdbc@group-066667D528AA-LeaderElection1] INFO impl.LeaderElection: 96d4d25d-2fe8-4ffe-90f0-9c62c868bdbc@group-066667D528AA-LeaderElection1 ELECTION round 0: submit vote requests at term 1 for -1: peers:[96d4d25d-2fe8-4ffe-90f0-9c62c868bdbc|rpc:scm:9894|priority:0|startupRole:FOLLOWER]|listeners:[], old=null
scm_1       | 2023-01-07 10:54:08,888 [96d4d25d-2fe8-4ffe-90f0-9c62c868bdbc@group-066667D528AA-LeaderElection1] INFO impl.LeaderElection: 96d4d25d-2fe8-4ffe-90f0-9c62c868bdbc@group-066667D528AA-LeaderElection1 ELECTION round 0: result PASSED (term=1)
scm_1       | 2023-01-07 10:54:08,888 [96d4d25d-2fe8-4ffe-90f0-9c62c868bdbc@group-066667D528AA-LeaderElection1] INFO impl.RoleInfo: 96d4d25d-2fe8-4ffe-90f0-9c62c868bdbc: shutdown 96d4d25d-2fe8-4ffe-90f0-9c62c868bdbc@group-066667D528AA-LeaderElection1
scm_1       | 2023-01-07 10:54:08,889 [96d4d25d-2fe8-4ffe-90f0-9c62c868bdbc@group-066667D528AA-LeaderElection1] INFO server.RaftServer$Division: 96d4d25d-2fe8-4ffe-90f0-9c62c868bdbc@group-066667D528AA: changes role from CANDIDATE to LEADER at term 1 for changeToLeader
scm_1       | 2023-01-07 10:54:08,889 [96d4d25d-2fe8-4ffe-90f0-9c62c868bdbc@group-066667D528AA-LeaderElection1] INFO server.RaftServer$Division: 96d4d25d-2fe8-4ffe-90f0-9c62c868bdbc@group-066667D528AA: change Leader from null to 96d4d25d-2fe8-4ffe-90f0-9c62c868bdbc at term 1 for becomeLeader, leader elected after 5363ms
scm_1       | 2023-01-07 10:54:08,896 [96d4d25d-2fe8-4ffe-90f0-9c62c868bdbc@group-066667D528AA-LeaderElection1] INFO server.RaftServerConfigKeys: raft.server.staging.catchup.gap = 1000 (default)
scm_1       | 2023-01-07 10:54:08,901 [96d4d25d-2fe8-4ffe-90f0-9c62c868bdbc@group-066667D528AA-LeaderElection1] INFO server.RaftServerConfigKeys: raft.server.write.element-limit = 4096 (default)
scm_1       | 2023-01-07 10:54:08,901 [96d4d25d-2fe8-4ffe-90f0-9c62c868bdbc@group-066667D528AA-LeaderElection1] INFO server.RaftServerConfigKeys: raft.server.write.byte-limit = 64MB (=67108864) (default)
scm_1       | 2023-01-07 10:54:08,907 [96d4d25d-2fe8-4ffe-90f0-9c62c868bdbc@group-066667D528AA-LeaderElection1] INFO server.RaftServerConfigKeys: raft.server.watch.timeout = 10s (default)
scm_1       | 2023-01-07 10:54:08,908 [96d4d25d-2fe8-4ffe-90f0-9c62c868bdbc@group-066667D528AA-LeaderElection1] INFO server.RaftServerConfigKeys: raft.server.watch.timeout.denomination = 1s (default)
scm_1       | 2023-01-07 10:54:08,908 [96d4d25d-2fe8-4ffe-90f0-9c62c868bdbc@group-066667D528AA-LeaderElection1] INFO server.RaftServerConfigKeys: raft.server.watch.element-limit = 65536 (default)
scm_1       | 2023-01-07 10:54:08,914 [96d4d25d-2fe8-4ffe-90f0-9c62c868bdbc@group-066667D528AA-LeaderElection1] INFO server.RaftServerConfigKeys: raft.server.write.element-limit = 4096 (default)
scm_1       | 2023-01-07 10:54:08,915 [96d4d25d-2fe8-4ffe-90f0-9c62c868bdbc@group-066667D528AA-LeaderElection1] INFO server.RaftServerConfigKeys: raft.server.write.follower.gap.ratio.max = -1.0 (default)
scm_1       | 2023-01-07 10:54:08,917 [96d4d25d-2fe8-4ffe-90f0-9c62c868bdbc@group-066667D528AA-LeaderElection1] INFO impl.RoleInfo: 96d4d25d-2fe8-4ffe-90f0-9c62c868bdbc: start 96d4d25d-2fe8-4ffe-90f0-9c62c868bdbc@group-066667D528AA-LeaderStateImpl
datanode_1  | 	at org.apache.hadoop.ipc.Client.call(Client.java:1502)
datanode_1  | 	... 12 more
datanode_1  | Caused by: java.net.SocketTimeoutException: 5000 millis timeout while waiting for channel to be ready for read. ch : java.nio.channels.SocketChannel[connected local=/172.18.0.9:34392 remote=recon/172.18.0.7:9891]
datanode_1  | 	at org.apache.hadoop.net.SocketIOWithTimeout.doIO(SocketIOWithTimeout.java:163)
datanode_1  | 	at org.apache.hadoop.net.SocketInputStream.read(SocketInputStream.java:161)
datanode_1  | 	at org.apache.hadoop.net.SocketInputStream.read(SocketInputStream.java:131)
datanode_1  | 	at java.base/java.io.FilterInputStream.read(FilterInputStream.java:133)
datanode_1  | 	at java.base/java.io.BufferedInputStream.fill(BufferedInputStream.java:252)
datanode_1  | 	at java.base/java.io.BufferedInputStream.read(BufferedInputStream.java:271)
datanode_1  | 	at java.base/java.io.DataInputStream.readInt(DataInputStream.java:392)
datanode_1  | 	at org.apache.hadoop.ipc.Client$IpcStreams.readResponse(Client.java:1922)
datanode_1  | 	at org.apache.hadoop.security.SaslRpcClient.saslConnect(SaslRpcClient.java:367)
datanode_1  | 	at org.apache.hadoop.ipc.Client$Connection.setupSaslConnection(Client.java:623)
datanode_1  | 	at org.apache.hadoop.ipc.Client$Connection.access$2300(Client.java:414)
datanode_1  | 	at org.apache.hadoop.ipc.Client$Connection$2.run(Client.java:843)
datanode_1  | 	at org.apache.hadoop.ipc.Client$Connection$2.run(Client.java:839)
datanode_1  | 	at java.base/java.security.AccessController.doPrivileged(Native Method)
datanode_1  | 	at java.base/javax.security.auth.Subject.doAs(Subject.java:423)
datanode_1  | 	at org.apache.hadoop.security.UserGroupInformation.doAs(UserGroupInformation.java:1878)
datanode_1  | 	at org.apache.hadoop.ipc.Client$Connection.setupIOstreams(Client.java:839)
datanode_1  | 	... 15 more
datanode_1  | 2023-01-07 10:55:05,886 [de42f7a6-d30c-4f2a-8ab2-0c5c0b4e0904@group-D78653B10DC4-FollowerState] INFO impl.FollowerState: de42f7a6-d30c-4f2a-8ab2-0c5c0b4e0904@group-D78653B10DC4-FollowerState: change to CANDIDATE, lastRpcElapsedTime:5182869586ns, electionTimeout:5110ms
datanode_1  | 2023-01-07 10:55:05,887 [de42f7a6-d30c-4f2a-8ab2-0c5c0b4e0904@group-D78653B10DC4-FollowerState] INFO impl.RoleInfo: de42f7a6-d30c-4f2a-8ab2-0c5c0b4e0904: shutdown de42f7a6-d30c-4f2a-8ab2-0c5c0b4e0904@group-D78653B10DC4-FollowerState
datanode_1  | 2023-01-07 10:55:05,888 [de42f7a6-d30c-4f2a-8ab2-0c5c0b4e0904@group-D78653B10DC4-FollowerState] INFO server.RaftServer$Division: de42f7a6-d30c-4f2a-8ab2-0c5c0b4e0904@group-D78653B10DC4: changes role from  FOLLOWER to CANDIDATE at term 0 for changeToCandidate
datanode_1  | 2023-01-07 10:55:05,917 [de42f7a6-d30c-4f2a-8ab2-0c5c0b4e0904@group-D78653B10DC4-FollowerState] INFO server.RaftServerConfigKeys: raft.server.leaderelection.pre-vote = false (custom)
datanode_1  | 2023-01-07 10:55:05,924 [de42f7a6-d30c-4f2a-8ab2-0c5c0b4e0904@group-D78653B10DC4-FollowerState] INFO impl.RoleInfo: de42f7a6-d30c-4f2a-8ab2-0c5c0b4e0904: start de42f7a6-d30c-4f2a-8ab2-0c5c0b4e0904@group-D78653B10DC4-LeaderElection1
datanode_1  | 2023-01-07 10:55:05,956 [de42f7a6-d30c-4f2a-8ab2-0c5c0b4e0904@group-D78653B10DC4-LeaderElection1] INFO impl.LeaderElection: de42f7a6-d30c-4f2a-8ab2-0c5c0b4e0904@group-D78653B10DC4-LeaderElection1 ELECTION round 0: submit vote requests at term 1 for -1: peers:[5afdc546-e8ec-4914-a31b-2b998b311442|rpc:172.18.0.8:9856|admin:172.18.0.8:9857|client:172.18.0.8:9858|dataStream:172.18.0.8:9855|priority:0|startupRole:FOLLOWER, de42f7a6-d30c-4f2a-8ab2-0c5c0b4e0904|rpc:172.18.0.9:9856|admin:172.18.0.9:9857|client:172.18.0.9:9858|dataStream:172.18.0.9:9855|priority:0|startupRole:FOLLOWER, 408c39cd-1dce-4899-9b15-77521be33b67|rpc:172.18.0.5:9856|admin:172.18.0.5:9857|client:172.18.0.5:9858|dataStream:172.18.0.5:9855|priority:1|startupRole:FOLLOWER]|listeners:[], old=null
datanode_1  | 2023-01-07 10:55:06,002 [de42f7a6-d30c-4f2a-8ab2-0c5c0b4e0904@group-D78653B10DC4-LeaderElection1] INFO server.RaftServerConfigKeys: raft.server.rpc.first-election.timeout.min = 5s (fallback to raft.server.rpc.timeout.min)
datanode_1  | 2023-01-07 10:55:06,002 [de42f7a6-d30c-4f2a-8ab2-0c5c0b4e0904@group-D78653B10DC4-LeaderElection1] INFO server.RaftServerConfigKeys: raft.server.rpc.first-election.timeout.max = 5200ms (fallback to raft.server.rpc.timeout.max)
datanode_1  | 2023-01-07 10:55:06,026 [de42f7a6-d30c-4f2a-8ab2-0c5c0b4e0904@group-D78653B10DC4-LeaderElection1-2] INFO server.GrpcServerProtocolClient: Build channel for 408c39cd-1dce-4899-9b15-77521be33b67
datanode_1  | 2023-01-07 10:55:06,026 [de42f7a6-d30c-4f2a-8ab2-0c5c0b4e0904@group-D78653B10DC4-LeaderElection1-1] INFO server.GrpcServerProtocolClient: Build channel for 5afdc546-e8ec-4914-a31b-2b998b311442
datanode_1  | 2023-01-07 10:55:06,998 [Command processor thread] INFO netty.NettyConfigKeys$DataStream: setTlsConf GrpcTlsConfig2-
datanode_1  | 2023-01-07 10:55:08,951 [de42f7a6-d30c-4f2a-8ab2-0c5c0b4e0904@group-D78653B10DC4-LeaderElection1] INFO impl.LeaderElection: de42f7a6-d30c-4f2a-8ab2-0c5c0b4e0904@group-D78653B10DC4-LeaderElection1 got exception when requesting votes: java.util.concurrent.ExecutionException: org.apache.ratis.thirdparty.io.grpc.StatusRuntimeException: INTERNAL: 408c39cd-1dce-4899-9b15-77521be33b67: group-D78653B10DC4 not found.
datanode_1  | 2023-01-07 10:55:08,953 [de42f7a6-d30c-4f2a-8ab2-0c5c0b4e0904@group-D78653B10DC4-LeaderElection1] INFO impl.LeaderElection: de42f7a6-d30c-4f2a-8ab2-0c5c0b4e0904@group-D78653B10DC4-LeaderElection1: ELECTION PASSED received 1 response(s) and 1 exception(s):
datanode_1  | 2023-01-07 10:55:08,955 [de42f7a6-d30c-4f2a-8ab2-0c5c0b4e0904@group-D78653B10DC4-LeaderElection1] INFO impl.LeaderElection:   Response 0: de42f7a6-d30c-4f2a-8ab2-0c5c0b4e0904<-5afdc546-e8ec-4914-a31b-2b998b311442#0:OK-t1
datanode_1  | 2023-01-07 10:55:08,958 [de42f7a6-d30c-4f2a-8ab2-0c5c0b4e0904@group-D78653B10DC4-LeaderElection1] INFO impl.LeaderElection:   Exception 1: java.util.concurrent.ExecutionException: org.apache.ratis.thirdparty.io.grpc.StatusRuntimeException: INTERNAL: 408c39cd-1dce-4899-9b15-77521be33b67: group-D78653B10DC4 not found.
datanode_1  | 2023-01-07 10:55:08,960 [de42f7a6-d30c-4f2a-8ab2-0c5c0b4e0904@group-D78653B10DC4-LeaderElection1] INFO impl.LeaderElection: de42f7a6-d30c-4f2a-8ab2-0c5c0b4e0904@group-D78653B10DC4-LeaderElection1 ELECTION round 0: result PASSED
datanode_1  | 2023-01-07 10:55:08,964 [de42f7a6-d30c-4f2a-8ab2-0c5c0b4e0904@group-D78653B10DC4-LeaderElection1] INFO impl.RoleInfo: de42f7a6-d30c-4f2a-8ab2-0c5c0b4e0904: shutdown de42f7a6-d30c-4f2a-8ab2-0c5c0b4e0904@group-D78653B10DC4-LeaderElection1
datanode_1  | 2023-01-07 10:55:08,967 [de42f7a6-d30c-4f2a-8ab2-0c5c0b4e0904@group-D78653B10DC4-LeaderElection1] INFO server.RaftServer$Division: de42f7a6-d30c-4f2a-8ab2-0c5c0b4e0904@group-D78653B10DC4: changes role from CANDIDATE to LEADER at term 1 for changeToLeader
datanode_1  | 2023-01-07 10:55:08,972 [de42f7a6-d30c-4f2a-8ab2-0c5c0b4e0904@group-D78653B10DC4-LeaderElection1] INFO ratis.XceiverServerRatis: Leader change notification received for group: group-D78653B10DC4 with new leaderId: de42f7a6-d30c-4f2a-8ab2-0c5c0b4e0904
datanode_1  | 2023-01-07 10:55:08,974 [de42f7a6-d30c-4f2a-8ab2-0c5c0b4e0904@group-D78653B10DC4-LeaderElection1] INFO server.RaftServer$Division: de42f7a6-d30c-4f2a-8ab2-0c5c0b4e0904@group-D78653B10DC4: change Leader from null to de42f7a6-d30c-4f2a-8ab2-0c5c0b4e0904 at term 1 for becomeLeader, leader elected after 8913ms
datanode_1  | 2023-01-07 10:55:09,009 [de42f7a6-d30c-4f2a-8ab2-0c5c0b4e0904@group-D78653B10DC4-LeaderElection1] INFO server.RaftServerConfigKeys: raft.server.staging.catchup.gap = 1000 (default)
datanode_1  | 2023-01-07 10:55:09,027 [de42f7a6-d30c-4f2a-8ab2-0c5c0b4e0904@group-D78653B10DC4-LeaderElection1] INFO server.RaftServerConfigKeys: raft.server.write.element-limit = 1024 (custom)
datanode_1  | 2023-01-07 10:55:09,029 [de42f7a6-d30c-4f2a-8ab2-0c5c0b4e0904@group-D78653B10DC4-LeaderElection1] INFO server.RaftServerConfigKeys: raft.server.write.byte-limit = 1024 M (=1073741824) (custom)
datanode_1  | 2023-01-07 10:55:09,040 [de42f7a6-d30c-4f2a-8ab2-0c5c0b4e0904@group-D78653B10DC4-LeaderElection1] INFO server.RaftServerConfigKeys: raft.server.watch.timeout = 180s (custom)
datanode_1  | 2023-01-07 10:55:09,041 [de42f7a6-d30c-4f2a-8ab2-0c5c0b4e0904@group-D78653B10DC4-LeaderElection1] INFO server.RaftServerConfigKeys: raft.server.watch.timeout.denomination = 1s (default)
om_1        | 0010: 08 78 C4 FD F7 F6 C2 2F   A8 80 DA 25 3B C5 06 7A  .x...../...%;..z
om_1        | 0020: 49 94 4B E1 CD D3 84 49   9B 19 D3 54 0B CF 42 77  I.K....I...T..Bw
om_1        | 0030: 21 5D 93 E4 D6 38 0F 60   B7 9E F5 E4 4F 78 F7 5D  !]...8.`....Ox.]
om_1        | 0040: DB 48 FB 38 13 B7 15 65   BC 8F D7 AA 07 42 BF D3  .H.8...e.....B..
om_1        | 0050: 53 61 C9 F6 91 0C 13 9A   FF 11 02 81 4C C8 E3 E4  Sa..........L...
om_1        | 0060: 83 1D 1D 5C 11 84 34 31   1D 8C CF D9 B3 72 0C E6  ...\..41.....r..
om_1        | 0070: 80 E6 FF 14 FF 58 7C 4C   B3 8C D9 15 92 01 DF 25  .....X.L.......%
recon_1     | 
recon_1     | [3]: ObjectId: 2.5.29.17 Criticality=false
recon_1     | SubjectAlternativeName [
recon_1     |   IPAddress: 172.18.0.4
recon_1     | ]
recon_1     | 
recon_1     | ]
recon_1     |   Algorithm: [SHA256withRSA]
recon_1     |   Signature:
recon_1     | 0000: A0 8E A2 3A C1 EF A4 42   A4 30 3F D8 E5 4A A1 2B  ...:...B.0?..J.+
recon_1     | 0010: D4 29 4C 8A FF F4 8C 2E   A2 C2 A9 25 8A F2 BE 8E  .)L........%....
recon_1     | 0020: 0E 0A D1 E7 9D C4 64 51   48 74 8A 58 2A E3 55 98  ......dQHt.X*.U.
recon_1     | 0030: FE 3A 8C D3 85 8A 52 57   AA 24 74 E2 6B D7 79 D6  .:....RW.$t.k.y.
recon_1     | 0040: 55 FD 65 0A 9F FB FD 86   02 17 B8 7C 8F 09 44 3D  U.e...........D=
recon_1     | 0050: 56 F9 AC B5 70 F6 14 A7   81 5B 4D 88 F2 63 95 3F  V...p....[M..c.?
recon_1     | 0060: 6C E9 8F BE 3B 60 42 B2   AA B7 D0 B9 DC 63 A3 54  l...;`B......c.T
recon_1     | 0070: 35 25 B1 52 A2 12 84 13   DC 0A D6 58 66 64 D0 EB  5%.R.......Xfd..
recon_1     | 0080: 19 39 04 C0 4F 9F F8 DC   BA 0B D7 92 C1 F1 B9 21  .9..O..........!
datanode_3  | 	at org.apache.hadoop.security.UserGroupInformation.doAs(UserGroupInformation.java:1878)
datanode_3  | 	at org.apache.hadoop.ipc.Client$Connection.handleSaslConnectionFailure(Client.java:752)
datanode_3  | 	at org.apache.hadoop.ipc.Client$Connection.setupIOstreams(Client.java:856)
datanode_3  | 	at org.apache.hadoop.ipc.Client$Connection.access$3800(Client.java:414)
datanode_3  | 	at org.apache.hadoop.ipc.Client.getConnection(Client.java:1677)
datanode_3  | 	at org.apache.hadoop.ipc.Client.call(Client.java:1502)
datanode_3  | 	... 12 more
datanode_3  | Caused by: java.net.SocketTimeoutException: 5000 millis timeout while waiting for channel to be ready for read. ch : java.nio.channels.SocketChannel[connected local=/172.18.0.5:59978 remote=recon/172.18.0.7:9891]
datanode_3  | 	at org.apache.hadoop.net.SocketIOWithTimeout.doIO(SocketIOWithTimeout.java:163)
datanode_3  | 	at org.apache.hadoop.net.SocketInputStream.read(SocketInputStream.java:161)
datanode_3  | 	at org.apache.hadoop.net.SocketInputStream.read(SocketInputStream.java:131)
datanode_3  | 	at java.base/java.io.FilterInputStream.read(FilterInputStream.java:133)
datanode_3  | 	at java.base/java.io.BufferedInputStream.fill(BufferedInputStream.java:252)
datanode_3  | 	at java.base/java.io.BufferedInputStream.read(BufferedInputStream.java:271)
datanode_3  | 	at java.base/java.io.DataInputStream.readInt(DataInputStream.java:392)
datanode_3  | 	at org.apache.hadoop.ipc.Client$IpcStreams.readResponse(Client.java:1922)
datanode_3  | 	at org.apache.hadoop.security.SaslRpcClient.saslConnect(SaslRpcClient.java:367)
datanode_3  | 	at org.apache.hadoop.ipc.Client$Connection.setupSaslConnection(Client.java:623)
datanode_3  | 	at org.apache.hadoop.ipc.Client$Connection.access$2300(Client.java:414)
datanode_3  | 	at org.apache.hadoop.ipc.Client$Connection$2.run(Client.java:843)
datanode_3  | 	at org.apache.hadoop.ipc.Client$Connection$2.run(Client.java:839)
datanode_3  | 	at java.base/java.security.AccessController.doPrivileged(Native Method)
datanode_3  | 	at java.base/javax.security.auth.Subject.doAs(Subject.java:423)
datanode_2  | address: "172.18.0.8:9856"
datanode_2  | dataStreamAddress: "172.18.0.8:9855"
datanode_2  | clientAddress: "172.18.0.8:9858"
datanode_2  | adminAddress: "172.18.0.8:9857"
datanode_2  | startupRole: FOLLOWER
datanode_2  | ,id: "de42f7a6-d30c-4f2a-8ab2-0c5c0b4e0904"
datanode_2  | address: "172.18.0.9:9856"
datanode_2  | dataStreamAddress: "172.18.0.9:9855"
datanode_2  | clientAddress: "172.18.0.9:9858"
datanode_2  | adminAddress: "172.18.0.9:9857"
datanode_2  | startupRole: FOLLOWER
datanode_2  | ,id: "408c39cd-1dce-4899-9b15-77521be33b67"
datanode_2  | address: "172.18.0.5:9856"
datanode_2  | priority: 1
datanode_2  | dataStreamAddress: "172.18.0.5:9855"
datanode_2  | clientAddress: "172.18.0.5:9858"
datanode_2  | adminAddress: "172.18.0.5:9857"
om_1        | 0080: 77 E0 14 F1 FE 39 44 18   20 3D 94 9A D4 02 C2 EF  w....9D. =......
om_1        | 0090: A5 7D 3A 21 BB 0A 59 8B   C4 CD 1E AC 19 A6 48 BA  ..:!..Y.......H.
om_1        | 00A0: 24 21 21 82 0D 34 99 BF   7B AC 0B 61 21 14 FC DB  $!!..4.....a!...
om_1        | 00B0: 68 29 4A 30 A4 C6 E5 F0   47 D5 88 E7 EB 1E EE E7  h)J0....G.......
om_1        | 00C0: A8 1C C4 F0 4D D6 D9 74   B3 4B 16 7B CA 23 2B E1  ....M..t.K...#+.
om_1        | 00D0: FE 65 FE EE 53 91 33 75   AA DC A1 86 97 53 C2 13  .e..S.3u.....S..
om_1        | 00E0: 24 7C 51 E8 0B 67 DE B1   FA F0 D1 7C 02 2B 8E 93  $.Q..g.......+..
om_1        | 00F0: 16 D7 E1 23 42 54 D7 7D   B9 C6 FA 6D 54 43 29 5F  ...#BT.....mTC)_
om_1        | 
om_1        | ] from file:/data/metadata/om/certs/ROOTCA-1.crt.
om_1        | 2023-01-07 10:54:59,379 [main] INFO security.OMCertificateClient: Added certificate [
om_1        | [
om_1        |   Version: V3
om_1        |   Subject: O=CID-f2720180-2024-42d8-aebd-066667d528aa, OU=96d4d25d-2fe8-4ffe-90f0-9c62c868bdbc, CN=om
om_1        |   Signature Algorithm: SHA256withRSA, OID = 1.2.840.113549.1.1.11
om_1        | 
om_1        |   Key:  Sun RSA public key, 2048 bits
om_1        |   params: null
om_1        |   modulus: 23732772801585509555700774741759341469660635505215367301050671040714798871533378325721460005438952821042305711977889075869950914171581169401637418979546512554650314622202287927633957977186824307211582990597693628335748337866058126004160195472122910020229856604333174672172907356498698766616718248066507996297905070346271938109002641375467248090187736625458657821602346319477709703850765670342455482894471486379632311612539850875342775027472822768808489484555707244437363656506238002941963197567259341453688798485628051256232621915468609456435055883656893287417585293644871551496293873849437236154871550240400260848357
om_1        |   public exponent: 65537
om_1        |   Validity: [From: Sat Jan 07 00:00:00 UTC 2023,
om_1        |                To: Sun Jan 07 00:00:00 UTC 2024]
om_1        |   Issuer: O=CID-f2720180-2024-42d8-aebd-066667d528aa, OU=96d4d25d-2fe8-4ffe-90f0-9c62c868bdbc, CN=scm-sub@scm
om_1        |   SerialNumber: [    4300662b f1]
om_1        | 
om_1        | Certificate Extensions: 2
om_1        | [1]: ObjectId: 2.5.29.15 Criticality=true
om_1        | KeyUsage [
om_1        |   DigitalSignature
om_1        |   Key_Encipherment
om_1        |   Data_Encipherment
om_1        |   Key_Agreement
om_1        | ]
om_1        | 
om_1        | [2]: ObjectId: 2.5.29.17 Criticality=false
om_1        | SubjectAlternativeName [
om_1        |   IPAddress: 172.18.0.3
om_1        |   Other-Name: Unrecognized ObjectIdentifier: 2.16.840.1.113730.3.1.34
om_1        | ]
om_1        | 
om_1        | ]
om_1        |   Algorithm: [SHA256withRSA]
om_1        |   Signature:
om_1        | 0000: 7C 85 5A 26 C1 9A 8E AE   78 AC 32 B4 28 3E E9 62  ..Z&....x.2.(>.b
om_1        | 0010: 96 19 A0 10 0F 96 AD AD   E4 5C DD EB CE A4 46 FE  .........\....F.
om_1        | 0020: 9E AE 81 B5 D2 24 96 A4   87 CB CE B4 C9 0C 58 F2  .....$........X.
om_1        | 0030: 30 5E 00 1C 0C 58 2A EA   80 BA 4E DB DD D6 5A C9  0^...X*...N...Z.
om_1        | 0040: D4 2E 18 D8 36 7D 67 0E   CF 15 7E B0 50 29 D9 B5  ....6.g.....P)..
om_1        | 0050: AB 10 02 2D F2 2F 4D F2   FD 92 84 43 21 21 95 18  ...-./M....C!!..
om_1        | 0060: 0A 80 1D 1D 0D 43 21 75   F1 5A 2F B6 87 58 8B 5B  .....C!u.Z/..X.[
recon_1     | 0090: A5 70 2B 1F CD 8E 05 68   9C 51 9D 79 88 46 18 C1  .p+....h.Q.y.F..
recon_1     | 00A0: 6A CD F0 BD 24 D4 FF 84   A4 85 30 07 40 F5 40 AA  j...$.....0.@.@.
recon_1     | 00B0: AA FA 6C 5D 29 C9 6D 31   31 59 D3 41 EF AD 3F CD  ..l]).m11Y.A..?.
recon_1     | 00C0: C7 8D 75 9C 74 6A 2A E0   9B 71 F4 39 98 B4 96 3C  ..u.tj*..q.9...<
recon_1     | 00D0: C3 29 6D 42 AF 72 37 47   68 2B 8F B1 5B A8 28 92  .)mB.r7Gh+..[.(.
recon_1     | 00E0: 54 E4 AC 64 F9 C6 DC FF   8D C9 E8 7E 54 1A 0B AE  T..d........T...
recon_1     | 00F0: A4 E2 E8 71 D7 1A FC 51   C6 4A 02 1F 34 EC 79 62  ...q...Q.J..4.yb
recon_1     | 
recon_1     | ] from file:/data/metadata/recon/certs/CA-259353553251.crt.
recon_1     | 2023-01-07 10:54:26,216 [main] INFO client.ReconCertificateClient: CertificateLifetimeMonitor is started with first delay 29077533832 ms and interval 86400000 ms.
recon_1     | 2023-01-07 10:54:26,216 [main] INFO recon.ReconServer: Successfully stored SCM signed certificate, case:GETCERT.
recon_1     | 2023-01-07 10:54:27,821 [main] INFO persistence.DefaultDataSourceProvider: JDBC Url for Recon : jdbc:derby:/data/metadata/recon/ozone_recon_derby.db 
recon_1     | 2023-01-07 10:54:34,580 [main] INFO codegen.SqlDbUtils: Created derby database at jdbc:derby:/data/metadata/recon/ozone_recon_derby.db.
recon_1     | WARNING: An illegal reflective access operation has occurred
recon_1     | WARNING: Illegal reflective access by org.jooq.tools.reflect.Reflect (file:/opt/hadoop/share/ozone/lib/jooq-3.11.10.jar) to constructor java.lang.invoke.MethodHandles$Lookup(java.lang.Class)
recon_1     | WARNING: Please consider reporting this to the maintainers of org.jooq.tools.reflect.Reflect
datanode_2  | startupRole: FOLLOWER
datanode_2  | , old:)
datanode_2  | 2023-01-07 10:55:18,679 [5afdc546-e8ec-4914-a31b-2b998b311442-server-thread4] INFO ratis.XceiverServerRatis: Leader change notification received for group: group-D78653B10DC4 with new leaderId: 408c39cd-1dce-4899-9b15-77521be33b67
datanode_2  | 2023-01-07 10:55:18,679 [5afdc546-e8ec-4914-a31b-2b998b311442-server-thread4] INFO server.RaftServer$Division: 5afdc546-e8ec-4914-a31b-2b998b311442@group-D78653B10DC4: change Leader from null to 408c39cd-1dce-4899-9b15-77521be33b67 at term 2 for appendEntries, leader elected after 857ms
datanode_2  | 2023-01-07 10:55:18,680 [5afdc546-e8ec-4914-a31b-2b998b311442-server-thread4] INFO server.RaftServer$Division: 5afdc546-e8ec-4914-a31b-2b998b311442@group-D78653B10DC4: set configuration 1: peers:[5afdc546-e8ec-4914-a31b-2b998b311442|rpc:172.18.0.8:9856|admin:172.18.0.8:9857|client:172.18.0.8:9858|dataStream:172.18.0.8:9855|priority:0|startupRole:FOLLOWER, de42f7a6-d30c-4f2a-8ab2-0c5c0b4e0904|rpc:172.18.0.9:9856|admin:172.18.0.9:9857|client:172.18.0.9:9858|dataStream:172.18.0.9:9855|priority:0|startupRole:FOLLOWER, 408c39cd-1dce-4899-9b15-77521be33b67|rpc:172.18.0.5:9856|admin:172.18.0.5:9857|client:172.18.0.5:9858|dataStream:172.18.0.5:9855|priority:1|startupRole:FOLLOWER]|listeners:[], old=null
datanode_3  | 	at org.apache.hadoop.security.UserGroupInformation.doAs(UserGroupInformation.java:1878)
datanode_3  | 	at org.apache.hadoop.ipc.Client$Connection.setupIOstreams(Client.java:839)
datanode_3  | 	... 15 more
datanode_3  | 2023-01-07 10:55:08,806 [grpc-default-executor-1] WARN server.GrpcServerProtocolService: 408c39cd-1dce-4899-9b15-77521be33b67: Failed requestVote de42f7a6-d30c-4f2a-8ab2-0c5c0b4e0904->408c39cd-1dce-4899-9b15-77521be33b67#0
datanode_3  | org.apache.ratis.protocol.exceptions.GroupMismatchException: 408c39cd-1dce-4899-9b15-77521be33b67: group-D78653B10DC4 not found.
datanode_3  | 	at org.apache.ratis.server.impl.RaftServerProxy$ImplMap.get(RaftServerProxy.java:150)
datanode_3  | 	at org.apache.ratis.server.impl.RaftServerProxy.getImplFuture(RaftServerProxy.java:351)
datanode_3  | 	at org.apache.ratis.server.impl.RaftServerProxy.getImpl(RaftServerProxy.java:360)
datanode_3  | 	at org.apache.ratis.server.impl.RaftServerProxy.getImpl(RaftServerProxy.java:355)
datanode_3  | 	at org.apache.ratis.server.impl.RaftServerProxy.requestVote(RaftServerProxy.java:618)
datanode_3  | 	at org.apache.ratis.grpc.server.GrpcServerProtocolService.requestVote(GrpcServerProtocolService.java:175)
datanode_3  | 	at org.apache.ratis.proto.grpc.RaftServerProtocolServiceGrpc$MethodHandlers.invoke(RaftServerProtocolServiceGrpc.java:382)
datanode_3  | 	at org.apache.ratis.thirdparty.io.grpc.stub.ServerCalls$UnaryServerCallHandler$UnaryServerCallListener.onHalfClose(ServerCalls.java:182)
datanode_3  | 	at org.apache.ratis.thirdparty.io.grpc.PartialForwardingServerCallListener.onHalfClose(PartialForwardingServerCallListener.java:35)
datanode_3  | 	at org.apache.ratis.thirdparty.io.grpc.ForwardingServerCallListener.onHalfClose(ForwardingServerCallListener.java:23)
datanode_3  | 	at org.apache.ratis.thirdparty.io.grpc.internal.ServerCallImpl$ServerStreamListenerImpl.halfClosed(ServerCallImpl.java:354)
datanode_3  | 	at org.apache.ratis.thirdparty.io.grpc.internal.ServerImpl$JumpToApplicationThreadServerStreamListener$1HalfClosed.runInContext(ServerImpl.java:866)
datanode_3  | 	at org.apache.ratis.thirdparty.io.grpc.internal.ContextRunnable.run(ContextRunnable.java:37)
datanode_3  | 	at org.apache.ratis.thirdparty.io.grpc.internal.SerializingExecutor.run(SerializingExecutor.java:133)
datanode_3  | 	at java.base/java.util.concurrent.ThreadPoolExecutor.runWorker(ThreadPoolExecutor.java:1128)
datanode_3  | 	at java.base/java.util.concurrent.ThreadPoolExecutor$Worker.run(ThreadPoolExecutor.java:628)
datanode_3  | 	at java.base/java.lang.Thread.run(Thread.java:829)
datanode_3  | 2023-01-07 10:55:09,084 [grpc-default-executor-0] INFO server.RaftServer: 408c39cd-1dce-4899-9b15-77521be33b67: addNew group-D78653B10DC4:[5afdc546-e8ec-4914-a31b-2b998b311442|rpc:172.18.0.8:9856|admin:172.18.0.8:9857|client:172.18.0.8:9858|dataStream:172.18.0.8:9855|priority:0|startupRole:FOLLOWER, de42f7a6-d30c-4f2a-8ab2-0c5c0b4e0904|rpc:172.18.0.9:9856|admin:172.18.0.9:9857|client:172.18.0.9:9858|dataStream:172.18.0.9:9855|priority:0|startupRole:FOLLOWER, 408c39cd-1dce-4899-9b15-77521be33b67|rpc:172.18.0.5:9856|admin:172.18.0.5:9857|client:172.18.0.5:9858|dataStream:172.18.0.5:9855|priority:1|startupRole:FOLLOWER] returns group-D78653B10DC4:java.util.concurrent.CompletableFuture@6daa6e74[Not completed]
datanode_3  | 2023-01-07 10:55:09,220 [pool-24-thread-1] INFO server.RaftServer$Division: 408c39cd-1dce-4899-9b15-77521be33b67: new RaftServerImpl for group-D78653B10DC4:[5afdc546-e8ec-4914-a31b-2b998b311442|rpc:172.18.0.8:9856|admin:172.18.0.8:9857|client:172.18.0.8:9858|dataStream:172.18.0.8:9855|priority:0|startupRole:FOLLOWER, de42f7a6-d30c-4f2a-8ab2-0c5c0b4e0904|rpc:172.18.0.9:9856|admin:172.18.0.9:9857|client:172.18.0.9:9858|dataStream:172.18.0.9:9855|priority:0|startupRole:FOLLOWER, 408c39cd-1dce-4899-9b15-77521be33b67|rpc:172.18.0.5:9856|admin:172.18.0.5:9857|client:172.18.0.5:9858|dataStream:172.18.0.5:9855|priority:1|startupRole:FOLLOWER] with ContainerStateMachine:uninitialized
datanode_3  | 2023-01-07 10:55:09,225 [pool-24-thread-1] INFO server.RaftServerConfigKeys: raft.server.rpc.timeout.min = 5s (custom)
datanode_3  | 2023-01-07 10:55:09,228 [pool-24-thread-1] INFO server.RaftServerConfigKeys: raft.server.rpc.timeout.max = 5200ms (custom)
datanode_3  | 2023-01-07 10:55:09,231 [pool-24-thread-1] INFO server.RaftServerConfigKeys: raft.server.rpc.sleep.time = 25ms (default)
om_1        | 0070: 75 C6 FC 41 F8 76 F2 66   C5 53 6C 11 51 53 29 2C  u..A.v.f.Sl.QS),
om_1        | 0080: D7 39 1B C7 57 CD AD 04   60 39 3C A7 82 74 8B E8  .9..W...`9<..t..
om_1        | 0090: FA 1E 43 C3 86 82 76 44   8C 4A 0E 87 81 6C 62 5A  ..C...vD.J...lbZ
datanode_2  | 2023-01-07 10:55:18,681 [5afdc546-e8ec-4914-a31b-2b998b311442-server-thread4] INFO segmented.SegmentedRaftLogWorker: 5afdc546-e8ec-4914-a31b-2b998b311442@group-D78653B10DC4-SegmentedRaftLogWorker: Rolling segment log-0_0 to index:0
datanode_2  | 2023-01-07 10:55:18,683 [5afdc546-e8ec-4914-a31b-2b998b311442@group-D78653B10DC4-SegmentedRaftLogWorker] INFO segmented.SegmentedRaftLogWorker: 5afdc546-e8ec-4914-a31b-2b998b311442@group-D78653B10DC4-SegmentedRaftLogWorker: Rolled log segment from /data/metadata/ratis/e33d5305-72c3-4374-b488-d78653b10dc4/current/log_inprogress_0 to /data/metadata/ratis/e33d5305-72c3-4374-b488-d78653b10dc4/current/log_0-0
datanode_2  | 2023-01-07 10:55:18,690 [5afdc546-e8ec-4914-a31b-2b998b311442@group-D78653B10DC4-SegmentedRaftLogWorker] INFO segmented.SegmentedRaftLogWorker: 5afdc546-e8ec-4914-a31b-2b998b311442@group-D78653B10DC4-SegmentedRaftLogWorker: created new log segment /data/metadata/ratis/e33d5305-72c3-4374-b488-d78653b10dc4/current/log_inprogress_1
datanode_2  | 2023-01-07 10:55:28,888 [Command processor thread] INFO server.RaftServer: 5afdc546-e8ec-4914-a31b-2b998b311442: addNew group-85E3DEFDF476:[5afdc546-e8ec-4914-a31b-2b998b311442|rpc:172.18.0.8:9856|admin:172.18.0.8:9857|client:172.18.0.8:9858|dataStream:172.18.0.8:9855|priority:1|startupRole:FOLLOWER] returns group-85E3DEFDF476:java.util.concurrent.CompletableFuture@1261fed6[Not completed]
datanode_2  | 2023-01-07 10:55:28,892 [pool-24-thread-1] INFO server.RaftServer$Division: 5afdc546-e8ec-4914-a31b-2b998b311442: new RaftServerImpl for group-85E3DEFDF476:[5afdc546-e8ec-4914-a31b-2b998b311442|rpc:172.18.0.8:9856|admin:172.18.0.8:9857|client:172.18.0.8:9858|dataStream:172.18.0.8:9855|priority:1|startupRole:FOLLOWER] with ContainerStateMachine:uninitialized
datanode_2  | 2023-01-07 10:55:28,899 [pool-24-thread-1] INFO server.RaftServerConfigKeys: raft.server.rpc.timeout.min = 5s (custom)
datanode_2  | 2023-01-07 10:55:28,899 [pool-24-thread-1] INFO server.RaftServerConfigKeys: raft.server.rpc.timeout.max = 5200ms (custom)
recon_1     | WARNING: Use --illegal-access=warn to enable warnings of further illegal reflective access operations
recon_1     | WARNING: All illegal access operations will be denied in a future release
recon_1     | 2023-01-07 10:54:37,708 [main] INFO impl.ReconContainerMetadataManagerImpl: KEY_CONTAINER Table is empty, initializing from CONTAINER_KEY Table ...
recon_1     | 2023-01-07 10:54:37,720 [main] INFO impl.ReconContainerMetadataManagerImpl: It took 0.011 seconds to initialized 0 records to KEY_CONTAINER table
recon_1     | 2023-01-07 10:54:37,771 [main] INFO persistence.DefaultDataSourceProvider: JDBC Url for Recon : jdbc:derby:/data/metadata/recon/ozone_recon_derby.db 
recon_1     | 2023-01-07 10:54:37,942 [main] INFO codegen.SqlDbUtils: Created derby database at jdbc:derby:/data/metadata/recon/ozone_recon_derby.db.
recon_1     | 2023-01-07 10:54:37,942 [main] INFO recon.ReconServer: Creating Recon Schema.
recon_1     | 2023-01-07 10:54:44,470 [main] INFO http.BaseHttpServer: Starting Web-server for recon at: http://0.0.0.0:9888
recon_1     | 2023-01-07 10:54:44,474 [main] INFO http.BaseHttpServer: Hadoop Security Enabled: true Ozone Security Enabled: true Ozone HTTP Security Enabled: true 
recon_1     | 2023-01-07 10:54:44,479 [main] INFO http.BaseHttpServer: HttpAuthType: ozone.recon.http.auth.type = kerberos
recon_1     | 2023-01-07 10:54:44,592 [main] INFO util.log: Logging initialized @79299ms to org.eclipse.jetty.util.log.Slf4jLog
recon_1     | 2023-01-07 10:54:45,333 [main] WARN http.HttpRequestLog: Jetty request log can only be enabled using Log4j
recon_1     | 2023-01-07 10:54:45,405 [main] INFO http.HttpServer2: Added global filter 'safety' (class=org.apache.hadoop.hdds.server.http.HttpServer2$QuotingInputFilter)
recon_1     | 2023-01-07 10:54:45,419 [main] INFO http.HttpServer2: Added filter authentication (class=org.apache.hadoop.security.authentication.server.AuthenticationFilter) to context recon
recon_1     | 2023-01-07 10:54:45,421 [main] INFO http.HttpServer2: Added filter authentication (class=org.apache.hadoop.security.authentication.server.AuthenticationFilter) to context logs
recon_1     | 2023-01-07 10:54:45,421 [main] INFO http.HttpServer2: Added filter authentication (class=org.apache.hadoop.security.authentication.server.AuthenticationFilter) to context static
recon_1     | 2023-01-07 10:54:45,442 [main] INFO http.HttpServer2: Initialize spnego with host: 0.0.0.0 userKey: ozone.recon.http.auth.kerberos.principal keytabKey: ozone.recon.http.auth.kerberos.keytab
recon_1     | 2023-01-07 10:54:46,124 [main] INFO tasks.ReconTaskControllerImpl: Registered task ContainerKeyMapperTask with controller.
recon_1     | 2023-01-07 10:54:47,420 [main] INFO tasks.ReconTaskControllerImpl: Registered task FileSizeCountTask with controller.
recon_1     | 2023-01-07 10:54:47,521 [main] INFO tasks.ReconTaskControllerImpl: Registered task TableCountTask with controller.
recon_1     | 2023-01-07 10:54:47,608 [main] INFO tasks.ReconTaskControllerImpl: Registered task NSSummaryTask with controller.
