datanode_1  | 2023-02-03 02:27:33,462 [EndpointStateMachine task thread for scm/172.21.0.2:9861 - 0 ] INFO server.GrpcService: 06bfe0ca-2769-4d45-a610-3729b6ea9363: GrpcService started, listening on 9857
datanode_1  | 2023-02-03 02:27:33,506 [EndpointStateMachine task thread for scm/172.21.0.2:9861 - 0 ] INFO ratis.XceiverServerRatis: XceiverServerRatis 06bfe0ca-2769-4d45-a610-3729b6ea9363 is started using port 9858 for RATIS
nm_1        | 2023-02-03 02:31:03 INFO  ContainerImpl:2188 - Container container_1675391228271_0002_01_000002 transitioned from LOCALIZING to SCHEDULED
datanode_1  | 2023-02-03 02:27:33,507 [EndpointStateMachine task thread for scm/172.21.0.2:9861 - 0 ] INFO ratis.XceiverServerRatis: XceiverServerRatis 06bfe0ca-2769-4d45-a610-3729b6ea9363 is started using port 9857 for RATIS_ADMIN
datanode_1  | 2023-02-03 02:27:33,516 [EndpointStateMachine task thread for scm/172.21.0.2:9861 - 0 ] INFO ratis.XceiverServerRatis: XceiverServerRatis 06bfe0ca-2769-4d45-a610-3729b6ea9363 is started using port 9856 for RATIS_SERVER
datanode_1  | 2023-02-03 02:27:33,518 [JvmPauseMonitor0] INFO util.JvmPauseMonitor: JvmPauseMonitor-06bfe0ca-2769-4d45-a610-3729b6ea9363: Started
datanode_3  | 2023-02-03 02:27:44,646 [16072389-033d-4a01-b39b-77bc9d74d649@group-A0A5696B5F67-LeaderElection1] INFO impl.LeaderElection: 16072389-033d-4a01-b39b-77bc9d74d649@group-A0A5696B5F67-LeaderElection1 ELECTION round 0: submit vote requests at term 1 for -1: peers:[16072389-033d-4a01-b39b-77bc9d74d649|rpc:172.21.0.4:9856|admin:172.21.0.4:9857|client:172.21.0.4:9858|dataStream:172.21.0.4:9858|priority:1|startupRole:FOLLOWER]|listeners:[], old=null
rm_1        | 2023-02-03 02:27:05 INFO  AbstractConnector:331 - Started ServerConnector@1d730606{HTTP/1.1, (http/1.1)}{rm:8088}
nm_1        | 2023-02-03 02:31:03 INFO  ContainerScheduler:541 - Starting container [container_1675391228271_0002_01_000002]
nm_1        | 2023-02-03 02:31:03 INFO  ContainerImpl:2188 - Container container_1675391228271_0002_01_000002 transitioned from SCHEDULED to RUNNING
datanode_3  | 2023-02-03 02:27:44,659 [16072389-033d-4a01-b39b-77bc9d74d649@group-A0A5696B5F67-LeaderElection1] INFO impl.LeaderElection: 16072389-033d-4a01-b39b-77bc9d74d649@group-A0A5696B5F67-LeaderElection1 ELECTION round 0: result PASSED (term=1)
rm_1        | 2023-02-03 02:27:05 INFO  Server:415 - Started @28115ms
rm_1        | 2023-02-03 02:27:05 INFO  WebApps:473 - Web app cluster started at 8088
rm_1        | 2023-02-03 02:27:06 INFO  CallQueueManager:90 - Using callQueue: class java.util.concurrent.LinkedBlockingQueue, queueCapacity: 100, scheduler: class org.apache.hadoop.ipc.DefaultRpcScheduler, ipcBackoff: false.
scm_1       | 2023-02-03 02:27:11,430 [e4292b43-f9a1-4321-a0dc-b75ad1daac8f@group-7C369B1DDDF5-LeaderElection1] INFO server.RaftServerConfigKeys: raft.server.write.follower.gap.ratio.max = -1.0 (default)
scm_1       | 2023-02-03 02:27:11,519 [e4292b43-f9a1-4321-a0dc-b75ad1daac8f@group-7C369B1DDDF5-LeaderElection1] INFO impl.RoleInfo: e4292b43-f9a1-4321-a0dc-b75ad1daac8f: start e4292b43-f9a1-4321-a0dc-b75ad1daac8f@group-7C369B1DDDF5-LeaderStateImpl
scm_1       | 2023-02-03 02:27:11,990 [e4292b43-f9a1-4321-a0dc-b75ad1daac8f@group-7C369B1DDDF5-LeaderElection1] INFO segmented.SegmentedRaftLogWorker: e4292b43-f9a1-4321-a0dc-b75ad1daac8f@group-7C369B1DDDF5-SegmentedRaftLogWorker: Starting segment from index:0
datanode_3  | 2023-02-03 02:27:44,665 [16072389-033d-4a01-b39b-77bc9d74d649@group-A0A5696B5F67-LeaderElection1] INFO impl.RoleInfo: 16072389-033d-4a01-b39b-77bc9d74d649: shutdown 16072389-033d-4a01-b39b-77bc9d74d649@group-A0A5696B5F67-LeaderElection1
rm_1        | 2023-02-03 02:27:06 INFO  Server:1265 - Starting Socket Reader #1 for port 8033
rm_1        | 2023-02-03 02:27:08 INFO  RpcServerFactoryPBImpl:174 - Adding protocol org.apache.hadoop.yarn.server.api.ResourceManagerAdministrationProtocolPB to the server
rm_1        | 2023-02-03 02:27:08 INFO  Server:1507 - IPC Server Responder: starting
rm_1        | 2023-02-03 02:27:08 INFO  ResourceManager:1455 - Transitioning to active state
datanode_1  | 2023-02-03 02:27:37,219 [Command processor thread] INFO server.RaftServer: 06bfe0ca-2769-4d45-a610-3729b6ea9363: addNew group-0C678D864257:[16072389-033d-4a01-b39b-77bc9d74d649|rpc:172.21.0.4:9856|admin:172.21.0.4:9857|client:172.21.0.4:9858|dataStream:172.21.0.4:9858|priority:0|startupRole:FOLLOWER, 06bfe0ca-2769-4d45-a610-3729b6ea9363|rpc:172.21.0.5:9856|admin:172.21.0.5:9857|client:172.21.0.5:9858|dataStream:172.21.0.5:9858|priority:0|startupRole:FOLLOWER, eab5d59e-614c-42a5-9702-647fe6475b0f|rpc:172.21.0.7:9856|admin:172.21.0.7:9857|client:172.21.0.7:9858|dataStream:172.21.0.7:9858|priority:1|startupRole:FOLLOWER] returns group-0C678D864257:java.util.concurrent.CompletableFuture@71c46231[Not completed]
datanode_1  | 2023-02-03 02:27:37,388 [pool-22-thread-1] INFO server.RaftServer$Division: 06bfe0ca-2769-4d45-a610-3729b6ea9363: new RaftServerImpl for group-0C678D864257:[16072389-033d-4a01-b39b-77bc9d74d649|rpc:172.21.0.4:9856|admin:172.21.0.4:9857|client:172.21.0.4:9858|dataStream:172.21.0.4:9858|priority:0|startupRole:FOLLOWER, 06bfe0ca-2769-4d45-a610-3729b6ea9363|rpc:172.21.0.5:9856|admin:172.21.0.5:9857|client:172.21.0.5:9858|dataStream:172.21.0.5:9858|priority:0|startupRole:FOLLOWER, eab5d59e-614c-42a5-9702-647fe6475b0f|rpc:172.21.0.7:9856|admin:172.21.0.7:9857|client:172.21.0.7:9858|dataStream:172.21.0.7:9858|priority:1|startupRole:FOLLOWER] with ContainerStateMachine:uninitialized
datanode_3  | 2023-02-03 02:27:44,670 [16072389-033d-4a01-b39b-77bc9d74d649@group-A0A5696B5F67-LeaderElection1] INFO server.RaftServer$Division: 16072389-033d-4a01-b39b-77bc9d74d649@group-A0A5696B5F67: changes role from CANDIDATE to LEADER at term 1 for changeToLeader
rm_1        | 2023-02-03 02:27:08 INFO  Server:1344 - IPC Server listener on 8033: starting
om_1        | 2023-02-03 02:31:33,430 [OM StateMachine ApplyTransaction Thread - 0] INFO key.OMKeyRequest: Detect allocated but uncommitted blocks [{blockID={containerID=1, localID=111677748019200031}, length=268435456, offset=0, token=null, pipeline=null, createVersion=0, partNumber=0}] in key user/hadoop/.staging/job_1675391228271_0002/COMMIT_SUCCESS.
om_1        | 2023-02-03 02:31:58,177 [DirectoryDeletingService#0] INFO service.DirectoryDeletingService: Number of dirs deleted: 2, Number of sub-dir deleted: 3, Number of sub-files moved: 6 to DeletedTable, Number of sub-dirs moved 0 to DeletedDirectoryTable, iteration elapsed: 11ms, totalRunCount: 4
om_1        | 2023-02-03 02:32:56,699 [OM StateMachine ApplyTransaction Thread - 0] INFO key.OMKeyRequest: Detect allocated but uncommitted blocks [{blockID={containerID=2, localID=111677748019200047}, length=268435456, offset=0, token=null, pipeline=null, createVersion=0, partNumber=0}] in key .staging/job_1675391228271_0003/COMMIT_STARTED.
datanode_3  | 2023-02-03 02:27:44,700 [grpc-default-executor-2] INFO server.RaftServer$Division: 16072389-033d-4a01-b39b-77bc9d74d649@group-0C678D864257: receive requestVote(ELECTION, 06bfe0ca-2769-4d45-a610-3729b6ea9363, group-0C678D864257, 1, (t:0, i:0))
rm_1        | 2023-02-03 02:27:08 INFO  RMStateStore:565 - Updating AMRMToken
om_1        | 2023-02-03 02:32:56,899 [OM StateMachine ApplyTransaction Thread - 0] INFO key.OMKeyRequest: Detect allocated but uncommitted blocks [{blockID={containerID=1, localID=111677748019200048}, length=268435456, offset=0, token=null, pipeline=null, createVersion=0, partNumber=0}] in key QuasiMonteCarlo_1675391525812_1600447164/out/_SUCCESS.
datanode_2  | 2023-02-03 02:27:49,618 [grpc-default-executor-0] INFO impl.RoleInfo: eab5d59e-614c-42a5-9702-647fe6475b0f: shutdown eab5d59e-614c-42a5-9702-647fe6475b0f@group-9FB9EF172A42-FollowerState
nm_1        | 2023-02-03 02:31:03 INFO  ContainersMonitorImpl:1112 - Starting resource-monitoring for container_1675391228271_0002_01_000002
datanode_1  | 2023-02-03 02:27:37,397 [pool-22-thread-1] INFO server.RaftServerConfigKeys: raft.server.rpc.timeout.min = 5s (custom)
scm_1       | 2023-02-03 02:27:12,597 [e4292b43-f9a1-4321-a0dc-b75ad1daac8f@group-7C369B1DDDF5-LeaderElection1] INFO server.RaftServer$Division: e4292b43-f9a1-4321-a0dc-b75ad1daac8f@group-7C369B1DDDF5: set configuration 0: peers:[e4292b43-f9a1-4321-a0dc-b75ad1daac8f|rpc:scm:9894|admin:|client:|dataStream:|priority:0|startupRole:FOLLOWER]|listeners:[], old=null
scm_1       | 2023-02-03 02:27:12,857 [e4292b43-f9a1-4321-a0dc-b75ad1daac8f@group-7C369B1DDDF5-SegmentedRaftLogWorker] INFO segmented.SegmentedRaftLogWorker: e4292b43-f9a1-4321-a0dc-b75ad1daac8f@group-7C369B1DDDF5-SegmentedRaftLogWorker: created new log segment /data/metadata/scm-ha/af9975cc-de8b-4fc8-aa6a-7c369b1dddf5/current/log_inprogress_0
scm_1       | 2023-02-03 02:27:14,376 [main] INFO server.RaftServer: e4292b43-f9a1-4321-a0dc-b75ad1daac8f: close
rm_1        | 2023-02-03 02:27:08 INFO  RMContainerTokenSecretManager:109 - Rolling master-key for container-tokens
datanode_1  | 2023-02-03 02:27:37,403 [pool-22-thread-1] INFO server.RaftServerConfigKeys: raft.server.rpc.timeout.max = 5200ms (custom)
datanode_2  | 2023-02-03 02:27:49,619 [eab5d59e-614c-42a5-9702-647fe6475b0f@group-9FB9EF172A42-FollowerState] INFO impl.FollowerState: eab5d59e-614c-42a5-9702-647fe6475b0f@group-9FB9EF172A42-FollowerState was interrupted
datanode_2  | 2023-02-03 02:27:49,620 [grpc-default-executor-0] INFO impl.RoleInfo: eab5d59e-614c-42a5-9702-647fe6475b0f: start eab5d59e-614c-42a5-9702-647fe6475b0f@group-9FB9EF172A42-FollowerState
scm_1       | 2023-02-03 02:27:14,382 [e4292b43-f9a1-4321-a0dc-b75ad1daac8f-impl-thread1] INFO server.RaftServer$Division: e4292b43-f9a1-4321-a0dc-b75ad1daac8f@group-7C369B1DDDF5: shutdown
om_1        | 2023-02-03 02:32:56,939 [OM StateMachine ApplyTransaction Thread - 0] INFO key.OMKeyRequest: Detect allocated but uncommitted blocks [{blockID={containerID=2, localID=111677748019200049}, length=268435456, offset=0, token=null, pipeline=null, createVersion=0, partNumber=0}] in key .staging/job_1675391228271_0003/COMMIT_SUCCESS.
datanode_3  | 2023-02-03 02:27:44,724 [16072389-033d-4a01-b39b-77bc9d74d649@group-A0A5696B5F67-LeaderElection1] INFO ratis.XceiverServerRatis: Leader change notification received for group: group-A0A5696B5F67 with new leaderId: 16072389-033d-4a01-b39b-77bc9d74d649
rm_1        | 2023-02-03 02:27:08 INFO  NMTokenSecretManagerInRM:95 - Rolling master-key for nm-tokens
datanode_1  | 2023-02-03 02:27:37,403 [pool-22-thread-1] INFO server.RaftServerConfigKeys: raft.server.rpc.sleep.time = 25ms (default)
datanode_2  | 2023-02-03 02:27:49,647 [eab5d59e-614c-42a5-9702-647fe6475b0f@group-0C678D864257-LeaderElection1] INFO impl.LeaderElection: eab5d59e-614c-42a5-9702-647fe6475b0f@group-0C678D864257-LeaderElection1 ELECTION round 0: submit vote requests at term 2 for -1: peers:[16072389-033d-4a01-b39b-77bc9d74d649|rpc:172.21.0.4:9856|admin:172.21.0.4:9857|client:172.21.0.4:9858|dataStream:172.21.0.4:9858|priority:0|startupRole:FOLLOWER, 06bfe0ca-2769-4d45-a610-3729b6ea9363|rpc:172.21.0.5:9856|admin:172.21.0.5:9857|client:172.21.0.5:9858|dataStream:172.21.0.5:9858|priority:0|startupRole:FOLLOWER, eab5d59e-614c-42a5-9702-647fe6475b0f|rpc:172.21.0.7:9856|admin:172.21.0.7:9857|client:172.21.0.7:9858|dataStream:172.21.0.7:9858|priority:1|startupRole:FOLLOWER]|listeners:[], old=null
datanode_2  | 2023-02-03 02:27:49,657 [grpc-default-executor-0] INFO server.RaftServer$Division: eab5d59e-614c-42a5-9702-647fe6475b0f@group-9FB9EF172A42 replies to ELECTION vote request: 16072389-033d-4a01-b39b-77bc9d74d649<-eab5d59e-614c-42a5-9702-647fe6475b0f#0:OK-t1. Peer's state: eab5d59e-614c-42a5-9702-647fe6475b0f@group-9FB9EF172A42:t1, leader=null, voted=16072389-033d-4a01-b39b-77bc9d74d649, raftlog=Memoized:eab5d59e-614c-42a5-9702-647fe6475b0f@group-9FB9EF172A42-SegmentedRaftLog:OPENED:c-1, conf=-1: peers:[16072389-033d-4a01-b39b-77bc9d74d649|rpc:172.21.0.4:9856|admin:172.21.0.4:9857|client:172.21.0.4:9858|dataStream:172.21.0.4:9858|priority:0|startupRole:FOLLOWER, 06bfe0ca-2769-4d45-a610-3729b6ea9363|rpc:172.21.0.5:9856|admin:172.21.0.5:9857|client:172.21.0.5:9858|dataStream:172.21.0.5:9858|priority:1|startupRole:FOLLOWER, eab5d59e-614c-42a5-9702-647fe6475b0f|rpc:172.21.0.7:9856|admin:172.21.0.7:9857|client:172.21.0.7:9858|dataStream:172.21.0.7:9858|priority:0|startupRole:FOLLOWER]|listeners:[], old=null
datanode_2  | 2023-02-03 02:27:49,694 [eab5d59e-614c-42a5-9702-647fe6475b0f@group-0C678D864257-LeaderElection1-1] INFO server.GrpcServerProtocolClient: Build channel for 16072389-033d-4a01-b39b-77bc9d74d649
datanode_2  | 2023-02-03 02:27:49,696 [eab5d59e-614c-42a5-9702-647fe6475b0f@group-9FB9EF172A42-FollowerState] INFO server.RaftServerConfigKeys: raft.server.rpc.first-election.timeout.min = 5s (fallback to raft.server.rpc.timeout.min)
nm_1        | 2023-02-03 02:31:03 INFO  DefaultContainerExecutor:385 - launchContainer: [bash, /tmp/hadoop-hadoop/nm-local-dir/usercache/hadoop/appcache/application_1675391228271_0002/container_1675391228271_0002_01_000002/default_container_executor.sh]
rm_1        | 2023-02-03 02:27:08 INFO  AbstractDelegationTokenSecretManager:354 - Updating the current master key for generating delegation tokens
datanode_1  | 2023-02-03 02:27:37,403 [pool-22-thread-1] INFO server.RaftServerConfigKeys: raft.server.rpc.slowness.timeout = 300s (custom)
datanode_1  | 2023-02-03 02:27:37,403 [pool-22-thread-1] INFO server.RaftServerConfigKeys: raft.server.leaderelection.leader.step-down.wait-time = 10s (default)
scm_1       | 2023-02-03 02:27:14,391 [e4292b43-f9a1-4321-a0dc-b75ad1daac8f-impl-thread1] INFO util.JmxRegister: Successfully un-registered JMX Bean with object name Ratis:service=RaftServer,group=group-7C369B1DDDF5,id=e4292b43-f9a1-4321-a0dc-b75ad1daac8f
scm_1       | 2023-02-03 02:27:14,395 [e4292b43-f9a1-4321-a0dc-b75ad1daac8f-impl-thread1] INFO impl.RoleInfo: e4292b43-f9a1-4321-a0dc-b75ad1daac8f: shutdown e4292b43-f9a1-4321-a0dc-b75ad1daac8f@group-7C369B1DDDF5-LeaderStateImpl
nm_1        | 2023-02-03 02:31:06 INFO  ContainersMonitorImpl:643 - container_1675391228271_0002_01_000002's ip = 172.21.0.8, and hostname = nm
nm_1        | 2023-02-03 02:31:06 INFO  ContainersMonitorImpl:548 - Skipping monitoring container container_1675391228271_0002_01_000002 since CPU usage is not yet available.
scm_1       | 2023-02-03 02:27:14,427 [main] INFO server.GrpcService: e4292b43-f9a1-4321-a0dc-b75ad1daac8f: shutdown server GrpcServerProtocolService now
datanode_3  | 2023-02-03 02:27:44,734 [grpc-default-executor-2] INFO impl.VoteContext: 16072389-033d-4a01-b39b-77bc9d74d649@group-0C678D864257-FOLLOWER: accept ELECTION from 06bfe0ca-2769-4d45-a610-3729b6ea9363: our priority 0 <= candidate's priority 0
rm_1        | 2023-02-03 02:27:08 INFO  RMDelegationTokenSecretManager:92 - storing master key with keyID 1
datanode_2  | 2023-02-03 02:27:49,741 [eab5d59e-614c-42a5-9702-647fe6475b0f@group-9FB9EF172A42-FollowerState] INFO server.RaftServerConfigKeys: raft.server.rpc.first-election.timeout.max = 5200ms (fallback to raft.server.rpc.timeout.max)
nm_1        | 2023-02-03 02:31:10 INFO  ContainerLaunch:687 - Container container_1675391228271_0002_01_000002 succeeded 
nm_1        | 2023-02-03 02:31:10 INFO  ContainerImpl:2188 - Container container_1675391228271_0002_01_000002 transitioned from RUNNING to EXITED_WITH_SUCCESS
scm_1       | 2023-02-03 02:27:14,525 [e4292b43-f9a1-4321-a0dc-b75ad1daac8f-impl-thread1] INFO impl.PendingRequests: e4292b43-f9a1-4321-a0dc-b75ad1daac8f@group-7C369B1DDDF5-PendingRequests: sendNotLeaderResponses
datanode_1  | 2023-02-03 02:27:37,403 [pool-22-thread-1] INFO server.RaftServerConfigKeys: raft.server.sleep.deviation.threshold = 300ms (default)
datanode_1  | 2023-02-03 02:27:37,471 [pool-22-thread-1] INFO server.RaftServer$Division: 06bfe0ca-2769-4d45-a610-3729b6ea9363@group-0C678D864257: ConfigurationManager, init=-1: peers:[16072389-033d-4a01-b39b-77bc9d74d649|rpc:172.21.0.4:9856|admin:172.21.0.4:9857|client:172.21.0.4:9858|dataStream:172.21.0.4:9858|priority:0|startupRole:FOLLOWER, 06bfe0ca-2769-4d45-a610-3729b6ea9363|rpc:172.21.0.5:9856|admin:172.21.0.5:9857|client:172.21.0.5:9858|dataStream:172.21.0.5:9858|priority:0|startupRole:FOLLOWER, eab5d59e-614c-42a5-9702-647fe6475b0f|rpc:172.21.0.7:9856|admin:172.21.0.7:9857|client:172.21.0.7:9858|dataStream:172.21.0.7:9858|priority:1|startupRole:FOLLOWER]|listeners:[], old=null, confs=<EMPTY_MAP>
rm_1        | 2023-02-03 02:27:08 INFO  RMStateStore:516 - Storing RMDTMasterKey.
datanode_2  | 2023-02-03 02:27:49,696 [eab5d59e-614c-42a5-9702-647fe6475b0f@group-0C678D864257-LeaderElection1] INFO server.RaftServerConfigKeys: raft.server.rpc.first-election.timeout.min = 5s (fallback to raft.server.rpc.timeout.min)
nm_1        | 2023-02-03 02:31:10 INFO  NMAuditLogger:94 - USER=hadoop	OPERATION=Container Finished - Succeeded	TARGET=ContainerImpl	RESULT=SUCCESS	APPID=application_1675391228271_0002	CONTAINERID=container_1675391228271_0002_01_000002
nm_1        | 2023-02-03 02:31:10 INFO  ContainerCleanup:89 - Cleaning up container container_1675391228271_0002_01_000002
scm_1       | 2023-02-03 02:27:14,582 [e4292b43-f9a1-4321-a0dc-b75ad1daac8f-impl-thread1] INFO impl.StateMachineUpdater: e4292b43-f9a1-4321-a0dc-b75ad1daac8f@group-7C369B1DDDF5-StateMachineUpdater: set stopIndex = 0
datanode_1  | 2023-02-03 02:27:37,472 [pool-22-thread-1] INFO server.RaftServerConfigKeys: raft.server.storage.dir = [/data/metadata/ratis] (custom)
datanode_1  | 2023-02-03 02:27:37,517 [pool-22-thread-1] INFO server.RaftServerConfigKeys: raft.server.log.corruption.policy = EXCEPTION (default)
rm_1        | 2023-02-03 02:27:08 INFO  AbstractDelegationTokenSecretManager:686 - Starting expired delegation token remover thread, tokenRemoverScanInterval=60 min(s)
datanode_2  | 2023-02-03 02:27:49,741 [eab5d59e-614c-42a5-9702-647fe6475b0f@group-0C678D864257-LeaderElection1] INFO server.RaftServerConfigKeys: raft.server.rpc.first-election.timeout.max = 5200ms (fallback to raft.server.rpc.timeout.max)
nm_1        | 2023-02-03 02:31:10 INFO  ContainerImpl:2188 - Container container_1675391228271_0002_01_000002 transitioned from EXITED_WITH_SUCCESS to DONE
nm_1        | 2023-02-03 02:31:10 INFO  ApplicationImpl:512 - Removing container_1675391228271_0002_01_000002 from application application_1675391228271_0002
datanode_1  | 2023-02-03 02:27:37,522 [pool-22-thread-1] INFO server.RaftServerConfigKeys: raft.server.storage.free-space.min = 0MB (=0) (default)
datanode_1  | 2023-02-03 02:27:37,582 [pool-22-thread-1] INFO server.RaftServerConfigKeys: raft.server.notification.no-leader.timeout = 300s (custom)
rm_1        | 2023-02-03 02:27:08 INFO  AbstractDelegationTokenSecretManager:354 - Updating the current master key for generating delegation tokens
datanode_2  | 2023-02-03 02:27:49,716 [eab5d59e-614c-42a5-9702-647fe6475b0f@group-0C678D864257-LeaderElection1-2] INFO server.GrpcServerProtocolClient: Build channel for 06bfe0ca-2769-4d45-a610-3729b6ea9363
datanode_2  | 2023-02-03 02:27:49,766 [grpc-default-executor-1] INFO server.RaftServer$Division: eab5d59e-614c-42a5-9702-647fe6475b0f@group-0C678D864257: receive requestVote(ELECTION, 06bfe0ca-2769-4d45-a610-3729b6ea9363, group-0C678D864257, 2, (t:0, i:0))
datanode_2  | 2023-02-03 02:27:49,779 [grpc-default-executor-1] INFO impl.VoteContext: eab5d59e-614c-42a5-9702-647fe6475b0f@group-0C678D864257-CANDIDATE: reject ELECTION from 06bfe0ca-2769-4d45-a610-3729b6ea9363: already has voted for eab5d59e-614c-42a5-9702-647fe6475b0f at current term 2
datanode_1  | 2023-02-03 02:27:37,600 [pool-22-thread-1] INFO server.RaftServerConfigKeys: raft.server.retrycache.expirytime = 600000ms (custom)
datanode_1  | 2023-02-03 02:27:37,600 [pool-22-thread-1] INFO server.RaftServerConfigKeys: raft.server.retrycache.statistics.expirytime = 100?s (default)
rm_1        | 2023-02-03 02:27:08 INFO  RMDelegationTokenSecretManager:92 - storing master key with keyID 2
om_1        | 2023-02-03 02:32:58,178 [DirectoryDeletingService#0] INFO service.DirectoryDeletingService: Number of dirs deleted: 1, Number of sub-dir deleted: 3, Number of sub-files moved: 0 to DeletedTable, Number of sub-dirs moved 0 to DeletedDirectoryTable, iteration elapsed: 11ms, totalRunCount: 5
om_1        | 2023-02-03 02:33:47,436 [OM StateMachine ApplyTransaction Thread - 0] INFO key.OMKeyRequest: Detect allocated but uncommitted blocks [{blockID={containerID=1, localID=111677748019200060}, length=268435456, offset=0, token=null, pipeline=null, createVersion=0, partNumber=0}] in key .staging/job_1675391228271_0004/COMMIT_STARTED.
om_1        | 2023-02-03 02:33:47,609 [OM StateMachine ApplyTransaction Thread - 0] INFO key.OMKeyRequest: Detect allocated but uncommitted blocks [{blockID={containerID=1, localID=111677748019200061}, length=268435456, offset=0, token=null, pipeline=null, createVersion=0, partNumber=0}] in key wordcount-eJUI107F.txt/_SUCCESS.
scm_1       | 2023-02-03 02:27:14,604 [e4292b43-f9a1-4321-a0dc-b75ad1daac8f@group-7C369B1DDDF5-StateMachineUpdater] INFO impl.StateMachineUpdater: e4292b43-f9a1-4321-a0dc-b75ad1daac8f@group-7C369B1DDDF5-StateMachineUpdater: Took a snapshot at index 0
datanode_1  | 2023-02-03 02:27:38,041 [pool-22-thread-1] INFO server.RaftServerConfigKeys: raft.server.log.appender.install.snapshot.enabled = false (custom)
datanode_1  | 2023-02-03 02:27:38,056 [pool-22-thread-1] INFO server.RaftServerConfigKeys: raft.server.threadpool.server.cached = true (default)
om_1        | 2023-02-03 02:33:47,641 [OM StateMachine ApplyTransaction Thread - 0] INFO key.OMKeyRequest: Detect allocated but uncommitted blocks [{blockID={containerID=2, localID=111677748019200062}, length=268435456, offset=0, token=null, pipeline=null, createVersion=0, partNumber=0}] in key .staging/job_1675391228271_0004/COMMIT_SUCCESS.
nm_1        | 2023-02-03 02:31:10 INFO  ContainersMonitorImpl:1103 - Stopping resource-monitoring for container_1675391228271_0002_01_000002
nm_1        | 2023-02-03 02:31:10 INFO  AuxServices:850 - Got event CONTAINER_STOP for appId application_1675391228271_0002
rm_1        | 2023-02-03 02:27:08 INFO  AsyncDispatcher:267 - Registering class org.apache.hadoop.yarn.nodelabels.event.NodeLabelsStoreEventType for class org.apache.hadoop.yarn.nodelabels.CommonNodeLabelsManager$ForwardingEventHandler
scm_1       | 2023-02-03 02:27:14,643 [e4292b43-f9a1-4321-a0dc-b75ad1daac8f@group-7C369B1DDDF5-StateMachineUpdater] INFO impl.StateMachineUpdater: e4292b43-f9a1-4321-a0dc-b75ad1daac8f@group-7C369B1DDDF5-StateMachineUpdater: snapshotIndex: updateIncreasingly -1 -> 0
nm_1        | 2023-02-03 02:31:10 INFO  DefaultContainerExecutor:647 - Deleting absolute path : /tmp/hadoop-hadoop/nm-local-dir/usercache/hadoop/appcache/application_1675391228271_0002/container_1675391228271_0002_01_000002/launch_container.sh
nm_1        | 2023-02-03 02:31:10 INFO  DefaultContainerExecutor:647 - Deleting absolute path : /tmp/hadoop-hadoop/nm-local-dir/usercache/hadoop/appcache/application_1675391228271_0002/container_1675391228271_0002_01_000002/container_tokens
nm_1        | 2023-02-03 02:31:10 INFO  DefaultContainerExecutor:647 - Deleting absolute path : /tmp/hadoop-hadoop/nm-local-dir/usercache/hadoop/appcache/application_1675391228271_0002/container_1675391228271_0002_01_000002/sysfs
nm_1        | 2023-02-03 02:31:10 WARN  DefaultContainerExecutor:650 - delete returned false for path: [/tmp/hadoop-hadoop/nm-local-dir/usercache/hadoop/appcache/application_1675391228271_0002/container_1675391228271_0002_01_000002/sysfs]
rm_1        | 2023-02-03 02:27:08 INFO  RMStateStore:516 - Storing RMDTMasterKey.
rm_1        | 2023-02-03 02:27:09 INFO  AbstractFSNodeStore:68 - Created store directory :file:/tmp/hadoop-yarn-hadoop/node-attribute
datanode_3  | 2023-02-03 02:27:44,750 [grpc-default-executor-2] INFO server.RaftServer$Division: 16072389-033d-4a01-b39b-77bc9d74d649@group-0C678D864257: changes role from  FOLLOWER to FOLLOWER at term 1 for candidate:06bfe0ca-2769-4d45-a610-3729b6ea9363
datanode_3  | 2023-02-03 02:27:44,782 [grpc-default-executor-2] INFO impl.RoleInfo: 16072389-033d-4a01-b39b-77bc9d74d649: shutdown 16072389-033d-4a01-b39b-77bc9d74d649@group-0C678D864257-FollowerState
datanode_3  | 2023-02-03 02:27:44,750 [16072389-033d-4a01-b39b-77bc9d74d649@group-A0A5696B5F67-LeaderElection1] INFO server.RaftServer$Division: 16072389-033d-4a01-b39b-77bc9d74d649@group-A0A5696B5F67: change Leader from null to 16072389-033d-4a01-b39b-77bc9d74d649 at term 1 for becomeLeader, leader elected after 7011ms
scm_1       | 2023-02-03 02:27:14,767 [main] INFO server.GrpcService: e4292b43-f9a1-4321-a0dc-b75ad1daac8f: shutdown server GrpcServerProtocolService successfully
scm_1       | 2023-02-03 02:27:14,769 [e4292b43-f9a1-4321-a0dc-b75ad1daac8f-impl-thread1] INFO server.RaftServer$Division: e4292b43-f9a1-4321-a0dc-b75ad1daac8f@group-7C369B1DDDF5: closes. applyIndex: 0
nm_1        | 2023-02-03 02:31:11 INFO  Server:2061 - Auth successful for appattempt_1675391228271_0002_000001 (auth:SIMPLE) from 172.21.0.8:48916
datanode_3  | 2023-02-03 02:27:44,800 [16072389-033d-4a01-b39b-77bc9d74d649@group-0C678D864257-FollowerState] INFO impl.FollowerState: 16072389-033d-4a01-b39b-77bc9d74d649@group-0C678D864257-FollowerState was interrupted
datanode_2  | 2023-02-03 02:27:49,788 [grpc-default-executor-1] INFO server.RaftServer$Division: eab5d59e-614c-42a5-9702-647fe6475b0f@group-0C678D864257 replies to ELECTION vote request: 06bfe0ca-2769-4d45-a610-3729b6ea9363<-eab5d59e-614c-42a5-9702-647fe6475b0f#0:FAIL-t2. Peer's state: eab5d59e-614c-42a5-9702-647fe6475b0f@group-0C678D864257:t2, leader=null, voted=eab5d59e-614c-42a5-9702-647fe6475b0f, raftlog=Memoized:eab5d59e-614c-42a5-9702-647fe6475b0f@group-0C678D864257-SegmentedRaftLog:OPENED:c-1, conf=-1: peers:[16072389-033d-4a01-b39b-77bc9d74d649|rpc:172.21.0.4:9856|admin:172.21.0.4:9857|client:172.21.0.4:9858|dataStream:172.21.0.4:9858|priority:0|startupRole:FOLLOWER, 06bfe0ca-2769-4d45-a610-3729b6ea9363|rpc:172.21.0.5:9856|admin:172.21.0.5:9857|client:172.21.0.5:9858|dataStream:172.21.0.5:9858|priority:0|startupRole:FOLLOWER, eab5d59e-614c-42a5-9702-647fe6475b0f|rpc:172.21.0.7:9856|admin:172.21.0.7:9857|client:172.21.0.7:9858|dataStream:172.21.0.7:9858|priority:1|startupRole:FOLLOWER]|listeners:[], old=null
datanode_1  | 2023-02-03 02:27:38,069 [pool-22-thread-1] INFO server.RaftServerConfigKeys: raft.server.threadpool.server.size = 0 (default)
rm_1        | 2023-02-03 02:27:09 INFO  AbstractFSNodeStore:182 - Finished write mirror at:file:/tmp/hadoop-yarn-hadoop/node-attribute/nodeattribute.mirror
rm_1        | 2023-02-03 02:27:09 INFO  AbstractFSNodeStore:183 - Finished create editlog file at:file:/tmp/hadoop-yarn-hadoop/node-attribute/nodeattribute.editlog
nm_1        | 2023-02-03 02:31:11 INFO  ContainerManagerImpl:1088 - Start request for container_1675391228271_0002_01_000003 by user appattempt_1675391228271_0002_000001 with resource <memory:4096, vCores:1>
datanode_3  | 2023-02-03 02:27:44,843 [grpc-default-executor-2] INFO impl.RoleInfo: 16072389-033d-4a01-b39b-77bc9d74d649: start 16072389-033d-4a01-b39b-77bc9d74d649@group-0C678D864257-FollowerState
datanode_2  | 2023-02-03 02:27:49,962 [eab5d59e-614c-42a5-9702-647fe6475b0f@group-0C678D864257-LeaderElection1] INFO impl.LeaderElection: eab5d59e-614c-42a5-9702-647fe6475b0f@group-0C678D864257-LeaderElection1: ELECTION REJECTED received 2 response(s) and 0 exception(s):
datanode_1  | 2023-02-03 02:27:38,082 [pool-22-thread-1] INFO server.RaftServerConfigKeys: raft.server.threadpool.client.cached = true (default)
rm_1        | 2023-02-03 02:27:09 INFO  AsyncDispatcher:267 - Registering class org.apache.hadoop.yarn.server.resourcemanager.nodelabels.NodeAttributesStoreEventType for class org.apache.hadoop.yarn.server.resourcemanager.nodelabels.NodeAttributesManagerImpl$ForwardingEventHandler
scm_1       | 2023-02-03 02:27:14,798 [e4292b43-f9a1-4321-a0dc-b75ad1daac8f@group-7C369B1DDDF5-SegmentedRaftLogWorker] INFO segmented.SegmentedRaftLogWorker: e4292b43-f9a1-4321-a0dc-b75ad1daac8f@group-7C369B1DDDF5-SegmentedRaftLogWorker was interrupted, exiting. There are 0 tasks remaining in the queue.
nm_1        | 2023-02-03 02:31:11 INFO  NMAuditLogger:94 - USER=appattempt_1675391228271_0002_000001	IP=172.21.0.8	OPERATION=Start Container Request	TARGET=ContainerManageImpl	RESULT=SUCCESS	APPID=application_1675391228271_0002	CONTAINERID=container_1675391228271_0002_01_000003
datanode_3  | 2023-02-03 02:27:44,936 [16072389-033d-4a01-b39b-77bc9d74d649@group-A0A5696B5F67-LeaderElection1] INFO server.RaftServerConfigKeys: raft.server.staging.catchup.gap = 1000 (default)
datanode_2  | 2023-02-03 02:27:49,965 [eab5d59e-614c-42a5-9702-647fe6475b0f@group-0C678D864257-LeaderElection1] INFO impl.LeaderElection:   Response 0: eab5d59e-614c-42a5-9702-647fe6475b0f<-16072389-033d-4a01-b39b-77bc9d74d649#0:FAIL-t2
datanode_1  | 2023-02-03 02:27:38,108 [pool-22-thread-1] INFO server.RaftServerConfigKeys: raft.server.threadpool.client.size = 0 (default)
rm_1        | 2023-02-03 02:27:09 INFO  MultiNodeSortingManager:66 - Starting NodeSortingService=MultiNodeSortingManager
scm_1       | 2023-02-03 02:27:14,824 [e4292b43-f9a1-4321-a0dc-b75ad1daac8f-impl-thread1] INFO segmented.SegmentedRaftLogWorker: e4292b43-f9a1-4321-a0dc-b75ad1daac8f@group-7C369B1DDDF5-SegmentedRaftLogWorker close()
nm_1        | 2023-02-03 02:31:11 INFO  ApplicationImpl:463 - Adding container_1675391228271_0002_01_000003 to application application_1675391228271_0002
datanode_3  | 2023-02-03 02:27:44,940 [16072389-033d-4a01-b39b-77bc9d74d649@group-0C678D864257-FollowerState] INFO server.RaftServerConfigKeys: raft.server.rpc.first-election.timeout.min = 5s (fallback to raft.server.rpc.timeout.min)
datanode_3  | 2023-02-03 02:27:44,949 [16072389-033d-4a01-b39b-77bc9d74d649@group-0C678D864257-FollowerState] INFO server.RaftServerConfigKeys: raft.server.rpc.first-election.timeout.max = 5200ms (fallback to raft.server.rpc.timeout.max)
datanode_1  | 2023-02-03 02:27:38,114 [pool-22-thread-1] INFO storage.RaftStorageDirectory: The storage directory /data/metadata/ratis/8fd2d993-a615-42ad-9e72-0c678d864257 does not exist. Creating ...
rm_1        | 2023-02-03 02:27:10 INFO  CallQueueManager:90 - Using callQueue: class java.util.concurrent.LinkedBlockingQueue, queueCapacity: 5000, scheduler: class org.apache.hadoop.ipc.DefaultRpcScheduler, ipcBackoff: false.
scm_1       | 2023-02-03 02:27:14,848 [JvmPauseMonitor0] INFO util.JvmPauseMonitor: JvmPauseMonitor-e4292b43-f9a1-4321-a0dc-b75ad1daac8f: Stopped
datanode_3  | 2023-02-03 02:27:44,973 [grpc-default-executor-2] INFO server.RaftServer$Division: 16072389-033d-4a01-b39b-77bc9d74d649@group-0C678D864257 replies to ELECTION vote request: 06bfe0ca-2769-4d45-a610-3729b6ea9363<-16072389-033d-4a01-b39b-77bc9d74d649#0:OK-t1. Peer's state: 16072389-033d-4a01-b39b-77bc9d74d649@group-0C678D864257:t1, leader=null, voted=06bfe0ca-2769-4d45-a610-3729b6ea9363, raftlog=Memoized:16072389-033d-4a01-b39b-77bc9d74d649@group-0C678D864257-SegmentedRaftLog:OPENED:c-1, conf=-1: peers:[16072389-033d-4a01-b39b-77bc9d74d649|rpc:172.21.0.4:9856|admin:172.21.0.4:9857|client:172.21.0.4:9858|dataStream:172.21.0.4:9858|priority:0|startupRole:FOLLOWER, 06bfe0ca-2769-4d45-a610-3729b6ea9363|rpc:172.21.0.5:9856|admin:172.21.0.5:9857|client:172.21.0.5:9858|dataStream:172.21.0.5:9858|priority:0|startupRole:FOLLOWER, eab5d59e-614c-42a5-9702-647fe6475b0f|rpc:172.21.0.7:9856|admin:172.21.0.7:9857|client:172.21.0.7:9858|dataStream:172.21.0.7:9858|priority:1|startupRole:FOLLOWER]|listeners:[], old=null
datanode_2  | 2023-02-03 02:27:49,966 [eab5d59e-614c-42a5-9702-647fe6475b0f@group-0C678D864257-LeaderElection1] INFO impl.LeaderElection:   Response 1: eab5d59e-614c-42a5-9702-647fe6475b0f<-06bfe0ca-2769-4d45-a610-3729b6ea9363#0:FAIL-t2
nm_1        | 2023-02-03 02:31:11 INFO  ContainerImpl:1251 - Container container_1675391228271_0002_01_000003 is localizing: [o3fs://bucket1.volume1.om/user/hadoop/.staging/job_1675391228271_0002/job.jar, o3fs://bucket1.volume1.om/user/hadoop/.staging/job_1675391228271_0002/job.xml]
datanode_1  | 2023-02-03 02:27:38,193 [pool-22-thread-1] INFO storage.RaftStorageDirectory: Lock on /data/metadata/ratis/8fd2d993-a615-42ad-9e72-0c678d864257/in_use.lock acquired by nodename 7@9be169a68ae6
rm_1        | 2023-02-03 02:27:10 INFO  Server:1265 - Starting Socket Reader #1 for port 8031
scm_1       | 2023-02-03 02:27:14,853 [main] WARN server.ServerUtils: ozone.scm.db.dirs is not configured. We recommend adding this setting. Falling back to ozone.metadata.dirs instead.
datanode_3  | 2023-02-03 02:27:45,024 [16072389-033d-4a01-b39b-77bc9d74d649@group-A0A5696B5F67-LeaderElection1] INFO server.RaftServerConfigKeys: raft.server.write.element-limit = 1024 (custom)
datanode_2  | 2023-02-03 02:27:49,966 [eab5d59e-614c-42a5-9702-647fe6475b0f@group-0C678D864257-LeaderElection1] INFO impl.LeaderElection: eab5d59e-614c-42a5-9702-647fe6475b0f@group-0C678D864257-LeaderElection1 ELECTION round 0: result REJECTED
nm_1        | 2023-02-03 02:31:11 INFO  ContainerImpl:2188 - Container container_1675391228271_0002_01_000003 transitioned from NEW to LOCALIZING
datanode_1  | 2023-02-03 02:27:38,238 [pool-22-thread-1] INFO storage.RaftStorage: Storage directory /data/metadata/ratis/8fd2d993-a615-42ad-9e72-0c678d864257 has been successfully formatted.
rm_1        | 2023-02-03 02:27:10 INFO  RpcServerFactoryPBImpl:174 - Adding protocol org.apache.hadoop.yarn.server.api.ResourceTrackerPB to the server
scm_1       | 2023-02-03 02:27:14,915 [main] INFO server.StorageContainerManager: SCM initialization succeeded. Current cluster id for sd=/data/metadata/scm; cid=CID-af9975cc-de8b-4fc8-aa6a-7c369b1dddf5; layoutVersion=4; scmId=e4292b43-f9a1-4321-a0dc-b75ad1daac8f
datanode_3  | 2023-02-03 02:27:45,039 [16072389-033d-4a01-b39b-77bc9d74d649@group-A0A5696B5F67-LeaderElection1] INFO server.RaftServerConfigKeys: raft.server.write.byte-limit = 1024 M (=1073741824) (custom)
datanode_2  | 2023-02-03 02:27:49,968 [eab5d59e-614c-42a5-9702-647fe6475b0f@group-0C678D864257-LeaderElection1] INFO server.RaftServer$Division: eab5d59e-614c-42a5-9702-647fe6475b0f@group-0C678D864257: changes role from CANDIDATE to FOLLOWER at term 2 for REJECTED
nm_1        | 2023-02-03 02:31:11 INFO  AuxServices:850 - Got event CONTAINER_INIT for appId application_1675391228271_0002
datanode_1  | 2023-02-03 02:27:38,345 [pool-22-thread-1] INFO ratis.ContainerStateMachine: group-0C678D864257: The snapshot info is null. Setting the last applied indexto:(t:0, i:~)
rm_1        | 2023-02-03 02:27:10 INFO  Server:1507 - IPC Server Responder: starting
scm_1       | 2023-02-03 02:27:14,977 [shutdown-hook-0] INFO server.StorageContainerManagerStarter: SHUTDOWN_MSG: 
datanode_3  | 2023-02-03 02:27:45,179 [16072389-033d-4a01-b39b-77bc9d74d649@group-A0A5696B5F67-LeaderElection1] INFO server.RaftServerConfigKeys: raft.server.watch.timeout = 180s (custom)
datanode_2  | 2023-02-03 02:27:49,968 [eab5d59e-614c-42a5-9702-647fe6475b0f@group-0C678D864257-LeaderElection1] INFO impl.RoleInfo: eab5d59e-614c-42a5-9702-647fe6475b0f: shutdown eab5d59e-614c-42a5-9702-647fe6475b0f@group-0C678D864257-LeaderElection1
nm_1        | 2023-02-03 02:31:11 INFO  AuxServices:850 - Got event APPLICATION_INIT for appId application_1675391228271_0002
datanode_1  | 2023-02-03 02:27:38,365 [pool-22-thread-1] INFO server.RaftServerConfigKeys: raft.server.log.use.memory = false (default)
rm_1        | 2023-02-03 02:27:10 INFO  Server:1344 - IPC Server listener on 8031: starting
scm_1       | /************************************************************
datanode_3  | 2023-02-03 02:27:45,179 [16072389-033d-4a01-b39b-77bc9d74d649@group-A0A5696B5F67-LeaderElection1] INFO server.RaftServerConfigKeys: raft.server.watch.timeout.denomination = 1s (default)
datanode_2  | 2023-02-03 02:27:49,969 [eab5d59e-614c-42a5-9702-647fe6475b0f@group-0C678D864257-LeaderElection1] INFO impl.RoleInfo: eab5d59e-614c-42a5-9702-647fe6475b0f: start eab5d59e-614c-42a5-9702-647fe6475b0f@group-0C678D864257-FollowerState
nm_1        | 2023-02-03 02:31:11 INFO  AuxServices:854 - Got APPLICATION_INIT for service mapreduce_shuffle
datanode_1  | 2023-02-03 02:27:38,546 [pool-22-thread-1] INFO server.RaftServerConfigKeys: raft.server.log.purge.gap = 1000000 (custom)
rm_1        | 2023-02-03 02:27:10 INFO  JvmPauseMonitor:188 - Starting JVM pause monitor
scm_1       | SHUTDOWN_MSG: Shutting down StorageContainerManager at scm/172.21.0.2
datanode_3  | 2023-02-03 02:27:45,180 [16072389-033d-4a01-b39b-77bc9d74d649@group-A0A5696B5F67-LeaderElection1] INFO server.RaftServerConfigKeys: raft.server.watch.element-limit = 65536 (default)
datanode_2  | 2023-02-03 02:27:49,988 [eab5d59e-614c-42a5-9702-647fe6475b0f@group-0C678D864257-FollowerState] INFO server.RaftServerConfigKeys: raft.server.rpc.first-election.timeout.min = 5s (fallback to raft.server.rpc.timeout.min)
nm_1        | 2023-02-03 02:31:11 INFO  ShuffleHandler:732 - Added token for job_1675391228271_0002
datanode_1  | 2023-02-03 02:27:38,548 [pool-22-thread-1] INFO server.RaftServerConfigKeys: raft.server.log.appender.buffer.byte-limit = 33554432 (custom)
rm_1        | 2023-02-03 02:27:10 INFO  CallQueueManager:90 - Using callQueue: class java.util.concurrent.LinkedBlockingQueue, queueCapacity: 5000, scheduler: class org.apache.hadoop.ipc.DefaultRpcScheduler, ipcBackoff: false.
scm_1       | ************************************************************/
datanode_3  | 2023-02-03 02:27:45,282 [16072389-033d-4a01-b39b-77bc9d74d649@group-A0A5696B5F67-LeaderElection1] INFO server.RaftServerConfigKeys: raft.server.write.element-limit = 1024 (custom)
datanode_2  | 2023-02-03 02:27:49,988 [eab5d59e-614c-42a5-9702-647fe6475b0f@group-0C678D864257-FollowerState] INFO server.RaftServerConfigKeys: raft.server.rpc.first-election.timeout.max = 5200ms (fallback to raft.server.rpc.timeout.max)
nm_1        | 2023-02-03 02:31:11 INFO  ContainerImpl:2188 - Container container_1675391228271_0002_01_000003 transitioned from LOCALIZING to SCHEDULED
datanode_1  | 2023-02-03 02:27:38,582 [pool-22-thread-1] INFO server.RaftServerConfigKeys: raft.server.log.statemachine.data.read.timeout = 1000ms (default)
rm_1        | 2023-02-03 02:27:10 INFO  Server:1265 - Starting Socket Reader #1 for port 8030
scm_1       | No '-XX:...' jvm parameters are set. Adding safer GC settings '-XX:ParallelGCThreads=8 -XX:+UseConcMarkSweepGC -XX:CMSInitiatingOccupancyFraction=70 -XX:+CMSParallelRemarkEnabled' to the OZONE_OPTS
datanode_3  | 2023-02-03 02:27:45,331 [16072389-033d-4a01-b39b-77bc9d74d649@group-A0A5696B5F67-LeaderElection1] INFO server.RaftServerConfigKeys: raft.server.write.follower.gap.ratio.max = -1.0 (default)
datanode_2  | 2023-02-03 02:27:50,499 [eab5d59e-614c-42a5-9702-647fe6475b0f@group-125A8ED8EDD2-FollowerState] INFO impl.FollowerState: eab5d59e-614c-42a5-9702-647fe6475b0f@group-125A8ED8EDD2-FollowerState: change to CANDIDATE, lastRpcElapsedTime:5148188807ns, electionTimeout:5127ms
nm_1        | 2023-02-03 02:31:11 INFO  ContainerScheduler:541 - Starting container [container_1675391228271_0002_01_000003]
datanode_1  | 2023-02-03 02:27:38,590 [pool-22-thread-1] INFO server.RaftServerConfigKeys: raft.server.log.purge.preservation.log.num = 0 (default)
rm_1        | 2023-02-03 02:27:10 INFO  RpcServerFactoryPBImpl:174 - Adding protocol org.apache.hadoop.yarn.api.ApplicationMasterProtocolPB to the server
rm_1        | 2023-02-03 02:27:10 INFO  Server:1507 - IPC Server Responder: starting
datanode_3  | 2023-02-03 02:27:45,339 [16072389-033d-4a01-b39b-77bc9d74d649@group-A0A5696B5F67-LeaderElection1] INFO impl.RoleInfo: 16072389-033d-4a01-b39b-77bc9d74d649: start 16072389-033d-4a01-b39b-77bc9d74d649@group-A0A5696B5F67-LeaderStateImpl
datanode_2  | 2023-02-03 02:27:50,500 [eab5d59e-614c-42a5-9702-647fe6475b0f@group-125A8ED8EDD2-FollowerState] INFO impl.RoleInfo: eab5d59e-614c-42a5-9702-647fe6475b0f: shutdown eab5d59e-614c-42a5-9702-647fe6475b0f@group-125A8ED8EDD2-FollowerState
datanode_2  | 2023-02-03 02:27:50,500 [eab5d59e-614c-42a5-9702-647fe6475b0f@group-125A8ED8EDD2-FollowerState] INFO server.RaftServer$Division: eab5d59e-614c-42a5-9702-647fe6475b0f@group-125A8ED8EDD2: changes role from  FOLLOWER to CANDIDATE at term 0 for changeToCandidate
datanode_1  | 2023-02-03 02:27:38,635 [pool-22-thread-1] INFO server.RaftServerConfigKeys: raft.server.log.segment.size.max = 1048576 (custom)
nm_1        | 2023-02-03 02:31:11 INFO  ContainerImpl:2188 - Container container_1675391228271_0002_01_000003 transitioned from SCHEDULED to RUNNING
scm_1       | OpenJDK 64-Bit Server VM warning: Option UseConcMarkSweepGC was deprecated in version 9.0 and will likely be removed in a future release.
datanode_3  | 2023-02-03 02:27:45,525 [Command processor thread] INFO commandhandler.CreatePipelineCommandHandler: Created Pipeline RATIS THREE PipelineID=9c395bf7-5efc-4701-848d-9fb9ef172a42.
datanode_2  | 2023-02-03 02:27:50,500 [eab5d59e-614c-42a5-9702-647fe6475b0f@group-125A8ED8EDD2-FollowerState] INFO server.RaftServerConfigKeys: raft.server.leaderelection.pre-vote = false (custom)
datanode_2  | 2023-02-03 02:27:50,500 [eab5d59e-614c-42a5-9702-647fe6475b0f@group-125A8ED8EDD2-FollowerState] INFO impl.RoleInfo: eab5d59e-614c-42a5-9702-647fe6475b0f: start eab5d59e-614c-42a5-9702-647fe6475b0f@group-125A8ED8EDD2-LeaderElection2
scm_1       | 2023-02-03 02:27:21,173 [main] INFO server.StorageContainerManagerStarter: STARTUP_MSG: 
datanode_3  | 2023-02-03 02:27:45,520 [16072389-033d-4a01-b39b-77bc9d74d649@group-A0A5696B5F67-LeaderElection1] INFO segmented.SegmentedRaftLogWorker: 16072389-033d-4a01-b39b-77bc9d74d649@group-A0A5696B5F67-SegmentedRaftLogWorker: Starting segment from index:0
datanode_2  | 2023-02-03 02:27:50,517 [eab5d59e-614c-42a5-9702-647fe6475b0f@group-125A8ED8EDD2-LeaderElection2] INFO impl.LeaderElection: eab5d59e-614c-42a5-9702-647fe6475b0f@group-125A8ED8EDD2-LeaderElection2 ELECTION round 0: submit vote requests at term 1 for -1: peers:[eab5d59e-614c-42a5-9702-647fe6475b0f|rpc:172.21.0.7:9856|admin:172.21.0.7:9857|client:172.21.0.7:9858|dataStream:172.21.0.7:9858|priority:1|startupRole:FOLLOWER]|listeners:[], old=null
nm_1        | 2023-02-03 02:31:11 INFO  ContainersMonitorImpl:1112 - Starting resource-monitoring for container_1675391228271_0002_01_000003
scm_1       | /************************************************************
datanode_3  | 2023-02-03 02:27:45,764 [16072389-033d-4a01-b39b-77bc9d74d649@group-A0A5696B5F67-LeaderElection1] INFO server.RaftServer$Division: 16072389-033d-4a01-b39b-77bc9d74d649@group-A0A5696B5F67: set configuration 0: peers:[16072389-033d-4a01-b39b-77bc9d74d649|rpc:172.21.0.4:9856|admin:172.21.0.4:9857|client:172.21.0.4:9858|dataStream:172.21.0.4:9858|priority:1|startupRole:FOLLOWER]|listeners:[], old=null
datanode_2  | 2023-02-03 02:27:50,518 [eab5d59e-614c-42a5-9702-647fe6475b0f@group-125A8ED8EDD2-LeaderElection2] INFO impl.LeaderElection: eab5d59e-614c-42a5-9702-647fe6475b0f@group-125A8ED8EDD2-LeaderElection2 ELECTION round 0: result PASSED (term=1)
datanode_2  | 2023-02-03 02:27:50,518 [eab5d59e-614c-42a5-9702-647fe6475b0f@group-125A8ED8EDD2-LeaderElection2] INFO impl.RoleInfo: eab5d59e-614c-42a5-9702-647fe6475b0f: shutdown eab5d59e-614c-42a5-9702-647fe6475b0f@group-125A8ED8EDD2-LeaderElection2
scm_1       | STARTUP_MSG: Starting StorageContainerManager
datanode_3  | 2023-02-03 02:27:46,117 [16072389-033d-4a01-b39b-77bc9d74d649@group-A0A5696B5F67-SegmentedRaftLogWorker] INFO segmented.SegmentedRaftLogWorker: 16072389-033d-4a01-b39b-77bc9d74d649@group-A0A5696B5F67-SegmentedRaftLogWorker: created new log segment /data/metadata/ratis/2b0475c6-42cd-4967-9bff-a0a5696b5f67/current/log_inprogress_0
rm_1        | 2023-02-03 02:27:10 INFO  Server:1344 - IPC Server listener on 8030: starting
rm_1        | 2023-02-03 02:27:11 INFO  CallQueueManager:90 - Using callQueue: class java.util.concurrent.LinkedBlockingQueue, queueCapacity: 5000, scheduler: class org.apache.hadoop.ipc.DefaultRpcScheduler, ipcBackoff: false.
datanode_2  | 2023-02-03 02:27:50,518 [eab5d59e-614c-42a5-9702-647fe6475b0f@group-125A8ED8EDD2-LeaderElection2] INFO server.RaftServer$Division: eab5d59e-614c-42a5-9702-647fe6475b0f@group-125A8ED8EDD2: changes role from CANDIDATE to LEADER at term 1 for changeToLeader
nm_1        | 2023-02-03 02:31:11 INFO  DefaultContainerExecutor:385 - launchContainer: [bash, /tmp/hadoop-hadoop/nm-local-dir/usercache/hadoop/appcache/application_1675391228271_0002/container_1675391228271_0002_01_000003/default_container_executor.sh]
scm_1       | STARTUP_MSG:   host = scm/172.21.0.2
datanode_3  | 2023-02-03 02:27:49,461 [16072389-033d-4a01-b39b-77bc9d74d649@group-9FB9EF172A42-FollowerState] INFO impl.FollowerState: 16072389-033d-4a01-b39b-77bc9d74d649@group-9FB9EF172A42-FollowerState: change to CANDIDATE, lastRpcElapsedTime:5193334249ns, electionTimeout:5053ms
rm_1        | 2023-02-03 02:27:11 INFO  Server:1265 - Starting Socket Reader #1 for port 8032
rm_1        | 2023-02-03 02:27:11 INFO  RpcServerFactoryPBImpl:174 - Adding protocol org.apache.hadoop.yarn.api.ApplicationClientProtocolPB to the server
datanode_2  | 2023-02-03 02:27:50,518 [eab5d59e-614c-42a5-9702-647fe6475b0f@group-125A8ED8EDD2-LeaderElection2] INFO ratis.XceiverServerRatis: Leader change notification received for group: group-125A8ED8EDD2 with new leaderId: eab5d59e-614c-42a5-9702-647fe6475b0f
datanode_2  | 2023-02-03 02:27:50,519 [eab5d59e-614c-42a5-9702-647fe6475b0f@group-125A8ED8EDD2-LeaderElection2] INFO server.RaftServer$Division: eab5d59e-614c-42a5-9702-647fe6475b0f@group-125A8ED8EDD2: change Leader from null to eab5d59e-614c-42a5-9702-647fe6475b0f at term 1 for becomeLeader, leader elected after 5371ms
scm_1       | STARTUP_MSG:   args = []
datanode_3  | 2023-02-03 02:27:49,462 [16072389-033d-4a01-b39b-77bc9d74d649@group-9FB9EF172A42-FollowerState] INFO impl.RoleInfo: 16072389-033d-4a01-b39b-77bc9d74d649: shutdown 16072389-033d-4a01-b39b-77bc9d74d649@group-9FB9EF172A42-FollowerState
datanode_1  | 2023-02-03 02:27:38,720 [pool-22-thread-1] INFO server.RaftServerConfigKeys: raft.server.log.segment.cache.num.max = 2 (custom)
datanode_1  | 2023-02-03 02:27:38,720 [pool-22-thread-1] INFO server.RaftServerConfigKeys: raft.server.log.segment.cache.size.max = 200MB (=209715200) (default)
nm_1        | 2023-02-03 02:31:12 INFO  NodeStatusUpdaterImpl:727 - Removed completed containers from NM context: [container_1675391228271_0002_01_000002]
datanode_2  | 2023-02-03 02:27:50,548 [eab5d59e-614c-42a5-9702-647fe6475b0f@group-125A8ED8EDD2-LeaderElection2] INFO server.RaftServerConfigKeys: raft.server.staging.catchup.gap = 1000 (default)
datanode_2  | 2023-02-03 02:27:50,567 [eab5d59e-614c-42a5-9702-647fe6475b0f@group-125A8ED8EDD2-LeaderElection2] INFO server.RaftServerConfigKeys: raft.server.write.element-limit = 1024 (custom)
datanode_3  | 2023-02-03 02:27:49,462 [16072389-033d-4a01-b39b-77bc9d74d649@group-9FB9EF172A42-FollowerState] INFO server.RaftServer$Division: 16072389-033d-4a01-b39b-77bc9d74d649@group-9FB9EF172A42: changes role from  FOLLOWER to CANDIDATE at term 0 for changeToCandidate
datanode_1  | 2023-02-03 02:27:38,806 [pool-22-thread-1] INFO segmented.SegmentedRaftLogWorker: new 06bfe0ca-2769-4d45-a610-3729b6ea9363@group-0C678D864257-SegmentedRaftLogWorker for RaftStorageImpl:Storage Directory /data/metadata/ratis/8fd2d993-a615-42ad-9e72-0c678d864257
datanode_1  | 2023-02-03 02:27:38,810 [pool-22-thread-1] INFO server.RaftServerConfigKeys: raft.server.log.queue.byte-limit = 4294967296 (custom)
nm_1        | 2023-02-03 02:31:12 INFO  ContainersMonitorImpl:643 - container_1675391228271_0002_01_000003's ip = 172.21.0.8, and hostname = nm
scm_1       | STARTUP_MSG:   version = 1.4.0-SNAPSHOT
datanode_2  | 2023-02-03 02:27:50,568 [eab5d59e-614c-42a5-9702-647fe6475b0f@group-125A8ED8EDD2-LeaderElection2] INFO server.RaftServerConfigKeys: raft.server.write.byte-limit = 1024 M (=1073741824) (custom)
datanode_3  | 2023-02-03 02:27:49,462 [16072389-033d-4a01-b39b-77bc9d74d649@group-9FB9EF172A42-FollowerState] INFO server.RaftServerConfigKeys: raft.server.leaderelection.pre-vote = false (custom)
datanode_3  | 2023-02-03 02:27:49,462 [16072389-033d-4a01-b39b-77bc9d74d649@group-9FB9EF172A42-FollowerState] INFO impl.RoleInfo: 16072389-033d-4a01-b39b-77bc9d74d649: start 16072389-033d-4a01-b39b-77bc9d74d649@group-9FB9EF172A42-LeaderElection2
datanode_3  | 2023-02-03 02:27:49,465 [16072389-033d-4a01-b39b-77bc9d74d649@group-9FB9EF172A42-LeaderElection2] INFO impl.LeaderElection: 16072389-033d-4a01-b39b-77bc9d74d649@group-9FB9EF172A42-LeaderElection2 ELECTION round 0: submit vote requests at term 1 for -1: peers:[16072389-033d-4a01-b39b-77bc9d74d649|rpc:172.21.0.4:9856|admin:172.21.0.4:9857|client:172.21.0.4:9858|dataStream:172.21.0.4:9858|priority:0|startupRole:FOLLOWER, 06bfe0ca-2769-4d45-a610-3729b6ea9363|rpc:172.21.0.5:9856|admin:172.21.0.5:9857|client:172.21.0.5:9858|dataStream:172.21.0.5:9858|priority:1|startupRole:FOLLOWER, eab5d59e-614c-42a5-9702-647fe6475b0f|rpc:172.21.0.7:9856|admin:172.21.0.7:9857|client:172.21.0.7:9858|dataStream:172.21.0.7:9858|priority:0|startupRole:FOLLOWER]|listeners:[], old=null
datanode_3  | 2023-02-03 02:27:49,484 [16072389-033d-4a01-b39b-77bc9d74d649@group-9FB9EF172A42-LeaderElection2] INFO server.RaftServerConfigKeys: raft.server.rpc.first-election.timeout.min = 5s (fallback to raft.server.rpc.timeout.min)
nm_1        | 2023-02-03 02:31:12 INFO  ContainersMonitorImpl:548 - Skipping monitoring container container_1675391228271_0002_01_000003 since CPU usage is not yet available.
datanode_3  | 2023-02-03 02:27:49,484 [16072389-033d-4a01-b39b-77bc9d74d649@group-9FB9EF172A42-LeaderElection2] INFO server.RaftServerConfigKeys: raft.server.rpc.first-election.timeout.max = 5200ms (fallback to raft.server.rpc.timeout.max)
rm_1        | 2023-02-03 02:27:11 INFO  Server:1507 - IPC Server Responder: starting
