om_1        | 2023-02-03 02:28:03,029 [om1@group-C5BA1605619E-FollowerState] INFO server.RaftServer$Division: om1@group-C5BA1605619E: changes role from  FOLLOWER to CANDIDATE at term 0 for changeToCandidate
nm_1        | 2023-02-03 02:30:45 WARN  DefaultContainerExecutor:650 - delete returned false for path: [/tmp/hadoop-hadoop/nm-local-dir/usercache/hadoop/appcache/application_1675391228271_0001/container_1675391228271_0001_01_000001/sysfs]
datanode_3  | 2023-02-03 02:27:43,757 [pool-22-thread-1] INFO storage.RaftStorageDirectory: Lock on /data/metadata/ratis/9c395bf7-5efc-4701-848d-9fb9ef172a42/in_use.lock acquired by nodename 6@67beb4278db1
scm_1       | 2023-02-03 02:27:04,476 [e4292b43-f9a1-4321-a0dc-b75ad1daac8f-impl-thread1] INFO server.RaftServerConfigKeys: raft.server.log.segment.size.max = 4194304 (custom)
datanode_2  | 2023-02-03 02:27:45,495 [pool-22-thread-1] INFO server.RaftServerConfigKeys: raft.server.log.statemachine.data.read.timeout = 1000ms (default)
nm_1        | 2023-02-03 02:30:45 INFO  Server:2061 - Auth successful for appattempt_1675391228271_0001_000001 (auth:SIMPLE) from 172.21.0.6:60764
nm_1        | 2023-02-03 02:30:45 INFO  ContainerManagerImpl:1429 - Stopping container with container Id: container_1675391228271_0001_01_000001
scm_1       | 2023-02-03 02:27:04,478 [e4292b43-f9a1-4321-a0dc-b75ad1daac8f-impl-thread1] INFO server.RaftServerConfigKeys: raft.server.log.preallocated.size = 4194304 (custom)
datanode_2  | 2023-02-03 02:27:45,496 [pool-22-thread-1] INFO server.RaftServerConfigKeys: raft.server.log.purge.preservation.log.num = 0 (default)
nm_1        | 2023-02-03 02:30:45 INFO  NMAuditLogger:94 - USER=appattempt_1675391228271_0001_000001	IP=172.21.0.6	OPERATION=Stop Container Request	TARGET=ContainerManageImpl	RESULT=SUCCESS	APPID=application_1675391228271_0001	CONTAINERID=container_1675391228271_0001_01_000001
nm_1        | 2023-02-03 02:30:46 INFO  NodeStatusUpdaterImpl:727 - Removed completed containers from NM context: [container_1675391228271_0001_01_000001, container_1675391228271_0001_01_000005]
scm_1       | 2023-02-03 02:27:04,494 [e4292b43-f9a1-4321-a0dc-b75ad1daac8f-impl-thread1] INFO server.RaftServerConfigKeys: raft.server.log.force.sync.num = 128 (default)
datanode_2  | 2023-02-03 02:27:45,496 [pool-22-thread-1] INFO server.RaftServerConfigKeys: raft.server.log.segment.size.max = 1048576 (custom)
datanode_2  | 2023-02-03 02:27:45,496 [pool-22-thread-1] INFO server.RaftServerConfigKeys: raft.server.log.segment.cache.num.max = 2 (custom)
datanode_3  | 2023-02-03 02:27:43,769 [pool-22-thread-1] INFO storage.RaftStorage: Storage directory /data/metadata/ratis/9c395bf7-5efc-4701-848d-9fb9ef172a42 has been successfully formatted.
scm_1       | 2023-02-03 02:27:04,505 [e4292b43-f9a1-4321-a0dc-b75ad1daac8f-impl-thread1] INFO server.RaftServerConfigKeys: raft.server.log.statemachine.data.sync = true (default)
scm_1       | 2023-02-03 02:27:04,525 [e4292b43-f9a1-4321-a0dc-b75ad1daac8f-impl-thread1] INFO server.RaftServerConfigKeys: raft.server.log.statemachine.data.sync.timeout = 10s (default)
scm_1       | 2023-02-03 02:27:04,526 [e4292b43-f9a1-4321-a0dc-b75ad1daac8f-impl-thread1] INFO server.RaftServerConfigKeys: raft.server.log.statemachine.data.sync.timeout.retry = -1 (default)
scm_1       | 2023-02-03 02:27:04,634 [e4292b43-f9a1-4321-a0dc-b75ad1daac8f-impl-thread1] INFO server.RaftServerConfigKeys: raft.server.log.write.buffer.size = 64KB (=65536) (default)
datanode_2  | 2023-02-03 02:27:45,505 [pool-22-thread-1] INFO server.RaftServerConfigKeys: raft.server.log.segment.cache.size.max = 200MB (=209715200) (default)
nm_1        | 2023-02-03 02:30:46 INFO  ApplicationImpl:655 - Application application_1675391228271_0001 transitioned from RUNNING to APPLICATION_RESOURCES_CLEANINGUP
datanode_3  | 2023-02-03 02:27:43,771 [pool-22-thread-1] INFO ratis.ContainerStateMachine: group-9FB9EF172A42: The snapshot info is null. Setting the last applied indexto:(t:0, i:~)
scm_1       | 2023-02-03 02:27:04,638 [e4292b43-f9a1-4321-a0dc-b75ad1daac8f-impl-thread1] INFO server.RaftServerConfigKeys: raft.server.log.appender.buffer.byte-limit = 33554432 (custom)
scm_1       | 2023-02-03 02:27:04,852 [e4292b43-f9a1-4321-a0dc-b75ad1daac8f-impl-thread1] INFO server.RaftServerConfigKeys: raft.server.log.unsafe-flush.enabled = false (default)
scm_1       | 2023-02-03 02:27:04,858 [e4292b43-f9a1-4321-a0dc-b75ad1daac8f-impl-thread1] INFO server.RaftServerConfigKeys: raft.server.log.async-flush.enabled = false (default)
scm_1       | 2023-02-03 02:27:04,866 [e4292b43-f9a1-4321-a0dc-b75ad1daac8f-impl-thread1] INFO server.RaftServerConfigKeys: raft.server.log.statemachine.data.caching.enabled = false (default)
datanode_2  | 2023-02-03 02:27:45,505 [pool-22-thread-1] INFO segmented.SegmentedRaftLogWorker: new eab5d59e-614c-42a5-9702-647fe6475b0f@group-9FB9EF172A42-SegmentedRaftLogWorker for RaftStorageImpl:Storage Directory /data/metadata/ratis/9c395bf7-5efc-4701-848d-9fb9ef172a42
nm_1        | 2023-02-03 02:30:46 INFO  AuxServices:850 - Got event APPLICATION_STOP for appId application_1675391228271_0001
datanode_3  | 2023-02-03 02:27:43,807 [pool-22-thread-1] INFO server.RaftServerConfigKeys: raft.server.log.use.memory = false (default)
datanode_3  | 2023-02-03 02:27:43,808 [pool-22-thread-1] INFO server.RaftServerConfigKeys: raft.server.log.purge.gap = 1000000 (custom)
datanode_2  | 2023-02-03 02:27:45,506 [pool-22-thread-1] INFO server.RaftServerConfigKeys: raft.server.log.queue.byte-limit = 4294967296 (custom)
datanode_1  | 	at org.apache.hadoop.ipc.ProtobufRpcEngine$Invoker.invoke(ProtobufRpcEngine.java:235)
datanode_1  | 	at org.apache.hadoop.ipc.ProtobufRpcEngine$Invoker.invoke(ProtobufRpcEngine.java:122)
nm_1        | 2023-02-03 02:30:46 INFO  ApplicationImpl:655 - Application application_1675391228271_0001 transitioned from APPLICATION_RESOURCES_CLEANINGUP to FINISHED
rm_1        | 2023-02-03 02:26:50 INFO  HttpRequestLog:82 - Http request log for http.requests.resourcemanager is not defined
rm_1        | 2023-02-03 02:26:50 INFO  HttpServer2:1111 - Added global filter 'safety' (class=org.apache.hadoop.http.HttpServer2$QuotingInputFilter)
datanode_2  | 2023-02-03 02:27:45,506 [pool-22-thread-1] INFO server.RaftServerConfigKeys: raft.server.log.queue.element-limit = 1024 (custom)
datanode_3  | 2023-02-03 02:27:43,808 [pool-22-thread-1] INFO server.RaftServerConfigKeys: raft.server.log.appender.buffer.byte-limit = 33554432 (custom)
datanode_3  | 2023-02-03 02:27:43,808 [pool-22-thread-1] INFO server.RaftServerConfigKeys: raft.server.log.statemachine.data.read.timeout = 1000ms (default)
datanode_3  | 2023-02-03 02:27:43,808 [pool-22-thread-1] INFO server.RaftServerConfigKeys: raft.server.log.purge.preservation.log.num = 0 (default)
datanode_3  | 2023-02-03 02:27:43,808 [pool-22-thread-1] INFO server.RaftServerConfigKeys: raft.server.log.segment.size.max = 1048576 (custom)
nm_1        | 2023-02-03 02:30:46 INFO  NonAggregatingLogHandler:171 - Scheduling Log Deletion for application: application_1675391228271_0001, with delay of 10800 seconds
rm_1        | 2023-02-03 02:26:50 INFO  HttpServer2:1084 - Added filter RMAuthenticationFilter (class=org.apache.hadoop.yarn.server.security.http.RMAuthenticationFilter) to context cluster
scm_1       | 2023-02-03 02:27:05,011 [e4292b43-f9a1-4321-a0dc-b75ad1daac8f-impl-thread1] INFO segmented.SegmentedRaftLogWorker: e4292b43-f9a1-4321-a0dc-b75ad1daac8f@group-7C369B1DDDF5-SegmentedRaftLogWorker: flushIndex: setUnconditionally 0 -> -1
datanode_2  | 2023-02-03 02:27:45,506 [pool-22-thread-1] INFO server.RaftServerConfigKeys: raft.server.log.segment.size.max = 1048576 (custom)
datanode_3  | 2023-02-03 02:27:43,808 [pool-22-thread-1] INFO server.RaftServerConfigKeys: raft.server.log.segment.cache.num.max = 2 (custom)
datanode_3  | 2023-02-03 02:27:43,809 [pool-22-thread-1] INFO server.RaftServerConfigKeys: raft.server.log.segment.cache.size.max = 200MB (=209715200) (default)
datanode_1  | 	at com.sun.proxy.$Proxy38.submitRequest(Unknown Source)
nm_1        | 2023-02-03 02:30:50 INFO  Server:2061 - Auth successful for appattempt_1675391228271_0002_000001 (auth:SIMPLE) from 172.21.0.6:60778
rm_1        | 2023-02-03 02:26:50 INFO  HttpServer2:1094 - Added filter RMAuthenticationFilter (class=org.apache.hadoop.yarn.server.security.http.RMAuthenticationFilter) to context static
scm_1       | 2023-02-03 02:27:05,067 [e4292b43-f9a1-4321-a0dc-b75ad1daac8f-impl-thread1] INFO segmented.SegmentedRaftLogWorker: e4292b43-f9a1-4321-a0dc-b75ad1daac8f@group-7C369B1DDDF5-SegmentedRaftLogWorker: safeCacheEvictIndex: setUnconditionally 0 -> -1
datanode_2  | 2023-02-03 02:27:45,506 [pool-22-thread-1] INFO server.RaftServerConfigKeys: raft.server.log.preallocated.size = 16384 (custom)
datanode_3  | 2023-02-03 02:27:43,809 [pool-22-thread-1] INFO segmented.SegmentedRaftLogWorker: new 16072389-033d-4a01-b39b-77bc9d74d649@group-9FB9EF172A42-SegmentedRaftLogWorker for RaftStorageImpl:Storage Directory /data/metadata/ratis/9c395bf7-5efc-4701-848d-9fb9ef172a42
datanode_3  | 2023-02-03 02:27:43,809 [pool-22-thread-1] INFO server.RaftServerConfigKeys: raft.server.log.queue.byte-limit = 4294967296 (custom)
datanode_1  | 	at org.apache.hadoop.ozone.protocolPB.StorageContainerDatanodeProtocolClientSideTranslatorPB.submitRequest(StorageContainerDatanodeProtocolClientSideTranslatorPB.java:117)
nm_1        | 2023-02-03 02:30:50 INFO  ContainerManagerImpl:1088 - Start request for container_1675391228271_0002_01_000001 by user appattempt_1675391228271_0002_000001 with resource <memory:2048, vCores:1>
nm_1        | 2023-02-03 02:30:50 INFO  ContainerManagerImpl:1142 - Creating a new application reference for app application_1675391228271_0002
scm_1       | 2023-02-03 02:27:05,070 [e4292b43-f9a1-4321-a0dc-b75ad1daac8f-impl-thread1] INFO server.RaftServer$Division: e4292b43-f9a1-4321-a0dc-b75ad1daac8f@group-7C369B1DDDF5: start as a follower, conf=-1: peers:[e4292b43-f9a1-4321-a0dc-b75ad1daac8f|rpc:scm:9894|priority:0|startupRole:FOLLOWER]|listeners:[], old=null
datanode_2  | 2023-02-03 02:27:45,506 [pool-22-thread-1] INFO server.RaftServerConfigKeys: raft.server.log.force.sync.num = 128 (default)
datanode_3  | 2023-02-03 02:27:43,818 [pool-22-thread-1] INFO server.RaftServerConfigKeys: raft.server.log.queue.element-limit = 1024 (custom)
om_1        | 2023-02-03 02:28:03,034 [om1@group-C5BA1605619E-FollowerState] INFO server.RaftServerConfigKeys: raft.server.leaderelection.pre-vote = false (custom)
datanode_1  | 	at org.apache.hadoop.ozone.protocolPB.StorageContainerDatanodeProtocolClientSideTranslatorPB.getVersion(StorageContainerDatanodeProtocolClientSideTranslatorPB.java:133)
nm_1        | 2023-02-03 02:30:50 INFO  ApplicationImpl:655 - Application application_1675391228271_0002 transitioned from NEW to INITING
rm_1        | 2023-02-03 02:26:50 INFO  HttpServer2:1094 - Added filter RMAuthenticationFilter (class=org.apache.hadoop.yarn.server.security.http.RMAuthenticationFilter) to context logs
scm_1       | 2023-02-03 02:27:05,146 [e4292b43-f9a1-4321-a0dc-b75ad1daac8f-impl-thread1] INFO server.RaftServer$Division: e4292b43-f9a1-4321-a0dc-b75ad1daac8f@group-7C369B1DDDF5: changes role from      null to FOLLOWER at term 0 for startAsFollower
datanode_2  | 2023-02-03 02:27:45,506 [pool-22-thread-1] INFO server.RaftServerConfigKeys: raft.server.log.statemachine.data.sync = true (default)
datanode_3  | 2023-02-03 02:27:43,818 [pool-22-thread-1] INFO server.RaftServerConfigKeys: raft.server.log.segment.size.max = 1048576 (custom)
om_1        | 2023-02-03 02:28:03,034 [om1@group-C5BA1605619E-FollowerState] INFO impl.RoleInfo: om1: start om1@group-C5BA1605619E-LeaderElection1
datanode_1  | 	at org.apache.hadoop.ozone.container.common.states.endpoint.VersionEndpointTask.call(VersionEndpointTask.java:69)
nm_1        | 2023-02-03 02:30:50 INFO  ApplicationImpl:655 - Application application_1675391228271_0002 transitioned from INITING to RUNNING
rm_1        | 2023-02-03 02:26:50 INFO  HttpServer2:1084 - Added filter static_user_filter (class=org.apache.hadoop.http.lib.StaticUserWebFilter$StaticUserFilter) to context cluster
scm_1       | 2023-02-03 02:27:05,191 [e4292b43-f9a1-4321-a0dc-b75ad1daac8f-impl-thread1] INFO impl.RoleInfo: e4292b43-f9a1-4321-a0dc-b75ad1daac8f: start e4292b43-f9a1-4321-a0dc-b75ad1daac8f@group-7C369B1DDDF5-FollowerState
datanode_2  | 2023-02-03 02:27:45,506 [pool-22-thread-1] INFO server.RaftServerConfigKeys: raft.server.log.statemachine.data.sync.timeout = 10s (default)
datanode_3  | 2023-02-03 02:27:43,820 [pool-22-thread-1] INFO server.RaftServerConfigKeys: raft.server.log.preallocated.size = 16384 (custom)
om_1        | 2023-02-03 02:28:03,056 [om1@group-C5BA1605619E-LeaderElection1] INFO impl.LeaderElection: om1@group-C5BA1605619E-LeaderElection1 ELECTION round 0: submit vote requests at term 1 for -1: peers:[om1|rpc:om:9872|priority:0|startupRole:FOLLOWER]|listeners:[], old=null
datanode_1  | 	at org.apache.hadoop.ozone.container.common.states.endpoint.VersionEndpointTask.call(VersionEndpointTask.java:40)
nm_1        | 2023-02-03 02:30:50 INFO  ApplicationImpl:463 - Adding container_1675391228271_0002_01_000001 to application application_1675391228271_0002
rm_1        | 2023-02-03 02:26:50 INFO  HttpServer2:1094 - Added filter static_user_filter (class=org.apache.hadoop.http.lib.StaticUserWebFilter$StaticUserFilter) to context static
scm_1       | 2023-02-03 02:27:05,207 [e4292b43-f9a1-4321-a0dc-b75ad1daac8f@group-7C369B1DDDF5-FollowerState] INFO server.RaftServerConfigKeys: raft.server.rpc.first-election.timeout.min = 5000ms (fallback to raft.server.rpc.timeout.min)
datanode_2  | 2023-02-03 02:27:45,506 [pool-22-thread-1] INFO server.RaftServerConfigKeys: raft.server.log.statemachine.data.sync.timeout.retry = -1 (default)
datanode_3  | 2023-02-03 02:27:43,823 [pool-22-thread-1] INFO server.RaftServerConfigKeys: raft.server.log.force.sync.num = 128 (default)
om_1        | 2023-02-03 02:28:03,058 [om1@group-C5BA1605619E-LeaderElection1] INFO impl.LeaderElection: om1@group-C5BA1605619E-LeaderElection1 ELECTION round 0: result PASSED (term=1)
datanode_1  | 	at java.base/java.util.concurrent.FutureTask.run(FutureTask.java:264)
nm_1        | 2023-02-03 02:30:50 INFO  ContainerImpl:1251 - Container container_1675391228271_0002_01_000001 is localizing: [o3fs://bucket1.volume1.om/user/hadoop/.staging/job_1675391228271_0002/job.splitmetainfo, o3fs://bucket1.volume1.om/user/hadoop/.staging/job_1675391228271_0002/job.jar, o3fs://bucket1.volume1.om/user/hadoop/.staging/job_1675391228271_0002/job.split, o3fs://bucket1.volume1.om/user/hadoop/.staging/job_1675391228271_0002/job.xml]
rm_1        | 2023-02-03 02:26:50 INFO  HttpServer2:1094 - Added filter static_user_filter (class=org.apache.hadoop.http.lib.StaticUserWebFilter$StaticUserFilter) to context logs
scm_1       | 2023-02-03 02:27:05,208 [e4292b43-f9a1-4321-a0dc-b75ad1daac8f@group-7C369B1DDDF5-FollowerState] INFO server.RaftServerConfigKeys: raft.server.rpc.first-election.timeout.max = 5200ms (fallback to raft.server.rpc.timeout.max)
datanode_2  | 2023-02-03 02:27:45,507 [pool-22-thread-1] INFO server.RaftServerConfigKeys: raft.server.log.write.buffer.size = 1048576 (custom)
datanode_3  | 2023-02-03 02:27:43,824 [pool-22-thread-1] INFO server.RaftServerConfigKeys: raft.server.log.statemachine.data.sync = true (default)
om_1        | 2023-02-03 02:28:03,061 [om1@group-C5BA1605619E-LeaderElection1] INFO impl.RoleInfo: om1: shutdown om1@group-C5BA1605619E-LeaderElection1
datanode_1  | 	at java.base/java.util.concurrent.ThreadPoolExecutor.runWorker(ThreadPoolExecutor.java:1128)
nm_1        | 2023-02-03 02:30:50 INFO  ContainerImpl:2188 - Container container_1675391228271_0002_01_000001 transitioned from NEW to LOCALIZING
rm_1        | 2023-02-03 02:26:53 INFO  WebApps:428 - Registered webapp guice modules
scm_1       | 2023-02-03 02:27:05,506 [e4292b43-f9a1-4321-a0dc-b75ad1daac8f-impl-thread1] INFO util.JmxRegister: Successfully registered JMX Bean with object name Ratis:service=RaftServer,group=group-7C369B1DDDF5,id=e4292b43-f9a1-4321-a0dc-b75ad1daac8f
datanode_2  | 2023-02-03 02:27:45,517 [pool-22-thread-1] INFO server.RaftServerConfigKeys: raft.server.log.appender.buffer.byte-limit = 33554432 (custom)
datanode_3  | 2023-02-03 02:27:43,847 [pool-22-thread-1] INFO server.RaftServerConfigKeys: raft.server.log.statemachine.data.sync.timeout = 10s (default)
om_1        | 2023-02-03 02:28:03,062 [om1@group-C5BA1605619E-LeaderElection1] INFO server.RaftServer$Division: om1@group-C5BA1605619E: changes role from CANDIDATE to LEADER at term 1 for changeToLeader
datanode_1  | 	at java.base/java.util.concurrent.ThreadPoolExecutor$Worker.run(ThreadPoolExecutor.java:628)
nm_1        | 2023-02-03 02:30:50 INFO  AuxServices:850 - Got event CONTAINER_INIT for appId application_1675391228271_0002
rm_1        | 2023-02-03 02:26:54 INFO  HttpServer2:1332 - Jetty bound to port 8088
scm_1       | 2023-02-03 02:27:05,508 [e4292b43-f9a1-4321-a0dc-b75ad1daac8f-impl-thread1] INFO server.RaftServerConfigKeys: raft.server.snapshot.auto.trigger.enabled = true (custom)
datanode_2  | 2023-02-03 02:27:45,605 [pool-22-thread-1] INFO server.RaftServerConfigKeys: raft.server.log.unsafe-flush.enabled = false (default)
datanode_3  | 2023-02-03 02:27:43,850 [pool-22-thread-1] INFO server.RaftServerConfigKeys: raft.server.log.statemachine.data.sync.timeout.retry = -1 (default)
om_1        | 2023-02-03 02:28:03,062 [om1@group-C5BA1605619E-LeaderElection1] INFO server.RaftServer$Division: om1@group-C5BA1605619E: change Leader from null to om1 at term 1 for becomeLeader, leader elected after 6813ms
datanode_1  | 	at java.base/java.lang.Thread.run(Thread.java:829)
nm_1        | 2023-02-03 02:30:50 INFO  ResourceLocalizationService:809 - Created localizer for container_1675391228271_0002_01_000001
rm_1        | 2023-02-03 02:26:54 INFO  Server:375 - jetty-9.4.40.v20210413; built: 2021-04-13T20:42:42.668Z; git: b881a572662e1943a14ae12e7e1207989f218b74; jvm 1.8.0_272-b10
scm_1       | 2023-02-03 02:27:05,509 [e4292b43-f9a1-4321-a0dc-b75ad1daac8f-impl-thread1] INFO server.RaftServerConfigKeys: raft.server.snapshot.auto.trigger.threshold = 1000 (custom)
datanode_2  | 2023-02-03 02:27:45,605 [pool-22-thread-1] INFO server.RaftServerConfigKeys: raft.server.log.async-flush.enabled = false (default)
datanode_3  | 2023-02-03 02:27:43,852 [pool-22-thread-1] INFO server.RaftServerConfigKeys: raft.server.log.write.buffer.size = 1048576 (custom)
om_1        | 2023-02-03 02:28:03,070 [om1@group-C5BA1605619E-LeaderElection1] INFO server.RaftServerConfigKeys: raft.server.staging.catchup.gap = 1000 (default)
datanode_1  | Caused by: java.net.SocketTimeoutException: 5000 millis timeout while waiting for channel to be ready for read. ch : java.nio.channels.SocketChannel[connected local=/172.21.0.5:55510 remote=scm/172.21.0.2:9861]
rm_1        | 2023-02-03 02:26:54 INFO  session:334 - DefaultSessionIdManager workerName=node0
nm_1        | 2023-02-03 02:30:50 INFO  NMAuditLogger:94 - USER=appattempt_1675391228271_0002_000001	IP=172.21.0.6	OPERATION=Start Container Request	TARGET=ContainerManageImpl	RESULT=SUCCESS	APPID=application_1675391228271_0002	CONTAINERID=container_1675391228271_0002_01_000001
scm_1       | 2023-02-03 02:27:05,509 [e4292b43-f9a1-4321-a0dc-b75ad1daac8f-impl-thread1] INFO server.RaftServerConfigKeys: raft.server.snapshot.retention.file.num = -1 (default)
datanode_2  | 2023-02-03 02:27:45,605 [pool-22-thread-1] INFO server.RaftServerConfigKeys: raft.server.log.statemachine.data.caching.enabled = true (custom)
datanode_3  | 2023-02-03 02:27:43,871 [pool-22-thread-1] INFO server.RaftServerConfigKeys: raft.server.log.appender.buffer.byte-limit = 33554432 (custom)
om_1        | 2023-02-03 02:28:03,077 [om1@group-C5BA1605619E-LeaderElection1] INFO server.RaftServerConfigKeys: raft.server.write.element-limit = 4096 (default)
datanode_1  | 	at org.apache.hadoop.net.SocketIOWithTimeout.doIO(SocketIOWithTimeout.java:163)
rm_1        | 2023-02-03 02:26:54 INFO  session:339 - No SessionScavenger set, using defaults
nm_1        | 2023-02-03 02:30:50 INFO  ResourceLocalizationService:1348 - Writing credentials to the nmPrivate file /tmp/hadoop-hadoop/nm-local-dir/nmPrivate/container_1675391228271_0002_01_000001186151cbcca.tokens
scm_1       | 2023-02-03 02:27:05,540 [e4292b43-f9a1-4321-a0dc-b75ad1daac8f-impl-thread1] INFO server.RaftServerConfigKeys: raft.server.log.purge.upto.snapshot.index = false (default)
datanode_2  | 2023-02-03 02:27:45,605 [pool-22-thread-1] INFO segmented.SegmentedRaftLogWorker: eab5d59e-614c-42a5-9702-647fe6475b0f@group-9FB9EF172A42-SegmentedRaftLogWorker: flushIndex: setUnconditionally 0 -> -1
datanode_3  | 2023-02-03 02:27:44,214 [pool-22-thread-1] INFO server.RaftServerConfigKeys: raft.server.log.unsafe-flush.enabled = false (default)
om_1        | 2023-02-03 02:28:03,078 [om1@group-C5BA1605619E-LeaderElection1] INFO server.RaftServerConfigKeys: raft.server.write.byte-limit = 64MB (=67108864) (default)
datanode_1  | 	at org.apache.hadoop.net.SocketInputStream.read(SocketInputStream.java:161)
rm_1        | 2023-02-03 02:26:54 INFO  session:132 - node0 Scavenging every 660000ms
datanode_2  | 2023-02-03 02:27:45,606 [pool-22-thread-1] INFO segmented.SegmentedRaftLogWorker: eab5d59e-614c-42a5-9702-647fe6475b0f@group-9FB9EF172A42-SegmentedRaftLogWorker: safeCacheEvictIndex: setUnconditionally 0 -> -1
datanode_1  | 	at org.apache.hadoop.net.SocketInputStream.read(SocketInputStream.java:131)
om_1        | 2023-02-03 02:28:03,087 [om1@group-C5BA1605619E-LeaderElection1] INFO server.RaftServerConfigKeys: raft.server.watch.timeout = 10s (default)
rm_1        | 2023-02-03 02:26:54 INFO  AuthenticationFilter:240 - Unable to initialize FileSignerSecretProvider, falling back to use random secrets.
datanode_3  | 2023-02-03 02:27:44,214 [pool-22-thread-1] INFO server.RaftServerConfigKeys: raft.server.log.async-flush.enabled = false (default)
nm_1        | 2023-02-03 02:30:50 INFO  DefaultContainerExecutor:849 - Initializing user hadoop
scm_1       | 2023-02-03 02:27:05,579 [main] INFO server.RaftServer: e4292b43-f9a1-4321-a0dc-b75ad1daac8f: start RPC server
datanode_2  | 2023-02-03 02:27:45,680 [pool-22-thread-1] INFO server.RaftServer$Division: eab5d59e-614c-42a5-9702-647fe6475b0f@group-9FB9EF172A42: start as a follower, conf=-1: peers:[16072389-033d-4a01-b39b-77bc9d74d649|rpc:172.21.0.4:9856|admin:172.21.0.4:9857|client:172.21.0.4:9858|dataStream:172.21.0.4:9858|priority:0|startupRole:FOLLOWER, 06bfe0ca-2769-4d45-a610-3729b6ea9363|rpc:172.21.0.5:9856|admin:172.21.0.5:9857|client:172.21.0.5:9858|dataStream:172.21.0.5:9858|priority:1|startupRole:FOLLOWER, eab5d59e-614c-42a5-9702-647fe6475b0f|rpc:172.21.0.7:9856|admin:172.21.0.7:9857|client:172.21.0.7:9858|dataStream:172.21.0.7:9858|priority:0|startupRole:FOLLOWER]|listeners:[], old=null
datanode_1  | 	at java.base/java.io.FilterInputStream.read(FilterInputStream.java:133)
datanode_1  | 	at java.base/java.io.BufferedInputStream.fill(BufferedInputStream.java:252)
rm_1        | 2023-02-03 02:26:54 INFO  AbstractDelegationTokenSecretManager:354 - Updating the current master key for generating delegation tokens
rm_1        | 2023-02-03 02:26:54 INFO  AbstractDelegationTokenSecretManager:686 - Starting expired delegation token remover thread, tokenRemoverScanInterval=60 min(s)
nm_1        | 2023-02-03 02:30:50 INFO  DefaultContainerExecutor:167 - Copying from /tmp/hadoop-hadoop/nm-local-dir/nmPrivate/container_1675391228271_0002_01_000001186151cbcca.tokens to /tmp/hadoop-hadoop/nm-local-dir/usercache/hadoop/appcache/application_1675391228271_0002/container_1675391228271_0002_01_000001.tokens
scm_1       | 2023-02-03 02:27:06,241 [main] INFO server.GrpcService: e4292b43-f9a1-4321-a0dc-b75ad1daac8f: GrpcService started, listening on 9894
datanode_2  | 2023-02-03 02:27:45,681 [pool-22-thread-1] INFO server.RaftServer$Division: eab5d59e-614c-42a5-9702-647fe6475b0f@group-9FB9EF172A42: changes role from      null to FOLLOWER at term 0 for startAsFollower
datanode_1  | 	at java.base/java.io.BufferedInputStream.read(BufferedInputStream.java:271)
om_1        | 2023-02-03 02:28:03,087 [om1@group-C5BA1605619E-LeaderElection1] INFO server.RaftServerConfigKeys: raft.server.watch.timeout.denomination = 1s (default)
rm_1        | 2023-02-03 02:26:54 INFO  AbstractDelegationTokenSecretManager:354 - Updating the current master key for generating delegation tokens
datanode_3  | 2023-02-03 02:27:44,263 [pool-22-thread-1] INFO server.RaftServerConfigKeys: raft.server.log.statemachine.data.caching.enabled = true (custom)
nm_1        | 2023-02-03 02:30:50 INFO  DefaultContainerExecutor:174 - Localizer CWD set to /tmp/hadoop-hadoop/nm-local-dir/usercache/hadoop/appcache/application_1675391228271_0002 = file:/tmp/hadoop-hadoop/nm-local-dir/usercache/hadoop/appcache/application_1675391228271_0002
scm_1       | 2023-02-03 02:27:06,345 [JvmPauseMonitor0] INFO util.JvmPauseMonitor: JvmPauseMonitor-e4292b43-f9a1-4321-a0dc-b75ad1daac8f: Started
datanode_2  | 2023-02-03 02:27:45,681 [pool-22-thread-1] INFO impl.RoleInfo: eab5d59e-614c-42a5-9702-647fe6475b0f: start eab5d59e-614c-42a5-9702-647fe6475b0f@group-9FB9EF172A42-FollowerState
datanode_1  | 	at java.base/java.io.FilterInputStream.read(FilterInputStream.java:83)
om_1        | 2023-02-03 02:28:03,088 [om1@group-C5BA1605619E-LeaderElection1] INFO server.RaftServerConfigKeys: raft.server.watch.element-limit = 65536 (default)
om_1        | 2023-02-03 02:28:03,097 [om1@group-C5BA1605619E-LeaderElection1] INFO server.RaftServerConfigKeys: raft.server.write.element-limit = 4096 (default)
om_1        | 2023-02-03 02:28:03,100 [om1@group-C5BA1605619E-LeaderElection1] INFO server.RaftServerConfigKeys: raft.server.write.follower.gap.ratio.max = -1.0 (default)
nm_1        | 2023-02-03 02:30:50 INFO  ContainerImpl:2188 - Container container_1675391228271_0002_01_000001 transitioned from LOCALIZING to SCHEDULED
scm_1       | 2023-02-03 02:27:10,394 [e4292b43-f9a1-4321-a0dc-b75ad1daac8f@group-7C369B1DDDF5-FollowerState] INFO impl.FollowerState: e4292b43-f9a1-4321-a0dc-b75ad1daac8f@group-7C369B1DDDF5-FollowerState: change to CANDIDATE, lastRpcElapsedTime:5246755248ns, electionTimeout:5167ms
datanode_2  | 2023-02-03 02:27:45,681 [pool-22-thread-1] INFO util.JmxRegister: Successfully registered JMX Bean with object name Ratis:service=RaftServer,group=group-9FB9EF172A42,id=eab5d59e-614c-42a5-9702-647fe6475b0f
datanode_1  | 	at java.base/java.io.FilterInputStream.read(FilterInputStream.java:83)
om_1        | 2023-02-03 02:28:03,103 [om1@group-C5BA1605619E-LeaderElection1] INFO impl.RoleInfo: om1: start om1@group-C5BA1605619E-LeaderStateImpl
rm_1        | 2023-02-03 02:26:54 INFO  ContextHandler:916 - Started o.e.j.s.ServletContextHandler@49c6c24f{logs,/logs,file:///opt/hadoop/logs/,AVAILABLE}
datanode_3  | 2023-02-03 02:27:44,264 [pool-22-thread-1] INFO segmented.SegmentedRaftLogWorker: 16072389-033d-4a01-b39b-77bc9d74d649@group-9FB9EF172A42-SegmentedRaftLogWorker: flushIndex: setUnconditionally 0 -> -1
nm_1        | 2023-02-03 02:30:50 INFO  ContainerScheduler:541 - Starting container [container_1675391228271_0002_01_000001]
scm_1       | 2023-02-03 02:27:10,548 [JvmPauseMonitor0] WARN util.JvmPauseMonitor: JvmPauseMonitor-e4292b43-f9a1-4321-a0dc-b75ad1daac8f: Detected pause in JVM or host machine (eg GC): pause of approximately 141729513ns. No GCs detected.
datanode_1  | 	at org.apache.hadoop.ipc.Client$Connection$PingInputStream.read(Client.java:563)
om_1        | 2023-02-03 02:28:03,173 [om1@group-C5BA1605619E-LeaderElection1] INFO segmented.SegmentedRaftLogWorker: om1@group-C5BA1605619E-SegmentedRaftLogWorker: Starting segment from index:0
rm_1        | 2023-02-03 02:26:54 INFO  ContextHandler:916 - Started o.e.j.s.ServletContextHandler@6399551e{static,/static,jar:file:/opt/hadoop/share/hadoop/yarn/hadoop-yarn-common-3.3.1.jar!/webapps/static,AVAILABLE}
datanode_3  | 2023-02-03 02:27:44,264 [pool-22-thread-1] INFO segmented.SegmentedRaftLogWorker: 16072389-033d-4a01-b39b-77bc9d74d649@group-9FB9EF172A42-SegmentedRaftLogWorker: safeCacheEvictIndex: setUnconditionally 0 -> -1
nm_1        | 2023-02-03 02:30:50 INFO  ContainerImpl:2188 - Container container_1675391228271_0002_01_000001 transitioned from SCHEDULED to RUNNING
scm_1       | 2023-02-03 02:27:10,549 [e4292b43-f9a1-4321-a0dc-b75ad1daac8f@group-7C369B1DDDF5-FollowerState] INFO impl.RoleInfo: e4292b43-f9a1-4321-a0dc-b75ad1daac8f: shutdown e4292b43-f9a1-4321-a0dc-b75ad1daac8f@group-7C369B1DDDF5-FollowerState
datanode_2  | 2023-02-03 02:27:45,682 [pool-22-thread-1] INFO server.RaftServerConfigKeys: raft.server.snapshot.auto.trigger.enabled = true (custom)
datanode_1  | 	at java.base/java.io.DataInputStream.readInt(DataInputStream.java:392)
om_1        | 2023-02-03 02:28:03,283 [om1@group-C5BA1605619E-LeaderElection1] INFO server.RaftServer$Division: om1@group-C5BA1605619E: set configuration 0: peers:[om1|rpc:om:9872|admin:|client:|dataStream:|priority:0|startupRole:FOLLOWER]|listeners:[], old=null
rm_1        | Feb 03, 2023 2:26:56 AM com.sun.jersey.guice.spi.container.GuiceComponentProviderFactory register
rm_1        | INFO: Registering org.apache.hadoop.yarn.server.resourcemanager.webapp.JAXBContextResolver as a provider class
nm_1        | 2023-02-03 02:30:50 INFO  ContainersMonitorImpl:1112 - Starting resource-monitoring for container_1675391228271_0002_01_000001
scm_1       | 2023-02-03 02:27:10,581 [e4292b43-f9a1-4321-a0dc-b75ad1daac8f@group-7C369B1DDDF5-FollowerState] INFO server.RaftServer$Division: e4292b43-f9a1-4321-a0dc-b75ad1daac8f@group-7C369B1DDDF5: changes role from  FOLLOWER to CANDIDATE at term 0 for changeToCandidate
datanode_2  | 2023-02-03 02:27:45,682 [pool-22-thread-1] INFO server.RaftServerConfigKeys: raft.server.snapshot.auto.trigger.threshold = 10000 (custom)
datanode_1  | 	at org.apache.hadoop.ipc.Client$IpcStreams.readResponse(Client.java:1922)
om_1        | 2023-02-03 02:28:03,368 [om1@group-C5BA1605619E-SegmentedRaftLogWorker] INFO segmented.SegmentedRaftLogWorker: om1@group-C5BA1605619E-SegmentedRaftLogWorker: created new log segment /data/metadata/ratis/bf265839-605b-3f16-9796-c5ba1605619e/current/log_inprogress_0
rm_1        | Feb 03, 2023 2:26:56 AM com.sun.jersey.guice.spi.container.GuiceComponentProviderFactory register
datanode_3  | 2023-02-03 02:27:44,267 [pool-22-thread-1] INFO server.RaftServer$Division: 16072389-033d-4a01-b39b-77bc9d74d649@group-9FB9EF172A42: start as a follower, conf=-1: peers:[16072389-033d-4a01-b39b-77bc9d74d649|rpc:172.21.0.4:9856|admin:172.21.0.4:9857|client:172.21.0.4:9858|dataStream:172.21.0.4:9858|priority:0|startupRole:FOLLOWER, 06bfe0ca-2769-4d45-a610-3729b6ea9363|rpc:172.21.0.5:9856|admin:172.21.0.5:9857|client:172.21.0.5:9858|dataStream:172.21.0.5:9858|priority:1|startupRole:FOLLOWER, eab5d59e-614c-42a5-9702-647fe6475b0f|rpc:172.21.0.7:9856|admin:172.21.0.7:9857|client:172.21.0.7:9858|dataStream:172.21.0.7:9858|priority:0|startupRole:FOLLOWER]|listeners:[], old=null
nm_1        | 2023-02-03 02:30:50 INFO  DefaultContainerExecutor:385 - launchContainer: [bash, /tmp/hadoop-hadoop/nm-local-dir/usercache/hadoop/appcache/application_1675391228271_0002/container_1675391228271_0002_01_000001/default_container_executor.sh]
scm_1       | 2023-02-03 02:27:10,636 [e4292b43-f9a1-4321-a0dc-b75ad1daac8f@group-7C369B1DDDF5-FollowerState] INFO server.RaftServerConfigKeys: raft.server.leaderelection.pre-vote = false (custom)
datanode_2  | 2023-02-03 02:27:45,682 [pool-22-thread-1] INFO server.RaftServerConfigKeys: raft.server.snapshot.retention.file.num = 5 (custom)
datanode_2  | 2023-02-03 02:27:45,682 [pool-22-thread-1] INFO server.RaftServerConfigKeys: raft.server.log.purge.upto.snapshot.index = false (default)
om_1        | 2023-02-03 02:28:03,566 [om1@group-C5BA1605619E-StateMachineUpdater] INFO ratis.OzoneManagerStateMachine: Received Configuration change notification from Ratis. New Peer list:
rm_1        | INFO: Registering org.apache.hadoop.yarn.server.resourcemanager.webapp.RMWebServices as a root resource class
datanode_3  | 2023-02-03 02:27:44,267 [pool-22-thread-1] INFO server.RaftServer$Division: 16072389-033d-4a01-b39b-77bc9d74d649@group-9FB9EF172A42: changes role from      null to FOLLOWER at term 0 for startAsFollower
nm_1        | 2023-02-03 02:30:51 INFO  ContainersMonitorImpl:643 - container_1675391228271_0002_01_000001's ip = 172.21.0.8, and hostname = nm
scm_1       | 2023-02-03 02:27:10,636 [e4292b43-f9a1-4321-a0dc-b75ad1daac8f@group-7C369B1DDDF5-FollowerState] INFO impl.RoleInfo: e4292b43-f9a1-4321-a0dc-b75ad1daac8f: start e4292b43-f9a1-4321-a0dc-b75ad1daac8f@group-7C369B1DDDF5-LeaderElection1
scm_1       | 2023-02-03 02:27:10,770 [e4292b43-f9a1-4321-a0dc-b75ad1daac8f@group-7C369B1DDDF5-LeaderElection1] INFO impl.LeaderElection: e4292b43-f9a1-4321-a0dc-b75ad1daac8f@group-7C369B1DDDF5-LeaderElection1 ELECTION round 0: submit vote requests at term 1 for -1: peers:[e4292b43-f9a1-4321-a0dc-b75ad1daac8f|rpc:scm:9894|priority:0|startupRole:FOLLOWER]|listeners:[], old=null
datanode_1  | 	at org.apache.hadoop.ipc.Client$Connection.receiveRpcResponse(Client.java:1238)
om_1        | [id: "om1"
rm_1        | Feb 03, 2023 2:26:56 AM com.sun.jersey.guice.spi.container.GuiceComponentProviderFactory register
datanode_3  | 2023-02-03 02:27:44,268 [pool-22-thread-1] INFO impl.RoleInfo: 16072389-033d-4a01-b39b-77bc9d74d649: start 16072389-033d-4a01-b39b-77bc9d74d649@group-9FB9EF172A42-FollowerState
datanode_3  | 2023-02-03 02:27:44,269 [pool-22-thread-1] INFO util.JmxRegister: Successfully registered JMX Bean with object name Ratis:service=RaftServer,group=group-9FB9EF172A42,id=16072389-033d-4a01-b39b-77bc9d74d649
datanode_3  | 2023-02-03 02:27:44,269 [pool-22-thread-1] INFO server.RaftServerConfigKeys: raft.server.snapshot.auto.trigger.enabled = true (custom)
datanode_2  | 2023-02-03 02:27:45,687 [eab5d59e-614c-42a5-9702-647fe6475b0f@group-9FB9EF172A42-FollowerState] INFO server.RaftServerConfigKeys: raft.server.rpc.first-election.timeout.min = 5s (fallback to raft.server.rpc.timeout.min)
datanode_1  | 	at org.apache.hadoop.ipc.Client$Connection.run(Client.java:1134)
om_1        | address: "om:9872"
rm_1        | INFO: Registering org.apache.hadoop.yarn.webapp.GenericExceptionHandler as a provider class
datanode_3  | 2023-02-03 02:27:44,269 [pool-22-thread-1] INFO server.RaftServerConfigKeys: raft.server.snapshot.auto.trigger.threshold = 10000 (custom)
datanode_3  | 2023-02-03 02:27:44,270 [pool-22-thread-1] INFO server.RaftServerConfigKeys: raft.server.snapshot.retention.file.num = 5 (custom)
nm_1        | 2023-02-03 02:30:51 INFO  ContainersMonitorImpl:548 - Skipping monitoring container container_1675391228271_0002_01_000001 since CPU usage is not yet available.
datanode_2  | 2023-02-03 02:27:45,708 [eab5d59e-614c-42a5-9702-647fe6475b0f@group-9FB9EF172A42-FollowerState] INFO server.RaftServerConfigKeys: raft.server.rpc.first-election.timeout.max = 5200ms (fallback to raft.server.rpc.timeout.max)
datanode_2  | 2023-02-03 02:27:45,722 [Command processor thread] INFO ratis.XceiverServerRatis: Created group PipelineID=9c395bf7-5efc-4701-848d-9fb9ef172a42
datanode_1  | 2023-02-03 02:27:33,019 [EndpointStateMachine task thread for scm/172.21.0.2:9861 - 0 ] INFO utils.DatanodeStoreCache: Added db /data/hdds/hdds/CID-af9975cc-de8b-4fc8-aa6a-7c369b1dddf5/DS-53bf8a65-d28d-413a-a636-8e601ac12dab/container.db to cache
om_1        | startupRole: FOLLOWER
rm_1        | Feb 03, 2023 2:26:56 AM com.sun.jersey.server.impl.application.WebApplicationImpl _initiate
datanode_3  | 2023-02-03 02:27:44,270 [pool-22-thread-1] INFO server.RaftServerConfigKeys: raft.server.log.purge.upto.snapshot.index = false (default)
nm_1        | 2023-02-03 02:31:03 INFO  Server:2061 - Auth successful for appattempt_1675391228271_0002_000001 (auth:SIMPLE) from 172.21.0.8:48900
datanode_3  | 2023-02-03 02:27:44,272 [16072389-033d-4a01-b39b-77bc9d74d649@group-9FB9EF172A42-FollowerState] INFO server.RaftServerConfigKeys: raft.server.rpc.first-election.timeout.min = 5s (fallback to raft.server.rpc.timeout.min)
datanode_3  | 2023-02-03 02:27:44,323 [Command processor thread] INFO ratis.XceiverServerRatis: Created group PipelineID=9c395bf7-5efc-4701-848d-9fb9ef172a42
datanode_1  | 2023-02-03 02:27:33,024 [EndpointStateMachine task thread for scm/172.21.0.2:9861 - 0 ] INFO volume.HddsVolume: SchemaV3 db is created and loaded at /data/hdds/hdds/CID-af9975cc-de8b-4fc8-aa6a-7c369b1dddf5/DS-53bf8a65-d28d-413a-a636-8e601ac12dab/container.db for volume DS-53bf8a65-d28d-413a-a636-8e601ac12dab
om_1        | ]
rm_1        | INFO: Initiating Jersey application, version 'Jersey: 1.19 02/11/2015 03:25 AM'
rm_1        | Feb 03, 2023 2:26:57 AM com.sun.jersey.guice.spi.container.GuiceComponentProviderFactory getComponentProvider
nm_1        | 2023-02-03 02:31:03 INFO  ContainerManagerImpl:1088 - Start request for container_1675391228271_0002_01_000002 by user appattempt_1675391228271_0002_000001 with resource <memory:4096, vCores:1>
datanode_1  | 2023-02-03 02:27:33,025 [EndpointStateMachine task thread for scm/172.21.0.2:9861 - 0 ] INFO ozoneimpl.OzoneContainer: Attempting to start container services.
om_1        | 2023-02-03 02:28:19,726 [OM StateMachine ApplyTransaction Thread - 0] INFO volume.OMVolumeCreateRequest: created volume:volume1 for user:hadoop
rm_1        | INFO: Binding org.apache.hadoop.yarn.server.resourcemanager.webapp.JAXBContextResolver to GuiceManagedComponentProvider with the scope "Singleton"
datanode_2  | 2023-02-03 02:27:46,213 [Command processor thread] INFO commandhandler.CreatePipelineCommandHandler: Created Pipeline RATIS THREE PipelineID=9c395bf7-5efc-4701-848d-9fb9ef172a42.
nm_1        | 2023-02-03 02:31:03 INFO  NMAuditLogger:94 - USER=appattempt_1675391228271_0002_000001	IP=172.21.0.8	OPERATION=Start Container Request	TARGET=ContainerManageImpl	RESULT=SUCCESS	APPID=application_1675391228271_0002	CONTAINERID=container_1675391228271_0002_01_000002
om_1        | 2023-02-03 02:28:25,258 [OM StateMachine ApplyTransaction Thread - 0] INFO bucket.OMBucketCreateRequest: created bucket: bucket1 of layout FILE_SYSTEM_OPTIMIZED in volume: volume1
datanode_3  | 2023-02-03 02:27:44,392 [16072389-033d-4a01-b39b-77bc9d74d649@group-A0A5696B5F67-FollowerState] INFO impl.FollowerState: 16072389-033d-4a01-b39b-77bc9d74d649@group-A0A5696B5F67-FollowerState: change to CANDIDATE, lastRpcElapsedTime:5059963014ns, electionTimeout:5006ms
datanode_3  | 2023-02-03 02:27:44,404 [16072389-033d-4a01-b39b-77bc9d74d649@group-9FB9EF172A42-FollowerState] INFO server.RaftServerConfigKeys: raft.server.rpc.first-election.timeout.max = 5200ms (fallback to raft.server.rpc.timeout.max)
nm_1        | 2023-02-03 02:31:03 INFO  ApplicationImpl:463 - Adding container_1675391228271_0002_01_000002 to application application_1675391228271_0002
scm_1       | 2023-02-03 02:27:10,777 [e4292b43-f9a1-4321-a0dc-b75ad1daac8f@group-7C369B1DDDF5-LeaderElection1] INFO impl.LeaderElection: e4292b43-f9a1-4321-a0dc-b75ad1daac8f@group-7C369B1DDDF5-LeaderElection1 ELECTION round 0: result PASSED (term=1)
datanode_1  | 2023-02-03 02:27:33,034 [EndpointStateMachine task thread for scm/172.21.0.2:9861 - 0 ] INFO ozoneimpl.OzoneContainer: Scheduled background container scanners and the on-demand container scanner have been disabled.
om_1        | 2023-02-03 02:29:56,932 [OM StateMachine ApplyTransaction Thread - 0] INFO volume.OMVolumeCreateRequest: created volume:user for user:hadoop
rm_1        | Feb 03, 2023 2:27:01 AM com.sun.jersey.guice.spi.container.GuiceComponentProviderFactory getComponentProvider
nm_1        | 2023-02-03 02:31:03 INFO  ContainerImpl:1251 - Container container_1675391228271_0002_01_000002 is localizing: [o3fs://bucket1.volume1.om/user/hadoop/.staging/job_1675391228271_0002/job.jar, o3fs://bucket1.volume1.om/user/hadoop/.staging/job_1675391228271_0002/job.xml]
scm_1       | 2023-02-03 02:27:10,786 [e4292b43-f9a1-4321-a0dc-b75ad1daac8f@group-7C369B1DDDF5-LeaderElection1] INFO impl.RoleInfo: e4292b43-f9a1-4321-a0dc-b75ad1daac8f: shutdown e4292b43-f9a1-4321-a0dc-b75ad1daac8f@group-7C369B1DDDF5-LeaderElection1
datanode_1  | 2023-02-03 02:27:33,331 [EndpointStateMachine task thread for scm/172.21.0.2:9861 - 0 ] INFO replication.ReplicationServer: ReplicationServer is started using port 9886
om_1        | 2023-02-03 02:29:56,963 [OM StateMachine ApplyTransaction Thread - 0] INFO bucket.OMBucketCreateRequest: created bucket: hadoop of layout FILE_SYSTEM_OPTIMIZED in volume: user
rm_1        | INFO: Binding org.apache.hadoop.yarn.webapp.GenericExceptionHandler to GuiceManagedComponentProvider with the scope "Singleton"
datanode_2  | 2023-02-03 02:27:49,561 [eab5d59e-614c-42a5-9702-647fe6475b0f@group-0C678D864257-FollowerState] INFO impl.FollowerState: eab5d59e-614c-42a5-9702-647fe6475b0f@group-0C678D864257-FollowerState: change to CANDIDATE, lastRpcElapsedTime:5153038213ns, electionTimeout:5135ms
datanode_2  | 2023-02-03 02:27:49,563 [eab5d59e-614c-42a5-9702-647fe6475b0f@group-0C678D864257-FollowerState] INFO impl.RoleInfo: eab5d59e-614c-42a5-9702-647fe6475b0f: shutdown eab5d59e-614c-42a5-9702-647fe6475b0f@group-0C678D864257-FollowerState
nm_1        | 2023-02-03 02:31:03 INFO  ContainerImpl:2188 - Container container_1675391228271_0002_01_000002 transitioned from NEW to LOCALIZING
datanode_1  | 2023-02-03 02:27:33,339 [EndpointStateMachine task thread for scm/172.21.0.2:9861 - 0 ] INFO ratis.XceiverServerRatis: Starting XceiverServerRatis 06bfe0ca-2769-4d45-a610-3729b6ea9363
om_1        | 2023-02-03 02:29:57,069 [OM StateMachine ApplyTransaction Thread - 0] INFO bucket.OMBucketCreateRequest: created bucket: history of layout FILE_SYSTEM_OPTIMIZED in volume: user
rm_1        | Feb 03, 2023 2:27:04 AM com.sun.jersey.guice.spi.container.GuiceComponentProviderFactory getComponentProvider
datanode_2  | 2023-02-03 02:27:49,563 [eab5d59e-614c-42a5-9702-647fe6475b0f@group-0C678D864257-FollowerState] INFO server.RaftServer$Division: eab5d59e-614c-42a5-9702-647fe6475b0f@group-0C678D864257: changes role from  FOLLOWER to CANDIDATE at term 1 for changeToCandidate
datanode_3  | 2023-02-03 02:27:44,396 [16072389-033d-4a01-b39b-77bc9d74d649@group-A0A5696B5F67-FollowerState] INFO impl.RoleInfo: 16072389-033d-4a01-b39b-77bc9d74d649: shutdown 16072389-033d-4a01-b39b-77bc9d74d649@group-A0A5696B5F67-FollowerState
nm_1        | 2023-02-03 02:31:03 INFO  AuxServices:850 - Got event CONTAINER_INIT for appId application_1675391228271_0002
scm_1       | 2023-02-03 02:27:10,799 [e4292b43-f9a1-4321-a0dc-b75ad1daac8f@group-7C369B1DDDF5-LeaderElection1] INFO server.RaftServer$Division: e4292b43-f9a1-4321-a0dc-b75ad1daac8f@group-7C369B1DDDF5: changes role from CANDIDATE to LEADER at term 1 for changeToLeader
datanode_1  | 2023-02-03 02:27:33,434 [EndpointStateMachine task thread for scm/172.21.0.2:9861 - 0 ] INFO server.RaftServer: 06bfe0ca-2769-4d45-a610-3729b6ea9363: start RPC server
om_1        | 2023-02-03 02:30:37,275 [OM StateMachine ApplyTransaction Thread - 0] INFO key.OMKeyRequest: Detect allocated but uncommitted blocks [{blockID={containerID=2, localID=111677748019200016}, length=268435456, offset=0, token=null, pipeline=null, createVersion=0, partNumber=0}] in key user/hadoop/.staging/job_1675391228271_0001/COMMIT_STARTED.
rm_1        | INFO: Binding org.apache.hadoop.yarn.server.resourcemanager.webapp.RMWebServices to GuiceManagedComponentProvider with the scope "Singleton"
datanode_2  | 2023-02-03 02:27:49,566 [eab5d59e-614c-42a5-9702-647fe6475b0f@group-0C678D864257-FollowerState] INFO server.RaftServerConfigKeys: raft.server.leaderelection.pre-vote = false (custom)
datanode_3  | 2023-02-03 02:27:44,433 [16072389-033d-4a01-b39b-77bc9d74d649@group-A0A5696B5F67-FollowerState] INFO server.RaftServer$Division: 16072389-033d-4a01-b39b-77bc9d74d649@group-A0A5696B5F67: changes role from  FOLLOWER to CANDIDATE at term 0 for changeToCandidate
nm_1        | 2023-02-03 02:31:03 INFO  AuxServices:850 - Got event APPLICATION_INIT for appId application_1675391228271_0002
scm_1       | 2023-02-03 02:27:10,805 [e4292b43-f9a1-4321-a0dc-b75ad1daac8f@group-7C369B1DDDF5-LeaderElection1] INFO server.RaftServer$Division: e4292b43-f9a1-4321-a0dc-b75ad1daac8f@group-7C369B1DDDF5: change Leader from null to e4292b43-f9a1-4321-a0dc-b75ad1daac8f at term 1 for becomeLeader, leader elected after 10240ms
datanode_1  | 2023-02-03 02:27:33,442 [EndpointStateMachine task thread for scm/172.21.0.2:9861 - 0 ] INFO server.GrpcService: 06bfe0ca-2769-4d45-a610-3729b6ea9363: GrpcService started, listening on 9858
om_1        | 2023-02-03 02:30:37,397 [OM StateMachine ApplyTransaction Thread - 0] INFO key.OMKeyRequest: Detect allocated but uncommitted blocks [{blockID={containerID=1, localID=111677748019200017}, length=268435456, offset=0, token=null, pipeline=null, createVersion=0, partNumber=0}] in key user/hadoop/QuasiMonteCarlo_1675391381827_1511925554/out/_SUCCESS.
om_1        | 2023-02-03 02:30:37,496 [OM StateMachine ApplyTransaction Thread - 0] INFO key.OMKeyRequest: Detect allocated but uncommitted blocks [{blockID={containerID=1, localID=111677748019200018}, length=268435456, offset=0, token=null, pipeline=null, createVersion=0, partNumber=0}] in key user/hadoop/.staging/job_1675391228271_0001/COMMIT_SUCCESS.
datanode_2  | 2023-02-03 02:27:49,576 [eab5d59e-614c-42a5-9702-647fe6475b0f@group-0C678D864257-FollowerState] INFO impl.RoleInfo: eab5d59e-614c-42a5-9702-647fe6475b0f: start eab5d59e-614c-42a5-9702-647fe6475b0f@group-0C678D864257-LeaderElection1
datanode_2  | 2023-02-03 02:27:49,614 [grpc-default-executor-0] INFO server.RaftServer$Division: eab5d59e-614c-42a5-9702-647fe6475b0f@group-9FB9EF172A42: receive requestVote(ELECTION, 16072389-033d-4a01-b39b-77bc9d74d649, group-9FB9EF172A42, 1, (t:0, i:0))
datanode_3  | 2023-02-03 02:27:44,486 [16072389-033d-4a01-b39b-77bc9d74d649@group-A0A5696B5F67-FollowerState] INFO server.RaftServerConfigKeys: raft.server.leaderelection.pre-vote = false (custom)
scm_1       | 2023-02-03 02:27:10,906 [e4292b43-f9a1-4321-a0dc-b75ad1daac8f@group-7C369B1DDDF5-LeaderElection1] INFO server.RaftServerConfigKeys: raft.server.staging.catchup.gap = 1000 (default)
scm_1       | 2023-02-03 02:27:10,971 [e4292b43-f9a1-4321-a0dc-b75ad1daac8f@group-7C369B1DDDF5-LeaderElection1] INFO server.RaftServerConfigKeys: raft.server.write.element-limit = 4096 (default)
om_1        | 2023-02-03 02:30:58,245 [DirectoryDeletingService#0] INFO service.DirectoryDeletingService: Number of dirs deleted: 3, Number of sub-dir deleted: 5, Number of sub-files moved: 12 to DeletedTable, Number of sub-dirs moved 0 to DeletedDirectoryTable, iteration elapsed: 79ms, totalRunCount: 3
om_1        | 2023-02-03 02:31:33,274 [OM StateMachine ApplyTransaction Thread - 0] INFO key.OMKeyRequest: Detect allocated but uncommitted blocks [{blockID={containerID=2, localID=111677748019200029}, length=268435456, offset=0, token=null, pipeline=null, createVersion=0, partNumber=0}] in key user/hadoop/.staging/job_1675391228271_0002/COMMIT_STARTED.
nm_1        | 2023-02-03 02:31:03 INFO  AuxServices:854 - Got APPLICATION_INIT for service mapreduce_shuffle
datanode_2  | 2023-02-03 02:27:49,614 [grpc-default-executor-0] INFO impl.VoteContext: eab5d59e-614c-42a5-9702-647fe6475b0f@group-9FB9EF172A42-FOLLOWER: accept ELECTION from 16072389-033d-4a01-b39b-77bc9d74d649: our priority 0 <= candidate's priority 0
scm_1       | 2023-02-03 02:27:11,054 [e4292b43-f9a1-4321-a0dc-b75ad1daac8f@group-7C369B1DDDF5-LeaderElection1] INFO server.RaftServerConfigKeys: raft.server.write.byte-limit = 64MB (=67108864) (default)
scm_1       | 2023-02-03 02:27:11,192 [e4292b43-f9a1-4321-a0dc-b75ad1daac8f@group-7C369B1DDDF5-LeaderElection1] INFO server.RaftServerConfigKeys: raft.server.watch.timeout = 10s (default)
datanode_3  | 2023-02-03 02:27:44,493 [16072389-033d-4a01-b39b-77bc9d74d649@group-A0A5696B5F67-FollowerState] INFO impl.RoleInfo: 16072389-033d-4a01-b39b-77bc9d74d649: start 16072389-033d-4a01-b39b-77bc9d74d649@group-A0A5696B5F67-LeaderElection1
om_1        | 2023-02-03 02:31:33,346 [OM StateMachine ApplyTransaction Thread - 0] INFO key.OMKeyRequest: Detect allocated but uncommitted blocks [{blockID={containerID=1, localID=111677748019200030}, length=268435456, offset=0, token=null, pipeline=null, createVersion=0, partNumber=0}] in key wordcount-29xJzRoi.txt/_SUCCESS.
rm_1        | 2023-02-03 02:27:05 INFO  ContextHandler:916 - Started o.e.j.w.WebAppContext@51288417{cluster,/,file:///tmp/jetty-rm-8088-hadoop-yarn-common-3_3_1_jar-_-any-397692260978076145/webapp/,AVAILABLE}{jar:file:/opt/hadoop/share/hadoop/yarn/hadoop-yarn-common-3.3.1.jar!/webapps/cluster}
nm_1        | 2023-02-03 02:31:03 INFO  ShuffleHandler:732 - Added token for job_1675391228271_0002
datanode_2  | 2023-02-03 02:27:49,618 [grpc-default-executor-0] INFO server.RaftServer$Division: eab5d59e-614c-42a5-9702-647fe6475b0f@group-9FB9EF172A42: changes role from  FOLLOWER to FOLLOWER at term 1 for candidate:16072389-033d-4a01-b39b-77bc9d74d649
scm_1       | 2023-02-03 02:27:11,201 [e4292b43-f9a1-4321-a0dc-b75ad1daac8f@group-7C369B1DDDF5-LeaderElection1] INFO server.RaftServerConfigKeys: raft.server.watch.timeout.denomination = 1s (default)
scm_1       | 2023-02-03 02:27:11,202 [e4292b43-f9a1-4321-a0dc-b75ad1daac8f@group-7C369B1DDDF5-LeaderElection1] INFO server.RaftServerConfigKeys: raft.server.watch.element-limit = 65536 (default)
scm_1       | 2023-02-03 02:27:11,338 [e4292b43-f9a1-4321-a0dc-b75ad1daac8f@group-7C369B1DDDF5-LeaderElection1] INFO server.RaftServerConfigKeys: raft.server.write.element-limit = 4096 (default)
datanode_1  | 2023-02-03 02:27:33,459 [EndpointStateMachine task thread for scm/172.21.0.2:9861 - 0 ] INFO server.GrpcService: 06bfe0ca-2769-4d45-a610-3729b6ea9363: GrpcService started, listening on 9856
