rm_1        | 2023-02-03 02:29:48 INFO  RMAuditLogger:227 - USER=hadoop	OPERATION=AM Allocated Container	TARGET=SchedulerApp	RESULT=SUCCESS	APPID=application_1675391228271_0001	CONTAINERID=container_1675391228271_0001_01_000001	RESOURCE=<memory:2048, vCores:1>	QUEUENAME=default
datanode_2  | 2023-02-03 02:27:54,981 [eab5d59e-614c-42a5-9702-647fe6475b0f@group-9FB9EF172A42-LeaderElection3] INFO server.RaftServer$Division: eab5d59e-614c-42a5-9702-647fe6475b0f@group-9FB9EF172A42: changes role from CANDIDATE to FOLLOWER at term 2 for REJECTED
nm_1        | 2023-02-03 02:31:25 INFO  DefaultContainerExecutor:647 - Deleting absolute path : /tmp/hadoop-hadoop/nm-local-dir/usercache/hadoop/appcache/application_1675391228271_0002/container_1675391228271_0002_01_000004/container_tokens
scm_1       | 2023-02-03 02:27:23,460 [main] INFO server.RaftServerConfigKeys: raft.server.threadpool.proxy.size = 0 (default)
datanode_3  | 2023-02-03 02:27:54,907 [grpc-default-executor-0] INFO server.RaftServer$Division: 16072389-033d-4a01-b39b-77bc9d74d649@group-9FB9EF172A42: receive requestVote(ELECTION, eab5d59e-614c-42a5-9702-647fe6475b0f, group-9FB9EF172A42, 2, (t:0, i:0))
datanode_1  | 2023-02-03 02:27:44,183 [06bfe0ca-2769-4d45-a610-3729b6ea9363@group-0C678D864257-FollowerState] INFO impl.RoleInfo: 06bfe0ca-2769-4d45-a610-3729b6ea9363: start 06bfe0ca-2769-4d45-a610-3729b6ea9363@group-0C678D864257-LeaderElection1
datanode_1  | 2023-02-03 02:27:44,195 [06bfe0ca-2769-4d45-a610-3729b6ea9363@group-0C678D864257-LeaderElection1] INFO impl.LeaderElection: 06bfe0ca-2769-4d45-a610-3729b6ea9363@group-0C678D864257-LeaderElection1 ELECTION round 0: submit vote requests at term 1 for -1: peers:[16072389-033d-4a01-b39b-77bc9d74d649|rpc:172.21.0.4:9856|admin:172.21.0.4:9857|client:172.21.0.4:9858|dataStream:172.21.0.4:9858|priority:0|startupRole:FOLLOWER, 06bfe0ca-2769-4d45-a610-3729b6ea9363|rpc:172.21.0.5:9856|admin:172.21.0.5:9857|client:172.21.0.5:9858|dataStream:172.21.0.5:9858|priority:0|startupRole:FOLLOWER, eab5d59e-614c-42a5-9702-647fe6475b0f|rpc:172.21.0.7:9856|admin:172.21.0.7:9857|client:172.21.0.7:9858|dataStream:172.21.0.7:9858|priority:1|startupRole:FOLLOWER]|listeners:[], old=null
datanode_2  | 2023-02-03 02:27:54,981 [eab5d59e-614c-42a5-9702-647fe6475b0f@group-9FB9EF172A42-LeaderElection3] INFO impl.RoleInfo: eab5d59e-614c-42a5-9702-647fe6475b0f: shutdown eab5d59e-614c-42a5-9702-647fe6475b0f@group-9FB9EF172A42-LeaderElection3
nm_1        | 2023-02-03 02:31:25 INFO  DefaultContainerExecutor:647 - Deleting absolute path : /tmp/hadoop-hadoop/nm-local-dir/usercache/hadoop/appcache/application_1675391228271_0002/container_1675391228271_0002_01_000004/sysfs
scm_1       | 2023-02-03 02:27:23,460 [main] INFO server.RaftServerConfigKeys: raft.server.rpc.slowness.timeout = 120000ms (custom)
scm_1       | 2023-02-03 02:27:23,460 [main] INFO server.RaftServerConfigKeys: raft.server.leaderelection.leader.step-down.wait-time = 10s (default)
datanode_1  | 2023-02-03 02:27:44,216 [06bfe0ca-2769-4d45-a610-3729b6ea9363@group-0C678D864257-LeaderElection1] INFO server.RaftServerConfigKeys: raft.server.rpc.first-election.timeout.min = 5s (fallback to raft.server.rpc.timeout.min)
rm_1        | 2023-02-03 02:29:48 INFO  ParentQueue:1360 - assignedContainer queue=root usedCapacity=0.25 absoluteUsedCapacity=0.25 used=<memory:2048, vCores:1> cluster=<memory:8192, vCores:8>
rm_1        | 2023-02-03 02:29:48 INFO  CapacityScheduler:3100 - Allocation proposal accepted
nm_1        | 2023-02-03 02:31:25 WARN  DefaultContainerExecutor:650 - delete returned false for path: [/tmp/hadoop-hadoop/nm-local-dir/usercache/hadoop/appcache/application_1675391228271_0002/container_1675391228271_0002_01_000004/sysfs]
scm_1       | 2023-02-03 02:27:23,464 [main] INFO server.RaftServerConfigKeys: raft.server.storage.dir = [/data/metadata/scm-ha] (custom)
datanode_3  | 2023-02-03 02:27:54,915 [16072389-033d-4a01-b39b-77bc9d74d649@group-9FB9EF172A42-LeaderElection3] INFO impl.LeaderElection: 16072389-033d-4a01-b39b-77bc9d74d649@group-9FB9EF172A42-LeaderElection3: ELECTION REJECTED received 1 response(s) and 0 exception(s):
datanode_1  | 2023-02-03 02:27:44,232 [06bfe0ca-2769-4d45-a610-3729b6ea9363@group-0C678D864257-LeaderElection1] INFO server.RaftServerConfigKeys: raft.server.rpc.first-election.timeout.max = 5200ms (fallback to raft.server.rpc.timeout.max)
rm_1        | 2023-02-03 02:29:48 INFO  RMContainerImpl:483 - container_1675391228271_0001_01_000001 Container Transitioned from ALLOCATED to ACQUIRED
datanode_2  | 2023-02-03 02:27:54,982 [eab5d59e-614c-42a5-9702-647fe6475b0f@group-9FB9EF172A42-LeaderElection3] INFO impl.RoleInfo: eab5d59e-614c-42a5-9702-647fe6475b0f: start eab5d59e-614c-42a5-9702-647fe6475b0f@group-9FB9EF172A42-FollowerState
nm_1        | 2023-02-03 02:31:26 INFO  Server:2061 - Auth successful for appattempt_1675391228271_0002_000001 (auth:SIMPLE) from 172.21.0.8:58746
scm_1       | 2023-02-03 02:27:23,495 [e4292b43-f9a1-4321-a0dc-b75ad1daac8f-impl-thread1] INFO server.RaftServer: e4292b43-f9a1-4321-a0dc-b75ad1daac8f: found a subdirectory /data/metadata/scm-ha/af9975cc-de8b-4fc8-aa6a-7c369b1dddf5
datanode_3  | 2023-02-03 02:27:54,921 [16072389-033d-4a01-b39b-77bc9d74d649@group-9FB9EF172A42-LeaderElection3] INFO impl.LeaderElection:   Response 0: 16072389-033d-4a01-b39b-77bc9d74d649<-06bfe0ca-2769-4d45-a610-3729b6ea9363#0:FAIL-t2
datanode_1  | 2023-02-03 02:27:44,232 [06bfe0ca-2769-4d45-a610-3729b6ea9363@group-0C678D864257-LeaderElection1-1] INFO server.GrpcServerProtocolClient: Build channel for 16072389-033d-4a01-b39b-77bc9d74d649
rm_1        | 2023-02-03 02:29:48 INFO  NMTokenSecretManagerInRM:146 - Clear node set for appattempt_1675391228271_0001_000001
datanode_2  | 2023-02-03 02:27:54,986 [eab5d59e-614c-42a5-9702-647fe6475b0f@group-9FB9EF172A42-FollowerState] INFO server.RaftServerConfigKeys: raft.server.rpc.first-election.timeout.min = 5s (fallback to raft.server.rpc.timeout.min)
nm_1        | 2023-02-03 02:31:26 INFO  ContainerManagerImpl:1088 - Start request for container_1675391228271_0002_01_000005 by user appattempt_1675391228271_0002_000001 with resource <memory:4096, vCores:1>
scm_1       | 2023-02-03 02:27:23,506 [main] INFO server.RaftServer: e4292b43-f9a1-4321-a0dc-b75ad1daac8f: addNew group-7C369B1DDDF5:[] returns group-7C369B1DDDF5:java.util.concurrent.CompletableFuture@22bf9122[Not completed]
datanode_3  | 2023-02-03 02:27:54,922 [16072389-033d-4a01-b39b-77bc9d74d649@group-9FB9EF172A42-LeaderElection3] INFO impl.LeaderElection: 16072389-033d-4a01-b39b-77bc9d74d649@group-9FB9EF172A42-LeaderElection3 ELECTION round 0: result REJECTED
datanode_1  | 2023-02-03 02:27:44,235 [06bfe0ca-2769-4d45-a610-3729b6ea9363@group-0C678D864257-LeaderElection1-2] INFO server.GrpcServerProtocolClient: Build channel for eab5d59e-614c-42a5-9702-647fe6475b0f
rm_1        | 2023-02-03 02:29:48 INFO  RMAppAttemptImpl:2246 - Storing attempt: AppId: application_1675391228271_0001 AttemptId: appattempt_1675391228271_0001_000001 MasterContainer: Container: [ContainerId: container_1675391228271_0001_01_000001, AllocationRequestId: -1, Version: 0, NodeId: nm:32829, NodeHttpAddress: nm:8042, Resource: <memory:2048, vCores:1>, Priority: 0, Token: Token { kind: ContainerToken, service: 172.21.0.8:32829 }, ExecutionType: GUARANTEED, ]
datanode_2  | 2023-02-03 02:27:54,988 [eab5d59e-614c-42a5-9702-647fe6475b0f@group-9FB9EF172A42-FollowerState] INFO server.RaftServerConfigKeys: raft.server.rpc.first-election.timeout.max = 5200ms (fallback to raft.server.rpc.timeout.max)
nm_1        | 2023-02-03 02:31:26 INFO  NMAuditLogger:94 - USER=appattempt_1675391228271_0002_000001	IP=172.21.0.8	OPERATION=Start Container Request	TARGET=ContainerManageImpl	RESULT=SUCCESS	APPID=application_1675391228271_0002	CONTAINERID=container_1675391228271_0002_01_000005
scm_1       | 2023-02-03 02:27:23,568 [pool-16-thread-1] INFO server.RaftServer$Division: e4292b43-f9a1-4321-a0dc-b75ad1daac8f: new RaftServerImpl for group-7C369B1DDDF5:[] with SCMStateMachine:uninitialized
datanode_3  | 2023-02-03 02:27:54,908 [grpc-default-executor-0] INFO impl.VoteContext: 16072389-033d-4a01-b39b-77bc9d74d649@group-9FB9EF172A42-CANDIDATE: reject ELECTION from eab5d59e-614c-42a5-9702-647fe6475b0f: already has voted for 16072389-033d-4a01-b39b-77bc9d74d649 at current term 2
datanode_1  | 2023-02-03 02:27:44,494 [06bfe0ca-2769-4d45-a610-3729b6ea9363@group-0C678D864257-LeaderElection1] INFO impl.LeaderElection: 06bfe0ca-2769-4d45-a610-3729b6ea9363@group-0C678D864257-LeaderElection1: ELECTION REJECTED received 1 response(s) and 0 exception(s):
rm_1        | 2023-02-03 02:29:48 INFO  RMAppAttemptImpl:929 - appattempt_1675391228271_0001_000001 State change from SCHEDULED to ALLOCATED_SAVING on event = CONTAINER_ALLOCATED
datanode_2  | 2023-02-03 02:27:55,002 [grpc-default-executor-1] INFO server.RaftServer$Division: eab5d59e-614c-42a5-9702-647fe6475b0f@group-0C678D864257: receive requestVote(ELECTION, 06bfe0ca-2769-4d45-a610-3729b6ea9363, group-0C678D864257, 3, (t:0, i:0))
nm_1        | 2023-02-03 02:31:26 INFO  ApplicationImpl:463 - Adding container_1675391228271_0002_01_000005 to application application_1675391228271_0002
scm_1       | 2023-02-03 02:27:23,570 [pool-16-thread-1] INFO server.RaftServerConfigKeys: raft.server.rpc.timeout.min = 5000ms (custom)
datanode_3  | 2023-02-03 02:27:54,922 [grpc-default-executor-0] INFO server.RaftServer$Division: 16072389-033d-4a01-b39b-77bc9d74d649@group-9FB9EF172A42 replies to ELECTION vote request: eab5d59e-614c-42a5-9702-647fe6475b0f<-16072389-033d-4a01-b39b-77bc9d74d649#0:FAIL-t2. Peer's state: 16072389-033d-4a01-b39b-77bc9d74d649@group-9FB9EF172A42:t2, leader=null, voted=16072389-033d-4a01-b39b-77bc9d74d649, raftlog=Memoized:16072389-033d-4a01-b39b-77bc9d74d649@group-9FB9EF172A42-SegmentedRaftLog:OPENED:c-1, conf=-1: peers:[16072389-033d-4a01-b39b-77bc9d74d649|rpc:172.21.0.4:9856|admin:172.21.0.4:9857|client:172.21.0.4:9858|dataStream:172.21.0.4:9858|priority:0|startupRole:FOLLOWER, 06bfe0ca-2769-4d45-a610-3729b6ea9363|rpc:172.21.0.5:9856|admin:172.21.0.5:9857|client:172.21.0.5:9858|dataStream:172.21.0.5:9858|priority:1|startupRole:FOLLOWER, eab5d59e-614c-42a5-9702-647fe6475b0f|rpc:172.21.0.7:9856|admin:172.21.0.7:9857|client:172.21.0.7:9858|dataStream:172.21.0.7:9858|priority:0|startupRole:FOLLOWER]|listeners:[], old=null
datanode_1  | 2023-02-03 02:27:44,500 [06bfe0ca-2769-4d45-a610-3729b6ea9363@group-0C678D864257-LeaderElection1] INFO impl.LeaderElection:   Response 0: 06bfe0ca-2769-4d45-a610-3729b6ea9363<-eab5d59e-614c-42a5-9702-647fe6475b0f#0:FAIL-t1
rm_1        | 2023-02-03 02:29:48 INFO  RMAppAttemptImpl:929 - appattempt_1675391228271_0001_000001 State change from ALLOCATED_SAVING to ALLOCATED on event = ATTEMPT_NEW_SAVED
datanode_2  | 2023-02-03 02:27:55,003 [grpc-default-executor-1] INFO impl.VoteContext: eab5d59e-614c-42a5-9702-647fe6475b0f@group-0C678D864257-FOLLOWER: reject ELECTION from 06bfe0ca-2769-4d45-a610-3729b6ea9363: our priority 1 > candidate's priority 0
nm_1        | 2023-02-03 02:31:26 INFO  ContainerImpl:1251 - Container container_1675391228271_0002_01_000005 is localizing: [o3fs://bucket1.volume1.om/user/hadoop/.staging/job_1675391228271_0002/job.jar, o3fs://bucket1.volume1.om/user/hadoop/.staging/job_1675391228271_0002/job.xml]
scm_1       | 2023-02-03 02:27:23,571 [pool-16-thread-1] INFO server.RaftServerConfigKeys: raft.server.rpc.timeout.max = 5200ms (custom)
datanode_3  | 2023-02-03 02:27:54,923 [16072389-033d-4a01-b39b-77bc9d74d649@group-9FB9EF172A42-LeaderElection3] INFO server.RaftServer$Division: 16072389-033d-4a01-b39b-77bc9d74d649@group-9FB9EF172A42: changes role from CANDIDATE to FOLLOWER at term 2 for REJECTED
datanode_1  | 2023-02-03 02:27:44,506 [06bfe0ca-2769-4d45-a610-3729b6ea9363@group-0C678D864257-LeaderElection1] INFO impl.LeaderElection: 06bfe0ca-2769-4d45-a610-3729b6ea9363@group-0C678D864257-LeaderElection1 ELECTION round 0: result REJECTED
rm_1        | 2023-02-03 02:29:48 INFO  AMLauncher:340 - Launching masterappattempt_1675391228271_0001_000001
datanode_2  | 2023-02-03 02:27:55,003 [grpc-default-executor-1] INFO server.RaftServer$Division: eab5d59e-614c-42a5-9702-647fe6475b0f@group-0C678D864257: changes role from  FOLLOWER to FOLLOWER at term 3 for candidate:06bfe0ca-2769-4d45-a610-3729b6ea9363
nm_1        | 2023-02-03 02:31:26 INFO  ContainerImpl:2188 - Container container_1675391228271_0002_01_000005 transitioned from NEW to LOCALIZING
scm_1       | 2023-02-03 02:27:23,571 [pool-16-thread-1] INFO server.RaftServerConfigKeys: raft.server.rpc.sleep.time = 25ms (default)
datanode_3  | 2023-02-03 02:27:54,923 [16072389-033d-4a01-b39b-77bc9d74d649@group-9FB9EF172A42-LeaderElection3] INFO impl.RoleInfo: 16072389-033d-4a01-b39b-77bc9d74d649: shutdown 16072389-033d-4a01-b39b-77bc9d74d649@group-9FB9EF172A42-LeaderElection3
datanode_1  | 2023-02-03 02:27:44,519 [06bfe0ca-2769-4d45-a610-3729b6ea9363@group-0C678D864257-LeaderElection1] INFO server.RaftServer$Division: 06bfe0ca-2769-4d45-a610-3729b6ea9363@group-0C678D864257: changes role from CANDIDATE to FOLLOWER at term 1 for REJECTED
rm_1        | 2023-02-03 02:29:48 INFO  AMLauncher:116 - Setting up container Container: [ContainerId: container_1675391228271_0001_01_000001, AllocationRequestId: -1, Version: 0, NodeId: nm:32829, NodeHttpAddress: nm:8042, Resource: <memory:2048, vCores:1>, Priority: 0, Token: Token { kind: ContainerToken, service: 172.21.0.8:32829 }, ExecutionType: GUARANTEED, ] for AM appattempt_1675391228271_0001_000001
datanode_2  | 2023-02-03 02:27:55,003 [grpc-default-executor-1] INFO impl.RoleInfo: eab5d59e-614c-42a5-9702-647fe6475b0f: shutdown eab5d59e-614c-42a5-9702-647fe6475b0f@group-0C678D864257-FollowerState
nm_1        | 2023-02-03 02:31:26 INFO  AuxServices:850 - Got event CONTAINER_INIT for appId application_1675391228271_0002
scm_1       | 2023-02-03 02:27:23,571 [pool-16-thread-1] INFO server.RaftServerConfigKeys: raft.server.rpc.slowness.timeout = 120000ms (custom)
scm_1       | 2023-02-03 02:27:23,572 [pool-16-thread-1] INFO server.RaftServerConfigKeys: raft.server.leaderelection.leader.step-down.wait-time = 10s (default)
datanode_1  | 2023-02-03 02:27:44,520 [06bfe0ca-2769-4d45-a610-3729b6ea9363@group-0C678D864257-LeaderElection1] INFO impl.RoleInfo: 06bfe0ca-2769-4d45-a610-3729b6ea9363: shutdown 06bfe0ca-2769-4d45-a610-3729b6ea9363@group-0C678D864257-LeaderElection1
rm_1        | 2023-02-03 02:29:48 INFO  AMRMTokenSecretManager:195 - Create AMRMToken for ApplicationAttempt: appattempt_1675391228271_0001_000001
datanode_2  | 2023-02-03 02:27:55,003 [eab5d59e-614c-42a5-9702-647fe6475b0f@group-0C678D864257-FollowerState] INFO impl.FollowerState: eab5d59e-614c-42a5-9702-647fe6475b0f@group-0C678D864257-FollowerState was interrupted
nm_1        | 2023-02-03 02:31:26 INFO  AuxServices:850 - Got event APPLICATION_INIT for appId application_1675391228271_0002
scm_1       | 2023-02-03 02:27:23,572 [pool-16-thread-1] INFO server.RaftServerConfigKeys: raft.server.sleep.deviation.threshold = 300ms (default)
datanode_3  | 2023-02-03 02:27:54,925 [16072389-033d-4a01-b39b-77bc9d74d649@group-9FB9EF172A42-LeaderElection3] INFO impl.RoleInfo: 16072389-033d-4a01-b39b-77bc9d74d649: start 16072389-033d-4a01-b39b-77bc9d74d649@group-9FB9EF172A42-FollowerState
datanode_2  | 2023-02-03 02:27:55,003 [grpc-default-executor-1] INFO impl.RoleInfo: eab5d59e-614c-42a5-9702-647fe6475b0f: start eab5d59e-614c-42a5-9702-647fe6475b0f@group-0C678D864257-FollowerState
nm_1        | 2023-02-03 02:31:26 INFO  AuxServices:854 - Got APPLICATION_INIT for service mapreduce_shuffle
rm_1        | 2023-02-03 02:29:48 INFO  AMRMTokenSecretManager:305 - Creating password for appattempt_1675391228271_0001_000001
datanode_1  | 2023-02-03 02:27:44,520 [06bfe0ca-2769-4d45-a610-3729b6ea9363@group-0C678D864257-LeaderElection1] INFO impl.RoleInfo: 06bfe0ca-2769-4d45-a610-3729b6ea9363: start 06bfe0ca-2769-4d45-a610-3729b6ea9363@group-0C678D864257-FollowerState
scm_1       | 2023-02-03 02:27:23,585 [pool-16-thread-1] INFO server.RaftServer$Division: e4292b43-f9a1-4321-a0dc-b75ad1daac8f@group-7C369B1DDDF5: ConfigurationManager, init=-1: peers:[]|listeners:[], old=null, confs=<EMPTY_MAP>
datanode_3  | 2023-02-03 02:27:54,940 [16072389-033d-4a01-b39b-77bc9d74d649@group-9FB9EF172A42-FollowerState] INFO server.RaftServerConfigKeys: raft.server.rpc.first-election.timeout.min = 5s (fallback to raft.server.rpc.timeout.min)
datanode_2  | 2023-02-03 02:27:55,027 [grpc-default-executor-1] INFO server.RaftServer$Division: eab5d59e-614c-42a5-9702-647fe6475b0f@group-0C678D864257 replies to ELECTION vote request: 06bfe0ca-2769-4d45-a610-3729b6ea9363<-eab5d59e-614c-42a5-9702-647fe6475b0f#0:FAIL-t3. Peer's state: eab5d59e-614c-42a5-9702-647fe6475b0f@group-0C678D864257:t3, leader=null, voted=null, raftlog=Memoized:eab5d59e-614c-42a5-9702-647fe6475b0f@group-0C678D864257-SegmentedRaftLog:OPENED:c-1, conf=-1: peers:[16072389-033d-4a01-b39b-77bc9d74d649|rpc:172.21.0.4:9856|admin:172.21.0.4:9857|client:172.21.0.4:9858|dataStream:172.21.0.4:9858|priority:0|startupRole:FOLLOWER, 06bfe0ca-2769-4d45-a610-3729b6ea9363|rpc:172.21.0.5:9856|admin:172.21.0.5:9857|client:172.21.0.5:9858|dataStream:172.21.0.5:9858|priority:0|startupRole:FOLLOWER, eab5d59e-614c-42a5-9702-647fe6475b0f|rpc:172.21.0.7:9856|admin:172.21.0.7:9857|client:172.21.0.7:9858|dataStream:172.21.0.7:9858|priority:1|startupRole:FOLLOWER]|listeners:[], old=null
nm_1        | 2023-02-03 02:31:26 INFO  ShuffleHandler:732 - Added token for job_1675391228271_0002
rm_1        | 2023-02-03 02:29:49 INFO  AMLauncher:137 - Done launching container Container: [ContainerId: container_1675391228271_0001_01_000001, AllocationRequestId: -1, Version: 0, NodeId: nm:32829, NodeHttpAddress: nm:8042, Resource: <memory:2048, vCores:1>, Priority: 0, Token: Token { kind: ContainerToken, service: 172.21.0.8:32829 }, ExecutionType: GUARANTEED, ] for AM appattempt_1675391228271_0001_000001
datanode_1  | 2023-02-03 02:27:44,539 [06bfe0ca-2769-4d45-a610-3729b6ea9363@group-0C678D864257-FollowerState] INFO server.RaftServerConfigKeys: raft.server.rpc.first-election.timeout.min = 5s (fallback to raft.server.rpc.timeout.min)
datanode_1  | 2023-02-03 02:27:44,543 [06bfe0ca-2769-4d45-a610-3729b6ea9363@group-0C678D864257-FollowerState] INFO server.RaftServerConfigKeys: raft.server.rpc.first-election.timeout.max = 5200ms (fallback to raft.server.rpc.timeout.max)
datanode_3  | 2023-02-03 02:27:54,947 [16072389-033d-4a01-b39b-77bc9d74d649@group-9FB9EF172A42-FollowerState] INFO server.RaftServerConfigKeys: raft.server.rpc.first-election.timeout.max = 5200ms (fallback to raft.server.rpc.timeout.max)
datanode_2  | 2023-02-03 02:27:55,028 [eab5d59e-614c-42a5-9702-647fe6475b0f@group-0C678D864257-FollowerState] INFO server.RaftServerConfigKeys: raft.server.rpc.first-election.timeout.min = 5s (fallback to raft.server.rpc.timeout.min)
nm_1        | 2023-02-03 02:31:26 INFO  ContainerImpl:2188 - Container container_1675391228271_0002_01_000005 transitioned from LOCALIZING to SCHEDULED
rm_1        | 2023-02-03 02:29:49 INFO  RMAppAttemptImpl:929 - appattempt_1675391228271_0001_000001 State change from ALLOCATED to LAUNCHED on event = LAUNCHED
datanode_1  | 2023-02-03 02:27:44,590 [grpc-default-executor-0] INFO server.RaftServer: 06bfe0ca-2769-4d45-a610-3729b6ea9363: addNew group-9FB9EF172A42:[16072389-033d-4a01-b39b-77bc9d74d649|rpc:172.21.0.4:9856|admin:172.21.0.4:9857|client:172.21.0.4:9858|dataStream:172.21.0.4:9858|priority:0|startupRole:FOLLOWER, 06bfe0ca-2769-4d45-a610-3729b6ea9363|rpc:172.21.0.5:9856|admin:172.21.0.5:9857|client:172.21.0.5:9858|dataStream:172.21.0.5:9858|priority:1|startupRole:FOLLOWER, eab5d59e-614c-42a5-9702-647fe6475b0f|rpc:172.21.0.7:9856|admin:172.21.0.7:9857|client:172.21.0.7:9858|dataStream:172.21.0.7:9858|priority:0|startupRole:FOLLOWER] returns group-9FB9EF172A42:java.util.concurrent.CompletableFuture@17e8ed8a[Not completed]
scm_1       | 2023-02-03 02:27:23,585 [pool-16-thread-1] INFO server.RaftServerConfigKeys: raft.server.storage.dir = [/data/metadata/scm-ha] (custom)
datanode_3  | 2023-02-03 02:27:54,978 [grpc-default-executor-0] INFO server.RaftServer$Division: 16072389-033d-4a01-b39b-77bc9d74d649@group-0C678D864257: receive requestVote(ELECTION, 06bfe0ca-2769-4d45-a610-3729b6ea9363, group-0C678D864257, 3, (t:0, i:0))
datanode_2  | 2023-02-03 02:27:55,029 [eab5d59e-614c-42a5-9702-647fe6475b0f@group-0C678D864257-FollowerState] INFO server.RaftServerConfigKeys: raft.server.rpc.first-election.timeout.max = 5200ms (fallback to raft.server.rpc.timeout.max)
nm_1        | 2023-02-03 02:31:26 INFO  ContainerScheduler:541 - Starting container [container_1675391228271_0002_01_000005]
rm_1        | 2023-02-03 02:29:49 INFO  RMAppImpl:1040 - update the launch time for applicationId: application_1675391228271_0001, attemptId: appattempt_1675391228271_0001_000001launchTime: 1675391389495
datanode_1  | 2023-02-03 02:27:44,592 [pool-22-thread-1] INFO server.RaftServer$Division: 06bfe0ca-2769-4d45-a610-3729b6ea9363: new RaftServerImpl for group-9FB9EF172A42:[16072389-033d-4a01-b39b-77bc9d74d649|rpc:172.21.0.4:9856|admin:172.21.0.4:9857|client:172.21.0.4:9858|dataStream:172.21.0.4:9858|priority:0|startupRole:FOLLOWER, 06bfe0ca-2769-4d45-a610-3729b6ea9363|rpc:172.21.0.5:9856|admin:172.21.0.5:9857|client:172.21.0.5:9858|dataStream:172.21.0.5:9858|priority:1|startupRole:FOLLOWER, eab5d59e-614c-42a5-9702-647fe6475b0f|rpc:172.21.0.7:9856|admin:172.21.0.7:9857|client:172.21.0.7:9858|dataStream:172.21.0.7:9858|priority:0|startupRole:FOLLOWER] with ContainerStateMachine:uninitialized
scm_1       | 2023-02-03 02:27:23,589 [pool-16-thread-1] INFO server.RaftServerConfigKeys: raft.server.log.corruption.policy = EXCEPTION (default)
datanode_3  | 2023-02-03 02:27:54,978 [grpc-default-executor-0] INFO impl.VoteContext: 16072389-033d-4a01-b39b-77bc9d74d649@group-0C678D864257-FOLLOWER: accept ELECTION from 06bfe0ca-2769-4d45-a610-3729b6ea9363: our priority 0 <= candidate's priority 0
datanode_2  | 2023-02-03 02:28:00,025 [grpc-default-executor-1] INFO server.RaftServer$Division: eab5d59e-614c-42a5-9702-647fe6475b0f@group-9FB9EF172A42: receive requestVote(ELECTION, 06bfe0ca-2769-4d45-a610-3729b6ea9363, group-9FB9EF172A42, 3, (t:0, i:0))
nm_1        | 2023-02-03 02:31:26 INFO  ContainerImpl:2188 - Container container_1675391228271_0002_01_000005 transitioned from SCHEDULED to RUNNING
rm_1        | 2023-02-03 02:29:49 INFO  RMStateStore:279 - Updating info for app: application_1675391228271_0001
datanode_1  | 2023-02-03 02:27:44,597 [pool-22-thread-1] INFO server.RaftServerConfigKeys: raft.server.rpc.timeout.min = 5s (custom)
scm_1       | 2023-02-03 02:27:23,590 [pool-16-thread-1] INFO server.RaftServerConfigKeys: raft.server.storage.free-space.min = 0MB (=0) (default)
datanode_2  | 2023-02-03 02:28:00,025 [grpc-default-executor-1] INFO impl.VoteContext: eab5d59e-614c-42a5-9702-647fe6475b0f@group-9FB9EF172A42-FOLLOWER: accept ELECTION from 06bfe0ca-2769-4d45-a610-3729b6ea9363: our priority 0 <= candidate's priority 1
nm_1        | 2023-02-03 02:31:26 INFO  ContainersMonitorImpl:1112 - Starting resource-monitoring for container_1675391228271_0002_01_000005
rm_1        | 2023-02-03 02:29:49 INFO  RMContainerImpl:483 - container_1675391228271_0001_01_000001 Container Transitioned from ACQUIRED to RUNNING
datanode_1  | 2023-02-03 02:27:44,603 [pool-22-thread-1] INFO server.RaftServerConfigKeys: raft.server.rpc.timeout.max = 5200ms (custom)
scm_1       | 2023-02-03 02:27:23,613 [pool-16-thread-1] INFO server.RaftServerConfigKeys: raft.server.notification.no-leader.timeout = 60s (default)
datanode_3  | 2023-02-03 02:27:54,979 [grpc-default-executor-0] INFO server.RaftServer$Division: 16072389-033d-4a01-b39b-77bc9d74d649@group-0C678D864257: changes role from  FOLLOWER to FOLLOWER at term 3 for candidate:06bfe0ca-2769-4d45-a610-3729b6ea9363
datanode_2  | 2023-02-03 02:28:00,025 [grpc-default-executor-1] INFO server.RaftServer$Division: eab5d59e-614c-42a5-9702-647fe6475b0f@group-9FB9EF172A42: changes role from  FOLLOWER to FOLLOWER at term 3 for candidate:06bfe0ca-2769-4d45-a610-3729b6ea9363
nm_1        | 2023-02-03 02:31:26 INFO  DefaultContainerExecutor:385 - launchContainer: [bash, /tmp/hadoop-hadoop/nm-local-dir/usercache/hadoop/appcache/application_1675391228271_0002/container_1675391228271_0002_01_000005/default_container_executor.sh]
rm_1        | 2023-02-03 02:30:02 INFO  Server:2061 - Auth successful for appattempt_1675391228271_0001_000001 (auth:SIMPLE) from 172.21.0.8:44760
datanode_1  | 2023-02-03 02:27:44,603 [pool-22-thread-1] INFO server.RaftServerConfigKeys: raft.server.rpc.sleep.time = 25ms (default)
scm_1       | 2023-02-03 02:27:23,617 [pool-16-thread-1] INFO server.RaftServerConfigKeys: raft.server.retrycache.expirytime = 60000ms (default)
datanode_3  | 2023-02-03 02:27:54,979 [grpc-default-executor-0] INFO impl.RoleInfo: 16072389-033d-4a01-b39b-77bc9d74d649: shutdown 16072389-033d-4a01-b39b-77bc9d74d649@group-0C678D864257-FollowerState
datanode_3  | 2023-02-03 02:27:54,979 [grpc-default-executor-0] INFO impl.RoleInfo: 16072389-033d-4a01-b39b-77bc9d74d649: start 16072389-033d-4a01-b39b-77bc9d74d649@group-0C678D864257-FollowerState
datanode_2  | 2023-02-03 02:28:00,026 [grpc-default-executor-1] INFO impl.RoleInfo: eab5d59e-614c-42a5-9702-647fe6475b0f: shutdown eab5d59e-614c-42a5-9702-647fe6475b0f@group-9FB9EF172A42-FollowerState
rm_1        | 2023-02-03 02:30:02 INFO  DefaultAMSProcessor:146 - AM registration appattempt_1675391228271_0001_000001
scm_1       | 2023-02-03 02:27:23,618 [pool-16-thread-1] INFO server.RaftServerConfigKeys: raft.server.retrycache.statistics.expirytime = 100?s (default)
scm_1       | 2023-02-03 02:27:23,815 [pool-16-thread-1] INFO server.Raf