datanode_1  | 2023-02-03 02:27:13,673 [EndpointStateMachine task thread for scm/172.21.0.2:9861 - 0 ] INFO ipc.Client: Retrying connect to server: scm/172.21.0.2:9861. Already tried 0 time(s); retry policy is RetryUpToMaximumCountWithFixedSleep(maxRetries=15, sleepTime=1000 MILLISECONDS)
nm_1        | 2023-02-03 02:30:23 INFO  NodeStatusUpdaterImpl:727 - Removed completed containers from NM context: [container_1675391228271_0001_01_000003]
nm_1        | 2023-02-03 02:30:24 INFO  ContainersMonitorImpl:643 - container_1675391228271_0001_01_000004's ip = 172.21.0.8, and hostname = nm
nm_1        | 2023-02-03 02:30:24 INFO  ContainersMonitorImpl:548 - Skipping monitoring container container_1675391228271_0001_01_000004 since CPU usage is not yet available.
nm_1        | 2023-02-03 02:30:28 INFO  ContainerLaunch:687 - Container container_1675391228271_0001_01_000004 succeeded 
nm_1        | 2023-02-03 02:30:28 INFO  ContainerImpl:2188 - Container container_1675391228271_0001_01_000004 transitioned from RUNNING to EXITED_WITH_SUCCESS
nm_1        | 2023-02-03 02:30:28 INFO  ContainerCleanup:89 - Cleaning up container container_1675391228271_0001_01_000004
datanode_2  | 2023-02-03 02:27:45,351 [pool-22-thread-1] INFO impl.RoleInfo: eab5d59e-614c-42a5-9702-647fe6475b0f: start eab5d59e-614c-42a5-9702-647fe6475b0f@group-125A8ED8EDD2-FollowerState
nm_1        | 2023-02-03 02:30:29 INFO  NMAuditLogger:94 - USER=hadoop	OPERATION=Container Finished - Succeeded	TARGET=ContainerImpl	RESULT=SUCCESS	APPID=application_1675391228271_0001	CONTAINERID=container_1675391228271_0001_01_000004
nm_1        | 2023-02-03 02:30:29 INFO  ContainerImpl:2188 - Container container_1675391228271_0001_01_000004 transitioned from EXITED_WITH_SUCCESS to DONE
nm_1        | 2023-02-03 02:30:29 INFO  ApplicationImpl:512 - Removing container_1675391228271_0001_01_000004 from application application_1675391228271_0001
nm_1        | 2023-02-03 02:30:29 INFO  ContainersMonitorImpl:1103 - Stopping resource-monitoring for container_1675391228271_0001_01_000004
nm_1        | 2023-02-03 02:30:29 INFO  AuxServices:850 - Got event CONTAINER_STOP for appId application_1675391228271_0001
nm_1        | 2023-02-03 02:30:29 INFO  DefaultContainerExecutor:647 - Deleting absolute path : /tmp/hadoop-hadoop/nm-local-dir/usercache/hadoop/appcache/application_1675391228271_0001/container_1675391228271_0001_01_000004/launch_container.sh
nm_1        | 2023-02-03 02:30:29 INFO  DefaultContainerExecutor:647 - Deleting absolute path : /tmp/hadoop-hadoop/nm-local-dir/usercache/hadoop/appcache/application_1675391228271_0001/container_1675391228271_0001_01_000004/container_tokens
nm_1        | 2023-02-03 02:30:29 INFO  DefaultContainerExecutor:647 - Deleting absolute path : /tmp/hadoop-hadoop/nm-local-dir/usercache/hadoop/appcache/application_1675391228271_0001/container_1675391228271_0001_01_000004/sysfs
nm_1        | 2023-02-03 02:30:29 WARN  DefaultContainerExecutor:650 - delete returned false for path: [/tmp/hadoop-hadoop/nm-local-dir/usercache/hadoop/appcache/application_1675391228271_0001/container_1675391228271_0001_01_000004/sysfs]
nm_1        | 2023-02-03 02:30:29 INFO  Server:2061 - Auth successful for appattempt_1675391228271_0001_000001 (auth:SIMPLE) from 172.21.0.8:34604
scm_1       | 2023-02-03 02:26:59,875 [pool-2-thread-1] INFO server.RaftServer$Division: e4292b43-f9a1-4321-a0dc-b75ad1daac8f: new RaftServerImpl for group-7C369B1DDDF5:[e4292b43-f9a1-4321-a0dc-b75ad1daac8f|rpc:scm:9894|priority:0|startupRole:FOLLOWER] with SCMStateMachine:uninitialized
scm_1       | 2023-02-03 02:26:59,958 [pool-2-thread-1] INFO server.RaftServerConfigKeys: raft.server.rpc.timeout.min = 5000ms (custom)
om_1        | 2023-02-03 02:27:57,856 [om1-impl-thread1] INFO impl.RoleInfo: om1: start om1@group-C5BA1605619E-FollowerState
om_1        | 2023-02-03 02:27:57,862 [om1@group-C5BA1605619E-FollowerState] INFO server.RaftServerConfigKeys: raft.server.rpc.first-election.timeout.min = 5s (fallback to raft.server.rpc.timeout.min)
rm_1        | 2023-02-03 02:26:48 INFO  RMNMInfo:66 - Registered RMNMInfo MBean
nm_1        | 2023-02-03 02:30:29 INFO  ContainerManagerImpl:1088 - Start request for container_1675391228271_0001_01_000005 by user appattempt_1675391228271_0001_000001 with resource <memory:4096, vCores:1>
nm_1        | 2023-02-03 02:30:29 INFO  NMAuditLogger:94 - USER=appattempt_1675391228271_0001_000001	IP=172.21.0.8	OPERATION=Start Container Request	TARGET=ContainerManageImpl	RESULT=SUCCESS	APPID=application_1675391228271_0001	CONTAINERID=container_1675391228271_0001_01_000005
nm_1        | 2023-02-03 02:30:29 INFO  ApplicationImpl:463 - Adding container_1675391228271_0001_01_000005 to application application_1675391228271_0001
scm_1       | 2023-02-03 02:26:59,958 [pool-2-thread-1] INFO server.RaftServerConfigKeys: raft.server.rpc.timeout.max = 5200ms (custom)
rm_1        | 2023-02-03 02:26:48 INFO  RMAppLifetimeMonitor:67 - Application lifelime monitor interval set to 3000 ms.
rm_1        | 2023-02-03 02:26:48 INFO  MultiNodeSortingManager:59 - Initializing NodeSortingService=MultiNodeSortingManager
rm_1        | 2023-02-03 02:26:48 INFO  HostsFileReader:239 - Refreshing hosts (include/exclude) list
rm_1        | 2023-02-03 02:26:48 INFO  Configuration:2827 - found resource capacity-scheduler.xml at file:/opt/hadoop/etc/hadoop/capacity-scheduler.xml
om_1        | 2023-02-03 02:27:57,869 [om1@group-C5BA1605619E-FollowerState] INFO server.RaftServerConfigKeys: raft.server.rpc.first-election.timeout.max = 5200ms (fallback to raft.server.rpc.timeout.max)
scm_1       | 2023-02-03 02:26:59,961 [pool-2-thread-1] INFO server.RaftServerConfigKeys: raft.server.rpc.sleep.time = 25ms (default)
scm_1       | 2023-02-03 02:26:59,962 [pool-2-thread-1] INFO server.RaftServerConfigKeys: raft.server.rpc.slowness.timeout = 120000ms (custom)
rm_1        | 2023-02-03 02:26:48 INFO  AbstractYarnScheduler:1524 - Minimum allocation = <memory:1024, vCores:1>
om_1        | 2023-02-03 02:27:57,890 [om1-impl-thread1] INFO util.JmxRegister: Successfully registered JMX Bean with object name Ratis:service=RaftServer,group=group-C5BA1605619E,id=om1
om_1        | 2023-02-03 02:27:57,897 [om1-impl-thread1] INFO server.RaftServerConfigKeys: raft.server.snapshot.auto.trigger.enabled = true (custom)
om_1        | 2023-02-03 02:27:57,898 [om1-impl-thread1] INFO server.RaftServerConfigKeys: raft.server.snapshot.auto.trigger.threshold = 400000 (default)
scm_1       | 2023-02-03 02:26:59,967 [pool-2-thread-1] INFO server.RaftServerConfigKeys: raft.server.leaderelection.leader.step-down.wait-time = 10s (default)
scm_1       | 2023-02-03 02:26:59,968 [pool-2-thread-1] INFO server.RaftServerConfigKeys: raft.server.sleep.deviation.threshold = 300ms (default)
rm_1        | 2023-02-03 02:26:48 INFO  AbstractYarnScheduler:1536 - Maximum allocation = <memory:8192, vCores:4>
rm_1        | 2023-02-03 02:26:49 INFO  ParentQueue:154 - root, capacity=1.0, absoluteCapacity=1.0, maxCapacity=1.0, absoluteMaxCapacity=1.0, state=RUNNING, acls=SUBMIT_APP:*ADMINISTER_QUEUE:*, labels=*,
rm_1        | , reservationsContinueLooking=true, orderingPolicy=utilization, priority=0
rm_1        | 2023-02-03 02:26:49 INFO  ParentQueue:117 - Initialized parent-queue root name=root, fullname=root
datanode_3  | GC pool 'ConcurrentMarkSweep' had collection(s): count=1 time=536ms
scm_1       | 2023-02-03 02:27:00,092 [pool-2-thread-1] INFO server.RaftServer$Division: e4292b43-f9a1-4321-a0dc-b75ad1daac8f@group-7C369B1DDDF5: ConfigurationManager, init=-1: peers:[e4292b43-f9a1-4321-a0dc-b75ad1daac8f|rpc:scm:9894|priority:0|startupRole:FOLLOWER]|listeners:[], old=null, confs=<EMPTY_MAP>
nm_1        | 2023-02-03 02:30:29 INFO  ContainerImpl:1251 - Container container_1675391228271_0001_01_000005 is localizing: [o3fs://bucket1.volume1.om/user/hadoop/.staging/job_1675391228271_0001/job.jar, o3fs://bucket1.volume1.om/user/hadoop/.staging/job_1675391228271_0001/job.xml]
datanode_1  | 2023-02-03 02:27:14,674 [EndpointStateMachine task thread for scm/172.21.0.2:9861 - 0 ] INFO ipc.Client: Retrying connect to server: scm/172.21.0.2:9861. Already tried 1 time(s); retry policy is RetryUpToMaximumCountWithFixedSleep(maxRetries=15, sleepTime=1000 MILLISECONDS)
rm_1        | 2023-02-03 02:26:49 INFO  LeafQueue:283 - Initializing root.default
scm_1       | 2023-02-03 02:27:00,114 [pool-2-thread-1] INFO server.RaftServerConfigKeys: raft.server.storage.dir = [/data/metadata/scm-ha] (custom)
datanode_3  | 2023-02-03 02:27:40,272 [pool-22-thread-1] INFO server.RaftServerConfigKeys: raft.server.log.unsafe-flush.enabled = false (default)
datanode_2  | 2023-02-03 02:27:45,362 [pool-22-thread-1] INFO util.JmxRegister: Successfully registered JMX Bean with object name Ratis:service=RaftServer,group=group-125A8ED8EDD2,id=eab5d59e-614c-42a5-9702-647fe6475b0f
datanode_1  | 2023-02-03 02:27:15,675 [EndpointStateMachine task thread for scm/172.21.0.2:9861 - 0 ] INFO ipc.Client: Retrying connect to server: scm/172.21.0.2:9861. Already tried 2 time(s); retry policy is RetryUpToMaximumCountWithFixedSleep(maxRetries=15, sleepTime=1000 MILLISECONDS)
rm_1        | capacity = 1.0 [= (float) configuredCapacity / 100 ]
scm_1       | 2023-02-03 02:27:00,188 [pool-2-thread-1] INFO server.RaftServerConfigKeys: raft.server.log.corruption.policy = EXCEPTION (default)
scm_1       | 2023-02-03 02:27:00,243 [pool-2-thread-1] INFO server.RaftServerConfigKeys: raft.server.storage.free-space.min = 0MB (=0) (default)
datanode_2  | 2023-02-03 02:27:45,362 [pool-22-thread-1] INFO server.RaftServerConfigKeys: raft.server.snapshot.auto.trigger.enabled = true (custom)
datanode_1  | 2023-02-03 02:27:16,677 [EndpointStateMachine task thread for scm/172.21.0.2:9861 - 0 ] INFO ipc.Client: Retrying connect to server: scm/172.21.0.2:9861. Already tried 3 time(s); retry policy is RetryUpToMaximumCountWithFixedSleep(maxRetries=15, sleepTime=1000 MILLISECONDS)
rm_1        | absoluteCapacity = 1.0 [= parentAbsoluteCapacity * capacity ]
scm_1       | 2023-02-03 02:27:00,582 [pool-2-thread-1] INFO server.RaftServerConfigKeys: raft.server.notification.no-leader.timeout = 60s (default)
scm_1       | 2023-02-03 02:27:00,676 [pool-2-thread-1] INFO server.RaftServerConfigKeys: raft.server.retrycache.expirytime = 60000ms (default)
rm_1        | maxCapacity = 1.0 [= configuredMaxCapacity ]
scm_1       | 2023-02-03 02:27:00,701 [pool-2-thread-1] INFO server.RaftServerConfigKeys: raft.server.retrycache.statistics.expirytime = 100?s (default)
datanode_2  | 2023-02-03 02:27:45,362 [pool-22-thread-1] INFO server.RaftServerConfigKeys: raft.server.snapshot.auto.trigger.threshold = 10000 (custom)
nm_1        | 2023-02-03 02:30:29 INFO  ContainerImpl:2188 - Container container_1675391228271_0001_01_000005 transitioned from NEW to LOCALIZING
datanode_3  | 2023-02-03 02:27:40,275 [pool-22-thread-1] INFO server.RaftServerConfigKeys: raft.server.log.async-flush.enabled = false (default)
om_1        | 2023-02-03 02:27:57,900 [om1-impl-thread1] INFO server.RaftServerConfigKeys: raft.server.snapshot.retention.file.num = -1 (default)
om_1        | 2023-02-03 02:27:57,902 [om1-impl-thread1] INFO server.RaftServerConfigKeys: raft.server.log.purge.upto.snapshot.index = true (custom)
rm_1        | absoluteMaxCapacity = 1.0 [= 1.0 maximumCapacity undefined, (parentAbsoluteMaxCapacity * maximumCapacity) / 100 otherwise ]
scm_1       | 2023-02-03 02:27:01,309 [pool-2-thread-1] INFO metrics.MetricRegistries: Loaded MetricRegistries class org.apache.ratis.metrics.impl.MetricRegistriesImpl
nm_1        | 2023-02-03 02:30:29 INFO  AuxServices:850 - Got event CONTAINER_INIT for appId application_1675391228271_0001
datanode_2  | 2023-02-03 02:27:45,362 [eab5d59e-614c-42a5-9702-647fe6475b0f@group-125A8ED8EDD2-FollowerState] INFO server.RaftServerConfigKeys: raft.server.rpc.first-election.timeout.min = 5s (fallback to raft.server.rpc.timeout.min)
datanode_3  | 2023-02-03 02:27:40,275 [pool-22-thread-1] INFO server.RaftServerConfigKeys: raft.server.log.statemachine.data.caching.enabled = true (custom)
datanode_3  | 2023-02-03 02:27:40,281 [pool-22-thread-1] INFO segmented.SegmentedRaftLogWorker: 16072389-033d-4a01-b39b-77bc9d74d649@group-0C678D864257-SegmentedRaftLogWorker: flushIndex: setUnconditionally 0 -> -1
datanode_3  | 2023-02-03 02:27:40,283 [pool-22-thread-1] INFO segmented.SegmentedRaftLogWorker: 16072389-033d-4a01-b39b-77bc9d74d649@group-0C678D864257-SegmentedRaftLogWorker: safeCacheEvictIndex: setUnconditionally 0 -> -1
rm_1        | effectiveMinResource=<memory:0, vCores:0>
scm_1       | 2023-02-03 02:27:03,629 [pool-2-thread-1] INFO server.RaftServerConfigKeys: raft.server.log.appender.install.snapshot.enabled = false (custom)
scm_1       | 2023-02-03 02:27:03,650 [pool-2-thread-1] INFO server.RaftServerConfigKeys: raft.server.threadpool.server.cached = true (default)
scm_1       | 2023-02-03 02:27:03,651 [pool-2-thread-1] INFO server.RaftServerConfigKeys: raft.server.threadpool.server.size = 0 (default)
datanode_2  | 2023-02-03 02:27:45,363 [pool-22-thread-1] INFO server.RaftServerConfigKeys: raft.server.snapshot.retention.file.num = 5 (custom)
datanode_3  | 2023-02-03 02:27:40,297 [pool-22-thread-1] INFO server.RaftServer$Division: 16072389-033d-4a01-b39b-77bc9d74d649@group-0C678D864257: start as a follower, conf=-1: peers:[16072389-033d-4a01-b39b-77bc9d74d649|rpc:172.21.0.4:9856|admin:172.21.0.4:9857|client:172.21.0.4:9858|dataStream:172.21.0.4:9858|priority:0|startupRole:FOLLOWER, 06bfe0ca-2769-4d45-a610-3729b6ea9363|rpc:172.21.0.5:9856|admin:172.21.0.5:9857|client:172.21.0.5:9858|dataStream:172.21.0.5:9858|priority:0|startupRole:FOLLOWER, eab5d59e-614c-42a5-9702-647fe6475b0f|rpc:172.21.0.7:9856|admin:172.21.0.7:9857|client:172.21.0.7:9858|dataStream:172.21.0.7:9858|priority:1|startupRole:FOLLOWER]|listeners:[], old=null
om_1        | 2023-02-03 02:27:57,932 [Listener at om/9862] INFO server.RaftServer: om1: start RPC server
om_1        | 2023-02-03 02:27:58,092 [Listener at om/9862] INFO server.GrpcService: om1: GrpcService started, listening on 9872
rm_1        |  , effectiveMaxResource=<memory:0, vCores:0>
scm_1       | 2023-02-03 02:27:03,653 [pool-2-thread-1] INFO server.RaftServerConfigKeys: raft.server.threadpool.client.cached = true (default)
datanode_2  | 2023-02-03 02:27:45,365 [pool-22-thread-1] INFO server.RaftServerConfigKeys: raft.server.log.purge.upto.snapshot.index = false (default)
datanode_3  | 2023-02-03 02:27:40,300 [pool-22-thread-1] INFO server.RaftServer$Division: 16072389-033d-4a01-b39b-77bc9d74d649@group-0C678D864257: changes role from      null to FOLLOWER at term 0 for startAsFollower
om_1        | 2023-02-03 02:27:58,098 [Listener at om/9862] INFO om.OzoneManager: Version File has different layout version (3) than OM DB (null). That is expected if this OM has never been finalized to a newer layout version.
om_1        | 2023-02-03 02:27:58,104 [JvmPauseMonitor0] INFO util.JvmPauseMonitor: JvmPauseMonitor-om1: Started
rm_1        | userLimit = 100 [= configuredUserLimit ]
datanode_2  | 2023-02-03 02:27:45,367 [Command processor thread] INFO ratis.XceiverServerRatis: Created group PipelineID=13b85a10-c0ca-4c2a-88f0-125a8ed8edd2
datanode_3  | 2023-02-03 02:27:40,300 [pool-22-thread-1] INFO impl.RoleInfo: 16072389-033d-4a01-b39b-77bc9d74d649: start 16072389-033d-4a01-b39b-77bc9d74d649@group-0C678D864257-FollowerState
om_1        | 2023-02-03 02:27:58,218 [Listener at om/9862] INFO http.BaseHttpServer: Starting Web-server for ozoneManager at: http://0.0.0.0:9874
om_1        | 2023-02-03 02:27:58,219 [Listener at om/9862] INFO http.BaseHttpServer: Hadoop Security Enabled: false Ozone Security Enabled: false Ozone HTTP Security Enabled: false 
rm_1        | userLimitFactor = 1.0 [= configuredUserLimitFactor ]
datanode_2  | 2023-02-03 02:27:45,370 [Command processor thread] INFO commandhandler.CreatePipelineCommandHandler: Created Pipeline RATIS ONE PipelineID=13b85a10-c0ca-4c2a-88f0-125a8ed8edd2.
datanode_3  | 2023-02-03 02:27:40,301 [pool-22-thread-1] INFO util.JmxRegister: Successfully registered JMX Bean with object name Ratis:service=RaftServer,group=group-0C678D864257,id=16072389-033d-4a01-b39b-77bc9d74d649
om_1        | 2023-02-03 02:27:58,355 [Listener at om/9862] INFO util.log: Logging initialized @22475ms to org.eclipse.jetty.util.log.Slf4jLog
om_1        | 2023-02-03 02:27:58,697 [Listener at om/9862] WARN server.AuthenticationFilter: Unable to initialize FileSignerSecretProvider, falling back to use random secrets. Reason: Could not read signature secret file: /opt/hadoop/hadoop-http-auth-signature-secret
rm_1        | maxApplications = 10000 [= configuredMaximumSystemApplicationsPerQueue or (int)(configuredMaximumSystemApplications * absoluteCapacity)]
datanode_2  | 2023-02-03 02:27:45,370 [Command processor thread] INFO server.RaftServer: eab5d59e-614c-42a5-9702-647fe6475b0f: addNew group-9FB9EF172A42:[16072389-033d-4a01-b39b-77bc9d74d649|rpc:172.21.0.4:9856|admin:172.21.0.4:9857|client:172.21.0.4:9858|dataStream:172.21.0.4:9858|priority:0|startupRole:FOLLOWER, 06bfe0ca-2769-4d45-a610-3729b6ea9363|rpc:172.21.0.5:9856|admin:172.21.0.5:9857|client:172.21.0.5:9858|dataStream:172.21.0.5:9858|priority:1|startupRole:FOLLOWER, eab5d59e-614c-42a5-9702-647fe6475b0f|rpc:172.21.0.7:9856|admin:172.21.0.7:9857|client:172.21.0.7:9858|dataStream:172.21.0.7:9858|priority:0|startupRole:FOLLOWER] returns group-9FB9EF172A42:java.util.concurrent.CompletableFuture@668f8023[Not completed]
datanode_3  | 2023-02-03 02:27:40,302 [pool-22-thread-1] INFO server.RaftServerConfigKeys: raft.server.snapshot.auto.trigger.enabled = true (custom)
datanode_3  | 2023-02-03 02:27:40,302 [pool-22-thread-1] INFO server.RaftServerConfigKeys: raft.server.snapshot.auto.trigger.threshold = 10000 (custom)
datanode_3  | 2023-02-03 02:27:40,302 [pool-22-thread-1] INFO server.RaftServerConfigKeys: raft.server.snapshot.retention.file.num = 5 (custom)
rm_1        | maxApplicationsPerUser = 10000 [= (int)(maxApplications * (userLimit / 100.0f) * userLimitFactor) ]
datanode_2  | 2023-02-03 02:27:45,371 [eab5d59e-614c-42a5-9702-647fe6475b0f@group-125A8ED8EDD2-FollowerState] INFO server.RaftServerConfigKeys: raft.server.rpc.first-election.timeout.max = 5200ms (fallback to raft.server.rpc.timeout.max)
datanode_3  | 2023-02-03 02:27:40,302 [pool-22-thread-1] INFO server.RaftServerConfigKeys: raft.server.log.purge.upto.snapshot.index = false (default)
datanode_3  | 2023-02-03 02:27:40,304 [16072389-033d-4a01-b39b-77bc9d74d649@group-0C678D864257-FollowerState] INFO server.RaftServerConfigKeys: raft.server.rpc.first-election.timeout.min = 5s (fallback to raft.server.rpc.timeout.min)
datanode_3  | 2023-02-03 02:27:40,326 [Command processor thread] INFO ratis.XceiverServerRatis: Created group PipelineID=8fd2d993-a615-42ad-9e72-0c678d864257
rm_1        | maxParallelApps = 2147483647
datanode_2  | 2023-02-03 02:27:45,419 [pool-22-thread-1] INFO server.RaftServer$Division: eab5d59e-614c-42a5-9702-647fe6475b0f: new RaftServerImpl for group-9FB9EF172A42:[16072389-033d-4a01-b39b-77bc9d74d649|rpc:172.21.0.4:9856|admin:172.21.0.4:9857|client:172.21.0.4:9858|dataStream:172.21.0.4:9858|priority:0|startupRole:FOLLOWER, 06bfe0ca-2769-4d45-a610-3729b6ea9363|rpc:172.21.0.5:9856|admin:172.21.0.5:9857|client:172.21.0.5:9858|dataStream:172.21.0.5:9858|priority:1|startupRole:FOLLOWER, eab5d59e-614c-42a5-9702-647fe6475b0f|rpc:172.21.0.7:9856|admin:172.21.0.7:9857|client:172.21.0.7:9858|dataStream:172.21.0.7:9858|priority:0|startupRole:FOLLOWER] with ContainerStateMachine:uninitialized
datanode_3  | 2023-02-03 02:27:40,330 [16072389-033d-4a01-b39b-77bc9d74d649@group-0C678D864257-FollowerState] INFO server.RaftServerConfigKeys: raft.server.rpc.first-election.timeout.max = 5200ms (fallback to raft.server.rpc.timeout.max)
datanode_1  | 2023-02-03 02:27:17,678 [EndpointStateMachine task thread for scm/172.21.0.2:9861 - 0 ] INFO ipc.Client: Retrying connect to server: scm/172.21.0.2:9861. Already tried 4 time(s); retry policy is RetryUpToMaximumCountWithFixedSleep(maxRetries=15, sleepTime=1000 MILLISECONDS)
datanode_1  | 2023-02-03 02:27:18,679 [EndpointStateMachine task thread for scm/172.21.0.2:9861 - 0 ] INFO ipc.Client: Retrying connect to server: scm/172.21.0.2:9861. Already tried 5 time(s); retry policy is RetryUpToMaximumCountWithFixedSleep(maxRetries=15, sleepTime=1000 MILLISECONDS)
rm_1        | usedCapacity = 0.0 [= usedResourcesMemory / (clusterResourceMemory * absoluteCapacity)]
rm_1        | absoluteUsedCapacity = 0.0 [= usedResourcesMemory / clusterResourceMemory]
rm_1        | maxAMResourcePerQueuePercent = 0.1 [= configuredMaximumAMResourcePercent ]
datanode_2  | 2023-02-03 02:27:45,433 [pool-22-thread-1] INFO server.RaftServerConfigKeys: raft.server.rpc.timeout.min = 5s (custom)
datanode_3  | 2023-02-03 02:27:43,688 [Command processor thread] INFO commandhandler.CreatePipelineCommandHandler: Created Pipeline RATIS THREE PipelineID=8fd2d993-a615-42ad-9e72-0c678d864257.
om_1        | 2023-02-03 02:27:58,707 [Listener at om/9862] INFO http.HttpRequestLog: Http request log for http.requests.ozoneManager is not defined
om_1        | 2023-02-03 02:27:58,724 [Listener at om/9862] INFO http.HttpServer2: Added global filter 'safety' (class=org.apache.hadoop.hdds.server.http.HttpServer2$QuotingInputFilter)
rm_1        | minimumAllocationFactor = 0.875 [= (float)(maximumAllocationMemory - minimumAllocationMemory) / maximumAllocationMemory ]
nm_1        | 2023-02-03 02:30:29 INFO  AuxServices:850 - Got event APPLICATION_INIT for appId application_1675391228271_0001
nm_1        | 2023-02-03 02:30:29 INFO  AuxServices:854 - Got APPLICATION_INIT for service mapreduce_shuffle
datanode_2  | 2023-02-03 02:27:45,434 [pool-22-thread-1] INFO server.RaftServerConfigKeys: raft.server.rpc.timeout.max = 5200ms (custom)
datanode_3  | 2023-02-03 02:27:43,699 [pool-22-thread-1] INFO server.RaftServer$Division: 16072389-033d-4a01-b39b-77bc9d74d649: new RaftServerImpl for group-9FB9EF172A42:[16072389-033d-4a01-b39b-77bc9d74d649|rpc:172.21.0.4:9856|admin:172.21.0.4:9857|client:172.21.0.4:9858|dataStream:172.21.0.4:9858|priority:0|startupRole:FOLLOWER, 06bfe0ca-2769-4d45-a610-3729b6ea9363|rpc:172.21.0.5:9856|admin:172.21.0.5:9857|client:172.21.0.5:9858|dataStream:172.21.0.5:9858|priority:1|startupRole:FOLLOWER, eab5d59e-614c-42a5-9702-647fe6475b0f|rpc:172.21.0.7:9856|admin:172.21.0.7:9857|client:172.21.0.7:9858|dataStream:172.21.0.7:9858|priority:0|startupRole:FOLLOWER] with ContainerStateMachine:uninitialized
om_1        | 2023-02-03 02:27:58,727 [Listener at om/9862] INFO http.HttpServer2: Added filter static_user_filter (class=org.apache.hadoop.http.lib.StaticUserWebFilter$StaticUserFilter) to context ozoneManager
om_1        | 2023-02-03 02:27:58,727 [Listener at om/9862] INFO http.HttpServer2: Added filter static_user_filter (class=org.apache.hadoop.http.lib.StaticUserWebFilter$StaticUserFilter) to context logs
rm_1        | maximumAllocation = <memory:8192, vCores:4> [= configuredMaxAllocation ]
rm_1        | numContainers = 0 [= currentNumContainers ]
rm_1        | state = RUNNING [= configuredState ]
datanode_2  | 2023-02-03 02:27:45,434 [pool-22-thread-1] INFO server.RaftServerConfigKeys: raft.server.rpc.sleep.time = 25ms (default)
datanode_3  | 2023-02-03 02:27:43,708 [pool-22-thread-1] INFO server.RaftServerConfigKeys: raft.server.rpc.timeout.min = 5s (custom)
datanode_3  | 2023-02-03 02:27:43,711 [pool-22-thread-1] INFO server.RaftServerConfigKeys: raft.server.rpc.timeout.max = 5200ms (custom)
datanode_1  | 2023-02-03 02:27:19,680 [EndpointStateMachine task thread for scm/172.21.0.2:9861 - 0 ] INFO ipc.Client: Retrying connect to server: scm/172.21.0.2:9861. Already tried 6 time(s); retry policy is RetryUpToMaximumCountWithFixedSleep(maxRetries=15, sleepTime=1000 MILLISECONDS)
rm_1        | acls = SUBMIT_APP:*ADMINISTER_QUEUE:* [= configuredAcls ]
rm_1        | nodeLocalityDelay = 40
rm_1        | rackLocalityAdditionalDelay = -1
datanode_2  | 2023-02-03 02:27:45,434 [pool-22-thread-1] INFO server.RaftServerConfigKeys: raft.server.rpc.slowness.timeout = 300s (custom)
om_1        | 2023-02-03 02:27:58,727 [Listener at om/9862] INFO http.HttpServer2: Added filter static_user_filter (class=org.apache.hadoop.http.lib.StaticUserWebFilter$StaticUserFilter) to context static
om_1        | 2023-02-03 02:27:58,845 [Listener at om/9862] INFO http.HttpServer2: Jetty bound to port 9874
datanode_3  | 2023-02-03 02:27:43,715 [pool-22-thread-1] INFO server.RaftServerConfigKeys: raft.server.rpc.sleep.time = 25ms (default)
rm_1        | labels=*,
nm_1        | 2023-02-03 02:30:29 INFO  ShuffleHandler:732 - Added token for job_1675391228271_0001
nm_1        | 2023-02-03 02:30:29 INFO  ContainerImpl:2188 - Container container_1675391228271_0001_01_000005 transitioned from LOCALIZING to SCHEDULED
om_1        | 2023-02-03 02:27:58,850 [Listener at om/9862] INFO server.Server: jetty-9.4.49.v20220914; built: 2022-09-14T01:07:36.601Z; git: 4231a3b2e4cb8548a412a789936d640a97b1aa0a; jvm 11.0.14.1+1-LTS
om_1        | 2023-02-03 02:27:58,964 [Listener at om/9862] INFO server.session: DefaultSessionIdManager workerName=node0
datanode_3  | 2023-02-03 02:27:43,715 [pool-22-thread-1] INFO server.RaftServerConfigKeys: raft.server.rpc.slowness.timeout = 300s (custom)
nm_1        | 2023-02-03 02:30:29 INFO  ContainerScheduler:541 - Starting container [container_1675391228271_0001_01_000005]
nm_1        | 2023-02-03 02:30:29 INFO  ContainerImpl:2188 - Container container_1675391228271_0001_01_000005 transitioned from SCHEDULED to RUNNING
rm_1        | reservationsContinueLooking = true
om_1        | 2023-02-03 02:27:58,965 [Listener at om/9862] INFO server.session: No SessionScavenger set, using defaults
om_1        | 2023-02-03 02:27:58,974 [Listener at om/9862] INFO server.session: node0 Scavenging every 660000ms
datanode_3  | 2023-02-03 02:27:43,715 [pool-22-thread-1] INFO server.RaftServerConfigKeys: raft.server.leaderelection.leader.step-down.wait-time = 10s (default)
scm_1       | 2023-02-03 02:27:03,671 [pool-2-thread-1] INFO server.RaftServerConfigKeys: raft.server.threadpool.client.size = 0 (default)
nm_1        | 2023-02-03 02:30:29 INFO  ContainersMonitorImpl:1112 - Starting resource-monitoring for container_1675391228271_0001_01_000005
rm_1        | preemptionDisabled = true
datanode_2  | 2023-02-03 02:27:45,434 [pool-22-thread-1] INFO server.RaftServerConfigKeys: raft.server.leaderelection.leader.step-down.wait-time = 10s (default)
om_1        | 2023-02-03 02:27:59,009 [Listener at om/9862] INFO handler.ContextHandler: Started o.e.j.s.ServletContextHandler@695d0adc{logs,/logs,file:///var/log/hadoop/,AVAILABLE}
om_1        | 2023-02-03 02:27:59,024 [Listener at om/9862] INFO handler.ContextHandler: Started o.e.j.s.ServletContextHandler@1940cb2b{static,/static,jar:file:/opt/hadoop/share/ozone/lib/ozone-manager-1.4.0-SNAPSHOT.jar!/webapps/static,AVAILABLE}
datanode_3  | 2023-02-03 02:27:43,716 [pool-22-thread-1] INFO server.RaftServerConfigKeys: raft.server.sleep.deviation.threshold = 300ms (default)
scm_1       | 2023-02-03 02:27:03,687 [e4292b43-f9a1-4321-a0dc-b75ad1daac8f-impl-thread1] INFO storage.RaftStorageDirectory: The storage directory /data/metadata/scm-ha/af9975cc-de8b-4fc8-aa6a-7c369b1dddf5 does not exist. Creating ...
nm_1        | 2023-02-03 02:30:29 INFO  DefaultContainerExecutor:385 - launchContainer: [bash, /tmp/hadoop-hadoop/nm-local-dir/usercache/hadoop/appcache/application_1675391228271_0001/container_1675391228271_0001_01_000005/default_container_executor.sh]
rm_1        | defaultAppPriorityPerQueue = 0
datanode_2  | 2023-02-03 02:27:45,434 [pool-22-thread-1] INFO server.RaftServerConfigKeys: raft.server.sleep.deviation.threshold = 300ms (default)
datanode_1  | 2023-02-03 02:27:20,682 [EndpointStateMachine task thread for scm/172.21.0.2:9861 - 0 ] INFO ipc.Client: Retrying connect to server: scm/172.21.0.2:9861. Already tried 7 time(s); retry policy is RetryUpToMaximumCountWithFixedSleep(maxRetries=15, sleepTime=1000 MILLISECONDS)
datanode_1  | 2023-02-03 02:27:21,683 [EndpointStateMachine task thread for scm/172.21.0.2:9861 - 0 ] INFO ipc.Client: Retrying connect to server: scm/172.21.0.2:9861. Already tried 8 time(s); retry policy is RetryUpToMaximumCountWithFixedSleep(maxRetries=15, sleepTime=1000 MILLISECONDS)
datanode_3  | 2023-02-03 02:27:43,716 [pool-22-thread-1] INFO server.RaftServer$Division: 16072389-033d-4a01-b39b-77bc9d74d649@group-9FB9EF172A42: ConfigurationManager, init=-1: peers:[16072389-033d-4a01-b39b-77bc9d74d649|rpc:172.21.0.4:9856|admin:172.21.0.4:9857|client:172.21.0.4:9858|dataStream:172.21.0.4:9858|priority:0|startupRole:FOLLOWER, 06bfe0ca-2769-4d45-a610-3729b6ea9363|rpc:172.21.0.5:9856|admin:172.21.0.5:9857|client:172.21.0.5:9858|dataStream:172.21.0.5:9858|priority:1|startupRole:FOLLOWER, eab5d59e-614c-42a5-9702-647fe6475b0f|rpc:172.21.0.7:9856|admin:172.21.0.7:9857|client:172.21.0.7:9858|dataStream:172.21.0.7:9858|priority:0|startupRole:FOLLOWER]|listeners:[], old=null, confs=<EMPTY_MAP>
scm_1       | 2023-02-03 02:27:03,749 [e4292b43-f9a1-4321-a0dc-b75ad1daac8f-impl-thread1] INFO storage.RaftStorageDirectory: Lock on /data/metadata/scm-ha/af9975cc-de8b-4fc8-aa6a-7c369b1dddf5/in_use.lock acquired by nodename 14@scm
scm_1       | 2023-02-03 02:27:03,912 [e4292b43-f9a1-4321-a0dc-b75ad1daac8f-impl-thread1] INFO storage.RaftStorage: Storage directory /data/metadata/scm-ha/af9975cc-de8b-4fc8-aa6a-7c369b1dddf5 has been successfully formatted.
rm_1        | priority = 0
rm_1        | maxLifetime = -1 seconds
datanode_3  | 2023-02-03 02:27:43,716 [pool-22-thread-1] INFO server.RaftServerConfigKeys: raft.server.storage.dir = [/data/metadata/ratis] (custom)
scm_1       | 2023-02-03 02:27:03,990 [e4292b43-f9a1-4321-a0dc-b75ad1daac8f-impl-thread1] INFO server.RaftServerConfigKeys: raft.server.log.use.memory = false (default)
scm_1       | 2023-02-03 02:27:04,159 [e4292b43-f9a1-4321-a0dc-b75ad1daac8f-impl-thread1] INFO server.RaftServerConfigKeys: raft.server.log.purge.gap = 1000000 (custom)
rm_1        | defaultLifetime = -1 seconds
rm_1        | 2023-02-03 02:26:49 INFO  CapacitySchedulerQueueManager:299 - Initialized queue: root.default
datanode_3  | 2023-02-03 02:27:43,717 [Command processor thread] INFO server.RaftServer: 16072389-033d-4a01-b39b-77bc9d74d649: addNew group-9FB9EF172A42:[16072389-033d-4a01-b39b-77bc9d74d649|rpc:172.21.0.4:9856|admin:172.21.0.4:9857|client:172.21.0.4:9858|dataStream:172.21.0.4:9858|priority:0|startupRole:FOLLOWER, 06bfe0ca-2769-4d45-a610-3729b6ea9363|rpc:172.21.0.5:9856|admin:172.21.0.5:9857|client:172.21.0.5:9858|dataStream:172.21.0.5:9858|priority:1|startupRole:FOLLOWER, eab5d59e-614c-42a5-9702-647fe6475b0f|rpc:172.21.0.7:9856|admin:172.21.0.7:9857|client:172.21.0.7:9858|dataStream:172.21.0.7:9858|priority:0|startupRole:FOLLOWER] returns group-9FB9EF172A42:java.util.concurrent.CompletableFuture@42300b46[Not completed]
nm_1        | 2023-02-03 02:30:30 INFO  ContainersMonitorImpl:643 - container_1675391228271_0001_01_000005's ip = 172.21.0.8, and hostname = nm
nm_1        | 2023-02-03 02:30:30 INFO  ContainersMonitorImpl:548 - Skipping monitoring container container_1675391228271_0001_01_000005 since CPU usage is not yet available.
rm_1        | 2023-02-03 02:26:49 INFO  CapacitySchedulerQueueManager:299 - Initialized queue: root
datanode_2  | 2023-02-03 02:27:45,434 [pool-22-thread-1] INFO server.RaftServer$Division: eab5d59e-614c-42a5-9702-647fe6475b0f@group-9FB9EF172A42: ConfigurationManager, init=-1: peers:[16072389-033d-4a01-b39b-77bc9d74d649|rpc:172.21.0.4:9856|admin:172.21.0.4:9857|client:172.21.0.4:9858|dataStream:172.21.0.4:9858|priority:0|startupRole:FOLLOWER, 06bfe0ca-2769-4d45-a610-3729b6ea9363|rpc:172.21.0.5:9856|admin:172.21.0.5:9857|client:172.21.0.5:9858|dataStream:172.21.0.5:9858|priority:1|startupRole:FOLLOWER, eab5d59e-614c-42a5-9702-647fe6475b0f|rpc:172.21.0.7:9856|admin:172.21.0.7:9857|client:172.21.0.7:9858|dataStream:172.21.0.7:9858|priority:0|startupRole:FOLLOWER]|listeners:[], old=null, confs=<EMPTY_MAP>
datanode_1  | 2023-02-03 02:27:22,685 [EndpointStateMachine task thread for scm/172.21.0.2:9861 - 0 ] INFO ipc.Client: Retrying connect to server: scm/172.21.0.2:9861. Already tried 9 time(s); retry policy is RetryUpToMaximumCountWithFixedSleep(maxRetries=15, sleepTime=1000 MILLISECONDS)
datanode_1  | 2023-02-03 02:27:23,686 [EndpointStateMachine task thread for scm/172.21.0.2:9861 - 0 ] INFO ipc.Client: Retrying connect to server: scm/172.21.0.2:9861. Already tried 10 time(s); retry policy is RetryUpToMaximumCountWithFixedSleep(maxRetries=15, sleepTime=1000 MILLISECONDS)
datanode_3  | 2023-02-03 02:27:43,718 [pool-22-thread-1] INFO server.RaftServerConfigKeys: raft.server.log.corruption.policy = EXCEPTION (default)
nm_1        | 2023-02-03 02:30:31 INFO  NodeStatusUpdaterImpl:727 - Removed completed containers from NM context: [container_1675391228271_0001_01_000004]
scm_1       | 2023-02-03 02:27:04,198 [e4292b43-f9a1-4321-a0dc-b75ad1daac8f-impl-thread1] INFO server.RaftServerConfigKeys: raft.server.log.appender.buffer.byte-limit = 33554432 (custom)
scm_1       | 2023-02-03 02:27:04,215 [e4292b43-f9a1-4321-a0dc-b75ad1daac8f-impl-thread1] INFO server.RaftServerConfigKeys: raft.server.log.statemachine.data.read.timeout = 1000ms (default)
datanode_2  | 2023-02-03 02:27:45,439 [pool-22-thread-1] INFO server.RaftServerConfigKeys: raft.server.storage.dir = [/data/metadata/ratis] (custom)
datanode_1  | 2023-02-03 02:27:24,687 [EndpointStateMachine task thread for scm/172.21.0.2:9861 - 0 ] INFO ipc.Client: Retrying connect to server: scm/172.21.0.2:9861. Already tried 11 time(s); retry policy is RetryUpToMaximumCountWithFixedSleep(maxRetries=15, sleepTime=1000 MILLISECONDS)
datanode_1  | 2023-02-03 02:27:25,688 [EndpointStateMachine task thread for scm/172.21.0.2:9861 - 0 ] INFO ipc.Client: Retrying connect to server: scm/172.21.0.2:9861. Already tried 12 time(s); retry policy is RetryUpToMaximumCountWithFixedSleep(maxRetries=15, sleepTime=1000 MILLISECONDS)
datanode_3  | 2023-02-03 02:27:43,726 [pool-22-thread-1] INFO server.RaftServerConfigKeys: raft.server.storage.free-space.min = 0MB (=0) (default)
nm_1        | 2023-02-03 02:30:37 INFO  ContainerLaunch:687 - Container container_1675391228271_0001_01_000005 succeeded 
nm_1        | 2023-02-03 02:30:37 INFO  ContainerImpl:2188 - Container container_1675391228271_0001_01_000005 transitioned from RUNNING to EXITED_WITH_SUCCESS
datanode_1  | 2023-02-03 02:27:26,689 [EndpointStateMachine task thread for scm/172.21.0.2:9861 - 0 ] INFO ipc.Client: Retrying connect to server: scm/172.21.0.2:9861. Already tried 13 time(s); retry policy is RetryUpToMaximumCountWithFixedSleep(maxRetries=15, sleepTime=1000 MILLISECONDS)
datanode_1  | 2023-02-03 02:27:31,743 [EndpointStateMachine task thread for scm/172.21.0.2:9861 - 0 ] WARN statemachine.EndpointStateMachine: Unable to communicate to SCM server at scm:9861 for past 0 seconds.
datanode_3  | 2023-02-03 02:27:43,727 [pool-22-thread-1] INFO server.RaftServerConfigKeys: raft.server.notification.no-leader.timeout = 300s (custom)
nm_1        | 2023-02-03 02:30:37 INFO  NMAuditLogger:94 - USER=hadoop	OPERATION=Container Finished - Succeeded	TARGET=ContainerImpl	RESULT=SUCCESS	APPID=application_1675391228271_0001	CONTAINERID=container_1675391228271_0001_01_000005
nm_1        | 2023-02-03 02:30:37 INFO  ContainerCleanup:89 - Cleaning up container container_1675391228271_0001_01_000005
datanode_1  | java.net.SocketTimeoutException: Call From 9be169a68ae6/172.21.0.5 to scm:9861 failed on socket timeout exception: java.net.SocketTimeoutException: 5000 millis timeout while waiting for channel to be ready for read. ch : java.nio.channels.SocketChannel[connected local=/172.21.0.5:55510 remote=scm/172.21.0.2:9861]; For more details see:  http://wiki.apache.org/hadoop/SocketTimeout
datanode_1  | 	at java.base/jdk.internal.reflect.NativeConstructorAccessorImpl.newInstance0(Native Method)
datanode_3  | 2023-02-03 02:27:43,727 [pool-22-thread-1] INFO server.RaftServerConfigKeys: raft.server.retrycache.expirytime = 600000ms (custom)
scm_1       | 2023-02-03 02:27:04,250 [e4292b43-f9a1-4321-a0dc-b75ad1daac8f-impl-thread1] INFO server.RaftServerConfigKeys: raft.server.log.purge.preservation.log.num = 0 (default)
scm_1       | 2023-02-03 02:27:04,256 [e4292b43-f9a1-4321-a0dc-b75ad1daac8f-impl-thread1] INFO server.RaftServerConfigKeys: raft.server.log.segment.size.max = 4194304 (custom)
nm_1        | 2023-02-03 02:30:37 INFO  ContainerImpl:2188 - Container container_1675391228271_0001_01_000005 transitioned from EXITED_WITH_SUCCESS to DONE
nm_1        | 2023-02-03 02:30:37 INFO  ApplicationImpl:512 - Removing container_1675391228271_0001_01_000005 from application application_1675391228271_0001
datanode_3  | 2023-02-03 02:27:43,727 [pool-22-thread-1] INFO server.RaftServerConfigKeys: raft.server.retrycache.statistics.expirytime = 100?s (default)
scm_1       | 2023-02-03 02:27:04,306 [e4292b43-f9a1-4321-a0dc-b75ad1daac8f-impl-thread1] INFO server.RaftServerConfigKeys: raft.server.log.segment.cache.num.max = 2 (custom)
scm_1       | 2023-02-03 02:27:04,337 [e4292b43-f9a1-4321-a0dc-b75ad1daac8f-impl-thread1] INFO server.RaftServerConfigKeys: raft.server.log.segment.cache.size.max = 200MB (=209715200) (default)
nm_1        | 2023-02-03 02:30:37 INFO  ContainersMonitorImpl:1103 - Stopping resource-monitoring for container_1675391228271_0001_01_000005
nm_1        | 2023-02-03 02:30:37 INFO  AuxServices:850 - Got event CONTAINER_STOP for appId application_1675391228271_0001
datanode_3  | 2023-02-03 02:27:43,728 [pool-22-thread-1] INFO server.RaftServerConfigKeys: raft.server.log.appender.install.snapshot.enabled = false (custom)
scm_1       | 2023-02-03 02:27:04,447 [e4292b43-f9a1-4321-a0dc-b75ad1daac8f-impl-thread1] INFO segmented.SegmentedRaftLogWorker: new e4292b43-f9a1-4321-a0dc-b75ad1daac8f@group-7C369B1DDDF5-SegmentedRaftLogWorker for RaftStorageImpl:Storage Directory /data/metadata/scm-ha/af9975cc-de8b-4fc8-aa6a-7c369b1dddf5
scm_1       | 2023-02-03 02:27:04,463 [e4292b43-f9a1-4321-a0dc-b75ad1daac8f-impl-thread1] INFO server.RaftServerConfigKeys: raft.server.log.queue.byte-limit = 64MB (=67108864) (default)
datanode_2  | 2023-02-03 02:27:45,439 [pool-22-thread-1] INFO server.RaftServerConfigKeys: raft.server.log.corruption.policy = EXCEPTION (default)
nm_1        | 2023-02-03 02:30:38 INFO  DefaultContainerExecutor:647 - Deleting absolute path : /tmp/hadoop-hadoop/nm-local-dir/usercache/hadoop/appcache/application_1675391228271_0001/container_1675391228271_0001_01_000005/launch_container.sh
om_1        | 2023-02-03 02:27:59,244 [Listener at om/9862] INFO handler.ContextHandler: Started o.e.j.w.WebAppContext@2cf846b9{ozoneManager,/,file:///tmp/jetty-0_0_0_0-9874-ozone-manager-1_4_0-SNAPSHOT_jar-_-any-9042393561823890080/webapp/,AVAILABLE}{jar:file:/opt/hadoop/share/ozone/lib/ozone-manager-1.4.0-SNAPSHOT.jar!/webapps/ozoneManager}
om_1        | 2023-02-03 02:27:59,267 [Listener at om/9862] INFO server.AbstractConnector: Started ServerConnector@44535df8{HTTP/1.1, (http/1.1)}{0.0.0.0:9874}
datanode_3  | 2023-02-03 02:27:43,728 [pool-22-thread-1] INFO server.RaftServerConfigKeys: raft.server.threadpool.server.cached = true (default)
datanode_2  | 2023-02-03 02:27:45,439 [pool-22-thread-1] INFO server.RaftServerConfigKeys: raft.server.storage.free-space.min = 0MB (=0) (default)
datanode_2  | 2023-02-03 02:27:45,440 [pool-22-thread-1] INFO server.RaftServerConfigKeys: raft.server.notification.no-leader.timeout = 300s (custom)
om_1        | 2023-02-03 02:27:59,267 [Listener at om/9862] INFO server.Server: Started @23388ms
om_1        | 2023-02-03 02:27:59,273 [Listener at om/9862] INFO impl.MetricsSinkAdapter: Sink prometheus started
datanode_3  | 2023-02-03 02:27:43,728 [pool-22-thread-1] INFO server.RaftServerConfigKeys: raft.server.threadpool.server.size = 0 (default)
datanode_2  | 2023-02-03 02:27:45,445 [pool-22-thread-1] INFO server.RaftServerConfigKeys: raft.server.retrycache.expirytime = 600000ms (custom)
datanode_2  | 2023-02-03 02:27:45,460 [pool-22-thread-1] INFO server.RaftServerConfigKeys: raft.server.retrycache.statistics.expirytime = 100?s (default)
om_1        | 2023-02-03 02:27:59,273 [Listener at om/9862] INFO impl.MetricsSystemImpl: Registered sink prometheus
om_1        | 2023-02-03 02:27:59,298 [Listener at om/9862] INFO http.BaseHttpServer: HTTP server of ozoneManager listening at http://0.0.0.0:9874
datanode_3  | 2023-02-03 02:27:43,728 [pool-22-thread-1] INFO server.RaftServerConfigKeys: raft.server.threadpool.client.cached = true (default)
datanode_2  | 2023-02-03 02:27:45,474 [pool-22-thread-1] INFO server.RaftServerConfigKeys: raft.server.log.appender.install.snapshot.enabled = false (custom)
nm_1        | 2023-02-03 02:30:38 INFO  DefaultContainerExecutor:647 - Deleting absolute path : /tmp/hadoop-hadoop/nm-local-dir/usercache/hadoop/appcache/application_1675391228271_0001/container_1675391228271_0001_01_000005/container_tokens
om_1        | 2023-02-03 02:27:59,299 [IPC Server Responder] INFO ipc.Server: IPC Server Responder: starting
om_1        | 2023-02-03 02:27:59,306 [IPC Server listener on 9862] INFO ipc.Server: IPC Server listener on 9862: starting
datanode_3  | 2023-02-03 02:27:43,728 [pool-22-thread-1] INFO server.RaftServerConfigKeys: raft.server.threadpool.client.size = 0 (default)
datanode_2  | 2023-02-03 02:27:45,474 [pool-22-thread-1] INFO server.RaftServerConfigKeys: raft.server.threadpool.server.cached = true (default)
datanode_2  | 2023-02-03 02:27:45,474 [pool-22-thread-1] INFO server.RaftServerConfigKeys: raft.server.threadpool.server.size = 0 (default)
om_1        | 2023-02-03 02:27:59,398 [Listener at om/9862] INFO om.OzoneManager: Trash Interval set to 0. Files deleted won't move to trash
om_1        | 2023-02-03 02:27:59,550 [org.apache.hadoop.util.JvmPauseMonitor$Monitor@643ee419] INFO util.JvmPauseMonitor: Starting JVM pause monitor
om_1        | 2023-02-03 02:28:03,027 [om1@group-C5BA1605619E-FollowerState] INFO impl.FollowerState: om1@group-C5BA1605619E-FollowerState: change to CANDIDATE, lastRpcElapsedTime:5171662052ns, electionTimeout:5156ms
om_1        | 2023-02-03 02:28:03,029 [om1@group-C5BA1605619E-FollowerState] INFO impl.RoleInfo: om1: shutdown om1@group-C5BA1605619E-FollowerState
datanode_2  | 2023-02-03 02:27:45,475 [pool-22-thread-1] INFO server.RaftServerConfigKeys: raft.server.threadpool.client.cached = true (default)
datanode_2  | 2023-02-03 02:27:45,476 [pool-22-thread-1] INFO server.RaftServerConfigKeys: raft.server.threadpool.client.size = 0 (default)
nm_1        | 2023-02-03 02:30:38 INFO  DefaultContainerExecutor:647 - Deleting absolute path : /tmp/hadoop-hadoop/nm-local-dir/usercache/hadoop/appcache/application_1675391228271_0001/container_1675391228271_0001_01_000005/sysfs
nm_1        | 2023-02-03 02:30:38 WARN  DefaultContainerExecutor:650 - delete returned false for path: [/tmp/hadoop-hadoop/nm-local-dir/usercache/hadoop/appcache/application_1675391228271_0001/container_1675391228271_0001_01_000005/sysfs]
nm_1        | 2023-02-03 02:30:38 INFO  Server:2061 - Auth successful for appattempt_1675391228271_0001_000001 (auth:SIMPLE) from 172.21.0.8:42576
nm_1        | 2023-02-03 02:30:38 INFO  ContainerManagerImpl:1429 - Stopping container with container Id: container_1675391228271_0001_01_000005
nm_1        | 2023-02-03 02:30:38 INFO  NMAuditLogger:94 - USER=appattempt_1675391228271_0001_000001	IP=172.21.0.8	OPERATION=Stop Container Request	TARGET=ContainerManageImpl	RESULT=SUCCESS	APPID=application_1675391228271_0001	CONTAINERID=container_1675391228271_0001_01_000005
scm_1       | 2023-02-03 02:27:04,463 [e4292b43-f9a1-4321-a0dc-b75ad1daac8f-impl-thread1] INFO server.RaftServerConfigKeys: raft.server.log.queue.element-limit = 4096 (default)
datanode_2  | 2023-02-03 02:27:45,476 [pool-22-thread-1] INFO storage.RaftStorageDirectory: The storage directory /data/metadata/ratis/9c395bf7-5efc-4701-848d-9fb9ef172a42 does not exist. Creating ...
rm_1        | 2023-02-03 02:26:49 INFO  CapacitySchedulerQueueManager:167 - Initialized root queue root: numChildQueue= 1, capacity=1.0, absoluteCapacity=1.0, usedResources=<memory:0, vCores:0>usedCapacity=0.0, numApps=0, numContainers=0
rm_1        | 2023-02-03 02:26:49 INFO  UserGroupMappingPlacementRule:376 - Initialized queue mappings, override: false
rm_1        | 2023-02-03 02:26:49 INFO  WorkflowPriorityMappingsManager:107 - Initialized workflow priority mappings, override: false
nm_1        | 2023-02-03 02:30:45 INFO  ContainerLaunch:687 - Container container_1675391228271_0001_01_000001 succeeded 
nm_1        | 2023-02-03 02:30:45 INFO  ContainerImpl:2188 - Container container_1675391228271_0001_01_000001 transitioned from RUNNING to EXITED_WITH_SUCCESS
datanode_2  | 2023-02-03 02:27:45,490 [pool-22-thread-1] INFO storage.RaftStorageDirectory: Lock on /data/metadata/ratis/9c395bf7-5efc-4701-848d-9fb9ef172a42/in_use.lock acquired by nodename 6@21a7385b017f
rm_1        | 2023-02-03 02:26:49 INFO  MultiNodeSortingManager:104 - MultiNode scheduling is 'false', and configured policies are 
rm_1        | 2023-02-03 02:26:49 INFO  CapacityScheduler:388 - Initialized CapacityScheduler with calculator=class org.apache.hadoop.yarn.util.resource.DefaultResourceCalculator, minimumAllocation=<<memory:1024, vCores:1>>, maximumAllocation=<<memory:8192, vCores:4>>, asynchronousScheduling=false, asyncScheduleInterval=5ms,multiNodePlacementEnabled=false
rm_1        | 2023-02-03 02:26:49 INFO  Configuration:2824 - dynamic-resources.xml not found
nm_1        | 2023-02-03 02:30:45 INFO  ContainerCleanup:89 - Cleaning up container container_1675391228271_0001_01_000001
nm_1        | 2023-02-03 02:30:45 INFO  NMAuditLogger:94 - USER=hadoop	OPERATION=Container Finished - Succeeded	TARGET=ContainerImpl	RESULT=SUCCESS	APPID=application_1675391228271_0001	CONTAINERID=container_1675391228271_0001_01_000001
datanode_2  | 2023-02-03 02:27:45,494 [pool-22-thread-1] INFO storage.RaftStorage: Storage directory /data/metadata/ratis/9c395bf7-5efc-4701-848d-9fb9ef172a42 has been successfully formatted.
rm_1        | 2023-02-03 02:26:49 INFO  AMSProcessingChain:63 - Initializing AMS Processing chain. Root Processor=[org.apache.hadoop.yarn.server.resourcemanager.DefaultAMSProcessor].
rm_1        | 2023-02-03 02:26:49 INFO  ApplicationMasterService:133 - disabled placement handler will be used, all scheduling requests will be rejected.
rm_1        | 2023-02-03 02:26:49 INFO  AMSProcessingChain:76 - Adding [org.apache.hadoop.yarn.server.resourcemanager.scheduler.constraint.processor.DisabledPlacementProcessor] tp top of AMS Processing chain. 
nm_1        | 2023-02-03 02:30:45 INFO  ContainerImpl:2188 - Container container_1675391228271_0001_01_000001 transitioned from EXITED_WITH_SUCCESS to DONE
nm_1        | 2023-02-03 02:30:45 INFO  ApplicationImpl:512 - Removing container_1675391228271_0001_01_000001 from application application_1675391228271_0001
datanode_2  | 2023-02-03 02:27:45,495 [pool-22-thread-1] INFO ratis.ContainerStateMachine: group-9FB9EF172A42: The snapshot info is null. Setting the last applied indexto:(t:0, i:~)
rm_1        | 2023-02-03 02:26:49 INFO  ResourceManager:625 - TimelineServicePublisher is not configured
rm_1        | 2023-02-03 02:26:50 INFO  log:169 - Logging initialized @12758ms to org.eclipse.jetty.util.log.Slf4jLog
rm_1        | 2023-02-03 02:26:50 INFO  AuthenticationFilter:240 - Unable to initialize FileSignerSecretProvider, falling back to use random secrets.
nm_1        | 2023-02-03 02:30:45 INFO  ContainersMonitorImpl:1103 - Stopping resource-monitoring for container_1675391228271_0001_01_000001
nm_1        | 2023-02-03 02:30:45 INFO  AuxServices:850 - Got event CONTAINER_STOP for appId application_1675391228271_0001
datanode_2  | 2023-02-03 02:27:45,495 [pool-22-thread-1] INFO server.RaftServerConfigKeys: raft.server.log.use.memory = false (default)
datanode_1  | 	at java.base/jdk.internal.reflect.NativeConstructorAccessorImpl.newInstance(NativeConstructorAccessorImpl.java:62)
datanode_1  | 	at java.base/jdk.internal.reflect.DelegatingConstructorAccessorImpl.newInstance(DelegatingConstructorAccessorImpl.java:45)
datanode_1  | 	at java.base/java.lang.reflect.Constructor.newInstance(Constructor.java:490)
nm_1        | 2023-02-03 02:30:45 INFO  DefaultContainerExecutor:647 - Deleting absolute path : /tmp/hadoop-hadoop/nm-local-dir/usercache/hadoop/appcache/application_1675391228271_0001/container_1675391228271_0001_01_000001/launch_container.sh
nm_1        | 2023-02-03 02:30:45 INFO  DefaultContainerExecutor:647 - Deleting absolute path : /tmp/hadoop-hadoop/nm-local-dir/usercache/hadoop/appcache/application_1675391228271_0001/container_1675391228271_0001_01_000001/container_tokens
datanode_2  | 2023-02-03 02:27:45,495 [pool-22-thread-1] INFO server.RaftServerConfigKeys: raft.server.log.purge.gap = 1000000 (custom)
datanode_1  | 	at org.apache.hadoop.net.NetUtils.wrapWithMessage(NetUtils.java:913)
datanode_1  | 	at org.apache.hadoop.net.NetUtils.wrapException(NetUtils.java:848)
datanode_1  | 	at org.apache.hadoop.ipc.Client.getRpcResponse(Client.java:1616)
nm_1        | 2023-02-03 02:30:45 INFO  DefaultContainerExecutor:647 - Deleting absolute path : /tmp/hadoop-hadoop/nm-local-dir/usercache/hadoop/appcache/application_1675391228271_0001/container_1675391228271_0001_01_000001/sysfs
datanode_3  | 2023-02-03 02:27:43,728 [pool-22-thread-1] INFO storage.RaftStorageDirectory: The storage directory /data/metadata/ratis/9c395bf7-5efc-4701-848d-9fb9ef172a42 does not exist. Creating ...
datanode_2  | 2023-02-03 02:27:45,495 [pool-22-thread-1] INFO server.RaftServerConfigKeys: raft.server.log.appender.buffer.byte-limit = 33554432 (custom)
datanode_1  | 	at org.apache.hadoop.ipc.Client.call(Client.java:1558)
datanode_1  | 	at org.apache.hadoop.ipc.Client.call(Client.java:1455)
