kdc_1       | Jan 09 03:24:45 kdc krb5kdc[7](info): TGS_REQ (6 etypes {aes256-cts-hmac-sha1-96(18), aes128-cts-hmac-sha1-96(17), aes256-cts-hmac-sha384-192(20), aes128-cts-hmac-sha256-128(19), DEPRECATED:des3-cbc-sha1(16), DEPRECATED:arcfour-hmac(23)}) 172.18.0.6: ISSUE: authtime 1673234667, etypes {rep=aes256-cts-hmac-sha1-96(18), tkt=aes256-cts-hmac-sha1-96(18), ses=aes256-cts-hmac-sha1-96(18)}, testuser/scm@EXAMPLE.COM for om/om@EXAMPLE.COM
scm_1       | 2023-01-09 03:04:28,086 [main] INFO server.GrpcService: fdf4c260-b5ae-4ffe-ba0e-da516744be60: GrpcService started, listening on 9894
datanode_3  | 2023-01-09 03:05:23,039 [EndpointStateMachine task thread for scm/172.18.0.6:9861 - 0 ] INFO ozoneimpl.OzoneContainer: Scheduled background container scanners and the on-demand container scanner have been disabled.
om_1        | 0090: AF 0E 46 63 A7 E2 23 6C   13 C9 E7 AB 2A 4C 7B 87  ..Fc..#l....*L..
om_1        | 00A0: 1F 48 73 35 64 C8 08 24   18 38 F7 49 DE 7C 8A 8B  .Hs5d..$.8.I....
recon_1     | 00D0: 57 E2 BE A5 9C 29 CF 84   85 B3 6A DC 7E 6F 6E 45  W....)....j..onE
datanode_1  | 2023-01-09 03:04:55,464 [main] WARN server.ServerUtils: Storage directory for Ratis is not configured. It is a good idea to map this to an SSD disk. Falling back to ozone.metadata.dirs
kdc_1       | Jan 09 03:24:51 kdc krb5kdc[7](info): TGS_REQ (6 etypes {aes256-cts-hmac-sha1-96(18), aes128-cts-hmac-sha1-96(17), aes256-cts-hmac-sha384-192(20), aes128-cts-hmac-sha256-128(19), DEPRECATED:des3-cbc-sha1(16), DEPRECATED:arcfour-hmac(23)}) 172.18.0.6: ISSUE: authtime 1673234667, etypes {rep=aes256-cts-hmac-sha1-96(18), tkt=aes256-cts-hmac-sha1-96(18), ses=aes256-cts-hmac-sha1-96(18)}, testuser/scm@EXAMPLE.COM for om/om@EXAMPLE.COM
scm_1       | 2023-01-09 03:04:28,090 [JvmPauseMonitor0] INFO util.JvmPauseMonitor: JvmPauseMonitor-fdf4c260-b5ae-4ffe-ba0e-da516744be60: Started
scm_1       | 2023-01-09 03:04:33,103 [fdf4c260-b5ae-4ffe-ba0e-da516744be60@group-499FA78F71EA-FollowerState] INFO impl.FollowerState: fdf4c260-b5ae-4ffe-ba0e-da516744be60@group-499FA78F71EA-FollowerState: change to CANDIDATE, lastRpcElapsedTime:5051731461ns, electionTimeout:5027ms
om_1        | 00B0: F6 45 BC F5 3F ED 1F FB   E3 82 33 10 B5 CA B5 B5  .E..?.....3.....
om_1        | 00C0: 32 F2 EC 4C 15 4E 40 C1   E9 30 8D DD B6 5D E0 76  2..L.N@..0...].v
recon_1     | 00E0: 5E 2F 6F 76 A7 E3 3A 00   CC 7E 59 7D 23 5E B8 75  ^/ov..:...Y.#^.u
datanode_1  | 2023-01-09 03:04:55,472 [main] INFO fs.SaveSpaceUsageToFile: Cached usage info file /data/metadata/ratis/scmUsed not found
kdc_1       | Jan 09 03:24:58 kdc krb5kdc[7](info): TGS_REQ (6 etypes {aes256-cts-hmac-sha1-96(18), aes128-cts-hmac-sha1-96(17), aes256-cts-hmac-sha384-192(20), aes128-cts-hmac-sha256-128(19), DEPRECATED:des3-cbc-sha1(16), DEPRECATED:arcfour-hmac(23)}) 172.18.0.6: ISSUE: authtime 1673234667, etypes {rep=aes256-cts-hmac-sha1-96(18), tkt=aes256-cts-hmac-sha1-96(18), ses=aes256-cts-hmac-sha1-96(18)}, testuser/scm@EXAMPLE.COM for om/om@EXAMPLE.COM
scm_1       | 2023-01-09 03:04:33,105 [fdf4c260-b5ae-4ffe-ba0e-da516744be60@group-499FA78F71EA-FollowerState] INFO impl.RoleInfo: fdf4c260-b5ae-4ffe-ba0e-da516744be60: shutdown fdf4c260-b5ae-4ffe-ba0e-da516744be60@group-499FA78F71EA-FollowerState
datanode_2  | 	at java.base/java.util.concurrent.Executors$RunnableAdapter.call(Executors.java:515)
om_1        | 00D0: 57 E2 BE A5 9C 29 CF 84   85 B3 6A DC 7E 6F 6E 45  W....)....j..onE
datanode_3  | 2023-01-09 03:05:23,198 [EndpointStateMachine task thread for scm/172.18.0.6:9861 - 0 ] INFO replication.ReplicationServer: ReplicationServer is started using port 9886
datanode_3  | 2023-01-09 03:05:23,213 [EndpointStateMachine task thread for scm/172.18.0.6:9861 - 0 ] INFO ratis.XceiverServerRatis: Starting XceiverServerRatis 33a0086c-203e-47eb-abc4-fbc16710e25d
recon_1     | 00F0: A6 41 34 DF 37 C4 13 2C   CE DD 04 FC 2C 81 32 43  .A4.7..,....,.2C
kdc_1       | Jan 09 03:25:05 kdc krb5kdc[7](info): TGS_REQ (6 etypes {aes256-cts-hmac-sha1-96(18), aes128-cts-hmac-sha1-96(17), aes256-cts-hmac-sha384-192(20), aes128-cts-hmac-sha256-128(19), DEPRECATED:des3-cbc-sha1(16), DEPRECATED:arcfour-hmac(23)}) 172.18.0.6: ISSUE: authtime 1673234667, etypes {rep=aes256-cts-hmac-sha1-96(18), tkt=aes256-cts-hmac-sha1-96(18), ses=aes256-cts-hmac-sha1-96(18)}, testuser/scm@EXAMPLE.COM for om/om@EXAMPLE.COM
scm_1       | 2023-01-09 03:04:33,105 [fdf4c260-b5ae-4ffe-ba0e-da516744be60@group-499FA78F71EA-FollowerState] INFO server.RaftServer$Division: fdf4c260-b5ae-4ffe-ba0e-da516744be60@group-499FA78F71EA: changes role from  FOLLOWER to CANDIDATE at term 0 for changeToCandidate
scm_1       | 2023-01-09 03:04:33,109 [fdf4c260-b5ae-4ffe-ba0e-da516744be60@group-499FA78F71EA-FollowerState] INFO server.RaftServerConfigKeys: raft.server.leaderelection.pre-vote = false (custom)
om_1        | 00E0: 5E 2F 6F 76 A7 E3 3A 00   CC 7E 59 7D 23 5E B8 75  ^/ov..:...Y.#^.u
datanode_1  | 2023-01-09 03:04:55,484 [main] INFO volume.MutableVolumeSet: Added Volume : /data/metadata/ratis to VolumeSet
datanode_3  | 2023-01-09 03:05:23,527 [EndpointStateMachine task thread for scm/172.18.0.6:9861 - 0 ] INFO server.RaftServer: 33a0086c-203e-47eb-abc4-fbc16710e25d: start RPC server
recon_1     | 
kdc_1       | Jan 09 03:25:12 kdc krb5kdc[7](info): TGS_REQ (6 etypes {aes256-cts-hmac-sha1-96(18), aes128-cts-hmac-sha1-96(17), aes256-cts-hmac-sha384-192(20), aes128-cts-hmac-sha256-128(19), DEPRECATED:des3-cbc-sha1(16), DEPRECATED:arcfour-hmac(23)}) 172.18.0.6: ISSUE: authtime 1673234667, etypes {rep=aes256-cts-hmac-sha1-96(18), tkt=aes256-cts-hmac-sha1-96(18), ses=aes256-cts-hmac-sha1-96(18)}, testuser/scm@EXAMPLE.COM for om/om@EXAMPLE.COM
scm_1       | 2023-01-09 03:04:33,110 [fdf4c260-b5ae-4ffe-ba0e-da516744be60@group-499FA78F71EA-FollowerState] INFO impl.RoleInfo: fdf4c260-b5ae-4ffe-ba0e-da516744be60: start fdf4c260-b5ae-4ffe-ba0e-da516744be60@group-499FA78F71EA-LeaderElection1
datanode_2  | 	at java.base/java.util.concurrent.FutureTask.run(FutureTask.java:264)
datanode_2  | 	at java.base/java.util.concurrent.ThreadPoolExecutor.runWorker(ThreadPoolExecutor.java:1128)
om_1        | 00F0: A6 41 34 DF 37 C4 13 2C   CE DD 04 FC 2C 81 32 43  .A4.7..,....,.2C
datanode_1  | 2023-01-09 03:04:55,484 [main] INFO volume.ThrottledAsyncChecker: Scheduling a check for /data/metadata/ratis
datanode_3  | 2023-01-09 03:05:23,603 [EndpointStateMachine task thread for scm/172.18.0.6:9861 - 0 ] INFO server.GrpcService: 33a0086c-203e-47eb-abc4-fbc16710e25d: GrpcService started, listening on 9858
recon_1     | ] from file:/data/metadata/recon/certs/CA-416834137476.crt.
kdc_1       | Jan 09 03:25:18 kdc krb5kdc[7](info): TGS_REQ (6 etypes {aes256-cts-hmac-sha1-96(18), aes128-cts-hmac-sha1-96(17), aes256-cts-hmac-sha384-192(20), aes128-cts-hmac-sha256-128(19), DEPRECATED:des3-cbc-sha1(16), DEPRECATED:arcfour-hmac(23)}) 172.18.0.6: ISSUE: authtime 1673234667, etypes {rep=aes256-cts-hmac-sha1-96(18), tkt=aes256-cts-hmac-sha1-96(18), ses=aes256-cts-hmac-sha1-96(18)}, testuser/scm@EXAMPLE.COM for om/om@EXAMPLE.COM
scm_1       | 2023-01-09 03:04:33,114 [fdf4c260-b5ae-4ffe-ba0e-da516744be60@group-499FA78F71EA-LeaderElection1] INFO impl.LeaderElection: fdf4c260-b5ae-4ffe-ba0e-da516744be60@group-499FA78F71EA-LeaderElection1 ELECTION round 0: submit vote requests at term 1 for -1: peers:[fdf4c260-b5ae-4ffe-ba0e-da516744be60|rpc:scm:9894|priority:0|startupRole:FOLLOWER]|listeners:[], old=null
datanode_2  | 	at java.base/java.util.concurrent.ThreadPoolExecutor$Worker.run(ThreadPoolExecutor.java:628)
om_1        | 
datanode_1  | 2023-01-09 03:04:55,489 [main] INFO volume.StorageVolumeChecker: Scheduled health check for volume /data/metadata/ratis
datanode_3  | 2023-01-09 03:05:23,633 [EndpointStateMachine task thread for scm/172.18.0.6:9861 - 0 ] INFO server.GrpcService: 33a0086c-203e-47eb-abc4-fbc16710e25d: GrpcService started, listening on 9856
recon_1     | 2023-01-09 03:04:51,976 [main] INFO client.ReconCertificateClient: Added certificate [
kdc_1       | Jan 09 03:25:19 kdc krb5kdc[7](info): AS_REQ (8 etypes {aes256-cts-hmac-sha1-96(18), aes128-cts-hmac-sha1-96(17), aes256-cts-hmac-sha384-192(20), aes128-cts-hmac-sha256-128(19), DEPRECATED:des3-cbc-sha1(16), DEPRECATED:arcfour-hmac(23), camellia128-cts-cmac(25), camellia256-cts-cmac(26)}) 172.18.0.6: ISSUE: authtime 1673234719, etypes {rep=aes256-cts-hmac-sha1-96(18), tkt=aes256-cts-hmac-sha1-96(18), ses=aes256-cts-hmac-sha1-96(18)}, testuser/scm@EXAMPLE.COM for krbtgt/EXAMPLE.COM@EXAMPLE.COM
scm_1       | 2023-01-09 03:04:33,117 [fdf4c260-b5ae-4ffe-ba0e-da516744be60@group-499FA78F71EA-LeaderElection1] INFO impl.LeaderElection: fdf4c260-b5ae-4ffe-ba0e-da516744be60@group-499FA78F71EA-LeaderElection1 ELECTION round 0: result PASSED (term=1)
datanode_2  | 	... 1 more
om_1        | ] from file:/data/metadata/om/certs/CA-416834137476.crt.
datanode_3  | 2023-01-09 03:05:23,653 [EndpointStateMachine task thread for scm/172.18.0.6:9861 - 0 ] INFO server.GrpcService: 33a0086c-203e-47eb-abc4-fbc16710e25d: GrpcService started, listening on 9857
recon_1     | [
kdc_1       | Jan 09 03:25:25 kdc krb5kdc[7](info): TGS_REQ (6 etypes {aes256-cts-hmac-sha1-96(18), aes128-cts-hmac-sha1-96(17), aes256-cts-hmac-sha384-192(20), aes128-cts-hmac-sha256-128(19), DEPRECATED:des3-cbc-sha1(16), DEPRECATED:arcfour-hmac(23)}) 172.18.0.6: ISSUE: authtime 1673234719, etypes {rep=aes256-cts-hmac-sha1-96(18), tkt=aes256-cts-hmac-sha1-96(18), ses=aes256-cts-hmac-sha1-96(18)}, testuser/scm@EXAMPLE.COM for om/om@EXAMPLE.COM
scm_1       | 2023-01-09 03:04:33,117 [fdf4c260-b5ae-4ffe-ba0e-da516744be60@group-499FA78F71EA-LeaderElection1] INFO impl.RoleInfo: fdf4c260-b5ae-4ffe-ba0e-da516744be60: shutdown fdf4c260-b5ae-4ffe-ba0e-da516744be60@group-499FA78F71EA-LeaderElection1
datanode_2  | 2023-01-09 03:05:28,930 [Datanode State Machine Daemon Thread] ERROR datanode.RunningDatanodeState: Error in executing end point task.
datanode_1  | 2023-01-09 03:04:55,755 [Thread-20] INFO ozoneimpl.ContainerReader: Finish verifying containers on volume /data/hdds/hdds
datanode_1  | 2023-01-09 03:04:55,768 [main] INFO ozoneimpl.OzoneContainer: Build ContainerSet costs 0s
datanode_1  | 2023-01-09 03:05:02,031 [main] INFO audit.AuditLogger: Refresh DebugCmdSet for DNAudit to [].
datanode_3  | 2023-01-09 03:05:23,673 [EndpointStateMachine task thread for recon/172.18.0.3:9891 - 0 ] INFO ipc.Client: Retrying connect to server: recon/172.18.0.3:9891. Already tried 1 time(s); retry policy is RetryUpToMaximumCountWithFixedSleep(maxRetries=15, sleepTime=1000 MILLISECONDS)
recon_1     |   Version: V3
kdc_1       | Jan 09 03:25:32 kdc krb5kdc[7](info): TGS_REQ (6 etypes {aes256-cts-hmac-sha1-96(18), aes128-cts-hmac-sha1-96(17), aes256-cts-hmac-sha384-192(20), aes128-cts-hmac-sha256-128(19), DEPRECATED:des3-cbc-sha1(16), DEPRECATED:arcfour-hmac(23)}) 172.18.0.6: ISSUE: authtime 1673234719, etypes {rep=aes256-cts-hmac-sha1-96(18), tkt=aes256-cts-hmac-sha1-96(18), ses=aes256-cts-hmac-sha1-96(18)}, testuser/scm@EXAMPLE.COM for om/om@EXAMPLE.COM
scm_1       | 2023-01-09 03:04:33,118 [fdf4c260-b5ae-4ffe-ba0e-da516744be60@group-499FA78F71EA-LeaderElection1] INFO server.RaftServer$Division: fdf4c260-b5ae-4ffe-ba0e-da516744be60@group-499FA78F71EA: changes role from CANDIDATE to LEADER at term 1 for changeToLeader
datanode_2  | java.util.concurrent.ExecutionException: java.util.concurrent.TimeoutException
datanode_1  | 2023-01-09 03:05:02,524 [main] INFO netty.NettyConfigKeys$DataStream: setTlsConf GrpcTlsConfig0-
datanode_1  | 2023-01-09 03:05:02,568 [main] INFO netty.NettyConfigKeys$DataStream: setTlsConf GrpcTlsConfig1-
datanode_1  | 2023-01-09 03:05:02,905 [main] WARN server.ServerUtils: Storage directory for Ratis is not configured. It is a good idea to map this to an SSD disk. Falling back to ozone.metadata.dirs
datanode_3  | 2023-01-09 03:05:23,679 [EndpointStateMachine task thread for scm/172.18.0.6:9861 - 0 ] INFO ratis.XceiverServerRatis: XceiverServerRatis 33a0086c-203e-47eb-abc4-fbc16710e25d is started using port 9858 for RATIS
recon_1     |   Subject: O=CID-cc0f68d3-0234-429a-96f1-499fa78f71ea, OU=fdf4c260-b5ae-4ffe-ba0e-da516744be60, CN=scm@scm
kdc_1       | Jan 09 03:25:39 kdc krb5kdc[7](info): TGS_REQ (6 etypes {aes256-cts-hmac-sha1-96(18), aes128-cts-hmac-sha1-96(17), aes256-cts-hmac-sha384-192(20), aes128-cts-hmac-sha256-128(19), DEPRECATED:des3-cbc-sha1(16), DEPRECATED:arcfour-hmac(23)}) 172.18.0.6: ISSUE: authtime 1673234719, etypes {rep=aes256-cts-hmac-sha1-96(18), tkt=aes256-cts-hmac-sha1-96(18), ses=aes256-cts-hmac-sha1-96(18)}, testuser/scm@EXAMPLE.COM for om/om@EXAMPLE.COM
kdc_1       | Jan 09 03:25:45 kdc krb5kdc[7](info): TGS_REQ (6 etypes {aes256-cts-hmac-sha1-96(18), aes128-cts-hmac-sha1-96(17), aes256-cts-hmac-sha384-192(20), aes128-cts-hmac-sha256-128(19), DEPRECATED:des3-cbc-sha1(16), DEPRECATED:arcfour-hmac(23)}) 172.18.0.6: ISSUE: authtime 1673234719, etypes {rep=aes256-cts-hmac-sha1-96(18), tkt=aes256-cts-hmac-sha1-96(18), ses=aes256-cts-hmac-sha1-96(18)}, testuser/scm@EXAMPLE.COM for om/om@EXAMPLE.COM
datanode_2  | 	at java.base/java.util.concurrent.FutureTask.report(FutureTask.java:122)
datanode_2  | 	at java.base/java.util.concurrent.FutureTask.get(FutureTask.java:191)
datanode_2  | 	at org.apache.hadoop.ozone.container.common.states.datanode.RunningDatanodeState.computeNextContainerState(RunningDatanodeState.java:199)
datanode_2  | 	at org.apache.hadoop.ozone.container.common.states.datanode.RunningDatanodeState.await(RunningDatanodeState.java:239)
datanode_2  | 	at org.apache.hadoop.ozone.container.common.states.datanode.RunningDatanodeState.await(RunningDatanodeState.java:50)
kdc_1       | Jan 09 03:25:52 kdc krb5kdc[7](info): TGS_REQ (6 etypes {aes256-cts-hmac-sha1-96(18), aes128-cts-hmac-sha1-96(17), aes256-cts-hmac-sha384-192(20), aes128-cts-hmac-sha256-128(19), DEPRECATED:des3-cbc-sha1(16), DEPRECATED:arcfour-hmac(23)}) 172.18.0.6: ISSUE: authtime 1673234719, etypes {rep=aes256-cts-hmac-sha1-96(18), tkt=aes256-cts-hmac-sha1-96(18), ses=aes256-cts-hmac-sha1-96(18)}, testuser/scm@EXAMPLE.COM for om/om@EXAMPLE.COM
datanode_1  | 2023-01-09 03:05:03,833 [main] INFO server.RaftServer: raft.rpc.type = GRPC (default)
scm_1       | 2023-01-09 03:04:33,118 [fdf4c260-b5ae-4ffe-ba0e-da516744be60@group-499FA78F71EA-LeaderElection1] INFO server.RaftServer$Division: fdf4c260-b5ae-4ffe-ba0e-da516744be60@group-499FA78F71EA: change Leader from null to fdf4c260-b5ae-4ffe-ba0e-da516744be60 at term 1 for becomeLeader, leader elected after 5324ms
om_1        | 2023-01-09 03:05:26,174 [main] INFO security.OMCertificateClient: Added certificate [
recon_1     |   Signature Algorithm: SHA256withRSA, OID = 1.2.840.113549.1.1.11
recon_1     | 
datanode_2  | 	at org.apache.hadoop.ozone.container.common.statemachine.StateContext.execute(StateContext.java:661)
kdc_1       | Jan 09 03:25:58 kdc krb5kdc[7](info): TGS_REQ (6 etypes {aes256-cts-hmac-sha1-96(18), aes128-cts-hmac-sha1-96(17), aes256-cts-hmac-sha384-192(20), aes128-cts-hmac-sha256-128(19), DEPRECATED:des3-cbc-sha1(16), DEPRECATED:arcfour-hmac(23)}) 172.18.0.6: ISSUE: authtime 1673234719, etypes {rep=aes256-cts-hmac-sha1-96(18), tkt=aes256-cts-hmac-sha1-96(18), ses=aes256-cts-hmac-sha1-96(18)}, testuser/scm@EXAMPLE.COM for om/om@EXAMPLE.COM
datanode_1  | 2023-01-09 03:05:04,396 [main] INFO grpc.GrpcConfigKeys: raft.grpc.admin.host = null (fallback to raft.grpc.server.host)
om_1        | [
recon_1     |   Key:  Sun RSA public key, 2048 bits
datanode_3  | 2023-01-09 03:05:23,679 [EndpointStateMachine task thread for scm/172.18.0.6:9861 - 0 ] INFO ratis.XceiverServerRatis: XceiverServerRatis 33a0086c-203e-47eb-abc4-fbc16710e25d is started using port 9857 for RATIS_ADMIN
datanode_2  | 	at org.apache.hadoop.ozone.container.common.statemachine.DatanodeStateMachine.startStateMachineThread(DatanodeStateMachine.java:309)
kdc_1       | Jan 09 03:26:05 kdc krb5kdc[7](info): TGS_REQ (6 etypes {aes256-cts-hmac-sha1-96(18), aes128-cts-hmac-sha1-96(17), aes256-cts-hmac-sha384-192(20), aes128-cts-hmac-sha256-128(19), DEPRECATED:des3-cbc-sha1(16), DEPRECATED:arcfour-hmac(23)}) 172.18.0.6: ISSUE: authtime 1673234719, etypes {rep=aes256-cts-hmac-sha1-96(18), tkt=aes256-cts-hmac-sha1-96(18), ses=aes256-cts-hmac-sha1-96(18)}, testuser/scm@EXAMPLE.COM for om/om@EXAMPLE.COM
scm_1       | 2023-01-09 03:04:33,127 [fdf4c260-b5ae-4ffe-ba0e-da516744be60@group-499FA78F71EA-LeaderElection1] INFO server.RaftServerConfigKeys: raft.server.staging.catchup.gap = 1000 (default)
datanode_1  | 2023-01-09 03:05:04,437 [main] INFO grpc.GrpcConfigKeys: raft.grpc.admin.port = 9857 (custom)
datanode_2  | 	at org.apache.hadoop.ozone.container.common.statemachine.DatanodeStateMachine.lambda$startDaemon$0(DatanodeStateMachine.java:509)
kdc_1       | Jan 09 03:26:11 kdc krb5kdc[7](info): TGS_REQ (6 etypes {aes256-cts-hmac-sha1-96(18), aes128-cts-hmac-sha1-96(17), aes256-cts-hmac-sha384-192(20), aes128-cts-hmac-sha256-128(19), DEPRECATED:des3-cbc-sha1(16), DEPRECATED:arcfour-hmac(23)}) 172.18.0.6: ISSUE: authtime 1673234719, etypes {rep=aes256-cts-hmac-sha1-96(18), tkt=aes256-cts-hmac-sha1-96(18), ses=aes256-cts-hmac-sha1-96(18)}, testuser/scm@EXAMPLE.COM for om/om@EXAMPLE.COM
kdc_1       | Jan 09 03:26:13 kdc krb5kdc[7](info): AS_REQ (8 etypes {aes256-cts-hmac-sha1-96(18), aes128-cts-hmac-sha1-96(17), aes256-cts-hmac-sha384-192(20), aes128-cts-hmac-sha256-128(19), DEPRECATED:des3-cbc-sha1(16), DEPRECATED:arcfour-hmac(23), camellia128-cts-cmac(25), camellia256-cts-cmac(26)}) 172.18.0.6: ISSUE: authtime 1673234773, etypes {rep=aes256-cts-hmac-sha1-96(18), tkt=aes256-cts-hmac-sha1-96(18), ses=aes256-cts-hmac-sha1-96(18)}, testuser/scm@EXAMPLE.COM for krbtgt/EXAMPLE.COM@EXAMPLE.COM
datanode_1  | 2023-01-09 03:05:04,438 [main] INFO grpc.GrpcConfigKeys: raft.grpc.client.host = null (fallback to raft.grpc.server.host)
datanode_3  | 2023-01-09 03:05:23,683 [EndpointStateMachine task thread for scm/172.18.0.6:9861 - 0 ] INFO ratis.XceiverServerRatis: XceiverServerRatis 33a0086c-203e-47eb-abc4-fbc16710e25d is started using port 9856 for RATIS_SERVER
om_1        |   Version: V3
scm_1       | 2023-01-09 03:04:33,133 [fdf4c260-b5ae-4ffe-ba0e-da516744be60@group-499FA78F71EA-LeaderElection1] INFO server.RaftServerConfigKeys: raft.server.write.element-limit = 4096 (default)
datanode_1  | 2023-01-09 03:05:04,438 [main] INFO grpc.GrpcConfigKeys: raft.grpc.client.port = 9858 (custom)
om_1        |   Subject: O=CID-cc0f68d3-0234-429a-96f1-499fa78f71ea, OU=fdf4c260-b5ae-4ffe-ba0e-da516744be60, CN=scm@scm
recon_1     |   params: null
datanode_2  | 	at java.base/java.lang.Thread.run(Thread.java:829)
scm_1       | 2023-01-09 03:04:33,134 [fdf4c260-b5ae-4ffe-ba0e-da516744be60@group-499FA78F71EA-LeaderElection1] INFO server.RaftServerConfigKeys: raft.server.write.byte-limit = 64MB (=67108864) (default)
datanode_3  | 2023-01-09 03:05:23,683 [EndpointStateMachine task thread for scm/172.18.0.6:9861 - 0 ] INFO ratis.XceiverServerRatis: XceiverServerRatis 33a0086c-203e-47eb-abc4-fbc16710e25d is started using port 9855 for RATIS_DATASTREAM
kdc_1       | Jan 09 03:26:18 kdc krb5kdc[7](info): TGS_REQ (6 etypes {aes256-cts-hmac-sha1-96(18), aes128-cts-hmac-sha1-96(17), aes256-cts-hmac-sha384-192(20), aes128-cts-hmac-sha256-128(19), DEPRECATED:des3-cbc-sha1(16), DEPRECATED:arcfour-hmac(23)}) 172.18.0.6: ISSUE: authtime 1673234773, etypes {rep=aes256-cts-hmac-sha1-96(18), tkt=aes256-cts-hmac-sha1-96(18), ses=aes256-cts-hmac-sha1-96(18)}, testuser/scm@EXAMPLE.COM for om/om@EXAMPLE.COM
datanode_1  | 2023-01-09 03:05:04,446 [main] INFO grpc.GrpcConfigKeys: raft.grpc.server.host = null (default)
om_1        |   Signature Algorithm: SHA256withRSA, OID = 1.2.840.113549.1.1.11
recon_1     |   modulus: 24006131350410094257244242473139975352995481862865793636945799604669367607159204832664364534340468028605244286890342901921620912081963772101683833874046678901450894276944341439713056099289156256236785718187836251285361853092582688219216800990776879584834397841864036586109525926886666963299957802577440213086601228192586032286809417576209512461040102595208419315130379856690250541988910712435010134764666166312045706949076093000884110806862936021277868735837101675640280477848613534064190863470223314705682887942695513757545357251072087203396670495935089415170604887181805308886943755964045041286445673906745276005117
recon_1     |   public exponent: 65537
recon_1     |   Validity: [From: Mon Jan 09 00:00:00 UTC 2023,
datanode_3  | 2023-01-09 03:05:23,684 [JvmPauseMonitor0] INFO util.JvmPauseMonitor: JvmPauseMonitor-33a0086c-203e-47eb-abc4-fbc16710e25d: Started
kdc_1       | Jan 09 03:26:29 kdc krb5kdc[7](info): TGS_REQ (6 etypes {aes256-cts-hmac-sha1-96(18), aes128-cts-hmac-sha1-96(17), aes256-cts-hmac-sha384-192(20), aes128-cts-hmac-sha256-128(19), DEPRECATED:des3-cbc-sha1(16), DEPRECATED:arcfour-hmac(23)}) 172.18.0.6: ISSUE: authtime 1673234773, etypes {rep=aes256-cts-hmac-sha1-96(18), tkt=aes256-cts-hmac-sha1-96(18), ses=aes256-cts-hmac-sha1-96(18)}, testuser/scm@EXAMPLE.COM for om/om@EXAMPLE.COM
datanode_1  | 2023-01-09 03:05:04,447 [main] INFO grpc.GrpcConfigKeys: raft.grpc.server.port = 9856 (custom)
om_1        | 
datanode_2  | Caused by: java.util.concurrent.TimeoutException
scm_1       | 2023-01-09 03:04:33,143 [fdf4c260-b5ae-4ffe-ba0e-da516744be60@group-499FA78F71EA-LeaderElection1] INFO server.RaftServerConfigKeys: raft.server.watch.timeout = 10s (default)
recon_1     |                To: Thu Feb 17 00:00:00 UTC 2028]
datanode_3  | 2023-01-09 03:05:24,679 [EndpointStateMachine task thread for recon/172.18.0.3:9891 - 0 ] INFO ipc.Client: Retrying connect to server: recon/172.18.0.3:9891. Already tried 2 time(s); retry policy is RetryUpToMaximumCountWithFixedSleep(maxRetries=15, sleepTime=1000 MILLISECONDS)
kdc_1       | Jan 09 03:26:35 kdc krb5kdc[7](info): TGS_REQ (6 etypes {aes256-cts-hmac-sha1-96(18), aes128-cts-hmac-sha1-96(17), aes256-cts-hmac-sha384-192(20), aes128-cts-hmac-sha256-128(19), DEPRECATED:des3-cbc-sha1(16), DEPRECATED:arcfour-hmac(23)}) 172.18.0.6: ISSUE: authtime 1673234773, etypes {rep=aes256-cts-hmac-sha1-96(18), tkt=aes256-cts-hmac-sha1-96(18), ses=aes256-cts-hmac-sha1-96(18)}, testuser/scm@EXAMPLE.COM for om/om@EXAMPLE.COM
datanode_1  | 2023-01-09 03:05:04,448 [main] INFO server.GrpcService: raft.grpc.message.size.max = 32MB (=33554432) (custom)
om_1        |   Key:  Sun RSA public key, 2048 bits
datanode_2  | 	at java.base/java.util.concurrent.FutureTask.get(FutureTask.java:204)
scm_1       | 2023-01-09 03:04:33,143 [fdf4c260-b5ae-4ffe-ba0e-da516744be60@group-499FA78F71EA-LeaderElection1] INFO server.RaftServerConfigKeys: raft.server.watch.timeout.denomination = 1s (default)
recon_1     |   Issuer: O=CID-cc0f68d3-0234-429a-96f1-499fa78f71ea, OU=fdf4c260-b5ae-4ffe-ba0e-da516744be60, CN=scm@scm
datanode_3  | 2023-01-09 03:05:25,569 [Datanode State Machine Daemon Thread] ERROR datanode.RunningDatanodeState: Error in executing end point task.
kdc_1       | Jan 09 03:26:42 kdc krb5kdc[7](info): TGS_REQ (6 etypes {aes256-cts-hmac-sha1-96(18), aes128-cts-hmac-sha1-96(17), aes256-cts-hmac-sha384-192(20), aes128-cts-hmac-sha256-128(19), DEPRECATED:des3-cbc-sha1(16), DEPRECATED:arcfour-hmac(23)}) 172.18.0.6: ISSUE: authtime 1673234773, etypes {rep=aes256-cts-hmac-sha1-96(18), tkt=aes256-cts-hmac-sha1-96(18), ses=aes256-cts-hmac-sha1-96(18)}, testuser/scm@EXAMPLE.COM for om/om@EXAMPLE.COM
datanode_1  | 2023-01-09 03:05:04,458 [main] INFO server.RaftServerConfigKeys: raft.server.log.appender.buffer.byte-limit = 33554432 (custom)
om_1        |   params: null
datanode_2  | 	at org.apache.hadoop.ozone.container.common.states.datanode.RunningDatanodeState.lambda$execute$0(RunningDatanodeState.java:157)
scm_1       | 2023-01-09 03:04:33,144 [fdf4c260-b5ae-4ffe-ba0e-da516744be60@group-499FA78F71EA-LeaderElection1] INFO server.RaftServerConfigKeys: raft.server.watch.element-limit = 65536 (default)
recon_1     |   SerialNumber: [    01]
datanode_3  | java.util.concurrent.ExecutionException: java.util.concurrent.TimeoutException
kdc_1       | Jan 09 03:26:48 kdc krb5kdc[7](info): TGS_REQ (6 etypes {aes256-cts-hmac-sha1-96(18), aes128-cts-hmac-sha1-96(17), aes256-cts-hmac-sha384-192(20), aes128-cts-hmac-sha256-128(19), DEPRECATED:des3-cbc-sha1(16), DEPRECATED:arcfour-hmac(23)}) 172.18.0.6: ISSUE: authtime 1673234773, etypes {rep=aes256-cts-hmac-sha1-96(18), tkt=aes256-cts-hmac-sha1-96(18), ses=aes256-cts-hmac-sha1-96(18)}, testuser/scm@EXAMPLE.COM for om/om@EXAMPLE.COM
datanode_1  | 2023-01-09 03:05:04,459 [main] INFO server.GrpcService: raft.grpc.flow.control.window = 5MB (=5242880) (custom)
om_1        |   modulus: 24006131350410094257244242473139975352995481862865793636945799604669367607159204832664364534340468028605244286890342901921620912081963772101683833874046678901450894276944341439713056099289156256236785718187836251285361853092582688219216800990776879584834397841864036586109525926886666963299957802577440213086601228192586032286809417576209512461040102595208419315130379856690250541988910712435010134764666166312045706949076093000884110806862936021277868735837101675640280477848613534064190863470223314705682887942695513757545357251072087203396670495935089415170604887181805308886943755964045041286445673906745276005117
datanode_2  | 	at java.base/java.util.concurrent.FutureTask.run(FutureTask.java:264)
scm_1       | 2023-01-09 03:04:33,153 [fdf4c260-b5ae-4ffe-ba0e-da516744be60@group-499FA78F71EA-LeaderElection1] INFO server.RaftServerConfigKeys: raft.server.write.element-limit = 4096 (default)
scm_1       | 2023-01-09 03:04:33,155 [fdf4c260-b5ae-4ffe-ba0e-da516744be60@group-499FA78F71EA-LeaderElection1] INFO server.RaftServerConfigKeys: raft.server.write.follower.gap.ratio.max = -1.0 (default)
datanode_3  | 	at java.base/java.util.concurrent.FutureTask.report(FutureTask.java:122)
kdc_1       | Jan 09 03:26:54 kdc krb5kdc[7](info): TGS_REQ (6 etypes {aes256-cts-hmac-sha1-96(18), aes128-cts-hmac-sha1-96(17), aes256-cts-hmac-sha384-192(20), aes128-cts-hmac-sha256-128(19), DEPRECATED:des3-cbc-sha1(16), DEPRECATED:arcfour-hmac(23)}) 172.18.0.6: ISSUE: authtime 1673234773, etypes {rep=aes256-cts-hmac-sha1-96(18), tkt=aes256-cts-hmac-sha1-96(18), ses=aes256-cts-hmac-sha1-96(18)}, testuser/scm@EXAMPLE.COM for om/om@EXAMPLE.COM
datanode_1  | 2023-01-09 03:05:04,477 [main] INFO server.RaftServerConfigKeys: raft.server.rpc.request.timeout = 60s (custom)
om_1        |   public exponent: 65537
scm_1       | 2023-01-09 03:04:33,158 [fdf4c260-b5ae-4ffe-ba0e-da516744be60@group-499FA78F71EA-LeaderElection1] INFO impl.RoleInfo: fdf4c260-b5ae-4ffe-ba0e-da516744be60: start fdf4c260-b5ae-4ffe-ba0e-da516744be60@group-499FA78F71EA-LeaderStateImpl
recon_1     | 
datanode_3  | 	at java.base/java.util.concurrent.FutureTask.get(FutureTask.java:191)
kdc_1       | Jan 09 03:27:00 kdc krb5kdc[7](info): TGS_REQ (6 etypes {aes256-cts-hmac-sha1-96(18), aes128-cts-hmac-sha1-96(17), aes256-cts-hmac-sha384-192(20), aes128-cts-hmac-sha256-128(19), DEPRECATED:des3-cbc-sha1(16), DEPRECATED:arcfour-hmac(23)}) 172.18.0.6: ISSUE: authtime 1673234773, etypes {rep=aes256-cts-hmac-sha1-96(18), tkt=aes256-cts-hmac-sha1-96(18), ses=aes256-cts-hmac-sha1-96(18)}, testuser/scm@EXAMPLE.COM for om/om@EXAMPLE.COM
kdc_1       | Jan 09 03:27:07 kdc krb5kdc[7](info): TGS_REQ (6 etypes {aes256-cts-hmac-sha1-96(18), aes128-cts-hmac-sha1-96(17), aes256-cts-hmac-sha384-192(20), aes128-cts-hmac-sha256-128(19), DEPRECATED:des3-cbc-sha1(16), DEPRECATED:arcfour-hmac(23)}) 172.18.0.6: ISSUE: authtime 1673234773, etypes {rep=aes256-cts-hmac-sha1-96(18), tkt=aes256-cts-hmac-sha1-96(18), ses=aes256-cts-hmac-sha1-96(18)}, testuser/scm@EXAMPLE.COM for om/om@EXAMPLE.COM
datanode_1  | 2023-01-09 03:05:04,593 [main] INFO grpc.GrpcConfigKeys: raft.grpc.server.heartbeat.channel = true (default)
datanode_2  | 	at java.base/java.util.concurrent.Executors$RunnableAdapter.call(Executors.java:515)
datanode_2  | 	at java.base/java.util.concurrent.FutureTask.run(FutureTask.java:264)
datanode_2  | 	at java.base/java.util.concurrent.ThreadPoolExecutor.runWorker(ThreadPoolExecutor.java:1128)
scm_1       | 2023-01-09 03:04:33,185 [fdf4c260-b5ae-4ffe-ba0e-da516744be60@group-499FA78F71EA-LeaderElection1] INFO segmented.SegmentedRaftLogWorker: fdf4c260-b5ae-4ffe-ba0e-da516744be60@group-499FA78F71EA-SegmentedRaftLogWorker: Starting segment from index:0
datanode_3  | 	at org.apache.hadoop.ozone.container.common.states.datanode.RunningDatanodeState.computeNextContainerState(RunningDatanodeState.java:199)
om_1        |   Validity: [From: Mon Jan 09 00:00:00 UTC 2023,
kdc_1       | Jan 09 03:27:08 kdc krb5kdc[7](info): AS_REQ (8 etypes {aes256-cts-hmac-sha1-96(18), aes128-cts-hmac-sha1-96(17), aes256-cts-hmac-sha384-192(20), aes128-cts-hmac-sha256-128(19), DEPRECATED:des3-cbc-sha1(16), DEPRECATED:arcfour-hmac(23), camellia128-cts-cmac(25), camellia256-cts-cmac(26)}) 172.18.0.6: ISSUE: authtime 1673234828, etypes {rep=aes256-cts-hmac-sha1-96(18), tkt=aes256-cts-hmac-sha1-96(18), ses=aes256-cts-hmac-sha1-96(18)}, testuser/scm@EXAMPLE.COM for krbtgt/EXAMPLE.COM@EXAMPLE.COM
datanode_1  | 2023-01-09 03:05:04,713 [main] INFO grpc.GrpcConfigKeys: raft.grpc.server.async.request.thread.pool.cached = true (default)
datanode_2  | 	at java.base/java.util.concurrent.ThreadPoolExecutor$Worker.run(ThreadPoolExecutor.java:628)
datanode_2  | 	... 1 more
datanode_2  | 2023-01-09 03:05:30,819 [EndpointStateMachine task thread for recon/172.18.0.3:9891 - 0 ] WARN statemachine.EndpointStateMachine: Unable to communicate to Recon server at recon:9891 for past 0 seconds.
scm_1       | 2023-01-09 03:04:33,218 [fdf4c260-b5ae-4ffe-ba0e-da516744be60@group-499FA78F71EA-LeaderElection1] INFO server.RaftServer$Division: fdf4c260-b5ae-4ffe-ba0e-da516744be60@group-499FA78F71EA: set configuration 0: peers:[fdf4c260-b5ae-4ffe-ba0e-da516744be60|rpc:scm:9894|admin:|client:|dataStream:|priority:0|startupRole:FOLLOWER]|listeners:[], old=null
datanode_3  | 	at org.apache.hadoop.ozone.container.common.states.datanode.RunningDatanodeState.await(RunningDatanodeState.java:239)
om_1        |                To: Thu Feb 17 00:00:00 UTC 2028]
kdc_1       | Jan 09 03:27:13 kdc krb5kdc[7](info): TGS_REQ (6 etypes {aes256-cts-hmac-sha1-96(18), aes128-cts-hmac-sha1-96(17), aes256-cts-hmac-sha384-192(20), aes128-cts-hmac-sha256-128(19), DEPRECATED:des3-cbc-sha1(16), DEPRECATED:arcfour-hmac(23)}) 172.18.0.6: ISSUE: authtime 1673234828, etypes {rep=aes256-cts-hmac-sha1-96(18), tkt=aes256-cts-hmac-sha1-96(18), ses=aes256-cts-hmac-sha1-96(18)}, testuser/scm@EXAMPLE.COM for om/om@EXAMPLE.COM
datanode_1  | 2023-01-09 03:05:04,713 [main] INFO grpc.GrpcConfigKeys: raft.grpc.server.async.request.thread.pool.size = 32 (default)
datanode_2  | java.io.IOException: DestHost:destPort recon:9891 , LocalHost:localPort 65cbb2e271ba/172.18.0.10:0. Failed on local exception: java.io.IOException: java.net.SocketTimeoutException: 5000 millis timeout while waiting for channel to be ready for read. ch : java.nio.channels.SocketChannel[connected local=/172.18.0.10:46312 remote=recon/172.18.0.3:9891]
recon_1     | Certificate Extensions: 3
recon_1     | [1]: ObjectId: 2.5.29.19 Criticality=true
datanode_3  | 	at org.apache.hadoop.ozone.container.common.states.datanode.RunningDatanodeState.await(RunningDatanodeState.java:50)
datanode_3  | 	at org.apache.hadoop.ozone.container.common.statemachine.StateContext.execute(StateContext.java:661)
kdc_1       | Jan 09 03:27:20 kdc krb5kdc[7](info): TGS_REQ (6 etypes {aes256-cts-hmac-sha1-96(18), aes128-cts-hmac-sha1-96(17), aes256-cts-hmac-sha384-192(20), aes128-cts-hmac-sha256-128(19), DEPRECATED:des3-cbc-sha1(16), DEPRECATED:arcfour-hmac(23)}) 172.18.0.6: ISSUE: authtime 1673234828, etypes {rep=aes256-cts-hmac-sha1-96(18), tkt=aes256-cts-hmac-sha1-96(18), ses=aes256-cts-hmac-sha1-96(18)}, testuser/scm@EXAMPLE.COM for om/om@EXAMPLE.COM
datanode_1  | 2023-01-09 03:05:11,305 [main] INFO impl.DataStreamServerImpl: raft.datastream.type = NETTY (custom)
datanode_2  | 	at java.base/jdk.internal.reflect.NativeConstructorAccessorImpl.newInstance0(Native Method)
scm_1       | 2023-01-09 03:04:33,281 [fdf4c260-b5ae-4ffe-ba0e-da516744be60@group-499FA78F71EA-SegmentedRaftLogWorker] INFO segmented.SegmentedRaftLogWorker: fdf4c260-b5ae-4ffe-ba0e-da516744be60@group-499FA78F71EA-SegmentedRaftLogWorker: created new log segment /data/metadata/scm-ha/cc0f68d3-0234-429a-96f1-499fa78f71ea/current/log_inprogress_0
datanode_3  | 	at org.apache.hadoop.ozone.container.common.statemachine.DatanodeStateMachine.startStateMachineThread(DatanodeStateMachine.java:309)
om_1        |   Issuer: O=CID-cc0f68d3-0234-429a-96f1-499fa78f71ea, OU=fdf4c260-b5ae-4ffe-ba0e-da516744be60, CN=scm@scm
kdc_1       | Jan 09 03:27:26 kdc krb5kdc[7](info): TGS_REQ (6 etypes {aes256-cts-hmac-sha1-96(18), aes128-cts-hmac-sha1-96(17), aes256-cts-hmac-sha384-192(20), aes128-cts-hmac-sha256-128(19), DEPRECATED:des3-cbc-sha1(16), DEPRECATED:arcfour-hmac(23)}) 172.18.0.6: ISSUE: authtime 1673234828, etypes {rep=aes256-cts-hmac-sha1-96(18), tkt=aes256-cts-hmac-sha1-96(18), ses=aes256-cts-hmac-sha1-96(18)}, testuser/scm@EXAMPLE.COM for om/om@EXAMPLE.COM
datanode_1  | 2023-01-09 03:05:11,560 [main] INFO server.RaftServerConfigKeys: raft.server.data-stream.async.request.thread.pool.cached = false (default)
recon_1     | BasicConstraints:[
datanode_2  | 	at java.base/jdk.internal.reflect.NativeConstructorAccessorImpl.newInstance(NativeConstructorAccessorImpl.java:62)
scm_1       | 2023-01-09 03:04:34,092 [main] INFO server.RaftServer: fdf4c260-b5ae-4ffe-ba0e-da516744be60: close
datanode_1  | 2023-01-09 03:05:11,561 [main] INFO server.RaftServerConfigKeys: raft.server.data-stream.async.request.thread.pool.size = 20 (custom)
scm_1       | 2023-01-09 03:04:34,093 [fdf4c260-b5ae-4ffe-ba0e-da516744be60-impl-thread1] INFO server.RaftServer$Division: fdf4c260-b5ae-4ffe-ba0e-da516744be60@group-499FA78F71EA: shutdown
datanode_2  | 	at java.base/jdk.internal.reflect.DelegatingConstructorAccessorImpl.newInstance(DelegatingConstructorAccessorImpl.java:45)
datanode_2  | 	at java.base/java.lang.reflect.Constructor.newInstance(Constructor.java:490)
datanode_2  | 	at org.apache.hadoop.net.NetUtils.wrapWithMessage(NetUtils.java:913)
datanode_2  | 	at org.apache.hadoop.net.NetUtils.wrapException(NetUtils.java:888)
datanode_1  | 2023-01-09 03:05:11,565 [main] INFO server.RaftServerConfigKeys: raft.server.data-stream.async.write.thread.pool.size = 16 (default)
datanode_1  | 2023-01-09 03:05:11,567 [main] INFO server.RaftServerConfigKeys: raft.server.data-stream.client.pool.size = 10 (default)
datanode_1  | 2023-01-09 03:05:11,601 [main] INFO netty.NettyConfigKeys$DataStream: raft.netty.dataStream.server.use-epoll = false (default)
scm_1       | 2023-01-09 03:04:34,093 [fdf4c260-b5ae-4ffe-ba0e-da516744be60-impl-thread1] INFO util.JmxRegister: Successfully un-registered JMX Bean with object name Ratis:service=RaftServer,group=group-499FA78F71EA,id=fdf4c260-b5ae-4ffe-ba0e-da516744be60
scm_1       | 2023-01-09 03:04:34,093 [fdf4c260-b5ae-4ffe-ba0e-da516744be60-impl-thread1] INFO impl.RoleInfo: fdf4c260-b5ae-4ffe-ba0e-da516744be60: shutdown fdf4c260-b5ae-4ffe-ba0e-da516744be60@group-499FA78F71EA-LeaderStateImpl
recon_1     |   CA:true
recon_1     |   PathLen:2147483647
datanode_1  | 2023-01-09 03:05:11,601 [main] INFO netty.NettyConfigKeys$DataStream: raft.netty.dataStream.server.boss-group.size = 0 (default)
datanode_1  | 2023-01-09 03:05:11,689 [main] INFO netty.NettyConfigKeys$DataStream: raft.netty.dataStream.server.worker-group.size = 0 (default)
datanode_1  | 2023-01-09 03:05:11,696 [main] INFO netty.NettyConfigKeys$DataStream: raft.netty.dataStream.server.tls.conf = GrpcTlsConfig0- (custom)
scm_1       | 2023-01-09 03:04:34,095 [main] INFO server.GrpcService: fdf4c260-b5ae-4ffe-ba0e-da516744be60: shutdown server GrpcServerProtocolService now
scm_1       | 2023-01-09 03:04:34,106 [fdf4c260-b5ae-4ffe-ba0e-da516744be60-impl-thread1] INFO impl.PendingRequests: fdf4c260-b5ae-4ffe-ba0e-da516744be60@group-499FA78F71EA-PendingRequests: sendNotLeaderResponses
recon_1     | ]
recon_1     | 
recon_1     | [2]: ObjectId: 2.5.29.15 Criticality=true
datanode_1  | 2023-01-09 03:05:12,057 [main] INFO netty.NettyConfigKeys$DataStream: raft.netty.dataStream.host = null (default)
datanode_1  | 2023-01-09 03:05:12,058 [main] INFO netty.NettyConfigKeys$DataStream: raft.netty.dataStream.port = 9855 (custom)
scm_1       | 2023-01-09 03:04:34,123 [fdf4c260-b5ae-4ffe-ba0e-da516744be60-impl-thread1] INFO impl.StateMachineUpdater: fdf4c260-b5ae-4ffe-ba0e-da516744be60@group-499FA78F71EA-StateMachineUpdater: set stopIndex = 0
scm_1       | 2023-01-09 03:04:34,124 [fdf4c260-b5ae-4ffe-ba0e-da516744be60@group-499FA78F71EA-StateMachineUpdater] INFO impl.StateMachineUpdater: fdf4c260-b5ae-4ffe-ba0e-da516744be60@group-499FA78F71EA-StateMachineUpdater: Took a snapshot at index 0
recon_1     | KeyUsage [
datanode_2  | 	at org.apache.hadoop.ipc.Client.getRpcResponse(Client.java:1616)
datanode_2  | 	at org.apache.hadoop.ipc.Client.call(Client.java:1558)
om_1        |   SerialNumber: [    01]
om_1        | 
om_1        | Certificate Extensions: 3
om_1        | [1]: ObjectId: 2.5.29.19 Criticality=true
om_1        | BasicConstraints:[
datanode_2  | 	at org.apache.hadoop.ipc.Client.call(Client.java:1455)
datanode_2  | 	at org.apache.hadoop.ipc.ProtobufRpcEngine$Invoker.invoke(ProtobufRpcEngine.java:235)
datanode_1  | 2023-01-09 03:05:12,476 [main] INFO server.RaftServerConfigKeys: raft.server.threadpool.proxy.cached = true (default)
recon_1     |   Key_CertSign
recon_1     |   Crl_Sign
recon_1     | ]
datanode_1  | 2023-01-09 03:05:12,484 [main] INFO server.RaftServerConfigKeys: raft.server.threadpool.proxy.size = 0 (default)
recon_1     | 
recon_1     | [3]: ObjectId: 2.5.29.17 Criticality=false
kdc_1       | Jan 09 03:27:33 kdc krb5kdc[7](info): TGS_REQ (6 etypes {aes256-cts-hmac-sha1-96(18), aes128-cts-hmac-sha1-96(17), aes256-cts-hmac-sha384-192(20), aes128-cts-hmac-sha256-128(19), DEPRECATED:des3-cbc-sha1(16), DEPRECATED:arcfour-hmac(23)}) 172.18.0.6: ISSUE: authtime 1673234828, etypes {rep=aes256-cts-hmac-sha1-96(18), tkt=aes256-cts-hmac-sha1-96(18), ses=aes256-cts-hmac-sha1-96(18)}, testuser/scm@EXAMPLE.COM for om/om@EXAMPLE.COM
datanode_2  | 	at org.apache.hadoop.ipc.ProtobufRpcEngine$Invoker.invoke(ProtobufRpcEngine.java:122)
datanode_2  | 	at com.sun.proxy.$Proxy44.submitRequest(Unknown Source)
datanode_2  | 	at org.apache.hadoop.ozone.protocolPB.StorageContainerDatanodeProtocolClientSideTranslatorPB.submitRequest(StorageContainerDatanodeProtocolClientSideTranslatorPB.java:117)
datanode_1  | 2023-01-09 03:05:12,493 [main] INFO server.RaftServerConfigKeys: raft.server.rpc.slowness.timeout = 300s (custom)
datanode_3  | 	at org.apache.hadoop.ozone.container.common.statemachine.DatanodeStateMachine.lambda$startDaemon$0(DatanodeStateMachine.java:509)
scm_1       | 2023-01-09 03:04:34,125 [fdf4c260-b5ae-4ffe-ba0e-da516744be60@group-499FA78F71EA-StateMachineUpdater] INFO impl.StateMachineUpdater: fdf4c260-b5ae-4ffe-ba0e-da516744be60@group-499FA78F71EA-StateMachineUpdater: snapshotIndex: updateIncreasingly -1 -> 0
scm_1       | 2023-01-09 03:04:34,125 [main] INFO server.GrpcService: fdf4c260-b5ae-4ffe-ba0e-da516744be60: shutdown server GrpcServerProtocolService successfully
scm_1       | 2023-01-09 03:04:34,129 [fdf4c260-b5ae-4ffe-ba0e-da516744be60-NettyServerStreamRpc-bossGroup--thread1] INFO logging.LoggingHandler: [id: 0x24b29a80, L:/0.0.0.0:43535] CLOSE
datanode_1  | 2023-01-09 03:05:12,499 [main] INFO server.RaftServerConfigKeys: raft.server.leaderelection.leader.step-down.wait-time = 10s (default)
datanode_1  | 2023-01-09 03:05:12,520 [main] INFO server.RaftServerConfigKeys: raft.server.storage.dir = [/data/metadata/ratis] (custom)
datanode_1  | 2023-01-09 03:05:12,563 [1e2c6e92-d2bf-4206-94de-701a9a9a69e4-NettyServerStreamRpc-bossGroup--thread1] INFO logging.LoggingHandler: [id: 0xec5d8a2c] REGISTERED
datanode_1  | 2023-01-09 03:05:12,590 [1e2c6e92-d2bf-4206-94de-701a9a9a69e4-NettyServerStreamRpc-bossGroup--thread1] INFO logging.LoggingHandler: [id: 0xec5d8a2c] BIND: 0.0.0.0/0.0.0.0:9855
datanode_1  | 2023-01-09 03:05:12,614 [1e2c6e92-d2bf-4206-94de-701a9a9a69e4-NettyServerStreamRpc-bossGroup--thread1] INFO logging.LoggingHandler: [id: 0xec5d8a2c, L:/0.0.0.0:9855] ACTIVE
datanode_1  | 2023-01-09 03:05:12,953 [main] INFO ssl.PemFileBasedKeyStoresFactory: SERVER KeyStore reloading at 60000 millis.
datanode_1  | 2023-01-09 03:05:12,996 [main] INFO ssl.PemFileBasedKeyStoresFactory: SERVER TrustStore reloading at 60000 millis.
datanode_1  | 2023-01-09 03:05:13,058 [main] INFO server.XceiverServerGrpc: GrpcServer channel type EpollServerSocketChannel
datanode_1  | 2023-01-09 03:05:13,941 [main] INFO token.OzoneBlockTokenSecretManager: Updating the current master key for generating tokens
datanode_1  | 2023-01-09 03:05:13,958 [main] INFO token.ContainerTokenSecretManager: Updating the current master key for generating tokens
datanode_1  | 2023-01-09 03:05:14,511 [main] INFO http.BaseHttpServer: Starting Web-server for hddsDatanode at: http://0.0.0.0:9882
datanode_1  | 2023-01-09 03:05:14,511 [main] INFO http.BaseHttpServer: Hadoop Security Enabled: true Ozone Security Enabled: true Ozone HTTP Security Enabled: true 
datanode_1  | 2023-01-09 03:05:14,512 [main] INFO http.BaseHttpServer: HttpAuthType: hdds.datanode.http.auth.type = kerberos
datanode_1  | 2023-01-09 03:05:14,682 [main] INFO util.log: Logging initialized @94542ms to org.eclipse.jetty.util.log.Slf4jLog
kdc_1       | Jan 09 03:27:39 kdc krb5kdc[7](info): TGS_REQ (6 etypes {aes256-cts-hmac-sha1-96(18), aes128-cts-hmac-sha1-96(17), aes256-cts-hmac-sha384-192(20), aes128-cts-hmac-sha256-128(19), DEPRECATED:des3-cbc-sha1(16), DEPRECATED:arcfour-hmac(23)}) 172.18.0.6: ISSUE: authtime 1673234828, etypes {rep=aes256-cts-hmac-sha1-96(18), tkt=aes256-cts-hmac-sha1-96(18), ses=aes256-cts-hmac-sha1-96(18)}, testuser/scm@EXAMPLE.COM for om/om@EXAMPLE.COM
recon_1     | SubjectAlternativeName [
datanode_1  | 2023-01-09 03:05:15,543 [main] INFO http.HttpRequestLog: Http request log for http.requests.hddsDatanode is not defined
datanode_3  | 	at java.base/java.lang.Thread.run(Thread.java:829)
datanode_3  | Caused by: java.util.concurrent.TimeoutException
recon_1     |   IPAddress: 172.18.0.6
datanode_1  | 2023-01-09 03:05:15,621 [main] INFO http.HttpServer2: Added global filter 'safety' (class=org.apache.hadoop.hdds.server.http.HttpServer2$QuotingInputFilter)
datanode_2  | 	at org.apache.hadoop.ozone.protocolPB.StorageContainerDatanodeProtocolClientSideTranslatorPB.getVersion(StorageContainerDatanodeProtocolClientSideTranslatorPB.java:133)
om_1        |   CA:true
scm_1       | 2023-01-09 03:04:34,130 [fdf4c260-b5ae-4ffe-ba0e-da516744be60-NettyServerStreamRpc-bossGroup--thread1] INFO logging.LoggingHandler: [id: 0x24b29a80, L:/0.0.0.0:43535] INACTIVE
datanode_3  | 	at java.base/java.util.concurrent.FutureTask.get(FutureTask.java:204)
datanode_3  | 	at org.apache.hadoop.ozone.container.common.states.datanode.RunningDatanodeState.lambda$execute$0(RunningDatanodeState.java:157)
datanode_1  | 2023-01-09 03:05:15,628 [main] INFO http.HttpServer2: Added filter authentication (class=org.apache.hadoop.security.authentication.server.AuthenticationFilter) to context hddsDatanode
recon_1     | ]
recon_1     | 
recon_1     | ]
datanode_3  | 	at java.base/java.util.concurrent.FutureTask.run(FutureTask.java:264)
datanode_3  | 	at java.base/java.util.concurrent.Executors$RunnableAdapter.call(Executors.java:515)
datanode_3  | 	at java.base/java.util.concurrent.FutureTask.run(FutureTask.java:264)
datanode_3  | 	at java.base/java.util.concurrent.ThreadPoolExecutor.runWorker(ThreadPoolExecutor.java:1128)
datanode_3  | 	at java.base/java.util.concurrent.ThreadPoolExecutor$Worker.run(ThreadPoolExecutor.java:628)
recon_1     |   Algorithm: [SHA256withRSA]
datanode_2  | 	at org.apache.hadoop.ozone.container.common.states.endpoint.VersionEndpointTask.call(VersionEndpointTask.java:69)
datanode_2  | 	at org.apache.hadoop.ozone.container.common.states.endpoint.VersionEndpointTask.call(VersionEndpointTask.java:40)
scm_1       | 2023-01-09 03:04:34,130 [fdf4c260-b5ae-4ffe-ba0e-da516744be60-NettyServerStreamRpc-bossGroup--thread1] INFO logging.LoggingHandler: [id: 0x24b29a80, L:/0.0.0.0:43535] UNREGISTERED
scm_1       | 2023-01-09 03:04:34,133 [fdf4c260-b5ae-4ffe-ba0e-da516744be60-impl-thread1] INFO server.RaftServer$Division: fdf4c260-b5ae-4ffe-ba0e-da516744be60@group-499FA78F71EA: closes. applyIndex: 0
datanode_3  | 	... 1 more
datanode_3  | 2023-01-09 03:05:25,680 [EndpointStateMachine task thread for recon/172.18.0.3:9891 - 0 ] INFO ipc.Client: Retrying connect to server: recon/172.18.0.3:9891. Already tried 3 time(s); retry policy is RetryUpToMaximumCountWithFixedSleep(maxRetries=15, sleepTime=1000 MILLISECONDS)
datanode_2  | 	at java.base/java.util.concurrent.FutureTask.run(FutureTask.java:264)
datanode_2  | 	at java.base/java.util.concurrent.ThreadPoolExecutor.runWorker(ThreadPoolExecutor.java:1128)
om_1        |   PathLen:2147483647
om_1        | ]
datanode_3  | 2023-01-09 03:05:26,682 [EndpointStateMachine task thread for recon/172.18.0.3:9891 - 0 ] INFO ipc.Client: Retrying connect to server: recon/172.18.0.3:9891. Already tried 4 time(s); retry policy is RetryUpToMaximumCountWithFixedSleep(maxRetries=15, sleepTime=1000 MILLISECONDS)
scm_1       | 2023-01-09 03:04:34,134 [fdf4c260-b5ae-4ffe-ba0e-da516744be60@group-499FA78F71EA-SegmentedRaftLogWorker] INFO segmented.SegmentedRaftLogWorker: fdf4c260-b5ae-4ffe-ba0e-da516744be60@group-499FA78F71EA-SegmentedRaftLogWorker was interrupted, exiting. There are 0 tasks remaining in the queue.
datanode_2  | 	at java.base/java.util.concurrent.ThreadPoolExecutor$Worker.run(ThreadPoolExecutor.java:628)
datanode_2  | 	at java.base/java.lang.Thread.run(Thread.java:829)
om_1        | 
om_1        | [2]: ObjectId: 2.5.29.15 Criticality=true
kdc_1       | Jan 09 03:27:45 kdc krb5kdc[7](info): TGS_REQ (6 etypes {aes256-cts-hmac-sha1-96(18), aes128-cts-hmac-sha1-96(17), aes256-cts-hmac-sha384-192(20), aes128-cts-hmac-sha256-128(19), DEPRECATED:des3-cbc-sha1(16), DEPRECATED:arcfour-hmac(23)}) 172.18.0.6: ISSUE: authtime 1673234828, etypes {rep=aes256-cts-hmac-sha1-96(18), tkt=aes256-cts-hmac-sha1-96(18), ses=aes256-cts-hmac-sha1-96(18)}, testuser/scm@EXAMPLE.COM for om/om@EXAMPLE.COM
scm_1       | 2023-01-09 03:04:34,144 [fdf4c260-b5ae-4ffe-ba0e-da516744be60-impl-thread1] INFO segmented.SegmentedRaftLogWorker: fdf4c260-b5ae-4ffe-ba0e-da516744be60@group-499FA78F71EA-SegmentedRaftLogWorker close()
datanode_2  | Caused by: java.io.IOException: java.net.SocketTimeoutException: 5000 millis timeout while waiting for channel to be ready for read. ch : java.nio.channels.SocketChannel[connected local=/172.18.0.10:46312 remote=recon/172.18.0.3:9891]
datanode_3  | 2023-01-09 03:05:29,587 [Datanode State Machine Daemon Thread] ERROR datanode.RunningDatanodeState: Error in executing end point task.
datanode_3  | java.util.concurrent.ExecutionException: java.util.concurrent.TimeoutException
kdc_1       | Jan 09 03:27:51 kdc krb5kdc[7](info): TGS_REQ (6 etypes {aes256-cts-hmac-sha1-96(18), aes128-cts-hmac-sha1-96(17), aes256-cts-hmac-sha384-192(20), aes128-cts-hmac-sha256-128(19), DEPRECATED:des3-cbc-sha1(16), DEPRECATED:arcfour-hmac(23)}) 172.18.0.6: ISSUE: authtime 1673234828, etypes {rep=aes256-cts-hmac-sha1-96(18), tkt=aes256-cts-hmac-sha1-96(18), ses=aes256-cts-hmac-sha1-96(18)}, testuser/scm@EXAMPLE.COM for om/om@EXAMPLE.COM
scm_1       | 2023-01-09 03:04:34,159 [JvmPauseMonitor0] INFO util.JvmPauseMonitor: JvmPauseMonitor-fdf4c260-b5ae-4ffe-ba0e-da516744be60: Stopped
scm_1       | 2023-01-09 03:04:34,159 [main] WARN server.ServerUtils: ozone.scm.db.dirs is not configured. We recommend adding this setting. Falling back to ozone.metadata.dirs instead.
datanode_2  | 	at org.apache.hadoop.ipc.Client$Connection$1.run(Client.java:798)
datanode_3  | 	at java.base/java.util.concurrent.FutureTask.report(FutureTask.java:122)
datanode_3  | 	at java.base/java.util.concurrent.FutureTask.get(FutureTask.java:191)
kdc_1       | Jan 09 03:28:01 kdc krb5kdc[7](info): TGS_REQ (6 etypes {aes256-cts-hmac-sha1-96(18), aes128-cts-hmac-sha1-96(17), aes256-cts-hmac-sha384-192(20), aes128-cts-hmac-sha256-128(19), DEPRECATED:des3-cbc-sha1(16), DEPRECATED:arcfour-hmac(23)}) 172.18.0.6: ISSUE: authtime 1673234828, etypes {rep=aes256-cts-hmac-sha1-96(18), tkt=aes256-cts-hmac-sha1-96(18), ses=aes256-cts-hmac-sha1-96(18)}, testuser/scm@EXAMPLE.COM for om/om@EXAMPLE.COM
scm_1       | 2023-01-09 03:04:34,162 [main] INFO server.StorageContainerManager: SCM initialization succeeded. Current cluster id for sd=/data/metadata/scm; cid=CID-cc0f68d3-0234-429a-96f1-499fa78f71ea; layoutVersion=4; scmId=fdf4c260-b5ae-4ffe-ba0e-da516744be60
scm_1       | 2023-01-09 03:04:35,177 [shutdown-hook-0] INFO server.StorageContainerManagerStarter: SHUTDOWN_MSG: 
datanode_2  | 	at java.base/java.security.AccessController.doPrivileged(Native Method)
datanode_3  | 	at org.apache.hadoop.ozone.container.common.states.datanode.RunningDatanodeState.computeNextContainerState(RunningDatanodeState.java:199)
kdc_1       | Jan 09 03:28:03 kdc krb5kdc[7](info): AS_REQ (8 etypes {aes256-cts-hmac-sha1-96(18), aes128-cts-hmac-sha1-96(17), aes256-cts-hmac-sha384-192(20), aes128-cts-hmac-sha256-128(19), DEPRECATED:des3-cbc-sha1(16), DEPRECATED:arcfour-hmac(23), camellia128-cts-cmac(25), camellia256-cts-cmac(26)}) 172.18.0.6: ISSUE: authtime 1673234883, etypes {rep=aes256-cts-hmac-sha1-96(18), tkt=aes256-cts-hmac-sha1-96(18), ses=aes256-cts-hmac-sha1-96(18)}, testuser/scm@EXAMPLE.COM for krbtgt/EXAMPLE.COM@EXAMPLE.COM
