kdc_1       | Jan 09 03:20:09 kdc krb5kdc[7](info): TGS_REQ (6 etypes {aes256-cts-hmac-sha1-96(18), aes128-cts-hmac-sha1-96(17), aes256-cts-hmac-sha384-192(20), aes128-cts-hmac-sha256-128(19), DEPRECATED:des3-cbc-sha1(16), DEPRECATED:arcfour-hmac(23)}) 172.18.0.6: ISSUE: authtime 1673234311, etypes {rep=aes256-cts-hmac-sha1-96(18), tkt=aes256-cts-hmac-sha1-96(18), ses=aes256-cts-hmac-sha1-96(18)}, testuser/scm@EXAMPLE.COM for om/om@EXAMPLE.COM
datanode_1  | [1]: ObjectId: 2.5.29.15 Criticality=true
om_1        |   Validity: [From: Mon Jan 09 00:00:00 UTC 2023,
datanode_3  | 2023-01-09 03:05:13,759 [main] INFO netty.NettyConfigKeys$DataStream: raft.netty.dataStream.server.boss-group.size = 0 (default)
datanode_2  | 2023-01-09 03:05:18,380 [main] INFO server.Server: Started @96246ms
scm_1       | 2023-01-09 03:04:27,779 [pool-2-thread-1] INFO server.RaftServerConfigKeys: raft.server.storage.free-space.min = 0MB (=0) (default)
kdc_1       | Jan 09 03:20:19 kdc krb5kdc[7](info): TGS_REQ (6 etypes {aes256-cts-hmac-sha1-96(18), aes128-cts-hmac-sha1-96(17), aes256-cts-hmac-sha384-192(20), aes128-cts-hmac-sha256-128(19), DEPRECATED:des3-cbc-sha1(16), DEPRECATED:arcfour-hmac(23)}) 172.18.0.6: ISSUE: authtime 1673234311, etypes {rep=aes256-cts-hmac-sha1-96(18), tkt=aes256-cts-hmac-sha1-96(18), ses=aes256-cts-hmac-sha1-96(18)}, testuser/scm@EXAMPLE.COM for om/om@EXAMPLE.COM
kdc_1       | Jan 09 03:20:29 kdc krb5kdc[7](info): TGS_REQ (6 etypes {aes256-cts-hmac-sha1-96(18), aes128-cts-hmac-sha1-96(17), aes256-cts-hmac-sha384-192(20), aes128-cts-hmac-sha256-128(19), DEPRECATED:des3-cbc-sha1(16), DEPRECATED:arcfour-hmac(23)}) 172.18.0.6: ISSUE: authtime 1673234311, etypes {rep=aes256-cts-hmac-sha1-96(18), tkt=aes256-cts-hmac-sha1-96(18), ses=aes256-cts-hmac-sha1-96(18)}, testuser/scm@EXAMPLE.COM for om/om@EXAMPLE.COM
datanode_1  | KeyUsage [
datanode_1  |   DigitalSignature
scm_1       | 2023-01-09 03:04:27,795 [pool-2-thread-1] INFO server.RaftServerConfigKeys: raft.server.notification.no-leader.timeout = 60s (default)
recon_1     |   Validity: [From: Mon Jan 09 00:00:00 UTC 2023,
om_1        |                To: Thu Feb 17 00:00:00 UTC 2028]
kdc_1       | Jan 09 03:20:40 kdc krb5kdc[7](info): TGS_REQ (6 etypes {aes256-cts-hmac-sha1-96(18), aes128-cts-hmac-sha1-96(17), aes256-cts-hmac-sha384-192(20), aes128-cts-hmac-sha256-128(19), DEPRECATED:des3-cbc-sha1(16), DEPRECATED:arcfour-hmac(23)}) 172.18.0.6: ISSUE: authtime 1673234311, etypes {rep=aes256-cts-hmac-sha1-96(18), tkt=aes256-cts-hmac-sha1-96(18), ses=aes256-cts-hmac-sha1-96(18)}, testuser/scm@EXAMPLE.COM for om/om@EXAMPLE.COM
datanode_2  | 2023-01-09 03:05:18,431 [main] INFO impl.MetricsSinkAdapter: Sink prometheus started
datanode_3  | 2023-01-09 03:05:13,792 [main] INFO netty.NettyConfigKeys$DataStream: raft.netty.dataStream.server.worker-group.size = 0 (default)
datanode_1  |   Key_Encipherment
scm_1       | 2023-01-09 03:04:27,799 [pool-2-thread-1] INFO server.RaftServerConfigKeys: raft.server.retrycache.expirytime = 60000ms (default)
recon_1     |                To: Thu Feb 17 00:00:00 UTC 2028]
om_1        |   Issuer: O=CID-cc0f68d3-0234-429a-96f1-499fa78f71ea, OU=fdf4c260-b5ae-4ffe-ba0e-da516744be60, CN=scm@scm
kdc_1       | Jan 09 03:20:50 kdc krb5kdc[7](info): TGS_REQ (6 etypes {aes256-cts-hmac-sha1-96(18), aes128-cts-hmac-sha1-96(17), aes256-cts-hmac-sha384-192(20), aes128-cts-hmac-sha256-128(19), DEPRECATED:des3-cbc-sha1(16), DEPRECATED:arcfour-hmac(23)}) 172.18.0.6: ISSUE: authtime 1673234311, etypes {rep=aes256-cts-hmac-sha1-96(18), tkt=aes256-cts-hmac-sha1-96(18), ses=aes256-cts-hmac-sha1-96(18)}, testuser/scm@EXAMPLE.COM for om/om@EXAMPLE.COM
datanode_2  | 2023-01-09 03:05:18,432 [main] INFO impl.MetricsSystemImpl: Registered sink prometheus
datanode_3  | 2023-01-09 03:05:13,823 [main] INFO netty.NettyConfigKeys$DataStream: raft.netty.dataStream.server.tls.conf = GrpcTlsConfig0- (custom)
datanode_2  | 2023-01-09 03:05:18,434 [main] INFO http.BaseHttpServer: HTTP server of hddsDatanode listening at http://0.0.0.0:9882
datanode_3  | 2023-01-09 03:05:14,055 [main] INFO netty.NettyConfigKeys$DataStream: raft.netty.dataStream.host = null (default)
recon_1     |   Issuer: O=CID-cc0f68d3-0234-429a-96f1-499fa78f71ea, OU=fdf4c260-b5ae-4ffe-ba0e-da516744be60, CN=scm@scm
om_1        |   SerialNumber: [    610d402d 84]
datanode_1  |   Data_Encipherment
scm_1       | 2023-01-09 03:04:27,799 [pool-2-thread-1] INFO server.RaftServerConfigKeys: raft.server.retrycache.statistics.expirytime = 100?s (default)
datanode_2  | 2023-01-09 03:05:18,463 [Datanode State Machine Daemon Thread] INFO statemachine.DatanodeStateMachine: Ozone container server started.
datanode_3  | 2023-01-09 03:05:14,057 [main] INFO netty.NettyConfigKeys$DataStream: raft.netty.dataStream.port = 9855 (custom)
recon_1     |   SerialNumber: [    610d402d 84]
kdc_1       | Jan 09 03:20:57 kdc krb5kdc[7](info): TGS_REQ (6 etypes {aes256-cts-hmac-sha1-96(18), aes128-cts-hmac-sha1-96(17), aes256-cts-hmac-sha384-192(20), aes128-cts-hmac-sha256-128(19), DEPRECATED:des3-cbc-sha1(16), DEPRECATED:arcfour-hmac(23)}) 172.18.0.6: ISSUE: authtime 1673234311, etypes {rep=aes256-cts-hmac-sha1-96(18), tkt=aes256-cts-hmac-sha1-96(18), ses=aes256-cts-hmac-sha1-96(18)}, testuser/scm@EXAMPLE.COM for om/om@EXAMPLE.COM
om_1        | 
datanode_1  |   Key_Agreement
scm_1       | 2023-01-09 03:04:27,852 [pool-2-thread-1] INFO server.RaftServerConfigKeys: raft.server.log.appender.install.snapshot.enabled = false (custom)
datanode_2  | 2023-01-09 03:05:18,688 [org.apache.hadoop.util.JvmPauseMonitor$Monitor@757e7bda] INFO util.JvmPauseMonitor: Starting JVM pause monitor
datanode_3  | 2023-01-09 03:05:14,445 [main] INFO server.RaftServerConfigKeys: raft.server.threadpool.proxy.cached = true (default)
recon_1     | 
kdc_1       | Jan 09 03:21:04 kdc krb5kdc[7](info): TGS_REQ (6 etypes {aes256-cts-hmac-sha1-96(18), aes128-cts-hmac-sha1-96(17), aes256-cts-hmac-sha384-192(20), aes128-cts-hmac-sha256-128(19), DEPRECATED:des3-cbc-sha1(16), DEPRECATED:arcfour-hmac(23)}) 172.18.0.6: ISSUE: authtime 1673234311, etypes {rep=aes256-cts-hmac-sha1-96(18), tkt=aes256-cts-hmac-sha1-96(18), ses=aes256-cts-hmac-sha1-96(18)}, testuser/scm@EXAMPLE.COM for om/om@EXAMPLE.COM
om_1        | Certificate Extensions: 3
datanode_1  | ]
datanode_1  | 
scm_1       | 2023-01-09 03:04:27,853 [pool-2-thread-1] INFO server.RaftServerConfigKeys: raft.server.threadpool.server.cached = true (default)
datanode_2  | 2023-01-09 03:05:19,172 [Datanode State Machine Task Thread - 0] INFO statemachine.SCMConnectionManager: Adding Recon Server : recon/172.18.0.3:9891
datanode_2  | 2023-01-09 03:05:19,225 [Datanode State Machine Task Thread - 0] INFO datanode.InitDatanodeState: DatanodeDetails is persisted to /data/datanode.id
recon_1     | Certificate Extensions: 3
kdc_1       | Jan 09 03:21:15 kdc krb5kdc[7](info): TGS_REQ (6 etypes {aes256-cts-hmac-sha1-96(18), aes128-cts-hmac-sha1-96(17), aes256-cts-hmac-sha384-192(20), aes128-cts-hmac-sha256-128(19), DEPRECATED:des3-cbc-sha1(16), DEPRECATED:arcfour-hmac(23)}) 172.18.0.6: ISSUE: authtime 1673234311, etypes {rep=aes256-cts-hmac-sha1-96(18), tkt=aes256-cts-hmac-sha1-96(18), ses=aes256-cts-hmac-sha1-96(18)}, testuser/scm@EXAMPLE.COM for om/om@EXAMPLE.COM
om_1        | [1]: ObjectId: 2.5.29.19 Criticality=true
om_1        | BasicConstraints:[
scm_1       | 2023-01-09 03:04:27,854 [pool-2-thread-1] INFO server.RaftServerConfigKeys: raft.server.threadpool.server.size = 0 (default)
datanode_2  | 2023-01-09 03:05:21,796 [EndpointStateMachine task thread for recon/172.18.0.3:9891 - 0 ] INFO ipc.Client: Retrying connect to server: recon/172.18.0.3:9891. Already tried 0 time(s); retry policy is RetryUpToMaximumCountWithFixedSleep(maxRetries=15, sleepTime=1000 MILLISECONDS)
datanode_3  | 2023-01-09 03:05:14,446 [main] INFO server.RaftServerConfigKeys: raft.server.threadpool.proxy.size = 0 (default)
recon_1     | [1]: ObjectId: 2.5.29.19 Criticality=true
om_1        |   CA:true
datanode_1  | [2]: ObjectId: 2.5.29.17 Criticality=false
kdc_1       | Jan 09 03:21:24 kdc krb5kdc[7](info): TGS_REQ (6 etypes {aes256-cts-hmac-sha1-96(18), aes128-cts-hmac-sha1-96(17), aes256-cts-hmac-sha384-192(20), aes128-cts-hmac-sha256-128(19), DEPRECATED:des3-cbc-sha1(16), DEPRECATED:arcfour-hmac(23)}) 172.18.0.6: ISSUE: authtime 1673234311, etypes {rep=aes256-cts-hmac-sha1-96(18), tkt=aes256-cts-hmac-sha1-96(18), ses=aes256-cts-hmac-sha1-96(18)}, testuser/scm@EXAMPLE.COM for om/om@EXAMPLE.COM
scm_1       | 2023-01-09 03:04:27,855 [pool-2-thread-1] INFO server.RaftServerConfigKeys: raft.server.threadpool.client.cached = true (default)
datanode_2  | 2023-01-09 03:05:22,382 [EndpointStateMachine task thread for scm/172.18.0.6:9861 - 0 ] INFO utils.DatanodeStoreCache: Added db /data/hdds/hdds/CID-cc0f68d3-0234-429a-96f1-499fa78f71ea/DS-df5ea32a-1aee-4c31-99e3-9dc66289b51d/container.db to cache
datanode_3  | 2023-01-09 03:05:14,455 [main] INFO server.RaftServerConfigKeys: raft.server.rpc.slowness.timeout = 300s (custom)
recon_1     | BasicConstraints:[
om_1        |   PathLen:2147483647
datanode_1  | SubjectAlternativeName [
kdc_1       | Jan 09 03:21:30 kdc krb5kdc[7](info): TGS_REQ (6 etypes {aes256-cts-hmac-sha1-96(18), aes128-cts-hmac-sha1-96(17), aes256-cts-hmac-sha384-192(20), aes128-cts-hmac-sha256-128(19), DEPRECATED:des3-cbc-sha1(16), DEPRECATED:arcfour-hmac(23)}) 172.18.0.6: ISSUE: authtime 1673234311, etypes {rep=aes256-cts-hmac-sha1-96(18), tkt=aes256-cts-hmac-sha1-96(18), ses=aes256-cts-hmac-sha1-96(18)}, testuser/scm@EXAMPLE.COM for om/om@EXAMPLE.COM
scm_1       | 2023-01-09 03:04:27,856 [pool-2-thread-1] INFO server.RaftServerConfigKeys: raft.server.threadpool.client.size = 0 (default)
datanode_2  | 2023-01-09 03:05:22,382 [EndpointStateMachine task thread for scm/172.18.0.6:9861 - 0 ] INFO volume.HddsVolume: SchemaV3 db is created and loaded at /data/hdds/hdds/CID-cc0f68d3-0234-429a-96f1-499fa78f71ea/DS-df5ea32a-1aee-4c31-99e3-9dc66289b51d/container.db for volume DS-df5ea32a-1aee-4c31-99e3-9dc66289b51d
datanode_2  | 2023-01-09 03:05:22,406 [EndpointStateMachine task thread for scm/172.18.0.6:9861 - 0 ] INFO ozoneimpl.OzoneContainer: Attempting to start container services.
datanode_1  |   IPAddress: 172.18.0.5
recon_1     |   CA:true
recon_1     |   PathLen:2147483647
datanode_1  | ]
datanode_3  | 2023-01-09 03:05:14,498 [main] INFO server.RaftServerConfigKeys: raft.server.leaderelection.leader.step-down.wait-time = 10s (default)
recon_1     | ]
om_1        | ]
om_1        | 
kdc_1       | Jan 09 03:21:37 kdc krb5kdc[7](info): TGS_REQ (6 etypes {aes256-cts-hmac-sha1-96(18), aes128-cts-hmac-sha1-96(17), aes256-cts-hmac-sha384-192(20), aes128-cts-hmac-sha256-128(19), DEPRECATED:des3-cbc-sha1(16), DEPRECATED:arcfour-hmac(23)}) 172.18.0.6: ISSUE: authtime 1673234311, etypes {rep=aes256-cts-hmac-sha1-96(18), tkt=aes256-cts-hmac-sha1-96(18), ses=aes256-cts-hmac-sha1-96(18)}, testuser/scm@EXAMPLE.COM for om/om@EXAMPLE.COM
datanode_1  | 
scm_1       | 2023-01-09 03:04:27,857 [fdf4c260-b5ae-4ffe-ba0e-da516744be60-impl-thread1] INFO storage.RaftStorageDirectory: The storage directory /data/metadata/scm-ha/cc0f68d3-0234-429a-96f1-499fa78f71ea does not exist. Creating ...
recon_1     | 
datanode_1  | ]
datanode_1  |   Algorithm: [SHA256withRSA]
datanode_3  | 2023-01-09 03:05:14,593 [main] INFO server.RaftServerConfigKeys: raft.server.storage.dir = [/data/metadata/ratis] (custom)
kdc_1       | Jan 09 03:21:47 kdc krb5kdc[7](info): TGS_REQ (6 etypes {aes256-cts-hmac-sha1-96(18), aes128-cts-hmac-sha1-96(17), aes256-cts-hmac-sha384-192(20), aes128-cts-hmac-sha256-128(19), DEPRECATED:des3-cbc-sha1(16), DEPRECATED:arcfour-hmac(23)}) 172.18.0.6: ISSUE: authtime 1673234311, etypes {rep=aes256-cts-hmac-sha1-96(18), tkt=aes256-cts-hmac-sha1-96(18), ses=aes256-cts-hmac-sha1-96(18)}, testuser/scm@EXAMPLE.COM for om/om@EXAMPLE.COM
om_1        | [2]: ObjectId: 2.5.29.15 Criticality=true
datanode_2  | 2023-01-09 03:05:22,434 [EndpointStateMachine task thread for scm/172.18.0.6:9861 - 0 ] INFO ozoneimpl.OzoneContainer: Scheduled background container scanners and the on-demand container scanner have been disabled.
recon_1     | [2]: ObjectId: 2.5.29.15 Criticality=true
datanode_1  |   Signature:
datanode_1  | 0000: 0D 87 BD AB 24 6C 09 AE   B6 A9 48 74 DD 4D B7 19  ....$l....Ht.M..
datanode_3  | 2023-01-09 03:05:14,721 [33a0086c-203e-47eb-abc4-fbc16710e25d-NettyServerStreamRpc-bossGroup--thread1] INFO logging.LoggingHandler: [id: 0xde20b492] REGISTERED
kdc_1       | Jan 09 03:21:54 kdc krb5kdc[7](info): TGS_REQ (6 etypes {aes256-cts-hmac-sha1-96(18), aes128-cts-hmac-sha1-96(17), aes256-cts-hmac-sha384-192(20), aes128-cts-hmac-sha256-128(19), DEPRECATED:des3-cbc-sha1(16), DEPRECATED:arcfour-hmac(23)}) 172.18.0.6: ISSUE: authtime 1673234311, etypes {rep=aes256-cts-hmac-sha1-96(18), tkt=aes256-cts-hmac-sha1-96(18), ses=aes256-cts-hmac-sha1-96(18)}, testuser/scm@EXAMPLE.COM for om/om@EXAMPLE.COM
om_1        | KeyUsage [
om_1        |   DigitalSignature
recon_1     | KeyUsage [
recon_1     |   DigitalSignature
recon_1     |   Key_Encipherment
kdc_1       | Jan 09 03:22:00 kdc krb5kdc[7](info): TGS_REQ (6 etypes {aes256-cts-hmac-sha1-96(18), aes128-cts-hmac-sha1-96(17), aes256-cts-hmac-sha384-192(20), aes128-cts-hmac-sha256-128(19), DEPRECATED:des3-cbc-sha1(16), DEPRECATED:arcfour-hmac(23)}) 172.18.0.6: ISSUE: authtime 1673234311, etypes {rep=aes256-cts-hmac-sha1-96(18), tkt=aes256-cts-hmac-sha1-96(18), ses=aes256-cts-hmac-sha1-96(18)}, testuser/scm@EXAMPLE.COM for om/om@EXAMPLE.COM
datanode_2  | 2023-01-09 03:05:22,562 [EndpointStateMachine task thread for scm/172.18.0.6:9861 - 0 ] INFO replication.ReplicationServer: ReplicationServer is started using port 9886
datanode_2  | 2023-01-09 03:05:22,602 [EndpointStateMachine task thread for scm/172.18.0.6:9861 - 0 ] INFO ratis.XceiverServerRatis: Starting XceiverServerRatis e896b016-58af-4f65-8b67-fb20140a19e8
recon_1     |   Data_Encipherment
recon_1     |   Key_Agreement
recon_1     |   Key_CertSign
kdc_1       | Jan 09 03:22:06 kdc krb5kdc[7](info): TGS_REQ (6 etypes {aes256-cts-hmac-sha1-96(18), aes128-cts-hmac-sha1-96(17), aes256-cts-hmac-sha384-192(20), aes128-cts-hmac-sha256-128(19), DEPRECATED:des3-cbc-sha1(16), DEPRECATED:arcfour-hmac(23)}) 172.18.0.6: ISSUE: authtime 1673234311, etypes {rep=aes256-cts-hmac-sha1-96(18), tkt=aes256-cts-hmac-sha1-96(18), ses=aes256-cts-hmac-sha1-96(18)}, testuser/scm@EXAMPLE.COM for om/om@EXAMPLE.COM
om_1        |   Key_Encipherment
datanode_2  | 2023-01-09 03:05:22,792 [EndpointStateMachine task thread for scm/172.18.0.6:9861 - 0 ] INFO server.RaftServer: e896b016-58af-4f65-8b67-fb20140a19e8: start RPC server
datanode_2  | 2023-01-09 03:05:22,800 [EndpointStateMachine task thread for scm/172.18.0.6:9861 - 0 ] INFO server.GrpcService: e896b016-58af-4f65-8b67-fb20140a19e8: GrpcService started, listening on 9858
datanode_2  | 2023-01-09 03:05:22,804 [EndpointStateMachine task thread for recon/172.18.0.3:9891 - 0 ] INFO ipc.Client: Retrying connect to server: recon/172.18.0.3:9891. Already tried 1 time(s); retry policy is RetryUpToMaximumCountWithFixedSleep(maxRetries=15, sleepTime=1000 MILLISECONDS)
datanode_2  | 2023-01-09 03:05:22,805 [EndpointStateMachine task thread for scm/172.18.0.6:9861 - 0 ] INFO server.GrpcService: e896b016-58af-4f65-8b67-fb20140a19e8: GrpcService started, listening on 9856
datanode_2  | 2023-01-09 03:05:22,810 [EndpointStateMachine task thread for scm/172.18.0.6:9861 - 0 ] INFO server.GrpcService: e896b016-58af-4f65-8b67-fb20140a19e8: GrpcService started, listening on 9857
datanode_2  | 2023-01-09 03:05:22,863 [EndpointStateMachine task thread for scm/172.18.0.6:9861 - 0 ] INFO ratis.XceiverServerRatis: XceiverServerRatis e896b016-58af-4f65-8b67-fb20140a19e8 is started using port 9858 for RATIS
datanode_2  | 2023-01-09 03:05:22,864 [EndpointStateMachine task thread for scm/172.18.0.6:9861 - 0 ] INFO ratis.XceiverServerRatis: XceiverServerRatis e896b016-58af-4f65-8b67-fb20140a19e8 is started using port 9857 for RATIS_ADMIN
scm_1       | 2023-01-09 03:04:27,878 [fdf4c260-b5ae-4ffe-ba0e-da516744be60-impl-thread1] INFO storage.RaftStorageDirectory: Lock on /data/metadata/scm-ha/cc0f68d3-0234-429a-96f1-499fa78f71ea/in_use.lock acquired by nodename 13@scm
datanode_3  | 2023-01-09 03:05:14,728 [33a0086c-203e-47eb-abc4-fbc16710e25d-NettyServerStreamRpc-bossGroup--thread1] INFO logging.LoggingHandler: [id: 0xde20b492] BIND: 0.0.0.0/0.0.0.0:9855
kdc_1       | Jan 09 03:22:14 kdc krb5kdc[7](info): TGS_REQ (6 etypes {aes256-cts-hmac-sha1-96(18), aes128-cts-hmac-sha1-96(17), aes256-cts-hmac-sha384-192(20), aes128-cts-hmac-sha256-128(19), DEPRECATED:des3-cbc-sha1(16), DEPRECATED:arcfour-hmac(23)}) 172.18.0.6: ISSUE: authtime 1673234311, etypes {rep=aes256-cts-hmac-sha1-96(18), tkt=aes256-cts-hmac-sha1-96(18), ses=aes256-cts-hmac-sha1-96(18)}, testuser/scm@EXAMPLE.COM for om/om@EXAMPLE.COM
om_1        |   Data_Encipherment
datanode_1  | 0010: E0 40 A3 80 AF 5C A7 A9   E0 5A EB 24 B3 62 10 9A  .@...\...Z.$.b..
datanode_1  | 0020: 20 4F AF 63 C9 26 87 30   AD AA 04 F7 E8 20 C6 DF   O.c.&.0..... ..
datanode_2  | 2023-01-09 03:05:22,865 [EndpointStateMachine task thread for scm/172.18.0.6:9861 - 0 ] INFO ratis.XceiverServerRatis: XceiverServerRatis e896b016-58af-4f65-8b67-fb20140a19e8 is started using port 9856 for RATIS_SERVER
datanode_2  | 2023-01-09 03:05:22,866 [EndpointStateMachine task thread for scm/172.18.0.6:9861 - 0 ] INFO ratis.XceiverServerRatis: XceiverServerRatis e896b016-58af-4f65-8b67-fb20140a19e8 is started using port 9855 for RATIS_DATASTREAM
datanode_2  | 2023-01-09 03:05:22,867 [JvmPauseMonitor0] INFO util.JvmPauseMonitor: JvmPauseMonitor-e896b016-58af-4f65-8b67-fb20140a19e8: Started
scm_1       | 2023-01-09 03:04:27,896 [fdf4c260-b5ae-4ffe-ba0e-da516744be60-impl-thread1] INFO storage.RaftStorage: Storage directory /data/metadata/scm-ha/cc0f68d3-0234-429a-96f1-499fa78f71ea has been successfully formatted.
scm_1       | 2023-01-09 03:04:27,911 [fdf4c260-b5ae-4ffe-ba0e-da516744be60-impl-thread1] INFO server.RaftServerConfigKeys: raft.server.log.use.memory = false (default)
scm_1       | 2023-01-09 03:04:27,925 [fdf4c260-b5ae-4ffe-ba0e-da516744be60-impl-thread1] INFO server.RaftServerConfigKeys: raft.server.log.purge.gap = 1000000 (custom)
datanode_1  | 0030: 12 B5 AC DB A0 95 9D 68   3E C0 65 F5 9E BA F8 CB  .......h>.e.....
datanode_1  | 0040: 9B 82 7C E4 70 D5 8C 0C   3A 79 E9 16 E3 1B E1 D1  ....p...:y......
kdc_1       | Jan 09 03:22:20 kdc krb5kdc[7](info): TGS_REQ (6 etypes {aes256-cts-hmac-sha1-96(18), aes128-cts-hmac-sha1-96(17), aes256-cts-hmac-sha384-192(20), aes128-cts-hmac-sha256-128(19), DEPRECATED:des3-cbc-sha1(16), DEPRECATED:arcfour-hmac(23)}) 172.18.0.6: ISSUE: authtime 1673234311, etypes {rep=aes256-cts-hmac-sha1-96(18), tkt=aes256-cts-hmac-sha1-96(18), ses=aes256-cts-hmac-sha1-96(18)}, testuser/scm@EXAMPLE.COM for om/om@EXAMPLE.COM
om_1        |   Key_Agreement
recon_1     |   Crl_Sign
scm_1       | 2023-01-09 03:04:27,927 [fdf4c260-b5ae-4ffe-ba0e-da516744be60-impl-thread1] INFO server.RaftServerConfigKeys: raft.server.log.appender.buffer.byte-limit = 33554432 (custom)
scm_1       | 2023-01-09 03:04:27,930 [fdf4c260-b5ae-4ffe-ba0e-da516744be60-impl-thread1] INFO server.RaftServerConfigKeys: raft.server.log.statemachine.data.read.timeout = 1000ms (default)
scm_1       | 2023-01-09 03:04:27,931 [fdf4c260-b5ae-4ffe-ba0e-da516744be60-impl-thread1] INFO server.RaftServerConfigKeys: raft.server.log.purge.preservation.log.num = 0 (default)
datanode_1  | 0050: 5C E5 35 6C 78 3F 1A 3C   CD 80 F0 A0 DB C2 3F DB  \.5lx?.<......?.
kdc_1       | Jan 09 03:22:27 kdc krb5kdc[7](info): TGS_REQ (6 etypes {aes256-cts-hmac-sha1-96(18), aes128-cts-hmac-sha1-96(17), aes256-cts-hmac-sha384-192(20), aes128-cts-hmac-sha256-128(19), DEPRECATED:des3-cbc-sha1(16), DEPRECATED:arcfour-hmac(23)}) 172.18.0.6: ISSUE: authtime 1673234311, etypes {rep=aes256-cts-hmac-sha1-96(18), tkt=aes256-cts-hmac-sha1-96(18), ses=aes256-cts-hmac-sha1-96(18)}, testuser/scm@EXAMPLE.COM for om/om@EXAMPLE.COM
kdc_1       | Jan 09 03:22:34 kdc krb5kdc[7](info): TGS_REQ (6 etypes {aes256-cts-hmac-sha1-96(18), aes128-cts-hmac-sha1-96(17), aes256-cts-hmac-sha384-192(20), aes128-cts-hmac-sha256-128(19), DEPRECATED:des3-cbc-sha1(16), DEPRECATED:arcfour-hmac(23)}) 172.18.0.6: ISSUE: authtime 1673234311, etypes {rep=aes256-cts-hmac-sha1-96(18), tkt=aes256-cts-hmac-sha1-96(18), ses=aes256-cts-hmac-sha1-96(18)}, testuser/scm@EXAMPLE.COM for om/om@EXAMPLE.COM
kdc_1       | Jan 09 03:22:41 kdc krb5kdc[7](info): TGS_REQ (6 etypes {aes256-cts-hmac-sha1-96(18), aes128-cts-hmac-sha1-96(17), aes256-cts-hmac-sha384-192(20), aes128-cts-hmac-sha256-128(19), DEPRECATED:des3-cbc-sha1(16), DEPRECATED:arcfour-hmac(23)}) 172.18.0.6: ISSUE: authtime 1673234311, etypes {rep=aes256-cts-hmac-sha1-96(18), tkt=aes256-cts-hmac-sha1-96(18), ses=aes256-cts-hmac-sha1-96(18)}, testuser/scm@EXAMPLE.COM for om/om@EXAMPLE.COM
recon_1     | ]
scm_1       | 2023-01-09 03:04:27,935 [fdf4c260-b5ae-4ffe-ba0e-da516744be60-impl-thread1] INFO server.RaftServerConfigKeys: raft.server.log.segment.size.max = 4194304 (custom)
scm_1       | 2023-01-09 03:04:27,944 [fdf4c260-b5ae-4ffe-ba0e-da516744be60-impl-thread1] INFO server.RaftServerConfigKeys: raft.server.log.segment.cache.num.max = 2 (custom)
scm_1       | 2023-01-09 03:04:27,945 [fdf4c260-b5ae-4ffe-ba0e-da516744be60-impl-thread1] INFO server.RaftServerConfigKeys: raft.server.log.segment.cache.size.max = 200MB (=209715200) (default)
datanode_1  | 0060: 3C A2 23 50 E5 BE 10 96   62 64 E9 64 AC EE 3D 11  <.#P....bd.d..=.
datanode_1  | 0070: DD BC 84 91 5D 87 D3 84   8B 8D 8D B7 B4 D9 B7 DF  ....]...........
datanode_1  | 0080: E8 F7 D9 F7 57 9E FE 73   6C D5 1C 34 0F 7C 81 57  ....W..sl..4...W
kdc_1       | Jan 09 03:22:48 kdc krb5kdc[7](info): TGS_REQ (6 etypes {aes256-cts-hmac-sha1-96(18), aes128-cts-hmac-sha1-96(17), aes256-cts-hmac-sha384-192(20), aes128-cts-hmac-sha256-128(19), DEPRECATED:des3-cbc-sha1(16), DEPRECATED:arcfour-hmac(23)}) 172.18.0.6: ISSUE: authtime 1673234311, etypes {rep=aes256-cts-hmac-sha1-96(18), tkt=aes256-cts-hmac-sha1-96(18), ses=aes256-cts-hmac-sha1-96(18)}, testuser/scm@EXAMPLE.COM for om/om@EXAMPLE.COM
kdc_1       | Jan 09 03:22:54 kdc krb5kdc[7](info): TGS_REQ (6 etypes {aes256-cts-hmac-sha1-96(18), aes128-cts-hmac-sha1-96(17), aes256-cts-hmac-sha384-192(20), aes128-cts-hmac-sha256-128(19), DEPRECATED:des3-cbc-sha1(16), DEPRECATED:arcfour-hmac(23)}) 172.18.0.6: ISSUE: authtime 1673234311, etypes {rep=aes256-cts-hmac-sha1-96(18), tkt=aes256-cts-hmac-sha1-96(18), ses=aes256-cts-hmac-sha1-96(18)}, testuser/scm@EXAMPLE.COM for om/om@EXAMPLE.COM
kdc_1       | Jan 09 03:23:01 kdc krb5kdc[7](info): TGS_REQ (6 etypes {aes256-cts-hmac-sha1-96(18), aes128-cts-hmac-sha1-96(17), aes256-cts-hmac-sha384-192(20), aes128-cts-hmac-sha256-128(19), DEPRECATED:des3-cbc-sha1(16), DEPRECATED:arcfour-hmac(23)}) 172.18.0.6: ISSUE: authtime 1673234311, etypes {rep=aes256-cts-hmac-sha1-96(18), tkt=aes256-cts-hmac-sha1-96(18), ses=aes256-cts-hmac-sha1-96(18)}, testuser/scm@EXAMPLE.COM for om/om@EXAMPLE.COM
scm_1       | 2023-01-09 03:04:27,953 [fdf4c260-b5ae-4ffe-ba0e-da516744be60-impl-thread1] INFO segmented.SegmentedRaftLogWorker: new fdf4c260-b5ae-4ffe-ba0e-da516744be60@group-499FA78F71EA-SegmentedRaftLogWorker for RaftStorageImpl:Storage Directory /data/metadata/scm-ha/cc0f68d3-0234-429a-96f1-499fa78f71ea
scm_1       | 2023-01-09 03:04:27,953 [fdf4c260-b5ae-4ffe-ba0e-da516744be60-impl-thread1] INFO server.RaftServerConfigKeys: raft.server.log.queue.byte-limit = 64MB (=67108864) (default)
scm_1       | 2023-01-09 03:04:27,959 [fdf4c260-b5ae-4ffe-ba0e-da516744be60-impl-thread1] INFO server.RaftServerConfigKeys: raft.server.log.queue.element-limit = 4096 (default)
datanode_1  | 0090: 57 B3 D4 7C A3 7F 2B CD   F1 29 81 19 61 97 66 73  W.....+..)..a.fs
recon_1     | 
datanode_3  | 2023-01-09 03:05:14,764 [33a0086c-203e-47eb-abc4-fbc16710e25d-NettyServerStreamRpc-bossGroup--thread1] INFO logging.LoggingHandler: [id: 0xde20b492, L:/0.0.0.0:9855] ACTIVE
datanode_3  | 2023-01-09 03:05:15,006 [main] INFO ssl.PemFileBasedKeyStoresFactory: SERVER KeyStore reloading at 60000 millis.
datanode_3  | 2023-01-09 03:05:15,054 [main] INFO ssl.PemFileBasedKeyStoresFactory: SERVER TrustStore reloading at 60000 millis.
kdc_1       | Jan 09 03:23:07 kdc krb5kdc[7](info): TGS_REQ (6 etypes {aes256-cts-hmac-sha1-96(18), aes128-cts-hmac-sha1-96(17), aes256-cts-hmac-sha384-192(20), aes128-cts-hmac-sha256-128(19), DEPRECATED:des3-cbc-sha1(16), DEPRECATED:arcfour-hmac(23)}) 172.18.0.6: ISSUE: authtime 1673234311, etypes {rep=aes256-cts-hmac-sha1-96(18), tkt=aes256-cts-hmac-sha1-96(18), ses=aes256-cts-hmac-sha1-96(18)}, testuser/scm@EXAMPLE.COM for om/om@EXAMPLE.COM
om_1        |   Key_CertSign
om_1        |   Crl_Sign
datanode_1  | 00A0: 9B 73 AD 44 64 21 D5 77   E3 D3 BE 65 EE CC 65 5C  .s.Dd!.w...e..e\
datanode_1  | 00B0: FE 09 19 DA 48 29 0D 88   53 CC 23 CD D0 A6 DA 12  ....H)..S.#.....
datanode_3  | 2023-01-09 03:05:15,093 [main] INFO server.XceiverServerGrpc: GrpcServer channel type EpollServerSocketChannel
datanode_3  | 2023-01-09 03:05:16,220 [main] INFO token.OzoneBlockTokenSecretManager: Updating the current master key for generating tokens
datanode_3  | 2023-01-09 03:05:16,240 [main] INFO token.ContainerTokenSecretManager: Updating the current master key for generating tokens
kdc_1       | Jan 09 03:23:14 kdc krb5kdc[7](info): TGS_REQ (6 etypes {aes256-cts-hmac-sha1-96(18), aes128-cts-hmac-sha1-96(17), aes256-cts-hmac-sha384-192(20), aes128-cts-hmac-sha256-128(19), DEPRECATED:des3-cbc-sha1(16), DEPRECATED:arcfour-hmac(23)}) 172.18.0.6: ISSUE: authtime 1673234311, etypes {rep=aes256-cts-hmac-sha1-96(18), tkt=aes256-cts-hmac-sha1-96(18), ses=aes256-cts-hmac-sha1-96(18)}, testuser/scm@EXAMPLE.COM for om/om@EXAMPLE.COM
kdc_1       | Jan 09 03:23:21 kdc krb5kdc[7](info): TGS_REQ (6 etypes {aes256-cts-hmac-sha1-96(18), aes128-cts-hmac-sha1-96(17), aes256-cts-hmac-sha384-192(20), aes128-cts-hmac-sha256-128(19), DEPRECATED:des3-cbc-sha1(16), DEPRECATED:arcfour-hmac(23)}) 172.18.0.6: ISSUE: authtime 1673234311, etypes {rep=aes256-cts-hmac-sha1-96(18), tkt=aes256-cts-hmac-sha1-96(18), ses=aes256-cts-hmac-sha1-96(18)}, testuser/scm@EXAMPLE.COM for om/om@EXAMPLE.COM
kdc_1       | Jan 09 03:23:27 kdc krb5kdc[7](info): TGS_REQ (6 etypes {aes256-cts-hmac-sha1-96(18), aes128-cts-hmac-sha1-96(17), aes256-cts-hmac-sha384-192(20), aes128-cts-hmac-sha256-128(19), DEPRECATED:des3-cbc-sha1(16), DEPRECATED:arcfour-hmac(23)}) 172.18.0.6: ISSUE: authtime 1673234311, etypes {rep=aes256-cts-hmac-sha1-96(18), tkt=aes256-cts-hmac-sha1-96(18), ses=aes256-cts-hmac-sha1-96(18)}, testuser/scm@EXAMPLE.COM for om/om@EXAMPLE.COM
datanode_1  | 00C0: 5E B8 89 34 5A A1 A2 4E   83 E5 CE 01 A9 F1 1A F2  ^..4Z..N........
datanode_1  | 00D0: 12 8B 40 D8 4F 8C EB 82   7F 97 79 84 18 2A 55 0D  ..@.O.....y..*U.
scm_1       | 2023-01-09 03:04:27,962 [fdf4c260-b5ae-4ffe-ba0e-da516744be60-impl-thread1] INFO server.RaftServerConfigKeys: raft.server.log.segment.size.max = 4194304 (custom)
scm_1       | 2023-01-09 03:04:27,962 [fdf4c260-b5ae-4ffe-ba0e-da516744be60-impl-thread1] INFO server.RaftServerConfigKeys: raft.server.log.preallocated.size = 4194304 (custom)
scm_1       | 2023-01-09 03:04:27,963 [fdf4c260-b5ae-4ffe-ba0e-da516744be60-impl-thread1] INFO server.RaftServerConfigKeys: raft.server.log.force.sync.num = 128 (default)
scm_1       | 2023-01-09 03:04:27,965 [fdf4c260-b5ae-4ffe-ba0e-da516744be60-impl-thread1] INFO server.RaftServerConfigKeys: raft.server.log.statemachine.data.sync = true (default)
scm_1       | 2023-01-09 03:04:27,966 [fdf4c260-b5ae-4ffe-ba0e-da516744be60-impl-thread1] INFO server.RaftServerConfigKeys: raft.server.log.statemachine.data.sync.timeout = 10s (default)
scm_1       | 2023-01-09 03:04:27,967 [fdf4c260-b5ae-4ffe-ba0e-da516744be60-impl-thread1] INFO server.RaftServerConfigKeys: raft.server.log.statemachine.data.sync.timeout.retry = -1 (default)
datanode_1  | 00E0: 70 55 CC B9 F1 A8 96 D4   3F EC 01 4C 3D 14 A9 EF  pU......?..L=...
datanode_1  | 00F0: E1 76 F4 DB 42 E3 67 B9   A4 50 05 84 00 88 72 04  .v..B.g..P....r.
datanode_1  | 
datanode_1  | ] from file:/data/metadata/dn/certs/441734956040.crt.
om_1        | ]
recon_1     | [3]: ObjectId: 2.5.29.17 Criticality=false
datanode_3  | 2023-01-09 03:05:16,701 [main] INFO http.BaseHttpServer: Starting Web-server for hddsDatanode at: http://0.0.0.0:9882
datanode_3  | 2023-01-09 03:05:16,702 [main] INFO http.BaseHttpServer: Hadoop Security Enabled: true Ozone Security Enabled: true Ozone HTTP Security Enabled: true 
datanode_3  | 2023-01-09 03:05:16,703 [main] INFO http.BaseHttpServer: HttpAuthType: hdds.datanode.http.auth.type = kerberos
scm_1       | 2023-01-09 03:04:27,995 [fdf4c260-b5ae-4ffe-ba0e-da516744be60-impl-thread1] INFO server.RaftServerConfigKeys: raft.server.log.write.buffer.size = 64KB (=65536) (default)
scm_1       | 2023-01-09 03:04:27,996 [fdf4c260-b5ae-4ffe-ba0e-da516744be60-impl-thread1] INFO server.RaftServerConfigKeys: raft.server.log.appender.buffer.byte-limit = 33554432 (custom)
recon_1     | SubjectAlternativeName [
datanode_3  | 2023-01-09 03:05:16,856 [main] INFO util.log: Logging initialized @94993ms to org.eclipse.jetty.util.log.Slf4jLog
datanode_3  | 2023-01-09 03:05:17,502 [main] INFO http.HttpRequestLog: Http request log for http.requests.hddsDatanode is not defined
datanode_2  | 2023-01-09 03:05:23,807 [EndpointStateMachine task thread for recon/172.18.0.3:9891 - 0 ] INFO ipc.Client: Retrying connect to server: recon/172.18.0.3:9891. Already tried 2 time(s); retry policy is RetryUpToMaximumCountWithFixedSleep(maxRetries=15, sleepTime=1000 MILLISECONDS)
scm_1       | 2023-01-09 03:04:28,025 [fdf4c260-b5ae-4ffe-ba0e-da516744be60-impl-thread1] INFO server.RaftServerConfigKeys: raft.server.log.unsafe-flush.enabled = false (default)
scm_1       | 2023-01-09 03:04:28,030 [fdf4c260-b5ae-4ffe-ba0e-da516744be60-impl-thread1] INFO server.RaftServerConfigKeys: raft.server.log.async-flush.enabled = false (default)
om_1        | 
recon_1     |   IPAddress: 172.18.0.6
datanode_2  | 2023-01-09 03:05:24,809 [EndpointStateMachine task thread for recon/172.18.0.3:9891 - 0 ] INFO ipc.Client: Retrying connect to server: recon/172.18.0.3:9891. Already tried 3 time(s); retry policy is RetryUpToMaximumCountWithFixedSleep(maxRetries=15, sleepTime=1000 MILLISECONDS)
datanode_2  | 2023-01-09 03:05:25,811 [EndpointStateMachine task thread for recon/172.18.0.3:9891 - 0 ] INFO ipc.Client: Retrying connect to server: recon/172.18.0.3:9891. Already tried 4 time(s); retry policy is RetryUpToMaximumCountWithFixedSleep(maxRetries=15, sleepTime=1000 MILLISECONDS)
scm_1       | 2023-01-09 03:04:28,031 [fdf4c260-b5ae-4ffe-ba0e-da516744be60-impl-thread1] INFO server.RaftServerConfigKeys: raft.server.log.statemachine.data.caching.enabled = false (default)
scm_1       | 2023-01-09 03:04:28,038 [fdf4c260-b5ae-4ffe-ba0e-da516744be60-impl-thread1] INFO segmented.SegmentedRaftLogWorker: fdf4c260-b5ae-4ffe-ba0e-da516744be60@group-499FA78F71EA-SegmentedRaftLogWorker: flushIndex: setUnconditionally 0 -> -1
om_1        | [3]: ObjectId: 2.5.29.17 Criticality=false
recon_1     | ]
datanode_3  | 2023-01-09 03:05:17,576 [main] INFO http.HttpServer2: Added global filter 'safety' (class=org.apache.hadoop.hdds.server.http.HttpServer2$QuotingInputFilter)
datanode_3  | 2023-01-09 03:05:17,578 [main] INFO http.HttpServer2: Added filter authentication (class=org.apache.hadoop.security.authentication.server.AuthenticationFilter) to context hddsDatanode
datanode_3  | 2023-01-09 03:05:17,582 [main] INFO http.HttpServer2: Added filter authentication (class=org.apache.hadoop.security.authentication.server.AuthenticationFilter) to context static
datanode_3  | 2023-01-09 03:05:17,582 [main] INFO http.HttpServer2: Added filter authentication (class=org.apache.hadoop.security.authentication.server.AuthenticationFilter) to context logs
scm_1       | 2023-01-09 03:04:28,039 [fdf4c260-b5ae-4ffe-ba0e-da516744be60-impl-thread1] INFO segmented.SegmentedRaftLogWorker: fdf4c260-b5ae-4ffe-ba0e-da516744be60@group-499FA78F71EA-SegmentedRaftLogWorker: safeCacheEvictIndex: setUnconditionally 0 -> -1
scm_1       | 2023-01-09 03:04:28,045 [fdf4c260-b5ae-4ffe-ba0e-da516744be60-impl-thread1] INFO server.RaftServer$Division: fdf4c260-b5ae-4ffe-ba0e-da516744be60@group-499FA78F71EA: start as a follower, conf=-1: peers:[fdf4c260-b5ae-4ffe-ba0e-da516744be60|rpc:scm:9894|priority:0|startupRole:FOLLOWER]|listeners:[], old=null
om_1        | SubjectAlternativeName [
recon_1     | 
datanode_2  | 2023-01-09 03:05:26,718 [Datanode State Machine Daemon Thread] ERROR datanode.RunningDatanodeState: Error in executing end point task.
datanode_2  | java.util.concurrent.ExecutionException: java.util.concurrent.TimeoutException
datanode_2  | 	at java.base/java.util.concurrent.FutureTask.report(FutureTask.java:122)
datanode_2  | 	at java.base/java.util.concurrent.FutureTask.get(FutureTask.java:191)
scm_1       | 2023-01-09 03:04:28,049 [fdf4c260-b5ae-4ffe-ba0e-da516744be60-impl-thread1] INFO server.RaftServer$Division: fdf4c260-b5ae-4ffe-ba0e-da516744be60@group-499FA78F71EA: changes role from      null to FOLLOWER at term 0 for startAsFollower
scm_1       | 2023-01-09 03:04:28,052 [fdf4c260-b5ae-4ffe-ba0e-da516744be60-impl-thread1] INFO impl.RoleInfo: fdf4c260-b5ae-4ffe-ba0e-da516744be60: start fdf4c260-b5ae-4ffe-ba0e-da516744be60@group-499FA78F71EA-FollowerState
om_1        |   IPAddress: 172.18.0.6
recon_1     | ]
kdc_1       | Jan 09 03:23:31 kdc krb5kdc[7](info): AS_REQ (8 etypes {aes256-cts-hmac-sha1-96(18), aes128-cts-hmac-sha1-96(17), aes256-cts-hmac-sha384-192(20), aes128-cts-hmac-sha256-128(19), DEPRECATED:des3-cbc-sha1(16), DEPRECATED:arcfour-hmac(23), camellia128-cts-cmac(25), camellia256-cts-cmac(26)}) 172.18.0.6: ISSUE: authtime 1673234611, etypes {rep=aes256-cts-hmac-sha1-96(18), tkt=aes256-cts-hmac-sha1-96(18), ses=aes256-cts-hmac-sha1-96(18)}, testuser/scm@EXAMPLE.COM for krbtgt/EXAMPLE.COM@EXAMPLE.COM
datanode_3  | 2023-01-09 03:05:17,604 [main] INFO http.HttpServer2: Initialize spnego with host: 0.0.0.0 userKey: hdds.datanode.http.auth.kerberos.principal keytabKey: hdds.datanode.http.auth.kerberos.keytab
datanode_3  | 2023-01-09 03:05:17,873 [main] INFO http.HttpServer2: Jetty bound to port 9882
datanode_3  | 2023-01-09 03:05:17,880 [main] INFO server.Server: jetty-9.4.49.v20220914; built: 2022-09-14T01:07:36.601Z; git: 4231a3b2e4cb8548a412a789936d640a97b1aa0a; jvm 11.0.14.1+1-LTS
scm_1       | 2023-01-09 03:04:28,059 [fdf4c260-b5ae-4ffe-ba0e-da516744be60-impl-thread1] INFO util.JmxRegister: Successfully registered JMX Bean with object name Ratis:service=RaftServer,group=group-499FA78F71EA,id=fdf4c260-b5ae-4ffe-ba0e-da516744be60
om_1        | ]
recon_1     |   Algorithm: [SHA256withRSA]
kdc_1       | Jan 09 03:23:36 kdc krb5kdc[7](info): TGS_REQ (6 etypes {aes256-cts-hmac-sha1-96(18), aes128-cts-hmac-sha1-96(17), aes256-cts-hmac-sha384-192(20), aes128-cts-hmac-sha256-128(19), DEPRECATED:des3-cbc-sha1(16), DEPRECATED:arcfour-hmac(23)}) 172.18.0.6: ISSUE: authtime 1673234611, etypes {rep=aes256-cts-hmac-sha1-96(18), tkt=aes256-cts-hmac-sha1-96(18), ses=aes256-cts-hmac-sha1-96(18)}, testuser/scm@EXAMPLE.COM for om/om@EXAMPLE.COM
datanode_1  | 2023-01-09 03:04:51,991 [main] INFO client.DNCertificateClient: CertificateLifetimeMonitor is started with first delay 29105708065 ms and interval 86400000 ms.
datanode_1  | 2023-01-09 03:04:51,991 [main] INFO ozone.HddsDatanodeService: Successfully stored SCM signed certificate, case:GETCERT.
datanode_3  | 2023-01-09 03:05:18,228 [main] INFO server.session: DefaultSessionIdManager workerName=node0
scm_1       | 2023-01-09 03:04:28,063 [fdf4c260-b5ae-4ffe-ba0e-da516744be60-impl-thread1] INFO server.RaftServerConfigKeys: raft.server.snapshot.auto.trigger.enabled = true (custom)
om_1        | 
recon_1     |   Signature:
kdc_1       | Jan 09 03:23:40 kdc krb5kdc[7](info): TGS_REQ (6 etypes {aes256-cts-hmac-sha1-96(18), aes128-cts-hmac-sha1-96(17), aes256-cts-hmac-sha384-192(20), aes128-cts-hmac-sha256-128(19), DEPRECATED:des3-cbc-sha1(16), DEPRECATED:arcfour-hmac(23)}) 172.18.0.6: ISSUE: authtime 1673234611, etypes {rep=aes256-cts-hmac-sha1-96(18), tkt=aes256-cts-hmac-sha1-96(18), ses=aes256-cts-hmac-sha1-96(18)}, testuser/scm@EXAMPLE.COM for om/om@EXAMPLE.COM
datanode_2  | 	at org.apache.hadoop.ozone.container.common.states.datanode.RunningDatanodeState.computeNextContainerState(RunningDatanodeState.java:199)
datanode_3  | 2023-01-09 03:05:18,250 [main] INFO server.session: No SessionScavenger set, using defaults
datanode_3  | 2023-01-09 03:05:18,259 [main] INFO server.session: node0 Scavenging every 600000ms
om_1        | ]
recon_1     | 0000: 06 02 4E 4F 06 32 43 17   05 1C 0E 29 39 80 83 C4  ..NO.2C....)9...
kdc_1       | Jan 09 03:23:46 kdc krb5kdc[7](info): TGS_REQ (6 etypes {aes256-cts-hmac-sha1-96(18), aes128-cts-hmac-sha1-96(17), aes256-cts-hmac-sha384-192(20), aes128-cts-hmac-sha256-128(19), DEPRECATED:des3-cbc-sha1(16), DEPRECATED:arcfour-hmac(23)}) 172.18.0.6: ISSUE: authtime 1673234611, etypes {rep=aes256-cts-hmac-sha1-96(18), tkt=aes256-cts-hmac-sha1-96(18), ses=aes256-cts-hmac-sha1-96(18)}, testuser/scm@EXAMPLE.COM for om/om@EXAMPLE.COM
datanode_2  | 	at org.apache.hadoop.ozone.container.common.states.datanode.RunningDatanodeState.await(RunningDatanodeState.java:239)
datanode_3  | 2023-01-09 03:05:18,538 [main] INFO server.KerberosAuthenticationHandler: Using keytab /etc/security/keytabs/dn.keytab, for principal HTTP/dn@EXAMPLE.COM
datanode_3  | 2023-01-09 03:05:18,563 [main] INFO handler.ContextHandler: Started o.e.j.s.ServletContextHandler@2fba15c5{logs,/logs,file:///var/log/hadoop/,AVAILABLE}
om_1        |   Algorithm: [SHA256withRSA]
recon_1     | 0010: 3B 7D 87 0E E8 D1 65 7B   B2 FE 82 B8 3F CB EF B6  ;.....e.....?...
kdc_1       | Jan 09 03:23:53 kdc krb5kdc[7](info): TGS_REQ (6 etypes {aes256-cts-hmac-sha1-96(18), aes128-cts-hmac-sha1-96(17), aes256-cts-hmac-sha384-192(20), aes128-cts-hmac-sha256-128(19), DEPRECATED:des3-cbc-sha1(16), DEPRECATED:arcfour-hmac(23)}) 172.18.0.6: ISSUE: authtime 1673234611, etypes {rep=aes256-cts-hmac-sha1-96(18), tkt=aes256-cts-hmac-sha1-96(18), ses=aes256-cts-hmac-sha1-96(18)}, testuser/scm@EXAMPLE.COM for om/om@EXAMPLE.COM
datanode_2  | 	at org.apache.hadoop.ozone.container.common.states.datanode.RunningDatanodeState.await(RunningDatanodeState.java:50)
datanode_2  | 	at org.apache.hadoop.ozone.container.common.statemachine.StateContext.execute(StateContext.java:661)
scm_1       | 2023-01-09 03:04:28,064 [fdf4c260-b5ae-4ffe-ba0e-da516744be60-impl-thread1] INFO server.RaftServerConfigKeys: raft.server.snapshot.auto.trigger.threshold = 1000 (custom)
om_1        |   Signature:
recon_1     | 0020: 9E B2 73 65 39 03 9C 31   2A 8E 90 A7 08 F1 FB 9F  ..se9..1*.......
kdc_1       | Jan 09 03:24:03 kdc krb5kdc[7](info): TGS_REQ (6 etypes {aes256-cts-hmac-sha1-96(18), aes128-cts-hmac-sha1-96(17), aes256-cts-hmac-sha384-192(20), aes128-cts-hmac-sha256-128(19), DEPRECATED:des3-cbc-sha1(16), DEPRECATED:arcfour-hmac(23)}) 172.18.0.6: ISSUE: authtime 1673234611, etypes {rep=aes256-cts-hmac-sha1-96(18), tkt=aes256-cts-hmac-sha1-96(18), ses=aes256-cts-hmac-sha1-96(18)}, testuser/scm@EXAMPLE.COM for om/om@EXAMPLE.COM
datanode_2  | 	at org.apache.hadoop.ozone.container.common.statemachine.DatanodeStateMachine.startStateMachineThread(DatanodeStateMachine.java:309)
datanode_3  | 2023-01-09 03:05:18,570 [main] INFO handler.ContextHandler: Started o.e.j.s.ServletContextHandler@280d20fb{static,/static,jar:file:/opt/hadoop/share/ozone/lib/hdds-container-service-1.4.0-SNAPSHOT.jar!/webapps/static,AVAILABLE}
datanode_3  | 2023-01-09 03:05:19,236 [main] INFO server.KerberosAuthenticationHandler: Using keytab /etc/security/keytabs/dn.keytab, for principal HTTP/dn@EXAMPLE.COM
om_1        | 0000: 06 02 4E 4F 06 32 43 17   05 1C 0E 29 39 80 83 C4  ..NO.2C....)9...
recon_1     | 0030: 9A A7 FA 6B 66 88 95 33   E6 94 C9 10 42 15 CB 5B  ...kf..3....B..[
kdc_1       | Jan 09 03:24:09 kdc krb5kdc[7](info): TGS_REQ (6 etypes {aes256-cts-hmac-sha1-96(18), aes128-cts-hmac-sha1-96(17), aes256-cts-hmac-sha384-192(20), aes128-cts-hmac-sha256-128(19), DEPRECATED:des3-cbc-sha1(16), DEPRECATED:arcfour-hmac(23)}) 172.18.0.6: ISSUE: authtime 1673234611, etypes {rep=aes256-cts-hmac-sha1-96(18), tkt=aes256-cts-hmac-sha1-96(18), ses=aes256-cts-hmac-sha1-96(18)}, testuser/scm@EXAMPLE.COM for om/om@EXAMPLE.COM
datanode_2  | 	at org.apache.hadoop.ozone.container.common.statemachine.DatanodeStateMachine.lambda$startDaemon$0(DatanodeStateMachine.java:509)
datanode_3  | 2023-01-09 03:05:19,302 [main] INFO handler.ContextHandler: Started o.e.j.w.WebAppContext@2fc698a9{hddsDatanode,/,file:///tmp/jetty-0_0_0_0-9882-hdds-container-service-1_4_0-SNAPSHOT_jar-_-any-3749113506400254793/webapp/,AVAILABLE}{jar:file:/opt/hadoop/share/ozone/lib/hdds-container-service-1.4.0-SNAPSHOT.jar!/webapps/hddsDatanode}
scm_1       | 2023-01-09 03:04:28,065 [fdf4c260-b5ae-4ffe-ba0e-da516744be60-impl-thread1] INFO server.RaftServerConfigKeys: raft.server.snapshot.retention.file.num = -1 (default)
om_1        | 0010: 3B 7D 87 0E E8 D1 65 7B   B2 FE 82 B8 3F CB EF B6  ;.....e.....?...
om_1        | 0020: 9E B2 73 65 39 03 9C 31   2A 8E 90 A7 08 F1 FB 9F  ..se9..1*.......
recon_1     | 0040: 9D D6 A9 F7 A2 63 BD E5   37 57 AC F1 7A B2 B7 6B  .....c..7W..z..k
datanode_1  | 2023-01-09 03:04:52,132 [main] INFO upgrade.AbstractLayoutVersionManager: Initializing Layout version manager with metadata layout = DATANODE_SCHEMA_V3 (version = 4), software layout = DATANODE_SCHEMA_V3 (version = 4)
datanode_3  | 2023-01-09 03:05:19,353 [main] INFO server.AbstractConnector: Started ServerConnector@3a7be6e6{HTTP/1.1, (http/1.1)}{0.0.0.0:9882}
datanode_3  | 2023-01-09 03:05:19,370 [main] INFO server.Server: Started @97491ms
om_1        | 0030: 9A A7 FA 6B 66 88 95 33   E6 94 C9 10 42 15 CB 5B  ...kf..3....B..[
om_1        | 0040: 9D D6 A9 F7 A2 63 BD E5   37 57 AC F1 7A B2 B7 6B  .....c..7W..z..k
recon_1     | 0050: EF B4 CB 52 36 DD 0A D1   82 C0 ED CC 88 0D 95 60  ...R6..........`
datanode_1  | 2023-01-09 03:04:53,341 [main] INFO reflections.Reflections: Reflections took 937 ms to scan 2 urls, producing 97 keys and 217 values 
datanode_1  | 2023-01-09 03:04:53,644 [main] INFO statemachine.DatanodeStateMachine: Datanode State Machine Task Thread Pool size 2
datanode_3  | 2023-01-09 03:05:19,375 [main] INFO impl.MetricsSinkAdapter: Sink prometheus started
datanode_3  | 2023-01-09 03:05:19,375 [main] INFO impl.MetricsSystemImpl: Registered sink prometheus
recon_1     | 0060: FC 67 8B EA 86 2C 4B E8   D9 83 57 66 2A D2 07 8B  .g...,K...Wf*...
recon_1     | 0070: AA 94 BD B3 CD 9E 47 25   A6 82 E3 60 60 A9 9A 40  ......G%...``..@
datanode_1  | 2023-01-09 03:04:54,972 [main] INFO fs.SaveSpaceUsageToFile: Cached usage info file /data/hdds/scmUsed not found
datanode_3  | 2023-01-09 03:05:19,380 [main] INFO http.BaseHttpServer: HTTP server of hddsDatanode listening at http://0.0.0.0:9882
scm_1       | 2023-01-09 03:04:28,066 [fdf4c260-b5ae-4ffe-ba0e-da516744be60-impl-thread1] INFO server.RaftServerConfigKeys: raft.server.log.purge.upto.snapshot.index = false (default)
kdc_1       | Jan 09 03:24:19 kdc krb5kdc[7](info): TGS_REQ (6 etypes {aes256-cts-hmac-sha1-96(18), aes128-cts-hmac-sha1-96(17), aes256-cts-hmac-sha384-192(20), aes128-cts-hmac-sha256-128(19), DEPRECATED:des3-cbc-sha1(16), DEPRECATED:arcfour-hmac(23)}) 172.18.0.6: ISSUE: authtime 1673234611, etypes {rep=aes256-cts-hmac-sha1-96(18), tkt=aes256-cts-hmac-sha1-96(18), ses=aes256-cts-hmac-sha1-96(18)}, testuser/scm@EXAMPLE.COM for om/om@EXAMPLE.COM
kdc_1       | Jan 09 03:24:26 kdc krb5kdc[7](info): TGS_REQ (6 etypes {aes256-cts-hmac-sha1-96(18), aes128-cts-hmac-sha1-96(17), aes256-cts-hmac-sha384-192(20), aes128-cts-hmac-sha256-128(19), DEPRECATED:des3-cbc-sha1(16), DEPRECATED:arcfour-hmac(23)}) 172.18.0.6: ISSUE: authtime 1673234611, etypes {rep=aes256-cts-hmac-sha1-96(18), tkt=aes256-cts-hmac-sha1-96(18), ses=aes256-cts-hmac-sha1-96(18)}, testuser/scm@EXAMPLE.COM for om/om@EXAMPLE.COM
recon_1     | 0080: 66 AF 53 F8 86 9A 21 20   CC 05 3E FC 55 16 7C 7F  f.S...! ..>.U...
datanode_2  | 	at java.base/java.lang.Thread.run(Thread.java:829)
datanode_3  | 2023-01-09 03:05:19,389 [Datanode State Machine Daemon Thread] INFO statemachine.DatanodeStateMachine: Ozone container server started.
datanode_3  | 2023-01-09 03:05:19,480 [org.apache.hadoop.util.JvmPauseMonitor$Monitor@7e27da0a] INFO util.JvmPauseMonitor: Starting JVM pause monitor
scm_1       | 2023-01-09 03:04:28,070 [main] INFO server.RaftServer: fdf4c260-b5ae-4ffe-ba0e-da516744be60: start RPC server
om_1        | 0050: EF B4 CB 52 36 DD 0A D1   82 C0 ED CC 88 0D 95 60  ...R6..........`
recon_1     | 0090: AF 0E 46 63 A7 E2 23 6C   13 C9 E7 AB 2A 4C 7B 87  ..Fc..#l....*L..
datanode_2  | Caused by: java.util.concurrent.TimeoutException
datanode_1  | 2023-01-09 03:04:55,092 [main] INFO volume.HddsVolume: Creating HddsVolume: /data/hdds/hdds of storage type : DISK capacity : 89297309696
datanode_3  | 2023-01-09 03:05:19,715 [Datanode State Machine Task Thread - 0] INFO statemachine.SCMConnectionManager: Adding Recon Server : recon/172.18.0.3:9891
datanode_3  | 2023-01-09 03:05:19,733 [Datanode State Machine Task Thread - 0] INFO datanode.InitDatanodeState: DatanodeDetails is persisted to /data/datanode.id
datanode_3  | 2023-01-09 03:05:22,668 [EndpointStateMachine task thread for recon/172.18.0.3:9891 - 0 ] INFO ipc.Client: Retrying connect to server: recon/172.18.0.3:9891. Already tried 0 time(s); retry policy is RetryUpToMaximumCountWithFixedSleep(maxRetries=15, sleepTime=1000 MILLISECONDS)
scm_1       | 2023-01-09 03:04:28,075 [fdf4c260-b5ae-4ffe-ba0e-da516744be60@group-499FA78F71EA-FollowerState] INFO server.RaftServerConfigKeys: raft.server.rpc.first-election.timeout.min = 5000ms (fallback to raft.server.rpc.timeout.min)
om_1        | 0060: FC 67 8B EA 86 2C 4B E8   D9 83 57 66 2A D2 07 8B  .g...,K...Wf*...
recon_1     | 00A0: 1F 48 73 35 64 C8 08 24   18 38 F7 49 DE 7C 8A 8B  .Hs5d..$.8.I....
datanode_2  | 	at java.base/java.util.concurrent.FutureTask.get(FutureTask.java:204)
datanode_1  | 2023-01-09 03:04:55,111 [main] INFO volume.MutableVolumeSet: Added Volume : /data/hdds/hdds to VolumeSet
kdc_1       | Jan 09 03:24:27 kdc krb5kdc[7](info): AS_REQ (8 etypes {aes256-cts-hmac-sha1-96(18), aes128-cts-hmac-sha1-96(17), aes256-cts-hmac-sha384-192(20), aes128-cts-hmac-sha256-128(19), DEPRECATED:des3-cbc-sha1(16), DEPRECATED:arcfour-hmac(23), camellia128-cts-cmac(25), camellia256-cts-cmac(26)}) 172.18.0.6: ISSUE: authtime 1673234667, etypes {rep=aes256-cts-hmac-sha1-96(18), tkt=aes256-cts-hmac-sha1-96(18), ses=aes256-cts-hmac-sha1-96(18)}, testuser/scm@EXAMPLE.COM for krbtgt/EXAMPLE.COM@EXAMPLE.COM
kdc_1       | Jan 09 03:24:32 kdc krb5kdc[7](info): TGS_REQ (6 etypes {aes256-cts-hmac-sha1-96(18), aes128-cts-hmac-sha1-96(17), aes256-cts-hmac-sha384-192(20), aes128-cts-hmac-sha256-128(19), DEPRECATED:des3-cbc-sha1(16), DEPRECATED:arcfour-hmac(23)}) 172.18.0.6: ISSUE: authtime 1673234667, etypes {rep=aes256-cts-hmac-sha1-96(18), tkt=aes256-cts-hmac-sha1-96(18), ses=aes256-cts-hmac-sha1-96(18)}, testuser/scm@EXAMPLE.COM for om/om@EXAMPLE.COM
datanode_3  | 2023-01-09 03:05:23,014 [EndpointStateMachine task thread for scm/172.18.0.6:9861 - 0 ] INFO utils.DatanodeStoreCache: Added db /data/hdds/hdds/CID-cc0f68d3-0234-429a-96f1-499fa78f71ea/DS-80b6ddbd-e028-4a50-9011-c3708680e8da/container.db to cache
scm_1       | 2023-01-09 03:04:28,075 [fdf4c260-b5ae-4ffe-ba0e-da516744be60@group-499FA78F71EA-FollowerState] INFO server.RaftServerConfigKeys: raft.server.rpc.first-election.timeout.max = 5200ms (fallback to raft.server.rpc.timeout.max)
om_1        | 0070: AA 94 BD B3 CD 9E 47 25   A6 82 E3 60 60 A9 9A 40  ......G%...``..@
recon_1     | 00B0: F6 45 BC F5 3F ED 1F FB   E3 82 33 10 B5 CA B5 B5  .E..?.....3.....
datanode_2  | 	at org.apache.hadoop.ozone.container.common.states.datanode.RunningDatanodeState.lambda$execute$0(RunningDatanodeState.java:157)
datanode_1  | 2023-01-09 03:04:55,123 [main] INFO volume.ThrottledAsyncChecker: Scheduling a check for /data/hdds/hdds
kdc_1       | Jan 09 03:24:39 kdc krb5kdc[7](info): TGS_REQ (6 etypes {aes256-cts-hmac-sha1-96(18), aes128-cts-hmac-sha1-96(17), aes256-cts-hmac-sha384-192(20), aes128-cts-hmac-sha256-128(19), DEPRECATED:des3-cbc-sha1(16), DEPRECATED:arcfour-hmac(23)}) 172.18.0.6: ISSUE: authtime 1673234667, etypes {rep=aes256-cts-hmac-sha1-96(18), tkt=aes256-cts-hmac-sha1-96(18), ses=aes256-cts-hmac-sha1-96(18)}, testuser/scm@EXAMPLE.COM for om/om@EXAMPLE.COM
datanode_3  | 2023-01-09 03:05:23,014 [EndpointStateMachine task thread for scm/172.18.0.6:9861 - 0 ] INFO volume.HddsVolume: SchemaV3 db is created and loaded at /data/hdds/hdds/CID-cc0f68d3-0234-429a-96f1-499fa78f71ea/DS-80b6ddbd-e028-4a50-9011-c3708680e8da/container.db for volume DS-80b6ddbd-e028-4a50-9011-c3708680e8da
datanode_3  | 2023-01-09 03:05:23,030 [EndpointStateMachine task thread for scm/172.18.0.6:9861 - 0 ] INFO ozoneimpl.OzoneContainer: Attempting to start container services.
om_1        | 0080: 66 AF 53 F8 86 9A 21 20   CC 05 3E FC 55 16 7C 7F  f.S...! ..>.U...
recon_1     | 00C0: 32 F2 EC 4C 15 4E 40 C1   E9 30 8D DD B6 5D E0 76  2..L.N@..0...].v
datanode_2  | 	at java.base/java.util.concurrent.FutureTask.run(FutureTask.java:264)
datanode_1  | 2023-01-09 03:04:55,323 [main] INFO volume.StorageVolumeChecker: Scheduled health check for volume /data/hdds/hdds
