kdc_1       | Jan 09 03:28:08 kdc krb5kdc[7](info): TGS_REQ (6 etypes {aes256-cts-hmac-sha1-96(18), aes128-cts-hmac-sha1-96(17), aes256-cts-hmac-sha384-192(20), aes128-cts-hmac-sha256-128(19), DEPRECATED:des3-cbc-sha1(16), DEPRECATED:arcfour-hmac(23)}) 172.18.0.6: ISSUE: authtime 1673234883, etypes {rep=aes256-cts-hmac-sha1-96(18), tkt=aes256-cts-hmac-sha1-96(18), ses=aes256-cts-hmac-sha1-96(18)}, testuser/scm@EXAMPLE.COM for om/om@EXAMPLE.COM
scm_1       | /************************************************************
scm_1       | SHUTDOWN_MSG: Shutting down StorageContainerManager at scm/172.18.0.6
scm_1       | ************************************************************/
scm_1       | No '-XX:...' jvm parameters are set. Adding safer GC settings '-XX:ParallelGCThreads=8 -XX:+UseConcMarkSweepGC -XX:CMSInitiatingOccupancyFraction=70 -XX:+CMSParallelRemarkEnabled' to the OZONE_OPTS
datanode_2  | 	at java.base/javax.security.auth.Subject.doAs(Subject.java:423)
datanode_3  | 	at org.apache.hadoop.ozone.container.common.states.datanode.RunningDatanodeState.await(RunningDatanodeState.java:239)
kdc_1       | Jan 09 03:28:14 kdc krb5kdc[7](info): TGS_REQ (6 etypes {aes256-cts-hmac-sha1-96(18), aes128-cts-hmac-sha1-96(17), aes256-cts-hmac-sha384-192(20), aes128-cts-hmac-sha256-128(19), DEPRECATED:des3-cbc-sha1(16), DEPRECATED:arcfour-hmac(23)}) 172.18.0.6: ISSUE: authtime 1673234883, etypes {rep=aes256-cts-hmac-sha1-96(18), tkt=aes256-cts-hmac-sha1-96(18), ses=aes256-cts-hmac-sha1-96(18)}, testuser/scm@EXAMPLE.COM for om/om@EXAMPLE.COM
kdc_1       | Jan 09 03:28:20 kdc krb5kdc[7](info): TGS_REQ (6 etypes {aes256-cts-hmac-sha1-96(18), aes128-cts-hmac-sha1-96(17), aes256-cts-hmac-sha384-192(20), aes128-cts-hmac-sha256-128(19), DEPRECATED:des3-cbc-sha1(16), DEPRECATED:arcfour-hmac(23)}) 172.18.0.6: ISSUE: authtime 1673234883, etypes {rep=aes256-cts-hmac-sha1-96(18), tkt=aes256-cts-hmac-sha1-96(18), ses=aes256-cts-hmac-sha1-96(18)}, testuser/scm@EXAMPLE.COM for om/om@EXAMPLE.COM
kdc_1       | Jan 09 03:28:27 kdc krb5kdc[7](info): TGS_REQ (6 etypes {aes256-cts-hmac-sha1-96(18), aes128-cts-hmac-sha1-96(17), aes256-cts-hmac-sha384-192(20), aes128-cts-hmac-sha256-128(19), DEPRECATED:des3-cbc-sha1(16), DEPRECATED:arcfour-hmac(23)}) 172.18.0.6: ISSUE: authtime 1673234883, etypes {rep=aes256-cts-hmac-sha1-96(18), tkt=aes256-cts-hmac-sha1-96(18), ses=aes256-cts-hmac-sha1-96(18)}, testuser/scm@EXAMPLE.COM for om/om@EXAMPLE.COM
datanode_2  | 	at org.apache.hadoop.security.UserGroupInformation.doAs(UserGroupInformation.java:1878)
datanode_3  | 	at org.apache.hadoop.ozone.container.common.states.datanode.RunningDatanodeState.await(RunningDatanodeState.java:50)
datanode_3  | 	at org.apache.hadoop.ozone.container.common.statemachine.StateContext.execute(StateContext.java:661)
datanode_3  | 	at org.apache.hadoop.ozone.container.common.statemachine.DatanodeStateMachine.startStateMachineThread(DatanodeStateMachine.java:309)
scm_1       | OpenJDK 64-Bit Server VM warning: Option UseConcMarkSweepGC was deprecated in version 9.0 and will likely be removed in a future release.
scm_1       | 2023-01-09 03:04:36,921 [main] INFO server.StorageContainerManagerStarter: STARTUP_MSG: 
scm_1       | /************************************************************
datanode_2  | 	at org.apache.hadoop.ipc.Client$Connection.handleSaslConnectionFailure(Client.java:752)
datanode_3  | 	at org.apache.hadoop.ozone.container.common.statemachine.DatanodeStateMachine.lambda$startDaemon$0(DatanodeStateMachine.java:509)
datanode_3  | 	at java.base/java.lang.Thread.run(Thread.java:829)
datanode_1  | 2023-01-09 03:05:15,634 [main] INFO http.HttpServer2: Added filter authentication (class=org.apache.hadoop.security.authentication.server.AuthenticationFilter) to context logs
scm_1       | STARTUP_MSG: Starting StorageContainerManager
scm_1       | STARTUP_MSG:   host = scm/172.18.0.6
scm_1       | STARTUP_MSG:   args = []
datanode_2  | 	at org.apache.hadoop.ipc.Client$Connection.setupIOstreams(Client.java:856)
datanode_2  | 	at org.apache.hadoop.ipc.Client$Connection.access$3800(Client.java:414)
datanode_3  | Caused by: java.util.concurrent.TimeoutException
datanode_1  | 2023-01-09 03:05:15,638 [main] INFO http.HttpServer2: Added filter authentication (class=org.apache.hadoop.security.authentication.server.AuthenticationFilter) to context static
scm_1       | STARTUP_MSG:   version = 1.4.0-SNAPSHOT
recon_1     |   Signature:
recon_1     | 0000: 9F B4 59 85 36 6C 9F 3E   68 3C 4B 53 27 AF 51 4E  ..Y.6l.>h<KS'.QN
datanode_2  | 	at org.apache.hadoop.ipc.Client.getConnection(Client.java:1677)
datanode_2  | 	at org.apache.hadoop.ipc.Client.call(Client.java:1502)
recon_1     | 0010: 0C 08 45 20 FA 51 47 16   14 D4 1A 4C BF B7 62 3A  ..E .QG....L..b:
om_1        | KeyUsage [
datanode_1  | 2023-01-09 03:05:15,654 [main] INFO http.HttpServer2: Initialize spnego with host: 0.0.0.0 userKey: hdds.datanode.http.auth.kerberos.principal keytabKey: hdds.datanode.http.auth.kerberos.keytab
datanode_3  | 	at java.base/java.util.concurrent.FutureTask.get(FutureTask.java:204)
datanode_3  | 	at org.apache.hadoop.ozone.container.common.states.datanode.RunningDatanodeState.lambda$execute$0(RunningDatanodeState.java:157)
scm_1       | STARTUP_MSG:   classpath = /etc/hadoop:/opt/hadoop/share/ozone/lib/kerb-simplekdc-1.0.1.jar:/opt/hadoop/share/ozone/lib/netty-transport-4.1.77.Final.jar:/opt/hadoop/share/ozone/lib/slf4j-reload4j-1.7.36.jar:/opt/hadoop/share/ozone/lib/protobuf-java-2.5.0.jar:/opt/hadoop/share/ozone/lib/jaxb-core-2.3.0.1.jar:/opt/hadoop/share/ozone/lib/istack-commons-runtime-3.0.5.jar:/opt/hadoop/share/ozone/lib/commons-validator-1.6.jar:/opt/hadoop/share/ozone/lib/hdds-erasurecode-1.4.0-SNAPSHOT.jar:/opt/hadoop/share/ozone/lib/hdds-hadoop-dependency-server-1.4.0-SNAPSHOT.jar:/opt/hadoop/share/ozone/lib/bcpkix-jdk15on-1.67.jar:/opt/hadoop/share/ozone/lib/commons-net-3.9.0.jar:/opt/hadoop/share/ozone/lib/kerb-core-1.0.1.jar:/opt/hadoop/share/ozone/lib/hadoop-shaded-protobuf_3_7-1.1.1.jar:/opt/hadoop/share/ozone/lib/jsr305-3.0.0.jar:/opt/hadoop/share/ozone/lib/j2objc-annotations-1.3.jar:/opt/hadoop/share/ozone/lib/jetty-webapp-9.4.49.v20220914.jar:/opt/hadoop/share/ozone/lib/picocli-4.6.1.jar:/opt/hadoop/share/ozone/lib/javassist-3.21.0-GA.jar:/opt/hadoop/share/ozone/lib/jaxb-api-2.3.0.jar:/opt/hadoop/share/ozone/lib/hdds-interface-admin-1.4.0-SNAPSHOT.jar:/opt/hadoop/share/ozone/lib/commons-codec-1.15.jar:/opt/hadoop/share/ozone/lib/kerb-util-1.0.1.jar:/opt/hadoop/share/ozone/lib/hadoop-shaded-guava-1.1.1.jar:/opt/hadoop/share/ozone/lib/kotlin-stdlib-1.6.21.jar:/opt/hadoop/share/ozone/lib/log4j-core-2.17.1.jar:/opt/hadoop/share/ozone/lib/commons-logging-1.2.jar:/opt/hadoop/share/ozone/lib/ratis-thirdparty-misc-1.0.3.jar:/opt/hadoop/share/ozone/lib/jetty-security-9.4.49.v20220914.jar:/opt/hadoop/share/ozone/lib/accessors-smart-2.4.7.jar:/opt/hadoop/share/ozone/lib/kerby-xdr-1.0.1.jar:/opt/hadoop/share/ozone/lib/netty-handler-4.1.77.Final.jar:/opt/hadoop/share/ozone/lib/txw2-2.3.0.1.jar:/opt/hadoop/share/ozone/lib/httpcore-4.4.13.jar:/opt/hadoop/share/ozone/lib/hdds-container-service-1.4.0-SNAPSHOT.jar:/opt/hadoop/share/ozone/lib/guava-31.1-jre.jar:/opt/hadoop/share/ozone/lib/opentracing-tracerresolver-0.1.8.jar:/opt/hadoop/share/ozone/lib/ratis-grpc-2.4.2-8b8bdda-SNAPSHOT.jar:/opt/hadoop/share/ozone/lib/hadoop-auth-3.3.4.jar:/opt/hadoop/share/ozone/lib/libthrift-0.14.1.jar:/opt/hadoop/share/ozone/lib/stax-ex-1.7.8.jar:/opt/hadoop/share/ozone/lib/error_prone_annotations-2.2.0.jar:/opt/hadoop/share/ozone/lib/kotlin-stdlib-common-1.4.10.jar:/opt/hadoop/share/ozone/lib/hdds-hadoop-dependency-client-1.4.0-SNAPSHOT.jar:/opt/hadoop/share/ozone/lib/zstd-jni-1.5.2-5.jar:/opt/hadoop/share/ozone/lib/httpclient-4.5.13.jar:/opt/hadoop/share/ozone/lib/ratis-proto-2.4.2-8b8bdda-SNAPSHOT.jar:/opt/hadoop/share/ozone/lib/jaeger-client-1.6.0.jar:/opt/hadoop/share/ozone/lib/kerby-config-1.0.1.jar:/opt/hadoop/share/ozone/lib/jackson-annotations-2.13.4.jar:/opt/hadoop/share/ozone/lib/commons-io-2.11.0.jar:/opt/hadoop/share/ozone/lib/metrics-core-3.2.4.jar:/opt/hadoop/share/ozone/lib/hadoop-annotations-3.3.4.jar:/opt/hadoop/share/ozone/lib/kerby-pkix-1.0.1.jar:/opt/hadoop/share/ozone/lib/jetty-util-9.4.49.v20220914.jar:/opt/hadoop/share/ozone/lib/json-smart-2.4.7.jar:/opt/hadoop/share/ozone/lib/jetty-io-9.4.49.v20220914.jar:/opt/hadoop/share/ozone/lib/jsr311-api-1.1.1.jar:/opt/hadoop/share/ozone/lib/jetty-server-9.4.49.v20220914.jar:/opt/hadoop/share/ozone/lib/commons-beanutils-1.9.4.jar:/opt/hadoop/share/ozone/lib/javax.servlet-api-3.1.0.jar:/opt/hadoop/share/ozone/lib/kerb-server-1.0.1.jar:/opt/hadoop/share/ozone/lib/netty-resolver-4.1.77.Final.jar:/opt/hadoop/share/ozone/lib/kerb-client-1.0.1.jar:/opt/hadoop/share/ozone/lib/jetty-xml-9.4.49.v20220914.jar:/opt/hadoop/share/ozone/lib/hadoop-common-3.3.4.jar:/opt/hadoop/share/ozone/lib/disruptor-3.4.2.jar:/opt/hadoop/share/ozone/lib/reflections-0.9.11.jar:/opt/hadoop/share/ozone/lib/gson-2.9.0.jar:/opt/hadoop/share/ozone/lib/snakeyaml-1.33.jar:/opt/hadoop/share/ozone/lib/nimbus-jose-jwt-9.8.1.jar:/opt/hadoop/share/ozone/lib/hdds-client-1.4.0-SNAPSHOT.jar:/opt/hadoop/share/ozone/lib/ratis-common-2.4.2-8b8bdda-SNAPSHOT.jar:/opt/hadoop/share/ozone/lib/annotations-13.0.jar:/opt/hadoop/share/ozone/lib/simpleclient_common-0.7.0.jar:/opt/hadoop/share/ozone/lib/jaeger-thrift-1.6.0.jar:/opt/hadoop/share/ozone/lib/dnsjava-2.1.7.jar:/opt/hadoop/share/ozone/lib/rocksdbjni-7.7.3.jar:/opt/hadoop/share/ozone/lib/bcprov-jdk15on-1.67.jar:/opt/hadoop/share/ozone/lib/commons-configuration2-2.1.1.jar:/opt/hadoop/share/ozone/lib/token-provider-1.0.1.jar:/opt/hadoop/share/ozone/lib/commons-daemon-1.0.13.jar:/opt/hadoop/share/ozone/lib/listenablefuture-9999.0-empty-to-avoid-conflict-with-guava.jar:/opt/hadoop/share/ozone/lib/jaeger-tracerresolver-1.6.0.jar:/opt/hadoop/share/ozone/lib/slf4j-api-1.7.36.jar:/opt/hadoop/share/ozone/lib/commons-lang3-3.7.jar:/opt/hadoop/share/ozone/lib/re2j-1.1.jar:/opt/hadoop/share/ozone/lib/jackson-datatype-jsr310-2.13.4.jar:/opt/hadoop/share/ozone/lib/simpleclient_dropwizard-0.7.0.jar:/opt/hadoop/share/ozone/lib/simpleclient-0.7.0.jar:/opt/hadoop/share/ozone/lib/ratis-metrics-2.4.2-8b8bdda-SNAPSHOT.jar:/opt/hadoop/share/ozone/lib/asm-5.0.4.jar:/opt/hadoop/share/ozone/lib/kerby-util-1.0.1.jar:/opt/hadoop/share/ozone/lib/netty-codec-4.1.77.Final.jar:/opt/hadoop/share/ozone/lib/failureaccess-1.0.1.jar:/opt/hadoop/share/ozone/lib/jackson-databind-2.13.4.2.jar:/opt/hadoop/share/ozone/lib/okio-2.8.0.jar:/opt/hadoop/share/ozone/lib/jetty-servlet-9.4.49.v20220914.jar:/opt/hadoop/share/ozone/lib/jsp-api-2.1.jar:/opt/hadoop/share/ozone/lib/jsch-0.1.54.jar:/opt/hadoop/share/ozone/lib/jakarta.activation-api-1.2.1.jar:/opt/hadoop/share/ozone/lib/reload4j-1.2.22.jar:/opt/hadoop/share/ozone/lib/woodstox-core-5.4.0.jar:/opt/hadoop/share/ozone/lib/commons-pool2-2.6.0.jar:/opt/hadoop/share/ozone/lib/opentracing-api-0.33.0.jar:/opt/hadoop/share/ozone/lib/jcip-annotations-1.0-1.jar:/opt/hadoop/share/ozone/lib/kerb-admin-1.0.1.jar:/opt/hadoop/share/ozone/lib/jetty-util-ajax-9.4.49.v20220914.jar:/opt/hadoop/share/ozone/lib/netty-buffer-4.1.77.Final.jar:/opt/hadoop/share/ozone/lib/opentracing-noop-0.33.0.jar:/opt/hadoop/share/ozone/lib/hadoop-hdfs-client-3.3.4.jar:/opt/hadoop/share/ozone/lib/jersey-core-1.19.jar:/opt/hadoop/share/ozone/lib/commons-compress-1.21.jar:/opt/hadoop/share/ozone/lib/jaxb-runtime-2.3.0.1.jar:/opt/hadoop/share/ozone/lib/hadoop-hdfs-3.3.4.jar:/opt/hadoop/share/ozone/lib/jackson-core-2.13.4.jar:/opt/hadoop/share/ozone/lib/hdds-annotation-processing-1.4.0-SNAPSHOT.jar:/opt/hadoop/share/ozone/lib/opentracing-util-0.33.0.jar:/opt/hadoop/share/ozone/lib/stax2-api-4.2.1.jar:/opt/hadoop/share/ozone/lib/snappy-java-1.1.8.2.jar:/opt/hadoop/share/ozone/lib/ratis-netty-2.4.2-8b8bdda-SNAPSHOT.jar:/opt/hadoop/share/ozone/lib/hdds-config-1.4.0-SNAPSHOT.jar:/opt/hadoop/share/ozone/lib/commons-cli-1.2.jar:/opt/hadoop/share/ozone/lib/log4j-api-2.17.1.jar:/opt/hadoop/share/ozone/lib/javax.annotation-api-1.2.jar:/opt/hadoop/share/ozone/lib/ratis-server-api-2.4.2-8b8bdda-SNAPSHOT.jar:/opt/hadoop/share/ozone/lib/hdds-interface-client-1.4.0-SNAPSHOT.jar:/opt/hadoop/share/ozone/lib/kerby-asn1-1.0.1.jar:/opt/hadoop/share/ozone/lib/okhttp-4.9.3.jar:/opt/hadoop/share/ozone/lib/checker-qual-3.12.0.jar:/opt/hadoop/share/ozone/lib/hdds-interface-server-1.4.0-SNAPSHOT.jar:/opt/hadoop/share/ozone/lib/hdds-common-1.4.0-SNAPSHOT.jar:/opt/hadoop/share/ozone/lib/commons-digester-1.8.1.jar:/opt/hadoop/share/ozone/lib/commons-collections-3.2.2.jar:/opt/hadoop/share/ozone/lib/jaeger-core-1.6.0.jar:/opt/hadoop/share/ozone/lib/ratis-client-2.4.2-8b8bdda-SNAPSHOT.jar:/opt/hadoop/share/ozone/lib/commons-text-1.4.jar:/opt/hadoop/share/ozone/lib/jersey-servlet-1.19.jar:/opt/hadoop/share/ozone/lib/ratis-server-2.4.2-8b8bdda-SNAPSHOT.jar:/opt/hadoop/share/ozone/lib/jetty-http-9.4.49.v20220914.jar:/opt/hadoop/share/ozone/lib/kerb-identity-1.0.1.jar:/opt/hadoop/share/ozone/lib/FastInfoset-1.2.13.jar:/opt/hadoop/share/ozone/lib/kerb-common-1.0.1.jar:/opt/hadoop/share/ozone/lib/hdds-server-framework-1.4.0-SNAPSHOT.jar:/opt/hadoop/share/ozone/lib/jersey-server-1.19.jar:/opt/hadoop/share/ozone/lib/kerb-crypto-1.0.1.jar:/opt/hadoop/share/ozone/lib/netty-common-4.1.77.Final.jar:/opt/hadoop/share/ozone/web:/opt/hadoop/share/ozone/lib/hdds-server-scm-1.4.0-SNAPSHOT.jar
scm_1       | STARTUP_MSG:   build = https://github.com/apache/ozone/a1cb9d567d30d0dd81f16dc6c9940ee25f6c2f53 ; compiled by 'runner' on 2023-01-09T02:45Z
kdc_1       | Jan 09 03:28:34 kdc krb5kdc[7](info): TGS_REQ (6 etypes {aes256-cts-hmac-sha1-96(18), aes128-cts-hmac-sha1-96(17), aes256-cts-hmac-sha384-192(20), aes128-cts-hmac-sha256-128(19), DEPRECATED:des3-cbc-sha1(16), DEPRECATED:arcfour-hmac(23)}) 172.18.0.6: ISSUE: authtime 1673234883, etypes {rep=aes256-cts-hmac-sha1-96(18), tkt=aes256-cts-hmac-sha1-96(18), ses=aes256-cts-hmac-sha1-96(18)}, testuser/scm@EXAMPLE.COM for om/om@EXAMPLE.COM
om_1        |   Key_CertSign
datanode_3  | 	at java.base/java.util.concurrent.FutureTask.run(FutureTask.java:264)
datanode_2  | 	... 12 more
recon_1     | 0020: F3 06 AF B9 83 BA A6 72   E0 3B 42 1F ED 55 16 48  .......r.;B..U.H
scm_1       | STARTUP_MSG:   java = 11.0.14.1
kdc_1       | Jan 09 03:28:40 kdc krb5kdc[7](info): TGS_REQ (6 etypes {aes256-cts-hmac-sha1-96(18), aes128-cts-hmac-sha1-96(17), aes256-cts-hmac-sha384-192(20), aes128-cts-hmac-sha256-128(19), DEPRECATED:des3-cbc-sha1(16), DEPRECATED:arcfour-hmac(23)}) 172.18.0.6: ISSUE: authtime 1673234883, etypes {rep=aes256-cts-hmac-sha1-96(18), tkt=aes256-cts-hmac-sha1-96(18), ses=aes256-cts-hmac-sha1-96(18)}, testuser/scm@EXAMPLE.COM for om/om@EXAMPLE.COM
om_1        |   Crl_Sign
kdc_1       | Jan 09 03:28:47 kdc krb5kdc[7](info): TGS_REQ (6 etypes {aes256-cts-hmac-sha1-96(18), aes128-cts-hmac-sha1-96(17), aes256-cts-hmac-sha384-192(20), aes128-cts-hmac-sha256-128(19), DEPRECATED:des3-cbc-sha1(16), DEPRECATED:arcfour-hmac(23)}) 172.18.0.6: ISSUE: authtime 1673234883, etypes {rep=aes256-cts-hmac-sha1-96(18), tkt=aes256-cts-hmac-sha1-96(18), ses=aes256-cts-hmac-sha1-96(18)}, testuser/scm@EXAMPLE.COM for om/om@EXAMPLE.COM
kdc_1       | Jan 09 03:28:53 kdc krb5kdc[7](info): TGS_REQ (6 etypes {aes256-cts-hmac-sha1-96(18), aes128-cts-hmac-sha1-96(17), aes256-cts-hmac-sha384-192(20), aes128-cts-hmac-sha256-128(19), DEPRECATED:des3-cbc-sha1(16), DEPRECATED:arcfour-hmac(23)}) 172.18.0.6: ISSUE: authtime 1673234883, etypes {rep=aes256-cts-hmac-sha1-96(18), tkt=aes256-cts-hmac-sha1-96(18), ses=aes256-cts-hmac-sha1-96(18)}, testuser/scm@EXAMPLE.COM for om/om@EXAMPLE.COM
recon_1     | 0030: 1A DD 38 FD 9A 71 5F D0   B5 75 19 F3 4F 20 9D 36  ..8..q_..u..O .6
datanode_3  | 	at java.base/java.util.concurrent.Executors$RunnableAdapter.call(Executors.java:515)
kdc_1       | Jan 09 03:29:00 kdc krb5kdc[7](info): TGS_REQ (6 etypes {aes256-cts-hmac-sha1-96(18), aes128-cts-hmac-sha1-96(17), aes256-cts-hmac-sha384-192(20), aes128-cts-hmac-sha256-128(19), DEPRECATED:des3-cbc-sha1(16), DEPRECATED:arcfour-hmac(23)}) 172.18.0.6: ISSUE: authtime 1673234883, etypes {rep=aes256-cts-hmac-sha1-96(18), tkt=aes256-cts-hmac-sha1-96(18), ses=aes256-cts-hmac-sha1-96(18)}, testuser/scm@EXAMPLE.COM for om/om@EXAMPLE.COM
recon_1     | 0040: CE 80 C8 24 33 FF 07 9C   1F C0 A8 CE 73 E8 CF 61  ...$3.......s..a
datanode_3  | 	at java.base/java.util.concurrent.FutureTask.run(FutureTask.java:264)
kdc_1       | Jan 09 03:29:07 kdc krb5kdc[7](info): TGS_REQ (6 etypes {aes256-cts-hmac-sha1-96(18), aes128-cts-hmac-sha1-96(17), aes256-cts-hmac-sha384-192(20), aes128-cts-hmac-sha256-128(19), DEPRECATED:des3-cbc-sha1(16), DEPRECATED:arcfour-hmac(23)}) 172.18.0.6: ISSUE: authtime 1673234883, etypes {rep=aes256-cts-hmac-sha1-96(18), tkt=aes256-cts-hmac-sha1-96(18), ses=aes256-cts-hmac-sha1-96(18)}, testuser/scm@EXAMPLE.COM for om/om@EXAMPLE.COM
kdc_1       | Jan 09 03:29:14 kdc krb5kdc[7](info): TGS_REQ (6 etypes {aes256-cts-hmac-sha1-96(18), aes128-cts-hmac-sha1-96(17), aes256-cts-hmac-sha384-192(20), aes128-cts-hmac-sha256-128(19), DEPRECATED:des3-cbc-sha1(16), DEPRECATED:arcfour-hmac(23)}) 172.18.0.6: ISSUE: authtime 1673234883, etypes {rep=aes256-cts-hmac-sha1-96(18), tkt=aes256-cts-hmac-sha1-96(18), ses=aes256-cts-hmac-sha1-96(18)}, testuser/scm@EXAMPLE.COM for om/om@EXAMPLE.COM
kdc_1       | Jan 09 03:29:20 kdc krb5kdc[7](info): TGS_REQ (6 etypes {aes256-cts-hmac-sha1-96(18), aes128-cts-hmac-sha1-96(17), aes256-cts-hmac-sha384-192(20), aes128-cts-hmac-sha256-128(19), DEPRECATED:des3-cbc-sha1(16), DEPRECATED:arcfour-hmac(23)}) 172.18.0.6: ISSUE: authtime 1673234883, etypes {rep=aes256-cts-hmac-sha1-96(18), tkt=aes256-cts-hmac-sha1-96(18), ses=aes256-cts-hmac-sha1-96(18)}, testuser/scm@EXAMPLE.COM for om/om@EXAMPLE.COM
kdc_1       | Jan 09 03:29:27 kdc krb5kdc[7](info): TGS_REQ (6 etypes {aes256-cts-hmac-sha1-96(18), aes128-cts-hmac-sha1-96(17), aes256-cts-hmac-sha384-192(20), aes128-cts-hmac-sha256-128(19), DEPRECATED:des3-cbc-sha1(16), DEPRECATED:arcfour-hmac(23)}) 172.18.0.6: ISSUE: authtime 1673234883, etypes {rep=aes256-cts-hmac-sha1-96(18), tkt=aes256-cts-hmac-sha1-96(18), ses=aes256-cts-hmac-sha1-96(18)}, testuser/scm@EXAMPLE.COM for om/om@EXAMPLE.COM
recon_1     | 0050: 35 40 A0 23 6A FB 2F 39   46 44 EA FF 6B BE 10 65  5@.#j./9FD..k..e
datanode_2  | Caused by: java.net.SocketTimeoutException: 5000 millis timeout while waiting for channel to be ready for read. ch : java.nio.channels.SocketChannel[connected local=/172.18.0.10:46312 remote=recon/172.18.0.3:9891]
datanode_1  | 2023-01-09 03:05:15,992 [main] INFO http.HttpServer2: Jetty bound to port 9882
om_1        | ]
om_1        | 
recon_1     | 0060: 80 50 8D C5 21 F5 0C 12   17 E0 9E 08 AB 4C 96 FD  .P..!........L..
datanode_2  | 	at org.apache.hadoop.net.SocketIOWithTimeout.doIO(SocketIOWithTimeout.java:163)
datanode_2  | 	at org.apache.hadoop.net.SocketInputStream.read(SocketInputStream.java:161)
datanode_2  | 	at org.apache.hadoop.net.SocketInputStream.read(SocketInputStream.java:131)
datanode_1  | 2023-01-09 03:05:16,004 [main] INFO server.Server: jetty-9.4.49.v20220914; built: 2022-09-14T01:07:36.601Z; git: 4231a3b2e4cb8548a412a789936d640a97b1aa0a; jvm 11.0.14.1+1-LTS
datanode_1  | 2023-01-09 03:05:16,264 [main] INFO server.session: DefaultSessionIdManager workerName=node0
datanode_1  | 2023-01-09 03:05:16,267 [main] INFO server.session: No SessionScavenger set, using defaults
datanode_1  | 2023-01-09 03:05:16,279 [main] INFO server.session: node0 Scavenging every 660000ms
om_1        | [3]: ObjectId: 2.5.29.17 Criticality=false
om_1        | SubjectAlternativeName [
om_1        |   IPAddress: 172.18.0.6
datanode_1  | 2023-01-09 03:05:16,465 [main] INFO server.KerberosAuthenticationHandler: Using keytab /etc/security/keytabs/dn.keytab, for principal HTTP/dn@EXAMPLE.COM
datanode_1  | 2023-01-09 03:05:16,501 [main] INFO handler.ContextHandler: Started o.e.j.s.ServletContextHandler@41ff98dc{logs,/logs,file:///var/log/hadoop/,AVAILABLE}
datanode_3  | 	at java.base/java.util.concurrent.ThreadPoolExecutor.runWorker(ThreadPoolExecutor.java:1128)
om_1        | ]
om_1        | 
om_1        | ]
om_1        |   Algorithm: [SHA256withRSA]
datanode_1  | 2023-01-09 03:05:16,507 [main] INFO handler.ContextHandler: Started o.e.j.s.ServletContextHandler@3f4b59fd{static,/static,jar:file:/opt/hadoop/share/ozone/lib/hdds-container-service-1.4.0-SNAPSHOT.jar!/webapps/static,AVAILABLE}
datanode_1  | 2023-01-09 03:05:17,243 [main] INFO server.KerberosAuthenticationHandler: Using keytab /etc/security/keytabs/dn.keytab, for principal HTTP/dn@EXAMPLE.COM
datanode_3  | 	at java.base/java.util.concurrent.ThreadPoolExecutor$Worker.run(ThreadPoolExecutor.java:628)
datanode_3  | 	... 1 more
kdc_1       | Jan 09 03:29:34 kdc krb5kdc[7](info): TGS_REQ (6 etypes {aes256-cts-hmac-sha1-96(18), aes128-cts-hmac-sha1-96(17), aes256-cts-hmac-sha384-192(20), aes128-cts-hmac-sha256-128(19), DEPRECATED:des3-cbc-sha1(16), DEPRECATED:arcfour-hmac(23)}) 172.18.0.6: ISSUE: authtime 1673234883, etypes {rep=aes256-cts-hmac-sha1-96(18), tkt=aes256-cts-hmac-sha1-96(18), ses=aes256-cts-hmac-sha1-96(18)}, testuser/scm@EXAMPLE.COM for om/om@EXAMPLE.COM
kdc_1       | Jan 09 03:29:40 kdc krb5kdc[7](info): TGS_REQ (6 etypes {aes256-cts-hmac-sha1-96(18), aes128-cts-hmac-sha1-96(17), aes256-cts-hmac-sha384-192(20), aes128-cts-hmac-sha256-128(19), DEPRECATED:des3-cbc-sha1(16), DEPRECATED:arcfour-hmac(23)}) 172.18.0.6: ISSUE: authtime 1673234883, etypes {rep=aes256-cts-hmac-sha1-96(18), tkt=aes256-cts-hmac-sha1-96(18), ses=aes256-cts-hmac-sha1-96(18)}, testuser/scm@EXAMPLE.COM for om/om@EXAMPLE.COM
kdc_1       | Jan 09 03:29:51 kdc krb5kdc[7](info): TGS_REQ (6 etypes {aes256-cts-hmac-sha1-96(18), aes128-cts-hmac-sha1-96(17), aes256-cts-hmac-sha384-192(20), aes128-cts-hmac-sha256-128(19), DEPRECATED:des3-cbc-sha1(16), DEPRECATED:arcfour-hmac(23)}) 172.18.0.6: ISSUE: authtime 1673234883, etypes {rep=aes256-cts-hmac-sha1-96(18), tkt=aes256-cts-hmac-sha1-96(18), ses=aes256-cts-hmac-sha1-96(18)}, testuser/scm@EXAMPLE.COM for om/om@EXAMPLE.COM
kdc_1       | Jan 09 03:30:00 kdc krb5kdc[7](info): TGS_REQ (6 etypes {aes256-cts-hmac-sha1-96(18), aes128-cts-hmac-sha1-96(17), aes256-cts-hmac-sha384-192(20), aes128-cts-hmac-sha256-128(19), DEPRECATED:des3-cbc-sha1(16), DEPRECATED:arcfour-hmac(23)}) 172.18.0.6: ISSUE: authtime 1673234883, etypes {rep=aes256-cts-hmac-sha1-96(18), tkt=aes256-cts-hmac-sha1-96(18), ses=aes256-cts-hmac-sha1-96(18)}, testuser/scm@EXAMPLE.COM for om/om@EXAMPLE.COM
kdc_1       | Jan 09 03:30:10 kdc krb5kdc[7](info): TGS_REQ (6 etypes {aes256-cts-hmac-sha1-96(18), aes128-cts-hmac-sha1-96(17), aes256-cts-hmac-sha384-192(20), aes128-cts-hmac-sha256-128(19), DEPRECATED:des3-cbc-sha1(16), DEPRECATED:arcfour-hmac(23)}) 172.18.0.6: ISSUE: authtime 1673234883, etypes {rep=aes256-cts-hmac-sha1-96(18), tkt=aes256-cts-hmac-sha1-96(18), ses=aes256-cts-hmac-sha1-96(18)}, testuser/scm@EXAMPLE.COM for om/om@EXAMPLE.COM
kdc_1       | Jan 09 03:30:19 kdc krb5kdc[7](info): TGS_REQ (6 etypes {aes256-cts-hmac-sha1-96(18), aes128-cts-hmac-sha1-96(17), aes256-cts-hmac-sha384-192(20), aes128-cts-hmac-sha256-128(19), DEPRECATED:des3-cbc-sha1(16), DEPRECATED:arcfour-hmac(23)}) 172.18.0.6: ISSUE: authtime 1673234883, etypes {rep=aes256-cts-hmac-sha1-96(18), tkt=aes256-cts-hmac-sha1-96(18), ses=aes256-cts-hmac-sha1-96(18)}, testuser/scm@EXAMPLE.COM for om/om@EXAMPLE.COM
kdc_1       | Jan 09 03:30:27 kdc krb5kdc[7](info): TGS_REQ (6 etypes {aes256-cts-hmac-sha1-96(18), aes128-cts-hmac-sha1-96(17), aes256-cts-hmac-sha384-192(20), aes128-cts-hmac-sha256-128(19), DEPRECATED:des3-cbc-sha1(16), DEPRECATED:arcfour-hmac(23)}) 172.18.0.6: ISSUE: authtime 1673234883, etypes {rep=aes256-cts-hmac-sha1-96(18), tkt=aes256-cts-hmac-sha1-96(18), ses=aes256-cts-hmac-sha1-96(18)}, testuser/scm@EXAMPLE.COM for om/om@EXAMPLE.COM
kdc_1       | Jan 09 03:30:33 kdc krb5kdc[7](info): TGS_REQ (6 etypes {aes256-cts-hmac-sha1-96(18), aes128-cts-hmac-sha1-96(17), aes256-cts-hmac-sha384-192(20), aes128-cts-hmac-sha256-128(19), DEPRECATED:des3-cbc-sha1(16), DEPRECATED:arcfour-hmac(23)}) 172.18.0.6: ISSUE: authtime 1673234883, etypes {rep=aes256-cts-hmac-sha1-96(18), tkt=aes256-cts-hmac-sha1-96(18), ses=aes256-cts-hmac-sha1-96(18)}, testuser/scm@EXAMPLE.COM for om/om@EXAMPLE.COM
kdc_1       | Jan 09 03:30:44 kdc krb5kdc[7](info): TGS_REQ (6 etypes {aes256-cts-hmac-sha1-96(18), aes128-cts-hmac-sha1-96(17), aes256-cts-hmac-sha384-192(20), aes128-cts-hmac-sha256-128(19), DEPRECATED:des3-cbc-sha1(16), DEPRECATED:arcfour-hmac(23)}) 172.18.0.6: ISSUE: authtime 1673234883, etypes {rep=aes256-cts-hmac-sha1-96(18), tkt=aes256-cts-hmac-sha1-96(18), ses=aes256-cts-hmac-sha1-96(18)}, testuser/scm@EXAMPLE.COM for om/om@EXAMPLE.COM
kdc_1       | Jan 09 03:30:53 kdc krb5kdc[7](info): TGS_REQ (6 etypes {aes256-cts-hmac-sha1-96(18), aes128-cts-hmac-sha1-96(17), aes256-cts-hmac-sha384-192(20), aes128-cts-hmac-sha256-128(19), DEPRECATED:des3-cbc-sha1(16), DEPRECATED:arcfour-hmac(23)}) 172.18.0.6: ISSUE: authtime 1673234883, etypes {rep=aes256-cts-hmac-sha1-96(18), tkt=aes256-cts-hmac-sha1-96(18), ses=aes256-cts-hmac-sha1-96(18)}, testuser/scm@EXAMPLE.COM for om/om@EXAMPLE.COM
scm_1       | ************************************************************/
datanode_2  | 	at java.base/java.io.FilterInputStream.read(FilterInputStream.java:133)
datanode_2  | 	at java.base/java.io.BufferedInputStream.fill(BufferedInputStream.java:252)
datanode_2  | 	at java.base/java.io.BufferedInputStream.read(BufferedInputStream.java:271)
datanode_2  | 	at java.base/java.io.DataInputStream.readInt(DataInputStream.java:392)
datanode_2  | 	at org.apache.hadoop.ipc.Client$IpcStreams.readResponse(Client.java:1922)
datanode_2  | 	at org.apache.hadoop.security.SaslRpcClient.saslConnect(SaslRpcClient.java:367)
datanode_2  | 	at org.apache.hadoop.ipc.Client$Connection.setupSaslConnection(Client.java:623)
datanode_2  | 	at org.apache.hadoop.ipc.Client$Connection.access$2300(Client.java:414)
datanode_1  | 2023-01-09 03:05:17,312 [main] INFO handler.ContextHandler: Started o.e.j.w.WebAppContext@5563a63f{hddsDatanode,/,file:///tmp/jetty-0_0_0_0-9882-hdds-container-service-1_4_0-SNAPSHOT_jar-_-any-17233699248609769571/webapp/,AVAILABLE}{jar:file:/opt/hadoop/share/ozone/lib/hdds-container-service-1.4.0-SNAPSHOT.jar!/webapps/hddsDatanode}
datanode_1  | 2023-01-09 03:05:17,376 [main] INFO server.AbstractConnector: Started ServerConnector@7c9d2ed7{HTTP/1.1, (http/1.1)}{0.0.0.0:9882}
datanode_1  | 2023-01-09 03:05:17,379 [main] INFO server.Server: Started @97239ms
om_1        |   Signature:
recon_1     | 0070: 79 D2 4D DB 5E AF A7 68   A5 34 DA 28 3A F9 DB C8  y.M.^..h.4.(:...
scm_1       | 2023-01-09 03:04:36,938 [main] INFO server.StorageContainerManagerStarter: registered UNIX signal handlers for [TERM, HUP, INT]
datanode_3  | 2023-01-09 03:05:31,692 [EndpointStateMachine task thread for recon/172.18.0.3:9891 - 0 ] WARN statemachine.EndpointStateMachine: Unable to communicate to Recon server at recon:9891 for past 0 seconds.
kdc_1       | Jan 09 03:31:00 kdc krb5kdc[7](info): TGS_REQ (6 etypes {aes256-cts-hmac-sha1-96(18), aes128-cts-hmac-sha1-96(17), aes256-cts-hmac-sha384-192(20), aes128-cts-hmac-sha256-128(19), DEPRECATED:des3-cbc-sha1(16), DEPRECATED:arcfour-hmac(23)}) 172.18.0.6: ISSUE: authtime 1673234883, etypes {rep=aes256-cts-hmac-sha1-96(18), tkt=aes256-cts-hmac-sha1-96(18), ses=aes256-cts-hmac-sha1-96(18)}, testuser/scm@EXAMPLE.COM for om/om@EXAMPLE.COM
kdc_1       | Jan 09 03:31:07 kdc krb5kdc[7](info): TGS_REQ (6 etypes {aes256-cts-hmac-sha1-96(18), aes128-cts-hmac-sha1-96(17), aes256-cts-hmac-sha384-192(20), aes128-cts-hmac-sha256-128(19), DEPRECATED:des3-cbc-sha1(16), DEPRECATED:arcfour-hmac(23)}) 172.18.0.6: ISSUE: authtime 1673234883, etypes {rep=aes256-cts-hmac-sha1-96(18), tkt=aes256-cts-hmac-sha1-96(18), ses=aes256-cts-hmac-sha1-96(18)}, testuser/scm@EXAMPLE.COM for om/om@EXAMPLE.COM
kdc_1       | Jan 09 03:31:17 kdc krb5kdc[7](info): TGS_REQ (6 etypes {aes256-cts-hmac-sha1-96(18), aes128-cts-hmac-sha1-96(17), aes256-cts-hmac-sha384-192(20), aes128-cts-hmac-sha256-128(19), DEPRECATED:des3-cbc-sha1(16), DEPRECATED:arcfour-hmac(23)}) 172.18.0.6: ISSUE: authtime 1673234883, etypes {rep=aes256-cts-hmac-sha1-96(18), tkt=aes256-cts-hmac-sha1-96(18), ses=aes256-cts-hmac-sha1-96(18)}, testuser/scm@EXAMPLE.COM for om/om@EXAMPLE.COM
om_1        | 0000: 9F B4 59 85 36 6C 9F 3E   68 3C 4B 53 27 AF 51 4E  ..Y.6l.>h<KS'.QN
datanode_1  | 2023-01-09 03:05:17,387 [main] INFO impl.MetricsSinkAdapter: Sink prometheus started
scm_1       | 2023-01-09 03:04:37,040 [main] WARN server.ServerUtils: ozone.scm.db.dirs is not configured. We recommend adding this setting. Falling back to ozone.metadata.dirs instead.
datanode_3  | java.io.IOException: DestHost:destPort recon:9891 , LocalHost:localPort 015f0a286523/172.18.0.8:0. Failed on local exception: java.io.IOException: java.net.SocketTimeoutException: 5000 millis timeout while waiting for channel to be ready for read. ch : java.nio.channels.SocketChannel[connected local=/172.18.0.8:53714 remote=recon/172.18.0.3:9891]
datanode_2  | 	at org.apache.hadoop.ipc.Client$Connection$2.run(Client.java:843)
datanode_2  | 	at org.apache.hadoop.ipc.Client$Connection$2.run(Client.java:839)
datanode_2  | 	at java.base/java.security.AccessController.doPrivileged(Native Method)
datanode_2  | 	at java.base/javax.security.auth.Subject.doAs(Subject.java:423)
recon_1     | 0080: 38 DF 2B E6 FA 1D 03 5F   63 D3 7B 7B 93 C7 2D 62  8.+...._c.....-b
scm_1       | 2023-01-09 03:04:37,113 [main] INFO ha.SCMHANodeDetails: ServiceID for StorageContainerManager is null
datanode_3  | 	at java.base/jdk.internal.reflect.NativeConstructorAccessorImpl.newInstance0(Native Method)
datanode_3  | 	at java.base/jdk.internal.reflect.NativeConstructorAccessorImpl.newInstance(NativeConstructorAccessorImpl.java:62)
datanode_3  | 	at java.base/jdk.internal.reflect.DelegatingConstructorAccessorImpl.newInstance(DelegatingConstructorAccessorImpl.java:45)
datanode_2  | 	at org.apache.hadoop.security.UserGroupInformation.doAs(UserGroupInformation.java:1878)
datanode_2  | 	at org.apache.hadoop.ipc.Client$Connection.setupIOstreams(Client.java:839)
scm_1       | 2023-01-09 03:04:37,130 [main] INFO ha.SCMHANodeDetails: ozone.scm.default.service.id is not defined, falling back to ozone.scm.service.ids to find serviceID for StorageContainerManager if it is HA enabled cluster
recon_1     | 0090: 89 C2 63 12 F5 59 3D 6F   29 24 07 E2 18 BC A3 66  ..c..Y=o)$.....f
om_1        | 0010: 0C 08 45 20 FA 51 47 16   14 D4 1A 4C BF B7 62 3A  ..E .QG....L..b:
om_1        | 0020: F3 06 AF B9 83 BA A6 72   E0 3B 42 1F ED 55 16 48  .......r.;B..U.H
datanode_2  | 	... 15 more
datanode_2  | 2023-01-09 03:05:57,853 [Command processor thread] INFO server.RaftServer: e896b016-58af-4f65-8b67-fb20140a19e8: addNew group-2DC32527C448:[e896b016-58af-4f65-8b67-fb20140a19e8|rpc:172.18.0.10:9856|admin:172.18.0.10:9857|client:172.18.0.10:9858|dataStream:172.18.0.10:9855|priority:1|startupRole:FOLLOWER] returns group-2DC32527C448:java.util.concurrent.CompletableFuture@1637d987[Not completed]
datanode_3  | 	at java.base/java.lang.reflect.Constructor.newInstance(Constructor.java:490)
scm_1       | 2023-01-09 03:04:37,894 [main] INFO client.SCMCertificateClient: Loading certificate from location:/data/metadata/scm/sub-ca/certs.
datanode_2  | 2023-01-09 03:05:57,943 [pool-24-thread-1] INFO server.RaftServer$Division: e896b016-58af-4f65-8b67-fb20140a19e8: new RaftServerImpl for group-2DC32527C448:[e896b016-58af-4f65-8b67-fb20140a19e8|rpc:172.18.0.10:9856|admin:172.18.0.10:9857|client:172.18.0.10:9858|dataStream:172.18.0.10:9855|priority:1|startupRole:FOLLOWER] with ContainerStateMachine:uninitialized
datanode_2  | 2023-01-09 03:05:57,949 [pool-24-thread-1] INFO server.RaftServerConfigKeys: raft.server.rpc.timeout.min = 5s (custom)
datanode_3  | 	at org.apache.hadoop.net.NetUtils.wrapWithMessage(NetUtils.java:913)
scm_1       | 2023-01-09 03:04:38,088 [main] INFO client.SCMCertificateClient: Added certificate [
recon_1     | 00A0: 42 02 A7 25 30 67 53 B0   9F 8B 5D 16 3D 48 33 E3  B..%0gS...].=H3.
om_1        | 0030: 1A DD 38 FD 9A 71 5F D0   B5 75 19 F3 4F 20 9D 36  ..8..q_..u..O .6
om_1        | 0040: CE 80 C8 24 33 FF 07 9C   1F C0 A8 CE 73 E8 CF 61  ...$3.......s..a
om_1        | 0050: 35 40 A0 23 6A FB 2F 39   46 44 EA FF 6B BE 10 65  5@.#j./9FD..k..e
datanode_2  | 2023-01-09 03:05:57,950 [pool-24-thread-1] INFO server.RaftServerConfigKeys: raft.server.rpc.timeout.max = 5200ms (custom)
datanode_2  | 2023-01-09 03:05:57,950 [pool-24-thread-1] INFO server.RaftServerConfigKeys: raft.server.rpc.sleep.time = 25ms (default)
datanode_3  | 	at org.apache.hadoop.net.NetUtils.wrapException(NetUtils.java:888)
scm_1       | [
recon_1     | 00B0: 92 51 5A DA F6 DF 5D 9C   90 A3 61 C2 8E AF 8A 30  .QZ...]...a....0
om_1        | 0060: 80 50 8D C5 21 F5 0C 12   17 E0 9E 08 AB 4C 96 FD  .P..!........L..
om_1        | 0070: 79 D2 4D DB 5E AF A7 68   A5 34 DA 28 3A F9 DB C8  y.M.^..h.4.(:...
om_1        | 0080: 38 DF 2B E6 FA 1D 03 5F   63 D3 7B 7B 93 C7 2D 62  8.+...._c.....-b
datanode_2  | 2023-01-09 03:05:57,950 [pool-24-thread-1] INFO server.RaftServerConfigKeys: raft.server.rpc.slowness.timeout = 300s (custom)
datanode_2  | 2023-01-09 03:05:57,951 [pool-24-thread-1] INFO server.RaftServerConfigKeys: raft.server.leaderelection.leader.step-down.wait-time = 10s (default)
datanode_3  | 	at org.apache.hadoop.ipc.Client.getRpcResponse(Client.java:1616)
scm_1       |   Version: V3
scm_1       |   Subject: O=CID-cc0f68d3-0234-429a-96f1-499fa78f71ea, OU=fdf4c260-b5ae-4ffe-ba0e-da516744be60, CN=scm-sub@scm
recon_1     | 00C0: A9 9B 93 E4 71 11 2A 00   E7 2E 44 10 49 81 DF 52  ....q.*...D.I..R
datanode_2  | 2023-01-09 03:05:57,952 [pool-24-thread-1] INFO server.RaftServerConfigKeys: raft.server.sleep.deviation.threshold = 300ms (default)
datanode_3  | 	at org.apache.hadoop.ipc.Client.call(Client.java:1558)
datanode_3  | 	at org.apache.hadoop.ipc.Client.call(Client.java:1455)
scm_1       |   Signature Algorithm: SHA256withRSA, OID = 1.2.840.113549.1.1.11
recon_1     | 00D0: EF 43 51 52 49 F0 86 EA   DF D7 A7 EE 33 17 80 55  .CQRI.......3..U
recon_1     | 00E0: 1D 61 33 35 FF CC 32 B9   41 44 F7 01 37 87 E3 9E  .a35..2.AD..7...
datanode_1  | 2023-01-09 03:05:17,387 [main] INFO impl.MetricsSystemImpl: Registered sink prometheus
kdc_1       | Jan 09 03:31:24 kdc krb5kdc[7](info): TGS_REQ (6 etypes {aes256-cts-hmac-sha1-96(18), aes128-cts-hmac-sha1-96(17), aes256-cts-hmac-sha384-192(20), aes128-cts-hmac-sha256-128(19), DEPRECATED:des3-cbc-sha1(16), DEPRECATED:arcfour-hmac(23)}) 172.18.0.6: ISSUE: authtime 1673234883, etypes {rep=aes256-cts-hmac-sha1-96(18), tkt=aes256-cts-hmac-sha1-96(18), ses=aes256-cts-hmac-sha1-96(18)}, testuser/scm@EXAMPLE.COM for om/om@EXAMPLE.COM
datanode_2  | 2023-01-09 03:05:57,982 [pool-24-thread-1] INFO server.RaftServer$Division: e896b016-58af-4f65-8b67-fb20140a19e8@group-2DC32527C448: ConfigurationManager, init=-1: peers:[e896b016-58af-4f65-8b67-fb20140a19e8|rpc:172.18.0.10:9856|admin:172.18.0.10:9857|client:172.18.0.10:9858|dataStream:172.18.0.10:9855|priority:1|startupRole:FOLLOWER]|listeners:[], old=null, confs=<EMPTY_MAP>
om_1        | 0090: 89 C2 63 12 F5 59 3D 6F   29 24 07 E2 18 BC A3 66  ..c..Y=o)$.....f
om_1        | 00A0: 42 02 A7 25 30 67 53 B0   9F 8B 5D 16 3D 48 33 E3  B..%0gS...].=H3.
om_1        | 00B0: 92 51 5A DA F6 DF 5D 9C   90 A3 61 C2 8E AF 8A 30  .QZ...]...a....0
scm_1       | 
datanode_1  | 2023-01-09 03:05:17,389 [main] INFO http.BaseHttpServer: HTTP server of hddsDatanode listening at http://0.0.0.0:9882
kdc_1       | Jan 09 03:31:31 kdc krb5kdc[7](info): TGS_REQ (6 etypes {aes256-cts-hmac-sha1-96(18), aes128-cts-hmac-sha1-96(17), aes256-cts-hmac-sha384-192(20), aes128-cts-hmac-sha256-128(19), DEPRECATED:des3-cbc-sha1(16), DEPRECATED:arcfour-hmac(23)}) 172.18.0.6: ISSUE: authtime 1673234883, etypes {rep=aes256-cts-hmac-sha1-96(18), tkt=aes256-cts-hmac-sha1-96(18), ses=aes256-cts-hmac-sha1-96(18)}, testuser/scm@EXAMPLE.COM for om/om@EXAMPLE.COM
datanode_2  | 2023-01-09 03:05:57,985 [pool-24-thread-1] INFO server.RaftServerConfigKeys: raft.server.storage.dir = [/data/metadata/ratis] (custom)
om_1        | 00C0: A9 9B 93 E4 71 11 2A 00   E7 2E 44 10 49 81 DF 52  ....q.*...D.I..R
om_1        | 00D0: EF 43 51 52 49 F0 86 EA   DF D7 A7 EE 33 17 80 55  .CQRI.......3..U
recon_1     | 00F0: B2 FB F2 B1 41 CA 37 3A   6D 96 5A DD 4D E7 2C F0  ....A.7:m.Z.M.,.
recon_1     | 
datanode_1  | 2023-01-09 03:05:17,404 [Datanode State Machine Daemon Thread] INFO statemachine.DatanodeStateMachine: Ozone container server started.
datanode_1  | 2023-01-09 03:05:17,675 [org.apache.hadoop.util.JvmPauseMonitor$Monitor@3971b476] INFO util.JvmPauseMonitor: Starting JVM pause monitor
datanode_1  | 2023-01-09 03:05:18,215 [Datanode State Machine Task Thread - 0] INFO statemachine.SCMConnectionManager: Adding Recon Server : recon/172.18.0.3:9891
datanode_2  | 2023-01-09 03:05:58,032 [pool-24-thread-1] INFO server.RaftServerConfigKeys: raft.server.log.corruption.policy = EXCEPTION (default)
om_1        | 00E0: 1D 61 33 35 FF CC 32 B9   41 44 F7 01 37 87 E3 9E  .a35..2.AD..7...
om_1        | 00F0: B2 FB F2 B1 41 CA 37 3A   6D 96 5A DD 4D E7 2C F0  ....A.7:m.Z.M.,.
recon_1     | ] from file:/data/metadata/recon/certs/ROOTCA-1.crt.
recon_1     | 2023-01-09 03:04:52,015 [main] INFO client.ReconCertificateClient: Added certificate [
datanode_1  | 2023-01-09 03:05:18,264 [Datanode State Machine Task Thread - 0] INFO datanode.InitDatanodeState: DatanodeDetails is persisted to /data/datanode.id
datanode_1  | 2023-01-09 03:05:20,860 [EndpointStateMachine task thread for recon/172.18.0.3:9891 - 0 ] INFO ipc.Client: Retrying connect to server: recon/172.18.0.3:9891. Already tried 0 time(s); retry policy is RetryUpToMaximumCountWithFixedSleep(maxRetries=15, sleepTime=1000 MILLISECONDS)
datanode_1  | 2023-01-09 03:05:21,867 [EndpointStateMachine task thread for recon/172.18.0.3:9891 - 0 ] INFO ipc.Client: Retrying connect to server: recon/172.18.0.3:9891. Already tried 1 time(s); retry policy is RetryUpToMaximumCountWithFixedSleep(maxRetries=15, sleepTime=1000 MILLISECONDS)
datanode_2  | 2023-01-09 03:05:58,035 [pool-24-thread-1] INFO server.RaftServerConfigKeys: raft.server.storage.free-space.min = 0MB (=0) (default)
kdc_1       | Jan 09 03:31:38 kdc krb5kdc[7](info): TGS_REQ (6 etypes {aes256-cts-hmac-sha1-96(18), aes128-cts-hmac-sha1-96(17), aes256-cts-hmac-sha384-192(20), aes128-cts-hmac-sha256-128(19), DEPRECATED:des3-cbc-sha1(16), DEPRECATED:arcfour-hmac(23)}) 172.18.0.6: ISSUE: authtime 1673234883, etypes {rep=aes256-cts-hmac-sha1-96(18), tkt=aes256-cts-hmac-sha1-96(18), ses=aes256-cts-hmac-sha1-96(18)}, testuser/scm@EXAMPLE.COM for om/om@EXAMPLE.COM
datanode_3  | 	at org.apache.hadoop.ipc.ProtobufRpcEngine$Invoker.invoke(ProtobufRpcEngine.java:235)
recon_1     | [
recon_1     |   Version: V3
datanode_1  | 2023-01-09 03:05:22,353 [EndpointStateMachine task thread for scm/172.18.0.6:9861 - 0 ] INFO utils.DatanodeStoreCache: Added db /data/hdds/hdds/CID-cc0f68d3-0234-429a-96f1-499fa78f71ea/DS-0aa677f6-2546-4cf5-ba5d-429b4e0e27b5/container.db to cache
datanode_1  | 2023-01-09 03:05:22,364 [EndpointStateMachine task thread for scm/172.18.0.6:9861 - 0 ] INFO volume.HddsVolume: SchemaV3 db is created and loaded at /data/hdds/hdds/CID-cc0f68d3-0234-429a-96f1-499fa78f71ea/DS-0aa677f6-2546-4cf5-ba5d-429b4e0e27b5/container.db for volume DS-0aa677f6-2546-4cf5-ba5d-429b4e0e27b5
datanode_1  | 2023-01-09 03:05:22,383 [EndpointStateMachine task thread for scm/172.18.0.6:9861 - 0 ] INFO ozoneimpl.OzoneContainer: Attempting to start container services.
datanode_1  | 2023-01-09 03:05:22,418 [EndpointStateMachine task thread for scm/172.18.0.6:9861 - 0 ] INFO ozoneimpl.OzoneContainer: Scheduled background container scanners and the on-demand container scanner have been disabled.
datanode_1  | 2023-01-09 03:05:22,570 [EndpointStateMachine task thread for scm/172.18.0.6:9861 - 0 ] INFO replication.ReplicationServer: ReplicationServer is started using port 9886
datanode_1  | 2023-01-09 03:05:22,588 [EndpointStateMachine task thread for scm/172.18.0.6:9861 - 0 ] INFO ratis.XceiverServerRatis: Starting XceiverServerRatis 1e2c6e92-d2bf-4206-94de-701a9a9a69e4
datanode_1  | 2023-01-09 03:05:22,808 [EndpointStateMachine task thread for scm/172.18.0.6:9861 - 0 ] INFO server.RaftServer: 1e2c6e92-d2bf-4206-94de-701a9a9a69e4: start RPC server
datanode_1  | 2023-01-09 03:05:22,889 [EndpointStateMachine task thread for recon/172.18.0.3:9891 - 0 ] INFO ipc.Client: Retrying connect to server: recon/172.18.0.3:9891. Already tried 2 time(s); retry policy is RetryUpToMaximumCountWithFixedSleep(maxRetries=15, sleepTime=1000 MILLISECONDS)
datanode_1  | 2023-01-09 03:05:22,893 [EndpointStateMachine task thread for scm/172.18.0.6:9861 - 0 ] INFO server.GrpcService: 1e2c6e92-d2bf-4206-94de-701a9a9a69e4: GrpcService started, listening on 9858
datanode_1  | 2023-01-09 03:05:22,922 [EndpointStateMachine task thread for scm/172.18.0.6:9861 - 0 ] INFO server.GrpcService: 1e2c6e92-d2bf-4206-94de-701a9a9a69e4: GrpcService started, listening on 9856
recon_1     |   Subject: O=CID-cc0f68d3-0234-429a-96f1-499fa78f71ea, OU=fdf4c260-b5ae-4ffe-ba0e-da516744be60, CN=recon@recon
recon_1     |   Signature Algorithm: SHA256withRSA, OID = 1.2.840.113549.1.1.11
recon_1     | 
recon_1     |   Key:  Sun RSA public key, 2048 bits
recon_1     |   params: null
recon_1     |   modulus: 30512063067271344340156027205611643858352908658590026535559869166132921094383040162085061997533912860545873869332240606686754322573648324720759322831663703826540405297982513015013331120848295333434960586363870591878646817463583410897864041401070030630100938746205136948190845810021637726234011702280917305154047863538722429252709033223393274398491479785948267263428997132880413528942756869334989755915720592423088076109905256942583974627028253154088921254100887441975234525347790405244740729167818441847195065668346275788175896644918605839854353407458828064593542069496282026353175562203994313956302846793418923934489
recon_1     |   public exponent: 65537
recon_1     |   Validity: [From: Mon Jan 09 00:00:00 UTC 2023,
recon_1     |                To: Tue Jan 09 00:00:00 UTC 2024]
scm_1       |   Key:  Sun RSA public key, 2048 bits
scm_1       |   params: null
datanode_1  | 2023-01-09 03:05:22,941 [EndpointStateMachine task thread for scm/172.18.0.6:9861 - 0 ] INFO server.GrpcService: 1e2c6e92-d2bf-4206-94de-701a9a9a69e4: GrpcService started, listening on 9857
datanode_1  | 2023-01-09 03:05:22,967 [EndpointStateMachine task thread for scm/172.18.0.6:9861 - 0 ] INFO ratis.XceiverServerRatis: XceiverServerRatis 1e2c6e92-d2bf-4206-94de-701a9a9a69e4 is started using port 9858 for RATIS
recon_1     |   Issuer: O=CID-cc0f68d3-0234-429a-96f1-499fa78f71ea, OU=fdf4c260-b5ae-4ffe-ba0e-da516744be60, CN=scm-sub@scm
recon_1     |   SerialNumber: [    66e15863 80]
recon_1     | 
recon_1     | Certificate Extensions: 2
recon_1     | [1]: ObjectId: 2.5.29.15 Criticality=true
recon_1     | KeyUsage [
recon_1     |   DigitalSignature
recon_1     |   Key_Encipherment
recon_1     |   Data_Encipherment
kdc_1       | Jan 09 03:31:44 kdc krb5kdc[7](info): TGS_REQ (6 etypes {aes256-cts-hmac-sha1-96(18), aes128-cts-hmac-sha1-96(17), aes256-cts-hmac-sha384-192(20), aes128-cts-hmac-sha256-128(19), DEPRECATED:des3-cbc-sha1(16), DEPRECATED:arcfour-hmac(23)}) 172.18.0.6: ISSUE: authtime 1673234883, etypes {rep=aes256-cts-hmac-sha1-96(18), tkt=aes256-cts-hmac-sha1-96(18), ses=aes256-cts-hmac-sha1-96(18)}, testuser/scm@EXAMPLE.COM for om/om@EXAMPLE.COM
recon_1     |   Key_Agreement
datanode_1  | 2023-01-09 03:05:22,967 [EndpointStateMachine task thread for scm/172.18.0.6:9861 - 0 ] INFO ratis.XceiverServerRatis: XceiverServerRatis 1e2c6e92-d2bf-4206-94de-701a9a9a69e4 is started using port 9857 for RATIS_ADMIN
om_1        | 
om_1        | ] from file:/data/metadata/om/certs/ROOTCA-1.crt.
datanode_2  | 2023-01-09 03:05:58,080 [pool-24-thread-1] INFO server.RaftServerConfigKeys: raft.server.notification.no-leader.timeout = 300s (custom)
datanode_2  | 2023-01-09 03:05:58,093 [pool-24-thread-1] INFO server.RaftServerConfigKeys: raft.server.retrycache.expirytime = 600000ms (custom)
datanode_2  | 2023-01-09 03:05:58,095 [pool-24-thread-1] INFO server.RaftServerConfigKeys: raft.server.retrycache.statistics.expirytime = 100?s (default)
recon_1     | ]
recon_1     | 
om_1        | 2023-01-09 03:05:26,218 [main] INFO security.OMCertificateClient: Added certificate [
kdc_1       | Jan 09 03:31:51 kdc krb5kdc[7](info): TGS_REQ (6 etypes {aes256-cts-hmac-sha1-96(18), aes128-cts-hmac-sha1-96(17), aes256-cts-hmac-sha384-192(20), aes128-cts-hmac-sha256-128(19), DEPRECATED:des3-cbc-sha1(16), DEPRECATED:arcfour-hmac(23)}) 172.18.0.6: ISSUE: authtime 1673234883, etypes {rep=aes256-cts-hmac-sha1-96(18), tkt=aes256-cts-hmac-sha1-96(18), ses=aes256-cts-hmac-sha1-96(18)}, testuser/scm@EXAMPLE.COM for om/om@EXAMPLE.COM
datanode_2  | 2023-01-09 03:05:58,238 [pool-24-thread-1] INFO server.RaftServerConfigKeys: raft.server.log.appender.install.snapshot.enabled = false (custom)
datanode_2  | 2023-01-09 03:05:58,241 [pool-24-thread-1] INFO server.RaftServerConfigKeys: raft.server.threadpool.server.cached = true (default)
datanode_2  | 2023-01-09 03:05:58,241 [pool-24-thread-1] INFO server.RaftServerConfigKeys: raft.server.threadpool.server.size = 0 (default)
datanode_1  | 2023-01-09 03:05:22,967 [EndpointStateMachine task thread for scm/172.18.0.6:9861 - 0 ] INFO ratis.XceiverServerRatis: XceiverServerRatis 1e2c6e92-d2bf-4206-94de-701a9a9a69e4 is started using port 9856 for RATIS_SERVER
recon_1     | [2]: ObjectId: 2.5.29.17 Criticality=false
recon_1     | SubjectAlternativeName [
kdc_1       | Jan 09 03:31:57 kdc krb5kdc[7](info): TGS_REQ (6 etypes {aes256-cts-hmac-sha1-96(18), aes128-cts-hmac-sha1-96(17), aes256-cts-hmac-sha384-192(20), aes128-cts-hmac-sha256-128(19), DEPRECATED:des3-cbc-sha1(16), DEPRECATED:arcfour-hmac(23)}) 172.18.0.6: ISSUE: authtime 1673234883, etypes {rep=aes256-cts-hmac-sha1-96(18), tkt=aes256-cts-hmac-sha1-96(18), ses=aes256-cts-hmac-sha1-96(18)}, testuser/scm@EXAMPLE.COM for om/om@EXAMPLE.COM
datanode_2  | 2023-01-09 03:05:58,245 [pool-24-thread-1] INFO server.RaftServerConfigKeys: raft.server.threadpool.client.cached = true (default)
datanode_2  | 2023-01-09 03:05:58,245 [pool-24-thread-1] INFO server.RaftServerConfigKeys: raft.server.threadpool.client.size = 0 (default)
datanode_2  | 2023-01-09 03:05:58,247 [pool-24-thread-1] INFO storage.RaftStorageDirectory: The storage directory /data/metadata/ratis/94ee0e9a-0d0f-4ae9-a5d8-2dc32527c448 does not exist. Creating ...
datanode_1  | 2023-01-09 03:05:22,967 [EndpointStateMachine task thread for scm/172.18.0.6:9861 - 0 ] INFO ratis.XceiverServerRatis: XceiverServerRatis 1e2c6e92-d2bf-4206-94de-701a9a9a69e4 is started using port 9855 for RATIS_DATASTREAM
om_1        | [
recon_1     |   IPAddress: 172.18.0.3
kdc_1       | Jan 09 03:32:04 kdc krb5kdc[7](info): TGS_REQ (6 etypes {aes256-cts-hmac-sha1-96(18), aes128-cts-hmac-sha1-96(17), aes256-cts-hmac-sha384-192(20), aes128-cts-hmac-sha256-128(19), DEPRECATED:des3-cbc-sha1(16), DEPRECATED:arcfour-hmac(23)}) 172.18.0.6: ISSUE: authtime 1673234883, etypes {rep=aes256-cts-hmac-sha1-96(18), tkt=aes256-cts-hmac-sha1-96(18), ses=aes256-cts-hmac-sha1-96(18)}, testuser/scm@EXAMPLE.COM for om/om@EXAMPLE.COM
datanode_1  | 2023-01-09 03:05:22,975 [JvmPauseMonitor0] INFO util.JvmPauseMonitor: JvmPauseMonitor-1e2c6e92-d2bf-4206-94de-701a9a9a69e4: Started
scm_1       |   modulus: 23575691606062354234524998035389308992884611051224267635643809146000502970026080740631945518319654215826715814665607455516389466063755610887471515593371187397081500505418255956418331470379876156791274358100894556243088638080124102567339234173779033286805449106965613804688571243635692627636008431769320328783378976340859208427043615738255471879237442729195814960093236432919006801841576278166496966120359388128858412453900027601906394182454881903779454877868806257255508526125196958829157796315049911438737071747487767740791478156453006232952887544566885751036521354860910353092696722027663000351839439196046824011629
recon_1     | ]
recon_1     | 
datanode_1  | 2023-01-09 03:05:23,919 [EndpointStateMachine task thread for recon/172.18.0.3:9891 - 0 ] INFO ipc.Client: Retrying connect to server: recon/172.18.0.3:9891. Already tried 3 time(s); retry policy is RetryUpToMaximumCountWithFixedSleep(maxRetries=15, sleepTime=1000 MILLISECONDS)
datanode_3  | 	at org.apache.hadoop.ipc.ProtobufRpcEngine$Invoker.invoke(ProtobufRpcEngine.java:122)
scm_1       |   public exponent: 65537
kdc_1       | Jan 09 03:32:11 kdc krb5kdc[7](info): TGS_REQ (6 etypes {aes256-cts-hmac-sha1-96(18), aes128-cts-hmac-sha1-96(17), aes256-cts-hmac-sha384-192(20), aes128-cts-hmac-sha256-128(19), DEPRECATED:des3-cbc-sha1(16), DEPRECATED:arcfour-hmac(23)}) 172.18.0.6: ISSUE: authtime 1673234883, etypes {rep=aes256-cts-hmac-sha1-96(18), tkt=aes256-cts-hmac-sha1-96(18), ses=aes256-cts-hmac-sha1-96(18)}, testuser/scm@EXAMPLE.COM for om/om@EXAMPLE.COM
om_1        |   Version: V3
om_1        |   Subject: O=CID-cc0f68d3-0234-429a-96f1-499fa78f71ea, OU=fdf4c260-b5ae-4ffe-ba0e-da516744be60, CN=om
om_1        |   Signature Algorithm: SHA256withRSA, OID = 1.2.840.113549.1.1.11
om_1        | 
om_1        |   Key:  Sun RSA public key, 2048 bits
om_1        |   params: null
