2026-07-15 06:50:21,627 | INFO  | DNAudit | user=null | ip=null | op=READ_CONTAINER {"containerID":"8"} | ret=SUCCESS |  
2026-07-15 06:50:21,932 | ERROR | DNAudit | user=null | ip=null | op=GET_BLOCK {"blockData":"conID: 8 locID: 117883640217600108 bcsId: 0 replicaIndex: 4"} | ret=FAILURE | java.lang.Exception: Request is trying to write to node with uuid : 381afac3-659b-4d3f-ab87-b6bee6f94c66 but the current nodeId is: 96008313-3053-4fc6-a3a7-5bd71ebbb30b .
	at org.apache.hadoop.ozone.container.common.impl.HddsDispatcher.dispatchRequest(HddsDispatcher.java:449)
	at org.apache.hadoop.ozone.container.common.impl.HddsDispatcher.lambda$dispatch$0(HddsDispatcher.java:197)
 
2026-07-15 06:50:21,985 | ERROR | DNAudit | user=null | ip=null | op=GET_BLOCK {"blockData":"conID: 8 locID: 117883640217600108 bcsId: 0 replicaIndex: 5"} | ret=FAILURE | java.lang.Exception: Request is trying to write to node with uuid : 499ea71d-eb2b-46ae-9b84-b8ff3bf3bebc but the current nodeId is: 96008313-3053-4fc6-a3a7-5bd71ebbb30b .
	at org.apache.hadoop.ozone.container.common.impl.HddsDispatcher.dispatchRequest(HddsDispatcher.java:449)
	at org.apache.hadoop.ozone.container.common.impl.HddsDispatcher.lambda$dispatch$0(HddsDispatcher.java:197)
 
2026-07-15 06:50:43,195 | INFO  | DNAudit | user=null | ip=null | op=READ_CONTAINER {"containerID":"8"} | ret=SUCCESS |  
2026-07-15 06:50:43,457 | ERROR | DNAudit | user=null | ip=null | op=GET_BLOCK {"blockData":"conID: 8 locID: 117883640217600109 bcsId: 0 replicaIndex: 4"} | ret=FAILURE | java.lang.Exception: Request is trying to write to node with uuid : 381afac3-659b-4d3f-ab87-b6bee6f94c66 but the current nodeId is: 96008313-3053-4fc6-a3a7-5bd71ebbb30b .
	at org.apache.hadoop.ozone.container.common.impl.HddsDispatcher.dispatchRequest(HddsDispatcher.java:449)
	at org.apache.hadoop.ozone.container.common.impl.HddsDispatcher.lambda$dispatch$0(HddsDispatcher.java:197)
 
2026-07-15 06:50:43,488 | ERROR | DNAudit | user=null | ip=null | op=GET_BLOCK {"blockData":"conID: 8 locID: 117883640217600109 bcsId: 0 replicaIndex: 5"} | ret=FAILURE | java.lang.Exception: Request is trying to write to node with uuid : 499ea71d-eb2b-46ae-9b84-b8ff3bf3bebc but the current nodeId is: 96008313-3053-4fc6-a3a7-5bd71ebbb30b .
	at org.apache.hadoop.ozone.container.common.impl.HddsDispatcher.dispatchRequest(HddsDispatcher.java:449)
	at org.apache.hadoop.ozone.container.common.impl.HddsDispatcher.lambda$dispatch$0(HddsDispatcher.java:197)
 
2026-07-15 06:51:07,525 | INFO  | DNAudit | user=null | ip=null | op=READ_CONTAINER {"containerID":"8"} | ret=SUCCESS |  
2026-07-15 06:51:07,851 | ERROR | DNAudit | user=null | ip=null | op=GET_BLOCK {"blockData":"conID: 8 locID: 117883640217600110 bcsId: 0 replicaIndex: 4"} | ret=FAILURE | java.lang.Exception: Request is trying to write to node with uuid : 381afac3-659b-4d3f-ab87-b6bee6f94c66 but the current nodeId is: 96008313-3053-4fc6-a3a7-5bd71ebbb30b .
	at org.apache.hadoop.ozone.container.common.impl.HddsDispatcher.dispatchRequest(HddsDispatcher.java:449)
	at org.apache.hadoop.ozone.container.common.impl.HddsDispatcher.lambda$dispatch$0(HddsDispatcher.java:197)
 
2026-07-15 06:51:07,901 | ERROR | DNAudit | user=null | ip=null | op=GET_BLOCK {"blockData":"conID: 8 locID: 117883640217600110 bcsId: 0 replicaIndex: 5"} | ret=FAILURE | java.lang.Exception: Request is trying to write to node with uuid : 499ea71d-eb2b-46ae-9b84-b8ff3bf3bebc but the current nodeId is: 96008313-3053-4fc6-a3a7-5bd71ebbb30b .
	at org.apache.hadoop.ozone.container.common.impl.HddsDispatcher.dispatchRequest(HddsDispatcher.java:449)
	at org.apache.hadoop.ozone.container.common.impl.HddsDispatcher.lambda$dispatch$0(HddsDispatcher.java:197)
 
2026-07-15 06:51:07,939 | INFO  | DNAudit | user=null | ip=null | op=READ_CONTAINER {"containerID":"8"} | ret=SUCCESS |  
2026-07-15 06:51:08,035 | ERROR | DNAudit | user=null | ip=null | op=GET_BLOCK {"blockData":"conID: 8 locID: 117883640217600111 bcsId: 0 replicaIndex: 4"} | ret=FAILURE | java.lang.Exception: Request is trying to write to node with uuid : 381afac3-659b-4d3f-ab87-b6bee6f94c66 but the current nodeId is: 96008313-3053-4fc6-a3a7-5bd71ebbb30b .
	at org.apache.hadoop.ozone.container.common.impl.HddsDispatcher.dispatchRequest(HddsDispatcher.java:449)
	at org.apache.hadoop.ozone.container.common.impl.HddsDispatcher.lambda$dispatch$0(HddsDispatcher.java:197)
 
2026-07-15 06:51:08,093 | ERROR | DNAudit | user=null | ip=null | op=GET_BLOCK {"blockData":"conID: 8 locID: 117883640217600111 bcsId: 0 replicaIndex: 5"} | ret=FAILURE | java.lang.Exception: Request is trying to write to node with uuid : 499ea71d-eb2b-46ae-9b84-b8ff3bf3bebc but the current nodeId is: 96008313-3053-4fc6-a3a7-5bd71ebbb30b .
	at org.apache.hadoop.ozone.container.common.impl.HddsDispatcher.dispatchRequest(HddsDispatcher.java:449)
	at org.apache.hadoop.ozone.container.common.impl.HddsDispatcher.lambda$dispatch$0(HddsDispatcher.java:197)
 
2026-07-15 06:51:27,934 | INFO  | DNAudit | user=null | ip=null | op=READ_CONTAINER {"containerID":"8"} | ret=SUCCESS |  
2026-07-15 06:51:28,265 | ERROR | DNAudit | user=null | ip=null | op=GET_BLOCK {"blockData":"conID: 8 locID: 117883640217600112 bcsId: 0 replicaIndex: 4"} | ret=FAILURE | java.lang.Exception: Request is trying to write to node with uuid : 381afac3-659b-4d3f-ab87-b6bee6f94c66 but the current nodeId is: 96008313-3053-4fc6-a3a7-5bd71ebbb30b .
	at org.apache.hadoop.ozone.container.common.impl.HddsDispatcher.dispatchRequest(HddsDispatcher.java:449)
	at org.apache.hadoop.ozone.container.common.impl.HddsDispatcher.lambda$dispatch$0(HddsDispatcher.java:197)
 
2026-07-15 06:51:28,301 | ERROR | DNAudit | user=null | ip=null | op=GET_BLOCK {"blockData":"conID: 8 locID: 117883640217600112 bcsId: 0 replicaIndex: 5"} | ret=FAILURE | java.lang.Exception: Request is trying to write to node with uuid : 499ea71d-eb2b-46ae-9b84-b8ff3bf3bebc but the current nodeId is: 96008313-3053-4fc6-a3a7-5bd71ebbb30b .
	at org.apache.hadoop.ozone.container.common.impl.HddsDispatcher.dispatchRequest(HddsDispatcher.java:449)
	at org.apache.hadoop.ozone.container.common.impl.HddsDispatcher.lambda$dispatch$0(HddsDispatcher.java:197)
 
2026-07-15 06:52:21,556 | INFO  | DNAudit | user=null | ip=null | op=CLOSE_CONTAINER {"containerID":"1"} | ret=SUCCESS |  
2026-07-15 06:52:21,636 | INFO  | DNAudit | user=null | ip=null | op=CLOSE_CONTAINER {"containerID":"2"} | ret=SUCCESS |  
