2026-08-13 12:24:03,932 | INFO  | OMSystemAudit | user=null | ip= | op=STARTUP {"NewOmState":"RUNNING","OmState":"INITIALIZED"} | ret=SUCCESS |  
2026-08-13 12:24:08,437 | INFO  | OMSystemAudit | user=null | ip= | op=LEADER_CHANGE {"previousLeader":"NONE","newLeader":"om1"} | ret=SUCCESS |  
2026-08-13 12:27:03,574 | INFO  | OMSystemAudit | user=null | ip= | op=SNAPSHOT_SET_PROPERTY {"snapshotDBKey":"/vol1/snapdiff-2.3.0/snapdiff-from-2.3.0","deepCleanDeletedDir":"true"} | ret=SUCCESS |  
2026-08-13 12:27:03,581 | INFO  | OMSystemAudit | user=null | ip= | op=SNAPSHOT_SET_PROPERTY {"snapshotDBKey":"/vol1/snapdiff-2.3.0/snapdiff-to-2.3.0","deepCleanDeletedDir":"true"} | ret=SUCCESS |  
2026-08-13 12:28:03,525 | INFO  | OMSystemAudit | user=null | ip= | op=SNAPSHOT_SET_PROPERTY {"snapshotDBKey":"/vol1/snapdiff-2.3.0/snapdiff-from-2.3.0","deepCleanDeletedKey":"true"} | ret=SUCCESS |  
2026-08-13 12:28:03,528 | INFO  | OMSystemAudit | user=null | ip= | op=SNAPSHOT_SET_PROPERTY {"snapshotDBKey":"/vol1/snapdiff-2.3.0/snapdiff-to-2.3.0","deepCleanDeletedKey":"true"} | ret=SUCCESS |  
2026-08-13 12:31:03,544 | INFO  | OMSystemAudit | user=null | ip= | op=SNAPSHOT_SET_PROPERTY {"snapshotDBKey":"/vol1/snapdiff-1.4.1/snapdiff-from-1.4.1","deepCleanDeletedDir":"true"} | ret=SUCCESS |  
2026-08-13 12:31:03,545 | INFO  | OMSystemAudit | user=null | ip= | op=SNAPSHOT_SET_PROPERTY {"snapshotDBKey":"/vol1/snapdiff-1.4.1/snapdiff-to-1.4.1","deepCleanDeletedDir":"true"} | ret=SUCCESS |  
2026-08-13 12:32:03,528 | INFO  | OMSystemAudit | user=null | ip= | op=SNAPSHOT_SET_PROPERTY {"snapshotDBKey":"/vol1/snapdiff-1.4.1/snapdiff-to-1.4.1","deepCleanDeletedKey":"true"} | ret=SUCCESS |  
2026-08-13 12:32:03,537 | INFO  | OMSystemAudit | user=null | ip= | op=SNAPSHOT_SET_PROPERTY {"snapshotDBKey":"/vol1/snapdiff-1.4.1/snapdiff-from-1.4.1","deepCleanDeletedKey":"true"} | ret=SUCCESS |  
2026-08-13 12:32:03,618 | INFO  | OMSystemAudit | user=null | ip= | op=SNAPSHOT_SET_PROPERTY {"snapshotDBKey":"/vol1/snapdiff-2.0.0/snapdiff-from-2.0.0","deepCleanDeletedDir":"true"} | ret=SUCCESS |  
2026-08-13 12:33:03,527 | INFO  | OMSystemAudit | user=null | ip= | op=SNAPSHOT_SET_PROPERTY {"snapshotDBKey":"/vol1/snapdiff-2.0.0/snapdiff-from-2.0.0","deepCleanDeletedKey":"true"} | ret=SUCCESS |  
2026-08-13 12:33:03,549 | INFO  | OMSystemAudit | user=null | ip= | op=SNAPSHOT_SET_PROPERTY {"snapshotDBKey":"/vol1/snapdiff-2.0.0/snapdiff-to-2.0.0","deepCleanDeletedDir":"true"} | ret=SUCCESS |  
2026-08-13 12:34:03,533 | INFO  | OMSystemAudit | user=null | ip= | op=SNAPSHOT_SET_PROPERTY {"snapshotDBKey":"/vol1/snapdiff-2.0.0/snapdiff-to-2.0.0","deepCleanDeletedKey":"true"} | ret=SUCCESS |  
2026-08-13 12:34:03,555 | INFO  | OMSystemAudit | user=null | ip= | op=SNAPSHOT_SET_PROPERTY {"snapshotDBKey":"/vol1/snapdiff-2.1.1/snapdiff-to-2.1.1","deepCleanDeletedDir":"true"} | ret=SUCCESS |  
2026-08-13 12:34:03,558 | INFO  | OMSystemAudit | user=null | ip= | op=SNAPSHOT_SET_PROPERTY {"snapshotDBKey":"/vol1/snapdiff-2.1.1/snapdiff-from-2.1.1","deepCleanDeletedDir":"true"} | ret=SUCCESS |  
2026-08-13 12:35:03,531 | INFO  | OMSystemAudit | user=null | ip= | op=SNAPSHOT_SET_PROPERTY {"snapshotDBKey":"/vol1/snapdiff-2.1.1/snapdiff-from-2.1.1","deepCleanDeletedKey":"true"} | ret=SUCCESS |  
2026-08-13 12:35:03,538 | INFO  | OMSystemAudit | user=null | ip= | op=SNAPSHOT_SET_PROPERTY {"snapshotDBKey":"/vol1/snapdiff-2.1.1/snapdiff-to-2.1.1","deepCleanDeletedKey":"true"} | ret=SUCCESS |  
2026-08-13 12:36:03,553 | INFO  | OMSystemAudit | user=null | ip= | op=SNAPSHOT_SET_PROPERTY {"snapshotDBKey":"/vol1/snapdiff-2.2.0/snapdiff-to-2.2.0","deepCleanDeletedDir":"true"} | ret=SUCCESS |  
2026-08-13 12:36:03,555 | INFO  | OMSystemAudit | user=null | ip= | op=SNAPSHOT_SET_PROPERTY {"snapshotDBKey":"/vol1/snapdiff-2.2.0/snapdiff-from-2.2.0","deepCleanDeletedDir":"true"} | ret=SUCCESS |  
2026-08-13 12:37:03,534 | INFO  | OMSystemAudit | user=null | ip= | op=SNAPSHOT_SET_PROPERTY {"snapshotDBKey":"/vol1/snapdiff-2.2.0/snapdiff-to-2.2.0","deepCleanDeletedKey":"true"} | ret=SUCCESS |  
2026-08-13 12:37:03,538 | INFO  | OMSystemAudit | user=null | ip= | op=SNAPSHOT_SET_PROPERTY {"snapshotDBKey":"/vol1/snapdiff-2.2.0/snapdiff-from-2.2.0","deepCleanDeletedKey":"true"} | ret=SUCCESS |  
