datanode_2  | 2022-12-23 07:53:01,111 [grpc-default-executor-2] INFO impl.VoteContext: 0c3a3439-740f-4776-afd7-276792291e03@group-FDCBCC52DBAD-FOLLOWER: accept ELECTION from 8fa2e3a2-8c98-41e6-b7ff-620957c76e4d: our priority 0 <= candidate's priority 1
scm_1       | 2022-12-23 07:52:25,122 [0f2ecc23-6644-4299-b755-ad89b870a14b-impl-thread1] INFO impl.RoleInfo: 0f2ecc23-6644-4299-b755-ad89b870a14b: start 0f2ecc23-6644-4299-b755-ad89b870a14b@group-8B546D740B06-FollowerState
datanode_2  | 2022-12-23 07:53:01,111 [grpc-default-executor-2] INFO server.RaftServer$Division: 0c3a3439-740f-4776-afd7-276792291e03@group-FDCBCC52DBAD: changes role from  FOLLOWER to FOLLOWER at term 4 for candidate:8fa2e3a2-8c98-41e6-b7ff-620957c76e4d
scm_1       | 2022-12-23 07:52:25,130 [0f2ecc23-6644-4299-b755-ad89b870a14b-impl-thread1] INFO util.JmxRegister: Successfully registered JMX Bean with object name Ratis:service=RaftServer,group=group-8B546D740B06,id=0f2ecc23-6644-4299-b755-ad89b870a14b
datanode_2  | 2022-12-23 07:53:01,111 [grpc-default-executor-2] INFO impl.RoleInfo: 0c3a3439-740f-4776-afd7-276792291e03: shutdown 0c3a3439-740f-4776-afd7-276792291e03@group-FDCBCC52DBAD-FollowerState
scm_1       | 2022-12-23 07:52:25,132 [0f2ecc23-6644-4299-b755-ad89b870a14b-impl-thread1] INFO server.RaftServerConfigKeys: raft.server.snapshot.auto.trigger.enabled = true (custom)
datanode_2  | 2022-12-23 07:53:01,112 [0c3a3439-740f-4776-afd7-276792291e03@group-FDCBCC52DBAD-FollowerState] INFO impl.FollowerState: 0c3a3439-740f-4776-afd7-276792291e03@group-FDCBCC52DBAD-FollowerState was interrupted
scm_1       | 2022-12-23 07:52:25,133 [0f2ecc23-6644-4299-b755-ad89b870a14b-impl-thread1] INFO server.RaftServerConfigKeys: raft.server.snapshot.auto.trigger.threshold = 1000 (custom)
datanode_2  | 2022-12-23 07:53:01,113 [grpc-default-executor-2] INFO impl.RoleInfo: 0c3a3439-740f-4776-afd7-276792291e03: start 0c3a3439-740f-4776-afd7-276792291e03@group-FDCBCC52DBAD-FollowerState
scm_1       | 2022-12-23 07:52:25,133 [0f2ecc23-6644-4299-b755-ad89b870a14b-impl-thread1] INFO server.RaftServerConfigKeys: raft.server.snapshot.retention.file.num = -1 (default)
datanode_2  | 2022-12-23 07:53:01,116 [grpc-default-executor-2] INFO server.RaftServer$Division: 0c3a3439-740f-4776-afd7-276792291e03@group-FDCBCC52DBAD replies to ELECTION vote request: 8fa2e3a2-8c98-41e6-b7ff-620957c76e4d<-0c3a3439-740f-4776-afd7-276792291e03#0:OK-t4. Peer's state: 0c3a3439-740f-4776-afd7-276792291e03@group-FDCBCC52DBAD:t4, leader=null, voted=8fa2e3a2-8c98-41e6-b7ff-620957c76e4d, raftlog=Memoized:0c3a3439-740f-4776-afd7-276792291e03@group-FDCBCC52DBAD-SegmentedRaftLog:OPENED:c-1, conf=-1: peers:[357a320b-0b8e-4e07-ad53-c808ef52e97a|rpc:172.19.0.8:9856|admin:172.19.0.8:9857|client:172.19.0.8:9858|dataStream:172.19.0.8:9858|priority:0|startupRole:FOLLOWER, 8fa2e3a2-8c98-41e6-b7ff-620957c76e4d|rpc:172.19.0.7:9856|admin:172.19.0.7:9857|client:172.19.0.7:9858|dataStream:172.19.0.7:9858|priority:1|startupRole:FOLLOWER, 0c3a3439-740f-4776-afd7-276792291e03|rpc:172.19.0.4:9856|admin:172.19.0.4:9857|client:172.19.0.4:9858|dataStream:172.19.0.4:9858|priority:0|startupRole:FOLLOWER]|listeners:[], old=null
scm_1       | 2022-12-23 07:52:25,134 [0f2ecc23-6644-4299-b755-ad89b870a14b-impl-thread1] INFO server.RaftServerConfigKeys: raft.server.log.purge.upto.snapshot.index = false (default)
datanode_2  | 2022-12-23 07:53:01,127 [0c3a3439-740f-4776-afd7-276792291e03@group-FDCBCC52DBAD-FollowerState] INFO server.RaftServerConfigKeys: raft.server.rpc.first-election.timeout.min = 5s (fallback to raft.server.rpc.timeout.min)
scm_1       | 2022-12-23 07:52:25,135 [0f2ecc23-6644-4299-b755-ad89b870a14b@group-8B546D740B06-FollowerState] INFO server.RaftServerConfigKeys: raft.server.rpc.first-election.timeout.min = 5000ms (fallback to raft.server.rpc.timeout.min)
datanode_2  | 2022-12-23 07:53:01,127 [0c3a3439-740f-4776-afd7-276792291e03@group-FDCBCC52DBAD-FollowerState] INFO server.RaftServerConfigKeys: raft.server.rpc.first-election.timeout.max = 5200ms (fallback to raft.server.rpc.timeout.max)
scm_1       | 2022-12-23 07:52:25,135 [0f2ecc23-6644-4299-b755-ad89b870a14b@group-8B546D740B06-FollowerState] INFO server.RaftServerConfigKeys: raft.server.rpc.first-election.timeout.max = 5200ms (fallback to raft.server.rpc.timeout.max)
datanode_2  | 2022-12-23 07:53:01,204 [0c3a3439-740f-4776-afd7-276792291e03-server-thread1] INFO ratis.XceiverServerRatis: Leader change notification received for group: group-FDCBCC52DBAD with new leaderId: 8fa2e3a2-8c98-41e6-b7ff-620957c76e4d
scm_1       | 2022-12-23 07:52:25,138 [Listener at 0.0.0.0/9860] INFO server.RaftServer: 0f2ecc23-6644-4299-b755-ad89b870a14b: start RPC server
datanode_2  | 2022-12-23 07:53:01,205 [0c3a3439-740f-4776-afd7-276792291e03-server-thread1] INFO server.RaftServer$Division: 0c3a3439-740f-4776-afd7-276792291e03@group-FDCBCC52DBAD: change Leader from null to 8fa2e3a2-8c98-41e6-b7ff-620957c76e4d at term 4 for appendEntries, leader elected after 21187ms
datanode_2  | 2022-12-23 07:53:01,244 [0c3a3439-740f-4776-afd7-276792291e03-server-thread2] INFO server.RaftServer$Division: 0c3a3439-740f-4776-afd7-276792291e03@group-FDCBCC52DBAD: set configuration 0: peers:[357a320b-0b8e-4e07-ad53-c808ef52e97a|rpc:172.19.0.8:9856|admin:172.19.0.8:9857|client:172.19.0.8:9858|dataStream:172.19.0.8:9858|priority:0|startupRole:FOLLOWER, 8fa2e3a2-8c98-41e6-b7ff-620957c76e4d|rpc:172.19.0.7:9856|admin:172.19.0.7:9857|client:172.19.0.7:9858|dataStream:172.19.0.7:9858|priority:1|startupRole:FOLLOWER, 0c3a3439-740f-4776-afd7-276792291e03|rpc:172.19.0.4:9856|admin:172.19.0.4:9857|client:172.19.0.4:9858|dataStream:172.19.0.4:9858|priority:0|startupRole:FOLLOWER]|listeners:[], old=null
scm_1       | 2022-12-23 07:52:25,149 [Listener at 0.0.0.0/9860] INFO server.GrpcService: 0f2ecc23-6644-4299-b755-ad89b870a14b: GrpcService started, listening on 9894
datanode_2  | 2022-12-23 07:53:01,244 [0c3a3439-740f-4776-afd7-276792291e03-server-thread2] INFO segmented.SegmentedRaftLogWorker: 0c3a3439-740f-4776-afd7-276792291e03@group-FDCBCC52DBAD-SegmentedRaftLogWorker: Starting segment from index:0
scm_1       | 2022-12-23 07:52:25,155 [JvmPauseMonitor0] INFO util.JvmPauseMonitor: JvmPauseMonitor-0f2ecc23-6644-4299-b755-ad89b870a14b: Started
datanode_2  | 2022-12-23 07:53:01,247 [0c3a3439-740f-4776-afd7-276792291e03@group-FDCBCC52DBAD-SegmentedRaftLogWorker] INFO segmented.SegmentedRaftLogWorker: 0c3a3439-740f-4776-afd7-276792291e03@group-FDCBCC52DBAD-SegmentedRaftLogWorker: created new log segment /data/metadata/ratis/c1075764-345d-4728-8f58-fdcbcc52dbad/current/log_inprogress_0
scm_1       | 2022-12-23 07:52:25,175 [Listener at 0.0.0.0/9860] INFO ha.SCMHAManagerImpl:  scm role is FOLLOWER peers [0f2ecc23-6644-4299-b755-ad89b870a14b|rpc:126e161209d2:9894|admin:|client:|dataStream:|priority:0|startupRole:FOLLOWER]
scm_1       | 2022-12-23 07:52:25,175 [Listener at 0.0.0.0/9860] INFO ha.InterSCMGrpcService: Starting SCM Grpc Service at port 9895
scm_1       | 2022-12-23 07:52:25,324 [Listener at 0.0.0.0/9860] INFO impl.MetricsConfig: Loaded properties from hadoop-metrics2.properties
scm_1       | 2022-12-23 07:52:25,346 [Listener at 0.0.0.0/9860] INFO impl.MetricsSystemImpl: Scheduled Metric snapshot period at 10 second(s).
scm_1       | 2022-12-23 07:52:25,346 [Listener at 0.0.0.0/9860] INFO impl.MetricsSystemImpl: StorageContainerManager metrics system started
scm_1       | 2022-12-23 07:52:25,594 [Listener at 0.0.0.0/9860] INFO server.SCMClientProtocolServer: RPC server for Client  is listening at /0.0.0.0:9860
scm_1       | 2022-12-23 07:52:25,596 [IPC Server Responder] INFO ipc.Server: IPC Server Responder: starting
scm_1       | 2022-12-23 07:52:25,605 [IPC Server listener on 9860] INFO ipc.Server: IPC Server listener on 9860: starting
scm_1       | 2022-12-23 07:52:25,616 [Listener at 0.0.0.0/9860] INFO server.StorageContainerManager: ScmBlockLocationProtocol RPC server is listening at /0.0.0.0:9863
scm_1       | 2022-12-23 07:52:25,629 [Listener at 0.0.0.0/9860] INFO server.SCMBlockProtocolServer: RPC server for Block Protocol is listening at /0.0.0.0:9863
scm_1       | 2022-12-23 07:52:25,633 [IPC Server Responder] INFO ipc.Server: IPC Server Responder: starting
scm_1       | 2022-12-23 07:52:25,633 [IPC Server listener on 9863] INFO ipc.Server: IPC Server listener on 9863: starting
scm_1       | 2022-12-23 07:52:25,696 [org.apache.hadoop.util.JvmPauseMonitor$Monitor@5e68be2] INFO util.JvmPauseMonitor: Starting JVM pause monitor
scm_1       | 2022-12-23 07:52:25,754 [Listener at 0.0.0.0/9860] INFO http.BaseHttpServer: Starting Web-server for scm at: http://0.0.0.0:9876
scm_1       | 2022-12-23 07:52:25,755 [Listener at 0.0.0.0/9860] INFO http.BaseHttpServer: Hadoop Security Enabled: false Ozone Security Enabled: false Ozone HTTP Security Enabled: false 
scm_1       | 2022-12-23 07:52:25,806 [Listener at 0.0.0.0/9860] INFO util.log: Logging initialized @6605ms to org.eclipse.jetty.util.log.Slf4jLog
scm_1       | 2022-12-23 07:52:25,998 [Listener at 0.0.0.0/9860] WARN server.AuthenticationFilter: Unable to initialize FileSignerSecretProvider, falling back to use random secrets. Reason: Could not read signature secret file: /opt/hadoop/hadoop-http-auth-signature-secret
scm_1       | 2022-12-23 07:52:26,003 [Listener at 0.0.0.0/9860] INFO http.HttpRequestLog: Http request log for http.requests.scm is not defined
scm_1       | 2022-12-23 07:52:26,018 [Listener at 0.0.0.0/9860] INFO http.HttpServer2: Added global filter 'safety' (class=org.apache.hadoop.hdds.server.http.HttpServer2$QuotingInputFilter)
scm_1       | 2022-12-23 07:52:26,022 [Listener at 0.0.0.0/9860] INFO http.HttpServer2: Added filter static_user_filter (class=org.apache.hadoop.http.lib.StaticUserWebFilter$StaticUserFilter) to context scm
scm_1       | 2022-12-23 07:52:26,022 [Listener at 0.0.0.0/9860] INFO http.HttpServer2: Added filter static_user_filter (class=org.apache.hadoop.http.lib.StaticUserWebFilter$StaticUserFilter) to context logs
scm_1       | 2022-12-23 07:52:26,023 [Listener at 0.0.0.0/9860] INFO http.HttpServer2: Added filter static_user_filter (class=org.apache.hadoop.http.lib.StaticUserWebFilter$StaticUserFilter) to context static
scm_1       | 2022-12-23 07:52:26,084 [Listener at 0.0.0.0/9860] INFO http.HttpServer2: Jetty bound to port 9876
scm_1       | 2022-12-23 07:52:26,085 [Listener at 0.0.0.0/9860] INFO server.Server: jetty-9.4.49.v20220914; built: 2022-09-14T01:07:36.601Z; git: 4231a3b2e4cb8548a412a789936d640a97b1aa0a; jvm 11.0.14.1+1-LTS
scm_1       | 2022-12-23 07:52:26,118 [Listener at 0.0.0.0/9860] INFO server.session: DefaultSessionIdManager workerName=node0
scm_1       | 2022-12-23 07:52:26,118 [Listener at 0.0.0.0/9860] INFO server.session: No SessionScavenger set, using defaults
scm_1       | 2022-12-23 07:52:26,119 [Listener at 0.0.0.0/9860] INFO server.session: node0 Scavenging every 600000ms
scm_1       | 2022-12-23 07:52:26,134 [Listener at 0.0.0.0/9860] INFO handler.ContextHandler: Started o.e.j.s.ServletContextHandler@46d1b59{logs,/logs,file:///var/log/hadoop/,AVAILABLE}
scm_1       | 2022-12-23 07:52:26,136 [Listener at 0.0.0.0/9860] INFO handler.ContextHandler: Started o.e.j.s.ServletContextHandler@14874a5d{static,/static,jar:file:/opt/hadoop/share/ozone/lib/hdds-server-scm-1.3.0-SNAPSHOT.jar!/webapps/static,AVAILABLE}
scm_1       | 2022-12-23 07:52:26,253 [Listener at 0.0.0.0/9860] INFO handler.ContextHandler: Started o.e.j.w.WebAppContext@eded048{scm,/,file:///tmp/jetty-0_0_0_0-9876-hdds-server-scm-1_3_0-SNAPSHOT_jar-_-any-11967909568745567058/webapp/,AVAILABLE}{jar:file:/opt/hadoop/share/ozone/lib/hdds-server-scm-1.3.0-SNAPSHOT.jar!/webapps/scm}
scm_1       | 2022-12-23 07:52:26,268 [Listener at 0.0.0.0/9860] INFO server.AbstractConnector: Started ServerConnector@8432469{HTTP/1.1, (http/1.1)}{0.0.0.0:9876}
scm_1       | 2022-12-23 07:52:26,270 [Listener at 0.0.0.0/9860] INFO server.Server: Started @7069ms
scm_1       | 2022-12-23 07:52:26,274 [Listener at 0.0.0.0/9860] INFO impl.MetricsSinkAdapter: Sink prometheus started
scm_1       | 2022-12-23 07:52:26,274 [Listener at 0.0.0.0/9860] INFO impl.MetricsSystemImpl: Registered sink prometheus
scm_1       | 2022-12-23 07:52:26,276 [Listener at 0.0.0.0/9860] INFO http.BaseHttpServer: HTTP server of scm listening at http://0.0.0.0:9876
scm_1       | 2022-12-23 07:52:30,290 [0f2ecc23-6644-4299-b755-ad89b870a14b@group-8B546D740B06-FollowerState] INFO impl.FollowerState: 0f2ecc23-6644-4299-b755-ad89b870a14b@group-8B546D740B06-FollowerState: change to CANDIDATE, lastRpcElapsedTime:5168072751ns, electionTimeout:5153ms
scm_1       | 2022-12-23 07:52:30,291 [0f2ecc23-6644-4299-b755-ad89b870a14b@group-8B546D740B06-FollowerState] INFO impl.RoleInfo: 0f2ecc23-6644-4299-b755-ad89b870a14b: shutdown 0f2ecc23-6644-4299-b755-ad89b870a14b@group-8B546D740B06-FollowerState
scm_1       | 2022-12-23 07:52:30,293 [0f2ecc23-6644-4299-b755-ad89b870a14b@group-8B546D740B06-FollowerState] INFO server.RaftServer$Division: 0f2ecc23-6644-4299-b755-ad89b870a14b@group-8B546D740B06: changes role from  FOLLOWER to CANDIDATE at term 1 for changeToCandidate
scm_1       | 2022-12-23 07:52:30,295 [0f2ecc23-6644-4299-b755-ad89b870a14b@group-8B546D740B06-FollowerState] INFO server.RaftServerConfigKeys: raft.server.leaderelection.pre-vote = false (custom)
scm_1       | 2022-12-23 07:52:30,295 [0f2ecc23-6644-4299-b755-ad89b870a14b@group-8B546D740B06-FollowerState] INFO impl.RoleInfo: 0f2ecc23-6644-4299-b755-ad89b870a14b: start 0f2ecc23-6644-4299-b755-ad89b870a14b@group-8B546D740B06-LeaderElection1
scm_1       | 2022-12-23 07:52:30,311 [0f2ecc23-6644-4299-b755-ad89b870a14b@group-8B546D740B06-LeaderElection1] INFO impl.LeaderElection: 0f2ecc23-6644-4299-b755-ad89b870a14b@group-8B546D740B06-LeaderElection1 ELECTION round 0: submit vote requests at term 2 for 0: peers:[0f2ecc23-6644-4299-b755-ad89b870a14b|rpc:126e161209d2:9894|admin:|client:|dataStream:|priority:0|startupRole:FOLLOWER]|listeners:[], old=null
scm_1       | 2022-12-23 07:52:30,312 [0f2ecc23-6644-4299-b755-ad89b870a14b@group-8B546D740B06-LeaderElection1] INFO impl.LeaderElection: 0f2ecc23-6644-4299-b755-ad89b870a14b@group-8B546D740B06-LeaderElection1 ELECTION round 0: result PASSED (term=2)
scm_1       | 2022-12-23 07:52:30,314 [0f2ecc23-6644-4299-b755-ad89b870a14b@group-8B546D740B06-LeaderElection1] INFO impl.RoleInfo: 0f2ecc23-6644-4299-b755-ad89b870a14b: shutdown 0f2ecc23-6644-4299-b755-ad89b870a14b@group-8B546D740B06-LeaderElection1
scm_1       | 2022-12-23 07:52:30,314 [0f2ecc23-6644-4299-b755-ad89b870a14b@group-8B546D740B06-LeaderElection1] INFO server.RaftServer$Division: 0f2ecc23-6644-4299-b755-ad89b870a14b@group-8B546D740B06: changes role from CANDIDATE to LEADER at term 2 for changeToLeader
scm_1       | 2022-12-23 07:52:30,315 [0f2ecc23-6644-4299-b755-ad89b870a14b@group-8B546D740B06-LeaderElection1] INFO ha.SCMStateMachine: current SCM becomes leader of term 2.
scm_1       | 2022-12-23 07:52:30,315 [0f2ecc23-6644-4299-b755-ad89b870a14b@group-8B546D740B06-LeaderElection1] INFO ha.SCMContext: update <isLeader,term> from <false,0> to <true,2>
scm_1       | 2022-12-23 07:52:30,317 [0f2ecc23-6644-4299-b755-ad89b870a14b@group-8B546D740B06-LeaderElection1] INFO server.RaftServer$Division: 0f2ecc23-6644-4299-b755-ad89b870a14b@group-8B546D740B06: change Leader from null to 0f2ecc23-6644-4299-b755-ad89b870a14b at term 2 for becomeLeader, leader elected after 7328ms
scm_1       | 2022-12-23 07:52:30,328 [0f2ecc23-6644-4299-b755-ad89b870a14b@group-8B546D740B06-LeaderElection1] INFO server.RaftServerConfigKeys: raft.server.staging.catchup.gap = 1000 (default)
scm_1       | 2022-12-23 07:52:30,332 [0f2ecc23-6644-4299-b755-ad89b870a14b@group-8B546D740B06-LeaderElection1] INFO server.RaftServerConfigKeys: raft.server.write.element-limit = 4096 (default)
scm_1       | 2022-12-23 07:52:30,333 [0f2ecc23-6644-4299-b755-ad89b870a14b@group-8B546D740B06-LeaderElection1] INFO server.RaftServerConfigKeys: raft.server.write.byte-limit = 64MB (=67108864) (default)
scm_1       | 2022-12-23 07:52:30,338 [0f2ecc23-6644-4299-b755-ad89b870a14b@group-8B546D740B06-LeaderElection1] INFO server.RaftServerConfigKeys: raft.server.watch.timeout = 10s (default)
scm_1       | 2022-12-23 07:52:30,338 [0f2ecc23-6644-4299-b755-ad89b870a14b@group-8B546D740B06-LeaderElection1] INFO server.RaftServerConfigKeys: raft.server.watch.timeout.denomination = 1s (default)
scm_1       | 2022-12-23 07:52:30,339 [0f2ecc23-6644-4299-b755-ad89b870a14b@group-8B546D740B06-LeaderElection1] INFO server.RaftServerConfigKeys: raft.server.watch.element-limit = 65536 (default)
scm_1       | 2022-12-23 07:52:30,343 [0f2ecc23-6644-4299-b755-ad89b870a14b@group-8B546D740B06-LeaderElection1] INFO server.RaftServerConfigKeys: raft.server.write.element-limit = 4096 (default)
scm_1       | 2022-12-23 07:52:30,345 [0f2ecc23-6644-4299-b755-ad89b870a14b@group-8B546D740B06-LeaderElection1] INFO server.RaftServerConfigKeys: raft.server.write.follower.gap.ratio.max = -1.0 (default)
scm_1       | 2022-12-23 07:52:30,347 [0f2ecc23-6644-4299-b755-ad89b870a14b@group-8B546D740B06-LeaderElection1] INFO impl.RoleInfo: 0f2ecc23-6644-4299-b755-ad89b870a14b: start 0f2ecc23-6644-4299-b755-ad89b870a14b@group-8B546D740B06-LeaderStateImpl
scm_1       | 2022-12-23 07:52:30,351 [0f2ecc23-6644-4299-b755-ad89b870a14b@group-8B546D740B06-LeaderElection1] INFO segmented.SegmentedRaftLogWorker: 0f2ecc23-6644-4299-b755-ad89b870a14b@group-8B546D740B06-SegmentedRaftL