om_1        | 2022-12-23 07:52:46,785 [om1-impl-thread1] INFO storage.RaftStorageDirectory: The storage directory /data/metadata/ratis/bf265839-605b-3f16-9796-c5ba1605619e does not exist. Creating ...
om_1        | 2022-12-23 07:52:46,814 [om1-impl-thread1] INFO storage.RaftStorageDirectory: Lock on /data/metadata/ratis/bf265839-605b-3f16-9796-c5ba1605619e/in_use.lock acquired by nodename 6@49cb2bfd58b2
om_1        | 2022-12-23 07:52:46,896 [om1-impl-thread1] INFO storage.RaftStorage: Storage directory /data/metadata/ratis/bf265839-605b-3f16-9796-c5ba1605619e has been successfully formatted.
datanode_3  | 2022-12-23 07:52:39,936 [pool-22-thread-1] INFO storage.RaftStorageDirectory: The storage directory /data/metadata/ratis/c1075764-345d-4728-8f58-fdcbcc52dbad does not exist. Creating ...
datanode_3  | 2022-12-23 07:52:39,945 [pool-22-thread-1] INFO storage.RaftStorageDirectory: Lock on /data/metadata/ratis/c1075764-345d-4728-8f58-fdcbcc52dbad/in_use.lock acquired by nodename 7@bf1dbf9f05f1
datanode_1  | 2022-12-23 07:52:41,413 [8fa2e3a2-8c98-41e6-b7ff-620957c76e4d@group-D1E98AC6989E-FollowerState] INFO impl.RoleInfo: 8fa2e3a2-8c98-41e6-b7ff-620957c76e4d: shutdown 8fa2e3a2-8c98-41e6-b7ff-620957c76e4d@group-D1E98AC6989E-FollowerState
datanode_1  | 2022-12-23 07:52:41,413 [8fa2e3a2-8c98-41e6-b7ff-620957c76e4d@group-D1E98AC6989E-FollowerState] INFO server.RaftServer$Division: 8fa2e3a2-8c98-41e6-b7ff-620957c76e4d@group-D1E98AC6989E: changes role from  FOLLOWER to CANDIDATE at term 0 for changeToCandidate
scm_1       | 2022-12-23 07:52:07,639 [pool-2-thread-1] INFO server.RaftServerConfigKeys: raft.server.threadpool.client.size = 0 (default)
scm_1       | 2022-12-23 07:52:07,665 [0f2ecc23-6644-4299-b755-ad89b870a14b-impl-thread1] INFO storage.RaftStorageDirectory: The storage directory /data/metadata/scm-ha/73316ecd-01df-4928-8419-8b546d740b06 does not exist. Creating ...
scm_1       | 2022-12-23 07:52:07,723 [0f2ecc23-6644-4299-b755-ad89b870a14b-impl-thread1] INFO storage.RaftStorageDirectory: Lock on /data/metadata/scm-ha/73316ecd-01df-4928-8419-8b546d740b06/in_use.lock acquired by nodename 12@126e161209d2
om_1        | 2022-12-23 07:52:46,903 [om1-impl-thread1] INFO server.RaftServerConfigKeys: raft.server.log.use.memory = false (default)
datanode_1  | 2022-12-23 07:52:41,417 [8fa2e3a2-8c98-41e6-b7ff-620957c76e4d@group-D1E98AC6989E-FollowerState] INFO server.RaftServerConfigKeys: raft.server.leaderelection.pre-vote = false (custom)
datanode_1  | 2022-12-23 07:52:41,417 [8fa2e3a2-8c98-41e6-b7ff-620957c76e4d@group-D1E98AC6989E-FollowerState] INFO impl.RoleInfo: 8fa2e3a2-8c98-41e6-b7ff-620957c76e4d: start 8fa2e3a2-8c98-41e6-b7ff-620957c76e4d@group-D1E98AC6989E-LeaderElection1
datanode_1  | 2022-12-23 07:52:41,430 [8fa2e3a2-8c98-41e6-b7ff-620957c76e4d@group-D1E98AC6989E-LeaderElection1] INFO impl.LeaderElection: 8fa2e3a2-8c98-41e6-b7ff-620957c76e4d@group-D1E98AC6989E-LeaderElection1 ELECTION round 0: submit vote requests at term 1 for -1: peers:[357a320b-0b8e-4e07-ad53-c808ef52e97a|rpc:172.19.0.8:9856|admin:172.19.0.8:9857|client:172.19.0.8:9858|dataStream:172.19.0.8:9858|priority:0|startupRole:FOLLOWER, 8fa2e3a2-8c98-41e6-b7ff-620957c76e4d|rpc:172.19.0.7:9856|admin:172.19.0.7:9857|client:172.19.0.7:9858|dataStream:172.19.0.7:9858|priority:0|startupRole:FOLLOWER, 0c3a3439-740f-4776-afd7-276792291e03|rpc:172.19.0.4:9856|admin:172.19.0.4:9857|client:172.19.0.4:9858|dataStream:172.19.0.4:9858|priority:1|startupRole:FOLLOWER]|listeners:[], old=null
datanode_1  | 2022-12-23 07:52:41,443 [8fa2e3a2-8c98-41e6-b7ff-620957c76e4d@group-D1E98AC6989E-LeaderElection1-1] INFO server.GrpcServerProtocolClient: Build channel for 357a320b-0b8e-4e07-ad53-c808ef52e97a
datanode_1  | 2022-12-23 07:52:41,444 [8fa2e3a2-8c98-41e6-b7ff-620957c76e4d@group-D1E98AC6989E-LeaderElection1] INFO server.RaftServerConfigKeys: raft.server.rpc.first-election.timeout.min = 5s (fallback to raft.server.rpc.timeout.min)
datanode_1  | 2022-12-23 07:52:41,449 [8fa2e3a2-8c98-41e6-b7ff-620957c76e4d@group-D1E98AC6989E-LeaderElection1] INFO server.RaftServerConfigKeys: raft.server.rpc.first-election.timeout.max = 5200ms (fallback to raft.server.rpc.timeout.max)
om_1        | 2022-12-23 07:52:46,924 [om1-impl-thread1] INFO server.RaftServerConfigKeys: raft.server.log.purge.gap = 1000000 (custom)
datanode_2  | 2022-12-23 07:52:36,709 [pool-22-thread-1] INFO server.RaftServerConfigKeys: raft.server.threadpool.server.size = 0 (default)
datanode_2  | 2022-12-23 07:52:36,709 [pool-22-thread-1] INFO server.RaftServerConfigKeys: raft.server.threadpool.client.cached = true (default)
datanode_1  | 2022-12-23 07:52:41,453 [8fa2e3a2-8c98-41e6-b7ff-620957c76e4d@group-D1E98AC6989E-LeaderElection1-2] INFO server.GrpcServerProtocolClient: Build channel for 0c3a3439-740f-4776-afd7-276792291e03
datanode_1  | 2022-12-23 07:52:41,662 [8fa2e3a2-8c98-41e6-b7ff-620957c76e4d@group-D1E98AC6989E-LeaderElection1] INFO impl.LeaderElection: 8fa2e3a2-8c98-41e6-b7ff-620957c76e4d@group-D1E98AC6989E-LeaderElection1: ELECTION REJECTED received 2 response(s) and 0 exception(s):
om_1        | 2022-12-23 07:52:46,925 [om1-impl-thread1] INFO server.RaftServerConfigKeys: raft.server.log.appender.buffer.byte-limit = 33554432 (custom)
datanode_2  | 2022-12-23 07:52:36,709 [pool-22-thread-1] INFO server.RaftServerConfigKeys: raft.server.threadpool.client.size = 0 (default)
datanode_2  | 2022-12-23 07:52:36,710 [pool-22-thread-1] INFO storage.RaftStorageDirectory: The storage directory /data/metadata/ratis/7e4b79d0-158e-47f7-bd2a-d1e98ac6989e does not exist. Creating ...
datanode_1  | 2022-12-23 07:52:41,664 [8fa2e3a2-8c98-41e6-b7ff-620957c76e4d@group-D1E98AC6989E-LeaderElection1] INFO impl.LeaderElection:   Response 0: 8fa2e3a2-8c98-41e6-b7ff-620957c76e4d<-357a320b-0b8e-4e07-ad53-c808ef52e97a#0:OK-t1
datanode_1  | 2022-12-23 07:52:41,664 [8fa2e3a2-8c98-41e6-b7ff-620957c76e4d@group-D1E98AC6989E-LeaderElection1] INFO impl.LeaderElection:   Response 1: 8fa2e3a2-8c98-41e6-b7ff-620957c76e4d<-0c3a3439-740f-4776-afd7-276792291e03#0:FAIL-t1
om_1        | 2022-12-23 07:52:46,929 [om1-impl-thread1] INFO server.RaftServerConfigKeys: raft.server.log.statemachine.data.read.timeout = 1000ms (default)
datanode_2  | 2022-12-23 07:52:36,721 [pool-22-thread-1] INFO storage.RaftStorageDirectory: Lock on /data/metadata/ratis/7e4b79d0-158e-47f7-bd2a-d1e98ac6989e/in_use.lock acquired by nodename 7@61aa7acc0f60
datanode_2  | 2022-12-23 07:52:36,736 [pool-22-thread-1] INFO storage.RaftStorage: Storage directory /data/metadata/ratis/7e4b79d0-158e-47f7-bd2a-d1e98ac6989e has been successfully formatted.
datanode_2  | 2022-12-23 07:52:36,737 [pool-22-thread-1] INFO ratis.ContainerStateMachine: group-D1E98AC6989E: The snapshot info is null. Setting the last applied indexto:(t:0, i:~)
datanode_2  | 2022-12-23 07:52:36,745 [pool-22-thread-1] INFO server.RaftServerConfigKeys: raft.server.log.use.memory = false (default)
om_1        | 2022-12-23 07:52:46,931 [om1-impl-thread1] INFO server.RaftServerConfigKeys: raft.server.log.purge.preservation.log.num = 0 (default)
om_1        | 2022-12-23 07:52:46,937 [om1-impl-thread1] INFO server.RaftServerConfigKeys: raft.server.log.segment.size.max = 4194304 (custom)
om_1        | 2022-12-23 07:52:46,947 [om1-impl-thread1] INFO server.RaftServerConfigKeys: raft.server.log.segment.cache.num.max = 2 (custom)
om_1        | 2022-12-23 07:52:46,948 [om1-impl-thread1] INFO server.RaftServerConfigKeys: raft.server.log.segment.cache.size.max = 200MB (=209715200) (default)
om_1        | 2022-12-23 07:52:46,953 [om1-impl-thread1] INFO segmented.SegmentedRaftLogWorker: new om1@group-C5BA1605619E-SegmentedRaftLogWorker for RaftStorageImpl:Storage Directory /data/metadata/ratis/bf265839-605b-3f16-9796-c5ba1605619e
om_1        | 2022-12-23 07:52:46,954 [om1-impl-thread1] INFO server.RaftServerConfigKeys: raft.server.log.queue.byte-limit = 64MB (=67108864) (default)
om_1        | 2022-12-23 07:52:46,954 [om1-impl-thread1] INFO server.RaftServerConfigKeys: raft.server.log.queue.element-limit = 4096 (default)
om_1        | 2022-12-23 07:52:46,955 [om1-impl-thread1] INFO server.RaftServerConfigKeys: raft.server.log.segment.size.max = 4194304 (custom)
om_1        | 2022-12-23 07:52:46,955 [om1-impl-thread1] INFO server.RaftServerConfigKeys: raft.server.log.preallocated.size = 4194304 (custom)
om_1        | 2022-12-23 07:52:46,956 [om1-impl-thread1] INFO server.RaftServerConfigKeys: raft.server.log.force.sync.num = 128 (default)
om_1        | 2022-12-23 07:52:46,956 [om1-impl-thread1] INFO server.RaftServerConfigKeys: raft.server.log.statemachine.data.sync = true (default)
om_1        | 2022-12-23 07:52:46,956 [om1-impl-thread1] INFO server.RaftServerConfigKeys: raft.server.log.statemachine.data.sync.timeout = 10s (default)
om_1        | 2022-12-23 07:52:46,957 [om1-impl-thread1] INFO server.RaftServerConfigKeys: raft.server.log.statemachine.data.sync.timeout.retry = -1 (default)
datanode_3  | 2022-12-23 07:52:39,977 [pool-22-thread-1] INFO storage.RaftStorage: Storage directory /data/metadata/ratis/c1075764-345d-4728-8f58-fdcbcc52dbad has been successfully formatted.
datanode_3  | 2022-12-23 07:52:39,986 [pool-22-thread-1] INFO ratis.ContainerStateMachine: group-FDCBCC52DBAD: The snapshot info is null. Setting the last applied indexto:(t:0, i:~)
datanode_3  | 2022-12-23 07:52:39,989 [pool-22-thread-1] INFO server.RaftServerConfigKeys: raft.server.log.use.memory = false (default)
datanode_3  | 2022-12-23 07:52:39,995 [pool-22-thread-1] INFO server.RaftServerConfigKeys: raft.server.log.purge.gap = 1000000 (custom)
datanode_3  | 2022-12-23 07:52:39,995 [pool-22-thread-1] INFO server.RaftServerConfigKeys: raft.server.log.appender.buffer.byte-limit = 33554432 (custom)
datanode_3  | 2022-12-23 07:52:40,001 [pool-22-thread-1] INFO server.RaftServerConfigKeys: raft.server.log.statemachine.data.read.timeout = 1000ms (default)
datanode_3  | 2022-12-23 07:52:40,004 [pool-22-thread-1] INFO server.RaftServerConfigKeys: raft.server.log.purge.preservation.log.num = 0 (default)
datanode_3  | 2022-12-23 07:52:40,023 [pool-22-thread-1] INFO server.RaftServerConfigKeys: raft.server.log.segment.size.max = 1048576 (custom)
datanode_3  | 2022-12-23 07:52:40,033 [pool-22-thread-1] INFO server.RaftServerConfigKeys: raft.server.log.segment.cache.num.max = 2 (custom)
datanode_3  | 2022-12-23 07:52:40,033 [pool-22-thread-1] INFO server.RaftServerConfigKeys: raft.server.log.segment.cache.size.max = 200MB (=209715200) (default)
datanode_3  | 2022-12-23 07:52:40,033 [pool-22-thread-1] INFO segmented.SegmentedRaftLogWorker: new 357a320b-0b8e-4e07-ad53-c808ef52e97a@group-FDCBCC52DBAD-SegmentedRaftLogWorker for RaftStorageImpl:Storage Directory /data/metadata/ratis/c1075764-345d-4728-8f58-fdcbcc52dbad
datanode_3  | 2022-12-23 07:52:40,033 [pool-22-thread-1] INFO server.RaftServerConfigKeys: raft.server.log.queue.byte-limit = 4294967296 (custom)
datanode_3  | 2022-12-23 07:52:40,033 [pool-22-thread-1] INFO server.RaftServerConfigKeys: raft.server.log.queue.element-limit = 1024 (custom)
datanode_3  | 2022-12-23 07:52:40,034 [pool-22-thread-1] INFO server.RaftServerConfigKeys: raft.server.log.segment.size.max = 1048576 (custom)
scm_1       | 2022-12-23 07:52:07,899 [0f2ecc23-6644-4299-b755-ad89b870a14b-impl-thread1] INFO storage.RaftStorage: Storage directory /data/metadata/scm-ha/73316ecd-01df-4928-8419-8b546d740b06 has been successfully formatted.
scm_1       | 2022-12-23 07:52:07,906 [0f2ecc23-6644-4299-b755-ad89b870a14b-impl-thread1] INFO server.RaftServerConfigKeys: raft.server.log.use.memory = false (default)
scm_1       | 2022-12-23 07:52:08,042 [0f2ecc23-6644-4299-b755-ad89b870a14b-impl-thread1] INFO server.RaftServerConfigKeys: raft.server.log.purge.gap = 1000000 (custom)
scm_1       | 2022-12-23 07:52:08,066 [0f2ecc23-6644-4299-b755-ad89b870a14b-impl-thread1] INFO server.RaftServerConfigKeys: raft.server.log.appender.buffer.byte-limit = 33554432 (custom)
scm_1       | 2022-12-23 07:52:08,074 [0f2ecc23-6644-4299-b755-ad89b870a14b-impl-thread1] INFO server.RaftServerConfigKeys: raft.server.log.statemachine.data.read.timeout = 1000ms (default)
scm_1       | 2022-12-23 07:52:08,099 [0f2ecc23-6644-4299-b755-ad89b870a14b-impl-thread1] INFO server.RaftServerConfigKeys: raft.server.log.purge.preservation.log.num = 0 (default)
datanode_1  | 2022-12-23 07:52:41,664 [8fa2e3a2-8c98-41e6-b7ff-620957c76e4d@group-D1E98AC6989E-LeaderElection1] INFO impl.LeaderElection: 8fa2e3a2-8c98-41e6-b7ff-620957c76e4d@group-D1E98AC6989E-LeaderElection1 ELECTION round 0: result REJECTED
datanode_1  | 2022-12-23 07:52:41,668 [8fa2e3a2-8c98-41e6-b7ff-620957c76e4d@group-D1E98AC6989E-LeaderElection1] INFO server.RaftServer$Division: 8fa2e3a2-8c98-41e6-b7ff-620957c76e4d@group-D1E98AC6989E: changes role from CANDIDATE to FOLLOWER at term 1 for REJECTED
datanode_1  | 2022-12-23 07:52:41,668 [8fa2e3a2-8c98-41e6-b7ff-620957c76e4d@group-D1E98AC6989E-LeaderElection1] INFO impl.RoleInfo: 8fa2e3a2-8c98-41e6-b7ff-620957c76e4d: shutdown 8fa2e3a2-8c98-41e6-b7ff-620957c76e4d@group-D1E98AC6989E-LeaderElection1
datanode_1  | 2022-12-23 07:52:41,668 [8fa2e3a2-8c98-41e6-b7ff-620957c76e4d@group-D1E98AC6989E-LeaderElection1] INFO impl.RoleInfo: 8fa2e3a2-8c98-41e6-b7ff-620957c76e4d: start 8fa2e3a2-8c98-41e6-b7ff-620957c76e4d@group-D1E98AC6989E-FollowerState
datanode_1  | 2022-12-23 07:52:41,678 [8fa2e3a2-8c98-41e6-b7ff-620957c76e4d@group-D1E98AC6989E-FollowerState] INFO server.RaftServerConfigKeys: raft.server.rpc.first-election.timeout.min = 5s (fallback to raft.server.rpc.timeout.min)
datanode_1  | 2022-12-23 07:52:41,678 [8fa2e3a2-8c98-41e6-b7ff-620957c76e4d@group-D1E98AC6989E-FollowerState] INFO server.RaftServerConfigKeys: raft.server.rpc.first-election.timeout.max = 5200ms (fallback to raft.server.rpc.timeout.max)
datanode_1  | 2022-12-23 07:52:45,656 [grpc-default-executor-0] INFO server.RaftServer$Division: 8fa2e3a2-8c98-41e6-b7ff-620957c76e4d@group-FDCBCC52DBAD: receive requestVote(ELECTION, 357a320b-0b8e-4e07-ad53-c808ef52e97a, group-FDCBCC52DBAD, 1, (t:0, i:0))
datanode_1  | 2022-12-23 07:52:45,658 [grpc-default-executor-0] INFO impl.VoteContext: 8fa2e3a2-8c98-41e6-b7ff-620957c76e4d@group-FDCBCC52DBAD-FOLLOWER: reject ELECTION from 357a320b-0b8e-4e07-ad53-c808ef52e97a: our priority 1 > candidate's priority 0
datanode_1  | 2022-12-23 07:52:45,660 [grpc-default-executor-0] INFO server.RaftServer$Division: 8fa2e3a2-8c98-41e6-b7ff-620957c76e4d@group-FDCBCC52DBAD: changes role from  FOLLOWER to FOLLOWER at term 1 for candidate:357a320b-0b8e-4e07-ad53-c808ef52e97a
datanode_1  | 2022-12-23 07:52:45,660 [grpc-default-executor-0] INFO impl.RoleInfo: 8fa2e3a2-8c98-41e6-b7ff-620957c76e4d: shutdown 8fa2e3a2-8c98-41e6-b7ff-620957c76e4d@group-FDCBCC52DBAD-FollowerState
datanode_2  | 2022-12-23 07:52:36,749 [pool-22-thread-1] INFO server.RaftServerConfigKeys: raft.server.log.purge.gap = 1000000 (custom)
datanode_2  | 2022-12-23 07:52:36,750 [pool-22-thread-1] INFO server.RaftServerConfigKeys: raft.server.log.appender.buffer.byte-limit = 33554432 (custom)
datanode_1  | 2022-12-23 07:52:45,660 [grpc-default-executor-0] INFO impl.RoleInfo: 8fa2e3a2-8c98-41e6-b7ff-620957c76e4d: start 8fa2e3a2-8c98-41e6-b7ff-620957c76e4d@group-FDCBCC52DBAD-FollowerState
datanode_3  | 2022-12-23 07:52:40,034 [pool-22-thread-1] INFO server.RaftServerConfigKeys: raft.server.log.preallocated.size = 16384 (custom)
om_1        | 2022-12-23 07:52:46,965 [om1-impl-thread1] INFO server.RaftServerConfigKeys: raft.server.log.write.buffer.size = 64KB (=65536) (default)
datanode_2  | 2022-12-23 07:52:36,765 [pool-22-thread-1] INFO server.RaftServerConfigKeys: raft.server.log.statemachine.data.read.timeout = 1000ms (default)
scm_1       | 2022-12-23 07:52:08,138 [0f2ecc23-6644-4299-b755-ad89b870a14b-impl-thread1] INFO server.RaftServerConfigKeys: raft.server.log.segment.size.max = 4194304 (custom)
scm_1       | 2022-12-23 07:52:08,249 [0f2ecc23-6644-4299-b755-ad89b870a14b-impl-thread1] INFO server.RaftServerConfigKeys: raft.server.log.segment.cache.num.max = 2 (custom)
datanode_1  | 2022-12-23 07:52:45,661 [8fa2e3a2-8c98-41e6-b7ff-620957c76e4d@group-FDCBCC52DBAD-FollowerState] INFO impl.FollowerState: 8fa2e3a2-8c98-41e6-b7ff-620957c76e4d@group-FDCBCC52DBAD-FollowerState was interrupted
datanode_3  | 2022-12-23 07:52:40,034 [pool-22-thread-1] INFO server.RaftServerConfigKeys: raft.server.log.force.sync.num = 128 (default)
datanode_2  | 2022-12-23 07:52:36,766 [pool-22-thread-1] INFO server.RaftServerConfigKeys: raft.server.log.purge.preservation.log.num = 0 (default)
datanode_2  | 2022-12-23 07:52:36,767 [pool-22-thread-1] INFO server.RaftServerConfigKeys: raft.server.log.segment.size.max = 1048576 (custom)
scm_1       | 2022-12-23 07:52:08,273 [0f2ecc23-6644-4299-b755-ad89b870a14b-impl-thread1] INFO server.RaftServerConfigKeys: raft.server.log.segment.cache.size.max = 200MB (=209715200) (default)
scm_1       | 2022-12-23 07:52:08,341 [0f2ecc23-6644-4299-b755-ad89b870a14b-impl-thread1] INFO segmented.SegmentedRaftLogWorker: new 0f2ecc23-6644-4299-b755-ad89b870a14b@group-8B546D740B06-SegmentedRaftLogWorker for RaftStorageImpl:Storage Directory /data/metadata/scm-ha/73316ecd-01df-4928-8419-8b546d740b06
datanode_1  | 2022-12-23 07:52:45,678 [grpc-default-executor-0] INFO server.RaftServer$Division: 8fa2e3a2-8c98-41e6-b7ff-620957c76e4d@group-FDCBCC52DBAD replies to ELECTION vote request: 357a320b-0b8e-4e07-ad53-c808ef52e97a<-8fa2e3a2-8c98-41e6-b7ff-620957c76e4d#0:FAIL-t1. Peer's state: 8fa2e3a2-8c98-41e6-b7ff-620957c76e4d@group-FDCBCC52DBAD:t1, leader=null, voted=null, raftlog=Memoized:8fa2e3a2-8c98-41e6-b7ff-620957c76e4d@group-FDCBCC52DBAD-SegmentedRaftLog:OPENED:c-1, conf=-1: peers:[357a320b-0b8e-4e07-ad53-c808ef52e97a|rpc:172.19.0.8:9856|admin:172.19.0.8:9857|client:172.19.0.8:9858|dataStream:172.19.0.8:9858|priority:0|startupRole:FOLLOWER, 8fa2e3a2-8c98-41e6-b7ff-620957c76e4d|rpc:172.19.0.7:9856|admin:172.19.0.7:9857|client:172.19.0.7:9858|dataStream:172.19.0.7:9858|priority:1|startupRole:FOLLOWER, 0c3a3439-740f-4776-afd7-276792291e03|rpc:172.19.0.4:9856|admin:172.19.0.4:9857|client:172.19.0.4:9858|dataStream:172.19.0.4:9858|priority:0|startupRole:FOLLOWER]|listeners:[], old=null
datanode_1  | 2022-12-23 07:52:45,687 [8fa2e3a2-8c98-41e6-b7ff-620957c76e4d@group-98C60E8A20A5-FollowerState] INFO impl.FollowerState: 8fa2e3a2-8c98-41e6-b7ff-620957c76e4d@group-98C60E8A20A5-FollowerState: change to CANDIDATE, lastRpcElapsedTime:10705992663ns, electionTimeout:5076ms
datanode_2  | 2022-12-23 07:52:36,767 [pool-22-thread-1] INFO server.RaftServerConfigKeys: raft.server.log.segment.cache.num.max = 2 (custom)
datanode_2  | 2022-12-23 07:52:36,768 [pool-22-thread-1] INFO server.RaftServerConfigKeys: raft.server.log.segment.cache.size.max = 200MB (=209715200) (default)
scm_1       | 2022-12-23 07:52:08,380 [0f2ecc23-6644-4299-b755-ad89b870a14b-impl-thread1] INFO server.RaftServerConfigKeys: raft.server.log.queue.byte-limit = 64MB (=67108864) (default)
scm_1       | 2022-12-23 07:52:08,385 [0f2ecc23-6644-4299-b755-ad89b870a14b-impl-thread1] INFO server.RaftServerConfigKeys: raft.server.log.queue.element-limit = 4096 (default)
datanode_3  | 2022-12-23 07:52:40,034 [pool-22-thread-1] INFO server.RaftServerConfigKeys: raft.server.log.statemachine.data.sync = true (default)
datanode_3  | 2022-12-23 07:52:40,034 [pool-22-thread-1] INFO server.RaftServerConfigKeys: raft.server.log.statemachine.data.sync.timeout = 10s (default)
datanode_2  | 2022-12-23 07:52:36,768 [pool-22-thread-1] INFO segmented.SegmentedRaftLogWorker: new 0c3a3439-740f-4776-afd7-276792291e03@group-D1E98AC6989E-SegmentedRaftLogWorker for RaftStorageImpl:Storage Directory /data/metadata/ratis/7e4b79d0-158e-47f7-bd2a-d1e98ac6989e
datanode_2  | 2022-12-23 07:52:36,789 [pool-22-thread-1] INFO server.RaftServerConfigKeys: raft.server.log.queue.byte-limit = 4294967296 (custom)
scm_1       | 2022-12-23 07:52:08,419 [0f2ecc23-6644-4299-b755-ad89b870a14b-impl-thread1] INFO server.RaftServerConfigKeys: raft.server.log.segment.size.max = 4194304 (custom)
scm_1       | 2022-12-23 07:52:08,424 [0f2ecc23-6644-4299-b755-ad89b870a14b-impl-thread1] INFO server.RaftServerConfigKeys: raft.server.log.preallocated.size = 4194304 (custom)
datanode_3  | 2022-12-23 07:52:40,034 [pool-22-thread-1] INFO server.RaftServerConfigKeys: raft.server.log.statemachine.data.sync.timeout.retry = -1 (default)
datanode_3  | 2022-12-23 07:52:40,035 [pool-22-thread-1] INFO server.RaftServerConfigKeys: raft.server.log.write.buffer.size = 1048576 (custom)
datanode_3  | 2022-12-23 07:52:40,035 [pool-22-thread-1] INFO server.RaftServerConfigKeys: raft.server.log.appender.buffer.byte-limit = 33554432 (custom)
datanode_3  | 2022-12-23 07:52:40,413 [pool-22-thread-1] INFO server.RaftServerConfigKeys: raft.server.log.unsafe-flush.enabled = false (default)
scm_1       | 2022-12-23 07:52:08,425 [0f2ecc23-6644-4299-b755-ad89b870a14b-impl-thread1] INFO server.RaftServerConfigKeys: raft.server.log.force.sync.num = 128 (default)
scm_1       | 2022-12-23 07:52:08,467 [0f2ecc23-6644-4299-b755-ad89b870a14b-impl-thread1] INFO server.RaftServerConfigKeys: raft.server.log.statemachine.data.sync = true (default)
datanode_3  | 2022-12-23 07:52:40,413 [pool-22-thread-1] INFO server.RaftServerConfigKeys: raft.server.log.async-flush.enabled = false (default)
datanode_3  | 2022-12-23 07:52:40,414 [pool-22-thread-1] INFO server.RaftServerConfigKeys: raft.server.log.statemachine.data.caching.enabled = true (custom)
datanode_3  | 2022-12-23 07:52:40,414 [pool-22-thread-1] INFO segmented.SegmentedRaftLogWorker: 357a320b-0b8e-4e07-ad53-c808ef52e97a@group-FDCBCC52DBAD-SegmentedRaftLogWorker: flushIndex: setUnconditionally 0 -> -1
datanode_3  | 2022-12-23 07:52:40,414 [pool-22-thread-1] INFO segmented.SegmentedRaftLogWorker: 357a320b-0b8e-4e07-ad53-c808ef52e97a@group-FDCBCC52DBAD-SegmentedRaftLogWorker: safeCacheEvictIndex: setUnconditionally 0 -> -1
scm_1       | 2022-12-23 07:52:08,480 [0f2ecc23-6644-4299-b755-ad89b870a14b-impl-thread1] INFO server.RaftServerConfigKeys: raft.server.log.statemachine.data.sync.timeout = 10s (default)
scm_1       | 2022-12-23 07:52:08,484 [0f2ecc23-6644-4299-b755-ad89b870a14b-impl-thread1] INFO server.RaftServerConfigKeys: raft.server.log.statemachine.data.sync.timeout.retry = -1 (default)
datanode_3  | 2022-12-23 07:52:40,448 [pool-22-thread-1] INFO server.RaftServer$Division: 357a320b-0b8e-4e07-ad53-c808ef52e97a@group-FDCBCC52DBAD: start as a follower, conf=-1: peers:[357a320b-0b8e-4e07-ad53-c808ef52e97a|rpc:172.19.0.8:9856|admin:172.19.0.8:9857|client:172.19.0.8:9858|dataStream:172.19.0.8:9858|priority:0|startupRole:FOLLOWER, 8fa2e3a2-8c98-41e6-b7ff-620957c76e4d|rpc:172.19.0.7:9856|admin:172.19.0.7:9857|client:172.19.0.7:9858|dataStream:172.19.0.7:9858|priority:1|startupRole:FOLLOWER, 0c3a3439-740f-4776-afd7-276792291e03|rpc:172.19.0.4:9856|admin:172.19.0.4:9857|client:172.19.0.4:9858|dataStream:172.19.0.4:9858|priority:0|startupRole:FOLLOWER]|listeners:[], old=null
datanode_2  | 2022-12-23 07:52:36,790 [pool-22-thread-1] INFO server.RaftServerConfigKeys: raft.server.log.queue.element-limit = 1024 (custom)
datanode_2  | 2022-12-23 07:52:36,792 [pool-22-thread-1] INFO server.RaftServerConfigKeys: raft.server.log.segment.size.max = 1048576 (custom)
datanode_2  | 2022-12-23 07:52:36,793 [pool-22-thread-1] INFO server.RaftServerConfigKeys: raft.server.log.preallocated.size = 16384 (custom)
scm_1       | 2022-12-23 07:52:08,599 [0f2ecc23-6644-4299-b755-ad89b870a14b-impl-thread1] INFO server.RaftServerConfigKeys: raft.server.log.write.buffer.size = 64KB (=65536) (default)
scm_1       | 2022-12-23 07:52:08,653 [0f2ecc23-6644-4299-b755-ad89b870a14b-impl-thread1] INFO server.RaftServerConfigKeys: raft.server.log.appender.buffer.byte-limit = 33554432 (custom)
datanode_2  | 2022-12-23 07:52:36,793 [pool-22-thread-1] INFO server.RaftServerConfigKeys: raft.server.log.force.sync.num = 128 (default)
datanode_2  | 2022-12-23 07:52:36,793 [pool-22-thread-1] INFO server.RaftServerConfigKeys: raft.server.log.statemachine.data.sync = true (default)
datanode_2  | 2022-12-23 07:52:36,793 [pool-22-thread-1] INFO server.RaftServerConfigKeys: raft.server.log.statemachine.data.sync.timeout = 10s (default)
datanode_3  | 2022-12-23 07:52:40,450 [pool-22-thread-1] INFO server.RaftServer$Division: 357a320b-0b8e-4e07-ad53-c808ef52e97a@group-FDCBCC52DBAD: changes role from      null to FOLLOWER at term 0 for startAsFollower
datanode_3  | 2022-12-23 07:52:40,457 [pool-22-thread-1] INFO impl.RoleInfo: 357a320b-0b8e-4e07-ad53-c808ef52e97a: start 357a320b-0b8e-4e07-ad53-c808ef52e97a@group-FDCBCC52DBAD-FollowerState
datanode_3  | 2022-12-23 07:52:40,481 [pool-22-thread-1] INFO util.JmxRegister: Successfully registered JMX Bean with object name Ratis:service=RaftServer,group=group-FDCBCC52DBAD,id=357a320b-0b8e-4e07-ad53-c808ef52e97a
datanode_2  | 2022-12-23 07:52:36,794 [pool-22-thread-1] INFO server.RaftServerConfigKeys: raft.server.log.statemachine.data.sync.timeout.retry = -1 (default)
datanode_2  | 2022-12-23 07:52:36,800 [pool-22-thread-1] INFO server.RaftServerConfigKeys: raft.server.log.write.buffer.size = 1048576 (custom)
datanode_2  | 2022-12-23 07:52:36,814 [pool-22-thread-1] INFO server.RaftServerConfigKeys: raft.server.log.appender.buffer.byte-limit = 33554432 (custom)
datanode_3  | 2022-12-23 07:52:40,483 [pool-22-thread-1] INFO server.RaftServerConfigKeys: raft.server.snapshot.auto.trigger.enabled = true (custom)
datanode_3  | 2022-12-23 07:52:40,483 [pool-22-thread-1] INFO server.RaftServerConfigKeys: raft.server.snapshot.auto.trigger.threshold = 10000 (custom)
datanode_3  | 2022-12-23 07:52:40,484 [pool-22-thread-1] INFO server.RaftServerConfigKeys: raft.server.snapshot.retention.file.num = 5 (custom)
datanode_2  | 2022-12-23 07:52:37,488 [JvmPauseMonitor0] WARN util.JvmPauseMonitor: JvmPauseMonitor-0c3a3439-740f-4776-afd7-276792291e03: Detected pause in JVM or host machine (eg GC): pause of approximately 174234099ns.
datanode_2  | GC pool 'ParNew' had collection(s): count=1 time=81ms
datanode_2  | GC pool 'ConcurrentMarkSweep' had collection(s): count=1 time=581ms
datanode_3  | 2022-12-23 07:52:40,484 [pool-22-thread-1] INFO server.RaftServerConfigKeys: raft.server.log.purge.upto.snapshot.index = false (default)
datanode_3  | 2022-12-23 07:52:40,488 [357a320b-0b8e-4e07-ad53-c808ef52e97a@group-FDCBCC52DBAD-FollowerState] INFO server.RaftServerConfigKeys: raft.server.rpc.first-election.timeout.min = 5s (fallback to raft.server.rpc.timeout.min)
datanode_3  | 2022-12-23 07:52:40,504 [357a320b-0b8e-4e07-ad53-c808ef52e97a@group-FDCBCC52DBAD-FollowerState] INFO server.RaftServerConfigKeys: raft.server.rpc.first-election.timeout.max = 5200ms (fallback to raft.server.rpc.timeout.max)
datanode_2  | 2022-12-23 07:52:37,509 [pool-22-thread-1] INFO server.RaftServerConfigKeys: raft.server.log.unsafe-flush.enabled = false (default)
datanode_2  | 2022-12-23 07:52:37,513 [pool-22-thread-1] INFO server.RaftServerConfigKeys: raft.server.log.async-flush.enabled = false (default)
datanode_2  | 2022-12-23 07:52:37,513 [pool-22-thread-1] INFO server.RaftServerConfigKeys: raft.server.log.statemachine.data.caching.enabled = true (custom)
datanode_3  | 2022-12-23 07:52:40,498 [Command processor thread] INFO ratis.XceiverServerRatis: Created group PipelineID=c1075764-345d-4728-8f58-fdcbcc52dbad
datanode_3  | 2022-12-23 07:52:41,043 [Command processor thread] INFO commandhandler.CreatePipelineCommandHandler: Created Pipeline RATIS THREE PipelineID=c1075764-345d-4728-8f58-fdcbcc52dbad.
datanode_3  | 2022-12-23 07:52:41,519 [grpc-default-executor-0] INFO server.RaftServer$Division: 357a320b-0b8e-4e07-ad53-c808ef52e97a@group-D1E98AC6989E: receive requestVote(ELECTION, 8fa2e3a2-8c98-41e6-b7ff-620957c76e4d, group-D1E98AC6989E, 1, (t:0, i:0))
datanode_2  | 2022-12-23 07:52:37,513 [pool-22-thread-1] INFO segmented.SegmentedRaftLogWorker: 0c3a3439-740f-4776-afd7-276792291e03@group-D1E98AC6989E-SegmentedRaftLogWorker: flushIndex: setUnconditionally 0 -> -1
datanode_2  | 2022-12-23 07:52:37,514 [pool-22-thread-1] INFO segmented.SegmentedRaftLogWorker: 0c3a3439-740f-4776-afd7-276792291e03@group-D1E98AC6989E-SegmentedRaftLogWorker: safeCacheEvictIndex: setUnconditionally 0 -> -1
datanode_2  | 2022-12-23 07:52:37,514 [pool-22-thread-1] INFO server.RaftServer$Division: 0c3a3439-740f-4776-afd7-276792291e03@group-D1E98AC6989E: start as a follower, conf=-1: peers:[357a320b-0b8e-4e07-ad53-c808ef52e97a|rpc:172.19.0.8:9856|admin:172.19.0.8:9857|client:172.19.0.8:9858|dataStream:172.19.0.8:9858|priority:0|startupRole:FOLLOWER, 8fa2e3a2-8c98-41e6-b7ff-620957c76e4d|rpc:172.19.0.7:9856|admin:172.19.0.7:9857|client:172.19.0.7:9858|dataStream:172.19.0.7:9858|priority:0|startupRole:FOLLOWER, 0c3a3439-740f-4776-afd7-276792291e03|rpc:172.19.0.4:9856|admin:172.19.0.4:9857|client:172.19.0.4:9858|dataStream:172.19.0.4:9858|priority:1|startupRole:FOLLOWER]|listeners:[], old=null
datanode_3  | 2022-12-23 07:52:41,521 [grpc-default-executor-0] INFO impl.VoteContext: 357a320b-0b8e-4e07-ad53-c808ef52e97a@group-D1E98AC6989E-FOLLOWER: accept ELECTION from 8fa2e3a2-8c98-41e6-b7ff-620957c76e4d: our priority 0 <= candidate's priority 0
scm_1       | 2022-12-23 07:52:08,759 [0f2ecc23-6644-4299-b755-ad89b870a14b-impl-thread1] INFO server.RaftServerConfigKeys: raft.server.log.unsafe-flush.enabled = false (default)
scm_1       | 2022-12-23 07:52:08,809 [0f2ecc23-6644-4299-b755-ad89b870a14b-impl-thread1] INFO server.RaftServerConfigKeys: raft.server.log.async-flush.enabled = false (default)
datanode_2  | 2022-12-23 07:52:37,514 [pool-22-thread-1] INFO server.RaftServer$Division: 0c3a3439-740f-4776-afd7-276792291e03@group-D1E98AC6989E: changes role from      null to FOLLOWER at term 0 for startAsFollower
datanode_2  | 2022-12-23 07:52:37,514 [pool-22-thread-1] INFO impl.RoleInfo: 0c3a3439-740f-4776-afd7-276792291e03: start 0c3a3439-740f-4776-afd7-276792291e03@group-D1E98AC6989E-FollowerState
datanode_2  | 2022-12-23 07:52:37,524 [pool-22-thread-1] INFO util.JmxRegister: Successfully registered JMX Bean with object name Ratis:service=RaftServer,group=group-D1E98AC6989E,id=0c3a3439-740f-4776-afd7-276792291e03
scm_1       | 2022-12-23 07:52:08,812 [0f2ecc23-6644-4299-b755-ad89b870a14b-impl-thread1] INFO server.RaftServerConfigKeys: raft.server.log.statemachine.data.caching.enabled = false (default)
scm_1       | 2022-12-23 07:52:08,899 [0f2ecc23-6644-4299-b755-ad89b870a14b-impl-thread1] INFO segmented.SegmentedRaftLogWorker: 0f2ecc23-6644-4299-b755-ad89b870a14b@group-8B546D740B06-SegmentedRaftLogWorker: flushIndex: setUnconditionally 0 -> -1
datanode_3  | 2022-12-23 07:52:41,528 [grpc-default-executor-0] INFO server.RaftServer$Division: 357a320b-0b8e-4e07-ad53-c808ef52e97a@group-D1E98AC6989E: changes role from  FOLLOWER to FOLLOWER at term 1 for candidate:8fa2e3a2-8c98-41e6-b7ff-620957c76e4d
datanode_3  | 2022-12-23 07:52:41,533 [grpc-default-executor-0] INFO impl.RoleInfo: 357a320b-0b8e-4e07-ad53-c808ef52e97a: shutdown 357a320b-0b8e-4e07-ad53-c808ef52e97a@group-D1E98AC6989E-FollowerState
datanode_3  | 2022-12-23 07:52:41,533 [357a320b-0b8e-4e07-ad53-c808ef52e97a@group-D1E98AC6989E-FollowerState] INFO impl.FollowerState: 357a320b-0b8e-4e07-ad53-c808ef52e97a@group-D1E98AC6989E-FollowerState was interrupted
datanode_3  | 2022-12-23 07:52:41,535 [grpc-default-executor-0] INFO impl.RoleInfo: 357a320b-0b8e-4e07-ad53-c808ef52e97a: start 357a320b-0b8e-4e07-ad53-c808ef52e97a@group-D1E98AC6989E-FollowerState
scm_1       | 2022-12-23 07:52:08,900 [0f2ecc23-6644-4299-b755-ad89b870a14b-impl-thread1] INFO segmented.SegmentedRaftLogWorker: 0f2ecc23-6644-4299-b755-ad89b870a14b@group-8B546D740B06-SegmentedRaftLogWorker: safeCacheEvictIndex: setUnconditionally 0 -> -1
scm_1       | 2022-12-23 07:52:08,950 [0f2ecc23-6644-4299-b755-ad89b870a14b-impl-thread1] INFO server.RaftServer$Division: 0f2ecc23-6644-4299-b755-ad89b870a14b@group-8B546D740B06: start as a follower, conf=-1: peers:[0f2ecc23-6644-4299-b755-ad89b870a14b|rpc:126e161209d2:9894|priority:0|startupRole:FOLLOWER]|listeners:[], old=null
datanode_3  | 2022-12-23 07:52:41,541 [357a320b-0b8e-4e07-ad53-c808ef52e97a@group-D1E98AC6989E-FollowerState] INFO server.RaftServerConfigKeys: raft.server.rpc.first-election.timeout.min = 5s (fallback to raft.server.rpc.timeout.min)
datanode_3  | 2022-12-23 07:52:41,557 [357a320b-0b8e-4e07-ad53-c808ef52e97a@group-D1E98AC6989E-FollowerState] INFO server.RaftServerConfigKeys: raft.server.rpc.first-election.timeout.max = 5200ms (fallback to raft.server.rpc.timeout.max)
datanode_3  | 2022-12-23 07:52:41,575 [grpc-default-executor-0] INFO server.RaftServer$Division: 357a320b-0b8e-4e07-ad53-c808ef52e97a@group-D1E98AC6989E replies to ELECTION vote request: 8fa2e3a2-8c98-41e6-b7ff-620957c76e4d<-357a320b-0b8e-4e07-ad53-c808ef52e97a#0:OK-t1. Peer's state: 357a320b-0b8e-4e07-ad53-c808ef52e97a@group-D1E98AC6989E:t1, leader=null, voted=8fa2e3a2-8c98-41e6-b7ff-620957c76e4d, raftlog=Memoized:357a320b-0b8e-4e07-ad53-c808ef52e97a@group-D1E98AC6989E-SegmentedRaftLog:OPENED:c-1, conf=-1: peers:[357a320b-0b8e-4e07-ad53-c808ef52e97a|rpc:172.19.0.8:9856|admin:172.19.0.8:9857|client:172.19.0.8:9858|dataStream:172.19.0.8:9858|priority:0|startupRole:FOLLOWER, 8fa2e3a2-8c98-41e6-b7ff-620957c76e4d|rpc:172.19.0.7:9856|admin:172.19.0.7:9857|client:172.19.0.7:9858|dataStream:172.19.0.7:9858|priority:0|startupRole:FOLLOWER, 0c3a3439-740f-4776-afd7-276792291e03|rpc:172.19.0.4:9856|admin:172.19.0.4:9857|client:172.19.0.4:9858|dataStream:172.19.0.4:9858|priority:1|startupRole:FOLLOWER]|listeners:[], old=null
datanode_3  | 2022-12-23 07:52:41,723 [357a320b-0b8e-4e07-ad53-c808ef52e97a@group-372AB8DA53BA-FollowerState] INFO impl.FollowerState: 357a320b-0b8e-4e07-ad53-c808ef52e97a@group-372AB8DA53BA-FollowerState: change to CANDIDATE, lastRpcElapsedTime:5126797088ns, electionTimeout:5103ms
scm_1       | 2022-12-23 07:52:08,961 [0f2ecc23-6644-4299-b755-ad89b870a14b-impl-thread1] INFO server.RaftServer$Division: 0f2ecc23-6644-4299-b755-ad89b870a14b@group-8B546D740B06: changes role from      null to FOLLOWER at term 0 for startAsFollower
scm_1       | 2022-12-23 07:52:08,963 [0f2ecc23-6644-4299-b755-ad89b870a14b-impl-thread1] INFO impl.RoleInfo: 0f2ecc23-6644-4299-b755-ad89b870a14b: start 0f2ecc23-6644-4299-b755-ad89b870a14b@group-8B546D740B06-FollowerState
om_1        | 2022-12-23 07:52:46,966 [om1-impl-thread1] INFO server.RaftServerConfigKeys: raft.server.log.appender.buffer.byte-limit = 33554432 (custom)
om_1        | 2022-12-23 07:52:46,979 [om1-impl-thread1] INFO server.RaftServerConfigKeys: raft.server.log.unsafe-flush.enabled = false (default)
om_1        | 2022-12-23 07:52:46,979 [om1-impl-thread1] INFO server.RaftServerConfigKeys: raft.server.log.async-flush.enabled = false (default)
datanode_3  | 2022-12-23 07:52:41,724 [357a320b-0b8e-4e07-ad53-c808ef52e97a@group-372AB8DA53BA-FollowerState] INFO impl.RoleInfo: 357a320b-0b8e-4e07-ad53-c808ef52e97a: shutdown 357a320b-0b8e-4e07-ad53-c808ef52e97a@group-372AB8DA53BA-FollowerState
datanode_3  | 2022-12-23 07:52:41,724 [357a320b-0b8e-4e07-ad53-c808ef52e97a@group-372AB8DA53BA-FollowerState] INFO server.RaftServer$Division: 357a320b-0b8e-4e07-ad53-c808ef52e97a@group-372AB8DA53BA: changes role from  FOLLOWER to CANDIDATE at term 0 for changeToCandidate
datanode_3  | 2022-12-23 07:52:41,729 [357a320b-0b8e-4e07-ad53-c808ef52e97a@group-372AB8DA53BA-FollowerState] INFO server.RaftServerConfigKeys: raft.server.leaderelection.pre-vote = false (custom)
om_1        | 2022-12-23 07:52:46,979 [om1-impl-thread1] INFO server.RaftServerConfigKeys: raft.server.log.statemachine.data.caching.enabled = false (default)
om_1        | 2022-12-23 07:52:46,987 [om1-impl-thread1] INFO segmented.SegmentedRaftLogWorker: om1@group-C5BA1605619E-SegmentedRaftLogWorker: flushIndex: setUnconditionally 0 -> -1
om_1        | 2022-12-23 07:52:46,987 [om1-impl-thread1] INFO segmented.SegmentedRaftLogWorker: om1@group-C5BA1605619E-SegmentedRaftLogWorker: safeCacheEvictIndex: setUnconditionally 0 -> -1
datanode_3  | 2022-12-23 07:52:41,729 [357a320b-0b8e-4e07-ad53-c808ef52e97a@group-372AB8DA53BA-FollowerState] INFO impl.RoleInfo: 357a320b-0b8e-4e07-ad53-c808ef52e97a: start 357a320b-0b8e-4e07-ad53-c808ef52e97a@group-372AB8DA53BA-LeaderElection1
datanode_3  | 2022-12-23 07:52:41,745 [357a320b-0b8e-4e07-ad53-c808ef52e97a@group-372AB8DA53BA-LeaderElection1] INFO impl.LeaderElection: 357a320b-0b8e-4e07-ad53-c808ef52e97a@group-372AB8DA53BA-LeaderElection1 ELECTION round 0: submit vote requests at term 1 for -1: peers:[357a320b-0b8e-4e07-ad53-c808ef52e97a|rpc:172.19.0.8:9856|admin:172.19.0.8:9857|client:172.19.0.8:9858|dataStream:172.19.0.8:9858|priority:1|startupRole:FOLLOWER]|listeners:[], old=null
datanode_3  | 2022-12-23 07:52:41,748 [357a320b-0b8e-4e07-ad53-c808ef52e97a@group-372AB8DA53BA-LeaderElection1] INFO impl.LeaderElection: 357a320b-0b8e-4e07-ad53-c808ef52e97a@group-372AB8DA53BA-LeaderElection1 ELECTION round 0: result PASSED (term=1)
om_1        | 2022-12-23 07:52:46,989 [om1-impl-thread1] INFO server.RaftServer$Division: om1@group-C5BA1605619E: start as a follower, conf=-1: peers:[om1|rpc:om:9872|priority:0|startupRole:FOLLOWER]|listeners:[], old=null
om_1        | 2022-12-23 07:52:46,989 [om1-impl-thread1] INFO server.RaftServer$Division: om1@group-C5BA1605619E: changes role from      null to FOLLOWER at term 0 for startAsFollower
om_1        | 2022-12-23 07:52:46,991 [om1-impl-thread1] INFO impl.RoleInfo: om1: start om1@group-C5BA1605619E-FollowerState
datanode_3  | 2022-12-23 07:52:41,752 [357a320b-0b8e-4e07-ad53-c808ef52e97a@group-372AB8DA53BA-LeaderElection1] INFO impl.RoleInfo: 357a320b-0b8e-4e07-ad53-c808ef52e97a: shutdown 357a320b-0b8e-4e07-ad53-c808ef52e97a@group-372AB8DA53BA-LeaderElection1
scm_1       | 2022-12-23 07:52:08,992 [0f2ecc23-6644-4299-b755-ad89b870a14b@group-8B546D740B06-FollowerState] INFO server.RaftServerConfigKeys: raft.server.rpc.first-election.timeout.min = 5000ms (fallback to raft.server.rpc.timeout.min)
scm_1       | 2022-12-23 07:52:09,007 [0f2ecc23-6644-4299-b755-ad89b870a14b@group-8B546D740B06-FollowerState] INFO server.RaftServerConfigKeys: raft.server.rpc.first-election.timeout.max = 5200ms (fallback to raft.server.rpc.timeout.max)
om_1        | 2022-12-23 07:52:46,993 [om1-impl-thread1] INFO util.JmxRegister: Successfully registered JMX Bean with object name Ratis:service=RaftServer,group=group-C5BA1605619E,id=om1
om_1        | 2022-12-23 07:52:46,996 [om1-impl-thread1] INFO server.RaftServerConfigKeys: raft.server.snapshot.auto.trigger.enabled = true (custom)
om_1        | 2022-12-23 07:52:46,996 [om1-impl-thread1] INFO server.RaftServerConfigKeys: raft.server.snapshot.auto.trigger.threshold = 400000 (default)
scm_1       | 2022-12-23 07:52:09,071 [0f2ecc23-6644-4299-b755-ad89b870a14b-impl-thread1] INFO util.JmxRegister: Successfully registered JMX Bean with object name Ratis:service=RaftServer,group=group-8B546D740B06,id=0f2ecc23-6644-4299-b755-ad89b870a14b
scm_1       | 2022-12-23 07:52:09,078 [0f2ecc23-6644-4299-b755-ad89b870a14b-impl-thread1] INFO server.RaftServerConfigKeys: raft.server.snapshot.auto.trigger.enabled = true (custom)
scm_1       | 2022-12-23 07:52:09,085 [0f2ecc23-6644-4299-b755-ad89b870a14b-impl-thread1] INFO server.RaftServerConfigKeys: raft.server.snapshot.auto.trigger.threshold = 1000 (custom)
om_1        | 2022-12-23 07:52:46,996 [om1-impl-thread1] INFO server.RaftServerConfigKeys: raft.server.snapshot.retention.file.num = -1 (default)
om_1        | 2022-12-23 07:52:46,997 [om1-impl-thread1] INFO server.RaftServerConfigKeys: raft.server.log.purge.upto.snapshot.index = true (custom)
om_1        | 2022-12-23 07:52:47,000 [Listener at om/9862] INFO server.RaftServer: om1: start RPC server
scm_1       | 2022-12-23 07:52:09,087 [0f2ecc23-6644-4299-b755-ad89b870a14b-impl-thread1] INFO server.RaftServerConfigKeys: raft.server.snapshot.retention.file.num = -1 (default)
scm_1       | 2022-12-23 07:52:09,088 [0f2ecc23-6644-4299-b755-ad89b870a14b-impl-thread1] INFO server.RaftServerConfigKeys: raft.server.log.purge.upto.snapshot.index = false (default)
scm_1       | 2022-12-23 07:52:09,231 [main] INFO server.RaftServer: 0f2ecc23-6644-4299-b755-ad89b870a14b: start RPC server
scm_1       | 2022-12-23 07:52:09,462 [main] INFO server.GrpcService: 0f2ecc23-6644-4299-b755-ad89b870a14b: GrpcService started, listening on 9894
scm_1       | 2022-12-23 07:52:09,477 [JvmPauseMonitor0] INFO util.JvmPauseMonitor: JvmPauseMonitor-0f2ecc23-6644-4299-b755-ad89b870a14b: Started
scm_1       | 2022-12-23 07:52:14,082 [0f2ecc23-6644-4299-b755-ad89b870a14b@group-8B546D740B06-FollowerState] INFO impl.FollowerState: 0f2ecc23-6644-4299-b755-ad89b870a14b@group-8B546D740B06-FollowerState: change to CANDIDATE, lastRpcElapsedTime:5119051353ns, electionTimeout:5056ms
scm_1       | 2022-12-23 07:52:14,102 [0f2ecc23-6644-4299-b755-ad89b870a14b@group-8B546D740B06-FollowerState] INFO impl.RoleInfo: 0f2ecc23-6644-4299-b755-ad89b870a14b: shutdown 0f2ecc23-6644-4299-b755-ad89b870a14b@group-8B546D740B06-FollowerState
scm_1       | 2022-12-23 07:52:14,116 [0f2ecc23-6644-4299-b755-ad89b870a14b@group-8B546D740B06-FollowerState] INFO server.RaftServer$Division: 0f2ecc23-6644-4299-b755-ad89b870a14b@group-8B546D740B06: changes role from  FOLLOWER to CANDIDATE at term 0 for changeToCandidate
scm_1       | 2022-12-23 07:52:14,157 [0f2ecc23-6644-4299-b755-ad89b870a14b@group-8B546D740B06-FollowerState] INFO server.RaftServerConfigKeys: raft.server.leaderelection.pre-vote = false (custom)
scm_1       | 2022-12-23 07:52:14,165 [0f2ecc23-6644-4299-b755-ad89b870a14b@group-8B546D740B06-FollowerState] INFO impl.RoleInfo: 0f2ecc23-6644-4299-b755-ad89b870a14b: start 0f2ecc23-6644-4299-b755-ad89b870a14b@group-8B546D740B06-LeaderElection1
scm_1       | 2022-12-23 07:52:14,256 [0f2ecc23-6644-4299-b755-ad89b870a14b@group-8B546D740B06-LeaderElection1] INFO impl.LeaderElection: 0f2ecc23-6644-4299-b755-ad89b870a14b@group-8B546D740B06-LeaderElection1 ELECTION round 0: submit vote requests at term 1 for -1: peers:[0f2ecc23-6644-4299-b755-ad89b870a14b|rpc:126e161209d2:9894|priority:0|startupRole:FOLLOWER]|listeners:[], old=null
scm_1       | 2022-12-23 07:52:14,293 [0f2ecc23-6644-4299-b755-ad89b870a14b@group-8B546D740B06-LeaderElection1] INFO impl.LeaderElection: 0f2ecc23-6644-4299-b755-ad89b870a14b@group-8B546D740B06-LeaderElection1 ELECTION round 0: result PASSED (term=1)
scm_1       | 2022-12-23 07:52:14,299 [0f2ecc23-6644-4299-b755-ad89b870a14b@group-8B546D740B06-LeaderElection1] INFO impl.RoleInfo: 0f2ecc23-6644-4299-b755-ad89b870a14b: shutdown 0f2ecc23-6644-4299-b755-ad89b870a14b@group-8B546D740B06-LeaderElection1
scm_1       | 2022-12-23 07:52:14,309 [0f2ecc23-6644-4299-b755-ad89b870a14b@group-8B546D740B06-LeaderElection1] INFO server.RaftServer$Division: 0f2ecc23-6644-4299-b755-ad89b870a14b@group-8B546D740B06: changes role from CANDIDATE to LEADER at term 1 for changeToLeader
scm_1       | 2022-12-23 07:52:14,310 [0f2ecc23-6644-4299-b755-ad89b870a14b@group-8B546D740B06-LeaderElection1] INFO server.RaftServer$Division: 0f2ecc23-6644-4299-b755-ad89b870a14b@group-8B546D740B06: change Leader from null to 0f2ecc23-6644-4299-b755-ad89b870a14b at term 1 for becomeLeader, leader elected after 7379ms
scm_1       | 2022-12-23 07:52:14,444 [0f2ecc23-6644-4299-b755-ad89b870a14b@group-8B546D740B06-LeaderElection1] INFO server.RaftServerConfigKeys: raft.server.staging.catchup.gap = 1000 (default)
scm_1       | 2022-12-23 07:52:14,502 [0f2ecc23-6644-4299-b755-ad89b870a14b@group-8B546D740B06-LeaderElection1] INFO server.RaftServerConfigKeys: raft.server.write.element-limit = 4096 (default)
scm_1       | 2022-12-23 07:52:14,529 [0f2ecc23-6644-4299-b755-ad89b870a14b@group-8B546D740B06-LeaderElection1] INFO server.RaftServerConfigKeys: raft.server.write.byte-limit = 64MB (=67108864) (default)
scm_1       | 2022-12-23 07:52:14,625 [0f2ecc23-6644-4299-b755-ad89b870a14b@group-8B546D740B06-LeaderElection1] INFO server.RaftServerConfigKeys: raft.server.watch.timeout = 10s (default)
scm_1       | 2022-12-23 07:52:14,641 [0f2ecc23-6644-4299-b755-ad89b870a14b@group-8B546D740B06-LeaderElection1] INFO server.RaftServerConfigKeys: raft.server.watch.timeout.denomination = 1s (default)
scm_1       | 2022-12-23 07:52:14,653 [0f2ecc23-6644-4299-b755-ad89b870a14b@group-8B546D740B06-LeaderElection1] INFO server.RaftServerConfigKeys: raft.server.watch.element-limit = 65536 (default)
scm_1       | 2022-12-23 07:52:14,788 [0f2ecc23-6644-4299-b755-ad89b870a14b@group-8B546D740B06-LeaderElection1] INFO server.RaftServerConfigKeys: raft.server.write.element-limit = 4096 (default)
scm_1       | 2022-12-23 07:52:14,797 [0f2ecc23-6644-4299-b755-ad89b870a14b@group-8B546D740B06-LeaderElection1] INFO server.RaftServerConfigKeys: raft.server.write.follower.gap.ratio.max = -1.0 (default)
scm_1       | 2022-12-23 07:52:14,880 [0f2ecc23-6644-4299-b755-ad89b870a14b@group-8B546D740B06-LeaderElection1] INFO impl.RoleInfo: 0f2ecc23-6644-4299-b755-ad89b870a14b: start 0f2ecc23-6644-4299-b755-ad89b870a14b@group-8B546D740B06-LeaderStateImpl
scm_1       | 2022-12-23 07:52:15,360 [0f2ecc23-6644-4299-b755-ad89b870a14b@group-8B546D740B06-LeaderElection1] INFO segmented.SegmentedRaftLogWorker: 0f2ecc23-6644-4299-b755-ad89b870a14b@group-8B546D740B06-SegmentedRaftLogWorker: Starting segment from index:0
scm_1       | 2022-12-23 07:52:15,889 [0f2ecc23-6644-4299-b755-ad89b870a14b@group-8B546D740B06-LeaderElection1] INFO server.RaftServer$Division: 0f2ecc23-6644-4299-b755-ad89b870a14b@group-8B546D740B06: set configuration 0: peers:[0f2ecc23-6644-4299-b755-ad89b870a14b|rpc:126e161209d2:9894|admin:|client:|dataStream:|priority:0|startupRole:FOLLOWER]|listeners:[], old=null
scm_1       | 2022-12-23 07:52:16,173 [0f2ecc23-6644-4299-b755-ad89b870a14b@group-8B546D740B06-SegmentedRaftLogWorker] INFO segmented.SegmentedRaftLogWorker: 0f2ecc23-6644-4299-b755-ad89b870a14b@group-8B546D740B06-SegmentedRaftLogWorker: created new log segment /data/metadata/scm-ha/73316ecd-01df-4928-8419-8b546d740b06/current/log_inprogress_0
scm_1       | 2022-12-23 07:52:17,525 [main] INFO server.RaftServer: 0f2ecc23-6644-4299-b755-ad89b870a14b: close
scm_1       | 2022-12-23 07:52:17,526 [main] INFO server.GrpcService: 0f2ecc23-6644-4299-b755-ad89b870a14b: shutdown server GrpcServerProtocolService now
scm_1       | 2022-12-23 07:52:17,526 [0f2ecc23-6644-4299-b755-ad89b870a14b-impl-thread1] INFO server.RaftServer$Division: 0f2ecc23-6644-4299-b755-ad89b870a14b@group-8B546D740B06: shutdown
scm_1       | 2022-12-23 07:52:17,553 [0f2ecc23-6644-4299-b755-ad89b870a14b-impl-thread1] INFO util.JmxRegister: Successfully un-registered JMX Bean with object name Ratis:service=RaftServer,group=group-8B546D740B06,id=0f2ecc23-6644-4299-b755-ad89b870a14b
scm_1       | 2022-12-23 07:52:17,553 [0f2ecc23-6644-4299-b755-ad89b870a14b-impl-thread1] INFO impl.RoleInfo: 0f2ecc23-6644-4299-b755-ad89b870a14b: shutdown 0f2ecc23-6644-4299-b755-ad89b870a14b@group-8B546D740B06-LeaderStateImpl
datanode_2  | 2022-12-23 07:52:37,524 [pool-22-thread-1] INFO server.RaftServerConfigKeys: raft.server.snapshot.auto.trigger.enabled = true (custom)
datanode_2  | 2022-12-23 07:52:37,524 [pool-22-thread-1] INFO server.RaftServerConfigKeys: raft.server.snapshot.auto.trigger.threshold = 10000 (custom)
datanode_2  | 2022-12-23 07:52:37,525 [pool-22-thread-1] INFO server.RaftServerConfigKeys: raft.server.snapshot.retention.file.num = 5 (custom)
datanode_3  | 2022-12-23 07:52:41,753 [357a320b-0b8e-4e07-ad53-c808ef52e97a@group-372AB8DA53BA-LeaderElection1] INFO server.RaftServer$Division: 357a320b-0b8e-4e07-ad53-c808ef52e97a@group-372AB8DA53BA: changes role from CANDIDATE to LEADER at term 1 for changeToLeader
datanode_2  | 2022-12-23 07:52:37,525 [pool-22-thread-1] INFO server.RaftServerConfigKeys: raft.server.log.purge.upto.snapshot.index = false (default)
datanode_2  | 2022-12-23 07:52:37,526 [0c3a3439-740f-4776-afd7-276792291e03@group-D1E98AC6989E-FollowerState] INFO server.RaftServerConfigKeys: raft.server.rpc.first-election.timeout.min = 5s (fallback to raft.server.rpc.timeout.min)
datanode_2  | 2022-12-23 07:52:37,537 [Command processor thread] INFO ratis.XceiverServerRatis: Created group PipelineID=7e4b79d0-158e-47f7-bd2a-d1e98ac6989e
datanode_2  | 2022-12-23 07:52:37,538 [0c3a3439-740f-4776-afd7-276792291e03@group-D1E98AC6989E-FollowerState] INFO server.RaftServerConfigKeys: raft.server.rpc.first-election.timeout.max = 5200ms (fallback to raft.server.rpc.timeout.max)
datanode_2  | 2022-12-23 07:52:39,996 [Command processor thread] INFO commandhandler.CreatePipelineCommandHandler: Created Pipeline RATIS THREE PipelineID=7e4b79d0-158e-47f7-bd2a-d1e98ac6989e.
datanode_2  | 2022-12-23 07:52:40,001 [pool-22-thread-1] INFO server.RaftServer$Division: 0c3a3439-740f-4776-afd7-276792291e03: new RaftServerImpl for group-FDCBCC52DBAD:[357a320b-0b8e-4e07-ad53-c808ef52e97a|rpc:172.19.0.8:9856|admin:172.19.0.8:9857|client:172.19.0.8:9858|dataStream:172.19.0.8:9858|priority:0|startupRole:FOLLOWER, 8fa2e3a2-8c98-41e6-b7ff-620957c76e4d|rpc:172.19.0.7:9856|admin:172.19.0.7:9857|client:172.19.0.7:9858|dataStream:172.19.0.7:9858|priority:1|startupRole:FOLLOWER, 0c3a3439-740f-4776-afd7-276792291e03|rpc:172.19.0.4:9856|admin:172.19.0.4:9857|client:172.19.0.4:9858|dataStream:172.19.0.4:9858|priority:0|startupRole:FOLLOWER] with ContainerStateMachine:uninitialized
datanode_2  | 2022-12-23 07:52:40,001 [pool-22-thread-1] INFO server.RaftServerConfigKeys: raft.server.rpc.timeout.min = 5s (custom)
datanode_2  | 2022-12-23 07:52:40,002 [pool-22-thread-1] INFO server.RaftServerConfigKeys: raft.server.rpc.timeout.max = 5200ms (custom)
datanode_2  | 2022-12-23 07:52:40,003 [pool-22-thread-1] INFO server.RaftServerConfigKeys: raft.server.rpc.sleep.time = 25ms (default)
datanode_2  | 2022-12-23 07:52:40,004 [pool-22-thread-1] INFO server.RaftServerConfigKeys: raft.server.rpc.slowness.timeout = 300s (custom)
