datanode_3  | 2022-12-23 07:52:56,082 [357a320b-0b8e-4e07-ad53-c808ef52e97a@group-FDCBCC52DBAD-FollowerState] INFO server.RaftServerConfigKeys: raft.server.rpc.first-election.timeout.min = 5s (fallback to raft.server.rpc.timeout.min)
datanode_1  | 2022-12-23 07:53:01,120 [8fa2e3a2-8c98-41e6-b7ff-620957c76e4d@group-FDCBCC52DBAD-LeaderElection4] INFO server.RaftServer$Division: 8fa2e3a2-8c98-41e6-b7ff-620957c76e4d@group-FDCBCC52DBAD: change Leader from null to 8fa2e3a2-8c98-41e6-b7ff-620957c76e4d at term 4 for becomeLeader, leader elected after 21088ms
datanode_2  | 2022-12-23 07:52:45,746 [grpc-default-executor-0] INFO server.RaftServer$Division: 0c3a3439-740f-4776-afd7-276792291e03@group-FDCBCC52DBAD: receive requestVote(ELECTION, 357a320b-0b8e-4e07-ad53-c808ef52e97a, group-FDCBCC52DBAD, 1, (t:0, i:0))
datanode_2  | 2022-12-23 07:52:45,747 [grpc-default-executor-0] INFO impl.VoteContext: 0c3a3439-740f-4776-afd7-276792291e03@group-FDCBCC52DBAD-CANDIDATE: reject ELECTION from 357a320b-0b8e-4e07-ad53-c808ef52e97a: already has voted for 0c3a3439-740f-4776-afd7-276792291e03 at current term 1
datanode_3  | 2022-12-23 07:52:56,086 [357a320b-0b8e-4e07-ad53-c808ef52e97a@group-FDCBCC52DBAD-FollowerState] INFO server.RaftServerConfigKeys: raft.server.rpc.first-election.timeout.max = 5200ms (fallback to raft.server.rpc.timeout.max)
datanode_1  | 2022-12-23 07:53:01,120 [8fa2e3a2-8c98-41e6-b7ff-620957c76e4d@group-FDCBCC52DBAD-LeaderElection4] INFO server.RaftServerConfigKeys: raft.server.staging.catchup.gap = 1000 (default)
datanode_1  | 2022-12-23 07:53:01,120 [8fa2e3a2-8c98-41e6-b7ff-620957c76e4d@group-FDCBCC52DBAD-LeaderElection4] INFO server.RaftServerConfigKeys: raft.server.write.element-limit = 1024 (custom)
datanode_1  | 2022-12-23 07:53:01,121 [8fa2e3a2-8c98-41e6-b7ff-620957c76e4d@group-FDCBCC52DBAD-LeaderElection4] INFO server.RaftServerConfigKeys: raft.server.write.byte-limit = 1024 M (=1073741824) (custom)
datanode_1  | 2022-12-23 07:53:01,121 [8fa2e3a2-8c98-41e6-b7ff-620957c76e4d@group-FDCBCC52DBAD-LeaderElection4] INFO server.RaftServerConfigKeys: raft.server.watch.timeout = 180s (custom)
datanode_1  | 2022-12-23 07:53:01,121 [8fa2e3a2-8c98-41e6-b7ff-620957c76e4d@group-FDCBCC52DBAD-LeaderElection4] INFO server.RaftServerConfigKeys: raft.server.watch.timeout.denomination = 1s (default)
datanode_1  | 2022-12-23 07:53:01,121 [8fa2e3a2-8c98-41e6-b7ff-620957c76e4d@group-FDCBCC52DBAD-LeaderElection4] INFO server.RaftServerConfigKeys: raft.server.watch.element-limit = 65536 (default)
datanode_1  | 2022-12-23 07:53:01,121 [8fa2e3a2-8c98-41e6-b7ff-620957c76e4d@group-FDCBCC52DBAD-LeaderElection4] INFO server.RaftServerConfigKeys: raft.server.write.element-limit = 1024 (custom)
datanode_1  | 2022-12-23 07:53:01,122 [8fa2e3a2-8c98-41e6-b7ff-620957c76e4d@group-FDCBCC52DBAD-LeaderElection4] INFO server.RaftServerConfigKeys: raft.server.write.follower.gap.ratio.max = -1.0 (default)
datanode_1  | 2022-12-23 07:53:01,144 [8fa2e3a2-8c98-41e6-b7ff-620957c76e4d@group-FDCBCC52DBAD-LeaderElection4] INFO server.RaftServerConfigKeys: raft.server.log.appender.snapshot.chunk.size.max = 16MB (=16777216) (default)
datanode_1  | 2022-12-23 07:53:01,146 [8fa2e3a2-8c98-41e6-b7ff-620957c76e4d@group-FDCBCC52DBAD-LeaderElection4] INFO server.RaftServerConfigKeys: raft.server.log.appender.buffer.byte-limit = 33554432 (custom)
datanode_1  | 2022-12-23 07:53:01,146 [8fa2e3a2-8c98-41e6-b7ff-620957c76e4d@group-FDCBCC52DBAD-LeaderElection4] INFO server.RaftServerConfigKeys: raft.server.log.appender.buffer.element-limit = 1 (custom)
datanode_1  | 2022-12-23 07:53:01,152 [8fa2e3a2-8c98-41e6-b7ff-620957c76e4d@group-FDCBCC52DBAD-LeaderElection4] INFO grpc.GrpcConfigKeys: raft.grpc.server.leader.outstanding.appends.max = 128 (default)
datanode_3  | 2022-12-23 07:52:56,087 [grpc-default-executor-0] INFO server.RaftServer$Division: 357a320b-0b8e-4e07-ad53-c808ef52e97a@group-FDCBCC52DBAD replies to ELECTION vote request: 0c3a3439-740f-4776-afd7-276792291e03<-357a320b-0b8e-4e07-ad53-c808ef52e97a#0:OK-t3. Peer's state: 357a320b-0b8e-4e07-ad53-c808ef52e97a@group-FDCBCC52DBAD:t3, leader=null, voted=0c3a3439-740f-4776-afd7-276792291e03, raftlog=Memoized:357a320b-0b8e-4e07-ad53-c808ef52e97a@group-FDCBCC52DBAD-SegmentedRaftLog:OPENED:c-1, conf=-1: peers:[357a320b-0b8e-4e07-ad53-c808ef52e97a|rpc:172.19.0.8:9856|admin:172.19.0.8:9857|client:172.19.0.8:9858|dataStream:172.19.0.8:9858|priority:0|startupRole:FOLLOWER, 8fa2e3a2-8c98-41e6-b7ff-620957c76e4d|rpc:172.19.0.7:9856|admin:172.19.0.7:9857|client:172.19.0.7:9858|dataStream:172.19.0.7:9858|priority:1|startupRole:FOLLOWER, 0c3a3439-740f-4776-afd7-276792291e03|rpc:172.19.0.4:9856|admin:172.19.0.4:9857|client:172.19.0.4:9858|dataStream:172.19.0.4:9858|priority:0|startupRole:FOLLOWER]|listeners:[], old=null
datanode_1  | 2022-12-23 07:53:01,153 [8fa2e3a2-8c98-41e6-b7ff-620957c76e4d@group-FDCBCC52DBAD-LeaderElection4] INFO server.RaftServerConfigKeys: raft.server.rpc.request.timeout = 60s (custom)
datanode_1  | 2022-12-23 07:53:01,153 [8fa2e3a2-8c98-41e6-b7ff-620957c76e4d@group-FDCBCC52DBAD-LeaderElection4] INFO server.RaftServerConfigKeys: raft.server.log.appender.install.snapshot.enabled = false (custom)
datanode_1  | 2022-12-23 07:53:01,153 [8fa2e3a2-8c98-41e6-b7ff-620957c76e4d@group-FDCBCC52DBAD-LeaderElection4] INFO grpc.GrpcConfigKeys: raft.grpc.server.heartbeat.channel = true (default)
datanode_1  | 2022-12-23 07:53:01,153 [8fa2e3a2-8c98-41e6-b7ff-620957c76e4d@group-FDCBCC52DBAD-LeaderElection4] INFO server.RaftServerConfigKeys: raft.server.log.appender.wait-time.min = 10ms (default)
datanode_1  | 2022-12-23 07:53:01,155 [8fa2e3a2-8c98-41e6-b7ff-620957c76e4d@group-FDCBCC52DBAD-LeaderElection4] INFO server.RaftServerConfigKeys: raft.server.log.appender.snapshot.chunk.size.max = 16MB (=16777216) (default)
scm_1       | 2022-12-23 07:52:23,029 [main] WARN server.ServerUtils: Storage directory for Ratis is not configured. It is a good idea to map this to an SSD disk. Falling back to ozone.metadata.dirs
datanode_3  | 2022-12-23 07:53:01,100 [grpc-default-executor-0] INFO server.RaftServer$Division: 357a320b-0b8e-4e07-ad53-c808ef52e97a@group-FDCBCC52DBAD: receive requestVote(ELECTION, 8fa2e3a2-8c98-41e6-b7ff-620957c76e4d, group-FDCBCC52DBAD, 4, (t:0, i:0))
datanode_2  | 2022-12-23 07:52:45,748 [grpc-default-executor-0] INFO server.RaftServer$Division: 0c3a3439-740f-4776-afd7-276792291e03@group-FDCBCC52DBAD replies to ELECTION vote request: 357a320b-0b8e-4e07-ad53-c808ef52e97a<-0c3a3439-740f-4776-afd7-276792291e03#0:FAIL-t1. Peer's state: 0c3a3439-740f-4776-afd7-276792291e03@group-FDCBCC52DBAD:t1, leader=null, voted=0c3a3439-740f-4776-afd7-276792291e03, raftlog=Memoized:0c3a3439-740f-4776-afd7-276792291e03@group-FDCBCC52DBAD-SegmentedRaftLog:OPENED:c-1, conf=-1: peers:[357a320b-0b8e-4e07-ad53-c808ef52e97a|rpc:172.19.0.8:9856|admin:172.19.0.8:9857|client:172.19.0.8:9858|dataStream:172.19.0.8:9858|priority:0|startupRole:FOLLOWER, 8fa2e3a2-8c98-41e6-b7ff-620957c76e4d|rpc:172.19.0.7:9856|admin:172.19.0.7:9857|client:172.19.0.7:9858|dataStream:172.19.0.7:9858|priority:1|startupRole:FOLLOWER, 0c3a3439-740f-4776-afd7-276792291e03|rpc:172.19.0.4:9856|admin:172.19.0.4:9857|client:172.19.0.4:9858|dataStream:172.19.0.4:9858|priority:0|startupRole:FOLLOWER]|listeners:[], old=null
datanode_2  | 2022-12-23 07:52:45,852 [0c3a3439-740f-4776-afd7-276792291e03@group-FDCBCC52DBAD-LeaderElection2] INFO impl.LeaderElection: 0c3a3439-740f-4776-afd7-276792291e03@group-FDCBCC52DBAD-LeaderElection2: ELECTION REJECTED received 1 response(s) and 0 exception(s):
datanode_3  | 2022-12-23 07:53:01,100 [grpc-default-executor-0] INFO impl.VoteContext: 357a320b-0b8e-4e07-ad53-c808ef52e97a@group-FDCBCC52DBAD-FOLLOWER: accept ELECTION from 8fa2e3a2-8c98-41e6-b7ff-620957c76e4d: our priority 0 <= candidate's priority 1
datanode_2  | 2022-12-23 07:52:45,853 [0c3a3439-740f-4776-afd7-276792291e03@group-FDCBCC52DBAD-LeaderElection2] INFO impl.LeaderElection:   Response 0: 0c3a3439-740f-4776-afd7-276792291e03<-8fa2e3a2-8c98-41e6-b7ff-620957c76e4d#0:FAIL-t1
datanode_2  | 2022-12-23 07:52:45,854 [0c3a3439-740f-4776-afd7-276792291e03@group-FDCBCC52DBAD-LeaderElection2] INFO impl.LeaderElection: 0c3a3439-740f-4776-afd7-276792291e03@group-FDCBCC52DBAD-LeaderElection2 ELECTION round 0: result REJECTED
datanode_2  | 2022-12-23 07:52:45,854 [0c3a3439-740f-4776-afd7-276792291e03@group-FDCBCC52DBAD-LeaderElection2] INFO server.RaftServer$Division: 0c3a3439-740f-4776-afd7-276792291e03@group-FDCBCC52DBAD: changes role from CANDIDATE to FOLLOWER at term 1 for REJECTED
datanode_3  | 2022-12-23 07:53:01,100 [grpc-default-executor-0] INFO server.RaftServer$Division: 357a320b-0b8e-4e07-ad53-c808ef52e97a@group-FDCBCC52DBAD: changes role from  FOLLOWER to FOLLOWER at term 4 for candidate:8fa2e3a2-8c98-41e6-b7ff-620957c76e4d
datanode_3  | 2022-12-23 07:53:01,101 [grpc-default-executor-0] INFO impl.RoleInfo: 357a320b-0b8e-4e07-ad53-c808ef52e97a: shutdown 357a320b-0b8e-4e07-ad53-c808ef52e97a@group-FDCBCC52DBAD-FollowerState
datanode_2  | 2022-12-23 07:52:45,854 [0c3a3439-740f-4776-afd7-276792291e03@group-FDCBCC52DBAD-LeaderElection2] INFO impl.RoleInfo: 0c3a3439-740f-4776-afd7-276792291e03: shutdown 0c3a3439-740f-4776-afd7-276792291e03@group-FDCBCC52DBAD-LeaderElection2
datanode_2  | 2022-12-23 07:52:45,855 [0c3a3439-740f-4776-afd7-276792291e03@group-FDCBCC52DBAD-LeaderElection2] INFO impl.RoleInfo: 0c3a3439-740f-4776-afd7-276792291e03: start 0c3a3439-740f-4776-afd7-276792291e03@group-FDCBCC52DBAD-FollowerState
datanode_2  | 2022-12-23 07:52:45,885 [0c3a3439-740f-4776-afd7-276792291e03@group-FDCBCC52DBAD-FollowerState] INFO server.RaftServerConfigKeys: raft.server.rpc.first-election.timeout.min = 5s (fallback to raft.server.rpc.timeout.min)
datanode_3  | 2022-12-23 07:53:01,101 [357a320b-0b8e-4e07-ad53-c808ef52e97a@group-FDCBCC52DBAD-FollowerState] INFO impl.FollowerState: 357a320b-0b8e-4e07-ad53-c808ef52e97a@group-FDCBCC52DBAD-FollowerState was interrupted
datanode_3  | 2022-12-23 07:53:01,101 [grpc-default-executor-0] INFO impl.RoleInfo: 357a320b-0b8e-4e07-ad53-c808ef52e97a: start 357a320b-0b8e-4e07-ad53-c808ef52e97a@group-FDCBCC52DBAD-FollowerState
datanode_1  | 2022-12-23 07:53:01,155 [8fa2e3a2-8c98-41e6-b7ff-620957c76e4d@group-FDCBCC52DBAD-LeaderElection4] INFO server.RaftServerConfigKeys: raft.server.log.appender.buffer.byte-limit = 33554432 (custom)
datanode_2  | 2022-12-23 07:52:45,885 [0c3a3439-740f-4776-afd7-276792291e03@group-FDCBCC52DBAD-FollowerState] INFO server.RaftServerConfigKeys: raft.server.rpc.first-election.timeout.max = 5200ms (fallback to raft.server.rpc.timeout.max)
scm_1       | 2022-12-23 07:52:23,029 [main] WARN ha.SCMHAUtils: SCM snapshot dir is not configured. Falling back to ozone.metadata.dirs config
datanode_3  | 2022-12-23 07:53:01,106 [357a320b-0b8e-4e07-ad53-c808ef52e97a@group-FDCBCC52DBAD-FollowerState] INFO server.RaftServerConfigKeys: raft.server.rpc.first-election.timeout.min = 5s (fallback to raft.server.rpc.timeout.min)
datanode_1  | 2022-12-23 07:53:01,155 [8fa2e3a2-8c98-41e6-b7ff-620957c76e4d@group-FDCBCC52DBAD-LeaderElection4] INFO server.RaftServerConfigKeys: raft.server.log.appender.buffer.element-limit = 1 (custom)
datanode_2  | 2022-12-23 07:52:46,138 [JvmPauseMonitor0] WARN util.JvmPauseMonitor: JvmPauseMonitor-0c3a3439-740f-4776-afd7-276792291e03: Detected pause in JVM or host machine (eg GC): pause of approximately 128349006ns. No GCs detected.
datanode_2  | 2022-12-23 07:52:46,620 [0c3a3439-740f-4776-afd7-276792291e03@group-D1E98AC6989E-FollowerState] INFO impl.FollowerState: 0c3a3439-740f-4776-afd7-276792291e03@group-D1E98AC6989E-FollowerState: change to CANDIDATE, lastRpcElapsedTime:5050514863ns, electionTimeout:5001ms
datanode_3  | 2022-12-23 07:53:01,106 [357a320b-0b8e-4e07-ad53-c808ef52e97a@group-FDCBCC52DBAD-FollowerState] INFO server.RaftServerConfigKeys: raft.server.rpc.first-election.timeout.max = 5200ms (fallback to raft.server.rpc.timeout.max)
datanode_1  | 2022-12-23 07:53:01,156 [8fa2e3a2-8c98-41e6-b7ff-620957c76e4d@group-FDCBCC52DBAD-LeaderElection4] INFO grpc.GrpcConfigKeys: raft.grpc.server.leader.outstanding.appends.max = 128 (default)
datanode_1  | 2022-12-23 07:53:01,156 [8fa2e3a2-8c98-41e6-b7ff-620957c76e4d@group-FDCBCC52DBAD-LeaderElection4] INFO server.RaftServerConfigKeys: raft.server.rpc.request.timeout = 60s (custom)
datanode_1  | 2022-12-23 07:53:01,156 [8fa2e3a2-8c98-41e6-b7ff-620957c76e4d@group-FDCBCC52DBAD-LeaderElection4] INFO server.RaftServerConfigKeys: raft.server.log.appender.install.snapshot.enabled = false (custom)
datanode_1  | 2022-12-23 07:53:01,156 [8fa2e3a2-8c98-41e6-b7ff-620957c76e4d@group-FDCBCC52DBAD-LeaderElection4] INFO grpc.GrpcConfigKeys: raft.grpc.server.heartbeat.channel = true (default)
datanode_3  | 2022-12-23 07:53:01,107 [grpc-default-executor-0] INFO server.RaftServer$Division: 357a320b-0b8e-4e07-ad53-c808ef52e97a@group-FDCBCC52DBAD replies to ELECTION vote request: 8fa2e3a2-8c98-41e6-b7ff-620957c76e4d<-357a320b-0b8e-4e07-ad53-c808ef52e97a#0:OK-t4. Peer's state: 357a320b-0b8e-4e07-ad53-c808ef52e97a@group-FDCBCC52DBAD:t4, leader=null, voted=8fa2e3a2-8c98-41e6-b7ff-620957c76e4d, raftlog=Memoized:357a320b-0b8e-4e07-ad53-c808ef52e97a@group-FDCBCC52DBAD-SegmentedRaftLog:OPENED:c-1, conf=-1: peers:[357a320b-0b8e-4e07-ad53-c808ef52e97a|rpc:172.19.0.8:9856|admin:172.19.0.8:9857|client:172.19.0.8:9858|dataStream:172.19.0.8:9858|priority:0|startupRole:FOLLOWER, 8fa2e3a2-8c98-41e6-b7ff-620957c76e4d|rpc:172.19.0.7:9856|admin:172.19.0.7:9857|client:172.19.0.7:9858|dataStream:172.19.0.7:9858|priority:1|startupRole:FOLLOWER, 0c3a3439-740f-4776-afd7-276792291e03|rpc:172.19.0.4:9856|admin:172.19.0.4:9857|client:172.19.0.4:9858|dataStream:172.19.0.4:9858|priority:0|startupRole:FOLLOWER]|listeners:[], old=null
datanode_1  | 2022-12-23 07:53:01,156 [8fa2e3a2-8c98-41e6-b7ff-620957c76e4d@group-FDCBCC52DBAD-LeaderElection4] INFO server.RaftServerConfigKeys: raft.server.log.appender.wait-time.min = 10ms (default)
datanode_1  | 2022-12-23 07:53:01,157 [8fa2e3a2-8c98-41e6-b7ff-620957c76e4d@group-FDCBCC52DBAD-LeaderElection4] INFO impl.RoleInfo: 8fa2e3a2-8c98-41e6-b7ff-620957c76e4d: start 8fa2e3a2-8c98-41e6-b7ff-620957c76e4d@group-FDCBCC52DBAD-LeaderStateImpl
datanode_1  | 2022-12-23 07:53:01,158 [8fa2e3a2-8c98-41e6-b7ff-620957c76e4d@group-FDCBCC52DBAD-LeaderElection4] INFO segmented.SegmentedRaftLogWorker: 8fa2e3a2-8c98-41e6-b7ff-620957c76e4d@group-FDCBCC52DBAD-SegmentedRaftLogWorker: Starting segment from index:0
datanode_1  | 2022-12-23 07:53:01,160 [8fa2e3a2-8c98-41e6-b7ff-620957c76e4d@group-FDCBCC52DBAD-SegmentedRaftLogWorker] INFO segmented.SegmentedRaftLogWorker: 8fa2e3a2-8c98-41e6-b7ff-620957c76e4d@group-FDCBCC52DBAD-SegmentedRaftLogWorker: created new log segment /data/metadata/ratis/c1075764-345d-4728-8f58-fdcbcc52dbad/current/log_inprogress_0
datanode_3  | 2022-12-23 07:53:01,216 [357a320b-0b8e-4e07-ad53-c808ef52e97a-server-thread1] INFO ratis.XceiverServerRatis: Leader change notification received for group: group-FDCBCC52DBAD with new leaderId: 8fa2e3a2-8c98-41e6-b7ff-620957c76e4d
datanode_1  | 2022-12-23 07:53:01,174 [8fa2e3a2-8c98-41e6-b7ff-620957c76e4d@group-FDCBCC52DBAD-LeaderElection4] INFO server.RaftServer$Division: 8fa2e3a2-8c98-41e6-b7ff-620957c76e4d@group-FDCBCC52DBAD: set configuration 0: peers:[357a320b-0b8e-4e07-ad53-c808ef52e97a|rpc:172.19.0.8:9856|admin:172.19.0.8:9857|client:172.19.0.8:9858|dataStream:172.19.0.8:9858|priority:0|startupRole:FOLLOWER, 8fa2e3a2-8c98-41e6-b7ff-620957c76e4d|rpc:172.19.0.7:9856|admin:172.19.0.7:9857|client:172.19.0.7:9858|dataStream:172.19.0.7:9858|priority:1|startupRole:FOLLOWER, 0c3a3439-740f-4776-afd7-276792291e03|rpc:172.19.0.4:9856|admin:172.19.0.4:9857|client:172.19.0.4:9858|dataStream:172.19.0.4:9858|priority:0|startupRole:FOLLOWER]|listeners:[], old=null
datanode_3  | 2022-12-23 07:53:01,216 [357a320b-0b8e-4e07-ad53-c808ef52e97a-server-thread1] INFO server.RaftServer$Division: 357a320b-0b8e-4e07-ad53-c808ef52e97a@group-FDCBCC52DBAD: change Leader from null to 8fa2e3a2-8c98-41e6-b7ff-620957c76e4d at term 4 for appendEntries, leader elected after 21296ms
scm_1       | 2022-12-23 07:52:23,041 [main] INFO upgrade.AbstractLayoutVersionManager: Initializing Layout version manager with metadata layout = DATANODE_SCHEMA_V3 (version = 4), software layout = DATANODE_SCHEMA_V3 (version = 4)
scm_1       | 2022-12-23 07:52:23,213 [main] INFO reflections.Reflections: Reflections took 147 ms to scan 3 urls, producing 120 keys and 270 values 
datanode_3  | 2022-12-23 07:53:01,240 [357a320b-0b8e-4e07-ad53-c808ef52e97a-server-thread2] INFO server.RaftServer$Division: 357a320b-0b8e-4e07-ad53-c808ef52e97a@group-FDCBCC52DBAD: set configuration 0: peers:[357a320b-0b8e-4e07-ad53-c808ef52e97a|rpc:172.19.0.8:9856|admin:172.19.0.8:9857|client:172.19.0.8:9858|dataStream:172.19.0.8:9858|priority:0|startupRole:FOLLOWER, 8fa2e3a2-8c98-41e6-b7ff-620957c76e4d|rpc:172.19.0.7:9856|admin:172.19.0.7:9857|client:172.19.0.7:9858|dataStream:172.19.0.7:9858|priority:1|startupRole:FOLLOWER, 0c3a3439-740f-4776-afd7-276792291e03|rpc:172.19.0.4:9856|admin:172.19.0.4:9857|client:172.19.0.4:9858|dataStream:172.19.0.4:9858|priority:0|startupRole:FOLLOWER]|listeners:[], old=null
datanode_3  | 2022-12-23 07:53:01,242 [357a320b-0b8e-4e07-ad53-c808ef52e97a-server-thread2] INFO segmented.SegmentedRaftLogWorker: 357a320b-0b8e-4e07-ad53-c808ef52e97a@group-FDCBCC52DBAD-SegmentedRaftLogWorker: Starting segment from index:0
datanode_2  | 2022-12-23 07:52:46,621 [0c3a3439-740f-4776-afd7-276792291e03@group-D1E98AC6989E-FollowerState] INFO impl.RoleInfo: 0c3a3439-740f-4776-afd7-276792291e03: shutdown 0c3a3439-740f-4776-afd7-276792291e03@group-D1E98AC6989E-FollowerState
datanode_2  | 2022-12-23 07:52:46,621 [0c3a3439-740f-4776-afd7-276792291e03@group-D1E98AC6989E-FollowerState] INFO server.RaftServer$Division: 0c3a3439-740f-4776-afd7-276792291e03@group-D1E98AC6989E: changes role from  FOLLOWER to CANDIDATE at term 1 for changeToCandidate
datanode_3  | 2022-12-23 07:53:01,244 [357a320b-0b8e-4e07-ad53-c808ef52e97a@group-FDCBCC52DBAD-SegmentedRaftLogWorker] INFO segmented.SegmentedRaftLogWorker: 357a320b-0b8e-4e07-ad53-c808ef52e97a@group-FDCBCC52DBAD-SegmentedRaftLogWorker: created new log segment /data/metadata/ratis/c1075764-345d-4728-8f58-fdcbcc52dbad/current/log_inprogress_0
scm_1       | 2022-12-23 07:52:23,271 [main] INFO ha.SequenceIdGenerator: upgrade localId to 109611004723200000
datanode_2  | 2022-12-23 07:52:46,621 [0c3a3439-740f-4776-afd7-276792291e03@group-D1E98AC6989E-FollowerState] INFO server.RaftServerConfigKeys: raft.server.leaderelection.pre-vote = false (custom)
scm_1       | 2022-12-23 07:52:23,272 [main] INFO ha.SequenceIdGenerator: upgrade delTxnId to 0
datanode_2  | 2022-12-23 07:52:46,621 [0c3a3439-740f-4776-afd7-276792291e03@group-D1E98AC6989E-FollowerState] INFO impl.RoleInfo: 0c3a3439-740f-4776-afd7-276792291e03: start 0c3a3439-740f-4776-afd7-276792291e03@group-D1E98AC6989E-LeaderElection3
scm_1       | 2022-12-23 07:52:23,275 [main] INFO ha.SequenceIdGenerator: upgrade containerId to 0
datanode_2  | 2022-12-23 07:52:46,624 [0c3a3439-740f-4776-afd7-276792291e03@group-D1E98AC6989E-LeaderElection3] INFO impl.LeaderElection: 0c3a3439-740f-4776-afd7-276792291e03@group-D1E98AC6989E-LeaderElection3 ELECTION round 0: submit vote requests at term 2 for -1: peers:[357a320b-0b8e-4e07-ad53-c808ef52e97a|rpc:172.19.0.8:9856|admin:172.19.0.8:9857|client:172.19.0.8:9858|dataStream:172.19.0.8:9858|priority:0|startupRole:FOLLOWER, 8fa2e3a2-8c98-41e6-b7ff-620957c76e4d|rpc:172.19.0.7:9856|admin:172.19.0.7:9857|client:172.19.0.7:9858|dataStream:172.19.0.7:9858|priority:0|startupRole:FOLLOWER, 0c3a3439-740f-4776-afd7-276792291e03|rpc:172.19.0.4:9856|admin:172.19.0.4:9857|client:172.19.0.4:9858|dataStream:172.19.0.4:9858|priority:1|startupRole:FOLLOWER]|listeners:[], old=null
scm_1       | 2022-12-23 07:52:23,276 [main] INFO ha.SequenceIdGenerator: Init the HA SequenceIdGenerator.
datanode_2  | 2022-12-23 07:52:46,632 [0c3a3439-740f-4776-afd7-276792291e03@group-D1E98AC6989E-LeaderElection3] INFO server.RaftServerConfigKeys: raft.server.rpc.first-election.timeout.min = 5s (fallback to raft.server.rpc.timeout.min)
scm_1       | 2022-12-23 07:52:23,318 [main] INFO node.SCMNodeManager: Entering startup safe mode.
scm_1       | 2022-12-23 07:52:23,330 [main] INFO algorithms.ContainerPlacementPolicyFactory: Create container placement policy of type org.apache.hadoop.hdds.scm.container.placement.algorithms.SCMContainerPlacementRandom
scm_1       | 2022-12-23 07:52:23,332 [main] INFO algorithms.ContainerPlacementPolicyFactory: Create container placement policy of type org.apache.hadoop.hdds.scm.container.placement.algorithms.SCMContainerPlacementRackScatter
scm_1       | 2022-12-23 07:52:23,337 [main] INFO pipeline.PipelineStateManagerImpl: No pipeline exists in current db
scm_1       | 2022-12-23 07:52:23,360 [main] INFO algorithms.LeaderChoosePolicyFactory: Create leader choose policy of type org.apache.hadoop.hdds.scm.pipeline.leader.choose.algorithms.MinLeaderCountChoosePolicy
scm_1       | 2022-12-23 07:52:23,360 [main] INFO algorithms.ContainerPlacementPolicyFactory: Create container placement policy of type org.apache.hadoop.hdds.scm.container.placement.algorithms.SCMContainerPlacementRackScatter
scm_1       | 2022-12-23 07:52:23,367 [main] INFO ha.SCMServiceManager: Registering service BackgroundPipelineCreator.
scm_1       | 2022-12-23 07:52:23,368 [main] INFO pipeline.BackgroundPipelineCreator: Starting RatisPipelineUtilsThread.
datanode_2  | 2022-12-23 07:52:46,632 [0c3a3439-740f-4776-afd7-276792291e03@group-D1E98AC6989E-LeaderElection3] INFO server.RaftServerConfigKeys: raft.server.rpc.first-election.timeout.max = 5200ms (fallback to raft.server.rpc.timeout.max)
scm_1       | 2022-12-23 07:52:23,374 [main] INFO BackgroundPipelineScrubber: Starting BackgroundPipelineScrubber Service.
datanode_2  | 2022-12-23 07:52:46,657 [0c3a3439-740f-4776-afd7-276792291e03@group-D1E98AC6989E-LeaderElection3] INFO impl.LeaderElection: 0c3a3439-740f-4776-afd7-276792291e03@group-D1E98AC6989E-LeaderElection3: ELECTION PASSED received 1 response(s) and 0 exception(s):
scm_1       | 2022-12-23 07:52:23,377 [main] INFO ha.SCMServiceManager: Registering service BackgroundPipelineScrubber.
datanode_2  | 2022-12-23 07:52:46,657 [0c3a3439-740f-4776-afd7-276792291e03@group-D1E98AC6989E-LeaderElection3] INFO impl.LeaderElection:   Response 0: 0c3a3439-740f-4776-afd7-276792291e03<-357a320b-0b8e-4e07-ad53-c808ef52e97a#0:OK-t2
scm_1       | 2022-12-23 07:52:23,383 [main] INFO ExpiredContainerReplicaOpScrubber: Starting ExpiredContainerReplicaOpScrubber Service.
datanode_2  | 2022-12-23 07:52:46,657 [0c3a3439-740f-4776-afd7-276792291e03@group-D1E98AC6989E-LeaderElection3] INFO impl.LeaderElection: 0c3a3439-740f-4776-afd7-276792291e03@group-D1E98AC6989E-LeaderElection3 ELECTION round 0: result PASSED
datanode_2  | 2022-12-23 07:52:46,657 [0c3a3439-740f-4776-afd7-276792291e03@group-D1E98AC6989E-LeaderElection3] INFO impl.RoleInfo: 0c3a3439-740f-4776-afd7-276792291e03: shutdown 0c3a3439-740f-4776-afd7-276792291e03@group-D1E98AC6989E-LeaderElection3
scm_1       | 2022-12-23 07:52:23,384 [main] INFO ha.SCMServiceManager: Registering service ExpiredContainerReplicaOpScrubber.
datanode_2  | 2022-12-23 07:52:46,657 [0c3a3439-740f-4776-afd7-276792291e03@group-D1E98AC6989E-LeaderElection3] INFO server.RaftServer$Division: 0c3a3439-740f-4776-afd7-276792291e03@group-D1E98AC6989E: changes role from CANDIDATE to LEADER at term 2 for changeToLeader
scm_1       | 2022-12-23 07:52:23,428 [main] INFO algorithms.PipelineChoosePolicyFactory: Create pipeline choose policy of type org.apache.hadoop.hdds.scm.pipeline.choose.algorithms.RandomPipelineChoosePolicy
datanode_2  | 2022-12-23 07:52:46,658 [0c3a3439-740f-4776-afd7-276792291e03@group-D1E98AC6989E-LeaderElection3] INFO ratis.XceiverServerRatis: Leader change notification received for group: group-D1E98AC6989E with new leaderId: 0c3a3439-740f-4776-afd7-276792291e03
scm_1       | 2022-12-23 07:52:23,441 [main] INFO ha.SCMServiceManager: Registering service SCMBlockDeletingService.
datanode_2  | 2022-12-23 07:52:46,662 [0c3a3439-740f-4776-afd7-276792291e03@group-D1E98AC6989E-LeaderElection3] INFO server.RaftServer$Division: 0c3a3439-740f-4776-afd7-276792291e03@group-D1E98AC6989E: change Leader from null to 0c3a3439-740f-4776-afd7-276792291e03 at term 2 for becomeLeader, leader elected after 9976ms
scm_1       | 2022-12-23 07:52:23,489 [main] INFO replication.ReplicationManager: Starting Replication Monitor Thread.
datanode_2  | 2022-12-23 07:52:46,670 [0c3a3439-740f-4776-afd7-276792291e03@group-D1E98AC6989E-LeaderElection3] INFO server.RaftServerConfigKeys: raft.server.staging.catchup.gap = 1000 (default)
scm_1       | 2022-12-23 07:52:23,505 [main] INFO ha.SCMServiceManager: Registering service ReplicationManager.
datanode_2  | 2022-12-23 07:52:46,673 [0c3a3439-740f-4776-afd7-276792291e03@group-D1E98AC6989E-LeaderElection3] INFO server.RaftServerConfigKeys: raft.server.write.element-limit = 1024 (custom)
scm_1       | 2022-12-23 07:52:23,508 [ReplicationMonitor] INFO replication.ReplicationManager: Replication Manager is not ready to run until 300000ms after safemode exit
datanode_2  | 2022-12-23 07:52:46,675 [0c3a3439-740f-4776-afd7-276792291e03@group-D1E98AC6989E-LeaderElection3] INFO server.RaftServerConfigKeys: raft.server.write.byte-limit = 1024 M (=1073741824) (custom)
scm_1       | WARNING: An illegal reflective access operation has occurred
datanode_2  | 2022-12-23 07:52:46,678 [0c3a3439-740f-4776-afd7-276792291e03@group-D1E98AC6989E-LeaderElection3] INFO server.RaftServerConfigKeys: raft.server.watch.timeout = 180s (custom)
scm_1       | WARNING: Illegal reflective access by org.apache.hadoop.hdds.utils.MetricsUtil (file:/opt/hadoop/share/ozone/lib/hdds-server-framework-1.3.0-SNAPSHOT.jar) to method java.lang.Class.annotationData()
datanode_2  | 2022-12-23 07:52:46,678 [0c3a3439-740f-4776-afd7-276792291e03@group-D1E98AC6989E-LeaderElection3] INFO server.RaftServerConfigKeys: raft.server.watch.timeout.denomination = 1s (default)
scm_1       | WARNING: Please consider reporting this to the maintainers of org.apache.hadoop.hdds.utils.MetricsUtil
datanode_2  | 2022-12-23 07:52:46,678 [0c3a3439-740f-4776-afd7-276792291e03@group-D1E98AC6989E-LeaderElection3] INFO server.RaftServerConfigKeys: raft.server.watch.element-limit = 65536 (default)
scm_1       | WARNING: Use --illegal-access=warn to enable warnings of further illegal reflective access operations
datanode_2  | 2022-12-23 07:52:46,684 [0c3a3439-740f-4776-afd7-276792291e03@group-D1E98AC6989E-LeaderElection3] INFO server.RaftServerConfigKeys: raft.server.write.element-limit = 1024 (custom)
scm_1       | WARNING: All illegal access operations will be denied in a future release
datanode_2  | 2022-12-23 07:52:46,685 [0c3a3439-740f-4776-afd7-276792291e03@group-D1E98AC6989E-LeaderElection3] INFO server.RaftServerConfigKeys: raft.server.write.follower.gap.ratio.max = -1.0 (default)
scm_1       | 2022-12-23 07:52:23,513 [main] INFO safemode.ContainerSafeModeRule: containers with one replica threshold count 0
datanode_2  | 2022-12-23 07:52:46,706 [0c3a3439-740f-4776-afd7-276792291e03@group-D1E98AC6989E-LeaderElection3] INFO server.RaftServerConfigKeys: raft.server.log.appender.snapshot.chunk.size.max = 16MB (=16777216) (default)
scm_1       | 2022-12-23 07:52:23,515 [main] INFO safemode.HealthyPipelineSafeModeRule: Total pipeline count is 0, healthy pipeline threshold count is 1
datanode_2  | 2022-12-23 07:52:46,708 [0c3a3439-740f-4776-afd7-276792291e03@group-D1E98AC6989E-LeaderElection3] INFO server.RaftServerConfigKeys: raft.server.log.appender.buffer.byte-limit = 33554432 (custom)
scm_1       | 2022-12-23 07:52:23,517 [main] INFO safemode.OneReplicaPipelineSafeModeRule: Total pipeline count is 0, pipeline's with at least one datanode reported threshold count is 0
datanode_2  | 2022-12-23 07:52:46,709 [0c3a3439-740f-4776-afd7-276792291e03@group-D1E98AC6989E-LeaderElection3] INFO server.RaftServerConfigKeys: raft.server.log.appender.buffer.element-limit = 1 (custom)
scm_1       | 2022-12-23 07:52:24,206 [main] INFO audit.AuditLogger: Refresh DebugCmdSet for SCMAudit to [].
datanode_2  | 2022-12-23 07:52:46,712 [0c3a3439-740f-4776-afd7-276792291e03@group-D1E98AC6989E-LeaderElection3] INFO grpc.GrpcConfigKeys: raft.grpc.server.leader.outstanding.appends.max = 128 (default)
scm_1       | 2022-12-23 07:52:24,252 [main] INFO ipc.CallQueueManager: Using callQueue: class java.util.concurrent.LinkedBlockingQueue, queueCapacity: 10000, scheduler: class org.apache.hadoop.ipc.DefaultRpcScheduler, ipcBackoff: false.
datanode_2  | 2022-12-23 07:52:46,713 [0c3a3439-740f-4776-afd7-276792291e03@group-D1E98AC6989E-LeaderElection3] INFO server.RaftServerConfigKeys: raft.server.rpc.request.timeout = 60s (custom)
scm_1       | 2022-12-23 07:52:24,283 [Socket Reader #1 for port 9861] INFO ipc.Server: Starting Socket Reader #1 for port 9861
datanode_2  | 2022-12-23 07:52:46,715 [0c3a3439-740f-4776-afd7-276792291e03@group-D1E98AC6989E-LeaderElection3] INFO server.RaftServerConfigKeys: raft.server.log.appender.install.snapshot.enabled = false (custom)
scm_1       | 2022-12-23 07:52:24,425 [Listener at 0.0.0.0/9861] INFO audit.AuditLogger: Refresh DebugCmdSet for SCMAudit to [].
scm_1       | 2022-12-23 07:52:24,448 [Listener at 0.0.0.0/9861] INFO ipc.CallQueueManager: Using callQueue: class java.util.concurrent.LinkedBlockingQueue, queueCapacity: 10000, scheduler: class org.apache.hadoop.ipc.DefaultRpcScheduler, ipcBackoff: false.
datanode_2  | 2022-12-23 07:52:46,715 [0c3a3439-740f-4776-afd7-276792291e03@group-D1E98AC6989E-LeaderElection3] INFO grpc.GrpcConfigKeys: raft.grpc.server.heartbeat.channel = true (default)
scm_1       | 2022-12-23 07:52:24,460 [Socket Reader #1 for port 9863] INFO ipc.Server: Starting Socket Reader #1 for port 9863
datanode_2  | 2022-12-23 07:52:46,715 [0c3a3439-740f-4776-afd7-276792291e03@group-D1E98AC6989E-LeaderElection3] INFO server.RaftServerConfigKeys: raft.server.log.appender.wait-time.min = 10ms (default)
scm_1       | 2022-12-23 07:52:24,526 [Listener at 0.0.0.0/9863] INFO audit.AuditLogger: Refresh DebugCmdSet for SCMAudit to [].
datanode_2  | 2022-12-23 07:52:46,721 [0c3a3439-740f-4776-afd7-276792291e03@group-D1E98AC6989E-LeaderElection3] INFO server.RaftServerConfigKeys: raft.server.log.appender.snapshot.chunk.size.max = 16MB (=16777216) (default)
scm_1       | 2022-12-23 07:52:24,537 [Listener at 0.0.0.0/9863] INFO ipc.CallQueueManager: Using callQueue: class java.util.concurrent.LinkedBlockingQueue, queueCapacity: 10000, scheduler: class org.apache.hadoop.ipc.DefaultRpcScheduler, ipcBackoff: false.
datanode_2  | 2022-12-23 07:52:46,721 [0c3a3439-740f-4776-afd7-276792291e03@group-D1E98AC6989E-LeaderElection3] INFO server.RaftServerConfigKeys: raft.server.log.appender.buffer.byte-limit = 33554432 (custom)
datanode_2  | 2022-12-23 07:52:46,721 [0c3a3439-740f-4776-afd7-276792291e03@group-D1E98AC6989E-LeaderElection3] INFO server.RaftServerConfigKeys: raft.server.log.appender.buffer.element-limit = 1 (custom)
datanode_2  | 2022-12-23 07:52:46,721 [0c3a3439-740f-4776-afd7-276792291e03@group-D1E98AC6989E-LeaderElection3] INFO grpc.GrpcConfigKeys: raft.grpc.server.leader.outstanding.appends.max = 128 (default)
datanode_2  | 2022-12-23 07:52:46,721 [0c3a3439-740f-4776-afd7-276792291e03@group-D1E98AC6989E-LeaderElection3] INFO server.RaftServerConfigKeys: raft.server.rpc.request.timeout = 60s (custom)
scm_1       | 2022-12-23 07:52:24,538 [Socket Reader #1 for port 9860] INFO ipc.Server: Starting Socket Reader #1 for port 9860
datanode_2  | 2022-12-23 07:52:46,721 [0c3a3439-740f-4776-afd7-276792291e03@group-D1E98AC6989E-LeaderElection3] INFO server.RaftServerConfigKeys: raft.server.log.appender.install.snapshot.enabled = false (custom)
scm_1       | 2022-12-23 07:52:24,745 [Listener at 0.0.0.0/9860] INFO ha.SCMServiceManager: Registering service ContainerBalancer.
datanode_2  | 2022-12-23 07:52:46,721 [0c3a3439-740f-4776-afd7-276792291e03@group-D1E98AC6989E-LeaderElection3] INFO grpc.GrpcConfigKeys: raft.grpc.server.heartbeat.channel = true (default)
scm_1       | 2022-12-23 07:52:24,748 [Listener at 0.0.0.0/9860] INFO server.StorageContainerManager: 
datanode_2  | 2022-12-23 07:52:46,721 [0c3a3439-740f-4776-afd7-276792291e03@group-D1E98AC6989E-LeaderElection3] INFO server.RaftServerConfigKeys: raft.server.log.appender.wait-time.min = 10ms (default)
scm_1       | Container Balancer status:
datanode_2  | 2022-12-23 07:52:46,723 [0c3a3439-740f-4776-afd7-276792291e03@group-D1E98AC6989E-LeaderElection3] INFO impl.RoleInfo: 0c3a3439-740f-4776-afd7-276792291e03: start 0c3a3439-740f-4776-afd7-276792291e03@group-D1E98AC6989E-LeaderStateImpl
scm_1       | Key                            Value
datanode_2  | 2022-12-23 07:52:46,725 [0c3a3439-740f-4776-afd7-276792291e03@group-D1E98AC6989E-LeaderElection3] INFO segmented.SegmentedRaftLogWorker: 0c3a3439-740f-4776-afd7-276792291e03@group-D1E98AC6989E-SegmentedRaftLogWorker: Starting segment from index:0
scm_1       | Running                        true
scm_1       | Container Balancer Configuration values:
datanode_2  | 2022-12-23 07:52:46,727 [0c3a3439-740f-4776-afd7-276792291e03@group-D1E98AC6989E-SegmentedRaftLogWorker] INFO segmented.SegmentedRaftLogWorker: 0c3a3439-740f-4776-afd7-276792291e03@group-D1E98AC6989E-SegmentedRaftLogWorker: created new log segment /data/metadata/ratis/7e4b79d0-158e-47f7-bd2a-d1e98ac6989e/current/log_inprogress_0
scm_1       | Key                                                Value
scm_1       | Threshold                                          10
scm_1       | Max Datanodes to Involve per Iteration(percent)    20
scm_1       | Max Size to Move per Iteration                     500GB
datanode_2  | 2022-12-23 07:52:46,739 [0c3a3439-740f-4776-afd7-276792291e03@group-D1E98AC6989E-LeaderElection3] INFO server.RaftServer$Division: 0c3a3439-740f-4776-afd7-276792291e03@group-D1E98AC6989E: set configuration 0: peers:[357a320b-0b8e-4e07-ad53-c808ef52e97a|rpc:172.19.0.8:9856|admin:172.19.0.8:9857|client:172.19.0.8:9858|dataStream:172.19.0.8:9858|priority:0|startupRole:FOLLOWER, 8fa2e3a2-8c98-41e6-b7ff-620957c76e4d|rpc:172.19.0.7:9856|admin:172.19.0.7:9857|client:172.19.0.7:9858|dataStream:172.19.0.7:9858|priority:0|startupRole:FOLLOWER, 0c3a3439-740f-4776-afd7-276792291e03|rpc:172.19.0.4:9856|admin:172.19.0.4:9857|client:172.19.0.4:9858|dataStream:172.19.0.4:9858|priority:1|startupRole:FOLLOWER]|listeners:[], old=null
scm_1       | Max Size Entering Target per Iteration             26GB
datanode_2  | 2022-12-23 07:52:50,913 [grpc-default-executor-2] INFO server.RaftServer$Division: 0c3a3439-740f-4776-afd7-276792291e03@group-FDCBCC52DBAD: receive requestVote(ELECTION, 357a320b-0b8e-4e07-ad53-c808ef52e97a, group-FDCBCC52DBAD, 2, (t:0, i:0))
scm_1       | Max Size Leaving Source per Iteration              26GB
datanode_2  | 2022-12-23 07:52:50,913 [grpc-default-executor-2] INFO impl.VoteContext: 0c3a3439-740f-4776-afd7-276792291e03@group-FDCBCC52DBAD-FOLLOWER: accept ELECTION from 357a320b-0b8e-4e07-ad53-c808ef52e97a: our priority 0 <= candidate's priority 0
scm_1       | 
datanode_2  | 2022-12-23 07:52:50,915 [grpc-default-executor-2] INFO server.RaftServer$Division: 0c3a3439-740f-4776-afd7-276792291e03@group-FDCBCC52DBAD: changes role from  FOLLOWER to FOLLOWER at term 2 for candidate:357a320b-0b8e-4e07-ad53-c808ef52e97a
scm_1       | 2022-12-23 07:52:24,749 [Listener at 0.0.0.0/9860] INFO ha.SCMContext: Update SafeModeStatus from SafeModeStatus{safeModeStatus=true, preCheckPassed=false} to SafeModeStatus{safeModeStatus=true, preCheckPassed=false}.
datanode_2  | 2022-12-23 07:52:50,915 [grpc-default-executor-2] INFO impl.RoleInfo: 0c3a3439-740f-4776-afd7-276792291e03: shutdown 0c3a3439-740f-4776-afd7-276792291e03@group-FDCBCC52DBAD-FollowerState
scm_1       | 2022-12-23 07:52:24,760 [Listener at 0.0.0.0/9860] INFO server.StorageContainerManager: StorageContainerLocationProtocol RPC server is listening at /0.0.0.0:9860
datanode_2  | 2022-12-23 07:52:50,915 [0c3a3439-740f-4776-afd7-276792291e03@group-FDCBCC52DBAD-FollowerState] INFO impl.FollowerState: 0c3a3439-740f-4776-afd7-276792291e03@group-FDCBCC52DBAD-FollowerState was interrupted
scm_1       | 2022-12-23 07:52:24,778 [Listener at 0.0.0.0/9860] INFO ha.SCMRatisServerImpl: starting ratis server 0.0.0.0:9894
datanode_2  | 2022-12-23 07:52:50,915 [grpc-default-executor-2] INFO impl.RoleInfo: 0c3a3439-740f-4776-afd7-276792291e03: start 0c3a3439-740f-4776-afd7-276792291e03@group-FDCBCC52DBAD-FollowerState
scm_1       | 2022-12-23 07:52:24,786 [0f2ecc23-6644-4299-b755-ad89b870a14b-impl-thread1] INFO storage.RaftStorageDirectory: Lock on /data/metadata/scm-ha/73316ecd-01df-4928-8419-8b546d740b06/in_use.lock acquired by nodename 6@126e161209d2
datanode_2  | 2022-12-23 07:52:50,933 [grpc-default-executor-2] INFO server.RaftServer$Division: 0c3a3439-740f-4776-afd7-276792291e03@group-FDCBCC52DBAD replies to ELECTION vote request: 357a320b-0b8e-4e07-ad53-c808ef52e97a<-0c3a3439-740f-4776-afd7-276792291e03#0:OK-t2. Peer's state: 0c3a3439-740f-4776-afd7-276792291e03@group-FDCBCC52DBAD:t2, leader=null, voted=357a320b-0b8e-4e07-ad53-c808ef52e97a, raftlog=Memoized:0c3a3439-740f-4776-afd7-276792291e03@group-FDCBCC52DBAD-SegmentedRaftLog:OPENED:c-1, conf=-1: peers:[357a320b-0b8e-4e07-ad53-c808ef52e97a|rpc:172.19.0.8:9856|admin:172.19.0.8:9857|client:172.19.0.8:9858|dataStream:172.19.0.8:9858|priority:0|startupRole:FOLLOWER, 8fa2e3a2-8c98-41e6-b7ff-620957c76e4d|rpc:172.19.0.7:9856|admin:172.19.0.7:9857|client:172.19.0.7:9858|dataStream:172.19.0.7:9858|priority:1|startupRole:FOLLOWER, 0c3a3439-740f-4776-afd7-276792291e03|rpc:172.19.0.4:9856|admin:172.19.0.4:9857|client:172.19.0.4:9858|dataStream:172.19.0.4:9858|priority:0|startupRole:FOLLOWER]|listeners:[], old=null
scm_1       | 2022-12-23 07:52:24,803 [0f2ecc23-6644-4299-b755-ad89b870a14b-impl-thread1] INFO storage.RaftStorage: Read RaftStorageMetadata{term=1, votedFor=0f2ecc23-6644-4299-b755-ad89b870a14b} from /data/metadata/scm-ha/73316ecd-01df-4928-8419-8b546d740b06/current/raft-meta
datanode_2  | 2022-12-23 07:52:50,956 [0c3a3439-740f-4776-afd7-276792291e03@group-FDCBCC52DBAD-FollowerState] INFO server.RaftServerConfigKeys: raft.server.rpc.first-election.timeout.min = 5s (fallback to raft.server.rpc.timeout.min)
scm_1       | 2022-12-23 07:52:24,856 [0f2ecc23-6644-4299-b755-ad89b870a14b-impl-thread1] INFO server.RaftServer$Division: 0f2ecc23-6644-4299-b755-ad89b870a14b@group-8B546D740B06: set configuration 0: peers:[0f2ecc23-6644-4299-b755-ad89b870a14b|rpc:126e161209d2:9894|admin:|client:|dataStream:|priority:0|startupRole:FOLLOWER]|listeners:[], old=null
datanode_2  | 2022-12-23 07:52:50,956 [0c3a3439-740f-4776-afd7-276792291e03@group-FDCBCC52DBAD-FollowerState] INFO server.RaftServerConfigKeys: raft.server.rpc.first-election.timeout.max = 5200ms (fallback to raft.server.rpc.timeout.max)
scm_1       | 2022-12-23 07:52:24,860 [0f2ecc23-6644-4299-b755-ad89b870a14b-impl-thread1] INFO server.RaftServerConfigKeys: raft.server.log.use.memory = false (default)
datanode_2  | 2022-12-23 07:52:56,036 [0c3a3439-740f-4776-afd7-276792291e03@group-FDCBCC52DBAD-FollowerState] INFO impl.FollowerState: 0c3a3439-740f-4776-afd7-276792291e03@group-FDCBCC52DBAD-FollowerState: change to CANDIDATE, lastRpcElapsedTime:5102609931ns, electionTimeout:5079ms
scm_1       | 2022-12-23 07:52:24,892 [0f2ecc23-6644-4299-b755-ad89b870a14b-impl-thread1] INFO server.RaftServerConfigKeys: raft.server.log.purge.gap = 1000000 (custom)
scm_1       | 2022-12-23 07:52:24,893 [0f2ecc23-6644-4299-b755-ad89b870a14b-impl-thread1] INFO server.RaftServerConfigKeys: raft.server.log.appender.buffer.byte-limit = 33554432 (custom)
datanode_2  | 2022-12-23 07:52:56,036 [0c3a3439-740f-4776-afd7-276792291e03@group-FDCBCC52DBAD-FollowerState] INFO impl.RoleInfo: 0c3a3439-740f-4776-afd7-276792291e03: shutdown 0c3a3439-740f-4776-afd7-276792291e03@group-FDCBCC52DBAD-FollowerState
scm_1       | 2022-12-23 07:52:24,899 [0f2ecc23-6644-4299-b755-ad89b870a14b-impl-thread1] INFO server.RaftServerConfigKeys: raft.server.log.statemachine.data.read.timeout = 1000ms (default)
datanode_2  | 2022-12-23 07:52:56,037 [0c3a3439-740f-4776-afd7-276792291e03@group-FDCBCC52DBAD-FollowerState] INFO server.RaftServer$Division: 0c3a3439-740f-4776-afd7-276792291e03@group-FDCBCC52DBAD: changes role from  FOLLOWER to CANDIDATE at term 2 for changeToCandidate
scm_1       | 2022-12-23 07:52:24,903 [0f2ecc23-6644-4299-b755-ad89b870a14b-impl-thread1] INFO server.RaftServerConfigKeys: raft.server.log.purge.preservation.log.num = 0 (default)
datanode_2  | 2022-12-23 07:52:56,037 [0c3a3439-740f-4776-afd7-276792291e03@group-FDCBCC52DBAD-FollowerState] INFO server.RaftServerConfigKeys: raft.server.leaderelection.pre-vote = false (custom)
scm_1       | 2022-12-23 07:52:24,912 [0f2ecc23-6644-4299-b755-ad89b870a14b-impl-thread1] INFO server.RaftServerConfigKeys: raft.server.log.segment.size.max = 4194304 (custom)
datanode_2  | 2022-12-23 07:52:56,037 [0c3a3439-740f-4776-afd7-276792291e03@group-FDCBCC52DBAD-FollowerState] INFO impl.RoleInfo: 0c3a3439-740f-4776-afd7-276792291e03: start 0c3a3439-740f-4776-afd7-276792291e03@group-FDCBCC52DBAD-LeaderElection4
scm_1       | 2022-12-23 07:52:24,928 [0f2ecc23-6644-4299-b755-ad89b870a14b-impl-thread1] INFO server.RaftServerConfigKeys: raft.server.log.segment.cache.num.max = 2 (custom)
datanode_2  | 2022-12-23 07:52:56,050 [0c3a3439-740f-4776-afd7-276792291e03@group-FDCBCC52DBAD-LeaderElection4] INFO impl.LeaderElection: 0c3a3439-740f-4776-afd7-276792291e03@group-FDCBCC52DBAD-LeaderElection4 ELECTION round 0: submit vote requests at term 3 for -1: peers:[357a320b-0b8e-4e07-ad53-c808ef52e97a|rpc:172.19.0.8:9856|admin:172.19.0.8:9857|client:172.19.0.8:9858|dataStream:172.19.0.8:9858|priority:0|startupRole:FOLLOWER, 8fa2e3a2-8c98-41e6-b7ff-620957c76e4d|rpc:172.19.0.7:9856|admin:172.19.0.7:9857|client:172.19.0.7:9858|dataStream:172.19.0.7:9858|priority:1|startupRole:FOLLOWER, 0c3a3439-740f-4776-afd7-276792291e03|rpc:172.19.0.4:9856|admin:172.19.0.4:9857|client:172.19.0.4:9858|dataStream:172.19.0.4:9858|priority:0|startupRole:FOLLOWER]|listeners:[], old=null
scm_1       | 2022-12-23 07:52:24,928 [0f2ecc23-6644-4299-b755-ad89b870a14b-impl-thread1] INFO server.RaftServerConfigKeys: raft.server.log.segment.cache.size.max = 200MB (=209715200) (default)
datanode_2  | 2022-12-23 07:52:56,068 [0c3a3439-740f-4776-afd7-276792291e03@group-FDCBCC52DBAD-LeaderElection4] INFO server.RaftServerConfigKeys: raft.server.rpc.first-election.timeout.min = 5s (fallback to raft.server.rpc.timeout.min)
scm_1       | 2022-12-23 07:52:24,942 [0f2ecc23-6644-4299-b755-ad89b870a14b-impl-thread1] INFO segmented.SegmentedRaftLogWorker: new 0f2ecc23-6644-4299-b755-ad89b870a14b@group-8B546D740B06-SegmentedRaftLogWorker for RaftStorageImpl:Storage Directory /data/metadata/scm-ha/73316ecd-01df-4928-8419-8b546d740b06
datanode_2  | 2022-12-23 07:52:56,069 [0c3a3439-740f-4776-afd7-276792291e03@group-FDCBCC52DBAD-LeaderElection4] INFO server.RaftServerConfigKeys: raft.server.rpc.first-election.timeout.max = 5200ms (fallback to raft.server.rpc.timeout.max)
scm_1       | 2022-12-23 07:52:24,942 [0f2ecc23-6644-4299-b755-ad89b870a14b-impl-thread1] INFO server.RaftServerConfigKeys: raft.server.log.queue.byte-limit = 64MB (=67108864) (default)
scm_1       | 2022-12-23 07:52:24,944 [0f2ecc23-6644-4299-b755-ad89b870a14b-impl-thread1] INFO server.RaftServerConfigKeys: raft.server.log.queue.element-limit = 4096 (default)
scm_1       | 2022-12-23 07:52:24,945 [0f2ecc23-6644-4299-b755-ad89b870a14b-impl-thread1] INFO server.RaftServerConfigKeys: raft.server.log.segment.size.max = 4194304 (custom)
scm_1       | 2022-12-23 07:52:24,947 [0f2ecc23-6644-4299-b755-ad89b870a14b-impl-thread1] INFO server.RaftServerConfigKeys: raft.server.log.preallocated.size = 4194304 (custom)
scm_1       | 2022-12-23 07:52:24,949 [0f2ecc23-6644-4299-b755-ad89b870a14b-impl-thread1] INFO server.RaftServerConfigKeys: raft.server.log.force.sync.num = 128 (default)
scm_1       | 2022-12-23 07:52:24,950 [0f2ecc23-6644-4299-b755-ad89b870a14b-impl-thread1] INFO server.RaftServerConfigKeys: raft.server.log.statemachine.data.sync = true (default)
scm_1       | 2022-12-23 07:52:24,951 [0f2ecc23-6644-4299-b755-ad89b870a14b-impl-thread1] INFO server.RaftServerConfigKeys: raft.server.log.statemachine.data.sync.timeout = 10s (default)
scm_1       | 2022-12-23 07:52:24,953 [0f2ecc23-6644-4299-b755-ad89b870a14b-impl-thread1] INFO server.RaftServerConfigKeys: raft.server.log.statemachine.data.sync.timeout.retry = -1 (default)
scm_1       | 2022-12-23 07:52:24,975 [0f2ecc23-6644-4299-b755-ad89b870a14b-impl-thread1] INFO server.RaftServerConfigKeys: raft.server.log.write.buffer.size = 64KB (=65536) (default)
scm_1       | 2022-12-23 07:52:24,976 [0f2ecc23-6644-4299-b755-ad89b870a14b-impl-thread1] INFO server.RaftServerConfigKeys: raft.server.log.appender.buffer.byte-limit = 33554432 (custom)
scm_1       | 2022-12-23 07:52:24,999 [0f2ecc23-6644-4299-b755-ad89b870a14b-impl-thread1] INFO server.RaftServerConfigKeys: raft.server.log.unsafe-flush.enabled = false (default)
scm_1       | 2022-12-23 07:52:25,000 [0f2ecc23-6644-4299-b755-ad89b870a14b-impl-thread1] INFO server.RaftServerConfigKeys: raft.server.log.async-flush.enabled = false (default)
datanode_2  | 2022-12-23 07:52:56,096 [0c3a3439-740f-4776-afd7-276792291e03@group-FDCBCC52DBAD-LeaderElection4] INFO impl.LeaderElection: 0c3a3439-740f-4776-afd7-276792291e03@group-FDCBCC52DBAD-LeaderElection4: ELECTION REJECTED received 2 response(s) and 0 exception(s):
scm_1       | 2022-12-23 07:52:25,001 [0f2ecc23-6644-4299-b755-ad89b870a14b-impl-thread1] INFO server.RaftServerConfigKeys: raft.server.log.statemachine.data.caching.enabled = false (default)
datanode_2  | 2022-12-23 07:52:56,099 [0c3a3439-740f-4776-afd7-276792291e03@group-FDCBCC52DBAD-LeaderElection4] INFO impl.LeaderElection:   Response 0: 0c3a3439-740f-4776-afd7-276792291e03<-357a320b-0b8e-4e07-ad53-c808ef52e97a#0:OK-t3
scm_1       | 2022-12-23 07:52:25,059 [0f2ecc23-6644-4299-b755-ad89b870a14b-impl-thread1] INFO server.RaftServer$Division: 0f2ecc23-6644-4299-b755-ad89b870a14b@group-8B546D740B06: set configuration 0: peers:[0f2ecc23-6644-4299-b755-ad89b870a14b|rpc:126e161209d2:9894|admin:|client:|dataStream:|priority:0|startupRole:FOLLOWER]|listeners:[], old=null
datanode_2  | 2022-12-23 07:52:56,099 [0c3a3439-740f-4776-afd7-276792291e03@group-FDCBCC52DBAD-LeaderElection4] INFO impl.LeaderElection:   Response 1: 0c3a3439-740f-4776-afd7-276792291e03<-8fa2e3a2-8c98-41e6-b7ff-620957c76e4d#0:FAIL-t3
datanode_2  | 2022-12-23 07:52:56,099 [0c3a3439-740f-4776-afd7-276792291e03@group-FDCBCC52DBAD-LeaderElection4] INFO impl.LeaderElection: 0c3a3439-740f-4776-afd7-276792291e03@group-FDCBCC52DBAD-LeaderElection4 ELECTION round 0: result REJECTED
datanode_2  | 2022-12-23 07:52:56,099 [0c3a3439-740f-4776-afd7-276792291e03@group-FDCBCC52DBAD-LeaderElection4] INFO server.RaftServer$Division: 0c3a3439-740f-4776-afd7-276792291e03@group-FDCBCC52DBAD: changes role from CANDIDATE to FOLLOWER at term 3 for REJECTED
datanode_2  | 2022-12-23 07:52:56,100 [0c3a3439-740f-4776-afd7-276792291e03@group-FDCBCC52DBAD-LeaderElection4] INFO impl.RoleInfo: 0c3a3439-740f-4776-afd7-276792291e03: shutdown 0c3a3439-740f-4776-afd7-276792291e03@group-FDCBCC52DBAD-LeaderElection4
scm_1       | 2022-12-23 07:52:25,061 [0f2ecc23-6644-4299-b755-ad89b870a14b-impl-thread1] INFO segmented.LogSegment: Successfully read 1 entries from segment file /data/metadata/scm-ha/73316ecd-01df-4928-8419-8b546d740b06/current/log_inprogress_0
datanode_2  | 2022-12-23 07:52:56,100 [0c3a3439-740f-4776-afd7-276792291e03@group-FDCBCC52DBAD-LeaderElection4] INFO impl.RoleInfo: 0c3a3439-740f-4776-afd7-276792291e03: start 0c3a3439-740f-4776-afd7-276792291e03@group-FDCBCC52DBAD-FollowerState
scm_1       | 2022-12-23 07:52:25,066 [0f2ecc23-6644-4299-b755-ad89b870a14b-impl-thread1] INFO segmented.SegmentedRaftLogWorker: 0f2ecc23-6644-4299-b755-ad89b870a14b@group-8B546D740B06-SegmentedRaftLogWorker: flushIndex: setUnconditionally 0 -> 0
datanode_2  | 2022-12-23 07:52:56,114 [0c3a3439-740f-4776-afd7-276792291e03@group-FDCBCC52DBAD-FollowerState] INFO server.RaftServerConfigKeys: raft.server.rpc.first-election.timeout.min = 5s (fallback to raft.server.rpc.timeout.min)
scm_1       | 2022-12-23 07:52:25,067 [0f2ecc23-6644-4299-b755-ad89b870a14b-impl-thread1] INFO segmented.SegmentedRaftLogWorker: 0f2ecc23-6644-4299-b755-ad89b870a14b@group-8B546D740B06-SegmentedRaftLogWorker: safeCacheEvictIndex: setUnconditionally 0 -> -1
datanode_2  | 2022-12-23 07:52:56,123 [0c3a3439-740f-4776-afd7-276792291e03@group-FDCBCC52DBAD-FollowerState] INFO server.RaftServerConfigKeys: raft.server.rpc.first-election.timeout.max = 5200ms (fallback to raft.server.rpc.timeout.max)
scm_1       | 2022-12-23 07:52:25,120 [0f2ecc23-6644-4299-b755-ad89b870a14b-impl-thread1] INFO server.RaftServer$Division: 0f2ecc23-6644-4299-b755-ad89b870a14b@group-8B546D740B06: start as a follower, conf=0: peers:[0f2ecc23-6644-4299-b755-ad89b870a14b|rpc:126e161209d2:9894|admin:|client:|dataStream:|priority:0|startupRole:FOLLOWER]|listeners:[], old=null
datanode_2  | 2022-12-23 07:53:01,111 [grpc-default-executor-2] INFO server.RaftServer$Division: 0c3a3439-740f-4776-afd7-276792291e03@group-FDCBCC52DBAD: receive requestVote(ELECTION, 8fa2e3a2-8c98-41e6-b7ff-620957c76e4d, group-FDCBCC52DBAD, 4, (t:0, i:0))
scm_1       | 2022-12-23 07:52:25,120 [0f2ecc23-6644-4299-b755-ad89b870a14b-impl-thread1] INFO server.RaftServer$Division: 0f2ecc23-6644-4299-b755-ad89b870a14b@group-8B546D740B06: changes role from      null to FOLLOWER at term 1 for startAsFollower
