2026-08-04 05:27:38,252 | INFO  | DNAudit | user=null | ip=null | op=READ_CONTAINER {"containerID":"7"} | ret=SUCCESS |  
2026-08-04 05:27:38,545 | ERROR | DNAudit | user=null | ip=null | op=GET_BLOCK {"blockData":"conID: 7 locID: 117883640217600108 bcsId: 0 replicaIndex: 3"} | ret=FAILURE | java.lang.Exception: Request is trying to write to node with uuid : d9b2e9d1-8780-4d96-9fbf-613845c7eb00 but the current nodeId is: f29e0a4c-6a6a-4d75-9fbe-516690e1104b .
	at org.apache.hadoop.ozone.container.common.impl.HddsDispatcher.dispatchRequest(HddsDispatcher.java:459)
	at org.apache.hadoop.ozone.container.common.impl.HddsDispatcher.lambda$dispatch$0(HddsDispatcher.java:198)
 
2026-08-04 05:27:38,579 | ERROR | DNAudit | user=null | ip=null | op=GET_BLOCK {"blockData":"conID: 7 locID: 117883640217600108 bcsId: 0 replicaIndex: 4"} | ret=FAILURE | java.lang.Exception: Request is trying to write to node with uuid : 38f90f33-c50b-40d4-b120-e338aac93dab but the current nodeId is: f29e0a4c-6a6a-4d75-9fbe-516690e1104b .
	at org.apache.hadoop.ozone.container.common.impl.HddsDispatcher.dispatchRequest(HddsDispatcher.java:459)
	at org.apache.hadoop.ozone.container.common.impl.HddsDispatcher.lambda$dispatch$0(HddsDispatcher.java:198)
 
2026-08-04 05:27:38,623 | ERROR | DNAudit | user=null | ip=null | op=GET_BLOCK {"blockData":"conID: 7 locID: 117883640217600108 bcsId: 0 replicaIndex: 5"} | ret=FAILURE | java.lang.Exception: Request is trying to write to node with uuid : 2cf918b7-defb-4a46-9ab3-83dea283583e but the current nodeId is: f29e0a4c-6a6a-4d75-9fbe-516690e1104b .
	at org.apache.hadoop.ozone.container.common.impl.HddsDispatcher.dispatchRequest(HddsDispatcher.java:459)
	at org.apache.hadoop.ozone.container.common.impl.HddsDispatcher.lambda$dispatch$0(HddsDispatcher.java:198)
 
2026-08-04 05:27:59,880 | INFO  | DNAudit | user=null | ip=null | op=READ_CONTAINER {"containerID":"7"} | ret=SUCCESS |  
2026-08-04 05:28:00,131 | ERROR | DNAudit | user=null | ip=null | op=GET_BLOCK {"blockData":"conID: 7 locID: 117883640217600109 bcsId: 0 replicaIndex: 3"} | ret=FAILURE | java.lang.Exception: Request is trying to write to node with uuid : d9b2e9d1-8780-4d96-9fbf-613845c7eb00 but the current nodeId is: f29e0a4c-6a6a-4d75-9fbe-516690e1104b .
	at org.apache.hadoop.ozone.container.common.impl.HddsDispatcher.dispatchRequest(HddsDispatcher.java:459)
	at org.apache.hadoop.ozone.container.common.impl.HddsDispatcher.lambda$dispatch$0(HddsDispatcher.java:198)
 
2026-08-04 05:28:00,154 | ERROR | DNAudit | user=null | ip=null | op=GET_BLOCK {"blockData":"conID: 7 locID: 117883640217600109 bcsId: 0 replicaIndex: 4"} | ret=FAILURE | java.lang.Exception: Request is trying to write to node with uuid : 38f90f33-c50b-40d4-b120-e338aac93dab but the current nodeId is: f29e0a4c-6a6a-4d75-9fbe-516690e1104b .
	at org.apache.hadoop.ozone.container.common.impl.HddsDispatcher.dispatchRequest(HddsDispatcher.java:459)
	at org.apache.hadoop.ozone.container.common.impl.HddsDispatcher.lambda$dispatch$0(HddsDispatcher.java:198)
 
2026-08-04 05:28:00,184 | ERROR | DNAudit | user=null | ip=null | op=GET_BLOCK {"blockData":"conID: 7 locID: 117883640217600109 bcsId: 0 replicaIndex: 5"} | ret=FAILURE | java.lang.Exception: Request is trying to write to node with uuid : 2cf918b7-defb-4a46-9ab3-83dea283583e but the current nodeId is: f29e0a4c-6a6a-4d75-9fbe-516690e1104b .
	at org.apache.hadoop.ozone.container.common.impl.HddsDispatcher.dispatchRequest(HddsDispatcher.java:459)
	at org.apache.hadoop.ozone.container.common.impl.HddsDispatcher.lambda$dispatch$0(HddsDispatcher.java:198)
 
2026-08-04 05:28:24,372 | INFO  | DNAudit | user=null | ip=null | op=READ_CONTAINER {"containerID":"7"} | ret=SUCCESS |  
2026-08-04 05:28:24,612 | ERROR | DNAudit | user=null | ip=null | op=GET_BLOCK {"blockData":"conID: 7 locID: 117883640217600110 bcsId: 0 replicaIndex: 3"} | ret=FAILURE | java.lang.Exception: Request is trying to write to node with uuid : d9b2e9d1-8780-4d96-9fbf-613845c7eb00 but the current nodeId is: f29e0a4c-6a6a-4d75-9fbe-516690e1104b .
	at org.apache.hadoop.ozone.container.common.impl.HddsDispatcher.dispatchRequest(HddsDispatcher.java:459)
	at org.apache.hadoop.ozone.container.common.impl.HddsDispatcher.lambda$dispatch$0(HddsDispatcher.java:198)
 
2026-08-04 05:28:24,645 | ERROR | DNAudit | user=null | ip=null | op=GET_BLOCK {"blockData":"conID: 7 locID: 117883640217600110 bcsId: 0 replicaIndex: 4"} | ret=FAILURE | java.lang.Exception: Request is trying to write to node with uuid : 38f90f33-c50b-40d4-b120-e338aac93dab but the current nodeId is: f29e0a4c-6a6a-4d75-9fbe-516690e1104b .
	at org.apache.hadoop.ozone.container.common.impl.HddsDispatcher.dispatchRequest(HddsDispatcher.java:459)
	at org.apache.hadoop.ozone.container.common.impl.HddsDispatcher.lambda$dispatch$0(HddsDispatcher.java:198)
 
2026-08-04 05:28:24,679 | ERROR | DNAudit | user=null | ip=null | op=GET_BLOCK {"blockData":"conID: 7 locID: 117883640217600110 bcsId: 0 replicaIndex: 5"} | ret=FAILURE | java.lang.Exception: Request is trying to write to node with uuid : 2cf918b7-defb-4a46-9ab3-83dea283583e but the current nodeId is: f29e0a4c-6a6a-4d75-9fbe-516690e1104b .
	at org.apache.hadoop.ozone.container.common.impl.HddsDispatcher.dispatchRequest(HddsDispatcher.java:459)
	at org.apache.hadoop.ozone.container.common.impl.HddsDispatcher.lambda$dispatch$0(HddsDispatcher.java:198)
 
2026-08-04 05:28:24,721 | INFO  | DNAudit | user=null | ip=null | op=READ_CONTAINER {"containerID":"7"} | ret=SUCCESS |  
2026-08-04 05:28:24,762 | ERROR | DNAudit | user=null | ip=null | op=GET_BLOCK {"blockData":"conID: 7 locID: 117883640217600111 bcsId: 0 replicaIndex: 3"} | ret=FAILURE | java.lang.Exception: Request is trying to write to node with uuid : d9b2e9d1-8780-4d96-9fbf-613845c7eb00 but the current nodeId is: f29e0a4c-6a6a-4d75-9fbe-516690e1104b .
	at org.apache.hadoop.ozone.container.common.impl.HddsDispatcher.dispatchRequest(HddsDispatcher.java:459)
	at org.apache.hadoop.ozone.container.common.impl.HddsDispatcher.lambda$dispatch$0(HddsDispatcher.java:198)
 
2026-08-04 05:28:24,785 | ERROR | DNAudit | user=null | ip=null | op=GET_BLOCK {"blockData":"conID: 7 locID: 117883640217600111 bcsId: 0 replicaIndex: 4"} | ret=FAILURE | java.lang.Exception: Request is trying to write to node with uuid : 38f90f33-c50b-40d4-b120-e338aac93dab but the current nodeId is: f29e0a4c-6a6a-4d75-9fbe-516690e1104b .
	at org.apache.hadoop.ozone.container.common.impl.HddsDispatcher.dispatchRequest(HddsDispatcher.java:459)
	at org.apache.hadoop.ozone.container.common.impl.HddsDispatcher.lambda$dispatch$0(HddsDispatcher.java:198)
 
2026-08-04 05:28:24,817 | ERROR | DNAudit | user=null | ip=null | op=GET_BLOCK {"blockData":"conID: 7 locID: 117883640217600111 bcsId: 0 replicaIndex: 5"} | ret=FAILURE | java.lang.Exception: Request is trying to write to node with uuid : 2cf918b7-defb-4a46-9ab3-83dea283583e but the current nodeId is: f29e0a4c-6a6a-4d75-9fbe-516690e1104b .
	at org.apache.hadoop.ozone.container.common.impl.HddsDispatcher.dispatchRequest(HddsDispatcher.java:459)
	at org.apache.hadoop.ozone.container.common.impl.HddsDispatcher.lambda$dispatch$0(HddsDispatcher.java:198)
 
2026-08-04 05:28:43,341 | INFO  | DNAudit | user=null | ip=null | op=READ_CONTAINER {"containerID":"7"} | ret=SUCCESS |  
2026-08-04 05:28:43,617 | ERROR | DNAudit | user=null | ip=null | op=GET_BLOCK {"blockData":"conID: 7 locID: 117883640217600112 bcsId: 0 replicaIndex: 3"} | ret=FAILURE | java.lang.Exception: Request is trying to write to node with uuid : d9b2e9d1-8780-4d96-9fbf-613845c7eb00 but the current nodeId is: f29e0a4c-6a6a-4d75-9fbe-516690e1104b .
	at org.apache.hadoop.ozone.container.common.impl.HddsDispatcher.dispatchRequest(HddsDispatcher.java:459)
	at org.apache.hadoop.ozone.container.common.impl.HddsDispatcher.lambda$dispatch$0(HddsDispatcher.java:198)
 
2026-08-04 05:28:43,638 | ERROR | DNAudit | user=null | ip=null | op=GET_BLOCK {"blockData":"conID: 7 locID: 117883640217600112 bcsId: 0 replicaIndex: 4"} | ret=FAILURE | java.lang.Exception: Request is trying to write to node with uuid : 38f90f33-c50b-40d4-b120-e338aac93dab but the current nodeId is: f29e0a4c-6a6a-4d75-9fbe-516690e1104b .
	at org.apache.hadoop.ozone.container.common.impl.HddsDispatcher.dispatchRequest(HddsDispatcher.java:459)
	at org.apache.hadoop.ozone.container.common.impl.HddsDispatcher.lambda$dispatch$0(HddsDispatcher.java:198)
 
2026-08-04 05:28:43,669 | ERROR | DNAudit | user=null | ip=null | op=GET_BLOCK {"blockData":"conID: 7 locID: 117883640217600112 bcsId: 0 replicaIndex: 5"} | ret=FAILURE | java.lang.Exception: Request is trying to write to node with uuid : 2cf918b7-defb-4a46-9ab3-83dea283583e but the current nodeId is: f29e0a4c-6a6a-4d75-9fbe-516690e1104b .
	at org.apache.hadoop.ozone.container.common.impl.HddsDispatcher.dispatchRequest(HddsDispatcher.java:459)
	at org.apache.hadoop.ozone.container.common.impl.HddsDispatcher.lambda$dispatch$0(HddsDispatcher.java:198)
 
