2026-08-04 05:24:56,095 | INFO  | DNAudit | user=null | ip=null | op=READ_CONTAINER {"containerID":"3"} | ret=SUCCESS |  
2026-08-04 05:24:56,968 | INFO  | DNAudit | user=null | ip=null | op=READ_CONTAINER {"containerID":"3"} | ret=SUCCESS |  
2026-08-04 05:25:26,910 | INFO  | DNAudit | user=null | ip=null | op=READ_CONTAINER {"containerID":"3"} | ret=SUCCESS |  
2026-08-04 05:25:27,142 | INFO  | DNAudit | user=null | ip=null | op=READ_CONTAINER {"containerID":"3"} | ret=SUCCESS |  
2026-08-04 05:26:52,102 | INFO  | DNAudit | user=null | ip=null | op=CLOSE_CONTAINER {"containerID":"3"} | ret=SUCCESS |  
2026-08-04 05:27:01,470 | INFO  | DNAudit | user=null | ip=null | op=READ_CONTAINER {"containerID":"3"} | ret=SUCCESS |  
2026-08-04 05:27:01,634 | INFO  | DNAudit | user=null | ip=null | op=READ_CONTAINER {"containerID":"3"} | ret=SUCCESS |  
2026-08-04 05:27:07,722 | INFO  | DNAudit | user=null | ip=null | op=READ_CONTAINER {"containerID":"3"} | ret=SUCCESS |  
2026-08-04 05:27:07,828 | INFO  | DNAudit | user=null | ip=null | op=READ_CONTAINER {"containerID":"3"} | ret=SUCCESS |  
2026-08-04 05:27:14,051 | INFO  | DNAudit | user=null | ip=null | op=READ_CONTAINER {"containerID":"3"} | ret=SUCCESS |  
2026-08-04 05:27:14,132 | INFO  | DNAudit | user=null | ip=null | op=READ_CONTAINER {"containerID":"3"} | ret=SUCCESS |  
2026-08-04 05:27:38,201 | INFO  | DNAudit | user=null | ip=null | op=READ_CONTAINER {"containerID":"7"} | ret=SUCCESS |  
2026-08-04 05:27:38,594 | ERROR | DNAudit | user=null | ip=null | op=GET_BLOCK {"blockData":"conID: 7 locID: 117883640217600108 bcsId: 0 replicaIndex: 4"} | ret=FAILURE | java.lang.Exception: Request is trying to write to node with uuid : 38f90f33-c50b-40d4-b120-e338aac93dab but the current nodeId is: d9b2e9d1-8780-4d96-9fbf-613845c7eb00 .
	at org.apache.hadoop.ozone.container.common.impl.HddsDispatcher.dispatchRequest(HddsDispatcher.java:459)
	at org.apache.hadoop.ozone.container.common.impl.HddsDispatcher.lambda$dispatch$0(HddsDispatcher.java:198)
 
2026-08-04 05:27:38,631 | ERROR | DNAudit | user=null | ip=null | op=GET_BLOCK {"blockData":"conID: 7 locID: 117883640217600108 bcsId: 0 replicaIndex: 5"} | ret=FAILURE | java.lang.Exception: Request is trying to write to node with uuid : 2cf918b7-defb-4a46-9ab3-83dea283583e but the current nodeId is: d9b2e9d1-8780-4d96-9fbf-613845c7eb00 .
	at org.apache.hadoop.ozone.container.common.impl.HddsDispatcher.dispatchRequest(HddsDispatcher.java:459)
	at org.apache.hadoop.ozone.container.common.impl.HddsDispatcher.lambda$dispatch$0(HddsDispatcher.java:198)
 
2026-08-04 05:27:59,881 | INFO  | DNAudit | user=null | ip=null | op=READ_CONTAINER {"containerID":"7"} | ret=SUCCESS |  
2026-08-04 05:28:00,161 | ERROR | DNAudit | user=null | ip=null | op=GET_BLOCK {"blockData":"conID: 7 locID: 117883640217600109 bcsId: 0 replicaIndex: 4"} | ret=FAILURE | java.lang.Exception: Request is trying to write to node with uuid : 38f90f33-c50b-40d4-b120-e338aac93dab but the current nodeId is: d9b2e9d1-8780-4d96-9fbf-613845c7eb00 .
	at org.apache.hadoop.ozone.container.common.impl.HddsDispatcher.dispatchRequest(HddsDispatcher.java:459)
	at org.apache.hadoop.ozone.container.common.impl.HddsDispatcher.lambda$dispatch$0(HddsDispatcher.java:198)
 
2026-08-04 05:28:00,193 | ERROR | DNAudit | user=null | ip=null | op=GET_BLOCK {"blockData":"conID: 7 locID: 117883640217600109 bcsId: 0 replicaIndex: 5"} | ret=FAILURE | java.lang.Exception: Request is trying to write to node with uuid : 2cf918b7-defb-4a46-9ab3-83dea283583e but the current nodeId is: d9b2e9d1-8780-4d96-9fbf-613845c7eb00 .
	at org.apache.hadoop.ozone.container.common.impl.HddsDispatcher.dispatchRequest(HddsDispatcher.java:459)
	at org.apache.hadoop.ozone.container.common.impl.HddsDispatcher.lambda$dispatch$0(HddsDispatcher.java:198)
 
2026-08-04 05:28:24,369 | INFO  | DNAudit | user=null | ip=null | op=READ_CONTAINER {"containerID":"7"} | ret=SUCCESS |  
2026-08-04 05:28:24,656 | ERROR | DNAudit | user=null | ip=null | op=GET_BLOCK {"blockData":"conID: 7 locID: 117883640217600110 bcsId: 0 replicaIndex: 4"} | ret=FAILURE | java.lang.Exception: Request is trying to write to node with uuid : 38f90f33-c50b-40d4-b120-e338aac93dab but the current nodeId is: d9b2e9d1-8780-4d96-9fbf-613845c7eb00 .
	at org.apache.hadoop.ozone.container.common.impl.HddsDispatcher.dispatchRequest(HddsDispatcher.java:459)
	at org.apache.hadoop.ozone.container.common.impl.HddsDispatcher.lambda$dispatch$0(HddsDispatcher.java:198)
 
2026-08-04 05:28:24,688 | ERROR | DNAudit | user=null | ip=null | op=GET_BLOCK {"blockData":"conID: 7 locID: 117883640217600110 bcsId: 0 replicaIndex: 5"} | ret=FAILURE | java.lang.Exception: Request is trying to write to node with uuid : 2cf918b7-defb-4a46-9ab3-83dea283583e but the current nodeId is: d9b2e9d1-8780-4d96-9fbf-613845c7eb00 .
	at org.apache.hadoop.ozone.container.common.impl.HddsDispatcher.dispatchRequest(HddsDispatcher.java:459)
	at org.apache.hadoop.ozone.container.common.impl.HddsDispatcher.lambda$dispatch$0(HddsDispatcher.java:198)
 
2026-08-04 05:28:24,726 | INFO  | DNAudit | user=null | ip=null | op=READ_CONTAINER {"containerID":"7"} | ret=SUCCESS |  
2026-08-04 05:28:24,795 | ERROR | DNAudit | user=null | ip=null | op=GET_BLOCK {"blockData":"conID: 7 locID: 117883640217600111 bcsId: 0 replicaIndex: 4"} | ret=FAILURE | java.lang.Exception: Request is trying to write to node with uuid : 38f90f33-c50b-40d4-b120-e338aac93dab but the current nodeId is: d9b2e9d1-8780-4d96-9fbf-613845c7eb00 .
	at org.apache.hadoop.ozone.container.common.impl.HddsDispatcher.dispatchRequest(HddsDispatcher.java:459)
	at org.apache.hadoop.ozone.container.common.impl.HddsDispatcher.lambda$dispatch$0(HddsDispatcher.java:198)
 
2026-08-04 05:28:24,824 | ERROR | DNAudit | user=null | ip=null | op=GET_BLOCK {"blockData":"conID: 7 locID: 117883640217600111 bcsId: 0 replicaIndex: 5"} | ret=FAILURE | java.lang.Exception: Request is trying to write to node with uuid : 2cf918b7-defb-4a46-9ab3-83dea283583e but the current nodeId is: d9b2e9d1-8780-4d96-9fbf-613845c7eb00 .
	at org.apache.hadoop.ozone.container.common.impl.HddsDispatcher.dispatchRequest(HddsDispatcher.java:459)
	at org.apache.hadoop.ozone.container.common.impl.HddsDispatcher.lambda$dispatch$0(HddsDispatcher.java:198)
 
2026-08-04 05:28:43,346 | INFO  | DNAudit | user=null | ip=null | op=READ_CONTAINER {"containerID":"7"} | ret=SUCCESS |  
2026-08-04 05:28:43,644 | ERROR | DNAudit | user=null | ip=null | op=GET_BLOCK {"blockData":"conID: 7 locID: 117883640217600112 bcsId: 0 replicaIndex: 4"} | ret=FAILURE | java.lang.Exception: Request is trying to write to node with uuid : 38f90f33-c50b-40d4-b120-e338aac93dab but the current nodeId is: d9b2e9d1-8780-4d96-9fbf-613845c7eb00 .
	at org.apache.hadoop.ozone.container.common.impl.HddsDispatcher.dispatchRequest(HddsDispatcher.java:459)
	at org.apache.hadoop.ozone.container.common.impl.HddsDispatcher.lambda$dispatch$0(HddsDispatcher.java:198)
 
2026-08-04 05:28:43,676 | ERROR | DNAudit | user=null | ip=null | op=GET_BLOCK {"blockData":"conID: 7 locID: 117883640217600112 bcsId: 0 replicaIndex: 5"} | ret=FAILURE | java.lang.Exception: Request is trying to write to node with uuid : 2cf918b7-defb-4a46-9ab3-83dea283583e but the current nodeId is: d9b2e9d1-8780-4d96-9fbf-613845c7eb00 .
	at org.apache.hadoop.ozone.container.common.impl.HddsDispatcher.dispatchRequest(HddsDispatcher.java:459)
	at org.apache.hadoop.ozone.container.common.impl.HddsDispatcher.lambda$dispatch$0(HddsDispatcher.java:198)
 
2026-08-04 05:29:43,311 | ERROR | DNAudit | user=null | ip=null | op=GET_BLOCK {"blockData":"conID: 3 locID: 117883640217600101 bcsId: 2 replicaIndex: null"} | ret=FAILURE | java.lang.Exception: Unable to find the block with bcsID 2. Container 3 bcsId is 0.
	at org.apache.hadoop.ozone.container.common.impl.HddsDispatcher.dispatchRequest(HddsDispatcher.java:459)
	at org.apache.hadoop.ozone.container.common.impl.HddsDispatcher.lambda$dispatch$0(HddsDispatcher.java:198)
 
2026-08-04 05:29:43,427 | ERROR | DNAudit | user=null | ip=null | op=GET_BLOCK {"blockData":"conID: 3 locID: 117883640217600102 bcsId: 6 replicaIndex: null"} | ret=FAILURE | java.lang.Exception: Unable to find the block with bcsID 6. Container 3 bcsId is 0.
	at org.apache.hadoop.ozone.container.common.impl.HddsDispatcher.dispatchRequest(HddsDispatcher.java:459)
	at org.apache.hadoop.ozone.container.common.impl.HddsDispatcher.lambda$dispatch$0(HddsDispatcher.java:198)
 
