dn2_1    | 2022-12-07 03:33:51,723 [8bf11be2-7b2c-4412-9d0e-f840011e1ce4-impl-thread2] INFO server.RaftServerConfigKeys: raft.server.log.statemachine.data.caching.enabled = true (custom)
om_1     | 2022-12-07 03:34:00,286 [Listener at om/9862] INFO http.HttpServer2: Added filter static_user_filter (class=org.apache.hadoop.http.lib.StaticUserWebFilter$StaticUserFilter) to context logs
dn3_1    | 	at org.apache.hadoop.ipc.ProtobufRpcEngine$Invoker.invoke(ProtobufRpcEngine.java:235)
dn3_1    | 	at org.apache.hadoop.ipc.ProtobufRpcEngine$Invoker.invoke(ProtobufRpcEngine.java:122)
dn3_1    | 	at com.sun.proxy.$Proxy39.submitRequest(Unknown Source)
scm_1    | 2022-12-07 03:33:44,362 [Listener at 0.0.0.0/9861] INFO ipc.CallQueueManager: Using callQueue: class java.util.concurrent.LinkedBlockingQueue, queueCapacity: 10000, scheduler: class org.apache.hadoop.ipc.DefaultRpcScheduler, ipcBackoff: false.
dn2_1    | 2022-12-07 03:33:51,796 [8bf11be2-7b2c-4412-9d0e-f840011e1ce4-impl-thread2] INFO server.RaftServer$Division: 8bf11be2-7b2c-4412-9d0e-f840011e1ce4@group-D95B76297250: set configuration 0: peers:[8bf11be2-7b2c-4412-9d0e-f840011e1ce4|rpc:10.9.0.12:9856|admin:10.9.0.12:9857|client:10.9.0.12:9858|dataStream:|priority:1|startupRole:FOLLOWER]|listeners:[], old=null
om_1     | 2022-12-07 03:34:00,454 [Listener at om/9862] INFO http.HttpServer2: Jetty bound to port 9874
dn3_1    | 	at org.apache.hadoop.ozone.protocolPB.StorageContainerDatanodeProtocolClientSideTranslatorPB.submitRequest(StorageContainerDatanodeProtocolClientSideTranslatorPB.java:117)
dn3_1    | 	at org.apache.hadoop.ozone.protocolPB.StorageContainerDatanodeProtocolClientSideTranslatorPB.getVersion(StorageContainerDatanodeProtocolClientSideTranslatorPB.java:133)
dn3_1    | 	at org.apache.hadoop.ozone.container.common.states.endpoint.VersionEndpointTask.call(VersionEndpointTask.java:69)
scm_1    | 2022-12-07 03:33:44,372 [Socket Reader #1 for port 9863] INFO ipc.Server: Starting Socket Reader #1 for port 9863
scm_1    | 2022-12-07 03:33:44,397 [Listener at 0.0.0.0/9863] INFO audit.AuditLogger: Refresh DebugCmdSet for SCMAudit to [].
scm_1    | 2022-12-07 03:33:44,422 [Listener at 0.0.0.0/9863] INFO ipc.CallQueueManager: Using callQueue: class java.util.concurrent.LinkedBlockingQueue, queueCapacity: 10000, scheduler: class org.apache.hadoop.ipc.DefaultRpcScheduler, ipcBackoff: false.
om_1     | 2022-12-07 03:34:00,458 [Listener at om/9862] INFO server.Server: jetty-9.4.49.v20220914; built: 2022-09-14T01:07:36.601Z; git: 4231a3b2e4cb8548a412a789936d640a97b1aa0a; jvm 11.0.14.1+1-LTS
dn2_1    | 2022-12-07 03:33:51,802 [8bf11be2-7b2c-4412-9d0e-f840011e1ce4-impl-thread1] INFO server.RaftServer$Division: 8bf11be2-7b2c-4412-9d0e-f840011e1ce4@group-447BB108574E: set configuration 0: peers:[79dd395b-4526-420e-a37f-67e63318a1f7|rpc:10.9.0.11:9856|admin:10.9.0.11:9857|client:10.9.0.11:9858|dataStream:|priority:0|startupRole:FOLLOWER, 8bf11be2-7b2c-4412-9d0e-f840011e1ce4|rpc:10.9.0.12:9856|admin:10.9.0.12:9857|client:10.9.0.12:9858|dataStream:|priority:0|startupRole:FOLLOWER, 51c642f5-0e34-4b40-8725-f66df349a602|rpc:10.9.0.13:9856|admin:10.9.0.13:9857|client:10.9.0.13:9858|dataStream:|priority:1|startupRole:FOLLOWER]|listeners:[], old=null
dn2_1    | 2022-12-07 03:33:51,810 [8bf11be2-7b2c-4412-9d0e-f840011e1ce4-impl-thread2] INFO segmented.LogSegment: Successfully read 1 entries from segment file /data/metadata/ratis/37623d88-7c28-477a-84d9-d95b76297250/current/log_inprogress_0
dn2_1    | 2022-12-07 03:33:51,813 [8bf11be2-7b2c-4412-9d0e-f840011e1ce4-impl-thread3] INFO server.RaftServer$Division: 8bf11be2-7b2c-4412-9d0e-f840011e1ce4@group-E44882EFDF64: set configuration 0: peers:[79dd395b-4526-420e-a37f-67e63318a1f7|rpc:10.9.0.11:9856|admin:10.9.0.11:9857|client:10.9.0.11:9858|dataStream:|priority:1|startupRole:FOLLOWER, 8bf11be2-7b2c-4412-9d0e-f840011e1ce4|rpc:10.9.0.12:9856|admin:10.9.0.12:9857|client:10.9.0.12:9858|dataStream:|priority:0|startupRole:FOLLOWER, 51c642f5-0e34-4b40-8725-f66df349a602|rpc:10.9.0.13:9856|admin:10.9.0.13:9857|client:10.9.0.13:9858|dataStream:|priority:0|startupRole:FOLLOWER]|listeners:[], old=null
dn2_1    | 2022-12-07 03:33:51,856 [8bf11be2-7b2c-4412-9d0e-f840011e1ce4-impl-thread2] INFO segmented.SegmentedRaftLogWorker: 8bf11be2-7b2c-4412-9d0e-f840011e1ce4@group-D95B76297250-SegmentedRaftLogWorker: flushIndex: setUnconditionally 0 -> 0
dn2_1    | 2022-12-07 03:33:51,856 [8bf11be2-7b2c-4412-9d0e-f840011e1ce4-impl-thread2] INFO segmented.SegmentedRaftLogWorker: 8bf11be2-7b2c-4412-9d0e-f840011e1ce4@group-D95B76297250-SegmentedRaftLogWorker: safeCacheEvictIndex: setUnconditionally 0 -> -1
dn3_1    | 	at org.apache.hadoop.ozone.container.common.states.endpoint.VersionEndpointTask.call(VersionEndpointTask.java:40)
om_1     | 2022-12-07 03:34:00,600 [Listener at om/9862] INFO server.session: DefaultSessionIdManager workerName=node0
scm_1    | 2022-12-07 03:33:44,425 [Socket Reader #1 for port 9860] INFO ipc.Server: Starting Socket Reader #1 for port 9860
scm_1    | 2022-12-07 03:33:44,543 [Listener at 0.0.0.0/9860] INFO ha.SCMServiceManager: Registering service ContainerBalancer.
dn2_1    | 2022-12-07 03:33:51,883 [8bf11be2-7b2c-4412-9d0e-f840011e1ce4-impl-thread3] INFO segmented.LogSegment: Successfully read 5 entries from segment file /data/metadata/ratis/93475a49-98af-4b56-9aec-e44882efdf64/current/log_inprogress_0
dn2_1    | 2022-12-07 03:33:51,895 [8bf11be2-7b2c-4412-9d0e-f840011e1ce4-impl-thread3] INFO segmented.SegmentedRaftLogWorker: 8bf11be2-7b2c-4412-9d0e-f840011e1ce4@group-E44882EFDF64-SegmentedRaftLogWorker: flushIndex: setUnconditionally 0 -> 4
dn3_1    | 	at java.base/java.util.concurrent.FutureTask.run(FutureTask.java:264)
recon_1  | 2022-12-07 03:33:42,255 [main] INFO node.SCMNodeManager: Registered Data node : 51c642f5-0e34-4b40-8725-f66df349a602{ip: 10.9.0.13, host: restart_dn3_1.restart_net, ports: [REPLICATION=9886, RATIS=9858, RATIS_ADMIN=9857, RATIS_SERVER=9856, STANDALONE=9859], networkLocation: /default-rack, certSerialId: null, persistedOpState: null, persistedOpStateExpiryEpochSec: 0}
om_1     | 2022-12-07 03:34:00,603 [Listener at om/9862] INFO server.session: No SessionScavenger set, using defaults
scm_1    | 2022-12-07 03:33:44,545 [Listener at 0.0.0.0/9860] INFO server.StorageContainerManager: 
scm_1    | Container Balancer status:
scm_1    | Key                            Value
scm_1    | Running                        true
dn3_1    | 	at java.base/java.util.concurrent.ThreadPoolExecutor.runWorker(ThreadPoolExecutor.java:1128)
recon_1  | 2022-12-07 03:33:42,260 [main] INFO net.NetworkTopologyImpl: Added a new node: /default-rack/79dd395b-4526-420e-a37f-67e63318a1f7
om_1     | 2022-12-07 03:34:00,609 [Listener at om/9862] INFO server.session: node0 Scavenging every 660000ms
scm_1    | Container Balancer Configuration values:
s3g_1    | 2022-12-07 03:33:23,077 [main] INFO server.session: DefaultSessionIdManager workerName=node0
s3g_1    | 2022-12-07 03:33:23,077 [main] INFO server.session: No SessionScavenger set, using defaults
s3g_1    | 2022-12-07 03:33:23,099 [main] INFO server.session: node0 Scavenging every 660000ms
s3g_1    | 2022-12-07 03:33:23,386 [main] INFO handler.ContextHandler: Started o.e.j.s.ServletContextHandler@5a9f4771{logs,/logs,file:///var/log/hadoop/,AVAILABLE}
recon_1  | 2022-12-07 03:33:42,260 [main] INFO node.SCMNodeManager: Registered Data node : 79dd395b-4526-420e-a37f-67e63318a1f7{ip: 10.9.0.11, host: restart_dn1_1.restart_net, ports: [REPLICATION=9886, RATIS=9858, RATIS_ADMIN=9857, RATIS_SERVER=9856, STANDALONE=9859], networkLocation: /default-rack, certSerialId: null, persistedOpState: null, persistedOpStateExpiryEpochSec: 0}
om_1     | 2022-12-07 03:34:00,667 [Listener at om/9862] INFO handler.ContextHandler: Started o.e.j.s.ServletContextHandler@33bdd01{logs,/logs,file:///var/log/hadoop/,AVAILABLE}
s3g_1    | 2022-12-07 03:33:23,394 [main] INFO handler.ContextHandler: Started o.e.j.s.ServletContextHandler@6c0d7c83{static,/static,jar:file:/opt/hadoop/share/ozone/lib/ozone-s3gateway-1.3.0-SNAPSHOT.jar!/webapps/static,AVAILABLE}
s3g_1    | WARNING: An illegal reflective access operation has occurred
s3g_1    | WARNING: Illegal reflective access by org.jboss.weld.util.reflection.Formats (file:/opt/hadoop/share/ozone/lib/weld-servlet-2.4.7.Final.jar) to constructor com.sun.org.apache.bcel.internal.classfile.ClassParser(java.io.InputStream,java.lang.String)
s3g_1    | WARNING: Please consider reporting this to the maintainers of org.jboss.weld.util.reflection.Formats
scm_1    | Key                                                Value
recon_1  | 2022-12-07 03:33:42,263 [main] INFO net.NetworkTopologyImpl: Added a new node: /default-rack/8bf11be2-7b2c-4412-9d0e-f840011e1ce4
s3g_1    | WARNING: Use --illegal-access=warn to enable warnings of further illegal reflective access operations
s3g_1    | WARNING: All illegal access operations will be denied in a future release
s3g_1    | Dec 07, 2022 3:33:40 AM org.glassfish.jersey.internal.Errors logErrors
s3g_1    | WARNING: The following warnings have been detected: WARNING: A HTTP GET method, public javax.ws.rs.core.Response org.apache.hadoop.ozone.s3.endpoint.ObjectEndpoint.get(java.lang.String,java.lang.String,java.lang.String,int,java.lang.String,java.io.InputStream) throws java.io.IOException,org.apache.hadoop.ozone.s3.exception.OS3Exception, should not consume any entity.
s3g_1    | 
recon_1  | 2022-12-07 03:33:42,264 [main] INFO node.SCMNodeManager: Registered Data node : 8bf11be2-7b2c-4412-9d0e-f840011e1ce4{ip: 10.9.0.12, host: restart_dn2_1.restart_net, ports: [REPLICATION=9886, RATIS=9858, RATIS_ADMIN=9857, RATIS_SERVER=9856, STANDALONE=9859], networkLocation: /default-rack, certSerialId: null, persistedOpState: null, persistedOpStateExpiryEpochSec: 0}
recon_1  | 2022-12-07 03:33:42,264 [main] INFO scm.ReconNodeManager: Loaded 3 nodes from node DB.
recon_1  | 2022-12-07 03:33:42,279 [main] INFO algorithms.ContainerPlacementPolicyFactory: Create container placement policy of type org.apache.hadoop.hdds.scm.container.placement.algorithms.SCMContainerPlacementRandom
dn3_1    | 	at java.base/java.util.concurrent.ThreadPoolExecutor$Worker.run(ThreadPoolExecutor.java:628)
dn3_1    | 	at java.base/java.lang.Thread.run(Thread.java:829)
dn3_1    | Caused by: java.net.SocketTimeoutException: 5000 millis timeout while waiting for channel to be ready for read. ch : java.nio.channels.SocketChannel[connected local=/10.9.0.13:58374 remote=recon/10.9.0.15:9891]
dn3_1    | 	at org.apache.hadoop.net.SocketIOWithTimeout.doIO(SocketIOWithTimeout.java:163)
scm_1    | Threshold                                          10
recon_1  | 2022-12-07 03:33:42,415 [main] INFO audit.AuditLogger: Refresh DebugCmdSet for SCMAudit to [].
dn3_1    | 	at org.apache.hadoop.net.SocketInputStream.read(SocketInputStream.java:161)
om_1     | 2022-12-07 03:34:00,671 [Listener at om/9862] INFO handler.ContextHandler: Started o.e.j.s.ServletContextHandler@3ace6346{static,/static,jar:file:/opt/hadoop/share/ozone/lib/ozone-manager-1.3.0-SNAPSHOT.jar!/webapps/static,AVAILABLE}
dn2_1    | 2022-12-07 03:33:51,895 [8bf11be2-7b2c-4412-9d0e-f840011e1ce4-impl-thread3] INFO segmented.SegmentedRaftLogWorker: 8bf11be2-7b2c-4412-9d0e-f840011e1ce4@group-E44882EFDF64-SegmentedRaftLogWorker: safeCacheEvictIndex: setUnconditionally 0 -> -1
dn2_1    | 2022-12-07 03:33:52,024 [8bf11be2-7b2c-4412-9d0e-f840011e1ce4-impl-thread1] INFO segmented.LogSegment: Successfully read 201 entries from segment file /data/metadata/ratis/6b4c2973-c71f-4640-ae4e-447bb108574e/current/log_inprogress_0
scm_1    | Max Datanodes to Involve per Iteration(percent)    20
recon_1  | 2022-12-07 03:33:42,482 [main] INFO ipc.CallQueueManager: Using callQueue: class java.util.concurrent.LinkedBlockingQueue, queueCapacity: 10000, scheduler: class org.apache.hadoop.ipc.DefaultRpcScheduler, ipcBackoff: false.
recon_1  | 2022-12-07 03:33:42,689 [Socket Reader #1 for port 9891] INFO ipc.Server: Starting Socket Reader #1 for port 9891
recon_1  | 2022-12-07 03:33:43,008 [Listener at 0.0.0.0/9891] INFO recon.ReconServer: Recon server initialized successfully!
dn2_1    | 2022-12-07 03:33:52,025 [8bf11be2-7b2c-4412-9d0e-f840011e1ce4-impl-thread1] INFO segmented.SegmentedRaftLogWorker: 8bf11be2-7b2c-4412-9d0e-f840011e1ce4@group-447BB108574E-SegmentedRaftLogWorker: flushIndex: setUnconditionally 0 -> 200
dn2_1    | 2022-12-07 03:33:52,033 [8bf11be2-7b2c-4412-9d0e-f840011e1ce4-impl-thread1] INFO segmented.SegmentedRaftLogWorker: 8bf11be2-7b2c-4412-9d0e-f840011e1ce4@group-447BB108574E-SegmentedRaftLogWorker: safeCacheEvictIndex: setUnconditionally 0 -> -1
scm_1    | Max Size to Move per Iteration                     500GB
recon_1  | 2022-12-07 03:33:43,009 [Listener at 0.0.0.0/9891] INFO recon.ReconServer: Starting Recon server
dn1_1    | 2022-12-07 03:33:52,286 [79dd395b-4526-420e-a37f-67e63318a1f7-impl-thread3] INFO segmented.LogSegment: Successfully read 1 entries from segment file /data/metadata/ratis/d4a08c10-a848-4e8e-8ae3-5459b96aa44d/current/log_inprogress_0
dn1_1    | 2022-12-07 03:33:52,309 [79dd395b-4526-420e-a37f-67e63318a1f7-impl-thread2] INFO segmented.LogSegment: Successfully read 5 entries from segment file /data/metadata/ratis/93475a49-98af-4b56-9aec-e44882efdf64/current/log_inprogress_0
dn2_1    | 2022-12-07 03:33:52,226 [8bf11be2-7b2c-4412-9d0e-f840011e1ce4-impl-thread3] INFO raftlog.RaftLog: 8bf11be2-7b2c-4412-9d0e-f840011e1ce4@group-E44882EFDF64-SegmentedRaftLog: commitIndex: updateToMax old=4, new=2, updated? false
dn2_1    | 2022-12-07 03:33:52,227 [8bf11be2-7b2c-4412-9d0e-f840011e1ce4-impl-thread3] INFO server.RaftServer$Division: 8bf11be2-7b2c-4412-9d0e-f840011e1ce4@group-E44882EFDF64: start as a follower, conf=0: peers:[79dd395b-4526-420e-a37f-67e63318a1f7|rpc:10.9.0.11:9856|admin:10.9.0.11:9857|client:10.9.0.11:9858|dataStream:|priority:1|startupRole:FOLLOWER, 8bf11be2-7b2c-4412-9d0e-f840011e1ce4|rpc:10.9.0.12:9856|admin:10.9.0.12:9857|client:10.9.0.12:9858|dataStream:|priority:0|startupRole:FOLLOWER, 51c642f5-0e34-4b40-8725-f66df349a602|rpc:10.9.0.13:9856|admin:10.9.0.13:9857|client:10.9.0.13:9858|dataStream:|priority:0|startupRole:FOLLOWER]|listeners:[], old=null
scm_1    | Max Size Entering Target per Iteration             26GB
dn1_1    | 2022-12-07 03:33:52,351 [79dd395b-4526-420e-a37f-67e63318a1f7-impl-thread3] INFO segmented.SegmentedRaftLogWorker: 79dd395b-4526-420e-a37f-67e63318a1f7@group-5459B96AA44D-SegmentedRaftLogWorker: flushIndex: setUnconditionally 0 -> 0
dn1_1    | 2022-12-07 03:33:52,351 [79dd395b-4526-420e-a37f-67e63318a1f7-impl-thread3] INFO segmented.SegmentedRaftLogWorker: 79dd395b-4526-420e-a37f-67e63318a1f7@group-5459B96AA44D-SegmentedRaftLogWorker: safeCacheEvictIndex: setUnconditionally 0 -> -1
recon_1  | 2022-12-07 03:33:43,369 [Listener at 0.0.0.0/9891] INFO impl.MetricsConfig: Loaded properties from hadoop-metrics2.properties
s3g_1    | 2022-12-07 03:33:40,873 [main] INFO handler.ContextHandler: Started o.e.j.w.WebAppContext@655203e3{s3gateway,/,file:///tmp/jetty-0_0_0_0-9878-ozone-s3gateway-1_3_0-SNAPSHOT_jar-_-any-12433967796171366951/webapp/,AVAILABLE}{jar:file:/opt/hadoop/share/ozone/lib/ozone-s3gateway-1.3.0-SNAPSHOT.jar!/webapps/s3gateway}
s3g_1    | 2022-12-07 03:33:40,929 [main] INFO server.AbstractConnector: Started ServerConnector@54504ecd{HTTP/1.1, (http/1.1)}{0.0.0.0:9878}
s3g_1    | 2022-12-07 03:33:40,936 [main] INFO server.Server: Started @28470ms
dn3_1    | 	at org.apache.hadoop.net.SocketInputStream.read(SocketInputStream.java:131)
om_1     | 2022-12-07 03:34:00,949 [Listener at om/9862] INFO handler.ContextHandler: Started o.e.j.w.WebAppContext@7c91fe86{ozoneManager,/,file:///tmp/jetty-0_0_0_0-9874-ozone-manager-1_3_0-SNAPSHOT_jar-_-any-10815531875365128151/webapp/,AVAILABLE}{jar:file:/opt/hadoop/share/ozone/lib/ozone-manager-1.3.0-SNAPSHOT.jar!/webapps/ozoneManager}
om_1     | 2022-12-07 03:34:00,968 [Listener at om/9862] INFO server.AbstractConnector: Started ServerConnector@13e00016{HTTP/1.1, (http/1.1)}{0.0.0.0:9874}
recon_1  | 2022-12-07 03:33:43,443 [Listener at 0.0.0.0/9891] INFO impl.MetricsSystemImpl: Scheduled Metric snapshot period at 10 second(s).
dn1_1    | 2022-12-07 03:33:52,380 [79dd395b-4526-420e-a37f-67e63318a1f7-impl-thread2] INFO segmented.SegmentedRaftLogWorker: 79dd395b-4526-420e-a37f-67e63318a1f7@group-E44882EFDF64-SegmentedRaftLogWorker: flushIndex: setUnconditionally 0 -> 4
dn1_1    | 2022-12-07 03:33:52,380 [79dd395b-4526-420e-a37f-67e63318a1f7-impl-thread2] INFO segmented.SegmentedRaftLogWorker: 79dd395b-4526-420e-a37f-67e63318a1f7@group-E44882EFDF64-SegmentedRaftLogWorker: safeCacheEvictIndex: setUnconditionally 0 -> -1
dn1_1    | 2022-12-07 03:33:52,567 [79dd395b-4526-420e-a37f-67e63318a1f7-impl-thread1] INFO segmented.LogSegment: Successfully read 201 entries from segment file /data/metadata/ratis/6b4c2973-c71f-4640-ae4e-447bb108574e/current/log_inprogress_0
dn3_1    | 	at java.base/java.io.FilterInputStream.read(FilterInputStream.java:133)
om_1     | 2022-12-07 03:34:00,969 [Listener at om/9862] INFO server.Server: Started @48681ms
scm_1    | Max Size Leaving Source per Iteration              26GB
recon_1  | 2022-12-07 03:33:43,444 [Listener at 0.0.0.0/9891] INFO impl.MetricsSystemImpl: Recon metrics system started
dn1_1    | 2022-12-07 03:33:52,590 [79dd395b-4526-420e-a37f-67e63318a1f7-impl-thread1] INFO segmented.SegmentedRaftLogWorker: 79dd395b-4526-420e-a37f-67e63318a1f7@group-447BB108574E-SegmentedRaftLogWorker: flushIndex: setUnconditionally 0 -> 200
dn1_1    | 2022-12-07 03:33:52,594 [79dd395b-4526-420e-a37f-67e63318a1f7-impl-thread1] INFO segmented.SegmentedRaftLogWorker: 79dd395b-4526-420e-a37f-67e63318a1f7@group-447BB108574E-SegmentedRaftLogWorker: safeCacheEvictIndex: setUnconditionally 0 -> -1
dn1_1    | 2022-12-07 03:33:52,891 [79dd395b-4526-420e-a37f-67e63318a1f7-impl-thread2] INFO raftlog.RaftLog: 79dd395b-4526-420e-a37f-67e63318a1f7@group-E44882EFDF64-SegmentedRaftLog: commitIndex: updateToMax old=4, new=2, updated? false
dn1_1    | 2022-12-07 03:33:52,896 [79dd395b-4526-420e-a37f-67e63318a1f7-impl-thread2] INFO server.RaftServer$Division: 79dd395b-4526-420e-a37f-67e63318a1f7@group-E44882EFDF64: start as a follower, conf=0: peers:[79dd395b-4526-420e-a37f-67e63318a1f7|rpc:10.9.0.11:9856|admin:10.9.0.11:9857|client:10.9.0.11:9858|dataStream:|priority:1|startupRole:FOLLOWER, 8bf11be2-7b2c-4412-9d0e-f840011e1ce4|rpc:10.9.0.12:9856|admin:10.9.0.12:9857|client:10.9.0.12:9858|dataStream:|priority:0|startupRole:FOLLOWER, 51c642f5-0e34-4b40-8725-f66df349a602|rpc:10.9.0.13:9856|admin:10.9.0.13:9857|client:10.9.0.13:9858|dataStream:|priority:0|startupRole:FOLLOWER]|listeners:[], old=null
om_1     | 2022-12-07 03:34:00,974 [Listener at om/9862] INFO impl.MetricsSinkAdapter: Sink prometheus started
scm_1    | 
recon_1  | 2022-12-07 03:33:44,136 [Listener at 0.0.0.0/9891] INFO http.HttpServer2: Jetty bound to port 9888
dn1_1    | 2022-12-07 03:33:52,897 [79dd395b-4526-420e-a37f-67e63318a1f7-impl-thread2] INFO server.RaftServer$Division: 79dd395b-4526-420e-a37f-67e63318a1f7@group-E44882EFDF64: changes role from      null to FOLLOWER at term 1 for startAsFollower
dn1_1    | 2022-12-07 03:33:52,899 [79dd395b-4526-420e-a37f-67e63318a1f7-impl-thread2] INFO impl.RoleInfo: 79dd395b-4526-420e-a37f-67e63318a1f7: start 79dd395b-4526-420e-a37f-67e63318a1f7@group-E44882EFDF64-FollowerState
dn3_1    | 	at java.base/java.io.BufferedInputStream.fill(BufferedInputStream.java:252)
dn3_1    | 	at java.base/java.io.BufferedInputStream.read(BufferedInputStream.java:271)
om_1     | 2022-12-07 03:34:00,974 [Listener at om/9862] INFO impl.MetricsSystemImpl: Registered sink prometheus
om_1     | 2022-12-07 03:34:00,976 [Listener at om/9862] INFO http.BaseHttpServer: HTTP server of ozoneManager listening at http://0.0.0.0:9874
scm_1    | 2022-12-07 03:33:44,549 [Listener at 0.0.0.0/9860] INFO ha.SCMContext: Update SafeModeStatus from SafeModeStatus{safeModeStatus=true, preCheckPassed=false} to SafeModeStatus{safeModeStatus=true, preCheckPassed=false}.
recon_1  | 2022-12-07 03:33:44,140 [Listener at 0.0.0.0/9891] INFO server.Server: jetty-9.4.49.v20220914; built: 2022-09-14T01:07:36.601Z; git: 4231a3b2e4cb8548a412a789936d640a97b1aa0a; jvm 11.0.14.1+1-LTS
dn2_1    | 2022-12-07 03:33:52,231 [8bf11be2-7b2c-4412-9d0e-f840011e1ce4-impl-thread3] INFO server.RaftServer$Division: 8bf11be2-7b2c-4412-9d0e-f840011e1ce4@group-E44882EFDF64: changes role from      null to FOLLOWER at term 1 for startAsFollower
dn2_1    | 2022-12-07 03:33:52,247 [8bf11be2-7b2c-4412-9d0e-f840011e1ce4-impl-thread3] INFO impl.RoleInfo: 8bf11be2-7b2c-4412-9d0e-f840011e1ce4: start 8bf11be2-7b2c-4412-9d0e-f840011e1ce4@group-E44882EFDF64-FollowerState
dn2_1    | 2022-12-07 03:33:52,247 [8bf11be2-7b2c-4412-9d0e-f840011e1ce4-impl-thread2] INFO server.RaftServer$Division: 8bf11be2-7b2c-4412-9d0e-f840011e1ce4@group-D95B76297250: start as a follower, conf=0: peers:[8bf11be2-7b2c-4412-9d0e-f840011e1ce4|rpc:10.9.0.12:9856|admin:10.9.0.12:9857|client:10.9.0.12:9858|dataStream:|priority:1|startupRole:FOLLOWER]|listeners:[], old=null
dn2_1    | 2022-12-07 03:33:52,261 [8bf11be2-7b2c-4412-9d0e-f840011e1ce4-impl-thread2] INFO server.RaftServer$Division: 8bf11be2-7b2c-4412-9d0e-f840011e1ce4@group-D95B76297250: changes role from      null to FOLLOWER at term 1 for startAsFollower
om_1     | 2022-12-07 03:34:00,977 [IPC Server Responder] INFO ipc.Server: IPC Server Responder: starting
scm_1    | 2022-12-07 03:33:44,564 [Listener at 0.0.0.0/9860] INFO server.StorageContainerManager: StorageContainerLocationProtocol RPC server is listening at /0.0.0.0:9860
recon_1  | 2022-12-07 03:33:44,291 [Listener at 0.0.0.0/9891] INFO server.session: DefaultSessionIdManager workerName=node0
dn2_1    | 2022-12-07 03:33:52,255 [8bf11be2-7b2c-4412-9d0e-f840011e1ce4-impl-thread1] INFO raftlog.RaftLog: 8bf11be2-7b2c-4412-9d0e-f840011e1ce4@group-447BB108574E-SegmentedRaftLog: commitIndex: updateToMax old=200, new=199, updated? false
dn2_1    | 2022-12-07 03:33:52,273 [8bf11be2-7b2c-4412-9d0e-f840011e1ce4-impl-thread1] INFO server.RaftServer$Division: 8bf11be2-7b2c-4412-9d0e-f840011e1ce4@group-447BB108574E: start as a follower, conf=0: peers:[79dd395b-4526-420e-a37f-67e63318a1f7|rpc:10.9.0.11:9856|admin:10.9.0.11:9857|client:10.9.0.11:9858|dataStream:|priority:0|startupRole:FOLLOWER, 8bf11be2-7b2c-4412-9d0e-f840011e1ce4|rpc:10.9.0.12:9856|admin:10.9.0.12:9857|client:10.9.0.12:9858|dataStream:|priority:0|startupRole:FOLLOWER, 51c642f5-0e34-4b40-8725-f66df349a602|rpc:10.9.0.13:9856|admin:10.9.0.13:9857|client:10.9.0.13:9858|dataStream:|priority:1|startupRole:FOLLOWER]|listeners:[], old=null
dn2_1    | 2022-12-07 03:33:52,273 [8bf11be2-7b2c-4412-9d0e-f840011e1ce4-impl-thread1] INFO server.RaftServer$Division: 8bf11be2-7b2c-4412-9d0e-f840011e1ce4@group-447BB108574E: changes role from      null to FOLLOWER at term 2 for startAsFollower
dn2_1    | 2022-12-07 03:33:52,261 [8bf11be2-7b2c-4412-9d0e-f840011e1ce4-impl-thread2] INFO impl.RoleInfo: 8bf11be2-7b2c-4412-9d0e-f840011e1ce4: start 8bf11be2-7b2c-4412-9d0e-f840011e1ce4@group-D95B76297250-FollowerState
om_1     | 2022-12-07 03:34:00,985 [IPC Server listener on 9862] INFO ipc.Server: IPC Server listener on 9862: starting
om_1     | 2022-12-07 03:34:01,316 [Listener at om/9862] INFO om.OzoneManager: Trash Interval set to 0. Files deleted won't move to trash
scm_1    | 2022-12-07 03:33:44,601 [Listener at 0.0.0.0/9860] INFO ha.SCMRatisServerImpl: starting ratis server 0.0.0.0:9894
recon_1  | 2022-12-07 03:33:44,295 [Listener at 0.0.0.0/9891] INFO server.session: No SessionScavenger set, using defaults
dn2_1    | 2022-12-07 03:33:52,273 [8bf11be2-7b2c-4412-9d0e-f840011e1ce4-impl-thread1] INFO impl.RoleInfo: 8bf11be2-7b2c-4412-9d0e-f840011e1ce4: start 8bf11be2-7b2c-4412-9d0e-f840011e1ce4@group-447BB108574E-FollowerState
dn3_1    | 	at java.base/java.io.FilterInputStream.read(FilterInputStream.java:83)
dn3_1    | 	at java.base/java.io.FilterInputStream.read(FilterInputStream.java:83)
dn3_1    | 	at org.apache.hadoop.ipc.Client$Connection$PingInputStream.read(Client.java:563)
om_1     | 2022-12-07 03:34:01,381 [org.apache.hadoop.util.JvmPauseMonitor$Monitor@5a85b4e6] INFO util.JvmPauseMonitor: Starting JVM pause monitor
om_1     | 2022-12-07 03:34:03,434 [om1@group-C5BA1605619E-FollowerState] INFO impl.FollowerState: om1@group-C5BA1605619E-FollowerState: change to CANDIDATE, lastRpcElapsedTime:5130890990ns, electionTimeout:5091ms
recon_1  | 2022-12-07 03:33:44,298 [Listener at 0.0.0.0/9891] INFO server.session: node0 Scavenging every 660000ms
scm_1    | 2022-12-07 03:33:44,623 [e340a840-cb0d-4d23-99c7-778df2480c85-impl-thread1] INFO storage.RaftStorageDirectory: Lock on /data/metadata/scm-ha/cb501f54-b034-4ad8-b053-abeac7382d47/in_use.lock acquired by nodename 7@624767cd8261
dn2_1    | 2022-12-07 03:33:52,291 [8bf11be2-7b2c-4412-9d0e-f840011e1ce4-impl-thread2] INFO util.JmxRegister: Successfully registered JMX Bean with object name Ratis:service=RaftServer,group=group-D95B76297250,id=8bf11be2-7b2c-4412-9d0e-f840011e1ce4
dn2_1    | 2022-12-07 03:33:52,293 [8bf11be2-7b2c-4412-9d0e-f840011e1ce4-impl-thread2] INFO server.RaftServerConfigKeys: raft.server.snapshot.auto.trigger.enabled = true (custom)
dn2_1    | 2022-12-07 03:33:52,296 [8bf11be2-7b2c-4412-9d0e-f840011e1ce4-impl-thread2] INFO server.RaftServerConfigKeys: raft.server.snapshot.auto.trigger.threshold = 10000 (custom)
dn2_1    | 2022-12-07 03:33:52,323 [8bf11be2-7b2c-4412-9d0e-f840011e1ce4-impl-thread2] INFO server.RaftServerConfigKeys: raft.server.snapshot.retention.file.num = 5 (custom)
om_1     | 2022-12-07 03:34:03,437 [om1@group-C5BA1605619E-FollowerState] INFO impl.RoleInfo: om1: shutdown om1@group-C5BA1605619E-FollowerState
om_1     | 2022-12-07 03:34:03,451 [om1@group-C5BA1605619E-FollowerState] INFO server.RaftServer$Division: om1@group-C5BA1605619E: changes role from  FOLLOWER to CANDIDATE at term 1 for changeToCandidate
om_1     | 2022-12-07 03:34:03,469 [om1@group-C5BA1605619E-FollowerState] INFO server.RaftServerConfigKeys: raft.server.leaderelection.pre-vote = false (custom)
recon_1  | 2022-12-07 03:33:44,342 [Listener at 0.0.0.0/9891] INFO handler.ContextHandler: Started o.e.j.s.ServletContextHandler@7d9c45ee{logs,/logs,file:///var/log/hadoop/,AVAILABLE}
recon_1  | 2022-12-07 03:33:44,348 [Listener at 0.0.0.0/9891] INFO handler.ContextHandler: Started o.e.j.s.ServletContextHandler@4001d8c1{static,/static,jar:file:/opt/hadoop/share/ozone/lib/ozone-recon-1.3.0-SNAPSHOT.jar!/webapps/static,AVAILABLE}
dn3_1    | 	at java.base/java.io.DataInputStream.readInt(DataInputStream.java:392)
dn3_1    | 	at org.apache.hadoop.ipc.Client$IpcStreams.readResponse(Client.java:1922)
dn3_1    | 	at org.apache.hadoop.ipc.Client$Connection.receiveRpcResponse(Client.java:1238)
om_1     | 2022-12-07 03:34:03,469 [om1@group-C5BA1605619E-FollowerState] INFO impl.RoleInfo: om1: start om1@group-C5BA1605619E-LeaderElection1
dn2_1    | 2022-12-07 03:33:52,328 [8bf11be2-7b2c-4412-9d0e-f840011e1ce4@group-D95B76297250-FollowerState] INFO server.RaftServerConfigKeys: raft.server.rpc.first-election.timeout.min = 5s (fallback to raft.server.rpc.timeout.min)
dn2_1    | 2022-12-07 03:33:52,333 [8bf11be2-7b2c-4412-9d0e-f840011e1ce4@group-D95B76297250-FollowerState] INFO server.RaftServerConfigKeys: raft.server.rpc.first-election.timeout.max = 5200ms (fallback to raft.server.rpc.timeout.max)
dn2_1    | 2022-12-07 03:33:52,338 [8bf11be2-7b2c-4412-9d0e-f840011e1ce4-impl-thread2] INFO server.RaftServerConfigKeys: raft.server.log.purge.upto.snapshot.index = false (default)
dn2_1    | 2022-12-07 03:33:52,830 [8bf11be2-7b2c-4412-9d0e-f840011e1ce4@group-E44882EFDF64-FollowerState] INFO server.RaftServerConfigKeys: raft.server.rpc.first-election.timeout.min = 5s (fallback to raft.server.rpc.timeout.min)
dn2_1    | 2022-12-07 03:33:52,830 [8bf11be2-7b2c-4412-9d0e-f840011e1ce4@group-E44882EFDF64-FollowerState] INFO server.RaftServerConfigKeys: raft.server.rpc.first-election.timeout.max = 5200ms (fallback to raft.server.rpc.timeout.max)
om_1     | 2022-12-07 03:34:03,578 [om1@group-C5BA1605619E-LeaderElection1] INFO impl.LeaderElection: om1@group-C5BA1605619E-LeaderElection1 ELECTION round 0: submit vote requests at term 2 for 0: peers:[om1|rpc:om:9872|admin:|client:|dataStream:|priority:0|startupRole:FOLLOWER]|listeners:[], old=null
om_1     | 2022-12-07 03:34:03,580 [om1@group-C5BA1605619E-LeaderElection1] INFO impl.LeaderElection: om1@group-C5BA1605619E-LeaderElection1 ELECTION round 0: result PASSED (term=2)
om_1     | 2022-12-07 03:34:03,581 [om1@group-C5BA1605619E-LeaderElection1] INFO impl.RoleInfo: om1: shutdown om1@group-C5BA1605619E-LeaderElection1
s3g_1    | 2022-12-07 03:33:40,944 [main] INFO impl.MetricsSinkAdapter: Sink prometheus started
s3g_1    | 2022-12-07 03:33:40,944 [main] INFO impl.MetricsSystemImpl: Registered sink prometheus
s3g_1    | 2022-12-07 03:33:40,949 [main] INFO http.BaseHttpServer: HTTP server of s3gateway listening at http://0.0.0.0:9878
dn3_1    | 	at org.apache.hadoop.ipc.Client$Connection.run(Client.java:1134)
dn3_1    | 2022-12-07 03:33:49,585 [EndpointStateMachine task thread for scm/10.9.0.17:9861 - 0 ] WARN statemachine.EndpointStateMachine: Unable to communicate to SCM server at scm:9861 for past 0 seconds.
om_1     | 2022-12-07 03:34:03,582 [om1@group-C5BA1605619E-LeaderElection1] INFO server.RaftServer$Division: om1@group-C5BA1605619E: changes role from CANDIDATE to LEADER at term 2 for changeToLeader
scm_1    | 2022-12-07 03:33:44,633 [e340a840-cb0d-4d23-99c7-778df2480c85-impl-thread1] INFO storage.RaftStorage: Read RaftStorageMetadata{term=2, votedFor=e340a840-cb0d-4d23-99c7-778df2480c85} from /data/metadata/scm-ha/cb501f54-b034-4ad8-b053-abeac7382d47/current/raft-meta
dn3_1    | java.net.SocketTimeoutException: Call From 156ae19ab456/10.9.0.13 to scm:9861 failed on socket timeout exception: java.net.SocketTimeoutException: 5000 millis timeout while waiting for channel to be ready for read. ch : java.nio.channels.SocketChannel[connected local=/10.9.0.13:42118 remote=scm/10.9.0.17:9861]; For more details see:  http://wiki.apache.org/hadoop/SocketTimeout
dn3_1    | 	at java.base/jdk.internal.reflect.NativeConstructorAccessorImpl.newInstance0(Native Method)
dn3_1    | 	at java.base/jdk.internal.reflect.NativeConstructorAccessorImpl.newInstance(NativeConstructorAccessorImpl.java:62)
dn3_1    | 	at java.base/jdk.internal.reflect.DelegatingConstructorAccessorImpl.newInstance(DelegatingConstructorAccessorImpl.java:45)
dn1_1    | 2022-12-07 03:33:52,911 [79dd395b-4526-420e-a37f-67e63318a1f7-impl-thread3] INFO server.RaftServer$Division: 79dd395b-4526-420e-a37f-67e63318a1f7@group-5459B96AA44D: start as a follower, conf=0: peers:[79dd395b-4526-420e-a37f-67e63318a1f7|rpc:10.9.0.11:9856|admin:10.9.0.11:9857|client:10.9.0.11:9858|dataStream:|priority:1|startupRole:FOLLOWER]|listeners:[], old=null
dn3_1    | 	at java.base/java.lang.reflect.Constructor.newInstance(Constructor.java:490)
dn3_1    | 	at org.apache.hadoop.net.NetUtils.wrapWithMessage(NetUtils.java:913)
dn1_1    | 2022-12-07 03:33:52,911 [79dd395b-4526-420e-a37f-67e63318a1f7-impl-thread1] INFO raftlog.RaftLog: 79dd395b-4526-420e-a37f-67e63318a1f7@group-447BB108574E-SegmentedRaftLog: commitIndex: updateToMax old=200, new=199, updated? false
dn1_1    | 2022-12-07 03:33:52,923 [79dd395b-4526-420e-a37f-67e63318a1f7-impl-thread3] INFO server.RaftServer$Division: 79dd395b-4526-420e-a37f-67e63318a1f7@group-5459B96AA44D: changes role from      null to FOLLOWER at term 1 for startAsFollower
dn1_1    | 2022-12-07 03:33:52,923 [79dd395b-4526-420e-a37f-67e63318a1f7-impl-thread1] INFO server.RaftServer$Division: 79dd395b-4526-420e-a37f-67e63318a1f7@group-447BB108574E: start as a follower, conf=0: peers:[79dd395b-4526-420e-a37f-67e63318a1f7|rpc:10.9.0.11:9856|admin:10.9.0.11:9857|client:10.9.0.11:9858|dataStream:|priority:0|startupRole:FOLLOWER, 8bf11be2-7b2c-4412-9d0e-f840011e1ce4|rpc:10.9.0.12:9856|admin:10.9.0.12:9857|client:10.9.0.12:9858|dataStream:|priority:0|startupRole:FOLLOWER, 51c642f5-0e34-4b40-8725-f66df349a602|rpc:10.9.0.13:9856|admin:10.9.0.13:9857|client:10.9.0.13:9858|dataStream:|priority:1|startupRole:FOLLOWER]|listeners:[], old=null
dn2_1    | 2022-12-07 03:33:52,862 [8bf11be2-7b2c-4412-9d0e-f840011e1ce4@group-447BB108574E-FollowerState] INFO server.RaftServerConfigKeys: raft.server.rpc.first-election.timeout.min = 5s (fallback to raft.server.rpc.timeout.min)
dn2_1    | 2022-12-07 03:33:52,862 [8bf11be2-7b2c-4412-9d0e-f840011e1ce4@group-447BB108574E-FollowerState] INFO server.RaftServerConfigKeys: raft.server.rpc.first-election.timeout.max = 5200ms (fallback to raft.server.rpc.timeout.max)
dn2_1    | 2022-12-07 03:33:52,904 [8bf11be2-7b2c-4412-9d0e-f840011e1ce4-impl-thread1] INFO util.JmxRegister: Successfully registered JMX Bean with object name Ratis:service=RaftServer,group=group-447BB108574E,id=8bf11be2-7b2c-4412-9d0e-f840011e1ce4
dn1_1    | 2022-12-07 03:33:52,923 [79dd395b-4526-420e-a37f-67e63318a1f7-impl-thread1] INFO server.RaftServer$Division: 79dd395b-4526-420e-a37f-67e63318a1f7@group-447BB108574E: changes role from      null to FOLLOWER at term 2 for startAsFollower
dn1_1    | 2022-12-07 03:33:52,923 [79dd395b-4526-420e-a37f-67e63318a1f7-impl-thread3] INFO impl.RoleInfo: 79dd395b-4526-420e-a37f-67e63318a1f7: start 79dd395b-4526-420e-a37f-67e63318a1f7@group-5459B96AA44D-FollowerState
dn1_1    | 2022-12-07 03:33:52,923 [79dd395b-4526-420e-a37f-67e63318a1f7-impl-thread1] INFO impl.RoleInfo: 79dd395b-4526-420e-a37f-67e63318a1f7: start 79dd395b-4526-420e-a37f-67e63318a1f7@group-447BB108574E-FollowerState
dn1_1    | 2022-12-07 03:33:52,963 [79dd395b-4526-420e-a37f-67e63318a1f7@group-5459B96AA44D-FollowerState] INFO server.RaftServerConfigKeys: raft.server.rpc.first-election.timeout.min = 5s (fallback to raft.server.rpc.timeout.min)
dn1_1    | 2022-12-07 03:33:52,963 [79dd395b-4526-420e-a37f-67e63318a1f7-impl-thread3] INFO util.JmxRegister: Successfully registered JMX Bean with object name Ratis:service=RaftServer,group=group-5459B96AA44D,id=79dd395b-4526-420e-a37f-67e63318a1f7
dn1_1    | 2022-12-07 03:33:52,977 [79dd395b-4526-420e-a37f-67e63318a1f7-impl-thread3] INFO server.RaftServerConfigKeys: raft.server.snapshot.auto.trigger.enabled = true (custom)
dn1_1    | 2022-12-07 03:33:52,978 [79dd395b-4526-420e-a37f-67e63318a1f7-impl-thread3] INFO server.RaftServerConfigKeys: raft.server.snapshot.auto.trigger.threshold = 10000 (custom)
dn1_1    | 2022-12-07 03:33:52,978 [79dd395b-4526-420e-a37f-67e63318a1f7-impl-thread3] INFO server.RaftServerConfigKeys: raft.server.snapshot.retention.file.num = 5 (custom)
dn1_1    | 2022-12-07 03:33:52,979 [79dd395b-4526-420e-a37f-67e63318a1f7-impl-thread3] INFO server.RaftServerConfigKeys: raft.server.log.purge.upto.snapshot.index = false (default)
dn1_1    | 2022-12-07 03:33:52,962 [79dd395b-4526-420e-a37f-67e63318a1f7@group-E44882EFDF64-FollowerState] INFO server.RaftServerConfigKeys: raft.server.rpc.first-election.timeout.min = 5s (fallback to raft.server.rpc.timeout.min)
dn1_1    | 2022-12-07 03:33:52,960 [79dd395b-4526-420e-a37f-67e63318a1f7-impl-thread2] INFO util.JmxRegister: Successfully registered JMX Bean with object name Ratis:service=RaftServer,group=group-E44882EFDF64,id=79dd395b-4526-420e-a37f-67e63318a1f7
dn1_1    | 2022-12-07 03:33:52,990 [79dd395b-4526-420e-a37f-67e63318a1f7-impl-thread2] INFO server.RaftServerConfigKeys: raft.server.snapshot.auto.trigger.enabled = true (custom)
dn1_1    | 2022-12-07 03:33:52,992 [79dd395b-4526-420e-a37f-67e63318a1f7-impl-thread2] INFO server.RaftServerConfigKeys: raft.server.snapshot.auto.trigger.threshold = 10000 (custom)
om_1     | 2022-12-07 03:34:03,582 [om1@group-C5BA1605619E-LeaderElection1] INFO server.RaftServer$Division: om1@group-C5BA1605619E: change Leader from null to om1 at term 2 for becomeLeader, leader elected after 8154ms
om_1     | 2022-12-07 03:34:03,589 [om1@group-C5BA1605619E-LeaderElection1] INFO server.RaftServerConfigKeys: raft.server.staging.catchup.gap = 1000 (default)
om_1     | 2022-12-07 03:34:03,603 [om1@group-C5BA1605619E-LeaderElection1] INFO server.RaftServerConfigKeys: raft.server.write.element-limit = 4096 (default)
dn3_1    | 	at org.apache.hadoop.net.NetUtils.wrapException(NetUtils.java:848)
dn3_1    | 	at org.apache.hadoop.ipc.Client.getRpcResponse(Client.java:1616)
dn1_1    | 2022-12-07 03:33:52,992 [79dd395b-4526-420e-a37f-67e63318a1f7-impl-thread2] INFO server.RaftServerConfigKeys: raft.server.snapshot.retention.file.num = 5 (custom)
om_1     | 2022-12-07 03:34:03,605 [om1@group-C5BA1605619E-LeaderElection1] INFO server.RaftServerConfigKeys: raft.server.write.byte-limit = 64MB (=67108864) (default)
om_1     | 2022-12-07 03:34:03,622 [om1@group-C5BA1605619E-LeaderElection1] INFO server.RaftServerConfigKeys: raft.server.watch.timeout = 10s (default)
om_1     | 2022-12-07 03:34:03,622 [om1@group-C5BA1605619E-LeaderElection1] INFO server.RaftServerConfigKeys: raft.server.watch.timeout.denomination = 1s (default)
dn3_1    | 	at org.apache.hadoop.ipc.Client.call(Client.java:1558)
dn3_1    | 	at org.apache.hadoop.ipc.Client.call(Client.java:1455)
dn1_1    | 2022-12-07 03:33:52,992 [79dd395b-4526-420e-a37f-67e63318a1f7-impl-thread2] INFO server.RaftServerConfigKeys: raft.server.log.purge.upto.snapshot.index = false (default)
dn1_1    | 2022-12-07 03:33:52,992 [79dd395b-4526-420e-a37f-67e63318a1f7@group-E44882EFDF64-FollowerState] INFO server.RaftServerConfigKeys: raft.server.rpc.first-election.timeout.max = 5200ms (fallback to raft.server.rpc.timeout.max)
dn1_1    | 2022-12-07 03:33:52,999 [79dd395b-4526-420e-a37f-67e63318a1f7-impl-thread1] INFO util.JmxRegister: Successfully registered JMX Bean with object name Ratis:service=RaftServer,group=group-447BB108574E,id=79dd395b-4526-420e-a37f-67e63318a1f7
dn1_1    | 2022-12-07 03:33:52,999 [79dd395b-4526-420e-a37f-67e63318a1f7-impl-thread1] INFO server.RaftServerConfigKeys: raft.server.snapshot.auto.trigger.enabled = true (custom)
dn1_1    | 2022-12-07 03:33:53,001 [79dd395b-4526-420e-a37f-67e63318a1f7-impl-thread1] INFO server.RaftServerConfigKeys: raft.server.snapshot.auto.trigger.threshold = 10000 (custom)
dn3_1    | 	at org.apache.hadoop.ipc.ProtobufRpcEngine$Invoker.invoke(ProtobufRpcEngine.java:235)
om_1     | 2022-12-07 03:34:03,625 [om1@group-C5BA1605619E-LeaderElection1] INFO server.RaftServerConfigKeys: raft.server.watch.element-limit = 65536 (default)
om_1     | 2022-12-07 03:34:03,641 [om1@group-C5BA1605619E-LeaderElection1] INFO server.RaftServerConfigKeys: raft.server.write.element-limit = 4096 (default)
scm_1    | 2022-12-07 03:33:44,676 [e340a840-cb0d-4d23-99c7-778df2480c85-impl-thread1] INFO server.RaftServer$Division: e340a840-cb0d-4d23-99c7-778df2480c85@group-ABEAC7382D47: set configuration 1: peers:[e340a840-cb0d-4d23-99c7-778df2480c85|rpc:bd95d9b8de35:9894|admin:|client:|dataStream:|priority:0|startupRole:FOLLOWER]|listeners:[], old=null
dn1_1    | 2022-12-07 03:33:53,001 [79dd395b-4526-420e-a37f-67e63318a1f7-impl-thread1] INFO server.RaftServerConfigKeys: raft.server.snapshot.retention.file.num = 5 (custom)
dn2_1    | 2022-12-07 03:33:52,907 [8bf11be2-7b2c-4412-9d0e-f840011e1ce4-impl-thread1] INFO server.RaftServerConfigKeys: raft.server.snapshot.auto.trigger.enabled = true (custom)
om_1     | 2022-12-07 03:34:03,646 [om1@group-C5BA1605619E-LeaderElection1] INFO server.RaftServerConfigKeys: raft.server.write.follower.gap.ratio.max = -1.0 (default)
om_1     | 2022-12-07 03:34:03,654 [om1@group-C5BA1605619E-LeaderElection1] INFO impl.RoleInfo: om1: start om1@group-C5BA1605619E-LeaderStateImpl
dn3_1    | 	at org.apache.hadoop.ipc.ProtobufRpcEngine$Invoker.invoke(ProtobufRpcEngine.java:122)
dn3_1    | 	at com.sun.proxy.$Proxy38.submitRequest(Unknown Source)
dn1_1    | 2022-12-07 03:33:53,001 [79dd395b-4526-420e-a37f-67e63318a1f7-impl-thread1] INFO server.RaftServerConfigKeys: raft.server.log.purge.upto.snapshot.index = false (default)
dn1_1    | 2022-12-07 03:33:53,511 [79dd395b-4526-420e-a37f-67e63318a1f7@group-5459B96AA44D-FollowerState] INFO server.RaftServerConfigKeys: raft.server.rpc.first-election.timeout.max = 5200ms (fallback to raft.server.rpc.timeout.max)
dn1_1    | 2022-12-07 03:33:53,564 [79dd395b-4526-420e-a37f-67e63318a1f7@group-447BB108574E-FollowerState] INFO server.RaftServerConfigKeys: raft.server.rpc.first-election.timeout.min = 5s (fallback to raft.server.rpc.timeout.min)
dn2_1    | 2022-12-07 03:33:52,907 [8bf11be2-7b2c-4412-9d0e-f840011e1ce4-impl-thread1] INFO server.RaftServerConfigKeys: raft.server.snapshot.auto.trigger.threshold = 10000 (custom)
om_1     | 2022-12-07 03:34:03,672 [om1@group-C5BA1605619E-LeaderElection1] INFO segmented.SegmentedRaftLogWorker: om1@group-C5BA1605619E-SegmentedRaftLogWorker: Rolling segment log-0_18 to index:18
om_1     | 2022-12-07 03:34:03,689 [om1@group-C5BA1605619E-SegmentedRaftLogWorker] INFO segmented.SegmentedRaftLogWorker: om1@group-C5BA1605619E-SegmentedRaftLogWorker: Rolled log segment from /data/metadata/ratis/bf265839-605b-3f16-9796-c5ba1605619e/current/log_inprogress_0 to /data/metadata/ratis/bf265839-605b-3f16-9796-c5ba1605619e/current/log_0-18
om_1     | 2022-12-07 03:34:03,716 [om1@group-C5BA1605619E-LeaderElection1] INFO server.RaftServer$Division: om1@group-C5BA1605619E: set configuration 19: peers:[om1|rpc:om:9872|admin:|client:|dataStream:|priority:0|startupRole:FOLLOWER]|listeners:[], old=null
om_1     | 2022-12-07 03:34:03,723 [om1@group-C5BA1605619E-SegmentedRaftLogWorker] INFO segmented.SegmentedRaftLogWorker: om1@group-C5BA1605619E-SegmentedRaftLogWorker: created new log segment /data/metadata/ratis/bf265839-605b-3f16-9796-c5ba1605619e/current/log_inprogress_19
dn2_1    | 2022-12-07 03:33:52,907 [8bf11be2-7b2c-4412-9d0e-f840011e1ce4-impl-thread1] INFO server.RaftServerConfigKeys: raft.server.snapshot.retention.file.num = 5 (custom)
scm_1    | 2022-12-07 03:33:44,753 [e340a840-cb0d-4d23-99c7-778df2480c85-impl-thread1] INFO server.RaftServerConfigKeys: raft.server.log.use.memory = false (default)
dn1_1    | 2022-12-07 03:33:53,564 [79dd395b-4526-420e-a37f-67e63318a1f7@group-447BB108574E-FollowerState] INFO server.RaftServerConfigKeys: raft.server.rpc.first-election.timeout.max = 5200ms (fallback to raft.server.rpc.timeout.max)
dn1_1    | 2022-12-07 03:33:53,564 [EndpointStateMachine task thread for scm/10.9.0.17:9861 - 0 ] INFO server.RaftServer: 79dd395b-4526-420e-a37f-67e63318a1f7: start RPC server
dn3_1    | 	at org.apache.hadoop.ozone.protocolPB.StorageContainerDatanodeProtocolClientSideTranslatorPB.submitRequest(StorageContainerDatanodeProtocolClientSideTranslatorPB.java:117)
dn2_1    | 2022-12-07 03:33:52,907 [8bf11be2-7b2c-4412-9d0e-f840011e1ce4-impl-thread1] INFO server.RaftServerConfigKeys: raft.server.log.purge.upto.snapshot.index = false (default)
recon_1  | 2022-12-07 03:33:47,519 [Listener at 0.0.0.0/9891] INFO handler.ContextHandler: Started o.e.j.w.WebAppContext@682d8dad{recon,/,file:///tmp/jetty-0_0_0_0-9888-ozone-recon-1_3_0-SNAPSHOT_jar-_-any-15074335934428325800/webapp/,AVAILABLE}{jar:file:/opt/hadoop/share/ozone/lib/ozone-recon-1.3.0-SNAPSHOT.jar!/webapps/recon}
dn1_1    | 2022-12-07 03:33:53,580 [EndpointStateMachine task thread for scm/10.9.0.17:9861 - 0 ] INFO server.GrpcService: 79dd395b-4526-420e-a37f-67e63318a1f7: GrpcService started, listening on 9858
om_1     | 2022-12-07 03:34:03,907 [om1@group-C5BA1605619E-StateMachineUpdater] INFO ratis.OzoneManagerStateMachine: Received Configuration change notification from Ratis. New Peer list:
dn3_1    | 	at org.apache.hadoop.ozone.protocolPB.StorageContainerDatanodeProtocolClientSideTranslatorPB.getVersion(StorageContainerDatanodeProtocolClientSideTranslatorPB.java:133)
dn3_1    | 	at org.apache.hadoop.ozone.container.common.states.endpoint.VersionEndpointTask.call(VersionEndpointTask.java:69)
recon_1  | 2022-12-07 03:33:47,540 [Listener at 0.0.0.0/9891] INFO server.AbstractConnector: Started ServerConnector@784d9bc{HTTP/1.1, (http/1.1)}{0.0.0.0:9888}
dn1_1    | 2022-12-07 03:33:53,583 [EndpointStateMachine task thread for scm/10.9.0.17:9861 - 0 ] INFO server.GrpcService: 79dd395b-4526-420e-a37f-67e63318a1f7: GrpcService started, listening on 9856
dn1_1    | 2022-12-07 03:33:53,585 [EndpointStateMachine task thread for scm/10.9.0.17:9861 - 0 ] INFO server.GrpcService: 79dd395b-4526-420e-a37f-67e63318a1f7: GrpcService started, listening on 9857
dn3_1    | 	at org.apache.hadoop.ozone.container.common.states.endpoint.VersionEndpointTask.call(VersionEndpointTask.java:40)
dn3_1    | 	at java.base/java.util.concurrent.FutureTask.run(FutureTask.java:264)
recon_1  | 2022-12-07 03:33:47,540 [Listener at 0.0.0.0/9891] INFO server.Server: Started @35139ms
dn1_1    | 2022-12-07 03:33:53,591 [EndpointStateMachine task thread for scm/10.9.0.17:9861 - 0 ] INFO ratis.XceiverServerRatis: XceiverServerRatis 79dd395b-4526-420e-a37f-67e63318a1f7 is started using port 9858 for RATIS
om_1     | [id: "om1"
dn3_1    | 	at java.base/java.util.concurrent.ThreadPoolExecutor.runWorker(ThreadPoolExecutor.java:1128)
dn2_1    | 2022-12-07 03:33:52,904 [8bf11be2-7b2c-4412-9d0e-f840011e1ce4-impl-thread3] INFO util.JmxRegister: Successfully registered JMX Bean with object name Ratis:service=RaftServer,group=group-E44882EFDF64,id=8bf11be2-7b2c-4412-9d0e-f840011e1ce4
recon_1  | 2022-12-07 03:33:47,547 [Listener at 0.0.0.0/9891] INFO impl.MetricsSinkAdapter: Sink prometheus started
dn1_1    | 2022-12-07 03:33:53,591 [EndpointStateMachine task thread for scm/10.9.0.17:9861 - 0 ] INFO ratis.XceiverServerRatis: XceiverServerRatis 79dd395b-4526-420e-a37f-67e63318a1f7 is started using port 9857 for RATIS_ADMIN
dn1_1    | 2022-12-07 03:33:53,591 [EndpointStateMachine task thread for scm/10.9.0.17:9861 - 0 ] INFO ratis.XceiverServerRatis: XceiverServerRatis 79dd395b-4526-420e-a37f-67e63318a1f7 is started using port 9856 for RATIS_SERVER
dn3_1    | 	at java.base/java.util.concurrent.ThreadPoolExecutor$Worker.run(ThreadPoolExecutor.java:628)
dn3_1    | 	at java.base/java.lang.Thread.run(Thread.java:829)
recon_1  | 2022-12-07 03:33:47,547 [Listener at 0.0.0.0/9891] INFO impl.MetricsSystemImpl: Registered sink prometheus
dn1_1    | 2022-12-07 03:33:53,593 [JvmPauseMonitor0] INFO util.JvmPauseMonitor: JvmPauseMonitor-79dd395b-4526-420e-a37f-67e63318a1f7: Started
om_1     | address: "om:9872"
dn2_1    | 2022-12-07 03:33:52,908 [8bf11be2-7b2c-4412-9d0e-f840011e1ce4-impl-thread3] INFO server.RaftServerConfigKeys: raft.server.snapshot.auto.trigger.enabled = true (custom)
dn2_1    | 2022-12-07 03:33:52,908 [8bf11be2-7b2c-4412-9d0e-f840011e1ce4-impl-thread3] INFO server.RaftServerConfigKeys: raft.server.snapshot.auto.trigger.threshold = 10000 (custom)
recon_1  | 2022-12-07 03:33:47,549 [Listener at 0.0.0.0/9891] INFO http.BaseHttpServer: HTTP server of recon listening at http://0.0.0.0:9888
scm_1    | 2022-12-07 03:33:44,794 [e340a840-cb0d-4d23-99c7-778df2480c85-impl-thread1] INFO server.RaftServerConfigKeys: raft.server.log.purge.gap = 1000000 (custom)
dn1_1    | 2022-12-07 03:33:58,102 [79dd395b-4526-420e-a37f-67e63318a1f7@group-E44882EFDF64-FollowerState] INFO impl.FollowerState: 79dd395b-4526-420e-a37f-67e63318a1f7@group-E44882EFDF64-FollowerState: change to CANDIDATE, lastRpcElapsedTime:5203389946ns, electionTimeout:5108ms
om_1     | startupRole: FOLLOWER
dn2_1    | 2022-12-07 03:33:52,908 [8bf11be2-7b2c-4412-9d0e-f840011e1ce4-impl-thread3] INFO server.RaftServerConfigKeys: raft.server.snapshot.retention.file.num = 5 (custom)
dn2_1    | 2022-12-07 03:33:52,908 [8bf11be2-7b2c-4412-9d0e-f840011e1ce4-impl-thread3] INFO server.RaftServerConfigKeys: raft.server.log.purge.upto.snapshot.index = false (default)
recon_1  | 2022-12-07 03:33:47,549 [Listener at 0.0.0.0/9891] INFO impl.OzoneManagerServiceProviderImpl: Starting Ozone Manager Service Provider.
scm_1    | 2022-12-07 03:33:44,796 [e340a840-cb0d-4d23-99c7-778df2480c85-impl-thread1] INFO server.RaftServerConfigKeys: raft.server.log.appender.buffer.byte-limit = 33554432 (custom)
dn1_1    | 2022-12-07 03:33:58,103 [79dd395b-4526-420e-a37f-67e63318a1f7@group-E44882EFDF64-FollowerState] INFO impl.RoleInfo: 79dd395b-4526-420e-a37f-67e63318a1f7: shutdown 79dd395b-4526-420e-a37f-67e63318a1f7@group-E44882EFDF64-FollowerState
dn1_1    | 2022-12-07 03:33:58,103 [79dd395b-4526-420e-a37f-67e63318a1f7@group-E44882EFDF64-FollowerState] INFO server.RaftServer$Division: 79dd395b-4526-420e-a37f-67e63318a1f7@group-E44882EFDF64: changes role from  FOLLOWER to CANDIDATE at term 1 for changeToCandidate
recon_1  | 2022-12-07 03:33:47,558 [Listener at 0.0.0.0/9891] INFO recovery.ReconOmMetadataManagerImpl: Starting ReconOMMetadataManagerImpl
scm_1    | 2022-12-07 03:33:44,799 [e340a840-cb0d-4d23-99c7-778df2480c85-impl-thread1] INFO server.RaftServerConfigKeys: raft.server.log.statemachine.data.read.timeout = 1000ms (default)
dn1_1    | 2022-12-07 03:33:58,107 [79dd395b-4526-420e-a37f-67e63318a1f7@group-E44882EFDF64-FollowerState] INFO server.RaftServerConfigKeys: raft.server.leaderelection.pre-vote = false (custom)
dn1_1    | 2022-12-07 03:33:58,107 [79dd395b-4526-420e-a37f-67e63318a1f7@group-E44882EFDF64-FollowerState] INFO impl.RoleInfo: 79dd395b-4526-420e-a37f-67e63318a1f7: start 79dd395b-4526-420e-a37f-67e63318a1f7@group-E44882EFDF64-LeaderElection1
recon_1  | 2022-12-07 03:33:47,558 [Listener at 0.0.0.0/9891] WARN recon.ReconUtils: ozone.recon.om.db.dir is not configured. We recommend adding this setting. Falling back to ozone.metadata.dirs instead.
dn3_1    | Caused by: java.net.SocketTimeoutException: 5000 millis timeout while waiting for channel to be ready for read. ch : java.nio.channels.SocketChannel[connected local=/10.9.0.13:42118 remote=scm/10.9.0.17:9861]
