dn2_1    | 2022-12-07 03:34:10,711 [8bf11be2-7b2c-4412-9d0e-f840011e1ce4@group-E44882EFDF64-LeaderElection6] INFO server.RaftServer$Division: 8bf11be2-7b2c-4412-9d0e-f840011e1ce4@group-E44882EFDF64: changes role from CANDIDATE to FOLLOWER at term 4 for REJECTED
recon_1  | 	at java.base/sun.nio.ch.SocketChannelImpl.ensureOpenAndConnected(SocketChannelImpl.java:180)
dn3_1    | 2022-12-07 03:33:52,874 [51c642f5-0e34-4b40-8725-f66df349a602@group-E44882EFDF64-FollowerState] INFO server.RaftServerConfigKeys: raft.server.rpc.first-election.timeout.min = 5s (fallback to raft.server.rpc.timeout.min)
scm_1    | 	at org.apache.hadoop.ipc.Server$Connection.sendResponse(Server.java:2847)
dn1_1    | 2022-12-07 03:34:10,687 [79dd395b-4526-420e-a37f-67e63318a1f7@group-E44882EFDF64-LeaderElection4] INFO server.RaftServerConfigKeys: raft.server.rpc.request.timeout = 60s (custom)
dn2_1    | 2022-12-07 03:34:10,711 [8bf11be2-7b2c-4412-9d0e-f840011e1ce4@group-E44882EFDF64-LeaderElection6] INFO impl.RoleInfo: 8bf11be2-7b2c-4412-9d0e-f840011e1ce4: shutdown 8bf11be2-7b2c-4412-9d0e-f840011e1ce4@group-E44882EFDF64-LeaderElection6
recon_1  | 	at java.base/sun.nio.ch.SocketChannelImpl.write(SocketChannelImpl.java:452)
dn3_1    | 2022-12-07 03:33:52,880 [51c642f5-0e34-4b40-8725-f66df349a602@group-E44882EFDF64-FollowerState] INFO server.RaftServerConfigKeys: raft.server.rpc.first-election.timeout.max = 5200ms (fallback to raft.server.rpc.timeout.max)
scm_1    | 	at org.apache.hadoop.ipc.Server$Connection.access$300(Server.java:1814)
dn1_1    | 2022-12-07 03:34:10,687 [79dd395b-4526-420e-a37f-67e63318a1f7@group-E44882EFDF64-LeaderElection4] INFO server.RaftServerConfigKeys: raft.server.log.appender.install.snapshot.enabled = false (custom)
dn2_1    | 2022-12-07 03:34:10,711 [8bf11be2-7b2c-4412-9d0e-f840011e1ce4@group-E44882EFDF64-LeaderElection6] INFO impl.RoleInfo: 8bf11be2-7b2c-4412-9d0e-f840011e1ce4: start 8bf11be2-7b2c-4412-9d0e-f840011e1ce4@group-E44882EFDF64-FollowerState
recon_1  | 	at org.apache.hadoop.ipc.Server.channelWrite(Server.java:3619)
dn3_1    | 2022-12-07 03:33:52,887 [51c642f5-0e34-4b40-8725-f66df349a602-impl-thread2] INFO server.RaftServerConfigKeys: raft.server.log.purge.upto.snapshot.index = false (default)
scm_1    | 	at org.apache.hadoop.ipc.Server$RpcCall.doResponse(Server.java:1125)
dn1_1    | 2022-12-07 03:34:10,687 [79dd395b-4526-420e-a37f-67e63318a1f7@group-E44882EFDF64-LeaderElection4] INFO grpc.GrpcConfigKeys: raft.grpc.server.heartbeat.channel = true (default)
dn1_1    | 2022-12-07 03:34:10,687 [79dd395b-4526-420e-a37f-67e63318a1f7@group-E44882EFDF64-LeaderElection4] INFO server.RaftServerConfigKeys: raft.server.log.appender.wait-time.min = 10ms (default)
recon_1  | 	at org.apache.hadoop.ipc.Server.access$1700(Server.java:144)
dn3_1    | 2022-12-07 03:33:52,910 [51c642f5-0e34-4b40-8725-f66df349a602@group-447BB108574E-FollowerState] INFO server.RaftServerConfigKeys: raft.server.rpc.first-election.timeout.min = 5s (fallback to raft.server.rpc.timeout.min)
scm_1    | 	at org.apache.hadoop.ipc.Server$Call.doResponse(Server.java:917)
dn1_1    | 2022-12-07 03:34:10,687 [79dd395b-4526-420e-a37f-67e63318a1f7@group-447BB108574E-LeaderElection5] INFO impl.RoleInfo: 79dd395b-4526-420e-a37f-67e63318a1f7: start 79dd395b-4526-420e-a37f-67e63318a1f7@group-447BB108574E-FollowerState
dn1_1    | 2022-12-07 03:34:10,690 [79dd395b-4526-420e-a37f-67e63318a1f7@group-E44882EFDF64-LeaderElection4] INFO server.RaftServerConfigKeys: raft.server.log.appender.snapshot.chunk.size.max = 16MB (=16777216) (default)
recon_1  | 	at org.apache.hadoop.ipc.Server$Responder.processResponse(Server.java:1672)
dn3_1    | 2022-12-07 03:33:52,927 [51c642f5-0e34-4b40-8725-f66df349a602@group-447BB108574E-FollowerState] INFO server.RaftServerConfigKeys: raft.server.rpc.first-election.timeout.max = 5200ms (fallback to raft.server.rpc.timeout.max)
scm_1    | 	at org.apache.hadoop.ipc.Server$Call.sendResponse(Server.java:903)
dn2_1    | 2022-12-07 03:34:10,716 [8bf11be2-7b2c-4412-9d0e-f840011e1ce4@group-E44882EFDF64-FollowerState] INFO server.RaftServerConfigKeys: raft.server.rpc.first-election.timeout.min = 5s (fallback to raft.server.rpc.timeout.min)
dn1_1    | 2022-12-07 03:34:10,690 [79dd395b-4526-420e-a37f-67e63318a1f7@group-E44882EFDF64-LeaderElection4] INFO server.RaftServerConfigKeys: raft.server.log.appender.buffer.byte-limit = 33554432 (custom)
recon_1  | 	at org.apache.hadoop.ipc.Server$Responder.doRespond(Server.java:1742)
dn3_1    | 2022-12-07 03:33:52,953 [51c642f5-0e34-4b40-8725-f66df349a602@group-1395970D9ECF-FollowerState] INFO server.RaftServerConfigKeys: raft.server.rpc.first-election.timeout.min = 5s (fallback to raft.server.rpc.timeout.min)
scm_1    | 	at org.apache.hadoop.ipc.Server$RpcCall.run(Server.java:1060)
dn2_1    | 2022-12-07 03:34:10,722 [8bf11be2-7b2c-4412-9d0e-f840011e1ce4@group-E44882EFDF64-FollowerState] INFO server.RaftServerConfigKeys: raft.server.rpc.first-election.timeout.max = 5200ms (fallback to raft.server.rpc.timeout.max)
dn1_1    | 2022-12-07 03:34:10,690 [79dd395b-4526-420e-a37f-67e63318a1f7@group-E44882EFDF64-LeaderElection4] INFO server.RaftServerConfigKeys: raft.server.log.appender.buffer.element-limit = 1 (custom)
recon_1  | 	at org.apache.hadoop.ipc.Server$Connection.sendResponse(Server.java:2847)
dn3_1    | 2022-12-07 03:33:52,972 [51c642f5-0e34-4b40-8725-f66df349a602@group-1395970D9ECF-FollowerState] INFO server.RaftServerConfigKeys: raft.server.rpc.first-election.timeout.max = 5200ms (fallback to raft.server.rpc.timeout.max)
scm_1    | 	at org.apache.hadoop.ipc.Server$RpcCall.run(Server.java:971)
dn2_1    | 2022-12-07 03:34:10,808 [8bf11be2-7b2c-4412-9d0e-f840011e1ce4-server-thread1] INFO ratis.XceiverServerRatis: Leader change notification received for group: group-E44882EFDF64 with new leaderId: 79dd395b-4526-420e-a37f-67e63318a1f7
dn1_1    | 2022-12-07 03:34:10,690 [79dd395b-4526-420e-a37f-67e63318a1f7@group-E44882EFDF64-LeaderElection4] INFO grpc.GrpcConfigKeys: raft.grpc.server.leader.outstanding.appends.max = 128 (default)
recon_1  | 	at org.apache.hadoop.ipc.Server$Connection.access$300(Server.java:1814)
dn3_1    | 2022-12-07 03:33:52,985 [51c642f5-0e34-4b40-8725-f66df349a602-impl-thread3] INFO util.JmxRegister: Successfully registered JMX Bean with object name Ratis:service=RaftServer,group=group-1395970D9ECF,id=51c642f5-0e34-4b40-8725-f66df349a602
scm_1    | 	at java.base/java.security.AccessController.doPrivileged(Native Method)
dn2_1    | 2022-12-07 03:34:10,810 [8bf11be2-7b2c-4412-9d0e-f840011e1ce4-server-thread1] INFO server.RaftServer$Division: 8bf11be2-7b2c-4412-9d0e-f840011e1ce4@group-E44882EFDF64: change Leader from null to 79dd395b-4526-420e-a37f-67e63318a1f7 at term 4 for appendEntries, leader elected after 34589ms
dn1_1    | 2022-12-07 03:34:10,691 [79dd395b-4526-420e-a37f-67e63318a1f7@group-E44882EFDF64-LeaderElection4] INFO server.RaftServerConfigKeys: raft.server.rpc.request.timeout = 60s (custom)
recon_1  | 	at org.apache.hadoop.ipc.Server$RpcCall.doResponse(Server.java:1125)
dn3_1    | 2022-12-07 03:33:52,985 [51c642f5-0e34-4b40-8725-f66df349a602-impl-thread1] INFO util.JmxRegister: Successfully registered JMX Bean with object name Ratis:service=RaftServer,group=group-447BB108574E,id=51c642f5-0e34-4b40-8725-f66df349a602
scm_1    | 	at java.base/javax.security.auth.Subject.doAs(Subject.java:423)
dn2_1    | 2022-12-07 03:34:10,817 [8bf11be2-7b2c-4412-9d0e-f840011e1ce4-server-thread1] INFO server.RaftServer$Division: 8bf11be2-7b2c-4412-9d0e-f840011e1ce4@group-E44882EFDF64: set configuration 5: peers:[79dd395b-4526-420e-a37f-67e63318a1f7|rpc:10.9.0.11:9856|admin:10.9.0.11:9857|client:10.9.0.11:9858|dataStream:|priority:1|startupRole:FOLLOWER, 8bf11be2-7b2c-4412-9d0e-f840011e1ce4|rpc:10.9.0.12:9856|admin:10.9.0.12:9857|client:10.9.0.12:9858|dataStream:|priority:0|startupRole:FOLLOWER, 51c642f5-0e34-4b40-8725-f66df349a602|rpc:10.9.0.13:9856|admin:10.9.0.13:9857|client:10.9.0.13:9858|dataStream:|priority:0|startupRole:FOLLOWER]|listeners:[], old=null
dn1_1    | 2022-12-07 03:34:10,695 [79dd395b-4526-420e-a37f-67e63318a1f7@group-447BB108574E-FollowerState] INFO server.RaftServerConfigKeys: raft.server.rpc.first-election.timeout.min = 5s (fallback to raft.server.rpc.timeout.min)
recon_1  | 	at org.apache.hadoop.ipc.Server$Call.doResponse(Server.java:917)
dn3_1    | 2022-12-07 03:33:52,985 [51c642f5-0e34-4b40-8725-f66df349a602-impl-thread1] INFO server.RaftServerConfigKeys: raft.server.snapshot.auto.trigger.enabled = true (custom)
scm_1    | 	at org.apache.hadoop.security.UserGroupInformation.doAs(UserGroupInformation.java:1878)
dn2_1    | 2022-12-07 03:34:10,818 [8bf11be2-7b2c-4412-9d0e-f840011e1ce4-server-thread1] INFO segmented.SegmentedRaftLogWorker: 8bf11be2-7b2c-4412-9d0e-f840011e1ce4@group-E44882EFDF64-SegmentedRaftLogWorker: Rolling segment log-0_4 to index:4
dn1_1    | 2022-12-07 03:34:10,695 [79dd395b-4526-420e-a37f-67e63318a1f7@group-447BB108574E-FollowerState] INFO server.RaftServerConfigKeys: raft.server.rpc.first-election.timeout.max = 5200ms (fallback to raft.server.rpc.timeout.max)
recon_1  | 	at org.apache.hadoop.ipc.Server$Call.sendResponse(Server.java:903)
recon_1  | 	at org.apache.hadoop.ipc.Server$RpcCall.run(Server.java:1060)
dn2_1    | 2022-12-07 03:34:10,823 [8bf11be2-7b2c-4412-9d0e-f840011e1ce4@group-E44882EFDF64-SegmentedRaftLogWorker] INFO segmented.SegmentedRaftLogWorker: 8bf11be2-7b2c-4412-9d0e-f840011e1ce4@group-E44882EFDF64-SegmentedRaftLogWorker: Rolled log segment from /data/metadata/ratis/93475a49-98af-4b56-9aec-e44882efdf64/current/log_inprogress_0 to /data/metadata/ratis/93475a49-98af-4b56-9aec-e44882efdf64/current/log_0-4
dn2_1    | 2022-12-07 03:34:10,830 [8bf11be2-7b2c-4412-9d0e-f840011e1ce4@group-E44882EFDF64-SegmentedRaftLogWorker] INFO segmented.SegmentedRaftLogWorker: 8bf11be2-7b2c-4412-9d0e-f840011e1ce4@group-E44882EFDF64-SegmentedRaftLogWorker: created new log segment /data/metadata/ratis/93475a49-98af-4b56-9aec-e44882efdf64/current/log_inprogress_5
dn2_1    | 2022-12-07 03:34:15,725 [8bf11be2-7b2c-4412-9d0e-f840011e1ce4@group-447BB108574E-FollowerState] INFO impl.FollowerState: 8bf11be2-7b2c-4412-9d0e-f840011e1ce4@group-447BB108574E-FollowerState: change to CANDIDATE, lastRpcElapsedTime:5090896164ns, electionTimeout:5085ms
dn3_1    | 2022-12-07 03:33:52,986 [51c642f5-0e34-4b40-8725-f66df349a602-impl-thread1] INFO server.RaftServerConfigKeys: raft.server.snapshot.auto.trigger.threshold = 10000 (custom)
dn3_1    | 2022-12-07 03:33:52,986 [51c642f5-0e34-4b40-8725-f66df349a602-impl-thread3] INFO server.RaftServerConfigKeys: raft.server.snapshot.auto.trigger.enabled = true (custom)
dn2_1    | 2022-12-07 03:34:15,727 [8bf11be2-7b2c-4412-9d0e-f840011e1ce4@group-447BB108574E-FollowerState] INFO impl.RoleInfo: 8bf11be2-7b2c-4412-9d0e-f840011e1ce4: shutdown 8bf11be2-7b2c-4412-9d0e-f840011e1ce4@group-447BB108574E-FollowerState
dn2_1    | 2022-12-07 03:34:15,728 [8bf11be2-7b2c-4412-9d0e-f840011e1ce4@group-447BB108574E-FollowerState] INFO server.RaftServer$Division: 8bf11be2-7b2c-4412-9d0e-f840011e1ce4@group-447BB108574E: changes role from  FOLLOWER to CANDIDATE at term 5 for changeToCandidate
dn2_1    | 2022-12-07 03:34:15,728 [8bf11be2-7b2c-4412-9d0e-f840011e1ce4@group-447BB108574E-FollowerState] INFO server.RaftServerConfigKeys: raft.server.leaderelection.pre-vote = false (custom)
dn2_1    | 2022-12-07 03:34:15,729 [8bf11be2-7b2c-4412-9d0e-f840011e1ce4@group-447BB108574E-FollowerState] INFO impl.RoleInfo: 8bf11be2-7b2c-4412-9d0e-f840011e1ce4: start 8bf11be2-7b2c-4412-9d0e-f840011e1ce4@group-447BB108574E-LeaderElection8
dn2_1    | 2022-12-07 03:34:15,728 [grpc-default-executor-0] INFO server.RaftServer$Division: 8bf11be2-7b2c-4412-9d0e-f840011e1ce4@group-447BB108574E: receive requestVote(ELECTION, 79dd395b-4526-420e-a37f-67e63318a1f7, group-447BB108574E, 6, (t:2, i:200))
scm_1    | 	at org.apache.hadoop.ipc.Server$Handler.run(Server.java:2976)
recon_1  | 	at org.apache.hadoop.ipc.Server$RpcCall.run(Server.java:971)
recon_1  | 	at java.base/java.security.AccessController.doPrivileged(Native Method)
scm_1    | 2022-12-07 03:33:50,460 [IPC Server handler 2 on default port 9861] WARN ipc.Server: IPC Server handler 2 on default port 9861, call Call#1 Retry#0 org.apache.hadoop.ozone.protocol.StorageContainerDatanodeProtocol.submitRequest from 10.9.0.12:60896: output error
dn3_1    | 2022-12-07 03:33:52,986 [51c642f5-0e34-4b40-8725-f66df349a602-impl-thread3] INFO server.RaftServerConfigKeys: raft.server.snapshot.auto.trigger.threshold = 10000 (custom)
dn3_1    | 2022-12-07 03:33:52,988 [51c642f5-0e34-4b40-8725-f66df349a602-impl-thread3] INFO server.RaftServerConfigKeys: raft.server.snapshot.retention.file.num = 5 (custom)
recon_1  | 	at java.base/javax.security.auth.Subject.doAs(Subject.java:423)
recon_1  | 	at org.apache.hadoop.security.UserGroupInformation.doAs(UserGroupInformation.java:1878)
scm_1    | 2022-12-07 03:33:50,460 [IPC Server handler 2 on default port 9861] INFO ipc.Server: IPC Server handler 2 on default port 9861 caught an exception
dn3_1    | 2022-12-07 03:33:52,986 [51c642f5-0e34-4b40-8725-f66df349a602-impl-thread1] INFO server.RaftServerConfigKeys: raft.server.snapshot.retention.file.num = 5 (custom)
dn1_1    | 2022-12-07 03:34:10,695 [79dd395b-4526-420e-a37f-67e63318a1f7@group-E44882EFDF64-LeaderElection4] INFO server.RaftServerConfigKeys: raft.server.log.appender.install.snapshot.enabled = false (custom)
dn2_1    | 2022-12-07 03:34:15,730 [grpc-default-executor-0] INFO impl.VoteContext: 8bf11be2-7b2c-4412-9d0e-f840011e1ce4@group-447BB108574E-CANDIDATE: accept ELECTION from 79dd395b-4526-420e-a37f-67e63318a1f7: our priority 0 <= candidate's priority 0
dn2_1    | 2022-12-07 03:34:15,730 [grpc-default-executor-0] INFO server.RaftServer$Division: 8bf11be2-7b2c-4412-9d0e-f840011e1ce4@group-447BB108574E: changes role from CANDIDATE to FOLLOWER at term 6 for candidate:79dd395b-4526-420e-a37f-67e63318a1f7
dn2_1    | 2022-12-07 03:34:15,739 [grpc-default-executor-0] INFO impl.RoleInfo: 8bf11be2-7b2c-4412-9d0e-f840011e1ce4: shutdown 8bf11be2-7b2c-4412-9d0e-f840011e1ce4@group-447BB108574E-LeaderElection8
dn2_1    | 2022-12-07 03:34:15,739 [grpc-default-executor-0] INFO impl.RoleInfo: 8bf11be2-7b2c-4412-9d0e-f840011e1ce4: start 8bf11be2-7b2c-4412-9d0e-f840011e1ce4@group-447BB108574E-FollowerState
dn3_1    | 2022-12-07 03:33:52,989 [51c642f5-0e34-4b40-8725-f66df349a602-impl-thread3] INFO server.RaftServerConfigKeys: raft.server.log.purge.upto.snapshot.index = false (default)
recon_1  | 	at org.apache.hadoop.ipc.Server$Handler.run(Server.java:2976)
dn1_1    | 2022-12-07 03:34:10,695 [79dd395b-4526-420e-a37f-67e63318a1f7@group-E44882EFDF64-LeaderElection4] INFO grpc.GrpcConfigKeys: raft.grpc.server.heartbeat.channel = true (default)
dn2_1    | 2022-12-07 03:34:15,740 [8bf11be2-7b2c-4412-9d0e-f840011e1ce4@group-447BB108574E-LeaderElection8] INFO impl.LeaderElection: 8bf11be2-7b2c-4412-9d0e-f840011e1ce4@group-447BB108574E-LeaderElection8: skip running since this is already CLOSING
scm_1    | java.nio.channels.ClosedChannelException
recon_1  | 2022-12-07 03:33:54,952 [IPC Server handler 10 on default port 9891] INFO scm.ReconNodeManager: Updating nodeDB for 717468c0c716
recon_1  | 2022-12-07 03:33:54,953 [IPC Server handler 9 on default port 9891] INFO scm.ReconNodeManager: Updating nodeDB for 398103f2ed9c
recon_1  | 2022-12-07 03:33:55,025 [IPC Server handler 90 on default port 9891] INFO scm.ReconNodeManager: Updating nodeDB for 156ae19ab456
dn1_1    | 2022-12-07 03:34:10,695 [79dd395b-4526-420e-a37f-67e63318a1f7@group-E44882EFDF64-LeaderElection4] INFO server.RaftServerConfigKeys: raft.server.log.appender.wait-time.min = 10ms (default)
dn1_1    | 2022-12-07 03:34:10,697 [79dd395b-4526-420e-a37f-67e63318a1f7@group-E44882EFDF64-LeaderElection4] INFO impl.RoleInfo: 79dd395b-4526-420e-a37f-67e63318a1f7: start 79dd395b-4526-420e-a37f-67e63318a1f7@group-E44882EFDF64-LeaderStateImpl
recon_1  | 2022-12-07 03:33:56,872 [IPC Server handler 18 on default port 9891] INFO scm.ReconNodeManager: Sending ReregisterCommand() for restart_dn2_1.restart_net
scm_1    | 	at java.base/sun.nio.ch.SocketChannelImpl.ensureOpenAndConnected(SocketChannelImpl.java:180)
scm_1    | 	at java.base/sun.nio.ch.SocketChannelImpl.write(SocketChannelImpl.java:452)
recon_1  | 2022-12-07 03:33:56,904 [IPC Server handler 17 on default port 9891] INFO scm.ReconNodeManager: Sending ReregisterCommand() for restart_dn1_1.restart_net
scm_1    | 	at org.apache.hadoop.ipc.Server.channelWrite(Server.java:3619)
scm_1    | 	at org.apache.hadoop.ipc.Server.access$1700(Server.java:144)
scm_1    | 	at org.apache.hadoop.ipc.Server$Responder.processResponse(Server.java:1672)
dn1_1    | 2022-12-07 03:34:10,697 [79dd395b-4526-420e-a37f-67e63318a1f7@group-E44882EFDF64-LeaderElection4] INFO segmented.SegmentedRaftLogWorker: 79dd395b-4526-420e-a37f-67e63318a1f7@group-E44882EFDF64-SegmentedRaftLogWorker: Rolling segment log-0_4 to index:4
recon_1  | 2022-12-07 03:33:57,015 [IPC Server handler 59 on default port 9891] INFO scm.ReconNodeManager: Sending ReregisterCommand() for restart_dn3_1.restart_net
scm_1    | 	at org.apache.hadoop.ipc.Server$Responder.doRespond(Server.java:1742)
scm_1    | 	at org.apache.hadoop.ipc.Server$Connection.sendResponse(Server.java:2847)
dn3_1    | 2022-12-07 03:33:52,989 [51c642f5-0e34-4b40-8725-f66df349a602-impl-thread1] INFO server.RaftServerConfigKeys: raft.server.log.purge.upto.snapshot.index = false (default)
dn1_1    | 2022-12-07 03:34:10,704 [79dd395b-4526-420e-a37f-67e63318a1f7@group-E44882EFDF64-LeaderElection4] INFO server.RaftServer$Division: 79dd395b-4526-420e-a37f-67e63318a1f7@group-E44882EFDF64: set configuration 5: peers:[79dd395b-4526-420e-a37f-67e63318a1f7|rpc:10.9.0.11:9856|admin:10.9.0.11:9857|client:10.9.0.11:9858|dataStream:|priority:1|startupRole:FOLLOWER, 8bf11be2-7b2c-4412-9d0e-f840011e1ce4|rpc:10.9.0.12:9856|admin:10.9.0.12:9857|client:10.9.0.12:9858|dataStream:|priority:0|startupRole:FOLLOWER, 51c642f5-0e34-4b40-8725-f66df349a602|rpc:10.9.0.13:9856|admin:10.9.0.13:9857|client:10.9.0.13:9858|dataStream:|priority:0|startupRole:FOLLOWER]|listeners:[], old=null
recon_1  | 2022-12-07 03:33:57,451 [IPC Server handler 19 on default port 9891] INFO scm.ReconNodeManager: Updating nodeDB for restart_dn2_1.restart_net
dn2_1    | 2022-12-07 03:34:15,751 [grpc-default-executor-0] INFO server.RaftServer$Division: 8bf11be2-7b2c-4412-9d0e-f840011e1ce4@group-447BB108574E replies to ELECTION vote request: 79dd395b-4526-420e-a37f-67e63318a1f7<-8bf11be2-7b2c-4412-9d0e-f840011e1ce4#0:OK-t6. Peer's state: 8bf11be2-7b2c-4412-9d0e-f840011e1ce4@group-447BB108574E:t6, leader=null, voted=79dd395b-4526-420e-a37f-67e63318a1f7, raftlog=Memoized:8bf11be2-7b2c-4412-9d0e-f840011e1ce4@group-447BB108574E-SegmentedRaftLog:OPENED:c200, conf=0: peers:[79dd395b-4526-420e-a37f-67e63318a1f7|rpc:10.9.0.11:9856|admin:10.9.0.11:9857|client:10.9.0.11:9858|dataStream:|priority:0|startupRole:FOLLOWER, 8bf11be2-7b2c-4412-9d0e-f840011e1ce4|rpc:10.9.0.12:9856|admin:10.9.0.12:9857|client:10.9.0.12:9858|dataStream:|priority:0|startupRole:FOLLOWER, 51c642f5-0e34-4b40-8725-f66df349a602|rpc:10.9.0.13:9856|admin:10.9.0.13:9857|client:10.9.0.13:9858|dataStream:|priority:1|startupRole:FOLLOWER]|listeners:[], old=null
dn2_1    | 2022-12-07 03:34:15,759 [8bf11be2-7b2c-4412-9d0e-f840011e1ce4@group-447BB108574E-FollowerState] INFO server.RaftServerConfigKeys: raft.server.rpc.first-election.timeout.min = 5s (fallback to raft.server.rpc.timeout.min)
dn3_1    | 2022-12-07 03:33:53,019 [EndpointStateMachine task thread for scm/10.9.0.17:9861 - 0 ] INFO server.RaftServer: 51c642f5-0e34-4b40-8725-f66df349a602: start RPC server
dn3_1    | 2022-12-07 03:33:53,021 [EndpointStateMachine task thread for scm/10.9.0.17:9861 - 0 ] INFO server.GrpcService: 51c642f5-0e34-4b40-8725-f66df349a602: GrpcService started, listening on 9858
dn3_1    | 2022-12-07 03:33:53,023 [EndpointStateMachine task thread for scm/10.9.0.17:9861 - 0 ] INFO server.GrpcService: 51c642f5-0e34-4b40-8725-f66df349a602: GrpcService started, listening on 9856
dn3_1    | 2022-12-07 03:33:53,028 [EndpointStateMachine task thread for scm/10.9.0.17:9861 - 0 ] INFO server.GrpcService: 51c642f5-0e34-4b40-8725-f66df349a602: GrpcService started, listening on 9857
dn3_1    | 2022-12-07 03:33:53,115 [EndpointStateMachine task thread for scm/10.9.0.17:9861 - 0 ] INFO ratis.XceiverServerRatis: XceiverServerRatis 51c642f5-0e34-4b40-8725-f66df349a602 is started using port 9858 for RATIS
dn3_1    | 2022-12-07 03:33:53,116 [EndpointStateMachine task thread for scm/10.9.0.17:9861 - 0 ] INFO ratis.XceiverServerRatis: XceiverServerRatis 51c642f5-0e34-4b40-8725-f66df349a602 is started using port 9857 for RATIS_ADMIN
dn3_1    | 2022-12-07 03:33:53,116 [EndpointStateMachine task thread for scm/10.9.0.17:9861 - 0 ] INFO ratis.XceiverServerRatis: XceiverServerRatis 51c642f5-0e34-4b40-8725-f66df349a602 is started using port 9856 for RATIS_SERVER
dn2_1    | 2022-12-07 03:34:15,760 [8bf11be2-7b2c-4412-9d0e-f840011e1ce4@group-447BB108574E-FollowerState] INFO server.RaftServerConfigKeys: raft.server.rpc.first-election.timeout.max = 5200ms (fallback to raft.server.rpc.timeout.max)
dn1_1    | 2022-12-07 03:34:10,704 [grpc-default-executor-0] INFO impl.VoteContext: 79dd395b-4526-420e-a37f-67e63318a1f7@group-E44882EFDF64-LEADER: reject ELECTION from 8bf11be2-7b2c-4412-9d0e-f840011e1ce4: already has voted for 79dd395b-4526-420e-a37f-67e63318a1f7 at current term 4
scm_1    | 	at org.apache.hadoop.ipc.Server$Connection.access$300(Server.java:1814)
scm_1    | 	at org.apache.hadoop.ipc.Server$RpcCall.doResponse(Server.java:1125)
dn3_1    | 2022-12-07 03:33:53,117 [JvmPauseMonitor0] INFO util.JvmPauseMonitor: JvmPauseMonitor-51c642f5-0e34-4b40-8725-f66df349a602: Started
scm_1    | 	at org.apache.hadoop.ipc.Server$Call.doResponse(Server.java:917)
dn2_1    | 2022-12-07 03:34:20,823 [grpc-default-executor-0] INFO server.RaftServer$Division: 8bf11be2-7b2c-4412-9d0e-f840011e1ce4@group-447BB108574E: receive requestVote(ELECTION, 79dd395b-4526-420e-a37f-67e63318a1f7, group-447BB108574E, 7, (t:2, i:200))
dn2_1    | 2022-12-07 03:34:20,824 [grpc-default-executor-0] INFO impl.VoteContext: 8bf11be2-7b2c-4412-9d0e-f840011e1ce4@group-447BB108574E-FOLLOWER: accept ELECTION from 79dd395b-4526-420e-a37f-67e63318a1f7: our priority 0 <= candidate's priority 0
scm_1    | 	at org.apache.hadoop.ipc.Server$Call.sendResponse(Server.java:903)
recon_1  | 2022-12-07 03:33:58,310 [IPC Server handler 19 on default port 9891] INFO scm.ReconNodeManager: Updating nodeDB for restart_dn3_1.restart_net
dn3_1    | 2022-12-07 03:33:57,944 [51c642f5-0e34-4b40-8725-f66df349a602@group-447BB108574E-FollowerState] INFO impl.FollowerState: 51c642f5-0e34-4b40-8725-f66df349a602@group-447BB108574E-FollowerState: change to CANDIDATE, lastRpcElapsedTime:5471257279ns, electionTimeout:5011ms
dn2_1    | 2022-12-07 03:34:20,825 [grpc-default-executor-0] INFO server.RaftServer$Division: 8bf11be2-7b2c-4412-9d0e-f840011e1ce4@group-447BB108574E: changes role from  FOLLOWER to FOLLOWER at term 7 for candidate:79dd395b-4526-420e-a37f-67e63318a1f7
dn3_1    | 2022-12-07 03:33:57,945 [51c642f5-0e34-4b40-8725-f66df349a602@group-447BB108574E-FollowerState] INFO impl.RoleInfo: 51c642f5-0e34-4b40-8725-f66df349a602: shutdown 51c642f5-0e34-4b40-8725-f66df349a602@group-447BB108574E-FollowerState
scm_1    | 	at org.apache.hadoop.ipc.Server$RpcCall.run(Server.java:1060)
recon_1  | 2022-12-07 03:33:58,800 [IPC Server handler 11 on default port 9891] INFO scm.ReconNodeManager: Updating nodeDB for restart_dn1_1.restart_net
dn2_1    | 2022-12-07 03:34:20,826 [grpc-default-executor-0] INFO impl.RoleInfo: 8bf11be2-7b2c-4412-9d0e-f840011e1ce4: shutdown 8bf11be2-7b2c-4412-9d0e-f840011e1ce4@group-447BB108574E-FollowerState
dn1_1    | 2022-12-07 03:34:10,706 [grpc-default-executor-0] INFO server.RaftServer$Division: 79dd395b-4526-420e-a37f-67e63318a1f7@group-E44882EFDF64 replies to ELECTION vote request: 8bf11be2-7b2c-4412-9d0e-f840011e1ce4<-79dd395b-4526-420e-a37f-67e63318a1f7#0:FAIL-t4. Peer's state: 79dd395b-4526-420e-a37f-67e63318a1f7@group-E44882EFDF64:t4, leader=79dd395b-4526-420e-a37f-67e63318a1f7, voted=79dd395b-4526-420e-a37f-67e63318a1f7, raftlog=Memoized:79dd395b-4526-420e-a37f-67e63318a1f7@group-E44882EFDF64-SegmentedRaftLog:OPENED:c4, conf=5: peers:[79dd395b-4526-420e-a37f-67e63318a1f7|rpc:10.9.0.11:9856|admin:10.9.0.11:9857|client:10.9.0.11:9858|dataStream:|priority:1|startupRole:FOLLOWER, 8bf11be2-7b2c-4412-9d0e-f840011e1ce4|rpc:10.9.0.12:9856|admin:10.9.0.12:9857|client:10.9.0.12:9858|dataStream:|priority:0|startupRole:FOLLOWER, 51c642f5-0e34-4b40-8725-f66df349a602|rpc:10.9.0.13:9856|admin:10.9.0.13:9857|client:10.9.0.13:9858|dataStream:|priority:0|startupRole:FOLLOWER]|listeners:[], old=null
dn3_1    | 2022-12-07 03:33:57,945 [51c642f5-0e34-4b40-8725-f66df349a602@group-447BB108574E-FollowerState] INFO server.RaftServer$Division: 51c642f5-0e34-4b40-8725-f66df349a602@group-447BB108574E: changes role from  FOLLOWER to CANDIDATE at term 2 for changeToCandidate
scm_1    | 	at org.apache.hadoop.ipc.Server$RpcCall.run(Server.java:971)
scm_1    | 	at java.base/java.security.AccessController.doPrivileged(Native Method)
dn2_1    | 2022-12-07 03:34:20,826 [grpc-default-executor-0] INFO impl.RoleInfo: 8bf11be2-7b2c-4412-9d0e-f840011e1ce4: start 8bf11be2-7b2c-4412-9d0e-f840011e1ce4@group-447BB108574E-FollowerState
dn1_1    | 2022-12-07 03:34:10,704 [79dd395b-4526-420e-a37f-67e63318a1f7@group-E44882EFDF64-SegmentedRaftLogWorker] INFO segmented.SegmentedRaftLogWorker: 79dd395b-4526-420e-a37f-67e63318a1f7@group-E44882EFDF64-SegmentedRaftLogWorker: Rolled log segment from /data/metadata/ratis/93475a49-98af-4b56-9aec-e44882efdf64/current/log_inprogress_0 to /data/metadata/ratis/93475a49-98af-4b56-9aec-e44882efdf64/current/log_0-4
dn1_1    | 2022-12-07 03:34:10,719 [79dd395b-4526-420e-a37f-67e63318a1f7@group-E44882EFDF64-SegmentedRaftLogWorker] INFO segmented.SegmentedRaftLogWorker: 79dd395b-4526-420e-a37f-67e63318a1f7@group-E44882EFDF64-SegmentedRaftLogWorker: created new log segment /data/metadata/ratis/93475a49-98af-4b56-9aec-e44882efdf64/current/log_inprogress_5
scm_1    | 	at java.base/javax.security.auth.Subject.doAs(Subject.java:423)
scm_1    | 	at org.apache.hadoop.security.UserGroupInformation.doAs(UserGroupInformation.java:1878)
dn2_1    | 2022-12-07 03:34:20,826 [8bf11be2-7b2c-4412-9d0e-f840011e1ce4@group-447BB108574E-FollowerState] INFO impl.FollowerState: 8bf11be2-7b2c-4412-9d0e-f840011e1ce4@group-447BB108574E-FollowerState was interrupted
dn2_1    | 2022-12-07 03:34:20,828 [8bf11be2-7b2c-4412-9d0e-f840011e1ce4@group-447BB108574E-FollowerState] INFO server.RaftServerConfigKeys: raft.server.rpc.first-election.timeout.min = 5s (fallback to raft.server.rpc.timeout.min)
dn2_1    | 2022-12-07 03:34:20,828 [8bf11be2-7b2c-4412-9d0e-f840011e1ce4@group-447BB108574E-FollowerState] INFO server.RaftServerConfigKeys: raft.server.rpc.first-election.timeout.max = 5200ms (fallback to raft.server.rpc.timeout.max)
scm_1    | 	at org.apache.hadoop.ipc.Server$Handler.run(Server.java:2976)
scm_1    | 2022-12-07 03:33:54,920 [IPC Server handler 23 on default port 9861] INFO net.NetworkTopologyImpl: Added a new node: /default-rack/8bf11be2-7b2c-4412-9d0e-f840011e1ce4
dn2_1    | 2022-12-07 03:34:20,830 [grpc-default-executor-0] INFO server.RaftServer$Division: 8bf11be2-7b2c-4412-9d0e-f840011e1ce4@group-447BB108574E replies to ELECTION vote request: 79dd395b-4526-420e-a37f-67e63318a1f7<-8bf11be2-7b2c-4412-9d0e-f840011e1ce4#0:OK-t7. Peer's state: 8bf11be2-7b2c-4412-9d0e-f840011e1ce4@group-447BB108574E:t7, leader=null, voted=79dd395b-4526-420e-a37f-67e63318a1f7, raftlog=Memoized:8bf11be2-7b2c-4412-9d0e-f840011e1ce4@group-447BB108574E-SegmentedRaftLog:OPENED:c200, conf=0: peers:[79dd395b-4526-420e-a37f-67e63318a1f7|rpc:10.9.0.11:9856|admin:10.9.0.11:9857|client:10.9.0.11:9858|dataStream:|priority:0|startupRole:FOLLOWER, 8bf11be2-7b2c-4412-9d0e-f840011e1ce4|rpc:10.9.0.12:9856|admin:10.9.0.12:9857|client:10.9.0.12:9858|dataStream:|priority:0|startupRole:FOLLOWER, 51c642f5-0e34-4b40-8725-f66df349a602|rpc:10.9.0.13:9856|admin:10.9.0.13:9857|client:10.9.0.13:9858|dataStream:|priority:1|startupRole:FOLLOWER]|listeners:[], old=null
dn2_1    | 2022-12-07 03:34:25,842 [8bf11be2-7b2c-4412-9d0e-f840011e1ce4@group-447BB108574E-FollowerState] INFO server.RaftServerConfigKeys: raft.server.rpc.first-election.timeout.min = 5s (fallback to raft.server.rpc.timeout.min)
recon_1  | 2022-12-07 03:34:39,907 [FixedThreadPoolWithAffinityExecutor-0-0] INFO scm.ReconContainerManager: New container #1001 got from restart_dn1_1.restart_net.
recon_1  | 2022-12-07 03:34:39,937 [FixedThreadPoolWithAffinityExecutor-8-0] INFO scm.ReconContainerManager: New container #1001 got from restart_dn3_1.restart_net.
recon_1  | 2022-12-07 03:34:39,974 [FixedThreadPoolWithAffinityExecutor-8-0] INFO scm.ReconContainerManager: Successfully added container #1001 to Recon.
dn1_1    | 2022-12-07 03:34:15,713 [79dd395b-4526-420e-a37f-67e63318a1f7@group-447BB108574E-FollowerState] INFO impl.FollowerState: 79dd395b-4526-420e-a37f-67e63318a1f7@group-447BB108574E-FollowerState: change to CANDIDATE, lastRpcElapsedTime:5025681555ns, electionTimeout:5018ms
dn2_1    | 2022-12-07 03:34:25,842 [8bf11be2-7b2c-4412-9d0e-f840011e1ce4@group-447BB108574E-FollowerState] INFO server.RaftServerConfigKeys: raft.server.rpc.first-election.timeout.max = 5200ms (fallback to raft.server.rpc.timeout.max)
recon_1  | 2022-12-07 03:34:39,977 [FixedThreadPoolWithAffinityExecutor-0-0] INFO scm.ReconContainerManager: Successfully added container #1001 to Recon.
recon_1  | 2022-12-07 03:34:47,661 [pool-27-thread-1] INFO impl.OzoneManagerServiceProviderImpl: Syncing data from Ozone Manager.
recon_1  | 2022-12-07 03:34:47,664 [pool-27-thread-1] INFO codec.RepeatedOmKeyInfoCodec: RepeatedOmKeyInfoCodec ignorePipeline = true
dn1_1    | 2022-12-07 03:34:15,713 [79dd395b-4526-420e-a37f-67e63318a1f7@group-447BB108574E-FollowerState] INFO impl.RoleInfo: 79dd395b-4526-420e-a37f-67e63318a1f7: shutdown 79dd395b-4526-420e-a37f-67e63318a1f7@group-447BB108574E-FollowerState
dn1_1    | 2022-12-07 03:34:15,713 [79dd395b-4526-420e-a37f-67e63318a1f7@group-447BB108574E-FollowerState] INFO server.RaftServer$Division: 79dd395b-4526-420e-a37f-67e63318a1f7@group-447BB108574E: changes role from  FOLLOWER to CANDIDATE at term 5 for changeToCandidate
dn1_1    | 2022-12-07 03:34:15,713 [79dd395b-4526-420e-a37f-67e63318a1f7@group-447BB108574E-FollowerState] INFO server.RaftServerConfigKeys: raft.server.leaderelection.pre-vote = false (custom)
dn3_1    | 2022-12-07 03:33:57,951 [51c642f5-0e34-4b40-8725-f66df349a602@group-447BB108574E-FollowerState] INFO server.RaftServerConfigKeys: raft.server.leaderelection.pre-vote = false (custom)
dn2_1    | 2022-12-07 03:34:25,875 [grpc-default-executor-0] INFO server.RaftServer$Division: 8bf11be2-7b2c-4412-9d0e-f840011e1ce4@group-447BB108574E: receive requestVote(ELECTION, 51c642f5-0e34-4b40-8725-f66df349a602, group-447BB108574E, 8, (t:2, i:200))
recon_1  | 2022-12-07 03:34:47,664 [pool-27-thread-1] INFO codec.OmKeyInfoCodec: OmKeyInfoCodec ignorePipeline = true
recon_1  | 2022-12-07 03:34:47,665 [pool-27-thread-1] INFO codec.OmKeyInfoCodec: OmKeyInfoCodec ignorePipeline = true
recon_1  | 2022-12-07 03:34:47,665 [pool-27-thread-1] INFO codec.OmKeyInfoCodec: OmKeyInfoCodec ignorePipeline = true
dn3_1    | 2022-12-07 03:33:57,951 [51c642f5-0e34-4b40-8725-f66df349a602@group-447BB108574E-FollowerState] INFO impl.RoleInfo: 51c642f5-0e34-4b40-8725-f66df349a602: start 51c642f5-0e34-4b40-8725-f66df349a602@group-447BB108574E-LeaderElection1
dn2_1    | 2022-12-07 03:34:25,875 [grpc-default-executor-0] INFO impl.VoteContext: 8bf11be2-7b2c-4412-9d0e-f840011e1ce4@group-447BB108574E-FOLLOWER: accept ELECTION from 51c642f5-0e34-4b40-8725-f66df349a602: our priority 0 <= candidate's priority 1
scm_1    | 2022-12-07 03:33:54,923 [IPC Server handler 23 on default port 9861] INFO node.SCMNodeManager: Registered Data node : 8bf11be2-7b2c-4412-9d0e-f840011e1ce4{ip: 10.9.0.12, host: restart_dn2_1.restart_net, ports: [REPLICATION=9886, RATIS=9858, RATIS_ADMIN=9857, RATIS_SERVER=9856, STANDALONE=9859], networkLocation: /default-rack, certSerialId: null, persistedOpState: IN_SERVICE, persistedOpStateExpiryEpochSec: 0}
scm_1    | 2022-12-07 03:33:54,944 [IPC Server handler 28 on default port 9861] INFO net.NetworkTopologyImpl: Added a new node: /default-rack/79dd395b-4526-420e-a37f-67e63318a1f7
scm_1    | 2022-12-07 03:33:54,946 [IPC Server handler 28 on default port 9861] INFO node.SCMNodeManager: Registered Data node : 79dd395b-4526-420e-a37f-67e63318a1f7{ip: 10.9.0.11, host: restart_dn1_1.restart_net, ports: [REPLICATION=9886, RATIS=9858, RATIS_ADMIN=9857, RATIS_SERVER=9856, STANDALONE=9859], networkLocation: /default-rack, certSerialId: null, persistedOpState: IN_SERVICE, persistedOpStateExpiryEpochSec: 0}
scm_1    | 2022-12-07 03:33:54,957 [EventQueue-NewNodeForNewNodeHandler] INFO pipeline.BackgroundPipelineCreator: trigger a one-shot run on RatisPipelineUtilsThread.
dn2_1    | 2022-12-07 03:34:25,875 [grpc-default-executor-0] INFO server.RaftServer$Division: 8bf11be2-7b2c-4412-9d0e-f840011e1ce4@group-447BB108574E: changes role from  FOLLOWER to FOLLOWER at term 8 for candidate:51c642f5-0e34-4b40-8725-f66df349a602
dn2_1    | 2022-12-07 03:34:25,876 [grpc-default-executor-0] INFO impl.RoleInfo: 8bf11be2-7b2c-4412-9d0e-f840011e1ce4: shutdown 8bf11be2-7b2c-4412-9d0e-f840011e1ce4@group-447BB108574E-FollowerState
dn2_1    | 2022-12-07 03:34:25,876 [8bf11be2-7b2c-4412-9d0e-f840011e1ce4@group-447BB108574E-FollowerState] INFO impl.FollowerState: 8bf11be2-7b2c-4412-9d0e-f840011e1ce4@group-447BB108574E-FollowerState was interrupted
dn2_1    | 2022-12-07 03:34:25,876 [grpc-default-executor-0] INFO impl.RoleInfo: 8bf11be2-7b2c-4412-9d0e-f840011e1ce4: start 8bf11be2-7b2c-4412-9d0e-f840011e1ce4@group-447BB108574E-FollowerState
dn2_1    | 2022-12-07 03:34:25,877 [8bf11be2-7b2c-4412-9d0e-f840011e1ce4@group-447BB108574E-FollowerState] INFO server.RaftServerConfigKeys: raft.server.rpc.first-election.timeout.min = 5s (fallback to raft.server.rpc.timeout.min)
dn3_1    | 2022-12-07 03:33:57,954 [51c642f5-0e34-4b40-8725-f66df349a602@group-E44882EFDF64-FollowerState] INFO impl.FollowerState: 51c642f5-0e34-4b40-8725-f66df349a602@group-E44882EFDF64-FollowerState: change to CANDIDATE, lastRpcElapsedTime:5555814309ns, electionTimeout:5073ms
dn3_1    | 2022-12-07 03:33:57,957 [51c642f5-0e34-4b40-8725-f66df349a602@group-E44882EFDF64-FollowerState] INFO impl.RoleInfo: 51c642f5-0e34-4b40-8725-f66df349a602: shutdown 51c642f5-0e34-4b40-8725-f66df349a602@group-E44882EFDF64-FollowerState
dn1_1    | 2022-12-07 03:34:15,713 [79dd395b-4526-420e-a37f-67e63318a1f7@group-447BB108574E-FollowerState] INFO impl.RoleInfo: 79dd395b-4526-420e-a37f-67e63318a1f7: start 79dd395b-4526-420e-a37f-67e63318a1f7@group-447BB108574E-LeaderElection6
dn1_1    | 2022-12-07 03:34:15,721 [79dd395b-4526-420e-a37f-67e63318a1f7@group-447BB108574E-LeaderElection6] INFO impl.LeaderElection: 79dd395b-4526-420e-a37f-67e63318a1f7@group-447BB108574E-LeaderElection6 ELECTION round 0: submit vote requests at term 6 for 0: peers:[79dd395b-4526-420e-a37f-67e63318a1f7|rpc:10.9.0.11:9856|admin:10.9.0.11:9857|client:10.9.0.11:9858|dataStream:|priority:0|startupRole:FOLLOWER, 8bf11be2-7b2c-4412-9d0e-f840011e1ce4|rpc:10.9.0.12:9856|admin:10.9.0.12:9857|client:10.9.0.12:9858|dataStream:|priority:0|startupRole:FOLLOWER, 51c642f5-0e34-4b40-8725-f66df349a602|rpc:10.9.0.13:9856|admin:10.9.0.13:9857|client:10.9.0.13:9858|dataStream:|priority:1|startupRole:FOLLOWER]|listeners:[], old=null
dn2_1    | 2022-12-07 03:34:25,877 [8bf11be2-7b2c-4412-9d0e-f840011e1ce4@group-447BB108574E-FollowerState] INFO server.RaftServerConfigKeys: raft.server.rpc.first-election.timeout.max = 5200ms (fallback to raft.server.rpc.timeout.max)
scm_1    | 2022-12-07 03:33:54,970 [EventQueue-NodeRegistrationContainerReportForDataNodeSafeModeRule] INFO safemode.SCMSafeModeManager: SCM in safe mode. 1 DataNodes registered, 3 required.
scm_1    | 2022-12-07 03:33:54,993 [EventQueue-NewNodeForNewNodeHandler] INFO pipeline.BackgroundPipelineCreator: trigger a one-shot run on RatisPipelineUtilsThread.
scm_1    | 2022-12-07 03:33:54,990 [EventQueue-PipelineReportForOneReplicaPipelineSafeModeRule] INFO safemode.SCMSafeModeManager: SCM in safe mode. Pipelines with at least one datanode reported count is 2, required at least one datanode reported per pipeline count is 2
scm_1    | 2022-12-07 03:33:55,018 [EventQueue-PipelineReportForOneReplicaPipelineSafeModeRule] INFO safemode.SCMSafeModeManager: AtleastOneDatanodeReportedRule rule is successfully validated
dn2_1    | 2022-12-07 03:34:25,878 [grpc-default-executor-0] INFO server.RaftServer$Division: 8bf11be2-7b2c-4412-9d0e-f840011e1ce4@group-447BB108574E replies to ELECTION vote request: 51c642f5-0e34-4b40-8725-f66df349a602<-8bf11be2-7b2c-4412-9d0e-f840011e1ce4#0:OK-t8. Peer's state: 8bf11be2-7b2c-4412-9d0e-f840011e1ce4@group-447BB108574E:t8, leader=null, voted=51c642f5-0e34-4b40-8725-f66df349a602, raftlog=Memoized:8bf11be2-7b2c-4412-9d0e-f840011e1ce4@group-447BB108574E-SegmentedRaftLog:OPENED:c200, conf=0: peers:[79dd395b-4526-420e-a37f-67e63318a1f7|rpc:10.9.0.11:9856|admin:10.9.0.11:9857|client:10.9.0.11:9858|dataStream:|priority:0|startupRole:FOLLOWER, 8bf11be2-7b2c-4412-9d0e-f840011e1ce4|rpc:10.9.0.12:9856|admin:10.9.0.12:9857|client:10.9.0.12:9858|dataStream:|priority:0|startupRole:FOLLOWER, 51c642f5-0e34-4b40-8725-f66df349a602|rpc:10.9.0.13:9856|admin:10.9.0.13:9857|client:10.9.0.13:9858|dataStream:|priority:1|startupRole:FOLLOWER]|listeners:[], old=null
dn2_1    | 2022-12-07 03:34:26,002 [8bf11be2-7b2c-4412-9d0e-f840011e1ce4-server-thread1] INFO ratis.XceiverServerRatis: Leader change notification received for group: group-447BB108574E with new leaderId: 51c642f5-0e34-4b40-8725-f66df349a602
recon_1  | 2022-12-07 03:34:47,665 [pool-27-thread-1] INFO codec.OmKeyInfoCodec: OmKeyInfoCodec ignorePipeline = true
recon_1  | 2022-12-07 03:34:47,665 [pool-27-thread-1] INFO codec.OmKeyInfoCodec: OmKeyInfoCodec ignorePipeline = true
dn3_1    | 2022-12-07 03:33:57,957 [51c642f5-0e34-4b40-8725-f66df349a602@group-E44882EFDF64-FollowerState] INFO server.RaftServer$Division: 51c642f5-0e34-4b40-8725-f66df349a602@group-E44882EFDF64: changes role from  FOLLOWER to CANDIDATE at term 1 for changeToCandidate
scm_1    | 2022-12-07 03:33:55,040 [EventQueue-NodeRegistrationContainerReportForDataNodeSafeModeRule] INFO safemode.SCMSafeModeManager: SCM in safe mode. 2 DataNodes registered, 3 required.
dn2_1    | 2022-12-07 03:34:26,002 [8bf11be2-7b2c-4412-9d0e-f840011e1ce4-server-thread1] INFO server.RaftServer$Division: 8bf11be2-7b2c-4412-9d0e-f840011e1ce4@group-447BB108574E: change Leader from null to 51c642f5-0e34-4b40-8725-f66df349a602 at term 8 for appendEntries, leader elected after 50620ms
dn1_1    | 2022-12-07 03:34:15,734 [79dd395b-4526-420e-a37f-67e63318a1f7@group-447BB108574E-LeaderElection6] INFO server.RaftServerConfigKeys: raft.server.rpc.first-election.timeout.min = 5s (fallback to raft.server.rpc.timeout.min)
dn1_1    | 2022-12-07 03:34:15,735 [79dd395b-4526-420e-a37f-67e63318a1f7@group-447BB108574E-LeaderElection6] INFO server.RaftServerConfigKeys: raft.server.rpc.first-election.timeout.max = 5200ms (fallback to raft.server.rpc.timeout.max)
dn1_1    | 2022-12-07 03:34:15,793 [79dd395b-4526-420e-a37f-67e63318a1f7@group-447BB108574E-LeaderElection6] INFO impl.LeaderElection: 79dd395b-4526-420e-a37f-67e63318a1f7@group-447BB108574E-LeaderElection6: ELECTION REJECTED received 2 response(s) and 0 exception(s):
dn1_1    | 2022-12-07 03:34:15,794 [79dd395b-4526-420e-a37f-67e63318a1f7@group-447BB108574E-LeaderElection6] INFO impl.LeaderElection:   Response 0: 79dd395b-4526-420e-a37f-67e63318a1f7<-8bf11be2-7b2c-4412-9d0e-f840011e1ce4#0:OK-t6
dn2_1    | 2022-12-07 03:34:26,023 [8bf11be2-7b2c-4412-9d0e-f840011e1ce4-server-thread2] INFO server.RaftServer$Division: 8bf11be2-7b2c-4412-9d0e-f840011e1ce4@group-447BB108574E: set configuration 201: peers:[79dd395b-4526-420e-a37f-67e63318a1f7|rpc:10.9.0.11:9856|admin:10.9.0.11:9857|client:10.9.0.11:9858|dataStream:|priority:0|startupRole:FOLLOWER, 8bf11be2-7b2c-4412-9d0e-f840011e1ce4|rpc:10.9.0.12:9856|admin:10.9.0.12:9857|client:10.9.0.12:9858|dataStream:|priority:0|startupRole:FOLLOWER, 51c642f5-0e34-4b40-8725-f66df349a602|rpc:10.9.0.13:9856|admin:10.9.0.13:9857|client:10.9.0.13:9858|dataStream:|priority:1|startupRole:FOLLOWER]|listeners:[], old=null
dn2_1    | 2022-12-07 03:34:26,024 [8bf11be2-7b2c-4412-9d0e-f840011e1ce4-server-thread2] INFO segmented.SegmentedRaftLogWorker: 8bf11be2-7b2c-4412-9d0e-f840011e1ce4@group-447BB108574E-SegmentedRaftLogWorker: Rolling segment log-0_200 to index:200
dn2_1    | 2022-12-07 03:34:26,027 [8bf11be2-7b2c-4412-9d0e-f840011e1ce4@group-447BB108574E-SegmentedRaftLogWorker] INFO segmented.SegmentedRaftLogWorker: 8bf11be2-7b2c-4412-9d0e-f840011e1ce4@group-447BB108574E-SegmentedRaftLogWorker: Rolled log segment from /data/metadata/ratis/6b4c2973-c71f-4640-ae4e-447bb108574e/current/log_inprogress_0 to /data/metadata/ratis/6b4c2973-c71f-4640-ae4e-447bb108574e/current/log_0-200
dn3_1    | 2022-12-07 03:33:57,961 [51c642f5-0e34-4b40-8725-f66df349a602@group-E44882EFDF64-FollowerState] INFO server.RaftServerConfigKeys: raft.server.leaderelection.pre-vote = false (custom)
dn3_1    | 2022-12-07 03:33:57,961 [51c642f5-0e34-4b40-8725-f66df349a602@group-E44882EFDF64-FollowerState] INFO impl.RoleInfo: 51c642f5-0e34-4b40-8725-f66df349a602: start 51c642f5-0e34-4b40-8725-f66df349a602@group-E44882EFDF64-LeaderElection2
recon_1  | 2022-12-07 03:34:47,665 [pool-27-thread-1] INFO impl.OzoneManagerServiceProviderImpl: Obtaining delta updates from Ozone Manager
recon_1  | 2022-12-07 03:34:47,665 [pool-27-thread-1] INFO impl.OzoneManagerServiceProviderImpl: OriginalFromSequenceNumber : 24 
dn2_1    | 2022-12-07 03:34:26,029 [8bf11be2-7b2c-4412-9d0e-f840011e1ce4@group-447BB108574E-SegmentedRaftLogWorker] INFO segmented.SegmentedRaftLogWorker: 8bf11be2-7b2c-4412-9d0e-f840011e1ce4@group-447BB108574E-SegmentedRaftLogWorker: created new log segment /data/metadata/ratis/6b4c2973-c71f-4640-ae4e-447bb108574e/current/log_inprogress_201
dn3_1    | 2022-12-07 03:33:57,992 [51c642f5-0e34-4b40-8725-f66df349a602@group-E44882EFDF64-LeaderElection2] INFO impl.LeaderElection: 51c642f5-0e34-4b40-8725-f66df349a602@group-E44882EFDF64-LeaderElection2 ELECTION round 0: submit vote requests at term 2 for 0: peers:[79dd395b-4526-420e-a37f-67e63318a1f7|rpc:10.9.0.11:9856|admin:10.9.0.11:9857|client:10.9.0.11:9858|dataStream:|priority:1|startupRole:FOLLOWER, 8bf11be2-7b2c-4412-9d0e-f840011e1ce4|rpc:10.9.0.12:9856|admin:10.9.0.12:9857|client:10.9.0.12:9858|dataStream:|priority:0|startupRole:FOLLOWER, 51c642f5-0e34-4b40-8725-f66df349a602|rpc:10.9.0.13:9856|admin:10.9.0.13:9857|client:10.9.0.13:9858|dataStream:|priority:0|startupRole:FOLLOWER]|listeners:[], old=null
dn3_1    | 2022-12-07 03:33:57,994 [51c642f5-0e34-4b40-8725-f66df349a602@group-447BB108574E-LeaderElection1] INFO impl.LeaderElection: 51c642f5-0e34-4b40-8725-f66df349a602@group-447BB108574E-LeaderElection1 ELECTION round 0: submit vote requests at term 3 for 0: peers:[79dd395b-4526-420e-a37f-67e63318a1f7|rpc:10.9.0.11:9856|admin:10.9.0.11:9857|client:10.9.0.11:9858|dataStream:|priority:0|startupRole:FOLLOWER, 8bf11be2-7b2c-4412-9d0e-f840011e1ce4|rpc:10.9.0.12:9856|admin:10.9.0.12:9857|client:10.9.0.12:9858|dataStream:|priority:0|startupRole:FOLLOWER, 51c642f5-0e34-4b40-8725-f66df349a602|rpc:10.9.0.13:9856|admin:10.9.0.13:9857|client:10.9.0.13:9858|dataStream:|priority:1|startupRole:FOLLOWER]|listeners:[], old=null
dn3_1    | 2022-12-07 03:33:58,079 [51c642f5-0e34-4b40-8725-f66df349a602@group-447BB108574E-LeaderElection1-1] INFO server.GrpcServerProtocolClient: Build channel for 79dd395b-4526-420e-a37f-67e63318a1f7
dn3_1    | 2022-12-07 03:33:58,110 [51c642f5-0e34-4b40-8725-f66df349a602@group-1395970D9ECF-FollowerState] INFO impl.FollowerState: 51c642f5-0e34-4b40-8725-f66df349a602@group-1395970D9ECF-FollowerState: change to CANDIDATE, lastRpcElapsedTime:5666194595ns, electionTimeout:5138ms
dn2_1    | 2022-12-07 03:35:08,634 [ChunkWriter-0-0] WARN helpers.ChunkUtils: Duplicate write chunk request. Chunk overwrite without explicit request. ChunkInfo{chunkName='dcgpost_testdata_chunk_0, offset=0, len=1024}
dn2_1    | 2022-12-07 03:35:08,741 [ChunkWriter-1-0] WARN helpers.ChunkUtils: Duplicate write chunk request. Chunk overwrite without explicit request. ChunkInfo{chunkName='dcgpost_testdata_chunk_1, offset=0, len=1024}
dn2_1    | 2022-12-07 03:35:08,777 [ChunkWriter-2-0] WARN helpers.ChunkUtils: Duplicate write chunk request. Chunk overwrite without explicit request. ChunkInfo{chunkName='dcgpost_testdata_chunk_2, offset=0, len=1024}
recon_1  | 2022-12-07 03:34:47,838 [pool-27-thread-1] WARN impl.OzoneManagerServiceProviderImpl: Unable to get and apply delta updates from OM.
recon_1  | INTERNAL_ERROR org.apache.hadoop.ozone.om.exceptions.OMException: Unable to read data from RocksDB wal to get delta updates. It may have already been flushed to SSTs.
dn1_1    | 2022-12-07 03:34:15,794 [79dd395b-4526-420e-a37f-67e63318a1f7@group-447BB108574E-LeaderElection6] INFO impl.LeaderElection:   Response 1: 79dd395b-4526-420e-a37f-67e63318a1f7<-51c642f5-0e34-4b40-8725-f66df349a602#0:FAIL-t6
dn1_1    | 2022-12-07 03:34:15,794 [79dd395b-4526-420e-a37f-67e63318a1f7@group-447BB108574E-LeaderElection6] INFO impl.LeaderElection: 79dd395b-4526-420e-a37f-67e63318a1f7@group-447BB108574E-LeaderElection6 ELECTION round 0: result REJECTED
dn2_1    | 2022-12-07 03:35:08,830 [ChunkWriter-3-0] WARN helpers.ChunkUtils: Duplicate write chunk request. Chunk overwrite without explicit request. ChunkInfo{chunkName='dcgpost_testdata_chunk_3, offset=0, len=1024}
scm_1    | 2022-12-07 03:33:55,058 [EventQueue-OpenPipelineForHealthyPipelineSafeModeRule] INFO safemode.SCMSafeModeManager: SCM in safe mode. Healthy pipelines reported count is 0, required healthy pipeline reported count is 1
scm_1    | 2022-12-07 03:33:55,060 [EventQueue-OpenPipelineForHealthyPipelineSafeModeRule] INFO safemode.SCMSafeModeManager: SCM in safe mode. Healthy pipelines reported count is 0, required healthy pipeline reported count is 1
dn1_1    | 2022-12-07 03:34:15,795 [79dd395b-4526-420e-a37f-67e63318a1f7@group-447BB108574E-LeaderElection6] INFO server.RaftServer$Division: 79dd395b-4526-420e-a37f-67e63318a1f7@group-447BB108574E: changes role from CANDIDATE to FOLLOWER at term 6 for REJECTED
dn1_1    | 2022-12-07 03:34:15,795 [79dd395b-4526-420e-a37f-67e63318a1f7@group-447BB108574E-LeaderElection6] INFO impl.RoleInfo: 79dd395b-4526-420e-a37f-67e63318a1f7: shutdown 79dd395b-4526-420e-a37f-67e63318a1f7@group-447BB108574E-LeaderElection6
dn2_1    | 2022-12-07 03:35:08,859 [ChunkWriter-4-0] WARN helpers.ChunkUtils: Duplicate write chunk request. Chunk overwrite without explicit request. ChunkInfo{chunkName='dcgpost_testdata_chunk_4, offset=0, len=1024}
dn2_1    | 2022-12-07 03:35:08,894 [ChunkWriter-5-0] WARN helpers.ChunkUtils: Duplicate write chunk request. Chunk overwrite without explicit request. ChunkInfo{chunkName='dcgpost_testdata_chunk_5, offset=0, len=1024}
recon_1  | 	at org.apache.hadoop.ozone.om.protocolPB.OzoneManagerProtocolClientSideTranslatorPB.handleError(OzoneManagerProtocolClientSideTranslatorPB.java:701)
recon_1  | 	at org.apache.hadoop.ozone.om.protocolPB.OzoneManagerProtocolClientSideTranslatorPB.getDBUpdates(OzoneManagerProtocolClientSideTranslatorPB.java:1822)
dn3_1    | 2022-12-07 03:33:58,099 [51c642f5-0e34-4b40-8725-f66df349a602@group-E44882EFDF64-LeaderElection2] INFO server.RaftServerConfigKeys: raft.server.rpc.first-election.timeout.min = 5s (fallback to raft.server.rpc.timeout.min)
scm_1    | 2022-12-07 03:33:55,076 [IPC Server handler 31 on default port 9861] INFO net.NetworkTopologyImpl: Added a new node: /default-rack/51c642f5-0e34-4b40-8725-f66df349a602
scm_1    | 2022-12-07 03:33:55,079 [IPC Server handler 31 on default port 9861] INFO node.SCMNodeManager: Registered Data node : 51c642f5-0e34-4b40-8725-f66df349a602{ip: 10.9.0.13, host: restart_dn3_1.restart_net, ports: [REPLICATION=9886, RATIS=9858, RATIS_ADMIN=9857, RATIS_SERVER=9856, STANDALONE=9859], networkLocation: /default-rack, certSerialId: null, persistedOpState: IN_SERVICE, persistedOpStateExpiryEpochSec: 0}
recon_1  | 	at org.apache.hadoop.ozone.recon.spi.impl.OzoneManagerServiceProviderImpl.innerGetAndApplyDeltaUpdatesFromOM(OzoneManagerServiceProviderImpl.java:443)
recon_1  | 	at org.apache.hadoop.ozone.recon.spi.impl.OzoneManagerServiceProviderImpl.getAndApplyDeltaUpdatesFromOM(OzoneManagerServiceProviderImpl.java:415)
recon_1  | 	at org.apache.hadoop.ozone.recon.spi.impl.OzoneManagerServiceProviderImpl.syncDataFromOM(OzoneManagerServiceProviderImpl.java:494)
dn3_1    | 2022-12-07 03:33:58,160 [51c642f5-0e34-4b40-8725-f66df349a602@group-E44882EFDF64-LeaderElection2] INFO server.RaftServerConfigKeys: raft.server.rpc.first-election.timeout.max = 5200ms (fallback to raft.server.rpc.timeout.max)
dn3_1    | 2022-12-07 03:33:58,160 [51c642f5-0e34-4b40-8725-f66df349a602@group-1395970D9ECF-FollowerState] INFO impl.RoleInfo: 51c642f5-0e34-4b40-8725-f66df349a602: shutdown 51c642f5-0e34-4b40-8725-f66df349a602@group-1395970D9ECF-FollowerState
dn3_1    | 2022-12-07 03:33:58,096 [51c642f5-0e34-4b40-8725-f66df349a602@group-447BB108574E-LeaderElection1] INFO server.RaftServerConfigKeys: raft.server.rpc.first-election.timeout.min = 5s (fallback to raft.server.rpc.timeout.min)
dn1_1    | 2022-12-07 03:34:15,796 [79dd395b-4526-420e-a37f-67e63318a1f7@group-447BB108574E-LeaderElection6] INFO impl.RoleInfo: 79dd395b-4526-420e-a37f-67e63318a1f7: start 79dd395b-4526-420e-a37f-67e63318a1f7@group-447BB108574E-FollowerState
