scm_1    | 2022-12-07 03:33:50,271 [e340a840-cb0d-4d23-99c7-778df2480c85@group-ABEAC7382D47-LeaderElection1] INFO server.RaftServerConfigKeys: raft.server.watch.element-limit = 65536 (default)
dn1_1    | 2022-12-07 03:34:10,536 [79dd395b-4526-420e-a37f-67e63318a1f7@group-E44882EFDF64-FollowerState] INFO impl.FollowerState: 79dd395b-4526-420e-a37f-67e63318a1f7@group-E44882EFDF64-FollowerState: change to CANDIDATE, lastRpcElapsedTime:5031663689ns, electionTimeout:5018ms
recon_1  | 	at org.apache.hadoop.ipc.Server$RpcCall.run(Server.java:971)
dn3_1    | 2022-12-07 03:33:51,248 [51c642f5-0e34-4b40-8725-f66df349a602-impl-thread3] INFO server.RaftServerConfigKeys: raft.server.log.force.sync.num = 128 (default)
dn2_1    | 2022-12-07 03:34:05,494 [8bf11be2-7b2c-4412-9d0e-f840011e1ce4@group-447BB108574E-FollowerState] INFO server.RaftServerConfigKeys: raft.server.rpc.first-election.timeout.min = 5s (fallback to raft.server.rpc.timeout.min)
scm_1    | 2022-12-07 03:33:50,276 [e340a840-cb0d-4d23-99c7-778df2480c85@group-ABEAC7382D47-LeaderElection1] INFO server.RaftServerConfigKeys: raft.server.write.element-limit = 4096 (default)
dn1_1    | 2022-12-07 03:34:10,536 [79dd395b-4526-420e-a37f-67e63318a1f7@group-E44882EFDF64-FollowerState] INFO impl.RoleInfo: 79dd395b-4526-420e-a37f-67e63318a1f7: shutdown 79dd395b-4526-420e-a37f-67e63318a1f7@group-E44882EFDF64-FollowerState
recon_1  | 	at java.base/java.security.AccessController.doPrivileged(Native Method)
dn3_1    | 2022-12-07 03:33:51,250 [51c642f5-0e34-4b40-8725-f66df349a602-impl-thread3] INFO server.RaftServerConfigKeys: raft.server.log.statemachine.data.sync = true (default)
dn2_1    | 2022-12-07 03:34:05,494 [8bf11be2-7b2c-4412-9d0e-f840011e1ce4@group-447BB108574E-FollowerState] INFO server.RaftServerConfigKeys: raft.server.rpc.first-election.timeout.max = 5200ms (fallback to raft.server.rpc.timeout.max)
scm_1    | 2022-12-07 03:33:50,278 [e340a840-cb0d-4d23-99c7-778df2480c85@group-ABEAC7382D47-LeaderElection1] INFO server.RaftServerConfigKeys: raft.server.write.follower.gap.ratio.max = -1.0 (default)
dn1_1    | 2022-12-07 03:34:10,537 [79dd395b-4526-420e-a37f-67e63318a1f7@group-E44882EFDF64-FollowerState] INFO server.RaftServer$Division: 79dd395b-4526-420e-a37f-67e63318a1f7@group-E44882EFDF64: changes role from  FOLLOWER to CANDIDATE at term 3 for changeToCandidate
recon_1  | 	at java.base/javax.security.auth.Subject.doAs(Subject.java:423)
dn3_1    | 2022-12-07 03:33:51,251 [51c642f5-0e34-4b40-8725-f66df349a602-impl-thread3] INFO server.RaftServerConfigKeys: raft.server.log.statemachine.data.sync.timeout = 10s (default)
scm_1    | 2022-12-07 03:33:50,280 [e340a840-cb0d-4d23-99c7-778df2480c85@group-ABEAC7382D47-LeaderElection1] INFO impl.RoleInfo: e340a840-cb0d-4d23-99c7-778df2480c85: start e340a840-cb0d-4d23-99c7-778df2480c85@group-ABEAC7382D47-LeaderStateImpl
scm_1    | 2022-12-07 03:33:50,285 [e340a840-cb0d-4d23-99c7-778df2480c85@group-ABEAC7382D47-LeaderElection1] INFO segmented.SegmentedRaftLogWorker: e340a840-cb0d-4d23-99c7-778df2480c85@group-ABEAC7382D47-SegmentedRaftLogWorker: Rolling segment log-1_34 to index:34
dn1_1    | 2022-12-07 03:34:10,537 [79dd395b-4526-420e-a37f-67e63318a1f7@group-E44882EFDF64-FollowerState] INFO server.RaftServerConfigKeys: raft.server.leaderelection.pre-vote = false (custom)
recon_1  | 	at org.apache.hadoop.security.UserGroupInformation.doAs(UserGroupInformation.java:1878)
scm_1    | 2022-12-07 03:33:50,289 [e340a840-cb0d-4d23-99c7-778df2480c85@group-ABEAC7382D47-SegmentedRaftLogWorker] INFO segmented.SegmentedRaftLogWorker: e340a840-cb0d-4d23-99c7-778df2480c85@group-ABEAC7382D47-SegmentedRaftLogWorker: Rolled log segment from /data/metadata/scm-ha/cb501f54-b034-4ad8-b053-abeac7382d47/current/log_inprogress_1 to /data/metadata/scm-ha/cb501f54-b034-4ad8-b053-abeac7382d47/current/log_1-34
dn2_1    | 2022-12-07 03:34:05,495 [8bf11be2-7b2c-4412-9d0e-f840011e1ce4@group-E44882EFDF64-LeaderElection5] INFO impl.LeaderElection: 8bf11be2-7b2c-4412-9d0e-f840011e1ce4@group-E44882EFDF64-LeaderElection5 ELECTION round 0: submit vote requests at term 3 for 0: peers:[79dd395b-4526-420e-a37f-67e63318a1f7|rpc:10.9.0.11:9856|admin:10.9.0.11:9857|client:10.9.0.11:9858|dataStream:|priority:1|startupRole:FOLLOWER, 8bf11be2-7b2c-4412-9d0e-f840011e1ce4|rpc:10.9.0.12:9856|admin:10.9.0.12:9857|client:10.9.0.12:9858|dataStream:|priority:0|startupRole:FOLLOWER, 51c642f5-0e34-4b40-8725-f66df349a602|rpc:10.9.0.13:9856|admin:10.9.0.13:9857|client:10.9.0.13:9858|dataStream:|priority:0|startupRole:FOLLOWER]|listeners:[], old=null
dn3_1    | 2022-12-07 03:33:51,252 [51c642f5-0e34-4b40-8725-f66df349a602-impl-thread3] INFO server.RaftServerConfigKeys: raft.server.log.statemachine.data.sync.timeout.retry = -1 (default)
dn1_1    | 2022-12-07 03:34:10,537 [79dd395b-4526-420e-a37f-67e63318a1f7@group-E44882EFDF64-FollowerState] INFO impl.RoleInfo: 79dd395b-4526-420e-a37f-67e63318a1f7: start 79dd395b-4526-420e-a37f-67e63318a1f7@group-E44882EFDF64-LeaderElection4
scm_1    | 2022-12-07 03:33:50,302 [e340a840-cb0d-4d23-99c7-778df2480c85@group-ABEAC7382D47-LeaderElection1] INFO server.RaftServer$Division: e340a840-cb0d-4d23-99c7-778df2480c85@group-ABEAC7382D47: set configuration 35: peers:[e340a840-cb0d-4d23-99c7-778df2480c85|rpc:bd95d9b8de35:9894|admin:|client:|dataStream:|priority:0|startupRole:FOLLOWER]|listeners:[], old=null
dn2_1    | 2022-12-07 03:34:05,504 [8bf11be2-7b2c-4412-9d0e-f840011e1ce4@group-E44882EFDF64-LeaderElection5] INFO server.RaftServerConfigKeys: raft.server.rpc.first-election.timeout.min = 5s (fallback to raft.server.rpc.timeout.min)
dn3_1    | 2022-12-07 03:33:51,264 [51c642f5-0e34-4b40-8725-f66df349a602-impl-thread2] INFO server.RaftServerConfigKeys: raft.server.log.write.buffer.size = 1048576 (custom)
recon_1  | 	at org.apache.hadoop.ipc.Server$Handler.run(Server.java:2976)
dn1_1    | 2022-12-07 03:34:10,540 [79dd395b-4526-420e-a37f-67e63318a1f7@group-E44882EFDF64-LeaderElection4] INFO impl.LeaderElection: 79dd395b-4526-420e-a37f-67e63318a1f7@group-E44882EFDF64-LeaderElection4 ELECTION round 0: submit vote requests at term 4 for 0: peers:[79dd395b-4526-420e-a37f-67e63318a1f7|rpc:10.9.0.11:9856|admin:10.9.0.11:9857|client:10.9.0.11:9858|dataStream:|priority:1|startupRole:FOLLOWER, 8bf11be2-7b2c-4412-9d0e-f840011e1ce4|rpc:10.9.0.12:9856|admin:10.9.0.12:9857|client:10.9.0.12:9858|dataStream:|priority:0|startupRole:FOLLOWER, 51c642f5-0e34-4b40-8725-f66df349a602|rpc:10.9.0.13:9856|admin:10.9.0.13:9857|client:10.9.0.13:9858|dataStream:|priority:0|startupRole:FOLLOWER]|listeners:[], old=null
scm_1    | 2022-12-07 03:33:50,309 [e340a840-cb0d-4d23-99c7-778df2480c85@group-ABEAC7382D47-SegmentedRaftLogWorker] INFO segmented.SegmentedRaftLogWorker: e340a840-cb0d-4d23-99c7-778df2480c85@group-ABEAC7382D47-SegmentedRaftLogWorker: created new log segment /data/metadata/scm-ha/cb501f54-b034-4ad8-b053-abeac7382d47/current/log_inprogress_35
dn2_1    | 2022-12-07 03:34:05,504 [8bf11be2-7b2c-4412-9d0e-f840011e1ce4@group-E44882EFDF64-LeaderElection5] INFO server.RaftServerConfigKeys: raft.server.rpc.first-election.timeout.max = 5200ms (fallback to raft.server.rpc.timeout.max)
dn3_1    | 2022-12-07 03:33:51,269 [51c642f5-0e34-4b40-8725-f66df349a602-impl-thread3] INFO server.RaftServerConfigKeys: raft.server.log.write.buffer.size = 1048576 (custom)
recon_1  | 2022-12-07 03:33:54,116 [IPC Server handler 1 on default port 9891] INFO ipc.Server: IPC Server handler 1 on default port 9891 caught an exception
recon_1  | java.nio.channels.ClosedChannelException
scm_1    | 2022-12-07 03:33:50,314 [e340a840-cb0d-4d23-99c7-778df2480c85@group-ABEAC7382D47-StateMachineUpdater] INFO ha.SCMContext: update <isLeaderReady> from <false> to <true>
dn2_1    | 2022-12-07 03:34:05,516 [8bf11be2-7b2c-4412-9d0e-f840011e1ce4@group-E44882EFDF64-LeaderElection5] INFO impl.LeaderElection: 8bf11be2-7b2c-4412-9d0e-f840011e1ce4@group-E44882EFDF64-LeaderElection5: ELECTION REJECTED received 1 response(s) and 0 exception(s):
dn3_1    | 2022-12-07 03:33:51,273 [51c642f5-0e34-4b40-8725-f66df349a602-impl-thread3] INFO server.RaftServerConfigKeys: raft.server.log.appender.buffer.byte-limit = 33554432 (custom)
recon_1  | 	at java.base/sun.nio.ch.SocketChannelImpl.ensureOpenAndConnected(SocketChannelImpl.java:180)
dn1_1    | 2022-12-07 03:34:10,559 [79dd395b-4526-420e-a37f-67e63318a1f7@group-E44882EFDF64-LeaderElection4] INFO server.RaftServerConfigKeys: raft.server.rpc.first-election.timeout.min = 5s (fallback to raft.server.rpc.timeout.min)
scm_1    | 2022-12-07 03:33:50,314 [e340a840-cb0d-4d23-99c7-778df2480c85@group-ABEAC7382D47-StateMachineUpdater] INFO pipeline.BackgroundPipelineCreator: Service BackgroundPipelineCreator transitions to RUNNING.
dn2_1    | 2022-12-07 03:34:05,516 [8bf11be2-7b2c-4412-9d0e-f840011e1ce4@group-E44882EFDF64-LeaderElection5] INFO impl.LeaderElection:   Response 0: 8bf11be2-7b2c-4412-9d0e-f840011e1ce4<-79dd395b-4526-420e-a37f-67e63318a1f7#0:FAIL-t3
dn3_1    | 2022-12-07 03:33:51,274 [51c642f5-0e34-4b40-8725-f66df349a602-impl-thread2] INFO server.RaftServerConfigKeys: raft.server.log.appender.buffer.byte-limit = 33554432 (custom)
dn1_1    | 2022-12-07 03:34:10,559 [79dd395b-4526-420e-a37f-67e63318a1f7@group-E44882EFDF64-LeaderElection4] INFO server.RaftServerConfigKeys: raft.server.rpc.first-election.timeout.max = 5200ms (fallback to raft.server.rpc.timeout.max)
scm_1    | 2022-12-07 03:33:50,318 [e340a840-cb0d-4d23-99c7-778df2480c85@group-ABEAC7382D47-StateMachineUpdater] INFO safemode.HealthyPipelineSafeModeRule: Refreshed total pipeline count is 2, healthy pipeline threshold count is 1
dn2_1    | 2022-12-07 03:34:05,516 [8bf11be2-7b2c-4412-9d0e-f840011e1ce4@group-E44882EFDF64-LeaderElection5] INFO impl.LeaderElection: 8bf11be2-7b2c-4412-9d0e-f840011e1ce4@group-E44882EFDF64-LeaderElection5 ELECTION round 0: result REJECTED
dn3_1    | 2022-12-07 03:33:51,672 [51c642f5-0e34-4b40-8725-f66df349a602-impl-thread1] INFO server.RaftServerConfigKeys: raft.server.log.write.buffer.size = 1048576 (custom)
recon_1  | 	at java.base/sun.nio.ch.SocketChannelImpl.write(SocketChannelImpl.java:452)
dn1_1    | 2022-12-07 03:34:10,561 [79dd395b-4526-420e-a37f-67e63318a1f7@group-447BB108574E-FollowerState] INFO impl.FollowerState: 79dd395b-4526-420e-a37f-67e63318a1f7@group-447BB108574E-FollowerState: change to CANDIDATE, lastRpcElapsedTime:5078122026ns, electionTimeout:5061ms
scm_1    | 2022-12-07 03:33:50,321 [e340a840-cb0d-4d23-99c7-778df2480c85@group-ABEAC7382D47-StateMachineUpdater] INFO safemode.ContainerSafeModeRule: Refreshed one replica container threshold 0, currentThreshold 0
dn2_1    | 2022-12-07 03:34:05,516 [8bf11be2-7b2c-4412-9d0e-f840011e1ce4@group-E44882EFDF64-LeaderElection5] INFO server.RaftServer$Division: 8bf11be2-7b2c-4412-9d0e-f840011e1ce4@group-E44882EFDF64: changes role from CANDIDATE to FOLLOWER at term 3 for REJECTED
dn3_1    | 2022-12-07 03:33:51,675 [51c642f5-0e34-4b40-8725-f66df349a602-impl-thread3] INFO server.RaftServerConfigKeys: raft.server.log.unsafe-flush.enabled = false (default)
recon_1  | 	at org.apache.hadoop.ipc.Server.channelWrite(Server.java:3619)
dn1_1    | 2022-12-07 03:34:10,569 [79dd395b-4526-420e-a37f-67e63318a1f7@group-447BB108574E-FollowerState] INFO impl.RoleInfo: 79dd395b-4526-420e-a37f-67e63318a1f7: shutdown 79dd395b-4526-420e-a37f-67e63318a1f7@group-447BB108574E-FollowerState
scm_1    | 2022-12-07 03:33:50,321 [e340a840-cb0d-4d23-99c7-778df2480c85@group-ABEAC7382D47-StateMachineUpdater] INFO safemode.OneReplicaPipelineSafeModeRule: Refreshed Total pipeline count is 2, pipeline's with at least one datanode reported threshold count is 2
dn2_1    | 2022-12-07 03:34:05,517 [8bf11be2-7b2c-4412-9d0e-f840011e1ce4@group-E44882EFDF64-LeaderElection5] INFO impl.RoleInfo: 8bf11be2-7b2c-4412-9d0e-f840011e1ce4: shutdown 8bf11be2-7b2c-4412-9d0e-f840011e1ce4@group-E44882EFDF64-LeaderElection5
dn3_1    | 2022-12-07 03:33:51,677 [51c642f5-0e34-4b40-8725-f66df349a602-impl-thread3] INFO server.RaftServerConfigKeys: raft.server.log.async-flush.enabled = false (default)
recon_1  | 	at org.apache.hadoop.ipc.Server.access$1700(Server.java:144)
dn1_1    | 2022-12-07 03:34:10,569 [79dd395b-4526-420e-a37f-67e63318a1f7@group-447BB108574E-FollowerState] INFO server.RaftServer$Division: 79dd395b-4526-420e-a37f-67e63318a1f7@group-447BB108574E: changes role from  FOLLOWER to CANDIDATE at term 4 for changeToCandidate
scm_1    | 2022-12-07 03:33:50,322 [e340a840-cb0d-4d23-99c7-778df2480c85@group-ABEAC7382D47-StateMachineUpdater] INFO server.SCMDatanodeProtocolServer: ScmDatanodeProtocol RPC server for DataNodes is listening at /0.0.0.0:9861
dn2_1    | 2022-12-07 03:34:05,518 [8bf11be2-7b2c-4412-9d0e-f840011e1ce4@group-E44882EFDF64-LeaderElection5] INFO impl.RoleInfo: 8bf11be2-7b2c-4412-9d0e-f840011e1ce4: start 8bf11be2-7b2c-4412-9d0e-f840011e1ce4@group-E44882EFDF64-FollowerState
dn3_1    | 2022-12-07 03:33:51,678 [51c642f5-0e34-4b40-8725-f66df349a602-impl-thread3] INFO server.RaftServerConfigKeys: raft.server.log.statemachine.data.caching.enabled = true (custom)
recon_1  | 	at org.apache.hadoop.ipc.Server$Responder.processResponse(Server.java:1672)
dn1_1    | 2022-12-07 03:34:10,570 [79dd395b-4526-420e-a37f-67e63318a1f7@group-447BB108574E-FollowerState] INFO server.RaftServerConfigKeys: raft.server.leaderelection.pre-vote = false (custom)
scm_1    | 2022-12-07 03:33:50,329 [IPC Server Responder] INFO ipc.Server: IPC Server Responder: starting
dn2_1    | 2022-12-07 03:34:05,520 [8bf11be2-7b2c-4412-9d0e-f840011e1ce4@group-E44882EFDF64-FollowerState] INFO server.RaftServerConfigKeys: raft.server.rpc.first-election.timeout.min = 5s (fallback to raft.server.rpc.timeout.min)
dn3_1    | 2022-12-07 03:33:51,678 [51c642f5-0e34-4b40-8725-f66df349a602-impl-thread1] INFO server.RaftServerConfigKeys: raft.server.log.appender.buffer.byte-limit = 33554432 (custom)
recon_1  | 	at org.apache.hadoop.ipc.Server$Responder.doRespond(Server.java:1742)
dn2_1    | 2022-12-07 03:34:05,522 [8bf11be2-7b2c-4412-9d0e-f840011e1ce4@group-E44882EFDF64-FollowerState] INFO server.RaftServerConfigKeys: raft.server.rpc.first-election.timeout.max = 5200ms (fallback to raft.server.rpc.timeout.max)
dn3_1    | 2022-12-07 03:33:51,725 [51c642f5-0e34-4b40-8725-f66df349a602-impl-thread2] INFO server.RaftServerConfigKeys: raft.server.log.unsafe-flush.enabled = false (default)
scm_1    | 2022-12-07 03:33:50,331 [IPC Server listener on 9861] INFO ipc.Server: IPC Server listener on 9861: starting
dn1_1    | 2022-12-07 03:34:10,570 [79dd395b-4526-420e-a37f-67e63318a1f7@group-447BB108574E-FollowerState] INFO impl.RoleInfo: 79dd395b-4526-420e-a37f-67e63318a1f7: start 79dd395b-4526-420e-a37f-67e63318a1f7@group-447BB108574E-LeaderElection5
recon_1  | 	at org.apache.hadoop.ipc.Server$Connection.sendResponse(Server.java:2847)
dn2_1    | 2022-12-07 03:34:10,522 [8bf11be2-7b2c-4412-9d0e-f840011e1ce4@group-E44882EFDF64-FollowerState] INFO impl.FollowerState: 8bf11be2-7b2c-4412-9d0e-f840011e1ce4@group-E44882EFDF64-FollowerState: change to CANDIDATE, lastRpcElapsedTime:5004210332ns, electionTimeout:5000ms
dn3_1    | 2022-12-07 03:33:51,728 [51c642f5-0e34-4b40-8725-f66df349a602-impl-thread2] INFO server.RaftServerConfigKeys: raft.server.log.async-flush.enabled = false (default)
scm_1    | 2022-12-07 03:33:50,436 [IPC Server handler 5 on default port 9861] WARN ipc.Server: IPC Server handler 5 on default port 9861, call Call#1 Retry#0 org.apache.hadoop.ozone.protocol.StorageContainerDatanodeProtocol.submitRequest from 10.9.0.13:42118: output error
dn1_1    | 2022-12-07 03:34:10,589 [79dd395b-4526-420e-a37f-67e63318a1f7@group-447BB108574E-LeaderElection5] INFO impl.LeaderElection: 79dd395b-4526-420e-a37f-67e63318a1f7@group-447BB108574E-LeaderElection5 ELECTION round 0: submit vote requests at term 5 for 0: peers:[79dd395b-4526-420e-a37f-67e63318a1f7|rpc:10.9.0.11:9856|admin:10.9.0.11:9857|client:10.9.0.11:9858|dataStream:|priority:0|startupRole:FOLLOWER, 8bf11be2-7b2c-4412-9d0e-f840011e1ce4|rpc:10.9.0.12:9856|admin:10.9.0.12:9857|client:10.9.0.12:9858|dataStream:|priority:0|startupRole:FOLLOWER, 51c642f5-0e34-4b40-8725-f66df349a602|rpc:10.9.0.13:9856|admin:10.9.0.13:9857|client:10.9.0.13:9858|dataStream:|priority:1|startupRole:FOLLOWER]|listeners:[], old=null
recon_1  | 	at org.apache.hadoop.ipc.Server$Connection.access$300(Server.java:1814)
recon_1  | 	at org.apache.hadoop.ipc.Server$RpcCall.doResponse(Server.java:1125)
dn3_1    | 2022-12-07 03:33:51,728 [51c642f5-0e34-4b40-8725-f66df349a602-impl-thread2] INFO server.RaftServerConfigKeys: raft.server.log.statemachine.data.caching.enabled = true (custom)
scm_1    | 2022-12-07 03:33:50,440 [IPC Server handler 1 on default port 9861] WARN ipc.Server: IPC Server handler 1 on default port 9861, call Call#1 Retry#0 org.apache.hadoop.ozone.protocol.StorageContainerDatanodeProtocol.submitRequest from 10.9.0.11:50396: output error
dn1_1    | 2022-12-07 03:34:10,594 [79dd395b-4526-420e-a37f-67e63318a1f7@group-E44882EFDF64-LeaderElection4] INFO impl.LeaderElection: 79dd395b-4526-420e-a37f-67e63318a1f7@group-E44882EFDF64-LeaderElection4: ELECTION PASSED received 2 response(s) and 0 exception(s):
dn2_1    | 2022-12-07 03:34:10,522 [8bf11be2-7b2c-4412-9d0e-f840011e1ce4@group-E44882EFDF64-FollowerState] INFO impl.RoleInfo: 8bf11be2-7b2c-4412-9d0e-f840011e1ce4: shutdown 8bf11be2-7b2c-4412-9d0e-f840011e1ce4@group-E44882EFDF64-FollowerState
recon_1  | 	at org.apache.hadoop.ipc.Server$Call.doResponse(Server.java:917)
dn3_1    | 2022-12-07 03:33:51,775 [51c642f5-0e34-4b40-8725-f66df349a602-impl-thread1] INFO server.RaftServerConfigKeys: raft.server.log.unsafe-flush.enabled = false (default)
scm_1    | 2022-12-07 03:33:50,442 [IPC Server handler 1 on default port 9861] INFO ipc.Server: IPC Server handler 1 on default port 9861 caught an exception
dn1_1    | 2022-12-07 03:34:10,594 [79dd395b-4526-420e-a37f-67e63318a1f7@group-E44882EFDF64-LeaderElection4] INFO impl.LeaderElection:   Response 0: 79dd395b-4526-420e-a37f-67e63318a1f7<-8bf11be2-7b2c-4412-9d0e-f840011e1ce4#0:FAIL-t4
dn2_1    | 2022-12-07 03:34:10,524 [8bf11be2-7b2c-4412-9d0e-f840011e1ce4@group-E44882EFDF64-FollowerState] INFO server.RaftServer$Division: 8bf11be2-7b2c-4412-9d0e-f840011e1ce4@group-E44882EFDF64: changes role from  FOLLOWER to CANDIDATE at term 3 for changeToCandidate
recon_1  | 	at org.apache.hadoop.ipc.Server$Call.sendResponse(Server.java:903)
dn3_1    | 2022-12-07 03:33:51,776 [51c642f5-0e34-4b40-8725-f66df349a602-impl-thread1] INFO server.RaftServerConfigKeys: raft.server.log.async-flush.enabled = false (default)
scm_1    | java.nio.channels.ClosedChannelException
dn1_1    | 2022-12-07 03:34:10,595 [79dd395b-4526-420e-a37f-67e63318a1f7@group-E44882EFDF64-LeaderElection4] INFO impl.LeaderElection:   Response 1: 79dd395b-4526-420e-a37f-67e63318a1f7<-51c642f5-0e34-4b40-8725-f66df349a602#0:OK-t4
dn2_1    | 2022-12-07 03:34:10,524 [8bf11be2-7b2c-4412-9d0e-f840011e1ce4@group-E44882EFDF64-FollowerState] INFO server.RaftServerConfigKeys: raft.server.leaderelection.pre-vote = false (custom)
recon_1  | 	at org.apache.hadoop.ipc.Server$RpcCall.run(Server.java:1060)
scm_1    | 	at java.base/sun.nio.ch.SocketChannelImpl.ensureOpenAndConnected(SocketChannelImpl.java:180)
dn1_1    | 2022-12-07 03:34:10,595 [79dd395b-4526-420e-a37f-67e63318a1f7@group-E44882EFDF64-LeaderElection4] INFO impl.LeaderElection: 79dd395b-4526-420e-a37f-67e63318a1f7@group-E44882EFDF64-LeaderElection4 ELECTION round 0: result PASSED
dn2_1    | 2022-12-07 03:34:10,524 [8bf11be2-7b2c-4412-9d0e-f840011e1ce4@group-E44882EFDF64-FollowerState] INFO impl.RoleInfo: 8bf11be2-7b2c-4412-9d0e-f840011e1ce4: start 8bf11be2-7b2c-4412-9d0e-f840011e1ce4@group-E44882EFDF64-LeaderElection6
dn3_1    | 2022-12-07 03:33:51,779 [51c642f5-0e34-4b40-8725-f66df349a602-impl-thread1] INFO server.RaftServerConfigKeys: raft.server.log.statemachine.data.caching.enabled = true (custom)
recon_1  | 	at org.apache.hadoop.ipc.Server$RpcCall.run(Server.java:971)
scm_1    | 	at java.base/sun.nio.ch.SocketChannelImpl.write(SocketChannelImpl.java:452)
dn1_1    | 2022-12-07 03:34:10,595 [79dd395b-4526-420e-a37f-67e63318a1f7@group-E44882EFDF64-LeaderElection4] INFO impl.RoleInfo: 79dd395b-4526-420e-a37f-67e63318a1f7: shutdown 79dd395b-4526-420e-a37f-67e63318a1f7@group-E44882EFDF64-LeaderElection4
dn2_1    | 2022-12-07 03:34:10,536 [8bf11be2-7b2c-4412-9d0e-f840011e1ce4@group-E44882EFDF64-LeaderElection6] INFO impl.LeaderElection: 8bf11be2-7b2c-4412-9d0e-f840011e1ce4@group-E44882EFDF64-LeaderElection6 ELECTION round 0: submit vote requests at term 4 for 0: peers:[79dd395b-4526-420e-a37f-67e63318a1f7|rpc:10.9.0.11:9856|admin:10.9.0.11:9857|client:10.9.0.11:9858|dataStream:|priority:1|startupRole:FOLLOWER, 8bf11be2-7b2c-4412-9d0e-f840011e1ce4|rpc:10.9.0.12:9856|admin:10.9.0.12:9857|client:10.9.0.12:9858|dataStream:|priority:0|startupRole:FOLLOWER, 51c642f5-0e34-4b40-8725-f66df349a602|rpc:10.9.0.13:9856|admin:10.9.0.13:9857|client:10.9.0.13:9858|dataStream:|priority:0|startupRole:FOLLOWER]|listeners:[], old=null
dn3_1    | 2022-12-07 03:33:51,832 [51c642f5-0e34-4b40-8725-f66df349a602-impl-thread3] INFO server.RaftServer$Division: 51c642f5-0e34-4b40-8725-f66df349a602@group-1395970D9ECF: set configuration 0: peers:[51c642f5-0e34-4b40-8725-f66df349a602|rpc:10.9.0.13:9856|admin:10.9.0.13:9857|client:10.9.0.13:9858|dataStream:|priority:1|startupRole:FOLLOWER]|listeners:[], old=null
recon_1  | 	at java.base/java.security.AccessController.doPrivileged(Native Method)
scm_1    | 	at org.apache.hadoop.ipc.Server.channelWrite(Server.java:3619)
dn1_1    | 2022-12-07 03:34:10,595 [79dd395b-4526-420e-a37f-67e63318a1f7@group-E44882EFDF64-LeaderElection4] INFO server.RaftServer$Division: 79dd395b-4526-420e-a37f-67e63318a1f7@group-E44882EFDF64: changes role from CANDIDATE to LEADER at term 4 for changeToLeader
dn2_1    | 2022-12-07 03:34:10,539 [8bf11be2-7b2c-4412-9d0e-f840011e1ce4@group-E44882EFDF64-LeaderElection6] INFO server.RaftServerConfigKeys: raft.server.rpc.first-election.timeout.min = 5s (fallback to raft.server.rpc.timeout.min)
dn3_1    | 2022-12-07 03:33:51,838 [51c642f5-0e34-4b40-8725-f66df349a602-impl-thread2] INFO server.RaftServer$Division: 51c642f5-0e34-4b40-8725-f66df349a602@group-E44882EFDF64: set configuration 0: peers:[79dd395b-4526-420e-a37f-67e63318a1f7|rpc:10.9.0.11:9856|admin:10.9.0.11:9857|client:10.9.0.11:9858|dataStream:|priority:1|startupRole:FOLLOWER, 8bf11be2-7b2c-4412-9d0e-f840011e1ce4|rpc:10.9.0.12:9856|admin:10.9.0.12:9857|client:10.9.0.12:9858|dataStream:|priority:0|startupRole:FOLLOWER, 51c642f5-0e34-4b40-8725-f66df349a602|rpc:10.9.0.13:9856|admin:10.9.0.13:9857|client:10.9.0.13:9858|dataStream:|priority:0|startupRole:FOLLOWER]|listeners:[], old=null
recon_1  | 	at java.base/javax.security.auth.Subject.doAs(Subject.java:423)
recon_1  | 	at org.apache.hadoop.security.UserGroupInformation.doAs(UserGroupInformation.java:1878)
dn1_1    | 2022-12-07 03:34:10,595 [79dd395b-4526-420e-a37f-67e63318a1f7@group-E44882EFDF64-LeaderElection4] INFO ratis.XceiverServerRatis: Leader change notification received for group: group-E44882EFDF64 with new leaderId: 79dd395b-4526-420e-a37f-67e63318a1f7
dn2_1    | 2022-12-07 03:34:10,541 [8bf11be2-7b2c-4412-9d0e-f840011e1ce4@group-447BB108574E-FollowerState] INFO impl.FollowerState: 8bf11be2-7b2c-4412-9d0e-f840011e1ce4@group-447BB108574E-FollowerState: change to CANDIDATE, lastRpcElapsedTime:5071295662ns, electionTimeout:5046ms
dn3_1    | 2022-12-07 03:33:51,845 [51c642f5-0e34-4b40-8725-f66df349a602-impl-thread3] INFO segmented.LogSegment: Successfully read 1 entries from segment file /data/metadata/ratis/a372a841-fb69-4448-bb1a-1395970d9ecf/current/log_inprogress_0
recon_1  | 	at org.apache.hadoop.ipc.Server$Handler.run(Server.java:2976)
recon_1  | 2022-12-07 03:33:54,117 [IPC Server handler 2 on default port 9891] WARN ipc.Server: IPC Server handler 2 on default port 9891, call Call#0 Retry#0 org.apache.hadoop.ozone.protocol.ReconDatanodeProtocol.submitRequest from 10.9.0.12:43408: output error
dn1_1    | 2022-12-07 03:34:10,607 [79dd395b-4526-420e-a37f-67e63318a1f7@group-E44882EFDF64-LeaderElection4] INFO server.RaftServer$Division: 79dd395b-4526-420e-a37f-67e63318a1f7@group-E44882EFDF64: change Leader from null to 79dd395b-4526-420e-a37f-67e63318a1f7 at term 4 for becomeLeader, leader elected after 31596ms
dn2_1    | 2022-12-07 03:34:10,544 [8bf11be2-7b2c-4412-9d0e-f840011e1ce4@group-447BB108574E-FollowerState] INFO impl.RoleInfo: 8bf11be2-7b2c-4412-9d0e-f840011e1ce4: shutdown 8bf11be2-7b2c-4412-9d0e-f840011e1ce4@group-447BB108574E-FollowerState
dn3_1    | 2022-12-07 03:33:51,846 [51c642f5-0e34-4b40-8725-f66df349a602-impl-thread1] INFO server.RaftServer$Division: 51c642f5-0e34-4b40-8725-f66df349a602@group-447BB108574E: set configuration 0: peers:[79dd395b-4526-420e-a37f-67e63318a1f7|rpc:10.9.0.11:9856|admin:10.9.0.11:9857|client:10.9.0.11:9858|dataStream:|priority:0|startupRole:FOLLOWER, 8bf11be2-7b2c-4412-9d0e-f840011e1ce4|rpc:10.9.0.12:9856|admin:10.9.0.12:9857|client:10.9.0.12:9858|dataStream:|priority:0|startupRole:FOLLOWER, 51c642f5-0e34-4b40-8725-f66df349a602|rpc:10.9.0.13:9856|admin:10.9.0.13:9857|client:10.9.0.13:9858|dataStream:|priority:1|startupRole:FOLLOWER]|listeners:[], old=null
scm_1    | 	at org.apache.hadoop.ipc.Server.access$1700(Server.java:144)
recon_1  | 2022-12-07 03:33:54,118 [IPC Server handler 2 on default port 9891] INFO ipc.Server: IPC Server handler 2 on default port 9891 caught an exception
dn1_1    | 2022-12-07 03:34:10,607 [79dd395b-4526-420e-a37f-67e63318a1f7@group-E44882EFDF64-LeaderElection4] INFO server.RaftServerConfigKeys: raft.server.staging.catchup.gap = 1000 (default)
dn2_1    | 2022-12-07 03:34:10,545 [8bf11be2-7b2c-4412-9d0e-f840011e1ce4@group-447BB108574E-FollowerState] INFO server.RaftServer$Division: 8bf11be2-7b2c-4412-9d0e-f840011e1ce4@group-447BB108574E: changes role from  FOLLOWER to CANDIDATE at term 4 for changeToCandidate
dn2_1    | 2022-12-07 03:34:10,545 [8bf11be2-7b2c-4412-9d0e-f840011e1ce4@group-447BB108574E-FollowerState] INFO server.RaftServerConfigKeys: raft.server.leaderelection.pre-vote = false (custom)
scm_1    | 	at org.apache.hadoop.ipc.Server$Responder.processResponse(Server.java:1672)
recon_1  | java.nio.channels.ClosedChannelException
dn1_1    | 2022-12-07 03:34:10,607 [79dd395b-4526-420e-a37f-67e63318a1f7@group-E44882EFDF64-LeaderElection4] INFO server.RaftServerConfigKeys: raft.server.write.element-limit = 1024 (custom)
dn2_1    | 2022-12-07 03:34:10,545 [8bf11be2-7b2c-4412-9d0e-f840011e1ce4@group-447BB108574E-FollowerState] INFO impl.RoleInfo: 8bf11be2-7b2c-4412-9d0e-f840011e1ce4: start 8bf11be2-7b2c-4412-9d0e-f840011e1ce4@group-447BB108574E-LeaderElection7
dn3_1    | 2022-12-07 03:33:51,883 [51c642f5-0e34-4b40-8725-f66df349a602-impl-thread3] INFO segmented.SegmentedRaftLogWorker: 51c642f5-0e34-4b40-8725-f66df349a602@group-1395970D9ECF-SegmentedRaftLogWorker: flushIndex: setUnconditionally 0 -> 0
scm_1    | 	at org.apache.hadoop.ipc.Server$Responder.doRespond(Server.java:1742)
recon_1  | 	at java.base/sun.nio.ch.SocketChannelImpl.ensureOpenAndConnected(SocketChannelImpl.java:180)
dn1_1    | 2022-12-07 03:34:10,607 [79dd395b-4526-420e-a37f-67e63318a1f7@group-E44882EFDF64-LeaderElection4] INFO server.RaftServerConfigKeys: raft.server.write.byte-limit = 1024 M (=1073741824) (custom)
dn2_1    | 2022-12-07 03:34:10,552 [8bf11be2-7b2c-4412-9d0e-f840011e1ce4@group-E44882EFDF64-LeaderElection6] INFO server.RaftServerConfigKeys: raft.server.rpc.first-election.timeout.max = 5200ms (fallback to raft.server.rpc.timeout.max)
dn3_1    | 2022-12-07 03:33:51,888 [51c642f5-0e34-4b40-8725-f66df349a602-impl-thread3] INFO segmented.SegmentedRaftLogWorker: 51c642f5-0e34-4b40-8725-f66df349a602@group-1395970D9ECF-SegmentedRaftLogWorker: safeCacheEvictIndex: setUnconditionally 0 -> -1
scm_1    | 	at org.apache.hadoop.ipc.Server$Connection.sendResponse(Server.java:2847)
recon_1  | 	at java.base/sun.nio.ch.SocketChannelImpl.write(SocketChannelImpl.java:452)
dn1_1    | 2022-12-07 03:34:10,607 [79dd395b-4526-420e-a37f-67e63318a1f7@group-E44882EFDF64-LeaderElection4] INFO server.RaftServerConfigKeys: raft.server.watch.timeout = 180s (custom)
dn2_1    | 2022-12-07 03:34:10,579 [grpc-default-executor-0] INFO server.RaftServer$Division: 8bf11be2-7b2c-4412-9d0e-f840011e1ce4@group-E44882EFDF64: receive requestVote(ELECTION, 79dd395b-4526-420e-a37f-67e63318a1f7, group-E44882EFDF64, 4, (t:1, i:4))
dn3_1    | 2022-12-07 03:33:51,910 [51c642f5-0e34-4b40-8725-f66df349a602-impl-thread2] INFO segmented.LogSegment: Successfully read 5 entries from segment file /data/metadata/ratis/93475a49-98af-4b56-9aec-e44882efdf64/current/log_inprogress_0
scm_1    | 	at org.apache.hadoop.ipc.Server$Connection.access$300(Server.java:1814)
recon_1  | 	at org.apache.hadoop.ipc.Server.channelWrite(Server.java:3619)
dn1_1    | 2022-12-07 03:34:10,608 [79dd395b-4526-420e-a37f-67e63318a1f7@group-E44882EFDF64-LeaderElection4] INFO server.RaftServerConfigKeys: raft.server.watch.timeout.denomination = 1s (default)
dn2_1    | 2022-12-07 03:34:10,580 [grpc-default-executor-0] INFO impl.VoteContext: 8bf11be2-7b2c-4412-9d0e-f840011e1ce4@group-E44882EFDF64-CANDIDATE: reject ELECTION from 79dd395b-4526-420e-a37f-67e63318a1f7: already has voted for 8bf11be2-7b2c-4412-9d0e-f840011e1ce4 at current term 4
dn3_1    | 2022-12-07 03:33:51,922 [51c642f5-0e34-4b40-8725-f66df349a602-impl-thread2] INFO segmented.SegmentedRaftLogWorker: 51c642f5-0e34-4b40-8725-f66df349a602@group-E44882EFDF64-SegmentedRaftLogWorker: flushIndex: setUnconditionally 0 -> 4
scm_1    | 	at org.apache.hadoop.ipc.Server$RpcCall.doResponse(Server.java:1125)
recon_1  | 	at org.apache.hadoop.ipc.Server.access$1700(Server.java:144)
dn1_1    | 2022-12-07 03:34:10,608 [79dd395b-4526-420e-a37f-67e63318a1f7@group-E44882EFDF64-LeaderElection4] INFO server.RaftServerConfigKeys: raft.server.watch.element-limit = 65536 (default)
dn2_1    | 2022-12-07 03:34:10,580 [grpc-default-executor-0] INFO server.RaftServer$Division: 8bf11be2-7b2c-4412-9d0e-f840011e1ce4@group-E44882EFDF64 replies to ELECTION vote request: 79dd395b-4526-420e-a37f-67e63318a1f7<-8bf11be2-7b2c-4412-9d0e-f840011e1ce4#0:FAIL-t4. Peer's state: 8bf11be2-7b2c-4412-9d0e-f840011e1ce4@group-E44882EFDF64:t4, leader=null, voted=8bf11be2-7b2c-4412-9d0e-f840011e1ce4, raftlog=Memoized:8bf11be2-7b2c-4412-9d0e-f840011e1ce4@group-E44882EFDF64-SegmentedRaftLog:OPENED:c4, conf=0: peers:[79dd395b-4526-420e-a37f-67e63318a1f7|rpc:10.9.0.11:9856|admin:10.9.0.11:9857|client:10.9.0.11:9858|dataStream:|priority:1|startupRole:FOLLOWER, 8bf11be2-7b2c-4412-9d0e-f840011e1ce4|rpc:10.9.0.12:9856|admin:10.9.0.12:9857|client:10.9.0.12:9858|dataStream:|priority:0|startupRole:FOLLOWER, 51c642f5-0e34-4b40-8725-f66df349a602|rpc:10.9.0.13:9856|admin:10.9.0.13:9857|client:10.9.0.13:9858|dataStream:|priority:0|startupRole:FOLLOWER]|listeners:[], old=null
dn3_1    | 2022-12-07 03:33:51,933 [51c642f5-0e34-4b40-8725-f66df349a602-impl-thread2] INFO segmented.SegmentedRaftLogWorker: 51c642f5-0e34-4b40-8725-f66df349a602@group-E44882EFDF64-SegmentedRaftLogWorker: safeCacheEvictIndex: setUnconditionally 0 -> -1
dn3_1    | 2022-12-07 03:33:52,038 [51c642f5-0e34-4b40-8725-f66df349a602-impl-thread1] INFO segmented.LogSegment: Successfully read 201 entries from segment file /data/metadata/ratis/6b4c2973-c71f-4640-ae4e-447bb108574e/current/log_inprogress_0
recon_1  | 	at org.apache.hadoop.ipc.Server$Responder.processResponse(Server.java:1672)
dn1_1    | 2022-12-07 03:34:10,608 [79dd395b-4526-420e-a37f-67e63318a1f7@group-E44882EFDF64-LeaderElection4] INFO server.RaftServerConfigKeys: raft.server.write.element-limit = 1024 (custom)
dn2_1    | 2022-12-07 03:34:10,592 [8bf11be2-7b2c-4412-9d0e-f840011e1ce4@group-447BB108574E-LeaderElection7] INFO impl.LeaderElection: 8bf11be2-7b2c-4412-9d0e-f840011e1ce4@group-447BB108574E-LeaderElection7 ELECTION round 0: submit vote requests at term 5 for 0: peers:[79dd395b-4526-420e-a37f-67e63318a1f7|rpc:10.9.0.11:9856|admin:10.9.0.11:9857|client:10.9.0.11:9858|dataStream:|priority:0|startupRole:FOLLOWER, 8bf11be2-7b2c-4412-9d0e-f840011e1ce4|rpc:10.9.0.12:9856|admin:10.9.0.12:9857|client:10.9.0.12:9858|dataStream:|priority:0|startupRole:FOLLOWER, 51c642f5-0e34-4b40-8725-f66df349a602|rpc:10.9.0.13:9856|admin:10.9.0.13:9857|client:10.9.0.13:9858|dataStream:|priority:1|startupRole:FOLLOWER]|listeners:[], old=null
scm_1    | 	at org.apache.hadoop.ipc.Server$Call.doResponse(Server.java:917)
dn3_1    | 2022-12-07 03:33:52,050 [51c642f5-0e34-4b40-8725-f66df349a602-impl-thread1] INFO segmented.SegmentedRaftLogWorker: 51c642f5-0e34-4b40-8725-f66df349a602@group-447BB108574E-SegmentedRaftLogWorker: flushIndex: setUnconditionally 0 -> 200
recon_1  | 	at org.apache.hadoop.ipc.Server$Responder.doRespond(Server.java:1742)
dn1_1    | 2022-12-07 03:34:10,608 [79dd395b-4526-420e-a37f-67e63318a1f7@group-E44882EFDF64-LeaderElection4] INFO server.RaftServerConfigKeys: raft.server.write.follower.gap.ratio.max = -1.0 (default)
dn2_1    | 2022-12-07 03:34:10,602 [8bf11be2-7b2c-4412-9d0e-f840011e1ce4@group-447BB108574E-LeaderElection7] INFO server.RaftServerConfigKeys: raft.server.rpc.first-election.timeout.min = 5s (fallback to raft.server.rpc.timeout.min)
scm_1    | 	at org.apache.hadoop.ipc.Server$Call.sendResponse(Server.java:903)
dn3_1    | 2022-12-07 03:33:52,051 [51c642f5-0e34-4b40-8725-f66df349a602-impl-thread1] INFO segmented.SegmentedRaftLogWorker: 51c642f5-0e34-4b40-8725-f66df349a602@group-447BB108574E-SegmentedRaftLogWorker: safeCacheEvictIndex: setUnconditionally 0 -> -1
recon_1  | 	at org.apache.hadoop.ipc.Server$Connection.sendResponse(Server.java:2847)
dn1_1    | 2022-12-07 03:34:10,608 [grpc-default-executor-0] INFO server.RaftServer$Division: 79dd395b-4526-420e-a37f-67e63318a1f7@group-E44882EFDF64: receive requestVote(ELECTION, 8bf11be2-7b2c-4412-9d0e-f840011e1ce4, group-E44882EFDF64, 4, (t:1, i:4))
dn2_1    | 2022-12-07 03:34:10,602 [8bf11be2-7b2c-4412-9d0e-f840011e1ce4@group-447BB108574E-LeaderElection7] INFO server.RaftServerConfigKeys: raft.server.rpc.first-election.timeout.max = 5200ms (fallback to raft.server.rpc.timeout.max)
scm_1    | 	at org.apache.hadoop.ipc.Server$RpcCall.run(Server.java:1060)
dn3_1    | 2022-12-07 03:33:52,386 [51c642f5-0e34-4b40-8725-f66df349a602-impl-thread2] INFO raftlog.RaftLog: 51c642f5-0e34-4b40-8725-f66df349a602@group-E44882EFDF64-SegmentedRaftLog: commitIndex: updateToMax old=4, new=2, updated? false
recon_1  | 	at org.apache.hadoop.ipc.Server$Connection.access$300(Server.java:1814)
dn1_1    | 2022-12-07 03:34:10,611 [grpc-default-executor-1] INFO server.RaftServer$Division: 79dd395b-4526-420e-a37f-67e63318a1f7@group-447BB108574E: receive requestVote(ELECTION, 8bf11be2-7b2c-4412-9d0e-f840011e1ce4, group-447BB108574E, 5, (t:2, i:200))
dn2_1    | 2022-12-07 03:34:10,634 [8bf11be2-7b2c-4412-9d0e-f840011e1ce4@group-447BB108574E-LeaderElection7] INFO impl.LeaderElection: 8bf11be2-7b2c-4412-9d0e-f840011e1ce4@group-447BB108574E-LeaderElection7: ELECTION REJECTED received 1 response(s) and 0 exception(s):
dn2_1    | 2022-12-07 03:34:10,634 [8bf11be2-7b2c-4412-9d0e-f840011e1ce4@group-447BB108574E-LeaderElection7] INFO impl.LeaderElection:   Response 0: 8bf11be2-7b2c-4412-9d0e-f840011e1ce4<-51c642f5-0e34-4b40-8725-f66df349a602#0:FAIL-t5
dn3_1    | 2022-12-07 03:33:52,389 [51c642f5-0e34-4b40-8725-f66df349a602-impl-thread2] INFO server.RaftServer$Division: 51c642f5-0e34-4b40-8725-f66df349a602@group-E44882EFDF64: start as a follower, conf=0: peers:[79dd395b-4526-420e-a37f-67e63318a1f7|rpc:10.9.0.11:9856|admin:10.9.0.11:9857|client:10.9.0.11:9858|dataStream:|priority:1|startupRole:FOLLOWER, 8bf11be2-7b2c-4412-9d0e-f840011e1ce4|rpc:10.9.0.12:9856|admin:10.9.0.12:9857|client:10.9.0.12:9858|dataStream:|priority:0|startupRole:FOLLOWER, 51c642f5-0e34-4b40-8725-f66df349a602|rpc:10.9.0.13:9856|admin:10.9.0.13:9857|client:10.9.0.13:9858|dataStream:|priority:0|startupRole:FOLLOWER]|listeners:[], old=null
recon_1  | 	at org.apache.hadoop.ipc.Server$RpcCall.doResponse(Server.java:1125)
dn1_1    | 2022-12-07 03:34:10,649 [grpc-default-executor-1] INFO impl.VoteContext: 79dd395b-4526-420e-a37f-67e63318a1f7@group-447BB108574E-CANDIDATE: reject ELECTION from 8bf11be2-7b2c-4412-9d0e-f840011e1ce4: already has voted for 79dd395b-4526-420e-a37f-67e63318a1f7 at current term 5
dn2_1    | 2022-12-07 03:34:10,634 [8bf11be2-7b2c-4412-9d0e-f840011e1ce4@group-447BB108574E-LeaderElection7] INFO impl.LeaderElection: 8bf11be2-7b2c-4412-9d0e-f840011e1ce4@group-447BB108574E-LeaderElection7 ELECTION round 0: result REJECTED
dn2_1    | 2022-12-07 03:34:10,634 [8bf11be2-7b2c-4412-9d0e-f840011e1ce4@group-447BB108574E-LeaderElection7] INFO server.RaftServer$Division: 8bf11be2-7b2c-4412-9d0e-f840011e1ce4@group-447BB108574E: changes role from CANDIDATE to FOLLOWER at term 5 for REJECTED
dn3_1    | 2022-12-07 03:33:52,396 [51c642f5-0e34-4b40-8725-f66df349a602-impl-thread2] INFO server.RaftServer$Division: 51c642f5-0e34-4b40-8725-f66df349a602@group-E44882EFDF64: changes role from      null to FOLLOWER at term 1 for startAsFollower
recon_1  | 	at org.apache.hadoop.ipc.Server$Call.doResponse(Server.java:917)
scm_1    | 	at org.apache.hadoop.ipc.Server$RpcCall.run(Server.java:971)
dn1_1    | 2022-12-07 03:34:10,649 [grpc-default-executor-1] INFO server.RaftServer$Division: 79dd395b-4526-420e-a37f-67e63318a1f7@group-447BB108574E replies to ELECTION vote request: 8bf11be2-7b2c-4412-9d0e-f840011e1ce4<-79dd395b-4526-420e-a37f-67e63318a1f7#0:FAIL-t5. Peer's state: 79dd395b-4526-420e-a37f-67e63318a1f7@group-447BB108574E:t5, leader=null, voted=79dd395b-4526-420e-a37f-67e63318a1f7, raftlog=Memoized:79dd395b-4526-420e-a37f-67e63318a1f7@group-447BB108574E-SegmentedRaftLog:OPENED:c200, conf=0: peers:[79dd395b-4526-420e-a37f-67e63318a1f7|rpc:10.9.0.11:9856|admin:10.9.0.11:9857|client:10.9.0.11:9858|dataStream:|priority:0|startupRole:FOLLOWER, 8bf11be2-7b2c-4412-9d0e-f840011e1ce4|rpc:10.9.0.12:9856|admin:10.9.0.12:9857|client:10.9.0.12:9858|dataStream:|priority:0|startupRole:FOLLOWER, 51c642f5-0e34-4b40-8725-f66df349a602|rpc:10.9.0.13:9856|admin:10.9.0.13:9857|client:10.9.0.13:9858|dataStream:|priority:1|startupRole:FOLLOWER]|listeners:[], old=null
dn3_1    | 2022-12-07 03:33:52,398 [51c642f5-0e34-4b40-8725-f66df349a602-impl-thread2] INFO impl.RoleInfo: 51c642f5-0e34-4b40-8725-f66df349a602: start 51c642f5-0e34-4b40-8725-f66df349a602@group-E44882EFDF64-FollowerState
recon_1  | 	at org.apache.hadoop.ipc.Server$Call.sendResponse(Server.java:903)
dn2_1    | 2022-12-07 03:34:10,634 [8bf11be2-7b2c-4412-9d0e-f840011e1ce4@group-447BB108574E-LeaderElection7] INFO impl.RoleInfo: 8bf11be2-7b2c-4412-9d0e-f840011e1ce4: shutdown 8bf11be2-7b2c-4412-9d0e-f840011e1ce4@group-447BB108574E-LeaderElection7
scm_1    | 	at java.base/java.security.AccessController.doPrivileged(Native Method)
dn1_1    | 2022-12-07 03:34:10,655 [79dd395b-4526-420e-a37f-67e63318a1f7@group-447BB108574E-LeaderElection5] INFO server.RaftServerConfigKeys: raft.server.rpc.first-election.timeout.min = 5s (fallback to raft.server.rpc.timeout.min)
dn3_1    | 2022-12-07 03:33:52,416 [51c642f5-0e34-4b40-8725-f66df349a602-impl-thread3] INFO server.RaftServer$Division: 51c642f5-0e34-4b40-8725-f66df349a602@group-1395970D9ECF: start as a follower, conf=0: peers:[51c642f5-0e34-4b40-8725-f66df349a602|rpc:10.9.0.13:9856|admin:10.9.0.13:9857|client:10.9.0.13:9858|dataStream:|priority:1|startupRole:FOLLOWER]|listeners:[], old=null
dn3_1    | 2022-12-07 03:33:52,443 [51c642f5-0e34-4b40-8725-f66df349a602-impl-thread3] INFO server.RaftServer$Division: 51c642f5-0e34-4b40-8725-f66df349a602@group-1395970D9ECF: changes role from      null to FOLLOWER at term 1 for startAsFollower
dn2_1    | 2022-12-07 03:34:10,634 [8bf11be2-7b2c-4412-9d0e-f840011e1ce4@group-447BB108574E-LeaderElection7] INFO impl.RoleInfo: 8bf11be2-7b2c-4412-9d0e-f840011e1ce4: start 8bf11be2-7b2c-4412-9d0e-f840011e1ce4@group-447BB108574E-FollowerState
scm_1    | 	at java.base/javax.security.auth.Subject.doAs(Subject.java:423)
dn1_1    | 2022-12-07 03:34:10,655 [79dd395b-4526-420e-a37f-67e63318a1f7@group-447BB108574E-LeaderElection5] INFO server.RaftServerConfigKeys: raft.server.rpc.first-election.timeout.max = 5200ms (fallback to raft.server.rpc.timeout.max)
dn3_1    | 2022-12-07 03:33:52,446 [51c642f5-0e34-4b40-8725-f66df349a602-impl-thread2] INFO util.JmxRegister: Successfully registered JMX Bean with object name Ratis:service=RaftServer,group=group-E44882EFDF64,id=51c642f5-0e34-4b40-8725-f66df349a602
dn3_1    | 2022-12-07 03:33:52,444 [51c642f5-0e34-4b40-8725-f66df349a602-impl-thread3] INFO impl.RoleInfo: 51c642f5-0e34-4b40-8725-f66df349a602: start 51c642f5-0e34-4b40-8725-f66df349a602@group-1395970D9ECF-FollowerState
dn2_1    | 2022-12-07 03:34:10,635 [8bf11be2-7b2c-4412-9d0e-f840011e1ce4@group-447BB108574E-FollowerState] INFO server.RaftServerConfigKeys: raft.server.rpc.first-election.timeout.min = 5s (fallback to raft.server.rpc.timeout.min)
scm_1    | 	at org.apache.hadoop.security.UserGroupInformation.doAs(UserGroupInformation.java:1878)
dn1_1    | 2022-12-07 03:34:10,661 [79dd395b-4526-420e-a37f-67e63318a1f7@group-E44882EFDF64-LeaderElection4] INFO server.RaftServerConfigKeys: raft.server.log.appender.snapshot.chunk.size.max = 16MB (=16777216) (default)
dn3_1    | 2022-12-07 03:33:52,440 [51c642f5-0e34-4b40-8725-f66df349a602-impl-thread1] INFO raftlog.RaftLog: 51c642f5-0e34-4b40-8725-f66df349a602@group-447BB108574E-SegmentedRaftLog: commitIndex: updateToMax old=200, new=199, updated? false
scm_1    | 	at org.apache.hadoop.ipc.Server$Handler.run(Server.java:2976)
dn1_1    | 2022-12-07 03:34:10,668 [79dd395b-4526-420e-a37f-67e63318a1f7@group-E44882EFDF64-LeaderElection4] INFO server.RaftServerConfigKeys: raft.server.log.appender.buffer.byte-limit = 33554432 (custom)
recon_1  | 	at org.apache.hadoop.ipc.Server$RpcCall.run(Server.java:1060)
dn3_1    | 2022-12-07 03:33:52,472 [51c642f5-0e34-4b40-8725-f66df349a602-impl-thread1] INFO server.RaftServer$Division: 51c642f5-0e34-4b40-8725-f66df349a602@group-447BB108574E: start as a follower, conf=0: peers:[79dd395b-4526-420e-a37f-67e63318a1f7|rpc:10.9.0.11:9856|admin:10.9.0.11:9857|client:10.9.0.11:9858|dataStream:|priority:0|startupRole:FOLLOWER, 8bf11be2-7b2c-4412-9d0e-f840011e1ce4|rpc:10.9.0.12:9856|admin:10.9.0.12:9857|client:10.9.0.12:9858|dataStream:|priority:0|startupRole:FOLLOWER, 51c642f5-0e34-4b40-8725-f66df349a602|rpc:10.9.0.13:9856|admin:10.9.0.13:9857|client:10.9.0.13:9858|dataStream:|priority:1|startupRole:FOLLOWER]|listeners:[], old=null
scm_1    | 2022-12-07 03:33:50,444 [IPC Server handler 5 on default port 9861] INFO ipc.Server: IPC Server handler 5 on default port 9861 caught an exception
dn1_1    | 2022-12-07 03:34:10,672 [79dd395b-4526-420e-a37f-67e63318a1f7@group-E44882EFDF64-LeaderElection4] INFO server.RaftServerConfigKeys: raft.server.log.appender.buffer.element-limit = 1 (custom)
dn2_1    | 2022-12-07 03:34:10,640 [8bf11be2-7b2c-4412-9d0e-f840011e1ce4@group-447BB108574E-FollowerState] INFO server.RaftServerConfigKeys: raft.server.rpc.first-election.timeout.max = 5200ms (fallback to raft.server.rpc.timeout.max)
recon_1  | 	at org.apache.hadoop.ipc.Server$RpcCall.run(Server.java:971)
recon_1  | 	at java.base/java.security.AccessController.doPrivileged(Native Method)
scm_1    | java.nio.channels.ClosedChannelException
dn1_1    | 2022-12-07 03:34:10,686 [79dd395b-4526-420e-a37f-67e63318a1f7@group-447BB108574E-LeaderElection5] INFO impl.LeaderElection: 79dd395b-4526-420e-a37f-67e63318a1f7@group-447BB108574E-LeaderElection5: ELECTION REJECTED received 2 response(s) and 0 exception(s):
recon_1  | 	at java.base/javax.security.auth.Subject.doAs(Subject.java:423)
dn2_1    | 2022-12-07 03:34:10,644 [grpc-default-executor-0] INFO server.RaftServer$Division: 8bf11be2-7b2c-4412-9d0e-f840011e1ce4@group-447BB108574E: receive requestVote(ELECTION, 79dd395b-4526-420e-a37f-67e63318a1f7, group-447BB108574E, 5, (t:2, i:200))
dn2_1    | 2022-12-07 03:34:10,645 [grpc-default-executor-0] INFO impl.VoteContext: 8bf11be2-7b2c-4412-9d0e-f840011e1ce4@group-447BB108574E-FOLLOWER: reject ELECTION from 79dd395b-4526-420e-a37f-67e63318a1f7: already has voted for 8bf11be2-7b2c-4412-9d0e-f840011e1ce4 at current term 5
scm_1    | 	at java.base/sun.nio.ch.SocketChannelImpl.ensureOpenAndConnected(SocketChannelImpl.java:180)
dn1_1    | 2022-12-07 03:34:10,686 [79dd395b-4526-420e-a37f-67e63318a1f7@group-447BB108574E-LeaderElection5] INFO impl.LeaderElection:   Response 0: 79dd395b-4526-420e-a37f-67e63318a1f7<-8bf11be2-7b2c-4412-9d0e-f840011e1ce4#0:FAIL-t5
recon_1  | 	at org.apache.hadoop.security.UserGroupInformation.doAs(UserGroupInformation.java:1878)
dn2_1    | 2022-12-07 03:34:10,645 [grpc-default-executor-0] INFO server.RaftServer$Division: 8bf11be2-7b2c-4412-9d0e-f840011e1ce4@group-447BB108574E replies to ELECTION vote request: 79dd395b-4526-420e-a37f-67e63318a1f7<-8bf11be2-7b2c-4412-9d0e-f840011e1ce4#0:FAIL-t5. Peer's state: 8bf11be2-7b2c-4412-9d0e-f840011e1ce4@group-447BB108574E:t5, leader=null, voted=8bf11be2-7b2c-4412-9d0e-f840011e1ce4, raftlog=Memoized:8bf11be2-7b2c-4412-9d0e-f840011e1ce4@group-447BB108574E-SegmentedRaftLog:OPENED:c200, conf=0: peers:[79dd395b-4526-420e-a37f-67e63318a1f7|rpc:10.9.0.11:9856|admin:10.9.0.11:9857|client:10.9.0.11:9858|dataStream:|priority:0|startupRole:FOLLOWER, 8bf11be2-7b2c-4412-9d0e-f840011e1ce4|rpc:10.9.0.12:9856|admin:10.9.0.12:9857|client:10.9.0.12:9858|dataStream:|priority:0|startupRole:FOLLOWER, 51c642f5-0e34-4b40-8725-f66df349a602|rpc:10.9.0.13:9856|admin:10.9.0.13:9857|client:10.9.0.13:9858|dataStream:|priority:1|startupRole:FOLLOWER]|listeners:[], old=null
dn3_1    | 2022-12-07 03:33:52,472 [51c642f5-0e34-4b40-8725-f66df349a602-impl-thread1] INFO server.RaftServer$Division: 51c642f5-0e34-4b40-8725-f66df349a602@group-447BB108574E: changes role from      null to FOLLOWER at term 2 for startAsFollower
scm_1    | 	at java.base/sun.nio.ch.SocketChannelImpl.write(SocketChannelImpl.java:452)
dn1_1    | 2022-12-07 03:34:10,686 [79dd395b-4526-420e-a37f-67e63318a1f7@group-447BB108574E-LeaderElection5] INFO impl.LeaderElection:   Response 1: 79dd395b-4526-420e-a37f-67e63318a1f7<-51c642f5-0e34-4b40-8725-f66df349a602#0:FAIL-t5
recon_1  | 	at org.apache.hadoop.ipc.Server$Handler.run(Server.java:2976)
dn2_1    | 2022-12-07 03:34:10,710 [8bf11be2-7b2c-4412-9d0e-f840011e1ce4@group-E44882EFDF64-LeaderElection6] INFO impl.LeaderElection: 8bf11be2-7b2c-4412-9d0e-f840011e1ce4@group-E44882EFDF64-LeaderElection6: ELECTION REJECTED received 2 response(s) and 0 exception(s):
dn3_1    | 2022-12-07 03:33:52,472 [51c642f5-0e34-4b40-8725-f66df349a602-impl-thread1] INFO impl.RoleInfo: 51c642f5-0e34-4b40-8725-f66df349a602: start 51c642f5-0e34-4b40-8725-f66df349a602@group-447BB108574E-FollowerState
scm_1    | 	at org.apache.hadoop.ipc.Server.channelWrite(Server.java:3619)
dn1_1    | 2022-12-07 03:34:10,686 [79dd395b-4526-420e-a37f-67e63318a1f7@group-447BB108574E-LeaderElection5] INFO impl.LeaderElection: 79dd395b-4526-420e-a37f-67e63318a1f7@group-447BB108574E-LeaderElection5 ELECTION round 0: result REJECTED
recon_1  | 2022-12-07 03:33:54,125 [IPC Server handler 4 on default port 9891] WARN ipc.Server: IPC Server handler 4 on default port 9891, call Call#0 Retry#0 org.apache.hadoop.ozone.protocol.ReconDatanodeProtocol.submitRequest from 10.9.0.13:58374: output error
dn2_1    | 2022-12-07 03:34:10,710 [8bf11be2-7b2c-4412-9d0e-f840011e1ce4@group-E44882EFDF64-LeaderElection6] INFO impl.LeaderElection:   Response 0: 8bf11be2-7b2c-4412-9d0e-f840011e1ce4<-79dd395b-4526-420e-a37f-67e63318a1f7#0:FAIL-t4
dn3_1    | 2022-12-07 03:33:52,473 [51c642f5-0e34-4b40-8725-f66df349a602-impl-thread2] INFO server.RaftServerConfigKeys: raft.server.snapshot.auto.trigger.enabled = true (custom)
scm_1    | 	at org.apache.hadoop.ipc.Server.access$1700(Server.java:144)
dn1_1    | 2022-12-07 03:34:10,686 [79dd395b-4526-420e-a37f-67e63318a1f7@group-447BB108574E-LeaderElection5] INFO server.RaftServer$Division: 79dd395b-4526-420e-a37f-67e63318a1f7@group-447BB108574E: changes role from CANDIDATE to FOLLOWER at term 5 for REJECTED
recon_1  | 2022-12-07 03:33:54,126 [IPC Server handler 4 on default port 9891] INFO ipc.Server: IPC Server handler 4 on default port 9891 caught an exception
dn2_1    | 2022-12-07 03:34:10,710 [8bf11be2-7b2c-4412-9d0e-f840011e1ce4@group-E44882EFDF64-LeaderElection6] INFO impl.LeaderElection:   Response 1: 8bf11be2-7b2c-4412-9d0e-f840011e1ce4<-51c642f5-0e34-4b40-8725-f66df349a602#0:FAIL-t4
dn3_1    | 2022-12-07 03:33:52,875 [51c642f5-0e34-4b40-8725-f66df349a602-impl-thread2] INFO server.RaftServerConfigKeys: raft.server.snapshot.auto.trigger.threshold = 10000 (custom)
scm_1    | 	at org.apache.hadoop.ipc.Server$Responder.processResponse(Server.java:1672)
dn1_1    | 2022-12-07 03:34:10,687 [79dd395b-4526-420e-a37f-67e63318a1f7@group-447BB108574E-LeaderElection5] INFO impl.RoleInfo: 79dd395b-4526-420e-a37f-67e63318a1f7: shutdown 79dd395b-4526-420e-a37f-67e63318a1f7@group-447BB108574E-LeaderElection5
recon_1  | java.nio.channels.ClosedChannelException
dn2_1    | 2022-12-07 03:34:10,710 [8bf11be2-7b2c-4412-9d0e-f840011e1ce4@group-E44882EFDF64-LeaderElection6] INFO impl.LeaderElection: 8bf11be2-7b2c-4412-9d0e-f840011e1ce4@group-E44882EFDF64-LeaderElection6 ELECTION round 0: result REJECTED
dn3_1    | 2022-12-07 03:33:52,879 [51c642f5-0e34-4b40-8725-f66df349a602-impl-thread2] INFO server.RaftServerConfigKeys: raft.server.snapshot.retention.file.num = 5 (custom)
scm_1    | 	at org.apache.hadoop.ipc.Server$Responder.doRespond(Server.java:1742)
dn1_1    | 2022-12-07 03:34:10,687 [79dd395b-4526-420e-a37f-67e63318a1f7@group-E44882EFDF64-LeaderElection4] INFO grpc.GrpcConfigKeys: raft.grpc.server.leader.outstanding.appends.max = 128 (default)
