dn1_1    | 2022-12-07 03:33:58,146 [79dd395b-4526-420e-a37f-67e63318a1f7@group-E44882EFDF64-LeaderElection1] INFO impl.LeaderElection: 79dd395b-4526-420e-a37f-67e63318a1f7@group-E44882EFDF64-LeaderElection1 ELECTION round 0: submit vote requests at term 2 for 0: peers:[79dd395b-4526-420e-a37f-67e63318a1f7|rpc:10.9.0.11:9856|admin:10.9.0.11:9857|client:10.9.0.11:9858|dataStream:|priority:1|startupRole:FOLLOWER, 8bf11be2-7b2c-4412-9d0e-f840011e1ce4|rpc:10.9.0.12:9856|admin:10.9.0.12:9857|client:10.9.0.12:9858|dataStream:|priority:0|startupRole:FOLLOWER, 51c642f5-0e34-4b40-8725-f66df349a602|rpc:10.9.0.13:9856|admin:10.9.0.13:9857|client:10.9.0.13:9858|dataStream:|priority:0|startupRole:FOLLOWER]|listeners:[], old=null
dn1_1    | 2022-12-07 03:33:58,238 [79dd395b-4526-420e-a37f-67e63318a1f7@group-E44882EFDF64-LeaderElection1-1] INFO server.GrpcServerProtocolClient: Build channel for 8bf11be2-7b2c-4412-9d0e-f840011e1ce4
dn2_1    | 2022-12-07 03:33:53,015 [EndpointStateMachine task thread for scm/10.9.0.17:9861 - 0 ] INFO server.RaftServer: 8bf11be2-7b2c-4412-9d0e-f840011e1ce4: start RPC server
recon_1  | 2022-12-07 03:33:47,560 [Listener at 0.0.0.0/9891] INFO recovery.ReconOmMetadataManagerImpl: Last known snapshot for OM : /data/metadata/om.snapshot.db_1670383950478
recon_1  | 2022-12-07 03:33:47,565 [Listener at 0.0.0.0/9891] INFO codec.OmKeyInfoCodec: OmKeyInfoCodec ignorePipeline = true
recon_1  | 2022-12-07 03:33:47,567 [Listener at 0.0.0.0/9891] INFO codec.RepeatedOmKeyInfoCodec: RepeatedOmKeyInfoCodec ignorePipeline = true
recon_1  | 2022-12-07 03:33:47,630 [Listener at 0.0.0.0/9891] INFO recovery.ReconOmMetadataManagerImpl: Created OM DB handle from snapshot at /data/metadata/om.snapshot.db_1670383950478.
scm_1    | 2022-12-07 03:33:44,803 [e340a840-cb0d-4d23-99c7-778df2480c85-impl-thread1] INFO server.RaftServerConfigKeys: raft.server.log.purge.preservation.log.num = 0 (default)
om_1     | ]
dn2_1    | 2022-12-07 03:33:53,022 [EndpointStateMachine task thread for scm/10.9.0.17:9861 - 0 ] INFO server.GrpcService: 8bf11be2-7b2c-4412-9d0e-f840011e1ce4: GrpcService started, listening on 9858
dn3_1    | 	at org.apache.hadoop.net.SocketIOWithTimeout.doIO(SocketIOWithTimeout.java:163)
recon_1  | 2022-12-07 03:33:47,660 [Listener at 0.0.0.0/9891] INFO tasks.ReconTaskControllerImpl: Starting Recon Task Controller.
recon_1  | 2022-12-07 03:33:47,661 [Listener at 0.0.0.0/9891] INFO scm.ReconStorageContainerManagerFacade: Recon ScmDatanodeProtocol RPC server is listening at /0.0.0.0:9891
scm_1    | 2022-12-07 03:33:44,813 [e340a840-cb0d-4d23-99c7-778df2480c85-impl-thread1] INFO server.RaftServerConfigKeys: raft.server.log.segment.size.max = 4194304 (custom)
om_1     | 2022-12-07 03:34:44,470 [OM StateMachine ApplyTransaction Thread - 0] INFO key.OMKeyRequest: Detect allocated but uncommitted blocks [{blockID={containerID=1001, localID=109611004723201002}, length=268435456, offset=0, token=null, pipeline=null, createVersion=0, partNumber=0}] in key omkgpost/0.
dn2_1    | 2022-12-07 03:33:53,024 [EndpointStateMachine task thread for scm/10.9.0.17:9861 - 0 ] INFO server.GrpcService: 8bf11be2-7b2c-4412-9d0e-f840011e1ce4: GrpcService started, listening on 9856
dn3_1    | 	at org.apache.hadoop.net.SocketInputStream.read(SocketInputStream.java:161)
recon_1  | 2022-12-07 03:33:49,793 [Listener at 0.0.0.0/9891] INFO retry.RetryInvocationHandler: com.google.protobuf.ServiceException: org.apache.hadoop.ipc.RemoteException(org.apache.hadoop.hdds.ratis.ServerNotLeaderException): Server:e340a840-cb0d-4d23-99c7-778df2480c85 is not the leader. Could not determine the leader node.
recon_1  | 	at org.apache.hadoop.hdds.ratis.ServerNotLeaderException.convertToNotLeaderException(ServerNotLeaderException.java:109)
scm_1    | 2022-12-07 03:33:44,820 [e340a840-cb0d-4d23-99c7-778df2480c85-impl-thread1] INFO server.RaftServerConfigKeys: raft.server.log.segment.cache.num.max = 2 (custom)
scm_1    | 2022-12-07 03:33:44,824 [e340a840-cb0d-4d23-99c7-778df2480c85-impl-thread1] INFO server.RaftServerConfigKeys: raft.server.log.segment.cache.size.max = 200MB (=209715200) (default)
dn2_1    | 2022-12-07 03:33:53,033 [EndpointStateMachine task thread for scm/10.9.0.17:9861 - 0 ] INFO server.GrpcService: 8bf11be2-7b2c-4412-9d0e-f840011e1ce4: GrpcService started, listening on 9857
dn2_1    | 2022-12-07 03:33:53,087 [EndpointStateMachine task thread for scm/10.9.0.17:9861 - 0 ] INFO ratis.XceiverServerRatis: XceiverServerRatis 8bf11be2-7b2c-4412-9d0e-f840011e1ce4 is started using port 9858 for RATIS
scm_1    | 2022-12-07 03:33:44,836 [e340a840-cb0d-4d23-99c7-778df2480c85-impl-thread1] INFO segmented.SegmentedRaftLogWorker: new e340a840-cb0d-4d23-99c7-778df2480c85@group-ABEAC7382D47-SegmentedRaftLogWorker for RaftStorageImpl:Storage Directory /data/metadata/scm-ha/cb501f54-b034-4ad8-b053-abeac7382d47
recon_1  | 	at org.apache.hadoop.hdds.scm.ha.RatisUtil.checkRatisException(RatisUtil.java:246)
dn2_1    | 2022-12-07 03:33:53,087 [EndpointStateMachine task thread for scm/10.9.0.17:9861 - 0 ] INFO ratis.XceiverServerRatis: XceiverServerRatis 8bf11be2-7b2c-4412-9d0e-f840011e1ce4 is started using port 9857 for RATIS_ADMIN
dn3_1    | 	at org.apache.hadoop.net.SocketInputStream.read(SocketInputStream.java:131)
dn1_1    | 2022-12-07 03:33:58,243 [79dd395b-4526-420e-a37f-67e63318a1f7@group-E44882EFDF64-LeaderElection1] INFO server.RaftServerConfigKeys: raft.server.rpc.first-election.timeout.min = 5s (fallback to raft.server.rpc.timeout.min)
dn1_1    | 2022-12-07 03:33:58,244 [79dd395b-4526-420e-a37f-67e63318a1f7@group-E44882EFDF64-LeaderElection1] INFO server.RaftServerConfigKeys: raft.server.rpc.first-election.timeout.max = 5200ms (fallback to raft.server.rpc.timeout.max)
scm_1    | 2022-12-07 03:33:44,843 [e340a840-cb0d-4d23-99c7-778df2480c85-impl-thread1] INFO server.RaftServerConfigKeys: raft.server.log.queue.byte-limit = 64MB (=67108864) (default)
dn2_1    | 2022-12-07 03:33:53,087 [EndpointStateMachine task thread for scm/10.9.0.17:9861 - 0 ] INFO ratis.XceiverServerRatis: XceiverServerRatis 8bf11be2-7b2c-4412-9d0e-f840011e1ce4 is started using port 9856 for RATIS_SERVER
dn2_1    | 2022-12-07 03:33:53,088 [JvmPauseMonitor0] INFO util.JvmPauseMonitor: JvmPauseMonitor-8bf11be2-7b2c-4412-9d0e-f840011e1ce4: Started
dn1_1    | 2022-12-07 03:33:58,243 [79dd395b-4526-420e-a37f-67e63318a1f7@group-E44882EFDF64-LeaderElection1-2] INFO server.GrpcServerProtocolClient: Build channel for 51c642f5-0e34-4b40-8725-f66df349a602
dn1_1    | 2022-12-07 03:33:58,658 [79dd395b-4526-420e-a37f-67e63318a1f7@group-5459B96AA44D-FollowerState] INFO impl.FollowerState: 79dd395b-4526-420e-a37f-67e63318a1f7@group-5459B96AA44D-FollowerState: change to CANDIDATE, lastRpcElapsedTime:5734803833ns, electionTimeout:5146ms
scm_1    | 2022-12-07 03:33:44,844 [e340a840-cb0d-4d23-99c7-778df2480c85-impl-thread1] INFO server.RaftServerConfigKeys: raft.server.log.queue.element-limit = 4096 (default)
recon_1  | 	at org.apache.hadoop.hdds.scm.protocol.StorageContainerLocationProtocolServerSideTranslatorPB.submitRequest(StorageContainerLocationProtocolServerSideTranslatorPB.java:193)
dn2_1    | 2022-12-07 03:33:57,364 [8bf11be2-7b2c-4412-9d0e-f840011e1ce4@group-D95B76297250-FollowerState] INFO impl.FollowerState: 8bf11be2-7b2c-4412-9d0e-f840011e1ce4@group-D95B76297250-FollowerState: change to CANDIDATE, lastRpcElapsedTime:5102891958ns, electionTimeout:5026ms
dn2_1    | 2022-12-07 03:33:57,366 [8bf11be2-7b2c-4412-9d0e-f840011e1ce4@group-D95B76297250-FollowerState] INFO impl.RoleInfo: 8bf11be2-7b2c-4412-9d0e-f840011e1ce4: shutdown 8bf11be2-7b2c-4412-9d0e-f840011e1ce4@group-D95B76297250-FollowerState
scm_1    | 2022-12-07 03:33:44,847 [e340a840-cb0d-4d23-99c7-778df2480c85-impl-thread1] INFO server.RaftServerConfigKeys: raft.server.log.segment.size.max = 4194304 (custom)
dn1_1    | 2022-12-07 03:33:58,689 [79dd395b-4526-420e-a37f-67e63318a1f7@group-5459B96AA44D-FollowerState] INFO impl.RoleInfo: 79dd395b-4526-420e-a37f-67e63318a1f7: shutdown 79dd395b-4526-420e-a37f-67e63318a1f7@group-5459B96AA44D-FollowerState
dn2_1    | 2022-12-07 03:33:57,367 [8bf11be2-7b2c-4412-9d0e-f840011e1ce4@group-D95B76297250-FollowerState] INFO server.RaftServer$Division: 8bf11be2-7b2c-4412-9d0e-f840011e1ce4@group-D95B76297250: changes role from  FOLLOWER to CANDIDATE at term 1 for changeToCandidate
dn2_1    | 2022-12-07 03:33:57,373 [8bf11be2-7b2c-4412-9d0e-f840011e1ce4@group-D95B76297250-FollowerState] INFO server.RaftServerConfigKeys: raft.server.leaderelection.pre-vote = false (custom)
om_1     | 2022-12-07 03:34:47,693 [IPC Server handler 18 on default port 9862] WARN db.RDBStore: Unable to get delta updates since sequenceNumber 24. This exception will be thrown to the client
om_1     | org.apache.hadoop.hdds.utils.db.SequenceNumberNotFoundException: Unable to read data from RocksDB wal to get delta updates. It may have already been flushed to SSTs.
scm_1    | 2022-12-07 03:33:44,847 [e340a840-cb0d-4d23-99c7-778df2480c85-impl-thread1] INFO server.RaftServerConfigKeys: raft.server.log.preallocated.size = 4194304 (custom)
dn2_1    | 2022-12-07 03:33:57,373 [8bf11be2-7b2c-4412-9d0e-f840011e1ce4@group-D95B76297250-FollowerState] INFO impl.RoleInfo: 8bf11be2-7b2c-4412-9d0e-f840011e1ce4: start 8bf11be2-7b2c-4412-9d0e-f840011e1ce4@group-D95B76297250-LeaderElection1
dn2_1    | 2022-12-07 03:33:57,429 [8bf11be2-7b2c-4412-9d0e-f840011e1ce4@group-D95B76297250-LeaderElection1] INFO impl.LeaderElection: 8bf11be2-7b2c-4412-9d0e-f840011e1ce4@group-D95B76297250-LeaderElection1 ELECTION round 0: submit vote requests at term 2 for 0: peers:[8bf11be2-7b2c-4412-9d0e-f840011e1ce4|rpc:10.9.0.12:9856|admin:10.9.0.12:9857|client:10.9.0.12:9858|dataStream:|priority:1|startupRole:FOLLOWER]|listeners:[], old=null
om_1     | 	at org.apache.hadoop.hdds.utils.db.RDBStore.getUpdatesSince(RDBStore.java:320)
om_1     | 	at org.apache.hadoop.ozone.om.OzoneManager.getDBUpdates(OzoneManager.java:4160)
scm_1    | 2022-12-07 03:33:44,852 [e340a840-cb0d-4d23-99c7-778df2480c85-impl-thread1] INFO server.RaftServerConfigKeys: raft.server.log.force.sync.num = 128 (default)
scm_1    | 2022-12-07 03:33:44,853 [e340a840-cb0d-4d23-99c7-778df2480c85-impl-thread1] INFO server.RaftServerConfigKeys: raft.server.log.statemachine.data.sync = true (default)
dn2_1    | 2022-12-07 03:33:57,431 [8bf11be2-7b2c-4412-9d0e-f840011e1ce4@group-D95B76297250-LeaderElection1] INFO impl.LeaderElection: 8bf11be2-7b2c-4412-9d0e-f840011e1ce4@group-D95B76297250-LeaderElection1 ELECTION round 0: result PASSED (term=2)
om_1     | 	at org.apache.hadoop.ozone.protocolPB.OzoneManagerRequestHandler.getOMDBUpdates(OzoneManagerRequestHandler.java:328)
om_1     | 	at org.apache.hadoop.ozone.protocolPB.OzoneManagerRequestHandler.handleReadRequest(OzoneManagerRequestHandler.java:226)
om_1     | 	at org.apache.hadoop.ozone.protocolPB.OzoneManagerProtocolServerSideTranslatorPB.submitReadRequestToOM(OzoneManagerProtocolServerSideTranslatorPB.java:226)
scm_1    | 2022-12-07 03:33:44,861 [e340a840-cb0d-4d23-99c7-778df2480c85-impl-thread1] INFO server.RaftServerConfigKeys: raft.server.log.statemachine.data.sync.timeout = 10s (default)
dn3_1    | 	at java.base/java.io.FilterInputStream.read(FilterInputStream.java:133)
dn3_1    | 	at java.base/java.io.BufferedInputStream.fill(BufferedInputStream.java:252)
dn2_1    | 2022-12-07 03:33:57,433 [8bf11be2-7b2c-4412-9d0e-f840011e1ce4@group-D95B76297250-LeaderElection1] INFO impl.RoleInfo: 8bf11be2-7b2c-4412-9d0e-f840011e1ce4: shutdown 8bf11be2-7b2c-4412-9d0e-f840011e1ce4@group-D95B76297250-LeaderElection1
om_1     | 	at org.apache.hadoop.ozone.protocolPB.OzoneManagerProtocolServerSideTranslatorPB.processRequest(OzoneManagerProtocolServerSideTranslatorPB.java:175)
om_1     | 	at org.apache.hadoop.hdds.server.OzoneProtocolMessageDispatcher.processRequest(OzoneProtocolMessageDispatcher.java:87)
om_1     | 	at org.apache.hadoop.ozone.protocolPB.OzoneManagerProtocolServerSideTranslatorPB.submitRequest(OzoneManagerProtocolServerSideTranslatorPB.java:147)
scm_1    | 2022-12-07 03:33:44,868 [e340a840-cb0d-4d23-99c7-778df2480c85-impl-thread1] INFO server.RaftServerConfigKeys: raft.server.log.statemachine.data.sync.timeout.retry = -1 (default)
dn3_1    | 	at java.base/java.io.BufferedInputStream.read(BufferedInputStream.java:271)
dn3_1    | 	at java.base/java.io.FilterInputStream.read(FilterInputStream.java:83)
dn2_1    | 2022-12-07 03:33:57,435 [8bf11be2-7b2c-4412-9d0e-f840011e1ce4@group-D95B76297250-LeaderElection1] INFO server.RaftServer$Division: 8bf11be2-7b2c-4412-9d0e-f840011e1ce4@group-D95B76297250: changes role from CANDIDATE to LEADER at term 2 for changeToLeader
om_1     | 	at org.apache.hadoop.ozone.protocol.proto.OzoneManagerProtocolProtos$OzoneManagerService$2.callBlockingMethod(OzoneManagerProtocolProtos.java)
om_1     | 	at org.apache.hadoop.ipc.ProtobufRpcEngine$Server.processCall(ProtobufRpcEngine.java:465)
om_1     | 	at org.apache.hadoop.ipc.ProtobufRpcEngine2$Server$ProtoBufRpcInvoker.call(ProtobufRpcEngine2.java:578)
scm_1    | 2022-12-07 03:33:44,877 [e340a840-cb0d-4d23-99c7-778df2480c85-impl-thread1] INFO server.RaftServerConfigKeys: raft.server.log.write.buffer.size = 64KB (=65536) (default)
dn3_1    | 	at java.base/java.io.FilterInputStream.read(FilterInputStream.java:83)
dn2_1    | 2022-12-07 03:33:57,435 [8bf11be2-7b2c-4412-9d0e-f840011e1ce4@group-D95B76297250-LeaderElection1] INFO ratis.XceiverServerRatis: Leader change notification received for group: group-D95B76297250 with new leaderId: 8bf11be2-7b2c-4412-9d0e-f840011e1ce4
om_1     | 	at org.apache.hadoop.ipc.ProtobufRpcEngine2$Server$ProtoBufRpcInvoker.call(ProtobufRpcEngine2.java:556)
om_1     | 	at org.apache.hadoop.ipc.RPC$Server.call(RPC.java:1093)
om_1     | 	at org.apache.hadoop.ipc.Server$RpcCall.run(Server.java:1043)
scm_1    | 2022-12-07 03:33:44,878 [e340a840-cb0d-4d23-99c7-778df2480c85-impl-thread1] INFO server.RaftServerConfigKeys: raft.server.log.appender.buffer.byte-limit = 33554432 (custom)
dn3_1    | 	at org.apache.hadoop.ipc.Client$Connection$PingInputStream.read(Client.java:563)
dn2_1    | 2022-12-07 03:33:57,436 [8bf11be2-7b2c-4412-9d0e-f840011e1ce4@group-D95B76297250-LeaderElection1] INFO server.RaftServer$Division: 8bf11be2-7b2c-4412-9d0e-f840011e1ce4@group-D95B76297250: change Leader from null to 8bf11be2-7b2c-4412-9d0e-f840011e1ce4 at term 2 for becomeLeader, leader elected after 21099ms
om_1     | 	at org.apache.hadoop.ipc.Server$RpcCall.run(Server.java:971)
om_1     | 	at java.base/java.security.AccessController.doPrivileged(Native Method)
om_1     | 	at java.base/javax.security.auth.Subject.doAs(Subject.java:423)
scm_1    | 2022-12-07 03:33:44,890 [e340a840-cb0d-4d23-99c7-778df2480c85-impl-thread1] INFO server.RaftServerConfigKeys: raft.server.log.unsafe-flush.enabled = false (default)
scm_1    | 2022-12-07 03:33:44,890 [e340a840-cb0d-4d23-99c7-778df2480c85-impl-thread1] INFO server.RaftServerConfigKeys: raft.server.log.async-flush.enabled = false (default)
dn2_1    | 2022-12-07 03:33:57,467 [8bf11be2-7b2c-4412-9d0e-f840011e1ce4@group-D95B76297250-LeaderElection1] INFO server.RaftServerConfigKeys: raft.server.staging.catchup.gap = 1000 (default)
recon_1  | 	at org.apache.hadoop.hdds.protocol.proto.StorageContainerLocationProtocolProtos$StorageContainerLocationProtocolService$2.callBlockingMethod(StorageContainerLocationProtocolProtos.java:62732)
recon_1  | 	at org.apache.hadoop.ipc.ProtobufRpcEngine$Server.processCall(ProtobufRpcEngine.java:465)
recon_1  | 	at org.apache.hadoop.ipc.ProtobufRpcEngine2$Server$ProtoBufRpcInvoker.call(ProtobufRpcEngine2.java:578)
dn3_1    | 	at java.base/java.io.DataInputStream.readInt(DataInputStream.java:392)
dn2_1    | 2022-12-07 03:33:57,477 [8bf11be2-7b2c-4412-9d0e-f840011e1ce4@group-D95B76297250-LeaderElection1] INFO server.RaftServerConfigKeys: raft.server.write.element-limit = 1024 (custom)
recon_1  | 	at org.apache.hadoop.ipc.ProtobufRpcEngine2$Server$ProtoBufRpcInvoker.call(ProtobufRpcEngine2.java:556)
dn3_1    | 	at org.apache.hadoop.ipc.Client$IpcStreams.readResponse(Client.java:1922)
om_1     | 	at org.apache.hadoop.security.UserGroupInformation.doAs(UserGroupInformation.java:1878)
om_1     | 	at org.apache.hadoop.ipc.Server$Handler.run(Server.java:2976)
dn1_1    | 2022-12-07 03:33:58,690 [79dd395b-4526-420e-a37f-67e63318a1f7@group-5459B96AA44D-FollowerState] INFO server.RaftServer$Division: 79dd395b-4526-420e-a37f-67e63318a1f7@group-5459B96AA44D: changes role from  FOLLOWER to CANDIDATE at term 1 for changeToCandidate
dn1_1    | 2022-12-07 03:33:58,691 [79dd395b-4526-420e-a37f-67e63318a1f7@group-5459B96AA44D-FollowerState] INFO server.RaftServerConfigKeys: raft.server.leaderelection.pre-vote = false (custom)
dn3_1    | 	at org.apache.hadoop.ipc.Client$Connection.receiveRpcResponse(Client.java:1238)
dn3_1    | 	at org.apache.hadoop.ipc.Client$Connection.run(Client.java:1134)
dn2_1    | 2022-12-07 03:33:57,481 [8bf11be2-7b2c-4412-9d0e-f840011e1ce4@group-D95B76297250-LeaderElection1] INFO server.RaftServerConfigKeys: raft.server.write.byte-limit = 1024 M (=1073741824) (custom)
dn1_1    | 2022-12-07 03:33:58,692 [79dd395b-4526-420e-a37f-67e63318a1f7@group-5459B96AA44D-FollowerState] INFO impl.RoleInfo: 79dd395b-4526-420e-a37f-67e63318a1f7: start 79dd395b-4526-420e-a37f-67e63318a1f7@group-5459B96AA44D-LeaderElection2
dn1_1    | 2022-12-07 03:33:58,744 [79dd395b-4526-420e-a37f-67e63318a1f7@group-447BB108574E-FollowerState] INFO impl.FollowerState: 79dd395b-4526-420e-a37f-67e63318a1f7@group-447BB108574E-FollowerState: change to CANDIDATE, lastRpcElapsedTime:5820835671ns, electionTimeout:5179ms
dn1_1    | 2022-12-07 03:33:58,748 [79dd395b-4526-420e-a37f-67e63318a1f7@group-447BB108574E-FollowerState] INFO impl.RoleInfo: 79dd395b-4526-420e-a37f-67e63318a1f7: shutdown 79dd395b-4526-420e-a37f-67e63318a1f7@group-447BB108574E-FollowerState
recon_1  | 	at org.apache.hadoop.ipc.RPC$Server.call(RPC.java:1093)
recon_1  | 	at org.apache.hadoop.ipc.Server$RpcCall.run(Server.java:1043)
recon_1  | 	at org.apache.hadoop.ipc.Server$RpcCall.run(Server.java:971)
recon_1  | 	at java.base/java.security.AccessController.doPrivileged(Native Method)
scm_1    | 2022-12-07 03:33:44,891 [e340a840-cb0d-4d23-99c7-778df2480c85-impl-thread1] INFO server.RaftServerConfigKeys: raft.server.log.statemachine.data.caching.enabled = false (default)
dn1_1    | 2022-12-07 03:33:58,748 [79dd395b-4526-420e-a37f-67e63318a1f7@group-447BB108574E-FollowerState] INFO server.RaftServer$Division: 79dd395b-4526-420e-a37f-67e63318a1f7@group-447BB108574E: changes role from  FOLLOWER to CANDIDATE at term 2 for changeToCandidate
om_1     | 2022-12-07 03:34:47,964 [qtp626889335-51] INFO utils.DBCheckpointServlet: Received request to obtain DB checkpoint snapshot
om_1     | 2022-12-07 03:34:47,984 [qtp626889335-51] INFO db.RDBCheckpointManager: Created checkpoint at /data/metadata/db.checkpoints/om.db_checkpoint_1670384087964 in 19 milliseconds
dn3_1    | 2022-12-07 03:33:50,483 [EndpointStateMachine task thread for scm/10.9.0.17:9861 - 0 ] INFO ozoneimpl.OzoneContainer: Attempting to start container services.
dn1_1    | 2022-12-07 03:33:58,754 [79dd395b-4526-420e-a37f-67e63318a1f7@group-447BB108574E-FollowerState] INFO server.RaftServerConfigKeys: raft.server.leaderelection.pre-vote = false (custom)
dn1_1    | 2022-12-07 03:33:58,754 [79dd395b-4526-420e-a37f-67e63318a1f7@group-447BB108574E-FollowerState] INFO impl.RoleInfo: 79dd395b-4526-420e-a37f-67e63318a1f7: start 79dd395b-4526-420e-a37f-67e63318a1f7@group-447BB108574E-LeaderElection3
recon_1  | 	at java.base/javax.security.auth.Subject.doAs(Subject.java:423)
recon_1  | 	at org.apache.hadoop.security.UserGroupInformation.doAs(UserGroupInformation.java:1878)
recon_1  | 	at org.apache.hadoop.ipc.Server$Handler.run(Server.java:2976)
dn2_1    | 2022-12-07 03:33:57,508 [8bf11be2-7b2c-4412-9d0e-f840011e1ce4@group-D95B76297250-LeaderElection1] INFO server.RaftServerConfigKeys: raft.server.watch.timeout = 180s (custom)
dn2_1    | 2022-12-07 03:33:57,510 [8bf11be2-7b2c-4412-9d0e-f840011e1ce4@group-D95B76297250-LeaderElection1] INFO server.RaftServerConfigKeys: raft.server.watch.timeout.denomination = 1s (default)
dn2_1    | 2022-12-07 03:33:57,514 [8bf11be2-7b2c-4412-9d0e-f840011e1ce4@group-D95B76297250-LeaderElection1] INFO server.RaftServerConfigKeys: raft.server.watch.element-limit = 65536 (default)
dn2_1    | 2022-12-07 03:33:57,532 [8bf11be2-7b2c-4412-9d0e-f840011e1ce4@group-D95B76297250-LeaderElection1] INFO server.RaftServerConfigKeys: raft.server.write.element-limit = 1024 (custom)
dn2_1    | 2022-12-07 03:33:57,534 [8bf11be2-7b2c-4412-9d0e-f840011e1ce4@group-D95B76297250-LeaderElection1] INFO server.RaftServerConfigKeys: raft.server.write.follower.gap.ratio.max = -1.0 (default)
dn2_1    | 2022-12-07 03:33:57,549 [8bf11be2-7b2c-4412-9d0e-f840011e1ce4@group-D95B76297250-LeaderElection1] INFO impl.RoleInfo: 8bf11be2-7b2c-4412-9d0e-f840011e1ce4: start 8bf11be2-7b2c-4412-9d0e-f840011e1ce4@group-D95B76297250-LeaderStateImpl
dn2_1    | 2022-12-07 03:33:57,567 [8bf11be2-7b2c-4412-9d0e-f840011e1ce4@group-D95B76297250-LeaderElection1] INFO segmented.SegmentedRaftLogWorker: 8bf11be2-7b2c-4412-9d0e-f840011e1ce4@group-D95B76297250-SegmentedRaftLogWorker: Rolling segment log-0_0 to index:0
dn2_1    | 2022-12-07 03:33:57,577 [8bf11be2-7b2c-4412-9d0e-f840011e1ce4@group-D95B76297250-SegmentedRaftLogWorker] INFO segmented.SegmentedRaftLogWorker: 8bf11be2-7b2c-4412-9d0e-f840011e1ce4@group-D95B76297250-SegmentedRaftLogWorker: Rolled log segment from /data/metadata/ratis/37623d88-7c28-477a-84d9-d95b76297250/current/log_inprogress_0 to /data/metadata/ratis/37623d88-7c28-477a-84d9-d95b76297250/current/log_0-0
dn2_1    | 2022-12-07 03:33:57,601 [8bf11be2-7b2c-4412-9d0e-f840011e1ce4@group-D95B76297250-SegmentedRaftLogWorker] INFO segmented.SegmentedRaftLogWorker: 8bf11be2-7b2c-4412-9d0e-f840011e1ce4@group-D95B76297250-SegmentedRaftLogWorker: created new log segment /data/metadata/ratis/37623d88-7c28-477a-84d9-d95b76297250/current/log_inprogress_1
scm_1    | 2022-12-07 03:33:44,923 [e340a840-cb0d-4d23-99c7-778df2480c85-impl-thread1] INFO server.RaftServer$Division: e340a840-cb0d-4d23-99c7-778df2480c85@group-ABEAC7382D47: set configuration 0: peers:[e340a840-cb0d-4d23-99c7-778df2480c85|rpc:bd95d9b8de35:9894|admin:|client:|dataStream:|priority:0|startupRole:FOLLOWER]|listeners:[], old=null
om_1     | 2022-12-07 03:34:48,079 [qtp626889335-51] INFO utils.DBCheckpointServlet: Time taken to write the checkpoint to response output stream: 93 milliseconds
om_1     | 2022-12-07 03:34:48,080 [qtp626889335-51] INFO db.RocksDBCheckpoint: Cleaning up RocksDB checkpoint at /data/metadata/db.checkpoints/om.db_checkpoint_1670384087964
om_1     | 2022-12-07 03:34:48,392 [OM StateMachine ApplyTransaction Thread - 0] INFO bucket.OMBucketCreateRequest: created bucket: ombgpost0 of layout LEGACY in volume: vol1
scm_1    | 2022-12-07 03:33:44,924 [e340a840-cb0d-4d23-99c7-778df2480c85-impl-thread1] INFO segmented.LogSegment: Successfully read 1 entries from segment file /data/metadata/scm-ha/cb501f54-b034-4ad8-b053-abeac7382d47/current/log_0-0
dn1_1    | 2022-12-07 03:33:58,761 [79dd395b-4526-420e-a37f-67e63318a1f7@group-5459B96AA44D-LeaderElection2] INFO impl.LeaderElection: 79dd395b-4526-420e-a37f-67e63318a1f7@group-5459B96AA44D-LeaderElection2 ELECTION round 0: submit vote requests at term 2 for 0: peers:[79dd395b-4526-420e-a37f-67e63318a1f7|rpc:10.9.0.11:9856|admin:10.9.0.11:9857|client:10.9.0.11:9858|dataStream:|priority:1|startupRole:FOLLOWER]|listeners:[], old=null
dn1_1    | 2022-12-07 03:33:58,768 [79dd395b-4526-420e-a37f-67e63318a1f7@group-5459B96AA44D-LeaderElection2] INFO impl.LeaderElection: 79dd395b-4526-420e-a37f-67e63318a1f7@group-5459B96AA44D-LeaderElection2 ELECTION round 0: result PASSED (term=2)
dn1_1    | 2022-12-07 03:33:58,772 [79dd395b-4526-420e-a37f-67e63318a1f7@group-5459B96AA44D-LeaderElection2] INFO impl.RoleInfo: 79dd395b-4526-420e-a37f-67e63318a1f7: shutdown 79dd395b-4526-420e-a37f-67e63318a1f7@group-5459B96AA44D-LeaderElection2
scm_1    | 2022-12-07 03:33:44,928 [e340a840-cb0d-4d23-99c7-778df2480c85-impl-thread1] INFO server.RaftServer$Division: e340a840-cb0d-4d23-99c7-778df2480c85@group-ABEAC7382D47: set configuration 1: peers:[e340a840-cb0d-4d23-99c7-778df2480c85|rpc:bd95d9b8de35:9894|admin:|client:|dataStream:|priority:0|startupRole:FOLLOWER]|listeners:[], old=null
dn3_1    | 2022-12-07 03:33:50,487 [EndpointStateMachine task thread for scm/10.9.0.17:9861 - 0 ] INFO ozoneimpl.OzoneContainer: Scheduled background container scanners and the on-demand container scanner have been disabled.
dn1_1    | 2022-12-07 03:33:58,776 [79dd395b-4526-420e-a37f-67e63318a1f7@group-5459B96AA44D-LeaderElection2] INFO server.RaftServer$Division: 79dd395b-4526-420e-a37f-67e63318a1f7@group-5459B96AA44D: changes role from CANDIDATE to LEADER at term 2 for changeToLeader
recon_1  | , while invoking $Proxy43.submitRequest over nodeId=scmNodeId,nodeAddress=scm/10.9.0.17:9860 after 1 failover attempts. Trying to failover after sleeping for 2000ms.
recon_1  | 2022-12-07 03:33:52,785 [Listener at 0.0.0.0/9891] INFO scm.ReconStorageContainerManagerFacade: Obtained 5 pipelines from SCM.
scm_1    | 2022-12-07 03:33:45,047 [e340a840-cb0d-4d23-99c7-778df2480c85-impl-thread1] INFO segmented.LogSegment: Successfully read 34 entries from segment file /data/metadata/scm-ha/cb501f54-b034-4ad8-b053-abeac7382d47/current/log_inprogress_1
scm_1    | 2022-12-07 03:33:45,052 [e340a840-cb0d-4d23-99c7-778df2480c85-impl-thread1] INFO segmented.SegmentedRaftLogWorker: e340a840-cb0d-4d23-99c7-778df2480c85@group-ABEAC7382D47-SegmentedRaftLogWorker: flushIndex: setUnconditionally 0 -> 34
scm_1    | 2022-12-07 03:33:45,052 [e340a840-cb0d-4d23-99c7-778df2480c85-impl-thread1] INFO segmented.SegmentedRaftLogWorker: e340a840-cb0d-4d23-99c7-778df2480c85@group-ABEAC7382D47-SegmentedRaftLogWorker: safeCacheEvictIndex: setUnconditionally 0 -> 0
dn1_1    | 2022-12-07 03:33:58,778 [79dd395b-4526-420e-a37f-67e63318a1f7@group-5459B96AA44D-LeaderElection2] INFO ratis.XceiverServerRatis: Leader change notification received for group: group-5459B96AA44D with new leaderId: 79dd395b-4526-420e-a37f-67e63318a1f7
dn1_1    | 2022-12-07 03:33:58,779 [79dd395b-4526-420e-a37f-67e63318a1f7@group-5459B96AA44D-LeaderElection2] INFO server.RaftServer$Division: 79dd395b-4526-420e-a37f-67e63318a1f7@group-5459B96AA44D: change Leader from null to 79dd395b-4526-420e-a37f-67e63318a1f7 at term 2 for becomeLeader, leader elected after 19863ms
recon_1  | 2022-12-07 03:33:52,786 [Listener at 0.0.0.0/9891] INFO scm.ReconPipelineManager: Recon has 5 pipelines in house.
scm_1    | 2022-12-07 03:33:45,183 [e340a840-cb0d-4d23-99c7-778df2480c85-impl-thread1] INFO raftlog.RaftLog: e340a840-cb0d-4d23-99c7-778df2480c85@group-ABEAC7382D47-SegmentedRaftLog: commitIndex: updateToMax old=34, new=33, updated? false
scm_1    | 2022-12-07 03:33:45,184 [e340a840-cb0d-4d23-99c7-778df2480c85-impl-thread1] INFO server.RaftServer$Division: e340a840-cb0d-4d23-99c7-778df2480c85@group-ABEAC7382D47: start as a follower, conf=1: peers:[e340a840-cb0d-4d23-99c7-778df2480c85|rpc:bd95d9b8de35:9894|admin:|client:|dataStream:|priority:0|startupRole:FOLLOWER]|listeners:[], old=null
scm_1    | 2022-12-07 03:33:45,189 [e340a840-cb0d-4d23-99c7-778df2480c85-impl-thread1] INFO server.RaftServer$Division: e340a840-cb0d-4d23-99c7-778df2480c85@group-ABEAC7382D47: changes role from      null to FOLLOWER at term 2 for startAsFollower
dn1_1    | 2022-12-07 03:33:58,840 [79dd395b-4526-420e-a37f-67e63318a1f7@group-447BB108574E-LeaderElection3] INFO impl.LeaderElection: 79dd395b-4526-420e-a37f-67e63318a1f7@group-447BB108574E-LeaderElection3 ELECTION round 0: submit vote requests at term 3 for 0: peers:[79dd395b-4526-420e-a37f-67e63318a1f7|rpc:10.9.0.11:9856|admin:10.9.0.11:9857|client:10.9.0.11:9858|dataStream:|priority:0|startupRole:FOLLOWER, 8bf11be2-7b2c-4412-9d0e-f840011e1ce4|rpc:10.9.0.12:9856|admin:10.9.0.12:9857|client:10.9.0.12:9858|dataStream:|priority:0|startupRole:FOLLOWER, 51c642f5-0e34-4b40-8725-f66df349a602|rpc:10.9.0.13:9856|admin:10.9.0.13:9857|client:10.9.0.13:9858|dataStream:|priority:1|startupRole:FOLLOWER]|listeners:[], old=null
recon_1  | 2022-12-07 03:33:52,906 [Listener at 0.0.0.0/9891] INFO scm.ReconStorageContainerManagerFacade: SCM DB initialized
recon_1  | 2022-12-07 03:33:52,915 [Listener at 0.0.0.0/9891] INFO server.SCMDatanodeProtocolServer: ScmDatanodeProtocol RPC server for DataNodes is listening at /0.0.0.0:9891
scm_1    | 2022-12-07 03:33:45,190 [e340a840-cb0d-4d23-99c7-778df2480c85-impl-thread1] INFO impl.RoleInfo: e340a840-cb0d-4d23-99c7-778df2480c85: start e340a840-cb0d-4d23-99c7-778df2480c85@group-ABEAC7382D47-FollowerState
dn1_1    | 2022-12-07 03:33:58,875 [79dd395b-4526-420e-a37f-67e63318a1f7@group-447BB108574E-LeaderElection3] INFO server.RaftServerConfigKeys: raft.server.rpc.first-election.timeout.min = 5s (fallback to raft.server.rpc.timeout.min)
dn1_1    | 2022-12-07 03:33:58,876 [79dd395b-4526-420e-a37f-67e63318a1f7@group-447BB108574E-LeaderElection3] INFO server.RaftServerConfigKeys: raft.server.rpc.first-election.timeout.max = 5200ms (fallback to raft.server.rpc.timeout.max)
dn1_1    | 2022-12-07 03:33:59,004 [79dd395b-4526-420e-a37f-67e63318a1f7@group-5459B96AA44D-LeaderElection2] INFO server.RaftServerConfigKeys: raft.server.staging.catchup.gap = 1000 (default)
scm_1    | 2022-12-07 03:33:45,195 [e340a840-cb0d-4d23-99c7-778df2480c85-impl-thread1] INFO util.JmxRegister: Successfully registered JMX Bean with object name Ratis:service=RaftServer,group=group-ABEAC7382D47,id=e340a840-cb0d-4d23-99c7-778df2480c85
scm_1    | 2022-12-07 03:33:45,197 [e340a840-cb0d-4d23-99c7-778df2480c85-impl-thread1] INFO server.RaftServerConfigKeys: raft.server.snapshot.auto.trigger.enabled = true (custom)
recon_1  | 2022-12-07 03:33:52,927 [IPC Server listener on 9891] INFO ipc.Server: IPC Server listener on 9891: starting
dn2_1    | 2022-12-07 03:33:57,624 [8bf11be2-7b2c-4412-9d0e-f840011e1ce4@group-D95B76297250-LeaderElection1] INFO server.RaftServer$Division: 8bf11be2-7b2c-4412-9d0e-f840011e1ce4@group-D95B76297250: set configuration 1: peers:[8bf11be2-7b2c-4412-9d0e-f840011e1ce4|rpc:10.9.0.12:9856|admin:10.9.0.12:9857|client:10.9.0.12:9858|dataStream:|priority:1|startupRole:FOLLOWER]|listeners:[], old=null
recon_1  | 2022-12-07 03:33:53,037 [Listener at 0.0.0.0/9891] INFO scm.ReconScmTask: Starting ContainerHealthTask Thread.
recon_1  | 2022-12-07 03:33:53,051 [Listener at 0.0.0.0/9891] INFO scm.ReconScmTask: Starting PipelineSyncTask Thread.
scm_1    | 2022-12-07 03:33:45,198 [e340a840-cb0d-4d23-99c7-778df2480c85-impl-thread1] INFO server.RaftServerConfigKeys: raft.server.snapshot.auto.trigger.threshold = 1000 (custom)
scm_1    | 2022-12-07 03:33:45,199 [e340a840-cb0d-4d23-99c7-778df2480c85-impl-thread1] INFO server.RaftServerConfigKeys: raft.server.snapshot.retention.file.num = -1 (default)
dn2_1    | 2022-12-07 03:33:58,017 [8bf11be2-7b2c-4412-9d0e-f840011e1ce4@group-447BB108574E-FollowerState] INFO impl.FollowerState: 8bf11be2-7b2c-4412-9d0e-f840011e1ce4@group-447BB108574E-FollowerState: change to CANDIDATE, lastRpcElapsedTime:5743427354ns, electionTimeout:5154ms
recon_1  | 2022-12-07 03:33:52,927 [IPC Server Responder] INFO ipc.Server: IPC Server Responder: starting
recon_1  | 2022-12-07 03:33:53,148 [PipelineSyncTask] INFO scm.ReconPipelineManager: Recon has 5 pipelines in house.
scm_1    | 2022-12-07 03:33:45,200 [e340a840-cb0d-4d23-99c7-778df2480c85-impl-thread1] INFO server.RaftServerConfigKeys: raft.server.log.purge.upto.snapshot.index = false (default)
scm_1    | 2022-12-07 03:33:45,201 [e340a840-cb0d-4d23-99c7-778df2480c85@group-ABEAC7382D47-FollowerState] INFO server.RaftServerConfigKeys: raft.server.rpc.first-election.timeout.min = 5000ms (fallback to raft.server.rpc.timeout.min)
dn2_1    | 2022-12-07 03:33:58,019 [8bf11be2-7b2c-4412-9d0e-f840011e1ce4@group-447BB108574E-FollowerState] INFO impl.RoleInfo: 8bf11be2-7b2c-4412-9d0e-f840011e1ce4: shutdown 8bf11be2-7b2c-4412-9d0e-f840011e1ce4@group-447BB108574E-FollowerState
dn2_1    | 2022-12-07 03:33:58,019 [8bf11be2-7b2c-4412-9d0e-f840011e1ce4@group-447BB108574E-FollowerState] INFO server.RaftServer$Division: 8bf11be2-7b2c-4412-9d0e-f840011e1ce4@group-447BB108574E: changes role from  FOLLOWER to CANDIDATE at term 2 for changeToCandidate
dn1_1    | 2022-12-07 03:33:59,053 [79dd395b-4526-420e-a37f-67e63318a1f7@group-5459B96AA44D-LeaderElection2] INFO server.RaftServerConfigKeys: raft.server.write.element-limit = 1024 (custom)
scm_1    | 2022-12-07 03:33:45,208 [e340a840-cb0d-4d23-99c7-778df2480c85@group-ABEAC7382D47-FollowerState] INFO server.RaftServerConfigKeys: raft.server.rpc.first-election.timeout.max = 5200ms (fallback to raft.server.rpc.timeout.max)
dn3_1    | 2022-12-07 03:33:50,665 [EndpointStateMachine task thread for scm/10.9.0.17:9861 - 0 ] INFO ratis.XceiverServerRatis: Starting XceiverServerRatis 51c642f5-0e34-4b40-8725-f66df349a602
dn2_1    | 2022-12-07 03:33:58,020 [8bf11be2-7b2c-4412-9d0e-f840011e1ce4@group-447BB108574E-FollowerState] INFO server.RaftServerConfigKeys: raft.server.leaderelection.pre-vote = false (custom)
recon_1  | 2022-12-07 03:33:53,360 [PipelineSyncTask] INFO scm.PipelineSyncTask: Pipeline sync Thread took 277 milliseconds.
recon_1  | 2022-12-07 03:33:54,078 [IPC Server handler 1 on default port 9891] WARN ipc.Server: IPC Server handler 1 on default port 9891, call Call#0 Retry#0 org.apache.hadoop.ozone.protocol.ReconDatanodeProtocol.submitRequest from 10.9.0.11:55902: output error
scm_1    | 2022-12-07 03:33:45,208 [Listener at 0.0.0.0/9860] INFO server.RaftServer: e340a840-cb0d-4d23-99c7-778df2480c85: start RPC server
dn3_1    | 2022-12-07 03:33:50,691 [51c642f5-0e34-4b40-8725-f66df349a602-impl-thread1] INFO storage.RaftStorageDirectory: Lock on /data/metadata/ratis/6b4c2973-c71f-4640-ae4e-447bb108574e/in_use.lock acquired by nodename 7@156ae19ab456
dn2_1    | 2022-12-07 03:33:58,020 [8bf11be2-7b2c-4412-9d0e-f840011e1ce4@group-447BB108574E-FollowerState] INFO impl.RoleInfo: 8bf11be2-7b2c-4412-9d0e-f840011e1ce4: start 8bf11be2-7b2c-4412-9d0e-f840011e1ce4@group-447BB108574E-LeaderElection2
dn2_1    | 2022-12-07 03:33:58,039 [8bf11be2-7b2c-4412-9d0e-f840011e1ce4@group-447BB108574E-LeaderElection2] INFO impl.LeaderElection: 8bf11be2-7b2c-4412-9d0e-f840011e1ce4@group-447BB108574E-LeaderElection2 ELECTION round 0: submit vote requests at term 3 for 0: peers:[79dd395b-4526-420e-a37f-67e63318a1f7|rpc:10.9.0.11:9856|admin:10.9.0.11:9857|client:10.9.0.11:9858|dataStream:|priority:0|startupRole:FOLLOWER, 8bf11be2-7b2c-4412-9d0e-f840011e1ce4|rpc:10.9.0.12:9856|admin:10.9.0.12:9857|client:10.9.0.12:9858|dataStream:|priority:0|startupRole:FOLLOWER, 51c642f5-0e34-4b40-8725-f66df349a602|rpc:10.9.0.13:9856|admin:10.9.0.13:9857|client:10.9.0.13:9858|dataStream:|priority:1|startupRole:FOLLOWER]|listeners:[], old=null
dn2_1    | 2022-12-07 03:33:58,057 [8bf11be2-7b2c-4412-9d0e-f840011e1ce4@group-E44882EFDF64-FollowerState] INFO impl.FollowerState: 8bf11be2-7b2c-4412-9d0e-f840011e1ce4@group-E44882EFDF64-FollowerState: change to CANDIDATE, lastRpcElapsedTime:5810495113ns, electionTimeout:5193ms
scm_1    | 2022-12-07 03:33:45,306 [Listener at 0.0.0.0/9860] INFO server.GrpcService: e340a840-cb0d-4d23-99c7-778df2480c85: GrpcService started, listening on 9894
dn3_1    | 2022-12-07 03:33:50,708 [51c642f5-0e34-4b40-8725-f66df349a602-impl-thread1] INFO storage.RaftStorage: Read RaftStorageMetadata{term=2, votedFor=51c642f5-0e34-4b40-8725-f66df349a602} from /data/metadata/ratis/6b4c2973-c71f-4640-ae4e-447bb108574e/current/raft-meta
dn1_1    | 2022-12-07 03:33:59,064 [79dd395b-4526-420e-a37f-67e63318a1f7@group-5459B96AA44D-LeaderElection2] INFO server.RaftServerConfigKeys: raft.server.write.byte-limit = 1024 M (=1073741824) (custom)
dn1_1    | 2022-12-07 03:33:59,133 [79dd395b-4526-420e-a37f-67e63318a1f7@group-5459B96AA44D-LeaderElection2] INFO server.RaftServerConfigKeys: raft.server.watch.timeout = 180s (custom)
dn2_1    | 2022-12-07 03:33:58,059 [8bf11be2-7b2c-4412-9d0e-f840011e1ce4@group-E44882EFDF64-FollowerState] INFO impl.RoleInfo: 8bf11be2-7b2c-4412-9d0e-f840011e1ce4: shutdown 8bf11be2-7b2c-4412-9d0e-f840011e1ce4@group-E44882EFDF64-FollowerState
scm_1    | 2022-12-07 03:33:45,320 [JvmPauseMonitor0] INFO util.JvmPauseMonitor: JvmPauseMonitor-e340a840-cb0d-4d23-99c7-778df2480c85: Started
dn3_1    | 2022-12-07 03:33:50,718 [51c642f5-0e34-4b40-8725-f66df349a602-impl-thread2] INFO storage.RaftStorageDirectory: Lock on /data/metadata/ratis/93475a49-98af-4b56-9aec-e44882efdf64/in_use.lock acquired by nodename 7@156ae19ab456
dn2_1    | 2022-12-07 03:33:58,059 [8bf11be2-7b2c-4412-9d0e-f840011e1ce4@group-E44882EFDF64-FollowerState] INFO server.RaftServer$Division: 8bf11be2-7b2c-4412-9d0e-f840011e1ce4@group-E44882EFDF64: changes role from  FOLLOWER to CANDIDATE at term 1 for changeToCandidate
dn1_1    | 2022-12-07 03:33:59,148 [79dd395b-4526-420e-a37f-67e63318a1f7@group-5459B96AA44D-LeaderElection2] INFO server.RaftServerConfigKeys: raft.server.watch.timeout.denomination = 1s (default)
dn3_1    | 2022-12-07 03:33:50,719 [51c642f5-0e34-4b40-8725-f66df349a602-impl-thread3] INFO storage.RaftStorageDirectory: Lock on /data/metadata/ratis/a372a841-fb69-4448-bb1a-1395970d9ecf/in_use.lock acquired by nodename 7@156ae19ab456
recon_1  | 2022-12-07 03:33:54,080 [IPC Server handler 3 on default port 9891] WARN ipc.Server: IPC Server handler 3 on default port 9891, call Call#2 Retry#0 org.apache.hadoop.ozone.protocol.ReconDatanodeProtocol.submitRequest from 10.9.0.12:43420: output error
recon_1  | 2022-12-07 03:33:54,084 [IPC Server handler 5 on default port 9891] WARN ipc.Server: IPC Server handler 5 on default port 9891, call Call#2 Retry#0 org.apache.hadoop.ozone.protocol.ReconDatanodeProtocol.submitRequest from 10.9.0.11:55904: output error
dn2_1    | 2022-12-07 03:33:58,062 [8bf11be2-7b2c-4412-9d0e-f840011e1ce4@group-E44882EFDF64-FollowerState] INFO server.RaftServerConfigKeys: raft.server.leaderelection.pre-vote = false (custom)
dn3_1    | 2022-12-07 03:33:50,722 [51c642f5-0e34-4b40-8725-f66df349a602-impl-thread3] INFO storage.RaftStorage: Read RaftStorageMetadata{term=1, votedFor=51c642f5-0e34-4b40-8725-f66df349a602} from /data/metadata/ratis/a372a841-fb69-4448-bb1a-1395970d9ecf/current/raft-meta
recon_1  | 2022-12-07 03:33:54,085 [IPC Server handler 0 on default port 9891] WARN ipc.Server: IPC Server handler 0 on default port 9891, call Call#2 Retry#0 org.apache.hadoop.ozone.protocol.ReconDatanodeProtocol.submitRequest from 10.9.0.13:58380: output error
recon_1  | 2022-12-07 03:33:54,103 [IPC Server handler 3 on default port 9891] INFO ipc.Server: IPC Server handler 3 on default port 9891 caught an exception
dn2_1    | 2022-12-07 03:33:58,063 [8bf11be2-7b2c-4412-9d0e-f840011e1ce4@group-E44882EFDF64-FollowerState] INFO impl.RoleInfo: 8bf11be2-7b2c-4412-9d0e-f840011e1ce4: start 8bf11be2-7b2c-4412-9d0e-f840011e1ce4@group-E44882EFDF64-LeaderElection3
dn1_1    | 2022-12-07 03:33:59,161 [79dd395b-4526-420e-a37f-67e63318a1f7@group-5459B96AA44D-LeaderElection2] INFO server.RaftServerConfigKeys: raft.server.watch.element-limit = 65536 (default)
dn3_1    | 2022-12-07 03:33:50,719 [51c642f5-0e34-4b40-8725-f66df349a602-impl-thread2] INFO storage.RaftStorage: Read RaftStorageMetadata{term=1, votedFor=79dd395b-4526-420e-a37f-67e63318a1f7} from /data/metadata/ratis/93475a49-98af-4b56-9aec-e44882efdf64/current/raft-meta
recon_1  | java.nio.channels.ClosedChannelException
scm_1    | 2022-12-07 03:33:45,331 [Listener at 0.0.0.0/9860] INFO ha.SCMHAManagerImpl:  scm role is FOLLOWER peers [e340a840-cb0d-4d23-99c7-778df2480c85|rpc:bd95d9b8de35:9894|admin:|client:|dataStream:|priority:0|startupRole:FOLLOWER]
dn2_1    | 2022-12-07 03:33:58,093 [8bf11be2-7b2c-4412-9d0e-f840011e1ce4@group-E44882EFDF64-LeaderElection3] INFO impl.LeaderElection: 8bf11be2-7b2c-4412-9d0e-f840011e1ce4@group-E44882EFDF64-LeaderElection3 ELECTION round 0: submit vote requests at term 2 for 0: peers:[79dd395b-4526-420e-a37f-67e63318a1f7|rpc:10.9.0.11:9856|admin:10.9.0.11:9857|client:10.9.0.11:9858|dataStream:|priority:1|startupRole:FOLLOWER, 8bf11be2-7b2c-4412-9d0e-f840011e1ce4|rpc:10.9.0.12:9856|admin:10.9.0.12:9857|client:10.9.0.12:9858|dataStream:|priority:0|startupRole:FOLLOWER, 51c642f5-0e34-4b40-8725-f66df349a602|rpc:10.9.0.13:9856|admin:10.9.0.13:9857|client:10.9.0.13:9858|dataStream:|priority:0|startupRole:FOLLOWER]|listeners:[], old=null
dn1_1    | 2022-12-07 03:33:59,220 [79dd395b-4526-420e-a37f-67e63318a1f7@group-5459B96AA44D-LeaderElection2] INFO server.RaftServerConfigKeys: raft.server.write.element-limit = 1024 (custom)
dn3_1    | 2022-12-07 03:33:50,783 [51c642f5-0e34-4b40-8725-f66df349a602-impl-thread3] INFO server.RaftServer$Division: 51c642f5-0e34-4b40-8725-f66df349a602@group-1395970D9ECF: set configuration 0: peers:[51c642f5-0e34-4b40-8725-f66df349a602|rpc:10.9.0.13:9856|admin:10.9.0.13:9857|client:10.9.0.13:9858|dataStream:|priority:1|startupRole:FOLLOWER]|listeners:[], old=null
recon_1  | 	at java.base/sun.nio.ch.SocketChannelImpl.ensureOpenAndConnected(SocketChannelImpl.java:180)
scm_1    | 2022-12-07 03:33:45,331 [Listener at 0.0.0.0/9860] INFO ha.InterSCMGrpcService: Starting SCM Grpc Service at port 9895
dn2_1    | 2022-12-07 03:33:58,144 [8bf11be2-7b2c-4412-9d0e-f840011e1ce4@group-447BB108574E-LeaderElection2] INFO server.RaftServerConfigKeys: raft.server.rpc.first-election.timeout.min = 5s (fallback to raft.server.rpc.timeout.min)
dn1_1    | 2022-12-07 03:33:59,239 [79dd395b-4526-420e-a37f-67e63318a1f7@group-5459B96AA44D-LeaderElection2] INFO server.RaftServerConfigKeys: raft.server.write.follower.gap.ratio.max = -1.0 (default)
dn3_1    | 2022-12-07 03:33:50,788 [51c642f5-0e34-4b40-8725-f66df349a602-impl-thread2] INFO server.RaftServer$Division: 51c642f5-0e34-4b40-8725-f66df349a602@group-E44882EFDF64: set configuration 0: peers:[79dd395b-4526-420e-a37f-67e63318a1f7|rpc:10.9.0.11:9856|admin:10.9.0.11:9857|client:10.9.0.11:9858|dataStream:|priority:1|startupRole:FOLLOWER, 8bf11be2-7b2c-4412-9d0e-f840011e1ce4|rpc:10.9.0.12:9856|admin:10.9.0.12:9857|client:10.9.0.12:9858|dataStream:|priority:0|startupRole:FOLLOWER, 51c642f5-0e34-4b40-8725-f66df349a602|rpc:10.9.0.13:9856|admin:10.9.0.13:9857|client:10.9.0.13:9858|dataStream:|priority:0|startupRole:FOLLOWER]|listeners:[], old=null
recon_1  | 	at java.base/sun.nio.ch.SocketChannelImpl.write(SocketChannelImpl.java:452)
scm_1    | 2022-12-07 03:33:45,662 [Listener at 0.0.0.0/9860] INFO impl.MetricsConfig: Loaded properties from hadoop-metrics2.properties
dn2_1    | 2022-12-07 03:33:58,144 [8bf11be2-7b2c-4412-9d0e-f840011e1ce4@group-447BB108574E-LeaderElection2] INFO server.RaftServerConfigKeys: raft.server.rpc.first-election.timeout.max = 5200ms (fallback to raft.server.rpc.timeout.max)
dn1_1    | 2022-12-07 03:33:59,280 [79dd395b-4526-420e-a37f-67e63318a1f7@group-5459B96AA44D-LeaderElection2] INFO impl.RoleInfo: 79dd395b-4526-420e-a37f-67e63318a1f7: start 79dd395b-4526-420e-a37f-67e63318a1f7@group-5459B96AA44D-LeaderStateImpl
dn3_1    | 2022-12-07 03:33:50,788 [51c642f5-0e34-4b40-8725-f66df349a602-impl-thread1] INFO server.RaftServer$Division: 51c642f5-0e34-4b40-8725-f66df349a602@group-447BB108574E: set configuration 0: peers:[79dd395b-4526-420e-a37f-67e63318a1f7|rpc:10.9.0.11:9856|admin:10.9.0.11:9857|client:10.9.0.11:9858|dataStream:|priority:0|startupRole:FOLLOWER, 8bf11be2-7b2c-4412-9d0e-f840011e1ce4|rpc:10.9.0.12:9856|admin:10.9.0.12:9857|client:10.9.0.12:9858|dataStream:|priority:0|startupRole:FOLLOWER, 51c642f5-0e34-4b40-8725-f66df349a602|rpc:10.9.0.13:9856|admin:10.9.0.13:9857|client:10.9.0.13:9858|dataStream:|priority:1|startupRole:FOLLOWER]|listeners:[], old=null
recon_1  | 	at org.apache.hadoop.ipc.Server.channelWrite(Server.java:3619)
scm_1    | 2022-12-07 03:33:45,725 [Listener at 0.0.0.0/9860] INFO impl.MetricsSystemImpl: Scheduled Metric snapshot period at 10 second(s).
dn2_1    | 2022-12-07 03:33:58,146 [8bf11be2-7b2c-4412-9d0e-f840011e1ce4@group-447BB108574E-LeaderElection2-1] INFO server.GrpcServerProtocolClient: Build channel for 79dd395b-4526-420e-a37f-67e63318a1f7
dn1_1    | 2022-12-07 03:33:59,331 [79dd395b-4526-420e-a37f-67e63318a1f7@group-5459B96AA44D-LeaderElection2] INFO segmented.SegmentedRaftLogWorker: 79dd395b-4526-420e-a37f-67e63318a1f7@group-5459B96AA44D-SegmentedRaftLogWorker: Rolling segment log-0_0 to index:0
dn3_1    | 2022-12-07 03:33:50,814 [51c642f5-0e34-4b40-8725-f66df349a602-impl-thread2] INFO ratis.ContainerStateMachine: group-E44882EFDF64: Setting the last applied index to (t:1, i:4)
recon_1  | 	at org.apache.hadoop.ipc.Server.access$1700(Server.java:144)
scm_1    | 2022-12-07 03:33:45,725 [Listener at 0.0.0.0/9860] INFO impl.MetricsSystemImpl: StorageContainerManager metrics system started
dn2_1    | 2022-12-07 03:33:58,166 [8bf11be2-7b2c-4412-9d0e-f840011e1ce4@group-E44882EFDF64-LeaderElection3] INFO server.RaftServerConfigKeys: raft.server.rpc.first-election.timeout.min = 5s (fallback to raft.server.rpc.timeout.min)
dn1_1    | 2022-12-07 03:33:59,355 [79dd395b-4526-420e-a37f-67e63318a1f7@group-5459B96AA44D-SegmentedRaftLogWorker] INFO segmented.SegmentedRaftLogWorker: 79dd395b-4526-420e-a37f-67e63318a1f7@group-5459B96AA44D-SegmentedRaftLogWorker: Rolled log segment from /data/metadata/ratis/d4a08c10-a848-4e8e-8ae3-5459b96aa44d/current/log_inprogress_0 to /data/metadata/ratis/d4a08c10-a848-4e8e-8ae3-5459b96aa44d/current/log_0-0
dn3_1    | 2022-12-07 03:33:50,821 [51c642f5-0e34-4b40-8725-f66df349a602-impl-thread3] INFO ratis.ContainerStateMachine: group-1395970D9ECF: Setting the last applied index to (t:1, i:0)
recon_1  | 	at org.apache.hadoop.ipc.Server$Responder.processResponse(Server.java:1672)
scm_1    | 2022-12-07 03:33:46,493 [Listener at 0.0.0.0/9860] INFO server.SCMClientProtocolServer: RPC server for Client  is listening at /0.0.0.0:9860
dn2_1    | 2022-12-07 03:33:58,167 [8bf11be2-7b2c-4412-9d0e-f840011e1ce4@group-E44882EFDF64-LeaderElection3] INFO server.RaftServerConfigKeys: raft.server.rpc.first-election.timeout.max = 5200ms (fallback to raft.server.rpc.timeout.max)
dn1_1    | 2022-12-07 03:33:59,424 [79dd395b-4526-420e-a37f-67e63318a1f7@group-5459B96AA44D-SegmentedRaftLogWorker] INFO segmented.SegmentedRaftLogWorker: 79dd395b-4526-420e-a37f-67e63318a1f7@group-5459B96AA44D-SegmentedRaftLogWorker: created new log segment /data/metadata/ratis/d4a08c10-a848-4e8e-8ae3-5459b96aa44d/current/log_inprogress_1
dn3_1    | 2022-12-07 03:33:50,816 [51c642f5-0e34-4b40-8725-f66df349a602-impl-thread1] INFO ratis.ContainerStateMachine: group-447BB108574E: Setting the last applied index to (t:2, i:200)
recon_1  | 	at org.apache.hadoop.ipc.Server$Responder.doRespond(Server.java:1742)
scm_1    | 2022-12-07 03:33:46,494 [IPC Server Responder] INFO ipc.Server: IPC Server Responder: starting
dn2_1    | 2022-12-07 03:33:58,169 [8bf11be2-7b2c-4412-9d0e-f840011e1ce4@group-447BB108574E-LeaderElection2-2] INFO server.GrpcServerProtocolClient: Build channel for 51c642f5-0e34-4b40-8725-f66df349a602
dn1_1    | 2022-12-07 03:33:59,518 [79dd395b-4526-420e-a37f-67e63318a1f7@group-5459B96AA44D-LeaderElection2] INFO server.RaftServer$Division: 79dd395b-4526-420e-a37f-67e63318a1f7@group-5459B96AA44D: set configuration 1: peers:[79dd395b-4526-420e-a37f-67e63318a1f7|rpc:10.9.0.11:9856|admin:10.9.0.11:9857|client:10.9.0.11:9858|dataStream:|priority:1|startupRole:FOLLOWER]|listeners:[], old=null
dn3_1    | 2022-12-07 03:33:51,116 [51c642f5-0e34-4b40-8725-f66df349a602-impl-thread3] INFO server.RaftServerConfigKeys: raft.server.log.use.memory = false (default)
dn3_1    | 2022-12-07 03:33:51,118 [51c642f5-0e34-4b40-8725-f66df349a602-impl-thread1] INFO server.RaftServerConfigKeys: raft.server.log.use.memory = false (default)
scm_1    | 2022-12-07 03:33:46,496 [IPC Server listener on 9860] INFO ipc.Server: IPC Server listener on 9860: starting
dn2_1    | 2022-12-07 03:34:00,183 [grpc-default-executor-0] INFO server.RaftServer$Division: 8bf11be2-7b2c-4412-9d0e-f840011e1ce4@group-447BB108574E: receive requestVote(ELECTION, 51c642f5-0e34-4b40-8725-f66df349a602, group-447BB108574E, 3, (t:2, i:200))
dn2_1    | 2022-12-07 03:34:00,185 [grpc-default-executor-0] INFO impl.VoteContext: 8bf11be2-7b2c-4412-9d0e-f840011e1ce4@group-447BB108574E-CANDIDATE: reject ELECTION from 51c642f5-0e34-4b40-8725-f66df349a602: already has voted for 8bf11be2-7b2c-4412-9d0e-f840011e1ce4 at current term 3
dn1_1    | 2022-12-07 03:34:00,161 [grpc-default-executor-1] INFO server.RaftServer$Division: 79dd395b-4526-420e-a37f-67e63318a1f7@group-E44882EFDF64: receive requestVote(ELECTION, 8bf11be2-7b2c-4412-9d0e-f840011e1ce4, group-E44882EFDF64, 2, (t:1, i:4))
dn3_1    | 2022-12-07 03:33:51,119 [51c642f5-0e34-4b40-8725-f66df349a602-impl-thread2] INFO server.RaftServerConfigKeys: raft.server.log.use.memory = false (default)
recon_1  | 	at org.apache.hadoop.ipc.Server$Connection.sendResponse(Server.java:2847)
scm_1    | 2022-12-07 03:33:46,711 [Listener at 0.0.0.0/9860] INFO server.StorageContainerManager: ScmBlockLocationProtocol RPC server is listening at /0.0.0.0:9863
dn2_1    | 2022-12-07 03:34:00,196 [grpc-default-executor-1] INFO server.RaftServer$Division: 8bf11be2-7b2c-4412-9d0e-f840011e1ce4@group-E44882EFDF64: receive requestVote(ELECTION, 51c642f5-0e34-4b40-8725-f66df349a602, group-E44882EFDF64, 2, (t:1, i:4))
dn1_1    | 2022-12-07 03:34:00,167 [grpc-default-executor-1] INFO impl.VoteContext: 79dd395b-4526-420e-a37f-67e63318a1f7@group-E44882EFDF64-CANDIDATE: reject ELECTION from 8bf11be2-7b2c-4412-9d0e-f840011e1ce4: already has voted for 79dd395b-4526-420e-a37f-67e63318a1f7 at current term 2
dn3_1    | 2022-12-07 03:33:51,134 [51c642f5-0e34-4b40-8725-f66df349a602-impl-thread1] INFO server.RaftServerConfigKeys: raft.server.log.purge.gap = 1000000 (custom)
recon_1  | 	at org.apache.hadoop.ipc.Server$Connection.access$300(Server.java:1814)
