scm_1               | STARTUP_MSG:   classpath = /etc/hadoop:/opt/hadoop/share/ozone/lib/kerb-simplekdc-1.0.1.jar:/opt/hadoop/share/ozone/lib/slf4j-reload4j-1.7.36.jar:/opt/hadoop/share/ozone/lib/protobuf-java-2.5.0.jar:/opt/hadoop/share/ozone/lib/jaxb-core-2.3.0.1.jar:/opt/hadoop/share/ozone/lib/istack-commons-runtime-3.0.5.jar:/opt/hadoop/share/ozone/lib/netty-handler-4.1.79.Final.jar:/opt/hadoop/share/ozone/lib/commons-validator-1.6.jar:/opt/hadoop/share/ozone/lib/bcpkix-jdk15on-1.67.jar:/opt/hadoop/share/ozone/lib/hdds-interface-admin-1.3.0-SNAPSHOT.jar:/opt/hadoop/share/ozone/lib/jackson-annotations-2.13.2.jar:/opt/hadoop/share/ozone/lib/jetty-security-9.4.43.v20210629.jar:/opt/hadoop/share/ozone/lib/kerb-core-1.0.1.jar:/opt/hadoop/share/ozone/lib/hadoop-shaded-protobuf_3_7-1.1.1.jar:/opt/hadoop/share/ozone/lib/netty-common-4.1.79.Final.jar:/opt/hadoop/share/ozone/lib/hdds-container-service-1.3.0-SNAPSHOT.jar:/opt/hadoop/share/ozone/lib/okhttp-4.9.0.jar:/opt/hadoop/share/ozone/lib/jsr305-3.0.0.jar:/opt/hadoop/share/ozone/lib/j2objc-annotations-1.3.jar:/opt/hadoop/share/ozone/lib/picocli-4.6.1.jar:/opt/hadoop/share/ozone/lib/jackson-datatype-jsr310-2.13.2.jar:/opt/hadoop/share/ozone/lib/javassist-3.21.0-GA.jar:/opt/hadoop/share/ozone/lib/jaxb-api-2.3.0.jar:/opt/hadoop/share/ozone/lib/htrace-core4-4.1.0-incubating.jar:/opt/hadoop/share/ozone/lib/kerb-util-1.0.1.jar:/opt/hadoop/share/ozone/lib/hadoop-shaded-guava-1.1.1.jar:/opt/hadoop/share/ozone/lib/ratis-metrics-2.3.0.jar:/opt/hadoop/share/ozone/lib/kotlin-stdlib-1.6.21.jar:/opt/hadoop/share/ozone/lib/log4j-core-2.17.1.jar:/opt/hadoop/share/ozone/lib/commons-logging-1.2.jar:/opt/hadoop/share/ozone/lib/accessors-smart-2.4.7.jar:/opt/hadoop/share/ozone/lib/kerby-xdr-1.0.1.jar:/opt/hadoop/share/ozone/lib/txw2-2.3.0.1.jar:/opt/hadoop/share/ozone/lib/httpcore-4.4.13.jar:/opt/hadoop/share/ozone/lib/guava-31.1-jre.jar:/opt/hadoop/share/ozone/lib/opentracing-tracerresolver-0.1.8.jar:/opt/hadoop/share/ozone/lib/commons-net-3.6.jar:/opt/hadoop/share/ozone/lib/netty-transport-4.1.79.Final.jar:/opt/hadoop/share/ozone/lib/libthrift-0.14.1.jar:/opt/hadoop/share/ozone/lib/snakeyaml-1.26.jar:/opt/hadoop/share/ozone/lib/stax-ex-1.7.8.jar:/opt/hadoop/share/ozone/lib/error_prone_annotations-2.2.0.jar:/opt/hadoop/share/ozone/lib/httpclient-4.5.13.jar:/opt/hadoop/share/ozone/lib/jetty-servlet-9.4.43.v20210629.jar:/opt/hadoop/share/ozone/lib/ratis-common-2.3.0.jar:/opt/hadoop/share/ozone/lib/jaeger-client-1.6.0.jar:/opt/hadoop/share/ozone/lib/kerby-config-1.0.1.jar:/opt/hadoop/share/ozone/lib/commons-io-2.11.0.jar:/opt/hadoop/share/ozone/lib/metrics-core-3.2.4.jar:/opt/hadoop/share/ozone/lib/kerby-pkix-1.0.1.jar:/opt/hadoop/share/ozone/lib/json-smart-2.4.7.jar:/opt/hadoop/share/ozone/lib/hdds-interface-client-1.3.0-SNAPSHOT.jar:/opt/hadoop/share/ozone/lib/ratis-grpc-2.3.0.jar:/opt/hadoop/share/ozone/lib/jsr311-api-1.1.1.jar:/opt/hadoop/share/ozone/lib/hdds-annotation-processing-1.3.0-SNAPSHOT.jar:/opt/hadoop/share/ozone/lib/commons-beanutils-1.9.4.jar:/opt/hadoop/share/ozone/lib/jetty-webapp-9.4.43.v20210629.jar:/opt/hadoop/share/ozone/lib/jackson-core-2.13.2.jar:/opt/hadoop/share/ozone/lib/hdds-server-framework-1.3.0-SNAPSHOT.jar:/opt/hadoop/share/ozone/lib/javax.servlet-api-3.1.0.jar:/opt/hadoop/share/ozone/lib/kerb-server-1.0.1.jar:/opt/hadoop/share/ozone/lib/hdds-common-1.3.0-SNAPSHOT.jar:/opt/hadoop/share/ozone/lib/rocksdbjni-7.4.5.jar:/opt/hadoop/share/ozone/lib/kerb-client-1.0.1.jar:/opt/hadoop/share/ozone/lib/disruptor-3.4.2.jar:/opt/hadoop/share/ozone/lib/reflections-0.9.11.jar:/opt/hadoop/share/ozone/lib/gson-2.9.0.jar:/opt/hadoop/share/ozone/lib/hdds-erasurecode-1.3.0-SNAPSHOT.jar:/opt/hadoop/share/ozone/lib/jetty-io-9.4.43.v20210629.jar:/opt/hadoop/share/ozone/lib/hdds-interface-server-1.3.0-SNAPSHOT.jar:/opt/hadoop/share/ozone/lib/hadoop-hdfs-3.3.1.jar:/opt/hadoop/share/ozone/lib/ratis-proto-2.3.0.jar:/opt/hadoop/share/ozone/lib/annotations-13.0.jar:/opt/hadoop/share/ozone/lib/jetty-server-9.4.43.v20210629.jar:/opt/hadoop/share/ozone/lib/simpleclient_common-0.7.0.jar:/opt/hadoop/share/ozone/lib/jaeger-thrift-1.6.0.jar:/opt/hadoop/share/ozone/lib/hadoop-common-3.3.1.jar:/opt/hadoop/share/ozone/lib/dnsjava-2.1.7.jar:/opt/hadoop/share/ozone/lib/bcprov-jdk15on-1.67.jar:/opt/hadoop/share/ozone/lib/commons-configuration2-2.1.1.jar:/opt/hadoop/share/ozone/lib/token-provider-1.0.1.jar:/opt/hadoop/share/ozone/lib/commons-daemon-1.0.13.jar:/opt/hadoop/share/ozone/lib/listenablefuture-9999.0-empty-to-avoid-conflict-with-guava.jar:/opt/hadoop/share/ozone/lib/netty-buffer-4.1.79.Final.jar:/opt/hadoop/share/ozone/lib/jaeger-tracerresolver-1.6.0.jar:/opt/hadoop/share/ozone/lib/jetty-xml-9.4.43.v20210629.jar:/opt/hadoop/share/ozone/lib/slf4j-api-1.7.36.jar:/opt/hadoop/share/ozone/lib/commons-lang3-3.7.jar:/opt/hadoop/share/ozone/lib/ratis-netty-2.3.0.jar:/opt/hadoop/share/ozone/lib/re2j-1.1.jar:/opt/hadoop/share/ozone/lib/commons-math3-3.1.1.jar:/opt/hadoop/share/ozone/lib/simpleclient_dropwizard-0.7.0.jar:/opt/hadoop/share/ozone/lib/jackson-databind-2.13.2.2.jar:/opt/hadoop/share/ozone/lib/simpleclient-0.7.0.jar:/opt/hadoop/share/ozone/lib/asm-5.0.4.jar:/opt/hadoop/share/ozone/lib/kerby-util-1.0.1.jar:/opt/hadoop/share/ozone/lib/netty-codec-4.1.79.Final.jar:/opt/hadoop/share/ozone/lib/failureaccess-1.0.1.jar:/opt/hadoop/share/ozone/lib/okio-2.8.0.jar:/opt/hadoop/share/ozone/lib/hdds-config-1.3.0-SNAPSHOT.jar:/opt/hadoop/share/ozone/lib/jsp-api-2.1.jar:/opt/hadoop/share/ozone/lib/jsch-0.1.54.jar:/opt/hadoop/share/ozone/lib/jetty-http-9.4.43.v20210629.jar:/opt/hadoop/share/ozone/lib/jakarta.activation-api-1.2.1.jar:/opt/hadoop/share/ozone/lib/hadoop-hdfs-client-3.3.1.jar:/opt/hadoop/share/ozone/lib/reload4j-1.2.22.jar:/opt/hadoop/share/ozone/lib/nimbus-jose-jwt-7.9.jar:/opt/hadoop/share/ozone/lib/commons-codec-1.11.jar:/opt/hadoop/share/ozone/lib/commons-pool2-2.6.0.jar:/opt/hadoop/share/ozone/lib/netty-resolver-4.1.79.Final.jar:/opt/hadoop/share/ozone/lib/jetty-util-9.4.43.v20210629.jar:/opt/hadoop/share/ozone/lib/opentracing-api-0.33.0.jar:/opt/hadoop/share/ozone/lib/jetty-util-ajax-9.4.43.v20210629.jar:/opt/hadoop/share/ozone/lib/jcip-annotations-1.0-1.jar:/opt/hadoop/share/ozone/lib/kerb-admin-1.0.1.jar:/opt/hadoop/share/ozone/lib/ratis-thirdparty-misc-1.0.0.jar:/opt/hadoop/share/ozone/lib/kotlin-stdlib-common-1.6.21.jar:/opt/hadoop/share/ozone/lib/opentracing-noop-0.33.0.jar:/opt/hadoop/share/ozone/lib/netty-transport-native-unix-common-4.1.79.Final.jar:/opt/hadoop/share/ozone/lib/jersey-core-1.19.jar:/opt/hadoop/share/ozone/lib/commons-compress-1.21.jar:/opt/hadoop/share/ozone/lib/jaxb-runtime-2.3.0.1.jar:/opt/hadoop/share/ozone/lib/ratis-server-api-2.3.0.jar:/opt/hadoop/share/ozone/lib/opentracing-util-0.33.0.jar:/opt/hadoop/share/ozone/lib/hdds-client-1.3.0-SNAPSHOT.jar:/opt/hadoop/share/ozone/lib/hdds-hadoop-dependency-client-1.3.0-SNAPSHOT.jar:/opt/hadoop/share/ozone/lib/snappy-java-1.1.8.2.jar:/opt/hadoop/share/ozone/lib/commons-cli-1.2.jar:/opt/hadoop/share/ozone/lib/ratis-server-2.3.0.jar:/opt/hadoop/share/ozone/lib/log4j-api-2.17.1.jar:/opt/hadoop/share/ozone/lib/woodstox-core-5.0.3.jar:/opt/hadoop/share/ozone/lib/javax.annotation-api-1.2.jar:/opt/hadoop/share/ozone/lib/kerby-asn1-1.0.1.jar:/opt/hadoop/share/ozone/lib/hadoop-annotations-3.3.1.jar:/opt/hadoop/share/ozone/lib/checker-qual-3.12.0.jar:/opt/hadoop/share/ozone/lib/stax2-api-3.1.4.jar:/opt/hadoop/share/ozone/lib/commons-digester-1.8.1.jar:/opt/hadoop/share/ozone/lib/commons-collections-3.2.2.jar:/opt/hadoop/share/ozone/lib/jaeger-core-1.6.0.jar:/opt/hadoop/share/ozone/lib/commons-text-1.4.jar:/opt/hadoop/share/ozone/lib/jersey-servlet-1.19.jar:/opt/hadoop/share/ozone/lib/hadoop-auth-3.3.1.jar:/opt/hadoop/share/ozone/lib/kerb-identity-1.0.1.jar:/opt/hadoop/share/ozone/lib/FastInfoset-1.2.13.jar:/opt/hadoop/share/ozone/lib/ratis-client-2.3.0.jar:/opt/hadoop/share/ozone/lib/kerb-common-1.0.1.jar:/opt/hadoop/share/ozone/lib/jersey-server-1.19.jar:/opt/hadoop/share/ozone/lib/hdds-hadoop-dependency-server-1.3.0-SNAPSHOT.jar:/opt/hadoop/share/ozone/lib/kerb-crypto-1.0.1.jar:/opt/hadoop/share/ozone/web:/opt/hadoop/share/ozone/lib/hdds-server-scm-1.3.0-SNAPSHOT.jar
scm_1               | STARTUP_MSG:   build = https://github.com/apache/ozone/69695eabb73861d6d4dcf8286383c9a673844c37 ; compiled by 'runner' on 2022-09-27T13:21Z
scm_1               | STARTUP_MSG:   java = 11.0.14.1
scm_1               | ************************************************************/
scm_1               | 2022-09-27 14:24:13,168 [main] INFO server.StorageContainerManagerStarter: registered UNIX signal handlers for [TERM, HUP, INT]
scm_1               | 2022-09-27 14:24:13,291 [main] WARN server.ServerUtils: ozone.scm.db.dirs is not configured. We recommend adding this setting. Falling back to ozone.metadata.dirs instead.
scm_1               | 2022-09-27 14:24:13,351 [main] INFO ha.SCMHANodeDetails: ServiceID for StorageContainerManager is null
scm_1               | 2022-09-27 14:24:13,376 [main] INFO ha.SCMHANodeDetails: ozone.scm.default.service.id is not defined, falling back to ozone.scm.service.ids to find serviceID for StorageContainerManager if it is HA enabled cluster
scm_1               | 2022-09-27 14:24:14,459 [main] WARN utils.HAUtils: ozone.scm.db.dirs is not configured. We recommend adding this setting. Falling back to ozone.metadata.dirs instead.
scm_1               | 2022-09-27 14:24:14,763 [main] WARN db.DBStoreBuilder: ozone.scm.db.dirs is not configured. We recommend adding this setting. Falling back to ozone.metadata.dirs instead.
scm_1               | 2022-09-27 14:24:15,357 [main] INFO net.NodeSchemaLoader: Loading schema from [file:/etc/hadoop/network-topology-default.xml, jar:file:/opt/hadoop/share/ozone/lib/hdds-common-1.3.0-SNAPSHOT.jar!/network-topology-default.xml]
scm_1               | 2022-09-27 14:24:15,359 [main] INFO net.NodeSchemaLoader: Loading network topology layer schema file
scm_1               | 2022-09-27 14:24:15,424 [main] INFO metrics.MetricRegistries: Loaded MetricRegistries class org.apache.ratis.metrics.impl.MetricRegistriesImpl
scm_1               | 2022-09-27 14:24:15,447 [main] INFO ha.SCMRatisServerImpl: starting Raft server for scm:38d54d3b-61c7-41a3-aaf8-59f3d9f16984
scm_1               | 2022-09-27 14:24:15,540 [main] INFO server.RaftServer: raft.rpc.type = GRPC (default)
scm_1               | 2022-09-27 14:24:15,607 [main] INFO grpc.GrpcConfigKeys: raft.grpc.admin.port = -1 (default)
scm_1               | 2022-09-27 14:24:15,607 [main] INFO grpc.GrpcConfigKeys: raft.grpc.server.port = 9894 (custom)
scm_1               | 2022-09-27 14:24:15,609 [main] INFO grpc.GrpcConfigKeys: raft.grpc.client.port = -1 (default)
scm_1               | 2022-09-27 14:24:15,610 [main] INFO grpc.GrpcConfigKeys: raft.grpc.server.port = 9894 (custom)
scm_1               | 2022-09-27 14:24:15,610 [main] INFO grpc.GrpcConfigKeys: raft.grpc.server.port = 9894 (custom)
scm_1               | 2022-09-27 14:24:15,611 [main] INFO server.GrpcService: raft.grpc.message.size.max = 32m (=33554432) (custom)
scm_1               | 2022-09-27 14:24:15,614 [main] INFO server.RaftServerConfigKeys: raft.server.log.appender.buffer.byte-limit = 33554432 (custom)
scm_1               | 2022-09-27 14:24:15,615 [main] INFO server.GrpcService: raft.grpc.flow.control.window = 1MB (=1048576) (default)
scm_1               | 2022-09-27 14:24:15,615 [main] INFO server.RaftServerConfigKeys: raft.server.rpc.request.timeout = 30000ms (custom)
scm_1               | 2022-09-27 14:24:15,626 [main] INFO grpc.GrpcConfigKeys: raft.grpc.server.async.request.thread.pool.cached = true (default)
scm_1               | 2022-09-27 14:24:15,627 [main] INFO grpc.GrpcConfigKeys: raft.grpc.server.async.request.thread.pool.size = 32 (default)
scm_1               | 2022-09-27 14:24:15,820 [main] INFO impl.DataStreamServerImpl: raft.datastream.type = DISABLED (default)
scm_1               | 2022-09-27 14:24:15,822 [main] INFO server.RaftServerConfigKeys: raft.server.threadpool.proxy.cached = true (default)
scm_1               | 2022-09-27 14:24:15,822 [main] INFO server.RaftServerConfigKeys: raft.server.threadpool.proxy.size = 0 (default)
scm_1               | 2022-09-27 14:24:15,823 [main] INFO server.RaftServerConfigKeys: raft.server.rpc.slowness.timeout = 120000ms (custom)
scm_1               | 2022-09-27 14:24:15,823 [main] INFO server.RaftServerConfigKeys: raft.server.leaderelection.leader.step-down.wait-time = 10s (default)
om_1                | 2022-09-27 14:24:37,922 [pool-26-thread-1] INFO server.RaftServerConfigKeys: raft.server.rpc.slowness.timeout = 120s (custom)
scm_1               | 2022-09-27 14:24:15,825 [main] INFO server.RaftServerConfigKeys: raft.server.storage.dir = [/data/metadata/scm-ha] (custom)
recon_1             | 2022-09-27 14:24:25,049 [IPC Server handler 2 on default port 9891] INFO ipc.Server: IPC Server handler 2 on default port 9891 caught an exception
recon_1             | java.nio.channels.ClosedChannelException
recon_1             | 	at java.base/sun.nio.ch.SocketChannelImpl.ensureOpenAndConnected(SocketChannelImpl.java:180)
recon_1             | 	at java.base/sun.nio.ch.SocketChannelImpl.write(SocketChannelImpl.java:452)
recon_1             | 	at org.apache.hadoop.ipc.Server.channelWrite(Server.java:3605)
recon_1             | 	at org.apache.hadoop.ipc.Server.access$1700(Server.java:141)
datanode_3          | 2022-09-27 14:24:32,386 [pool-22-thread-1] INFO impl.RoleInfo: c769befc-5ab9-4d5e-ab6a-667773369e26: start c769befc-5ab9-4d5e-ab6a-667773369e26@group-885D9160FACD-FollowerState
om_1                | 2022-09-27 14:24:37,924 [pool-26-thread-1] INFO server.RaftServerConfigKeys: raft.server.leaderelection.leader.step-down.wait-time = 10s (default)
om_1                | 2022-09-27 14:24:37,924 [pool-26-thread-1] INFO server.RaftServerConfigKeys: raft.server.sleep.deviation.threshold = 300ms (default)
datanode_3          | 2022-09-27 14:24:32,388 [pool-22-thread-1] INFO util.JmxRegister: Successfully registered JMX Bean with object name Ratis:service=RaftServer,group=group-885D9160FACD,id=c769befc-5ab9-4d5e-ab6a-667773369e26
recon_1             | 	at org.apache.hadoop.ipc.Server$Responder.processResponse(Server.java:1667)
om_1                | 2022-09-27 14:24:37,947 [pool-26-thread-1] INFO server.RaftServer$Division: om1@group-C5BA1605619E: ConfigurationManager, init=-1: [om1|rpc:om:9872|priority:0], old=null, confs=<EMPTY_MAP>
datanode_3          | 2022-09-27 14:24:32,401 [Command processor thread] INFO ratis.XceiverServerRatis: Created group PipelineID=c4ba4c15-b5fc-407c-a231-885d9160facd
recon_1             | 	at org.apache.hadoop.ipc.Server$Responder.doRespond(Server.java:1737)
om_1                | 2022-09-27 14:24:37,948 [pool-26-thread-1] INFO server.RaftServerConfigKeys: raft.server.storage.dir = [/data/metadata/ratis] (custom)
scm_1               | 2022-09-27 14:24:15,828 [38d54d3b-61c7-41a3-aaf8-59f3d9f16984-impl-thread1] INFO server.RaftServer: 38d54d3b-61c7-41a3-aaf8-59f3d9f16984: found a subdirectory /data/metadata/scm-ha/98429c84-acb8-4396-9909-8edf77b34dd6
datanode_3          | 2022-09-27 14:24:32,621 [Command processor thread] INFO commandhandler.CreatePipelineCommandHandler: Created Pipeline RATIS THREE PipelineID=c4ba4c15-b5fc-407c-a231-885d9160facd.
recon_1             | 	at org.apache.hadoop.ipc.Server$Connection.sendResponse(Server.java:2837)
om_1                | 2022-09-27 14:24:37,958 [pool-26-thread-1] INFO server.RaftServerConfigKeys: raft.server.log.corruption.policy = EXCEPTION (default)
scm_1               | 2022-09-27 14:24:15,835 [main] INFO server.RaftServer: 38d54d3b-61c7-41a3-aaf8-59f3d9f16984: addNew group-8EDF77B34DD6:[] returns group-8EDF77B34DD6:java.util.concurrent.CompletableFuture@4de79b7d[Not completed]
scm_1               | 2022-09-27 14:24:15,853 [pool-16-thread-1] INFO server.RaftServer$Division: 38d54d3b-61c7-41a3-aaf8-59f3d9f16984: new RaftServerImpl for group-8EDF77B34DD6:[] with SCMStateMachine:uninitialized
datanode_3          | 2022-09-27 14:24:33,532 [c769befc-5ab9-4d5e-ab6a-667773369e26@group-8E8090792848-FollowerState] INFO impl.FollowerState: c769befc-5ab9-4d5e-ab6a-667773369e26@group-8E8090792848-FollowerState: change to CANDIDATE, lastRpcElapsedTime:5117574235ns, electionTimeout:5104ms
recon_1             | 	at org.apache.hadoop.ipc.Server$Connection.access$300(Server.java:1809)
om_1                | 2022-09-27 14:24:37,959 [pool-26-thread-1] INFO server.RaftServerConfigKeys: raft.server.storage.free-space.min = 0MB (=0) (default)
scm_1               | 2022-09-27 14:24:15,855 [pool-16-thread-1] INFO server.RaftServerConfigKeys: raft.server.rpc.timeout.min = 5000ms (custom)
datanode_3          | 2022-09-27 14:24:33,532 [c769befc-5ab9-4d5e-ab6a-667773369e26@group-8E8090792848-FollowerState] INFO impl.RoleInfo: c769befc-5ab9-4d5e-ab6a-667773369e26: shutdown c769befc-5ab9-4d5e-ab6a-667773369e26@group-8E8090792848-FollowerState
recon_1             | 	at org.apache.hadoop.ipc.Server$RpcCall.doResponse(Server.java:1117)
om_1                | 2022-09-27 14:24:37,960 [pool-26-thread-1] INFO storage.RaftStorageDirectory: The storage directory /data/metadata/ratis/bf265839-605b-3f16-9796-c5ba1605619e does not exist. Creating ...
scm_1               | 2022-09-27 14:24:15,855 [pool-16-thread-1] INFO server.RaftServerConfigKeys: raft.server.rpc.timeout.max = 5200ms (custom)
datanode_3          | 2022-09-27 14:24:33,532 [c769befc-5ab9-4d5e-ab6a-667773369e26@group-8E8090792848-FollowerState] INFO server.RaftServer$Division: c769befc-5ab9-4d5e-ab6a-667773369e26@group-8E8090792848: changes role from  FOLLOWER to CANDIDATE at term 0 for changeToCandidate
recon_1             | 	at org.apache.hadoop.ipc.Server$Call.doResponse(Server.java:909)
om_1                | 2022-09-27 14:24:37,986 [pool-26-thread-1] INFO storage.RaftStorageDirectory: Lock on /data/metadata/ratis/bf265839-605b-3f16-9796-c5ba1605619e/in_use.lock acquired by nodename 7@53284547bc67
scm_1               | 2022-09-27 14:24:15,856 [pool-16-thread-1] INFO server.RaftServerConfigKeys: raft.server.rpc.sleep.time = 25ms (default)
datanode_3          | 2022-09-27 14:24:33,535 [c769befc-5ab9-4d5e-ab6a-667773369e26@group-8E8090792848-FollowerState] INFO server.RaftServerConfigKeys: raft.server.leaderelection.pre-vote = false (custom)
recon_1             | 	at org.apache.hadoop.ipc.Server$Call.sendResponse(Server.java:895)
om_1                | 2022-09-27 14:24:38,022 [pool-26-thread-1] INFO storage.RaftStorage: Storage directory /data/metadata/ratis/bf265839-605b-3f16-9796-c5ba1605619e has been successfully formatted.
scm_1               | 2022-09-27 14:24:15,856 [pool-16-thread-1] INFO server.RaftServerConfigKeys: raft.server.rpc.slowness.timeout = 120000ms (custom)
datanode_3          | 2022-09-27 14:24:33,535 [c769befc-5ab9-4d5e-ab6a-667773369e26@group-8E8090792848-FollowerState] INFO impl.RoleInfo: c769befc-5ab9-4d5e-ab6a-667773369e26: start c769befc-5ab9-4d5e-ab6a-667773369e26@group-8E8090792848-LeaderElection1
recon_1             | 	at org.apache.hadoop.ipc.Server$RpcCall.run(Server.java:1052)
om_1                | 2022-09-27 14:24:38,025 [pool-26-thread-1] INFO server.RaftServerConfigKeys: raft.server.notification.no-leader.timeout = 120s (custom)
scm_1               | 2022-09-27 14:24:15,856 [pool-16-thread-1] INFO server.RaftServerConfigKeys: raft.server.leaderelection.leader.step-down.wait-time = 10s (default)
datanode_3          | 2022-09-27 14:24:33,552 [c769befc-5ab9-4d5e-ab6a-667773369e26@group-8E8090792848-LeaderElection1] INFO impl.LeaderElection: c769befc-5ab9-4d5e-ab6a-667773369e26@group-8E8090792848-LeaderElection1 ELECTION round 0: submit vote requests at term 1 for -1: [c769befc-5ab9-4d5e-ab6a-667773369e26|rpc:172.19.0.10:9856|admin:172.19.0.10:9857|client:172.19.0.10:9858|priority:1], old=null
recon_1             | 	at org.apache.hadoop.ipc.Server$RpcCall.run(Server.java:963)
om_1                | 2022-09-27 14:24:38,027 [pool-26-thread-1] INFO server.RaftServerConfigKeys: raft.server.log.use.memory = false (default)
scm_1               | 2022-09-27 14:24:15,857 [pool-16-thread-1] INFO server.RaftServerConfigKeys: raft.server.sleep.deviation.threshold = 300ms (default)
datanode_3          | 2022-09-27 14:24:33,553 [c769befc-5ab9-4d5e-ab6a-667773369e26@group-8E8090792848-LeaderElection1] INFO impl.LeaderElection: c769befc-5ab9-4d5e-ab6a-667773369e26@group-8E8090792848-LeaderElection1 ELECTION round 0: result PASSED (term=1)
recon_1             | 	at java.base/java.security.AccessController.doPrivileged(Native Method)
om_1                | 2022-09-27 14:24:38,051 [pool-26-thread-1] INFO server.RaftServerConfigKeys: raft.server.log.purge.gap = 1000000 (custom)
scm_1               | 2022-09-27 14:24:15,862 [pool-16-thread-1] INFO server.RaftServer$Division: 38d54d3b-61c7-41a3-aaf8-59f3d9f16984@group-8EDF77B34DD6: ConfigurationManager, init=-1: [], old=null, confs=<EMPTY_MAP>
datanode_3          | 2022-09-27 14:24:33,553 [c769befc-5ab9-4d5e-ab6a-667773369e26@group-8E8090792848-LeaderElection1] INFO impl.RoleInfo: c769befc-5ab9-4d5e-ab6a-667773369e26: shutdown c769befc-5ab9-4d5e-ab6a-667773369e26@group-8E8090792848-LeaderElection1
recon_1             | 	at java.base/javax.security.auth.Subject.doAs(Subject.java:423)
om_1                | 2022-09-27 14:24:38,051 [pool-26-thread-1] INFO server.RaftServerConfigKeys: raft.server.log.appender.buffer.byte-limit = 33554432 (custom)
scm_1               | 2022-09-27 14:24:15,862 [pool-16-thread-1] INFO server.RaftServerConfigKeys: raft.server.storage.dir = [/data/metadata/scm-ha] (custom)
datanode_3          | 2022-09-27 14:24:33,554 [c769befc-5ab9-4d5e-ab6a-667773369e26@group-8E8090792848-LeaderElection1] INFO server.RaftServer$Division: c769befc-5ab9-4d5e-ab6a-667773369e26@group-8E8090792848: changes role from CANDIDATE to LEADER at term 1 for changeToLeader
recon_1             | 	at org.apache.hadoop.security.UserGroupInformation.doAs(UserGroupInformation.java:1878)
recon_1             | 	at org.apache.hadoop.ipc.Server$Handler.run(Server.java:2966)
scm_1               | 2022-09-27 14:24:15,865 [pool-16-thread-1] INFO server.RaftServerConfigKeys: raft.server.log.corruption.policy = EXCEPTION (default)
recon_1             | 2022-09-27 14:24:25,045 [IPC Server handler 5 on default port 9891] WARN ipc.Server: IPC Server handler 5 on default port 9891, call Call#2 Retry#0 org.apache.hadoop.ozone.protocol.ReconDatanodeProtocol.submitRequest from 172.19.0.10:59594: output error
om_1                | 2022-09-27 14:24:38,056 [pool-26-thread-1] INFO server.RaftServerConfigKeys: raft.server.log.statemachine.data.read.timeout = 1000ms (default)
datanode_3          | 2022-09-27 14:24:33,554 [c769befc-5ab9-4d5e-ab6a-667773369e26@group-8E8090792848-LeaderElection1] INFO ratis.XceiverServerRatis: Leader change notification received for group: group-8E8090792848 with new leaderId: c769befc-5ab9-4d5e-ab6a-667773369e26
scm_1               | 2022-09-27 14:24:15,866 [pool-16-thread-1] INFO server.RaftServerConfigKeys: raft.server.storage.free-space.min = 0MB (=0) (default)
recon_1             | 2022-09-27 14:24:25,045 [IPC Server handler 1 on default port 9891] WARN ipc.Server: IPC Server handler 1 on default port 9891, call Call#1 Retry#0 org.apache.hadoop.ozone.protocol.ReconDatanodeProtocol.submitRequest from 172.19.0.10:59586: output error
om_1                | 2022-09-27 14:24:38,125 [pool-26-thread-1] INFO server.RaftServerConfigKeys: raft.server.log.segment.size.max = 4194304 (custom)
datanode_3          | 2022-09-27 14:24:33,554 [c769befc-5ab9-4d5e-ab6a-667773369e26@group-8E8090792848-LeaderElection1] INFO server.RaftServer$Division: c769befc-5ab9-4d5e-ab6a-667773369e26@group-8E8090792848: change Leader from null to c769befc-5ab9-4d5e-ab6a-667773369e26 at term 1 for becomeLeader, leader elected after 5756ms
scm_1               | 2022-09-27 14:24:15,892 [pool-16-thread-1] INFO storage.RaftStorageDirectory: Lock on /data/metadata/scm-ha/98429c84-acb8-4396-9909-8edf77b34dd6/in_use.lock acquired by nodename 6@062b47d899a2
recon_1             | 2022-09-27 14:24:25,045 [IPC Server handler 6 on default port 9891] WARN ipc.Server: IPC Server handler 6 on default port 9891, call Call#2 Retry#0 org.apache.hadoop.ozone.protocol.ReconDatanodeProtocol.submitRequest from 172.19.0.11:53614: output error
om_1                | 2022-09-27 14:24:38,182 [pool-26-thread-1] INFO server.RaftServerConfigKeys: raft.server.log.segment.cache.num.max = 2 (custom)
datanode_3          | 2022-09-27 14:24:33,577 [c769befc-5ab9-4d5e-ab6a-667773369e26@group-8E8090792848-LeaderElection1] INFO server.RaftServerConfigKeys: raft.server.staging.catchup.gap = 1000 (default)
scm_1               | 2022-09-27 14:24:15,898 [pool-16-thread-1] INFO storage.RaftStorage: Read RaftStorageMetadata{term=1, votedFor=38d54d3b-61c7-41a3-aaf8-59f3d9f16984} from /data/metadata/scm-ha/98429c84-acb8-4396-9909-8edf77b34dd6/current/raft-meta
recon_1             | 2022-09-27 14:24:25,051 [IPC Server handler 1 on default port 9891] INFO ipc.Server: IPC Server handler 1 on default port 9891 caught an exception
om_1                | 2022-09-27 14:24:38,183 [pool-26-thread-1] INFO server.RaftServerConfigKeys: raft.server.log.segment.cache.size.max = 200MB (=209715200) (default)
datanode_3          | 2022-09-27 14:24:33,593 [c769befc-5ab9-4d5e-ab6a-667773369e26@group-8E8090792848-LeaderElection1] INFO server.RaftServerConfigKeys: raft.server.write.element-limit = 1024 (custom)
scm_1               | 2022-09-27 14:24:15,922 [pool-16-thread-1] INFO server.RaftServer$Division: 38d54d3b-61c7-41a3-aaf8-59f3d9f16984@group-8EDF77B34DD6: set configuration 0: [38d54d3b-61c7-41a3-aaf8-59f3d9f16984|rpc:062b47d899a2:9894|admin:|client:|dataStream:|priority:0], old=null
recon_1             | java.nio.channels.ClosedChannelException
om_1                | 2022-09-27 14:24:38,212 [pool-26-thread-1] INFO segmented.SegmentedRaftLogWorker: new om1@group-C5BA1605619E-SegmentedRaftLogWorker for RaftStorageImpl:Storage Directory /data/metadata/ratis/bf265839-605b-3f16-9796-c5ba1605619e
datanode_3          | 2022-09-27 14:24:33,602 [c769befc-5ab9-4d5e-ab6a-667773369e26@group-8E8090792848-LeaderElection1] INFO server.RaftServerConfigKeys: raft.server.write.byte-limit = 1024 M (=1073741824) (custom)
scm_1               | 2022-09-27 14:24:15,922 [pool-16-thread-1] INFO server.RaftServerConfigKeys: raft.server.notification.no-leader.timeout = 60s (default)
recon_1             | 	at java.base/sun.nio.ch.SocketChannelImpl.ensureOpenAndConnected(SocketChannelImpl.java:180)
om_1                | 2022-09-27 14:24:38,224 [pool-26-thread-1] INFO server.RaftServerConfigKeys: raft.server.log.queue.byte-limit = 64MB (=67108864) (default)
datanode_3          | 2022-09-27 14:24:33,605 [c769befc-5ab9-4d5e-ab6a-667773369e26@group-8E8090792848-LeaderElection1] INFO server.RaftServerConfigKeys: raft.server.watch.timeout = 180s (custom)
scm_1               | 2022-09-27 14:24:15,923 [pool-16-thread-1] INFO server.RaftServerConfigKeys: raft.server.log.use.memory = false (default)
recon_1             | 	at java.base/sun.nio.ch.SocketChannelImpl.write(SocketChannelImpl.java:452)
om_1                | 2022-09-27 14:24:38,225 [pool-26-thread-1] INFO server.RaftServerConfigKeys: raft.server.log.queue.element-limit = 4096 (default)
datanode_3          | 2022-09-27 14:24:33,612 [c769befc-5ab9-4d5e-ab6a-667773369e26@group-8E8090792848-LeaderElection1] INFO server.RaftServerConfigKeys: raft.server.watch.timeout.denomination = 1s (default)
scm_1               | 2022-09-27 14:24:15,929 [pool-16-thread-1] INFO server.RaftServerConfigKeys: raft.server.log.purge.gap = 1000000 (custom)
recon_1             | 	at org.apache.hadoop.ipc.Server.channelWrite(Server.java:3605)
om_1                | 2022-09-27 14:24:38,225 [pool-26-thread-1] INFO server.RaftServerConfigKeys: raft.server.log.segment.size.max = 4194304 (custom)
datanode_3          | 2022-09-27 14:24:33,613 [c769befc-5ab9-4d5e-ab6a-667773369e26@group-8E8090792848-LeaderElection1] INFO server.RaftServerConfigKeys: raft.server.watch.element-limit = 65536 (default)
scm_1               | 2022-09-27 14:24:15,929 [pool-16-thread-1] INFO server.RaftServerConfigKeys: raft.server.log.appender.buffer.byte-limit = 33554432 (custom)
recon_1             | 	at org.apache.hadoop.ipc.Server.access$1700(Server.java:141)
om_1                | 2022-09-27 14:24:38,226 [pool-26-thread-1] INFO server.RaftServerConfigKeys: raft.server.log.preallocated.size = 4194304 (custom)
datanode_3          | 2022-09-27 14:24:33,617 [c769befc-5ab9-4d5e-ab6a-667773369e26@group-8E8090792848-LeaderElection1] INFO server.RaftServerConfigKeys: raft.server.write.element-limit = 1024 (custom)
datanode_3          | 2022-09-27 14:24:33,635 [c769befc-5ab9-4d5e-ab6a-667773369e26@group-8E8090792848-LeaderElection1] INFO server.RaftServerConfigKeys: raft.server.write.follower.gap.ratio.max = -1.0 (default)
recon_1             | 	at org.apache.hadoop.ipc.Server$Responder.processResponse(Server.java:1667)
om_1                | 2022-09-27 14:24:38,226 [pool-26-thread-1] INFO server.RaftServerConfigKeys: raft.server.log.force.sync.num = 128 (default)
datanode_3          | 2022-09-27 14:24:33,640 [c769befc-5ab9-4d5e-ab6a-667773369e26@group-8E8090792848-LeaderElection1] INFO impl.RoleInfo: c769befc-5ab9-4d5e-ab6a-667773369e26: start c769befc-5ab9-4d5e-ab6a-667773369e26@group-8E8090792848-LeaderStateImpl
scm_1               | 2022-09-27 14:24:15,930 [pool-16-thread-1] INFO server.RaftServerConfigKeys: raft.server.log.statemachine.data.read.timeout = 1000ms (default)
recon_1             | 	at org.apache.hadoop.ipc.Server$Responder.doRespond(Server.java:1737)
om_1                | 2022-09-27 14:24:38,227 [pool-26-thread-1] INFO server.RaftServerConfigKeys: raft.server.log.statemachine.data.sync = true (default)
datanode_3          | 2022-09-27 14:24:33,682 [c769befc-5ab9-4d5e-ab6a-667773369e26@group-8E8090792848-LeaderElection1] INFO segmented.SegmentedRaftLogWorker: c769befc-5ab9-4d5e-ab6a-667773369e26@group-8E8090792848-SegmentedRaftLogWorker: Starting segment from index:0
scm_1               | 2022-09-27 14:24:15,988 [pool-16-thread-1] INFO server.RaftServerConfigKeys: raft.server.log.segment.size.max = 4194304 (custom)
recon_1             | 	at org.apache.hadoop.ipc.Server$Connection.sendResponse(Server.java:2837)
om_1                | 2022-09-27 14:24:38,230 [pool-26-thread-1] INFO server.RaftServerConfigKeys: raft.server.log.statemachine.data.sync.timeout = 10s (default)
datanode_3          | 2022-09-27 14:24:33,749 [c769befc-5ab9-4d5e-ab6a-667773369e26@group-8E8090792848-LeaderElection1] INFO server.RaftServer$Division: c769befc-5ab9-4d5e-ab6a-667773369e26@group-8E8090792848: set configuration 0: [c769befc-5ab9-4d5e-ab6a-667773369e26|rpc:172.19.0.10:9856|admin:172.19.0.10:9857|client:172.19.0.10:9858|dataStream:|priority:1], old=null
scm_1               | 2022-09-27 14:24:15,994 [pool-16-thread-1] INFO server.RaftServerConfigKeys: raft.server.log.segment.cache.num.max = 2 (custom)
recon_1             | 	at org.apache.hadoop.ipc.Server$Connection.access$300(Server.java:1809)
om_1                | 2022-09-27 14:24:38,231 [pool-26-thread-1] INFO server.RaftServerConfigKeys: raft.server.log.statemachine.data.sync.timeout.retry = -1 (default)
datanode_3          | 2022-09-27 14:24:33,758 [c769befc-5ab9-4d5e-ab6a-667773369e26@group-9E7A2D60E410-FollowerState] INFO impl.FollowerState: c769befc-5ab9-4d5e-ab6a-667773369e26@group-9E7A2D60E410-FollowerState: change to CANDIDATE, lastRpcElapsedTime:5141934243ns, electionTimeout:5122ms
scm_1               | 2022-09-27 14:24:15,995 [pool-16-thread-1] INFO server.RaftServerConfigKeys: raft.server.log.segment.cache.size.max = 200MB (=209715200) (default)
recon_1             | 	at org.apache.hadoop.ipc.Server$RpcCall.doResponse(Server.java:1117)
om_1                | 2022-09-27 14:24:38,263 [pool-26-thread-1] INFO server.RaftServerConfigKeys: raft.server.log.write.buffer.size = 64KB (=65536) (default)
datanode_3          | 2022-09-27 14:24:33,759 [c769befc-5ab9-4d5e-ab6a-667773369e26@group-9E7A2D60E410-FollowerState] INFO impl.RoleInfo: c769befc-5ab9-4d5e-ab6a-667773369e26: shutdown c769befc-5ab9-4d5e-ab6a-667773369e26@group-9E7A2D60E410-FollowerState
scm_1               | 2022-09-27 14:24:15,999 [pool-16-thread-1] INFO segmented.SegmentedRaftLogWorker: new 38d54d3b-61c7-41a3-aaf8-59f3d9f16984@group-8EDF77B34DD6-SegmentedRaftLogWorker for RaftStorageImpl:Storage Directory /data/metadata/scm-ha/98429c84-acb8-4396-9909-8edf77b34dd6
recon_1             | 	at org.apache.hadoop.ipc.Server$Call.doResponse(Server.java:909)
om_1                | 2022-09-27 14:24:38,266 [pool-26-thread-1] INFO server.RaftServerConfigKeys: raft.server.log.unsafe-flush.enabled = false (default)
datanode_3          | 2022-09-27 14:24:33,759 [c769befc-5ab9-4d5e-ab6a-667773369e26@group-9E7A2D60E410-FollowerState] INFO server.RaftServer$Division: c769befc-5ab9-4d5e-ab6a-667773369e26@group-9E7A2D60E410: changes role from  FOLLOWER to CANDIDATE at term 0 for changeToCandidate
scm_1               | 2022-09-27 14:24:15,999 [pool-16-thread-1] INFO server.RaftServerConfigKeys: raft.server.log.queue.byte-limit = 64MB (=67108864) (default)
recon_1             | 	at org.apache.hadoop.ipc.Server$Call.sendResponse(Server.java:895)
om_1                | 2022-09-27 14:24:38,267 [pool-26-thread-1] INFO server.RaftServerConfigKeys: raft.server.log.statemachine.data.caching.enabled = false (default)
datanode_3          | 2022-09-27 14:24:33,759 [c769befc-5ab9-4d5e-ab6a-667773369e26@group-9E7A2D60E410-FollowerState] INFO server.RaftServerConfigKeys: raft.server.leaderelection.pre-vote = false (custom)
scm_1               | 2022-09-27 14:24:16,000 [pool-16-thread-1] INFO server.RaftServerConfigKeys: raft.server.log.queue.element-limit = 4096 (default)
recon_1             | 	at org.apache.hadoop.ipc.Server$RpcCall.run(Server.java:1052)
om_1                | 2022-09-27 14:24:38,288 [pool-26-thread-1] INFO segmented.SegmentedRaftLogWorker: om1@group-C5BA1605619E-SegmentedRaftLogWorker: flushIndex: setUnconditionally 0 -> -1
datanode_3          | 2022-09-27 14:24:33,759 [c769befc-5ab9-4d5e-ab6a-667773369e26@group-9E7A2D60E410-FollowerState] INFO impl.RoleInfo: c769befc-5ab9-4d5e-ab6a-667773369e26: start c769befc-5ab9-4d5e-ab6a-667773369e26@group-9E7A2D60E410-LeaderElection2
scm_1               | 2022-09-27 14:24:16,001 [pool-16-thread-1] INFO server.RaftServerConfigKeys: raft.server.log.segment.size.max = 4194304 (custom)
recon_1             | 	at org.apache.hadoop.ipc.Server$RpcCall.run(Server.java:963)
om_1                | 2022-09-27 14:24:38,288 [pool-26-thread-1] INFO segmented.SegmentedRaftLogWorker: om1@group-C5BA1605619E-SegmentedRaftLogWorker: safeCacheEvictIndex: setUnconditionally 0 -> -1
datanode_3          | 2022-09-27 14:24:33,801 [c769befc-5ab9-4d5e-ab6a-667773369e26@group-9E7A2D60E410-LeaderElection2] INFO impl.LeaderElection: c769befc-5ab9-4d5e-ab6a-667773369e26@group-9E7A2D60E410-LeaderElection2 ELECTION round 0: submit vote requests at term 1 for -1: [aa32216a-bced-4118-b0fd-fb3a3c312ec8|rpc:172.19.0.11:9856|admin:172.19.0.11:9857|client:172.19.0.11:9858|priority:1, c769befc-5ab9-4d5e-ab6a-667773369e26|rpc:172.19.0.10:9856|admin:172.19.0.10:9857|client:172.19.0.10:9858|priority:0, 6a2173f6-19ff-4ab1-8732-46fb475d1e34|rpc:172.19.0.8:9856|admin:172.19.0.8:9857|client:172.19.0.8:9858|priority:0], old=null
scm_1               | 2022-09-27 14:24:16,001 [pool-16-thread-1] INFO server.RaftServerConfigKeys: raft.server.log.preallocated.size = 4194304 (custom)
om_1                | 2022-09-27 14:24:38,314 [pool-26-thread-1] INFO server.RaftServerConfigKeys: raft.server.snapshot.auto.trigger.enabled = true (custom)
datanode_3          | 2022-09-27 14:24:34,029 [c769befc-5ab9-4d5e-ab6a-667773369e26@group-8E8090792848-SegmentedRaftLogWorker] INFO segmented.SegmentedRaftLogWorker: c769befc-5ab9-4d5e-ab6a-667773369e26@group-8E8090792848-SegmentedRaftLogWorker: created new log segment /data/metadata/ratis/e6f5a302-b2a0-4367-bdcf-8e8090792848/current/log_inprogress_0
scm_1               | 2022-09-27 14:24:16,001 [pool-16-thread-1] INFO server.RaftServerConfigKeys: raft.server.log.force.sync.num = 128 (default)
recon_1             | 	at java.base/java.security.AccessController.doPrivileged(Native Method)
recon_1             | 	at java.base/javax.security.auth.Subject.doAs(Subject.java:423)
datanode_3          | 2022-09-27 14:24:34,135 [c769befc-5ab9-4d5e-ab6a-667773369e26@group-9E7A2D60E410-LeaderElection2] INFO impl.LeaderElection: c769befc-5ab9-4d5e-ab6a-667773369e26@group-9E7A2D60E410-LeaderElection2: ELECTION REJECTED received 2 response(s) and 0 exception(s):
recon_1             | 	at org.apache.hadoop.security.UserGroupInformation.doAs(UserGroupInformation.java:1878)
om_1                | 2022-09-27 14:24:38,318 [pool-26-thread-1] INFO server.RaftServerConfigKeys: raft.server.snapshot.auto.trigger.threshold = 400000 (default)
scm_1               | 2022-09-27 14:24:16,002 [pool-16-thread-1] INFO server.RaftServerConfigKeys: raft.server.log.statemachine.data.sync = true (default)
datanode_3          | 2022-09-27 14:24:34,139 [c769befc-5ab9-4d5e-ab6a-667773369e26@group-9E7A2D60E410-LeaderElection2] INFO impl.LeaderElection:   Response 0: c769befc-5ab9-4d5e-ab6a-667773369e26<-aa32216a-bced-4118-b0fd-fb3a3c312ec8#0:FAIL-t1
recon_1             | 	at org.apache.hadoop.ipc.Server$Handler.run(Server.java:2966)
om_1                | 2022-09-27 14:24:38,319 [pool-26-thread-1] INFO server.RaftServerConfigKeys: raft.server.snapshot.retention.file.num = -1 (default)
scm_1               | 2022-09-27 14:24:16,002 [pool-16-thread-1] INFO server.RaftServerConfigKeys: raft.server.log.statemachine.data.sync.timeout = 10s (default)
datanode_3          | 2022-09-27 14:24:34,139 [c769befc-5ab9-4d5e-ab6a-667773369e26@group-9E7A2D60E410-LeaderElection2] INFO impl.LeaderElection:   Response 1: c769befc-5ab9-4d5e-ab6a-667773369e26<-6a2173f6-19ff-4ab1-8732-46fb475d1e34#0:OK-t1
recon_1             | 2022-09-27 14:24:25,051 [IPC Server handler 6 on default port 9891] INFO ipc.Server: IPC Server handler 6 on default port 9891 caught an exception
om_1                | 2022-09-27 14:24:38,319 [pool-26-thread-1] INFO server.RaftServerConfigKeys: raft.server.log.purge.upto.snapshot.index = true (custom)
scm_1               | 2022-09-27 14:24:16,003 [pool-16-thread-1] INFO server.RaftServerConfigKeys: raft.server.log.statemachine.data.sync.timeout.retry = -1 (default)
datanode_3          | 2022-09-27 14:24:34,139 [c769befc-5ab9-4d5e-ab6a-667773369e26@group-9E7A2D60E410-LeaderElection2] INFO impl.LeaderElection: c769befc-5ab9-4d5e-ab6a-667773369e26@group-9E7A2D60E410-LeaderElection2 ELECTION round 0: result REJECTED
recon_1             | java.nio.channels.ClosedChannelException
om_1                | 2022-09-27 14:24:38,326 [pool-26-thread-1] INFO server.RaftServerConfigKeys: raft.server.retrycache.expirytime = 300s (custom)
om_1                | 2022-09-27 14:24:38,328 [pool-26-thread-1] INFO server.RaftServerConfigKeys: raft.server.retrycache.statistics.expirytime = 100?s (default)
datanode_3          | 2022-09-27 14:24:34,140 [c769befc-5ab9-4d5e-ab6a-667773369e26@group-9E7A2D60E410-LeaderElection2] INFO server.RaftServer$Division: c769befc-5ab9-4d5e-ab6a-667773369e26@group-9E7A2D60E410: changes role from CANDIDATE to FOLLOWER at term 1 for REJECTED
scm_1               | 2022-09-27 14:24:16,009 [pool-16-thread-1] INFO server.RaftServerConfigKeys: raft.server.log.write.buffer.size = 64KB (=65536) (default)
recon_1             | 	at java.base/sun.nio.ch.SocketChannelImpl.ensureOpenAndConnected(SocketChannelImpl.java:180)
datanode_3          | 2022-09-27 14:24:34,145 [c769befc-5ab9-4d5e-ab6a-667773369e26@group-9E7A2D60E410-LeaderElection2] INFO impl.RoleInfo: c769befc-5ab9-4d5e-ab6a-667773369e26: shutdown c769befc-5ab9-4d5e-ab6a-667773369e26@group-9E7A2D60E410-LeaderElection2
om_1                | 2022-09-27 14:24:38,441 [pool-26-thread-1] INFO server.RaftServerConfigKeys: raft.server.log.appender.install.snapshot.enabled = false (custom)
scm_1               | 2022-09-27 14:24:16,009 [pool-16-thread-1] INFO server.RaftServerConfigKeys: raft.server.log.unsafe-flush.enabled = false (default)
recon_1             | 	at java.base/sun.nio.ch.SocketChannelImpl.write(SocketChannelImpl.java:452)
recon_1             | 	at org.apache.hadoop.ipc.Server.channelWrite(Server.java:3605)
om_1                | 2022-09-27 14:24:38,447 [pool-26-thread-1] INFO server.RaftServerConfigKeys: raft.server.threadpool.server.cached = true (default)
scm_1               | 2022-09-27 14:24:16,010 [pool-16-thread-1] INFO server.RaftServerConfigKeys: raft.server.log.statemachine.data.caching.enabled = false (default)
recon_1             | 	at org.apache.hadoop.ipc.Server.access$1700(Server.java:141)
datanode_3          | 2022-09-27 14:24:34,145 [c769befc-5ab9-4d5e-ab6a-667773369e26@group-9E7A2D60E410-LeaderElection2] INFO impl.RoleInfo: c769befc-5ab9-4d5e-ab6a-667773369e26: start c769befc-5ab9-4d5e-ab6a-667773369e26@group-9E7A2D60E410-FollowerState
om_1                | 2022-09-27 14:24:38,452 [pool-26-thread-1] INFO server.RaftServerConfigKeys: raft.server.threadpool.server.size = 0 (default)
scm_1               | 2022-09-27 14:24:16,036 [pool-16-thread-1] INFO server.RaftServer$Division: 38d54d3b-61c7-41a3-aaf8-59f3d9f16984@group-8EDF77B34DD6: set configuration 0: [38d54d3b-61c7-41a3-aaf8-59f3d9f16984|rpc:062b47d899a2:9894|admin:|client:|dataStream:|priority:0], old=null
recon_1             | 	at org.apache.hadoop.ipc.Server$Responder.processResponse(Server.java:1667)
datanode_3          | 2022-09-27 14:24:37,403 [c769befc-5ab9-4d5e-ab6a-667773369e26@group-885D9160FACD-FollowerState] INFO impl.FollowerState: c769befc-5ab9-4d5e-ab6a-667773369e26@group-885D9160FACD-FollowerState: change to CANDIDATE, lastRpcElapsedTime:5016593773ns, electionTimeout:5002ms
om_1                | 2022-09-27 14:24:38,452 [pool-26-thread-1] INFO server.RaftServerConfigKeys: raft.server.threadpool.client.cached = true (default)
om_1                | 2022-09-27 14:24:38,453 [pool-26-thread-1] INFO server.RaftServerConfigKeys: raft.server.threadpool.client.size = 0 (default)
recon_1             | 	at org.apache.hadoop.ipc.Server$Responder.doRespond(Server.java:1737)
recon_1             | 	at org.apache.hadoop.ipc.Server$Connection.sendResponse(Server.java:2837)
recon_1             | 	at org.apache.hadoop.ipc.Server$Connection.access$300(Server.java:1809)
recon_1             | 	at org.apache.hadoop.ipc.Server$RpcCall.doResponse(Server.java:1117)
recon_1             | 	at org.apache.hadoop.ipc.Server$Call.doResponse(Server.java:909)
om_1                | 2022-09-27 14:24:38,664 [main] INFO reflections.Reflections: Reflections took 650 ms to scan 8 urls, producing 23 keys and 516 values [using 2 cores]
om_1                | 2022-09-27 14:24:38,919 [main] INFO ipc.CallQueueManager: Using callQueue: class java.util.concurrent.LinkedBlockingQueue, queueCapacity: 10000, scheduler: class org.apache.hadoop.ipc.DefaultRpcScheduler, ipcBackoff: false.
om_1                | 2022-09-27 14:24:38,927 [Socket Reader #1 for port 9862] INFO ipc.Server: Starting Socket Reader #1 for port 9862
datanode_3          | 2022-09-27 14:24:37,403 [c769befc-5ab9-4d5e-ab6a-667773369e26@group-885D9160FACD-FollowerState] INFO impl.RoleInfo: c769befc-5ab9-4d5e-ab6a-667773369e26: shutdown c769befc-5ab9-4d5e-ab6a-667773369e26@group-885D9160FACD-FollowerState
datanode_3          | 2022-09-27 14:24:37,404 [c769befc-5ab9-4d5e-ab6a-667773369e26@group-885D9160FACD-FollowerState] INFO server.RaftServer$Division: c769befc-5ab9-4d5e-ab6a-667773369e26@group-885D9160FACD: changes role from  FOLLOWER to CANDIDATE at term 0 for changeToCandidate
datanode_3          | 2022-09-27 14:24:37,404 [c769befc-5ab9-4d5e-ab6a-667773369e26@group-885D9160FACD-FollowerState] INFO server.RaftServerConfigKeys: raft.server.leaderelection.pre-vote = false (custom)
datanode_3          | 2022-09-27 14:24:37,404 [c769befc-5ab9-4d5e-ab6a-667773369e26@group-885D9160FACD-FollowerState] INFO impl.RoleInfo: c769befc-5ab9-4d5e-ab6a-667773369e26: start c769befc-5ab9-4d5e-ab6a-667773369e26@group-885D9160FACD-LeaderElection3
om_1                | 2022-09-27 14:24:39,059 [Listener at om/9862] INFO impl.MetricsConfig: Loaded properties from hadoop-metrics2.properties
scm_1               | 2022-09-27 14:24:16,037 [pool-16-thread-1] INFO segmented.LogSegment: Successfully read 1 entries from segment file /data/metadata/scm-ha/98429c84-acb8-4396-9909-8edf77b34dd6/current/log_inprogress_0
recon_1             | 	at org.apache.hadoop.ipc.Server$Call.sendResponse(Server.java:895)
om_1                | 2022-09-27 14:24:39,073 [Listener at om/9862] INFO impl.MetricsSystemImpl: Scheduled Metric snapshot period at 10 second(s).
scm_1               | 2022-09-27 14:24:16,039 [pool-16-thread-1] INFO segmented.SegmentedRaftLogWorker: 38d54d3b-61c7-41a3-aaf8-59f3d9f16984@group-8EDF77B34DD6-SegmentedRaftLogWorker: flushIndex: setUnconditionally 0 -> 0
datanode_3          | 2022-09-27 14:24:37,436 [c769befc-5ab9-4d5e-ab6a-667773369e26@group-885D9160FACD-LeaderElection3] INFO impl.LeaderElection: c769befc-5ab9-4d5e-ab6a-667773369e26@group-885D9160FACD-LeaderElection3 ELECTION round 0: submit vote requests at term 1 for -1: [aa32216a-bced-4118-b0fd-fb3a3c312ec8|rpc:172.19.0.11:9856|admin:172.19.0.11:9857|client:172.19.0.11:9858|priority:0, c769befc-5ab9-4d5e-ab6a-667773369e26|rpc:172.19.0.10:9856|admin:172.19.0.10:9857|client:172.19.0.10:9858|priority:0, 6a2173f6-19ff-4ab1-8732-46fb475d1e34|rpc:172.19.0.8:9856|admin:172.19.0.8:9857|client:172.19.0.8:9858|priority:1], old=null
recon_1             | 	at org.apache.hadoop.ipc.Server$RpcCall.run(Server.java:1052)
om_1                | 2022-09-27 14:24:39,073 [Listener at om/9862] INFO impl.MetricsSystemImpl: OzoneManager metrics system started
scm_1               | 2022-09-27 14:24:16,039 [pool-16-thread-1] INFO segmented.SegmentedRaftLogWorker: 38d54d3b-61c7-41a3-aaf8-59f3d9f16984@group-8EDF77B34DD6-SegmentedRaftLogWorker: safeCacheEvictIndex: setUnconditionally 0 -> -1
datanode_3          | 2022-09-27 14:24:37,539 [grpc-default-executor-0] INFO server.RaftServer$Division: c769befc-5ab9-4d5e-ab6a-667773369e26@group-885D9160FACD: receive requestVote(ELECTION, aa32216a-bced-4118-b0fd-fb3a3c312ec8, group-885D9160FACD, 1, (t:0, i:0))
recon_1             | 	at org.apache.hadoop.ipc.Server$RpcCall.run(Server.java:963)
om_1                | 2022-09-27 14:24:39,131 [Listener at om/9862] INFO om.OzoneManager: OzoneManager RPC server is listening at om/172.19.0.4:9862
scm_1               | 2022-09-27 14:24:16,089 [pool-16-thread-1] INFO server.RaftServerConfigKeys: raft.server.snapshot.auto.trigger.enabled = true (custom)
datanode_3          | 2022-09-27 14:24:37,559 [grpc-default-executor-0] INFO impl.VoteContext: c769befc-5ab9-4d5e-ab6a-667773369e26@group-885D9160FACD-CANDIDATE: reject ELECTION from aa32216a-bced-4118-b0fd-fb3a3c312ec8: already has voted for c769befc-5ab9-4d5e-ab6a-667773369e26 at current term 1
recon_1             | 	at java.base/java.security.AccessController.doPrivileged(Native Method)
om_1                | 2022-09-27 14:24:39,132 [Listener at om/9862] INFO ratis.OzoneManagerRatisServer: Starting OzoneManagerRatisServer om1 at port 9872
scm_1               | 2022-09-27 14:24:16,090 [pool-16-thread-1] INFO server.RaftServerConfigKeys: raft.server.snapshot.auto.trigger.threshold = 1000 (custom)
datanode_3          | 2022-09-27 14:24:37,562 [grpc-default-executor-0] INFO server.RaftServer$Division: c769befc-5ab9-4d5e-ab6a-667773369e26@group-885D9160FACD replies to ELECTION vote request: aa32216a-bced-4118-b0fd-fb3a3c312ec8<-c769befc-5ab9-4d5e-ab6a-667773369e26#0:FAIL-t1. Peer's state: c769befc-5ab9-4d5e-ab6a-667773369e26@group-885D9160FACD:t1, leader=null, voted=c769befc-5ab9-4d5e-ab6a-667773369e26, raftlog=c769befc-5ab9-4d5e-ab6a-667773369e26@group-885D9160FACD-SegmentedRaftLog:OPENED:c-1, conf=-1: [aa32216a-bced-4118-b0fd-fb3a3c312ec8|rpc:172.19.0.11:9856|admin:172.19.0.11:9857|client:172.19.0.11:9858|priority:0, c769befc-5ab9-4d5e-ab6a-667773369e26|rpc:172.19.0.10:9856|admin:172.19.0.10:9857|client:172.19.0.10:9858|priority:0, 6a2173f6-19ff-4ab1-8732-46fb475d1e34|rpc:172.19.0.8:9856|admin:172.19.0.8:9857|client:172.19.0.8:9858|priority:1], old=null
recon_1             | 	at java.base/javax.security.auth.Subject.doAs(Subject.java:423)
om_1                | 2022-09-27 14:24:39,133 [om1-impl-thread1] INFO server.RaftServer$Division: om1@group-C5BA1605619E: start as a follower, conf=-1: [om1|rpc:om:9872|priority:0], old=null
scm_1               | 2022-09-27 14:24:16,090 [pool-16-thread-1] INFO server.RaftServerConfigKeys: raft.server.snapshot.retention.file.num = -1 (default)
scm_1               | 2022-09-27 14:24:16,091 [pool-16-thread-1] INFO server.RaftServerConfigKeys: raft.server.log.purge.upto.snapshot.index = false (default)
datanode_3          | 2022-09-27 14:24:37,587 [c769befc-5ab9-4d5e-ab6a-667773369e26@group-885D9160FACD-LeaderElection3] INFO impl.LeaderElection: c769befc-5ab9-4d5e-ab6a-667773369e26@group-885D9160FACD-LeaderElection3: ELECTION REJECTED received 2 response(s) and 0 exception(s):
recon_1             | 	at org.apache.hadoop.security.UserGroupInformation.doAs(UserGroupInformation.java:1878)
om_1                | 2022-09-27 14:24:39,133 [om1-impl-thread1] INFO server.RaftServer$Division: om1@group-C5BA1605619E: changes role from      null to FOLLOWER at term 0 for startAsFollower
scm_1               | 2022-09-27 14:24:16,092 [pool-16-thread-1] INFO server.RaftServerConfigKeys: raft.server.retrycache.expirytime = 60000ms (default)
