recon_1             | 2022-09-27 14:24:30,241 [EventQueue-PipelineReportForReconPipelineReportHandler] INFO scm.ReconPipelineReportHandler: Pipeline RATIS/THREE PipelineID=c52ea14d-fb32-46fa-87ad-9e7a2d60e410 reported by 6a2173f6-19ff-4ab1-8732-46fb475d1e34{ip: 172.19.0.8, host: xcompat_datanode_1.xcompat_default, ports: [REPLICATION=9886, RATIS=9858, RATIS_ADMIN=9857, RATIS_SERVER=9856, STANDALONE=9859], networkLocation: /default-rack, certSerialId: null, persistedOpState: null, persistedOpStateExpiryEpochSec: 0}
om_1                | 2022-09-27 14:24:48,554 [OM StateMachine ApplyTransaction Thread - 0] INFO bucket.OMBucketCreateRequest: created bucket: bucket1 of layout LEGACY in volume: vol1
scm_1               | Max Size Leaving Source per Iteration              26GB
recon_1             | 2022-09-27 14:24:32,164 [EventQueue-PipelineReportForReconPipelineReportHandler] INFO scm.ReconPipelineReportHandler: Pipeline RATIS/THREE PipelineID=c52ea14d-fb32-46fa-87ad-9e7a2d60e410 reported by aa32216a-bced-4118-b0fd-fb3a3c312ec8{ip: 172.19.0.11, host: xcompat_datanode_2.xcompat_default, ports: [REPLICATION=9886, RATIS=9858, RATIS_ADMIN=9857, RATIS_SERVER=9856, STANDALONE=9859], networkLocation: /default-rack, certSerialId: null, persistedOpState: null, persistedOpStateExpiryEpochSec: 0}
om_1                | 2022-09-27 14:25:15,779 [qtp1317592370-48] INFO utils.DBCheckpointServlet: Received request to obtain DB checkpoint snapshot
scm_1               | 
recon_1             | 2022-09-27 14:24:32,164 [EventQueue-PipelineReportForReconPipelineReportHandler] INFO scm.ReconPipelineReportHandler: Unknown pipeline PipelineID=c4ba4c15-b5fc-407c-a231-885d9160facd. Trying to get from SCM.
om_1                | 2022-09-27 14:25:15,936 [qtp1317592370-48] INFO db.RDBCheckpointManager: Created checkpoint at /data/metadata/db.checkpoints/om.db_checkpoint_1664288715780 in 155 milliseconds
scm_1               | 2022-09-27 14:24:17,854 [Listener at 0.0.0.0/9860] WARN events.EventQueue: No event handler registered for event TypedEvent{payloadType=SafeModeStatus, name='Safe mode status'}
recon_1             | 2022-09-27 14:24:32,171 [EventQueue-PipelineReportForReconPipelineReportHandler] INFO scm.ReconPipelineReportHandler: Adding new pipeline Pipeline[ Id: c4ba4c15-b5fc-407c-a231-885d9160facd, Nodes: 6a2173f6-19ff-4ab1-8732-46fb475d1e34{ip: 172.19.0.8, host: xcompat_datanode_1.xcompat_default, ports: [REPLICATION=9886, RATIS=9858, RATIS_ADMIN=9857, RATIS_SERVER=9856, STANDALONE=9859], networkLocation: /default-rack, certSerialId: null, persistedOpState: IN_SERVICE, persistedOpStateExpiryEpochSec: 0}aa32216a-bced-4118-b0fd-fb3a3c312ec8{ip: 172.19.0.11, host: xcompat_datanode_2.xcompat_default, ports: [REPLICATION=9886, RATIS=9858, RATIS_ADMIN=9857, RATIS_SERVER=9856, STANDALONE=9859], networkLocation: /default-rack, certSerialId: null, persistedOpState: IN_SERVICE, persistedOpStateExpiryEpochSec: 0}c769befc-5ab9-4d5e-ab6a-667773369e26{ip: 172.19.0.10, host: xcompat_datanode_3.xcompat_default, ports: [REPLICATION=9886, RATIS=9858, RATIS_ADMIN=9857, RATIS_SERVER=9856, STANDALONE=9859], networkLocation: /default-rack, certSerialId: null, persistedOpState: IN_SERVICE, persistedOpStateExpiryEpochSec: 0}, ReplicationConfig: RATIS/THREE, State:ALLOCATED, leaderId:, CreationTimestamp2022-09-27T14:24:26.273Z[UTC]] to Recon pipeline metadata.
om_1                | 2022-09-27 14:25:16,002 [qtp1317592370-48] INFO utils.DBCheckpointServlet: Time taken to write the checkpoint to response output stream: 64 milliseconds
scm_1               | 2022-09-27 14:24:17,854 [Listener at 0.0.0.0/9860] INFO ha.SCMContext: Update SafeModeStatus from SafeModeStatus{safeModeStatus=true, preCheckPassed=false} to SafeModeStatus{safeModeStatus=true, preCheckPassed=false}.
recon_1             | 2022-09-27 14:24:32,172 [EventQueue-PipelineReportForReconPipelineReportHandler] INFO pipeline.PipelineStateManagerImpl: Created pipeline Pipeline[ Id: c4ba4c15-b5fc-407c-a231-885d9160facd, Nodes: 6a2173f6-19ff-4ab1-8732-46fb475d1e34{ip: 172.19.0.8, host: xcompat_datanode_1.xcompat_default, ports: [REPLICATION=9886, RATIS=9858, RATIS_ADMIN=9857, RATIS_SERVER=9856, STANDALONE=9859], networkLocation: /default-rack, certSerialId: null, persistedOpState: IN_SERVICE, persistedOpStateExpiryEpochSec: 0}aa32216a-bced-4118-b0fd-fb3a3c312ec8{ip: 172.19.0.11, host: xcompat_datanode_2.xcompat_default, ports: [REPLICATION=9886, RATIS=9858, RATIS_ADMIN=9857, RATIS_SERVER=9856, STANDALONE=9859], networkLocation: /default-rack, certSerialId: null, persistedOpState: IN_SERVICE, persistedOpStateExpiryEpochSec: 0}c769befc-5ab9-4d5e-ab6a-667773369e26{ip: 172.19.0.10, host: xcompat_datanode_3.xcompat_default, ports: [REPLICATION=9886, RATIS=9858, RATIS_ADMIN=9857, RATIS_SERVER=9856, STANDALONE=9859], networkLocation: /default-rack, certSerialId: null, persistedOpState: IN_SERVICE, persistedOpStateExpiryEpochSec: 0}, ReplicationConfig: RATIS/THREE, State:ALLOCATED, leaderId:, CreationTimestamp2022-09-27T14:24:26.273Z[UTC]].
om_1                | 2022-09-27 14:25:16,003 [qtp1317592370-48] INFO db.RocksDBCheckpoint: Cleaning up RocksDB checkpoint at /data/metadata/db.checkpoints/om.db_checkpoint_1664288715780
scm_1               | 2022-09-27 14:24:17,859 [Listener at 0.0.0.0/9860] INFO server.StorageContainerManager: StorageContainerLocationProtocol RPC server is listening at /0.0.0.0:9860
recon_1             | 2022-09-27 14:24:32,173 [EventQueue-PipelineReportForReconPipelineReportHandler] INFO scm.ReconPipelineReportHandler: Pipeline RATIS/THREE PipelineID=c4ba4c15-b5fc-407c-a231-885d9160facd reported by aa32216a-bced-4118-b0fd-fb3a3c312ec8{ip: 172.19.0.11, host: xcompat_datanode_2.xcompat_default, ports: [REPLICATION=9886, RATIS=9858, RATIS_ADMIN=9857, RATIS_SERVER=9856, STANDALONE=9859], networkLocation: /default-rack, certSerialId: null, persistedOpState: null, persistedOpStateExpiryEpochSec: 0}
scm_1               | 2022-09-27 14:24:17,860 [Listener at 0.0.0.0/9860] INFO ha.SCMRatisServerImpl: starting ratis server 0.0.0.0:9894
recon_1             | 2022-09-27 14:24:32,261 [EventQueue-PipelineReportForReconPipelineReportHandler] INFO scm.ReconPipelineReportHandler: Pipeline RATIS/THREE PipelineID=c52ea14d-fb32-46fa-87ad-9e7a2d60e410 reported by 6a2173f6-19ff-4ab1-8732-46fb475d1e34{ip: 172.19.0.8, host: xcompat_datanode_1.xcompat_default, ports: [REPLICATION=9886, RATIS=9858, RATIS_ADMIN=9857, RATIS_SERVER=9856, STANDALONE=9859], networkLocation: /default-rack, certSerialId: null, persistedOpState: null, persistedOpStateExpiryEpochSec: 0}
scm_1               | 2022-09-27 14:24:17,860 [38d54d3b-61c7-41a3-aaf8-59f3d9f16984-impl-thread1] INFO server.RaftServer$Division: 38d54d3b-61c7-41a3-aaf8-59f3d9f16984@group-8EDF77B34DD6: start as a follower, conf=0: [38d54d3b-61c7-41a3-aaf8-59f3d9f16984|rpc:062b47d899a2:9894|admin:|client:|dataStream:|priority:0], old=null
recon_1             | 2022-09-27 14:24:32,261 [EventQueue-PipelineReportForReconPipelineReportHandler] INFO scm.ReconPipelineReportHandler: Pipeline RATIS/THREE PipelineID=c4ba4c15-b5fc-407c-a231-885d9160facd reported by 6a2173f6-19ff-4ab1-8732-46fb475d1e34{ip: 172.19.0.8, host: xcompat_datanode_1.xcompat_default, ports: [REPLICATION=9886, RATIS=9858, RATIS_ADMIN=9857, RATIS_SERVER=9856, STANDALONE=9859], networkLocation: /default-rack, certSerialId: null, persistedOpState: null, persistedOpStateExpiryEpochSec: 0}
scm_1               | 2022-09-27 14:24:17,861 [38d54d3b-61c7-41a3-aaf8-59f3d9f16984-impl-thread1] INFO server.RaftServer$Division: 38d54d3b-61c7-41a3-aaf8-59f3d9f16984@group-8EDF77B34DD6: changes role from      null to FOLLOWER at term 1 for startAsFollower
recon_1             | 2022-09-27 14:24:32,326 [EventQueue-PipelineReportForReconPipelineReportHandler] INFO scm.ReconPipelineReportHandler: Pipeline RATIS/THREE PipelineID=c52ea14d-fb32-46fa-87ad-9e7a2d60e410 reported by c769befc-5ab9-4d5e-ab6a-667773369e26{ip: 172.19.0.10, host: xcompat_datanode_3.xcompat_default, ports: [REPLICATION=9886, RATIS=9858, RATIS_ADMIN=9857, RATIS_SERVER=9856, STANDALONE=9859], networkLocation: /default-rack, certSerialId: null, persistedOpState: null, persistedOpStateExpiryEpochSec: 0}
scm_1               | 2022-09-27 14:24:17,861 [38d54d3b-61c7-41a3-aaf8-59f3d9f16984-impl-thread1] INFO impl.RoleInfo: 38d54d3b-61c7-41a3-aaf8-59f3d9f16984: start 38d54d3b-61c7-41a3-aaf8-59f3d9f16984@group-8EDF77B34DD6-FollowerState
recon_1             | 2022-09-27 14:24:32,328 [EventQueue-PipelineReportForReconPipelineReportHandler] INFO scm.ReconPipelineReportHandler: Pipeline RATIS/THREE PipelineID=c4ba4c15-b5fc-407c-a231-885d9160facd reported by c769befc-5ab9-4d5e-ab6a-667773369e26{ip: 172.19.0.10, host: xcompat_datanode_3.xcompat_default, ports: [REPLICATION=9886, RATIS=9858, RATIS_ADMIN=9857, RATIS_SERVER=9856, STANDALONE=9859], networkLocation: /default-rack, certSerialId: null, persistedOpState: null, persistedOpStateExpiryEpochSec: 0}
scm_1               | 2022-09-27 14:24:17,864 [38d54d3b-61c7-41a3-aaf8-59f3d9f16984-impl-thread1] INFO util.JmxRegister: Successfully registered JMX Bean with object name Ratis:service=RaftServer,group=group-8EDF77B34DD6,id=38d54d3b-61c7-41a3-aaf8-59f3d9f16984
recon_1             | 2022-09-27 14:24:33,558 [EventQueue-PipelineReportForReconPipelineReportHandler] INFO scm.ReconPipelineReportHandler: Pipeline RATIS/THREE PipelineID=c52ea14d-fb32-46fa-87ad-9e7a2d60e410 reported by c769befc-5ab9-4d5e-ab6a-667773369e26{ip: 172.19.0.10, host: xcompat_datanode_3.xcompat_default, ports: [REPLICATION=9886, RATIS=9858, RATIS_ADMIN=9857, RATIS_SERVER=9856, STANDALONE=9859], networkLocation: /default-rack, certSerialId: null, persistedOpState: null, persistedOpStateExpiryEpochSec: 0}
scm_1               | 2022-09-27 14:24:17,867 [Listener at 0.0.0.0/9860] INFO server.RaftServer: 38d54d3b-61c7-41a3-aaf8-59f3d9f16984: start RPC server
recon_1             | 2022-09-27 14:24:33,559 [EventQueue-PipelineReportForReconPipelineReportHandler] INFO scm.ReconPipelineReportHandler: Pipeline RATIS/THREE PipelineID=c4ba4c15-b5fc-407c-a231-885d9160facd reported by c769befc-5ab9-4d5e-ab6a-667773369e26{ip: 172.19.0.10, host: xcompat_datanode_3.xcompat_default, ports: [REPLICATION=9886, RATIS=9858, RATIS_ADMIN=9857, RATIS_SERVER=9856, STANDALONE=9859], networkLocation: /default-rack, certSerialId: null, persistedOpState: null, persistedOpStateExpiryEpochSec: 0}
scm_1               | 2022-09-27 14:24:17,983 [Listener at 0.0.0.0/9860] INFO server.GrpcService: 38d54d3b-61c7-41a3-aaf8-59f3d9f16984: GrpcService started, listening on 9894
recon_1             | 2022-09-27 14:24:33,744 [EventQueue-PipelineReportForReconPipelineReportHandler] INFO scm.ReconPipelineReportHandler: Pipeline RATIS/THREE PipelineID=c52ea14d-fb32-46fa-87ad-9e7a2d60e410 reported by aa32216a-bced-4118-b0fd-fb3a3c312ec8{ip: 172.19.0.11, host: xcompat_datanode_2.xcompat_default, ports: [REPLICATION=9886, RATIS=9858, RATIS_ADMIN=9857, RATIS_SERVER=9856, STANDALONE=9859], networkLocation: /default-rack, certSerialId: null, persistedOpState: null, persistedOpStateExpiryEpochSec: 0}
scm_1               | 2022-09-27 14:24:17,987 [Listener at 0.0.0.0/9860] INFO ha.SCMHAManagerImpl:  scm role is FOLLOWER peers [38d54d3b-61c7-41a3-aaf8-59f3d9f16984|rpc:062b47d899a2:9894|admin:|client:|dataStream:|priority:0]
recon_1             | 2022-09-27 14:24:33,744 [EventQueue-PipelineReportForReconPipelineReportHandler] INFO scm.ReconPipelineReportHandler: Pipeline RATIS/THREE PipelineID=c4ba4c15-b5fc-407c-a231-885d9160facd reported by aa32216a-bced-4118-b0fd-fb3a3c312ec8{ip: 172.19.0.11, host: xcompat_datanode_2.xcompat_default, ports: [REPLICATION=9886, RATIS=9858, RATIS_ADMIN=9857, RATIS_SERVER=9856, STANDALONE=9859], networkLocation: /default-rack, certSerialId: null, persistedOpState: null, persistedOpStateExpiryEpochSec: 0}
scm_1               | 2022-09-27 14:24:17,987 [Listener at 0.0.0.0/9860] INFO ha.InterSCMGrpcService: Starting SCM Grpc Service at port 9895
recon_1             | 2022-09-27 14:24:35,214 [EventQueue-PipelineReportForReconPipelineReportHandler] INFO scm.ReconPipelineReportHandler: Pipeline RATIS/THREE PipelineID=c52ea14d-fb32-46fa-87ad-9e7a2d60e410 reported by 6a2173f6-19ff-4ab1-8732-46fb475d1e34{ip: 172.19.0.8, host: xcompat_datanode_1.xcompat_default, ports: [REPLICATION=9886, RATIS=9858, RATIS_ADMIN=9857, RATIS_SERVER=9856, STANDALONE=9859], networkLocation: /default-rack, certSerialId: null, persistedOpState: null, persistedOpStateExpiryEpochSec: 0}
scm_1               | 2022-09-27 14:24:17,994 [org.apache.ratis.util.JvmPauseMonitor$$Lambda$430/0x00000008404bfc40@28b16193] INFO util.JvmPauseMonitor: JvmPauseMonitor-38