2026-08-25 15:19:50,404 | INFO  | DNAudit | user=null | ip=null | op=READ_CONTAINER {"containerID":"8"} | ret=SUCCESS |  
2026-08-25 15:19:50,633 | ERROR | DNAudit | user=null | ip=null | op=GET_BLOCK {"blockData":"conID: 8 locID: 117883640217600108 bcsId: 0 replicaIndex: 2"} | ret=FAILURE | java.lang.Exception: Request is trying to write to node with uuid : cc8bb4fb-1a86-478f-b613-63f6271c5097 but the current nodeId is: a1659f36-20d2-46eb-b963-a005a4ff8a23 .
	at org.apache.hadoop.ozone.container.common.impl.HddsDispatcher.dispatchRequest(HddsDispatcher.java:459)
	at org.apache.hadoop.ozone.container.common.impl.HddsDispatcher.lambda$dispatch$0(HddsDispatcher.java:198)
 
2026-08-25 15:19:50,653 | ERROR | DNAudit | user=null | ip=null | op=GET_BLOCK {"blockData":"conID: 8 locID: 117883640217600108 bcsId: 0 replicaIndex: 3"} | ret=FAILURE | java.lang.Exception: Request is trying to write to node with uuid : cb89f139-0139-4583-8b7f-7f04c5ea98c3 but the current nodeId is: a1659f36-20d2-46eb-b963-a005a4ff8a23 .
	at org.apache.hadoop.ozone.container.common.impl.HddsDispatcher.dispatchRequest(HddsDispatcher.java:459)
	at org.apache.hadoop.ozone.container.common.impl.HddsDispatcher.lambda$dispatch$0(HddsDispatcher.java:198)
 
2026-08-25 15:19:50,688 | ERROR | DNAudit | user=null | ip=null | op=GET_BLOCK {"blockData":"conID: 8 locID: 117883640217600108 bcsId: 0 replicaIndex: 4"} | ret=FAILURE | java.lang.Exception: Request is trying to write to node with uuid : b71d77c3-0a8f-4094-bf80-0fd3642958c9 but the current nodeId is: a1659f36-20d2-46eb-b963-a005a4ff8a23 .
	at org.apache.hadoop.ozone.container.common.impl.HddsDispatcher.dispatchRequest(HddsDispatcher.java:459)
	at org.apache.hadoop.ozone.container.common.impl.HddsDispatcher.lambda$dispatch$0(HddsDispatcher.java:198)
 
2026-08-25 15:19:50,741 | ERROR | DNAudit | user=null | ip=null | op=GET_BLOCK {"blockData":"conID: 8 locID: 117883640217600108 bcsId: 0 replicaIndex: 5"} | ret=FAILURE | java.lang.Exception: Request is trying to write to node with uuid : 8bf9126e-9725-47e0-8165-d6a5607fd0e5 but the current nodeId is: a1659f36-20d2-46eb-b963-a005a4ff8a23 .
	at org.apache.hadoop.ozone.container.common.impl.HddsDispatcher.dispatchRequest(HddsDispatcher.java:459)
	at org.apache.hadoop.ozone.container.common.impl.HddsDispatcher.lambda$dispatch$0(HddsDispatcher.java:198)
 
2026-08-25 15:20:12,843 | INFO  | DNAudit | user=null | ip=null | op=READ_CONTAINER {"containerID":"8"} | ret=SUCCESS |  
2026-08-25 15:20:13,047 | ERROR | DNAudit | user=null | ip=null | op=GET_BLOCK {"blockData":"conID: 8 locID: 117883640217600109 bcsId: 0 replicaIndex: 2"} | ret=FAILURE | java.lang.Exception: Request is trying to write to node with uuid : cc8bb4fb-1a86-478f-b613-63f6271c5097 but the current nodeId is: a1659f36-20d2-46eb-b963-a005a4ff8a23 .
	at org.apache.hadoop.ozone.container.common.impl.HddsDispatcher.dispatchRequest(HddsDispatcher.java:459)
	at org.apache.hadoop.ozone.container.common.impl.HddsDispatcher.lambda$dispatch$0(HddsDispatcher.java:198)
 
2026-08-25 15:20:13,065 | ERROR | DNAudit | user=null | ip=null | op=GET_BLOCK {"blockData":"conID: 8 locID: 117883640217600109 bcsId: 0 replicaIndex: 3"} | ret=FAILURE | java.lang.Exception: Request is trying to write to node with uuid : cb89f139-0139-4583-8b7f-7f04c5ea98c3 but the current nodeId is: a1659f36-20d2-46eb-b963-a005a4ff8a23 .
	at org.apache.hadoop.ozone.container.common.impl.HddsDispatcher.dispatchRequest(HddsDispatcher.java:459)
	at org.apache.hadoop.ozone.container.common.impl.HddsDispatcher.lambda$dispatch$0(HddsDispatcher.java:198)
 
2026-08-25 15:20:13,091 | ERROR | DNAudit | user=null | ip=null | op=GET_BLOCK {"blockData":"conID: 8 locID: 117883640217600109 bcsId: 0 replicaIndex: 4"} | ret=FAILURE | java.lang.Exception: Request is trying to write to node with uuid : b71d77c3-0a8f-4094-bf80-0fd3642958c9 but the current nodeId is: a1659f36-20d2-46eb-b963-a005a4ff8a23 .
	at org.apache.hadoop.ozone.container.common.impl.HddsDispatcher.dispatchRequest(HddsDispatcher.java:459)
	at org.apache.hadoop.ozone.container.common.impl.HddsDispatcher.lambda$dispatch$0(HddsDispatcher.java:198)
 
2026-08-25 15:20:13,125 | ERROR | DNAudit | user=null | ip=null | op=GET_BLOCK {"blockData":"conID: 8 locID: 117883640217600109 bcsId: 0 replicaIndex: 5"} | ret=FAILURE | java.lang.Exception: Request is trying to write to node with uuid : 8bf9126e-9725-47e0-8165-d6a5607fd0e5 but the current nodeId is: a1659f36-20d2-46eb-b963-a005a4ff8a23 .
	at org.apache.hadoop.ozone.container.common.impl.HddsDispatcher.dispatchRequest(HddsDispatcher.java:459)
	at org.apache.hadoop.ozone.container.common.impl.HddsDispatcher.lambda$dispatch$0(HddsDispatcher.java:198)
 
2026-08-25 15:20:38,034 | INFO  | DNAudit | user=null | ip=null | op=READ_CONTAINER {"containerID":"8"} | ret=SUCCESS |  
2026-08-25 15:20:38,326 | ERROR | DNAudit | user=null | ip=null | op=GET_BLOCK {"blockData":"conID: 8 locID: 117883640217600110 bcsId: 0 replicaIndex: 2"} | ret=FAILURE | java.lang.Exception: Request is trying to write to node with uuid : cc8bb4fb-1a86-478f-b613-63f6271c5097 but the current nodeId is: a1659f36-20d2-46eb-b963-a005a4ff8a23 .
	at org.apache.hadoop.ozone.container.common.impl.HddsDispatcher.dispatchRequest(HddsDispatcher.java:459)
	at org.apache.hadoop.ozone.container.common.impl.HddsDispatcher.lambda$dispatch$0(HddsDispatcher.java:198)
 
2026-08-25 15:20:38,368 | ERROR | DNAudit | user=null | ip=null | op=GET_BLOCK {"blockData":"conID: 8 locID: 117883640217600110 bcsId: 0 replicaIndex: 3"} | ret=FAILURE | java.lang.Exception: Request is trying to write to node with uuid : cb89f139-0139-4583-8b7f-7f04c5ea98c3 but the current nodeId is: a1659f36-20d2-46eb-b963-a005a4ff8a23 .
	at org.apache.hadoop.ozone.container.common.impl.HddsDispatcher.dispatchRequest(HddsDispatcher.java:459)
	at org.apache.hadoop.ozone.container.common.impl.HddsDispatcher.lambda$dispatch$0(HddsDispatcher.java:198)
 
2026-08-25 15:20:38,413 | ERROR | DNAudit | user=null | ip=null | op=GET_BLOCK {"blockData":"conID: 8 locID: 117883640217600110 bcsId: 0 replicaIndex: 4"} | ret=FAILURE | java.lang.Exception: Request is trying to write to node with uuid : b71d77c3-0a8f-4094-bf80-0fd3642958c9 but the current nodeId is: a1659f36-20d2-46eb-b963-a005a4ff8a23 .
	at org.apache.hadoop.ozone.container.common.impl.HddsDispatcher.dispatchRequest(HddsDispatcher.java:459)
	at org.apache.hadoop.ozone.container.common.impl.HddsDispatcher.lambda$dispatch$0(HddsDispatcher.java:198)
 
2026-08-25 15:20:38,479 | ERROR | DNAudit | user=null | ip=null | op=GET_BLOCK {"blockData":"conID: 8 locID: 117883640217600110 bcsId: 0 replicaIndex: 5"} | ret=FAILURE | java.lang.Exception: Request is trying to write to node with uuid : 8bf9126e-9725-47e0-8165-d6a5607fd0e5 but the current nodeId is: a1659f36-20d2-46eb-b963-a005a4ff8a23 .
	at org.apache.hadoop.ozone.container.common.impl.HddsDispatcher.dispatchRequest(HddsDispatcher.java:459)
	at org.apache.hadoop.ozone.container.common.impl.HddsDispatcher.lambda$dispatch$0(HddsDispatcher.java:198)
 
2026-08-25 15:20:38,536 | INFO  | DNAudit | user=null | ip=null | op=READ_CONTAINER {"containerID":"8"} | ret=SUCCESS |  
2026-08-25 15:20:38,570 | ERROR | DNAudit | user=null | ip=null | op=GET_BLOCK {"blockData":"conID: 8 locID: 117883640217600111 bcsId: 0 replicaIndex: 2"} | ret=FAILURE | java.lang.Exception: Request is trying to write to node with uuid : cc8bb4fb-1a86-478f-b613-63f6271c5097 but the current nodeId is: a1659f36-20d2-46eb-b963-a005a4ff8a23 .
	at org.apache.hadoop.ozone.container.common.impl.HddsDispatcher.dispatchRequest(HddsDispatcher.java:459)
	at org.apache.hadoop.ozone.container.common.impl.HddsDispatcher.lambda$dispatch$0(HddsDispatcher.java:198)
 
2026-08-25 15:20:38,583 | ERROR | DNAudit | user=null | ip=null | op=GET_BLOCK {"blockData":"conID: 8 locID: 117883640217600111 bcsId: 0 replicaIndex: 3"} | ret=FAILURE | java.lang.Exception: Request is trying to write to node with uuid : cb89f139-0139-4583-8b7f-7f04c5ea98c3 but the current nodeId is: a1659f36-20d2-46eb-b963-a005a4ff8a23 .
	at org.apache.hadoop.ozone.container.common.impl.HddsDispatcher.dispatchRequest(HddsDispatcher.java:459)
	at org.apache.hadoop.ozone.container.common.impl.HddsDispatcher.lambda$dispatch$0(HddsDispatcher.java:198)
 
2026-08-25 15:20:38,606 | ERROR | DNAudit | user=null | ip=null | op=GET_BLOCK {"blockData":"conID: 8 locID: 117883640217600111 bcsId: 0 replicaIndex: 4"} | ret=FAILURE | java.lang.Exception: Request is trying to write to node with uuid : b71d77c3-0a8f-4094-bf80-0fd3642958c9 but the current nodeId is: a1659f36-20d2-46eb-b963-a005a4ff8a23 .
	at org.apache.hadoop.ozone.container.common.impl.HddsDispatcher.dispatchRequest(HddsDispatcher.java:459)
	at org.apache.hadoop.ozone.container.common.impl.HddsDispatcher.lambda$dispatch$0(HddsDispatcher.java:198)
 
2026-08-25 15:20:38,643 | ERROR | DNAudit | user=null | ip=null | op=GET_BLOCK {"blockData":"conID: 8 locID: 117883640217600111 bcsId: 0 replicaIndex: 5"} | ret=FAILURE | java.lang.Exception: Request is trying to write to node with uuid : 8bf9126e-9725-47e0-8165-d6a5607fd0e5 but the current nodeId is: a1659f36-20d2-46eb-b963-a005a4ff8a23 .
	at org.apache.hadoop.ozone.container.common.impl.HddsDispatcher.dispatchRequest(HddsDispatcher.java:459)
	at org.apache.hadoop.ozone.container.common.impl.HddsDispatcher.lambda$dispatch$0(HddsDispatcher.java:198)
 
2026-08-25 15:20:58,507 | INFO  | DNAudit | user=null | ip=null | op=READ_CONTAINER {"containerID":"8"} | ret=SUCCESS |  
2026-08-25 15:20:58,761 | ERROR | DNAudit | user=null | ip=null | op=GET_BLOCK {"blockData":"conID: 8 locID: 117883640217600112 bcsId: 0 replicaIndex: 2"} | ret=FAILURE | java.lang.Exception: Request is trying to write to node with uuid : cc8bb4fb-1a86-478f-b613-63f6271c5097 but the current nodeId is: a1659f36-20d2-46eb-b963-a005a4ff8a23 .
	at org.apache.hadoop.ozone.container.common.impl.HddsDispatcher.dispatchRequest(HddsDispatcher.java:459)
	at org.apache.hadoop.ozone.container.common.impl.HddsDispatcher.lambda$dispatch$0(HddsDispatcher.java:198)
 
2026-08-25 15:20:58,781 | ERROR | DNAudit | user=null | ip=null | op=GET_BLOCK {"blockData":"conID: 8 locID: 117883640217600112 bcsId: 0 replicaIndex: 3"} | ret=FAILURE | java.lang.Exception: Request is trying to write to node with uuid : cb89f139-0139-4583-8b7f-7f04c5ea98c3 but the current nodeId is: a1659f36-20d2-46eb-b963-a005a4ff8a23 .
	at org.apache.hadoop.ozone.container.common.impl.HddsDispatcher.dispatchRequest(HddsDispatcher.java:459)
	at org.apache.hadoop.ozone.container.common.impl.HddsDispatcher.lambda$dispatch$0(HddsDispatcher.java:198)
 
2026-08-25 15:20:58,803 | ERROR | DNAudit | user=null | ip=null | op=GET_BLOCK {"blockData":"conID: 8 locID: 117883640217600112 bcsId: 0 replicaIndex: 4"} | ret=FAILURE | java.lang.Exception: Request is trying to write to node with uuid : b71d77c3-0a8f-4094-bf80-0fd3642958c9 but the current nodeId is: a1659f36-20d2-46eb-b963-a005a4ff8a23 .
	at org.apache.hadoop.ozone.container.common.impl.HddsDispatcher.dispatchRequest(HddsDispatcher.java:459)
	at org.apache.hadoop.ozone.container.common.impl.HddsDispatcher.lambda$dispatch$0(HddsDispatcher.java:198)
 
2026-08-25 15:20:58,840 | ERROR | DNAudit | user=null | ip=null | op=GET_BLOCK {"blockData":"conID: 8 locID: 117883640217600112 bcsId: 0 replicaIndex: 5"} | ret=FAILURE | java.lang.Exception: Request is trying to write to node with uuid : 8bf9126e-9725-47e0-8165-d6a5607fd0e5 but the current nodeId is: a1659f36-20d2-46eb-b963-a005a4ff8a23 .
	at org.apache.hadoop.ozone.container.common.impl.HddsDispatcher.dispatchRequest(HddsDispatcher.java:459)
	at org.apache.hadoop.ozone.container.common.impl.HddsDispatcher.lambda$dispatch$0(HddsDispatcher.java:198)
 
2026-08-25 15:21:04,927 | INFO  | DNAudit | user=null | ip=null | op=CLOSE_CONTAINER {"containerID":"1"} | ret=SUCCESS |  
2026-08-25 15:21:05,040 | INFO  | DNAudit | user=null | ip=null | op=CLOSE_CONTAINER {"containerID":"2"} | ret=SUCCESS |  
