2026-08-25 15:16:48,525 | INFO  | DNAudit | user=null | ip=null | op=READ_CONTAINER {"containerID":"4"} | ret=SUCCESS |  
2026-08-25 15:17:24,473 | INFO  | DNAudit | user=null | ip=null | op=READ_CONTAINER {"containerID":"4"} | ret=SUCCESS |  
2026-08-25 15:18:19,291 | INFO  | DNAudit | user=null | ip=null | op=CLOSE_CONTAINER {"containerID":"4"} | ret=SUCCESS |  
2026-08-25 15:19:10,070 | INFO  | DNAudit | user=null | ip=null | op=READ_CONTAINER {"containerID":"4"} | ret=SUCCESS |  
2026-08-25 15:19:17,043 | INFO  | DNAudit | user=null | ip=null | op=READ_CONTAINER {"containerID":"4"} | ret=SUCCESS |  
2026-08-25 15:19:24,317 | INFO  | DNAudit | user=null | ip=null | op=READ_CONTAINER {"containerID":"4"} | ret=SUCCESS |  
2026-08-25 15:19:50,411 | INFO  | DNAudit | user=null | ip=null | op=READ_CONTAINER {"containerID":"8"} | ret=SUCCESS |  
2026-08-25 15:19:50,714 | ERROR | DNAudit | user=null | ip=null | op=GET_BLOCK {"blockData":"conID: 8 locID: 117883640217600108 bcsId: 0 replicaIndex: 4"} | ret=FAILURE | java.lang.Exception: Request is trying to write to node with uuid : b71d77c3-0a8f-4094-bf80-0fd3642958c9 but the current nodeId is: cb89f139-0139-4583-8b7f-7f04c5ea98c3 .
	at org.apache.hadoop.ozone.container.common.impl.HddsDispatcher.dispatchRequest(HddsDispatcher.java:459)
	at org.apache.hadoop.ozone.container.common.impl.HddsDispatcher.lambda$dispatch$0(HddsDispatcher.java:198)
 
2026-08-25 15:19:50,754 | ERROR | DNAudit | user=null | ip=null | op=GET_BLOCK {"blockData":"conID: 8 locID: 117883640217600108 bcsId: 0 replicaIndex: 5"} | ret=FAILURE | java.lang.Exception: Request is trying to write to node with uuid : 8bf9126e-9725-47e0-8165-d6a5607fd0e5 but the current nodeId is: cb89f139-0139-4583-8b7f-7f04c5ea98c3 .
	at org.apache.hadoop.ozone.container.common.impl.HddsDispatcher.dispatchRequest(HddsDispatcher.java:459)
	at org.apache.hadoop.ozone.container.common.impl.HddsDispatcher.lambda$dispatch$0(HddsDispatcher.java:198)
 
2026-08-25 15:20:12,825 | INFO  | DNAudit | user=null | ip=null | op=READ_CONTAINER {"containerID":"8"} | ret=SUCCESS |  
2026-08-25 15:20:13,107 | ERROR | DNAudit | user=null | ip=null | op=GET_BLOCK {"blockData":"conID: 8 locID: 117883640217600109 bcsId: 0 replicaIndex: 4"} | ret=FAILURE | java.lang.Exception: Request is trying to write to node with uuid : b71d77c3-0a8f-4094-bf80-0fd3642958c9 but the current nodeId is: cb89f139-0139-4583-8b7f-7f04c5ea98c3 .
	at org.apache.hadoop.ozone.container.common.impl.HddsDispatcher.dispatchRequest(HddsDispatcher.java:459)
	at org.apache.hadoop.ozone.container.common.impl.HddsDispatcher.lambda$dispatch$0(HddsDispatcher.java:198)
 
2026-08-25 15:20:13,140 | ERROR | DNAudit | user=null | ip=null | op=GET_BLOCK {"blockData":"conID: 8 locID: 117883640217600109 bcsId: 0 replicaIndex: 5"} | ret=FAILURE | java.lang.Exception: Request is trying to write to node with uuid : 8bf9126e-9725-47e0-8165-d6a5607fd0e5 but the current nodeId is: cb89f139-0139-4583-8b7f-7f04c5ea98c3 .
	at org.apache.hadoop.ozone.container.common.impl.HddsDispatcher.dispatchRequest(HddsDispatcher.java:459)
	at org.apache.hadoop.ozone.container.common.impl.HddsDispatcher.lambda$dispatch$0(HddsDispatcher.java:198)
 
2026-08-25 15:20:38,038 | INFO  | DNAudit | user=null | ip=null | op=READ_CONTAINER {"containerID":"8"} | ret=SUCCESS |  
2026-08-25 15:20:38,434 | ERROR | DNAudit | user=null | ip=null | op=GET_BLOCK {"blockData":"conID: 8 locID: 117883640217600110 bcsId: 0 replicaIndex: 4"} | ret=FAILURE | java.lang.Exception: Request is trying to write to node with uuid : b71d77c3-0a8f-4094-bf80-0fd3642958c9 but the current nodeId is: cb89f139-0139-4583-8b7f-7f04c5ea98c3 .
	at org.apache.hadoop.ozone.container.common.impl.HddsDispatcher.dispatchRequest(HddsDispatcher.java:459)
	at org.apache.hadoop.ozone.container.common.impl.HddsDispatcher.lambda$dispatch$0(HddsDispatcher.java:198)
 
2026-08-25 15:20:38,498 | ERROR | DNAudit | user=null | ip=null | op=GET_BLOCK {"blockData":"conID: 8 locID: 117883640217600110 bcsId: 0 replicaIndex: 5"} | ret=FAILURE | java.lang.Exception: Request is trying to write to node with uuid : 8bf9126e-9725-47e0-8165-d6a5607fd0e5 but the current nodeId is: cb89f139-0139-4583-8b7f-7f04c5ea98c3 .
	at org.apache.hadoop.ozone.container.common.impl.HddsDispatcher.dispatchRequest(HddsDispatcher.java:459)
	at org.apache.hadoop.ozone.container.common.impl.HddsDispatcher.lambda$dispatch$0(HddsDispatcher.java:198)
 
2026-08-25 15:20:38,535 | INFO  | DNAudit | user=null | ip=null | op=READ_CONTAINER {"containerID":"8"} | ret=SUCCESS |  
2026-08-25 15:20:38,623 | ERROR | DNAudit | user=null | ip=null | op=GET_BLOCK {"blockData":"conID: 8 locID: 117883640217600111 bcsId: 0 replicaIndex: 4"} | ret=FAILURE | java.lang.Exception: Request is trying to write to node with uuid : b71d77c3-0a8f-4094-bf80-0fd3642958c9 but the current nodeId is: cb89f139-0139-4583-8b7f-7f04c5ea98c3 .
	at org.apache.hadoop.ozone.container.common.impl.HddsDispatcher.dispatchRequest(HddsDispatcher.java:459)
	at org.apache.hadoop.ozone.container.common.impl.HddsDispatcher.lambda$dispatch$0(HddsDispatcher.java:198)
 
2026-08-25 15:20:38,671 | ERROR | DNAudit | user=null | ip=null | op=GET_BLOCK {"blockData":"conID: 8 locID: 117883640217600111 bcsId: 0 replicaIndex: 5"} | ret=FAILURE | java.lang.Exception: Request is trying to write to node with uuid : 8bf9126e-9725-47e0-8165-d6a5607fd0e5 but the current nodeId is: cb89f139-0139-4583-8b7f-7f04c5ea98c3 .
	at org.apache.hadoop.ozone.container.common.impl.HddsDispatcher.dispatchRequest(HddsDispatcher.java:459)
	at org.apache.hadoop.ozone.container.common.impl.HddsDispatcher.lambda$dispatch$0(HddsDispatcher.java:198)
 
2026-08-25 15:20:58,502 | INFO  | DNAudit | user=null | ip=null | op=READ_CONTAINER {"containerID":"8"} | ret=SUCCESS |  
2026-08-25 15:20:58,816 | ERROR | DNAudit | user=null | ip=null | op=GET_BLOCK {"blockData":"conID: 8 locID: 117883640217600112 bcsId: 0 replicaIndex: 4"} | ret=FAILURE | java.lang.Exception: Request is trying to write to node with uuid : b71d77c3-0a8f-4094-bf80-0fd3642958c9 but the current nodeId is: cb89f139-0139-4583-8b7f-7f04c5ea98c3 .
	at org.apache.hadoop.ozone.container.common.impl.HddsDispatcher.dispatchRequest(HddsDispatcher.java:459)
	at org.apache.hadoop.ozone.container.common.impl.HddsDispatcher.lambda$dispatch$0(HddsDispatcher.java:198)
 
2026-08-25 15:20:58,854 | ERROR | DNAudit | user=null | ip=null | op=GET_BLOCK {"blockData":"conID: 8 locID: 117883640217600112 bcsId: 0 replicaIndex: 5"} | ret=FAILURE | java.lang.Exception: Request is trying to write to node with uuid : 8bf9126e-9725-47e0-8165-d6a5607fd0e5 but the current nodeId is: cb89f139-0139-4583-8b7f-7f04c5ea98c3 .
	at org.apache.hadoop.ozone.container.common.impl.HddsDispatcher.dispatchRequest(HddsDispatcher.java:459)
	at org.apache.hadoop.ozone.container.common.impl.HddsDispatcher.lambda$dispatch$0(HddsDispatcher.java:198)
 
2026-08-25 15:21:04,901 | INFO  | DNAudit | user=null | ip=null | op=CLOSE_CONTAINER {"containerID":"1"} | ret=SUCCESS |  
2026-08-25 15:21:05,073 | INFO  | DNAudit | user=null | ip=null | op=CLOSE_CONTAINER {"containerID":"2"} | ret=SUCCESS |  
