Using Docker Compose v2
Executing test ozone-balancer/test-ec.sh
Using Docker Compose v2
Port 9860 is not available on scm1 yet
Port 9860 is not available on scm1 yet
Port 9860 is not available on scm1 yet
Port 9860 is not available on scm1 yet
Port 9860 is not available on scm1 yet
Port 9860 is not available on scm1 yet
Port 9860 is not available on scm1 yet
Port 9860 is not available on scm1 yet
Port 9860 is not available on scm1 yet
Port 9860 is not available on scm1 yet
Port 9860 is not available on scm1 yet
Port 9860 is not available on scm1 yet
Port 9860 is not available on scm1 yet
Port 9860 is not available on scm1 yet
Port 9860 is not available on scm1 yet
Port 9860 is not available on scm1 yet
Port 9860 is not available on scm1 yet
Port 9860 is not available on scm1 yet
Port 9860 is not available on scm1 yet
Port 9860 is not available on scm1 yet
Port 9860 is not available on scm1 yet
Port 9860 is not available on scm1 yet
Port 9860 is not available on scm1 yet
Port 9860 is not available on scm1 yet
Port 9860 is not available on scm1 yet
Port 9860 is not available on scm1 yet
Port 9860 is available on scm1
SCM is in safe mode. Will retry in 1 sec. Remaining time (sec): 240
SCM is in safe mode. Will retry in 1 sec. Remaining time (sec): 239
SCM is in safe mode. Will retry in 1 sec. Remaining time (sec): 238
SCM is in safe mode. Will retry in 1 sec. Remaining time (sec): 237
SCM is in safe mode. Will retry in 1 sec. Remaining time (sec): 236
SCM is in safe mode. Will retry in 1 sec. Remaining time (sec): 235
SCM is in safe mode. Will retry in 1 sec. Remaining time (sec): 234
SCM is in safe mode. Will retry in 1 sec. Remaining time (sec): 233
SCM is in safe mode. Will retry in 1 sec. Remaining time (sec): 232
SCM is in safe mode. Will retry in 1 sec. Remaining time (sec): 231
SCM is in safe mode. Will retry in 1 sec. Remaining time (sec): 230
SCM is in safe mode. Will retry in 1 sec. Remaining time (sec): 229
SCM is in safe mode. Will retry in 1 sec. Remaining time (sec): 228
SCM is in safe mode. Will retry in 1 sec. Remaining time (sec): 227
SCM is in safe mode. Will retry in 1 sec. Remaining time (sec): 226
SCM is in safe mode. Will retry in 1 sec. Remaining time (sec): 225
SCM is in safe mode. Will retry in 1 sec. Remaining time (sec): 224
SCM is in safe mode. Will retry in 1 sec. Remaining time (sec): 223
SCM is in safe mode. Will retry in 1 sec. Remaining time (sec): 222
SCM is in safe mode. Will retry in 1 sec. Remaining time (sec): 221
SCM is in safe mode. Will retry in 1 sec. Remaining time (sec): 220
SCM is in safe mode. Will retry in 1 sec. Remaining time (sec): 219
SCM is in safe mode. Will retry in 1 sec. Remaining time (sec): 218
SCM is in safe mode. Will retry in 1 sec. Remaining time (sec): 217
SCM is in safe mode. Will retry in 1 sec. Remaining time (sec): 216
SCM is in safe mode. Will retry in 1 sec. Remaining time (sec): 215
SCM is in safe mode. Will retry in 1 sec. Remaining time (sec): 214
SCM is in safe mode. Will retry in 1 sec. Remaining time (sec): 213
SCM is in safe mode. Will retry in 1 sec. Remaining time (sec): 212
SCM is in safe mode. Will retry in 1 sec. Remaining time (sec): 211
SCM is in safe mode. Will retry in 1 sec. Remaining time (sec): 210
SCM is in safe mode. Will retry in 1 sec. Remaining time (sec): 209
SCM is in safe mode. Will retry in 1 sec. Remaining time (sec): 208
SCM is out of safe mode.
Found OM leader for service om: om2 : LEADER (om2)
Replaced OM order with om2,om3,om1 in ozone-balancer-datanode1-1
Replaced OM order with om2,om3,om1 in ozone-balancer-datanode2-1
Replaced OM order with om2,om3,om1 in ozone-balancer-datanode3-1
Replaced OM order with om2,om3,om1 in ozone-balancer-datanode4-1
Replaced OM order with om2,om3,om1 in ozone-balancer-datanode5-1
Replaced OM order with om2,om3,om1 in ozone-balancer-datanode6-1
Replaced OM order with om2,om3,om1 in ozone-balancer-httpfs-1
Replaced OM order with om2,om3,om1 in ozone-balancer-om1-1
Replaced OM order with om2,om3,om1 in ozone-balancer-om2-1
Replaced OM order with om2,om3,om1 in ozone-balancer-om3-1
Replaced OM order with om2,om3,om1 in ozone-balancer-s3g-1
Replaced OM order with om2,om3,om1 in ozone-balancer-scm1-1
Replaced OM order with om2,om3,om1 in ozone-balancer-scm2-1
Replaced OM order with om2,om3,om1 in ozone-balancer-scm3-1
==============================================================================
ozone-balancer-EC :: Smoketest ozone cluster startup                          
==============================================================================
Verify exclude command CLI for Container Balancer                     | FAIL |
255 != 0
------------------------------------------------------------------------------
Verify Container Balancer for RATIS/EC containers                     | FAIL |
Evaluating expression ' < 104857600' failed: SyntaxError: invalid syntax (<string>, line 1)
------------------------------------------------------------------------------
ozone-balancer-EC :: Smoketest ozone cluster startup                  | FAIL |
2 tests, 0 passed, 2 failed
==============================================================================
Output:  /tmp/smoketest/ozone-balancer/result/robot-001.xml
jstack 7 > /home/runner/work/ozone/ozone/hadoop-ozone/dist/target/ozone-2.3.0-SNAPSHOT/compose/ozone-balancer/result/ozone-balancer-datanode1-1_HddsDatanodeService.stack
jstack 8 > /home/runner/work/ozone/ozone/hadoop-ozone/dist/target/ozone-2.3.0-SNAPSHOT/compose/ozone-balancer/result/ozone-balancer-datanode2-1_HddsDatanodeService.stack
jstack 6 > /home/runner/work/ozone/ozone/hadoop-ozone/dist/target/ozone-2.3.0-SNAPSHOT/compose/ozone-balancer/result/ozone-balancer-datanode3-1_HddsDatanodeService.stack
jstack 7 > /home/runner/work/ozone/ozone/hadoop-ozone/dist/target/ozone-2.3.0-SNAPSHOT/compose/ozone-balancer/result/ozone-balancer-datanode4-1_HddsDatanodeService.stack
jstack 7 > /home/runner/work/ozone/ozone/hadoop-ozone/dist/target/ozone-2.3.0-SNAPSHOT/compose/ozone-balancer/result/ozone-balancer-datanode5-1_HddsDatanodeService.stack
jstack 8 > /home/runner/work/ozone/ozone/hadoop-ozone/dist/target/ozone-2.3.0-SNAPSHOT/compose/ozone-balancer/result/ozone-balancer-datanode6-1_HddsDatanodeService.stack
jstack 7 > /home/runner/work/ozone/ozone/hadoop-ozone/dist/target/ozone-2.3.0-SNAPSHOT/compose/ozone-balancer/result/ozone-balancer-om1-1_OzoneManagerStarter.stack
jstack 7 > /home/runner/work/ozone/ozone/hadoop-ozone/dist/target/ozone-2.3.0-SNAPSHOT/compose/ozone-balancer/result/ozone-balancer-om2-1_OzoneManagerStarter.stack
jstack 7 > /home/runner/work/ozone/ozone/hadoop-ozone/dist/target/ozone-2.3.0-SNAPSHOT/compose/ozone-balancer/result/ozone-balancer-om3-1_OzoneManagerStarter.stack
jstack 7 > /home/runner/work/ozone/ozone/hadoop-ozone/dist/target/ozone-2.3.0-SNAPSHOT/compose/ozone-balancer/result/ozone-balancer-s3g-1_Gateway.stack
jstack 7 > /home/runner/work/ozone/ozone/hadoop-ozone/dist/target/ozone-2.3.0-SNAPSHOT/compose/ozone-balancer/result/ozone-balancer-scm1-1_StorageContainerManagerStarter.stack
jstack 8 > /home/runner/work/ozone/ozone/hadoop-ozone/dist/target/ozone-2.3.0-SNAPSHOT/compose/ozone-balancer/result/ozone-balancer-scm2-1_StorageContainerManagerStarter.stack
jstack 8 > /home/runner/work/ozone/ozone/hadoop-ozone/dist/target/ozone-2.3.0-SNAPSHOT/compose/ozone-balancer/result/ozone-balancer-scm3-1_StorageContainerManagerStarter.stack
ERROR: Test execution of ozone-balancer/test-ec.sh is FAILED!!!!
To use Ozone please mount ozone folder to /opt/hadoop
Output:  /rebot-output/ozone-balancer-ec.xml
renamed '/home/runner/work/ozone/ozone/hadoop-ozone/dist/target/ozone-2.3.0-SNAPSHOT/compose/result/rebot-bxZc7E/ozone-balancer-ec.xml' -> '/home/runner/work/ozone/ozone/hadoop-ozone/dist/target/ozone-2.3.0-SNAPSHOT/compose/result/ozone-balancer-ec.xml'
removed 'ozone-balancer/result/robot-001.xml'
mkdir: created directory '/home/runner/work/ozone/ozone/hadoop-ozone/dist/target/ozone-2.3.0-SNAPSHOT/compose/result/ozone-balancer'
mkdir: created directory '/home/runner/work/ozone/ozone/hadoop-ozone/dist/target/ozone-2.3.0-SNAPSHOT/compose/result/ozone-balancer/ec'
renamed 'ozone-balancer/result/dn-audit-25d8f99fe4a8.log' -> '/home/runner/work/ozone/ozone/hadoop-ozone/dist/target/ozone-2.3.0-SNAPSHOT/compose/result/ozone-balancer/ec/dn-audit-25d8f99fe4a8.log'
renamed 'ozone-balancer/result/dn-audit-25f23c8356a0.log' -> '/home/runner/work/ozone/ozone/hadoop-ozone/dist/target/ozone-2.3.0-SNAPSHOT/compose/result/ozone-balancer/ec/dn-audit-25f23c8356a0.log'
renamed 'ozone-balancer/result/dn-audit-7c5d9fb4dce6.log' -> '/home/runner/work/ozone/ozone/hadoop-ozone/dist/target/ozone-2.3.0-SNAPSHOT/compose/result/ozone-balancer/ec/dn-audit-7c5d9fb4dce6.log'
renamed 'ozone-balancer/result/dn-audit-bb9a0912d62f.log' -> '/home/runner/work/ozone/ozone/hadoop-ozone/dist/target/ozone-2.3.0-SNAPSHOT/compose/result/ozone-balancer/ec/dn-audit-bb9a0912d62f.log'
renamed 'ozone-balancer/result/dn-audit-e9ecae9a4646.log' -> '/home/runner/work/ozone/ozone/hadoop-ozone/dist/target/ozone-2.3.0-SNAPSHOT/compose/result/ozone-balancer/ec/dn-audit-e9ecae9a4646.log'
renamed 'ozone-balancer/result/dn-audit-f0fa38d7601a.log' -> '/home/runner/work/ozone/ozone/hadoop-ozone/dist/target/ozone-2.3.0-SNAPSHOT/compose/result/ozone-balancer/ec/dn-audit-f0fa38d7601a.log'
renamed 'ozone-balancer/result/docker-ozone-balancer-datanode1-1.log' -> '/home/runner/work/ozone/ozone/hadoop-ozone/dist/target/ozone-2.3.0-SNAPSHOT/compose/result/ozone-balancer/ec/docker-ozone-balancer-datanode1-1.log'
renamed 'ozone-balancer/result/docker-ozone-balancer-datanode2-1.log' -> '/home/runner/work/ozone/ozone/hadoop-ozone/dist/target/ozone-2.3.0-SNAPSHOT/compose/result/ozone-balancer/ec/docker-ozone-balancer-datanode2-1.log'
renamed 'ozone-balancer/result/docker-ozone-balancer-datanode3-1.log' -> '/home/runner/work/ozone/ozone/hadoop-ozone/dist/target/ozone-2.3.0-SNAPSHOT/compose/result/ozone-balancer/ec/docker-ozone-balancer-datanode3-1.log'
renamed 'ozone-balancer/result/docker-ozone-balancer-datanode4-1.log' -> '/home/runner/work/ozone/ozone/hadoop-ozone/dist/target/ozone-2.3.0-SNAPSHOT/compose/result/ozone-balancer/ec/docker-ozone-balancer-datanode4-1.log'
renamed 'ozone-balancer/result/docker-ozone-balancer-datanode5-1.log' -> '/home/runner/work/ozone/ozone/hadoop-ozone/dist/target/ozone-2.3.0-SNAPSHOT/compose/result/ozone-balancer/ec/docker-ozone-balancer-datanode5-1.log'
renamed 'ozone-balancer/result/docker-ozone-balancer-datanode6-1.log' -> '/home/runner/work/ozone/ozone/hadoop-ozone/dist/target/ozone-2.3.0-SNAPSHOT/compose/result/ozone-balancer/ec/docker-ozone-balancer-datanode6-1.log'
renamed 'ozone-balancer/result/docker-ozone-balancer-httpfs-1.log' -> '/home/runner/work/ozone/ozone/hadoop-ozone/dist/target/ozone-2.3.0-SNAPSHOT/compose/result/ozone-balancer/ec/docker-ozone-balancer-httpfs-1.log'
renamed 'ozone-balancer/result/docker-ozone-balancer-om1-1.log' -> '/home/runner/work/ozone/ozone/hadoop-ozone/dist/target/ozone-2.3.0-SNAPSHOT/compose/result/ozone-balancer/ec/docker-ozone-balancer-om1-1.log'
renamed 'ozone-balancer/result/docker-ozone-balancer-om2-1.log' -> '/home/runner/work/ozone/ozone/hadoop-ozone/dist/target/ozone-2.3.0-SNAPSHOT/compose/result/ozone-balancer/ec/docker-ozone-balancer-om2-1.log'
renamed 'ozone-balancer/result/docker-ozone-balancer-om3-1.log' -> '/home/runner/work/ozone/ozone/hadoop-ozone/dist/target/ozone-2.3.0-SNAPSHOT/compose/result/ozone-balancer/ec/docker-ozone-balancer-om3-1.log'
renamed 'ozone-balancer/result/docker-ozone-balancer-s3g-1.log' -> '/home/runner/work/ozone/ozone/hadoop-ozone/dist/target/ozone-2.3.0-SNAPSHOT/compose/result/ozone-balancer/ec/docker-ozone-balancer-s3g-1.log'
renamed 'ozone-balancer/result/docker-ozone-balancer-scm1-1.log' -> '/home/runner/work/ozone/ozone/hadoop-ozone/dist/target/ozone-2.3.0-SNAPSHOT/compose/result/ozone-balancer/ec/docker-ozone-balancer-scm1-1.log'
renamed 'ozone-balancer/result/docker-ozone-balancer-scm2-1.log' -> '/home/runner/work/ozone/ozone/hadoop-ozone/dist/target/ozone-2.3.0-SNAPSHOT/compose/result/ozone-balancer/ec/docker-ozone-balancer-scm2-1.log'
renamed 'ozone-balancer/result/docker-ozone-balancer-scm3-1.log' -> '/home/runner/work/ozone/ozone/hadoop-ozone/dist/target/ozone-2.3.0-SNAPSHOT/compose/result/ozone-balancer/ec/docker-ozone-balancer-scm3-1.log'
renamed 'ozone-balancer/result/om-audit-om1.log' -> '/home/runner/work/ozone/ozone/hadoop-ozone/dist/target/ozone-2.3.0-SNAPSHOT/compose/result/ozone-balancer/ec/om-audit-om1.log'
renamed 'ozone-balancer/result/om-audit-om2.log' -> '/home/runner/work/ozone/ozone/hadoop-ozone/dist/target/ozone-2.3.0-SNAPSHOT/compose/result/ozone-balancer/ec/om-audit-om2.log'
renamed 'ozone-balancer/result/om-audit-om3.log' -> '/home/runner/work/ozone/ozone/hadoop-ozone/dist/target/ozone-2.3.0-SNAPSHOT/compose/result/ozone-balancer/ec/om-audit-om3.log'
renamed 'ozone-balancer/result/om-sys-audit-om1.log' -> '/home/runner/work/ozone/ozone/hadoop-ozone/dist/target/ozone-2.3.0-SNAPSHOT/compose/result/ozone-balancer/ec/om-sys-audit-om1.log'
renamed 'ozone-balancer/result/om-sys-audit-om2.log' -> '/home/runner/work/ozone/ozone/hadoop-ozone/dist/target/ozone-2.3.0-SNAPSHOT/compose/result/ozone-balancer/ec/om-sys-audit-om2.log'
renamed 'ozone-balancer/result/om-sys-audit-om3.log' -> '/home/runner/work/ozone/ozone/hadoop-ozone/dist/target/ozone-2.3.0-SNAPSHOT/compose/result/ozone-balancer/ec/om-sys-audit-om3.log'
renamed 'ozone-balancer/result/ozone-balancer-datanode1-1_HddsDatanodeService.stack' -> '/home/runner/work/ozone/ozone/hadoop-ozone/dist/target/ozone-2.3.0-SNAPSHOT/compose/result/ozone-balancer/ec/ozone-balancer-datanode1-1_HddsDatanodeService.stack'
renamed 'ozone-balancer/result/ozone-balancer-datanode2-1_HddsDatanodeService.stack' -> '/home/runner/work/ozone/ozone/hadoop-ozone/dist/target/ozone-2.3.0-SNAPSHOT/compose/result/ozone-balancer/ec/ozone-balancer-datanode2-1_HddsDatanodeService.stack'
renamed 'ozone-balancer/result/ozone-balancer-datanode3-1_HddsDatanodeService.stack' -> '/home/runner/work/ozone/ozone/hadoop-ozone/dist/target/ozone-2.3.0-SNAPSHOT/compose/result/ozone-balancer/ec/ozone-balancer-datanode3-1_HddsDatanodeService.stack'
renamed 'ozone-balancer/result/ozone-balancer-datanode4-1_HddsDatanodeService.stack' -> '/home/runner/work/ozone/ozone/hadoop-ozone/dist/target/ozone-2.3.0-SNAPSHOT/compose/result/ozone-balancer/ec/ozone-balancer-datanode4-1_HddsDatanodeService.stack'
renamed 'ozone-balancer/result/ozone-balancer-datanode5-1_HddsDatanodeService.stack' -> '/home/runner/work/ozone/ozone/hadoop-ozone/dist/target/ozone-2.3.0-SNAPSHOT/compose/result/ozone-balancer/ec/ozone-balancer-datanode5-1_HddsDatanodeService.stack'
renamed 'ozone-balancer/result/ozone-balancer-datanode6-1_HddsDatanodeService.stack' -> '/home/runner/work/ozone/ozone/hadoop-ozone/dist/target/ozone-2.3.0-SNAPSHOT/compose/result/ozone-balancer/ec/ozone-balancer-datanode6-1_HddsDatanodeService.stack'
renamed 'ozone-balancer/result/ozone-balancer-om1-1_OzoneManagerStarter.stack' -> '/home/runner/work/ozone/ozone/hadoop-ozone/dist/target/ozone-2.3.0-SNAPSHOT/compose/result/ozone-balancer/ec/ozone-balancer-om1-1_OzoneManagerStarter.stack'
renamed 'ozone-balancer/result/ozone-balancer-om2-1_OzoneManagerStarter.stack' -> '/home/runner/work/ozone/ozone/hadoop-ozone/dist/target/ozone-2.3.0-SNAPSHOT/compose/result/ozone-balancer/ec/ozone-balancer-om2-1_OzoneManagerStarter.stack'
renamed 'ozone-balancer/result/ozone-balancer-om3-1_OzoneManagerStarter.stack' -> '/home/runner/work/ozone/ozone/hadoop-ozone/dist/target/ozone-2.3.0-SNAPSHOT/compose/result/ozone-balancer/ec/ozone-balancer-om3-1_OzoneManagerStarter.stack'
renamed 'ozone-balancer/result/ozone-balancer-s3g-1_Gateway.stack' -> '/home/runner/work/ozone/ozone/hadoop-ozone/dist/target/ozone-2.3.0-SNAPSHOT/compose/result/ozone-balancer/ec/ozone-balancer-s3g-1_Gateway.stack'
renamed 'ozone-balancer/result/ozone-balancer-scm1-1_StorageContainerManagerStarter.stack' -> '/home/runner/work/ozone/ozone/hadoop-ozone/dist/target/ozone-2.3.0-SNAPSHOT/compose/result/ozone-balancer/ec/ozone-balancer-scm1-1_StorageContainerManagerStarter.stack'
renamed 'ozone-balancer/result/ozone-balancer-scm2-1_StorageContainerManagerStarter.stack' -> '/home/runner/work/ozone/ozone/hadoop-ozone/dist/target/ozone-2.3.0-SNAPSHOT/compose/result/ozone-balancer/ec/ozone-balancer-scm2-1_StorageContainerManagerStarter.stack'
renamed 'ozone-balancer/result/ozone-balancer-scm3-1_StorageContainerManagerStarter.stack' -> '/home/runner/work/ozone/ozone/hadoop-ozone/dist/target/ozone-2.3.0-SNAPSHOT/compose/result/ozone-balancer/ec/ozone-balancer-scm3-1_StorageContainerManagerStarter.stack'
renamed 'ozone-balancer/result/s3g-audit-a97b4d6120a9.log' -> '/home/runner/work/ozone/ozone/hadoop-ozone/dist/target/ozone-2.3.0-SNAPSHOT/compose/result/ozone-balancer/ec/s3g-audit-a97b4d6120a9.log'
renamed 'ozone-balancer/result/scm-audit-2d7848fbcb05.log' -> '/home/runner/work/ozone/ozone/hadoop-ozone/dist/target/ozone-2.3.0-SNAPSHOT/compose/result/ozone-balancer/ec/scm-audit-2d7848fbcb05.log'
renamed 'ozone-balancer/result/scm-audit-87d71dade7d1.log' -> '/home/runner/work/ozone/ozone/hadoop-ozone/dist/target/ozone-2.3.0-SNAPSHOT/compose/result/ozone-balancer/ec/scm-audit-87d71dade7d1.log'
renamed 'ozone-balancer/result/scm-audit-f607880e57ed.log' -> '/home/runner/work/ozone/ozone/hadoop-ozone/dist/target/ozone-2.3.0-SNAPSHOT/compose/result/ozone-balancer/ec/scm-audit-f607880e57ed.log'
Executing test ozone-balancer/test-ratis.sh
Using Docker Compose v2
Port 9860 is not available on scm1 yet
Port 9860 is not available on scm1 yet
Port 9860 is not available on scm1 yet
Port 9860 is not available on scm1 yet
Port 9860 is not available on scm1 yet
Port 9860 is not available on scm1 yet
Port 9860 is not available on scm1 yet
Port 9860 is not available on scm1 yet
Port 9860 is not available on scm1 yet
Port 9860 is not available on scm1 yet
Port 9860 is not available on scm1 yet
Port 9860 is not available on scm1 yet
Port 9860 is not available on scm1 yet
Port 9860 is not available on scm1 yet
Port 9860 is not available on scm1 yet
Port 9860 is not available on scm1 yet
Port 9860 is not available on scm1 yet
Port 9860 is not available on scm1 yet
Port 9860 is not available on scm1 yet
Port 9860 is not available on scm1 yet
Port 9860 is not available on scm1 yet
Port 9860 is available on scm1
SCM is in safe mode. Will retry in 1 sec. Remaining time (sec): 239
SCM is in safe mode. Will retry in 1 sec. Remaining time (sec): 238
SCM is in safe mode. Will retry in 1 sec. Remaining time (sec): 237
SCM is in safe mode. Will retry in 1 sec. Remaining time (sec): 236
SCM is in safe mode. Will retry in 1 sec. Remaining time (sec): 235
SCM is in safe mode. Will retry in 1 sec. Remaining time (sec): 234
SCM is in safe mode. Will retry in 1 sec. Remaining time (sec): 233
SCM is in safe mode. Will retry in 1 sec. Remaining time (sec): 232
SCM is in safe mode. Will retry in 1 sec. Remaining time (sec): 231
SCM is in safe mode. Will retry in 1 sec. Remaining time (sec): 230
SCM is in safe mode. Will retry in 1 sec. Remaining time (sec): 229
SCM is in safe mode. Will retry in 1 sec. Remaining time (sec): 228
SCM is in safe mode. Will retry in 1 sec. Remaining time (sec): 227
SCM is in safe mode. Will retry in 1 sec. Remaining time (sec): 226
SCM is in safe mode. Will retry in 1 sec. Remaining time (sec): 225
SCM is in safe mode. Will retry in 1 sec. Remaining time (sec): 224
SCM is in safe mode. Will retry in 1 sec. Remaining time (sec): 223
SCM is in safe mode. Will retry in 1 sec. Remaining time (sec): 222
SCM is in safe mode. Will retry in 1 sec. Remaining time (sec): 221
SCM is in safe mode. Will retry in 1 sec. Remaining time (sec): 220
SCM is in safe mode. Will retry in 1 sec. Remaining time (sec): 219
SCM is in safe mode. Will retry in 1 sec. Remaining time (sec): 218
SCM is in safe mode. Will retry in 1 sec. Remaining time (sec): 217
SCM is in safe mode. Will retry in 1 sec. Remaining time (sec): 216
SCM is in safe mode. Will retry in 1 sec. Remaining time (sec): 215
SCM is in safe mode. Will retry in 1 sec. Remaining time (sec): 214
SCM is in safe mode. Will retry in 1 sec. Remaining time (sec): 213
SCM is in safe mode. Will retry in 1 sec. Remaining time (sec): 212
SCM is in safe mode. Will retry in 1 sec. Remaining time (sec): 211
SCM is in safe mode. Will retry in 1 sec. Remaining time (sec): 210
SCM is out of safe mode.
Found OM leader for service om: om1 : LEADER (om1)
Replaced OM order with om1,om3,om2 in ozone-balancer-datanode1-1
Replaced OM order with om1,om3,om2 in ozone-balancer-datanode3-1
Replaced OM order with om1,om3,om2 in ozone-balancer-datanode4-1
Replaced OM order with om1,om3,om2 in ozone-balancer-datanode6-1
Replaced OM order with om1,om3,om2 in ozone-balancer-httpfs-1
Replaced OM order with om1,om3,om2 in ozone-balancer-om1-1
Replaced OM order with om1,om3,om2 in ozone-balancer-om2-1
Replaced OM order with om1,om3,om2 in ozone-balancer-om3-1
Replaced OM order with om1,om3,om2 in ozone-balancer-s3g-1
Replaced OM order with om1,om3,om2 in ozone-balancer-scm1-1
Replaced OM order with om1,om3,om2 in ozone-balancer-scm2-1
Replaced OM order with om1,om3,om2 in ozone-balancer-scm3-1
==============================================================================
ozone-balancer-RATIS :: Smoketest ozone cluster startup                       
==============================================================================
Verify exclude command CLI for Container Balancer                     | PASS |
------------------------------------------------------------------------------
Verify Container Balancer for RATIS/EC containers                     | PASS |
------------------------------------------------------------------------------
ozone-balancer-RATIS :: Smoketest ozone cluster startup               | PASS |
2 tests, 2 passed, 0 failed
==============================================================================
Output:  /tmp/smoketest/ozone-balancer/result/robot-001.xml
To use Ozone please mount ozone folder to /opt/hadoop
Output:  /rebot-output/ozone-balancer-ratis.xml
renamed '/home/runner/work/ozone/ozone/hadoop-ozone/dist/target/ozone-2.3.0-SNAPSHOT/compose/result/rebot-v0vhvB/ozone-balancer-ratis.xml' -> '/home/runner/work/ozone/ozone/hadoop-ozone/dist/target/ozone-2.3.0-SNAPSHOT/compose/result/ozone-balancer-ratis.xml'
removed 'ozone-balancer/result/robot-001.xml'
mkdir: created directory '/home/runner/work/ozone/ozone/hadoop-ozone/dist/target/ozone-2.3.0-SNAPSHOT/compose/result/ozone-balancer/ratis'
renamed 'ozone-balancer/result/dn-audit-0d8d24c9b447.log' -> '/home/runner/work/ozone/ozone/hadoop-ozone/dist/target/ozone-2.3.0-SNAPSHOT/compose/result/ozone-balancer/ratis/dn-audit-0d8d24c9b447.log'
renamed 'ozone-balancer/result/dn-audit-38b89d08b291.log' -> '/home/runner/work/ozone/ozone/hadoop-ozone/dist/target/ozone-2.3.0-SNAPSHOT/compose/result/ozone-balancer/ratis/dn-audit-38b89d08b291.log'
renamed 'ozone-balancer/result/dn-audit-dbd7036b7b0a.log' -> '/home/runner/work/ozone/ozone/hadoop-ozone/dist/target/ozone-2.3.0-SNAPSHOT/compose/result/ozone-balancer/ratis/dn-audit-dbd7036b7b0a.log'
renamed 'ozone-balancer/result/dn-audit-e262bec2da9c.log' -> '/home/runner/work/ozone/ozone/hadoop-ozone/dist/target/ozone-2.3.0-SNAPSHOT/compose/result/ozone-balancer/ratis/dn-audit-e262bec2da9c.log'
renamed 'ozone-balancer/result/docker-ozone-balancer-datanode1-1.log' -> '/home/runner/work/ozone/ozone/hadoop-ozone/dist/target/ozone-2.3.0-SNAPSHOT/compose/result/ozone-balancer/ratis/docker-ozone-balancer-datanode1-1.log'
renamed 'ozone-balancer/result/docker-ozone-balancer-datanode3-1.log' -> '/home/runner/work/ozone/ozone/hadoop-ozone/dist/target/ozone-2.3.0-SNAPSHOT/compose/result/ozone-balancer/ratis/docker-ozone-balancer-datanode3-1.log'
renamed 'ozone-balancer/result/docker-ozone-balancer-datanode4-1.log' -> '/home/runner/work/ozone/ozone/hadoop-ozone/dist/target/ozone-2.3.0-SNAPSHOT/compose/result/ozone-balancer/ratis/docker-ozone-balancer-datanode4-1.log'
renamed 'ozone-balancer/result/docker-ozone-balancer-datanode6-1.log' -> '/home/runner/work/ozone/ozone/hadoop-ozone/dist/target/ozone-2.3.0-SNAPSHOT/compose/result/ozone-balancer/ratis/docker-ozone-balancer-datanode6-1.log'
renamed 'ozone-balancer/result/docker-ozone-balancer-httpfs-1.log' -> '/home/runner/work/ozone/ozone/hadoop-ozone/dist/target/ozone-2.3.0-SNAPSHOT/compose/result/ozone-balancer/ratis/docker-ozone-balancer-httpfs-1.log'
renamed 'ozone-balancer/result/docker-ozone-balancer-om1-1.log' -> '/home/runner/work/ozone/ozone/hadoop-ozone/dist/target/ozone-2.3.0-SNAPSHOT/compose/result/ozone-balancer/ratis/docker-ozone-balancer-om1-1.log'
renamed 'ozone-balancer/result/docker-ozone-balancer-om2-1.log' -> '/home/runner/work/ozone/ozone/hadoop-ozone/dist/target/ozone-2.3.0-SNAPSHOT/compose/result/ozone-balancer/ratis/docker-ozone-balancer-om2-1.log'
renamed 'ozone-balancer/result/docker-ozone-balancer-om3-1.log' -> '/home/runner/work/ozone/ozone/hadoop-ozone/dist/target/ozone-2.3.0-SNAPSHOT/compose/result/ozone-balancer/ratis/docker-ozone-balancer-om3-1.log'
renamed 'ozone-balancer/result/docker-ozone-balancer-s3g-1.log' -> '/home/runner/work/ozone/ozone/hadoop-ozone/dist/target/ozone-2.3.0-SNAPSHOT/compose/result/ozone-balancer/ratis/docker-ozone-balancer-s3g-1.log'
renamed 'ozone-balancer/result/docker-ozone-balancer-scm1-1.log' -> '/home/runner/work/ozone/ozone/hadoop-ozone/dist/target/ozone-2.3.0-SNAPSHOT/compose/result/ozone-balancer/ratis/docker-ozone-balancer-scm1-1.log'
renamed 'ozone-balancer/result/docker-ozone-balancer-scm2-1.log' -> '/home/runner/work/ozone/ozone/hadoop-ozone/dist/target/ozone-2.3.0-SNAPSHOT/compose/result/ozone-balancer/ratis/docker-ozone-balancer-scm2-1.log'
renamed 'ozone-balancer/result/docker-ozone-balancer-scm3-1.log' -> '/home/runner/work/ozone/ozone/hadoop-ozone/dist/target/ozone-2.3.0-SNAPSHOT/compose/result/ozone-balancer/ratis/docker-ozone-balancer-scm3-1.log'
renamed 'ozone-balancer/result/om-audit-om1.log' -> '/home/runner/work/ozone/ozone/hadoop-ozone/dist/target/ozone-2.3.0-SNAPSHOT/compose/result/ozone-balancer/ratis/om-audit-om1.log'
renamed 'ozone-balancer/result/om-audit-om2.log' -> '/home/runner/work/ozone/ozone/hadoop-ozone/dist/target/ozone-2.3.0-SNAPSHOT/compose/result/ozone-balancer/ratis/om-audit-om2.log'
renamed 'ozone-balancer/result/om-audit-om3.log' -> '/home/runner/work/ozone/ozone/hadoop-ozone/dist/target/ozone-2.3.0-SNAPSHOT/compose/result/ozone-balancer/ratis/om-audit-om3.log'
renamed 'ozone-balancer/result/om-sys-audit-om1.log' -> '/home/runner/work/ozone/ozone/hadoop-ozone/dist/target/ozone-2.3.0-SNAPSHOT/compose/result/ozone-balancer/ratis/om-sys-audit-om1.log'
renamed 'ozone-balancer/result/om-sys-audit-om2.log' -> '/home/runner/work/ozone/ozone/hadoop-ozone/dist/target/ozone-2.3.0-SNAPSHOT/compose/result/ozone-balancer/ratis/om-sys-audit-om2.log'
renamed 'ozone-balancer/result/om-sys-audit-om3.log' -> '/home/runner/work/ozone/ozone/hadoop-ozone/dist/target/ozone-2.3.0-SNAPSHOT/compose/result/ozone-balancer/ratis/om-sys-audit-om3.log'
renamed 'ozone-balancer/result/s3g-audit-fff905a5ebec.log' -> '/home/runner/work/ozone/ozone/hadoop-ozone/dist/target/ozone-2.3.0-SNAPSHOT/compose/result/ozone-balancer/ratis/s3g-audit-fff905a5ebec.log'
renamed 'ozone-balancer/result/scm-audit-0caa27f2472a.log' -> '/home/runner/work/ozone/ozone/hadoop-ozone/dist/target/ozone-2.3.0-SNAPSHOT/compose/result/ozone-balancer/ratis/scm-audit-0caa27f2472a.log'
renamed 'ozone-balancer/result/scm-audit-a17d559814b0.log' -> '/home/runner/work/ozone/ozone/hadoop-ozone/dist/target/ozone-2.3.0-SNAPSHOT/compose/result/ozone-balancer/ratis/scm-audit-a17d559814b0.log'
renamed 'ozone-balancer/result/scm-audit-d4656c9e8b72.log' -> '/home/runner/work/ozone/ozone/hadoop-ozone/dist/target/ozone-2.3.0-SNAPSHOT/compose/result/ozone-balancer/ratis/scm-audit-d4656c9e8b72.log'
To use Ozone please mount ozone folder to /opt/hadoop
Log:     /rebot-output/log.html
Report:  /rebot-output/report.html
renamed '/home/runner/work/ozone/ozone/hadoop-ozone/dist/target/ozone-2.3.0-SNAPSHOT/compose/result/rebot-lDGegJ/log.html' -> '/home/runner/work/ozone/ozone/hadoop-ozone/dist/target/ozone-2.3.0-SNAPSHOT/compose/result/log.html'
renamed '/home/runner/work/ozone/ozone/hadoop-ozone/dist/target/ozone-2.3.0-SNAPSHOT/compose/result/rebot-lDGegJ/report.html' -> '/home/runner/work/ozone/ozone/hadoop-ozone/dist/target/ozone-2.3.0-SNAPSHOT/compose/result/report.html'
removed directory '/tmp/robot-data-82rWr5'
