recon_1     | 	at org.apache.hadoop.ipc.ProtobufRpcEngine$Server.processCall(ProtobufRpcEngine.java:465)
datanode_5  | 2023-02-03 02:06:00,119 [pool-22-thread-1] INFO server.RaftServerConfigKeys: raft.server.log.segment.cache.num.max = 2 (custom)
scm_1       | 2023-02-03 02:05:15,620 [3109e1b5-78e2-4a84-9ae9-c956bc023bd3-impl-thread1] INFO server.RaftServerConfigKeys: raft.server.log.force.sync.num = 128 (default)
datanode_4  | 2023-02-03 02:06:04,586 [pool-22-thread-1] INFO server.RaftServerConfigKeys: raft.server.log.purge.gap = 1000000 (custom)
datanode_5  | 2023-02-03 02:06:00,127 [pool-22-thread-1] INFO server.RaftServerConfigKeys: raft.server.log.segment.cache.size.max = 200MB (=209715200) (default)
datanode_5  | 2023-02-03 02:06:00,206 [pool-22-thread-1] INFO segmented.SegmentedRaftLogWorker: new e2356bf3-2733-48cc-82a5-ce087d1c8052@group-B6EE6F4B2E5D-SegmentedRaftLogWorker for RaftStorageImpl:Storage Directory /data/metadata/ratis/8034f890-88d3-4b69-a5d2-b6ee6f4b2e5d
scm_1       | 2023-02-03 02:05:15,626 [3109e1b5-78e2-4a84-9ae9-c956bc023bd3-impl-thread1] INFO server.RaftServerConfigKeys: raft.server.log.statemachine.data.sync = true (default)
datanode_4  | 2023-02-03 02:06:04,602 [pool-22-thread-1] INFO server.RaftServerConfigKeys: raft.server.log.appender.buffer.byte-limit = 33554432 (custom)
datanode_4  | 2023-02-03 02:06:04,662 [pool-22-thread-1] INFO server.RaftServerConfigKeys: raft.server.log.statemachine.data.read.timeout = 1000ms (default)
recon_1     | 	at org.apache.hadoop.ipc.ProtobufRpcEngine2$Server$ProtoBufRpcInvoker.call(ProtobufRpcEngine2.java:578)
datanode_5  | 2023-02-03 02:06:00,207 [pool-22-thread-1] INFO server.RaftServerConfigKeys: raft.server.log.queue.byte-limit = 4294967296 (custom)
scm_1       | 2023-02-03 02:05:15,640 [3109e1b5-78e2-4a84-9ae9-c956bc023bd3-impl-thread1] INFO server.RaftServerConfigKeys: raft.server.log.statemachine.data.sync.timeout = 10s (default)
scm_1       | 2023-02-03 02:05:15,661 [3109e1b5-78e2-4a84-9ae9-c956bc023bd3-impl-thread1] INFO server.RaftServerConfigKeys: raft.server.log.statemachine.data.sync.timeout.retry = -1 (default)
om_1        | 2023-02-03 02:06:18,951 [main] INFO codec.OmKeyInfoCodec: OmKeyInfoCodec ignorePipeline = true
recon_1     | 	at org.apache.hadoop.ipc.ProtobufRpcEngine2$Server$ProtoBufRpcInvoker.call(ProtobufRpcEngine2.java:556)
datanode_4  | 2023-02-03 02:06:04,663 [pool-22-thread-1] INFO server.RaftServerConfigKeys: raft.server.log.purge.preservation.log.num = 0 (default)
scm_1       | 2023-02-03 02:05:15,908 [3109e1b5-78e2-4a84-9ae9-c956bc023bd3-impl-thread1] INFO server.RaftServerConfigKeys: raft.server.log.write.buffer.size = 64KB (=65536) (default)
datanode_5  | 2023-02-03 02:06:00,229 [pool-22-thread-1] INFO server.RaftServerConfigKeys: raft.server.log.queue.element-limit = 1024 (custom)
datanode_5  | 2023-02-03 02:06:00,230 [pool-22-thread-1] INFO server.RaftServerConfigKeys: raft.server.log.segment.size.max = 1048576 (custom)
om_1        | 2023-02-03 02:06:18,955 [main] INFO codec.RepeatedOmKeyInfoCodec: RepeatedOmKeyInfoCodec ignorePipeline = true
om_1        | 2023-02-03 02:06:19,845 [main] INFO om.OzoneManager: S3 Multi-Tenancy is disabled
scm_1       | 2023-02-03 02:05:15,911 [3109e1b5-78e2-4a84-9ae9-c956bc023bd3-impl-thread1] INFO server.RaftServerConfigKeys: raft.server.log.appender.buffer.byte-limit = 33554432 (custom)
scm_1       | 2023-02-03 02:05:16,169 [3109e1b5-78e2-4a84-9ae9-c956bc023bd3-impl-thread1] INFO server.RaftServerConfigKeys: raft.server.log.unsafe-flush.enabled = false (default)
recon_1     | 	at org.apache.hadoop.ipc.RPC$Server.call(RPC.java:1093)
scm_1       | 2023-02-03 02:05:16,298 [3109e1b5-78e2-4a84-9ae9-c956bc023bd3-impl-thread1] INFO server.RaftServerConfigKeys: raft.server.log.async-flush.enabled = false (default)
datanode_5  | 2023-02-03 02:06:00,232 [pool-22-thread-1] INFO server.RaftServerConfigKeys: raft.server.log.preallocated.size = 16384 (custom)
recon_1     | 	at org.apache.hadoop.ipc.Server$RpcCall.run(Server.java:1043)
scm_1       | 2023-02-03 02:05:16,322 [3109e1b5-78e2-4a84-9ae9-c956bc023bd3-impl-thread1] INFO server.RaftServerConfigKeys: raft.server.log.statemachine.data.caching.enabled = false (default)
om_1        | 2023-02-03 02:06:20,225 [main] INFO om.OzoneManager: Created Volume s3v With Owner hadoop required for S3Gateway operations.
recon_1     | 	at org.apache.hadoop.ipc.Server$RpcCall.run(Server.java:971)
datanode_4  | 2023-02-03 02:06:04,691 [pool-22-thread-1] INFO server.RaftServerConfigKeys: raft.server.log.segment.size.max = 1048576 (custom)
datanode_4  | 2023-02-03 02:06:04,718 [pool-22-thread-1] INFO server.RaftServerConfigKeys: raft.server.log.segment.cache.num.max = 2 (custom)
scm_1       | 2023-02-03 02:05:16,581 [3109e1b5-78e2-4a84-9ae9-c956bc023bd3-impl-thread1] INFO segmented.SegmentedRaftLogWorker: 3109e1b5-78e2-4a84-9ae9-c956bc023bd3@group-AB992ECF2B4A-SegmentedRaftLogWorker: flushIndex: setUnconditionally 0 -> -1
recon_1     | 	at java.base/java.security.AccessController.doPrivileged(Native Method)
datanode_5  | 2023-02-03 02:06:00,240 [pool-22-thread-1] INFO server.RaftServerConfigKeys: raft.server.log.force.sync.num = 128 (default)
scm_1       | 2023-02-03 02:05:16,584 [3109e1b5-78e2-4a84-9ae9-c956bc023bd3-impl-thread1] INFO segmented.SegmentedRaftLogWorker: 3109e1b5-78e2-4a84-9ae9-c956bc023bd3@group-AB992ECF2B4A-SegmentedRaftLogWorker: safeCacheEvictIndex: setUnconditionally 0 -> -1
recon_1     | 	at java.base/javax.security.auth.Subject.doAs(Subject.java:423)
datanode_5  | 2023-02-03 02:06:00,242 [pool-22-thread-1] INFO server.RaftServerConfigKeys: raft.server.log.statemachine.data.sync = true (default)
scm_1       | 2023-02-03 02:05:16,612 [3109e1b5-78e2-4a84-9ae9-c956bc023bd3-impl-thread1] INFO server.RaftServer$Division: 3109e1b5-78e2-4a84-9ae9-c956bc023bd3@group-AB992ECF2B4A: start as a follower, conf=-1: peers:[3109e1b5-78e2-4a84-9ae9-c956bc023bd3|rpc:10e152ac716f:9894|priority:0|startupRole:FOLLOWER]|listeners:[], old=null
datanode_4  | 2023-02-03 02:06:04,722 [pool-22-thread-1] INFO server.RaftServerConfigKeys: raft.server.log.segment.cache.size.max = 200MB (=209715200) (default)
datanode_4  | 2023-02-03 02:06:04,764 [pool-22-thread-1] INFO segmented.SegmentedRaftLogWorker: new 06955a0f-ea60-4a54-8f8c-679f734c9228@group-B6EE6F4B2E5D-SegmentedRaftLogWorker for RaftStorageImpl:Storage Directory /data/metadata/ratis/8034f890-88d3-4b69-a5d2-b6ee6f4b2e5d
recon_1     | 	at org.apache.hadoop.security.UserGroupInformation.doAs(UserGroupInformation.java:1878)
scm_1       | 2023-02-03 02:05:16,696 [3109e1b5-78e2-4a84-9ae9-c956bc023bd3-impl-thread1] INFO server.RaftServer$Division: 3109e1b5-78e2-4a84-9ae9-c956bc023bd3@group-AB992ECF2B4A: changes role from      null to FOLLOWER at term 0 for startAsFollower
datanode_4  | 2023-02-03 02:06:04,768 [pool-22-thread-1] INFO server.RaftServerConfigKeys: raft.server.log.queue.byte-limit = 4294967296 (custom)
datanode_4  | 2023-02-03 02:06:04,770 [pool-22-thread-1] INFO server.RaftServerConfigKeys: raft.server.log.queue.element-limit = 1024 (custom)
recon_1     | 	at org.apache.hadoop.ipc.Server$Handler.run(Server.java:2976)
datanode_5  | 2023-02-03 02:06:00,249 [pool-22-thread-1] INFO server.RaftServerConfigKeys: raft.server.log.statemachine.data.sync.timeout = 10s (default)
scm_1       | 2023-02-03 02:05:16,704 [3109e1b5-78e2-4a84-9ae9-c956bc023bd3-impl-thread1] INFO impl.RoleInfo: 3109e1b5-78e2-4a84-9ae9-c956bc023bd3: start 3109e1b5-78e2-4a84-9ae9-c956bc023bd3@group-AB992ECF2B4A-FollowerState
recon_1     | , while invoking $Proxy44.submitRequest over nodeId=scmNodeId,nodeAddress=scm/172.18.0.3:9860 after 1 failover attempts. Trying to failover after sleeping for 2000ms.
recon_1     | 2023-02-03 02:05:50,199 [Listener at 0.0.0.0/9891] INFO retry.RetryInvocationHandler: com.google.protobuf.ServiceException: org.apache.hadoop.ipc.RemoteException(org.apache.hadoop.hdds.ratis.ServerNotLeaderException): Server:3109e1b5-78e2-4a84-9ae9-c956bc023bd3 is not the leader. Could not determine the leader node.
scm_1       | 2023-02-03 02:05:16,738 [3109e1b5-78e2-4a84-9ae9-c956bc023bd3@group-AB992ECF2B4A-FollowerState] INFO server.RaftServerConfigKeys: raft.server.rpc.first-election.timeout.min = 5000ms (fallback to raft.server.rpc.timeout.min)
om_1        | 2023-02-03 02:06:20,576 [main] WARN server.ServerUtils: Storage directory for Ratis is not configured. It is a good idea to map this to an SSD disk. Falling back to ozone.metadata.dirs
om_1        | 2023-02-03 02:06:20,576 [main] WARN utils.OzoneManagerRatisUtils: ozone.om.ratis.snapshot.dir is not configured. Falling back to ozone.metadata.dirs config
om_1        | 2023-02-03 02:06:20,654 [main] INFO metrics.MetricRegistries: Loaded MetricRegistries class org.apache.ratis.metrics.impl.MetricRegistriesImpl
scm_1       | 2023-02-03 02:05:16,751 [3109e1b5-78e2-4a84-9ae9-c956bc023bd3@group-AB992ECF2B4A-FollowerState] INFO server.RaftServerConfigKeys: raft.server.rpc.first-election.timeout.max = 5200ms (fallback to raft.server.rpc.timeout.max)
scm_1       | 2023-02-03 02:05:16,855 [3109e1b5-78e2-4a84-9ae9-c956bc023bd3-impl-thread1] INFO util.JmxRegister: Successfully registered JMX Bean with object name Ratis:service=RaftServer,group=group-AB992ECF2B4A,id=3109e1b5-78e2-4a84-9ae9-c956bc023bd3
recon_1     | 	at org.apache.hadoop.hdds.ratis.ServerNotLeaderException.convertToNotLeaderException(ServerNotLeaderException.java:109)
recon_1     | 	at org.apache.hadoop.hdds.scm.ha.RatisUtil.checkRatisException(RatisUtil.java:246)
scm_1       | 2023-02-03 02:05:16,874 [3109e1b5-78e2-4a84-9ae9-c956bc023bd3-impl-thread1] INFO server.RaftServerConfigKeys: raft.server.snapshot.auto.trigger.enabled = true (custom)
datanode_5  | 2023-02-03 02:06:00,251 [pool-22-thread-1] INFO server.RaftServerConfigKeys: raft.server.log.statemachine.data.sync.timeout.retry = -1 (default)
datanode_4  | 2023-02-03 02:06:04,772 [pool-22-thread-1] INFO server.RaftServerConfigKeys: raft.server.log.segment.size.max = 1048576 (custom)
datanode_4  | 2023-02-03 02:06:04,779 [pool-22-thread-1] INFO server.RaftServerConfigKeys: raft.server.log.preallocated.size = 16384 (custom)
scm_1       | 2023-02-03 02:05:16,898 [3109e1b5-78e2-4a84-9ae9-c956bc023bd3-impl-thread1] INFO server.RaftServerConfigKeys: raft.server.snapshot.auto.trigger.threshold = 1000 (custom)
scm_1       | 2023-02-03 02:05:16,900 [3109e1b5-78e2-4a84-9ae9-c956bc023bd3-impl-thread1] INFO server.RaftServerConfigKeys: raft.server.snapshot.retention.file.num = -1 (default)
recon_1     | 	at org.apache.hadoop.hdds.scm.protocol.StorageContainerLocationProtocolServerSideTranslatorPB.submitRequest(StorageContainerLocationProtocolServerSideTranslatorPB.java:193)
recon_1     | 	at org.apache.hadoop.hdds.protocol.proto.StorageContainerLocationProtocolProtos$StorageContainerLocationProtocolService$2.callBlockingMethod(StorageContainerLocationProtocolProtos.java:62741)
recon_1     | 	at org.apache.hadoop.ipc.ProtobufRpcEngine$Server.processCall(ProtobufRpcEngine.java:465)
recon_1     | 	at org.apache.hadoop.ipc.ProtobufRpcEngine2$Server$ProtoBufRpcInvoker.call(ProtobufRpcEngine2.java:578)
om_1        | 2023-02-03 02:06:20,667 [main] WARN server.ServerUtils: Storage directory for Ratis is not configured. It is a good idea to map this to an SSD disk. Falling back to ozone.metadata.dirs
om_1        | 2023-02-03 02:06:20,767 [main] INFO ratis.OzoneManagerRatisServer: Instantiating OM Ratis server with groupID: omServiceIdDefault and peers: om:9872
datanode_4  | 2023-02-03 02:06:04,782 [pool-22-thread-1] INFO server.RaftServerConfigKeys: raft.server.log.force.sync.num = 128 (default)
recon_1     | 	at org.apache.hadoop.ipc.ProtobufRpcEngine2$Server$ProtoBufRpcInvoker.call(ProtobufRpcEngine2.java:556)
recon_1     | 	at org.apache.hadoop.ipc.RPC$Server.call(RPC.java:1093)
recon_1     | 	at org.apache.hadoop.ipc.Server$RpcCall.run(Server.java:1043)
datanode_5  | 2023-02-03 02:06:00,297 [pool-22-thread-1] INFO server.RaftServerConfigKeys: raft.server.log.write.buffer.size = 1048576 (custom)
datanode_5  | 2023-02-03 02:06:00,301 [pool-22-thread-1] INFO server.RaftServerConfigKeys: raft.server.log.appender.buffer.byte-limit = 33554432 (custom)
om_1        | 2023-02-03 02:06:20,793 [main] INFO ratis.OzoneManagerStateMachine: LastAppliedIndex is set from TransactionInfo from OM DB as (t:0, i:~)
recon_1     | 	at org.apache.hadoop.ipc.Server$RpcCall.run(Server.java:971)
recon_1     | 	at java.base/java.security.AccessController.doPrivileged(Native Method)
recon_1     | 	at java.base/javax.security.auth.Subject.doAs(Subject.java:423)
om_1        | 2023-02-03 02:06:20,964 [main] INFO server.RaftServer: raft.rpc.type = GRPC (default)
datanode_4  | 2023-02-03 02:06:04,797 [pool-22-thread-1] INFO server.RaftServerConfigKeys: raft.server.log.statemachine.data.sync = true (default)
datanode_4  | 2023-02-03 02:06:04,800 [pool-22-thread-1] INFO server.RaftServerConfigKeys: raft.server.log.statemachine.data.sync.timeout = 10s (default)
recon_1     | 	at org.apache.hadoop.security.UserGroupInformation.doAs(UserGroupInformation.java:1878)
recon_1     | 	at org.apache.hadoop.ipc.Server$Handler.run(Server.java:2976)
scm_1       | 2023-02-03 02:05:16,903 [3109e1b5-78e2-4a84-9ae9-c956bc023bd3-impl-thread1] INFO server.RaftServerConfigKeys: raft.server.log.purge.upto.snapshot.index = false (default)
datanode_5  | 2023-02-03 02:06:00,351 [pool-22-thread-1] INFO server.RaftServerConfigKeys: raft.server.log.unsafe-flush.enabled = false (default)
om_1        | 2023-02-03 02:06:21,211 [main] INFO grpc.GrpcConfigKeys: raft.grpc.admin.host = null (fallback to raft.grpc.server.host)
om_1        | 2023-02-03 02:06:21,214 [main] INFO grpc.GrpcConfigKeys: raft.grpc.admin.port = 9872 (fallback to raft.grpc.server.port)
scm_1       | 2023-02-03 02:05:17,042 [main] INFO server.RaftServer: 3109e1b5-78e2-4a84-9ae9-c956bc023bd3: start RPC server
scm_1       | 2023-02-03 02:05:18,413 [main] INFO server.GrpcService: 3109e1b5-78e2-4a84-9ae9-c956bc023bd3: GrpcService started, listening on 9894
scm_1       | 2023-02-03 02:05:18,532 [JvmPauseMonitor0] INFO util.JvmPauseMonitor: JvmPauseMonitor-3109e1b5-78e2-4a84-9ae9-c956bc023bd3: Started
om_1        | 2023-02-03 02:06:21,214 [main] INFO grpc.GrpcConfigKeys: raft.grpc.client.host = null (fallback to raft.grpc.server.host)
recon_1     | , while invoking $Proxy44.submitRequest over nodeId=scmNodeId,nodeAddress=scm/172.18.0.3:9860 after 2 failover attempts. Trying to failover after sleeping for 2000ms.
datanode_5  | 2023-02-03 02:06:00,357 [pool-22-thread-1] INFO server.RaftServerConfigKeys: raft.server.log.async-flush.enabled = false (default)
scm_1       | 2023-02-03 02:05:21,953 [3109e1b5-78e2-4a84-9ae9-c956bc023bd3@group-AB992ECF2B4A-FollowerState] INFO impl.FollowerState: 3109e1b5-78e2-4a84-9ae9-c956bc023bd3@group-AB992ECF2B4A-FollowerState: change to CANDIDATE, lastRpcElapsedTime:5249994964ns, electionTimeout:5192ms
datanode_5  | 2023-02-03 02:06:00,358 [pool-22-thread-1] INFO server.RaftServerConfigKeys: raft.server.log.statemachine.data.caching.enabled = true (custom)
datanode_5  | 2023-02-03 02:06:00,413 [pool-22-thread-1] INFO segmented.SegmentedRaftLogWorker: e2356bf3-2733-48cc-82a5-ce087d1c8052@group-B6EE6F4B2E5D-SegmentedRaftLogWorker: flushIndex: setUnconditionally 0 -> -1
datanode_4  | 2023-02-03 02:06:04,803 [pool-22-thread-1] INFO server.RaftServerConfigKeys: raft.server.log.statemachine.data.sync.timeout.retry = -1 (default)
scm_1       | 2023-02-03 02:05:21,956 [3109e1b5-78e2-4a84-9ae9-c956bc023bd3@group-AB992ECF2B4A-FollowerState] INFO impl.RoleInfo: 3109e1b5-78e2-4a84-9ae9-c956bc023bd3: shutdown 3109e1b5-78e2-4a84-9ae9-c956bc023bd3@group-AB992ECF2B4A-FollowerState
scm_1       | 2023-02-03 02:05:21,982 [3109e1b5-78e2-4a84-9ae9-c956bc023bd3@group-AB992ECF2B4A-FollowerState] INFO server.RaftServer$Division: 3109e1b5-78e2-4a84-9ae9-c956bc023bd3@group-AB992ECF2B4A: changes role from  FOLLOWER to CANDIDATE at term 0 for changeToCandidate
scm_1       | 2023-02-03 02:05:22,003 [3109e1b5-78e2-4a84-9ae9-c956bc023bd3@group-AB992ECF2B4A-FollowerState] INFO server.RaftServerConfigKeys: raft.server.leaderelection.pre-vote = false (custom)
om_1        | 2023-02-03 02:06:21,215 [main] INFO grpc.GrpcConfigKeys: raft.grpc.client.port = 9872 (fallback to raft.grpc.server.port)
om_1        | 2023-02-03 02:06:21,215 [main] INFO grpc.GrpcConfigKeys: raft.grpc.server.host = null (default)
datanode_4  | 2023-02-03 02:06:04,915 [pool-22-thread-1] INFO server.RaftServerConfigKeys: raft.server.log.write.buffer.size = 1048576 (custom)
scm_1       | 2023-02-03 02:05:22,010 [3109e1b5-78e2-4a84-9ae9-c956bc023bd3@group-AB992ECF2B4A-FollowerState] INFO impl.RoleInfo: 3109e1b5-78e2-4a84-9ae9-c956bc023bd3: start 3109e1b5-78e2-4a84-9ae9-c956bc023bd3@group-AB992ECF2B4A-LeaderElection1
scm_1       | 2023-02-03 02:05:22,168 [3109e1b5-78e2-4a84-9ae9-c956bc023bd3@group-AB992ECF2B4A-LeaderElection1] INFO impl.LeaderElection: 3109e1b5-78e2-4a84-9ae9-c956bc023bd3@group-AB992ECF2B4A-LeaderElection1 ELECTION round 0: submit vote requests at term 1 for -1: peers:[3109e1b5-78e2-4a84-9ae9-c956bc023bd3|rpc:10e152ac716f:9894|priority:0|startupRole:FOLLOWER]|listeners:[], old=null
scm_1       | 2023-02-03 02:05:22,178 [3109e1b5-78e2-4a84-9ae9-c956bc023bd3@group-AB992ECF2B4A-LeaderElection1] INFO impl.LeaderElection: 3109e1b5-78e2-4a84-9ae9-c956bc023bd3@group-AB992ECF2B4A-LeaderElection1 ELECTION round 0: result PASSED (term=1)
datanode_5  | 2023-02-03 02:06:00,416 [pool-22-thread-1] INFO segmented.SegmentedRaftLogWorker: e2356bf3-2733-48cc-82a5-ce087d1c8052@group-B6EE6F4B2E5D-SegmentedRaftLogWorker: safeCacheEvictIndex: setUnconditionally 0 -> -1
datanode_5  | 2023-02-03 02:06:00,430 [pool-22-thread-1] INFO server.RaftServer$Division: e2356bf3-2733-48cc-82a5-ce087d1c8052@group-B6EE6F4B2E5D: start as a follower, conf=-1: peers:[d096f7c9-2b0c-4dd3-b951-ac4670b832ef|rpc:172.18.0.10:9856|admin:172.18.0.10:9857|client:172.18.0.10:9858|dataStream:172.18.0.10:9858|priority:1|startupRole:FOLLOWER, e2356bf3-2733-48cc-82a5-ce087d1c8052|rpc:172.18.0.5:9856|admin:172.18.0.5:9857|client:172.18.0.5:9858|dataStream:172.18.0.5:9858|priority:0|startupRole:FOLLOWER, 06955a0f-ea60-4a54-8f8c-679f734c9228|rpc:172.18.0.7:9856|admin:172.18.0.7:9857|client:172.18.0.7:9858|dataStream:172.18.0.7:9858|priority:0|startupRole:FOLLOWER]|listeners:[], old=null
datanode_4  | 2023-02-03 02:06:04,917 [pool-22-thread-1] INFO server.RaftServerConfigKeys: raft.server.log.appender.buffer.byte-limit = 33554432 (custom)
scm_1       | 2023-02-03 02:05:22,179 [3109e1b5-78e2-4a84-9ae9-c956bc023bd3@group-AB992ECF2B4A-LeaderElection1] INFO impl.RoleInfo: 3109e1b5-78e2-4a84-9ae9-c956bc023bd3: shutdown 3109e1b5-78e2-4a84-9ae9-c956bc023bd3@group-AB992ECF2B4A-LeaderElection1
scm_1       | 2023-02-03 02:05:22,195 [3109e1b5-78e2-4a84-9ae9-c956bc023bd3@group-AB992ECF2B4A-LeaderElection1] INFO server.RaftServer$Division: 3109e1b5-78e2-4a84-9ae9-c956bc023bd3@group-AB992ECF2B4A: changes role from CANDIDATE to LEADER at term 1 for changeToLeader
recon_1     | 2023-02-03 02:05:54,901 [Listener at 0.0.0.0/9891] INFO scm.ReconStorageContainerManagerFacade: Obtained 0 pipelines from SCM.
datanode_4  | 2023-02-03 02:06:05,006 [pool-22-thread-1] INFO server.RaftServerConfigKeys: raft.server.log.unsafe-flush.enabled = false (default)
scm_1       | 2023-02-03 02:05:22,195 [3109e1b5-78e2-4a84-9ae9-c956bc023bd3@group-AB992ECF2B4A-LeaderElection1] INFO server.RaftServer$Division: 3109e1b5-78e2-4a84-9ae9-c956bc023bd3@group-AB992ECF2B4A: change Leader from null to 3109e1b5-78e2-4a84-9ae9-c956bc023bd3 at term 1 for becomeLeader, leader elected after 11035ms
datanode_5  | 2023-02-03 02:06:00,434 [pool-22-thread-1] INFO server.RaftServer$Division: e2356bf3-2733-48cc-82a5-ce087d1c8052@group-B6EE6F4B2E5D: changes role from      null to FOLLOWER at term 0 for startAsFollower
recon_1     | 2023-02-03 02:05:54,902 [Listener at 0.0.0.0/9891] INFO scm.ReconPipelineManager: Recon has 0 pipelines in house.
scm_1       | 2023-02-03 02:05:22,399 [3109e1b5-78e2-4a84-9ae9-c956bc023bd3@group-AB992ECF2B4A-LeaderElection1] INFO server.RaftServerConfigKeys: raft.server.staging.catchup.gap = 1000 (default)
scm_1       | 2023-02-03 02:05:22,482 [3109e1b5-78e2-4a84-9ae9-c956bc023bd3@group-AB992ECF2B4A-LeaderElection1] INFO server.RaftServerConfigKeys: raft.server.write.element-limit = 4096 (default)
scm_1       | 2023-02-03 02:05:22,597 [3109e1b5-78e2-4a84-9ae9-c956bc023bd3@group-AB992ECF2B4A-LeaderElection1] INFO server.RaftServerConfigKeys: raft.server.write.byte-limit = 64MB (=67108864) (default)
datanode_5  | 2023-02-03 02:06:00,444 [pool-22-thread-1] INFO impl.RoleInfo: e2356bf3-2733-48cc-82a5-ce087d1c8052: start e2356bf3-2733-48cc-82a5-ce087d1c8052@group-B6EE6F4B2E5D-FollowerState
datanode_5  | 2023-02-03 02:06:00,456 [e2356bf3-2733-48cc-82a5-ce087d1c8052@group-B6EE6F4B2E5D-FollowerState] INFO server.RaftServerConfigKeys: raft.server.rpc.first-election.timeout.min = 5s (fallback to raft.server.rpc.timeout.min)
datanode_4  | 2023-02-03 02:06:05,009 [pool-22-thread-1] INFO server.RaftServerConfigKeys: raft.server.log.async-flush.enabled = false (default)
scm_1       | 2023-02-03 02:05:22,738 [3109e1b5-78e2-4a84-9ae9-c956bc023bd3@group-AB992ECF2B4A-LeaderElection1] INFO server.RaftServerConfigKeys: raft.server.watch.timeout = 10s (default)
recon_1     | 2023-02-03 02:05:54,902 [Listener at 0.0.0.0/9891] INFO scm.ReconStorageContainerManagerFacade: SCM DB initialized
scm_1       | 2023-02-03 02:05:22,798 [3109e1b5-78e2-4a84-9ae9-c956bc023bd3@group-AB992ECF2B4A-LeaderElection1] INFO server.RaftServerConfigKeys: raft.server.watch.timeout.denomination = 1s (default)
datanode_5  | 2023-02-03 02:06:00,461 [e2356bf3-2733-48cc-82a5-ce087d1c8052@group-B6EE6F4B2E5D-FollowerState] INFO server.RaftServerConfigKeys: raft.server.rpc.first-election.timeout.max = 5200ms (fallback to raft.server.rpc.timeout.max)
recon_1     | 2023-02-03 02:05:54,915 [Listener at 0.0.0.0/9891] INFO server.SCMDatanodeProtocolServer: ScmDatanodeProtocol RPC server for DataNodes is listening at /0.0.0.0:9891
recon_1     | 2023-02-03 02:05:54,934 [IPC Server Responder] INFO ipc.Server: IPC Server Responder: starting
recon_1     | 2023-02-03 02:05:54,991 [IPC Server listener on 9891] INFO ipc.Server: IPC Server listener on 9891: starting
recon_1     | 2023-02-03 02:05:57,009 [IPC Server handler 0 on default port 9891] WARN ipc.Server: IPC Server handler 0 on default port 9891, call Call#1 Retry#0 org.apache.hadoop.ozone.protocol.ReconDatanodeProtocol.submitRequest from 172.18.0.4:42720: output error
scm_1       | 2023-02-03 02:05:22,814 [3109e1b5-78e2-4a84-9ae9-c956bc023bd3@group-AB992ECF2B4A-LeaderElection1] INFO server.RaftServerConfigKeys: raft.server.watch.element-limit = 65536 (default)
scm_1       | 2023-02-03 02:05:23,043 [3109e1b5-78e2-4a84-9ae9-c956bc023bd3@group-AB992ECF2B4A-LeaderElection1] INFO server.RaftServerConfigKeys: raft.server.write.element-limit = 4096 (default)
recon_1     | 2023-02-03 02:05:57,012 [IPC Server handler 0 on default port 9891] INFO ipc.Server: IPC Server handler 0 on default port 9891 caught an exception
recon_1     | java.nio.channels.ClosedChannelException
om_1        | 2023-02-03 02:06:21,217 [main] INFO grpc.GrpcConfigKeys: raft.grpc.server.port = 9872 (custom)
scm_1       | 2023-02-03 02:05:23,049 [3109e1b5-78e2-4a84-9ae9-c956bc023bd3@group-AB992ECF2B4A-LeaderElection1] INFO server.RaftServerConfigKeys: raft.server.write.follower.gap.ratio.max = -1.0 (default)
datanode_5  | 2023-02-03 02:06:00,463 [pool-22-thread-1] INFO util.JmxRegister: Successfully registered JMX Bean with object name Ratis:service=RaftServer,group=group-B6EE6F4B2E5D,id=e2356bf3-2733-48cc-82a5-ce087d1c8052
recon_1     | 	at java.base/sun.nio.ch.SocketChannelImpl.ensureOpenAndConnected(SocketChannelImpl.java:180)
scm_1       | 2023-02-03 02:05:23,139 [3109e1b5-78e2-4a84-9ae9-c956bc023bd3@group-AB992ECF2B4A-LeaderElection1] INFO impl.RoleInfo: 3109e1b5-78e2-4a84-9ae9-c956bc023bd3: start 3109e1b5-78e2-4a84-9ae9-c956bc023bd3@group-AB992ECF2B4A-LeaderStateImpl
datanode_5  | 2023-02-03 02:06:00,468 [pool-22-thread-1] INFO server.RaftServerConfigKeys: raft.server.snapshot.auto.trigger.enabled = true (custom)
recon_1     | 	at java.base/sun.nio.ch.SocketChannelImpl.write(SocketChannelImpl.java:452)
scm_1       | 2023-02-03 02:05:23,761 [3109e1b5-78e2-4a84-9ae9-c956bc023bd3@group-AB992ECF2B4A-LeaderElection1] INFO segmented.SegmentedRaftLogWorker: 3109e1b5-78e2-4a84-9ae9-c956bc023bd3@group-AB992ECF2B4A-SegmentedRaftLogWorker: Starting segment from index:0
om_1        | 2023-02-03 02:06:21,219 [main] INFO server.GrpcService: raft.grpc.message.size.max = 33554432 (custom)
recon_1     | 	at org.apache.hadoop.ipc.Server.channelWrite(Server.java:3619)
datanode_4  | 2023-02-03 02:06:05,012 [pool-22-thread-1] INFO server.RaftServerConfigKeys: raft.server.log.statemachine.data.caching.enabled = true (custom)
scm_1       | 2023-02-03 02:05:24,344 [3109e1b5-78e2-4a84-9ae9-c956bc023bd3@group-AB992ECF2B4A-LeaderElection1] INFO server.RaftServer$Division: 3109e1b5-78e2-4a84-9ae9-c956bc023bd3@group-AB992ECF2B4A: set configuration 0: peers:[3109e1b5-78e2-4a84-9ae9-c956bc023bd3|rpc:10e152ac716f:9894|admin:|client:|dataStream:|priority:0|startupRole:FOLLOWER]|listeners:[], old=null
scm_1       | 2023-02-03 02:05:24,931 [3109e1b5-78e2-4a84-9ae9-c956bc023bd3@group-AB992ECF2B4A-SegmentedRaftLogWorker] INFO segmented.SegmentedRaftLogWorker: 3109e1b5-78e2-4a84-9ae9-c956bc023bd3@group-AB992ECF2B4A-SegmentedRaftLogWorker: created new log segment /data/metadata/scm-ha/e9464c17-7c0c-468a-9a77-ab992ecf2b4a/current/log_inprogress_0
recon_1     | 	at org.apache.hadoop.ipc.Server.access$1700(Server.java:144)
datanode_4  | 2023-02-03 02:06:05,122 [pool-22-thread-1] INFO segmented.SegmentedRaftLogWorker: 06955a0f-ea60-4a54-8f8c-679f734c9228@group-B6EE6F4B2E5D-SegmentedRaftLogWorker: flushIndex: setUnconditionally 0 -> -1
datanode_4  | 2023-02-03 02:06:05,123 [pool-22-thread-1] INFO segmented.SegmentedRaftLogWorker: 06955a0f-ea60-4a54-8f8c-679f734c9228@group-B6EE6F4B2E5D-SegmentedRaftLogWorker: safeCacheEvictIndex: setUnconditionally 0 -> -1
datanode_5  | 2023-02-03 02:06:00,469 [pool-22-thread-1] INFO server.RaftServerConfigKeys: raft.server.snapshot.auto.trigger.threshold = 10000 (custom)
om_1        | 2023-02-03 02:06:21,231 [main] INFO server.RaftServerConfigKeys: raft.server.log.appender.buffer.byte-limit = 33554432 (custom)
om_1        | 2023-02-03 02:06:21,232 [main] INFO server.GrpcService: raft.grpc.flow.control.window = 1MB (=1048576) (default)
scm_1       | 2023-02-03 02:05:26,535 [main] INFO server.RaftServer: 3109e1b5-78e2-4a84-9ae9-c956bc023bd3: close
scm_1       | 2023-02-03 02:05:26,536 [main] INFO server.GrpcService: 3109e1b5-78e2-4a84-9ae9-c956bc023bd3: shutdown server GrpcServerProtocolService now
om_1        | 2023-02-03 02:06:21,234 [main] INFO server.RaftServerConfigKeys: raft.server.rpc.request.timeout = 3000ms (default)
om_1        | 2023-02-03 02:06:21,259 [main] INFO grpc.GrpcConfigKeys: raft.grpc.server.heartbeat.channel = true (default)
datanode_4  | 2023-02-03 02:06:05,135 [pool-22-thread-1] INFO server.RaftServer$Division: 06955a0f-ea60-4a54-8f8c-679f734c9228@group-B6EE6F4B2E5D: start as a follower, conf=-1: peers:[d096f7c9-2b0c-4dd3-b951-ac4670b832ef|rpc:172.18.0.10:9856|admin:172.18.0.10:9857|client:172.18.0.10:9858|dataStream:172.18.0.10:9858|priority:1|startupRole:FOLLOWER, e2356bf3-2733-48cc-82a5-ce087d1c8052|rpc:172.18.0.5:9856|admin:172.18.0.5:9857|client:172.18.0.5:9858|dataStream:172.18.0.5:9858|priority:0|startupRole:FOLLOWER, 06955a0f-ea60-4a54-8f8c-679f734c9228|rpc:172.18.0.7:9856|admin:172.18.0.7:9857|client:172.18.0.7:9858|dataStream:172.18.0.7:9858|priority:0|startupRole:FOLLOWER]|listeners:[], old=null
datanode_5  | 2023-02-03 02:06:00,470 [pool-22-thread-1] INFO server.RaftServerConfigKeys: raft.server.snapshot.retention.file.num = 5 (custom)
scm_1       | 2023-02-03 02:05:26,537 [3109e1b5-78e2-4a84-9ae9-c956bc023bd3-impl-thread1] INFO server.RaftServer$Division: 3109e1b5-78e2-4a84-9ae9-c956bc023bd3@group-AB992ECF2B4A: shutdown
om_1        | 2023-02-03 02:06:21,263 [main] INFO grpc.GrpcConfigKeys: raft.grpc.server.async.request.thread.pool.cached = true (default)
recon_1     | 	at org.apache.hadoop.ipc.Server$Responder.processResponse(Server.java:1672)
datanode_4  | 2023-02-03 02:06:05,142 [pool-22-thread-1] INFO server.RaftServer$Division: 06955a0f-ea60-4a54-8f8c-679f734c9228@group-B6EE6F4B2E5D: changes role from      null to FOLLOWER at term 0 for startAsFollower
datanode_5  | 2023-02-03 02:06:00,473 [pool-22-thread-1] INFO server.RaftServerConfigKeys: raft.server.log.purge.upto.snapshot.index = false (default)
scm_1       | 2023-02-03 02:05:26,537 [3109e1b5-78e2-4a84-9ae9-c956bc023bd3-impl-thread1] INFO util.JmxRegister: Successfully un-registered JMX Bean with object name Ratis:service=RaftServer,group=group-AB992ECF2B4A,id=3109e1b5-78e2-4a84-9ae9-c956bc023bd3
om_1        | 2023-02-03 02:06:21,263 [main] INFO grpc.GrpcConfigKeys: raft.grpc.server.async.request.thread.pool.size = 32 (default)
recon_1     | 	at org.apache.hadoop.ipc.Server$Responder.doRespond(Server.java:1742)
datanode_4  | 2023-02-03 02:06:05,152 [pool-22-thread-1] INFO impl.RoleInfo: 06955a0f-ea60-4a54-8f8c-679f734c9228: start 06955a0f-ea60-4a54-8f8c-679f734c9228@group-B6EE6F4B2E5D-FollowerState
datanode_5  | 2023-02-03 02:06:00,536 [Command processor thread] INFO ratis.XceiverServerRatis: Created group PipelineID=8034f890-88d3-4b69-a5d2-b6ee6f4b2e5d
scm_1       | 2023-02-03 02:05:26,537 [3109e1b5-78e2-4a84-9ae9-c956bc023bd3-impl-thread1] INFO impl.RoleInfo: 3109e1b5-78e2-4a84-9ae9-c956bc023bd3: shutdown 3109e1b5-78e2-4a84-9ae9-c956bc023bd3@group-AB992ECF2B4A-LeaderStateImpl
om_1        | 2023-02-03 02:06:22,178 [main] INFO impl.DataStreamServerImpl: raft.datastream.type = DISABLED (default)
recon_1     | 	at org.apache.hadoop.ipc.Server$Connection.sendResponse(Server.java:2847)
datanode_4  | 2023-02-03 02:06:05,188 [06955a0f-ea60-4a54-8f8c-679f734c9228@group-B6EE6F4B2E5D-FollowerState] INFO server.RaftServerConfigKeys: raft.server.rpc.first-election.timeout.min = 5s (fallback to raft.server.rpc.timeout.min)
datanode_5  | 2023-02-03 02:06:05,655 [e2356bf3-2733-48cc-82a5-ce087d1c8052@group-B6EE6F4B2E5D-FollowerState] INFO impl.FollowerState: e2356bf3-2733-48cc-82a5-ce087d1c8052@group-B6EE6F4B2E5D-FollowerState: change to CANDIDATE, lastRpcElapsedTime:5214814908ns, electionTimeout:5193ms
scm_1       | 2023-02-03 02:05:26,607 [3109e1b5-78e2-4a84-9ae9-c956bc023bd3-impl-thread1] INFO impl.PendingRequests: 3109e1b5-78e2-4a84-9ae9-c956bc023bd3@group-AB992ECF2B4A-PendingRequests: sendNotLeaderResponses
om_1        | 2023-02-03 02:06:22,185 [main] INFO server.RaftServerConfigKeys: raft.server.threadpool.proxy.cached = true (default)
datanode_4  | 2023-02-03 02:06:05,191 [pool-22-thread-1] INFO util.JmxRegister: Successfully registered JMX Bean with object name Ratis:service=RaftServer,group=group-B6EE6F4B2E5D,id=06955a0f-ea60-4a54-8f8c-679f734c9228
datanode_5  | 2023-02-03 02:06:05,656 [e2356bf3-2733-48cc-82a5-ce087d1c8052@group-B6EE6F4B2E5D-FollowerState] INFO impl.RoleInfo: e2356bf3-2733-48cc-82a5-ce087d1c8052: shutdown e2356bf3-2733-48cc-82a5-ce087d1c8052@group-B6EE6F4B2E5D-FollowerState
scm_1       | 2023-02-03 02:05:26,739 [main] INFO server.GrpcService: 3109e1b5-78e2-4a84-9ae9-c956bc023bd3: shutdown server GrpcServerProtocolService successfully
om_1        | 2023-02-03 02:06:22,188 [main] INFO server.RaftServerConfigKeys: raft.server.threadpool.proxy.size = 0 (default)
datanode_4  | 2023-02-03 02:06:05,193 [06955a0f-ea60-4a54-8f8c-679f734c9228@group-B6EE6F4B2E5D-FollowerState] INFO server.RaftServerConfigKeys: raft.server.rpc.first-election.timeout.max = 5200ms (fallback to raft.server.rpc.timeout.max)
recon_1     | 	at org.apache.hadoop.ipc.Server$Connection.access$300(Server.java:1814)
scm_1       | 2023-02-03 02:05:26,751 [3109e1b5-78e2-4a84-9ae9-c956bc023bd3@group-AB992ECF2B4A-StateMachineUpdater] INFO impl.StateMachineUpdater: 3109e1b5-78e2-4a84-9ae9-c956bc023bd3@group-AB992ECF2B4A-StateMachineUpdater: Took a snapshot at index 0
om_1        | 2023-02-03 02:06:22,190 [main] INFO server.RaftServerConfigKeys: raft.server.rpc.slowness.timeout = 120s (custom)
datanode_4  | 2023-02-03 02:06:05,204 [pool-22-thread-1] INFO server.RaftServerConfigKeys: raft.server.snapshot.auto.trigger.enabled = true (custom)
datanode_4  | 2023-02-03 02:06:05,221 [pool-22-thread-1] INFO server.RaftServerConfigKeys: raft.server.snapshot.auto.trigger.threshold = 10000 (custom)
scm_1       | 2023-02-03 02:05:26,778 [3109e1b5-78e2-4a84-9ae9-c956bc023bd3@group-AB992ECF2B4A-StateMachineUpdater] INFO impl.StateMachineUpdater: 3109e1b5-78e2-4a84-9ae9-c956bc023bd3@group-AB992ECF2B4A-StateMachineUpdater: snapshotIndex: updateIncreasingly -1 -> 0
om_1        | 2023-02-03 02:06:22,191 [main] INFO server.RaftServerConfigKeys: raft.server.leaderelection.leader.step-down.wait-time = 10s (default)
datanode_4  | 2023-02-03 02:06:05,222 [pool-22-thread-1] INFO server.RaftServerConfigKeys: raft.server.snapshot.retention.file.num = 5 (custom)
datanode_4  | 2023-02-03 02:06:05,223 [pool-22-thread-1] INFO server.RaftServerConfigKeys: raft.server.log.purge.upto.snapshot.index = false (default)
scm_1       | 2023-02-03 02:05:26,750 [3109e1b5-78e2-4a84-9ae9-c956bc023bd3-impl-thread1] INFO impl.StateMachineUpdater: 3109e1b5-78e2-4a84-9ae9-c956bc023bd3@group-AB992ECF2B4A-StateMachineUpdater: set stopIndex = 0
om_1        | 2023-02-03 02:06:22,201 [main] INFO server.RaftServerConfigKeys: raft.server.storage.dir = [/data/metadata/ratis] (custom)
datanode_4  | 2023-02-03 02:06:05,339 [Command processor thread] INFO ratis.XceiverServerRatis: Created group PipelineID=8034f890-88d3-4b69-a5d2-b6ee6f4b2e5d
datanode_4  | 2023-02-03 02:06:08,464 [grpc-default-executor-0] INFO server.RaftServer$Division: 06955a0f-ea60-4a54-8f8c-679f734c9228@group-B6EE6F4B2E5D: receive requestVote(ELECTION, e2356bf3-2733-48cc-82a5-ce087d1c8052, group-B6EE6F4B2E5D, 1, (t:0, i:0))
datanode_4  | 2023-02-03 02:06:08,477 [grpc-default-executor-0] INFO impl.VoteContext: 06955a0f-ea60-4a54-8f8c-679f734c9228@group-B6EE6F4B2E5D-FOLLOWER: accept ELECTION from e2356bf3-2733-48cc-82a5-ce087d1c8052: our priority 0 <= candidate's priority 0
recon_1     | 	at org.apache.hadoop.ipc.Server$RpcCall.doResponse(Server.java:1125)
scm_1       | 2023-02-03 02:05:26,821 [3109e1b5-78e2-4a84-9ae9-c956bc023bd3-impl-thread1] INFO server.RaftServer$Division: 3109e1b5-78e2-4a84-9ae9-c956bc023bd3@group-AB992ECF2B4A: closes. applyIndex: 0
om_1        | 2023-02-03 02:06:22,226 [main] INFO server.RaftServer: om1: addNew group-C5BA1605619E:[om1|rpc:om:9872|priority:0|startupRole:FOLLOWER] returns group-C5BA1605619E:java.util.concurrent.CompletableFuture@75b5d09[Not completed]
datanode_4  | 2023-02-03 02:06:08,478 [grpc-default-executor-0] INFO server.RaftServer$Division: 06955a0f-ea60-4a54-8f8c-679f734c9228@group-B6EE6F4B2E5D: changes role from  FOLLOWER to FOLLOWER at term 1 for candidate:e2356bf3-2733-48cc-82a5-ce087d1c8052
om_1        | 2023-02-03 02:06:22,227 [main] INFO om.OzoneManager: OzoneManager Ratis server initialized at port 9872
om_1        | 2023-02-03 02:06:22,285 [main] INFO om.OzoneManager: Creating RPC Server
recon_1     | 	at org.apache.hadoop.ipc.Server$Call.doResponse(Server.java:917)
datanode_4  | 2023-02-03 02:06:08,479 [grpc-default-executor-0] INFO impl.RoleInfo: 06955a0f-ea60-4a54-8f8c-679f734c9228: shutdown 06955a0f-ea60-4a54-8f8c-679f734c9228@group-B6EE6F4B2E5D-FollowerState
datanode_4  | 2023-02-03 02:06:08,484 [06955a0f-ea60-4a54-8f8c-679f734c9228@group-B6EE6F4B2E5D-FollowerState] INFO impl.FollowerState: 06955a0f-ea60-4a54-8f8c-679f734c9228@group-B6EE6F4B2E5D-FollowerState was interrupted
datanode_4  | 2023-02-03 02:06:08,486 [grpc-default-executor-0] INFO impl.RoleInfo: 06955a0f-ea60-4a54-8f8c-679f734c9228: start 06955a0f-ea60-4a54-8f8c-679f734c9228@group-B6EE6F4B2E5D-FollowerState
recon_1     | 	at org.apache.hadoop.ipc.Server$Call.sendResponse(Server.java:903)
datanode_4  | 2023-02-03 02:06:08,495 [06955a0f-ea60-4a54-8f8c-679f734c9228@group-B6EE6F4B2E5D-FollowerState] INFO server.RaftServerConfigKeys: raft.server.rpc.first-election.timeout.min = 5s (fallback to raft.server.rpc.timeout.min)
om_1        | 2023-02-03 02:06:22,309 [pool-28-thread-1] INFO server.RaftServer$Division: om1: new RaftServerImpl for group-C5BA1605619E:[om1|rpc:om:9872|priority:0|startupRole:FOLLOWER] with OzoneManagerStateMachine:uninitialized
scm_1       | 2023-02-03 02:05:26,822 [3109e1b5-78e2-4a84-9ae9-c956bc023bd3@group-AB992ECF2B4A-SegmentedRaftLogWorker] INFO segmented.SegmentedRaftLogWorker: 3109e1b5-78e2-4a84-9ae9-c956bc023bd3@group-AB992ECF2B4A-SegmentedRaftLogWorker was interrupted, exiting. There are 0 tasks remaining in the queue.
recon_1     | 	at org.apache.hadoop.ipc.Server$RpcCall.run(Server.java:1060)
datanode_5  | 2023-02-03 02:06:05,656 [e2356bf3-2733-48cc-82a5-ce087d1c8052@group-B6EE6F4B2E5D-FollowerState] INFO server.RaftServer$Division: e2356bf3-2733-48cc-82a5-ce087d1c8052@group-B6EE6F4B2E5D: changes role from  FOLLOWER to CANDIDATE at term 0 for changeToCandidate
datanode_5  | 2023-02-03 02:06:05,671 [e2356bf3-2733-48cc-82a5-ce087d1c8052@group-B6EE6F4B2E5D-FollowerState] INFO server.RaftServerConfigKeys: raft.server.leaderelection.pre-vote = false (custom)
scm_1       | 2023-02-03 02:05:26,833 [3109e1b5-78e2-4a84-9ae9-c956bc023bd3-impl-thread1] INFO segmented.SegmentedRaftLogWorker: 3109e1b5-78e2-4a84-9ae9-c956bc023bd3@group-AB992ECF2B4A-SegmentedRaftLogWorker close()
scm_1       | 2023-02-03 02:05:26,866 [JvmPauseMonitor0] INFO util.JvmPauseMonitor: JvmPauseMonitor-3109e1b5-78e2-4a84-9ae9-c956bc023bd3: Stopped
scm_1       | 2023-02-03 02:05:26,901 [main] WARN server.ServerUtils: ozone.scm.db.dirs is not configured. We recommend adding this setting. Falling back to ozone.metadata.dirs instead.
recon_1     | 	at org.apache.hadoop.ipc.Server$RpcCall.run(Server.java:971)
recon_1     | 	at java.base/java.security.AccessController.doPrivileged(Native Method)
datanode_5  | 2023-02-03 02:06:05,672 [e2356bf3-2733-48cc-82a5-ce087d1c8052@group-B6EE6F4B2E5D-FollowerState] INFO impl.RoleInfo: e2356bf3-2733-48cc-82a5-ce087d1c8052: start e2356bf3-2733-48cc-82a5-ce087d1c8052@group-B6EE6F4B2E5D-LeaderElection1
datanode_4  | 2023-02-03 02:06:08,495 [06955a0f-ea60-4a54-8f8c-679f734c9228@group-B6EE6F4B2E5D-FollowerState] INFO server.RaftServerConfigKeys: raft.server.rpc.first-election.timeout.max = 5200ms (fallback to raft.server.rpc.timeout.max)
datanode_4  | 2023-02-03 02:06:08,603 [grpc-default-executor-0] INFO server.RaftServer$Division: 06955a0f-ea60-4a54-8f8c-679f734c9228@group-B6EE6F4B2E5D replies to ELECTION vote request: e2356bf3-2733-48cc-82a5-ce087d1c8052<-06955a0f-ea60-4a54-8f8c-679f734c9228#0:OK-t1. Peer's state: 06955a0f-ea60-4a54-8f8c-679f734c9228@group-B6EE6F4B2E5D:t1, leader=null, voted=e2356bf3-2733-48cc-82a5-ce087d1c8052, raftlog=Memoized:06955a0f-ea60-4a54-8f8c-679f734c9228@group-B6EE6F4B2E5D-SegmentedRaftLog:OPENED:c-1, conf=-1: peers:[d096f7c9-2b0c-4dd3-b951-ac4670b832ef|rpc:172.18.0.10:9856|admin:172.18.0.10:9857|client:172.18.0.10:9858|dataStream:172.18.0.10:9858|priority:1|startupRole:FOLLOWER, e2356bf3-2733-48cc-82a5-ce087d1c8052|rpc:172.18.0.5:9856|admin:172.18.0.5:9857|client:172.18.0.5:9858|dataStream:172.18.0.5:9858|priority:0|startupRole:FOLLOWER, 06955a0f-ea60-4a54-8f8c-679f734c9228|rpc:172.18.0.7:9856|admin:172.18.0.7:9857|client:172.18.0.7:9858|dataStream:172.18.0.7:9858|priority:0|startupRole:FOLLOWER]|listeners:[], old=null
datanode_4  | 2023-02-03 02:06:10,706 [06955a0f-ea60-4a54-8f8c-679f734c9228-server-thread1] INFO ratis.XceiverServerRatis: Leader change notification received for group: group-B6EE6F4B2E5D with new leaderId: e2356bf3-2733-48cc-82a5-ce087d1c8052
datanode_5  | 2023-02-03 02:06:05,691 [e2356bf3-2733-48cc-82a5-ce087d1c8052@group-B6EE6F4B2E5D-LeaderElection1] INFO impl.LeaderElection: e2356bf3-2733-48cc-82a5-ce087d1c8052@group-B6EE6F4B2E5D-LeaderElection1 ELECTION round 0: submit vote requests at term 1 for -1: peers:[d096f7c9-2b0c-4dd3-b951-ac4670b832ef|rpc:172.18.0.10:9856|admin:172.18.0.10:9857|client:172.18.0.10:9858|dataStream:172.18.0.10:9858|priority:1|startupRole:FOLLOWER, e2356bf3-2733-48cc-82a5-ce087d1c8052|rpc:172.18.0.5:9856|admin:172.18.0.5:9857|client:172.18.0.5:9858|dataStream:172.18.0.5:9858|priority:0|startupRole:FOLLOWER, 06955a0f-ea60-4a54-8f8c-679f734c9228|rpc:172.18.0.7:9856|admin:172.18.0.7:9857|client:172.18.0.7:9858|dataStream:172.18.0.7:9858|priority:0|startupRole:FOLLOWER]|listeners:[], old=null
om_1        | 2023-02-03 02:06:22,334 [pool-28-thread-1] INFO server.RaftServerConfigKeys: raft.server.rpc.timeout.min = 5s (custom)
datanode_4  | 2023-02-03 02:06:10,712 [06955a0f-ea60-4a54-8f8c-679f734c9228-server-thread1] INFO server.RaftServer$Division: 06955a0f-ea60-4a54-8f8c-679f734c9228@group-B6EE6F4B2E5D: change Leader from null to e2356bf3-2733-48cc-82a5-ce087d1c8052 at term 1 for appendEntries, leader elected after 7006ms
datanode_4  | 2023-02-03 02:06:10,738 [06955a0f-ea60-4a54-8f8c-679f734c9228-server-thread1] INFO server.RaftServer$Division: 06955a0f-ea60-4a54-8f8c-679f734c9228@group-B6EE6F4B2E5D: set configuration 0: peers:[d096f7c9-2b0c-4dd3-b951-ac4670b832ef|rpc:172.18.0.10:9856|admin:172.18.0.10:9857|client:172.18.0.10:9858|dataStream:172.18.0.10:9858|priority:1|startupRole:FOLLOWER, e2356bf3-2733-48cc-82a5-ce087d1c8052|rpc:172.18.0.5:9856|admin:172.18.0.5:9857|client:172.18.0.5:9858|dataStream:172.18.0.5:9858|priority:0|startupRole:FOLLOWER, 06955a0f-ea60-4a54-8f8c-679f734c9228|rpc:172.18.0.7:9856|admin:172.18.0.7:9857|client:172.18.0.7:9858|dataStream:172.18.0.7:9858|priority:0|startupRole:FOLLOWER]|listeners:[], old=null
datanode_4  | 2023-02-03 02:06:10,815 [06955a0f-ea60-4a54-8f8c-679f734c9228-server-thread1] INFO segmented.SegmentedRaftLogWorker: 06955a0f-ea60-4a54-8f8c-679f734c9228@group-B6EE6F4B2E5D-SegmentedRaftLogWorker: Starting segment from index:0
recon_1     | 	at java.base/javax.security.auth.Subject.doAs(Subject.java:423)
datanode_4  | 2023-02-03 02:06:11,514 [Command processor thread] INFO commandhandler.CreatePipelineCommandHandler: Created Pipeline RATIS THREE PipelineID=8034f890-88d3-4b69-a5d2-b6ee6f4b2e5d.
datanode_4  | 2023-02-03 02:06:11,515 [Command processor thread] INFO server.RaftServer: 06955a0f-ea60-4a54-8f8c-679f734c9228: addNew group-5D7CDD87D354:[06955a0f-ea60-4a54-8f8c-679f734c9228|rpc:172.18.0.7:9856|admin:172.18.0.7:9857|client:172.18.0.7:9858|dataStream:172.18.0.7:9858|priority:1|startupRole:FOLLOWER] returns group-5D7CDD87D354:java.util.concurrent.CompletableFuture@7fa9c804[Not completed]
datanode_4  | 2023-02-03 02:06:11,527 [pool-22-thread-1] INFO server.RaftServer$Division: 06955a0f-ea60-4a54-8f8c-679f734c9228: new RaftServerImpl for group-5D7CDD87D354:[06955a0f-ea60-4a54-8f8c-679f734c9228|rpc:172.18.0.7:9856|admin:172.18.0.7:9857|client:172.18.0.7:9858|dataStream:172.18.0.7:9858|priority:1|startupRole:FOLLOWER] with ContainerStateMachine:uninitialized
datanode_4  | 2023-02-03 02:06:11,530 [pool-22-thread-1] INFO server.RaftServerConfigKeys: raft.server.rpc.timeout.min = 5s (custom)
om_1        | 2023-02-03 02:06:22,337 [pool-28-thread-1] INFO server.RaftServerConfigKeys: raft.server.rpc.timeout.max = 5200ms (custom)
om_1        | 2023-02-03 02:06:22,337 [pool-28-thread-1] INFO server.RaftServerConfigKeys: raft.server.rpc.sleep.time = 25ms (default)
datanode_4  | 2023-02-03 02:06:11,530 [pool-22-thread-1] INFO server.RaftServerConfigKeys: raft.server.rpc.timeout.max = 5200ms (custom)
datanode_4  | 2023-02-03 02:06:11,531 [pool-22-thread-1] INFO server.RaftServerConfigKeys: raft.server.rpc.sleep.time = 25ms (default)
datanode_5  | 2023-02-03 02:06:05,743 [e2356bf3-2733-48cc-82a5-ce087d1c8052@group-B6EE6F4B2E5D-LeaderElection1] INFO server.RaftServerConfigKeys: raft.server.rpc.first-election.timeout.min = 5s (fallback to raft.server.rpc.timeout.min)
scm_1       | 2023-02-03 02:05:26,934 [main] INFO server.StorageContainerManager: SCM initialization succeeded. Current cluster id for sd=/data/metadata/scm; cid=CID-e9464c17-7c0c-468a-9a77-ab992ecf2b4a; layoutVersion=4; scmId=3109e1b5-78e2-4a84-9ae9-c956bc023bd3
om_1        | 2023-02-03 02:06:22,337 [pool-28-thread-1] INFO server.RaftServerConfigKeys: raft.server.rpc.slowness.timeout = 120s (custom)
datanode_5  | 2023-02-03 02:06:05,746 [e2356bf3-2733-48cc-82a5-ce087d1c8052@group-B6EE6F4B2E5D-LeaderElection1] INFO server.RaftServerConfigKeys: raft.server.rpc.first-election.timeout.max = 5200ms (fallback to raft.server.rpc.timeout.max)
recon_1     | 	at org.apache.hadoop.security.UserGroupInformation.doAs(UserGroupInformation.java:1878)
scm_1       | 2023-02-03 02:05:27,089 [shutdown-hook-0] INFO server.StorageContainerManagerStarter: SHUTDOWN_MSG: 
scm_1       | /************************************************************
datanode_5  | 2023-02-03 02:06:05,763 [e2356bf3-2733-48cc-82a5-ce087d1c8052@group-B6EE6F4B2E5D-LeaderElection1-2] INFO server.GrpcServerProtocolClient: Build channel for 06955a0f-ea60-4a54-8f8c-679f734c9228
recon_1     | 	at org.apache.hadoop.ipc.Server$Handler.run(Server.java:2976)
scm_1       | SHUTDOWN_MSG: Shutting down StorageContainerManager at 10e152ac716f/172.18.0.3
datanode_4  | 2023-02-03 02:06:11,532 [pool-22-thread-1] INFO server.RaftServerConfigKeys: raft.server.rpc.slowness.timeout = 300s (custom)
datanode_5  | 2023-02-03 02:06:05,764 [e2356bf3-2733-48cc-82a5-ce087d1c8052@group-B6EE6F4B2E5D-LeaderElection1-1] INFO server.GrpcServerProtocolClient: Build channel for d096f7c9-2b0c-4dd3-b951-ac4670b832ef
recon_1     | 2023-02-03 02:05:57,025 [IPC Server handler 16 on default port 9891] WARN ipc.Server: IPC Server handler 16 on default port 9891, call Call#3 Retry#0 org.apache.hadoop.ozone.protocol.ReconDatanodeProtocol.submitRequest from 172.18.0.4:37288: output error
scm_1       | ************************************************************/
scm_1       | No '-XX:...' jvm parameters are set. Adding safer GC settings '-XX:ParallelGCThreads=8 -XX:+UseConcMarkSweepGC -XX:CMSInitiatingOccupancyFraction=70 -XX:+CMSParallelRemarkEnabled' to the OZONE_OPTS
datanode_5  | 2023-02-03 02:06:06,827 [e2356bf3-2733-48cc-82a5-ce087d1c8052@group-B6EE6F4B2E5D-LeaderElection1] INFO impl.LeaderElection: e2356bf3-2733-48cc-82a5-ce087d1c8052@group-B6EE6F4B2E5D-LeaderElection1 got exception when requesting votes: java.util.concurrent.ExecutionException: org.apache.ratis.thirdparty.io.grpc.StatusRuntimeException: INTERNAL: d096f7c9-2b0c-4dd3-b951-ac4670b832ef@group-B6EE6F4B2E5D is not in [RUNNING]: current state is STARTING
recon_1     | 2023-02-03 02:05:57,025 [IPC Server handler 16 on default port 9891] INFO ipc.Server: IPC Server handler 16 on default port 9891 caught an exception
scm_1       | OpenJDK 64-Bit Server VM warning: Option UseConcMarkSweepGC was deprecated in version 9.0 and will likely be removed in a future release.
datanode_4  | 2023-02-03 02:06:11,533 [pool-22-thread-1] INFO server.RaftServerConfigKeys: raft.server.leaderelection.leader.step-down.wait-time = 10s (default)
datanode_5  | 2023-02-03 02:06:08,775 [e2356bf3-2733-48cc-82a5-ce087d1c8052@group-B6EE6F4B2E5D-LeaderElection1] INFO impl.LeaderElection: e2356bf3-2733-48cc-82a5-ce087d1c8052@group-B6EE6F4B2E5D-LeaderElection1: ELECTION PASSED received 1 response(s) and 1 exception(s):
datanode_5  | 2023-02-03 02:06:08,776 [e2356bf3-2733-48cc-82a5-ce087d1c8052@group-B6EE6F4B2E5D-LeaderElection1] INFO impl.LeaderElection:   Response 0: e2356bf3-2733-48cc-82a5-ce087d1c8052<-06955a0f-ea60-4a54-8f8c-679f734c9228#0:OK-t1
datanode_5  | 2023-02-03 02:06:08,777 [e2356bf3-2733-48cc-82a5-ce087d1c8052@group-B6EE6F4B2E5D-LeaderElection1] INFO impl.LeaderElection:   Exception 1: java.util.concurrent.ExecutionException: org.apache.ratis.thirdparty.io.grpc.StatusRuntimeException: INTERNAL: d096f7c9-2b0c-4dd3-b951-ac4670b832ef@group-B6EE6F4B2E5D is not in [RUNNING]: current state is STARTING
datanode_5  | 2023-02-03 02:06:08,778 [e2356bf3-2733-48cc-82a5-ce087d1c8052@group-B6EE6F4B2E5D-LeaderElection1] INFO impl.LeaderElection: e2356bf3-2733-48cc-82a5-ce087d1c8052@group-B6EE6F4B2E5D-LeaderElection1 ELECTION round 0: result PASSED
datanode_5  | 2023-02-03 02:06:08,779 [e2356bf3-2733-48cc-82a5-ce087d1c8052@group-B6EE6F4B2E5D-LeaderElection1] INFO impl.RoleInfo: e2356bf3-2733-48cc-82a5-ce087d1c8052: shutdown e2356bf3-2733-48cc-82a5-ce087d1c8052@group-B6EE6F4B2E5D-LeaderElection1
datanode_5  | 2023-02-03 02:06:08,780 [e2356bf3-2733-48cc-82a5-ce087d1c8052@group-B6EE6F4B2E5D-LeaderElection1] INFO server.RaftServer$Division: e2356bf3-2733-48cc-82a5-ce087d1c8052@group-B6EE6F4B2E5D: changes role from CANDIDATE to LEADER at term 1 for changeToLeader
datanode_5  | 2023-02-03 02:06:08,780 [e2356bf3-2733-48cc-82a5-ce087d1c8052@group-B6EE6F4B2E5D-LeaderElection1] INFO ratis.XceiverServerRatis: Leader change notification received for group: group-B6EE6F4B2E5D with new leaderId: e2356bf3-2733-48cc-82a5-ce087d1c8052
datanode_4  | 2023-02-03 02:06:11,533 [pool-22-thread-1] INFO server.RaftServerConfigKeys: raft.server.sleep.deviation.threshold = 300ms (default)
datanode_4  | 2023-02-03 02:06:11,534 [pool-22-thread-1] INFO server.RaftServer$Division: 06955a0f-ea60-4a54-8f8c-679f734c9228@group-5D7CDD87D354: ConfigurationManager, init=-1: peers:[06955a0f-ea60-4a54-8f8c-679f734c9228|rpc:172.18.0.7:9856|admin:172.18.0.7:9857|client:172.18.0.7:9858|dataStream:172.18.0.7:9858|priority:1|startupRole:FOLLOWER]|listeners:[], old=null, confs=<EMPTY_MAP>
om_1        | 2023-02-03 02:06:22,341 [pool-28-thread-1] INFO server.RaftServerConfigKeys: raft.server.leaderelection.leader.step-down.wait-time = 10s (default)
om_1        | 2023-02-03 02:06:22,342 [pool-28-thread-1] INFO server.RaftServerConfigKeys: raft.server.sleep.deviation.threshold = 300ms (default)
