datanode_4  | 2023-02-03 02:06:17,099 [06955a0f-ea60-4a54-8f8c-679f734c9228@group-5D7CDD87D354-LeaderElection1] INFO ratis.XceiverServerRatis: Leader change notification received for group: group-5D7CDD87D354 with new leaderId: 06955a0f-ea60-4a54-8f8c-679f734c9228
datanode_4  | 2023-02-03 02:06:17,107 [06955a0f-ea60-4a54-8f8c-679f734c9228@group-5D7CDD87D354-LeaderElection1] INFO server.RaftServer$Division: 06955a0f-ea60-4a54-8f8c-679f734c9228@group-5D7CDD87D354: change Leader from null to 06955a0f-ea60-4a54-8f8c-679f734c9228 at term 1 for becomeLeader, leader elected after 5559ms
datanode_5  | 2023-02-03 02:06:09,305 [pool-22-thread-1] INFO ratis.ContainerStateMachine: group-348377654355: The snapshot info is null. Setting the last applied indexto:(t:0, i:~)
datanode_5  | 2023-02-03 02:06:09,331 [pool-22-thread-1] INFO server.RaftServerConfigKeys: raft.server.log.use.memory = false (default)
datanode_5  | 2023-02-03 02:06:09,342 [pool-22-thread-1] INFO server.RaftServerConfigKeys: raft.server.log.purge.gap = 1000000 (custom)
om_1        | 2023-02-03 02:06:27,717 [Listener at om/9862] INFO server.RaftServer: om1: start RPC server
om_1        | 2023-02-03 02:06:27,866 [Listener at om/9862] INFO server.GrpcService: om1: GrpcService started, listening on 9872
om_1        | 2023-02-03 02:06:27,876 [Listener at om/9862] INFO om.OzoneManager: Version File has different layout version (3) than OM DB (null). That is expected if this OM has never been finalized to a newer layout version.
om_1        | 2023-02-03 02:06:27,877 [JvmPauseMonitor0] INFO util.JvmPauseMonitor: JvmPauseMonitor-om1: Started
om_1        | 2023-02-03 02:06:27,973 [Listener at om/9862] INFO http.BaseHttpServer: Starting Web-server for ozoneManager at: http://0.0.0.0:9874
om_1        | 2023-02-03 02:06:27,973 [Listener at om/9862] INFO http.BaseHttpServer: Hadoop Security Enabled: false Ozone Security Enabled: false Ozone HTTP Security Enabled: false 
om_1        | 2023-02-03 02:06:28,063 [Listener at om/9862] INFO util.log: Logging initialized @34068ms to org.eclipse.jetty.util.log.Slf4jLog
recon_1     | 	at java.base/sun.nio.ch.SocketChannelImpl.ensureOpenAndConnected(SocketChannelImpl.java:180)
recon_1     | 	at java.base/sun.nio.ch.SocketChannelImpl.write(SocketChannelImpl.java:452)
om_1        | 2023-02-03 02:06:28,322 [Listener at om/9862] WARN server.AuthenticationFilter: Unable to initialize FileSignerSecretProvider, falling back to use random secrets. Reason: Could not read signature secret file: /opt/hadoop/hadoop-http-auth-signature-secret
om_1        | 2023-02-03 02:06:28,335 [Listener at om/9862] INFO http.HttpRequestLog: Http request log for http.requests.ozoneManager is not defined
om_1        | 2023-02-03 02:06:28,345 [Listener at om/9862] INFO http.HttpServer2: Added global filter 'safety' (class=org.apache.hadoop.hdds.server.http.HttpServer2$QuotingInputFilter)
recon_1     | 	at org.apache.hadoop.ipc.Server.channelWrite(Server.java:3619)
recon_1     | 	at org.apache.hadoop.ipc.Server.access$1700(Server.java:144)
om_1        | 2023-02-03 02:06:28,347 [Listener at om/9862] INFO http.HttpServer2: Added filter static_user_filter (class=org.apache.hadoop.http.lib.StaticUserWebFilter$StaticUserFilter) to context ozoneManager
om_1        | 2023-02-03 02:06:28,347 [Listener at om/9862] INFO http.HttpServer2: Added filter static_user_filter (class=org.apache.hadoop.http.lib.StaticUserWebFilter$StaticUserFilter) to context logs
om_1        | 2023-02-03 02:06:28,347 [Listener at om/9862] INFO http.HttpServer2: Added filter static_user_filter (class=org.apache.hadoop.http.lib.StaticUserWebFilter$StaticUserFilter) to context static
om_1        | 2023-02-03 02:06:28,445 [Listener at om/9862] INFO http.HttpServer2: Jetty bound to port 9874
scm_1       | 2023-02-03 02:05:41,658 [pool-16-thread-1] INFO server.RaftServerConfigKeys: raft.server.storage.free-space.min = 0MB (=0) (default)
scm_1       | 2023-02-03 02:05:41,690 [pool-16-thread-1] INFO server.RaftServerConfigKeys: raft.server.notification.no-leader.timeout = 60s (default)
om_1        | 2023-02-03 02:06:28,452 [Listener at om/9862] INFO server.Server: jetty-9.4.49.v20220914; built: 2022-09-14T01:07:36.601Z; git: 4231a3b2e4cb8548a412a789936d640a97b1aa0a; jvm 11.0.14.1+1-LTS
datanode_5  | 2023-02-03 02:06:09,343 [pool-22-thread-1] INFO server.RaftServerConfigKeys: raft.server.log.appender.buffer.byte-limit = 33554432 (custom)
datanode_4  | 2023-02-03 02:06:17,129 [06955a0f-ea60-4a54-8f8c-679f734c9228@group-5D7CDD87D354-LeaderElection1] INFO server.RaftServerConfigKeys: raft.server.staging.catchup.gap = 1000 (default)
datanode_4  | 2023-02-03 02:06:17,156 [06955a0f-ea60-4a54-8f8c-679f734c9228@group-5D7CDD87D354-LeaderElection1] INFO server.RaftServerConfigKeys: raft.server.write.element-limit = 1024 (custom)
recon_1     | 	at org.apache.hadoop.ipc.Server$Responder.processResponse(Server.java:1672)
scm_1       | 2023-02-03 02:05:41,698 [pool-16-thread-1] INFO server.RaftServerConfigKeys: raft.server.retrycache.expirytime = 60000ms (default)
datanode_4  | 2023-02-03 02:06:17,164 [06955a0f-ea60-4a54-8f8c-679f734c9228@group-5D7CDD87D354-LeaderElection1] INFO server.RaftServerConfigKeys: raft.server.write.byte-limit = 1024 M (=1073741824) (custom)
datanode_4  | 2023-02-03 02:06:17,258 [06955a0f-ea60-4a54-8f8c-679f734c9228@group-5D7CDD87D354-LeaderElection1] INFO server.RaftServerConfigKeys: raft.server.watch.timeout = 180s (custom)
recon_1     | 	at org.apache.hadoop.ipc.Server$Responder.doRespond(Server.java:1742)
scm_1       | 2023-02-03 02:05:41,698 [pool-16-thread-1] INFO server.RaftServerConfigKeys: raft.server.retrycache.statistics.expirytime = 100?s (default)
datanode_4  | 2023-02-03 02:06:17,264 [06955a0f-ea60-4a54-8f8c-679f734c9228@group-5D7CDD87D354-LeaderElection1] INFO server.RaftServerConfigKeys: raft.server.watch.timeout.denomination = 1s (default)
datanode_4  | 2023-02-03 02:06:17,271 [06955a0f-ea60-4a54-8f8c-679f734c9228@group-5D7CDD87D354-LeaderElection1] INFO server.RaftServerConfigKeys: raft.server.watch.element-limit = 65536 (default)
recon_1     | 	at org.apache.hadoop.ipc.Server$Connection.sendResponse(Server.java:2847)
scm_1       | 2023-02-03 02:05:42,056 [pool-16-thread-1] INFO server.RaftServerConfigKeys: raft.server.log.appender.install.snapshot.enabled = false (custom)
om_1        | 2023-02-03 02:06:28,661 [Listener at om/9862] INFO server.session: DefaultSessionIdManager workerName=node0
om_1        | 2023-02-03 02:06:28,663 [Listener at om/9862] INFO server.session: No SessionScavenger set, using defaults
recon_1     | 	at org.apache.hadoop.ipc.Server$Connection.access$300(Server.java:1814)
scm_1       | 2023-02-03 02:05:42,057 [pool-16-thread-1] INFO server.RaftServerConfigKeys: raft.server.threadpool.server.cached = true (default)
datanode_5  | 2023-02-03 02:06:09,343 [pool-22-thread-1] INFO server.RaftServerConfigKeys: raft.server.log.statemachine.data.read.timeout = 1000ms (default)
om_1        | 2023-02-03 02:06:28,674 [Listener at om/9862] INFO server.session: node0 Scavenging every 660000ms
datanode_4  | 2023-02-03 02:06:17,332 [06955a0f-ea60-4a54-8f8c-679f734c9228@group-5D7CDD87D354-LeaderElection1] INFO server.RaftServerConfigKeys: raft.server.write.element-limit = 1024 (custom)
recon_1     | 	at org.apache.hadoop.ipc.Server$RpcCall.doResponse(Server.java:1125)
scm_1       | 2023-02-03 02:05:42,058 [pool-16-thread-1] INFO server.RaftServerConfigKeys: raft.server.threadpool.server.size = 0 (default)
datanode_5  | 2023-02-03 02:06:09,344 [pool-22-thread-1] INFO server.RaftServerConfigKeys: raft.server.log.purge.preservation.log.num = 0 (default)
om_1        | 2023-02-03 02:06:28,742 [Listener at om/9862] INFO handler.ContextHandler: Started o.e.j.s.ServletContextHandler@495590a7{logs,/logs,file:///var/log/hadoop/,AVAILABLE}
datanode_4  | 2023-02-03 02:06:17,352 [06955a0f-ea60-4a54-8f8c-679f734c9228@group-5D7CDD87D354-LeaderElection1] INFO server.RaftServerConfigKeys: raft.server.write.follower.gap.ratio.max = -1.0 (default)
recon_1     | 	at org.apache.hadoop.ipc.Server$Call.doResponse(Server.java:917)
scm_1       | 2023-02-03 02:05:42,062 [pool-16-thread-1] INFO server.RaftServerConfigKeys: raft.server.threadpool.client.cached = true (default)
datanode_5  | 2023-02-03 02:06:09,344 [pool-22-thread-1] INFO server.RaftServerConfigKeys: raft.server.log.segment.size.max = 1048576 (custom)
om_1        | 2023-02-03 02:06:28,745 [Listener at om/9862] INFO handler.ContextHandler: Started o.e.j.s.ServletContextHandler@25daa0a0{static,/static,jar:file:/opt/hadoop/share/ozone/lib/ozone-manager-1.4.0-SNAPSHOT.jar!/webapps/static,AVAILABLE}
datanode_4  | 2023-02-03 02:06:17,375 [06955a0f-ea60-4a54-8f8c-679f734c9228@group-5D7CDD87D354-LeaderElection1] INFO impl.RoleInfo: 06955a0f-ea60-4a54-8f8c-679f734c9228: start 06955a0f-ea60-4a54-8f8c-679f734c9228@group-5D7CDD87D354-LeaderStateImpl
recon_1     | 	at org.apache.hadoop.ipc.Server$Call.sendResponse(Server.java:903)
scm_1       | 2023-02-03 02:05:42,062 [pool-16-thread-1] INFO server.RaftServerConfigKeys: raft.server.threadpool.client.size = 0 (default)
datanode_5  | 2023-02-03 02:06:09,345 [pool-22-thread-1] INFO server.RaftServerConfigKeys: raft.server.log.segment.cache.num.max = 2 (custom)
datanode_5  | 2023-02-03 02:06:09,346 [pool-22-thread-1] INFO server.RaftServerConfigKeys: raft.server.log.segment.cache.size.max = 200MB (=209715200) (default)
om_1        | 2023-02-03 02:06:29,513 [Listener at om/9862] INFO handler.ContextHandler: Started o.e.j.w.WebAppContext@78c95c22{ozoneManager,/,file:///tmp/jetty-0_0_0_0-9874-ozone-manager-1_4_0-SNAPSHOT_jar-_-any-4902098586501228836/webapp/,AVAILABLE}{jar:file:/opt/hadoop/share/ozone/lib/ozone-manager-1.4.0-SNAPSHOT.jar!/webapps/ozoneManager}
recon_1     | 	at org.apache.hadoop.ipc.Server$RpcCall.run(Server.java:1060)
scm_1       | 2023-02-03 02:05:42,066 [main] INFO ha.SCMSnapshotProvider: Initializing SCM Snapshot Provider
datanode_5  | 2023-02-03 02:06:09,347 [pool-22-thread-1] INFO segmented.SegmentedRaftLogWorker: new e2356bf3-2733-48cc-82a5-ce087d1c8052@group-348377654355-SegmentedRaftLogWorker for RaftStorageImpl:Storage Directory /data/metadata/ratis/60106a5a-f6ad-49ac-98cd-348377654355
datanode_4  | 2023-02-03 02:06:17,384 [06955a0f-ea60-4a54-8f8c-679f734c9228@group-5D7CDD87D354-LeaderElection1] INFO segmented.SegmentedRaftLogWorker: 06955a0f-ea60-4a54-8f8c-679f734c9228@group-5D7CDD87D354-SegmentedRaftLogWorker: Starting segment from index:0
om_1        | 2023-02-03 02:06:29,614 [Listener at om/9862] INFO server.AbstractConnector: Started ServerConnector@166913c2{HTTP/1.1, (http/1.1)}{0.0.0.0:9874}
recon_1     | 	at org.apache.hadoop.ipc.Server$RpcCall.run(Server.java:971)
scm_1       | 2023-02-03 02:05:42,066 [main] WARN server.ServerUtils: Storage directory for Ratis is not configured. It is a good idea to map this to an SSD disk. Falling back to ozone.metadata.dirs
datanode_5  | 2023-02-03 02:06:09,349 [pool-22-thread-1] INFO server.RaftServerConfigKeys: raft.server.log.queue.byte-limit = 4294967296 (custom)
datanode_4  | 2023-02-03 02:06:17,390 [06955a0f-ea60-4a54-8f8c-679f734c9228@group-5D7CDD87D354-SegmentedRaftLogWorker] INFO segmented.SegmentedRaftLogWorker: 06955a0f-ea60-4a54-8f8c-679f734c9228@group-5D7CDD87D354-SegmentedRaftLogWorker: created new log segment /data/metadata/ratis/4188df67-50db-4b1d-a89f-5d7cdd87d354/current/log_inprogress_0
om_1        | 2023-02-03 02:06:29,615 [Listener at om/9862] INFO server.Server: Started @35620ms
recon_1     | 	at java.base/java.security.AccessController.doPrivileged(Native Method)
recon_1     | 	at java.base/javax.security.auth.Subject.doAs(Subject.java:423)
datanode_5  | 2023-02-03 02:06:09,346 [e2356bf3-2733-48cc-82a5-ce087d1c8052@group-B6EE6F4B2E5D-LeaderElection1] INFO impl.RoleInfo: e2356bf3-2733-48cc-82a5-ce087d1c8052: start e2356bf3-2733-48cc-82a5-ce087d1c8052@group-B6EE6F4B2E5D-LeaderStateImpl
datanode_4  | 2023-02-03 02:06:17,396 [06955a0f-ea60-4a54-8f8c-679f734c9228@group-5D7CDD87D354-LeaderElection1] INFO server.RaftServer$Division: 06955a0f-ea60-4a54-8f8c-679f734c9228@group-5D7CDD87D354: set configuration 0: peers:[06955a0f-ea60-4a54-8f8c-679f734c9228|rpc:172.18.0.7:9856|admin:172.18.0.7:9857|client:172.18.0.7:9858|dataStream:172.18.0.7:9858|priority:1|startupRole:FOLLOWER]|listeners:[], old=null
om_1        | 2023-02-03 02:06:29,628 [Listener at om/9862] INFO impl.MetricsSinkAdapter: Sink prometheus started
recon_1     | 	at org.apache.hadoop.security.UserGroupInformation.doAs(UserGroupInformation.java:1878)
datanode_4  | 2023-02-03 02:06:17,587 [grpc-default-executor-0] INFO server.GrpcServerProtocolService: 06955a0f-ea60-4a54-8f8c-679f734c9228: Completed APPEND_ENTRIES, lastRequest: null
scm_1       | 2023-02-03 02:05:42,067 [main] WARN ha.SCMHAUtils: SCM snapshot dir is not configured. Falling back to ozone.metadata.dirs config
datanode_5  | 2023-02-03 02:06:09,353 [pool-22-thread-1] INFO server.RaftServerConfigKeys: raft.server.log.queue.element-limit = 1024 (custom)
recon_1     | 	at org.apache.hadoop.ipc.Server$Handler.run(Server.java:2976)
om_1        | 2023-02-03 02:06:29,628 [Listener at om/9862] INFO impl.MetricsSystemImpl: Registered sink prometheus
datanode_4  | 2023-02-03 02:06:17,664 [grpc-default-executor-0] INFO server.RaftServer$Division: 06955a0f-ea60-4a54-8f8c-679f734c9228@group-B6EE6F4B2E5D: receive requestVote(ELECTION, d096f7c9-2b0c-4dd3-b951-ac4670b832ef, group-B6EE6F4B2E5D, 2, (t:1, i:0))
scm_1       | 2023-02-03 02:05:42,123 [main] INFO upgrade.AbstractLayoutVersionManager: Initializing Layout version manager with metadata layout = DATANODE_SCHEMA_V3 (version = 4), software layout = DATANODE_SCHEMA_V3 (version = 4)
datanode_5  | 2023-02-03 02:06:09,354 [pool-22-thread-1] INFO server.RaftServerConfigKeys: raft.server.log.segment.size.max = 1048576 (custom)
datanode_5  | 2023-02-03 02:06:09,355 [pool-22-thread-1] INFO server.RaftServerConfigKeys: raft.server.log.preallocated.size = 16384 (custom)
om_1        | 2023-02-03 02:06:29,633 [Listener at om/9862] INFO http.BaseHttpServer: HTTP server of ozoneManager listening at http://0.0.0.0:9874
datanode_4  | 2023-02-03 02:06:17,664 [grpc-default-executor-0] INFO impl.VoteContext: 06955a0f-ea60-4a54-8f8c-679f734c9228@group-B6EE6F4B2E5D-FOLLOWER: accept ELECTION from d096f7c9-2b0c-4dd3-b951-ac4670b832ef: our priority 0 <= candidate's priority 1
recon_1     | 2023-02-03 02:05:57,050 [IPC Server handler 8 on default port 9891] WARN ipc.Server: IPC Server handler 8 on default port 9891, call Call#0 Retry#0 org.apache.hadoop.ozone.protocol.ReconDatanodeProtocol.submitRequest from 172.18.0.10:35066: output error
scm_1       | 2023-02-03 02:05:42,566 [main] 