datanode_5  | 2023-02-03 02:06:08,795 [e2356bf3-2733-48cc-82a5-ce087d1c8052@group-B6EE6F4B2E5D-LeaderElection1] INFO server.RaftServer$Division: e2356bf3-2733-48cc-82a5-ce087d1c8052@group-B6EE6F4B2E5D: change Leader from null to e2356bf3-2733-48cc-82a5-ce087d1c8052 at term 1 for becomeLeader, leader elected after 9244ms
datanode_4  | 2023-02-03 02:06:11,537 [pool-22-thread-1] INFO server.RaftServerConfigKeys: raft.server.storage.dir = [/data/metadata/ratis] (custom)
datanode_4  | 2023-02-03 02:06:11,540 [pool-22-thread-1] INFO server.RaftServerConfigKeys: raft.server.log.corruption.policy = EXCEPTION (default)
om_1        | 2023-02-03 02:06:22,395 [pool-28-thread-1] INFO server.RaftServer$Division: om1@group-C5BA1605619E: ConfigurationManager, init=-1: peers:[om1|rpc:om:9872|priority:0|startupRole:FOLLOWER]|listeners:[], old=null, confs=<EMPTY_MAP>
om_1        | 2023-02-03 02:06:22,401 [pool-28-thread-1] INFO server.RaftServerConfigKeys: raft.server.storage.dir = [/data/metadata/ratis] (custom)
datanode_5  | 2023-02-03 02:06:08,824 [e2356bf3-2733-48cc-82a5-ce087d1c8052@group-B6EE6F4B2E5D-LeaderElection1] INFO server.RaftServerConfigKeys: raft.server.staging.catchup.gap = 1000 (default)
scm_1       | 2023-02-03 02:05:37,208 [main] INFO server.StorageContainerManagerStarter: STARTUP_MSG: 
scm_1       | /************************************************************
datanode_5  | 2023-02-03 02:06:08,855 [e2356bf3-2733-48cc-82a5-ce087d1c8052@group-B6EE6F4B2E5D-LeaderElection1] INFO server.RaftServerConfigKeys: raft.server.write.element-limit = 1024 (custom)
recon_1     | java.nio.channels.ClosedChannelException
datanode_4  | 2023-02-03 02:06:11,540 [pool-22-thread-1] INFO server.RaftServerConfigKeys: raft.server.storage.free-space.min = 0MB (=0) (default)
om_1        | 2023-02-03 02:06:22,461 [pool-28-thread-1] INFO server.RaftServerConfigKeys: raft.server.log.corruption.policy = EXCEPTION (default)
datanode_5  | 2023-02-03 02:06:08,866 [e2356bf3-2733-48cc-82a5-ce087d1c8052@group-B6EE6F4B2E5D-LeaderElection1] INFO server.RaftServerConfigKeys: raft.server.write.byte-limit = 1024 M (=1073741824) (custom)
datanode_5  | 2023-02-03 02:06:08,875 [e2356bf3-2733-48cc-82a5-ce087d1c8052@group-B6EE6F4B2E5D-LeaderElection1] INFO server.RaftServerConfigKeys: raft.server.watch.timeout = 180s (custom)
datanode_4  | 2023-02-03 02:06:11,540 [pool-22-thread-1] INFO server.RaftServerConfigKeys: raft.server.notification.no-leader.timeout = 300s (custom)
om_1        | 2023-02-03 02:06:22,463 [pool-28-thread-1] INFO server.RaftServerConfigKeys: raft.server.storage.free-space.min = 0MB (=0) (default)
datanode_5  | 2023-02-03 02:06:08,887 [e2356bf3-2733-48cc-82a5-ce087d1c8052@group-B6EE6F4B2E5D-LeaderElection1] INFO server.RaftServerConfigKeys: raft.server.watch.timeout.denomination = 1s (default)
datanode_5  | 2023-02-03 02:06:08,889 [e2356bf3-2733-48cc-82a5-ce087d1c8052@group-B6EE6F4B2E5D-LeaderElection1] INFO server.RaftServerConfigKeys: raft.server.watch.element-limit = 65536 (default)
scm_1       | STARTUP_MSG: Starting StorageContainerManager
recon_1     | 	at java.base/sun.nio.ch.SocketChannelImpl.ensureOpenAndConnected(SocketChannelImpl.java:180)
datanode_4  | 2023-02-03 02:06:11,540 [pool-22-thread-1] INFO server.RaftServerConfigKeys: raft.server.retrycache.expirytime = 600000ms (custom)
datanode_4  | 2023-02-03 02:06:11,541 [pool-22-thread-1] INFO server.RaftServerConfigKeys: raft.server.retrycache.statistics.expirytime = 100?s (default)
scm_1       | STARTUP_MSG:   host = 10e152ac716f/172.18.0.3
om_1        | 2023-02-03 02:06:22,557 [pool-28-thread-1] INFO server.RaftServerConfigKeys: raft.server.notification.no-leader.timeout = 120s (custom)
scm_1       | STARTUP_MSG:   args = []
scm_1       | STARTUP_MSG:   version = 1.4.0-SNAPSHOT
datanode_4  | 2023-02-03 02:06:11,562 [pool-22-thread-1] INFO server.RaftServerConfigKeys: raft.server.log.appender.install.snapshot.enabled = false (custom)
recon_1     | 	at java.base/sun.nio.ch.SocketChannelImpl.write(SocketChannelImpl.java:452)
om_1        | 2023-02-03 02:06:22,581 [pool-28-thread-1] INFO server.RaftServerConfigKeys: raft.server.retrycache.expirytime = 300s (custom)
scm_1       | STARTUP_MSG:   classpath = /etc/hadoop:/opt/hadoop/share/ozone/lib/kerb-simplekdc-1.0.1.jar:/opt/hadoop/share/ozone/lib/slf4j-reload4j-1.7.36.jar:/opt/hadoop/share/ozone/lib/netty-resolver-4.1.86.Final.jar:/opt/hadoop/share/ozone/lib/protobuf-java-2.5.0.jar:/opt/hadoop/share/ozone/lib/jaxb-core-2.3.0.1.jar:/opt/hadoop/share/ozone/lib/istack-commons-runtime-3.0.5.jar:/opt/hadoop/share/ozone/lib/commons-validator-1.6.jar:/opt/hadoop/share/ozone/lib/hdds-erasurecode-1.4.0-SNAPSHOT.jar:/opt/hadoop/share/ozone/lib/hdds-hadoop-dependency-server-1.4.0-SNAPSHOT.jar:/opt/hadoop/share/ozone/lib/bcpkix-jdk15on-1.67.jar:/opt/hadoop/share/ozone/lib/netty-codec-4.1.86.Final.jar:/opt/hadoop/share/ozone/lib/commons-net-3.9.0.jar:/opt/hadoop/share/ozone/lib/kerb-core-1.0.1.jar:/opt/hadoop/share/ozone/lib/hadoop-shaded-protobuf_3_7-1.1.1.jar:/opt/hadoop/share/ozone/lib/jsr305-3.0.0.jar:/opt/hadoop/share/ozone/lib/j2objc-annotations-1.3.jar:/opt/hadoop/share/ozone/lib/jetty-webapp-9.4.49.v20220914.jar:/opt/hadoop/share/ozone/lib/picocli-4.6.1.jar:/opt/hadoop/share/ozone/lib/javassist-3.21.0-GA.jar:/opt/hadoop/share/ozone/lib/jaxb-api-2.3.0.jar:/opt/hadoop/share/ozone/lib/hdds-interface-admin-1.4.0-SNAPSHOT.jar:/opt/hadoop/share/ozone/lib/commons-codec-1.15.jar:/opt/hadoop/share/ozone/lib/kerb-util-1.0.1.jar:/opt/hadoop/share/ozone/lib/hadoop-shaded-guava-1.1.1.jar:/opt/hadoop/share/ozone/lib/kotlin-stdlib-1.6.21.jar:/opt/hadoop/share/ozone/lib/log4j-core-2.17.1.jar:/opt/hadoop/share/ozone/lib/commons-logging-1.2.jar:/opt/hadoop/share/ozone/lib/ratis-thirdparty-misc-1.0.3.jar:/opt/hadoop/share/ozone/lib/jetty-security-9.4.49.v20220914.jar:/opt/hadoop/share/ozone/lib/accessors-smart-2.4.7.jar:/opt/hadoop/share/ozone/lib/kerby-xdr-1.0.1.jar:/opt/hadoop/share/ozone/lib/txw2-2.3.0.1.jar:/opt/hadoop/share/ozone/lib/httpcore-4.4.13.jar:/opt/hadoop/share/ozone/lib/hdds-container-service-1.4.0-SNAPSHOT.jar:/opt/hadoop/share/ozone/lib/guava-31.1-jre.jar:/opt/hadoop/share/ozone/lib/opentracing-tracerresolver-0.1.8.jar:/opt/hadoop/share/ozone/lib/ratis-grpc-2.4.2-8b8bdda-SNAPSHOT.jar:/opt/hadoop/share/ozone/lib/hadoop-auth-3.3.4.jar:/opt/hadoop/share/ozone/lib/libthrift-0.14.1.jar:/opt/hadoop/share/ozone/lib/stax-ex-1.7.8.jar:/opt/hadoop/share/ozone/lib/error_prone_annotations-2.2.0.jar:/opt/hadoop/share/ozone/lib/hdds-hadoop-dependency-client-1.4.0-SNAPSHOT.jar:/opt/hadoop/share/ozone/lib/zstd-jni-1.5.2-5.jar:/opt/hadoop/share/ozone/lib/httpclient-4.5.13.jar:/opt/hadoop/share/ozone/lib/hamcrest-2.1.jar:/opt/hadoop/share/ozone/lib/ratis-proto-2.4.2-8b8bdda-SNAPSHOT.jar:/opt/hadoop/share/ozone/lib/jaeger-client-1.6.0.jar:/opt/hadoop/share/ozone/lib/kerby-config-1.0.1.jar:/opt/hadoop/share/ozone/lib/jackson-annotations-2.13.4.jar:/opt/hadoop/share/ozone/lib/commons-io-2.11.0.jar:/opt/hadoop/share/ozone/lib/metrics-core-3.2.4.jar:/opt/hadoop/share/ozone/lib/hadoop-annotations-3.3.4.jar:/opt/hadoop/share/ozone/lib/kerby-pkix-1.0.1.jar:/opt/hadoop/share/ozone/lib/netty-buffer-4.1.86.Final.jar:/opt/hadoop/share/ozone/lib/jetty-util-9.4.49.v20220914.jar:/opt/hadoop/share/ozone/lib/json-smart-2.4.7.jar:/opt/hadoop/share/ozone/lib/jetty-io-9.4.49.v20220914.jar:/opt/hadoop/share/ozone/lib/jsr311-api-1.1.1.jar:/opt/hadoop/share/ozone/lib/jetty-server-9.4.49.v20220914.jar:/opt/hadoop/share/ozone/lib/commons-beanutils-1.9.4.jar:/opt/hadoop/share/ozone/lib/javax.servlet-api-3.1.0.jar:/opt/hadoop/share/ozone/lib/kerb-server-1.0.1.jar:/opt/hadoop/share/ozone/lib/kerb-client-1.0.1.jar:/opt/hadoop/share/ozone/lib/awaitility-4.2.0.jar:/opt/hadoop/share/ozone/lib/jetty-xml-9.4.49.v20220914.jar:/opt/hadoop/share/ozone/lib/hadoop-common-3.3.4.jar:/opt/hadoop/share/ozone/lib/disruptor-3.4.2.jar:/opt/hadoop/share/ozone/lib/reflections-0.9.11.jar:/opt/hadoop/share/ozone/lib/gson-2.9.0.jar:/opt/hadoop/share/ozone/lib/snakeyaml-1.33.jar:/opt/hadoop/share/ozone/lib/nimbus-jose-jwt-9.8.1.jar:/opt/hadoop/share/ozone/lib/rocksdb-checkpoint-differ-1.4.0-SNAPSHOT.jar:/opt/hadoop/share/ozone/lib/hdds-client-1.4.0-SNAPSHOT.jar:/opt/hadoop/share/ozone/lib/ratis-common-2.4.2-8b8bdda-SNAPSHOT.jar:/opt/hadoop/share/ozone/lib/annotations-13.0.jar:/opt/hadoop/share/ozone/lib/simpleclient_common-0.7.0.jar:/opt/hadoop/share/ozone/lib/jaeger-thrift-1.6.0.jar:/opt/hadoop/share/ozone/lib/dnsjava-2.1.7.jar:/opt/hadoop/share/ozone/lib/rocksdbjni-7.7.3.jar:/opt/hadoop/share/ozone/lib/bcprov-jdk15on-1.67.jar:/opt/hadoop/share/ozone/lib/commons-configuration2-2.1.1.jar:/opt/hadoop/share/ozone/lib/token-provider-1.0.1.jar:/opt/hadoop/share/ozone/lib/commons-daemon-1.0.13.jar:/opt/hadoop/share/ozone/lib/listenablefuture-9999.0-empty-to-avoid-conflict-with-guava.jar:/opt/hadoop/share/ozone/lib/jaeger-tracerresolver-1.6.0.jar:/opt/hadoop/share/ozone/lib/slf4j-api-1.7.36.jar:/opt/hadoop/share/ozone/lib/commons-lang3-3.7.jar:/opt/hadoop/share/ozone/lib/re2j-1.1.jar:/opt/hadoop/share/ozone/lib/jackson-datatype-jsr310-2.13.4.jar:/opt/hadoop/share/ozone/lib/netty-transport-native-unix-common-4.1.86.Final.jar:/opt/hadoop/share/ozone/lib/simpleclient_dropwizard-0.7.0.jar:/opt/hadoop/share/ozone/lib/netty-transport-4.1.86.Final.jar:/opt/hadoop/share/ozone/lib/simpleclient-0.7.0.jar:/opt/hadoop/share/ozone/lib/ratis-metrics-2.4.2-8b8bdda-SNAPSHOT.jar:/opt/hadoop/share/ozone/lib/jakarta.activation-api-1.2.2.jar:/opt/hadoop/share/ozone/lib/asm-5.0.4.jar:/opt/hadoop/share/ozone/lib/netty-handler-4.1.86.Final.jar:/opt/hadoop/share/ozone/lib/kerby-util-1.0.1.jar:/opt/hadoop/share/ozone/lib/failureaccess-1.0.1.jar:/opt/hadoop/share/ozone/lib/jackson-databind-2.13.4.2.jar:/opt/hadoop/share/ozone/lib/okio-2.8.0.jar:/opt/hadoop/share/ozone/lib/jetty-servlet-9.4.49.v20220914.jar:/opt/hadoop/share/ozone/lib/jsp-api-2.1.jar:/opt/hadoop/share/ozone/lib/jsch-0.1.54.jar:/opt/hadoop/share/ozone/lib/reload4j-1.2.22.jar:/opt/hadoop/share/ozone/lib/woodstox-core-5.4.0.jar:/opt/hadoop/share/ozone/lib/commons-pool2-2.6.0.jar:/opt/hadoop/share/ozone/lib/opentracing-api-0.33.0.jar:/opt/hadoop/share/ozone/lib/jcip-annotations-1.0-1.jar:/opt/hadoop/share/ozone/lib/kerb-admin-1.0.1.jar:/opt/hadoop/share/ozone/lib/jetty-util-ajax-9.4.49.v20220914.jar:/opt/hadoop/share/ozone/lib/opentracing-noop-0.33.0.jar:/opt/hadoop/share/ozone/lib/hadoop-hdfs-client-3.3.4.jar:/opt/hadoop/share/ozone/lib/kotlin-stdlib-common-1.6.21.jar:/opt/hadoop/share/ozone/lib/jersey-core-1.19.jar:/opt/hadoop/share/ozone/lib/commons-compress-1.21.jar:/opt/hadoop/share/ozone/lib/jaxb-runtime-2.3.0.1.jar:/opt/hadoop/share/ozone/lib/hadoop-hdfs-3.3.4.jar:/opt/hadoop/share/ozone/lib/jackson-core-2.13.4.jar:/opt/hadoop/share/ozone/lib/hdds-annotation-processing-1.4.0-SNAPSHOT.jar:/opt/hadoop/share/ozone/lib/opentracing-util-0.33.0.jar:/opt/hadoop/share/ozone/lib/stax2-api-4.2.1.jar:/opt/hadoop/share/ozone/lib/netty-common-4.1.86.Final.jar:/opt/hadoop/share/ozone/lib/snappy-java-1.1.8.2.jar:/opt/hadoop/share/ozone/lib/ratis-netty-2.4.2-8b8bdda-SNAPSHOT.jar:/opt/hadoop/share/ozone/lib/hdds-config-1.4.0-SNAPSHOT.jar:/opt/hadoop/share/ozone/lib/commons-cli-1.2.jar:/opt/hadoop/share/ozone/lib/log4j-api-2.17.1.jar:/opt/hadoop/share/ozone/lib/javax.annotation-api-1.2.jar:/opt/hadoop/share/ozone/lib/ratis-server-api-2.4.2-8b8bdda-SNAPSHOT.jar:/opt/hadoop/share/ozone/lib/hdds-interface-client-1.4.0-SNAPSHOT.jar:/opt/hadoop/share/ozone/lib/kerby-asn1-1.0.1.jar:/opt/hadoop/share/ozone/lib/okhttp-4.9.3.jar:/opt/hadoop/share/ozone/lib/checker-qual-3.12.0.jar:/opt/hadoop/share/ozone/lib/hdds-interface-server-1.4.0-SNAPSHOT.jar:/opt/hadoop/share/ozone/lib/hdds-common-1.4.0-SNAPSHOT.jar:/opt/hadoop/share/ozone/lib/commons-digester-1.8.1.jar:/opt/hadoop/share/ozone/lib/commons-collections-3.2.2.jar:/opt/hadoop/share/ozone/lib/jaeger-core-1.6.0.jar:/opt/hadoop/share/ozone/lib/ratis-client-2.4.2-8b8bdda-SNAPSHOT.jar:/opt/hadoop/share/ozone/lib/commons-text-1.4.jar:/opt/hadoop/share/ozone/lib/jersey-servlet-1.19.jar:/opt/hadoop/share/ozone/lib/ratis-server-2.4.2-8b8bdda-SNAPSHOT.jar:/opt/hadoop/share/ozone/lib/jetty-http-9.4.49.v20220914.jar:/opt/hadoop/share/ozone/lib/kerb-identity-1.0.1.jar:/opt/hadoop/share/ozone/lib/FastInfoset-1.2.13.jar:/opt/hadoop/share/ozone/lib/kerb-common-1.0.1.jar:/opt/hadoop/share/ozone/lib/hdds-server-framework-1.4.0-SNAPSHOT.jar:/opt/hadoop/share/ozone/lib/jersey-server-1.19.jar:/opt/hadoop/share/ozone/lib/kerb-crypto-1.0.1.jar:/opt/hadoop/share/ozone/web:/opt/hadoop/share/ozone/lib/hdds-server-scm-1.4.0-SNAPSHOT.jar
scm_1       | STARTUP_MSG:   build = https://github.com/apache/ozone/fd32156178e8148c0daee39e90f15ed4167fbc6b ; compiled by 'runner' on 2023-02-03T01:47Z
scm_1       | STARTUP_MSG:   java = 11.0.14.1
recon_1     | 	at org.apache.hadoop.ipc.Server.channelWrite(Server.java:3619)
om_1        | 2023-02-03 02:06:22,582 [pool-28-thread-1] INFO server.RaftServerConfigKeys: raft.server.retrycache.statistics.expirytime = 100?s (default)
om_1        | 2023-02-03 02:06:23,074 [pool-28-thread-1] INFO server.RaftServerConfigKeys: raft.server.log.appender.install.snapshot.enabled = false (custom)
datanode_5  | 2023-02-03 02:06:08,937 [e2356bf3-2733-48cc-82a5-ce087d1c8052@group-B6EE6F4B2E5D-LeaderElection1] INFO server.RaftServerConfigKeys: raft.server.write.element-limit = 1024 (custom)
recon_1     | 	at org.apache.hadoop.ipc.Server.access$1700(Server.java:144)
om_1        | 2023-02-03 02:06:23,080 [pool-28-thread-1] INFO server.RaftServerConfigKeys: raft.server.threadpool.server.cached = true (default)
om_1        | 2023-02-03 02:06:23,081 [pool-28-thread-1] INFO server.RaftServerConfigKeys: raft.server.threadpool.server.size = 0 (default)
datanode_5  | 2023-02-03 02:06:08,961 [e2356bf3-2733-48cc-82a5-ce087d1c8052@group-B6EE6F4B2E5D-LeaderElection1] INFO server.RaftServerConfigKeys: raft.server.write.follower.gap.ratio.max = -1.0 (default)
recon_1     | 	at org.apache.hadoop.ipc.Server$Responder.processResponse(Server.java:1672)
scm_1       | ************************************************************/
datanode_5  | 2023-02-03 02:06:09,188 [e2356bf3-2733-48cc-82a5-ce087d1c8052@group-B6EE6F4B2E5D-LeaderElection1] INFO server.RaftServerConfigKeys: raft.server.log.appender.snapshot.chunk.size.max = 16MB (=16777216) (default)
recon_1     | 	at org.apache.hadoop.ipc.Server$Responder.doRespond(Server.java:1742)
recon_1     | 	at org.apache.hadoop.ipc.Server$Connection.sendResponse(Server.java:2847)
datanode_4  | 2023-02-03 02:06:11,564 [06955a0f-ea60-4a54-8f8c-679f734c9228@group-B6EE6F4B2E5D-SegmentedRaftLogWorker] INFO segmented.SegmentedRaftLogWorker: 06955a0f-ea60-4a54-8f8c-679f734c9228@group-B6EE6F4B2E5D-SegmentedRaftLogWorker: created new log segment /data/metadata/ratis/8034f890-88d3-4b69-a5d2-b6ee6f4b2e5d/current/log_inprogress_0
datanode_4  | 2023-02-03 02:06:11,570 [pool-22-thread-1] INFO server.RaftServerConfigKeys: raft.server.threadpool.server.cached = true (default)
scm_1       | 2023-02-03 02:05:37,238 [main] INFO server.StorageContainerManagerStarter: registered UNIX signal handlers for [TERM, HUP, INT]
datanode_5  | 2023-02-03 02:06:09,191 [e2356bf3-2733-48cc-82a5-ce087d1c8052@group-B6EE6F4B2E5D-LeaderElection1] INFO server.RaftServerConfigKeys: raft.server.log.appender.buffer.byte-limit = 33554432 (custom)
om_1        | 2023-02-03 02:06:23,084 [pool-28-thread-1] INFO server.RaftServerConfigKeys: raft.server.threadpool.client.cached = true (default)
om_1        | 2023-02-03 02:06:23,087 [pool-28-thread-1] INFO server.RaftServerConfigKeys: raft.server.threadpool.client.size = 0 (default)
datanode_4  | 2023-02-03 02:06:11,571 [pool-22-thread-1] INFO server.RaftServerConfigKeys: raft.server.threadpool.server.size = 0 (default)
datanode_4  | 2023-02-03 02:06:11,571 [pool-22-thread-1] INFO server.RaftServerConfigKeys: raft.server.threadpool.client.cached = true (default)
scm_1       | 2023-02-03 02:05:37,601 [main] WARN server.ServerUtils: ozone.scm.db.dirs is not configured. We recommend adding this setting. Falling back to ozone.metadata.dirs instead.
datanode_5  | 2023-02-03 02:06:09,192 [e2356bf3-2733-48cc-82a5-ce087d1c8052@group-B6EE6F4B2E5D-LeaderElection1] INFO server.RaftServerConfigKeys: raft.server.log.appender.buffer.element-limit = 1 (custom)
om_1        | 2023-02-03 02:06:24,436 [main] INFO reflections.Reflections: Reflections took 1781 ms to scan 8 urls, producing 24 keys and 567 values [using 2 cores]
om_1        | 2023-02-03 02:06:25,425 [main] INFO ipc.CallQueueManager: Using callQueue: class java.util.concurrent.LinkedBlockingQueue, queueCapacity: 10000, scheduler: class org.apache.hadoop.ipc.DefaultRpcScheduler, ipcBackoff: false.
datanode_4  | 2023-02-03 02:06:11,575 [pool-22-thread-1] INFO server.RaftServerConfigKeys: raft.server.threadpool.client.size = 0 (default)
scm_1       | 2023-02-03 02:05:37,699 [main] INFO ha.SCMHANodeDetails: ServiceID for StorageContainerManager is null
datanode_5  | 2023-02-03 02:06:09,209 [Command processor thread] INFO commandhandler.CreatePipelineCommandHandler: Created Pipeline RATIS THREE PipelineID=8034f890-88d3-4b69-a5d2-b6ee6f4b2e5d.
om_1        | 2023-02-03 02:06:25,464 [Socket Reader #1 for port 9862] INFO ipc.Server: Starting Socket Reader #1 for port 9862
recon_1     | 	at org.apache.hadoop.ipc.Server$Connection.access$300(Server.java:1814)
datanode_4  | 2023-02-03 02:06:11,575 [pool-22-thread-1] INFO storage.RaftStorageDirectory: The storage directory /data/metadata/ratis/4188df67-50db-4b1d-a89f-5d7cdd87d354 does not exist. Creating ...
scm_1       | 2023-02-03 02:05:37,732 [main] INFO ha.SCMHANodeDetails: ozone.scm.default.service.id is not defined, falling back to ozone.scm.service.ids to find serviceID for StorageContainerManager if it is HA enabled cluster
om_1        | 2023-02-03 02:06:27,163 [Listener at om/9862] INFO impl.MetricsConfig: Loaded properties from hadoop-metrics2.properties
om_1        | 2023-02-03 02:06:27,209 [Listener at om/9862] INFO impl.MetricsSystemImpl: Scheduled Metric snapshot period at 10 second(s).
datanode_4  | 2023-02-03 02:06:11,588 [pool-22-thread-1] INFO storage.RaftStorageDirectory: Lock on /data/metadata/ratis/4188df67-50db-4b1d-a89f-5d7cdd87d354/in_use.lock acquired by nodename 7@17b9eea8ad18
scm_1       | 2023-02-03 02:05:39,073 [main] WARN utils.HAUtils: ozone.scm.db.dirs is not configured. We recommend adding this setting. Falling back to ozone.metadata.dirs instead.
om_1        | 2023-02-03 02:06:27,209 [Listener at om/9862] INFO impl.MetricsSystemImpl: OzoneManager metrics system started
recon_1     | 	at org.apache.hadoop.ipc.Server$RpcCall.doResponse(Server.java:1125)
datanode_4  | 2023-02-03 02:06:11,596 [pool-22-thread-1] INFO storage.RaftStorage: Storage directory /data/metadata/ratis/4188df67-50db-4b1d-a89f-5d7cdd87d354 has been successfully formatted.
scm_1       | 2023-02-03 02:05:39,522 [main] WARN db.DBStoreBuilder: ozone.scm.db.dirs is not configured. We recommend adding this setting. Falling back to ozone.metadata.dirs instead.
recon_1     | 	at org.apache.hadoop.ipc.Server$Call.doResponse(Server.java:917)
scm_1       | 2023-02-03 02:05:40,158 [main] INFO net.NodeSchemaLoader: Loading schema from [file:/etc/hadoop/network-topology-default.xml, jar:file:/opt/hadoop/share/ozone/lib/hdds-common-1.4.0-SNAPSHOT.jar!/network-topology-default.xml]
datanode_4  | 2023-02-03 02:06:11,621 [pool-22-thread-1] INFO ratis.ContainerStateMachine: group-5D7CDD87D354: The snapshot info is null. Setting the last applied indexto:(t:0, i:~)
datanode_4  | 2023-02-03 02:06:11,621 [pool-22-thread-1] INFO server.RaftServerConfigKeys: raft.server.log.use.memory = false (default)
om_1        | 2023-02-03 02:06:27,410 [Listener at om/9862] INFO om.OzoneManager: OzoneManager RPC server is listening at om/172.18.0.8:9862
datanode_5  | 2023-02-03 02:06:09,209 [Command processor thread] INFO server.RaftServer: e2356bf3-2733-48cc-82a5-ce087d1c8052: addNew group-348377654355:[e2356bf3-2733-48cc-82a5-ce087d1c8052|rpc:172.18.0.5:9856|admin:172.18.0.5:9857|client:172.18.0.5:9858|dataStream:172.18.0.5:9858|priority:1|startupRole:FOLLOWER] returns group-348377654355:java.util.concurrent.CompletableFuture@30421cb[Not completed]
recon_1     | 	at org.apache.hadoop.ipc.Server$Call.sendResponse(Server.java:903)
recon_1     | 	at org.apache.hadoop.ipc.Server$RpcCall.run(Server.java:1060)
datanode_4  | 2023-02-03 02:06:11,622 [pool-22-thread-1] INFO server.RaftServerConfigKeys: raft.server.log.purge.gap = 1000000 (custom)
om_1        | 2023-02-03 02:06:27,410 [Listener at om/9862] INFO ratis.OzoneManagerRatisServer: Starting OzoneManagerRatisServer om1 at port 9872
datanode_5  | 2023-02-03 02:06:09,222 [pool-22-thread-1] INFO server.RaftServer$Division: e2356bf3-2733-48cc-82a5-ce087d1c8052: new RaftServerImpl for group-348377654355:[e2356bf3-2733-48cc-82a5-ce087d1c8052|rpc:172.18.0.5:9856|admin:172.18.0.5:9857|client:172.18.0.5:9858|dataStream:172.18.0.5:9858|priority:1|startupRole:FOLLOWER] with ContainerStateMachine:uninitialized
datanode_4  | 2023-02-03 02:06:11,623 [pool-22-thread-1] INFO server.RaftServerConfigKeys: raft.server.log.appender.buffer.byte-limit = 33554432 (custom)
om_1        | 2023-02-03 02:06:27,416 [om1-impl-thread1] INFO storage.RaftStorageDirectory: The storage directory /data/metadata/ratis/bf265839-605b-3f16-9796-c5ba1605619e does not exist. Creating ...
datanode_5  | 2023-02-03 02:06:09,224 [pool-22-thread-1] INFO server.RaftServerConfigKeys: raft.server.rpc.timeout.min = 5s (custom)
scm_1       | 2023-02-03 02:05:40,165 [main] INFO net.NodeSchemaLoader: Loading network topology layer schema file
scm_1       | 2023-02-03 02:05:40,407 [main] INFO metrics.MetricRegistries: Loaded MetricRegistries class org.apache.ratis.metrics.impl.MetricRegistriesImpl
datanode_4  | 2023-02-03 02:06:11,623 [pool-22-thread-1] INFO server.RaftServerConfigKeys: raft.server.log.statemachine.data.read.timeout = 1000ms (default)
om_1        | 2023-02-03 02:06:27,431 [om1-impl-thread1] INFO storage.RaftStorageDirectory: Lock on /data/metadata/ratis/bf265839-605b-3f16-9796-c5ba1605619e/in_use.lock acquired by nodename 6@40acb3d1624e
datanode_5  | 2023-02-03 02:06:09,224 [pool-22-thread-1] INFO server.RaftServerConfigKeys: raft.server.rpc.timeout.max = 5200ms (custom)
scm_1       | 2023-02-03 02:05:40,465 [main] INFO ha.SCMRatisServerImpl: starting Raft server for scm:3109e1b5-78e2-4a84-9ae9-c956bc023bd3
recon_1     | 	at org.apache.hadoop.ipc.Server$RpcCall.run(Server.java:971)
datanode_4  | 2023-02-03 02:06:11,623 [pool-22-thread-1] INFO server.RaftServerConfigKeys: raft.server.log.purge.preservation.log.num = 0 (default)
datanode_4  | 2023-02-03 02:06:11,623 [pool-22-thread-1] INFO server.RaftServerConfigKeys: raft.server.log.segment.size.max = 1048576 (custom)
om_1        | 2023-02-03 02:06:27,449 [om1-impl-thread1] INFO storage.RaftStorage: Storage directory /data/metadata/ratis/bf265839-605b-3f16-9796-c5ba1605619e has been successfully formatted.
om_1        | 2023-02-03 02:06:27,454 [om1-impl-thread1] INFO server.RaftServerConfigKeys: raft.server.log.use.memory = false (default)
datanode_5  | 2023-02-03 02:06:09,224 [pool-22-thread-1] INFO server.RaftServerConfigKeys: raft.server.rpc.sleep.time = 25ms (default)
datanode_5  | 2023-02-03 02:06:09,225 [pool-22-thread-1] INFO server.RaftServerConfigKeys: raft.server.rpc.slowness.timeout = 300s (custom)
datanode_5  | 2023-02-03 02:06:09,226 [pool-22-thread-1] INFO server.RaftServerConfigKeys: raft.server.leaderelection.leader.step-down.wait-time = 10s (default)
om_1        | 2023-02-03 02:06:27,479 [om1-impl-thread1] INFO server.RaftServerConfigKeys: raft.server.log.purge.gap = 1000000 (custom)
datanode_4  | 2023-02-03 02:06:11,624 [pool-22-thread-1] INFO server.RaftServerConfigKeys: raft.server.log.segment.cache.num.max = 2 (custom)
datanode_5  | 2023-02-03 02:06:09,227 [pool-22-thread-1] INFO server.RaftServerConfigKeys: raft.server.sleep.deviation.threshold = 300ms (default)
recon_1     | 	at java.base/java.security.AccessController.doPrivileged(Native Method)
recon_1     | 	at java.base/javax.security.auth.Subject.doAs(Subject.java:423)
om_1        | 2023-02-03 02:06:27,480 [om1-impl-thread1] INFO server.RaftServerConfigKeys: raft.server.log.appender.buffer.byte-limit = 33554432 (custom)
datanode_4  | 2023-02-03 02:06:11,624 [pool-22-thread-1] INFO server.RaftServerConfigKeys: raft.server.log.segment.cache.size.max = 200MB (=209715200) (default)
datanode_5  | 2023-02-03 02:06:09,227 [pool-22-thread-1] INFO server.RaftServer$Division: e2356bf3-2733-48cc-82a5-ce087d1c8052@group-348377654355: ConfigurationManager, init=-1: peers:[e2356bf3-2733-48cc-82a5-ce087d1c8052|rpc:172.18.0.5:9856|admin:172.18.0.5:9857|client:172.18.0.5:9858|dataStream:172.18.0.5:9858|priority:1|startupRole:FOLLOWER]|listeners:[], old=null, confs=<EMPTY_MAP>
scm_1       | 2023-02-03 02:05:40,723 [main] INFO server.RaftServer: raft.rpc.type = GRPC (default)
scm_1       | 2023-02-03 02:05:40,886 [main] INFO grpc.GrpcConfigKeys: raft.grpc.admin.host = null (fallback to raft.grpc.server.host)
om_1        | 2023-02-03 02:06:27,488 [om1-impl-thread1] INFO server.RaftServerConfigKeys: raft.server.log.statemachine.data.read.timeout = 1000ms (default)
om_1        | 2023-02-03 02:06:27,490 [om1-impl-thread1] INFO server.RaftServerConfigKeys: raft.server.log.purge.preservation.log.num = 0 (default)
datanode_5  | 2023-02-03 02:06:09,228 [pool-22-thread-1] INFO server.RaftServerConfigKeys: raft.server.storage.dir = [/data/metadata/ratis] (custom)
datanode_5  | 2023-02-03 02:06:09,229 [pool-22-thread-1] INFO server.RaftServerConfigKeys: raft.server.log.corruption.policy = EXCEPTION (default)
om_1        | 2023-02-03 02:06:27,504 [om1-impl-thread1] INFO server.RaftServerConfigKeys: raft.server.log.segment.size.max = 4194304 (custom)
om_1        | 2023-02-03 02:06:27,534 [om1-impl-thread1] INFO server.RaftServerConfigKeys: raft.server.log.segment.cache.num.max = 2 (custom)
scm_1       | 2023-02-03 02:05:40,888 [main] INFO grpc.GrpcConfigKeys: raft.grpc.admin.port = 9894 (fallback to raft.grpc.server.port)
datanode_5  | 2023-02-03 02:06:09,230 [pool-22-thread-1] INFO server.RaftServerConfigKeys: raft.server.storage.free-space.min = 0MB (=0) (default)
recon_1     | 	at org.apache.hadoop.security.UserGroupInformation.doAs(UserGroupInformation.java:1878)
om_1        | 2023-02-03 02:06:27,534 [om1-impl-thread1] INFO server.RaftServerConfigKeys: raft.server.log.segment.cache.size.max = 200MB (=209715200) (default)
om_1        | 2023-02-03 02:06:27,554 [om1-impl-thread1] INFO segmented.SegmentedRaftLogWorker: new om1@group-C5BA1605619E-SegmentedRaftLogWorker for RaftStorageImpl:Storage Directory /data/metadata/ratis/bf265839-605b-3f16-9796-c5ba1605619e
datanode_5  | 2023-02-03 02:06:09,232 [pool-22-thread-1] INFO server.RaftServerConfigKeys: raft.server.notification.no-leader.timeout = 300s (custom)
recon_1     | 	at org.apache.hadoop.ipc.Server$Handler.run(Server.java:2976)
datanode_4  | 2023-02-03 02:06:11,629 [pool-22-thread-1] INFO segmented.SegmentedRaftLogWorker: new 06955a0f-ea60-4a54-8f8c-679f734c9228@group-5D7CDD87D354-SegmentedRaftLogWorker for RaftStorageImpl:Storage Directory /data/metadata/ratis/4188df67-50db-4b1d-a89f-5d7cdd87d354
datanode_4  | 2023-02-03 02:06:11,630 [pool-22-thread-1] INFO server.RaftServerConfigKeys: raft.server.log.queue.byte-limit = 4294967296 (custom)
datanode_5  | 2023-02-03 02:06:09,233 [pool-22-thread-1] INFO server.RaftServerConfigKeys: raft.server.retrycache.expirytime = 600000ms (custom)
recon_1     | 2023-02-03 02:05:57,016 [IPC Server handler 14 on default port 9891] WARN ipc.Server: IPC Server handler 14 on default port 9891, call Call#2 Retry#0 org.apache.hadoop.ozone.protocol.ReconDatanodeProtocol.submitRequest from 172.18.0.10:35078: output error
datanode_4  | 2023-02-03 02:06:11,634 [pool-22-thread-1] INFO server.RaftServerConfigKeys: raft.server.log.queue.element-limit = 1024 (custom)
datanode_4  | 2023-02-03 02:06:11,638 [pool-22-thread-1] INFO server.RaftServerConfigKeys: raft.server.log.segment.size.max = 1048576 (custom)
om_1        | 2023-02-03 02:06:27,556 [om1-impl-thread1] INFO server.RaftServerConfigKeys: raft.server.log.queue.byte-limit = 64MB (=67108864) (default)
datanode_5  | 2023-02-03 02:06:09,233 [pool-22-thread-1] INFO server.RaftServerConfigKeys: raft.server.retrycache.statistics.expirytime = 100?s (default)
recon_1     | 2023-02-03 02:05:57,026 [IPC Server handler 14 on default port 9891] INFO ipc.Server: IPC Server handler 14 on default port 9891 caught an exception
datanode_4  | 2023-02-03 02:06:11,638 [pool-22-thread-1] INFO server.RaftServerConfigKeys: raft.server.log.preallocated.size = 16384 (custom)
om_1        | 2023-02-03 02:06:27,556 [om1-impl-thread1] INFO server.RaftServerConfigKeys: raft.server.log.queue.element-limit = 4096 (default)
datanode_5  | 2023-02-03 02:06:09,231 [e2356bf3-2733-48cc-82a5-ce087d1c8052@group-B6EE6F4B2E5D-LeaderElection1] INFO grpc.GrpcConfigKeys: raft.grpc.server.leader.outstanding.appends.max = 128 (default)
recon_1     | java.nio.channels.ClosedChannelException
datanode_4  | 2023-02-03 02:06:11,640 [pool-22-thread-1] INFO server.RaftServerConfigKeys: raft.server.log.force.sync.num = 128 (default)
scm_1       | 2023-02-03 02:05:40,893 [main] INFO grpc.GrpcConfigKeys: raft.grpc.client.host = null (fallback to raft.grpc.server.host)
om_1        | 2023-02-03 02:06:27,559 [om1-impl-thread1] INFO server.RaftServerConfigKeys: raft.server.log.segment.size.max = 4194304 (custom)
datanode_5  | 2023-02-03 02:06:09,236 [e2356bf3-2733-48cc-82a5-ce087d1c8052@group-B6EE6F4B2E5D-LeaderElection1] INFO server.RaftServerConfigKeys: raft.server.rpc.request.timeout = 60s (custom)
recon_1     | 	at java.base/sun.nio.ch.SocketChannelImpl.ensureOpenAndConnected(SocketChannelImpl.java:180)
datanode_4  | 2023-02-03 02:06:11,640 [pool-22-thread-1] INFO server.RaftServerConfigKeys: raft.server.log.statemachine.data.sync = true (default)
scm_1       | 2023-02-03 02:05:40,893 [main] INFO grpc.GrpcConfigKeys: raft.grpc.client.port = 9894 (fallback to raft.grpc.server.port)
om_1        | 2023-02-03 02:06:27,560 [om1-impl-thread1] INFO server.RaftServerConfigKeys: raft.server.log.preallocated.size = 4194304 (custom)
datanode_5  | 2023-02-03 02:06:09,236 [e2356bf3-2733-48cc-82a5-ce087d1c8052@group-B6EE6F4B2E5D-LeaderElection1] INFO server.RaftServerConfigKeys: raft.server.log.appender.install.snapshot.enabled = false (custom)
datanode_4  | 2023-02-03 02:06:11,641 [pool-22-thread-1] INFO server.RaftServerConfigKeys: raft.server.log.statemachine.data.sync.timeout = 10s (default)
scm_1       | 2023-02-03 02:05:40,897 [main] INFO grpc.GrpcConfigKeys: raft.grpc.server.host = null (default)
scm_1       | 2023-02-03 02:05:40,897 [main] INFO grpc.GrpcConfigKeys: raft.grpc.server.port = 9894 (custom)
datanode_5  | 2023-02-03 02:06:09,236 [e2356bf3-2733-48cc-82a5-ce087d1c8052@group-B6EE6F4B2E5D-LeaderElection1] INFO grpc.GrpcConfigKeys: raft.grpc.server.heartbeat.channel = true (default)
datanode_4  | 2023-02-03 02:06:11,641 [pool-22-thread-1] INFO server.RaftServerConfigKeys: raft.server.log.statemachine.data.sync.timeout.retry = -1 (default)
scm_1       | 2023-02-03 02:05:40,898 [main] INFO server.GrpcService: raft.grpc.message.size.max = 32m (=33554432) (custom)
om_1        | 2023-02-03 02:06:27,562 [om1-impl-thread1] INFO server.RaftServerConfigKeys: raft.server.log.force.sync.num = 128 (default)
datanode_4  | 2023-02-03 02:06:11,641 [pool-22-thread-1] INFO server.RaftServerConfigKeys: raft.server.log.write.buffer.size = 1048576 (custom)
scm_1       | 2023-02-03 02:05:40,904 [main] INFO server.RaftServerConfigKeys: raft.server.log.appender.buffer.byte-limit = 33554432 (custom)
om_1        | 2023-02-03 02:06:27,565 [om1-impl-thread1] INFO server.RaftServerConfigKeys: raft.server.log.statemachine.data.sync = true (default)
datanode_4  | 2023-02-03 02:06:11,670 [pool-22-thread-1] INFO server.RaftServerConfigKeys: raft.server.log.appender.buffer.byte-limit = 33554432 (custom)
recon_1     | 	at java.base/sun.nio.ch.SocketChannelImpl.write(SocketChannelImpl.java:452)
om_1        | 2023-02-03 02:06:27,566 [om1-impl-thread1] INFO server.RaftServerConfigKeys: raft.server.log.statemachine.data.sync.timeout = 10s (default)
datanode_5  | 2023-02-03 02:06:09,237 [e2356bf3-2733-48cc-82a5-ce087d1c8052@group-B6EE6F4B2E5D-LeaderElection1] INFO server.RaftServerConfigKeys: raft.server.log.appender.wait-time.min = 10ms (default)
datanode_4  | 2023-02-03 02:06:11,785 [pool-22-thread-1] INFO server.RaftServerConfigKeys: raft.server.log.unsafe-flush.enabled = false (default)
scm_1       | 2023-02-03 02:05:40,907 [main] INFO server.GrpcService: raft.grpc.flow.control.window = 1MB (=1048576) (default)
recon_1     | 	at org.apache.hadoop.ipc.Server.channelWrite(Server.java:3619)
om_1        | 2023-02-03 02:06:27,568 [om1-impl-thread1] INFO server.RaftServerConfigKeys: raft.server.log.statemachine.data.sync.timeout.retry = -1 (default)
datanode_5  | 2023-02-03 02:06:09,247 [pool-22-thread-1] INFO server.RaftServerConfigKeys: raft.server.log.appender.install.snapshot.enabled = false (custom)
datanode_4  | 2023-02-03 02:06:11,802 [pool-22-thread-1] INFO server.RaftServerConfigKeys: raft.server.log.async-flush.enabled = false (default)
scm_1       | 2023-02-03 02:05:40,908 [main] INFO server.RaftServerConfigKeys: raft.server.rpc.request.timeout = 30000ms (custom)
scm_1       | 2023-02-03 02:05:40,944 [main] INFO grpc.GrpcConfigKeys: raft.grpc.server.heartbeat.channel = true (default)
om_1        | 2023-02-03 02:06:27,600 [om1-impl-thread1] INFO server.RaftServerConfigKeys: raft.server.log.write.buffer.size = 64KB (=65536) (default)
datanode_5  | 2023-02-03 02:06:09,248 [pool-22-thread-1] INFO server.RaftServerConfigKeys: raft.server.threadpool.server.cached = true (default)
datanode_4  | 2023-02-03 02:06:11,802 [pool-22-thread-1] INFO server.RaftServerConfigKeys: raft.server.log.statemachine.data.caching.enabled = true (custom)
recon_1     | 	at org.apache.hadoop.ipc.Server.access$1700(Server.java:144)
scm_1       | 2023-02-03 02:05:40,955 [main] INFO grpc.GrpcConfigKeys: raft.grpc.server.async.request.thread.pool.cached = true (default)
scm_1       | 2023-02-03 02:05:40,955 [main] INFO grpc.GrpcConfigKeys: raft.grpc.server.async.request.thread.pool.size = 32 (default)
om_1        | 2023-02-03 02:06:27,601 [om1-impl-thread1] INFO server.RaftServerConfigKeys: raft.server.log.appender.buffer.byte-limit = 33554432 (custom)
datanode_4  | 2023-02-03 02:06:11,804 [pool-22-thread-1] INFO segmented.SegmentedRaftLogWorker: 06955a0f-ea60-4a54-8f8c-679f734c9228@group-5D7CDD87D354-SegmentedRaftLogWorker: flushIndex: setUnconditionally 0 -> -1
recon_1     | 	at org.apache.hadoop.ipc.Server$Responder.processResponse(Server.java:1672)
scm_1       | 2023-02-03 02:05:41,458 [main] INFO impl.DataStreamServerImpl: raft.datastream.type = DISABLED (default)
om_1        | 2023-02-03 02:06:27,634 [om1-impl-thread1] INFO server.RaftServerConfigKeys: raft.server.log.unsafe-flush.enabled = false (default)
om_1        | 2023-02-03 02:06:27,635 [om1-impl-thread1] INFO server.RaftServerConfigKeys: raft.server.log.async-flush.enabled = false (default)
recon_1     | 	at org.apache.hadoop.ipc.Server$Responder.doRespond(Server.java:1742)
scm_1       | 2023-02-03 02:05:41,472 [main] INFO server.RaftServerConfigKeys: raft.server.threadpool.proxy.cached = true (default)
datanode_5  | 2023-02-03 02:06:09,249 [pool-22-thread-1] INFO server.RaftServerConfigKeys: raft.server.threadpool.server.size = 0 (default)
datanode_4  | 2023-02-03 02:06:11,804 [pool-22-thread-1] INFO segmented.SegmentedRaftLogWorker: 06955a0f-ea60-4a54-8f8c-679f734c9228@group-5D7CDD87D354-SegmentedRaftLogWorker: safeCacheEvictIndex: setUnconditionally 0 -> -1
datanode_4  | 2023-02-03 02:06:11,809 [pool-22-thread-1] INFO server.RaftServer$Division: 06955a0f-ea60-4a54-8f8c-679f734c9228@group-5D7CDD87D354: start as a follower, conf=-1: peers:[06955a0f-ea60-4a54-8f8c-679f734c9228|rpc:172.18.0.7:9856|admin:172.18.0.7:9857|client:172.18.0.7:9858|dataStream:172.18.0.7:9858|priority:1|startupRole:FOLLOWER]|listeners:[], old=null
scm_1       | 2023-02-03 02:05:41,473 [main] INFO server.RaftServerConfigKeys: raft.server.threadpool.proxy.size = 0 (default)
datanode_5  | 2023-02-03 02:06:09,249 [pool-22-thread-1] INFO server.RaftServerConfigKeys: raft.server.threadpool.client.cached = true (default)
datanode_4  | 2023-02-03 02:06:11,811 [pool-22-thread-1] INFO server.RaftServer$Division: 06955a0f-ea60-4a54-8f8c-679f734c9228@group-5D7CDD87D354: changes role from      null to FOLLOWER at term 0 for startAsFollower
datanode_4  | 2023-02-03 02:06:11,812 [pool-22-thread-1] INFO impl.RoleInfo: 06955a0f-ea60-4a54-8f8c-679f734c9228: start 06955a0f-ea60-4a54-8f8c-679f734c9228@group-5D7CDD87D354-FollowerState
scm_1       | 2023-02-03 02:05:41,473 [main] INFO server.RaftServerConfigKeys: raft.server.rpc.slowness.timeout = 120000ms (custom)
datanode_5  | 2023-02-03 02:06:09,250 [pool-22-thread-1] INFO server.RaftServerConfigKeys: raft.server.threadpool.client.size = 0 (default)
datanode_4  | 2023-02-03 02:06:11,815 [pool-22-thread-1] INFO util.JmxRegister: Successfully registered JMX Bean with object name Ratis:service=RaftServer,group=group-5D7CDD87D354,id=06955a0f-ea60-4a54-8f8c-679f734c9228
datanode_4  | 2023-02-03 02:06:11,816 [pool-22-thread-1] INFO server.RaftServerConfigKeys: raft.server.snapshot.auto.trigger.enabled = true (custom)
scm_1       | 2023-02-03 02:05:41,474 [main] INFO server.RaftServerConfigKeys: raft.server.leaderelection.leader.step-down.wait-time = 10s (default)
datanode_5  | 2023-02-03 02:06:09,253 [pool-22-thread-1] INFO storage.RaftStorageDirectory: The storage directory /data/metadata/ratis/60106a5a-f6ad-49ac-98cd-348377654355 does not exist. Creating ...
datanode_4  | 2023-02-03 02:06:11,821 [pool-22-thread-1] INFO server.RaftServerConfigKeys: raft.server.snapshot.auto.trigger.threshold = 10000 (custom)
om_1        | 2023-02-03 02:06:27,637 [om1-impl-thread1] INFO server.RaftServerConfigKeys: raft.server.log.statemachine.data.caching.enabled = false (default)
scm_1       | 2023-02-03 02:05:41,496 [main] INFO server.RaftServerConfigKeys: raft.server.storage.dir = [/data/metadata/scm-ha] (custom)
scm_1       | 2023-02-03 02:05:41,547 [3109e1b5-78e2-4a84-9ae9-c956bc023bd3-impl-thread1] INFO server.RaftServer: 3109e1b5-78e2-4a84-9ae9-c956bc023bd3: found a subdirectory /data/metadata/scm-ha/e9464c17-7c0c-468a-9a77-ab992ecf2b4a
scm_1       | 2023-02-03 02:05:41,581 [main] INFO server.RaftServer: 3109e1b5-78e2-4a84-9ae9-c956bc023bd3: addNew group-AB992ECF2B4A:[] returns group-AB992ECF2B4A:java.util.concurrent.CompletableFuture@22bf9122[Not completed]
recon_1     | 	at org.apache.hadoop.ipc.Server$Connection.sendResponse(Server.java:2847)
recon_1     | 	at org.apache.hadoop.ipc.Server$Connection.access$300(Server.java:1814)
scm_1       | 2023-02-03 02:05:41,625 [pool-16-thread-1] INFO server.RaftServer$Division: 3109e1b5-78e2-4a84-9ae9-c956bc023bd3: new RaftServerImpl for group-AB992ECF2B4A:[] with SCMStateMachine:uninitialized
scm_1       | 2023-02-03 02:05:41,632 [pool-16-thread-1] INFO server.RaftServerConfigKeys: raft.server.rpc.timeout.min = 5000ms (custom)
om_1        | 2023-02-03 02:06:27,657 [om1-impl-thread1] INFO segmented.SegmentedRaftLogWorker: om1@group-C5BA1605619E-SegmentedRaftLogWorker: flushIndex: setUnconditionally 0 -> -1
recon_1     | 	at org.apache.hadoop.ipc.Server$RpcCall.doResponse(Server.java:1125)
datanode_4  | 2023-02-03 02:06:11,824 [pool-22-thread-1] INFO server.RaftServerConfigKeys: raft.server.snapshot.retention.file.num = 5 (custom)
datanode_4  | 2023-02-03 02:06:11,824 [pool-22-thread-1] INFO server.RaftServerConfigKeys: raft.server.log.purge.upto.snapshot.index = false (default)
datanode_4  | 2023-02-03 02:06:11,829 [06955a0f-ea60-4a54-8f8c-679f734c9228@group-5D7CDD87D354-FollowerState] INFO server.RaftServerConfigKeys: raft.server.rpc.first-election.timeout.min = 5s (fallback to raft.server.rpc.timeout.min)
recon_1     | 	at org.apache.hadoop.ipc.Server$Call.doResponse(Server.java:917)
recon_1     | 	at org.apache.hadoop.ipc.Server$Call.sendResponse(Server.java:903)
recon_1     | 	at org.apache.hadoop.ipc.Server$RpcCall.run(Server.java:1060)
datanode_4  | 2023-02-03 02:06:11,829 [Command processor thread] INFO ratis.XceiverServerRatis: Created group PipelineID=4188df67-50db-4b1d-a89f-5d7cdd87d354
om_1        | 2023-02-03 02:06:27,657 [om1-impl-thread1] INFO segmented.SegmentedRaftLogWorker: om1@group-C5BA1605619E-SegmentedRaftLogWorker: safeCacheEvictIndex: setUnconditionally 0 -> -1
om_1        | 2023-02-03 02:06:27,659 [om1-impl-thread1] INFO server.RaftServer$Division: om1@group-C5BA1605619E: start as a follower, conf=-1: peers:[om1|rpc:om:9872|priority:0|startupRole:FOLLOWER]|listeners:[], old=null
recon_1     | 	at org.apache.hadoop.ipc.Server$RpcCall.run(Server.java:971)
recon_1     | 	at java.base/java.security.AccessController.doPrivileged(Native Method)
recon_1     | 	at java.base/javax.security.auth.Subject.doAs(Subject.java:423)
datanode_4  | 2023-02-03 02:06:11,867 [Command processor thread] INFO commandhandler.CreatePipelineCommandHandler: Created Pipeline RATIS ONE PipelineID=4188df67-50db-4b1d-a89f-5d7cdd87d354.
datanode_5  | 2023-02-03 02:06:09,253 [e2356bf3-2733-48cc-82a5-ce087d1c8052@group-B6EE6F4B2E5D-LeaderElection1] INFO server.RaftServerConfigKeys: raft.server.log.appender.snapshot.chunk.size.max = 16MB (=16777216) (default)
scm_1       | 2023-02-03 02:05:41,634 [pool-16-thread-1] INFO server.RaftServerConfigKeys: raft.server.rpc.timeout.max = 5200ms (custom)
recon_1     | 	at org.apache.hadoop.security.UserGroupInformation.doAs(UserGroupInformation.java:1878)
recon_1     | 	at org.apache.hadoop.ipc.Server$Handler.run(Server.java:2976)
datanode_4  | 2023-02-03 02:06:11,868 [06955a0f-ea60-4a54-8f8c-679f734c9228@group-5D7CDD87D354-FollowerState] INFO server.RaftServerConfigKeys: raft.server.rpc.first-election.timeout.max = 5200ms (fallback to raft.server.rpc.timeout.max)
datanode_4  | 2023-02-03 02:06:17,048 [06955a0f-ea60-4a54-8f8c-679f734c9228@group-5D7CDD87D354-FollowerState] INFO impl.FollowerState: 06955a0f-ea60-4a54-8f8c-679f734c9228@group-5D7CDD87D354-FollowerState: change to CANDIDATE, lastRpcElapsedTime:5236059045ns, electionTimeout:5178ms
datanode_5  | 2023-02-03 02:06:09,258 [e2356bf3-2733-48cc-82a5-ce087d1c8052@group-B6EE6F4B2E5D-LeaderElection1] INFO server.RaftServerConfigKeys: raft.server.log.appender.buffer.byte-limit = 33554432 (custom)
scm_1       | 2023-02-03 02:05:41,634 [pool-16-thread-1] INFO server.RaftServerConfigKeys: raft.server.rpc.sleep.time = 25ms (default)
recon_1     | 2023-02-03 02:05:57,016 [IPC Server handler 15 on default port 9891] WARN ipc.Server: IPC Server handler 15 on default port 9891, call Call#2 Retry#0 org.apache.hadoop.ozone.protocol.ReconDatanodeProtocol.submitRequest from 172.18.0.7:58662: output error
recon_1     | 2023-02-03 02:05:57,050 [IPC Server handler 7 on default port 9891] WARN ipc.Server: IPC Server handler 7 on default port 9891, call Call#3 Retry#0 org.apache.hadoop.ozone.protocol.ReconDatanodeProtocol.submitRequest from 172.18.0.9:34092: output error
om_1        | 2023-02-03 02:06:27,665 [om1-impl-thread1] INFO server.RaftServer$Division: om1@group-C5BA1605619E: changes role from      null to FOLLOWER at term 0 for startAsFollower
datanode_5  | 2023-02-03 02:06:09,258 [e2356bf3-2733-48cc-82a5-ce087d1c8052@group-B6EE6F4B2E5D-LeaderElection1] INFO server.RaftServerConfigKeys: raft.server.log.appender.buffer.element-limit = 1 (custom)
scm_1       | 2023-02-03 02:05:41,634 [pool-16-thread-1] INFO server.RaftServerConfigKeys: raft.server.rpc.slowness.timeout = 120000ms (custom)
scm_1       | 2023-02-03 02:05:41,634 [pool-16-thread-1] INFO server.RaftServerConfigKeys: raft.server.leaderelection.leader.step-down.wait-time = 10s (default)
recon_1     | 2023-02-03 02:05:57,050 [IPC Server handler 15 on default port 9891] INFO ipc.Server: IPC Server handler 15 on default port 9891 caught an exception
recon_1     | java.nio.channels.ClosedChannelException
om_1        | 2023-02-03 02:06:27,667 [om1-impl-thread1] INFO impl.RoleInfo: om1: start om1@group-C5BA1605619E-FollowerState
datanode_5  | 2023-02-03 02:06:09,258 [pool-22-thread-1] INFO storage.RaftStorageDirectory: Lock on /data/metadata/ratis/60106a5a-f6ad-49ac-98cd-348377654355/in_use.lock acquired by nodename 6@ff23948f247f
scm_1       | 2023-02-03 02:05:41,634 [pool-16-thread-1] INFO server.RaftServerConfigKeys: raft.server.sleep.deviation.threshold = 300ms (default)
datanode_4  | 2023-02-03 02:06:17,049 [06955a0f-ea60-4a54-8f8c-679f734c9228@group-5D7CDD87D354-FollowerState] INFO impl.RoleInfo: 06955a0f-ea60-4a54-8f8c-679f734c9228: shutdown 06955a0f-ea60-4a54-8f8c-679f734c9228@group-5D7CDD87D354-FollowerState
om_1        | 2023-02-03 02:06:27,690 [om1-impl-thread1] INFO util.JmxRegister: Successfully registered JMX Bean with object name Ratis:service=RaftServer,group=group-C5BA1605619E,id=om1
datanode_5  | 2023-02-03 02:06:09,282 [e2356bf3-2733-48cc-82a5-ce087d1c8052@group-B6EE6F4B2E5D-LeaderElection1] INFO grpc.GrpcConfigKeys: raft.grpc.server.leader.outstanding.appends.max = 128 (default)
scm_1       | 2023-02-03 02:05:41,648 [pool-16-thread-1] INFO server.RaftServer$Division: 3109e1b5-78e2-4a84-9ae9-c956bc023bd3@group-AB992ECF2B4A: ConfigurationManager, init=-1: peers:[]|listeners:[], old=null, confs=<EMPTY_MAP>
datanode_4  | 2023-02-03 02:06:17,049 [06955a0f-ea60-4a54-8f8c-679f734c9228@group-5D7CDD87D354-FollowerState] INFO server.RaftServer$Division: 06955a0f-ea60-4a54-8f8c-679f734c9228@group-5D7CDD87D354: changes role from  FOLLOWER to CANDIDATE at term 0 for changeToCandidate
om_1        | 2023-02-03 02:06:27,694 [om1-impl-thread1] INFO server.RaftServerConfigKeys: raft.server.snapshot.auto.trigger.enabled = true (custom)
datanode_5  | 2023-02-03 02:06:09,291 [e2356bf3-2733-48cc-82a5-ce087d1c8052@group-B6EE6F4B2E5D-LeaderElection1] INFO server.RaftServerConfigKeys: raft.server.rpc.request.timeout = 60s (custom)
scm_1       | 2023-02-03 02:05:41,648 [pool-16-thread-1] INFO server.RaftServerConfigKeys: raft.server.storage.dir = [/data/metadata/scm-ha] (custom)
scm_1       | 2023-02-03 02:05:41,658 [pool-16-thread-1] INFO server.RaftServerConfigKeys: raft.server.log.corruption.policy = EXCEPTION (default)
om_1        | 2023-02-03 02:06:27,698 [om1@group-C5BA1605619E-FollowerState] INFO server.RaftServerConfigKeys: raft.server.rpc.first-election.timeout.min = 5s (fallback to raft.server.rpc.timeout.min)
datanode_4  | 2023-02-03 02:06:17,054 [06955a0f-ea60-4a54-8f8c-679f734c9228@group-5D7CDD87D354-FollowerState] INFO server.RaftServerConfigKeys: raft.server.leaderelection.pre-vote = false (custom)
datanode_4  | 2023-02-03 02:06:17,057 [06955a0f-ea60-4a54-8f8c-679f734c9228@group-5D7CDD87D354-FollowerState] INFO impl.RoleInfo: 06955a0f-ea60-4a54-8f8c-679f734c9228: start 06955a0f-ea60-4a54-8f8c-679f734c9228@group-5D7CDD87D354-LeaderElection1
datanode_4  | 2023-02-03 02:06:17,076 [06955a0f-ea60-4a54-8f8c-679f734c9228@group-5D7CDD87D354-LeaderElection1] INFO impl.LeaderElection: 06955a0f-ea60-4a54-8f8c-679f734c9228@group-5D7CDD87D354-LeaderElection1 ELECTION round 0: submit vote requests at term 1 for -1: peers:[06955a0f-ea60-4a54-8f8c-679f734c9228|rpc:172.18.0.7:9856|admin:172.18.0.7:9857|client:172.18.0.7:9858|dataStream:172.18.0.7:9858|priority:1|startupRole:FOLLOWER]|listeners:[], old=null
datanode_4  | 2023-02-03 02:06:17,084 [06955a0f-ea60-4a54-8f8c-679f734c9228@group-5D7CDD87D354-LeaderElection1] INFO impl.LeaderElection: 06955a0f-ea60-4a54-8f8c-679f734c9228@group-5D7CDD87D354-LeaderElection1 ELECTION round 0: result PASSED (term=1)
om_1        | 2023-02-03 02:06:27,699 [om1@group-C5BA1605619E-FollowerState] INFO server.RaftServerConfigKeys: raft.server.rpc.first-election.timeout.max = 5200ms (fallback to raft.server.rpc.timeout.max)
om_1        | 2023-02-03 02:06:27,699 [om1-impl-thread1] INFO server.RaftServerConfigKeys: raft.server.snapshot.auto.trigger.threshold = 400000 (default)
datanode_5  | 2023-02-03 02:06:09,293 [e2356bf3-2733-48cc-82a5-ce087d1c8052@group-B6EE6F4B2E5D-LeaderElection1] INFO server.RaftServerConfigKeys: raft.server.log.appender.install.snapshot.enabled = false (custom)
datanode_4  | 2023-02-03 02:06:17,087 [06955a0f-ea60-4a54-8f8c-679f734c9228@group-5D7CDD87D354-LeaderElection1] INFO impl.RoleInfo: 06955a0f-ea60-4a54-8f8c-679f734c9228: shutdown 06955a0f-ea60-4a54-8f8c-679f734c9228@group-5D7CDD87D354-LeaderElection1
om_1        | 2023-02-03 02:06:27,705 [om1-impl-thread1] INFO server.RaftServerConfigKeys: raft.server.snapshot.retention.file.num = -1 (default)
om_1        | 2023-02-03 02:06:27,706 [om1-impl-thread1] INFO server.RaftServerConfigKeys: raft.server.log.purge.upto.snapshot.index = true (custom)
datanode_5  | 2023-02-03 02:06:09,294 [e2356bf3-2733-48cc-82a5-ce087d1c8052@group-B6EE6F4B2E5D-LeaderElection1] INFO grpc.GrpcConfigKeys: raft.grpc.server.heartbeat.channel = true (default)
datanode_5  | 2023-02-03 02:06:09,294 [e2356bf3-2733-48cc-82a5-ce087d1c8052@group-B6EE6F4B2E5D-LeaderElection1] INFO server.RaftServerConfigKeys: raft.server.log.appender.wait-time.min = 10ms (default)
datanode_5  | 2023-02-03 02:06:09,294 [pool-22-thread-1] INFO storage.RaftStorage: Storage directory /data/metadata/ratis/60106a5a-f6ad-49ac-98cd-348377654355 has been successfully formatted.
datanode_4  | 2023-02-03 02:06:17,090 [06955a0f-ea60-4a54-8f8c-679f734c9228@group-5D7CDD87D354-LeaderElection1] INFO server.RaftServer$Division: 06955a0f-ea60-4a54-8f8c-679f734c9228@group-5D7CDD87D354: changes role from CANDIDATE to LEADER at term 1 for changeToLeader
