[INFO] Scanning for projects...
[INFO] ------------------------------------------------------------------------
[INFO] Detecting the operating system and CPU architecture
[INFO] ------------------------------------------------------------------------
[INFO] os.detected.name: linux
[INFO] os.detected.arch: x86_64
[INFO] os.detected.bitness: 64
[INFO] os.detected.version: 6.17
[INFO] os.detected.version.major: 6
[INFO] os.detected.version.minor: 17
[INFO] os.detected.release: ubuntu
[INFO] os.detected.release.version: 24.04
[INFO] os.detected.release.like.ubuntu: true
[INFO] os.detected.release.like.debian: true
[INFO] os.detected.classifier: linux-x86_64
[INFO] ------------------------------------------------------------------------
[INFO] Reactor Build Order:
[INFO] 
[INFO] Apache Ozone Main                                                  [pom]
[INFO] Apache Ozone Dev Support                                           [jar]
[INFO] Apache Ozone HDDS                                                  [pom]
[INFO] Apache Ozone Annotation Processing                                 [jar]
[INFO] Apache Ozone HDDS Config                                           [jar]
[INFO] Apache Ozone HDDS Client Interface                                 [jar]
[INFO] Apache Ozone HDDS Test Utils                                       [jar]
[INFO] Apache Ozone HDDS Hadoop Client dependencies                       [pom]
[INFO] Apache Ozone HDDS Common                                           [jar]
[INFO] Apache Ozone CLI Common                                            [jar]
[INFO] Apache Ozone HDDS Erasurecode                                      [jar]
[INFO] Apache Ozone HDDS Client                                           [jar]
[INFO] Apache Ozone HDDS Server Interface                                 [jar]
[INFO] Apache Ozone HDDS Managed RocksDB                                  [jar]
[INFO] Apache Ozone HDDS Admin Interface                                  [jar]
[INFO] Apache Ozone HDDS RocksDB Tools                                    [jar]
[INFO] Apache Ozone Checkpoint Differ for RocksDB                         [jar]
[INFO] Apache Ozone HDDS Server Framework                                 [jar]
[INFO] Apache Ozone Documentation                                         [jar]
[INFO] Apache Ozone HDDS Container Service                                [jar]
[INFO] Apache Ozone HDDS Crypto                                           [jar]
[INFO] Apache Ozone HDDS Crypto - Default                                 [jar]
[INFO] Apache Ozone HDDS SCM Server                                       [jar]
[INFO] Apache Ozone                                                       [pom]
[INFO] Apache Ozone Client Interface                                      [jar]
[INFO] Apache Ozone Common                                                [jar]
[INFO] Apache Ozone Client                                                [jar]
[INFO] Apache Ozone FileSystem Common                                     [jar]
[INFO] Apache Ozone FileSystem                                            [jar]
[INFO] Apache Ozone CLI Shell                                             [jar]
[INFO] Apache Ozone CLI Admin                                             [jar]
[INFO] Apache Ozone Storage Interface                                     [jar]
[INFO] Apache Ozone Manager Server                                        [jar]
[INFO] Apache Ozone Recon CodeGen                                         [jar]
[INFO] Apache Ozone Recon                                                 [jar]
[INFO] Apache Ozone Debug Tools                                           [jar]
[INFO] Apache Ozone CLI Interactive                                       [jar]
[INFO] Apache Ozone Repair Tools                                          [jar]
[INFO] Apache Ozone Datanode                                              [jar]
[INFO] Apache Ozone Freon                                                 [jar]
[INFO] Apache Ozone HttpFS                                                [jar]
[INFO] Apache Ozone Insight Tool                                          [jar]
[INFO] Apache Ozone Multitenancy with Ranger                              [jar]
[INFO] Apache Ozone S3 Secret Store                                       [jar]
[INFO] Apache Ozone S3 Gateway                                            [jar]
[INFO] Apache Ozone Tools                                                 [jar]
[INFO] Apache Ozone Vapor                                                 [jar]
[INFO] Apache Ozone Iceberg Integration                                   [jar]
[INFO] Apache Ozone Distribution                                          [jar]
[INFO] Apache Ozone Fault Injection Tests                                 [pom]
[INFO] Apache Ozone Network Tests                                         [jar]
[INFO] Apache Ozone Mini Cluster                                          [jar]
[INFO] Apache Ozone Integration Tests                                     [jar]
[INFO] Apache Ozone Recon Integration Tests                               [jar]
[INFO] Apache Ozone S3 Integration Tests                                  [jar]
[INFO] 
[INFO] --------------------< org.apache.ozone:ozone-main >---------------------
[INFO] Building Apache Ozone Main 2.3.0-SNAPSHOT                         [1/55]
[INFO]   from pom.xml
[INFO] --------------------------------[ pom ]---------------------------------
[INFO] 
[INFO] --- antrun:3.2.0:run (create-testdirs) @ ozone-main ---
[INFO] Executing tasks
[INFO]     [mkdir] Created dir: /home/runner/work/ozone/ozone/target/test-dir
[INFO] Executed tasks
[INFO] 
[INFO] --- enforcer:3.6.3:enforce (enforce-property) @ ozone-main ---
[INFO] Rule 0: org.apache.maven.enforcer.rules.property.RequireProperty passed
[INFO] Rule 1: org.apache.maven.enforcer.rules.version.RequireMavenVersion passed
[INFO] 
[INFO] --- sortpom:3.0.1:verify (default) @ ozone-main ---
[INFO] Verifying file /home/runner/work/ozone/ozone/pom.xml
[INFO] 
[INFO] --- jacoco:0.8.15:prepare-agent (default-prepare-agent) @ ozone-main ---
[INFO] argLine set to -javaagent:/home/runner/.m2/repository/org/jacoco/org.jacoco.agent/0.8.15/org.jacoco.agent-0.8.15-runtime.jar=destfile=/home/runner/work/ozone/ozone/target/jacoco.exec,includes=org.apache.hadoop.hdds.*:org.apache.hadoop.ozone.*:org.apache.hadoop.fs.ozone.*:org.apache.ozone.*:org.apache.hadoop.io_.*:org.apache.hadoop.ipc_.*:org.apache.hadoop.security_.*
[INFO] 
[INFO] --- enforcer:3.6.3:enforce (banned-rocksdb-imports) @ ozone-main ---
[INFO] Rule 0: org.apache.maven.plugins.enforcer.RestrictImports passed
[INFO] 
[INFO] --- enforcer:3.6.3:enforce (ban-imports) @ ozone-main ---
[INFO] Rule 0: org.apache.maven.plugins.enforcer.RestrictImports passed
[INFO] Rule 1: org.apache.maven.plugins.enforcer.RestrictImports passed
[INFO] Rule 2: org.apache.maven.plugins.enforcer.RestrictImports passed
[INFO] Rule 3: org.apache.maven.plugins.enforcer.RestrictImports passed
[INFO] Rule 4: org.apache.maven.plugins.enforcer.RestrictImports passed
[WARNING] EXPERIMENTAL FEATURE enabled. You have enabled full-compilation-unit parsing. Please be aware that experimental features might get removed or changed. Please share your feedback!
[INFO] Rule 5: org.apache.maven.plugins.enforcer.RestrictImports passed
[INFO] Rule 6: org.apache.maven.plugins.enforcer.RestrictImports passed
[INFO] Rule 7: org.apache.maven.plugins.enforcer.RestrictImports passed
[INFO] Rule 8: org.apache.maven.plugins.enforcer.RestrictImports passed
[INFO] Rule 9: org.apache.maven.plugins.enforcer.RestrictImports passed
[INFO] Rule 10: org.apache.maven.plugins.enforcer.RestrictImports passed
[INFO] Rule 11: org.apache.maven.plugins.enforcer.RestrictImports passed
[INFO] Rule 12: org.apache.maven.plugins.enforcer.RestrictImports passed
[INFO] 
[INFO] --- enforcer:3.6.3:enforce (ban-annotations) @ ozone-main ---
[INFO] Rule 0: org.apache.maven.plugins.enforcer.RestrictImports passed
[INFO] 
[INFO] --- dependency:3.11.0:build-classpath (add-classpath-descriptor) @ ozone-main ---
[INFO] Skipping plugin execution
[INFO] 
[INFO] >>> pmd:3.28.0:check (default-cli) > :pmd @ ozone-main >>>
[INFO] 
[INFO] --- pmd:3.28.0:pmd (pmd) @ ozone-main ---
[INFO] 
[INFO] ------------------------------------------------------------------------
[INFO] Skipping Apache Ozone Dev Support
[INFO] This project has been banned from the build due to previous failures.
[INFO] ------------------------------------------------------------------------
[INFO] 
[INFO] ------------------------------------------------------------------------
[INFO] Skipping Apache Ozone HDDS
[INFO] This project has been banned from the build due to previous failures.
[INFO] ------------------------------------------------------------------------
[INFO] 
[INFO] ------------------------------------------------------------------------
[INFO] Skipping Apache Ozone Annotation Processing
[INFO] This project has been banned from the build due to previous failures.
[INFO] ------------------------------------------------------------------------
[INFO] 
[INFO] ------------------------------------------------------------------------
[INFO] Skipping Apache Ozone HDDS Config
[INFO] This project has been banned from the build due to previous failures.
[INFO] ------------------------------------------------------------------------
[INFO] 
[INFO] ------------------------------------------------------------------------
[INFO] Skipping Apache Ozone HDDS Client Interface
[INFO] This project has been banned from the build due to previous failures.
[INFO] ------------------------------------------------------------------------
[INFO] 
[INFO] ------------------------------------------------------------------------
[INFO] Skipping Apache Ozone HDDS Test Utils
[INFO] This project has been banned from the build due to previous failures.
[INFO] ------------------------------------------------------------------------
[INFO] 
[INFO] ------------------------------------------------------------------------
[INFO] Skipping Apache Ozone HDDS Hadoop Client dependencies
[INFO] This project has been banned from the build due to previous failures.
[INFO] ------------------------------------------------------------------------
[INFO] 
[INFO] ------------------------------------------------------------------------
[INFO] Skipping Apache Ozone HDDS Common
[INFO] This project has been banned from the build due to previous failures.
[INFO] ------------------------------------------------------------------------
[INFO] 
[INFO] ------------------------------------------------------------------------
[INFO] Skipping Apache Ozone CLI Common
[INFO] This project has been banned from the build due to previous failures.
[INFO] ------------------------------------------------------------------------
[INFO] 
[INFO] ------------------------------------------------------------------------
[INFO] Skipping Apache Ozone HDDS Erasurecode
[INFO] This project has been banned from the build due to previous failures.
[INFO] ------------------------------------------------------------------------
[INFO] 
[INFO] ------------------------------------------------------------------------
[INFO] Skipping Apache Ozone HDDS Client
[INFO] This project has been banned from the build due to previous failures.
[INFO] ------------------------------------------------------------------------
[INFO] 
[INFO] ------------------------------------------------------------------------
[INFO] Skipping Apache Ozone HDDS Server Interface
[INFO] This project has been banned from the build due to previous failures.
[INFO] ------------------------------------------------------------------------
[INFO] 
[INFO] ------------------------------------------------------------------------
[INFO] Skipping Apache Ozone HDDS Managed RocksDB
[INFO] This project has been banned from the build due to previous failures.
[INFO] ------------------------------------------------------------------------
[INFO] 
[INFO] ------------------------------------------------------------------------
[INFO] Skipping Apache Ozone HDDS Admin Interface
[INFO] This project has been banned from the build due to previous failures.
[INFO] ------------------------------------------------------------------------
[INFO] 
[INFO] ------------------------------------------------------------------------
[INFO] Skipping Apache Ozone HDDS RocksDB Tools
[INFO] This project has been banned from the build due to previous failures.
[INFO] ------------------------------------------------------------------------
[INFO] 
[INFO] ------------------------------------------------------------------------
[INFO] Skipping Apache Ozone Checkpoint Differ for RocksDB
[INFO] This project has been banned from the build due to previous failures.
[INFO] ------------------------------------------------------------------------
[INFO] 
[INFO] ------------------------------------------------------------------------
[INFO] Skipping Apache Ozone HDDS Server Framework
[INFO] This project has been banned from the build due to previous failures.
[INFO] ------------------------------------------------------------------------
[INFO] 
[INFO] ------------------------------------------------------------------------
[INFO] Skipping Apache Ozone Documentation
[INFO] This project has been banned from the build due to previous failures.
[INFO] ------------------------------------------------------------------------
[INFO] 
[INFO] ------------------------------------------------------------------------
[INFO] Skipping Apache Ozone HDDS Container Service
[INFO] This project has been banned from the build due to previous failures.
[INFO] ------------------------------------------------------------------------
[INFO] 
[INFO] ------------------------------------------------------------------------
[INFO] Skipping Apache Ozone HDDS Crypto
[INFO] This project has been banned from the build due to previous failures.
[INFO] ------------------------------------------------------------------------
[INFO] 
[INFO] ------------------------------------------------------------------------
[INFO] Skipping Apache Ozone HDDS Crypto - Default
[INFO] This project has been banned from the build due to previous failures.
[INFO] ------------------------------------------------------------------------
[INFO] 
[INFO] ------------------------------------------------------------------------
[INFO] Skipping Apache Ozone HDDS SCM Server
[INFO] This project has been banned from the build due to previous failures.
[INFO] ------------------------------------------------------------------------
[INFO] 
[INFO] ------------------------------------------------------------------------
[INFO] Skipping Apache Ozone
[INFO] This project has been banned from the build due to previous failures.
[INFO] ------------------------------------------------------------------------
[INFO] 
[INFO] ------------------------------------------------------------------------
[INFO] Skipping Apache Ozone Client Interface
[INFO] This project has been banned from the build due to previous failures.
[INFO] ------------------------------------------------------------------------
[INFO] 
[INFO] ------------------------------------------------------------------------
[INFO] Skipping Apache Ozone Common
[INFO] This project has been banned from the build due to previous failures.
[INFO] ------------------------------------------------------------------------
[INFO] 
[INFO] ------------------------------------------------------------------------
[INFO] Skipping Apache Ozone Client
[INFO] This project has been banned from the build due to previous failures.
[INFO] ------------------------------------------------------------------------
[INFO] 
[INFO] ------------------------------------------------------------------------
[INFO] Skipping Apache Ozone FileSystem Common
[INFO] This project has been banned from the build due to previous failures.
[INFO] ------------------------------------------------------------------------
[INFO] 
[INFO] ------------------------------------------------------------------------
[INFO] Skipping Apache Ozone FileSystem
[INFO] This project has been banned from the build due to previous failures.
[INFO] ------------------------------------------------------------------------
[INFO] 
[INFO] ------------------------------------------------------------------------
[INFO] Skipping Apache Ozone CLI Shell
[INFO] This project has been banned from the build due to previous failures.
[INFO] ------------------------------------------------------------------------
[INFO] 
[INFO] ------------------------------------------------------------------------
[INFO] Skipping Apache Ozone CLI Admin
[INFO] This project has been banned from the build due to previous failures.
[INFO] ------------------------------------------------------------------------
[INFO] 
[INFO] ------------------------------------------------------------------------
[INFO] Skipping Apache Ozone Storage Interface
[INFO] This project has been banned from the build due to previous failures.
[INFO] ------------------------------------------------------------------------
[INFO] 
[INFO] ------------------------------------------------------------------------
[INFO] Skipping Apache Ozone Manager Server
[INFO] This project has been banned from the build due to previous failures.
[INFO] ------------------------------------------------------------------------
[INFO] 
[INFO] ------------------------------------------------------------------------
[INFO] Skipping Apache Ozone Recon CodeGen
[INFO] This project has been banned from the build due to previous failures.
[INFO] ------------------------------------------------------------------------
[INFO] 
[INFO] ------------------------------------------------------------------------
[INFO] Skipping Apache Ozone Recon
[INFO] This project has been banned from the build due to previous failures.
[INFO] ------------------------------------------------------------------------
[INFO] 
[INFO] ------------------------------------------------------------------------
[INFO] Skipping Apache Ozone Debug Tools
[INFO] This project has been banned from the build due to previous failures.
[INFO] ------------------------------------------------------------------------
[INFO] 
[INFO] ------------------------------------------------------------------------
[INFO] Skipping Apache Ozone CLI Interactive
[INFO] This project has been banned from the build due to previous failures.
[INFO] ------------------------------------------------------------------------
[INFO] 
[INFO] ------------------------------------------------------------------------
[INFO] Skipping Apache Ozone Repair Tools
[INFO] This project has been banned from the build due to previous failures.
[INFO] ------------------------------------------------------------------------
[INFO] 
[INFO] ------------------------------------------------------------------------
[INFO] Skipping Apache Ozone Datanode
[INFO] This project has been banned from the build due to previous failures.
[INFO] ------------------------------------------------------------------------
[INFO] 
[INFO] ------------------------------------------------------------------------
[INFO] Skipping Apache Ozone Freon
[INFO] This project has been banned from the build due to previous failures.
[INFO] ------------------------------------------------------------------------
[INFO] 
[INFO] ------------------------------------------------------------------------
[INFO] Skipping Apache Ozone HttpFS
[INFO] This project has been banned from the build due to previous failures.
[INFO] ------------------------------------------------------------------------
[INFO] 
[INFO] ------------------------------------------------------------------------
[INFO] Skipping Apache Ozone Insight Tool
[INFO] This project has been banned from the build due to previous failures.
[INFO] ------------------------------------------------------------------------
[INFO] 
[INFO] ------------------------------------------------------------------------
[INFO] Skipping Apache Ozone Multitenancy with Ranger
[INFO] This project has been banned from the build due to previous failures.
[INFO] ------------------------------------------------------------------------
[INFO] 
[INFO] ------------------------------------------------------------------------
[INFO] Skipping Apache Ozone S3 Secret Store
[INFO] This project has been banned from the build due to previous failures.
[INFO] ------------------------------------------------------------------------
[INFO] 
[INFO] ------------------------------------------------------------------------
[INFO] Skipping Apache Ozone S3 Gateway
[INFO] This project has been banned from the build due to previous failures.
[INFO] ------------------------------------------------------------------------
[INFO] 
[INFO] ------------------------------------------------------------------------
[INFO] Skipping Apache Ozone Tools
[INFO] This project has been banned from the build due to previous failures.
[INFO] ------------------------------------------------------------------------
[INFO] 
[INFO] ------------------------------------------------------------------------
[INFO] Skipping Apache Ozone Vapor
[INFO] This project has been banned from the build due to previous failures.
[INFO] ------------------------------------------------------------------------
[INFO] 
[INFO] ------------------------------------------------------------------------
[INFO] Skipping Apache Ozone Iceberg Integration
[INFO] This project has been banned from the build due to previous failures.
[INFO] ------------------------------------------------------------------------
[INFO] 
[INFO] ------------------------------------------------------------------------
[INFO] Skipping Apache Ozone Distribution
[INFO] This project has been banned from the build due to previous failures.
[INFO] ------------------------------------------------------------------------
[INFO] 
[INFO] ------------------------------------------------------------------------
[INFO] Skipping Apache Ozone Fault Injection Tests
[INFO] This project has been banned from the build due to previous failures.
[INFO] ------------------------------------------------------------------------
[INFO] 
[INFO] ------------------------------------------------------------------------
[INFO] Skipping Apache Ozone Network Tests
[INFO] This project has been banned from the build due to previous failures.
[INFO] ------------------------------------------------------------------------
[INFO] 
[INFO] ------------------------------------------------------------------------
[INFO] Skipping Apache Ozone Mini Cluster
[INFO] This project has been banned from the build due to previous failures.
[INFO] ------------------------------------------------------------------------
[INFO] 
[INFO] ------------------------------------------------------------------------
[INFO] Skipping Apache Ozone Integration Tests
[INFO] This project has been banned from the build due to previous failures.
[INFO] ------------------------------------------------------------------------
[INFO] 
[INFO] ------------------------------------------------------------------------
[INFO] Skipping Apache Ozone Recon Integration Tests
[INFO] This project has been banned from the build due to previous failures.
[INFO] ------------------------------------------------------------------------
[INFO] 
[INFO] ------------------------------------------------------------------------
[INFO] Skipping Apache Ozone S3 Integration Tests
[INFO] This project has been banned from the build due to previous failures.
[INFO] ------------------------------------------------------------------------
[INFO] ------------------------------------------------------------------------
[INFO] Reactor Summary for Apache Ozone Main 2.3.0-SNAPSHOT:
[INFO] 
[INFO] Apache Ozone Main .................................. FAILURE [  2.682 s]
[INFO] Apache Ozone Dev Support ........................... SKIPPED
[INFO] Apache Ozone HDDS .................................. SKIPPED
[INFO] Apache Ozone Annotation Processing ................. SKIPPED
[INFO] Apache Ozone HDDS Config ........................... SKIPPED
[INFO] Apache Ozone HDDS Client Interface ................. SKIPPED
[INFO] Apache Ozone HDDS Test Utils ....................... SKIPPED
[INFO] Apache Ozone HDDS Hadoop Client dependencies ....... SKIPPED
[INFO] Apache Ozone HDDS Common ........................... SKIPPED
[INFO] Apache Ozone CLI Common ............................ SKIPPED
[INFO] Apache Ozone HDDS Erasurecode ...................... SKIPPED
[INFO] Apache Ozone HDDS Client ........................... SKIPPED
[INFO] Apache Ozone HDDS Server Interface ................. SKIPPED
[INFO] Apache Ozone HDDS Managed RocksDB .................. SKIPPED
[INFO] Apache Ozone HDDS Admin Interface .................. SKIPPED
[INFO] Apache Ozone HDDS RocksDB Tools .................... SKIPPED
[INFO] Apache Ozone Checkpoint Differ for RocksDB ......... SKIPPED
[INFO] Apache Ozone HDDS Server Framework ................. SKIPPED
[INFO] Apache Ozone Documentation ......................... SKIPPED
[INFO] Apache Ozone HDDS Container Service ................ SKIPPED
[INFO] Apache Ozone HDDS Crypto ........................... SKIPPED
[INFO] Apache Ozone HDDS Crypto - Default ................. SKIPPED
[INFO] Apache Ozone HDDS SCM Server ....................... SKIPPED
[INFO] Apache Ozone ....................................... SKIPPED
[INFO] Apache Ozone Client Interface ...................... SKIPPED
[INFO] Apache Ozone Common ................................ SKIPPED
[INFO] Apache Ozone Client ................................ SKIPPED
[INFO] Apache Ozone FileSystem Common ..................... SKIPPED
[INFO] Apache Ozone FileSystem ............................ SKIPPED
[INFO] Apache Ozone CLI Shell ............................. SKIPPED
[INFO] Apache Ozone CLI Admin ............................. SKIPPED
[INFO] Apache Ozone Storage Interface ..................... SKIPPED
[INFO] Apache Ozone Manager Server ........................ SKIPPED
[INFO] Apache Ozone Recon CodeGen ......................... SKIPPED
[INFO] Apache Ozone Recon ................................. SKIPPED
[INFO] Apache Ozone Debug Tools ........................... SKIPPED
[INFO] Apache Ozone CLI Interactive ....................... SKIPPED
[INFO] Apache Ozone Repair Tools .......................... SKIPPED
[INFO] Apache Ozone Datanode .............................. SKIPPED
[INFO] Apache Ozone Freon ................................. SKIPPED
[INFO] Apache Ozone HttpFS ................................ SKIPPED
[INFO] Apache Ozone Insight Tool .......................... SKIPPED
[INFO] Apache Ozone Multitenancy with Ranger .............. SKIPPED
[INFO] Apache Ozone S3 Secret Store ....................... SKIPPED
[INFO] Apache Ozone S3 Gateway ............................ SKIPPED
[INFO] Apache Ozone Tools ................................. SKIPPED
[INFO] Apache Ozone Vapor ................................. SKIPPED
[INFO] Apache Ozone Iceberg Integration ................... SKIPPED
[INFO] Apache Ozone Distribution .......................... SKIPPED
[INFO] Apache Ozone Fault Injection Tests ................. SKIPPED
[INFO] Apache Ozone Network Tests ......................... SKIPPED
[INFO] Apache Ozone Mini Cluster .......................... SKIPPED
[INFO] Apache Ozone Integration Tests ..................... SKIPPED
[INFO] Apache Ozone Recon Integration Tests ............... SKIPPED
[INFO] Apache Ozone S3 Integration Tests .................. SKIPPED
[INFO] ------------------------------------------------------------------------
[INFO] BUILD FAILURE
[INFO] ------------------------------------------------------------------------
[INFO] Total time:  5.829 s
[INFO] Finished at: 2026-07-27T05:35:56Z
[INFO] ------------------------------------------------------------------------
[INFO] 8 goals, 8 executed
[INFO] 
[INFO] Publishing Build Scan to Develocity...
[INFO] https://develocity.apache.org/s/mwwcln44zjtsg
[INFO] 
[ERROR] Failed to execute goal org.apache.maven.plugins:maven-pmd-plugin:3.28.0:pmd (pmd) on project ozone-main: Execution pmd of goal org.apache.maven.plugins:maven-pmd-plugin:3.28.0:pmd failed: Plugin org.apache.maven.plugins:maven-pmd-plugin:3.28.0 or one of its dependencies could not be resolved:
[ERROR] 	Failed to read artifact descriptor for net.sourceforge.pmd:pmd-core:jar:7.17.0
[ERROR] 	Failed to read artifact descriptor for net.sourceforge.pmd:pmd-java:jar:7.17.0
[ERROR] 	Failed to read artifact descriptor for net.sourceforge.pmd:pmd-javascript:jar:7.17.0
[ERROR] 	Failed to read artifact descriptor for net.sourceforge.pmd:pmd-jsp:jar:7.17.0
[ERROR] 	Failed to read artifact descriptor for org.codehaus.plexus:plexus-resources:jar:1.3.1
[ERROR] 	Failed to read artifact descriptor for org.codehaus.plexus:plexus-i18n:jar:1.0.0
[ERROR] -> [Help 1]
[ERROR] 
[ERROR] To see the full stack trace of the errors, re-run Maven with the -e switch.
[ERROR] Re-run Maven using the -X switch to enable full debug logging.
[ERROR] 
[ERROR] For more information about the errors and possible solutions, please read the following articles:
[ERROR] [Help 1] http://cwiki.apache.org/confluence/display/MAVEN/PluginResolutionException
