datanode_3_1  | 2022-12-23 07:47:00,815 [pool-22-thread-1] INFO server.RaftServerConfigKeys: raft.server.log.write.buffer.size = 1048576 (custom)
om_1          | 2022-12-23 07:46:39,257 [pool-26-thread-1] INFO server.RaftServerConfigKeys: raft.server.storage.dir = [/data/metadata/ratis] (custom)
datanode_6_1  | 	at java.base/java.util.concurrent.ThreadPoolExecutor$Worker.run(ThreadPoolExecutor.java:628)
datanode_4_1  | 2022-12-23 07:46:33,506 [pool-22-thread-1] INFO server.RaftServerConfigKeys: raft.server.threadpool.server.cached = true (default)
scm_1         | 2022-12-23 07:45:59,401 [6a99fe70-29b5-41f8-922c-4b36a3616564@group-5F4D1AA5DAEB-LeaderElection1] INFO server.RaftServerConfigKeys: raft.server.staging.catchup.gap = 1000 (default)
datanode_2_1  | 2022-12-23 07:46:28,637 [pool-22-thread-1] INFO util.JmxRegister: Successfully registered JMX Bean with object name Ratis:service=RaftServer,group=group-91B590E51BCC,id=6b581913-725a-4921-9a13-33dc8df578f6
datanode_5_1  | 2022-12-23 07:46:32,084 [42154dd7-ed8e-4b5d-9597-b7c16373971f@group-91B590E51BCC-LeaderElection1] INFO impl.RoleInfo: 42154dd7-ed8e-4b5d-9597-b7c16373971f: start 42154dd7-ed8e-4b5d-9597-b7c16373971f@group-91B590E51BCC-LeaderStateImpl
datanode_5_1  | 2022-12-23 07:46:32,095 [pool-22-thread-1] INFO server.RaftServerConfigKeys: raft.server.log.unsafe-flush.enabled = false (default)
recon_1       | 2022-12-23 07:46:21,999 [Listener at 0.0.0.0/9891] INFO scm.ReconScmTask: Starting PipelineSyncTask Thread.
datanode_3_1  | 2022-12-23 07:47:00,815 [pool-22-thread-1] INFO server.RaftServerConfigKeys: raft.server.log.appender.buffer.byte-limit = 33554432 (custom)
om_1          | 2022-12-23 07:46:39,299 [pool-26-thread-1] INFO server.RaftServerConfigKeys: raft.server.log.corruption.policy = EXCEPTION (default)
datanode_6_1  | 	at java.base/java.lang.Thread.run(Thread.java:829)
datanode_4_1  | 2022-12-23 07:46:33,506 [pool-22-thread-1] INFO server.RaftServerConfigKeys: raft.server.threadpool.server.size = 0 (default)
datanode_4_1  | 2022-12-23 07:46:33,506 [pool-22-thread-1] INFO server.RaftServerConfigKeys: raft.server.threadpool.client.cached = true (default)
datanode_2_1  | 2022-12-23 07:46:28,639 [pool-22-thread-1] INFO server.RaftServerConfigKeys: raft.server.snapshot.auto.trigger.enabled = true (custom)
datanode_5_1  | 2022-12-23 07:46:32,095 [pool-22-thread-1] INFO server.RaftServerConfigKeys: raft.server.log.async-flush.enabled = false (default)
datanode_1_1  | 2022-12-23 07:47:05,520 [635978a7-fe12-4633-b331-ca46b4a08c28@group-C2D618A7BB43-LeaderElection2] INFO ratis.XceiverServerRatis: Leader change notification received for group: group-C2D618A7BB43 with new leaderId: 635978a7-fe12-4633-b331-ca46b4a08c28
recon_1       | 2022-12-23 07:46:22,053 [Listener at 0.0.0.0/9891] INFO scm.ReconScmTask: Registered ContainerHealthTask task 
datanode_3_1  | 2022-12-23 07:47:00,839 [grpc-default-executor-0] INFO server.RaftServer$Division: abacd039-3736-41df-86fd-bd04edd6c80b@group-3DC599333D1A replies to ELECTION vote request: 0273042c-552b-4259-b8f3-72794ee64eba<-abacd039-3736-41df-86fd-bd04edd6c80b#0:FAIL-t1. Peer's state: abacd039-3736-41df-86fd-bd04edd6c80b@group-3DC599333D1A:t1, leader=null, voted=null, raftlog=Memoized:abacd039-3736-41df-86fd-bd04edd6c80b@group-3DC599333D1A-SegmentedRaftLog:OPENED:c-1, conf=-1: peers:[0273042c-552b-4259-b8f3-72794ee64eba|rpc:10.5.0.9:9856|admin:10.5.0.9:9857|client:10.5.0.9:9858|dataStream:10.5.0.9:9858|priority:0|startupRole:FOLLOWER, abacd039-3736-41df-86fd-bd04edd6c80b|rpc:10.5.0.6:9856|admin:10.5.0.6:9857|client:10.5.0.6:9858|dataStream:10.5.0.6:9858|priority:1|startupRole:FOLLOWER, 635978a7-fe12-4633-b331-ca46b4a08c28|rpc:10.5.0.4:9856|admin:10.5.0.4:9857|client:10.5.0.4:9858|dataStream:10.5.0.4:9858|priority:0|startupRole:FOLLOWER]|listeners:[], old=null
om_1          | 2022-12-23 07:46:39,301 [pool-26-thread-1] INFO server.RaftServerConfigKeys: raft.server.storage.free-space.min = 0MB (=0) (default)
datanode_4_1  | 2022-12-23 07:46:33,506 [pool-22-thread-1] INFO server.RaftServerConfigKeys: raft.server.threadpool.client.size = 0 (default)
scm_1         | 2022-12-23 07:45:59,492 [6a99fe70-29b5-41f8-922c-4b36a3616564@group-5F4D1AA5DAEB-LeaderElection1] INFO server.RaftServerConfigKeys: raft.server.write.element-limit = 4096 (default)
datanode_6_1  | Caused by: java.net.SocketTimeoutException: 5000 millis timeout while waiting for channel to be ready for read. ch : java.nio.channels.SocketChannel[connected local=/10.5.0.9:51402 remote=recon/10.5.0.72:9891]
datanode_2_1  | 2022-12-23 07:46:28,640 [pool-22-thread-1] INFO server.RaftServerConfigKeys: raft.server.snapshot.auto.trigger.threshold = 10000 (custom)
datanode_5_1  | 2022-12-23 07:46:32,095 [pool-22-thread-1] INFO server.RaftServerConfigKeys: raft.server.log.statemachine.data.caching.enabled = true (custom)
datanode_1_1  | 2022-12-23 07:47:05,520 [635978a7-fe12-4633-b331-ca46b4a08c28@group-C2D618A7BB43-LeaderElection2] INFO server.RaftServer$Division: 635978a7-fe12-4633-b331-ca46b4a08c28@group-C2D618A7BB43: change Leader from null to 635978a7-fe12-4633-b331-ca46b4a08c28 at term 1 for becomeLeader, leader elected after 5627ms
recon_1       | 2022-12-23 07:46:22,054 [Listener at 0.0.0.0/9891] INFO scm.ReconScmTask: Starting ContainerHealthTask Thread.
datanode_3_1  | 2022-12-23 07:47:00,896 [pool-22-thread-1] INFO server.RaftServerConfigKeys: raft.server.log.unsafe-flush.enabled = false (default)
om_1          | 2022-12-23 07:46:39,396 [pool-26-thread-1] INFO server.RaftServerConfigKeys: raft.server.notification.no-leader.timeout = 120s (custom)
datanode_4_1  | 2022-12-23 07:46:33,506 [pool-22-thread-1] INFO storage.RaftStorageDirectory: The storage directory /data/metadata/ratis/a87d026b-311a-413c-96af-c77a346492c9 does not exist. Creating ...
scm_1         | 2022-12-23 07:45:59,567 [6a99fe70-29b5-41f8-922c-4b36a3616564@group-5F4D1AA5DAEB-LeaderElection1] INFO server.RaftServerConfigKeys: raft.server.write.byte-limit = 64MB (=67108864) (default)
datanode_6_1  | 	at org.apache.hadoop.net.SocketIOWithTimeout.doIO(SocketIOWithTimeout.java:163)
datanode_2_1  | 2022-12-23 07:46:28,640 [pool-22-thread-1] INFO server.RaftServerConfigKeys: raft.server.snapshot.retention.file.num = 5 (custom)
datanode_5_1  | 2022-12-23 07:46:32,095 [pool-22-thread-1] INFO segmented.SegmentedRaftLogWorker: 42154dd7-ed8e-4b5d-9597-b7c16373971f@group-88A94C137AD4-SegmentedRaftLogWorker: flushIndex: setUnconditionally 0 -> -1
datanode_1_1  | 2022-12-23 07:47:05,520 [635978a7-fe12-4633-b331-ca46b4a08c28@group-C2D618A7BB43-LeaderElection2] INFO server.RaftServerConfigKeys: raft.server.staging.catchup.gap = 1000 (default)
recon_1       | 2022-12-23 07:46:22,216 [PipelineSyncTask] INFO scm.ReconPipelineManager: Recon has 0 pipelines in house.
recon_1       | 2022-12-23 07:46:22,245 [PipelineSyncTask] INFO scm.PipelineSyncTask: Pipeline sync Thread took 172 milliseconds.
datanode_3_1  | 2022-12-23 07:47:00,896 [pool-22-thread-1] INFO server.RaftServerConfigKeys: raft.server.log.async-flush.enabled = false (default)
datanode_3_1  | 2022-12-23 07:47:00,896 [pool-22-thread-1] INFO server.RaftServerConfigKeys: raft.server.log.statemachine.data.caching.enabled = true (custom)
datanode_3_1  | 2022-12-23 07:47:00,896 [pool-22-thread-1] INFO segmented.SegmentedRaftLogWorker: abacd039-3736-41df-86fd-bd04edd6c80b@group-C2D618A7BB43-SegmentedRaftLogWorker: flushIndex: setUnconditionally 0 -> -1
datanode_3_1  | 2022-12-23 07:47:00,896 [pool-22-thread-1] INFO segmented.SegmentedRaftLogWorker: abacd039-3736-41df-86fd-bd04edd6c80b@group-C2D618A7BB43-SegmentedRaftLogWorker: safeCacheEvictIndex: setUnconditionally 0 -> -1
datanode_3_1  | 2022-12-23 07:47:00,897 [pool-22-thread-1] INFO server.RaftServer$Division: abacd039-3736-41df-86fd-bd04edd6c80b@group-C2D618A7BB43: start as a follower, conf=-1: peers:[0273042c-552b-4259-b8f3-72794ee64eba|rpc:10.5.0.9:9856|admin:10.5.0.9:9857|client:10.5.0.9:9858|dataStream:10.5.0.9:9858|priority:0|startupRole:FOLLOWER, abacd039-3736-41df-86fd-bd04edd6c80b|rpc:10.5.0.6:9856|admin:10.5.0.6:9857|client:10.5.0.6:9858|dataStream:10.5.0.6:9858|priority:0|startupRole:FOLLOWER, 635978a7-fe12-4633-b331-ca46b4a08c28|rpc:10.5.0.4:9856|admin:10.5.0.4:9857|client:10.5.0.4:9858|dataStream:10.5.0.4:9858|priority:1|startupRole:FOLLOWER]|listeners:[], old=null
datanode_3_1  | 2022-12-23 07:47:00,898 [pool-22-thread-1] INFO server.RaftServer$Division: abacd039-3736-41df-86fd-bd04edd6c80b@group-C2D618A7BB43: changes role from      null to FOLLOWER at term 0 for startAsFollower
datanode_3_1  | 2022-12-23 07:47:00,900 [pool-22-thread-1] INFO impl.RoleInfo: abacd039-3736-41df-86fd-bd04edd6c80b: start abacd039-3736-41df-86fd-bd04edd6c80b@group-C2D618A7BB43-FollowerState
datanode_1_1  | 2022-12-23 07:47:05,520 [635978a7-fe12-4633-b331-ca46b4a08c28@group-C2D618A7BB43-LeaderElection2] INFO server.RaftServerConfigKeys: raft.server.write.element-limit = 1024 (custom)
datanode_2_1  | 2022-12-23 07:46:28,641 [pool-22-thread-1] INFO server.RaftServerConfigKeys: raft.server.log.purge.upto.snapshot.index = false (default)
om_1          | 2022-12-23 07:46:39,405 [pool-26-thread-1] INFO server.RaftServerConfigKeys: raft.server.retrycache.expirytime = 300s (custom)
scm_1         | 2022-12-23 07:45:59,711 [6a99fe70-29b5-41f8-922c-4b36a3616564@group-5F4D1AA5DAEB-LeaderElection1] INFO server.RaftServerConfigKeys: raft.server.watch.timeout = 10s (default)
datanode_5_1  | 2022-12-23 07:46:32,096 [pool-22-thread-1] INFO segmented.SegmentedRaftLogWorker: 42154dd7-ed8e-4b5d-9597-b7c16373971f@group-88A94C137AD4-SegmentedRaftLogWorker: safeCacheEvictIndex: setUnconditionally 0 -> -1
recon_1       | 2022-12-23 07:46:22,327 [ContainerHealthTask] INFO fsck.ContainerHealthTask: Container Health task thread took 266 milliseconds to process 0 existing database records.
datanode_4_1  | 2022-12-23 07:46:33,522 [pool-22-thread-1] INFO storage.RaftStorageDirectory: Lock on /data/metadata/ratis/a87d026b-311a-413c-96af-c77a346492c9/in_use.lock acquired by nodename 7@026c7becc292
datanode_6_1  | 	at org.apache.hadoop.net.SocketInputStream.read(SocketInputStream.java:161)
datanode_3_1  | 2022-12-23 07:47:00,901 [pool-22-thread-1] INFO util.JmxRegister: Successfully registered JMX Bean with object name Ratis:service=RaftServer,group=group-C2D618A7BB43,id=abacd039-3736-41df-86fd-bd04edd6c80b
datanode_1_1  | 2022-12-23 07:47:05,520 [635978a7-fe12-4633-b331-ca46b4a08c28@group-C2D618A7BB43-LeaderElection2] INFO server.RaftServerConfigKeys: raft.server.write.byte-limit = 1024 M (=1073741824) (custom)
datanode_2_1  | 2022-12-23 07:46:30,886 [grpc-default-executor-0] INFO server.RaftServer$Division: 6b581913-725a-4921-9a13-33dc8df578f6@group-91B590E51BCC: receive requestVote(ELECTION, 42154dd7-ed8e-4b5d-9597-b7c16373971f, group-91B590E51BCC, 1, (t:0, i:0))
om_1          | 2022-12-23 07:46:39,405 [pool-26-thread-1] INFO server.RaftServerConfigKeys: raft.server.retrycache.statistics.expirytime = 100?s (default)
scm_1         | 2022-12-23 07:45:59,711 [6a99fe70-29b5-41f8-922c-4b36a3616564@group-5F4D1AA5DAEB-LeaderElection1] INFO server.RaftServerConfigKeys: raft.server.watch.timeout.denomination = 1s (default)
scm_1         | 2022-12-23 07:45:59,721 [6a99fe70-29b5-41f8-922c-4b36a3616564@group-5F4D1AA5DAEB-LeaderElection1] INFO server.RaftServerConfigKeys: raft.server.watch.element-limit = 65536 (default)
recon_1       | 2022-12-23 07:46:22,562 [ContainerHealthTask] INFO fsck.ContainerHealthTask: Container Health task thread took 234 milliseconds for processing 0 containers.
datanode_4_1  | 2022-12-23 07:46:33,531 [pool-22-thread-1] INFO storage.RaftStorage: Storage directory /data/metadata/ratis/a87d026b-311a-413c-96af-c77a346492c9 has been successfully formatted.
datanode_4_1  | 2022-12-23 07:46:33,533 [pool-22-thread-1] INFO ratis.ContainerStateMachine: group-C77A346492C9: The snapshot info is null. Setting the last applied indexto:(t:0, i:~)
datanode_3_1  | 2022-12-23 07:47:00,901 [pool-22-thread-1] INFO server.RaftServerConfigKeys: raft.server.snapshot.auto.trigger.enabled = true (custom)
datanode_1_1  | 2022-12-23 07:47:05,528 [635978a7-fe12-4633-b331-ca46b4a08c28@group-C2D618A7BB43-LeaderElection2] INFO server.RaftServerConfigKeys: raft.server.watch.timeout = 180s (custom)
datanode_2_1  | 2022-12-23 07:46:30,898 [grpc-default-executor-0] INFO impl.VoteContext: 6b581913-725a-4921-9a13-33dc8df578f6@group-91B590E51BCC-FOLLOWER: accept ELECTION from 42154dd7-ed8e-4b5d-9597-b7c16373971f: our priority 0 <= candidate's priority 1
datanode_2_1  | 2022-12-23 07:46:30,900 [grpc-default-executor-0] INFO server.RaftServer$Division: 6b581913-725a-4921-9a13-33dc8df578f6@group-91B590E51BCC: changes role from  FOLLOWER to FOLLOWER at term 1 for candidate:42154dd7-ed8e-4b5d-9597-b7c16373971f
datanode_2_1  | 2022-12-23 07:46:30,905 [grpc-default-executor-0] INFO impl.RoleInfo: 6b581913-725a-4921-9a13-33dc8df578f6: shutdown 6b581913-725a-4921-9a13-33dc8df578f6@group-91B590E51BCC-FollowerState
datanode_5_1  | 2022-12-23 07:46:32,101 [pool-22-thread-1] INFO server.RaftServer$Division: 42154dd7-ed8e-4b5d-9597-b7c16373971f@group-88A94C137AD4: start as a follower, conf=-1: peers:[42154dd7-ed8e-4b5d-9597-b7c16373971f|rpc:10.5.0.8:9856|admin:10.5.0.8:9857|client:10.5.0.8:9858|dataStream:10.5.0.8:9858|priority:1|startupRole:FOLLOWER]|listeners:[], old=null
recon_1       | 2022-12-23 07:46:23,388 [IPC Server handler 17 on default port 9891] WARN ipc.Server: IPC Server handler 17 on default port 9891, call Call#3 Retry#0 org.apache.hadoop.ozone.protocol.ReconDatanodeProtocol.submitRequest from 10.5.0.7:38732: output error
datanode_4_1  | 2022-12-23 07:46:33,533 [pool-22-thread-1] INFO server.RaftServerConfigKeys: raft.server.log.use.memory = false (default)
datanode_3_1  | 2022-12-23 07:47:00,901 [pool-22-thread-1] INFO server.RaftServerConfigKeys: raft.server.snapshot.auto.trigger.threshold = 10000 (custom)
datanode_1_1  | 2022-12-23 07:47:05,528 [635978a7-fe12-4633-b331-ca46b4a08c28@group-C2D618A7BB43-LeaderElection2] INFO server.RaftServerConfigKeys: raft.server.watch.timeout.denomination = 1s (default)
datanode_1_1  | 2022-12-23 07:47:05,528 [635978a7-fe12-4633-b331-ca46b4a08c28@group-C2D618A7BB43-LeaderElection2] INFO server.RaftServerConfigKeys: raft.server.watch.element-limit = 65536 (default)
datanode_1_1  | 2022-12-23 07:47:05,528 [635978a7-fe12-4633-b331-ca46b4a08c28@group-C2D618A7BB43-LeaderElection2] INFO server.RaftServerConfigKeys: raft.server.write.element-limit = 1024 (custom)
datanode_2_1  | 2022-12-23 07:46:30,908 [6b581913-725a-4921-9a13-33dc8df578f6@group-91B590E51BCC-FollowerState] INFO impl.FollowerState: 6b581913-725a-4921-9a13-33dc8df578f6@group-91B590E51BCC-FollowerState was interrupted
datanode_5_1  | 2022-12-23 07:46:32,101 [pool-22-thread-1] INFO server.RaftServer$Division: 42154dd7-ed8e-4b5d-9597-b7c16373971f@group-88A94C137AD4: changes role from      null to FOLLOWER at term 0 for startAsFollower
recon_1       | 2022-12-23 07:46:23,411 [IPC Server handler 4 on default port 9891] WARN ipc.Server: IPC Server handler 4 on default port 9891, call Call#3 Retry#0 org.apache.hadoop.ozone.protocol.ReconDatanodeProtocol.submitRequest from 10.5.0.8:36656: output error
datanode_4_1  | 2022-12-23 07:46:33,544 [7a637c80-3370-4b1c-9ef8-801a213e235d@group-91B590E51BCC-SegmentedRaftLogWorker] INFO segmented.SegmentedRaftLogWorker: 7a637c80-3370-4b1c-9ef8-801a213e235d@group-91B590E51BCC-SegmentedRaftLogWorker: created new log segment /data/metadata/ratis/8611da94-dc3a-4fcb-b20b-91b590e51bcc/current/log_inprogress_0
datanode_3_1  | 2022-12-23 07:47:00,901 [pool-22-thread-1] INFO server.RaftServerConfigKeys: raft.server.snapshot.retention.file.num = 5 (custom)
datanode_1_1  | 2022-12-23 07:47:05,528 [635978a7-fe12-4633-b331-ca46b4a08c28@group-C2D618A7BB43-LeaderElection2] INFO server.RaftServerConfigKeys: raft.server.write.follower.gap.ratio.max = -1.0 (default)
datanode_1_1  | 2022-12-23 07:47:05,562 [635978a7-fe12-4633-b331-ca46b4a08c28@group-C2D618A7BB43-LeaderElection2] INFO server.RaftServerConfigKeys: raft.server.log.appender.snapshot.chunk.size.max = 16MB (=16777216) (default)
datanode_1_1  | 2022-12-23 07:47:05,562 [635978a7-fe12-4633-b331-ca46b4a08c28@group-C2D618A7BB43-LeaderElection2] INFO server.RaftServerConfigKeys: raft.server.log.appender.buffer.byte-limit = 33554432 (custom)
datanode_2_1  | 2022-12-23 07:46:30,909 [grpc-default-executor-0] INFO impl.RoleInfo: 6b581913-725a-4921-9a13-33dc8df578f6: start 6b581913-725a-4921-9a13-33dc8df578f6@group-91B590E51BCC-FollowerState
datanode_5_1  | 2022-12-23 07:46:32,101 [pool-22-thread-1] INFO impl.RoleInfo: 42154dd7-ed8e-4b5d-9597-b7c16373971f: start 42154dd7-ed8e-4b5d-9597-b7c16373971f@group-88A94C137AD4-FollowerState
recon_1       | 2022-12-23 07:46:23,401 [IPC Server handler 2 on default port 9891] WARN ipc.Server: IPC Server handler 2 on default port 9891, call Call#3 Retry#0 org.apache.hadoop.ozone.protocol.ReconDatanodeProtocol.submitRequest from 10.5.0.5:41150: output error
datanode_4_1  | 2022-12-23 07:46:33,545 [pool-22-thread-1] INFO server.RaftServerConfigKeys: raft.server.log.purge.gap = 1000000 (custom)
datanode_3_1  | 2022-12-23 07:47:00,901 [pool-22-thread-1] INFO server.RaftServerConfigKeys: raft.server.log.purge.upto.snapshot.index = false (default)
datanode_1_1  | 2022-12-23 07:47:05,563 [635978a7-fe12-4633-b331-ca46b4a08c28@group-C2D618A7BB43-LeaderElection2] INFO server.RaftServerConfigKeys: raft.server.log.appender.buffer.element-limit = 1 (custom)
datanode_1_1  | 2022-12-23 07:47:05,569 [635978a7-fe12-4633-b331-ca46b4a08c28@group-C2D618A7BB43-LeaderElection2] INFO grpc.GrpcConfigKeys: raft.grpc.server.leader.outstanding.appends.max = 128 (default)
om_1          | 2022-12-23 07:46:39,685 [pool-26-thread-1] INFO server.RaftServerConfigKeys: raft.server.log.appender.install.snapshot.enabled = false (custom)
datanode_2_1  | 2022-12-23 07:46:30,919 [6b581913-725a-4921-9a13-33dc8df578f6@group-91B590E51BCC-FollowerState] INFO server.RaftServerConfigKeys: raft.server.rpc.first-election.timeout.min = 5s (fallback to raft.server.rpc.timeout.min)
datanode_2_1  | 2022-12-23 07:46:30,919 [6b581913-725a-4921-9a13-33dc8df578f6@group-91B590E51BCC-FollowerState] INFO server.RaftServerConfigKeys: raft.server.rpc.first-election.timeout.max = 5200ms (fallback to raft.server.rpc.timeout.max)
recon_1       | 2022-12-23 07:46:23,415 [IPC Server handler 23 on default port 9891] WARN ipc.Server: IPC Server handler 23 on default port 9891, call Call#1 Retry#0 org.apache.hadoop.ozone.protocol.ReconDatanodeProtocol.submitRequest from 10.5.0.8:47396: output error
datanode_4_1  | 2022-12-23 07:46:33,545 [pool-22-thread-1] INFO server.RaftServerConfigKeys: raft.server.log.appender.buffer.byte-limit = 33554432 (custom)
datanode_3_1  | 2022-12-23 07:47:00,902 [abacd039-3736-41df-86fd-bd04edd6c80b@group-C2D618A7BB43-FollowerState] INFO server.RaftServerConfigKeys: raft.server.rpc.first-election.timeout.min = 5s (fallback to raft.server.rpc.timeout.min)
datanode_1_1  | 2022-12-23 07:47:05,569 [635978a7-fe12-4633-b331-ca46b4a08c28@group-C2D618A7BB43-LeaderElection2] INFO server.RaftServerConfigKeys: raft.server.rpc.request.timeout = 60s (custom)
datanode_1_1  | 2022-12-23 07:47:05,569 [635978a7-fe12-4633-b331-ca46b4a08c28@group-C2D618A7BB43-LeaderElection2] INFO server.RaftServerConfigKeys: raft.server.log.appender.install.snapshot.enabled = false (custom)
datanode_1_1  | 2022-12-23 07:47:05,584 [635978a7-fe12-4633-b331-ca46b4a08c28@group-C2D618A7BB43-LeaderElection2] INFO grpc.GrpcConfigKeys: raft.grpc.server.heartbeat.channel = true (default)
datanode_5_1  | 2022-12-23 07:46:32,123 [pool-22-thread-1] INFO util.JmxRegister: Successfully registered JMX Bean with object name Ratis:service=RaftServer,group=group-88A94C137AD4,id=42154dd7-ed8e-4b5d-9597-b7c16373971f
datanode_5_1  | 2022-12-23 07:46:32,123 [pool-22-thread-1] INFO server.RaftServerConfigKeys: raft.server.snapshot.auto.trigger.enabled = true (custom)
recon_1       | 2022-12-23 07:46:23,415 [IPC Server handler 23 on default port 9891] INFO ipc.Server: IPC Server handler 23 on default port 9891 caught an exception
datanode_4_1  | 2022-12-23 07:46:33,545 [pool-22-thread-1] INFO server.RaftServerConfigKeys: raft.server.log.statemachine.data.read.timeout = 1000ms (default)
datanode_3_1  | 2022-12-23 07:47:00,929 [Command processor thread] INFO ratis.XceiverServerRatis: Created group PipelineID=69e4db31-ce8f-4877-a0d7-c2d618a7bb43
datanode_1_1  | 2022-12-23 07:47:05,584 [635978a7-fe12-4633-b331-ca46b4a08c28@group-C2D618A7BB43-LeaderElection2] INFO server.RaftServerConfigKeys: raft.server.log.appender.wait-time.min = 10ms (default)
datanode_1_1  | 2022-12-23 07:47:05,589 [635978a7-fe12-4633-b331-ca46b4a08c28@group-C2D618A7BB43-LeaderElection2] INFO server.RaftServerConfigKeys: raft.server.log.appender.snapshot.chunk.size.max = 16MB (=16777216) (default)
datanode_1_1  | 2022-12-23 07:47:05,589 [635978a7-fe12-4633-b331-ca46b4a08c28@group-C2D618A7BB43-LeaderElection2] INFO server.RaftServerConfigKeys: raft.server.log.appender.buffer.byte-limit = 33554432 (custom)
datanode_5_1  | 2022-12-23 07:46:32,124 [pool-22-thread-1] INFO server.RaftServerConfigKeys: raft.server.snapshot.auto.trigger.threshold = 10000 (custom)
datanode_5_1  | 2022-12-23 07:46:32,125 [pool-22-thread-1] INFO server.RaftServerConfigKeys: raft.server.snapshot.retention.file.num = 5 (custom)
recon_1       | java.nio.channels.ClosedChannelException
datanode_4_1  | 2022-12-23 07:46:33,545 [pool-22-thread-1] INFO server.RaftServerConfigKeys: raft.server.log.purge.preservation.log.num = 0 (default)
datanode_3_1  | 2022-12-23 07:47:00,959 [abacd039-3736-41df-86fd-bd04edd6c80b@group-C2D618A7BB43-FollowerState] INFO server.RaftServerConfigKeys: raft.server.rpc.first-election.timeout.max = 5200ms (fallback to raft.server.rpc.timeout.max)
datanode_1_1  | 2022-12-23 07:47:05,589 [635978a7-fe12-4633-b331-ca46b4a08c28@group-C2D618A7BB43-LeaderElection2] INFO server.RaftServerConfigKeys: raft.server.log.appender.buffer.element-limit = 1 (custom)
om_1          | 2022-12-23 07:46:39,686 [pool-26-thread-1] INFO server.RaftServerConfigKeys: raft.server.threadpool.server.cached = true (default)
om_1          | 2022-12-23 07:46:39,689 [pool-26-thread-1] INFO server.RaftServerConfigKeys: raft.server.threadpool.server.size = 0 (default)
datanode_5_1  | 2022-12-23 07:46:32,125 [pool-22-thread-1] INFO server.RaftServerConfigKeys: raft.server.log.purge.upto.snapshot.index = false (default)
datanode_5_1  | 2022-12-23 07:46:32,132 [Command processor thread] INFO ratis.XceiverServerRatis: Created group PipelineID=910f5415-ac59-4ff3-8b20-88a94c137ad4
recon_1       | 	at java.base/sun.nio.ch.SocketChannelImpl.ensureOpenAndConnected(SocketChannelImpl.java:180)
datanode_4_1  | 2022-12-23 07:46:33,546 [pool-22-thread-1] INFO server.RaftServerConfigKeys: raft.server.log.segment.size.max = 1048576 (custom)
datanode_3_1  | 2022-12-23 07:47:01,131 [Command processor thread] INFO commandhandler.CreatePipelineCommandHandler: Created Pipeline RATIS THREE PipelineID=69e4db31-ce8f-4877-a0d7-c2d618a7bb43.
datanode_1_1  | 2022-12-23 07:47:05,589 [635978a7-fe12-4633-b331-ca46b4a08c28@group-C2D618A7BB43-LeaderElection2] INFO grpc.GrpcConfigKeys: raft.grpc.server.leader.outstanding.appends.max = 128 (default)
datanode_1_1  | 2022-12-23 07:47:05,589 [635978a7-fe12-4633-b331-ca46b4a08c28@group-C2D618A7BB43-LeaderElection2] INFO server.RaftServerConfigKeys: raft.server.rpc.request.timeout = 60s (custom)
datanode_1_1  | 2022-12-23 07:47:05,589 [635978a7-fe12-4633-b331-ca46b4a08c28@group-C2D618A7BB43-LeaderElection2] INFO server.RaftServerConfigKeys: raft.server.log.appender.install.snapshot.enabled = false (custom)
datanode_5_1  | 2022-12-23 07:46:32,132 [Command processor thread] INFO commandhandler.CreatePipelineCommandHandler: Created Pipeline RATIS ONE PipelineID=910f5415-ac59-4ff3-8b20-88a94c137ad4.
datanode_2_1  | 2022-12-23 07:46:30,968 [grpc-default-executor-0] INFO server.RaftServer$Division: 6b581913-725a-4921-9a13-33dc8df578f6@group-91B590E51BCC replies to ELECTION vote request: 42154dd7-ed8e-4b5d-9597-b7c16373971f<-6b581913-725a-4921-9a13-33dc8df578f6#0:OK-t1. Peer's state: 6b581913-725a-4921-9a13-33dc8df578f6@group-91B590E51BCC:t1, leader=null, voted=42154dd7-ed8e-4b5d-9597-b7c16373971f, raftlog=Memoized:6b581913-725a-4921-9a13-33dc8df578f6@group-91B590E51BCC-SegmentedRaftLog:OPENED:c-1, conf=-1: peers:[42154dd7-ed8e-4b5d-9597-b7c16373971f|rpc:10.5.0.8:9856|admin:10.5.0.8:9857|client:10.5.0.8:9858|dataStream:10.5.0.8:9858|priority:1|startupRole:FOLLOWER, 7a637c80-3370-4b1c-9ef8-801a213e235d|rpc:10.5.0.7:9856|admin:10.5.0.7:9857|client:10.5.0.7:9858|dataStream:10.5.0.7:9858|priority:0|startupRole:FOLLOWER, 6b581913-725a-4921-9a13-33dc8df578f6|rpc:10.5.0.5:9856|admin:10.5.0.5:9857|client:10.5.0.5:9858|dataStream:10.5.0.5:9858|priority:0|startupRole:FOLLOWER]|listeners:[], old=null
recon_1       | 	at java.base/sun.nio.ch.SocketChannelImpl.write(SocketChannelImpl.java:452)
datanode_4_1  | 2022-12-23 07:46:33,561 [pool-22-thread-1] INFO server.RaftServerConfigKeys: raft.server.log.segment.cache.num.max = 2 (custom)
datanode_3_1  | 2022-12-23 07:47:05,350 [grpc-default-executor-0] INFO server.RaftServer$Division: abacd039-3736-41df-86fd-bd04edd6c80b@group-C2D618A7BB43: receive requestVote(ELECTION, 635978a7-fe12-4633-b331-ca46b4a08c28, group-C2D618A7BB43, 1, (t:0, i:0))
datanode_1_1  | 2022-12-23 07:47:05,589 [635978a7-fe12-4633-b331-ca46b4a08c28@group-C2D618A7BB43-LeaderElection2] INFO grpc.GrpcConfigKeys: raft.grpc.server.heartbeat.channel = true (default)
om_1          | 2022-12-23 07:46:39,693 [pool-26-thread-1] INFO server.RaftServerConfigKeys: raft.server.threadpool.client.cached = true (default)
om_1          | 2022-12-23 07:46:39,695 [pool-26-thread-1] INFO server.RaftServerConfigKeys: raft.server.threadpool.client.size = 0 (default)
datanode_5_1  | 2022-12-23 07:46:32,133 [Command processor thread] INFO server.RaftServer: 42154dd7-ed8e-4b5d-9597-b7c16373971f: addNew group-C77A346492C9:[42154dd7-ed8e-4b5d-9597-b7c16373971f|rpc:10.5.0.8:9856|admin:10.5.0.8:9857|client:10.5.0.8:9858|dataStream:10.5.0.8:9858|priority:0|startupRole:FOLLOWER, 7a637c80-3370-4b1c-9ef8-801a213e235d|rpc:10.5.0.7:9856|admin:10.5.0.7:9857|client:10.5.0.7:9858|dataStream:10.5.0.7:9858|priority:0|startupRole:FOLLOWER, 6b581913-725a-4921-9a13-33dc8df578f6|rpc:10.5.0.5:9856|admin:10.5.0.5:9857|client:10.5.0.5:9858|dataStream:10.5.0.5:9858|priority:1|startupRole:FOLLOWER] returns group-C77A346492C9:java.util.concurrent.CompletableFuture@6f448a33[Not completed]
datanode_2_1  | 2022-12-23 07:46:32,496 [grpc-default-executor-0] INFO server.RaftServer: 6b581913-725a-4921-9a13-33dc8df578f6: addNew group-C77A346492C9:[42154dd7-ed8e-4b5d-9597-b7c16373971f|rpc:10.5.0.8:9856|admin:10.5.0.8:9857|client:10.5.0.8:9858|dataStream:10.5.0.8:9858|priority:0|startupRole:FOLLOWER, 7a637c80-3370-4b1c-9ef8-801a213e235d|rpc:10.5.0.7:9856|admin:10.5.0.7:9857|client:10.5.0.7:9858|dataStream:10.5.0.7:9858|priority:0|startupRole:FOLLOWER, 6b581913-725a-4921-9a13-33dc8df578f6|rpc:10.5.0.5: