datanode_1_1  | 2022-12-23 07:47:00,687 [635978a7-fe12-4633-b331-ca46b4a08c28@group-3DC599333D1A-FollowerState] INFO impl.FollowerState: 635978a7-fe12-4633-b331-ca46b4a08c28@group-3DC599333D1A-FollowerState was interrupted
scm_1         | 2022-12-23 07:45:52,705 [6a99fe70-29b5-41f8-922c-4b36a3616564-impl-thread1] INFO segmented.SegmentedRaftLogWorker: new 6a99fe70-29b5-41f8-922c-4b36a3616564@group-5F4D1AA5DAEB-SegmentedRaftLogWorker for RaftStorageImpl:Storage Directory /data/metadata/scm-ha/43a8eada-1e4e-4282-b858-5f4d1aa5daeb
datanode_4_1  | 2022-12-23 07:46:31,096 [grpc-default-executor-0] INFO server.RaftServer$Division: 7a637c80-3370-4b1c-9ef8-801a213e235d@group-91B590E51BCC replies to ELECTION vote request: 42154dd7-ed8e-4b5d-9597-b7c16373971f<-7a637c80-3370-4b1c-9ef8-801a213e235d#0:OK-t1. Peer's state: 7a637c80-3370-4b1c-9ef8-801a213e235d@group-91B590E51BCC:t1, leader=null, voted=42154dd7-ed8e-4b5d-9597-b7c16373971f, raftlog=Memoized:7a637c80-3370-4b1c-9ef8-801a213e235d@group-91B590E51BCC-SegmentedRaftLog:OPENED:c-1, conf=-1: peers:[42154dd7-ed8e-4b5d-9597-b7c16373971f|rpc:10.5.0.8:9856|admin:10.5.0.8:9857|client:10.5.0.8:9858|dataStream:10.5.0.8:9858|priority:1|startupRole:FOLLOWER, 7a637c80-3370-4b1c-9ef8-801a213e235d|rpc:10.5.0.7:9856|admin:10.5.0.7:9857|client:10.5.0.7:9858|dataStream:10.5.0.7:9858|priority:0|startupRole:FOLLOWER, 6b581913-725a-4921-9a13-33dc8df578f6|rpc:10.5.0.5:9856|admin:10.5.0.5:9857|client:10.5.0.5:9858|dataStream:10.5.0.5:9858|priority:0|startupRole:FOLLOWER]|listeners:[], old=null
datanode_1_1  | 2022-12-23 07:47:00,688 [grpc-default-executor-1] INFO impl.RoleInfo: 635978a7-fe12-4633-b331-ca46b4a08c28: start 635978a7-fe12-4633-b331-ca46b4a08c28@group-3DC599333D1A-FollowerState
om_1          | 2022-12-23 07:46:38,054 [main] INFO grpc.GrpcConfigKeys: raft.grpc.server.async.request.thread.pool.size = 32 (default)
om_1          | 2022-12-23 07:46:38,570 [main] INFO impl.DataStreamServerImpl: raft.datastream.type = NETTY (custom)
scm_1         | 2022-12-23 07:45:52,725 [6a99fe70-29b5-41f8-922c-4b36a3616564-impl-thread1] INFO server.RaftServerConfigKeys: raft.server.log.queue.byte-limit = 64MB (=67108864) (default)
datanode_4_1  | 2022-12-23 07:46:32,665 [7a637c80-3370-4b1c-9ef8-801a213e235d-server-thread1] INFO ratis.XceiverServerRatis: Leader change notification received for group: group-91B590E51BCC with new leaderId: 42154dd7-ed8e-4b5d-9597-b7c16373971f
datanode_1_1  | 2022-12-23 07:47:00,686 [635978a7-fe12-4633-b331-ca46b4a08c28@group-00BABAD9023B-LeaderElection1] INFO impl.RoleInfo: 635978a7-fe12-4633-b331-ca46b4a08c28: start 635978a7-fe12-4633-b331-ca46b4a08c28@group-00BABAD9023B-LeaderStateImpl
om_1          | 2022-12-23 07:46:38,612 [main] INFO server.RaftServerConfigKeys: raft.server.data-stream.async.request.thread.pool.cached = false (default)
datanode_2_1  | 2022-12-23 07:46:28,306 [pool-22-thread-1] INFO ratis.ContainerStateMachine: group-91B590E51BCC: The snapshot info is null. Setting the last applied indexto:(t:0, i:~)
datanode_2_1  | 2022-12-23 07:46:28,308 [pool-22-thread-1] INFO server.RaftServerConfigKeys: raft.server.log.use.memory = false (default)
datanode_2_1  | 2022-12-23 07:46:28,399 [pool-22-thread-1] INFO server.RaftServerConfigKeys: raft.server.log.purge.gap = 1000000 (custom)
datanode_2_1  | 2022-12-23 07:46:28,403 [pool-22-thread-1] INFO server.RaftServerConfigKeys: raft.server.log.appender.buffer.byte-limit = 33554432 (custom)
datanode_2_1  | 2022-12-23 07:46:28,416 [pool-22-thread-1] INFO server.RaftServerConfigKeys: raft.server.log.statemachine.data.read.timeout = 1000ms (default)
scm_1         | 2022-12-23 07:45:52,726 [6a99fe70-29b5-41f8-922c-4b36a3616564-impl-thread1] INFO server.RaftServerConfigKeys: raft.server.log.queue.element-limit = 4096 (default)
datanode_4_1  | 2022-12-23 07:46:32,666 [7a637c80-3370-4b1c-9ef8-801a213e235d-server-thread1] INFO server.RaftServer$Division: 7a637c80-3370-4b1c-9ef8-801a213e235d@group-91B590E51BCC: change Leader from null to 42154dd7-ed8e-4b5d-9597-b7c16373971f at term 1 for appendEntries, leader elected after 2502ms
datanode_1_1  | 2022-12-23 07:47:00,705 [635978a7-fe12-4633-b331-ca46b4a08c28@group-3DC599333D1A-FollowerState] INFO server.RaftServerConfigKeys: raft.server.rpc.first-election.timeout.min = 5s (fallback to raft.server.rpc.timeout.min)
om_1          | 2022-12-23 07:46:38,614 [main] INFO server.RaftServerConfigKeys: raft.server.data-stream.async.request.thread.pool.size = 32 (default)
om_1          | 2022-12-23 07:46:38,614 [main] INFO server.RaftServerConfigKeys: raft.server.data-stream.async.write.thread.pool.size = 16 (default)
om_1          | 2022-12-23 07:46:38,618 [main] INFO server.RaftServerConfigKeys: raft.server.data-stream.client.pool.size = 10 (default)
om_1          | 2022-12-23 07:46:38,627 [main] INFO netty.NettyConfigKeys$DataStream: raft.netty.dataStream.server.use-epoll = false (default)
om_1          | 2022-12-23 07:46:38,627 [main] INFO netty.NettyConfigKeys$DataStream: raft.netty.dataStream.server.boss-group.size = 0 (default)
om_1          | 2022-12-23 07:46:38,639 [main] INFO netty.NettyConfigKeys$DataStream: raft.netty.dataStream.server.worker-group.size = 0 (default)
datanode_4_1  | 2022-12-23 07:46:33,110 [7a637c80-3370-4b1c-9ef8-801a213e235d-server-thread2] INFO server.RaftServer$Division: 7a637c80-3370-4b1c-9ef8-801a213e235d@group-91B590E51BCC: set configuration 0: peers:[42154dd7-ed8e-4b5d-9597-b7c16373971f|rpc:10.5.0.8:9856|admin:10.5.0.8:9857|client:10.5.0.8:9858|dataStream:10.5.0.8:9858|priority:1|startupRole:FOLLOWER, 7a637c80-3370-4b1c-9ef8-801a213e235d|rpc:10.5.0.7:9856|admin:10.5.0.7:9857|client:10.5.0.7:9858|dataStream:10.5.0.7:9858|priority:0|startupRole:FOLLOWER, 6b581913-725a-4921-9a13-33dc8df578f6|rpc:10.5.0.5:9856|admin:10.5.0.5:9857|client:10.5.0.5:9858|dataStream:10.5.0.5:9858|priority:0|startupRole:FOLLOWER]|listeners:[], old=null
datanode_1_1  | 2022-12-23 07:47:00,705 [635978a7-fe12-4633-b331-ca46b4a08c28@group-3DC599333D1A-FollowerState] INFO server.RaftServerConfigKeys: raft.server.rpc.first-election.timeout.max = 5200ms (fallback to raft.server.rpc.timeout.max)
om_1          | 2022-12-23 07:46:38,653 [main] INFO netty.NettyConfigKeys$DataStream: raft.netty.dataStream.server.tls.conf = null (default)
recon_1       | 	at org.apache.hadoop.security.UserGroupInformation.doAs(UserGroupInformation.java:1878)
recon_1       | 	at org.apache.hadoop.ipc.Server$Handler.run(Server.java:2976)
recon_1       | , while invoking $Proxy44.submitRequest over nodeId=scmNodeId,nodeAddress=scm/10.5.0.71:9860 after 2 failover attempts. Trying to failover after sleeping for 2000ms.
recon_1       | 2022-12-23 07:46:18,043 [Listener at 0.0.0.0/9891] INFO retry.RetryInvocationHandler: com.google.protobuf.ServiceException: org.apache.hadoop.ipc.RemoteException(org.apache.hadoop.hdds.ratis.ServerNotLeaderException): Server:6a99fe70-29b5-41f8-922c-4b36a3616564 is not the leader. Could not determine the leader node.
recon_1       | 	at org.apache.hadoop.hdds.ratis.ServerNotLeaderException.convertToNotLeaderException(ServerNotLeaderException.java:109)
datanode_4_1  | 2022-12-23 07:46:33,169 [7a637c80-3370-4b1c-9ef8-801a213e235d-server-thread2] INFO segmented.SegmentedRaftLogWorker: 7a637c80-3370-4b1c-9ef8-801a213e235d@group-91B590E51BCC-SegmentedRaftLogWorker: Starting segment from index:0
datanode_1_1  | 2022-12-23 07:47:00,772 [Command processor thread] INFO commandhandler.CreatePipelineCommandHandler: Created Pipeline RATIS THREE PipelineID=69e4db31-ce8f-4877-a0d7-c2d618a7bb43.
om_1          | 2022-12-23 07:46:38,655 [main] INFO netty.NettyConfigKeys$DataStream: raft.netty.dataStream.host = null (default)
om_1          | 2022-12-23 07:46:38,655 [main] INFO netty.NettyConfigKeys$DataStream: raft.netty.dataStream.port = 0 (default)
om_1          | 2022-12-23 07:46:38,968 [main] INFO server.RaftServerConfigKeys: raft.server.threadpool.proxy.cached = true (default)
datanode_6_1  | Caused by: java.util.concurrent.TimeoutException
datanode_6_1  | 	at java.base/java.util.concurrent.FutureTask.get(FutureTask.java:204)
datanode_6_1  | 	at org.apache.hadoop.ozone.container.common.states.datanode.RunningDatanodeState.lambda$execute$0(RunningDatanodeState.java:157)
datanode_4_1  | 2022-12-23 07:46:33,474 [grpc-default-executor-0] INFO server.RaftServer: 7a637c80-3370-4b1c-9ef8-801a213e235d: addNew group-C77A346492C9:[42154dd7-ed8e-4b5d-9597-b7c16373971f|rpc:10.5.0.8:9856|admin:10.5.0.8:9857|client:10.5.0.8:9858|dataStream:10.5.0.8:9858|priority:0|startupRole:FOLLOWER, 7a637c80-3370-4b1c-9ef8-801a213e235d|rpc:10.5.0.7:9856|admin:10.5.0.7:9857|client:10.5.0.7:9858|dataStream:10.5.0.7:9858|priority:0|startupRole:FOLLOWER, 6b581913-725a-4921-9a13-33dc8df578f6|rpc:10.5.0.5:9856|admin:10.5.0.5:9857|client:10.5.0.5:9858|dataStream:10.5.0.5:9858|priority:1|startupRole:FOLLOWER] returns group-C77A346492C9:java.util.concurrent.CompletableFuture@6af18aff[Not completed]
datanode_1_1  | 2022-12-23 07:47:00,813 [grpc-default-executor-1] INFO server.RaftServer$Division: 635978a7-fe12-4633-b331-ca46b4a08c28@group-3DC599333D1A replies to ELECTION vote request: 0273042c-552b-4259-b8f3-72794ee64eba<-635978a7-fe12-4633-b331-ca46b4a08c28#0:OK-t1. Peer's state: 635978a7-fe12-4633-b331-ca46b4a08c28@group-3DC599333D1A:t1, leader=null, voted=0273042c-552b-4259-b8f3-72794ee64eba, raftlog=Memoized:635978a7-fe12-4633-b331-ca46b4a08c28@group-3DC599333D1A-SegmentedRaftLog:OPENED:c-1, conf=-1: peers:[0273042c-552b-4259-b8f3-72794ee64eba|rpc:10.5.0.9:9856|admin:10.5.0.9:9857|client:10.5.0.9:9858|dataStream:10.5.0.9:9858|priority:0|startupRole:FOLLOWER, abacd039-3736-41df-86fd-bd04edd6c80b|rpc:10.5.0.6:9856|admin:10.5.0.6:9857|client:10.5.0.6:9858|dataStream:10.5.0.6:9858|priority:1|startupRole:FOLLOWER, 635978a7-fe12-4633-b331-ca46b4a08c28|rpc:10.5.0.4:9856|admin:10.5.0.4:9857|client:10.5.0.4:9858|dataStream:10.5.0.4:9858|priority:0|startupRole:FOLLOWER]|listeners:[], old=null
datanode_2_1  | 2022-12-23 07:46:28,417 [pool-22-thread-1] INFO server.RaftServerConfigKeys: raft.server.log.purge.preservation.log.num = 0 (default)
datanode_2_1  | 2022-12-23 07:46:28,420 [pool-22-thread-1] INFO server.RaftServerConfigKeys: raft.server.log.segment.size.max = 1048576 (custom)
datanode_2_1  | 2022-12-23 07:46:28,442 [pool-22-thread-1] INFO server.RaftServerConfigKeys: raft.server.log.segment.cache.num.max = 2 (custom)
datanode_2_1  | 2022-12-23 07:46:28,442 [pool-22-thread-1] INFO server.RaftServerConfigKeys: raft.server.log.segment.cache.size.max = 200MB (=209715200) (default)
datanode_2_1  | 2022-12-23 07:46:28,465 [pool-22-thread-1] INFO segmented.SegmentedRaftLogWorker: new 6b581913-725a-4921-9a13-33dc8df578f6@group-91B590E51BCC-SegmentedRaftLogWorker for RaftStorageImpl:Storage Directory /data/metadata/ratis/8611da94-dc3a-4fcb-b20b-91b590e51bcc
datanode_2_1  | 2022-12-23 07:46:28,467 [pool-22-thread-1] INFO server.RaftServerConfigKeys: raft.server.log.queue.byte-limit = 4294967296 (custom)
datanode_5_1  | 2022-12-23 07:46:31,420 [pool-22-thread-1] INFO server.RaftServerConfigKeys: raft.server.log.segment.size.max = 1048576 (custom)
datanode_5_1  | 2022-12-23 07:46:31,420 [pool-22-thread-1] INFO server.RaftServerConfigKeys: raft.server.log.segment.cache.num.max = 2 (custom)
datanode_5_1  | 2022-12-23 07:46:31,420 [pool-22-thread-1] INFO server.RaftServerConfigKeys: raft.server.log.segment.cache.size.max = 200MB (=209715200) (default)
datanode_5_1  | 2022-12-23 07:46:31,420 [pool-22-thread-1] INFO segmented.SegmentedRaftLogWorker: new 42154dd7-ed8e-4b5d-9597-b7c16373971f@group-88A94C137AD4-SegmentedRaftLogWorker for RaftStorageImpl:Storage Directory /data/metadata/ratis/910f5415-ac59-4ff3-8b20-88a94c137ad4
datanode_5_1  | 2022-12-23 07:46:31,421 [pool-22-thread-1] INFO server.RaftServerConfigKeys: raft.server.log.queue.byte-limit = 4294967296 (custom)
datanode_5_1  | 2022-12-23 07:46:31,421 [pool-22-thread-1] INFO server.RaftServerConfigKeys: raft.server.log.queue.element-limit = 1024 (custom)
datanode_5_1  | 2022-12-23 07:46:31,421 [pool-22-thread-1] INFO server.RaftServerConfigKeys: raft.server.log.segment.size.max = 1048576 (custom)
datanode_5_1  | 2022-12-23 07:46:31,421 [pool-22-thread-1] INFO server.RaftServerConfigKeys: raft.server.log.preallocated.size = 16384 (custom)
scm_1         | 2022-12-23 07:45:52,750 [6a99fe70-29b5-41f8-922c-4b36a3616564-impl-thread1] INFO server.RaftServerConfigKeys: raft.server.log.segment.size.max = 4194304 (custom)
scm_1         | 2022-12-23 07:45:52,751 [6a99fe70-29b5-41f8-922c-4b36a3616564-impl-thread1] INFO server.RaftServerConfigKeys: raft.server.log.preallocated.size = 4194304 (custom)
datanode_5_1  | 2022-12-23 07:46:31,421 [pool-22-thread-1] INFO server.RaftServerConfigKeys: raft.server.log.force.sync.num = 128 (default)
recon_1       | 	at org.apache.hadoop.hdds.scm.ha.RatisUtil.checkRatisException(RatisUtil.java:246)
om_1          | 2022-12-23 07:46:38,968 [main] INFO server.RaftServerConfigKeys: raft.server.threadpool.proxy.size = 0 (default)
om_1          | 2022-12-23 07:46:38,969 [main] INFO server.RaftServerConfigKeys: raft.server.rpc.slowness.timeout = 120s (custom)
om_1          | 2022-12-23 07:46:38,970 [main] INFO server.RaftServerConfigKeys: raft.server.leaderelection.leader.step-down.wait-time = 10s (default)
datanode_6_1  | 	at java.base/java.util.concurrent.FutureTask.run(FutureTask.java:264)
datanode_6_1  | 	at java.base/java.util.concurrent.Executors$RunnableAdapter.call(Executors.java:515)
datanode_6_1  | 	at java.base/java.util.concurrent.FutureTask.run(FutureTask.java:264)
datanode_1_1  | 2022-12-23 07:47:00,853 [635978a7-fe12-4633-b331-ca46b4a08c28@group-00BABAD9023B-LeaderElection1] INFO segmented.SegmentedRaftLogWorker: 635978a7-fe12-4633-b331-ca46b4a08c28@group-00BABAD9023B-SegmentedRaftLogWorker: Starting segment from index:0
datanode_5_1  | 2022-12-23 07:46:31,421 [pool-22-thread-1] INFO server.RaftServerConfigKeys: raft.server.log.statemachine.data.sync = true (default)
recon_1       | 	at org.apache.hadoop.hdds.scm.protocol.StorageContainerLocationProtocolServerSideTranslatorPB.submitRequest(StorageContainerLocationProtocolServerSideTranslatorPB.java:193)
datanode_3_1  | 2022-12-23 07:47:00,726 [grpc-default-executor-0] INFO server.RaftServer$Division: abacd039-3736-41df-86fd-bd04edd6c80b@group-3DC599333D1A: changes role from  FOLLOWER to FOLLOWER at term 1 for candidate:0273042c-552b-4259-b8f3-72794ee64eba
datanode_3_1  | 2022-12-23 07:47:00,732 [grpc-default-executor-0] INFO impl.RoleInfo: abacd039-3736-41df-86fd-bd04edd6c80b: shutdown abacd039-3736-41df-86fd-bd04edd6c80b@group-3DC599333D1A-FollowerState
datanode_3_1  | 2022-12-23 07:47:00,733 [abacd039-3736-41df-86fd-bd04edd6c80b@group-3DC599333D1A-FollowerState] INFO impl.FollowerState: abacd039-3736-41df-86fd-bd04edd6c80b@group-3DC599333D1A-FollowerState was interrupted
scm_1         | 2022-12-23 07:45:52,761 [6a99fe70-29b5-41f8-922c-4b36a3616564-impl-thread1] INFO server.RaftServerConfigKeys: raft.server.log.force.sync.num = 128 (default)
datanode_2_1  | 2022-12-23 07:46:28,468 [pool-22-thread-1] INFO server.RaftServerConfigKeys: raft.server.log.queue.element-limit = 1024 (custom)
datanode_2_1  | 2022-12-23 07:46:28,474 [pool-22-thread-1] INFO server.RaftServerConfigKeys: raft.server.log.segment.size.max = 1048576 (custom)
datanode_1_1  | 2022-12-23 07:47:00,972 [635978a7-fe12-4633-b331-ca46b4a08c28@group-00BABAD9023B-LeaderElection1] INFO server.RaftServer$Division: 635978a7-fe12-4633-b331-ca46b4a08c28@group-00BABAD9023B: set configuration 0: peers:[635978a7-fe12-4633-b331-ca46b4a08c28|rpc:10.5.0.4:9856|admin:10.5.0.4:9857|client:10.5.0.4:9858|dataStream:10.5.0.4:9858|priority:1|startupRole:FOLLOWER]|listeners:[], old=null
datanode_5_1  | 2022-12-23 07:46:31,421 [pool-22-thread-1] INFO server.RaftServerConfigKeys: raft.server.log.statemachine.data.sync.timeout = 10s (default)
recon_1       | 	at org.apache.hadoop.hdds.protocol.proto.StorageContainerLocationProtocolProtos$StorageContainerLocationProtocolService$2.callBlockingMethod(StorageContainerLocationProtocolProtos.java:62741)
recon_1       | 	at org.apache.hadoop.ipc.ProtobufRpcEngine$Server.processCall(ProtobufRpcEngine.java:465)
recon_1       | 	at org.apache.hadoop.ipc.ProtobufRpcEngine2$Server$ProtoBufRpcInvoker.call(ProtobufRpcEngine2.java:578)
datanode_6_1  | 	at java.base/java.util.concurrent.ThreadPoolExecutor.runWorker(ThreadPoolExecutor.java:1128)
om_1          | 2022-12-23 07:46:38,975 [main] INFO server.RaftServerConfigKeys: raft.server.storage.dir = [/data/metadata/ratis] (custom)
scm_1         | 2022-12-23 07:45:52,786 [6a99fe70-29b5-41f8-922c-4b36a3616564-impl-thread1] INFO server.RaftServerConfigKeys: raft.server.log.statemachine.data.sync = true (default)
datanode_2_1  | 2022-12-23 07:46:28,475 [pool-22-thread-1] INFO server.RaftServerConfigKeys: raft.server.log.preallocated.size = 16384 (custom)
datanode_2_1  | 2022-12-23 07:46:28,475 [pool-22-thread-1] INFO server.RaftServerConfigKeys: raft.server.log.force.sync.num = 128 (default)
datanode_2_1  | 2022-12-23 07:46:28,476 [pool-22-thread-1] INFO server.RaftServerConfigKeys: raft.server.log.statemachine.data.sync = true (default)
datanode_2_1  | 2022-12-23 07:46:28,482 [pool-22-thread-1] INFO server.RaftServerConfigKeys: raft.server.log.statemachine.data.sync.timeout = 10s (default)
datanode_2_1  | 2022-12-23 07:46:28,482 [pool-22-thread-1] INFO server.RaftServerConfigKeys: raft.server.log.statemachine.data.sync.timeout.retry = -1 (default)
recon_1       | 	at org.apache.hadoop.ipc.ProtobufRpcEngine2$Server$ProtoBufRpcInvoker.call(ProtobufRpcEngine2.java:556)
datanode_6_1  | 	at java.base/java.util.concurrent.ThreadPoolExecutor$Worker.run(ThreadPoolExecutor.java:628)
om_1          | 2022-12-23 07:46:39,035 [main] INFO server.RaftServer: om1: addNew group-C5BA1605619E:[om1|rpc:om:9872|priority:0|startupRole:FOLLOWER] returns group-C5BA1605619E:java.util.concurrent.CompletableFuture@6789b471[Not completed]
scm_1         | 2022-12-23 07:45:52,791 [6a99fe70-29b5-41f8-922c-4b36a3616564-impl-thread1] INFO server.RaftServerConfigKeys: raft.server.log.statemachine.data.sync.timeout = 10s (default)
datanode_2_1  | 2022-12-23 07:46:28,512 [pool-22-thread-1] INFO server.RaftServerConfigKeys: raft.server.log.write.buffer.size = 1048576 (custom)
datanode_2_1  | 2022-12-23 07:46:28,515 [pool-22-thread-1] INFO server.RaftServerConfigKeys: raft.server.log.appender.buffer.byte-limit = 33554432 (custom)
datanode_2_1  | 2022-12-23 07:46:28,562 [pool-22-thread-1] INFO server.RaftServerConfigKeys: raft.server.log.unsafe-flush.enabled = false (default)
datanode_1_1  | 2022-12-23 07:47:01,126 [635978a7-fe12-4633-b331-ca46b4a08c28@group-00BABAD9023B-SegmentedRaftLogWorker] INFO segmented.SegmentedRaftLogWorker: 635978a7-fe12-4633-b331-ca46b4a08c28@group-00BABAD9023B-SegmentedRaftLogWorker: created new log segment /data/metadata/ratis/3360513a-bd11-4b05-9b27-00babad9023b/current/log_inprogress_0
datanode_5_1  | 2022-12-23 07:46:31,393 [42154dd7-ed8e-4b5d-9597-b7c16373971f@group-91B590E51BCC-LeaderElection1] INFO grpc.GrpcConfigKeys: raft.grpc.server.leader.outstanding.appends.max = 128 (default)
recon_1       | 	at org.apache.hadoop.ipc.RPC$Server.call(RPC.java:1093)
datanode_6_1  | 	... 1 more
om_1          | 2022-12-23 07:46:39,036 [main] INFO om.OzoneManager: OzoneManager Ratis server initialized at port 9872
scm_1         | 2022-12-23 07:45:52,806 [6a99fe70-29b5-41f8-922c-4b36a3616564-impl-thread1] INFO server.RaftServerConfigKeys: raft.server.log.statemachine.data.sync.timeout.retry = -1 (default)
scm_1         | 2022-12-23 07:45:52,910 [6a99fe70-29b5-41f8-922c-4b36a3616564-impl-thread1] INFO server.RaftServerConfigKeys: raft.server.log.write.buffer.size = 64KB (=65536) (default)
scm_1         | 2022-12-23 07:45:52,928 [6a99fe70-29b5-41f8-922c-4b36a3616564-impl-thread1] INFO server.RaftServerConfigKeys: raft.server.log.appender.buffer.byte-limit = 33554432 (custom)
scm_1         | 2022-12-23 07:45:53,079 [6a99fe70-29b5-41f8-922c-4b36a3616564-impl-thread1] INFO server.RaftServerConfigKeys: raft.server.log.unsafe-flush.enabled = false (default)
datanode_1_1  | 2022-12-23 07:47:05,260 [635978a7-fe12-4633-b331-ca46b4a08c28@group-C2D618A7BB43-FollowerState] INFO impl.FollowerState: 635978a7-fe12-4633-b331-ca46b4a08c28@group-C2D618A7BB43-FollowerState: change to CANDIDATE, lastRpcElapsedTime:5199913623ns, electionTimeout:5123ms
datanode_5_1  | 2022-12-23 07:46:31,422 [42154dd7-ed8e-4b5d-9597-b7c16373971f@group-91B590E51BCC-LeaderElection1] INFO server.RaftServerConfigKeys: raft.server.rpc.request.timeout = 60s (custom)
recon_1       | 	at org.apache.hadoop.ipc.Server$RpcCall.run(Server.java:1043)
datanode_6_1  | 2022-12-23 07:46:10,751 [EndpointStateMachine task thread for scm/10.5.0.71:9861 - 0 ] INFO ipc.Client: Retrying connect to server: scm/10.5.0.71:9861. Already tried 9 time(s); retry policy is RetryUpToMaximumCountWithFixedSleep(maxRetries=15, sleepTime=1000 MILLISECONDS)
datanode_6_1  | 2022-12-23 07:46:10,788 [EndpointStateMachine task thread for recon/10.5.0.72:9891 - 0 ] WARN statemachine.EndpointStateMachine: Unable to communicate to Recon server at recon:9891 for past 0 seconds.
scm_1         | 2022-12-23 07:45:53,090 [6a99fe70-29b5-41f8-922c-4b36a3616564-impl-thread1] INFO server.RaftServerConfigKeys: raft.server.log.async-flush.enabled = false (default)
datanode_3_1  | 2022-12-23 07:47:00,720 [pool-22-thread-1] INFO storage.RaftStorageDirectory: Lock on /data/metadata/ratis/69e4db31-ce8f-4877-a0d7-c2d618a7bb43/in_use.lock acquired by nodename 7@a6a394323b97
datanode_3_1  | 2022-12-23 07:47:00,734 [grpc-default-executor-0] INFO impl.RoleInfo: abacd039-3736-41df-86fd-bd04edd6c80b: start abacd039-3736-41df-86fd-bd04edd6c80b@group-3DC599333D1A-FollowerState
datanode_3_1  | 2022-12-23 07:47:00,763 [abacd039-3736-41df-86fd-bd04edd6c80b@group-3DC599333D1A-FollowerState] INFO server.RaftServerConfigKeys: raft.server.rpc.first-election.timeout.min = 5s (fallback to raft.server.rpc.timeout.min)
datanode_1_1  | 2022-12-23 07:47:05,260 [635978a7-fe12-4633-b331-ca46b4a08c28@group-C2D618A7BB43-FollowerState] INFO impl.RoleInfo: 635978a7-fe12-4633-b331-ca46b4a08c28: shutdown 635978a7-fe12-4633-b331-ca46b4a08c28@group-C2D618A7BB43-FollowerState
datanode_4_1  | 2022-12-23 07:46:33,485 [pool-22-thread-1] INFO server.RaftServer$Division: 7a637c80-3370-4b1c-9ef8-801a213e235d: new RaftServerImpl for group-C77A346492C9:[42154dd7-ed8e-4b5d-9597-b7c16373971f|rpc:10.5.0.8:9856|admin:10.5.0.8:9857|client:10.5.0.8:9858|dataStream:10.5.0.8:9858|priority:0|startupRole:FOLLOWER, 7a637c80-3370-4b1c-9ef8-801a213e235d|rpc:10.5.0.7:9856|admin:10.5.0.7:9857|client:10.5.0.7:9858|dataStream:10.5.0.7:9858|priority:0|startupRole:FOLLOWER, 6b581913-725a-4921-9a13-33dc8df578f6|rpc:10.5.0.5:9856|admin:10.5.0.5:9857|client:10.5.0.5:9858|dataStream:10.5.0.5:9858|priority:1|startupRole:FOLLOWER] with ContainerStateMachine:uninitialized
recon_1       | 	at org.apache.hadoop.ipc.Server$RpcCall.run(Server.java:971)
om_1          | 2022-12-23 07:46:39,028 [om1-NettyServerStreamRpc-bossGroup--thread1] INFO logging.LoggingHandler: [id: 0x9b254eba] REGISTERED
om_1          | 2022-12-23 07:46:39,060 [om1-NettyServerStreamRpc-bossGroup--thread1] INFO logging.LoggingHandler: [id: 0x9b254eba] BIND: 0.0.0.0/0.0.0.0:0
scm_1         | 2022-12-23 07:45:53,097 [6a99fe70-29b5-41f8-922c-4b36a3616564-impl-thread1] INFO server.RaftServerConfigKeys: raft.server.log.statemachine.data.caching.enabled = false (default)
scm_1         | 2022-12-23 07:45:53,163 [6a99fe70-29b5-41f8-922c-4b36a3616564-impl-thread1] INFO segmented.SegmentedRaftLogWorker: 6a99fe70-29b5-41f8-922c-4b36a3616564@group-5F4D1AA5DAEB-SegmentedRaftLogWorker: flushIndex: setUnconditionally 0 -> -1
datanode_2_1  | 2022-12-23 07:46:28,566 [pool-22-thread-1] INFO server.RaftServerConfigKeys: raft.server.log.async-flush.enabled = false (default)
datanode_2_1  | 2022-12-23 07:46:28,571 [pool-22-thread-1] INFO server.RaftServerConfigKeys: raft.server.log.statemachine.data.caching.enabled = true (custom)
datanode_5_1  | 2022-12-23 07:46:31,422 [42154dd7-ed8e-4b5d-9597-b7c16373971f@group-91B590E51BCC-LeaderElection1] INFO server.RaftServerConfigKeys: raft.server.log.appender.install.snapshot.enabled = false (custom)
datanode_5_1  | 2022-12-23 07:46:31,422 [42154dd7-ed8e-4b5d-9597-b7c16373971f@group-91B590E51BCC-LeaderElection1] INFO grpc.GrpcConfigKeys: raft.grpc.server.heartbeat.channel = true (default)
recon_1       | 	at java.base/java.security.AccessController.doPrivileged(Native Method)
datanode_1_1  | 2022-12-23 07:47:05,261 [635978a7-fe12-4633-b331-ca46b4a08c28@group-C2D618A7BB43-FollowerState] INFO server.RaftServer$Division: 635978a7-fe12-4633-b331-ca46b4a08c28@group-C2D618A7BB43: changes role from  FOLLOWER to CANDIDATE at term 0 for changeToCandidate
datanode_1_1  | 2022-12-23 07:47:05,261 [635978a7-fe12-4633-b331-ca46b4a08c28@group-C2D618A7BB43-FollowerState] INFO server.RaftServerConfigKeys: raft.server.leaderelection.pre-vote = false (custom)
datanode_1_1  | 2022-12-23 07:47:05,261 [635978a7-fe12-4633-b331-ca46b4a08c28@group-C2D618A7BB43-FollowerState] INFO impl.RoleInfo: 635978a7-fe12-4633-b331-ca46b4a08c28: start 635978a7-fe12-4633-b331-ca46b4a08c28@group-C2D618A7BB43-LeaderElection2
scm_1         | 2022-12-23 07:45:53,191 [6a99fe70-29b5-41f8-922c-4b36a3616564-impl-thread1] INFO segmented.SegmentedRaftLogWorker: 6a99fe70-29b5-41f8-922c-4b36a3616564@group-5F4D1AA5DAEB-SegmentedRaftLogWorker: safeCacheEvictIndex: setUnconditionally 0 -> -1
datanode_2_1  | 2022-12-23 07:46:28,602 [pool-22-thread-1] INFO segmented.SegmentedRaftLogWorker: 6b581913-725a-4921-9a13-33dc8df578f6@group-91B590E51BCC-SegmentedRaftLogWorker: flushIndex: setUnconditionally 0 -> -1
datanode_3_1  | 2022-12-23 07:47:00,773 [abacd039-3736-41df-86fd-bd04edd6c80b@group-3DC599333D1A-FollowerState] INFO server.RaftServerConfigKeys: raft.server.rpc.first-election.timeout.max = 5200ms (fallback to raft.server.rpc.timeout.max)
datanode_5_1  | 2022-12-23 07:46:31,423 [pool-22-thread-1] INFO server.RaftServerConfigKeys: raft.server.log.statemachine.data.sync.timeout.retry = -1 (default)
datanode_4_1  | 2022-12-23 07:46:33,486 [pool-22-thread-1] INFO server.RaftServerConfigKeys: raft.server.rpc.timeout.min = 5s (custom)
recon_1       | 	at java.base/javax.security.auth.Subject.doAs(Subject.java:423)
datanode_1_1  | 2022-12-23 07:47:05,266 [635978a7-fe12-4633-b331-ca46b4a08c28@group-C2D618A7BB43-LeaderElection2] INFO impl.LeaderElection: 635978a7-fe12-4633-b331-ca46b4a08c28@group-C2D618A7BB43-LeaderElection2 ELECTION round 0: submit vote requests at term 1 for -1: peers:[0273042c-552b-4259-b8f3-72794ee64eba|rpc:10.5.0.9:9856|admin:10.5.0.9:9857|client:10.5.0.9:9858|dataStream:10.5.0.9:9858|priority:0|startupRole:FOLLOWER, abacd039-3736-41df-86fd-bd04edd6c80b|rpc:10.5.0.6:9856|admin:10.5.0.6:9857|client:10.5.0.6:9858|dataStream:10.5.0.6:9858|priority:0|startupRole:FOLLOWER, 635978a7-fe12-4633-b331-ca46b4a08c28|rpc:10.5.0.4:9856|admin:10.5.0.4:9857|client:10.5.0.4:9858|dataStream:10.5.0.4:9858|priority:1|startupRole:FOLLOWER]|listeners:[], old=null
datanode_1_1  | 2022-12-23 07:47:05,271 [635978a7-fe12-4633-b331-ca46b4a08c28@group-C2D618A7BB43-LeaderElection2] INFO server.RaftServerConfigKeys: raft.server.rpc.first-election.timeout.min = 5s (fallback to raft.server.rpc.timeout.min)
datanode_1_1  | 2022-12-23 07:47:05,271 [635978a7-fe12-4633-b331-ca46b4a08c28@group-C2D618A7BB43-LeaderElection2] INFO server.RaftServerConfigKeys: raft.server.rpc.first-election.timeout.max = 5200ms (fallback to raft.server.rpc.timeout.max)
scm_1         | 2022-12-23 07:45:53,226 [6a99fe70-29b5-41f8-922c-4b36a3616564-impl-thread1] INFO server.RaftServer$Division: 6a99fe70-29b5-41f8-922c-4b36a3616564@group-5F4D1AA5DAEB: start as a follower, conf=-1: peers:[6a99fe70-29b5-41f8-922c-4b36a3616564|rpc:15870e435033:9894|priority:0|startupRole:FOLLOWER]|listeners:[], old=null
datanode_2_1  | 2022-12-23 07:46:28,605 [pool-22-thread-1] INFO segmented.SegmentedRaftLogWorker: 6b581913-725a-4921-9a13-33dc8df578f6@group-91B590E51BCC-SegmentedRaftLogWorker: safeCacheEvictIndex: setUnconditionally 0 -> -1
datanode_4_1  | 2022-12-23 07:46:33,486 [pool-22-thread-1] INFO server.RaftServerConfigKeys: raft.server.rpc.timeout.max = 5200ms (custom)
datanode_1_1  | 2022-12-23 07:47:05,272 [635978a7-fe12-4633-b331-ca46b4a08c28@group-C2D618A7BB43-LeaderElection2-1] INFO server.GrpcServerProtocolClient: Build channel for 0273042c-552b-4259-b8f3-72794ee64eba
om_1          | 2022-12-23 07:46:39,070 [om1-NettyServerStreamRpc-bossGroup--thread1] INFO logging.LoggingHandler: [id: 0x9b254eba, L:/0.0.0.0:38785] ACTIVE
om_1          | 2022-12-23 07:46:39,131 [main] INFO om.OzoneManager: Creating RPC Server
scm_1         | 2022-12-23 07:45:53,253 [6a99fe70-29b5-41f8-922c-4b36a3616564-impl-thread1] INFO server.RaftServer$Division: 6a99fe70-29b5-41f8-922c-4b36a3616564@group-5F4D1AA5DAEB: changes role from      null to FOLLOWER at term 0 for startAsFollower
datanode_3_1  | 2022-12-23 07:47:00,765 [pool-22-thread-1] INFO storage.RaftStorage: Storage directory /data/metadata/ratis/69e4db31-ce8f-4877-a0d7-c2d618a7bb43 has been successfully formatted.
datanode_5_1  | 2022-12-23 07:46:31,423 [42154dd7-ed8e-4b5d-9597-b7c16373971f@group-91B590E51BCC-LeaderElection1] INFO server.RaftServerConfigKeys: raft.server.log.appender.wait-time.min = 10ms (default)
recon_1       | 	at org.apache.hadoop.security.UserGroupInformation.doAs(UserGroupInformation.java:1878)
datanode_2_1  | 2022-12-23 07:46:28,607 [pool-22-thread-1] INFO server.RaftServer$Division: 6b581913-725a-4921-9a13-33dc8df578f6@group-91B590E51BCC: start as a follower, conf=-1: peers:[42154dd7-ed8e-4b5d-9597-b7c16373971f|rpc:10.5.0.8:9856|admin:10.5.0.8:9857|client:10.5.0.8:9858|dataStream:10.5.0.8:9858|priority:1|startupRole:FOLLOWER, 7a637c80-3370-4b1c-9ef8-801a213e235d|rpc:10.5.0.7:9856|admin:10.5.0.7:9857|client:10.5.0.7:9858|dataStream:10.5.0.7:9858|priority:0|startupRole:FOLLOWER, 6b581913-725a-4921-9a13-33dc8df578f6|rpc:10.5.0.5:9856|admin:10.5.0.5:9857|client:10.5.0.5:9858|dataStream:10.5.0.5:9858|priority:0|startupRole:FOLLOWER]|listeners:[], old=null
om_1          | 2022-12-23 07:46:39,150 [pool-26-thread-1] INFO server.RaftServer$Division: om1: new RaftServerImpl for group-C5BA1605619E:[om1|rpc:om:9872|priority:0|startupRole:FOLLOWER] with OzoneManagerStateMachine:uninitialized
scm_1         | 2022-12-23 07:45:53,255 [6a99fe70-29b5-41f8-922c-4b36a3616564-impl-thread1] INFO impl.RoleInfo: 6a99fe70-29b5-41f8-922c-4b36a3616564: start 6a99fe70-29b5-41f8-922c-4b36a3616564@group-5F4D1AA5DAEB-FollowerState
datanode_3_1  | 2022-12-23 07:47:00,794 [pool-22-thread-1] INFO ratis.ContainerStateMachine: group-C2D618A7BB43: The snapshot info is null. Setting the last applied indexto:(t:0, i:~)
datanode_3_1  | 2022-12-23 07:47:00,794 [pool-22-thread-1] INFO server.RaftServerConfigKeys: raft.server.log.use.memory = false (default)
datanode_3_1  | 2022-12-23 07:47:00,794 [pool-22-thread-1] INFO server.RaftServerConfigKeys: raft.server.log.purge.gap = 1000000 (custom)
recon_1       | 	at org.apache.hadoop.ipc.Server$Handler.run(Server.java:2976)
datanode_4_1  | 2022-12-23 07:46:33,486 [pool-22-thread-1] INFO server.RaftServerConfigKeys: raft.server.rpc.sleep.time = 25ms (default)
datanode_6_1  | java.net.SocketTimeoutException: Call From dd10a52322c1/10.5.0.9 to recon:9891 failed on socket timeout exception: java.net.SocketTimeoutException: 5000 millis timeout while waiting for channel to be ready for read. ch : java.nio.channels.SocketChannel[connected local=/10.5.0.9:51402 remote=recon/10.5.0.72:9891]; For more details see:  http://wiki.apache.org/hadoop/SocketTimeout
om_1          | 2022-12-23 07:46:39,162 [pool-26-thread-1] INFO server.RaftServerConfigKeys: raft.server.rpc.timeout.min = 5s (custom)
om_1          | 2022-12-23 07:46:39,164 [pool-26-thread-1] INFO server.RaftServerConfigKeys: raft.server.rpc.timeout.max = 5200ms (custom)
om_1          | 2022-12-23 07:46:39,164 [pool-26-thread-1] INFO server.RaftServerConfigKeys: raft.server.rpc.sleep.time = 25ms (default)
scm_1         | 2022-12-23 07:45:53,411 [6a99fe70-29b5-41f8-922c-4b36a3616564@group-5F4D1AA5DAEB-FollowerState] INFO server.RaftServerConfigKeys: raft.server.rpc.first-election.timeout.min = 5000ms (fallback to raft.server.rpc.timeout.min)
recon_1       | , while invoking $Proxy44.submitRequest over nodeId=scmNodeId,nodeAddress=scm/10.5.0.71:9860 after 3 failover attempts. Trying to failover after sleeping for 2000ms.
datanode_4_1  | 2022-12-23 07:46:33,486 [pool-22-thread-1] INFO server.RaftServerConfigKeys: raft.server.rpc.slowness.timeout = 300s (custom)
datanode_4_1  | 2022-12-23 07:46:33,486 [pool-22-thread-1] INFO server.RaftServerConfigKeys: raft.server.leaderelection.leader.step-down.wait-time = 10s (default)
datanode_3_1  | 2022-12-23 07:47:00,794 [pool-22-thread-1] INFO server.RaftServerConfigKeys: raft.server.log.appender.buffer.byte-limit = 33554432 (custom)
datanode_3_1  | 2022-12-23 07:47:00,796 [pool-22-thread-1] INFO server.RaftServerConfigKeys: raft.server.log.statemachine.data.read.timeout = 1000ms (default)
scm_1         | 2022-12-23 07:45:53,411 [6a99fe70-29b5-41f8-922c-4b36a3616564@group-5F4D1AA5DAEB-FollowerState] INFO server.RaftServerConfigKeys: raft.server.rpc.first-election.timeout.max = 5200ms (fallback to raft.server.rpc.timeout.max)
scm_1         | 2022-12-23 07:45:53,417 [6a99fe70-29b5-41f8-922c-4b36a3616564-impl-thread1] INFO util.JmxRegister: Successfully registered JMX Bean with object name Ratis:service=RaftServer,group=group-5F4D1AA5DAEB,id=6a99fe70-29b5-41f8-922c-4b36a3616564
scm_1         | 2022-12-23 07:45:53,423 [6a99fe70-29b5-41f8-922c-4b36a3616564-impl-thread1] INFO server.RaftServerConfigKeys: raft.server.snapshot.auto.trigger.enabled = true (custom)
datanode_6_1  | 	at java.base/jdk.internal.reflect.NativeConstructorAccessorImpl.newInstance0(Native Method)
datanode_6_1  | 	at java.base/jdk.internal.reflect.NativeConstructorAccessorImpl.newInstance(NativeConstructorAccessorImpl.java:62)
datanode_6_1  | 	at java.base/jdk.internal.reflect.DelegatingConstructorAccessorImpl.newInstance(DelegatingConstructorAccessorImpl.java:45)
datanode_3_1  | 2022-12-23 07:47:00,797 [pool-22-thread-1] INFO server.RaftServerConfigKeys: raft.server.log.purge.preservation.log.num = 0 (default)
datanode_3_1  | 2022-12-23 07:47:00,798 [pool-22-thread-1] INFO server.RaftServerConfigKeys: raft.server.log.segment.size.max = 1048576 (custom)
datanode_3_1  | 2022-12-23 07:47:00,806 [pool-22-thread-1] INFO server.RaftServerConfigKeys: raft.server.log.segment.cache.num.max = 2 (custom)
scm_1         | 2022-12-23 07:45:53,443 [6a99fe70-29b5-41f8-922c-4b36a3616564-impl-thread1] INFO server.RaftServerConfigKeys: raft.server.snapshot.auto.trigger.threshold = 1000 (custom)
recon_1       | 2022-12-23 07:46:21,868 [Listener at 0.0.0.0/9891] INFO scm.ReconStorageContainerManagerFacade: Obtained 0 pipelines from SCM.
datanode_6_1  | 	at java.base/java.lang.reflect.Constructor.newInstance(Constructor.java:490)
datanode_6_1  | 	at org.apache.hadoop.net.NetUtils.wrapWithMessage(NetUtils.java:913)
datanode_6_1  | 	at org.apache.hadoop.net.NetUtils.wrapException(NetUtils.java:848)
datanode_1_1  | 2022-12-23 07:47:05,275 [635978a7-fe12-4633-b331-ca46b4a08c28@group-C2D618A7BB43-LeaderElection2-2] INFO server.GrpcServerProtocolClient: Build channel for abacd039-3736-41df-86fd-bd04edd6c80b
datanode_4_1  | 2022-12-23 07:46:33,486 [pool-22-thread-1] INFO server.RaftServerConfigKeys: raft.server.sleep.deviation.threshold = 300ms (default)
datanode_4_1  | 2022-12-23 07:46:33,486 [pool-22-thread-1] INFO server.RaftServer$Division: 7a637c80-3370-4b1c-9ef8-801a213e235d@group-C77A346492C9: ConfigurationManager, init=-1: peers:[42154dd7-ed8e-4b5d-9597-b7c16373971f|rpc:10.5.0.8:9856|admin:10.5.0.8:9857|client:10.5.0.8:9858|dataStream:10.5.0.8:9858|priority:0|startupRole:FOLLOWER, 7a637c80-3370-4b1c-9ef8-801a213e235d|rpc:10.5.0.7:9856|admin:10.5.0.7:9857|client:10.5.0.7:9858|dataStream:10.5.0.7:9858|priority:0|startupRole:FOLLOWER, 6b581913-725a-4921-9a13-33dc8df578f6|rpc:10.5.0.5:9856|admin:10.5.0.5:9857|client:10.5.0.5:9858|dataStream:10.5.0.5:9858|priority:1|startupRole:FOLLOWER]|listeners:[], old=null, confs=<EMPTY_MAP>
datanode_3_1  | 2022-12-23 07:47:00,807 [pool-22-thread-1] INFO server.RaftServerConfigKeys: raft.server.log.segment.cache.size.max = 200MB (=209715200) (default)
datanode_3_1  | 2022-12-23 07:47:00,809 [pool-22-thread-1] INFO segmented.SegmentedRaftLogWorker: new abacd039-3736-41df-86fd-bd04edd6c80b@group-C2D618A7BB43-SegmentedRaftLogWorker for RaftStorageImpl:Storage Directory /data/metadata/ratis/69e4db31-ce8f-4877-a0d7-c2d618a7bb43
scm_1         | 2022-12-23 07:45:53,451 [6a99fe70-29b5-41f8-922c-4b36a3616564-impl-thread1] INFO server.RaftServerConfigKeys: raft.server.snapshot.retention.file.num = -1 (default)
recon_1       | 2022-12-23 07:46:21,868 [Listener at 0.0.0.0/9891] INFO scm.ReconPipelineManager: Recon has 0 pipelines in house.
datanode_5_1  | 2022-12-23 07:46:31,453 [pool-22-thread-1] INFO server.RaftServerConfigKeys: raft.server.log.write.buffer.size = 1048576 (custom)
datanode_5_1  | 2022-12-23 07:46:31,464 [pool-22-thread-1] INFO server.RaftServerConfigKeys: raft.server.log.appender.buffer.byte-limit = 33554432 (custom)
datanode_5_1  | 2022-12-23 07:46:32,073 [JvmPauseMonitor0] WARN util.JvmPauseMonitor: JvmPauseMonitor-42154dd7-ed8e-4b5d-9597-b7c16373971f: Detected pause in JVM or host machine (eg GC): pause of approximately 551103363ns.
datanode_1_1  | 2022-12-23 07:47:05,519 [635978a7-fe12-4633-b331-ca46b4a08c28@group-C2D618A7BB43-LeaderElection2] INFO impl.LeaderElection: 635978a7-fe12-4633-b331-ca46b4a08c28@group-C2D618A7BB43-LeaderElection2: ELECTION PASSED received 1 response(s) and 0 exception(s):
datanode_4_1  | 2022-12-23 07:46:33,487 [pool-22-thread-1] INFO server.RaftServerConfigKeys: raft.server.storage.dir = [/data/metadata/ratis] (custom)
datanode_4_1  | 2022-12-23 07:46:33,488 [pool-22-thread-1] INFO server.RaftServerConfigKeys: raft.server.log.corruption.policy = EXCEPTION (default)
datanode_3_1  | 2022-12-23 07:47:00,809 [pool-22-thread-1] INFO server.RaftServerConfigKeys: raft.server.log.queue.byte-limit = 4294967296 (custom)
datanode_3_1  | 2022-12-23 07:47:00,810 [pool-22-thread-1] INFO server.RaftServerConfigKeys: raft.server.log.queue.element-limit = 1024 (custom)
datanode_3_1  | 2022-12-23 07:47:00,810 [pool-22-thread-1] INFO server.RaftServerConfigKeys: raft.server.log.segment.size.max = 1048576 (custom)
datanode_3_1  | 2022-12-23 07:47:00,813 [pool-22-thread-1] INFO server.RaftServerConfigKeys: raft.server.log.preallocated.size = 16384 (custom)
datanode_3_1  | 2022-12-23 07:47:00,814 [pool-22-thread-1] INFO server.RaftServerConfigKeys: raft.server.log.force.sync.num = 128 (default)
datanode_3_1  | 2022-12-23 07:47:00,814 [pool-22-thread-1] INFO server.RaftServerConfigKeys: raft.server.log.statemachine.data.sync = true (default)
om_1          | 2022-12-23 07:46:39,165 [pool-26-thread-1] INFO server.RaftServerConfigKeys: raft.server.rpc.slowness.timeout = 120s (custom)
datanode_1_1  | 2022-12-23 07:47:05,519 [635978a7-fe12-4633-b331-ca46b4a08c28@group-C2D618A7BB43-LeaderElection2] INFO impl.LeaderElection:   Response 0: 635978a7-fe12-4633-b331-ca46b4a08c28<-0273042c-552b-4259-b8f3-72794ee64eba#0:OK-t1
datanode_4_1  | 2022-12-23 07:46:33,488 [pool-22-thread-1] INFO server.RaftServerConfigKeys: raft.server.storage.free-space.min = 0MB (=0) (default)
datanode_4_1  | 2022-12-23 07:46:33,488 [pool-22-thread-1] INFO server.RaftServerConfigKeys: raft.server.notification.no-leader.timeout = 300s (custom)
datanode_4_1  | 2022-12-23 07:46:33,488 [pool-22-thread-1] INFO server.RaftServerConfigKeys: raft.server.retrycache.expirytime = 600000ms (custom)
datanode_5_1  | GC pool 'ParNew' had collection(s): count=1 time=91ms
recon_1       | 2022-12-23 07:46:21,869 [Listener at 0.0.0.0/9891] INFO scm.ReconStorageContainerManagerFacade: SCM DB initialized
scm_1         | 2022-12-23 07:45:53,466 [6a99fe70-29b5-41f8-922c-4b36a3616564-impl-thread1] INFO server.RaftServerConfigKeys: raft.server.log.purge.upto.snapshot.index = false (default)
datanode_3_1  | 2022-12-23 07:47:00,814 [pool-22-thread-1] INFO server.RaftServerConfigKeys: raft.server.log.statemachine.data.sync.timeout = 10s (default)
om_1          | 2022-12-23 07:46:39,165 [pool-26-thread-1] INFO server.RaftServerConfigKeys: raft.server.leaderelection.leader.step-down.wait-time = 10s (default)
datanode_1_1  | 2022-12-23 07:47:05,520 [635978a7-fe12-4633-b331-ca46b4a08c28@group-C2D618A7BB43-LeaderElection2] INFO impl.LeaderElection: 635978a7-fe12-4633-b331-ca46b4a08c28@group-C2D618A7BB43-LeaderElection2 ELECTION round 0: result PASSED
datanode_4_1  | 2022-12-23 07:46:33,488 [pool-22-thread-1] INFO server.RaftServerConfigKeys: raft.server.retrycache.statistics.expirytime = 100?s (default)
datanode_6_1  | 	at org.apache.hadoop.ipc.Client.getRpcResponse(Client.java:1616)
datanode_6_1  | 	at org.apache.hadoop.ipc.Client.call(Client.java:1558)
datanode_5_1  | GC pool 'ConcurrentMarkSweep' had collection(s): count=1 time=501ms
datanode_5_1  | 2022-12-23 07:46:32,076 [42154dd7-ed8e-4b5d-9597-b7c16373971f@group-91B590E51BCC-LeaderElection1] INFO server.RaftServerConfigKeys: raft.server.log.appender.snapshot.chunk.size.max = 16MB (=16777216) (default)
datanode_5_1  | 2022-12-23 07:46:32,076 [42154dd7-ed8e-4b5d-9597-b7c16373971f@group-91B590E51BCC-LeaderElection1] INFO server.RaftServerConfigKeys: raft.server.log.appender.buffer.byte-limit = 33554432 (custom)
scm_1         | 2022-12-23 07:45:53,597 [main] INFO server.RaftServer: 6a99fe70-29b5-41f8-922c-4b36a3616564: start RPC server
datanode_3_1  | 2022-12-23 07:47:00,814 [pool-22-thread-1] INFO server.RaftServerConfigKeys: raft.server.log.statemachine.data.sync.timeout.retry = -1 (default)
om_1          | 2022-12-23 07:46:39,166 [pool-26-thread-1] INFO server.RaftServerConfigKeys: raft.server.sleep.deviation.threshold = 300ms (default)
datanode_1_1  | 2022-12-23 07:47:05,520 [635978a7-fe12-4633-b331-ca46b4a08c28@group-C2D618A7BB43-LeaderElection2] INFO impl.RoleInfo: 635978a7-fe12-4633-b331-ca46b4a08c28: shutdown 635978a7-fe12-4633-b331-ca46b4a08c28@group-C2D618A7BB43-LeaderElection2
datanode_4_1  | 2022-12-23 07:46:33,506 [pool-22-thread-1] INFO server.RaftServerConfigKeys: raft.server.log.appender.install.snapshot.enabled = false (custom)
datanode_6_1  | 	at org.apache.hadoop.ipc.Client.call(Client.java:1455)
datanode_6_1  | 	at org.apache.hadoop.ipc.ProtobufRpcEngine$Invoker.invoke(ProtobufRpcEngine.java:235)
datanode_5_1  | 2022-12-23 07:46:32,078 [42154dd7-ed8e-4b5d-9597-b7c16373971f@group-91B590E51BCC-LeaderElection1] INFO server.RaftServerConfigKeys: raft.server.log.appender.buffer.element-limit = 1 (custom)
datanode_5_1  | 2022-12-23 07:46:32,079 [42154dd7-ed8e-4b5d-9597-b7c16373971f@group-91B590E51BCC-LeaderElection1] INFO grpc.GrpcConfigKeys: raft.grpc.server.leader.outstanding.appends.max = 128 (default)
datanode_5_1  | 2022-12-23 07:46:32,079 [42154dd7-ed8e-4b5d-9597-b7c16373971f@group-91B590E51BCC-LeaderElection1] INFO server.RaftServerConfigKeys: raft.server.rpc.request.timeout = 60s (custom)
scm_1         | 2022-12-23 07:45:53,806 [main] INFO server.GrpcService: 6a99fe70-29b5-41f8-922c-4b36a3616564: GrpcService started, listening on 9894
scm_1         | 2022-12-23 07:45:53,933 [JvmPauseMonitor0] INFO util.JvmPauseMonitor: JvmPauseMonitor-6a99fe70-29b5-41f8-922c-4b36a3616564: Started
scm_1         | 2022-12-23 07:45:58,617 [6a99fe70-29b5-41f8-922c-4b36a3616564@group-5F4D1AA5DAEB-FollowerState] INFO impl.FollowerState: 6a99fe70-29b5-41f8-922c-4b36a3616564@group-5F4D1AA5DAEB-FollowerState: change to CANDIDATE, lastRpcElapsedTime:5362308693ns, electionTimeout:5128ms
scm_1         | 2022-12-23 07:45:58,626 [6a99fe70-29b5-41f8-922c-4b36a3616564@group-5F4D1AA5DAEB-FollowerState] INFO impl.RoleInfo: 6a99fe70-29b5-41f8-922c-4b36a3616564: shutdown 6a99fe70-29b5-41f8-922c-4b36a3616564@group-5F4D1AA5DAEB-FollowerState
scm_1         | 2022-12-23 07:45:58,657 [6a99fe70-29b5-41f8-922c-4b36a3616564@group-5F4D1AA5DAEB-FollowerState] INFO server.RaftServer$Division: 6a99fe70-29b5-41f8-922c-4b36a3616564@group-5F4D1AA5DAEB: changes role from  FOLLOWER to CANDIDATE at term 0 for changeToCandidate
scm_1         | 2022-12-23 07:45:58,759 [6a99fe70-29b5-41f8-922c-4b36a3616564@group-5F4D1AA5DAEB-FollowerState] INFO server.RaftServerConfigKeys: raft.server.leaderelection.pre-vote = false (custom)
scm_1         | 2022-12-23 07:45:58,788 [6a99fe70-29b5-41f8-922c-4b36a3616564@group-5F4D1AA5DAEB-FollowerState] INFO impl.RoleInfo: 6a99fe70-29b5-41f8-922c-4b36a3616564: start 6a99fe70-29b5-41f8-922c-4b36a3616564@group-5F4D1AA5DAEB-LeaderElection1
scm_1         | 2022-12-23 07:45:58,930 [6a99fe70-29b5-41f8-922c-4b36a3616564@group-5F4D1AA5DAEB-LeaderElection1] INFO impl.LeaderElection: 6a99fe70-29b5-41f8-922c-4b36a3616564@group-5F4D1AA5DAEB-LeaderElection1 ELECTION round 0: submit vote requests at term 1 for -1: peers:[6a99fe70-29b5-41f8-922c-4b36a3616564|rpc:15870e435033:9894|priority:0|startupRole:FOLLOWER]|listeners:[], old=null
scm_1         | 2022-12-23 07:45:58,939 [6a99fe70-29b5-41f8-922c-4b36a3616564@group-5F4D1AA5DAEB-LeaderElection1] INFO impl.LeaderElection: 6a99fe70-29b5-41f8-922c-4b36a3616564@group-5F4D1AA5DAEB-LeaderElection1 ELECTION round 0: result PASSED (term=1)
scm_1         | 2022-12-23 07:45:58,949 [6a99fe70-29b5-41f8-922c-4b36a3616564@group-5F4D1AA5DAEB-LeaderElection1] INFO impl.RoleInfo: 6a99fe70-29b5-41f8-922c-4b36a3616564: shutdown 6a99fe70-29b5-41f8-922c-4b36a3616564@group-5F4D1AA5DAEB-LeaderElection1
recon_1       | 2022-12-23 07:46:21,870 [Listener at 0.0.0.0/9891] INFO server.SCMDatanodeProtocolServer: ScmDatanodeProtocol RPC server for DataNodes is listening at /0.0.0.0:9891
recon_1       | 2022-12-23 07:46:21,873 [IPC Server Responder] INFO ipc.Server: IPC Server Responder: starting
recon_1       | 2022-12-23 07:46:21,989 [IPC Server listener on 9891] INFO ipc.Server: IPC Server listener on 9891: starting
datanode_2_1  | 2022-12-23 07:46:28,611 [pool-22-thread-1] INFO server.RaftServer$Division: 6b581913-725a-4921-9a13-33dc8df578f6@group-91B590E51BCC: changes role from      null to FOLLOWER at term 0 for startAsFollower
datanode_2_1  | 2022-12-23 07:46:28,612 [pool-22-thread-1] INFO impl.RoleInfo: 6b581913-725a-4921-9a13-33dc8df578f6: start 6b581913-725a-4921-9a13-33dc8df578f6@group-91B590E51BCC-FollowerState
datanode_2_1  | 2022-12-23 07:46:28,626 [6b581913-725a-4921-9a13-33dc8df578f6@group-91B590E51BCC-FollowerState] INFO server.RaftServerConfigKeys: raft.server.rpc.first-election.timeout.min = 5s (fallback to raft.server.rpc.timeout.min)
om_1          | 2022-12-23 07:46:39,256 [pool-26-thread-1] INFO server.RaftServer$Division: om1@group-C5BA1605619E: ConfigurationManager, init=-1: peers:[om1|rpc:om:9872|priority:0|startupRole:FOLLOWER]|listeners:[], old=null, confs=<EMPTY_MAP>
scm_1         | 2022-12-23 07:45:58,968 [6a99fe70-29b5-41f8-922c-4b36a3616564@group-5F4D1AA5DAEB-LeaderElection1] INFO server.RaftServer$Division: 6a99fe70-29b5-41f8-922c-4b36a3616564@group-5F4D1AA5DAEB: changes role from CANDIDATE to LEADER at term 1 for changeToLeader
datanode_5_1  | 2022-12-23 07:46:32,079 [42154dd7-ed8e-4b5d-9597-b7c16373971f@group-91B590E51BCC-LeaderElection1] INFO server.RaftServerConfigKeys: raft.server.log.appender.install.snapshot.enabled = false (custom)
datanode_6_1  | 	at org.apache.hadoop.ipc.ProtobufRpcEngine$Invoker.invoke(ProtobufRpcEngine.java:122)
datanode_6_1  | 	at com.sun.proxy.$Proxy43.submitRequest(Unknown Source)
datanode_6_1  | 	at org.apache.hadoop.ozone.protocolPB.StorageContainerDatanodeProtocolClientSideTranslatorPB.submitRequest(StorageContainerDatanodeProtocolClientSideTranslatorPB.java:117)
datanode_6_1  | 	at org.apache.hadoop.ozone.protocolPB.StorageContainerDatanodeProtocolClientSideTranslatorPB.getVersion(StorageContainerDatanodeProtocolClientSideTranslatorPB.java:133)
scm_1         | 2022-12-23 07:45:59,005 [6a99fe70-29b5-41f8-922c-4b36a3616564@group-5F4D1AA5DAEB-LeaderElection1] INFO server.RaftServer$Division: 6a99fe70-29b5-41f8-922c-4b36a3616564@group-5F4D1AA5DAEB: change Leader from null to 6a99fe70-29b5-41f8-922c-4b36a3616564 at term 1 for becomeLeader, leader elected after 7965ms
datanode_5_1  | 2022-12-23 07:46:32,079 [42154dd7-ed8e-4b5d-9597-b7c16373971f@group-91B590E51BCC-LeaderElection1] INFO grpc.GrpcConfigKeys: raft.grpc.server.heartbeat.channel = true (default)
datanode_6_1  | 	at org.apache.hadoop.ozone.container.common.states.endpoint.VersionEndpointTask.call(VersionEndpointTask.java:69)
datanode_6_1  | 	at org.apache.hadoop.ozone.container.common.states.endpoint.VersionEndpointTask.call(VersionEndpointTask.java:40)
datanode_6_1  | 	at java.base/java.util.concurrent.FutureTask.run(FutureTask.java:264)
datanode_6_1  | 	at java.base/java.util.concurrent.ThreadPoolExecutor.runWorker(ThreadPoolExecutor.java:1128)
datanode_2_1  | 2022-12-23 07:46:28,633 [6b581913-725a-4921-9a13-33dc8df578f6@group-91B590E51BCC-FollowerState] INFO server.RaftServerConfigKeys: raft.server.rpc.first-election.timeout.max = 5200ms (fallback to raft.server.rpc.timeout.max)
datanode_5_1  | 2022-12-23 07:46:32,079 [42154dd7-ed8e-4b5d-9597-b7c16373971f@group-91B590E51BCC-LeaderElection1] INFO server.RaftServerConfigKeys: raft.server.log.appender.wait-time.min = 10ms (default)
datanode_1_1  | 2022-12-23 07:47:05,520 [635978a7-fe12-4633-b331-ca46b4a08c28@group-C2D618A7BB43-LeaderElection2] INFO server.RaftServer$Division: 635978a7-fe12-4633-b331-ca46b4a08c28@group-C2D618A7BB43: changes role from CANDIDATE to LEADER at term 1 for changeToLeader
recon_1       | 2022-12-23 07:46:21,999 [Listener at 0.0.0.0/9891] INFO scm.ReconScmTask: Registered PipelineSyncTask task 
