datanode_3_1  | 2022-12-23 07:47:00,597 [Command processor thread] INFO server.RaftServer: abacd039-3736-41df-86fd-bd04edd6c80b: addNew group-C2D618A7BB43:[0273042c-552b-4259-b8f3-72794ee64eba|rpc:10.5.0.9:9856|admin:10.5.0.9:9857|client:10.5.0.9:9858|dataStream:10.5.0.9:9858|priority:0|startupRole:FOLLOWER, abacd039-3736-41df-86fd-bd04edd6c80b|rpc:10.5.0.6:9856|admin:10.5.0.6:9857|client:10.5.0.6:9858|dataStream:10.5.0.6:9858|priority:0|startupRole:FOLLOWER, 635978a7-fe12-4633-b331-ca46b4a08c28|rpc:10.5.0.4:9856|admin:10.5.0.4:9857|client:10.5.0.4:9858|dataStream:10.5.0.4:9858|priority:1|startupRole:FOLLOWER] returns group-C2D618A7BB43:java.util.concurrent.CompletableFuture@6f196a3e[Not completed]
datanode_1_1  | 2022-12-23 07:47:00,058 [pool-22-thread-1] INFO segmented.SegmentedRaftLogWorker: 635978a7-fe12-4633-b331-ca46b4a08c28@group-C2D618A7BB43-SegmentedRaftLogWorker: flushIndex: setUnconditionally 0 -> -1
datanode_1_1  | 2022-12-23 07:47:00,058 [pool-22-thread-1] INFO segmented.SegmentedRaftLogWorker: 635978a7-fe12-4633-b331-ca46b4a08c28@group-C2D618A7BB43-SegmentedRaftLogWorker: safeCacheEvictIndex: setUnconditionally 0 -> -1
datanode_2_1  | 	at org.apache.hadoop.ozone.container.common.statemachine.DatanodeStateMachine.lambda$startDaemon$0(DatanodeStateMachine.java:509)
datanode_5_1  | 2022-12-23 07:46:31,158 [42154dd7-ed8e-4b5d-9597-b7c16373971f@group-91B590E51BCC-LeaderElection1] INFO server.RaftServerConfigKeys: raft.server.watch.timeout = 180s (custom)
datanode_5_1  | 2022-12-23 07:46:31,160 [42154dd7-ed8e-4b5d-9597-b7c16373971f@group-91B590E51BCC-LeaderElection1] INFO server.RaftServerConfigKeys: raft.server.watch.timeout.denomination = 1s (default)
datanode_4_1  | 2022-12-23 07:46:30,513 [pool-22-thread-1] INFO server.RaftServerConfigKeys: raft.server.log.queue.byte-limit = 4294967296 (custom)
datanode_3_1  | 2022-12-23 07:47:00,612 [pool-22-thread-1] INFO server.RaftServer$Division: abacd039-3736-41df-86fd-bd04edd6c80b: new RaftServerImpl for group-C2D618A7BB43:[0273042c-552b-4259-b8f3-72794ee64eba|rpc:10.5.0.9:9856|admin:10.5.0.9:9857|client:10.5.0.9:9858|dataStream:10.5.0.9:9858|priority:0|startupRole:FOLLOWER, abacd039-3736-41df-86fd-bd04edd6c80b|rpc:10.5.0.6:9856|admin:10.5.0.6:9857|client:10.5.0.6:9858|dataStream:10.5.0.6:9858|priority:0|startupRole:FOLLOWER, 635978a7-fe12-4633-b331-ca46b4a08c28|rpc:10.5.0.4:9856|admin:10.5.0.4:9857|client:10.5.0.4:9858|dataStream:10.5.0.4:9858|priority:1|startupRole:FOLLOWER] with ContainerStateMachine:uninitialized
om_1          | 2022-12-23 07:46:35,929 [main] INFO codec.OmKeyInfoCodec: OmKeyInfoCodec ignorePipeline = true
om_1          | 2022-12-23 07:46:35,936 [main] INFO codec.RepeatedOmKeyInfoCodec: RepeatedOmKeyInfoCodec ignorePipeline = true
datanode_1_1  | 2022-12-23 07:47:00,059 [pool-22-thread-1] INFO server.RaftServer$Division: 635978a7-fe12-4633-b331-ca46b4a08c28@group-C2D618A7BB43: start as a follower, conf=-1: peers:[0273042c-552b-4259-b8f3-72794ee64eba|rpc:10.5.0.9:9856|admin:10.5.0.9:9857|client:10.5.0.9:9858|dataStream:10.5.0.9:9858|priority:0|startupRole:FOLLOWER, abacd039-3736-41df-86fd-bd04edd6c80b|rpc:10.5.0.6:9856|admin:10.5.0.6:9857|client:10.5.0.6:9858|dataStream:10.5.0.6:9858|priority:0|startupRole:FOLLOWER, 635978a7-fe12-4633-b331-ca46b4a08c28|rpc:10.5.0.4:9856|admin:10.5.0.4:9857|client:10.5.0.4:9858|dataStream:10.5.0.4:9858|priority:1|startupRole:FOLLOWER]|listeners:[], old=null
datanode_1_1  | 2022-12-23 07:47:00,060 [pool-22-thread-1] INFO server.RaftServer$Division: 635978a7-fe12-4633-b331-ca46b4a08c28@group-C2D618A7BB43: changes role from      null to FOLLOWER at term 0 for startAsFollower
datanode_2_1  | 	at java.base/java.lang.Thread.run(Thread.java:829)
datanode_6_1  | 2022-12-23 07:46:05,745 [EndpointStateMachine task thread for recon/10.5.0.72:9891 - 0 ] INFO ipc.Client: Retrying connect to server: recon/10.5.0.72:9891. Already tried 4 time(s); retry policy is RetryUpToMaximumCountWithFixedSleep(maxRetries=15, sleepTime=1000 MILLISECONDS)
datanode_6_1  | 2022-12-23 07:46:05,746 [EndpointStateMachine task thread for scm/10.5.0.71:9861 - 0 ] INFO ipc.Client: Retrying connect to server: scm/10.5.0.71:9861. Already tried 4 time(s); retry policy is RetryUpToMaximumCountWithFixedSleep(maxRetries=15, sleepTime=1000 MILLISECONDS)
datanode_4_1  | 2022-12-23 07:46:30,514 [pool-22-thread-1] INFO server.RaftServerConfigKeys: raft.server.log.queue.element-limit = 1024 (custom)
datanode_3_1  | 2022-12-23 07:47:00,637 [abacd039-3736-41df-86fd-bd04edd6c80b@group-4361F1A7151C-FollowerState] INFO server.RaftServerConfigKeys: raft.server.rpc.first-election.timeout.min = 5s (fallback to raft.server.rpc.timeout.min)
scm_1         | 2022-12-23 07:45:50,558 [pool-2-thread-1] INFO server.RaftServerConfigKeys: raft.server.rpc.slowness.timeout = 120000ms (custom)
om_1          | 2022-12-23 07:46:37,032 [main] INFO om.OzoneManager: S3 Multi-Tenancy is disabled
recon_1       | 	at org.apache.hadoop.ipc.ProtobufRpcEngine2$Server$ProtoBufRpcInvoker.call(ProtobufRpcEngine2.java:556)
recon_1       | 	at org.apache.hadoop.ipc.RPC$Server.call(RPC.java:1093)
datanode_2_1  | Caused by: java.util.concurrent.TimeoutException
datanode_6_1  | 2022-12-23 07:46:06,747 [EndpointStateMachine task thread for scm/10.5.0.71:9861 - 0 ] INFO ipc.Client: Retrying connect to server: scm/10.5.0.71:9861. Already tried 5 time(s); retry policy is RetryUpToMaximumCountWithFixedSleep(maxRetries=15, sleepTime=1000 MILLISECONDS)
datanode_4_1  | 2022-12-23 07:46:30,521 [pool-22-thread-1] INFO server.RaftServerConfigKeys: raft.server.log.segment.size.max = 1048576 (custom)
om_1          | 2022-12-23 07:46:37,243 [main] INFO om.OzoneManager: Created Volume s3v With Owner hadoop required for S3Gateway operations.
datanode_1_1  | 2022-12-23 07:47:00,060 [pool-22-thread-1] INFO impl.RoleInfo: 635978a7-fe12-4633-b331-ca46b4a08c28: start 635978a7-fe12-4633-b331-ca46b4a08c28@group-C2D618A7BB43-FollowerState
datanode_1_1  | 2022-12-23 07:47:00,061 [pool-22-thread-1] INFO util.JmxRegister: Successfully registered JMX Bean with object name Ratis:service=RaftServer,group=group-C2D618A7BB43,id=635978a7-fe12-4633-b331-ca46b4a08c28
datanode_1_1  | 2022-12-23 07:47:00,063 [pool-22-thread-1] INFO server.RaftServerConfigKeys: raft.server.snapshot.auto.trigger.enabled = true (custom)
datanode_2_1  | 	at java.base/java.util.concurrent.FutureTask.get(FutureTask.java:204)
datanode_2_1  | 	at org.apache.hadoop.ozone.container.common.states.datanode.RunningDatanodeState.lambda$execute$0(RunningDatanodeState.java:157)
datanode_2_1  | 	at java.base/java.util.concurrent.FutureTask.run(FutureTask.java:264)
datanode_5_1  | 2022-12-23 07:46:31,164 [42154dd7-ed8e-4b5d-9597-b7c16373971f@group-91B590E51BCC-LeaderElection1] INFO server.RaftServerConfigKeys: raft.server.watch.element-limit = 65536 (default)
om_1          | 2022-12-23 07:46:37,563 [main] WARN server.ServerUtils: Storage directory for Ratis is not configured. It is a good idea to map this to an SSD disk. Falling back to ozone.metadata.dirs
datanode_1_1  | 2022-12-23 07:47:00,063 [pool-22-thread-1] INFO server.RaftServerConfigKeys: raft.server.snapshot.auto.trigger.threshold = 10000 (custom)
datanode_1_1  | 2022-12-23 07:47:00,063 [pool-22-thread-1] INFO server.RaftServerConfigKeys: raft.server.snapshot.retention.file.num = 5 (custom)
scm_1         | 2022-12-23 07:45:50,566 [pool-2-thread-1] INFO server.RaftServerConfigKeys: raft.server.leaderelection.leader.step-down.wait-time = 10s (default)
datanode_2_1  | 	at java.base/java.util.concurrent.Executors$RunnableAdapter.call(Executors.java:515)
datanode_2_1  | 	at java.base/java.util.concurrent.FutureTask.run(FutureTask.java:264)
datanode_2_1  | 	at java.base/java.util.concurrent.ThreadPoolExecutor.runWorker(ThreadPoolExecutor.java:1128)
datanode_2_1  | 	at java.base/java.util.concurrent.ThreadPoolExecutor$Worker.run(ThreadPoolExecutor.java:628)
om_1          | 2022-12-23 07:46:37,564 [main] WARN utils.OzoneManagerRatisUtils: ozone.om.ratis.snapshot.dir is not configured. Falling back to ozone.metadata.dirs config
recon_1       | 	at org.apache.hadoop.ipc.Server$RpcCall.run(Server.java:1043)
recon_1       | 	at org.apache.hadoop.ipc.Server$RpcCall.run(Server.java:971)
recon_1       | 	at java.base/java.security.AccessController.doPrivileged(Native Method)
datanode_5_1  | 2022-12-23 07:46:31,233 [42154dd7-ed8e-4b5d-9597-b7c16373971f@group-91B590E51BCC-LeaderElection1] INFO server.RaftServerConfigKeys: raft.server.write.element-limit = 1024 (custom)
datanode_5_1  | 2022-12-23 07:46:31,236 [42154dd7-ed8e-4b5d-9597-b7c16373971f@group-91B590E51BCC-LeaderElection1] INFO server.RaftServerConfigKeys: raft.server.write.follower.gap.ratio.max = -1.0 (default)
datanode_2_1  | 	... 1 more
datanode_3_1  | 2022-12-23 07:47:00,669 [abacd039-3736-41df-86fd-bd04edd6c80b@group-4361F1A7151C-FollowerState] INFO server.RaftServerConfigKeys: raft.server.rpc.first-election.timeout.max = 5200ms (fallback to raft.server.rpc.timeout.max)
om_1          | 2022-12-23 07:46:37,631 [main] INFO metrics.MetricRegistries: Loaded MetricRegistries class org.apache.ratis.metrics.impl.MetricRegistriesImpl
recon_1       | 	at java.base/javax.security.auth.Subject.doAs(Subject.java:423)
recon_1       | 	at org.apache.hadoop.security.UserGroupInformation.doAs(UserGroupInformation.java:1878)
recon_1       | 	at org.apache.hadoop.ipc.Server$Handler.run(Server.java:2976)
datanode_5_1  | 2022-12-23 07:46:31,312 [42154dd7-ed8e-4b5d-9597-b7c16373971f@group-91B590E51BCC-LeaderElection1] INFO server.RaftServerConfigKeys: raft.server.log.appender.snapshot.chunk.size.max = 16MB (=16777216) (default)
datanode_5_1  | 2022-12-23 07:46:31,312 [42154dd7-ed8e-4b5d-9597-b7c16373971f@group-91B590E51BCC-LeaderElection1] INFO server.RaftServerConfigKeys: raft.server.log.appender.buffer.byte-limit = 33554432 (custom)
datanode_2_1  | 2022-12-23 07:46:27,348 [grpc-default-executor-0] INFO server.RaftServer: 6b581913-725a-4921-9a13-33dc8df578f6: addNew group-91B590E51BCC:[42154dd7-ed8e-4b5d-9597-b7c16373971f|rpc:10.5.0.8:9856|admin:10.5.0.8:9857|client:10.5.0.8:9858|dataStream:10.5.0.8:9858|priority:1|startupRole:FOLLOWER, 7a637c80-3370-4b1c-9ef8-801a213e235d|rpc:10.5.0.7:9856|admin:10.5.0.7:9857|client:10.5.0.7:9858|dataStream:10.5.0.7:9858|priority:0|startupRole:FOLLOWER, 6b581913-725a-4921-9a13-33dc8df578f6|rpc:10.5.0.5:9856|admin:10.5.0.5:9857|client:10.5.0.5:9858|dataStream:10.5.0.5:9858|priority:0|startupRole:FOLLOWER] returns group-91B590E51BCC:java.util.concurrent.CompletableFuture@1aeb7f7a[Not completed]
datanode_3_1  | 2022-12-23 07:47:00,658 [pool-22-thread-1] INFO server.RaftServerConfigKeys: raft.server.rpc.timeout.min = 5s (custom)
datanode_5_1  | 2022-12-23 07:46:31,322 [Command processor thread] INFO commandhandler.CreatePipelineCommandHandler: Created Pipeline RATIS THREE PipelineID=8611da94-dc3a-4fcb-b20b-91b590e51bcc.
datanode_5_1  | 2022-12-23 07:46:31,324 [Command processor thread] INFO server.RaftServer: 42154dd7-ed8e-4b5d-9597-b7c16373971f: addNew group-88A94C137AD4:[42154dd7-ed8e-4b5d-9597-b7c16373971f|rpc:10.5.0.8:9856|admin:10.5.0.8:9857|client:10.5.0.8:9858|dataStream:10.5.0.8:9858|priority:1|startupRole:FOLLOWER] returns group-88A94C137AD4:java.util.concurrent.CompletableFuture@3bfa1106[Not completed]
datanode_2_1  | 2022-12-23 07:46:27,601 [pool-22-thread-1] INFO server.RaftServer$Division: 6b581913-725a-4921-9a13-33dc8df578f6: new RaftServerImpl for group-91B590E51BCC:[42154dd7-ed8e-4b5d-9597-b7c16373971f|rpc:10.5.0.8:9856|admin:10.5.0.8:9857|client:10.5.0.8:9858|dataStream:10.5.0.8:9858|priority:1|startupRole:FOLLOWER, 7a637c80-3370-4b1c-9ef8-801a213e235d|rpc:10.5.0.7:9856|admin:10.5.0.7:9857|client:10.5.0.7:9858|dataStream:10.5.0.7:9858|priority:0|startupRole:FOLLOWER, 6b581913-725a-4921-9a13-33dc8df578f6|rpc:10.5.0.5:9856|admin:10.5.0.5:9857|client:10.5.0.5:9858|dataStream:10.5.0.5:9858|priority:0|startupRole:FOLLOWER] with ContainerStateMachine:uninitialized
datanode_3_1  | 2022-12-23 07:47:00,691 [pool-22-thread-1] INFO server.RaftServerConfigKeys: raft.server.rpc.timeout.max = 5200ms (custom)
datanode_3_1  | 2022-12-23 07:47:00,693 [pool-22-thread-1] INFO server.RaftServerConfigKeys: raft.server.rpc.sleep.time = 25ms (default)
datanode_5_1  | 2022-12-23 07:46:31,344 [pool-22-thread-1] INFO server.RaftServer$Division: 42154dd7-ed8e-4b5d-9597-b7c16373971f: new RaftServerImpl for group-88A94C137AD4:[42154dd7-ed8e-4b5d-9597-b7c16373971f|rpc:10.5.0.8:9856|admin:10.5.0.8:9857|client:10.5.0.8:9858|dataStream:10.5.0.8:9858|priority:1|startupRole:FOLLOWER] with ContainerStateMachine:uninitialized
recon_1       | , while invoking $Proxy44.submitRequest over nodeId=scmNodeId,nodeAddress=scm/10.5.0.71:9860 after 1 failover attempts. Trying to failover after sleeping for 2000ms.
datanode_2_1  | 2022-12-23 07:46:27,627 [pool-22-thread-1] INFO server.RaftServerConfigKeys: raft.server.rpc.timeout.min = 5s (custom)
om_1          | 2022-12-23 07:46:37,674 [main] WARN server.ServerUtils: Storage directory for Ratis is not configured. It is a good idea to map this to an SSD disk. Falling back to ozone.metadata.dirs
om_1          | 2022-12-23 07:46:37,732 [main] INFO ratis.OzoneManagerRatisServer: Instantiating OM Ratis server with groupID: omServiceIdDefault and peers: om:9872
datanode_5_1  | 2022-12-23 07:46:31,345 [pool-22-thread-1] INFO server.RaftServerConfigKeys: raft.server.rpc.timeout.min = 5s (custom)
datanode_5_1  | 2022-12-23 07:46:31,345 [pool-22-thread-1] INFO server.RaftServerConfigKeys: raft.server.rpc.timeout.max = 5200ms (custom)
recon_1       | 2022-12-23 07:46:16,033 [Listener at 0.0.0.0/9891] INFO retry.RetryInvocationHandler: com.google.protobuf.ServiceException: org.apache.hadoop.ipc.RemoteException(org.apache.hadoop.hdds.ratis.ServerNotLeaderException): Server:6a99fe70-29b5-41f8-922c-4b36a3616564 is not the leader. Could not determine the leader node.
datanode_2_1  | 2022-12-23 07:46:27,638 [pool-22-thread-1] INFO server.RaftServerConfigKeys: raft.server.rpc.timeout.max = 5200ms (custom)
om_1          | 2022-12-23 07:46:37,745 [main] INFO ratis.OzoneManagerStateMachine: LastAppliedIndex is set from TransactionInfo from OM DB as (t:0, i:~)
om_1          | 2022-12-23 07:46:37,862 [main] INFO server.RaftServer: raft.rpc.type = GRPC (default)
datanode_3_1  | 2022-12-23 07:47:00,693 [pool-22-thread-1] INFO server.RaftServerConfigKeys: raft.server.rpc.slowness.timeout = 300s (custom)
scm_1         | 2022-12-23 07:45:50,566 [pool-2-thread-1] INFO server.RaftServerConfigKeys: raft.server.sleep.deviation.threshold = 300ms (default)
scm_1         | 2022-12-23 07:45:50,730 [pool-2-thread-1] INFO server.RaftServer$Division: 6a99fe70-29b5-41f8-922c-4b36a3616564@group-5F4D1AA5DAEB: ConfigurationManager, init=-1: peers:[6a99fe70-29b5-41f8-922c-4b36a3616564|rpc:15870e435033:9894|priority:0|startupRole:FOLLOWER]|listeners:[], old=null, confs=<EMPTY_MAP>
datanode_5_1  | 2022-12-23 07:46:31,345 [pool-22-thread-1] INFO server.RaftServerConfigKeys: raft.server.rpc.sleep.time = 25ms (default)
datanode_5_1  | 2022-12-23 07:46:31,345 [pool-22-thread-1] INFO server.RaftServerConfigKeys: raft.server.rpc.slowness.timeout = 300s (custom)
recon_1       | 	at org.apache.hadoop.hdds.ratis.ServerNotLeaderException.convertToNotLeaderException(ServerNotLeaderException.java:109)
datanode_2_1  | 2022-12-23 07:46:27,646 [pool-22-thread-1] INFO server.RaftServerConfigKeys: raft.server.rpc.sleep.time = 25ms (default)
datanode_2_1  | 2022-12-23 07:46:27,649 [pool-22-thread-1] INFO server.RaftServerConfigKeys: raft.server.rpc.slowness.timeout = 300s (custom)
datanode_4_1  | 2022-12-23 07:46:30,522 [pool-22-thread-1] INFO server.RaftServerConfigKeys: raft.server.log.preallocated.size = 16384 (custom)
datanode_3_1  | 2022-12-23 07:47:00,693 [pool-22-thread-1] INFO server.RaftServerConfigKeys: raft.server.leaderelection.leader.step-down.wait-time = 10s (default)
datanode_5_1  | 2022-12-23 07:46:31,346 [pool-22-thread-1] INFO server.RaftServerConfigKeys: raft.server.leaderelection.leader.step-down.wait-time = 10s (default)
datanode_5_1  | 2022-12-23 07:46:31,347 [pool-22-thread-1] INFO server.RaftServerConfigKeys: raft.server.sleep.deviation.threshold = 300ms (default)
recon_1       | 	at org.apache.hadoop.hdds.scm.ha.RatisUtil.checkRatisException(RatisUtil.java:246)
datanode_6_1  | 2022-12-23 07:46:07,748 [EndpointStateMachine task thread for scm/10.5.0.71:9861 - 0 ] INFO ipc.Client: Retrying connect to server: scm/10.5.0.71:9861. Already tried 6 time(s); retry policy is RetryUpToMaximumCountWithFixedSleep(maxRetries=15, sleepTime=1000 MILLISECONDS)
datanode_2_1  | 2022-12-23 07:46:27,661 [pool-22-thread-1] INFO server.RaftServerConfigKeys: raft.server.leaderelection.leader.step-down.wait-time = 10s (default)
datanode_2_1  | 2022-12-23 07:46:27,665 [pool-22-thread-1] INFO server.RaftServerConfigKeys: raft.server.sleep.deviation.threshold = 300ms (default)
datanode_4_1  | 2022-12-23 07:46:30,527 [pool-22-thread-1] INFO server.RaftServerConfigKeys: raft.server.log.force.sync.num = 128 (default)
scm_1         | 2022-12-23 07:45:50,757 [pool-2-thread-1] INFO server.RaftServerConfigKeys: raft.server.storage.dir = [/data/metadata/scm-ha] (custom)
scm_1         | 2022-12-23 07:45:50,913 [pool-2-thread-1] INFO server.RaftServerConfigKeys: raft.server.log.corruption.policy = EXCEPTION (default)
scm_1         | 2022-12-23 07:45:50,917 [pool-2-thread-1] INFO server.RaftServerConfigKeys: raft.server.storage.free-space.min = 0MB (=0) (default)
om_1          | 2022-12-23 07:46:37,961 [main] INFO grpc.GrpcConfigKeys: raft.grpc.admin.host = null (fallback to raft.grpc.server.host)
datanode_5_1  | 2022-12-23 07:46:31,347 [pool-22-thread-1] INFO server.RaftServer$Division: 42154dd7-ed8e-4b5d-9597-b7c16373971f@group-88A94C137AD4: ConfigurationManager, init=-1: peers:[42154dd7-ed8e-4b5d-9597-b7c16373971f|rpc:10.5.0.8:9856|admin:10.5.0.8:9857|client:10.5.0.8:9858|dataStream:10.5.0.8:9858|priority:1|startupRole:FOLLOWER]|listeners:[], old=null, confs=<EMPTY_MAP>
datanode_5_1  | 2022-12-23 07:46:31,348 [pool-22-thread-1] INFO server.RaftServerConfigKeys: raft.server.storage.dir = [/data/metadata/ratis] (custom)
datanode_5_1  | 2022-12-23 07:46:31,349 [pool-22-thread-1] INFO server.RaftServerConfigKeys: raft.server.log.corruption.policy = EXCEPTION (default)
datanode_2_1  | 2022-12-23 07:46:27,767 [pool-22-thread-1] INFO server.RaftServer$Division: 6b581913-725a-4921-9a13-33dc8df578f6@group-91B590E51BCC: ConfigurationManager, init=-1: peers:[42154dd7-ed8e-4b5d-9597-b7c16373971f|rpc:10.5.0.8:9856|admin:10.5.0.8:9857|client:10.5.0.8:9858|dataStream:10.5.0.8:9858|priority:1|startupRole:FOLLOWER, 7a637c80-3370-4b1c-9ef8-801a213e235d|rpc:10.5.0.7:9856|admin:10.5.0.7:9857|client:10.5.0.7:9858|dataStream:10.5.0.7:9858|priority:0|startupRole:FOLLOWER, 6b581913-725a-4921-9a13-33dc8df578f6|rpc:10.5.0.5:9856|admin:10.5.0.5:9857|client:10.5.0.5:9858|dataStream:10.5.0.5:9858|priority:0|startupRole:FOLLOWER]|listeners:[], old=null, confs=<EMPTY_MAP>
datanode_2_1  | 2022-12-23 07:46:27,780 [pool-22-thread-1] INFO server.RaftServerConfigKeys: raft.server.storage.dir = [/data/metadata/ratis] (custom)
datanode_2_1  | 2022-12-23 07:46:27,855 [pool-22-thread-1] INFO server.RaftServerConfigKeys: raft.server.log.corruption.policy = EXCEPTION (default)
datanode_2_1  | 2022-12-23 07:46:27,867 [pool-22-thread-1] INFO server.RaftServerConfigKeys: raft.server.storage.free-space.min = 0MB (=0) (default)
datanode_2_1  | 2022-12-23 07:46:27,914 [pool-22-thread-1] INFO server.RaftServerConfigKeys: raft.server.notification.no-leader.timeout = 300s (custom)
om_1          | 2022-12-23 07:46:37,966 [main] INFO grpc.GrpcConfigKeys: raft.grpc.admin.port = 9872 (fallback to raft.grpc.server.port)
datanode_5_1  | 2022-12-23 07:46:31,351 [pool-22-thread-1] INFO server.RaftServerConfigKeys: raft.server.storage.free-space.min = 0MB (=0) (default)
datanode_5_1  | 2022-12-23 07:46:31,351 [pool-22-thread-1] INFO server.RaftServerConfigKeys: raft.server.notification.no-leader.timeout = 300s (custom)
datanode_5_1  | 2022-12-23 07:46:31,351 [pool-22-thread-1] INFO server.RaftServerConfigKeys: raft.server.retrycache.expirytime = 600000ms (custom)
datanode_5_1  | 2022-12-23 07:46:31,360 [pool-22-thread-1] INFO server.RaftServerConfigKeys: raft.server.retrycache.statistics.expirytime = 100?s (default)
datanode_4_1  | 2022-12-23 07:46:30,529 [pool-22-thread-1] INFO server.RaftServerConfigKeys: raft.server.log.statemachine.data.sync = true (default)
datanode_4_1  | 2022-12-23 07:46:30,532 [pool-22-thread-1] INFO server.RaftServerConfigKeys: raft.server.log.statemachine.data.sync.timeout = 10s (default)
datanode_4_1  | 2022-12-23 07:46:30,532 [pool-22-thread-1] INFO server.RaftServerConfigKeys: raft.server.log.statemachine.data.sync.timeout.retry = -1 (default)
datanode_4_1  | 2022-12-23 07:46:30,593 [pool-22-thread-1] INFO server.RaftServerConfigKeys: raft.server.log.write.buffer.size = 1048576 (custom)
om_1          | 2022-12-23 07:46:37,968 [main] INFO grpc.GrpcConfigKeys: raft.grpc.client.host = null (fallback to raft.grpc.server.host)
datanode_1_1  | 2022-12-23 07:47:00,063 [pool-22-thread-1] INFO server.RaftServerConfigKeys: raft.server.log.purge.upto.snapshot.index = false (default)
datanode_4_1  | 2022-12-23 07:46:30,607 [pool-22-thread-1] INFO server.RaftServerConfigKeys: raft.server.log.appender.buffer.byte-limit = 33554432 (custom)
datanode_5_1  | 2022-12-23 07:46:31,365 [pool-22-thread-1] INFO server.RaftServerConfigKeys: raft.server.log.appender.install.snapshot.enabled = false (custom)
datanode_5_1  | 2022-12-23 07:46:31,367 [pool-22-thread-1] INFO server.RaftServerConfigKeys: raft.server.threadpool.server.cached = true (default)
datanode_5_1  | 2022-12-23 07:46:31,368 [pool-22-thread-1] INFO server.RaftServerConfigKeys: raft.server.threadpool.server.size = 0 (default)
datanode_1_1  | 2022-12-23 07:47:00,066 [635978a7-fe12-4633-b331-ca46b4a08c28@group-C2D618A7BB43-FollowerState] INFO server.RaftServerConfigKeys: raft.server.rpc.first-election.timeout.min = 5s (fallback to raft.server.rpc.timeout.min)
datanode_1_1  | 2022-12-23 07:47:00,136 [635978a7-fe12-4633-b331-ca46b4a08c28@group-C2D618A7BB43-FollowerState] INFO server.RaftServerConfigKeys: raft.server.rpc.first-election.timeout.max = 5200ms (fallback to raft.server.rpc.timeout.max)
scm_1         | 2022-12-23 07:45:51,040 [pool-2-thread-1] INFO server.RaftServerConfigKeys: raft.server.notification.no-leader.timeout = 60s (default)
om_1          | 2022-12-23 07:46:37,970 [main] INFO grpc.GrpcConfigKeys: raft.grpc.client.port = 9872 (fallback to raft.grpc.server.port)
om_1          | 2022-12-23 07:46:37,971 [main] INFO grpc.GrpcConfigKeys: raft.grpc.server.host = null (default)
datanode_4_1  | 2022-12-23 07:46:30,661 [pool-22-thread-1] INFO server.RaftServerConfigKeys: raft.server.log.unsafe-flush.enabled = false (default)
datanode_1_1  | 2022-12-23 07:47:00,136 [Command processor thread] INFO ratis.XceiverServerRatis: Created group PipelineID=69e4db31-ce8f-4877-a0d7-c2d618a7bb43
datanode_1_1  | 2022-12-23 07:47:00,487 [635978a7-fe12-4633-b331-ca46b4a08c28@group-00BABAD9023B-FollowerState] INFO impl.FollowerState: 635978a7-fe12-4633-b331-ca46b4a08c28@group-00BABAD9023B-FollowerState: change to CANDIDATE, lastRpcElapsedTime:5185738173ns, electionTimeout:5169ms
datanode_1_1  | 2022-12-23 07:47:00,488 [635978a7-fe12-4633-b331-ca46b4a08c28@group-00BABAD9023B-FollowerState] INFO impl.RoleInfo: 635978a7-fe12-4633-b331-ca46b4a08c28: shutdown 635978a7-fe12-4633-b331-ca46b4a08c28@group-00BABAD9023B-FollowerState
om_1          | 2022-12-23 07:46:37,971 [main] INFO grpc.GrpcConfigKeys: raft.grpc.server.port = 9872 (custom)
om_1          | 2022-12-23 07:46:37,980 [main] INFO server.GrpcService: raft.grpc.message.size.max = 33554432 (custom)
datanode_4_1  | 2022-12-23 07:46:30,664 [pool-22-thread-1] INFO server.RaftServerConfigKeys: raft.server.log.async-flush.enabled = false (default)
datanode_1_1  | 2022-12-23 07:47:00,488 [635978a7-fe12-4633-b331-ca46b4a08c28@group-00BABAD9023B-FollowerState] INFO server.RaftServer$Division: 635978a7-fe12-4633-b331-ca46b4a08c28@group-00BABAD9023B: changes role from  FOLLOWER to CANDIDATE at term 0 for changeToCandidate
datanode_1_1  | 2022-12-23 07:47:00,492 [635978a7-fe12-4633-b331-ca46b4a08c28@group-00BABAD9023B-FollowerState] INFO server.RaftServerConfigKeys: raft.server.leaderelection.pre-vote = false (custom)
datanode_1_1  | 2022-12-23 07:47:00,492 [635978a7-fe12-4633-b331-ca46b4a08c28@group-00BABAD9023B-FollowerState] INFO impl.RoleInfo: 635978a7-fe12-4633-b331-ca46b4a08c28: start 635978a7-fe12-4633-b331-ca46b4a08c28@group-00BABAD9023B-LeaderElection1
datanode_6_1  | 2022-12-23 07:46:08,403 [Datanode State Machine Daemon Thread] ERROR datanode.RunningDatanodeState: Error in executing end point task.
datanode_6_1  | java.util.concurrent.ExecutionException: java.util.concurrent.TimeoutException
datanode_6_1  | 	at java.base/java.util.concurrent.FutureTask.report(FutureTask.java:122)
datanode_6_1  | 	at java.base/java.util.concurrent.FutureTask.get(FutureTask.java:191)
datanode_4_1  | 2022-12-23 07:46:30,666 [pool-22-thread-1] INFO server.RaftServerConfigKeys: raft.server.log.statemachine.data.caching.enabled = true (custom)
datanode_6_1  | 	at org.apache.hadoop.ozone.container.common.states.datanode.RunningDatanodeState.computeNextContainerState(RunningDatanodeState.java:199)
datanode_6_1  | 	at org.apache.hadoop.ozone.container.common.states.datanode.RunningDatanodeState.await(RunningDatanodeState.java:239)
datanode_6_1  | 	at org.apache.hadoop.ozone.container.common.states.datanode.RunningDatanodeState.await(RunningDatanodeState.java:50)
datanode_6_1  | 	at org.apache.hadoop.ozone.container.common.statemachine.StateContext.execute(StateContext.java:661)
datanode_6_1  | 	at org.apache.hadoop.ozone.container.common.statemachine.DatanodeStateMachine.startStateMachineThread(DatanodeStateMachine.java:309)
datanode_4_1  | 2022-12-23 07:46:30,688 [pool-22-thread-1] INFO segmented.SegmentedRaftLogWorker: 7a637c80-3370-4b1c-9ef8-801a213e235d@group-91B590E51BCC-SegmentedRaftLogWorker: flushIndex: setUnconditionally 0 -> -1
datanode_4_1  | 2022-12-23 07:46:30,690 [pool-22-thread-1] INFO segmented.SegmentedRaftLogWorker: 7a637c80-3370-4b1c-9ef8-801a213e235d@group-91B590E51BCC-SegmentedRaftLogWorker: safeCacheEvictIndex: setUnconditionally 0 -> -1
datanode_4_1  | 2022-12-23 07:46:30,691 [pool-22-thread-1] INFO server.RaftServer$Division: 7a637c80-3370-4b1c-9ef8-801a213e235d@group-91B590E51BCC: start as a follower, conf=-1: peers:[42154dd7-ed8e-4b5d-9597-b7c16373971f|rpc:10.5.0.8:9856|admin:10.5.0.8:9857|client:10.5.0.8:9858|dataStream:10.5.0.8:9858|priority:1|startupRole:FOLLOWER, 7a637c80-3370-4b1c-9ef8-801a213e235d|rpc:10.5.0.7:9856|admin:10.5.0.7:9857|client:10.5.0.7:9858|dataStream:10.5.0.7:9858|priority:0|startupRole:FOLLOWER, 6b581913-725a-4921-9a13-33dc8df578f6|rpc:10.5.0.5:9856|admin:10.5.0.5:9857|client:10.5.0.5:9858|dataStream:10.5.0.5:9858|priority:0|startupRole:FOLLOWER]|listeners:[], old=null
datanode_1_1  | 2022-12-23 07:47:00,512 [635978a7-fe12-4633-b331-ca46b4a08c28@group-00BABAD9023B-LeaderElection1] INFO impl.LeaderElection: 635978a7-fe12-4633-b331-ca46b4a08c28@group-00BABAD9023B-LeaderElection1 ELECTION round 0: submit vote requests at term 1 for -1: peers:[635978a7-fe12-4633-b331-ca46b4a08c28|rpc:10.5.0.4:9856|admin:10.5.0.4:9857|client:10.5.0.4:9858|dataStream:10.5.0.4:9858|priority:1|startupRole:FOLLOWER]|listeners:[], old=null
datanode_3_1  | 2022-12-23 07:47:00,693 [pool-22-thread-1] INFO server.RaftServerConfigKeys: raft.server.sleep.deviation.threshold = 300ms (default)
datanode_3_1  | 2022-12-23 07:47:00,693 [pool-22-thread-1] INFO server.RaftServer$Division: abacd039-3736-41df-86fd-bd04edd6c80b@group-C2D618A7BB43: ConfigurationManager, init=-1: peers:[0273042c-552b-4259-b8f3-72794ee64eba|rpc:10.5.0.9:9856|admin:10.5.0.9:9857|client:10.5.0.9:9858|dataStream:10.5.0.9:9858|priority:0|startupRole:FOLLOWER, abacd039-3736-41df-86fd-bd04edd6c80b|rpc:10.5.0.6:9856|admin:10.5.0.6:9857|client:10.5.0.6:9858|dataStream:10.5.0.6:9858|priority:0|startupRole:FOLLOWER, 635978a7-fe12-4633-b331-ca46b4a08c28|rpc:10.5.0.4:9856|admin:10.5.0.4:9857|client:10.5.0.4:9858|dataStream:10.5.0.4:9858|priority:1|startupRole:FOLLOWER]|listeners:[], old=null, confs=<EMPTY_MAP>
datanode_3_1  | 2022-12-23 07:47:00,694 [pool-22-thread-1] INFO server.RaftServerConfigKeys: raft.server.storage.dir = [/data/metadata/ratis] (custom)
datanode_4_1  | 2022-12-23 07:46:30,698 [pool-22-thread-1] INFO server.RaftServer$Division: 7a637c80-3370-4b1c-9ef8-801a213e235d@group-91B590E51BCC: changes role from      null to FOLLOWER at term 0 for startAsFollower
datanode_4_1  | 2022-12-23 07:46:30,710 [pool-22-thread-1] INFO impl.RoleInfo: 7a637c80-3370-4b1c-9ef8-801a213e235d: start 7a637c80-3370-4b1c-9ef8-801a213e235d@group-91B590E51BCC-FollowerState
datanode_3_1  | 2022-12-23 07:47:00,695 [pool-22-thread-1] INFO server.RaftServerConfigKeys: raft.server.log.corruption.policy = EXCEPTION (default)
datanode_3_1  | 2022-12-23 07:47:00,697 [pool-22-thread-1] INFO server.RaftServerConfigKeys: raft.server.storage.free-space.min = 0MB (=0) (default)
scm_1         | 2022-12-23 07:45:51,098 [pool-2-thread-1] INFO server.RaftServerConfigKeys: raft.server.retrycache.expirytime = 60000ms (default)
datanode_4_1  | 2022-12-23 07:46:30,738 [7a637c80-3370-4b1c-9ef8-801a213e235d@group-91B590E51BCC-FollowerState] INFO server.RaftServerConfigKeys: raft.server.rpc.first-election.timeout.min = 5s (fallback to raft.server.rpc.timeout.min)
om_1          | 2022-12-23 07:46:37,989 [main] INFO server.RaftServerConfigKeys: raft.server.log.appender.buffer.byte-limit = 33554432 (custom)
recon_1       | 	at org.apache.hadoop.hdds.scm.protocol.StorageContainerLocationProtocolServerSideTranslatorPB.submitRequest(StorageContainerLocationProtocolServerSideTranslatorPB.java:193)
datanode_3_1  | 2022-12-23 07:47:00,698 [pool-22-thread-1] INFO server.RaftServerConfigKeys: raft.server.notification.no-leader.timeout = 300s (custom)
scm_1         | 2022-12-23 07:45:51,147 [pool-2-thread-1] INFO server.RaftServerConfigKeys: raft.server.retrycache.statistics.expirytime = 100?s (default)
datanode_6_1  | 	at org.apache.hadoop.ozone.container.common.statemachine.DatanodeStateMachine.lambda$startDaemon$0(DatanodeStateMachine.java:509)
datanode_6_1  | 	at java.base/java.lang.Thread.run(Thread.java:829)
datanode_6_1  | Caused by: java.util.concurrent.TimeoutException
datanode_4_1  | 2022-12-23 07:46:30,740 [7a637c80-3370-4b1c-9ef8-801a213e235d@group-91B590E51BCC-FollowerState] INFO server.RaftServerConfigKeys: raft.server.rpc.first-election.timeout.max = 5200ms (fallback to raft.server.rpc.timeout.max)
datanode_4_1  | 2022-12-23 07:46:30,750 [pool-22-thread-1] INFO util.JmxRegister: Successfully registered JMX Bean with object name Ratis:service=RaftServer,group=group-91B590E51BCC,id=7a637c80-3370-4b1c-9ef8-801a213e235d
recon_1       | 	at org.apache.hadoop.hdds.protocol.proto.StorageContainerLocationProtocolProtos$StorageContainerLocationProtocolService$2.callBlockingMethod(StorageContainerLocationProtocolProtos.java:62741)
datanode_3_1  | 2022-12-23 07:47:00,698 [pool-22-thread-1] INFO server.RaftServerConfigKeys: raft.server.retrycache.expirytime = 600000ms (custom)
scm_1         | 2022-12-23 07:45:51,796 [pool-2-thread-1] INFO server.RaftServerConfigKeys: raft.server.log.appender.install.snapshot.enabled = false (custom)
datanode_6_1  | 	at java.base/java.util.concurrent.FutureTask.get(FutureTask.java:204)
datanode_6_1  | 	at org.apache.hadoop.ozone.container.common.states.datanode.RunningDatanodeState.lambda$execute$0(RunningDatanodeState.java:157)
datanode_6_1  | 	at java.base/java.util.concurrent.FutureTask.run(FutureTask.java:264)
datanode_1_1  | 2022-12-23 07:47:00,513 [635978a7-fe12-4633-b331-ca46b4a08c28@group-00BABAD9023B-LeaderElection1] INFO impl.LeaderElection: 635978a7-fe12-4633-b331-ca46b4a08c28@group-00BABAD9023B-LeaderElection1 ELECTION round 0: result PASSED (term=1)
datanode_1_1  | 2022-12-23 07:47:00,514 [635978a7-fe12-4633-b331-ca46b4a08c28@group-00BABAD9023B-LeaderElection1] INFO impl.RoleInfo: 635978a7-fe12-4633-b331-ca46b4a08c28: shutdown 635978a7-fe12-4633-b331-ca46b4a08c28@group-00BABAD9023B-LeaderElection1
recon_1       | 	at org.apache.hadoop.ipc.ProtobufRpcEngine$Server.processCall(ProtobufRpcEngine.java:465)
datanode_3_1  | 2022-12-23 07:47:00,698 [pool-22-thread-1] INFO server.RaftServerConfigKeys: raft.server.retrycache.statistics.expirytime = 100?s (default)
scm_1         | 2022-12-23 07:45:51,829 [pool-2-thread-1] INFO server.RaftServerConfigKeys: raft.server.threadpool.server.cached = true (default)
datanode_6_1  | 	at java.base/java.util.concurrent.Executors$RunnableAdapter.call(Executors.java:515)
datanode_6_1  | 	at java.base/java.util.concurrent.FutureTask.run(FutureTask.java:264)
datanode_6_1  | 	at java.base/java.util.concurrent.ThreadPoolExecutor.runWorker(ThreadPoolExecutor.java:1128)
datanode_1_1  | 2022-12-23 07:47:00,514 [635978a7-fe12-4633-b331-ca46b4a08c28@group-00BABAD9023B-LeaderElection1] INFO server.RaftServer$Division: 635978a7-fe12-4633-b331-ca46b4a08c28@group-00BABAD9023B: changes role from CANDIDATE to LEADER at term 1 for changeToLeader
datanode_1_1  | 2022-12-23 07:47:00,515 [635978a7-fe12-4633-b331-ca46b4a08c28@group-00BABAD9023B-LeaderElection1] INFO ratis.XceiverServerRatis: Leader change notification received for group: group-00BABAD9023B with new leaderId: 635978a7-fe12-4633-b331-ca46b4a08c28
recon_1       | 	at org.apache.hadoop.ipc.ProtobufRpcEngine2$Server$ProtoBufRpcInvoker.call(ProtobufRpcEngine2.java:578)
datanode_3_1  | 2022-12-23 07:47:00,700 [pool-22-thread-1] INFO server.RaftServerConfigKeys: raft.server.log.appender.install.snapshot.enabled = false (custom)
scm_1         | 2022-12-23 07:45:51,877 [pool-2-thread-1] INFO server.RaftServerConfigKeys: raft.server.threadpool.server.size = 0 (default)
datanode_6_1  | 	at java.base/java.util.concurrent.ThreadPoolExecutor$Worker.run(ThreadPoolExecutor.java:628)
datanode_6_1  | 	... 1 more
datanode_6_1  | 2022-12-23 07:46:08,749 [EndpointStateMachine task thread for scm/10.5.0.71:9861 - 0 ] INFO ipc.Client: Retrying connect to server: scm/10.5.0.71:9861. Already tried 7 time(s); retry policy is RetryUpToMaximumCountWithFixedSleep(maxRetries=15, sleepTime=1000 MILLISECONDS)
datanode_4_1  | 2022-12-23 07:46:30,760 [pool-22-thread-1] INFO server.RaftServerConfigKeys: raft.server.snapshot.auto.trigger.enabled = true (custom)
datanode_4_1  | 2022-12-23 07:46:30,761 [pool-22-thread-1] INFO server.RaftServerConfigKeys: raft.server.snapshot.auto.trigger.threshold = 10000 (custom)
recon_1       | 	at org.apache.hadoop.ipc.ProtobufRpcEngine2$Server$ProtoBufRpcInvoker.call(ProtobufRpcEngine2.java:556)
datanode_3_1  | 2022-12-23 07:47:00,701 [pool-22-thread-1] INFO server.RaftServerConfigKeys: raft.server.threadpool.server.cached = true (default)
scm_1         | 2022-12-23 07:45:51,889 [pool-2-thread-1] INFO server.RaftServerConfigKeys: raft.server.threadpool.client.cached = true (default)
datanode_2_1  | 2022-12-23 07:46:27,940 [pool-22-thread-1] INFO server.RaftServerConfigKeys: raft.server.retrycache.expirytime = 600000ms (custom)
datanode_2_1  | 2022-12-23 07:46:27,956 [pool-22-thread-1] INFO server.RaftServerConfigKeys: raft.server.retrycache.statistics.expirytime = 100?s (default)
datanode_2_1  | 2022-12-23 07:46:28,198 [pool-22-thread-1] INFO server.RaftServerConfigKeys: raft.server.log.appender.install.snapshot.enabled = false (custom)
datanode_4_1  | 2022-12-23 07:46:30,762 [pool-22-thread-1] INFO server.RaftServerConfigKeys: raft.server.snapshot.retention.file.num = 5 (custom)
datanode_4_1  | 2022-12-23 07:46:30,775 [pool-22-thread-1] INFO server.RaftServerConfigKeys: raft.server.log.purge.upto.snapshot.index = false (default)
recon_1       | 	at org.apache.hadoop.ipc.RPC$Server.call(RPC.java:1093)
datanode_3_1  | 2022-12-23 07:47:00,701 [pool-22-thread-1] INFO server.RaftServerConfigKeys: raft.server.threadpool.server.size = 0 (default)
scm_1         | 2022-12-23 07:45:51,900 [pool-2-thread-1] INFO server.RaftServerConfigKeys: raft.server.threadpool.client.size = 0 (default)
datanode_2_1  | 2022-12-23 07:46:28,201 [pool-22-thread-1] INFO server.RaftServerConfigKeys: raft.server.threadpool.server.cached = true (default)
datanode_2_1  | 2022-12-23 07:46:28,201 [pool-22-thread-1] INFO server.RaftServerConfigKeys: raft.server.threadpool.server.size = 0 (default)
datanode_6_1  | 2022-12-23 07:46:09,750 [EndpointStateMachine task thread for scm/10.5.0.71:9861 - 0 ] INFO ipc.Client: Retrying connect to server: scm/10.5.0.71:9861. Already tried 8 time(s); retry policy is RetryUpToMaximumCountWithFixedSleep(maxRetries=15, sleepTime=1000 MILLISECONDS)
datanode_4_1  | 2022-12-23 07:46:30,915 [grpc-default-executor-0] INFO server.RaftServer$Division: 7a637c80-3370-4b1c-9ef8-801a213e235d@group-91B590E51BCC: receive requestVote(ELECTION, 42154dd7-ed8e-4b5d-9597-b7c16373971f, group-91B590E51BCC, 1, (t:0, i:0))
datanode_4_1  | 2022-12-23 07:46:30,941 [grpc-default-executor-0] INFO impl.VoteContext: 7a637c80-3370-4b1c-9ef8-801a213e235d@group-91B590E51BCC-FOLLOWER: accept ELECTION from 42154dd7-ed8e-4b5d-9597-b7c16373971f: our priority 0 <= candidate's priority 1
recon_1       | 	at org.apache.hadoop.ipc.Server$RpcCall.run(Server.java:1043)
datanode_3_1  | 2022-12-23 07:47:00,709 [pool-22-thread-1] INFO server.RaftServerConfigKeys: raft.server.threadpool.client.cached = true (default)
scm_1         | 2022-12-23 07:45:51,957 [6a99fe70-29b5-41f8-922c-4b36a3616564-impl-thread1] INFO storage.RaftStorageDirectory: The storage directory /data/metadata/scm-ha/43a8eada-1e4e-4282-b858-5f4d1aa5daeb does not exist. Creating ...
scm_1         | 2022-12-23 07:45:52,021 [6a99fe70-29b5-41f8-922c-4b36a3616564-impl-thread1] INFO storage.RaftStorageDirectory: Lock on /data/metadata/scm-ha/43a8eada-1e4e-4282-b858-5f4d1aa5daeb/in_use.lock acquired by nodename 13@15870e435033
scm_1         | 2022-12-23 07:45:52,174 [6a99fe70-29b5-41f8-922c-4b36a3616564-impl-thread1] INFO storage.RaftStorage: Storage directory /data/metadata/scm-ha/43a8eada-1e4e-4282-b858-5f4d1aa5daeb has been successfully formatted.
scm_1         | 2022-12-23 07:45:52,236 [6a99fe70-29b5-41f8-922c-4b36a3616564-impl-thread1] INFO server.RaftServerConfigKeys: raft.server.log.use.memory = false (default)
datanode_4_1  | 2022-12-23 07:46:30,960 [grpc-default-executor-0] INFO server.RaftServer$Division: 7a637c80-3370-4b1c-9ef8-801a213e235d@group-91B590E51BCC: changes role from  FOLLOWER to FOLLOWER at term 1 for candidate:42154dd7-ed8e-4b5d-9597-b7c16373971f
datanode_1_1  | 2022-12-23 07:47:00,517 [635978a7-fe12-4633-b331-ca46b4a08c28@group-00BABAD9023B-LeaderElection1] INFO server.RaftServer$Division: 635978a7-fe12-4633-b331-ca46b4a08c28@group-00BABAD9023B: change Leader from null to 635978a7-fe12-4633-b331-ca46b4a08c28 at term 1 for becomeLeader, leader elected after 6445ms
recon_1       | 	at org.apache.hadoop.ipc.Server$RpcCall.run(Server.java:971)
datanode_3_1  | 2022-12-23 07:47:00,709 [pool-22-thread-1] INFO server.RaftServerConfigKeys: raft.server.threadpool.client.size = 0 (default)
datanode_3_1  | 2022-12-23 07:47:00,709 [pool-22-thread-1] INFO storage.RaftStorageDirectory: The storage directory /data/metadata/ratis/69e4db31-ce8f-4877-a0d7-c2d618a7bb43 does not exist. Creating ...
datanode_5_1  | 2022-12-23 07:46:31,368 [pool-22-thread-1] INFO server.RaftServerConfigKeys: raft.server.threadpool.client.cached = true (default)
datanode_5_1  | 2022-12-23 07:46:31,368 [pool-22-thread-1] INFO server.RaftServerConfigKeys: raft.server.threadpool.client.size = 0 (default)
datanode_5_1  | 2022-12-23 07:46:31,368 [pool-22-thread-1] INFO storage.RaftStorageDirectory: The storage directory /data/metadata/ratis/910f5415-ac59-4ff3-8b20-88a94c137ad4 does not exist. Creating ...
datanode_4_1  | 2022-12-23 07:46:30,965 [grpc-default-executor-0] INFO impl.RoleInfo: 7a637c80-3370-4b1c-9ef8-801a213e235d: shutdown 7a637c80-3370-4b1c-9ef8-801a213e235d@group-91B590E51BCC-FollowerState
datanode_1_1  | 2022-12-23 07:47:00,544 [635978a7-fe12-4633-b331-ca46b4a08c28@group-00BABAD9023B-LeaderElection1] INFO server.RaftServerConfigKeys: raft.server.staging.catchup.gap = 1000 (default)
recon_1       | 	at java.base/java.security.AccessController.doPrivileged(Native Method)
datanode_3_1  | 2022-12-23 07:47:00,704 [grpc-default-executor-0] INFO server.RaftServer$Division: abacd039-3736-41df-86fd-bd04edd6c80b@group-3DC599333D1A: receive requestVote(ELECTION, 0273042c-552b-4259-b8f3-72794ee64eba, group-3DC599333D1A, 1, (t:0, i:0))
scm_1         | 2022-12-23 07:45:52,375 [6a99fe70-29b5-41f8-922c-4b36a3616564-impl-thread1] INFO server.RaftServerConfigKeys: raft.server.log.purge.gap = 1000000 (custom)
datanode_5_1  | 2022-12-23 07:46:31,368 [42154dd7-ed8e-4b5d-9597-b7c16373971f@group-91B590E51BCC-LeaderElection1] INFO server.RaftServerConfigKeys: raft.server.log.appender.buffer.element-limit = 1 (custom)
datanode_6_1  | 2022-12-23 07:46:10,406 [Datanode State Machine Daemon Thread] ERROR datanode.RunningDatanodeState: Error in executing end point task.
datanode_6_1  | java.util.concurrent.ExecutionException: java.util.concurrent.TimeoutException
datanode_4_1  | 2022-12-23 07:46:31,005 [7a637c80-3370-4b1c-9ef8-801a213e235d@group-91B590E51BCC-FollowerState] INFO impl.FollowerState: 7a637c80-3370-4b1c-9ef8-801a213e235d@group-91B590E51BCC-FollowerState was interrupted
datanode_4_1  | 2022-12-23 07:46:31,007 [grpc-default-executor-0] INFO impl.RoleInfo: 7a637c80-3370-4b1c-9ef8-801a213e235d: start 7a637c80-3370-4b1c-9ef8-801a213e235d@group-91B590E51BCC-FollowerState
recon_1       | 	at java.base/javax.security.auth.Subject.doAs(Subject.java:423)
datanode_3_1  | 2022-12-23 07:47:00,726 [grpc-default-executor-0] INFO impl.VoteContext: abacd039-3736-41df-86fd-bd04edd6c80b@group-3DC599333D1A-FOLLOWER: reject ELECTION from 0273042c-552b-4259-b8f3-72794ee64eba: our priority 1 > candidate's priority 0
scm_1         | 2022-12-23 07:45:52,376 [6a99fe70-29b5-41f8-922c-4b36a3616564-impl-thread1] INFO server.RaftServerConfigKeys: raft.server.log.appender.buffer.byte-limit = 33554432 (custom)
datanode_5_1  | 2022-12-23 07:46:31,379 [pool-22-thread-1] INFO storage.RaftStorageDirectory: Lock on /data/metadata/ratis/910f5415-ac59-4ff3-8b20-88a94c137ad4/in_use.lock acquired by nodename 7@159c02cd6e98
datanode_5_1  | 2022-12-23 07:46:31,398 [pool-22-thread-1] INFO storage.RaftStorage: Storage directory /data/metadata/ratis/910f5415-ac59-4ff3-8b20-88a94c137ad4 has been successfully formatted.
datanode_2_1  | 2022-12-23 07:46:28,202 [pool-22-thread-1] INFO server.RaftServerConfigKeys: raft.server.threadpool.client.cached = true (default)
datanode_1_1  | 2022-12-23 07:47:00,565 [635978a7-fe12-4633-b331-ca46b4a08c28@group-00BABAD9023B-LeaderElection1] INFO server.RaftServerConfigKeys: raft.server.write.element-limit = 1024 (custom)
datanode_1_1  | 2022-12-23 07:47:00,566 [635978a7-fe12-4633-b331-ca46b4a08c28@group-00BABAD9023B-LeaderElection1] INFO server.RaftServerConfigKeys: raft.server.write.byte-limit = 1024 M (=1073741824) (custom)
scm_1         | 2022-12-23 07:45:52,445 [6a99fe70-29b5-41f8-922c-4b36a3616564-impl-thread1] INFO server.RaftServerConfigKeys: raft.server.log.statemachine.data.read.timeout = 1000ms (default)
datanode_6_1  | 	at java.base/java.util.concurrent.FutureTask.report(FutureTask.java:122)
datanode_6_1  | 	at java.base/java.util.concurrent.FutureTask.get(FutureTask.java:191)
datanode_6_1  | 	at org.apache.hadoop.ozone.container.common.states.datanode.RunningDatanodeState.computeNextContainerState(RunningDatanodeState.java:199)
datanode_1_1  | 2022-12-23 07:47:00,579 [635978a7-fe12-4633-b331-ca46b4a08c28@group-00BABAD9023B-LeaderElection1] INFO server.RaftServerConfigKeys: raft.server.watch.timeout = 180s (custom)
datanode_1_1  | 2022-12-23 07:47:00,579 [635978a7-fe12-4633-b331-ca46b4a08c28@group-00BABAD9023B-LeaderElection1] INFO server.RaftServerConfigKeys: raft.server.watch.timeout.denomination = 1s (default)
datanode_1_1  | 2022-12-23 07:47:00,590 [635978a7-fe12-4633-b331-ca46b4a08c28@group-00BABAD9023B-LeaderElection1] INFO server.RaftServerConfigKeys: raft.server.watch.element-limit = 65536 (default)
datanode_1_1  | 2022-12-23 07:47:00,615 [635978a7-fe12-4633-b331-ca46b4a08c28@group-00BABAD9023B-LeaderElection1] INFO server.RaftServerConfigKeys: raft.server.write.element-limit = 1024 (custom)
om_1          | 2022-12-23 07:46:37,990 [main] INFO server.GrpcService: raft.grpc.flow.control.window = 1MB (=1048576) (default)
om_1          | 2022-12-23 07:46:37,992 [main] INFO server.RaftServerConfigKeys: raft.server.rpc.request.timeout = 3000ms (default)
scm_1         | 2022-12-23 07:45:52,458 [6a99fe70-29b5-41f8-922c-4b36a3616564-impl-thread1] INFO server.RaftServerConfigKeys: raft.server.log.purge.preservation.log.num = 0 (default)
datanode_6_1  | 	at org.apache.hadoop.ozone.container.common.states.datanode.RunningDatanodeState.await(RunningDatanodeState.java:239)
datanode_6_1  | 	at org.apache.hadoop.ozone.container.common.states.datanode.RunningDatanodeState.await(RunningDatanodeState.java:50)
datanode_6_1  | 	at org.apache.hadoop.ozone.container.common.statemachine.StateContext.execute(StateContext.java:661)
datanode_6_1  | 	at org.apache.hadoop.ozone.container.common.statemachine.DatanodeStateMachine.startStateMachineThread(DatanodeStateMachine.java:309)
datanode_1_1  | 2022-12-23 07:47:00,639 [635978a7-fe12-4633-b331-ca46b4a08c28@group-00BABAD9023B-LeaderElection1] INFO server.RaftServerConfigKeys: raft.server.write.follower.gap.ratio.max = -1.0 (default)
datanode_4_1  | 2022-12-23 07:46:31,058 [7a637c80-3370-4b1c-9ef8-801a213e235d@group-91B590E51BCC-FollowerState] INFO server.RaftServerConfigKeys: raft.server.rpc.first-election.timeout.min = 5s (fallback to raft.server.rpc.timeout.min)
om_1          | 2022-12-23 07:46:38,035 [main] INFO grpc.GrpcConfigKeys: raft.grpc.server.heartbeat.channel = true (default)
om_1          | 2022-12-23 07:46:38,053 [main] INFO grpc.GrpcConfigKeys: raft.grpc.server.async.request.thread.pool.cached = true (default)
scm_1         | 2022-12-23 07:45:52,517 [6a99fe70-29b5-41f8-922c-4b36a3616564-impl-thread1] INFO server.RaftServerConfigKeys: raft.server.log.segment.size.max = 4194304 (custom)
datanode_6_1  | 	at org.apache.hadoop.ozone.container.common.statemachine.DatanodeStateMachine.lambda$startDaemon$0(DatanodeStateMachine.java:509)
datanode_6_1  | 	at java.base/java.lang.Thread.run(Thread.java:829)
datanode_2_1  | 2022-12-23 07:46:28,202 [pool-22-thread-1] INFO server.RaftServerConfigKeys: raft.server.threadpool.client.size = 0 (default)
datanode_2_1  | 2022-12-23 07:46:28,203 [pool-22-thread-1] INFO storage.RaftStorageDirectory: The storage directory /data/metadata/ratis/8611da94-dc3a-4fcb-b20b-91b590e51bcc does not exist. Creating ...
datanode_1_1  | 2022-12-23 07:47:00,680 [grpc-default-executor-1] INFO server.RaftServer$Division: 635978a7-fe12-4633-b331-ca46b4a08c28@group-3DC599333D1A: receive requestVote(ELECTION, 0273042c-552b-4259-b8f3-72794ee64eba, group-3DC599333D1A, 1, (t:0, i:0))
datanode_4_1  | 2022-12-23 07:46:31,065 [7a637c80-3370-4b1c-9ef8-801a213e235d@group-91B590E51BCC-FollowerState] INFO server.RaftServerConfigKeys: raft.server.rpc.first-election.timeout.max = 5200ms (fallback to raft.server.rpc.timeout.max)
scm_1         | 2022-12-23 07:45:52,590 [6a99fe70-29b5-41f8-922c-4b36a3616564-impl-thread1] INFO server.RaftServerConfigKeys: raft.server.log.segment.cache.num.max = 2 (custom)
datanode_5_1  | 2022-12-23 07:46:31,419 [pool-22-thread-1] INFO ratis.ContainerStateMachine: group-88A94C137AD4: The snapshot info is null. Setting the last applied indexto:(t:0, i:~)
datanode_5_1  | 2022-12-23 07:46:31,419 [pool-22-thread-1] INFO server.RaftServerConfigKeys: raft.server.log.use.memory = false (default)
datanode_5_1  | 2022-12-23 07:46:31,419 [pool-22-thread-1] INFO server.RaftServerConfigKeys: raft.server.log.purge.gap = 1000000 (custom)
datanode_5_1  | 2022-12-23 07:46:31,420 [pool-22-thread-1] INFO server.RaftServerConfigKeys: raft.server.log.appender.buffer.byte-limit = 33554432 (custom)
datanode_1_1  | 2022-12-23 07:47:00,682 [grpc-default-executor-1] INFO impl.VoteContext: 635978a7-fe12-4633-b331-ca46b4a08c28@group-3DC599333D1A-FOLLOWER: accept ELECTION from 0273042c-552b-4259-b8f3-72794ee64eba: our priority 0 <= candidate's priority 0
datanode_1_1  | 2022-12-23 07:47:00,685 [grpc-default-executor-1] INFO server.RaftServer$Division: 635978a7-fe12-4633-b331-ca46b4a08c28@group-3DC599333D1A: changes role from  FOLLOWER to FOLLOWER at term 1 for candidate:0273042c-552b-4259-b8f3-72794ee64eba
scm_1         | 2022-12-23 07:45:52,621 [6a99fe70-29b5-41f8-922c-4b36a3616564-impl-thread1] INFO server.RaftServerConfigKeys: raft.server.log.segment.cache.size.max = 200MB (=209715200) (default)
datanode_5_1  | 2022-12-23 07:46:31,420 [pool-22-thread-1] INFO server.RaftServerConfigKeys: raft.server.log.statemachine.data.read.timeout = 1000ms (default)
datanode_5_1  | 2022-12-23 07:46:31,420 [pool-22-thread-1] INFO server.RaftServerConfigKeys: raft.server.log.purge.preservation.log.num = 0 (default)
datanode_2_1  | 2022-12-23 07:46:28,222 [pool-22-thread-1] INFO storage.RaftStorageDirectory: Lock on /data/metadata/ratis/8611da94-dc3a-4fcb-b20b-91b590e51bcc/in_use.lock acquired by nodename 7@71d946715855
datanode_2_1  | 2022-12-23 07:46:28,245 [pool-22-thread-1] INFO storage.RaftStorage: Storage directory /data/metadata/ratis/8611da94-dc3a-4fcb-b20b-91b590e51bcc has been successfully formatted.
datanode_1_1  | 2022-12-23 07:47:00,686 [grpc-default-executor-1] INFO impl.RoleInfo: 635978a7-fe12-4633-b331-ca46b4a08c28: shutdown 635978a7-fe12-4633-b331-ca46b4a08c28@group-3DC599333D1A-FollowerState
