Apache Maven 3.9.16 (2bdd9fddda4b155ebf8000e807eb73fd829a51d5)
Maven home: /usr/share/apache-maven-3.9.16
Java version: 25.0.4, vendor: Eclipse Adoptium, runtime: /usr/lib/jvm/temurin-25-jdk-amd64
Default locale: en, platform encoding: UTF-8
OS name: "linux", version: "6.17.0-1022-azure", arch: "amd64", family: "unix"
[INFO] Scanning for projects...
[WARNING] Could not transfer metadata kr.motd.maven:os-maven-plugin/maven-metadata.xml from/to central (https://repo.maven.apache.org/maven2): status code: 429, reason phrase: Too Many Requests (429)
[INFO] ------------------------------------------------------------------------
[INFO] Detecting the operating system and CPU architecture
[INFO] ------------------------------------------------------------------------
[INFO] os.detected.name: linux
[INFO] os.detected.arch: x86_64
[INFO] os.detected.bitness: 64
[INFO] os.detected.version: 6.17
[INFO] os.detected.version.major: 6
[INFO] os.detected.version.minor: 17
[INFO] os.detected.release: ubuntu
[INFO] os.detected.release.version: 24.04
[INFO] os.detected.release.like.ubuntu: true
[INFO] os.detected.release.like.debian: true
[INFO] os.detected.classifier: linux-x86_64
[INFO] ------------------------------------------------------------------------
[INFO] Reactor Build Order:
[INFO] 
[INFO] Apache Ozone Main                                                  [pom]
[INFO] Apache Ozone Dev Support                                           [jar]
[INFO] Apache Ozone HDDS                                                  [pom]
[INFO] Apache Ozone Annotation Processing                                 [jar]
[INFO] Apache Ozone HDDS Config                                           [jar]
[INFO] Apache Ozone HDDS Client Interface                                 [jar]
[INFO] Apache Ozone HDDS Test Utils                                       [jar]
[INFO] Apache Ozone HDDS Hadoop Client dependencies                       [pom]
[INFO] Apache Ozone HDDS Common                                           [jar]
[INFO] Apache Ozone CLI Common                                            [jar]
[INFO] Apache Ozone HDDS Erasurecode                                      [jar]
[INFO] Apache Ozone HDDS Client                                           [jar]
[INFO] Apache Ozone HDDS Server Interface                                 [jar]
[INFO] Apache Ozone HDDS Managed RocksDB                                  [jar]
[INFO] Apache Ozone HDDS Admin Interface                                  [jar]
[INFO] Apache Ozone HDDS RocksDB Tools                                    [jar]
[INFO] Apache Ozone Checkpoint Differ for RocksDB                         [jar]
[INFO] Apache Ozone HDDS Server Framework                                 [jar]
[INFO] Apache Ozone Documentation                                         [jar]
[INFO] Apache Ozone HDDS Container Service                                [jar]
[INFO] Apache Ozone HDDS Crypto                                           [jar]
[INFO] Apache Ozone HDDS Crypto - Default                                 [jar]
[INFO] Apache Ozone HDDS SCM Server                                       [jar]
[INFO] Apache Ozone                                                       [pom]
[INFO] Apache Ozone Client Interface                                      [jar]
[INFO] Apache Ozone Common                                                [jar]
[INFO] Apache Ozone Client                                                [jar]
[INFO] Apache Ozone FileSystem Common                                     [jar]
[INFO] Apache Ozone FileSystem                                            [jar]
[INFO] Apache Ozone CLI Shell                                             [jar]
[INFO] Apache Ozone CLI Admin                                             [jar]
[INFO] Apache Ozone Storage Interface                                     [jar]
[INFO] Apache Ozone Manager Server                                        [jar]
[INFO] Apache Ozone Recon CodeGen                                         [jar]
[INFO] Apache Ozone Recon                                                 [jar]
[INFO] Apache Ozone Debug Tools                                           [jar]
[INFO] Apache Ozone CLI Interactive                                       [jar]
[INFO] Apache Ozone Repair Tools                                          [jar]
[INFO] Apache Ozone Datanode                                              [jar]
[INFO] Apache Ozone Freon                                                 [jar]
[INFO] Apache Ozone HttpFS                                                [jar]
[INFO] Apache Ozone Insight Tool                                          [jar]
[INFO] Apache Ozone Multitenancy with Ranger                              [jar]
[INFO] Apache Ozone S3 Secret Store                                       [jar]
[INFO] Apache Ozone S3 Gateway                                            [jar]
[INFO] Apache Ozone Tools                                                 [jar]
[INFO] Apache Ozone Vapor                                                 [jar]
[INFO] Apache Ozone Iceberg Integration                                   [jar]
[INFO] Apache Ozone FileSystem Shaded                                     [jar]
[INFO] Apache Ozone FS Hadoop 2.x compatibility                           [jar]
[INFO] Apache Ozone FS Hadoop 3.x compatibility                           [jar]
[INFO] Apache Ozone Distribution                                          [jar]
[INFO] Apache Ozone Fault Injection Tests                                 [pom]
[INFO] Apache Ozone Network Tests                                         [jar]
[INFO] Apache Ozone Mini Cluster                                          [jar]
[INFO] Apache Ozone Integration Tests                                     [jar]
[INFO] Apache Ozone Recon Integration Tests                               [jar]
[INFO] Apache Ozone S3 Integration Tests                                  [jar]
[WARNING] Could not transfer metadata org.cyclonedx/maven-metadata.xml from/to central (https://repo.maven.apache.org/maven2): status code: 429, reason phrase: Too Many Requests (429)
[WARNING] Could not transfer metadata com.googlecode.maven-download-plugin/maven-metadata.xml from/to central (https://repo.maven.apache.org/maven2): status code: 429, reason phrase: Too Many Requests (429)
[WARNING] Could not transfer metadata org.jacoco/maven-metadata.xml from/to central (https://repo.maven.apache.org/maven2): status code: 429, reason phrase: Too Many Requests (429)
[WARNING] Could not transfer metadata org.apache.rat/maven-metadata.xml from/to central (https://repo.maven.apache.org/maven2): status code: 429, reason phrase: Too Many Requests (429)
[WARNING] Could not transfer metadata com.github.ekryd.sortpom/maven-metadata.xml from/to central (https://repo.maven.apache.org/maven2): status code: 429, reason phrase: Too Many Requests (429)
[WARNING] Could not transfer metadata dev.aspectj/maven-metadata.xml from/to central (https://repo.maven.apache.org/maven2): status code: 429, reason phrase: Too Many Requests (429)
[WARNING] Could not transfer metadata com.coderplus.maven.plugins/maven-metadata.xml from/to central (https://repo.maven.apache.org/maven2): status code: 429, reason phrase: Too Many Requests (429)
[WARNING] Could not transfer metadata com.google.code.maven-replacer-plugin/maven-metadata.xml from/to central (https://repo.maven.apache.org/maven2): status code: 429, reason phrase: Too Many Requests (429)
[WARNING] Could not transfer metadata com.salesforce.servicelibs/maven-metadata.xml from/to central (https://repo.maven.apache.org/maven2): status code: 429, reason phrase: Too Many Requests (429)
[WARNING] Could not transfer metadata com.github.eirslett/maven-metadata.xml from/to central (https://repo.maven.apache.org/maven2): status code: 429, reason phrase: Too Many Requests (429)
[WARNING] Could not transfer metadata com.github.spotbugs/maven-metadata.xml from/to central (https://repo.maven.apache.org/maven2): status code: 429, reason phrase: Too Many Requests (429)
[WARNING] Could not transfer metadata org.apache.hadoop/maven-metadata.xml from/to central (https://repo.maven.apache.org/maven2): status code: 429, reason phrase: Too Many Requests (429)
[WARNING] Could not transfer metadata org.vafer/maven-metadata.xml from/to central (https://repo.maven.apache.org/maven2): status code: 429, reason phrase: Too Many Requests (429)
[WARNING] Could not transfer metadata org.xolstice.maven.plugins/maven-metadata.xml from/to central (https://repo.maven.apache.org/maven2): status code: 429, reason phrase: Too Many Requests (429)
[WARNING] Could not transfer metadata org.apache.maven.plugins/maven-metadata.xml from/to central (https://repo.maven.apache.org/maven2): status code: 429, reason phrase: Too Many Requests (429)
[WARNING] Could not transfer metadata org.codehaus.mojo/maven-metadata.xml from/to central (https://repo.maven.apache.org/maven2): status code: 429, reason phrase: Too Many Requests (429)
[WARNING] Could not transfer metadata com.gradle/maven-metadata.xml from/to central (https://repo.maven.apache.org/maven2): status code: 429, reason phrase: Too Many Requests (429)
[WARNING] Could not transfer metadata org.apache.maven.plugins:maven-artifact-plugin/maven-metadata.xml from/to central (https://repo.maven.apache.org/maven2): status code: 429, reason phrase: Too Many Requests (429)
[WARNING] Plugin not found in any plugin repository: org.apache.maven.plugins:maven-artifact-plugin
[INFO] ------------------------------------------------------------------------
[INFO] Reactor Summary for Apache Ozone Main 2.3.0-SNAPSHOT:
[INFO] 
[INFO] Apache Ozone Main .................................. SKIPPED
[INFO] Apache Ozone Dev Support ........................... SKIPPED
[INFO] Apache Ozone HDDS .................................. SKIPPED
[INFO] Apache Ozone Annotation Processing ................. SKIPPED
[INFO] Apache Ozone HDDS Config ........................... SKIPPED
[INFO] Apache Ozone HDDS Client Interface ................. SKIPPED
[INFO] Apache Ozone HDDS Test Utils ....................... SKIPPED
[INFO] Apache Ozone HDDS Hadoop Client dependencies ....... SKIPPED
[INFO] Apache Ozone HDDS Common ........................... SKIPPED
[INFO] Apache Ozone CLI Common ............................ SKIPPED
[INFO] Apache Ozone HDDS Erasurecode ...................... SKIPPED
[INFO] Apache Ozone HDDS Client ........................... SKIPPED
[INFO] Apache Ozone HDDS Server Interface ................. SKIPPED
[INFO] Apache Ozone HDDS Managed RocksDB .................. SKIPPED
[INFO] Apache Ozone HDDS Admin Interface .................. SKIPPED
[INFO] Apache Ozone HDDS RocksDB Tools .................... SKIPPED
[INFO] Apache Ozone Checkpoint Differ for RocksDB ......... SKIPPED
[INFO] Apache Ozone HDDS Server Framework ................. SKIPPED
[INFO] Apache Ozone Documentation ......................... SKIPPED
[INFO] Apache Ozone HDDS Container Service ................ SKIPPED
[INFO] Apache Ozone HDDS Crypto ........................... SKIPPED
[INFO] Apache Ozone HDDS Crypto - Default ................. SKIPPED
[INFO] Apache Ozone HDDS SCM Server ....................... SKIPPED
[INFO] Apache Ozone ....................................... SKIPPED
[INFO] Apache Ozone Client Interface ...................... SKIPPED
[INFO] Apache Ozone Common ................................ SKIPPED
[INFO] Apache Ozone Client ................................ SKIPPED
[INFO] Apache Ozone FileSystem Common ..................... SKIPPED
[INFO] Apache Ozone FileSystem ............................ SKIPPED
[INFO] Apache Ozone CLI Shell ............................. SKIPPED
[INFO] Apache Ozone CLI Admin ............................. SKIPPED
[INFO] Apache Ozone Storage Interface ..................... SKIPPED
[INFO] Apache Ozone Manager Server ........................ SKIPPED
[INFO] Apache Ozone Recon CodeGen ......................... SKIPPED
[INFO] Apache Ozone Recon ................................. SKIPPED
[INFO] Apache Ozone Debug Tools ........................... SKIPPED
[INFO] Apache Ozone CLI Interactive ....................... SKIPPED
[INFO] Apache Ozone Repair Tools .......................... SKIPPED
[INFO] Apache Ozone Datanode .............................. SKIPPED
[INFO] Apache Ozone Freon ................................. SKIPPED
[INFO] Apache Ozone HttpFS ................................ SKIPPED
[INFO] Apache Ozone Insight Tool .......................... SKIPPED
[INFO] Apache Ozone Multitenancy with Ranger .............. SKIPPED
[INFO] Apache Ozone S3 Secret Store ....................... SKIPPED
[INFO] Apache Ozone S3 Gateway ............................ SKIPPED
[INFO] Apache Ozone Tools ................................. SKIPPED
[INFO] Apache Ozone Vapor ................................. SKIPPED
[INFO] Apache Ozone Iceberg Integration ................... SKIPPED
[INFO] Apache Ozone FileSystem Shaded ..................... SKIPPED
[INFO] Apache Ozone FS Hadoop 2.x compatibility ........... SKIPPED
[INFO] Apache Ozone FS Hadoop 3.x compatibility ........... SKIPPED
[INFO] Apache Ozone Distribution .......................... SKIPPED
[INFO] Apache Ozone Fault Injection Tests ................. SKIPPED
[INFO] Apache Ozone Network Tests ......................... SKIPPED
[INFO] Apache Ozone Mini Cluster .......................... SKIPPED
[INFO] Apache Ozone Integration Tests ..................... SKIPPED
[INFO] Apache Ozone Recon Integration Tests ............... SKIPPED
[INFO] Apache Ozone S3 Integration Tests .................. SKIPPED
[INFO] ------------------------------------------------------------------------
[INFO] BUILD FAILURE
[INFO] ------------------------------------------------------------------------
[INFO] Total time:  03:34 min
[INFO] Finished at: 2026-08-23T23:12:07Z
[INFO] ------------------------------------------------------------------------
[INFO] 0 goals, 0 executed
[INFO] 
[INFO] Publishing Build Scan to Develocity...
[INFO] https://develocity.apache.org/s/2x2cesnk2jvyy
[INFO] 
[ERROR] Error resolving version for plugin 'org.apache.maven.plugins:maven-artifact-plugin' from the repositories [local (/home/runner/.m2/repository), central (https://repo.maven.apache.org/maven2)]: Plugin not found in any plugin repository -> [Help 1]
[ERROR] 
[ERROR] To see the full stack trace of the errors, re-run Maven with the -e switch.
[ERROR] Re-run Maven using the -X switch to enable full debug logging.
[ERROR] 
[ERROR] For more information about the errors and possible solutions, please read the following articles:
[ERROR] [Help 1] http://cwiki.apache.org/confluence/display/MAVEN/PluginVersionResolutionException
