dn1_1    | 2022-06-13 01:13:16,043 [pool-34-thread-1] INFO server.RaftServer$Division: 8d28037e-1929-496c-827d-ab357f1b0800@group-1ABCB7EC39C1: set configuration 0: [8d28037e-1929-496c-827d-ab357f1b0800|rpc:10.9.0.15:9856|admin:10.9.0.15:9857|client:10.9.0.15:9858|dataStream:|priority:0, d293d0b5-d51b-441d-8e6a-facfabf4fa1f|rpc:10.9.0.17:9856|admin:10.9.0.17:9857|client:10.9.0.17:9858|dataStream:|priority:0, 5112d1c6-a698-41d8-947b-75ac780bade1|rpc:10.9.0.19:9856|admin:10.9.0.19:9857|client:10.9.0.19:9858|dataStream:|priority:1], old=null
om2_1    | 2022-06-13 01:13:32,005 [main] INFO server.RaftServer: om2: found a subdirectory /data/metadata/ratis/5cb24680-b9e7-3c90-a862-d66704efc61c
om1_1    | 2022-06-13 01:13:34,718 [pool-23-thread-1] INFO server.RaftServerConfigKeys: raft.server.log.force.sync.num = 128 (default)
om3_1    | 2022-06-13 01:13:33,721 [pool-23-thread-1] INFO server.RaftServerConfigKeys: raft.server.log.purge.upto.snapshot.index = true (custom)
dn4_1    | 2022-06-13 01:13:14,580 [main] INFO http.HttpServer2: Added global filter 'safety' (class=org.apache.hadoop.hdds.server.http.HttpServer2$QuotingInputFilter)
dn5_1    | 2022-06-13 01:13:17,417 [pool-38-thread-1] INFO server.RaftServerConfigKeys: raft.server.rpc.slowness.timeout = 300s (custom)
dn3_1    | 2022-06-13 01:14:14,929 [grpc-default-executor-1] INFO server.RaftServer$Division: d293d0b5-d51b-441d-8e6a-facfabf4fa1f@group-1ABCB7EC39C1 replies to ELECTION vote request: 5112d1c6-a698-41d8-947b-75ac780bade1<-d293d0b5-d51b-441d-8e6a-facfabf4fa1f#0:OK-t14. Peer's state: d293d0b5-d51b-441d-8e6a-facfabf4fa1f@group-1ABCB7EC39C1:t14, leader=null, voted=5112d1c6-a698-41d8-947b-75ac780bade1, raftlog=d293d0b5-d51b-441d-8e6a-facfabf4fa1f@group-1ABCB7EC39C1-SegmentedRaftLog:OPENED:c9, conf=5: [8d28037e-1929-496c-827d-ab357f1b0800|rpc:10.9.0.15:9856|admin:10.9.0.15:9857|client:10.9.0.15:9858|dataStream:|priority:0, d293d0b5-d51b-441d-8e6a-facfabf4fa1f|rpc:10.9.0.17:9856|admin:10.9.0.17:9857|client:10.9.0.17:9858|dataStream:|priority:0, 5112d1c6-a698-41d8-947b-75ac780bade1|rpc:10.9.0.19:9856|admin:10.9.0.19:9857|client:10.9.0.19:9858|dataStream:|priority:1], old=null
scm_1    | 2022-06-13 01:13:22,578 [Listener at 0.0.0.0/9860] INFO impl.MetricsSystemImpl: StorageContainerManager metrics system started
dn2_1    | java.lang.InterruptedException: sleep interrupted
dn2_1    | 	at java.base/java.lang.Thread.sleep(Native Method)
s3g_1    | 2022-06-13 01:13:53,995 [qtp844112759-19] INFO impl.MetricsConfig: Loaded properties from hadoop-metrics2.properties
dn1_1    | 2022-06-13 01:13:16,104 [pool-34-thread-1] INFO segmented.LogSegment: Successfully read 5 entries from segment file /data/metadata/ratis/2b078298-6f89-4afd-8a13-1abcb7ec39c1/current/log_0-4
om2_1    | 2022-06-13 01:13:32,035 [main] INFO server.RaftServer: om2: addNew group-D66704EFC61C:[om1|rpc:om1:9872|priority:0, om3|rpc:om3:9872|priority:0, om2|rpc:om2:9872|priority:0] returns group-D66704EFC61C:java.util.concurrent.CompletableFuture@1bedc703[Not completed]
om1_1    | 2022-06-13 01:13:34,720 [pool-23-thread-1] INFO server.RaftServerConfigKeys: raft.server.log.statemachine.data.sync = true (default)
om3_1    | 2022-06-13 01:13:33,732 [pool-23-thread-1] INFO server.RaftServerConfigKeys: raft.server.retrycache.expirytime = 300s (custom)
om3_1    | 2022-06-13 01:13:33,736 [pool-23-thread-1] INFO server.RaftServerConfigKeys: raft.server.retrycache.statistics.expirytime = 100?s (default)
dn5_1    | 2022-06-13 01:13:17,417 [pool-38-thread-1] INFO server.RaftServerConfigKeys: raft.server.leaderelection.leader.step-down.wait-time = 10s (default)
dn3_1    | 2022-06-13 01:14:15,049 [grpc-default-executor-1] INFO ratis.XceiverServerRatis: Leader change notification received for group: group-1ABCB7EC39C1 with new leaderId: 5112d1c6-a698-41d8-947b-75ac780bade1
dn2_1    | 	at java.base/java.lang.Thread.sleep(Thread.java:334)
recon_1  | 2022-06-13 01:13:17,326 [main] INFO algorithms.ContainerPlacementPolicyFactory: Create container placement policy of type org.apache.hadoop.hdds.scm.container.placement.algorithms.SCMContainerPlacementRandom
scm_1    | 2022-06-13 01:13:23,140 [Listener at 0.0.0.0/9860] INFO server.SCMClientProtocolServer: RPC server for Client  is listening at /0.0.0.0:9860
s3g_1    | 2022-06-13 01:13:54,007 [qtp844112759-19] INFO impl.MetricsSystemImpl: Scheduled Metric snapshot period at 10 second(s).
dn1_1    | 2022-06-13 01:13:16,169 [pool-34-thread-1] INFO server.RaftServer$Division: 8d28037e-1929-496c-827d-ab357f1b0800@group-1ABCB7EC39C1: set configuration 5: [8d28037e-1929-496c-827d-ab357f1b0800|rpc:10.9.0.15:9856|admin:10.9.0.15:9857|client:10.9.0.15:9858|dataStream:|priority:0, d293d0b5-d51b-441d-8e6a-facfabf4fa1f|rpc:10.9.0.17:9856|admin:10.9.0.17:9857|client:10.9.0.17:9858|dataStream:|priority:0, 5112d1c6-a698-41d8-947b-75ac780bade1|rpc:10.9.0.19:9856|admin:10.9.0.19:9857|client:10.9.0.19:9858|dataStream:|priority:1], old=null
om2_1    | 2022-06-13 01:13:32,086 [main] INFO om.OzoneManager: OzoneManager Ratis server initialized at port 9872
om3_1    | 2022-06-13 01:13:34,206 [Listener at om3/9862] INFO server.RaftServer$Division: om3@group-D66704EFC61C: start as a follower, conf=21: [om1|rpc:om1:9872|admin:|client:|dataStream:|priority:0, om3|rpc:om3:9872|admin:|client:|dataStream:|priority:0, om2|rpc:om2:9872|admin:|client:|dataStream:|priority:0], old=null
dn4_1    | 2022-06-13 01:13:14,612 [main] INFO http.HttpServer2: Added filter static_user_filter (class=org.apache.hadoop.http.lib.StaticUserWebFilter$StaticUserFilter) to context hddsDatanode
om1_1    | 2022-06-13 01:13:34,729 [pool-23-thread-1] INFO server.RaftServerConfigKeys: raft.server.log.statemachine.data.sync.timeout = 10s (default)
dn5_1    | 2022-06-13 01:13:17,425 [pool-38-thread-1] INFO server.RaftServerConfigKeys: raft.server.sleep.deviation.threshold = 300ms (default)
dn3_1    | 2022-06-13 01:14:15,049 [grpc-default-executor-1] INFO server.RaftServer$Division: d293d0b5-d51b-441d-8e6a-facfabf4fa1f@group-1ABCB7EC39C1: change Leader from null to 5112d1c6-a698-41d8-947b-75ac780bade1 at term 14 for appendEntries, leader elected after 59924ms
dn2_1    | 	at java.base/java.util.concurrent.TimeUnit.sleep(TimeUnit.java:446)
recon_1  | 2022-06-13 01:13:17,440 [main] INFO ipc.CallQueueManager: Using callQueue: class java.util.concurrent.LinkedBlockingQueue, queueCapacity: 10000, scheduler: class org.apache.hadoop.ipc.DefaultRpcScheduler, ipcBackoff: false.
scm_1    | 2022-06-13 01:13:23,145 [IPC Server Responder] INFO ipc.Server: IPC Server Responder: starting
s3g_1    | 2022-06-13 01:13:54,008 [qtp844112759-19] INFO impl.MetricsSystemImpl: XceiverClientMetrics metrics system started
dn1_1    | 2022-06-13 01:13:16,174 [pool-34-thread-1] INFO segmented.LogSegment: Successfully read 5 entries from segment file /data/metadata/ratis/2b078298-6f89-4afd-8a13-1abcb7ec39c1/current/log_inprogress_5
om2_1    | 2022-06-13 01:13:32,220 [pool-23-thread-1] INFO server.RaftServer$Division: om2: new RaftServerImpl for group-D66704EFC61C:[om1|rpc:om1:9872|priority:0, om3|rpc:om3:9872|priority:0, om2|rpc:om2:9872|priority:0] with OzoneManagerStateMachine:uninitialized
om3_1    | 2022-06-13 01:13:34,224 [Listener at om3/9862] INFO server.RaftServer$Division: om3@group-D66704EFC61C: changes role from      null to FOLLOWER at term 3 for startAsFollower
dn4_1    | 2022-06-13 01:13:14,612 [main] INFO http.HttpServer2: Added filter static_user_filter (class=org.apache.hadoop.http.lib.StaticUserWebFilter$StaticUserFilter) to context logs
om1_1    | 2022-06-13 01:13:34,732 [pool-23-thread-1] INFO server.RaftServerConfigKeys: raft.server.log.statemachine.data.sync.timeout.retry = -1 (default)
dn5_1    | 2022-06-13 01:13:17,425 [pool-38-thread-1] INFO server.RaftServerConfigKeys: raft.server.log.appender.install.snapshot.enabled = false (custom)
dn3_1    | 2022-06-13 01:14:15,105 [grpc-default-executor-1] INFO server.RaftServer$Division: d293d0b5-d51b-441d-8e6a-facfabf4fa1f@group-1ABCB7EC39C1: set configuration 10: [8d28037e-1929-496c-827d-ab357f1b0800|rpc:10.9.0.15:9856|admin:10.9.0.15:9857|client:10.9.0.15:9858|dataStream:|priority:0, d293d0b5-d51b-441d-8e6a-facfabf4fa1f|rpc:10.9.0.17:9856|admin:10.9.0.17:9857|client:10.9.0.17:9858|dataStream:|priority:0, 5112d1c6-a698-41d8-947b-75ac780bade1|rpc:10.9.0.19:9856|admin:10.9.0.19:9857|client:10.9.0.19:9858|dataStream:|priority:1], old=null
dn2_1    | 	at org.apache.ratis.util.TimeDuration.sleep(TimeDuration.java:324)
recon_1  | 2022-06-13 01:13:17,664 [Socket Reader #1 for port 9891] INFO ipc.Server: Starting Socket Reader #1 for port 9891
scm_1    | 2022-06-13 01:13:23,150 [IPC Server listener on 9860] INFO ipc.Server: IPC Server listener on 9860: starting
s3g_1    | 2022-06-13 01:13:54,016 [qtp844112759-19] INFO impl.MetricsSinkAdapter: Sink prometheus started
dn1_1    | 2022-06-13 01:13:16,204 [pool-34-thread-1] INFO segmented.SegmentedRaftLogWorker: 8d28037e-1929-496c-827d-ab357f1b0800@group-1ABCB7EC39C1-SegmentedRaftLogWorker: flushIndex: setUnconditionally 0 -> 9
om2_1    | 2022-06-13 01:13:32,276 [pool-23-thread-1] INFO server.RaftServerConfigKeys: raft.server.rpc.timeout.min = 5s (custom)
om3_1    | 2022-06-13 01:13:34,225 [Listener at om3/9862] INFO impl.RoleInfo: om3: start om3@group-D66704EFC61C-FollowerState
dn4_1    | 2022-06-13 01:13:14,629 [main] INFO http.HttpServer2: Added filter static_user_filter (class=org.apache.hadoop.http.lib.StaticUserWebFilter$StaticUserFilter) to context static
om1_1    | 2022-06-13 01:13:34,775 [pool-23-thread-1] INFO server.RaftServerConfigKeys: raft.server.log.write.buffer.size = 64KB (=65536) (default)
dn5_1    | 2022-06-13 01:13:17,425 [pool-38-thread-1] INFO server.RaftServer$Division: 5112d1c6-a698-41d8-947b-75ac780bade1@group-1ABCB7EC39C1: ConfigurationManager, init=-1: [], old=null, confs=<EMPTY_MAP>
dn3_1    | 2022-06-13 01:14:15,105 [grpc-default-executor-1] INFO segmented.SegmentedRaftLogWorker: d293d0b5-d51b-441d-8e6a-facfabf4fa1f@group-1ABCB7EC39C1-SegmentedRaftLogWorker: Rolling segment log-5_9 to index:9
dn3_1    | 2022-06-13 01:14:15,107 [d293d0b5-d51b-441d-8e6a-facfabf4fa1f@group-1ABCB7EC39C1-SegmentedRaftLogWorker] INFO segmented.SegmentedRaftLogWorker: d293d0b5-d51b-441d-8e6a-facfabf4fa1f@group-1ABCB7EC39C1-SegmentedRaftLogWorker: Rolled log segment from /data/metadata/ratis/2b078298-6f89-4afd-8a13-1abcb7ec39c1/current/log_inprogress_5 to /data/metadata/ratis/2b078298-6f89-4afd-8a13-1abcb7ec39c1/current/log_5-9
recon_1  | 2022-06-13 01:13:18,303 [Listener at 0.0.0.0/9891] INFO recon.ReconServer: Recon server initialized successfully!
scm_1    | 2022-06-13 01:13:23,217 [Listener at 0.0.0.0/9860] INFO server.StorageContainerManager: ScmBlockLocationProtocol RPC server is listening at /0.0.0.0:9863
s3g_1    | 2022-06-13 01:13:54,017 [qtp844112759-19] INFO impl.MetricsSystemImpl: Registered sink prometheus
dn1_1    | 2022-06-13 01:13:16,205 [pool-34-thread-1] INFO segmented.SegmentedRaftLogWorker: 8d28037e-1929-496c-827d-ab357f1b0800@group-1ABCB7EC39C1-SegmentedRaftLogWorker: safeCacheEvictIndex: setUnconditionally 0 -> 4
om2_1    | 2022-06-13 01:13:32,296 [pool-23-thread-1] INFO server.RaftServerConfigKeys: raft.server.rpc.timeout.max = 5200ms (custom)
om3_1    | 2022-06-13 01:13:34,232 [Listener at om3/9862] INFO util.JmxRegister: Successfully registered JMX Bean with object name Ratis:service=RaftServer,group=group-D66704EFC61C,id=om3
dn4_1    | 2022-06-13 01:13:14,848 [pool-34-thread-1] INFO server.RaftServer$Division: 95ffca0c-1981-46bd-868d-605d8cd5d4b9@group-9D2021CC5F32: set configuration 0: [be82080b-7bca-4ce4-bd20-d5dd13d8c36a|rpc:10.9.0.16:9856|admin:10.9.0.16:9857|client:10.9.0.16:9858|dataStream:|priority:1, 5112d1c6-a698-41d8-947b-75ac780bade1|rpc:10.9.0.19:9856|admin:10.9.0.19:9857|client:10.9.0.19:9858|dataStream:|priority:0, 95ffca0c-1981-46bd-868d-605d8cd5d4b9|rpc:10.9.0.18:9856|admin:10.9.0.18:9857|client:10.9.0.18:9858|dataStream:|priority:0], old=null
om1_1    | 2022-06-13 01:13:34,777 [pool-23-thread-1] INFO server.RaftServerConfigKeys: raft.server.log.statemachine.data.caching.enabled = false (default)
dn5_1    | 2022-06-13 01:13:17,446 [pool-38-thread-1] INFO server.RaftServerConfigKeys: raft.server.storage.dir = [/data/metadata/ratis] (custom)
dn2_1    | 	at org.apache.ratis.util.TimeDuration.sleep(TimeDuration.java:309)
recon_1  | 2022-06-13 01:13:18,308 [Listener at 0.0.0.0/9891] INFO recon.ReconServer: Starting Recon server
dn3_1    | 2022-06-13 01:14:15,119 [d293d0b5-d51b-441d-8e6a-facfabf4fa1f@group-1ABCB7EC39C1-SegmentedRaftLogWorker] INFO segmented.SegmentedRaftLogWorker: d293d0b5-d51b-441d-8e6a-facfabf4fa1f@group-1ABCB7EC39C1-SegmentedRaftLogWorker: created new log segment /data/metadata/ratis/2b078298-6f89-4afd-8a13-1abcb7ec39c1/current/log_inprogress_10
scm_1    | 2022-06-13 01:13:23,227 [Listener at 0.0.0.0/9860] INFO server.SCMBlockProtocolServer: RPC server for Block Protocol is listening at /0.0.0.0:9863
s3g_1    | 2022-06-13 01:13:55,394 [qtp844112759-15] INFO retry.RetryInvocationHandler: com.google.protobuf.ServiceException: org.apache.hadoop.ipc.RemoteException(org.apache.hadoop.ozone.om.exceptions.OMNotLeaderException): OM:om2 is not the leader. Could not determine the leader node.
dn1_1    | 2022-06-13 01:13:16,222 [main] INFO http.HttpServer2: Jetty bound to port 9882
om2_1    | 2022-06-13 01:13:32,296 [pool-23-thread-1] INFO server.RaftServerConfigKeys: raft.server.rpc.sleep.time = 25ms (default)
om3_1    | 2022-06-13 01:13:34,261 [Listener at om3/9862] INFO server.RaftServer: om3: start RPC server
dn4_1    | 2022-06-13 01:13:14,975 [pool-34-thread-1] INFO segmented.LogSegment: Successfully read 8 entries from segment file /data/metadata/ratis/32e10f44-85c3-4f74-b0fd-9d2021cc5f32/current/log_0-7
om1_1    | 2022-06-13 01:13:34,814 [Listener at om1/9862] INFO impl.MetricsConfig: Loaded properties from hadoop-metrics2.properties
dn5_1    | 2022-06-13 01:13:17,449 [pool-38-thread-1] INFO server.RaftServerConfigKeys: raft.server.log.corruption.policy = EXCEPTION (default)
dn2_1    | 	at org.apache.ratis.server.impl.FollowerState.run(FollowerState.java:118)
recon_1  | 2022-06-13 01:13:18,605 [Listener at 0.0.0.0/9891] INFO impl.MetricsConfig: Loaded properties from hadoop-metrics2.properties
dn3_1    | 2022-06-13 01:14:26,636 [Datanode State Machine Thread - 0] WARN statemachine.StateContext: No available thread in pool for past 30 seconds.
scm_1    | 2022-06-13 01:13:23,242 [IPC Server Responder] INFO ipc.Server: IPC Server Responder: starting
s3g_1    | 	at org.apache.hadoop.ozone.protocolPB.OzoneManagerProtocolServerSideTranslatorPB.createNotLeaderException(OzoneManagerProtocolServerSideTranslatorPB.java:187)
dn1_1    | 2022-06-13 01:13:16,261 [main] INFO server.Server: jetty-9.4.43.v20210629; built: 2021-06-30T11:07:22.254Z; git: 526006ecfa3af7f1a27ef3a288e2bef7ea9dd7e8; jvm 11.0.13+8-LTS
om2_1    | 2022-06-13 01:13:32,296 [pool-23-thread-1] INFO server.RaftServerConfigKeys: raft.server.rpc.slowness.timeout = 120s (custom)
om3_1    | 2022-06-13 01:13:34,516 [Listener at om3/9862] INFO server.GrpcService: om3: GrpcService started, listening on 9872
dn4_1    | 2022-06-13 01:13:14,988 [pool-34-thread-1] INFO server.RaftServer$Division: 95ffca0c-1981-46bd-868d-605d8cd5d4b9@group-9D2021CC5F32: set configuration 8: [be82080b-7bca-4ce4-bd20-d5dd13d8c36a|rpc:10.9.0.16:9856|admin:10.9.0.16:9857|client:10.9.0.16:9858|dataStream:|priority:1, 5112d1c6-a698-41d8-947b-75ac780bade1|rpc:10.9.0.19:9856|admin:10.9.0.19:9857|client:10.9.0.19:9858|dataStream:|priority:0, 95ffca0c-1981-46bd-868d-605d8cd5d4b9|rpc:10.9.0.18:9856|admin:10.9.0.18:9857|client:10.9.0.18:9858|dataStream:|priority:0], old=null
om1_1    | 2022-06-13 01:13:34,899 [Listener at om1/9862] INFO impl.MetricsSystemImpl: Scheduled Metric snapshot period at 10 second(s).
dn5_1    | 2022-06-13 01:13:17,454 [pool-38-thread-1] INFO server.RaftServerConfigKeys: raft.server.storage.free-space.min = 0MB (=0) (default)
dn2_1    | 2022-06-13 01:13:43,777 [grpc-default-executor-2] INFO server.RaftServer$Division: be82080b-7bca-4ce4-bd20-d5dd13d8c36a@group-2D5EBAA9263B replies to ELECTION vote request: 8d28037e-1929-496c-827d-ab357f1b0800<-be82080b-7bca-4ce4-bd20-d5dd13d8c36a#0:OK-t9. Peer's state: be82080b-7bca-4ce4-bd20-d5dd13d8c36a@group-2D5EBAA9263B:t9, leader=null, voted=8d28037e-1929-496c-827d-ab357f1b0800, raftlog=be82080b-7bca-4ce4-bd20-d5dd13d8c36a@group-2D5EBAA9263B-SegmentedRaftLog:OPENED:c13, conf=1: [8d28037e-1929-496c-827d-ab357f1b0800|rpc:10.9.0.15:9856|admin:10.9.0.15:9857|client:10.9.0.15:9858|dataStream:|priority:1, be82080b-7bca-4ce4-bd20-d5dd13d8c36a|rpc:10.9.0.16:9856|admin:10.9.0.16:9857|client:10.9.0.16:9858|dataStream:|priority:0, 95ffca0c-1981-46bd-868d-605d8cd5d4b9|rpc:10.9.0.18:9856|admin:10.9.0.18:9857|client:10.9.0.18:9858|dataStream:|priority:0], old=null
recon_1  | 2022-06-13 01:13:18,667 [Listener at 0.0.0.0/9891] INFO impl.MetricsSystemImpl: Scheduled Metric snapshot period at 10 second(s).
scm_1    | 2022-06-13 01:13:23,245 [IPC Server listener on 9863] INFO ipc.Server: IPC Server listener on 9863: starting
scm_1    | 2022-06-13 01:13:23,326 [Listener at 0.0.0.0/9860] INFO server.StorageContainerManager: ScmDatanodeProtocl RPC server is listening at /0.0.0.0:9861
scm_1    | 2022-06-13 01:13:23,327 [Listener at 0.0.0.0/9860] INFO server.SCMDatanodeProtocolServer: RPC server for DataNodes is listening at /0.0.0.0:9861
scm_1    | 2022-06-13 01:13:23,341 [IPC Server Responder] INFO ipc.Server: IPC Server Responder: starting
scm_1    | 2022-06-13 01:13:23,346 [IPC Server listener on 9861] INFO ipc.Server: IPC Server listener on 9861: starting
scm_1    | 2022-06-13 01:13:23,749 [org.apache.hadoop.util.JvmPauseMonitor$Monitor@1280682] INFO util.JvmPauseMonitor: Starting JVM pause monitor
om3_1    | 2022-06-13 01:13:34,530 [Listener at om3/9862] INFO om.OzoneManager: Version File has different layout version (0) than OM DB (null). That is expected if this OM has never been finalized to a newer layout version.
dn5_1    | 2022-06-13 01:13:17,489 [pool-38-thread-1] INFO storage.RaftStorageDirectory: Lock on /data/metadata/ratis/2b078298-6f89-4afd-8a13-1abcb7ec39c1/in_use.lock acquired by nodename 8@1aefd27daeaa
dn2_1    | 2022-06-13 01:13:43,954 [grpc-default-executor-2] INFO ratis.XceiverServerRatis: Leader change notification received for group: group-2D5EBAA9263B with new leaderId: 8d28037e-1929-496c-827d-ab357f1b0800
recon_1  | 2022-06-13 01:13:18,668 [Listener at 0.0.0.0/9891] INFO impl.MetricsSystemImpl: Recon metrics system started
dn1_1    | 2022-06-13 01:13:16,742 [main] INFO server.session: DefaultSessionIdManager workerName=node0
scm_1    | 2022-06-13 01:13:23,789 [Listener at 0.0.0.0/9860] INFO http.BaseHttpServer: Starting Web-server for scm at: http://0.0.0.0:9876
om1_1    | 2022-06-13 01:13:34,900 [Listener at om1/9862] INFO impl.MetricsSystemImpl: OzoneManager metrics system started
om2_1    | 2022-06-13 01:13:32,298 [pool-23-thread-1] INFO server.RaftServerConfigKeys: raft.server.leaderelection.leader.step-down.wait-time = 10s (default)
s3g_1    | 	at org.apache.hadoop.ozone.protocolPB.OzoneManagerProtocolServerSideTranslatorPB.createLeaderErrorException(OzoneManagerProtocolServerSideTranslatorPB.java:174)
om3_1    | 2022-06-13 01:13:34,547 [org.apache.ratis.util.JvmPauseMonitor$$Lambda$408/0x0000000840538040@250d440] INFO util.JvmPauseMonitor: JvmPauseMonitor-om3: Started
dn5_1    | 2022-06-13 01:13:17,490 [pool-38-thread-1] INFO storage.RaftStorage: Read RaftStorageMetadata{term=5, votedFor=5112d1c6-a698-41d8-947b-75ac780bade1} from /data/metadata/ratis/2b078298-6f89-4afd-8a13-1abcb7ec39c1/current/raft-meta
dn2_1    | 2022-06-13 01:13:43,960 [grpc-default-executor-2] INFO server.RaftServer$Division: be82080b-7bca-4ce4-bd20-d5dd13d8c36a@group-2D5EBAA9263B: change Leader from null to 8d28037e-1929-496c-827d-ab357f1b0800 at term 9 for appendEntries, leader elected after 25461ms
recon_1  | 2022-06-13 01:13:19,843 [Listener at 0.0.0.0/9891] INFO http.HttpServer2: Jetty bound to port 9888
dn4_1    | 2022-06-13 01:13:15,020 [pool-34-thread-1] INFO segmented.LogSegment: Successfully read 9 entries from segment file /data/metadata/ratis/32e10f44-85c3-4f74-b0fd-9d2021cc5f32/current/log_inprogress_8
scm_1    | 2022-06-13 01:13:23,790 [Listener at 0.0.0.0/9860] INFO http.BaseHttpServer: Hadoop Security Enabled: false Ozone Security Enabled: false Ozone HTTP Security Enabled: false 
dn1_1    | 2022-06-13 01:13:16,742 [main] INFO server.session: No SessionScavenger set, using defaults
om1_1    | 2022-06-13 01:13:35,015 [pool-23-thread-1] INFO server.RaftServer$Division: om1@group-D66704EFC61C: set configuration 0: [om1|rpc:om1:9872|admin:|client:|dataStream:|priority:0, om3|rpc:om3:9872|admin:|client:|dataStream:|priority:0, om2|rpc:om2:9872|admin:|client:|dataStream:|priority:0], old=null
om2_1    | 2022-06-13 01:13:32,298 [pool-23-thread-1] INFO server.RaftServerConfigKeys: raft.server.sleep.deviation.threshold = 300ms (default)
s3g_1    | 	at org.apache.hadoop.ozone.protocolPB.OzoneManagerProtocolServerSideTranslatorPB.submitReadRequestToOM(OzoneManagerProtocolServerSideTranslatorPB.java:167)
om3_1    | 2022-06-13 01:13:34,690 [Listener at om3/9862] INFO http.BaseHttpServer: Starting Web-server for ozoneManager at: http://0.0.0.0:9874
dn5_1    | 2022-06-13 01:13:17,501 [pool-38-thread-1] INFO ratis.ContainerStateMachine: group-1ABCB7EC39C1: Setting the last applied index to (t:5, i:9)
dn2_1    | 2022-06-13 01:13:44,052 [grpc-default-executor-2] INFO server.RaftServer$Division: be82080b-7bca-4ce4-bd20-d5dd13d8c36a@group-2D5EBAA9263B: set configuration 14: [8d28037e-1929-496c-827d-ab357f1b0800|rpc:10.9.0.15:9856|admin:10.9.0.15:9857|client:10.9.0.15:9858|dataStream:|priority:1, be82080b-7bca-4ce4-bd20-d5dd13d8c36a|rpc:10.9.0.16:9856|admin:10.9.0.16:9857|client:10.9.0.16:9858|dataStream:|priority:0, 95ffca0c-1981-46bd-868d-605d8cd5d4b9|rpc:10.9.0.18:9856|admin:10.9.0.18:9857|client:10.9.0.18:9858|dataStream:|priority:0], old=null
recon_1  | 2022-06-13 01:13:19,849 [Listener at 0.0.0.0/9891] INFO server.Server: jetty-9.4.43.v20210629; built: 2021-06-30T11:07:22.254Z; git: 526006ecfa3af7f1a27ef3a288e2bef7ea9dd7e8; jvm 11.0.13+8-LTS
dn4_1    | 2022-06-13 01:13:15,054 [pool-34-thread-1] INFO segmented.SegmentedRaftLogWorker: 95ffca0c-1981-46bd-868d-605d8cd5d4b9@group-9D2021CC5F32-SegmentedRaftLogWorker: flushIndex: setUnconditionally 0 -> 16
scm_1    | 2022-06-13 01:13:23,893 [Listener at 0.0.0.0/9860] INFO util.log: Logging initialized @51103ms to org.eclipse.jetty.util.log.Slf4jLog
dn1_1    | 2022-06-13 01:13:16,749 [main] INFO server.session: node0 Scavenging every 660000ms
om1_1    | 2022-06-13 01:13:35,055 [pool-23-thread-1] INFO segmented.LogSegment: Successfully read 21 entries from segment file /data/metadata/ratis/5cb24680-b9e7-3c90-a862-d66704efc61c/current/log_0-20
om2_1    | 2022-06-13 01:13:32,303 [pool-23-thread-1] INFO server.RaftServerConfigKeys: raft.server.log.appender.install.snapshot.enabled = false (custom)
s3g_1    | 	at org.apache.hadoop.ozone.protocolPB.OzoneManagerProtocolServerSideTranslatorPB.processRequest(OzoneManagerProtocolServerSideTranslatorPB.java:133)
om3_1    | 2022-06-13 01:13:34,690 [Listener at om3/9862] INFO http.BaseHttpServer: Hadoop Security Enabled: false Ozone Security Enabled: false Ozone HTTP Security Enabled: false 
dn5_1    | 2022-06-13 01:13:17,538 [pool-38-thread-1] INFO server.RaftServer$Division: 5112d1c6-a698-41d8-947b-75ac780bade1@group-1ABCB7EC39C1: set configuration 5: [8d28037e-1929-496c-827d-ab357f1b0800|rpc:10.9.0.15:9856|admin:10.9.0.15:9857|client:10.9.0.15:9858|dataStream:|priority:0, d293d0b5-d51b-441d-8e6a-facfabf4fa1f|rpc:10.9.0.17:9856|admin:10.9.0.17:9857|client:10.9.0.17:9858|dataStream:|priority:0, 5112d1c6-a698-41d8-947b-75ac780bade1|rpc:10.9.0.19:9856|admin:10.9.0.19:9857|client:10.9.0.19:9858|dataStream:|priority:1], old=null
dn2_1    | 2022-06-13 01:13:44,052 [grpc-default-executor-2] INFO segmented.SegmentedRaftLogWorker: be82080b-7bca-4ce4-bd20-d5dd13d8c36a@group-2D5EBAA9263B-SegmentedRaftLogWorker: Rolling segment log-1_13 to index:13
recon_1  | 2022-06-13 01:13:20,071 [Listener at 0.0.0.0/9891] INFO server.session: DefaultSessionIdManager workerName=node0
dn4_1    | 2022-06-13 01:13:15,054 [pool-34-thread-1] INFO segmented.SegmentedRaftLogWorker: 95ffca0c-1981-46bd-868d-605d8cd5d4b9@group-9D2021CC5F32-SegmentedRaftLogWorker: safeCacheEvictIndex: setUnconditionally 0 -> 7
scm_1    | 2022-06-13 01:13:24,366 [Listener at 0.0.0.0/9860] INFO server.AuthenticationFilter: Unable to initialize FileSignerSecretProvider, falling back to use random secrets.
dn1_1    | 2022-06-13 01:13:16,867 [pool-34-thread-1] INFO raftlog.RaftLog: 8d28037e-1929-496c-827d-ab357f1b0800@group-1ABCB7EC39C1-SegmentedRaftLog: commitIndex: updateToMax old=9, new=8, updated? false
om1_1    | 2022-06-13 01:13:35,083 [pool-23-thread-1] INFO server.RaftServer$Division: om1@group-D66704EFC61C: set configuration 21: [om1|rpc:om1:9872|admin:|client:|dataStream:|priority:0, om3|rpc:om3:9872|admin:|client:|dataStream:|priority:0, om2|rpc:om2:9872|admin:|client:|dataStream:|priority:0], old=null
om2_1    | 2022-06-13 01:13:32,323 [pool-23-thread-1] INFO server.RaftServer$Division: om2@group-D66704EFC61C: ConfigurationManager, init=-1: [om1|rpc:om1:9872|priority:0, om3|rpc:om3:9872|priority:0, om2|rpc:om2:9872|priority:0], old=null, confs=<EMPTY_MAP>
s3g_1    | 	at org.apache.hadoop.hdds.server.OzoneProtocolMessageDispatcher.processRequest(OzoneProtocolMessageDispatcher.java:87)
om3_1    | 2022-06-13 01:13:34,772 [Listener at om3/9862] INFO util.log: Logging initialized @61851ms to org.eclipse.jetty.util.log.Slf4jLog
om3_1    | 2022-06-13 01:13:35,247 [Listener at om3/9862] INFO server.AuthenticationFilter: Unable to initialize FileSignerSecretProvider, falling back to use random secrets.
om3_1    | 2022-06-13 01:13:35,276 [Listener at om3/9862] INFO http.HttpRequestLog: Http request log for http.requests.ozoneManager is not defined
om3_1    | 2022-06-13 01:13:35,297 [Listener at om3/9862] INFO http.HttpServer2: Added global filter 'safety' (class=org.apache.hadoop.hdds.server.http.HttpServer2$QuotingInputFilter)
om3_1    | 2022-06-13 01:13:35,316 [Listener at om3/9862] INFO http.HttpServer2: Added filter static_user_filter (class=org.apache.hadoop.http.lib.StaticUserWebFilter$StaticUserFilter) to context ozoneManager
om3_1    | 2022-06-13 01:13:35,320 [Listener at om3/9862] INFO http.HttpServer2: Added filter static_user_filter (class=org.apache.hadoop.http.lib.StaticUserWebFilter$StaticUserFilter) to context logs
om3_1    | 2022-06-13 01:13:35,320 [Listener at om3/9862] INFO http.HttpServer2: Added filter static_user_filter (class=org.apache.hadoop.http.lib.StaticUserWebFilter$StaticUserFilter) to context static
om3_1    | 2022-06-13 01:13:35,465 [Listener at om3/9862] INFO http.HttpServer2: Jetty bound to port 9874
om3_1    | 2022-06-13 01:13:35,468 [Listener at om3/9862] INFO server.Server: jetty-9.4.43.v20210629; built: 2021-06-30T11:07:22.254Z; git: 526006ecfa3af7f1a27ef3a288e2bef7ea9dd7e8; jvm 11.0.13+8-LTS
om3_1    | 2022-06-13 01:13:35,581 [Listener at om3/9862] INFO server.session: DefaultSessionIdManager workerName=node0
om3_1    | 2022-06-13 01:13:35,581 [Listener at om3/9862] INFO server.session: No SessionScavenger set, using defaults
om3_1    | 2022-06-13 01:13:35,595 [Listener at om3/9862] INFO server.session: node0 Scavenging every 660000ms
dn4_1    | 2022-06-13 01:13:15,251 [main] INFO http.HttpServer2: Jetty bound to port 9882
dn4_1    | 2022-06-13 01:13:15,267 [main] INFO server.Server: jetty-9.4.43.v20210629; built: 2021-06-30T11:07:22.254Z; git: 526006ecfa3af7f1a27ef3a288e2bef7ea9dd7e8; jvm 11.0.13+8-LTS
dn4_1    | 2022-06-13 01:13:15,628 [main] INFO server.session: DefaultSessionIdManager workerName=node0
dn4_1    | 2022-06-13 01:13:15,656 [main] INFO server.session: No SessionScavenger set, using defaults
dn4_1    | 2022-06-13 01:13:15,667 [main] INFO server.session: node0 Scavenging every 660000ms
dn4_1    | 2022-06-13 01:13:15,798 [main] INFO handler.ContextHandler: Started o.e.j.s.ServletContextHandler@1d4f5506{logs,/logs,file:///var/log/hadoop/,AVAILABLE}
dn4_1    | 2022-06-13 01:13:15,819 [main] INFO handler.ContextHandler: Started o.e.j.s.ServletContextHandler@5c059a68{static,/static,jar:file:/opt/hadoop/share/ozone/lib/hdds-container-service-1.2.1.jar!/webapps/static,AVAILABLE}
dn4_1    | 2022-06-13 01:13:15,938 [pool-34-thread-1] INFO raftlog.RaftLog: 95ffca0c-1981-46bd-868d-605d8cd5d4b9@group-9D2021CC5F32-SegmentedRaftLog: commitIndex: updateToMax old=16, new=15, updated? false
dn4_1    | 2022-06-13 01:13:15,961 [pool-34-thread-1] INFO server.RaftServerConfigKeys: raft.server.snapshot.auto.trigger.enabled = true (custom)
dn4_1    | 2022-06-13 01:13:15,968 [pool-34-thread-1] INFO server.RaftServerConfigKeys: raft.server.snapshot.auto.trigger.threshold = 10000 (custom)
dn1_1    | 2022-06-13 01:13:16,891 [pool-34-thread-1] INFO server.RaftServerConfigKeys: raft.server.snapshot.auto.trigger.enabled = true (custom)
dn1_1    | 2022-06-13 01:13:16,895 [main] INFO handler.ContextHandler: Started o.e.j.s.ServletContextHandler@364fd4ae{logs,/logs,file:///var/log/hadoop/,AVAILABLE}
dn2_1    | 2022-06-13 01:13:44,053 [grpc-default-executor-1] INFO server.RaftServer$Division: be82080b-7bca-4ce4-bd20-d5dd13d8c36a@group-9D2021CC5F32: receive requestVote(ELECTION, 95ffca0c-1981-46bd-868d-605d8cd5d4b9, group-9D2021CC5F32, 9, (t:6, i:16))
dn2_1    | 2022-06-13 01:13:44,063 [grpc-default-executor-1] INFO impl.VoteContext: be82080b-7bca-4ce4-bd20-d5dd13d8c36a@group-9D2021CC5F32-FOLLOWER: reject ELECTION from 95ffca0c-1981-46bd-868d-605d8cd5d4b9: our priority 1 > candidate's priority 0
dn2_1    | 2022-06-13 01:13:44,064 [grpc-default-executor-1] INFO server.RaftServer$Division: be82080b-7bca-4ce4-bd20-d5dd13d8c36a@group-9D2021CC5F32: changes role from  FOLLOWER to FOLLOWER at term 9 for candidate:95ffca0c-1981-46bd-868d-605d8cd5d4b9
recon_1  | 2022-06-13 01:13:20,071 [Listener at 0.0.0.0/9891] INFO server.session: No SessionScavenger set, using defaults
recon_1  | 2022-06-13 01:13:20,072 [Listener at 0.0.0.0/9891] INFO server.session: node0 Scavenging every 600000ms
recon_1  | 2022-06-13 01:13:20,120 [Listener at 0.0.0.0/9891] INFO handler.ContextHandler: Started o.e.j.s.ServletContextHandler@68b7d0ef{logs,/logs,file:///var/log/hadoop/,AVAILABLE}
recon_1  | 2022-06-13 01:13:20,121 [Listener at 0.0.0.0/9891] INFO handler.ContextHandler: Started o.e.j.s.ServletContextHandler@432af457{static,/static,jar:file:/opt/hadoop/share/ozone/lib/ozone-recon-1.2.1.jar!/webapps/static,AVAILABLE}
recon_1  | 2022-06-13 01:13:24,040 [Listener at 0.0.0.0/9891] INFO handler.ContextHandler: Started o.e.j.w.WebAppContext@558575fe{recon,/,file:///tmp/jetty-0_0_0_0-9888-ozone-recon-1_2_1_jar-_-any-13376632713415661426/webapp/,AVAILABLE}{jar:file:/opt/hadoop/share/ozone/lib/ozone-recon-1.2.1.jar!/webapps/recon}
recon_1  | 2022-06-13 01:13:24,060 [Listener at 0.0.0.0/9891] INFO server.AbstractConnector: Started ServerConnector@32a4ecbe{HTTP/1.1, (http/1.1)}{0.0.0.0:9888}
recon_1  | 2022-06-13 01:13:24,060 [Listener at 0.0.0.0/9891] INFO server.Server: Started @49638ms
dn1_1    | 2022-06-13 01:13:16,897 [main] INFO handler.ContextHandler: Started o.e.j.s.ServletContextHandler@2233cac0{static,/static,jar:file:/opt/hadoop/share/ozone/lib/hdds-container-service-1.2.1.jar!/webapps/static,AVAILABLE}
dn1_1    | 2022-06-13 01:13:16,953 [pool-34-thread-1] INFO server.RaftServerConfigKeys: raft.server.snapshot.auto.trigger.threshold = 10000 (custom)
dn1_1    | 2022-06-13 01:13:16,954 [pool-34-thread-1] INFO server.RaftServerConfigKeys: raft.server.snapshot.retention.file.num = 5 (custom)
dn2_1    | 2022-06-13 01:13:44,064 [grpc-default-executor-1] INFO impl.RoleInfo: be82080b-7bca-4ce4-bd20-d5dd13d8c36a: shutdown be82080b-7bca-4ce4-bd20-d5dd13d8c36a@group-9D2021CC5F32-FollowerState
dn2_1    | 2022-06-13 01:13:44,064 [grpc-default-executor-1] INFO impl.RoleInfo: be82080b-7bca-4ce4-bd20-d5dd13d8c36a: start be82080b-7bca-4ce4-bd20-d5dd13d8c36a@group-9D2021CC5F32-FollowerState
dn1_1    | 2022-06-13 01:13:16,962 [pool-34-thread-1] INFO server.RaftServerConfigKeys: raft.server.log.purge.upto.snapshot.index = false (default)
dn1_1    | 2022-06-13 01:13:16,982 [pool-34-thread-1] INFO server.RaftServerConfigKeys: raft.server.retrycache.expirytime = 600000ms (custom)
dn1_1    | 2022-06-13 01:13:16,985 [pool-34-thread-1] INFO server.RaftServerConfigKeys: raft.server.retrycache.statistics.expirytime = 100?s (default)
dn1_1    | 2022-06-13 01:13:17,535 [pool-34-thread-1] INFO server.RaftServer$Division: 8d28037e-1929-496c-827d-ab357f1b0800: new RaftServerImpl for group-8B9082E83A02:[] with ContainerStateMachine:uninitialized
dn1_1    | 2022-06-13 01:13:17,539 [pool-34-thread-1] INFO server.RaftServerConfigKeys: raft.server.rpc.timeout.min = 5s (custom)
dn1_1    | 2022-06-13 01:13:17,545 [pool-34-thread-1] INFO server.RaftServerConfigKeys: raft.server.rpc.timeout.max = 5200ms (custom)
dn1_1    | 2022-06-13 01:13:17,545 [pool-34-thread-1] INFO server.RaftServerConfigKeys: raft.server.rpc.sleep.time = 25ms (default)
dn1_1    | 2022-06-13 01:13:17,549 [pool-34-thread-1] INFO server.RaftServerConfigKeys: raft.server.rpc.slowness.timeout = 300s (custom)
dn1_1    | 2022-06-13 01:13:17,549 [pool-34-thread-1] INFO server.RaftServerConfigKeys: raft.server.leaderelection.leader.step-down.wait-time = 10s (default)
dn1_1    | 2022-06-13 01:13:17,553 [pool-34-thread-1] INFO server.RaftServerConfigKeys: raft.server.sleep.deviation.threshold = 300ms (default)
dn1_1    | 2022-06-13 01:13:17,554 [pool-34-thread-1] INFO server.RaftServerConfigKeys: raft.server.log.appender.install.snapshot.enabled = false (custom)
dn1_1    | 2022-06-13 01:13:17,554 [pool-34-thread-1] INFO server.RaftServer$Division: 8d28037e-1929-496c-827d-ab357f1b0800@group-8B9082E83A02: ConfigurationManager, init=-1: [], old=null, confs=<EMPTY_MAP>
dn1_1    | 2022-06-13 01:13:17,555 [pool-34-thread-1] INFO server.RaftServerConfigKeys: raft.server.storage.dir = [/data/metadata/ratis] (custom)
dn1_1    | 2022-06-13 01:13:17,555 [pool-34-thread-1] INFO server.RaftServerConfigKeys: raft.server.log.corruption.policy = EXCEPTION (default)
dn1_1    | 2022-06-13 01:13:17,558 [pool-34-thread-1] INFO server.RaftServerConfigKeys: raft.server.storage.free-space.min = 0MB (=0) (default)
dn1_1    | 2022-06-13 01:13:17,572 [pool-34-thread-1] INFO storage.RaftStorageDirectory: Lock on /data/metadata/ratis/48d3f006-ce7e-40c9-b210-8b9082e83a02/in_use.lock acquired by nodename 8@7006755268c6
dn1_1    | 2022-06-13 01:13:17,577 [pool-34-thread-1] INFO storage.RaftStorage: Read RaftStorageMetadata{term=2, votedFor=8d28037e-1929-496c-827d-ab357f1b0800} from /data/metadata/ratis/48d3f006-ce7e-40c9-b210-8b9082e83a02/current/raft-meta
dn1_1    | 2022-06-13 01:13:17,580 [pool-34-thread-1] INFO ratis.ContainerStateMachine: group-8B9082E83A02: Setting the last applied index to (t:2, i:2)
dn1_1    | 2022-06-13 01:13:17,580 [pool-34-thread-1] INFO server.RaftServer$Division: 8d28037e-1929-496c-827d-ab357f1b0800@group-8B9082E83A02: set configuration 1: [8d28037e-1929-496c-827d-ab357f1b0800|rpc:10.9.0.15:9856|admin:10.9.0.15:9857|client:10.9.0.15:9858|dataStream:|priority:1], old=null
dn1_1    | 2022-06-13 01:13:17,602 [pool-34-thread-1] INFO server.RaftServerConfigKeys: raft.server.notification.no-leader.timeout = 300s (custom)
dn1_1    | 2022-06-13 01:13:17,607 [pool-34-thread-1] INFO server.RaftServerConfigKeys: raft.server.log.use.memory = false (default)
dn1_1    | 2022-06-13 01:13:17,616 [pool-34-thread-1] INFO server.RaftServerConfigKeys: raft.server.log.purge.gap = 1000000 (custom)
dn1_1    | 2022-06-13 01:13:17,619 [pool-34-thread-1] INFO server.RaftServerConfigKeys: raft.server.log.appender.buffer.byte-limit = 33554432 (custom)
dn1_1    | 2022-06-13 01:13:17,625 [pool-34-thread-1] INFO server.RaftServerConfigKeys: raft.server.log.segment.size.max = 1048576 (custom)
dn5_1    | 2022-06-13 01:13:17,540 [pool-38-thread-1] INFO server.RaftServerConfigKeys: raft.server.notification.no-leader.timeout = 300s (custom)
dn5_1    | 2022-06-13 01:13:17,540 [pool-38-thread-1] INFO server.RaftServerConfigKeys: raft.server.log.use.memory = false (default)
dn5_1    | 2022-06-13 01:13:17,540 [pool-38-thread-1] INFO server.RaftServerConfigKeys: raft.server.log.purge.gap = 1000000 (custom)
dn5_1    | 2022-06-13 01:13:17,540 [pool-38-thread-1] INFO server.RaftServerConfigKeys: raft.server.log.appender.buffer.byte-limit = 33554432 (custom)
dn5_1    | 2022-06-13 01:13:17,540 [pool-38-thread-1] INFO server.RaftServerConfigKeys: raft.server.log.segment.size.max = 1048576 (custom)
dn5_1    | 2022-06-13 01:13:17,540 [pool-38-thread-1] INFO server.RaftServerConfigKeys: raft.server.log.segment.cache.num.max = 2 (custom)
dn5_1    | 2022-06-13 01:13:17,540 [pool-38-thread-1] INFO server.RaftServerConfigKeys: raft.server.log.segment.cache.size.max = 200MB (=209715200) (default)
dn5_1    | 2022-06-13 01:13:17,540 [pool-38-thread-1] INFO segmented.SegmentedRaftLogWorker: new 5112d1c6-a698-41d8-947b-75ac780bade1@group-1ABCB7EC39C1-SegmentedRaftLogWorker for RaftStorageImpl:Storage Directory /data/metadata/ratis/2b078298-6f89-4afd-8a13-1abcb7ec39c1
dn5_1    | 2022-06-13 01:13:17,541 [pool-38-thread-1] INFO server.RaftServerConfigKeys: raft.server.log.queue.byte-limit = 2147483647 (custom)
dn5_1    | 2022-06-13 01:13:17,556 [pool-38-thread-1] INFO server.RaftServerConfigKeys: raft.server.log.queue.element-limit = 1024 (custom)
dn5_1    | 2022-06-13 01:13:17,556 [pool-38-thread-1] INFO server.RaftServerConfigKeys: raft.server.log.segment.size.max = 1048576 (custom)
dn5_1    | 2022-06-13 01:13:17,560 [pool-38-thread-1] INFO server.RaftServerConfigKeys: raft.server.log.preallocated.size = 16384 (custom)
dn5_1    | 2022-06-13 01:13:17,561 [pool-38-thread-1] INFO server.RaftServerConfigKeys: raft.server.log.force.sync.num = 128 (default)
dn5_1    | 2022-06-13 01:13:17,561 [pool-38-thread-1] INFO server.RaftServerConfigKeys: raft.server.log.statemachine.data.sync = true (default)
dn5_1    | 2022-06-13 01:13:17,565 [pool-38-thread-1] INFO server.RaftServerConfigKeys: raft.server.log.statemachine.data.sync.timeout = 10s (default)
dn5_1    | 2022-06-13 01:13:17,566 [pool-38-thread-1] INFO server.RaftServerConfigKeys: raft.server.log.statemachine.data.sync.timeout.retry = -1 (default)
dn5_1    | 2022-06-13 01:13:17,570 [pool-38-thread-1] INFO server.RaftServerConfigKeys: raft.server.log.write.buffer.size = 1048576 (custom)
dn5_1    | 2022-06-13 01:13:17,571 [pool-38-thread-1] INFO server.RaftServerConfigKeys: raft.server.log.statemachine.data.caching.enabled = true (custom)
dn5_1    | 2022-06-13 01:13:17,588 [pool-38-thread-1] INFO server.RaftServer$Division: 5112d1c6-a698-41d8-947b-75ac780bade1@group-1ABCB7EC39C1: set configuration 0: [8d28037e-1929-496c-827d-ab357f1b0800|rpc:10.9.0.15:9856|admin:10.9.0.15:9857|client:10.9.0.15:9858|dataStream:|priority:0, d293d0b5-d51b-441d-8e6a-facfabf4fa1f|rpc:10.9.0.17:9856|admin:10.9.0.17:9857|client:10.9.0.17:9858|dataStream:|priority:0, 5112d1c6-a698-41d8-947b-75ac780bade1|rpc:10.9.0.19:9856|admin:10.9.0.19:9857|client:10.9.0.19:9858|dataStream:|priority:1], old=null
dn5_1    | 2022-06-13 01:13:17,614 [pool-38-thread-1] INFO segmented.LogSegment: Successfully read 5 entries from segment file /data/metadata/ratis/2b078298-6f89-4afd-8a13-1abcb7ec39c1/current/log_0-4
dn5_1    | 2022-06-13 01:13:17,622 [pool-38-thread-1] INFO server.RaftServer$Division: 5112d1c6-a698-41d8-947b-75ac780bade1@group-1ABCB7EC39C1: set configuration 5: [8d28037e-1929-496c-827d-ab357f1b0800|rpc:10.9.0.15:9856|admin:10.9.0.15:9857|client:10.9.0.15:9858|dataStream:|priority:0, d293d0b5-d51b-441d-8e6a-facfabf4fa1f|rpc:10.9.0.17:9856|admin:10.9.0.17:9857|client:10.9.0.17:9858|dataStream:|priority:0, 5112d1c6-a698-41d8-947b-75ac780bade1|rpc:10.9.0.19:9856|admin:10.9.0.19:9857|client:10.9.0.19:9858|dataStream:|priority:1], old=null
dn5_1    | 2022-06-13 01:13:17,623 [pool-38-thread-1] INFO segmented.LogSegment: Successfully read 5 entries from segment file /data/metadata/ratis/2b078298-6f89-4afd-8a13-1abcb7ec39c1/current/log_inprogress_5
dn5_1    | 2022-06-13 01:13:17,625 [pool-38-thread-1] INFO segmented.SegmentedRaftLogWorker: 5112d1c6-a698-41d8-947b-75ac780bade1@group-1ABCB7EC39C1-SegmentedRaftLogWorker: flushIndex: setUnconditionally 0 -> 9
dn5_1    | 2022-06-13 01:13:17,626 [pool-38-thread-1] INFO segmented.SegmentedRaftLogWorker: 5112d1c6-a698-41d8-947b-75ac780bade1@group-1ABCB7EC39C1-SegmentedRaftLogWorker: safeCacheEvictIndex: setUnconditionally 0 -> 4
dn5_1    | 2022-06-13 01:13:17,628 [pool-38-thread-1] INFO raftlog.RaftLog: 5112d1c6-a698-41d8-947b-75ac780bade1@group-1ABCB7EC39C1-SegmentedRaftLog: commitIndex: updateToMax old=9, new=8, updated? false
dn5_1    | 2022-06-13 01:13:17,632 [pool-38-thread-1] INFO server.RaftServerConfigKeys: raft.server.snapshot.auto.trigger.enabled = true (custom)
dn5_1    | 2022-06-13 01:13:17,632 [pool-38-thread-1] INFO server.RaftServerConfigKeys: raft.server.snapshot.auto.trigger.threshold = 10000 (custom)
dn5_1    | 2022-06-13 01:13:17,632 [pool-38-thread-1] INFO server.RaftServerConfigKeys: raft.server.snapshot.retention.file.num = 5 (custom)
dn5_1    | 2022-06-13 01:13:17,632 [pool-38-thread-1] INFO server.RaftServerConfigKeys: raft.server.log.purge.upto.snapshot.index = false (default)
dn5_1    | 2022-06-13 01:13:17,633 [pool-38-thread-1] INFO server.RaftServerConfigKeys: raft.server.retrycache.expirytime = 600000ms (custom)
dn5_1    | 2022-06-13 01:13:17,636 [pool-38-thread-1] INFO server.RaftServerConfigKeys: raft.server.retrycache.statistics.expirytime = 100?s (default)
dn2_1    | 2022-06-13 01:13:44,064 [be82080b-7bca-4ce4-bd20-d5dd13d8c36a@group-9D2021CC5F32-FollowerState] INFO impl.FollowerState: be82080b-7bca-4ce4-bd20-d5dd13d8c36a@group-9D2021CC5F32-FollowerState was interrupted: {}
dn2_1    | java.lang.InterruptedException: sleep interrupted
om1_1    | 2022-06-13 01:13:35,259 [Listener at om1/9862] INFO om.OzoneManager: OzoneManager RPC server is listening at om1/10.9.0.11:9862
om1_1    | 2022-06-13 01:13:35,293 [Listener at om1/9862] INFO ratis.OzoneManagerRatisServer: Starting OzoneManagerRatisServer om1 at port 9872
om1_1    | 2022-06-13 01:13:35,409 [pool-23-thread-1] INFO segmented.LogSegment: Successfully read 44 entries from segment file /data/metadata/ratis/5cb24680-b9e7-3c90-a862-d66704efc61c/current/log_inprogress_21
dn4_1    | 2022-06-13 01:13:15,980 [pool-34-thread-1] INFO server.RaftServerConfigKeys: raft.server.snapshot.retention.file.num = 5 (custom)
dn4_1    | 2022-06-13 01:13:15,984 [pool-34-thread-1] INFO server.RaftServerConfigKeys: raft.server.log.purge.upto.snapshot.index = false (default)
dn4_1    | 2022-06-13 01:13:15,989 [pool-34-thread-1] INFO server.RaftServerConfigKeys: raft.server.retrycache.expirytime = 600000ms (custom)
dn4_1    | 2022-06-13 01:13:15,998 [pool-34-thread-1] INFO server.RaftServerConfigKeys: raft.server.retrycache.statistics.expirytime = 100?s (default)
dn4_1    | 2022-06-13 01:13:16,388 [pool-34-thread-1] INFO server.RaftServer$Division: 95ffca0c-1981-46bd-868d-605d8cd5d4b9: new RaftServerImpl for group-4033E3ED178D:[] with ContainerStateMachine:uninitialized
dn4_1    | 2022-06-13 01:13:16,427 [pool-34-thread-1] INFO server.RaftServerConfigKeys: raft.server.rpc.timeout.min = 5s (custom)
dn4_1    | 2022-06-13 01:13:16,429 [pool-34-thread-1] INFO server.RaftServerConfigKeys: raft.server.rpc.timeout.max = 5200ms (custom)
dn4_1    | 2022-06-13 01:13:16,452 [pool-34-thread-1] INFO server.RaftServerConfigKeys: raft.server.rpc.sleep.time = 25ms (default)
dn4_1    | 2022-06-13 01:13:16,453 [pool-34-thread-1] INFO server.RaftServerConfigKeys: raft.server.rpc.slowness.timeout = 300s (custom)
dn4_1    | 2022-06-13 01:13:16,453 [pool-34-thread-1] INFO server.RaftServerConfigKeys: raft.server.leaderelection.leader.step-down.wait-time = 10s (default)
recon_1  | 2022-06-13 01:13:24,068 [Listener at 0.0.0.0/9891] INFO impl.MetricsSinkAdapter: Sink prometheus started
recon_1  | 2022-06-13 01:13:24,068 [Listener at 0.0.0.0/9891] INFO impl.MetricsSystemImpl: Registered sink prometheus
om3_1    | 2022-06-13 01:13:35,625 [Listener at om3/9862] INFO handler.ContextHandler: Started o.e.j.s.ServletContextHandler@78c74647{logs,/logs,file:///var/log/hadoop/,AVAILABLE}
om3_1    | 2022-06-13 01:13:35,630 [Listener at om3/9862] INFO handler.ContextHandler: Started o.e.j.s.ServletContextHandler@1c84d80a{static,/static,jar:file:/opt/hadoop/share/ozone/lib/ozone-manager-1.2.1.jar!/webapps/static,AVAILABLE}
om3_1    | 2022-06-13 01:13:36,724 [Listener at om3/9862] INFO handler.ContextHandler: Started o.e.j.w.WebAppContext@7ab63838{ozoneManager,/,file:///tmp/jetty-0_0_0_0-9874-ozone-manager-1_2_1_jar-_-any-5134517811464532601/webapp/,AVAILABLE}{jar:file:/opt/hadoop/share/ozone/lib/ozone-manager-1.2.1.jar!/webapps/ozoneManager}
om3_1    | 2022-06-13 01:13:36,758 [Listener at om3/9862] INFO server.AbstractConnector: Started ServerConnector@2c7c0e36{HTTP/1.1, (http/1.1)}{0.0.0.0:9874}
om3_1    | 2022-06-13 01:13:36,765 [Listener at om3/9862] INFO server.Server: Started @63844ms
om3_1    | 2022-06-13 01:13:36,772 [Listener at om3/9862] INFO impl.MetricsSinkAdapter: Sink prometheus started
om3_1    | 2022-06-13 01:13:36,780 [Listener at om3/9862] INFO impl.MetricsSystemImpl: Registered sink prometheus
om3_1    | 2022-06-13 01:13:36,782 [Listener at om3/9862] INFO http.BaseHttpServer: HTTP server of ozoneManager listening at http://0.0.0.0:9874
om3_1    | 2022-06-13 01:13:36,783 [IPC Server Responder] INFO ipc.Server: IPC Server Responder: starting
om3_1    | 2022-06-13 01:13:36,784 [IPC Server listener on 9862] INFO ipc.Server: IPC Server listener on 9862: starting
om3_1    | 2022-06-13 01:13:36,934 [Listener at om3/9862] INFO om.OzoneManager: Trash Interval set to 0. Files deleted will not move to trash
om3_1    | 2022-06-13 01:13:36,960 [org.apache.hadoop.util.JvmPauseMonitor$Monitor@6c8f4bc7] INFO util.JvmPauseMonitor: Starting JVM pause monitor
om3_1    | 2022-06-13 01:13:39,303 [om3@group-D66704EFC61C-FollowerState] INFO impl.FollowerState: om3@group-D66704EFC61C-FollowerState: change to CANDIDATE, lastRpcElapsedTime:5078227611ns, electionTimeout:5051ms
om3_1    | 2022-06-13 01:13:39,305 [om3@group-D66704EFC61C-FollowerState] INFO impl.RoleInfo: om3: shutdown om3@group-D66704EFC61C-FollowerState
om3_1    | 2022-06-13 01:13:39,305 [om3@group-D66704EFC61C-FollowerState] INFO server.RaftServer$Division: om3@group-D66704EFC61C: changes role from  FOLLOWER to CANDIDATE at term 3 for changeToCandidate
om3_1    | 2022-06-13 01:13:39,310 [om3@group-D66704EFC61C-FollowerState] INFO server.RaftServerConfigKeys: raft.server.leaderelection.pre-vote = false (custom)
om3_1    | 2022-06-13 01:13:39,310 [om3@group-D66704EFC61C-FollowerState] INFO impl.RoleInfo: om3: start om3@group-D66704EFC61C-LeaderElection1
om3_1    | 2022-06-13 01:13:39,359 [om3@group-D66704EFC61C-LeaderElection1] INFO impl.LeaderElection: om3@group-D66704EFC61C-LeaderElection1 ELECTION round 0: submit vote requests at term 4 for 21: [om1|rpc:om1:9872|admin:|client:|dataStream:|priority:0, om3|rpc:om3:9872|admin:|client:|dataStream:|priority:0, om2|rpc:om2:9872|admin:|client:|dataStream:|priority:0], old=null
om3_1    | 2022-06-13 01:13:40,658 [om3@group-D66704EFC61C-LeaderElection1] INFO impl.LeaderElection: om3@group-D66704EFC61C-LeaderElection1: ELECTION PASSED received 2 response(s) and 0 exception(s):
om3_1    | 2022-06-13 01:13:40,660 [om3@group-D66704EFC61C-LeaderElection1] INFO impl.LeaderElection:   Response 0: om3<-om1#0:OK-t4
om3_1    | 2022-06-13 01:13:40,660 [om3@group-D66704EFC61C-LeaderElection1] INFO impl.LeaderElection:   Response 1: om3<-om2#0:FAIL-t4
om3_1    | 2022-06-13 01:13:40,660 [om3@group-D66704EFC61C-LeaderElection1] INFO impl.LeaderElection: om3@group-D66704EFC61C-LeaderElection1 ELECTION round 0: result PASSED
om3_1    | 2022-06-13 01:13:40,662 [om3@group-D66704EFC61C-LeaderElection1] INFO impl.RoleInfo: om3: shutdown om3@group-D66704EFC61C-LeaderElection1
om3_1    | 2022-06-13 01:13:40,667 [om3@group-D66704EFC61C-LeaderElection1] INFO server.RaftServer$Division: om3@group-D66704EFC61C: changes role from CANDIDATE to LEADER at term 4 for changeToLeader
om3_1    | 2022-06-13 01:13:40,671 [om3@group-D66704EFC61C-LeaderElection1] INFO server.RaftServer$Division: om3@group-D66704EFC61C: change Leader from null to om3 at term 4 for becomeLeader, leader elected after 9304ms
om3_1    | 2022-06-13 01:13:40,680 [om3@group-D66704EFC61C-LeaderElection1] INFO server.RaftServerConfigKeys: raft.server.staging.catchup.gap = 1000 (default)
om3_1    | 2022-06-13 01:13:40,693 [om3@group-D66704EFC61C-LeaderElection1] INFO server.RaftServerConfigKeys: raft.server.write.element-limit = 4096 (default)
om3_1    | 2022-06-13 01:13:40,694 [om3@group-D66704EFC61C-LeaderElection1] INFO server.RaftServerConfigKeys: raft.server.write.byte-limit = 64MB (=67108864) (default)
om3_1    | 2022-06-13 01:13:40,702 [om3@group-D66704EFC61C-LeaderElection1] INFO server.RaftServerConfigKeys: raft.server.watch.timeout = 10s (default)
om3_1    | 2022-06-13 01:13:40,704 [om3@group-D66704EFC61C-LeaderElection1] INFO server.RaftServerConfigKeys: raft.server.watch.timeout.denomination = 1s (default)
om3_1    | 2022-06-13 01:13:40,705 [om3@group-D66704EFC61C-LeaderElection1] INFO server.RaftServerConfigKeys: raft.server.watch.element-limit = 65536 (default)
om3_1    | 2022-06-13 01:13:40,728 [om3@group-D66704EFC61C-LeaderElection1] INFO server.RaftServerConfigKeys: raft.server.write.element-limit = 4096 (default)
om3_1    | 2022-06-13 01:13:40,734 [om3@group-D66704EFC61C-LeaderElection1] INFO server.RaftServerConfigKeys: raft.server.write.follower.gap.ratio.max = -1.0 (default)
