om3_1    | 2022-06-13 01:13:40,748 [om3@group-D66704EFC61C-LeaderElection1] INFO server.RaftServerConfigKeys: raft.server.log.appender.snapshot.chunk.size.max = 16MB (=16777216) (default)
om3_1    | 2022-06-13 01:13:40,752 [om3@group-D66704EFC61C-LeaderElection1] INFO server.RaftServerConfigKeys: raft.server.log.appender.buffer.byte-limit = 33554432 (custom)
om3_1    | 2022-06-13 01:13:40,753 [om3@group-D66704EFC61C-LeaderElection1] INFO server.RaftServerConfigKeys: raft.server.log.appender.buffer.element-limit = 1024 (custom)
om3_1    | 2022-06-13 01:13:40,756 [om3@group-D66704EFC61C-LeaderElection1] INFO grpc.GrpcConfigKeys: raft.grpc.server.leader.outstanding.appends.max = 128 (default)
om3_1    | 2022-06-13 01:13:40,762 [om3@group-D66704EFC61C-LeaderElection1] INFO server.RaftServerConfigKeys: raft.server.rpc.request.timeout = 3000ms (default)
om3_1    | 2022-06-13 01:13:40,764 [om3@group-D66704EFC61C-LeaderElection1] INFO server.RaftServerConfigKeys: raft.server.log.appender.install.snapshot.enabled = false (custom)
om3_1    | 2022-06-13 01:13:40,770 [om3@group-D66704EFC61C-LeaderElection1] INFO server.RaftServerConfigKeys: raft.server.log.appender.snapshot.chunk.size.max = 16MB (=16777216) (default)
om3_1    | 2022-06-13 01:13:40,770 [om3@group-D66704EFC61C-LeaderElection1] INFO server.RaftServerConfigKeys: raft.server.log.appender.buffer.byte-limit = 33554432 (custom)
om3_1    | 2022-06-13 01:13:40,771 [om3@group-D66704EFC61C-LeaderElection1] INFO server.RaftServerConfigKeys: raft.server.log.appender.buffer.element-limit = 1024 (custom)
om3_1    | 2022-06-13 01:13:40,771 [om3@group-D66704EFC61C-LeaderElection1] INFO grpc.GrpcConfigKeys: raft.grpc.server.leader.outstanding.appends.max = 128 (default)
om3_1    | 2022-06-13 01:13:40,771 [om3@group-D66704EFC61C-LeaderElection1] INFO server.RaftServerConfigKeys: raft.server.rpc.request.timeout = 3000ms (default)
om3_1    | 2022-06-13 01:13:40,771 [om3@group-D66704EFC61C-LeaderElection1] INFO server.RaftServerConfigKeys: raft.server.log.appender.install.snapshot.enabled = false (custom)
om3_1    | 2022-06-13 01:13:40,792 [om3@group-D66704EFC61C-LeaderElection1] INFO impl.RoleInfo: om3: start om3@group-D66704EFC61C-LeaderStateImpl
om3_1    | 2022-06-13 01:13:40,827 [om3@group-D66704EFC61C-LeaderElection1] INFO segmented.SegmentedRaftLogWorker: om3@group-D66704EFC61C-SegmentedRaftLogWorker: Rolling segment log-21_64 to index:64
om3_1    | 2022-06-13 01:13:40,830 [om3@group-D66704EFC61C-SegmentedRaftLogWorker] INFO segmented.SegmentedRaftLogWorker: om3@group-D66704EFC61C-SegmentedRaftLogWorker: Rolled log segment from /data/metadata/ratis/5cb24680-b9e7-3c90-a862-d66704efc61c/current/log_inprogress_21 to /data/metadata/ratis/5cb24680-b9e7-3c90-a862-d66704efc61c/current/log_21-64
om3_1    | 2022-06-13 01:13:40,857 [om3@group-D66704EFC61C-SegmentedRaftLogWorker] INFO segmented.SegmentedRaftLogWorker: om3@group-D66704EFC61C-SegmentedRaftLogWorker: created new log segment /data/metadata/ratis/5cb24680-b9e7-3c90-a862-d66704efc61c/current/log_inprogress_65
om3_1    | 2022-06-13 01:13:40,864 [om3@group-D66704EFC61C-LeaderElection1] INFO server.RaftServer$Division: om3@group-D66704EFC61C: set configuration 65: [om1|rpc:om1:9872|admin:|client:|dataStream:|priority:0, om3|rpc:om3:9872|admin:|client:|dataStream:|priority:0, om2|rpc:om2:9872|admin:|client:|dataStream:|priority:0], old=null
om3_1    | 2022-06-13 01:13:41,130 [grpc-default-executor-1] INFO server.RaftServer$Division: om3@group-D66704EFC61C: receive requestVote(ELECTION, om2, group-D66704EFC61C, 4, (t:3, i:64))
om3_1    | 2022-06-13 01:13:41,131 [grpc-default-executor-1] INFO impl.VoteContext: om3@group-D66704EFC61C-LEADER: reject ELECTION from om2: already has voted for om3 at current term 4
om3_1    | 2022-06-13 01:13:41,139 [grpc-default-executor-1] INFO server.RaftServer$Division: om3@group-D66704EFC61C replies to ELECTION vote request: om2<-om3#0:FAIL-t4. Peer's state: om3@group-D66704EFC61C:t4, leader=om3, voted=om3, raftlog=om3@group-D66704EFC61C-SegmentedRaftLog:OPENED:c63, conf=65: [om1|rpc:om1:9872|admin:|client:|dataStream:|priority:0, om3|rpc:om3:9872|admin:|client:|dataStream:|priority:0, om2|rpc:om2:9872|admin:|client:|dataStream:|priority:0], old=null
om3_1    | 2022-06-13 01:13:41,474 [om3@group-D66704EFC61C-StateMachineUpdater] INFO ratis.OzoneManagerStateMachine: Received Configuration change notification from Ratis. New Peer list:
om3_1    | [id: "om1"
om3_1    | address: "om1:9872"
om3_1    | , id: "om3"
om3_1    | address: "om3:9872"
om3_1    | , id: "om2"
om3_1    | address: "om2:9872"
om3_1    | ]
om3_1    | 2022-06-13 01:14:11,388 [OM StateMachine ApplyTransaction Thread - 0] INFO volume.OMVolumeCreateRequest: created volume:old2-volume for user:hadoop
om3_1    | 2022-06-13 01:14:24,618 [qtp871115788-53] INFO utils.DBCheckpointServlet: Received request to obtain DB checkpoint snapshot
om3_1    | 2022-06-13 01:14:24,661 [qtp871115788-53] INFO db.RDBCheckpointManager: Created checkpoint at /data/metadata/db.checkpoints/om.db_checkpoint_1655082864619 in 42 milliseconds
om3_1    | 2022-06-13 01:14:24,773 [qtp871115788-53] INFO utils.DBCheckpointServlet: Time taken to write the checkpoint to response output stream: 110 milliseconds
om3_1    | 2022-06-13 01:14:24,773 [qtp871115788-53] INFO db.RocksDBCheckpoint: Cleaning up RocksDB checkpoint at /data/metadata/db.checkpoints/om.db_checkpoint_1655082864619
om3_1    | 2022-06-13 01:14:28,943 [OM StateMachine ApplyTransaction Thread - 0] ERROR bucket.OMBucketCreateRequest: Bucket creation failed for bucket:old2-bucket in volume:s3v
om3_1    | BUCKET_ALREADY_EXISTS org.apache.hadoop.ozone.om.exceptions.OMException: Bucket already exist
om3_1    | 	at org.apache.hadoop.ozone.om.request.bucket.OMBucketCreateRequest.validateAndUpdateCache(OMBucketCreateRequest.java:193)
om3_1    | 	at org.apache.hadoop.ozone.protocolPB.OzoneManagerRequestHandler.handleWriteRequest(OzoneManagerRequestHandler.java:248)
om3_1    | 	at org.apache.hadoop.ozone.om.ratis.OzoneManagerStateMachine.runCommand(OzoneManagerStateMachine.java:502)
om3_1    | 	at org.apache.hadoop.ozone.om.ratis.OzoneManagerStateMachine.lambda$2(OzoneManagerStateMachine.java:312)
om3_1    | 	at java.base/java.util.concurrent.CompletableFuture$AsyncSupply.run(CompletableFuture.java:1700)
om3_1    | 	at java.base/java.util.concurrent.ThreadPoolExecutor.runWorker(ThreadPoolExecutor.java:1128)
om3_1    | 	at java.base/java.util.concurrent.ThreadPoolExecutor$Worker.run(ThreadPoolExecutor.java:628)
om3_1    | 	at java.base/java.lang.Thread.run(Thread.java:829)
om3_1    | 2022-06-13 01:14:53,805 [OM StateMachine ApplyTransaction Thread - 0] ERROR bucket.OMBucketCreateRequest: Bucket creation failed for bucket:old1-bucket in volume:s3v
om3_1    | BUCKET_ALREADY_EXISTS org.apache.hadoop.ozone.om.exceptions.OMException: Bucket already exist
om3_1    | 	at org.apache.hadoop.ozone.om.request.bucket.OMBucketCreateRequest.validateAndUpdateCache(OMBucketCreateRequest.java:193)
om3_1    | 	at org.apache.hadoop.ozone.protocolPB.OzoneManagerRequestHandler.handleWriteRequest(OzoneManagerRequestHandler.java:248)
om3_1    | 	at org.apache.hadoop.ozone.om.ratis.OzoneManagerStateMachine.runCommand(OzoneManagerStateMachine.java:502)
om3_1    | 	at org.apache.hadoop.ozone.om.ratis.OzoneManagerStateMachine.lambda$2(OzoneManagerStateMachine.java:312)
om3_1    | 	at java.base/java.util.concurrent.CompletableFuture$AsyncSupply.run(CompletableFuture.java:1700)
om3_1    | 	at java.base/java.util.concurrent.ThreadPoolExecutor.runWorker(ThreadPoolExecutor.java:1128)
om3_1    | 	at java.base/java.util.concurrent.ThreadPoolExecutor$Worker.run(ThreadPoolExecutor.java:628)
om3_1    | 	at java.base/java.lang.Thread.run(Thread.java:829)
dn2_1    | 	at java.base/java.lang.Thread.sleep(Native Method)
recon_1  | 2022-06-13 01:13:24,069 [Listener at 0.0.0.0/9891] INFO http.BaseHttpServer: HTTP server of recon listening at http://0.0.0.0:9888
s3g_1    | 	at org.apache.hadoop.ozone.protocolPB.OzoneManagerProtocolServerSideTranslatorPB.submitRequest(OzoneManagerProtocolServerSideTranslatorPB.java:123)
scm_1    | 2022-06-13 01:13:24,512 [Listener at 0.0.0.0/9860] INFO http.HttpRequestLog: Http request log for http.requests.scm is not defined
dn4_1    | 2022-06-13 01:13:16,453 [pool-34-thread-1] INFO server.RaftServerConfigKeys: raft.server.sleep.deviation.threshold = 300ms (default)
om1_1    | 2022-06-13 01:13:35,435 [pool-23-thread-1] INFO segmented.SegmentedRaftLogWorker: om1@group-D66704EFC61C-SegmentedRaftLogWorker: flushIndex: setUnconditionally 0 -> 64
om2_1    | 2022-06-13 01:13:32,346 [pool-23-thread-1] INFO server.RaftServerConfigKeys: raft.server.storage.dir = [/data/metadata/ratis] (custom)
dn1_1    | 2022-06-13 01:13:17,625 [pool-34-thread-1] INFO server.RaftServerConfigKeys: raft.server.log.segment.cache.num.max = 2 (custom)
dn5_1    | 2022-06-13 01:13:17,671 [pool-38-thread-1] INFO server.RaftServer$Division: 5112d1c6-a698-41d8-947b-75ac780bade1: new RaftServerImpl for group-9D2021CC5F32:[] with ContainerStateMachine:uninitialized
dn2_1    | 	at java.base/java.lang.Thread.sleep(Thread.java:334)
recon_1  | 2022-06-13 01:13:24,070 [Listener at 0.0.0.0/9891] INFO impl.OzoneManagerServiceProviderImpl: Starting Ozone Manager Service Provider.
s3g_1    | 	at org.apache.hadoop.ozone.protocol.proto.OzoneManagerProtocolProtos$OzoneManagerService$2.callBlockingMethod(OzoneManagerProtocolProtos.java)
scm_1    | 2022-06-13 01:13:24,667 [Listener at 0.0.0.0/9860] INFO http.HttpServer2: Added global filter 'safety' (class=org.apache.hadoop.hdds.server.http.HttpServer2$QuotingInputFilter)
dn4_1    | 2022-06-13 01:13:16,453 [pool-34-thread-1] INFO server.RaftServerConfigKeys: raft.server.log.appender.install.snapshot.enabled = false (custom)
om1_1    | 2022-06-13 01:13:35,435 [pool-23-thread-1] INFO segmented.SegmentedRaftLogWorker: om1@group-D66704EFC61C-SegmentedRaftLogWorker: safeCacheEvictIndex: setUnconditionally 0 -> 20
om2_1    | 2022-06-13 01:13:32,362 [main] INFO ipc.CallQueueManager: Using callQueue: class java.util.concurrent.LinkedBlockingQueue, queueCapacity: 10000, scheduler: class org.apache.hadoop.ipc.DefaultRpcScheduler, ipcBackoff: false.
dn1_1    | 2022-06-13 01:13:17,628 [pool-34-thread-1] INFO server.RaftServerConfigKeys: raft.server.log.segment.cache.size.max = 200MB (=209715200) (default)
dn5_1    | 2022-06-13 01:13:17,675 [pool-38-thread-1] INFO server.RaftServerConfigKeys: raft.server.rpc.timeout.min = 5s (custom)
dn2_1    | 	at java.base/java.util.concurrent.TimeUnit.sleep(TimeUnit.java:446)
recon_1  | 2022-06-13 01:13:24,094 [Listener at 0.0.0.0/9891] INFO recovery.ReconOmMetadataManagerImpl: Starting ReconOMMetadataManagerImpl
s3g_1    | 	at org.apache.hadoop.ipc.ProtobufRpcEngine$Server.processCall(ProtobufRpcEngine.java:466)
scm_1    | 2022-06-13 01:13:24,726 [Listener at 0.0.0.0/9860] INFO http.HttpServer2: Added filter static_user_filter (class=org.apache.hadoop.http.lib.StaticUserWebFilter$StaticUserFilter) to context scm
dn4_1    | 2022-06-13 01:13:16,453 [pool-34-thread-1] INFO server.RaftServer$Division: 95ffca0c-1981-46bd-868d-605d8cd5d4b9@group-4033E3ED178D: ConfigurationManager, init=-1: [], old=null, confs=<EMPTY_MAP>
om1_1    | 2022-06-13 01:13:35,651 [pool-23-thread-1] INFO raftlog.RaftLog: om1@group-D66704EFC61C-SegmentedRaftLog: commitIndex: updateToMax old=63, new=63, updated? false
om2_1    | 2022-06-13 01:13:32,366 [pool-23-thread-1] INFO server.RaftServerConfigKeys: raft.server.log.corruption.policy = EXCEPTION (default)
dn1_1    | 2022-06-13 01:13:17,634 [pool-34-thread-1] INFO segmented.SegmentedRaftLogWorker: new 8d28037e-1929-496c-827d-ab357f1b0800@group-8B9082E83A02-SegmentedRaftLogWorker for RaftStorageImpl:Storage Directory /data/metadata/ratis/48d3f006-ce7e-40c9-b210-8b9082e83a02
dn5_1    | 2022-06-13 01:13:17,678 [pool-38-thread-1] INFO server.RaftServerConfigKeys: raft.server.rpc.timeout.max = 5200ms (custom)
dn2_1    | 	at org.apache.ratis.util.TimeDuration.sleep(TimeDuration.java:324)
recon_1  | 2022-06-13 01:13:24,095 [Listener at 0.0.0.0/9891] WARN recon.ReconUtils: ozone.recon.om.db.dir is not configured. We recommend adding this setting. Falling back to ozone.metadata.dirs instead.
s3g_1    | 	at org.apache.hadoop.ipc.ProtobufRpcEngine2$Server$ProtoBufRpcInvoker.call(ProtobufRpcEngine2.java:574)
scm_1    | 2022-06-13 01:13:24,732 [Listener at 0.0.0.0/9860] INFO http.HttpServer2: Added filter static_user_filter (class=org.apache.hadoop.http.lib.StaticUserWebFilter$StaticUserFilter) to context static
dn4_1    | 2022-06-13 01:13:16,454 [pool-34-thread-1] INFO server.RaftServerConfigKeys: raft.server.storage.dir = [/data/metadata/ratis] (custom)
om1_1    | 2022-06-13 01:13:35,654 [pool-23-thread-1] INFO server.RaftServerConfigKeys: raft.server.snapshot.auto.trigger.enabled = true (custom)
om2_1    | 2022-06-13 01:13:32,406 [pool-23-thread-1] INFO server.RaftServerConfigKeys: raft.server.storage.free-space.min = 0MB (=0) (default)
dn1_1    | 2022-06-13 01:13:17,635 [pool-34-thread-1] INFO server.RaftServerConfigKeys: raft.server.log.queue.byte-limit = 2147483647 (custom)
dn5_1    | 2022-06-13 01:13:17,678 [pool-38-thread-1] INFO server.RaftServerConfigKeys: raft.server.rpc.sleep.time = 25ms (default)
dn2_1    | 	at org.apache.ratis.util.TimeDuration.sleep(TimeDuration.java:309)
recon_1  | 2022-06-13 01:13:24,097 [Listener at 0.0.0.0/9891] INFO recovery.ReconOmMetadataManagerImpl: Last known snapshot for OM : /data/metadata/om.snapshot.db_1655082525102
s3g_1    | 	at org.apache.hadoop.ipc.ProtobufRpcEngine2$Server$ProtoBufRpcInvoker.call(ProtobufRpcEngine2.java:552)
scm_1    | 2022-06-13 01:13:24,734 [Listener at 0.0.0.0/9860] INFO http.HttpServer2: Added filter static_user_filter (class=org.apache.hadoop.http.lib.StaticUserWebFilter$StaticUserFilter) to context logs
scm_1    | 2022-06-13 01:13:25,491 [Listener at 0.0.0.0/9860] INFO http.HttpServer2: Jetty bound to port 9876
om1_1    | 2022-06-13 01:13:35,670 [pool-23-thread-1] INFO server.RaftServerConfigKeys: raft.server.snapshot.auto.trigger.threshold = 400000 (default)
om2_1    | 2022-06-13 01:13:32,576 [Socket Reader #1 for port 9862] INFO ipc.Server: Starting Socket Reader #1 for port 9862
dn1_1    | 2022-06-13 01:13:17,645 [pool-34-thread-1] INFO server.RaftServerConfigKeys: raft.server.log.queue.element-limit = 1024 (custom)
dn5_1    | 2022-06-13 01:13:17,678 [pool-38-thread-1] INFO server.RaftServerConfigKeys: raft.server.rpc.slowness.timeout = 300s (custom)
dn2_1    | 	at org.apache.ratis.server.impl.FollowerState.run(FollowerState.java:118)
dn2_1    | 2022-06-13 01:13:44,070 [be82080b-7bca-4ce4-bd20-d5dd13d8c36a@group-2D5EBAA9263B-SegmentedRaftLogWorker] INFO segmented.SegmentedRaftLogWorker: be82080b-7bca-4ce4-bd20-d5dd13d8c36a@group-2D5EBAA9263B-SegmentedRaftLogWorker: Rolled log segment from /data/metadata/ratis/6fa38187-b55c-49b5-80ef-2d5ebaa9263b/current/log_inprogress_1 to /data/metadata/ratis/6fa38187-b55c-49b5-80ef-2d5ebaa9263b/current/log_1-13
s3g_1    | 	at org.apache.hadoop.ipc.RPC$Server.call(RPC.java:1093)
scm_1    | 2022-06-13 01:13:25,492 [Listener at 0.0.0.0/9860] INFO server.Server: jetty-9.4.43.v20210629; built: 2021-06-30T11:07:22.254Z; git: 526006ecfa3af7f1a27ef3a288e2bef7ea9dd7e8; jvm 11.0.13+8-LTS
dn4_1    | 2022-06-13 01:13:16,454 [pool-34-thread-1] INFO server.RaftServerConfigKeys: raft.server.log.corruption.policy = EXCEPTION (default)
om1_1    | 2022-06-13 01:13:35,671 [pool-23-thread-1] INFO server.RaftServerConfigKeys: raft.server.snapshot.retention.file.num = -1 (default)
om2_1    | 2022-06-13 01:13:32,579 [pool-23-thread-1] INFO storage.RaftStorageDirectory: Lock on /data/metadata/ratis/5cb24680-b9e7-3c90-a862-d66704efc61c/in_use.lock acquired by nodename 6@dad09f07ced3
dn1_1    | 2022-06-13 01:13:17,646 [pool-34-thread-1] INFO server.RaftServerConfigKeys: raft.server.log.segment.size.max = 1048576 (custom)
dn5_1    | 2022-06-13 01:13:17,678 [pool-38-thread-1] INFO server.RaftServerConfigKeys: raft.server.leaderelection.leader.step-down.wait-time = 10s (default)
recon_1  | 2022-06-13 01:13:24,100 [Listener at 0.0.0.0/9891] INFO codec.OmKeyInfoCodec: OmKeyInfoCodec ignorePipeline = true
dn2_1    | 2022-06-13 01:13:44,073 [grpc-default-executor-1] INFO server.RaftServer$Division: be82080b-7bca-4ce4-bd20-d5dd13d8c36a@group-9D2021CC5F32 replies to ELECTION vote request: 95ffca0c-1981-46bd-868d-605d8cd5d4b9<-be82080b-7bca-4ce4-bd20-d5dd13d8c36a#0:FAIL-t9. Peer's state: be82080b-7bca-4ce4-bd20-d5dd13d8c36a@group-9D2021CC5F32:t9, leader=null, voted=null, raftlog=be82080b-7bca-4ce4-bd20-d5dd13d8c36a@group-9D2021CC5F32-SegmentedRaftLog:OPENED:c16, conf=8: [be82080b-7bca-4ce4-bd20-d5dd13d8c36a|rpc:10.9.0.16:9856|admin:10.9.0.16:9857|client:10.9.0.16:9858|dataStream:|priority:1, 5112d1c6-a698-41d8-947b-75ac780bade1|rpc:10.9.0.19:9856|admin:10.9.0.19:9857|client:10.9.0.19:9858|dataStream:|priority:0, 95ffca0c-1981-46bd-868d-605d8cd5d4b9|rpc:10.9.0.18:9856|admin:10.9.0.18:9857|client:10.9.0.18:9858|dataStream:|priority:0], old=null
s3g_1    | 	at org.apache.hadoop.ipc.Server$RpcCall.run(Server.java:1035)
scm_1    | 2022-06-13 01:13:25,569 [IPC Server handler 31 on default port 9861] INFO net.NetworkTopologyImpl: Added a new node: /default-rack/8d28037e-1929-496c-827d-ab357f1b0800
dn4_1    | 2022-06-13 01:13:16,455 [pool-34-thread-1] INFO server.RaftServerConfigKeys: raft.server.storage.free-space.min = 0MB (=0) (default)
om1_1    | 2022-06-13 01:13:35,674 [pool-23-thread-1] INFO server.RaftServerConfigKeys: raft.server.log.purge.upto.snapshot.index = true (custom)
om2_1    | 2022-06-13 01:13:32,661 [pool-23-thread-1] INFO storage.RaftStorage: Read RaftStorageMetadata{term=3, votedFor=om2} from /data/metadata/ratis/5cb24680-b9e7-3c90-a862-d66704efc61c/current/raft-meta
dn1_1    | 2022-06-13 01:13:17,648 [pool-34-thread-1] INFO server.RaftServerConfigKeys: raft.server.log.preallocated.size = 16384 (custom)
dn5_1    | 2022-06-13 01:13:17,691 [pool-38-thread-1] INFO server.RaftServerConfigKeys: raft.server.sleep.deviation.threshold = 300ms (default)
recon_1  | 2022-06-13 01:13:24,101 [Listener at 0.0.0.0/9891] INFO codec.RepeatedOmKeyInfoCodec: RepeatedOmKeyInfoCodec ignorePipeline = true
dn2_1    | 2022-06-13 01:13:44,078 [be82080b-7bca-4ce4-bd20-d5dd13d8c36a@group-2D5EBAA9263B-SegmentedRaftLogWorker] INFO segmented.SegmentedRaftLogWorker: be82080b-7bca-4ce4-bd20-d5dd13d8c36a@group-2D5EBAA9263B-SegmentedRaftLogWorker: created new log segment /data/metadata/ratis/6fa38187-b55c-49b5-80ef-2d5ebaa9263b/current/log_inprogress_14
s3g_1    | 	at org.apache.hadoop.ipc.Server$RpcCall.run(Server.java:963)
scm_1    | 2022-06-13 01:13:25,607 [IPC Server handler 31 on default port 9861] INFO node.SCMNodeManager: Registered Data node : 8d28037e-1929-496c-827d-ab357f1b0800{ip: 10.9.0.15, host: ha_dn1_1.ha_net, ports: [REPLICATION=9886, RATIS=9858, RATIS_ADMIN=9857, RATIS_SERVER=9856, STANDALONE=9859], networkLocation: /default-rack, certSerialId: null, persistedOpState: IN_SERVICE, persistedOpStateExpiryEpochSec: 0}
dn4_1    | 2022-06-13 01:13:16,474 [pool-34-thread-1] INFO storage.RaftStorageDirectory: Lock on /data/metadata/ratis/dccb929a-6875-4398-ba11-4033e3ed178d/in_use.lock acquired by nodename 6@ecf56c17ba31
om1_1    | 2022-06-13 01:13:35,683 [pool-23-thread-1] INFO server.RaftServerConfigKeys: raft.server.retrycache.expirytime = 300s (custom)
om2_1    | 2022-06-13 01:13:33,056 [pool-23-thread-1] INFO server.RaftServer$Division: om2@group-D66704EFC61C: set configuration 21: [om1|rpc:om1:9872|admin:|client:|dataStream:|priority:0, om3|rpc:om3:9872|admin:|client:|dataStream:|priority:0, om2|rpc:om2:9872|admin:|client:|dataStream:|priority:0], old=null
dn1_1    | 2022-06-13 01:13:17,648 [pool-34-thread-1] INFO server.RaftServerConfigKeys: raft.server.log.force.sync.num = 128 (default)
dn5_1    | 2022-06-13 01:13:17,692 [pool-38-thread-1] INFO server.RaftServerConfigKeys: raft.server.log.appender.install.snapshot.enabled = false (custom)
recon_1  | 2022-06-13 01:13:24,122 [Listener at 0.0.0.0/9891] INFO db.RDBStore: Found the following extra column families in existing DB : [principalToAccessIdsTable, tenantStateTable, tenantAccessIdTable]
dn2_1    | 2022-06-13 01:13:49,196 [be82080b-7bca-4ce4-bd20-d5dd13d8c36a@group-9D2021CC5F32-FollowerState] INFO impl.FollowerState: be82080b-7bca-4ce4-bd20-d5dd13d8c36a@group-9D2021CC5F32-FollowerState: change to CANDIDATE, lastRpcElapsedTime:5131851831ns, electionTimeout:5131ms
s3g_1    | 	at java.base/java.security.AccessController.doPrivileged(Native Method)
scm_1    | 2022-06-13 01:13:25,687 [EventQueue-NodeRegistrationContainerReportForDataNodeSafeModeRule] INFO safemode.SCMSafeModeManager: SCM in safe mode. 1 DataNodes registered, 3 required.
dn4_1    | 2022-06-13 01:13:16,478 [pool-34-thread-1] INFO storage.RaftStorage: Read RaftStorageMetadata{term=2, votedFor=95ffca0c-1981-46bd-868d-605d8cd5d4b9} from /data/metadata/ratis/dccb929a-6875-4398-ba11-4033e3ed178d/current/raft-meta
om1_1    | 2022-06-13 01:13:35,684 [pool-23-thread-1] INFO server.RaftServerConfigKeys: raft.server.retrycache.statistics.expirytime = 100?s (default)
om2_1    | 2022-06-13 01:13:33,093 [pool-23-thread-1] INFO server.RaftServerConfigKeys: raft.server.notification.no-leader.timeout = 120s (custom)
om2_1    | 2022-06-13 01:13:33,099 [pool-23-thread-1] INFO server.RaftServerConfigKeys: raft.server.log.use.memory = false (default)
dn5_1    | 2022-06-13 01:13:17,693 [pool-38-thread-1] INFO server.RaftServer$Division: 5112d1c6-a698-41d8-947b-75ac780bade1@group-9D2021CC5F32: ConfigurationManager, init=-1: [], old=null, confs=<EMPTY_MAP>
recon_1  | 2022-06-13 01:13:24,239 [Listener at 0.0.0.0/9891] INFO recovery.ReconOmMetadataManagerImpl: Created OM DB handle from snapshot at /data/metadata/om.snapshot.db_1655082525102.
dn2_1    | 2022-06-13 01:13:49,196 [be82080b-7bca-4ce4-bd20-d5dd13d8c36a@group-9D2021CC5F32-FollowerState] INFO impl.RoleInfo: be82080b-7bca-4ce4-bd20-d5dd13d8c36a: shutdown be82080b-7bca-4ce4-bd20-d5dd13d8c36a@group-9D2021CC5F32-FollowerState
s3g_1    | 	at java.base/javax.security.auth.Subject.doAs(Subject.java:423)
scm_1    | 2022-06-13 01:13:25,688 [EventQueue-NodeRegistrationContainerReportForContainerSafeModeRule] INFO safemode.SCMSafeModeManager: ContainerSafeModeRule rule is successfully validated
dn4_1    | 2022-06-13 01:13:16,478 [pool-34-thread-1] INFO ratis.ContainerStateMachine: group-4033E3ED178D: Setting the last applied index to (t:2, i:2)
om1_1    | 2022-06-13 01:13:35,818 [Listener at om1/9862] INFO server.RaftServer$Division: om1@group-D66704EFC61C: start as a follower, conf=21: [om1|rpc:om1:9872|admin:|client:|dataStream:|priority:0, om3|rpc:om3:9872|admin:|client:|dataStream:|priority:0, om2|rpc:om2:9872|admin:|client:|dataStream:|priority:0], old=null
om2_1    | 2022-06-13 01:13:33,193 [Listener at om2/9862] INFO om.OzoneManager: Configured ozone.om.metadata.layout=SIMPLE and disabled optimized OM FS operations
dn1_1    | 2022-06-13 01:13:17,648 [pool-34-thread-1] INFO server.RaftServerConfigKeys: raft.server.log.statemachine.data.sync = true (default)
dn5_1    | 2022-06-13 01:13:17,693 [pool-38-thread-1] INFO server.RaftServerConfigKeys: raft.server.storage.dir = [/data/metadata/ratis] (custom)
recon_1  | 2022-06-13 01:13:24,258 [Listener at 0.0.0.0/9891] INFO tasks.ReconTaskControllerImpl: Starting Recon Task Controller.
dn2_1    | 2022-06-13 01:13:49,196 [be82080b-7bca-4ce4-bd20-d5dd13d8c36a@group-9D2021CC5F32-FollowerState] INFO server.RaftServer$Division: be82080b-7bca-4ce4-bd20-d5dd13d8c36a@group-9D2021CC5F32: changes role from  FOLLOWER to CANDIDATE at term 9 for changeToCandidate
s3g_1    | 	at org.apache.hadoop.security.UserGroupInformation.doAs(UserGroupInformation.java:1878)
scm_1    | 2022-06-13 01:13:25,726 [EventQueue-PipelineReportForOneReplicaPipelineSafeModeRule] INFO safemode.SCMSafeModeManager: SCM in safe mode. Pipelines with at least one datanode reported count is 2, required at least one datanode reported per pipeline count is 3
dn4_1    | 2022-06-13 01:13:16,482 [pool-34-thread-1] INFO server.RaftServer$Division: 95ffca0c-1981-46bd-868d-605d8cd5d4b9@group-4033E3ED178D: set configuration 1: [95ffca0c-1981-46bd-868d-605d8cd5d4b9|rpc:10.9.0.18:9856|admin:10.9.0.18:9857|client:10.9.0.18:9858|dataStream:|priority:1], old=null
scm_1    | 2022-06-13 01:13:25,728 [EventQueue-NewNodeForNewNodeHandler] INFO pipeline.BackgroundPipelineCreator: trigger a one-shot run on RatisPipelineUtilsThread.
om1_1    | 2022-06-13 01:13:35,827 [Listener at om1/9862] INFO server.RaftServer$Division: om1@group-D66704EFC61C: changes role from      null to FOLLOWER at term 3 for startAsFollower
om2_1    | 2022-06-13 01:13:33,239 [pool-23-thread-1] INFO server.RaftServerConfigKeys: raft.server.log.purge.gap = 1000000 (custom)
dn1_1    | 2022-06-13 01:13:17,648 [pool-34-thread-1] INFO server.RaftServerConfigKeys: raft.server.log.statemachine.data.sync.timeout = 10s (default)
dn5_1    | 2022-06-13 01:13:17,696 [pool-38-thread-1] INFO server.RaftServerConfigKeys: raft.server.log.corruption.policy = EXCEPTION (default)
recon_1  | 2022-06-13 01:13:24,265 [Listener at 0.0.0.0/9891] INFO scm.ReconStorageContainerManagerFacade: Recon ScmDatanodeProtocol RPC server is listening at /0.0.0.0:9891
dn2_1    | 2022-06-13 01:13:49,197 [be82080b-7bca-4ce4-bd20-d5dd13d8c36a@group-9D2021CC5F32-FollowerState] INFO server.RaftServerConfigKeys: raft.server.leaderelection.pre-vote = false (custom)
s3g_1    | 	at org.apache.hadoop.ipc.Server$Handler.run(Server.java:2966)
dn4_1    | 2022-06-13 01:13:16,484 [pool-34-thread-1] INFO server.RaftServerConfigKeys: raft.server.notification.no-leader.timeout = 300s (custom)
scm_1    | 2022-06-13 01:13:25,834 [IPC Server handler 7 on default port 9861] INFO net.NetworkTopologyImpl: Added a new node: /default-rack/be82080b-7bca-4ce4-bd20-d5dd13d8c36a
om1_1    | 2022-06-13 01:13:35,830 [Listener at om1/9862] INFO impl.RoleInfo: om1: start om1@group-D66704EFC61C-FollowerState
om2_1    | 2022-06-13 01:13:33,254 [pool-23-thread-1] INFO server.RaftServerConfigKeys: raft.server.log.appender.buffer.byte-limit = 33554432 (custom)
dn1_1    | 2022-06-13 01:13:17,649 [pool-34-thread-1] INFO server.RaftServerConfigKeys: raft.server.log.statemachine.data.sync.timeout.retry = -1 (default)
dn5_1    | 2022-06-13 01:13:17,697 [pool-38-thread-1] INFO server.RaftServerConfigKeys: raft.server.storage.free-space.min = 0MB (=0) (default)
recon_1  | 2022-06-13 01:13:25,793 [Listener at 0.0.0.0/9891] INFO scm.ReconStorageContainerManagerFacade: Obtained 8 pipelines from SCM.
dn2_1    | 2022-06-13 01:13:49,197 [be82080b-7bca-4ce4-bd20-d5dd13d8c36a@group-9D2021CC5F32-FollowerState] INFO impl.RoleInfo: be82080b-7bca-4ce4-bd20-d5dd13d8c36a: start be82080b-7bca-4ce4-bd20-d5dd13d8c36a@group-9D2021CC5F32-LeaderElection4
s3g_1    | , while invoking $Proxy108.submitRequest over nodeId=om2,nodeAddress=om2:9862 after 1 failover attempts. Trying to failover immediately.
dn4_1    | 2022-06-13 01:13:16,485 [pool-34-thread-1] INFO server.RaftServerConfigKeys: raft.server.log.use.memory = false (default)
scm_1    | 2022-06-13 01:13:26,006 [Listener at 0.0.0.0/9860] INFO server.session: DefaultSessionIdManager workerName=node0
om1_1    | 2022-06-13 01:13:35,838 [Listener at om1/9862] INFO util.JmxRegister: Successfully registered JMX Bean with object name Ratis:service=RaftServer,group=group-D66704EFC61C,id=om1
om1_1    | 2022-06-13 01:13:35,871 [Listener at om1/9862] INFO server.RaftServer: om1: start RPC server
dn1_1    | 2022-06-13 01:13:17,665 [pool-34-thread-1] INFO server.RaftServerConfigKeys: raft.server.log.write.buffer.size = 1048576 (custom)
dn5_1    | 2022-06-13 01:13:17,703 [pool-38-thread-1] INFO storage.RaftStorageDirectory: Lock on /data/metadata/ratis/32e10f44-85c3-4f74-b0fd-9d2021cc5f32/in_use.lock acquired by nodename 8@1aefd27daeaa
recon_1  | 2022-06-13 01:13:25,806 [Listener at 0.0.0.0/9891] INFO scm.ReconPipelineManager: Recon has 8 pipelines in house.
dn2_1    | 2022-06-13 01:13:49,205 [be82080b-7bca-4ce4-bd20-d5dd13d8c36a@group-9D2021CC5F32-LeaderElection4] INFO impl.LeaderElection: be82080b-7bca-4ce4-bd20-d5dd13d8c36a@group-9D2021CC5F32-LeaderElection4 ELECTION round 0: submit vote requests at term 10 for 8: [be82080b-7bca-4ce4-bd20-d5dd13d8c36a|rpc:10.9.0.16:9856|admin:10.9.0.16:9857|client:10.9.0.16:9858|dataStream:|priority:1, 5112d1c6-a698-41d8-947b-75ac780bade1|rpc:10.9.0.19:9856|admin:10.9.0.19:9857|client:10.9.0.19:9858|dataStream:|priority:0, 95ffca0c-1981-46bd-868d-605d8cd5d4b9|rpc:10.9.0.18:9856|admin:10.9.0.18:9857|client:10.9.0.18:9858|dataStream:|priority:0], old=null
s3g_1    | 2022-06-13 01:14:04,760 [qtp844112759-18] INFO retry.RetryInvocationHandler: com.google.protobuf.ServiceException: org.apache.hadoop.ipc.RemoteException(org.apache.hadoop.ozone.om.exceptions.OMNotLeaderException): OM:om2 is not the leader. Could not determine the leader node.
dn4_1    | 2022-06-13 01:13:16,496 [pool-34-thread-1] INFO server.RaftServerConfigKeys: raft.server.log.purge.gap = 1000000 (custom)
scm_1    | 2022-06-13 01:13:26,006 [Listener at 0.0.0.0/9860] INFO server.session: No SessionScavenger set, using defaults
om1_1    | 2022-06-13 01:13:36,006 [Listener at om1/9862] INFO server.GrpcService: om1: GrpcService started, listening on 9872
om2_1    | 2022-06-13 01:13:33,487 [pool-23-thread-1] INFO server.RaftServerConfigKeys: raft.server.log.segment.size.max = 4194304 (custom)
dn1_1    | 2022-06-13 01:13:17,670 [pool-34-thread-1] INFO server.RaftServerConfigKeys: raft.server.log.statemachine.data.caching.enabled = true (custom)
dn5_1    | 2022-06-13 01:13:17,704 [pool-38-thread-1] INFO storage.RaftStorage: Read RaftStorageMetadata{term=6, votedFor=be82080b-7bca-4ce4-bd20-d5dd13d8c36a} from /data/metadata/ratis/32e10f44-85c3-4f74-b0fd-9d2021cc5f32/current/raft-meta
recon_1  | 2022-06-13 01:13:25,948 [Listener at 0.0.0.0/9891] INFO ha.SCMHAInvocationHandler: Invoking method public abstract void org.apache.hadoop.hdds.scm.pipeline.PipelineStateManager.updatePipelineState(org.apache.hadoop.hdds.protocol.proto.HddsProtos$PipelineID,org.apache.hadoop.hdds.protocol.proto.HddsProtos$PipelineState) throws java.io.IOException on target org.apache.hadoop.hdds.scm.ha.MockSCMHAManager$MockRatisServer@67aaf882, cost 117977.895us
dn2_1    | 2022-06-13 01:13:49,232 [be82080b-7bca-4ce4-bd20-d5dd13d8c36a@group-9D2021CC5F32-LeaderElection4] INFO impl.LeaderElection: be82080b-7bca-4ce4-bd20-d5dd13d8c36a@group-9D2021CC5F32-LeaderElection4: ELECTION PASSED received 1 response(s) and 0 exception(s):
s3g_1    | 	at org.apache.hadoop.ozone.protocolPB.OzoneManagerProtocolServerSideTranslatorPB.createNotLeaderException(OzoneManagerProtocolServerSideTranslatorPB.java:187)
dn4_1    | 2022-06-13 01:13:16,496 [pool-34-thread-1] INFO server.RaftServerConfigKeys: raft.server.log.appender.buffer.byte-limit = 33554432 (custom)
scm_1    | 2022-06-13 01:13:26,008 [IPC Server handler 7 on default port 9861] INFO node.SCMNodeManager: Registered Data node : be82080b-7bca-4ce4-bd20-d5dd13d8c36a{ip: 10.9.0.16, host: ha_dn2_1.ha_net, ports: [REPLICATION=9886, RATIS=9858, RATIS_ADMIN=9857, RATIS_SERVER=9856, STANDALONE=9859], networkLocation: /default-rack, certSerialId: null, persistedOpState: IN_SERVICE, persistedOpStateExpiryEpochSec: 0}
om1_1    | 2022-06-13 01:13:36,012 [Listener at om1/9862] INFO om.OzoneManager: Version File has different layout version (0) than OM DB (null). That is expected if this OM has never been finalized to a newer layout version.
om2_1    | 2022-06-13 01:13:33,591 [pool-23-thread-1] INFO server.RaftServerConfigKeys: raft.server.log.segment.cache.num.max = 2 (custom)
dn1_1    | 2022-06-13 01:13:17,682 [pool-34-thread-1] INFO server.RaftServer$Division: 8d28037e-1929-496c-827d-ab357f1b0800@group-8B9082E83A02: set configuration 0: [8d28037e-1929-496c-827d-ab357f1b0800|rpc:10.9.0.15:9856|admin:10.9.0.15:9857|client:10.9.0.15:9858|dataStream:|priority:1], old=null
dn5_1    | 2022-06-13 01:13:17,710 [pool-38-thread-1] INFO ratis.ContainerStateMachine: group-9D2021CC5F32: Setting the last applied index to (t:6, i:16)
recon_1  | 2022-06-13 01:13:25,951 [Listener at 0.0.0.0/9891] INFO ha.SCMHAInvocationHandler: Invoking method public abstract void org.apache.hadoop.hdds.scm.pipeline.PipelineStateManager.updatePipelineState(org.apache.hadoop.hdds.protocol.proto.HddsProtos$PipelineID,org.apache.hadoop.hdds.protocol.proto.HddsProtos$PipelineState) throws java.io.IOException on target org.apache.hadoop.hdds.scm.ha.MockSCMHAManager$MockRatisServer@67aaf882, cost 628.009us
dn2_1    | 2022-06-13 01:13:49,232 [be82080b-7bca-4ce4-bd20-d5dd13d8c36a@group-9D2021CC5F32-LeaderElection4] INFO impl.LeaderElection:   Response 0: be82080b-7bca-4ce4-bd20-d5dd13d8c36a<-5112d1c6-a698-41d8-947b-75ac780bade1#0:OK-t10
dn2_1    | 2022-06-13 01:13:49,232 [be82080b-7bca-4ce4-bd20-d5dd13d8c36a@group-9D2021CC5F32-LeaderElection4] INFO impl.LeaderElection: be82080b-7bca-4ce4-bd20-d5dd13d8c36a@group-9D2021CC5F32-LeaderElection4 ELECTION round 0: result PASSED
dn4_1    | 2022-06-13 01:13:16,496 [pool-34-thread-1] INFO server.RaftServerConfigKeys: raft.server.log.segment.size.max = 1048576 (custom)
scm_1    | 2022-06-13 01:13:26,041 [EventQueue-NewNodeForNewNodeHandler] INFO pipeline.BackgroundPipelineCreator: trigger a one-shot run on RatisPipelineUtilsThread.
om1_1    | 2022-06-13 01:13:36,012 [org.apache.ratis.util.JvmPauseMonitor$$Lambda$408/0x0000000840538040@5a05dd30] INFO util.JvmPauseMonitor: JvmPauseMonitor-om1: Started
om2_1    | 2022-06-13 01:13:33,592 [pool-23-thread-1] INFO server.RaftServerConfigKeys: raft.server.log.segment.cache.size.max = 200MB (=209715200) (default)
dn1_1    | 2022-06-13 01:13:17,684 [pool-34-thread-1] INFO segmented.LogSegment: Successfully read 1 entries from segment file /data/metadata/ratis/48d3f006-ce7e-40c9-b210-8b9082e83a02/current/log_0-0
dn5_1    | 2022-06-13 01:13:17,714 [pool-38-thread-1] INFO server.RaftServer$Division: 5112d1c6-a698-41d8-947b-75ac780bade1@group-9D2021CC5F32: set configuration 8: [be82080b-7bca-4ce4-bd20-d5dd13d8c36a|rpc:10.9.0.16:9856|admin:10.9.0.16:9857|client:10.9.0.16:9858|dataStream:|priority:1, 5112d1c6-a698-41d8-947b-75ac780bade1|rpc:10.9.0.19:9856|admin:10.9.0.19:9857|client:10.9.0.19:9858|dataStream:|priority:0, 95ffca0c-1981-46bd-868d-605d8cd5d4b9|rpc:10.9.0.18:9856|admin:10.9.0.18:9857|client:10.9.0.18:9858|dataStream:|priority:0], old=null
dn2_1    | 2022-06-13 01:13:49,233 [be82080b-7bca-4ce4-bd20-d5dd13d8c36a@group-9D2021CC5F32-LeaderElection4] INFO impl.RoleInfo: be82080b-7bca-4ce4-bd20-d5dd13d8c36a: shutdown be82080b-7bca-4ce4-bd20-d5dd13d8c36a@group-9D2021CC5F32-LeaderElection4
s3g_1    | 	at org.apache.hadoop.ozone.protocolPB.OzoneManagerProtocolServerSideTranslatorPB.createLeaderErrorException(OzoneManagerProtocolServerSideTranslatorPB.java:174)
recon_1  | 2022-06-13 01:13:25,966 [Listener at 0.0.0.0/9891] INFO ha.SCMHAInvocationHandler: Invoking method public abstract void org.apache.hadoop.hdds.scm.pipeline.PipelineStateManager.updatePipelineState(org.apache.hadoop.hdds.protocol.proto.HddsProtos$PipelineID,org.apache.hadoop.hdds.protocol.proto.HddsProtos$PipelineState) throws java.io.IOException on target org.apache.hadoop.hdds.scm.ha.MockSCMHAManager$MockRatisServer@67aaf882, cost 402.306us
dn4_1    | 2022-06-13 01:13:16,501 [pool-34-thread-1] INFO server.RaftServerConfigKeys: raft.server.log.segment.cache.num.max = 2 (custom)
scm_1    | 2022-06-13 01:13:26,042 [Listener at 0.0.0.0/9860] INFO server.session: node0 Scavenging every 600000ms
om1_1    | 2022-06-13 01:13:36,129 [Listener at om1/9862] INFO http.BaseHttpServer: Starting Web-server for ozoneManager at: http://0.0.0.0:9874
om2_1    | 2022-06-13 01:13:33,633 [pool-23-thread-1] INFO segmented.SegmentedRaftLogWorker: new om2@group-D66704EFC61C-SegmentedRaftLogWorker for RaftStorageImpl:Storage Directory /data/metadata/ratis/5cb24680-b9e7-3c90-a862-d66704efc61c
dn1_1    | 2022-06-13 01:13:17,691 [pool-34-thread-1] INFO server.RaftServer$Division: 8d28037e-1929-496c-827d-ab357f1b0800@group-8B9082E83A02: set configuration 1: [8d28037e-1929-496c-827d-ab357f1b0800|rpc:10.9.0.15:9856|admin:10.9.0.15:9857|client:10.9.0.15:9858|dataStream:|priority:1], old=null
dn5_1    | 2022-06-13 01:13:17,719 [pool-38-thread-1] INFO server.RaftServerConfigKeys: raft.server.notification.no-leader.timeout = 300s (custom)
dn2_1    | 2022-06-13 01:13:49,233 [be82080b-7bca-4ce4-bd20-d5dd13d8c36a@group-9D2021CC5F32-LeaderElection4] INFO server.RaftServer$Division: be82080b-7bca-4ce4-bd20-d5dd13d8c36a@group-9D2021CC5F32: changes role from CANDIDATE to LEADER at term 10 for changeToLeader
s3g_1    | 	at org.apache.hadoop.ozone.protocolPB.OzoneManagerProtocolServerSideTranslatorPB.submitReadRequestToOM(OzoneManagerProtocolServerSideTranslatorPB.java:167)
recon_1  | 2022-06-13 01:13:25,976 [Listener at 0.0.0.0/9891] INFO ha.SCMHAInvocationHandler: Invoking method public abstract void org.apache.hadoop.hdds.scm.pipeline.PipelineStateManager.updatePipelineState(org.apache.hadoop.hdds.protocol.proto.HddsProtos$PipelineID,org.apache.hadoop.hdds.protocol.proto.HddsProtos$PipelineState) throws java.io.IOException on target org.apache.hadoop.hdds.scm.ha.MockSCMHAManager$MockRatisServer@67aaf882, cost 442.607us
dn4_1    | 2022-06-13 01:13:16,504 [pool-34-thread-1] INFO server.RaftServerConfigKeys: raft.server.log.segment.cache.size.max = 200MB (=209715200) (default)
scm_1    | 2022-06-13 01:13:26,098 [EventQueue-PipelineReportForOneReplicaPipelineSafeModeRule] INFO safemode.SCMSafeModeManager: SCM in safe mode. Pipelines with at least one datanode reported count is 3, required at least one datanode reported per pipeline count is 3
om1_1    | 2022-06-13 01:13:36,129 [Listener at om1/9862] INFO http.BaseHttpServer: Hadoop Security Enabled: false Ozone Security Enabled: false Ozone HTTP Security Enabled: false 
om2_1    | 2022-06-13 01:13:33,638 [pool-23-thread-1] INFO server.RaftServerConfigKeys: raft.server.log.queue.byte-limit = 64MB (=67108864) (default)
dn1_1    | 2022-06-13 01:13:17,692 [pool-34-thread-1] INFO segmented.LogSegment: Successfully read 2 entries from segment file /data/metadata/ratis/48d3f006-ce7e-40c9-b210-8b9082e83a02/current/log_inprogress_1
dn5_1    | 2022-06-13 01:13:17,720 [pool-38-thread-1] INFO server.RaftServerConfigKeys: raft.server.log.use.memory = false (default)
dn2_1    | 2022-06-13 01:13:49,233 [be82080b-7bca-4ce4-bd20-d5dd13d8c36a@group-9D2021CC5F32-LeaderElection4] INFO ratis.XceiverServerRatis: Leader change notification received for group: group-9D2021CC5F32 with new leaderId: be82080b-7bca-4ce4-bd20-d5dd13d8c36a
s3g_1    | 	at org.apache.hadoop.ozone.protocolPB.OzoneManagerProtocolServerSideTranslatorPB.processRequest(OzoneManagerProtocolServerSideTranslatorPB.java:133)
recon_1  | 2022-06-13 01:13:25,979 [Listener at 0.0.0.0/9891] INFO ha.SCMHAInvocationHandler: Invoking method public abstract void org.apache.hadoop.hdds.scm.pipeline.PipelineStateManager.updatePipelineState(org.apache.hadoop.hdds.protocol.proto.HddsProtos$PipelineID,org.apache.hadoop.hdds.protocol.proto.HddsProtos$PipelineState) throws java.io.IOException on target org.apache.hadoop.hdds.scm.ha.MockSCMHAManager$MockRatisServer@67aaf882, cost 475.708us
recon_1  | 2022-06-13 01:13:25,982 [Listener at 0.0.0.0/9891] INFO ha.SCMHAInvocationHandler: Invoking method public abstract void org.apache.hadoop.hdds.scm.pipeline.PipelineStateManager.updatePipelineState(org.apache.hadoop.hdds.protocol.proto.HddsProtos$PipelineID,org.apache.hadoop.hdds.protocol.proto.HddsProtos$PipelineState) throws java.io.IOException on target org.apache.hadoop.hdds.scm.ha.MockSCMHAManager$MockRatisServer@67aaf882, cost 324.905us
scm_1    | 2022-06-13 01:13:26,098 [EventQueue-NodeRegistrationContainerReportForDataNodeSafeModeRule] INFO safemode.SCMSafeModeManager: SCM in safe mode. 2 DataNodes registered, 3 required.
om1_1    | 2022-06-13 01:13:36,173 [Listener at om1/9862] INFO util.log: Logging initialized @62590ms to org.eclipse.jetty.util.log.Slf4jLog
om2_1    | 2022-06-13 01:13:33,647 [pool-23-thread-1] INFO server.RaftServerConfigKeys: raft.server.log.queue.element-limit = 4096 (default)
dn1_1    | 2022-06-13 01:13:17,693 [pool-34-thread-1] INFO segmented.SegmentedRaftLogWorker: 8d28037e-1929-496c-827d-ab357f1b0800@group-8B9082E83A02-SegmentedRaftLogWorker: flushIndex: setUnconditionally 0 -> 2
dn5_1    | 2022-06-13 01:13:17,721 [pool-38-thread-1] INFO server.RaftServerConfigKeys: raft.server.log.purge.gap = 1000000 (custom)
dn2_1    | 2022-06-13 01:13:49,233 [be82080b-7bca-4ce4-bd20-d5dd13d8c36a@group-9D2021CC5F32-LeaderElection4] INFO server.RaftServer$Division: be82080b-7bca-4ce4-bd20-d5dd13d8c36a@group-9D2021CC5F32: change Leader from null to be82080b-7bca-4ce4-bd20-d5dd13d8c36a at term 10 for becomeLeader, leader elected after 30929ms
s3g_1    | 	at org.apache.hadoop.hdds.server.OzoneProtocolMessageDispatcher.processRequest(OzoneProtocolMessageDispatcher.java:87)
recon_1  | 2022-06-13 01:13:25,999 [Listener at 0.0.0.0/9891] INFO ha.SCMHAInvocationHandler: Invoking method public abstract void org.apache.hadoop.hdds.scm.pipeline.PipelineStateManager.updatePipelineState(org.apache.hadoop.hdds.protocol.proto.HddsProtos$PipelineID,org.apache.hadoop.hdds.protocol.proto.HddsProtos$PipelineState) throws java.io.IOException on target org.apache.hadoop.hdds.scm.ha.MockSCMHAManager$MockRatisServer@67aaf882, cost 355.505us
dn4_1    | 2022-06-13 01:13:16,504 [pool-34-thread-1] INFO segmented.SegmentedRaftLogWorker: new 95ffca0c-1981-46bd-868d-605d8cd5d4b9@group-4033E3ED178D-SegmentedRaftLogWorker for RaftStorageImpl:Storage Directory /data/metadata/ratis/dccb929a-6875-4398-ba11-4033e3ed178d
scm_1    | 2022-06-13 01:13:26,135 [EventQueue-PipelineReportForOneReplicaPipelineSafeModeRule] INFO safemode.SCMSafeModeManager: AtleastOneDatanodeReportedRule rule is successfully validated
om1_1    | 2022-06-13 01:13:36,459 [Listener at om1/9862] INFO server.AuthenticationFilter: Unable to initialize FileSignerSecretProvider, falling back to use random secrets.
om2_1    | 2022-06-13 01:13:33,654 [pool-23-thread-1] INFO server.RaftServerConfigKeys: raft.server.log.segment.size.max = 4194304 (custom)
dn1_1    | 2022-06-13 01:13:17,696 [pool-34-thread-1] INFO segmented.SegmentedRaftLogWorker: 8d28037e-1929-496c-827d-ab357f1b0800@group-8B9082E83A02-SegmentedRaftLogWorker: safeCacheEvictIndex: setUnconditionally 0 -> 0
dn5_1    | 2022-06-13 01:13:17,721 [pool-38-thread-1] INFO server.RaftServerConfigKeys: raft.server.log.appender.buffer.byte-limit = 33554432 (custom)
dn2_1    | 2022-06-13 01:13:49,233 [be82080b-7bca-4ce4-bd20-d5dd13d8c36a@group-9D2021CC5F32-LeaderElection4] INFO server.RaftServerConfigKeys: raft.server.staging.catchup.gap = 1000 (default)
s3g_1    | 	at org.apache.hadoop.ozone.protocolPB.OzoneManagerProtocolServerSideTranslatorPB.submitRequest(OzoneManagerProtocolServerSideTranslatorPB.java:123)
recon_1  | 2022-06-13 01:13:26,001 [Listener at 0.0.0.0/9891] INFO ha.SCMHAInvocationHandler: Invoking method public abstract void org.apache.hadoop.hdds.scm.pipeline.PipelineStateManager.updatePipelineState(org.apache.hadoop.hdds.protocol.proto.HddsProtos$PipelineID,org.apache.hadoop.hdds.protocol.proto.HddsProtos$PipelineState) throws java.io.IOException on target org.apache.hadoop.hdds.scm.ha.MockSCMHAManager$MockRatisServer@67aaf882, cost 396.406us
dn4_1    | 2022-06-13 01:13:16,505 [pool-34-thread-1] INFO server.RaftServerConfigKeys: raft.server.log.queue.byte-limit = 2147483647 (custom)
scm_1    | 2022-06-13 01:13:26,098 [EventQueue-OpenPipelineForHealthyPipelineSafeModeRule] INFO safemode.SCMSafeModeManager: SCM in safe mode. Healthy pipelines reported count is 0, required healthy pipeline reported count is 1
om1_1    | 2022-06-13 01:13:36,477 [Listener at om1/9862] INFO http.HttpRequestLog: Http request log for http.requests.ozoneManager is not defined
om2_1    | 2022-06-13 01:13:33,671 [pool-23-thread-1] INFO server.RaftServerConfigKeys: raft.server.log.preallocated.size = 4194304 (custom)
dn1_1    | 2022-06-13 01:13:17,708 [pool-34-thread-1] INFO raftlog.RaftLog: 8d28037e-1929-496c-827d-ab357f1b0800@group-8B9082E83A02-SegmentedRaftLog: commitIndex: updateToMax old=2, new=1, updated? false
dn5_1    | 2022-06-13 01:13:17,735 [pool-38-thread-1] INFO server.RaftServerConfigKeys: raft.server.log.segment.size.max = 1048576 (custom)
dn2_1    | 2022-06-13 01:13:49,234 [Datanode State Machine Thread - 0] WARN statemachine.StateContext: No available thread in pool for past 30 seconds.
s3g_1    | 	at org.apache.hadoop.ozone.protocol.proto.OzoneManagerProtocolProtos$OzoneManagerService$2.callBlockingMethod(OzoneManagerProtocolProtos.java)
recon_1  | 2022-06-13 01:13:26,002 [Listener at 0.0.0.0/9891] INFO server.SCMDatanodeProtocolServer: RPC server for DataNodes is listening at /0.0.0.0:9891
dn4_1    | 2022-06-13 01:13:16,506 [pool-34-thread-1] INFO server.RaftServerConfigKeys: raft.server.log.queue.element-limit = 1024 (custom)
scm_1    | 2022-06-13 01:13:26,198 [EventQueue-OpenPipelineForHealthyPipelineSafeModeRule] INFO safemode.SCMSafeModeManager: SCM in safe mode. Healthy pipelines reported count is 0, required healthy pipeline reported count is 1
om1_1    | 2022-06-13 01:13:36,495 [Listener at om1/9862] INFO http.HttpServer2: Added global filter 'safety' (class=org.apache.hadoop.hdds.server.http.HttpServer2$QuotingInputFilter)
om2_1    | 2022-06-13 01:13:33,692 [pool-23-thread-1] INFO server.RaftServerConfigKeys: raft.server.log.force.sync.num = 128 (default)
dn1_1    | 2022-06-13 01:13:17,709 [pool-34-thread-1] INFO server.RaftServerConfigKeys: raft.server.snapshot.auto.trigger.enabled = true (custom)
dn5_1    | 2022-06-13 01:13:17,737 [pool-38-thread-1] INFO server.RaftServerConfigKeys: raft.server.log.segment.cache.num.max = 2 (custom)
dn2_1    | 2022-06-13 01:13:49,234 [be82080b-7bca-4ce4-bd20-d5dd13d8c36a@group-9D2021CC5F32-LeaderElection4] INFO server.RaftServerConfigKeys: raft.server.write.element-limit = 1024 (custom)
s3g_1    | 	at org.apache.hadoop.ipc.ProtobufRpcEngine$Server.processCall(ProtobufRpcEngine.java:466)
recon_1  | 2022-06-13 01:13:26,025 [IPC Server Responder] INFO ipc.Server: IPC Server Responder: starting
dn4_1    | 2022-06-13 01:13:16,506 [pool-34-thread-1] INFO server.RaftServerConfigKeys: raft.server.log.segment.size.max = 1048576 (custom)
scm_1    | 2022-06-13 01:13:26,270 [IPC Server handler 8 on default port 9861] INFO net.NetworkTopologyImpl: Added a new node: /default-rack/95ffca0c-1981-46bd-868d-605d8cd5d4b9
om1_1    | 2022-06-13 01:13:36,500 [Listener at om1/9862] INFO http.HttpServer2: Added filter static_user_filter (class=org.apache.hadoop.http.lib.StaticUserWebFilter$StaticUserFilter) to context ozoneManager
om2_1    | 2022-06-13 01:13:33,695 [pool-23-thread-1] INFO server.RaftServerConfigKeys: raft.server.log.statemachine.data.sync = true (default)
dn1_1    | 2022-06-13 01:13:17,711 [pool-34-thread-1] INFO server.RaftServerConfigKeys: raft.server.snapshot.auto.trigger.threshold = 10000 (custom)
dn5_1    | 2022-06-13 01:13:17,739 [pool-38-thread-1] INFO server.RaftServerConfigKeys: raft.server.log.segment.cache.size.max = 200MB (=209715200) (default)
dn2_1    | 2022-06-13 01:13:49,238 [be82080b-7bca-4ce4-bd20-d5dd13d8c36a@group-9D2021CC5F32-LeaderElection4] INFO server.RaftServerConfigKeys: raft.server.write.byte-limit = 1024 M (=1073741824) (custom)
s3g_1    | 	at org.apache.hadoop.ipc.ProtobufRpcEngine2$Server$ProtoBufRpcInvoker.call(ProtobufRpcEngine2.java:574)
recon_1  | 2022-06-13 01:13:26,039 [IPC Server listener on 9891] INFO ipc.Server: IPC Server listener on 9891: starting
dn4_1    | 2022-06-13 01:13:16,511 [pool-34-thread-1] INFO server.RaftServerConfigKeys: raft.server.log.preallocated.size = 16384 (custom)
scm_1    | 2022-06-13 01:13:26,270 [IPC Server handler 8 on default port 9861] INFO node.SCMNodeManager: Registered Data node : 95ffca0c-1981-46bd-868d-605d8cd5d4b9{ip: 10.9.0.18, host: ha_dn4_1.ha_net, ports: [REPLICATION=9886, RATIS=9858, RATIS_ADMIN=9857, RATIS_SERVER=9856, STANDALONE=9859], networkLocation: /default-rack, certSerialId: null, persistedOpState: IN_SERVICE, persistedOpStateExpiryEpochSec: 0}
om1_1    | 2022-06-13 01:13:36,503 [Listener at om1/9862] INFO http.HttpServer2: Added filter static_user_filter (class=org.apache.hadoop.http.lib.StaticUserWebFilter$StaticUserFilter) to context static
dn1_1    | 2022-06-13 01:13:17,711 [pool-34-thread-1] INFO server.RaftServerConfigKeys: raft.server.snapshot.retention.file.num = 5 (custom)
om2_1    | 2022-06-13 01:13:33,703 [pool-23-thread-1] INFO server.RaftServerConfigKeys: raft.server.log.statemachine.data.sync.timeout = 10s (default)
dn5_1    | 2022-06-13 01:13:17,739 [pool-38-thread-1] INFO segmented.SegmentedRaftLogWorker: new 5112d1c6-a698-41d8-947b-75ac780bade1@group-9D2021CC5F32-SegmentedRaftLogWorker for RaftStorageImpl:Storage Directory /data/metadata/ratis/32e10f44-85c3-4f74-b0fd-9d2021cc5f32
dn2_1    | 2022-06-13 01:13:49,238 [be82080b-7bca-4ce4-bd20-d5dd13d8c36a@group-9D2021CC5F32-LeaderElection4] INFO server.RaftServerConfigKeys: raft.server.watch.timeout = 180s (custom)
s3g_1    | 	at org.apache.hadoop.ipc.ProtobufRpcEngine2$Server$ProtoBufRpcInvoker.call(ProtobufRpcEngine2.java:552)
recon_1  | 2022-06-13 01:13:26,438 [Listener at 0.0.0.0/9891] INFO scm.ReconScmTask: Starting PipelineSyncTask Thread.
dn4_1    | 2022-06-13 01:13:16,511 [pool-34-thread-1] INFO server.RaftServerConfigKeys: raft.server.log.force.sync.num = 128 (default)
scm_1    | 2022-06-13 01:13:26,273 [EventQueue-NewNodeForNewNodeHandler] INFO pipeline.BackgroundPipelineCreator: trigger a one-shot run on RatisPipelineUtilsThread.
om1_1    | 2022-06-13 01:13:36,503 [Listener at om1/9862] INFO http.HttpServer2: Added filter static_user_filter (class=org.apache.hadoop.http.lib.StaticUserWebFilter$StaticUserFilter) to context logs
