dn2_1    | 2022-06-13 01:16:25,485 [be82080b-7bca-4ce4-bd20-d5dd13d8c36a@group-2D5EBAA9263B-LeaderElection7] INFO impl.LeaderElection:   Response 1: be82080b-7bca-4ce4-bd20-d5dd13d8c36a<-95ffca0c-1981-46bd-868d-605d8cd5d4b9#0:OK-t13
dn1_1    | PREFINALIZE_VALIDATION_FAILED org.apache.hadoop.ozone.upgrade.UpgradeException: Pre Finalization checks failed on the DataNode.
dn5_1    | 2022-06-13 01:15:54,464 [pool-46-thread-1] INFO server.RaftServer$Division: 5112d1c6-a698-41d8-947b-75ac780bade1@group-9D2021CC5F32: set configuration 8: [be82080b-7bca-4ce4-bd20-d5dd13d8c36a|rpc:10.9.0.16:9856|admin:10.9.0.16:9857|client:10.9.0.16:9858|dataStream:|priority:1, 5112d1c6-a698-41d8-947b-75ac780bade1|rpc:10.9.0.19:9856|admin:10.9.0.19:9857|client:10.9.0.19:9858|dataStream:|priority:0, 95ffca0c-1981-46bd-868d-605d8cd5d4b9|rpc:10.9.0.18:9856|admin:10.9.0.18:9857|client:10.9.0.18:9858|dataStream:|priority:0], old=null
dn4_1    | 2022-06-13 01:15:51,512 [pool-42-thread-1] INFO server.RaftServer$Division: 95ffca0c-1981-46bd-868d-605d8cd5d4b9@group-9D2021CC5F32: ConfigurationManager, init=-1: [], old=null, confs=<EMPTY_MAP>
om1_1    | 2022-06-13 01:16:10,500 [pool-26-thread-1] INFO server.RaftServerConfigKeys: raft.server.log.segment.cache.size.max = 200MB (=209715200) (default)
om3_1    | 2022-06-13 01:16:07,758 [main] INFO server.RaftServer: om3: addNew group-D66704EFC61C:[om1|rpc:om1:9872|priority:0, om3|rpc:om3:9872|priority:0, om2|rpc:om2:9872|priority:0] returns group-D66704EFC61C:java.util.concurrent.CompletableFuture@4e0cc334[Not completed]
scm_1    | Max Size Entering Target per Iteration             26GB
recon_1  | 2022-06-13 01:15:56,900 [Listener at 0.0.0.0/9891] INFO impl.MetricsConfig: Loaded properties from hadoop-metrics2.properties
dn3_1    | 	... 1 more
om2_1    | 2022-06-13 01:16:08,975 [pool-26-thread-1] INFO server.RaftServerConfigKeys: raft.server.storage.dir = [/data/metadata/ratis] (custom)
dn2_1    | 2022-06-13 01:16:25,485 [be82080b-7bca-4ce4-bd20-d5dd13d8c36a@group-2D5EBAA9263B-LeaderElection7] INFO impl.LeaderElection: be82080b-7bca-4ce4-bd20-d5dd13d8c36a@group-2D5EBAA9263B-LeaderElection7 ELECTION round 0: result REJECTED
dn1_1    | 	at org.apache.hadoop.ozone.container.upgrade.DataNodeUpgradeFinalizer.preFinalizeUpgrade(DataNodeUpgradeFinalizer.java:56)
dn5_1    | 2022-06-13 01:15:54,472 [pool-46-thread-1] INFO segmented.LogSegment: Successfully read 9 entries from segment file /data/metadata/ratis/32e10f44-85c3-4f74-b0fd-9d2021cc5f32/current/log_8-16
dn4_1    | 2022-06-13 01:15:51,525 [pool-42-thread-1] INFO server.RaftServerConfigKeys: raft.server.storage.dir = [/data/metadata/ratis] (custom)
om1_1    | 2022-06-13 01:16:10,536 [pool-26-thread-1] INFO segmented.SegmentedRaftLogWorker: new om1@group-D66704EFC61C-SegmentedRaftLogWorker for RaftStorageImpl:Storage Directory /data/metadata/ratis/5cb24680-b9e7-3c90-a862-d66704efc61c
om3_1    | 2022-06-13 01:16:07,758 [main] INFO om.OzoneManager: OzoneManager Ratis server initialized at port 9872
scm_1    | Max Size Leaving Source per Iteration              26GB
recon_1  | 2022-06-13 01:15:56,941 [Listener at 0.0.0.0/9891] INFO impl.MetricsSystemImpl: Scheduled Metric snapshot period at 10 second(s).
dn3_1    | 2022-06-13 01:16:01,046 [d293d0b5-d51b-441d-8e6a-facfabf4fa1f-impl-thread2] INFO server.RaftServer$Division: d293d0b5-d51b-441d-8e6a-facfabf4fa1f@group-A2D7181B6596: start as a follower, conf=3: [d293d0b5-d51b-441d-8e6a-facfabf4fa1f|rpc:10.9.0.17:9856|admin:10.9.0.17:9857|client:10.9.0.17:9858|dataStream:|priority:1], old=null
om2_1    | 2022-06-13 01:16:09,077 [pool-26-thread-1] INFO server.RaftServerConfigKeys: raft.server.log.corruption.policy = EXCEPTION (default)
dn2_1    | 2022-06-13 01:16:25,485 [be82080b-7bca-4ce4-bd20-d5dd13d8c36a@group-2D5EBAA9263B-LeaderElection7] INFO server.RaftServer$Division: be82080b-7bca-4ce4-bd20-d5dd13d8c36a@group-2D5EBAA9263B: changes role from CANDIDATE to FOLLOWER at term 13 for REJECTED
dn1_1    | 	at org.apache.hadoop.ozone.container.upgrade.DataNodeUpgradeFinalizer.preFinalizeUpgrade(DataNodeUpgradeFinalizer.java:40)
dn5_1    | 2022-06-13 01:15:54,480 [pool-46-thread-1] INFO server.RaftServer$Division: 5112d1c6-a698-41d8-947b-75ac780bade1@group-9D2021CC5F32: set configuration 17: [be82080b-7bca-4ce4-bd20-d5dd13d8c36a|rpc:10.9.0.16:9856|admin:10.9.0.16:9857|client:10.9.0.16:9858|dataStream:|priority:1, 5112d1c6-a698-41d8-947b-75ac780bade1|rpc:10.9.0.19:9856|admin:10.9.0.19:9857|client:10.9.0.19:9858|dataStream:|priority:0, 95ffca0c-1981-46bd-868d-605d8cd5d4b9|rpc:10.9.0.18:9856|admin:10.9.0.18:9857|client:10.9.0.18:9858|dataStream:|priority:0], old=null
dn4_1    | 2022-06-13 01:15:51,528 [pool-42-thread-1] INFO server.RaftServerConfigKeys: raft.server.log.corruption.policy = EXCEPTION (default)
om1_1    | 2022-06-13 01:16:10,536 [pool-26-thread-1] INFO server.RaftServerConfigKeys: raft.server.log.queue.byte-limit = 64MB (=67108864) (default)
om3_1    | 2022-06-13 01:16:07,922 [main] INFO om.OzoneManager: Creating RPC Server
scm_1    | 
recon_1  | 2022-06-13 01:15:56,941 [Listener at 0.0.0.0/9891] INFO impl.MetricsSystemImpl: Recon metrics system started
dn3_1    | 2022-06-13 01:16:01,091 [d293d0b5-d51b-441d-8e6a-facfabf4fa1f-impl-thread2] INFO server.RaftServer$Division: d293d0b5-d51b-441d-8e6a-facfabf4fa1f@group-A2D7181B6596: changes role from      null to FOLLOWER at term 3 for startAsFollower
om2_1    | 2022-06-13 01:16:09,082 [pool-26-thread-1] INFO server.RaftServerConfigKeys: raft.server.storage.free-space.min = 0MB (=0) (default)
dn2_1    | 2022-06-13 01:16:25,485 [be82080b-7bca-4ce4-bd20-d5dd13d8c36a@group-2D5EBAA9263B-LeaderElection7] INFO impl.RoleInfo: be82080b-7bca-4ce4-bd20-d5dd13d8c36a: shutdown be82080b-7bca-4ce4-bd20-d5dd13d8c36a@group-2D5EBAA9263B-LeaderElection7
dn1_1    | 	at org.apache.hadoop.ozone.upgrade.DefaultUpgradeFinalizationExecutor.execute(DefaultUpgradeFinalizationExecutor.java:49)
dn5_1    | 2022-06-13 01:15:54,482 [pool-46-thread-1] INFO segmented.LogSegment: Successfully read 14 entries from segment file /data/metadata/ratis/32e10f44-85c3-4f74-b0fd-9d2021cc5f32/current/log_inprogress_17
dn4_1    | 2022-06-13 01:15:51,565 [pool-42-thread-1] INFO server.RaftServerConfigKeys: raft.server.storage.free-space.min = 0MB (=0) (default)
om1_1    | 2022-06-13 01:16:10,552 [pool-26-thread-1] INFO server.RaftServerConfigKeys: raft.server.log.queue.element-limit = 4096 (default)
om3_1    | 2022-06-13 01:16:07,960 [pool-26-thread-1] INFO server.RaftServer$Division: om3: new RaftServerImpl for group-D66704EFC61C:[om1|rpc:om1:9872|priority:0, om3|rpc:om3:9872|priority:0, om2|rpc:om2:9872|priority:0] with OzoneManagerStateMachine:uninitialized
scm_1    | 2022-06-13 01:15:58,159 [Listener at 0.0.0.0/9860] WARN events.EventQueue: No event handler registered for event TypedEvent{payloadType=SafeModeStatus, name='Safe mode status'}
recon_1  | 2022-06-13 01:15:57,504 [Listener at 0.0.0.0/9891] INFO http.HttpServer2: Jetty bound to port 9888
dn3_1    | 2022-06-13 01:16:01,091 [d293d0b5-d51b-441d-8e6a-facfabf4fa1f-impl-thread2] INFO impl.RoleInfo: d293d0b5-d51b-441d-8e6a-facfabf4fa1f: start d293d0b5-d51b-441d-8e6a-facfabf4fa1f@group-A2D7181B6596-FollowerState
om2_1    | 2022-06-13 01:16:09,358 [pool-26-thread-1] INFO storage.RaftStorageDirectory: Lock on /data/metadata/ratis/5cb24680-b9e7-3c90-a862-d66704efc61c/in_use.lock acquired by nodename 8@da27f04348d1
om2_1    | 2022-06-13 01:16:09,387 [pool-26-thread-1] INFO storage.RaftStorage: Read RaftStorageMetadata{term=4, votedFor=om2} from /data/metadata/ratis/5cb24680-b9e7-3c90-a862-d66704efc61c/current/raft-meta
dn1_1    | 	at org.apache.hadoop.ozone.upgrade.BasicUpgradeFinalizer.finalize(BasicUpgradeFinalizer.java:93)
dn2_1    | 2022-06-13 01:16:25,485 [be82080b-7bca-4ce4-bd20-d5dd13d8c36a@group-2D5EBAA9263B-LeaderElection7] INFO impl.RoleInfo: be82080b-7bca-4ce4-bd20-d5dd13d8c36a: start be82080b-7bca-4ce4-bd20-d5dd13d8c36a@group-2D5EBAA9263B-FollowerState
dn4_1    | 2022-06-13 01:15:51,655 [pool-42-thread-1] INFO storage.RaftStorageDirectory: Lock on /data/metadata/ratis/32e10f44-85c3-4f74-b0fd-9d2021cc5f32/in_use.lock acquired by nodename 7@0f7c9ce0676e
om1_1    | 2022-06-13 01:16:10,561 [pool-26-thread-1] INFO server.RaftServerConfigKeys: raft.server.log.segment.size.max = 4194304 (custom)
om3_1    | 2022-06-13 01:16:07,996 [pool-26-thread-1] INFO server.RaftServerConfigKeys: raft.server.rpc.timeout.min = 5s (custom)
scm_1    | 2022-06-13 01:15:58,159 [Listener at 0.0.0.0/9860] INFO ha.SCMContext: Update SafeModeStatus from SafeModeStatus{safeModeStatus=true, preCheckPassed=false} to SafeModeStatus{safeModeStatus=true, preCheckPassed=false}.
recon_1  | 2022-06-13 01:15:57,505 [Listener at 0.0.0.0/9891] INFO server.Server: jetty-9.4.43.v20210629; built: 2021-06-30T11:07:22.254Z; git: 526006ecfa3af7f1a27ef3a288e2bef7ea9dd7e8; jvm 11.0.14.1+1-LTS
dn3_1    | 2022-06-13 01:16:01,107 [d293d0b5-d51b-441d-8e6a-facfabf4fa1f-impl-thread2] INFO util.JmxRegister: Successfully registered JMX Bean with object name Ratis:service=RaftServer,group=group-A2D7181B6596,id=d293d0b5-d51b-441d-8e6a-facfabf4fa1f
dn1_1    | 	at org.apache.hadoop.ozone.container.common.statemachine.DatanodeStateMachine.finalizeUpgrade(DatanodeStateMachine.java:684)
dn5_1    | 2022-06-13 01:15:54,484 [pool-46-thread-1] INFO segmented.SegmentedRaftLogWorker: 5112d1c6-a698-41d8-947b-75ac780bade1@group-9D2021CC5F32-SegmentedRaftLogWorker: flushIndex: setUnconditionally 0 -> 30
om2_1    | 2022-06-13 01:16:10,196 [pool-26-thread-1] INFO server.RaftServer$Division: om2@group-D66704EFC61C: set configuration 65: [om1|rpc:om1:9872|admin:|client:|dataStream:|priority:0, om3|rpc:om3:9872|admin:|client:|dataStream:|priority:0, om2|rpc:om2:9872|admin:|client:|dataStream:|priority:0], old=null
dn2_1    | 2022-06-13 01:16:30,553 [be82080b-7bca-4ce4-bd20-d5dd13d8c36a@group-2D5EBAA9263B-FollowerState] INFO impl.FollowerState: be82080b-7bca-4ce4-bd20-d5dd13d8c36a@group-2D5EBAA9263B-FollowerState: change to CANDIDATE, lastRpcElapsedTime:5067689520ns, electionTimeout:5059ms
dn4_1    | 2022-06-13 01:15:51,676 [pool-42-thread-1] INFO storage.RaftStorage: Read RaftStorageMetadata{term=10, votedFor=be82080b-7bca-4ce4-bd20-d5dd13d8c36a} from /data/metadata/ratis/32e10f44-85c3-4f74-b0fd-9d2021cc5f32/current/raft-meta
om1_1    | 2022-06-13 01:16:10,561 [pool-26-thread-1] INFO server.RaftServerConfigKeys: raft.server.log.preallocated.size = 4194304 (custom)
om3_1    | 2022-06-13 01:16:08,027 [pool-26-thread-1] INFO server.RaftServerConfigKeys: raft.server.rpc.timeout.max = 5200ms (custom)
scm_1    | 2022-06-13 01:15:58,162 [Listener at 0.0.0.0/9860] INFO upgrade.UpgradeFinalizer: Running pre-finalized state validations for unfinalized layout features.
recon_1  | 2022-06-13 01:15:57,653 [Listener at 0.0.0.0/9891] INFO server.session: DefaultSessionIdManager workerName=node0
dn3_1    | 2022-06-13 01:16:01,151 [EndpointStateMachine task thread for scm/10.9.0.14:9861 - 0 ] INFO server.RaftServer: d293d0b5-d51b-441d-8e6a-facfabf4fa1f: start RPC server
dn1_1    | 	at org.apache.hadoop.ozone.container.common.statemachine.commandhandler.FinalizeNewLayoutVersionCommandHandler.handle(FinalizeNewLayoutVersionCommandHandler.java:78)
dn5_1    | 2022-06-13 01:15:54,489 [pool-46-thread-1] INFO segmented.SegmentedRaftLogWorker: 5112d1c6-a698-41d8-947b-75ac780bade1@group-9D2021CC5F32-SegmentedRaftLogWorker: safeCacheEvictIndex: setUnconditionally 0 -> 16
om2_1    | 2022-06-13 01:16:10,201 [pool-26-thread-1] INFO server.RaftServerConfigKeys: raft.server.notification.no-leader.timeout = 120s (custom)
dn2_1    | 2022-06-13 01:16:30,554 [be82080b-7bca-4ce4-bd20-d5dd13d8c36a@group-2D5EBAA9263B-FollowerState] INFO impl.RoleInfo: be82080b-7bca-4ce4-bd20-d5dd13d8c36a: shutdown be82080b-7bca-4ce4-bd20-d5dd13d8c36a@group-2D5EBAA9263B-FollowerState
dn4_1    | 2022-06-13 01:15:51,946 [pool-42-thread-1] INFO ratis.ContainerStateMachine: group-9D2021CC5F32: Setting the last applied index to (t:10, i:30)
om1_1    | 2022-06-13 01:16:10,562 [pool-26-thread-1] INFO server.RaftServerConfigKeys: raft.server.log.force.sync.num = 128 (default)
om3_1    | 2022-06-13 01:16:08,033 [pool-26-thread-1] INFO server.RaftServerConfigKeys: raft.server.rpc.sleep.time = 25ms (default)
scm_1    | 2022-06-13 01:15:58,177 [Listener at 0.0.0.0/9860] INFO upgrade.UpgradeFinalizer: Running first upgrade commands for unfinalized layout features.
recon_1  | 2022-06-13 01:15:57,686 [Listener at 0.0.0.0/9891] INFO server.session: No SessionScavenger set, using defaults
dn3_1    | 2022-06-13 01:16:01,170 [EndpointStateMachine task thread for scm/10.9.0.14:9861 - 0 ] INFO server.GrpcService: d293d0b5-d51b-441d-8e6a-facfabf4fa1f: GrpcService started, listening on 9856
dn1_1    | 	at org.apache.hadoop.ozone.container.common.statemachine.commandhandler.CommandDispatcher.handle(CommandDispatcher.java:99)
dn5_1    | 2022-06-13 01:15:54,490 [pool-46-thread-1] INFO raftlog.RaftLog: 5112d1c6-a698-41d8-947b-75ac780bade1@group-9D2021CC5F32-SegmentedRaftLog: commitIndex: updateToMax old=30, new=29, updated? false
om2_1    | 2022-06-13 01:16:10,210 [pool-26-thread-1] INFO server.RaftServerConfigKeys: raft.server.log.use.memory = false (default)
dn2_1    | 2022-06-13 01:16:30,554 [be82080b-7bca-4ce4-bd20-d5dd13d8c36a@group-2D5EBAA9263B-FollowerState] INFO server.RaftServer$Division: be82080b-7bca-4ce4-bd20-d5dd13d8c36a@group-2D5EBAA9263B: changes role from  FOLLOWER to CANDIDATE at term 13 for changeToCandidate
dn4_1    | 2022-06-13 01:15:52,087 [main] INFO http.BaseHttpServer: Starting Web-server for hddsDatanode at: http://0.0.0.0:9882
om1_1    | 2022-06-13 01:16:10,579 [pool-26-thread-1] INFO server.RaftServerConfigKeys: raft.server.log.statemachine.data.sync = true (default)
om3_1    | 2022-06-13 01:16:08,044 [pool-26-thread-1] INFO server.RaftServerConfigKeys: raft.server.rpc.slowness.timeout = 120s (custom)
scm_1    | 2022-06-13 01:15:58,184 [Listener at 0.0.0.0/9860] INFO server.StorageContainerManager: StorageContainerLocationProtocol RPC server is listening at /0.0.0.0:9860
recon_1  | 2022-06-13 01:15:57,688 [Listener at 0.0.0.0/9891] INFO server.session: node0 Scavenging every 600000ms
dn3_1    | 2022-06-13 01:16:01,171 [EndpointStateMachine task thread for scm/10.9.0.14:9861 - 0 ] INFO server.GrpcService: d293d0b5-d51b-441d-8e6a-facfabf4fa1f: GrpcService started, listening on 9857
dn1_1    | 	at org.apache.hadoop.ozone.container.common.statemachine.DatanodeStateMachine.lambda$initCommandHandlerThread$3(DatanodeStateMachine.java:613)
dn5_1    | 2022-06-13 01:15:54,491 [pool-46-thread-1] INFO server.RaftServerConfigKeys: raft.server.snapshot.auto.trigger.enabled = true (custom)
om2_1    | 2022-06-13 01:16:10,297 [pool-26-thread-1] INFO server.RaftServerConfigKeys: raft.server.log.purge.gap = 1000000 (custom)
dn2_1    | 2022-06-13 01:16:30,554 [be82080b-7bca-4ce4-bd20-d5dd13d8c36a@group-2D5EBAA9263B-FollowerState] INFO server.RaftServerConfigKeys: raft.server.leaderelection.pre-vote = false (custom)
dn4_1    | 2022-06-13 01:15:52,283 [main] INFO http.BaseHttpServer: Hadoop Security Enabled: false Ozone Security Enabled: false Ozone HTTP Security Enabled: false 
om1_1    | 2022-06-13 01:16:10,579 [pool-26-thread-1] INFO server.RaftServerConfigKeys: raft.server.log.statemachine.data.sync.timeout = 10s (default)
om3_1    | 2022-06-13 01:16:08,053 [pool-26-thread-1] INFO server.RaftServerConfigKeys: raft.server.leaderelection.leader.step-down.wait-time = 10s (default)
scm_1    | 2022-06-13 01:15:58,574 [Listener at 0.0.0.0/9860] INFO impl.MetricsConfig: Loaded properties from hadoop-metrics2.properties
recon_1  | 2022-06-13 01:15:57,806 [Listener at 0.0.0.0/9891] INFO handler.ContextHandler: Started o.e.j.s.ServletContextHandler@1d6a8386{logs,/logs,file:///var/log/hadoop/,AVAILABLE}
dn3_1    | 2022-06-13 01:16:01,181 [EndpointStateMachine task thread for scm/10.9.0.14:9861 - 0 ] INFO server.GrpcService: d293d0b5-d51b-441d-8e6a-facfabf4fa1f: GrpcService started, listening on 9858
dn1_1    | 	at java.base/java.lang.Thread.run(Thread.java:829)
dn5_1    | 2022-06-13 01:15:54,491 [pool-46-thread-1] INFO server.RaftServerConfigKeys: raft.server.snapshot.auto.trigger.threshold = 10000 (custom)
om2_1    | 2022-06-13 01:16:10,301 [pool-26-thread-1] INFO server.RaftServerConfigKeys: raft.server.log.appender.buffer.byte-limit = 33554432 (custom)
dn2_1    | 2022-06-13 01:16:30,554 [be82080b-7bca-4ce4-bd20-d5dd13d8c36a@group-2D5EBAA9263B-FollowerState] INFO impl.RoleInfo: be82080b-7bca-4ce4-bd20-d5dd13d8c36a: start be82080b-7bca-4ce4-bd20-d5dd13d8c36a@group-2D5EBAA9263B-LeaderElection8
dn4_1    | 2022-06-13 01:15:52,506 [main] INFO util.log: Logging initialized @38947ms to org.eclipse.jetty.util.log.Slf4jLog
dn4_1    | 2022-06-13 01:15:53,531 [pool-42-thread-1] INFO server.RaftServer$Division: 95ffca0c-1981-46bd-868d-605d8cd5d4b9@group-9D2021CC5F32: set configuration 17: [be82080b-7bca-4ce4-bd20-d5dd13d8c36a|rpc:10.9.0.16:9856|admin:10.9.0.16:9857|client:10.9.0.16:9858|dataStream:|priority:1, 5112d1c6-a698-41d8-947b-75ac780bade1|rpc:10.9.0.19:9856|admin:10.9.0.19:9857|client:10.9.0.19:9858|dataStream:|priority:0, 95ffca0c-1981-46bd-868d-605d8cd5d4b9|rpc:10.9.0.18:9856|admin:10.9.0.18:9857|client:10.9.0.18:9858|dataStream:|priority:0], old=null
om3_1    | 2022-06-13 01:16:08,055 [pool-26-thread-1] INFO server.RaftServerConfigKeys: raft.server.sleep.deviation.threshold = 300ms (default)
scm_1    | 2022-06-13 01:15:58,611 [Listener at 0.0.0.0/9860] INFO impl.MetricsSystemImpl: Scheduled Metric snapshot period at 10 second(s).
recon_1  | 2022-06-13 01:15:57,811 [Listener at 0.0.0.0/9891] INFO handler.ContextHandler: Started o.e.j.s.ServletContextHandler@54c60202{static,/static,jar:file:/opt/hadoop/share/ozone/lib/ozone-recon-1.3.0-SNAPSHOT.jar!/webapps/static,AVAILABLE}
dn3_1    | 2022-06-13 01:16:01,240 [EndpointStateMachine task thread for scm/10.9.0.14:9861 - 0 ] INFO ratis.XceiverServerRatis: XceiverServerRatis d293d0b5-d51b-441d-8e6a-facfabf4fa1f is started using port 9858 for RATIS
dn3_1    | 2022-06-13 01:16:01,240 [EndpointStateMachine task thread for scm/10.9.0.14:9861 - 0 ] INFO ratis.XceiverServerRatis: XceiverServerRatis d293d0b5-d51b-441d-8e6a-facfabf4fa1f is started using port 9857 for RATIS_ADMIN
dn3_1    | 2022-06-13 01:16:01,241 [EndpointStateMachine task thread for scm/10.9.0.14:9861 - 0 ] INFO ratis.XceiverServerRatis: XceiverServerRatis d293d0b5-d51b-441d-8e6a-facfabf4fa1f is started using port 9856 for RATIS_SERVER
dn5_1    | 2022-06-13 01:15:54,491 [pool-46-thread-1] INFO server.RaftServerConfigKeys: raft.server.snapshot.retention.file.num = 5 (custom)
dn2_1    | 2022-06-13 01:16:30,564 [be82080b-7bca-4ce4-bd20-d5dd13d8c36a@group-2D5EBAA9263B-LeaderElection8] INFO impl.LeaderElection: be82080b-7bca-4ce4-bd20-d5dd13d8c36a@group-2D5EBAA9263B-LeaderElection8 ELECTION round 0: submit vote requests at term 14 for 14: [8d28037e-1929-496c-827d-ab357f1b0800|rpc:10.9.0.15:9856|admin:10.9.0.15:9857|client:10.9.0.15:9858|dataStream:|priority:1, be82080b-7bca-4ce4-bd20-d5dd13d8c36a|rpc:10.9.0.16:9856|admin:10.9.0.16:9857|client:10.9.0.16:9858|dataStream:|priority:0, 95ffca0c-1981-46bd-868d-605d8cd5d4b9|rpc:10.9.0.18:9856|admin:10.9.0.18:9857|client:10.9.0.18:9858|dataStream:|priority:0], old=null
dn2_1    | 2022-06-13 01:16:30,581 [be82080b-7bca-4ce4-bd20-d5dd13d8c36a@group-2D5EBAA9263B-LeaderElection8] INFO impl.LeaderElection: be82080b-7bca-4ce4-bd20-d5dd13d8c36a@group-2D5EBAA9263B-LeaderElection8: ELECTION REJECTED received 1 response(s) and 0 exception(s):
dn2_1    | 2022-06-13 01:16:30,582 [be82080b-7bca-4ce4-bd20-d5dd13d8c36a@group-2D5EBAA9263B-LeaderElection8] INFO impl.LeaderElection:   Response 0: be82080b-7bca-4ce4-bd20-d5dd13d8c36a<-8d28037e-1929-496c-827d-ab357f1b0800#0:FAIL-t14
dn2_1    | 2022-06-13 01:16:30,582 [be82080b-7bca-4ce4-bd20-d5dd13d8c36a@group-2D5EBAA9263B-LeaderElection8] INFO impl.LeaderElection: be82080b-7bca-4ce4-bd20-d5dd13d8c36a@group-2D5EBAA9263B-LeaderElection8 ELECTION round 0: result REJECTED
dn2_1    | 2022-06-13 01:16:30,582 [be82080b-7bca-4ce4-bd20-d5dd13d8c36a@group-2D5EBAA9263B-LeaderElection8] INFO server.RaftServer$Division: be82080b-7bca-4ce4-bd20-d5dd13d8c36a@group-2D5EBAA9263B: changes role from CANDIDATE to FOLLOWER at term 14 for REJECTED
dn2_1    | 2022-06-13 01:16:30,584 [be82080b-7bca-4ce4-bd20-d5dd13d8c36a@group-2D5EBAA9263B-LeaderElection8] INFO impl.RoleInfo: be82080b-7bca-4ce4-bd20-d5dd13d8c36a: shutdown be82080b-7bca-4ce4-bd20-d5dd13d8c36a@group-2D5EBAA9263B-LeaderElection8
dn2_1    | 2022-06-13 01:16:30,584 [be82080b-7bca-4ce4-bd20-d5dd13d8c36a@group-2D5EBAA9263B-LeaderElection8] INFO impl.RoleInfo: be82080b-7bca-4ce4-bd20-d5dd13d8c36a: start be82080b-7bca-4ce4-bd20-d5dd13d8c36a@group-2D5EBAA9263B-FollowerState
dn2_1    | 2022-06-13 01:16:35,604 [be82080b-7bca-4ce4-bd20-d5dd13d8c36a@group-2D5EBAA9263B-FollowerState] INFO impl.FollowerState: be82080b-7bca-4ce4-bd20-d5dd13d8c36a@group-2D5EBAA9263B-FollowerState: change to CANDIDATE, lastRpcElapsedTime:5019777463ns, electionTimeout:5013ms
dn3_1    | 2022-06-13 01:16:01,242 [org.apache.ratis.util.JvmPauseMonitor$$Lambda$485/0x0000000840570840@237209f3] INFO util.JvmPauseMonitor: JvmPauseMonitor-d293d0b5-d51b-441d-8e6a-facfabf4fa1f: Started
dn4_1    | 2022-06-13 01:15:53,542 [pool-42-thread-1] INFO server.RaftServerConfigKeys: raft.server.notification.no-leader.timeout = 300s (custom)
om2_1    | 2022-06-13 01:16:10,304 [pool-26-thread-1] INFO server.RaftServerConfigKeys: raft.server.log.statemachine.data.read.timeout = 1000ms (default)
dn1_1    | 2022-06-13 01:16:40,697 [8d28037e-1929-496c-827d-ab357f1b0800@group-2D5EBAA9263B-FollowerState] INFO impl.FollowerState: 8d28037e-1929-496c-827d-ab357f1b0800@group-2D5EBAA9263B-FollowerState: change to CANDIDATE, lastRpcElapsedTime:5076424374ns, electionTimeout:5075ms
dn2_1    | 2022-06-13 01:16:35,605 [be82080b-7bca-4ce4-bd20-d5dd13d8c36a@group-2D5EBAA9263B-FollowerState] INFO impl.RoleInfo: be82080b-7bca-4ce4-bd20-d5dd13d8c36a: shutdown be82080b-7bca-4ce4-bd20-d5dd13d8c36a@group-2D5EBAA9263B-FollowerState
dn5_1    | 2022-06-13 01:15:54,491 [pool-46-thread-1] INFO server.RaftServerConfigKeys: raft.server.log.purge.upto.snapshot.index = false (default)
om1_1    | 2022-06-13 01:16:10,579 [pool-26-thread-1] INFO server.RaftServerConfigKeys: raft.server.log.statemachine.data.sync.timeout.retry = -1 (default)
om3_1    | 2022-06-13 01:16:08,208 [pool-26-thread-1] INFO server.RaftServer$Division: om3@group-D66704EFC61C: ConfigurationManager, init=-1: [om1|rpc:om1:9872|priority:0, om3|rpc:om3:9872|priority:0, om2|rpc:om2:9872|priority:0], old=null, confs=<EMPTY_MAP>
scm_1    | 2022-06-13 01:15:58,612 [Listener at 0.0.0.0/9860] INFO impl.MetricsSystemImpl: StorageContainerManager metrics system started
dn3_1    | 2022-06-13 01:16:06,109 [d293d0b5-d51b-441d-8e6a-facfabf4fa1f@group-1ABCB7EC39C1-FollowerState] INFO impl.FollowerState: d293d0b5-d51b-441d-8e6a-facfabf4fa1f@group-1ABCB7EC39C1-FollowerState: change to CANDIDATE, lastRpcElapsedTime:5113246600ns, electionTimeout:5023ms
recon_1  | 2022-06-13 01:16:02,261 [Listener at 0.0.0.0/9891] INFO handler.ContextHandler: Started o.e.j.w.WebAppContext@ecb8b3e{recon,/,file:///tmp/jetty-0_0_0_0-9888-ozone-recon-1_3_0-SNAPSHOT_jar-_-any-17753996842524672253/webapp/,AVAILABLE}{jar:file:/opt/hadoop/share/ozone/lib/ozone-recon-1.3.0-SNAPSHOT.jar!/webapps/recon}
dn4_1    | 2022-06-13 01:15:53,547 [pool-42-thread-1] INFO server.RaftServerConfigKeys: raft.server.log.use.memory = false (default)
om2_1    | 2022-06-13 01:16:10,519 [pool-26-thread-1] INFO server.RaftServerConfigKeys: raft.server.log.segment.size.max = 4194304 (custom)
dn1_1    | 2022-06-13 01:16:40,698 [8d28037e-1929-496c-827d-ab357f1b0800@group-2D5EBAA9263B-FollowerState] INFO impl.RoleInfo: 8d28037e-1929-496c-827d-ab357f1b0800: shutdown 8d28037e-1929-496c-827d-ab357f1b0800@group-2D5EBAA9263B-FollowerState
dn2_1    | 2022-06-13 01:16:35,605 [be82080b-7bca-4ce4-bd20-d5dd13d8c36a@group-2D5EBAA9263B-FollowerState] INFO server.RaftServer$Division: be82080b-7bca-4ce4-bd20-d5dd13d8c36a@group-2D5EBAA9263B: changes role from  FOLLOWER to CANDIDATE at term 14 for changeToCandidate
dn5_1    | 2022-06-13 01:15:54,492 [pool-46-thread-1] INFO server.RaftServerConfigKeys: raft.server.retrycache.expirytime = 600000ms (custom)
om1_1    | 2022-06-13 01:16:10,763 [pool-26-thread-1] INFO server.RaftServerConfigKeys: raft.server.log.write.buffer.size = 64KB (=65536) (default)
om3_1    | 2022-06-13 01:16:08,208 [pool-26-thread-1] INFO server.RaftServerConfigKeys: raft.server.storage.dir = [/data/metadata/ratis] (custom)
scm_1    | 2022-06-13 01:15:59,141 [Listener at 0.0.0.0/9860] INFO server.SCMClientProtocolServer: RPC server for Client  is listening at /0.0.0.0:9860
dn3_1    | 2022-06-13 01:16:06,111 [d293d0b5-d51b-441d-8e6a-facfabf4fa1f@group-1ABCB7EC39C1-FollowerState] INFO impl.RoleInfo: d293d0b5-d51b-441d-8e6a-facfabf4fa1f: shutdown d293d0b5-d51b-441d-8e6a-facfabf4fa1f@group-1ABCB7EC39C1-FollowerState
recon_1  | 2022-06-13 01:16:02,295 [Listener at 0.0.0.0/9891] INFO server.AbstractConnector: Started ServerConnector@619c93ca{HTTP/1.1, (http/1.1)}{0.0.0.0:9888}
dn4_1    | 2022-06-13 01:15:53,615 [pool-42-thread-1] INFO server.RaftServerConfigKeys: raft.server.log.purge.gap = 1000000 (custom)
dn4_1    | 2022-06-13 01:15:53,645 [pool-42-thread-1] INFO server.RaftServerConfigKeys: raft.server.log.appender.buffer.byte-limit = 33554432 (custom)
dn1_1    | 2022-06-13 01:16:40,701 [8d28037e-1929-496c-827d-ab357f1b0800@group-2D5EBAA9263B-FollowerState] INFO server.RaftServer$Division: 8d28037e-1929-496c-827d-ab357f1b0800@group-2D5EBAA9263B: changes role from  FOLLOWER to CANDIDATE at term 15 for changeToCandidate
dn2_1    | 2022-06-13 01:16:35,606 [be82080b-7bca-4ce4-bd20-d5dd13d8c36a@group-2D5EBAA9263B-FollowerState] INFO server.RaftServerConfigKeys: raft.server.leaderelection.pre-vote = false (custom)
dn5_1    | 2022-06-13 01:15:54,492 [pool-46-thread-1] INFO server.RaftServerConfigKeys: raft.server.retrycache.statistics.expirytime = 100?s (default)
om1_1    | 2022-06-13 01:16:10,763 [pool-26-thread-1] INFO server.RaftServerConfigKeys: raft.server.log.unsafe-flush.enabled = false (default)
om3_1    | 2022-06-13 01:16:08,309 [pool-26-thread-1] INFO server.RaftServerConfigKeys: raft.server.log.corruption.policy = EXCEPTION (default)
scm_1    | 2022-06-13 01:15:59,149 [IPC Server Responder] INFO ipc.Server: IPC Server Responder: starting
dn3_1    | 2022-06-13 01:16:06,111 [d293d0b5-d51b-441d-8e6a-facfabf4fa1f@group-1ABCB7EC39C1-FollowerState] INFO server.RaftServer$Division: d293d0b5-d51b-441d-8e6a-facfabf4fa1f@group-1ABCB7EC39C1: changes role from  FOLLOWER to CANDIDATE at term 14 for changeToCandidate
recon_1  | 2022-06-13 01:16:02,297 [Listener at 0.0.0.0/9891] INFO server.Server: Started @49731ms
dn4_1    | 2022-06-13 01:15:53,646 [pool-42-thread-1] INFO server.RaftServerConfigKeys: raft.server.log.statemachine.data.read.timeout = 1000ms (default)
om2_1    | 2022-06-13 01:16:10,582 [pool-26-thread-1] INFO server.RaftServerConfigKeys: raft.server.log.segment.cache.num.max = 2 (custom)
dn1_1    | 2022-06-13 01:16:40,701 [8d28037e-1929-496c-827d-ab357f1b0800@group-2D5EBAA9263B-FollowerState] INFO server.RaftServerConfigKeys: raft.server.leaderelection.pre-vote = false (custom)
dn2_1    | 2022-06-13 01:16:35,606 [be82080b-7bca-4ce4-bd20-d5dd13d8c36a@group-2D5EBAA9263B-FollowerState] INFO impl.RoleInfo: be82080b-7bca-4ce4-bd20-d5dd13d8c36a: start be82080b-7bca-4ce4-bd20-d5dd13d8c36a@group-2D5EBAA9263B-LeaderElection9
dn5_1    | 2022-06-13 01:15:54,495 [pool-46-thread-1] INFO server.RaftServerConfigKeys: raft.server.log.appender.install.snapshot.enabled = false (custom)
om1_1    | 2022-06-13 01:16:10,764 [pool-26-thread-1] INFO server.RaftServerConfigKeys: raft.server.log.statemachine.data.caching.enabled = false (default)
om3_1    | 2022-06-13 01:16:08,320 [pool-26-thread-1] INFO server.RaftServerConfigKeys: raft.server.storage.free-space.min = 0MB (=0) (default)
scm_1    | 2022-06-13 01:15:59,208 [IPC Server listener on 9860] INFO ipc.Server: IPC Server listener on 9860: starting
dn3_1    | 2022-06-13 01:16:06,114 [d293d0b5-d51b-441d-8e6a-facfabf4fa1f@group-1ABCB7EC39C1-FollowerState] INFO server.RaftServerConfigKeys: raft.server.leaderelection.pre-vote = false (custom)
recon_1  | 2022-06-13 01:16:02,318 [Listener at 0.0.0.0/9891] INFO impl.MetricsSinkAdapter: Sink prometheus started
dn4_1    | 2022-06-13 01:15:53,833 [pool-42-thread-1] INFO server.RaftServerConfigKeys: raft.server.log.segment.size.max = 1048576 (custom)
om2_1    | 2022-06-13 01:16:10,600 [pool-26-thread-1] INFO server.RaftServerConfigKeys: raft.server.log.segment.cache.size.max = 200MB (=209715200) (default)
dn1_1    | 2022-06-13 01:16:40,701 [8d28037e-1929-496c-827d-ab357f1b0800@group-2D5EBAA9263B-FollowerState] INFO impl.RoleInfo: 8d28037e-1929-496c-827d-ab357f1b0800: start 8d28037e-1929-496c-827d-ab357f1b0800@group-2D5EBAA9263B-LeaderElection6
dn2_1    | 2022-06-13 01:16:35,614 [be82080b-7bca-4ce4-bd20-d5dd13d8c36a@group-2D5EBAA9263B-LeaderElection9] INFO impl.LeaderElection: be82080b-7bca-4ce4-bd20-d5dd13d8c36a@group-2D5EBAA9263B-LeaderElection9 ELECTION round 0: submit vote requests at term 15 for 14: [8d28037e-1929-496c-827d-ab357f1b0800|rpc:10.9.0.15:9856|admin:10.9.0.15:9857|client:10.9.0.15:9858|dataStream:|priority:1, be82080b-7bca-4ce4-bd20-d5dd13d8c36a|rpc:10.9.0.16:9856|admin:10.9.0.16:9857|client:10.9.0.16:9858|dataStream:|priority:0, 95ffca0c-1981-46bd-868d-605d8cd5d4b9|rpc:10.9.0.18:9856|admin:10.9.0.18:9857|client:10.9.0.18:9858|dataStream:|priority:0], old=null
dn5_1    | 2022-06-13 01:15:54,499 [pool-46-thread-1] INFO server.RaftServerConfigKeys: raft.server.threadpool.server.cached = true (default)
om1_1    | 2022-06-13 01:16:11,104 [pool-26-thread-1] INFO server.RaftServer$Division: om1@group-D66704EFC61C: set configuration 0: [om1|rpc:om1:9872|admin:|client:|dataStream:|priority:0, om3|rpc:om3:9872|admin:|client:|dataStream:|priority:0, om2|rpc:om2:9872|admin:|client:|dataStream:|priority:0], old=null
om1_1    | 2022-06-13 01:16:11,137 [pool-26-thread-1] INFO segmented.LogSegment: Successfully read 21 entries from segment file /data/metadata/ratis/5cb24680-b9e7-3c90-a862-d66704efc61c/current/log_0-20
om3_1    | 2022-06-13 01:16:08,658 [pool-26-thread-1] INFO storage.RaftStorageDirectory: Lock on /data/metadata/ratis/5cb24680-b9e7-3c90-a862-d66704efc61c/in_use.lock acquired by nodename 9@fdfa4f2ea3c4
dn3_1    | 2022-06-13 01:16:06,114 [d293d0b5-d51b-441d-8e6a-facfabf4fa1f@group-1ABCB7EC39C1-FollowerState] INFO impl.RoleInfo: d293d0b5-d51b-441d-8e6a-facfabf4fa1f: start d293d0b5-d51b-441d-8e6a-facfabf4fa1f@group-1ABCB7EC39C1-LeaderElection1
recon_1  | 2022-06-13 01:16:02,318 [Listener at 0.0.0.0/9891] INFO impl.MetricsSystemImpl: Registered sink prometheus
dn4_1    | 2022-06-13 01:15:53,839 [main] INFO server.AuthenticationFilter: Unable to initialize FileSignerSecretProvider, falling back to use random secrets.
om2_1    | 2022-06-13 01:16:10,653 [pool-26-thread-1] INFO segmented.SegmentedRaftLogWorker: new om2@group-D66704EFC61C-SegmentedRaftLogWorker for RaftStorageImpl:Storage Directory /data/metadata/ratis/5cb24680-b9e7-3c90-a862-d66704efc61c
dn1_1    | 2022-06-13 01:16:40,709 [8d28037e-1929-496c-827d-ab357f1b0800@group-2D5EBAA9263B-LeaderElection6] INFO impl.LeaderElection: 8d28037e-1929-496c-827d-ab357f1b0800@group-2D5EBAA9263B-LeaderElection6 ELECTION round 0: submit vote requests at term 16 for 14: [8d28037e-1929-496c-827d-ab357f1b0800|rpc:10.9.0.15:9856|admin:10.9.0.15:9857|client:10.9.0.15:9858|dataStream:|priority:1, be82080b-7bca-4ce4-bd20-d5dd13d8c36a|rpc:10.9.0.16:9856|admin:10.9.0.16:9857|client:10.9.0.16:9858|dataStream:|priority:0, 95ffca0c-1981-46bd-868d-605d8cd5d4b9|rpc:10.9.0.18:9856|admin:10.9.0.18:9857|client:10.9.0.18:9858|dataStream:|priority:0], old=null
dn2_1    | 2022-06-13 01:16:35,630 [be82080b-7bca-4ce4-bd20-d5dd13d8c36a@group-2D5EBAA9263B-LeaderElection9] INFO impl.LeaderElection: be82080b-7bca-4ce4-bd20-d5dd13d8c36a@group-2D5EBAA9263B-LeaderElection9: ELECTION REJECTED received 1 response(s) and 0 exception(s):
scm_1    | 2022-06-13 01:15:59,489 [Listener at 0.0.0.0/9860] INFO server.StorageContainerManager: ScmBlockLocationProtocol RPC server is listening at /0.0.0.0:9863
dn5_1    | 2022-06-13 01:15:54,501 [pool-46-thread-1] INFO server.RaftServerConfigKeys: raft.server.threadpool.server.size = 0 (default)
om3_1    | 2022-06-13 01:16:08,787 [pool-26-thread-1] INFO storage.RaftStorage: Read RaftStorageMetadata{term=4, votedFor=om3} from /data/metadata/ratis/5cb24680-b9e7-3c90-a862-d66704efc61c/current/raft-meta
recon_1  | 2022-06-13 01:16:02,322 [Listener at 0.0.0.0/9891] INFO http.BaseHttpServer: HTTP server of recon listening at http://0.0.0.0:9888
dn3_1    | 2022-06-13 01:16:06,181 [d293d0b5-d51b-441d-8e6a-facfabf4fa1f@group-1ABCB7EC39C1-LeaderElection1] INFO impl.LeaderElection: d293d0b5-d51b-441d-8e6a-facfabf4fa1f@group-1ABCB7EC39C1-LeaderElection1 ELECTION round 0: submit vote requests at term 15 for 10: [8d28037e-1929-496c-827d-ab357f1b0800|rpc:10.9.0.15:9856|admin:10.9.0.15:9857|client:10.9.0.15:9858|dataStream:|priority:0, d293d0b5-d51b-441d-8e6a-facfabf4fa1f|rpc:10.9.0.17:9856|admin:10.9.0.17:9857|client:10.9.0.17:9858|dataStream:|priority:0, 5112d1c6-a698-41d8-947b-75ac780bade1|rpc:10.9.0.19:9856|admin:10.9.0.19:9857|client:10.9.0.19:9858|dataStream:|priority:1], old=null
dn4_1    | 2022-06-13 01:15:53,924 [main] INFO http.HttpRequestLog: Http request log for http.requests.hddsDatanode is not defined
om2_1    | 2022-06-13 01:16:10,662 [pool-26-thread-1] INFO server.RaftServerConfigKeys: raft.server.log.queue.byte-limit = 64MB (=67108864) (default)
dn1_1    | 2022-06-13 01:16:40,732 [8d28037e-1929-496c-827d-ab357f1b0800@group-2D5EBAA9263B-LeaderElection6] INFO impl.LeaderElection: 8d28037e-1929-496c-827d-ab357f1b0800@group-2D5EBAA9263B-LeaderElection6: ELECTION PASSED received 1 response(s) and 0 exception(s):
dn2_1    | 2022-06-13 01:16:35,630 [be82080b-7bca-4ce4-bd20-d5dd13d8c36a@group-2D5EBAA9263B-LeaderElection9] INFO impl.LeaderElection:   Response 0: be82080b-7bca-4ce4-bd20-d5dd13d8c36a<-8d28037e-1929-496c-827d-ab357f1b0800#0:FAIL-t15
om1_1    | 2022-06-13 01:16:11,214 [pool-26-thread-1] INFO server.RaftServer$Division: om1@group-D66704EFC61C: set configuration 21: [om1|rpc:om1:9872|admin:|client:|dataStream:|priority:0, om3|rpc:om3:9872|admin:|client:|dataStream:|priority:0, om2|rpc:om2:9872|admin:|client:|dataStream:|priority:0], old=null
scm_1    | 2022-06-13 01:15:59,489 [Listener at 0.0.0.0/9860] INFO server.SCMBlockProtocolServer: RPC server for Block Protocol is listening at /0.0.0.0:9863
dn5_1    | 2022-06-13 01:15:54,501 [pool-46-thread-1] INFO server.RaftServerConfigKeys: raft.server.threadpool.client.cached = true (default)
om3_1    | 2022-06-13 01:16:09,777 [pool-26-thread-1] INFO server.RaftServer$Division: om3@group-D66704EFC61C: set configuration 65: [om1|rpc:om1:9872|admin:|client:|dataStream:|priority:0, om3|rpc:om3:9872|admin:|client:|dataStream:|priority:0, om2|rpc:om2:9872|admin:|client:|dataStream:|priority:0], old=null
recon_1  | 2022-06-13 01:16:02,324 [Listener at 0.0.0.0/9891] INFO impl.OzoneManagerServiceProviderImpl: Starting Ozone Manager Service Provider.
dn3_1    | 2022-06-13 01:16:06,273 [d293d0b5-d51b-441d-8e6a-facfabf4fa1f@group-A2D7181B6596-FollowerState] INFO impl.FollowerState: d293d0b5-d51b-441d-8e6a-facfabf4fa1f@group-A2D7181B6596-FollowerState: change to CANDIDATE, lastRpcElapsedTime:5181115928ns, electionTimeout:5086ms
dn4_1    | 2022-06-13 01:15:53,967 [pool-42-thread-1] INFO server.RaftServerConfigKeys: raft.server.log.segment.cache.num.max = 2 (custom)
om2_1    | 2022-06-13 01:16:10,666 [pool-26-thread-1] INFO server.RaftServerConfigKeys: raft.server.log.queue.element-limit = 4096 (default)
dn1_1    | 2022-06-13 01:16:40,732 [8d28037e-1929-496c-827d-ab357f1b0800@group-2D5EBAA9263B-LeaderElection6] INFO impl.LeaderElection:   Response 0: 8d28037e-1929-496c-827d-ab357f1b0800<-be82080b-7bca-4ce4-bd20-d5dd13d8c36a#0:OK-t16
dn2_1    | 2022-06-13 01:16:35,631 [be82080b-7bca-4ce4-bd20-d5dd13d8c36a@group-2D5EBAA9263B-LeaderElection9] INFO impl.LeaderElection: be82080b-7bca-4ce4-bd20-d5dd13d8c36a@group-2D5EBAA9263B-LeaderElection9 ELECTION round 0: result REJECTED
om1_1    | 2022-06-13 01:16:11,234 [pool-26-thread-1] INFO segmented.LogSegment: Successfully read 44 entries from segment file /data/metadata/ratis/5cb24680-b9e7-3c90-a862-d66704efc61c/current/log_21-64
scm_1    | 2022-06-13 01:15:59,490 [IPC Server Responder] INFO ipc.Server: IPC Server Responder: starting
dn5_1    | 2022-06-13 01:15:54,501 [pool-46-thread-1] INFO server.RaftServerConfigKeys: raft.server.threadpool.client.size = 0 (default)
om3_1    | 2022-06-13 01:16:09,806 [pool-26-thread-1] INFO server.RaftServerConfigKeys: raft.server.notification.no-leader.timeout = 120s (custom)
recon_1  | 2022-06-13 01:16:02,386 [Listener at 0.0.0.0/9891] INFO recovery.ReconOmMetadataManagerImpl: Starting ReconOMMetadataManagerImpl
dn3_1    | 2022-06-13 01:16:06,282 [d293d0b5-d51b-441d-8e6a-facfabf4fa1f@group-A2D7181B6596-FollowerState] INFO impl.RoleInfo: d293d0b5-d51b-441d-8e6a-facfabf4fa1f: shutdown d293d0b5-d51b-441d-8e6a-facfabf4fa1f@group-A2D7181B6596-FollowerState
dn3_1    | 2022-06-13 01:16:06,282 [d293d0b5-d51b-441d-8e6a-facfabf4fa1f@group-A2D7181B6596-FollowerState] INFO server.RaftServer$Division: d293d0b5-d51b-441d-8e6a-facfabf4fa1f@group-A2D7181B6596: changes role from  FOLLOWER to CANDIDATE at term 3 for changeToCandidate
om2_1    | 2022-06-13 01:16:10,667 [pool-26-thread-1] INFO server.RaftServerConfigKeys: raft.server.log.segment.size.max = 4194304 (custom)
dn1_1    | 2022-06-13 01:16:40,732 [8d28037e-1929-496c-827d-ab357f1b0800@group-2D5EBAA9263B-LeaderElection6] INFO impl.LeaderElection: 8d28037e-1929-496c-827d-ab357f1b0800@group-2D5EBAA9263B-LeaderElection6 ELECTION round 0: result PASSED
dn2_1    | 2022-06-13 01:16:35,631 [be82080b-7bca-4ce4-bd20-d5dd13d8c36a@group-2D5EBAA9263B-LeaderElection9] INFO server.RaftServer$Division: be82080b-7bca-4ce4-bd20-d5dd13d8c36a@group-2D5EBAA9263B: changes role from CANDIDATE to FOLLOWER at term 15 for REJECTED
om1_1    | 2022-06-13 01:16:11,243 [pool-26-thread-1] INFO server.RaftServer$Division: om1@group-D66704EFC61C: set configuration 65: [om1|rpc:om1:9872|admin:|client:|dataStream:|priority:0, om3|rpc:om3:9872|admin:|client:|dataStream:|priority:0, om2|rpc:om2:9872|admin:|client:|dataStream:|priority:0], old=null
scm_1    | 2022-06-13 01:15:59,490 [IPC Server listener on 9863] INFO ipc.Server: IPC Server listener on 9863: starting
dn5_1    | 2022-06-13 01:15:54,563 [main] INFO handler.ContextHandler: Started o.e.j.w.WebAppContext@3313d477{hddsDatanode,/,file:///tmp/jetty-0_0_0_0-9882-hdds-container-service-1_3_0-SNAPSHOT_jar-_-any-18094413393465040943/webapp/,AVAILABLE}{jar:file:/opt/hadoop/share/ozone/lib/hdds-container-service-1.3.0-SNAPSHOT.jar!/webapps/hddsDatanode}
om3_1    | 2022-06-13 01:16:09,808 [pool-26-thread-1] INFO server.RaftServerConfigKeys: raft.server.log.use.memory = false (default)
dn3_1    | 2022-06-13 01:16:06,283 [d293d0b5-d51b-441d-8e6a-facfabf4fa1f@group-A2D7181B6596-FollowerState] INFO server.RaftServerConfigKeys: raft.server.leaderelection.pre-vote = false (custom)
dn4_1    | 2022-06-13 01:15:53,969 [pool-42-thread-1] INFO server.RaftServerConfigKeys: raft.server.log.segment.cache.size.max = 200MB (=209715200) (default)
recon_1  | 2022-06-13 01:16:02,389 [Listener at 0.0.0.0/9891] WARN recon.ReconUtils: ozone.recon.om.db.dir is not configured. We recommend adding this setting. Falling back to ozone.metadata.dirs instead.
om2_1    | 2022-06-13 01:16:10,689 [pool-26-thread-1] INFO server.RaftServerConfigKeys: raft.server.log.preallocated.size = 4194304 (custom)
dn1_1    | 2022-06-13 01:16:40,732 [8d28037e-1929-496c-827d-ab357f1b0800@group-2D5EBAA9263B-LeaderElection6] INFO impl.RoleInfo: 8d28037e-1929-496c-827d-ab357f1b0800: shutdown 8d28037e-1929-496c-827d-ab357f1b0800@group-2D5EBAA9263B-LeaderElection6
dn2_1    | 2022-06-13 01:16:35,631 [be82080b-7bca-4ce4-bd20-d5dd13d8c36a@group-2D5EBAA9263B-LeaderElection9] INFO impl.RoleInfo: be82080b-7bca-4ce4-bd20-d5dd13d8c36a: shutdown be82080b-7bca-4ce4-bd20-d5dd13d8c36a@group-2D5EBAA9263B-LeaderElection9
om1_1    | 2022-06-13 01:16:11,263 [pool-26-thread-1] INFO segmented.LogSegment: Successfully read 36 entries from segment file /data/metadata/ratis/5cb24680-b9e7-3c90-a862-d66704efc61c/current/log_inprogress_65
scm_1    | 2022-06-13 01:15:59,550 [Listener at 0.0.0.0/9860] INFO server.SCMDatanodeProtocolServer: ScmDatanodeProtocol RPC server for DataNodes is listening at /0.0.0.0:9861
dn5_1    | 2022-06-13 01:15:54,615 [main] INFO server.AbstractConnector: Started ServerConnector@13866329{HTTP/1.1, (http/1.1)}{0.0.0.0:9882}
om3_1    | 2022-06-13 01:16:09,920 [pool-26-thread-1] INFO server.RaftServerConfigKeys: raft.server.log.purge.gap = 1000000 (custom)
dn3_1    | 2022-06-13 01:16:06,285 [d293d0b5-d51b-441d-8e6a-facfabf4fa1f@group-A2D7181B6596-FollowerState] INFO impl.RoleInfo: d293d0b5-d51b-441d-8e6a-facfabf4fa1f: start d293d0b5-d51b-441d-8e6a-facfabf4fa1f@group-A2D7181B6596-LeaderElection2
dn4_1    | 2022-06-13 01:15:53,981 [main] INFO http.HttpServer2: Added global filter 'safety' (class=org.apache.hadoop.hdds.server.http.HttpServer2$QuotingInputFilter)
dn4_1    | 2022-06-13 01:15:54,007 [main] INFO http.HttpServer2: Added filter static_user_filter (class=org.apache.hadoop.http.lib.StaticUserWebFilter$StaticUserFilter) to context hddsDatanode
recon_1  | 2022-06-13 01:16:02,397 [Listener at 0.0.0.0/9891] INFO recovery.ReconOmMetadataManagerImpl: Last known snapshot for OM : /data/metadata/om.snapshot.db_1655082864463
dn1_1    | 2022-06-13 01:16:40,732 [8d28037e-1929-496c-827d-ab357f1b0800@group-2D5EBAA9263B-LeaderElection6] INFO server.RaftServer$Division: 8d28037e-1929-496c-827d-ab357f1b0800@group-2D5EBAA9263B: changes role from CANDIDATE to LEADER at term 16 for changeToLeader
dn2_1    | 2022-06-13 01:16:35,631 [be82080b-7bca-4ce4-bd20-d5dd13d8c36a@group-2D5EBAA9263B-LeaderElection9] INFO impl.RoleInfo: be82080b-7bca-4ce4-bd20-d5dd13d8c36a: start be82080b-7bca-4ce4-bd20-d5dd13d8c36a@group-2D5EBAA9263B-FollowerState
om1_1    | 2022-06-13 01:16:11,275 [pool-26-thread-1] INFO segmented.SegmentedRaftLogWorker: om1@group-D66704EFC61C-SegmentedRaftLogWorker: flushIndex: setUnconditionally 0 -> 100
scm_1    | 2022-06-13 01:15:59,612 [IPC Server Responder] INFO ipc.Server: IPC Server Responder: starting
dn5_1    | 2022-06-13 01:15:54,619 [main] INFO server.Server: Started @44006ms
om3_1    | 2022-06-13 01:16:09,921 [pool-26-thread-1] INFO server.RaftServerConfigKeys: raft.server.log.appender.buffer.byte-limit = 33554432 (custom)
dn3_1    | 2022-06-13 01:16:06,352 [d293d0b5-d51b-441d-8e6a-facfabf4fa1f@group-A2D7181B6596-LeaderElection2] INFO impl.LeaderElection: d293d0b5-d51b-441d-8e6a-facfabf4fa1f@group-A2D7181B6596-LeaderElection2 ELECTION round 0: submit vote requests at term 4 for 3: [d293d0b5-d51b-441d-8e6a-facfabf4fa1f|rpc:10.9.0.17:9856|admin:10.9.0.17:9857|client:10.9.0.17:9858|dataStream:|priority:1], old=null
om2_1    | 2022-06-13 01:16:10,689 [pool-26-thread-1] INFO server.RaftServerConfigKeys: raft.server.log.force.sync.num = 128 (default)
dn4_1    | 2022-06-13 01:15:54,016 [main] INFO http.HttpServer2: Added filter static_user_filter (class=org.apache.hadoop.http.lib.StaticUserWebFilter$StaticUserFilter) to context static
recon_1  | 2022-06-13 01:16:02,401 [Listener at 0.0.0.0/9891] INFO codec.OmKeyInfoCodec: OmKeyInfoCodec ignorePipeline = true
dn1_1    | 2022-06-13 01:16:40,732 [8d28037e-1929-496c-827d-ab357f1b0800@group-2D5EBAA9263B-LeaderElection6] INFO ratis.XceiverServerRatis: Leader change notification received for group: group-2D5EBAA9263B with new leaderId: 8d28037e-1929-496c-827d-ab357f1b0800
dn2_1    | 2022-06-13 01:16:40,712 [grpc-default-executor-1] INFO server.RaftServer$Division: be82080b-7bca-4ce4-bd20-d5dd13d8c36a@group-2D5EBAA9263B: receive requestVote(ELECTION, 8d28037e-1929-496c-827d-ab357f1b0800, group-2D5EBAA9263B, 16, (t:9, i:19))
om1_1    | 2022-06-13 01:16:11,275 [pool-26-thread-1] INFO segmented.SegmentedRaftLogWorker: om1@group-D66704EFC61C-SegmentedRaftLogWorker: safeCacheEvictIndex: setUnconditionally 0 -> 64
scm_1    | 2022-06-13 01:15:59,614 [IPC Server listener on 9861] INFO ipc.Server: IPC Server listener on 9861: starting
dn5_1    | 2022-06-13 01:15:54,639 [main] INFO impl.MetricsSinkAdapter: Sink prometheus started
om3_1    | 2022-06-13 01:16:10,007 [pool-26-thread-1] INFO server.RaftServerConfigKeys: raft.server.log.statemachine.data.read.timeout = 1000ms (default)
dn3_1    | 2022-06-13 01:16:06,362 [d293d0b5-d51b-441d-8e6a-facfabf4fa1f@group-A2D7181B6596-LeaderElection2] INFO impl.LeaderElection: d293d0b5-d51b-441d-8e6a-facfabf4fa1f@group-A2D7181B6596-LeaderElection2 ELECTION round 0: result PASSED (term=4)
dn3_1    | 2022-06-13 01:16:06,374 [d293d0b5-d51b-441d-8e6a-facfabf4fa1f@group-A2D7181B6596-LeaderElection2] INFO impl.RoleInfo: d293d0b5-d51b-441d-8e6a-facfabf4fa1f: shutdown d293d0b5-d51b-441d-8e6a-facfabf4fa1f@group-A2D7181B6596-LeaderElection2
dn4_1    | 2022-06-13 01:15:54,016 [main] INFO http.HttpServer2: Added filter static_user_filter (class=org.apache.hadoop.http.lib.StaticUserWebFilter$StaticUserFilter) to context logs
recon_1  | 2022-06-13 01:16:02,407 [Listener at 0.0.0.0/9891] INFO codec.RepeatedOmKeyInfoCodec: RepeatedOmKeyInfoCodec ignorePipeline = true
dn1_1    | 2022-06-13 01:16:40,733 [8d28037e-1929-496c-827d-ab357f1b0800@group-2D5EBAA9263B-LeaderElection6] INFO server.RaftServer$Division: 8d28037e-1929-496c-827d-ab357f1b0800@group-2D5EBAA9263B: change Leader from null to 8d28037e-1929-496c-827d-ab357f1b0800 at term 16 for becomeLeader, leader elected after 46128ms
dn2_1    | 2022-06-13 01:16:40,713 [grpc-default-executor-1] INFO impl.VoteContext: be82080b-7bca-4ce4-bd20-d5dd13d8c36a@group-2D5EBAA9263B-FOLLOWER: accept ELECTION from 8d28037e-1929-496c-827d-ab357f1b0800: our priority 0 <= candidate's priority 1
om1_1    | 2022-06-13 01:16:11,716 [pool-26-thread-1] INFO raftlog.RaftLog: om1@group-D66704EFC61C-SegmentedRaftLog: commitIndex: updateToMax old=100, new=99, updated? false
scm_1    | 2022-06-13 01:15:59,800 [org.apache.hadoop.util.JvmPauseMonitor$Monitor@2c748a15] INFO util.JvmPauseMonitor: Starting JVM pause monitor
dn5_1    | 2022-06-13 01:15:54,639 [main] INFO impl.MetricsSystemImpl: Registered sink prometheus
om3_1    | 2022-06-13 01:16:10,267 [pool-26-thread-1] INFO server.RaftServerConfigKeys: raft.server.log.segment.size.max = 4194304 (custom)
dn3_1    | 2022-06-13 01:16:06,389 [d293d0b5-d51b-441d-8e6a-facfabf4fa1f@group-A2D7181B6596-LeaderElection2] INFO server.RaftServer$Division: d293d0b5-d51b-441d-8e6a-facfabf4fa1f@group-A2D7181B6596: changes role from CANDIDATE to LEADER at term 4 for changeToLeader
om2_1    | 2022-06-13 01:16:10,691 [pool-26-thread-1] INFO server.RaftServerConfigKeys: raft.server.log.statemachine.data.sync = true (default)
dn4_1    | 2022-06-13 01:15:54,026 [pool-42-thread-1] INFO segmented.SegmentedRaftLogWorker: new 95ffca0c-1981-46bd-868d-605d8cd5d4b9@group-9D2021CC5F32-SegmentedRaftLogWorker for RaftStorageImpl:Storage Directory /data/metadata/ratis/32e10f44-85c3-4f74-b0fd-9d2021cc5f32
recon_1  | 2022-06-13 01:16:02,591 [Listener at 0.0.0.0/9891] INFO recovery.ReconOmMetadataManagerImpl: Created OM DB handle from snapshot at /data/metadata/om.snapshot.db_1655082864463.
dn1_1    | 2022-06-13 01:16:40,733 [8d28037e-1929-496c-827d-ab357f1b0800@group-2D5EBAA9263B-LeaderElection6] INFO server.RaftServerConfigKeys: raft.server.staging.catchup.gap = 1000 (default)
dn2_1    | 2022-06-13 01:16:40,713 [grpc-default-executor-1] INFO server.RaftServer$Division: be82080b-7bca-4ce4-bd20-d5dd13d8c36a@group-2D5EBAA9263B: changes role from  FOLLOWER to FOLLOWER at term 16 for candidate:8d28037e-1929-496c-827d-ab357f1b0800
om1_1    | 2022-06-13 01:16:11,736 [pool-26-thread-1] INFO server.RaftServerConfigKeys: raft.server.snapshot.auto.trigger.enabled = true (custom)
scm_1    | 2022-06-13 01:15:59,834 [Listener at 0.0.0.0/9860] INFO http.BaseHttpServer: Starting Web-server for scm at: http://0.0.0.0:9876
dn5_1    | 2022-06-13 01:15:54,742 [main] INFO http.BaseHttpServer: HTTP server of hddsDatanode listening at http://0.0.0.0:9882
om3_1    | 2022-06-13 01:16:10,347 [pool-26-thread-1] INFO server.RaftServerConfigKeys: raft.server.log.segment.cache.num.max = 2 (custom)
dn3_1    | 2022-06-13 01:16:06,391 [d293d0b5-d51b-441d-8e6a-facfabf4fa1f@group-A2D7181B6596-LeaderElection2] INFO ratis.XceiverServerRatis: Leader change notification received for group: group-A2D7181B6596 with new leaderId: d293d0b5-d51b-441d-8e6a-facfabf4fa1f
om2_1    | 2022-06-13 01:16:10,692 [pool-26-thread-1] INFO server.RaftServerConfigKeys: raft.server.log.statemachine.data.sync.timeout = 10s (default)
dn4_1    | 2022-06-13 01:15:54,038 [pool-42-thread-1] INFO server.RaftServerConfigKeys: raft.server.log.queue.byte-limit = 4294967296 (custom)
recon_1  | 2022-06-13 01:16:02,638 [Listener at 0.0.0.0/9891] INFO tasks.ReconTaskControllerImpl: Starting Recon Task Controller.
dn1_1    | 2022-06-13 01:16:40,733 [8d28037e-1929-496c-827d-ab357f1b0800@group-2D5EBAA9263B-LeaderElection6] INFO server.RaftServerConfigKeys: raft.server.write.element-limit = 1024 (custom)
dn2_1    | 2022-06-13 01:16:40,713 [grpc-default-executor-1] INFO impl.RoleInfo: be82080b-7bca-4ce4-bd20-d5dd13d8c36a: shutdown be82080b-7bca-4ce4-bd20-d5dd13d8c36a@group-2D5EBAA9263B-FollowerState
om1_1    | 2022-06-13 01:16:11,736 [pool-26-thread-1] INFO server.RaftServerConfigKeys: raft.server.snapshot.auto.trigger.threshold = 400000 (default)
scm_1    | 2022-06-13 01:15:59,835 [Listener at 0.0.0.0/9860] INFO http.BaseHttpServer: Hadoop Security Enabled: false Ozone Security Enabled: false Ozone HTTP Security Enabled: false 
