om1_1    | 2022-06-13 01:13:40,615 [grpc-default-executor-0] INFO server.RaftServer$Division: om1@group-D66704EFC61C replies to ELECTION vote request: om3<-om1#0:OK-t4. Peer's state: om1@group-D66704EFC61C:t4, leader=null, voted=om3, raftlog=om1@group-D66704EFC61C-SegmentedRaftLog:OPENED:c63, conf=21: [om1|rpc:om1:9872|admin:|client:|dataStream:|priority:0, om3|rpc:om3:9872|admin:|client:|dataStream:|priority:0, om2|rpc:om2:9872|admin:|client:|dataStream:|priority:0], old=null
dn4_1    | 2022-06-13 01:13:16,642 [pool-34-thread-1] INFO storage.RaftStorage: Read RaftStorageMetadata{term=6, votedFor=8d28037e-1929-496c-827d-ab357f1b0800} from /data/metadata/ratis/6fa38187-b55c-49b5-80ef-2d5ebaa9263b/current/raft-meta
om2_1    | 2022-06-13 01:13:36,295 [Listener at om2/9862] INFO http.HttpServer2: Added global filter 'safety' (class=org.apache.hadoop.hdds.server.http.HttpServer2$QuotingInputFilter)
dn5_1    | 2022-06-13 01:13:19,092 [org.apache.hadoop.util.JvmPauseMonitor$Monitor@1673dcd4] INFO util.JvmPauseMonitor: Starting JVM pause monitor
s3g_1    | 	at org.apache.hadoop.ozone.protocolPB.OzoneManagerProtocolServerSideTranslatorPB.submitRequest(OzoneManagerProtocolServerSideTranslatorPB.java:123)
recon_1  | 	at org.apache.hadoop.ipc.ProtobufRpcEngine2$Server$ProtoBufRpcInvoker.call(ProtobufRpcEngine2.java:552)
scm_1    | 2022-06-13 01:13:28,088 [Listener at 0.0.0.0/9860] INFO impl.MetricsSinkAdapter: Sink prometheus started
dn1_1    | 2022-06-13 01:13:17,830 [pool-34-thread-1] INFO server.RaftServerConfigKeys: raft.server.log.force.sync.num = 128 (default)
om1_1    | 2022-06-13 01:13:40,949 [grpc-default-executor-0] INFO server.RaftServer$Division: om1@group-D66704EFC61C: change Leader from null to om3 at term 4 for appendEntries, leader elected after 6587ms
dn4_1    | 2022-06-13 01:13:16,643 [pool-34-thread-1] INFO ratis.ContainerStateMachine: group-2D5EBAA9263B: Setting the last applied index to (t:6, i:13)
om2_1    | 2022-06-13 01:13:36,306 [Listener at om2/9862] INFO http.HttpServer2: Added filter static_user_filter (class=org.apache.hadoop.http.lib.StaticUserWebFilter$StaticUserFilter) to context ozoneManager
dn5_1    | 2022-06-13 01:13:22,460 [EndpointStateMachine task thread for scm/10.9.0.14:9861 - 0 ] INFO ipc.Client: Retrying connect to server: scm/10.9.0.14:9861. Already tried 0 time(s); retry policy is RetryUpToMaximumCountWithFixedSleep(maxRetries=15, sleepTime=1000 MILLISECONDS)
s3g_1    | 	at org.apache.hadoop.ozone.protocol.proto.OzoneManagerProtocolProtos$OzoneManagerService$2.callBlockingMethod(OzoneManagerProtocolProtos.java)
recon_1  | 	at org.apache.hadoop.ipc.RPC$Server.call(RPC.java:1093)
scm_1    | 2022-06-13 01:13:28,088 [Listener at 0.0.0.0/9860] INFO impl.MetricsSystemImpl: Registered sink prometheus
dn1_1    | 2022-06-13 01:13:17,830 [pool-34-thread-1] INFO server.RaftServerConfigKeys: raft.server.log.statemachine.data.sync = true (default)
om1_1    | 2022-06-13 01:13:41,011 [grpc-default-executor-1] INFO server.RaftServer$Division: om1@group-D66704EFC61C: receive requestVote(ELECTION, om2, group-D66704EFC61C, 4, (t:3, i:64))
dn4_1    | 2022-06-13 01:13:16,643 [pool-34-thread-1] INFO server.RaftServer$Division: 95ffca0c-1981-46bd-868d-605d8cd5d4b9@group-2D5EBAA9263B: set configuration 1: [8d28037e-1929-496c-827d-ab357f1b0800|rpc:10.9.0.15:9856|admin:10.9.0.15:9857|client:10.9.0.15:9858|dataStream:|priority:1, be82080b-7bca-4ce4-bd20-d5dd13d8c36a|rpc:10.9.0.16:9856|admin:10.9.0.16:9857|client:10.9.0.16:9858|dataStream:|priority:0, 95ffca0c-1981-46bd-868d-605d8cd5d4b9|rpc:10.9.0.18:9856|admin:10.9.0.18:9857|client:10.9.0.18:9858|dataStream:|priority:0], old=null
om2_1    | 2022-06-13 01:13:36,309 [Listener at om2/9862] INFO http.HttpServer2: Added filter static_user_filter (class=org.apache.hadoop.http.lib.StaticUserWebFilter$StaticUserFilter) to context static
dn5_1    | 2022-06-13 01:13:24,456 [EndpointStateMachine task thread for scm/10.9.0.14:9861 - 0 ] INFO ozoneimpl.OzoneContainer: Attempting to start container services.
s3g_1    | 	at org.apache.hadoop.ipc.ProtobufRpcEngine$Server.processCall(ProtobufRpcEngine.java:466)
recon_1  | 	at org.apache.hadoop.ipc.Server$RpcCall.run(Server.java:1035)
scm_1    | 2022-06-13 01:13:28,090 [Listener at 0.0.0.0/9860] INFO http.BaseHttpServer: HTTP server of scm listening at http://0.0.0.0:9876
dn1_1    | 2022-06-13 01:13:17,833 [pool-34-thread-1] INFO server.RaftServerConfigKeys: raft.server.log.statemachine.data.sync.timeout = 10s (default)
om1_1    | 2022-06-13 01:13:41,019 [grpc-default-executor-1] INFO impl.VoteContext: om1@group-D66704EFC61C-FOLLOWER: reject ELECTION from om2: already has voted for om3 at current term 4
dn4_1    | 2022-06-13 01:13:16,649 [pool-34-thread-1] INFO server.RaftServerConfigKeys: raft.server.notification.no-leader.timeout = 300s (custom)
om2_1    | 2022-06-13 01:13:36,311 [Listener at om2/9862] INFO http.HttpServer2: Added filter static_user_filter (class=org.apache.hadoop.http.lib.StaticUserWebFilter$StaticUserFilter) to context logs
dn5_1    | 2022-06-13 01:13:24,466 [EndpointStateMachine task thread for scm/10.9.0.14:9861 - 0 ] INFO ozoneimpl.OzoneContainer: Background container scanner has been disabled.
s3g_1    | 	at org.apache.hadoop.ipc.ProtobufRpcEngine2$Server$ProtoBufRpcInvoker.call(ProtobufRpcEngine2.java:574)
recon_1  | 	at org.apache.hadoop.ipc.Server$RpcCall.run(Server.java:963)
scm_1    | 2022-06-13 01:14:16,639 [IPC Server handler 4 on default port 9863] WARN ha.SequenceIdGenerator: Failed to allocate a batch for containerId, expected lastId is 0, actual lastId is 2000.
dn1_1    | 2022-06-13 01:13:17,833 [pool-34-thread-1] INFO server.RaftServerConfigKeys: raft.server.log.statemachine.data.sync.timeout.retry = -1 (default)
om1_1    | 2022-06-13 01:13:41,024 [grpc-default-executor-1] INFO server.RaftServer$Division: om1@group-D66704EFC61C replies to ELECTION vote request: om2<-om1#0:FAIL-t4. Peer's state: om1@group-D66704EFC61C:t4, leader=om3, voted=om3, raftlog=om1@group-D66704EFC61C-SegmentedRaftLog:OPENED:c63, conf=21: [om1|rpc:om1:9872|admin:|client:|dataStream:|priority:0, om3|rpc:om3:9872|admin:|client:|dataStream:|priority:0, om2|rpc:om2:9872|admin:|client:|dataStream:|priority:0], old=null
dn4_1    | 2022-06-13 01:13:16,649 [pool-34-thread-1] INFO server.RaftServerConfigKeys: raft.server.log.use.memory = false (default)
om2_1    | 2022-06-13 01:13:36,474 [Listener at om2/9862] INFO http.HttpServer2: Jetty bound to port 9874
dn5_1    | 2022-06-13 01:13:24,788 [EndpointStateMachine task thread for scm/10.9.0.14:9861 - 0 ] INFO ratis.XceiverServerRatis: Starting XceiverServerRatis 5112d1c6-a698-41d8-947b-75ac780bade1
s3g_1    | 	at org.apache.hadoop.ipc.ProtobufRpcEngine2$Server$ProtoBufRpcInvoker.call(ProtobufRpcEngine2.java:552)
recon_1  | 	at java.base/java.security.AccessController.doPrivileged(Native Method)
scm_1    | 2022-06-13 01:14:16,642 [IPC Server handler 4 on default port 9863] INFO ha.SequenceIdGenerator: Allocate a batch for containerId, change lastId from 2000 to 3000.
dn1_1    | 2022-06-13 01:13:17,842 [pool-34-thread-1] INFO server.RaftServerConfigKeys: raft.server.log.write.buffer.size = 1048576 (custom)
om1_1    | 2022-06-13 01:13:41,048 [grpc-default-executor-1] INFO server.RaftServer$Division: om1@group-D66704EFC61C: set configuration 65: [om1|rpc:om1:9872|admin:|client:|dataStream:|priority:0, om3|rpc:om3:9872|admin:|client:|dataStream:|priority:0, om2|rpc:om2:9872|admin:|client:|dataStream:|priority:0], old=null
dn4_1    | 2022-06-13 01:13:16,650 [pool-34-thread-1] INFO server.RaftServerConfigKeys: raft.server.log.purge.gap = 1000000 (custom)
om2_1    | 2022-06-13 01:13:36,483 [Listener at om2/9862] INFO server.Server: jetty-9.4.43.v20210629; built: 2021-06-30T11:07:22.254Z; git: 526006ecfa3af7f1a27ef3a288e2bef7ea9dd7e8; jvm 11.0.13+8-LTS
dn5_1    | 2022-06-13 01:13:24,914 [ForkJoinPool.commonPool-worker-3] INFO server.RaftServer$Division: 5112d1c6-a698-41d8-947b-75ac780bade1@group-DF6643FDFD26: start as a follower, conf=1: [5112d1c6-a698-41d8-947b-75ac780bade1|rpc:10.9.0.19:9856|admin:10.9.0.19:9857|client:10.9.0.19:9858|dataStream:|priority:1], old=null
s3g_1    | 	at org.apache.hadoop.ipc.RPC$Server.call(RPC.java:1093)
recon_1  | 	at java.base/javax.security.auth.Subject.doAs(Subject.java:423)
scm_1    | 2022-06-13 01:14:16,648 [IPC Server handler 4 on default port 9863] WARN ha.SequenceIdGenerator: Failed to allocate a batch for localId, expected lastId is 0, actual lastId is 109611004723202000.
dn1_1    | 2022-06-13 01:13:17,849 [pool-34-thread-1] INFO server.RaftServerConfigKeys: raft.server.log.statemachine.data.caching.enabled = true (custom)
om1_1    | 2022-06-13 01:13:41,057 [grpc-default-executor-1] INFO segmented.SegmentedRaftLogWorker: om1@group-D66704EFC61C-SegmentedRaftLogWorker: Rolling segment log-21_64 to index:64
dn4_1    | 2022-06-13 01:13:16,650 [pool-34-thread-1] INFO server.RaftServerConfigKeys: raft.server.log.appender.buffer.byte-limit = 33554432 (custom)
om2_1    | 2022-06-13 01:13:36,695 [Listener at om2/9862] INFO server.session: DefaultSessionIdManager workerName=node0
dn5_1    | 2022-06-13 01:13:24,921 [ForkJoinPool.commonPool-worker-3] INFO server.RaftServer$Division: 5112d1c6-a698-41d8-947b-75ac780bade1@gr