om2_1    | 2022-06-13 01:13:28,064 [main] INFO codec.OmKeyInfoCodec: OmKeyInfoCodec ignorePipeline = true
scm_1    | 2022-06-13 01:13:13,930 [main] INFO container.ReplicationManager: Starting Replication Monitor Thread.
dn1_1    | 2022-06-13 01:13:12,358 [pool-34-thread-1] INFO server.RaftServerConfigKeys: raft.server.storage.dir = [/data/metadata/ratis] (custom)
dn3_1    | 2022-06-13 01:14:09,847 [d293d0b5-d51b-441d-8e6a-facfabf4fa1f@group-1ABCB7EC39C1-FollowerState] INFO impl.FollowerState: d293d0b5-d51b-441d-8e6a-facfabf4fa1f@group-1ABCB7EC39C1-FollowerState was interrupted: {}
om1_1    | 2022-06-13 01:13:33,514 [pool-23-thread-1] INFO server.RaftServerConfigKeys: raft.server.sleep.deviation.threshold = 300ms (default)
dn5_1    | 2022-06-13 01:13:14,509 [pool-38-thread-1] INFO server.RaftServerConfigKeys: raft.server.log.appender.buffer.byte-limit = 33554432 (custom)
dn4_1    | 2022-06-13 01:13:12,162 [main] INFO http.BaseHttpServer: Starting Web-server for hddsDatanode at: http://0.0.0.0:9882
s3g_1    | WARNING: All illegal access operations will be denied in a future release
s3g_1    | Jun 13, 2022 1:13:14 AM org.glassfish.jersey.internal.Errors logErrors
s3g_1    | WARNING: The following warnings have been detected: WARNING: A HTTP GET method, public javax.ws.rs.core.Response org.apache.hadoop.ozone.s3.endpoint.ObjectEndpoint.get(java.lang.String,java.lang.String,java.lang.String,int,java.lang.String,java.io.InputStream) throws java.io.IOException,org.apache.hadoop.ozone.s3.exception.OS3Exception, should not consume any entity.
s3g_1    | 
s3g_1    | 2022-06-13 01:13:14,476 [main] INFO handler.ContextHandler: Started o.e.j.w.WebAppContext@23bd0c81{s3gateway,/,file:///tmp/jetty-0_0_0_0-9878-ozone-s3gateway-1_2_1_jar-_-any-17388101481514069013/webapp/,AVAILABLE}{jar:file:/opt/hadoop/share/ozone/lib/ozone-s3gateway-1.2.1.jar!/webapps/s3gateway}
s3g_1    | 2022-06-13 01:13:14,577 [main] INFO server.AbstractConnector: Started ServerConnector@2a225dd7{HTTP/1.1, (http/1.1)}{0.0.0.0:9878}
dn1_1    | 2022-06-13 01:13:12,373 [pool-34-thread-1] INFO server.RaftServerConfigKeys: raft.server.log.corruption.policy = EXCEPTION (default)
dn1_1    | 2022-06-13 01:13:12,396 [pool-34-thread-1] INFO server.RaftServerConfigKeys: raft.server.storage.free-space.min = 0MB (=0) (default)
dn1_1    | 2022-06-13 01:13:12,587 [pool-34-thread-1] INFO storage.RaftStorageDirectory: Lock on /data/metadata/ratis/2b078298-6f89-4afd-8a13-1abcb7ec39c1/in_use.lock acquired by nodename 8@7006755268c6
dn1_1    | 2022-06-13 01:13:12,691 [pool-34-thread-1] INFO storage.RaftStorage: Read RaftStorageMetadata{term=5, votedFor=5112d1c6-a698-41d8-947b-75ac780bade1} from /data/metadata/ratis/2b078298-6f89-4afd-8a13-1abcb7ec39c1/current/raft-meta
dn1_1    | 2022-06-13 01:13:13,016 [pool-34-thread-1] INFO ratis.ContainerStateMachine: group-1ABCB7EC39C1: Setting the last applied index to (t:5, i:9)
dn1_1    | 2022-06-13 01:13:13,240 [main] INFO http.BaseHttpServer: Starting Web-server for hddsDatanode at: http://0.0.0.0:9882
dn1_1    | 2022-06-13 01:13:13,552 [main] INFO http.BaseHttpServer: Hadoop Security Enabled: false Ozone Security Enabled: false Ozone HTTP Security Enabled: false 
dn1_1    | 2022-06-13 01:13:13,870 [main] INFO util.log: Logging initialized @38389ms to org.eclipse.jetty.util.log.Slf4jLog
dn1_1    | 2022-06-13 01:13:14,718 [pool-34-thread-1] INFO server.RaftServer$Division: 8d28037e-1929-496c-827d-ab357f1b0800@group-1ABCB7EC39C1: set configuration 5: [8d28037e-1929-496c-827d-ab357f1b0800|rpc:10.9.0.15:9856|admin:10.9.0.15:9857|client:10.9.0.15:9858|dataStream:|priority:0, d293d0b5-d51b-441d-8e6a-facfabf4fa1f|rpc:10.9.0.17:9856|admin:10.9.0.17:9857|client:10.9.0.17:9858|dataStream:|priority:0, 5112d1c6-a698-41d8-947b-75ac780bade1|rpc:10.9.0.19:9856|admin:10.9.0.19:9857|client:10.9.0.19:9858|dataStream:|priority:1], old=null
dn1_1    | 2022-06-13 01:13:14,724 [pool-34-thread-1] INFO server.RaftServerConfigKeys: raft.server.notification.no-leader.timeout = 300s (custom)
dn1_1    | 2022-06-13 01:13:14,763 [pool-34-thread-1] INFO server.RaftServerConfigKeys: raft.server.log.use.memory = false (default)
dn1_1    | 2022-06-13 01:13:14,894 [pool-34-thread-1] INFO server.RaftServerConfigKeys: raft.server.log.purge.gap = 1000000 (custom)
dn1_1    | 2022-06-13 01:13:14,900 [pool-34-thread-1] INFO server.RaftServerConfigKeys: raft.server.log.appender.buffer.byte-limit = 33554432 (custom)
dn5_1    | 2022-06-13 01:13:14,699 [pool-38-thread-1] INFO server.RaftServerConfigKeys: raft.server.log.segment.size.max = 1048576 (custom)
dn5_1    | 2022-06-13 01:13:14,802 [main] INFO server.AuthenticationFilter: Unable to initialize FileSignerSecretProvider, falling back to use random secrets.
dn5_1    | 2022-06-13 01:13:14,875 [pool-38-thread-1] INFO server.RaftServerConfigKeys: raft.server.log.segment.cache.num.max = 2 (custom)
dn5_1    | 2022-06-13 01:13:14,887 [pool-38-thread-1] INFO server.RaftServerConfigKeys: raft.server.log.segment.cache.size.max = 200MB (=209715200) (default)
dn5_1    | 2022-06-13 01:13:14,886 [main] INFO http.HttpRequestLog: Http request log for http.requests.hddsDatanode is not defined
dn5_1    | 2022-06-13 01:13:14,951 [main] INFO http.HttpServer2: Added global filter 'safety' (class=org.apache.hadoop.hdds.server.http.HttpServer2$QuotingInputFilter)
dn5_1    | 2022-06-13 01:13:14,979 [main] INFO http.HttpServer2: Added filter static_user_filter (class=org.apache.hadoop.http.lib.StaticUserWebFilter$StaticUserFilter) to context hddsDatanode
dn5_1    | 2022-06-13 01:13:15,014 [main] INFO http.HttpServer2: Added filter static_user_filter (class=org.apache.hadoop.http.lib.StaticUserWebFilter$StaticUserFilter) to context logs
dn5_1    | 2022-06-13 01:13:15,021 [main] INFO http.HttpServer2: Added filter static_user_filter (class=org.apache.hadoop.http.lib.StaticUserWebFilter$StaticUserFilter) to context static
dn5_1    | 2022-06-13 01:13:15,014 [pool-38-thread-1] INFO segmented.SegmentedRaftLogWorker: new 5112d1c6-a698-41d8-947b-75ac780bade1@group-DF6643FDFD26-SegmentedRaftLogWorker for RaftStorageImpl:Storage Directory /data/metadata/ratis/f9de7da2-f07d-4b3a-8826-df6643fdfd26
dn5_1    | 2022-06-13 01:13:15,035 [pool-38-thread-1] INFO server.RaftServerConfigKeys: raft.server.log.queue.byte-limit = 2147483647 (custom)
dn5_1    | 2022-06-13 01:13:15,040 [pool-38-thread-1] INFO server.RaftServerConfigKeys: raft.server.log.queue.element-limit = 1024 (custom)
dn5_1    | 2022-06-13 01:13:15,051 [pool-38-thread-1] INFO server.RaftServerConfigKeys: raft.server.log.segment.size.max = 1048576 (custom)
dn5_1    | 2022-06-13 01:13:15,060 [pool-38-thread-1] INFO server.RaftServerConfigKeys: raft.server.log.preallocated.size = 16384 (custom)
dn5_1    | 2022-06-13 01:13:15,073 [pool-38-thread-1] INFO server.RaftServerConfigKeys: raft.server.log.force.sync.num = 128 (default)
dn5_1    | 2022-06-13 01:13:15,080 [pool-38-thread-1] INFO server.RaftServerConfigKeys: raft.server.log.statemachine.data.sync = true (default)
dn5_1    | 2022-06-13 01:13:15,083 [pool-38-thread-1] INFO server.RaftServerConfigKeys: raft.server.log.statemachine.data.sync.timeout = 10s (default)
dn5_1    | 2022-06-13 01:13:15,091 [pool-38-thread-1] INFO server.RaftServerConfigKeys: raft.server.log.statemachine.data.sync.timeout.retry = -1 (default)
dn5_1    | 2022-06-13 01:13:15,270 [pool-38-thread-1] INFO server.RaftServerConfigKeys: raft.server.log.write.buffer.size = 1048576 (custom)
dn5_1    | 2022-06-13 01:13:15,291 [pool-38-thread-1] INFO server.RaftServerConfigKeys: raft.server.log.statemachine.data.caching.enabled = true (custom)
dn5_1    | 2022-06-13 01:13:15,802 [main] INFO http.HttpServer2: Jetty bound to port 9882
om3_1    | 2022-06-13 01:13:31,367 [pool-23-thread-1] INFO server.RaftServerConfigKeys: raft.server.notification.no-leader.timeout = 120s (custom)
om3_1    | 2022-06-13 01:13:31,378 [pool-23-thread-1] INFO server.RaftServerConfigKeys: raft.server.log.use.memory = false (default)
om3_1    | 2022-06-13 01:13:31,446 [pool-23-thread-1] INFO server.RaftServerConfigKeys: raft.server.log.purge.gap = 1000000 (custom)
om3_1    | 2022-06-13 01:13:31,477 [pool-23-thread-1] INFO server.RaftServerConfigKeys: raft.server.log.appender.buffer.byte-limit = 33554432 (custom)
om3_1    | 2022-06-13 01:13:31,633 [pool-23-thread-1] INFO server.RaftServerConfigKeys: raft.server.log.segment.size.max = 4194304 (custom)
om3_1    | 2022-06-13 01:13:31,732 [pool-23-thread-1] INFO server.RaftServerConfigKeys: raft.server.log.segment.cache.num.max = 2 (custom)
om3_1    | 2022-06-13 01:13:31,742 [pool-23-thread-1] INFO server.RaftServerConfigKeys: raft.server.log.segment.cache.size.max = 200MB (=209715200) (default)
om3_1    | 2022-06-13 01:13:31,794 [pool-23-thread-1] INFO segmented.SegmentedRaftLogWorker: new om3@group-D66704EFC61C-SegmentedRaftLogWorker for RaftStorageImpl:Storage Directory /data/metadata/ratis/5cb24680-b9e7-3c90-a862-d66704efc61c
om3_1    | 2022-06-13 01:13:31,795 [pool-23-thread-1] INFO server.RaftServerConfigKeys: raft.server.log.queue.byte-limit = 64MB (=67108864) (default)
om3_1    | 2022-06-13 01:13:31,798 [pool-23-thread-1] INFO server.RaftServerConfigKeys: raft.server.log.queue.element-limit = 4096 (default)
dn2_1    | 	at java.base/java.util.concurrent.TimeUnit.sleep(TimeUnit.java:446)
recon_1  | 2022-06-13 01:13:09,514 [main] INFO server.AuthenticationFilter: Unable to initialize FileSignerSecretProvider, falling back to use random secrets.
scm_1    | 2022-06-13 01:13:14,051 [ReplicationMonitor] INFO container.ReplicationManager: Replication Monitor Thread took 65 milliseconds for processing 5 containers.
dn1_1    | 2022-06-13 01:13:15,106 [pool-34-thread-1] INFO server.RaftServerConfigKeys: raft.server.log.segment.size.max = 1048576 (custom)
om3_1    | 2022-06-13 01:13:31,799 [pool-23-thread-1] INFO server.RaftServerConfigKeys: raft.server.log.segment.size.max = 4194304 (custom)
om1_1    | 2022-06-13 01:13:33,517 [pool-23-thread-1] INFO server.RaftServerConfigKeys: raft.server.log.appender.install.snapshot.enabled = false (custom)
dn5_1    | 2022-06-13 01:13:15,823 [pool-38-thread-1] INFO server.RaftServer$Division: 5112d1c6-a698-41d8-947b-75ac780bade1@group-DF6643FDFD26: set configuration 0: [5112d1c6-a698-41d8-947b-75ac780bade1|rpc:10.9.0.19:9856|admin:10.9.0.19:9857|client:10.9.0.19:9858|dataStream:|priority:1], old=null
dn5_1    | 2022-06-13 01:13:15,849 [main] INFO server.Server: jetty-9.4.43.v20210629; built: 2021-06-30T11:07:22.254Z; git: 526006ecfa3af7f1a27ef3a288e2bef7ea9dd7e8; jvm 11.0.13+8-LTS
dn4_1    | 2022-06-13 01:13:12,581 [main] INFO http.BaseHttpServer: Hadoop Security Enabled: false Ozone Security Enabled: false Ozone HTTP Security Enabled: false 
s3g_1    | 2022-06-13 01:13:14,593 [main] INFO server.Server: Started @39296ms
om2_1    | 2022-06-13 01:13:28,065 [main] INFO codec.RepeatedOmKeyInfoCodec: RepeatedOmKeyInfoCodec ignorePipeline = true
dn2_1    | 	at org.apache.ratis.util.TimeDuration.sleep(TimeDuration.java:324)
dn2_1    | 	at org.apache.ratis.util.TimeDuration.sleep(TimeDuration.java:309)
scm_1    | 2022-06-13 01:13:14,151 [main] INFO safemode.ContainerSafeModeRule: containers with one replica threshold count 0
dn1_1    | 2022-06-13 01:13:15,254 [pool-34-thread-1] INFO server.RaftServerConfigKeys: raft.server.log.segment.cache.num.max = 2 (custom)
om3_1    | 2022-06-13 01:13:31,808 [pool-23-thread-1] INFO server.RaftServerConfigKeys: raft.server.log.preallocated.size = 4194304 (custom)
om1_1    | 2022-06-13 01:13:33,595 [pool-23-thread-1] INFO server.RaftServer$Division: om1@group-D66704EFC61C: ConfigurationManager, init=-1: [om1|rpc:om1:9872|priority:0, om3|rpc:om3:9872|priority:0, om2|rpc:om2:9872|priority:0], old=null, confs=<EMPTY_MAP>
dn5_1    | 2022-06-13 01:13:15,896 [pool-38-thread-1] INFO segmented.LogSegment: Successfully read 1 entries from segment file /data/metadata/ratis/f9de7da2-f07d-4b3a-8826-df6643fdfd26/current/log_0-0
dn3_1    | java.lang.InterruptedException: sleep interrupted
s3g_1    | 2022-06-13 01:13:14,595 [main] INFO http.BaseHttpServer: HTTP server of s3gateway listening at http://0.0.0.0:9878
dn2_1    | 	at org.apache.ratis.server.impl.FollowerState.run(FollowerState.java:118)
recon_1  | 2022-06-13 01:13:09,536 [main] WARN http.HttpRequestLog: Jetty request log can only be enabled using Log4j
om2_1    | 2022-06-13 01:13:28,132 [main] INFO db.RDBStore: Found the following extra column families in existing DB : [principalToAccessIdsTable, tenantStateTable, tenantAccessIdTable]
scm_1    | 2022-06-13 01:13:14,168 [main] INFO safemode.HealthyPipelineSafeModeRule: Total pipeline count is 3, healthy pipeline threshold count is 1
dn1_1    | 2022-06-13 01:13:15,264 [pool-34-thread-1] INFO server.RaftServerConfigKeys: raft.server.log.segment.cache.size.max = 200MB (=209715200) (default)
om3_1    | 2022-06-13 01:13:31,810 [pool-23-thread-1] INFO server.RaftServerConfigKeys: raft.server.log.force.sync.num = 128 (default)
om1_1    | 2022-06-13 01:13:33,595 [pool-23-thread-1] INFO server.RaftServerConfigKeys: raft.server.storage.dir = [/data/metadata/ratis] (custom)
dn5_1    | 2022-06-13 01:13:15,920 [pool-38-thread-1] INFO server.RaftServer$Division: 5112d1c6-a698-41d8-947b-75ac780bade1@group-DF6643FDFD26: set configuration 1: [5112d1c6-a698-41d8-947b-75ac780bade1|rpc:10.9.0.19:9856|admin:10.9.0.19:9857|client:10.9.0.19:9858|dataStream:|priority:1], old=null
dn3_1    | 	at java.base/java.lang.Thread.sleep(Native Method)
dn4_1    | 2022-06-13 01:13:12,971 [main] INFO util.log: Logging initialized @39434ms to org.eclipse.jetty.util.log.Slf4jLog
s3g_1    | 2022-06-13 01:13:53,250 [qtp844112759-19] INFO retry.RetryInvocationHandler: com.google.protobuf.ServiceException: org.apache.hadoop.ipc.RemoteException(org.apache.hadoop.ozone.om.exceptions.OMNotLeaderException): OM:om2 is not the leader. Could not determine the leader node.
dn2_1    | 2022-06-13 01:13:38,738 [grpc-default-executor-2] INFO server.RaftServer$Division: be82080b-7bca-4ce4-bd20-d5dd13d8c36a@group-2D5EBAA9263B replies to ELECTION vote request: 95ffca0c-1981-46bd-868d-605d8cd5d4b9<-be82080b-7bca-4ce4-bd20-d5dd13d8c36a#0:OK-t8. Peer's state: be82080b-7bca-4ce4-bd20-d5dd13d8c36a@group-2D5EBAA9263B:t8, leader=null, voted=95ffca0c-1981-46bd-868d-605d8cd5d4b9, raftlog=be82080b-7bca-4ce4-bd20-d5dd13d8c36a@group-2D5EBAA9263B-SegmentedRaftLog:OPENED:c13, conf=1: [8d28037e-1929-496c-827d-ab357f1b0800|rpc:10.9.0.15:9856|admin:10.9.0.15:9857|client:10.9.0.15:9858|dataStream:|priority:1, be82080b-7bca-4ce4-bd20-d5dd13d8c36a|rpc:10.9.0.16:9856|admin:10.9.0.16:9857|client:10.9.0.16:9858|dataStream:|priority:0, 95ffca0c-1981-46bd-868d-605d8cd5d4b9|rpc:10.9.0.18:9856|admin:10.9.0.18:9857|client:10.9.0.18:9858|dataStream:|priority:0], old=null
recon_1  | 2022-06-13 01:13:09,584 [main] INFO http.HttpServer2: Added global filter 'safety' (class=org.apache.hadoop.hdds.server.http.HttpServer2$QuotingInputFilter)
om2_1    | 2022-06-13 01:13:28,537 [main] WARN server.ServerUtils: Storage directory for Ratis is not configured. It is a good idea to map this to an SSD disk. Falling back to ozone.metadata.dirs
scm_1    | 2022-06-13 01:13:14,196 [main] INFO safemode.OneReplicaPipelineSafeModeRule: Total pipeline count is 3, pipeline's with at least one datanode reported threshold count is 3
dn1_1    | 2022-06-13 01:13:15,366 [pool-34-thread-1] INFO segmented.SegmentedRaftLogWorker: new 8d28037e-1929-496c-827d-ab357f1b0800@group-1ABCB7EC39C1-SegmentedRaftLogWorker for RaftStorageImpl:Storage Directory /data/metadata/ratis/2b078298-6f89-4afd-8a13-1abcb7ec39c1
om3_1    | 2022-06-13 01:13:31,829 [pool-23-thread-1] INFO server.RaftServerConfigKeys: raft.server.log.statemachine.data.sync = true (default)
om1_1    | 2022-06-13 01:13:33,627 [main] INFO ipc.CallQueueManager: Using callQueue: class java.util.concurrent.LinkedBlockingQueue, queueCapacity: 10000, scheduler: class org.apache.hadoop.ipc.DefaultRpcScheduler, ipcBackoff: false.
om1_1    | 2022-06-13 01:13:33,635 [pool-23-thread-1] INFO server.RaftServerConfigKeys: raft.server.log.corruption.policy = EXCEPTION (default)
dn3_1    | 	at java.base/java.lang.Thread.sleep(Thread.java:334)
dn4_1    | 2022-06-13 01:13:13,666 [pool-34-thread-1] INFO server.RaftServer$Division: 95ffca0c-1981-46bd-868d-605d8cd5d4b9@group-9D2021CC5F32: set configuration 8: [be82080b-7bca-4ce4-bd20-d5dd13d8c36a|rpc:10.9.0.16:9856|admin:10.9.0.16:9857|client:10.9.0.16:9858|dataStream:|priority:1, 5112d1c6-a698-41d8-947b-75ac780bade1|rpc:10.9.0.19:9856|admin:10.9.0.19:9857|client:10.9.0.19:9858|dataStream:|priority:0, 95ffca0c-1981-46bd-868d-605d8cd5d4b9|rpc:10.9.0.18:9856|admin:10.9.0.18:9857|client:10.9.0.18:9858|dataStream:|priority:0], old=null
s3g_1    | 	at org.apache.hadoop.ozone.protocolPB.OzoneManagerProtocolServerSideTranslatorPB.createNotLeaderException(OzoneManagerProtocolServerSideTranslatorPB.java:187)
dn2_1    | 2022-06-13 01:13:38,851 [grpc-default-executor-2] INFO server.RaftServer$Division: be82080b-7bca-4ce4-bd20-d5dd13d8c36a@group-9D2021CC5F32: receive requestVote(ELECTION, 95ffca0c-1981-46bd-868d-605d8cd5d4b9, group-9D2021CC5F32, 8, (t:6, i:16))
recon_1  | 2022-06-13 01:13:09,595 [main] INFO http.HttpServer2: Added filter static_user_filter (class=org.apache.hadoop.http.lib.StaticUserWebFilter$StaticUserFilter) to context recon
om2_1    | 2022-06-13 01:13:28,537 [main] WARN utils.OzoneManagerRatisUtils: ozone.om.ratis.snapshot.dir is not configured. Falling back to ozone.metadata.dirs config
scm_1    | 2022-06-13 01:13:21,221 [main] INFO ipc.CallQueueManager: Using callQueue: class java.util.concurrent.LinkedBlockingQueue, queueCapacity: 10000, scheduler: class org.apache.hadoop.ipc.DefaultRpcScheduler, ipcBackoff: false.
dn1_1    | 2022-06-13 01:13:15,368 [pool-34-thread-1] INFO server.RaftServerConfigKeys: raft.server.log.queue.byte-limit = 2147483647 (custom)
om1_1    | 2022-06-13 01:13:33,635 [pool-23-thread-1] INFO server.RaftServerConfigKeys: raft.server.storage.free-space.min = 0MB (=0) (default)
dn5_1    | 2022-06-13 01:13:15,965 [pool-38-thread-1] INFO segmented.LogSegment: Successfully read 2 entries from segment file /data/metadata/ratis/f9de7da2-f07d-4b3a-8826-df6643fdfd26/current/log_inprogress_1
om3_1    | 2022-06-13 01:13:31,862 [pool-23-thread-1] INFO server.RaftServerConfigKeys: raft.server.log.statemachine.data.sync.timeout = 10s (default)
dn3_1    | 	at java.base/java.util.concurrent.TimeUnit.sleep(TimeUnit.java:446)
dn4_1    | 2022-06-13 01:13:13,693 [pool-34-thread-1] INFO server.RaftServerConfigKeys: raft.server.notification.no-leader.timeout = 300s (custom)
s3g_1    | 	at org.apache.hadoop.ozone.protocolPB.OzoneManagerProtocolServerSideTranslatorPB.createLeaderErrorException(OzoneManagerProtocolServerSideTranslatorPB.java:174)
dn2_1    | 2022-06-13 01:13:38,852 [grpc-default-executor-2] INFO impl.VoteContext: be82080b-7bca-4ce4-bd20-d5dd13d8c36a@group-9D2021CC5F32-FOLLOWER: reject ELECTION from 95ffca0c-1981-46bd-868d-605d8cd5d4b9: our priority 1 > candidate's priority 0
recon_1  | 2022-06-13 01:13:09,607 [main] INFO http.HttpServer2: Added filter static_user_filter (class=org.apache.hadoop.http.lib.StaticUserWebFilter$StaticUserFilter) to context logs
om2_1    | 2022-06-13 01:13:28,573 [main] INFO snapshot.OzoneManagerSnapshotProvider: Initializing OM Snapshot Provider
scm_1    | 2022-06-13 01:13:21,494 [Socket Reader #1 for port 9861] INFO ipc.Server: Starting Socket Reader #1 for port 9861
dn1_1    | 2022-06-13 01:13:15,377 [pool-34-thread-1] INFO server.RaftServerConfigKeys: raft.server.log.queue.element-limit = 1024 (custom)
om1_1    | 2022-06-13 01:13:33,831 [Socket Reader #1 for port 9862] INFO ipc.Server: Starting Socket Reader #1 for port 9862
dn5_1    | 2022-06-13 01:13:16,004 [pool-38-thread-1] INFO segmented.SegmentedRaftLogWorker: 5112d1c6-a698-41d8-947b-75ac780bade1@group-DF6643FDFD26-SegmentedRaftLogWorker: flushIndex: setUnconditionally 0 -> 2
om3_1    | 2022-06-13 01:13:31,862 [pool-23-thread-1] INFO server.RaftServerConfigKeys: raft.server.log.statemachine.data.sync.timeout.retry = -1 (default)
dn3_1    | 	at org.apache.ratis.util.TimeDuration.sleep(TimeDuration.java:324)
dn4_1    | 2022-06-13 01:13:13,739 [pool-34-thread-1] INFO server.RaftServerConfigKeys: raft.server.log.use.memory = false (default)
s3g_1    | 	at org.apache.hadoop.ozone.protocolPB.OzoneManagerProtocolServerSideTranslatorPB.submitReadRequestToOM(OzoneManagerProtocolServerSideTranslatorPB.java:167)
dn2_1    | 2022-06-13 01:13:38,852 [grpc-default-executor-2] INFO server.RaftServer$Division: be82080b-7bca-4ce4-bd20-d5dd13d8c36a@group-9D2021CC5F32: changes role from  FOLLOWER to FOLLOWER at term 8 for candidate:95ffca0c-1981-46bd-868d-605d8cd5d4b9
recon_1  | 2022-06-13 01:13:09,609 [main] INFO http.HttpServer2: Added filter static_user_filter (class=org.apache.hadoop.http.lib.StaticUserWebFilter$StaticUserFilter) to context static
om2_1    | 2022-06-13 01:13:29,394 [main] INFO metrics.MetricRegistries: Loaded MetricRegistries class org.apache.ratis.metrics.impl.MetricRegistriesImpl
scm_1    | 2022-06-13 01:13:21,580 [Listener at 0.0.0.0/9861] INFO ipc.CallQueueManager: Using callQueue: class java.util.concurrent.LinkedBlockingQueue, queueCapacity: 10000, scheduler: class org.apache.hadoop.ipc.DefaultRpcScheduler, ipcBackoff: false.
scm_1    | 2022-06-13 01:13:21,603 [Socket Reader #1 for port 9863] INFO ipc.Server: Starting Socket Reader #1 for port 9863
om1_1    | 2022-06-13 01:13:33,889 [pool-23-thread-1] INFO storage.RaftStorageDirectory: Lock on /data/metadata/ratis/5cb24680-b9e7-3c90-a862-d66704efc61c/in_use.lock acquired by nodename 8@6777903bed0f
dn5_1    | 2022-06-13 01:13:16,008 [pool-38-thread-1] INFO segmented.SegmentedRaftLogWorker: 5112d1c6-a698-41d8-947b-75ac780bade1@group-DF6643FDFD26-SegmentedRaftLogWorker: safeCacheEvictIndex: setUnconditionally 0 -> 0
om3_1    | 2022-06-13 01:13:32,000 [pool-23-thread-1] INFO server.RaftServerConfigKeys: raft.server.log.write.buffer.size = 64KB (=65536) (default)
dn3_1    | 	at org.apache.ratis.util.TimeDuration.sleep(TimeDuration.java:309)
dn4_1    | 2022-06-13 01:13:13,863 [pool-34-thread-1] INFO server.RaftServerConfigKeys: raft.server.log.purge.gap = 1000000 (custom)
s3g_1    | 	at org.apache.hadoop.ozone.protocolPB.OzoneManagerProtocolServerSideTranslatorPB.processRequest(OzoneManagerProtocolServerSideTranslatorPB.java:133)
dn2_1    | 2022-06-13 01:13:38,852 [grpc-default-executor-2] INFO impl.RoleInfo: be82080b-7bca-4ce4-bd20-d5dd13d8c36a: shutdown be82080b-7bca-4ce4-bd20-d5dd13d8c36a@group-9D2021CC5F32-FollowerState
recon_1  | 2022-06-13 01:13:10,561 [main] INFO tasks.ReconTaskControllerImpl: Registered task ContainerKeyMapperTask with controller.
scm_1    | 2022-06-13 01:13:21,633 [Listener at 0.0.0.0/9863] INFO ipc.CallQueueManager: Using callQueue: class java.util.concurrent.LinkedBlockingQueue, queueCapacity: 10000, scheduler: class org.apache.hadoop.ipc.DefaultRpcScheduler, ipcBackoff: false.
dn1_1    | 2022-06-13 01:13:15,379 [pool-34-thread-1] INFO server.RaftServerConfigKeys: raft.server.log.segment.size.max = 1048576 (custom)
om2_1    | 2022-06-13 01:13:29,437 [main] WARN server.ServerUtils: Storage directory for Ratis is not configured. It is a good idea to map this to an SSD disk. Falling back to ozone.metadata.dirs
om1_1    | 2022-06-13 01:13:33,951 [pool-23-thread-1] INFO storage.RaftStorage: Read RaftStorageMetadata{term=3, votedFor=om2} from /data/metadata/ratis/5cb24680-b9e7-3c90-a862-d66704efc61c/current/raft-meta
dn5_1    | 2022-06-13 01:13:16,356 [main] INFO server.session: DefaultSessionIdManager workerName=node0
om3_1    | 2022-06-13 01:13:32,004 [pool-23-thread-1] INFO server.RaftServerConfigKeys: raft.server.log.statemachine.data.caching.enabled = false (default)
dn3_1    | 	at org.apache.ratis.server.impl.FollowerState.run(FollowerState.java:118)
dn4_1    | 2022-06-13 01:13:13,878 [pool-34-thread-1] INFO server.RaftServerConfigKeys: raft.server.log.appender.buffer.byte-limit = 33554432 (custom)
s3g_1    | 	at org.apache.hadoop.hdds.server.OzoneProtocolMessageDispatcher.processRequest(OzoneProtocolMessageDispatcher.java:87)
dn2_1    | 2022-06-13 01:13:38,852 [grpc-default-executor-2] INFO impl.RoleInfo: be82080b-7bca-4ce4-bd20-d5dd13d8c36a: start be82080b-7bca-4ce4-bd20-d5dd13d8c36a@group-9D2021CC5F32-FollowerState
recon_1  | 2022-06-13 01:13:10,876 [main] INFO tasks.ReconTaskControllerImpl: Registered task FileSizeCountTask with controller.
recon_1  | 2022-06-13 01:13:10,904 [main] INFO tasks.ReconTaskControllerImpl: Registered task TableCountTask with controller.
dn1_1    | 2022-06-13 01:13:15,394 [pool-34-thread-1] INFO server.RaftServerConfigKeys: raft.server.log.preallocated.size = 16384 (custom)
om2_1    | 2022-06-13 01:13:29,567 [main] INFO ratis.OzoneManagerRatisServer: Instantiating OM Ratis server with groupID: omservice and peers: om2:9872, om1:9872, om3:9872
om1_1    | 2022-06-13 01:13:34,331 [pool-23-thread-1] INFO server.RaftServer$Division: om1@group-D66704EFC61C: set configuration 21: [om1|rpc:om1:9872|admin:|client:|dataStream:|priority:0, om3|rpc:om3:9872|admin:|client:|dataStream:|priority:0, om2|rpc:om2:9872|admin:|client:|dataStream:|priority:0], old=null
dn5_1    | 2022-06-13 01:13:16,356 [main] INFO server.session: No SessionScavenger set, using defaults
om3_1    | 2022-06-13 01:13:32,265 [Listener at om3/9862] INFO impl.MetricsConfig: Loaded properties from hadoop-metrics2.properties
dn3_1    | 2022-06-13 01:14:09,848 [grpc-default-executor-1] INFO impl.RoleInfo: d293d0b5-d51b-441d-8e6a-facfabf4fa1f: start d293d0b5-d51b-441d-8e6a-facfabf4fa1f@group-1ABCB7EC39C1-FollowerState
dn4_1    | 2022-06-13 01:13:14,094 [pool-34-thread-1] INFO server.RaftServerConfigKeys: raft.server.log.segment.size.max = 1048576 (custom)
dn4_1    | 2022-06-13 01:13:14,199 [pool-34-thread-1] INFO server.RaftServerConfigKeys: raft.server.log.segment.cache.num.max = 2 (custom)
scm_1    | 2022-06-13 01:13:21,649 [Socket Reader #1 for port 9860] INFO ipc.Server: Starting Socket Reader #1 for port 9860
recon_1  | 2022-06-13 01:13:10,943 [main] INFO tasks.ReconTaskControllerImpl: Registered task NSSummaryTask with controller.
dn2_1    | 2022-06-13 01:13:38,856 [be82080b-7bca-4ce4-bd20-d5dd13d8c36a@group-9D2021CC5F32-FollowerState] INFO impl.FollowerState: be82080b-7bca-4ce4-bd20-d5dd13d8c36a@group-9D2021CC5F32-FollowerState was interrupted: {}
dn2_1    | java.lang.InterruptedException: sleep interrupted
om2_1    | 2022-06-13 01:13:29,613 [main] INFO ratis.OzoneManagerStateMachine: LastAppliedIndex is set from TransactionInfo from OM DB as (t:3, i:63)
om2_1    | 2022-06-13 01:13:29,686 [main] INFO server.RaftServer: raft.rpc.type = GRPC (default)
dn5_1    | 2022-06-13 01:13:16,363 [main] INFO server.session: node0 Scavenging every 660000ms
om3_1    | 2022-06-13 01:13:32,398 [pool-23-thread-1] INFO server.RaftServer$Division: om3@group-D66704EFC61C: set configuration 0: [om1|rpc:om1:9872|admin:|client:|dataStream:|priority:0, om3|rpc:om3:9872|admin:|client:|dataStream:|priority:0, om2|rpc:om2:9872|admin:|client:|dataStream:|priority:0], old=null
dn3_1    | 2022-06-13 01:14:09,857 [grpc-default-executor-1] INFO server.RaftServer$Division: d293d0b5-d51b-441d-8e6a-facfabf4fa1f@group-1ABCB7EC39C1 replies to ELECTION vote request: 8d28037e-1929-496c-827d-ab357f1b0800<-d293d0b5-d51b-441d-8e6a-facfabf4fa1f#0:OK-t13. Peer's state: d293d0b5-d51b-441d-8e6a-facfabf4fa1f@group-1ABCB7EC39C1:t13, leader=null, voted=8d28037e-1929-496c-827d-ab357f1b0800, raftlog=d293d0b5-d51b-441d-8e6a-facfabf4fa1f@group-1ABCB7EC39C1-SegmentedRaftLog:OPENED:c9, conf=5: [8d28037e-1929-496c-827d-ab357f1b0800|rpc:10.9.0.15:9856|admin:10.9.0.15:9857|client:10.9.0.15:9858|dataStream:|priority:0, d293d0b5-d51b-441d-8e6a-facfabf4fa1f|rpc:10.9.0.17:9856|admin:10.9.0.17:9857|client:10.9.0.17:9858|dataStream:|priority:0, 5112d1c6-a698-41d8-947b-75ac780bade1|rpc:10.9.0.19:9856|admin:10.9.0.19:9857|client:10.9.0.19:9858|dataStream:|priority:1], old=null
dn4_1    | 2022-06-13 01:13:14,209 [pool-34-thread-1] INFO server.RaftServerConfigKeys: raft.server.log.segment.cache.size.max = 200MB (=209715200) (default)
s3g_1    | 	at org.apache.hadoop.ozone.protocolPB.OzoneManagerProtocolServerSideTranslatorPB.submitRequest(OzoneManagerProtocolServerSideTranslatorPB.java:123)
scm_1    | 2022-06-13 01:13:22,029 [Listener at 0.0.0.0/9860] INFO algorithms.ContainerPlacementPolicyFactory: Create container placement policy of type org.apache.hadoop.hdds.scm.container.placement.algorithms.SCMContainerPlacementRandom
dn2_1    | 	at java.base/java.lang.Thread.sleep(Native Method)
dn1_1    | 2022-06-13 01:13:15,396 [pool-34-thread-1] INFO server.RaftServerConfigKeys: raft.server.log.force.sync.num = 128 (default)
recon_1  | 2022-06-13 01:13:11,076 [main] INFO ozone.OmUtils: ozone.om.internal.service.id is not defined, falling back to ozone.om.service.ids to find serviceID for OzoneManager if it is HA enabled cluster
om2_1    | 2022-06-13 01:13:29,925 [main] INFO grpc.GrpcConfigKeys: raft.grpc.admin.port = -1 (default)
om1_1    | 2022-06-13 01:13:34,361 [pool-23-thread-1] INFO server.RaftServerConfigKeys: raft.server.notification.no-leader.timeout = 120s (custom)
dn5_1    | 2022-06-13 01:13:16,502 [main] INFO handler.ContextHandler: Started o.e.j.s.ServletContextHandler@d325518{logs,/logs,file:///var/log/hadoop/,AVAILABLE}
dn5_1    | 2022-06-13 01:13:16,505 [main] INFO handler.ContextHandler: Started o.e.j.s.ServletContextHandler@3fcbc766{static,/static,jar:file:/opt/hadoop/share/ozone/lib/hdds-container-service-1.2.1.jar!/webapps/static,AVAILABLE}
om3_1    | 2022-06-13 01:13:32,479 [pool-23-thread-1] INFO segmented.LogSegment: Successfully read 21 entries from segment file /data/metadata/ratis/5cb24680-b9e7-3c90-a862-d66704efc61c/current/log_0-20
dn3_1    | 2022-06-13 01:14:14,924 [grpc-default-executor-1] INFO server.RaftServer$Division: d293d0b5-d51b-441d-8e6a-facfabf4fa1f@group-1ABCB7EC39C1: receive requestVote(ELECTION, 5112d1c6-a698-41d8-947b-75ac780bade1, group-1ABCB7EC39C1, 14, (t:5, i:9))
s3g_1    | 	at org.apache.hadoop.ozone.protocol.proto.OzoneManagerProtocolProtos$OzoneManagerService$2.callBlockingMethod(OzoneManagerProtocolProtos.java)
scm_1    | 2022-06-13 01:13:22,069 [Listener at 0.0.0.0/9860] INFO server.StorageContainerManager: 
dn2_1    | 	at java.base/java.lang.Thread.sleep(Thread.java:334)
dn1_1    | 2022-06-13 01:13:15,402 [pool-34-thread-1] INFO server.RaftServerConfigKeys: raft.server.log.statemachine.data.sync = true (default)
recon_1  | 2022-06-13 01:13:11,077 [main] INFO ozone.OmUtils: Using OzoneManager ServiceID 'omservice'.
om2_1    | 2022-06-13 01:13:29,926 [main] INFO grpc.GrpcConfigKeys: raft.grpc.server.port = 9872 (custom)
om1_1    | 2022-06-13 01:13:34,354 [Listener at om1/9862] INFO om.OzoneManager: Configured ozone.om.metadata.layout=SIMPLE and disabled optimized OM FS operations
om3_1    | 2022-06-13 01:13:32,509 [pool-23-thread-1] INFO server.RaftServer$Division: om3@group-D66704EFC61C: set configuration 21: [om1|rpc:om1:9872|admin:|client:|dataStream:|priority:0, om3|rpc:om3:9872|admin:|client:|dataStream:|priority:0, om2|rpc:om2:9872|admin:|client:|dataStream:|priority:0], old=null
dn4_1    | 2022-06-13 01:13:14,299 [pool-34-thread-1] INFO segmented.SegmentedRaftLogWorker: new 95ffca0c-1981-46bd-868d-605d8cd5d4b9@group-9D2021CC5F32-SegmentedRaftLogWorker for RaftStorageImpl:Storage Directory /data/metadata/ratis/32e10f44-85c3-4f74-b0fd-9d2021cc5f32
dn5_1    | 2022-06-13 01:13:16,896 [pool-38-thread-1] INFO raftlog.RaftLog: 5112d1c6-a698-41d8-947b-75ac780bade1@group-DF6643FDFD26-SegmentedRaftLog: commitIndex: updateToMax old=2, new=1, updated? false
dn3_1    | 2022-06-13 01:14:14,925 [grpc-default-executor-1] INFO impl.VoteContext: d293d0b5-d51b-441d-8e6a-facfabf4fa1f@group-1ABCB7EC39C1-FOLLOWER: accept ELECTION from 5112d1c6-a698-41d8-947b-75ac780bade1: our priority 0 <= candidate's priority 1
s3g_1    | 	at org.apache.hadoop.ipc.ProtobufRpcEngine$Server.processCall(ProtobufRpcEngine.java:466)
scm_1    | Container Balancer status:
dn2_1    | 	at java.base/java.util.concurrent.TimeUnit.sleep(TimeUnit.java:446)
dn1_1    | 2022-06-13 01:13:15,414 [pool-34-thread-1] INFO server.RaftServerConfigKeys: raft.server.log.statemachine.data.sync.timeout = 10s (default)
recon_1  | 2022-06-13 01:13:13,867 [main] WARN recon.ReconUtils: ozone.recon.om.db.dir is not configured. We recommend adding this setting. Falling back to ozone.metadata.dirs instead.
om2_1    | 2022-06-13 01:13:29,927 [main] INFO grpc.GrpcConfigKeys: raft.grpc.client.port = -1 (default)
om1_1    | 2022-06-13 01:13:34,375 [pool-23-thread-1] INFO server.RaftServerConfigKeys: raft.server.log.use.memory = false (default)
om3_1    | 2022-06-13 01:13:32,529 [Listener at om3/9862] INFO impl.MetricsSystemImpl: Scheduled Metric snapshot period at 10 second(s).
dn4_1    | 2022-06-13 01:13:14,301 [pool-34-thread-1] INFO server.RaftServerConfigKeys: raft.server.log.queue.byte-limit = 2147483647 (custom)
dn5_1    | 2022-06-13 01:13:16,921 [pool-38-thread-1] INFO server.RaftServerConfigKeys: raft.server.snapshot.auto.trigger.enabled = true (custom)
dn3_1    | 2022-06-13 01:14:14,925 [grpc-default-executor-1] INFO server.RaftServer$Division: d293d0b5-d51b-441d-8e6a-facfabf4fa1f@group-1ABCB7EC39C1: changes role from  FOLLOWER to FOLLOWER at term 14 for candidate:5112d1c6-a698-41d8-947b-75ac780bade1
s3g_1    | 	at org.apache.hadoop.ipc.ProtobufRpcEngine2$Server$ProtoBufRpcInvoker.call(ProtobufRpcEngine2.java:574)
scm_1    | Key                            Value
dn2_1    | 	at org.apache.ratis.util.TimeDuration.sleep(TimeDuration.java:324)
dn1_1    | 2022-06-13 01:13:15,415 [pool-34-thread-1] INFO server.RaftServerConfigKeys: raft.server.log.statemachine.data.sync.timeout.retry = -1 (default)
recon_1  | 2022-06-13 01:13:15,143 [main] WARN recon.ReconUtils: ozone.recon.scm.db.dirs is not configured. We recommend adding this setting. Falling back to ozone.metadata.dirs instead.
om2_1    | 2022-06-13 01:13:29,928 [main] INFO grpc.GrpcConfigKeys: raft.grpc.server.port = 9872 (custom)
om1_1    | 2022-06-13 01:13:34,479 [pool-23-thread-1] INFO server.RaftServerConfigKeys: raft.server.log.purge.gap = 1000000 (custom)
om3_1    | 2022-06-13 01:13:32,538 [Listener at om3/9862] INFO impl.MetricsSystemImpl: OzoneManager metrics system started
dn4_1    | 2022-06-13 01:13:14,302 [pool-34-thread-1] INFO server.RaftServerConfigKeys: raft.server.log.queue.element-limit = 1024 (custom)
dn5_1    | 2022-06-13 01:13:16,930 [pool-38-thread-1] INFO server.RaftServerConfigKeys: raft.server.snapshot.auto.trigger.threshold = 10000 (custom)
dn3_1    | 2022-06-13 01:14:14,925 [grpc-default-executor-1] INFO impl.RoleInfo: d293d0b5-d51b-441d-8e6a-facfabf4fa1f: shutdown d293d0b5-d51b-441d-8e6a-facfabf4fa1f@group-1ABCB7EC39C1-FollowerState
s3g_1    | 	at org.apache.hadoop.ipc.ProtobufRpcEngine2$Server$ProtoBufRpcInvoker.call(ProtobufRpcEngine2.java:552)
scm_1    | Running                        false
dn2_1    | 	at org.apache.ratis.util.TimeDuration.sleep(TimeDuration.java:309)
dn1_1    | 2022-06-13 01:13:15,423 [main] INFO server.AuthenticationFilter: Unable to initialize FileSignerSecretProvider, falling back to use random secrets.
recon_1  | 2022-06-13 01:13:15,370 [main] INFO net.NodeSchemaLoader: Loading schema from [file:/opt/hadoop/etc/hadoop/network-topology-default.xml, jar:file:/opt/hadoop/share/ozone/lib/hdds-common-1.2.1.jar!/network-topology-default.xml]
om2_1    | 2022-06-13 01:13:29,947 [main] INFO grpc.GrpcConfigKeys: raft.grpc.server.port = 9872 (custom)
om1_1    | 2022-06-13 01:13:34,489 [pool-23-thread-1] INFO server.RaftServerConfigKeys: raft.server.log.appender.buffer.byte-limit = 33554432 (custom)
om3_1    | 2022-06-13 01:13:32,876 [pool-23-thread-1] INFO segmented.LogSegment: Successfully read 44 entries from segment file /data/metadata/ratis/5cb24680-b9e7-3c90-a862-d66704efc61c/current/log_inprogress_21
dn4_1    | 2022-06-13 01:13:14,317 [pool-34-thread-1] INFO server.RaftServerConfigKeys: raft.server.log.segment.size.max = 1048576 (custom)
dn5_1    | 2022-06-13 01:13:16,937 [pool-38-thread-1] INFO server.RaftServerConfigKeys: raft.server.snapshot.retention.file.num = 5 (custom)
dn3_1    | 2022-06-13 01:14:14,925 [d293d0b5-d51b-441d-8e6a-facfabf4fa1f@group-1ABCB7EC39C1-FollowerState] INFO impl.FollowerState: d293d0b5-d51b-441d-8e6a-facfabf4fa1f@group-1ABCB7EC39C1-FollowerState was interrupted: {}
s3g_1    | 	at org.apache.hadoop.ipc.RPC$Server.call(RPC.java:1093)
scm_1    | Container Balancer Configuration values:
dn2_1    | 	at org.apache.ratis.server.impl.FollowerState.run(FollowerState.java:118)
dn2_1    | 2022-06-13 01:13:38,869 [grpc-default-executor-2] INFO server.RaftServer$Division: be82080b-7bca-4ce4-bd20-d5dd13d8c36a@group-9D2021CC5F32 replies to ELECTION vote request: 95ffca0c-1981-46bd-868d-605d8cd5d4b9<-be82080b-7bca-4ce4-bd20-d5dd13d8c36a#0:FAIL-t8. Peer's state: be82080b-7bca-4ce4-bd20-d5dd13d8c36a@group-9D2021CC5F32:t8, leader=null, voted=null, raftlog=be82080b-7bca-4ce4-bd20-d5dd13d8c36a@group-9D2021CC5F32-SegmentedRaftLog:OPENED:c16, conf=8: [be82080b-7bca-4ce4-bd20-d5dd13d8c36a|rpc:10.9.0.16:9856|admin:10.9.0.16:9857|client:10.9.0.16:9858|dataStream:|priority:1, 5112d1c6-a698-41d8-947b-75ac780bade1|rpc:10.9.0.19:9856|admin:10.9.0.19:9857|client:10.9.0.19:9858|dataStream:|priority:0, 95ffca0c-1981-46bd-868d-605d8cd5d4b9|rpc:10.9.0.18:9856|admin:10.9.0.18:9857|client:10.9.0.18:9858|dataStream:|priority:0], old=null
recon_1  | 2022-06-13 01:13:15,512 [main] INFO net.NodeSchemaLoader: Loading network topology layer schema file
om2_1    | 2022-06-13 01:13:29,948 [main] INFO server.GrpcService: raft.grpc.message.size.max = 33554432 (custom)
om1_1    | 2022-06-13 01:13:34,614 [pool-23-thread-1] INFO server.RaftServerConfigKeys: raft.server.log.segment.size.max = 4194304 (custom)
om3_1    | 2022-06-13 01:13:32,981 [pool-23-thread-1] INFO segmented.SegmentedRaftLogWorker: om3@group-D66704EFC61C-SegmentedRaftLogWorker: flushIndex: setUnconditionally 0 -> 64
dn4_1    | 2022-06-13 01:13:14,318 [pool-34-thread-1] INFO server.RaftServerConfigKeys: raft.server.log.preallocated.size = 16384 (custom)
dn5_1    | 2022-06-13 01:13:16,944 [pool-38-thread-1] INFO server.RaftServerConfigKeys: raft.server.log.purge.upto.snapshot.index = false (default)
dn3_1    | java.lang.InterruptedException: sleep interrupted
s3g_1    | 	at org.apache.hadoop.ipc.Server$RpcCall.run(Server.java:1035)
scm_1    | Key                                                Value
scm_1    | Threshold                                          0.1
dn1_1    | 2022-06-13 01:13:15,480 [main] INFO http.HttpRequestLog: Http request log for http.requests.hddsDatanode is not defined
recon_1  | 2022-06-13 01:13:15,988 [main] WARN db.DBStoreBuilder: ozone.recon.scm.db.dirs is not configured. We recommend adding this setting. Falling back to ozone.metadata.dirs instead.
om2_1    | 2022-06-13 01:13:29,964 [main] INFO server.RaftServerConfigKeys: raft.server.log.appender.buffer.byte-limit = 33554432 (custom)
om1_1    | 2022-06-13 01:13:34,666 [pool-23-thread-1] INFO server.RaftServerConfigKeys: raft.server.log.segment.cache.num.max = 2 (custom)
om3_1    | 2022-06-13 01:13:32,981 [pool-23-thread-1] INFO segmented.SegmentedRaftLogWorker: om3@group-D66704EFC61C-SegmentedRaftLogWorker: safeCacheEvictIndex: setUnconditionally 0 -> 20
dn4_1    | 2022-06-13 01:13:14,318 [pool-34-thread-1] INFO server.RaftServerConfigKeys: raft.server.log.force.sync.num = 128 (default)
dn5_1    | 2022-06-13 01:13:16,959 [pool-38-thread-1] INFO server.RaftServerConfigKeys: raft.server.retrycache.expirytime = 600000ms (custom)
dn3_1    | 	at java.base/java.lang.Thread.sleep(Native Method)
scm_1    | Max Datanodes to Involve per Iteration(ratio)      0.2
dn2_1    | 2022-06-13 01:13:43,763 [grpc-default-executor-2] INFO server.RaftServer$Division: be82080b-7bca-4ce4-bd20-d5dd13d8c36a@group-2D5EBAA9263B: receive requestVote(ELECTION, 8d28037e-1929-496c-827d-ab357f1b0800, group-2D5EBAA9263B, 9, (t:6, i:13))
s3g_1    | 	at org.apache.hadoop.ipc.Server$RpcCall.run(Server.java:963)
dn1_1    | 2022-06-13 01:13:15,531 [pool-34-thread-1] INFO server.RaftServerConfigKeys: raft.server.log.write.buffer.size = 1048576 (custom)
recon_1  | 2022-06-13 01:13:16,035 [main] INFO db.RDBStore: Found the following extra column families in existing DB : [meta, statefulServiceConfig]
om2_1    | 2022-06-13 01:13:29,977 [main] INFO server.GrpcService: raft.grpc.flow.control.window = 1MB (=1048576) (default)
om1_1    | 2022-06-13 01:13:34,669 [pool-23-thread-1] INFO server.RaftServerConfigKeys: raft.server.log.segment.cache.size.max = 200MB (=209715200) (default)
om3_1    | 2022-06-13 01:13:33,117 [Listener at om3/9862] INFO om.OzoneManager: OzoneManager RPC server is listening at om3/10.9.0.13:9862
dn4_1    | 2022-06-13 01:13:14,319 [pool-34-thread-1] INFO server.RaftServerConfigKeys: raft.server.log.statemachine.data.sync = true (default)
dn5_1    | 2022-06-13 01:13:16,962 [pool-38-thread-1] INFO server.RaftServerConfigKeys: raft.server.retrycache.statistics.expirytime = 100?s (default)
dn3_1    | 	at java.base/java.lang.Thread.sleep(Thread.java:334)
scm_1    | Max Size to Move per Iteration                     32212254720B
dn2_1    | 2022-06-13 01:13:43,767 [grpc-default-executor-2] INFO impl.VoteContext: be82080b-7bca-4ce4-bd20-d5dd13d8c36a@group-2D5EBAA9263B-FOLLOWER: accept ELECTION from 8d28037e-1929-496c-827d-ab357f1b0800: our priority 0 <= candidate's priority 1
s3g_1    | 	at java.base/java.security.AccessController.doPrivileged(Native Method)
dn1_1    | 2022-06-13 01:13:15,532 [pool-34-thread-1] INFO server.RaftServerConfigKeys: raft.server.log.statemachine.data.caching.enabled = true (custom)
recon_1  | 2022-06-13 01:13:16,254 [main] INFO upgrade.AbstractLayoutVersionManager: Initializing Layout version manager with metadata layout = SCM_HA (version = 2), software layout = SCM_HA (version = 2)
om2_1    | 2022-06-13 01:13:29,982 [main] INFO server.RaftServerConfigKeys: raft.server.rpc.request.timeout = 3000ms (default)
om1_1    | 2022-06-13 01:13:34,703 [pool-23-thread-1] INFO segmented.SegmentedRaftLogWorker: new om1@group-D66704EFC61C-SegmentedRaftLogWorker for RaftStorageImpl:Storage Directory /data/metadata/ratis/5cb24680-b9e7-3c90-a862-d66704efc61c
om3_1    | 2022-06-13 01:13:33,119 [Listener at om3/9862] INFO ratis.OzoneManagerRatisServer: Starting OzoneManagerRatisServer om3 at port 9872
dn4_1    | 2022-06-13 01:13:14,338 [pool-34-thread-1] INFO server.RaftServerConfigKeys: raft.server.log.statemachine.data.sync.timeout = 10s (default)
dn4_1    | 2022-06-13 01:13:14,338 [pool-34-thread-1] INFO server.RaftServerConfigKeys: raft.server.log.statemachine.data.sync.timeout.retry = -1 (default)
dn3_1    | 	at java.base/java.util.concurrent.TimeUnit.sleep(TimeUnit.java:446)
scm_1    | 
scm_1    | 2022-06-13 01:13:22,069 [Listener at 0.0.0.0/9860] WARN events.EventQueue: No event handler registered for event TypedEvent{payloadType=SafeModeStatus, name='Safe mode status'}
dn1_1    | 2022-06-13 01:13:15,533 [main] INFO http.HttpServer2: Added global filter 'safety' (class=org.apache.hadoop.hdds.server.http.HttpServer2$QuotingInputFilter)
om2_1    | 2022-06-13 01:13:31,910 [main] INFO impl.DataStreamServerImpl: raft.datastream.type = DISABLED (default)
om1_1    | 2022-06-13 01:13:34,703 [pool-23-thread-1] INFO server.RaftServerConfigKeys: raft.server.log.queue.byte-limit = 64MB (=67108864) (default)
om3_1    | 2022-06-13 01:13:33,669 [pool-23-thread-1] INFO raftlog.RaftLog: om3@group-D66704EFC61C-SegmentedRaftLog: commitIndex: updateToMax old=63, new=63, updated? false
dn4_1    | 2022-06-13 01:13:14,461 [pool-34-thread-1] INFO server.RaftServerConfigKeys: raft.server.log.write.buffer.size = 1048576 (custom)
dn5_1    | 2022-06-13 01:13:17,417 [pool-38-thread-1] INFO server.RaftServer$Division: 5112d1c6-a698-41d8-947b-75ac780bade1: new RaftServerImpl for group-1ABCB7EC39C1:[] with ContainerStateMachine:uninitialized
dn3_1    | 	at org.apache.ratis.util.TimeDuration.sleep(TimeDuration.java:324)
scm_1    | 2022-06-13 01:13:22,070 [Listener at 0.0.0.0/9860] INFO ha.SCMContext: Update SafeModeStatus from SafeModeStatus{safeModeStatus=true, preCheckPassed=false} to SafeModeStatus{safeModeStatus=true, preCheckPassed=false}.
dn2_1    | 2022-06-13 01:13:43,768 [grpc-default-executor-2] INFO server.RaftServer$Division: be82080b-7bca-4ce4-bd20-d5dd13d8c36a@group-2D5EBAA9263B: changes role from  FOLLOWER to FOLLOWER at term 9 for candidate:8d28037e-1929-496c-827d-ab357f1b0800
recon_1  | 2022-06-13 01:13:16,808 [main] INFO reflections.Reflections: Reflections took 523 ms to scan 3 urls, producing 103 keys and 211 values 
s3g_1    | 	at java.base/javax.security.auth.Subject.doAs(Subject.java:423)
dn1_1    | 2022-06-13 01:13:15,555 [main] INFO http.HttpServer2: Added filter static_user_filter (class=org.apache.hadoop.http.lib.StaticUserWebFilter$StaticUserFilter) to context hddsDatanode
om2_1    | 2022-06-13 01:13:31,924 [main] INFO server.RaftServerConfigKeys: raft.server.rpc.slowness.timeout = 120s (custom)
om1_1    | 2022-06-13 01:13:34,709 [pool-23-thread-1] INFO server.RaftServerConfigKeys: raft.server.log.queue.element-limit = 4096 (default)
om3_1    | 2022-06-13 01:13:33,676 [pool-23-thread-1] INFO server.RaftServerConfigKeys: raft.server.snapshot.auto.trigger.enabled = true (custom)
dn4_1    | 2022-06-13 01:13:14,490 [pool-34-thread-1] INFO server.RaftServerConfigKeys: raft.server.log.statemachine.data.caching.enabled = true (custom)
dn5_1    | 2022-06-13 01:13:17,417 [pool-38-thread-1] INFO server.RaftServerConfigKeys: raft.server.rpc.timeout.min = 5s (custom)
dn3_1    | 	at org.apache.ratis.util.TimeDuration.sleep(TimeDuration.java:309)
scm_1    | 2022-06-13 01:13:22,093 [Listener at 0.0.0.0/9860] INFO server.StorageContainerManager: StorageContainerLocationProtocol RPC server is listening at /0.0.0.0:9860
dn2_1    | 2022-06-13 01:13:43,768 [grpc-default-executor-2] INFO impl.RoleInfo: be82080b-7bca-4ce4-bd20-d5dd13d8c36a: shutdown be82080b-7bca-4ce4-bd20-d5dd13d8c36a@group-2D5EBAA9263B-FollowerState
recon_1  | 2022-06-13 01:13:17,089 [main] INFO ha.SequenceIdGenerator: Init the HA SequenceIdGenerator.
s3g_1    | 	at org.apache.hadoop.security.UserGroupInformation.doAs(UserGroupInformation.java:1878)
dn1_1    | 2022-06-13 01:13:15,582 [main] INFO http.HttpServer2: Added filter static_user_filter (class=org.apache.hadoop.http.lib.StaticUserWebFilter$StaticUserFilter) to context logs
om2_1    | 2022-06-13 01:13:31,933 [main] INFO server.RaftServerConfigKeys: raft.server.leaderelection.leader.step-down.wait-time = 10s (default)
om1_1    | 2022-06-13 01:13:34,710 [pool-23-thread-1] INFO server.RaftServerConfigKeys: raft.server.log.segment.size.max = 4194304 (custom)
om3_1    | 2022-06-13 01:13:33,707 [pool-23-thread-1] INFO server.RaftServerConfigKeys: raft.server.snapshot.auto.trigger.threshold = 400000 (default)
dn4_1    | 2022-06-13 01:13:14,489 [main] INFO server.AuthenticationFilter: Unable to initialize FileSignerSecretProvider, falling back to use random secrets.
dn5_1    | 2022-06-13 01:13:17,417 [pool-38-thread-1] INFO server.RaftServerConfigKeys: raft.server.rpc.timeout.max = 5200ms (custom)
dn3_1    | 	at org.apache.ratis.server.impl.FollowerState.run(FollowerState.java:118)
scm_1    | 2022-06-13 01:13:22,503 [Listener at 0.0.0.0/9860] INFO impl.MetricsConfig: Loaded properties from hadoop-metrics2.properties
dn2_1    | 2022-06-13 01:13:43,770 [grpc-default-executor-2] INFO impl.RoleInfo: be82080b-7bca-4ce4-bd20-d5dd13d8c36a: start be82080b-7bca-4ce4-bd20-d5dd13d8c36a@group-2D5EBAA9263B-FollowerState
recon_1  | 2022-06-13 01:13:17,227 [main] INFO node.SCMNodeManager: Entering startup safe mode.
s3g_1    | 	at org.apache.hadoop.ipc.Server$Handler.run(Server.java:2966)
dn1_1    | 2022-06-13 01:13:15,587 [main] INFO http.HttpServer2: Added filter static_user_filter (class=org.apache.hadoop.http.lib.StaticUserWebFilter$StaticUserFilter) to context static
om2_1    | 2022-06-13 01:13:31,997 [main] INFO server.RaftServerConfigKeys: raft.server.storage.dir = [/data/metadata/ratis] (custom)
om1_1    | 2022-06-13 01:13:34,717 [pool-23-thread-1] INFO server.RaftServerConfigKeys: raft.server.log.preallocated.size = 4194304 (custom)
om3_1    | 2022-06-13 01:13:33,715 [pool-23-thread-1] INFO server.RaftServerConfigKeys: raft.server.snapshot.retention.file.num = -1 (default)
dn4_1    | 2022-06-13 01:13:14,555 [main] INFO http.HttpRequestLog: Http request log for http.requests.hddsDatanode is not defined
dn5_1    | 2022-06-13 01:13:17,417 [pool-38-thread-1] INFO server.RaftServerConfigKeys: raft.server.rpc.sleep.time = 25ms (default)
dn3_1    | 2022-06-13 01:14:14,925 [grpc-default-executor-1] INFO impl.RoleInfo: d293d0b5-d51b-441d-8e6a-facfabf4fa1f: start d293d0b5-d51b-441d-8e6a-facfabf4fa1f@group-1ABCB7EC39C1-FollowerState
scm_1    | 2022-06-13 01:13:22,578 [Listener at 0.0.0.0/9860] INFO impl.MetricsSystemImpl: Scheduled Metric snapshot period at 10 second(s).
dn2_1    | 2022-06-13 01:13:43,770 [be82080b-7bca-4ce4-bd20-d5dd13d8c36a@group-2D5EBAA9263B-FollowerState] INFO impl.FollowerState: be82080b-7bca-4ce4-bd20-d5dd13d8c36a@group-2D5EBAA9263B-FollowerState was interrupted: {}
recon_1  | 2022-06-13 01:13:17,288 [main] INFO scm.ReconNodeManager: Loaded 0 nodes from node DB.
s3g_1    | , while invoking $Proxy108.submitRequest over nodeId=om2,nodeAddress=om2:9862 after 1 failover attempts. Trying to failover immediately.
