om2_1    | 2022-06-13 01:16:04,772 [main] WARN server.ServerUtils: Storage directory for Ratis is not configured. It is a good idea to map this to an SSD disk. Falling back to ozone.metadata.dirs
om1_1    | 2022-06-13 01:16:05,051 [main] INFO ratis.OzoneManagerRatisServer: Instantiating OM Ratis server with groupID: omservice and peers: om1:9872, om3:9872, om2:9872
dn4_1    | 2022-06-13 01:15:46,514 [main] INFO server.RaftServer: raft.rpc.type = GRPC (default)
scm_1    | 2022-06-13 01:15:52,397 [main] INFO ha.SCMServiceManager: Registering service ExpiredContainerReplicaOpScrubber.
dn5_1    | 2022-06-13 01:15:54,387 [pool-46-thread-1] INFO server.RaftServerConfigKeys: raft.server.storage.free-space.min = 0MB (=0) (default)
dn2_1    | 2022-06-13 01:16:20,368 [be82080b-7bca-4ce4-bd20-d5dd13d8c36a@group-9D2021CC5F32-LeaderElection5] INFO server.RaftServerConfigKeys: raft.server.log.appender.buffer.element-limit = 1 (custom)
s3g_1    | WARNING: An illegal reflective access operation has occurred
om3_1    | 2022-06-13 01:16:04,007 [main] WARN server.ServerUtils: Storage directory for Ratis is not configured. It is a good idea to map this to an SSD disk. Falling back to ozone.metadata.dirs
recon_1  | 2022-06-13 01:15:51,091 [main] INFO http.HttpServer2: Added global filter 'safety' (class=org.apache.hadoop.hdds.server.http.HttpServer2$QuotingInputFilter)
dn1_1    | 	at org.apache.hadoop.ozone.container.upgrade.DataNodeUpgradeFinalizer.preFinalizeUpgrade(DataNodeUpgradeFinalizer.java:56)
dn3_1    | 2022-06-13 01:15:56,529 [EndpointStateMachine task thread for scm/10.9.0.14:9861 - 0 ] INFO ipc.Client: Retrying connect to server: scm/10.9.0.14:9861. Already tried 2 time(s); retry policy is RetryUpToMaximumCountWithFixedSleep(maxRetries=15, sleepTime=1000 MILLISECONDS)
om2_1    | 2022-06-13 01:16:04,919 [main] INFO ratis.OzoneManagerRatisServer: Instantiating OM Ratis server with groupID: omservice and peers: om2:9872, om1:9872, om3:9872
om1_1    | 2022-06-13 01:16:05,083 [main] INFO ratis.OzoneManagerStateMachine: LastAppliedIndex is set from TransactionInfo from OM DB as (t:4, i:100)
dn4_1    | 2022-06-13 01:15:47,650 [main] INFO grpc.GrpcConfigKeys: raft.grpc.admin.port = 9857 (custom)
scm_1    | 2022-06-13 01:15:52,738 [main] INFO algorithms.PipelineChoosePolicyFactory: Create pipeline choose policy of type org.apache.hadoop.hdds.scm.pipeline.choose.algorithms.RandomPipelineChoosePolicy
dn5_1    | 2022-06-13 01:15:54,397 [pool-46-thread-1] INFO storage.RaftStorageDirectory: Lock on /data/metadata/ratis/32e10f44-85c3-4f74-b0fd-9d2021cc5f32/in_use.lock acquired by nodename 6@cace428854ea
dn2_1    | 2022-06-13 01:16:20,376 [be82080b-7bca-4ce4-bd20-d5dd13d8c36a@group-2D5EBAA9263B-LeaderElection6] INFO impl.LeaderElection: be82080b-7bca-4ce4-bd20-d5dd13d8c36a@group-2D5EBAA9263B-LeaderElection6: ELECTION REJECTED received 2 response(s) and 0 exception(s):
s3g_1    | WARNING: Illegal reflective access by org.jboss.classfilewriter.ClassFile$1 (file:/opt/hadoop/share/ozone/lib/weld-servlet-2.4.7.Final.jar) to method java.lang.ClassLoader.defineClass(java.lang.String,byte[],int,int)
om3_1    | 2022-06-13 01:16:04,009 [main] WARN utils.OzoneManagerRatisUtils: ozone.om.ratis.snapshot.dir is not configured. Falling back to ozone.metadata.dirs config
recon_1  | 2022-06-13 01:15:51,109 [main] INFO http.HttpServer2: Added filter static_user_filter (class=org.apache.hadoop.http.lib.StaticUserWebFilter$StaticUserFilter) to context recon
dn1_1    | 	at org.apache.hadoop.ozone.container.upgrade.DataNodeUpgradeFinalizer.preFinalizeUpgrade(DataNodeUpgradeFinalizer.java:40)
dn3_1    | 2022-06-13 01:15:57,530 [EndpointStateMachine task thread for scm/10.9.0.14:9861 - 0 ] INFO ipc.Client: Retrying connect to server: scm/10.9.0.14:9861. Already tried 3 time(s); retry policy is RetryUpToMaximumCountWithFixedSleep(maxRetries=15, sleepTime=1000 MILLISECONDS)
om2_1    | 2022-06-13 01:16:05,002 [main] INFO ratis.OzoneManagerStateMachine: LastAppliedIndex is set from TransactionInfo from OM DB as (t:4, i:100)
om1_1    | 2022-06-13 01:16:05,477 [main] INFO server.RaftServer: raft.rpc.type = GRPC (default)
dn4_1    | 2022-06-13 01:15:47,657 [main] INFO grpc.GrpcConfigKeys: raft.grpc.client.port = 9858 (custom)
scm_1    | 2022-06-13 01:15:52,963 [main] INFO ha.SCMServiceManager: Registering service SCMBlockDeletingService.
dn2_1    | 2022-06-13 01:16:20,394 [be82080b-7bca-4ce4-bd20-d5dd13d8c36a@group-2D5EBAA9263B-LeaderElection6] INFO impl.LeaderElection:   Response 0: be82080b-7bca-4ce4-bd20-d5dd13d8c36a<-8d28037e-1929-496c-827d-ab357f1b0800#0:FAIL-t12
dn5_1    | 2022-06-13 01:15:54,399 [pool-46-thread-1] INFO storage.RaftStorage: Read RaftStorageMetadata{term=10, votedFor=be82080b-7bca-4ce4-bd20-d5dd13d8c36a} from /data/metadata/ratis/32e10f44-85c3-4f74-b0fd-9d2021cc5f32/current/raft-meta
s3g_1    | WARNING: Please consider reporting this to the maintainers of org.jboss.classfilewriter.ClassFile$1
om3_1    | 2022-06-13 01:16:04,051 [main] INFO snapshot.OzoneManagerSnapshotProvider: Initializing OM Snapshot Provider
recon_1  | 2022-06-13 01:15:51,110 [main] INFO http.HttpServer2: Added filter static_user_filter (class=org.apache.hadoop.http.lib.StaticUserWebFilter$StaticUserFilter) to context static
dn1_1    | 	at org.apache.hadoop.ozone.upgrade.DefaultUpgradeFinalizationExecutor.execute(DefaultUpgradeFinalizationExecutor.java:49)
dn3_1    | 2022-06-13 01:16:00,403 [EndpointStateMachine task thread for scm/10.9.0.14:9861 - 0 ] INFO ozoneimpl.OzoneContainer: Attempting to start container services.
om2_1    | 2022-06-13 01:16:05,197 [main] INFO server.RaftServer: raft.rpc.type = GRPC (default)
om1_1    | 2022-06-13 01:16:05,731 [main] INFO grpc.GrpcConfigKeys: raft.grpc.admin.port = -1 (default)
dn4_1    | 2022-06-13 01:15:47,662 [main] INFO grpc.GrpcConfigKeys: raft.grpc.server.port = 9856 (custom)
scm_1    | 2022-06-13 01:15:53,187 [main] INFO ha.SCMServiceManager: Registering service ReplicationManager.
dn2_1    | 2022-06-13 01:16:20,394 [be82080b-7bca-4ce4-bd20-d5dd13d8c36a@group-2D5EBAA9263B-LeaderElection6] INFO impl.LeaderElection:   Response 1: be82080b-7bca-4ce4-bd20-d5dd13d8c36a<-95ffca0c-1981-46bd-868d-605d8cd5d4b9#0:OK-t12
dn5_1    | 2022-06-13 01:15:54,401 [pool-46-thread-1] INFO ratis.ContainerStateMachine: group-9D2021CC5F32: Setting the last applied index to (t:10, i:30)
s3g_1    | WARNING: Use --illegal-access=warn to enable warnings of further illegal reflective access operations
om3_1    | 2022-06-13 01:16:04,571 [main] INFO metrics.MetricRegistries: Loaded MetricRegistries class org.apache.ratis.metrics.impl.MetricRegistriesImpl
recon_1  | 2022-06-13 01:15:51,110 [main] INFO http.HttpServer2: Added filter static_user_filter (class=org.apache.hadoop.http.lib.StaticUserWebFilter$StaticUserFilter) to context logs
dn1_1    | 	at org.apache.hadoop.ozone.upgrade.BasicUpgradeFinalizer.finalize(BasicUpgradeFinalizer.java:93)
dn3_1    | 2022-06-13 01:16:00,410 [EndpointStateMachine task thread for scm/10.9.0.14:9861 - 0 ] INFO ozoneimpl.OzoneContainer: Background container scanner has been disabled.
om2_1    | 2022-06-13 01:16:05,905 [main] INFO grpc.GrpcConfigKeys: raft.grpc.admin.port = -1 (default)
om2_1    | 2022-06-13 01:16:05,929 [main] INFO grpc.GrpcConfigKeys: raft.grpc.server.port = 9872 (custom)
dn4_1    | 2022-06-13 01:15:47,669 [main] INFO server.GrpcService: raft.grpc.message.size.max = 32MB (=33554432) (custom)
scm_1    | 2022-06-13 01:15:53,205 [main] INFO replication.ReplicationManager: Starting Replication Monitor Thread.
dn2_1    | 2022-06-13 01:16:20,395 [be82080b-7bca-4ce4-bd20-d5dd13d8c36a@group-2D5EBAA9263B-LeaderElection6] INFO impl.LeaderElection: be82080b-7bca-4ce4-bd20-d5dd13d8c36a@group-2D5EBAA9263B-LeaderElection6 ELECTION round 0: result REJECTED
dn5_1    | 2022-06-13 01:15:54,402 [pool-46-thread-1] INFO server.RaftServer$Division: 5112d1c6-a698-41d8-947b-75ac780bade1@group-9D2021CC5F32: set configuration 17: [be82080b-7bca-4ce4-bd20-d5dd13d8c36a|rpc:10.9.0.16:9856|admin:10.9.0.16:9857|client:10.9.0.16:9858|dataStream:|priority:1, 5112d1c6-a698-41d8-947b-75ac780bade1|rpc:10.9.0.19:9856|admin:10.9.0.19:9857|client:10.9.0.19:9858|dataStream:|priority:0, 95ffca0c-1981-46bd-868d-605d8cd5d4b9|rpc:10.9.0.18:9856|admin:10.9.0.18:9857|client:10.9.0.18:9858|dataStream:|priority:0], old=null
s3g_1    | WARNING: All illegal access operations will be denied in a future release
om3_1    | 2022-06-13 01:16:04,610 [main] WARN server.ServerUtils: Storage directory for Ratis is not configured. It is a good idea to map this to an SSD disk. Falling back to ozone.metadata.dirs
recon_1  | 2022-06-13 01:15:51,874 [main] INFO tasks.ReconTaskControllerImpl: Registered task ContainerKeyMapperTask with controller.
dn1_1    | 	at org.apache.hadoop.ozone.container.common.statemachine.DatanodeStateMachine.finalizeUpgrade(DatanodeStateMachine.java:684)
om2_1    | 2022-06-13 01:16:05,949 [main] INFO grpc.GrpcConfigKeys: raft.grpc.client.port = -1 (default)
om2_1    | 2022-06-13 01:16:05,954 [main] INFO grpc.GrpcConfigKeys: raft.grpc.server.port = 9872 (custom)
dn3_1    | 2022-06-13 01:16:00,846 [EndpointStateMachine task thread for scm/10.9.0.14:9861 - 0 ] INFO ratis.XceiverServerRatis: Starting XceiverServerRatis d293d0b5-d51b-441d-8e6a-facfabf4fa1f
dn4_1    | 2022-06-13 01:15:47,678 [main] INFO server.RaftServerConfigKeys: raft.server.log.appender.buffer.byte-limit = 33554432 (custom)
scm_1    | 2022-06-13 01:15:53,647 [ReplicationMonitor] INFO replication.ReplicationManager: Replication Manager is not ready to run until 300000ms after safemode exit
dn2_1    | 2022-06-13 01:16:20,395 [be82080b-7bca-4ce4-bd20-d5dd13d8c36a@group-2D5EBAA9263B-LeaderElection6] INFO server.RaftServer$Division: be82080b-7bca-4ce4-bd20-d5dd13d8c36a@group-2D5EBAA9263B: changes role from CANDIDATE to FOLLOWER at term 12 for REJECTED
dn5_1    | 2022-06-13 01:15:54,402 [pool-46-thread-1] INFO server.RaftServerConfigKeys: raft.server.notification.no-leader.timeout = 300s (custom)
s3g_1    | Jun 13, 2022 1:15:53 AM org.glassfish.jersey.internal.Errors logErrors
om3_1    | 2022-06-13 01:16:04,691 [main] INFO ratis.OzoneManagerRatisServer: Instantiating OM Ratis server with groupID: omservice and peers: om3:9872, om1:9872, om2:9872
recon_1  | 2022-06-13 01:15:52,222 [main] INFO tasks.ReconTaskControllerImpl: Registered task FileSizeCountTask with controller.
dn1_1    | 	at org.apache.hadoop.ozone.container.common.statemachine.commandhandler.FinalizeNewLayoutVersionCommandHandler.handle(FinalizeNewLayoutVersionCommandHandler.java:78)
om2_1    | 2022-06-13 01:16:05,955 [main] INFO grpc.GrpcConfigKeys: raft.grpc.server.port = 9872 (custom)
om1_1    | 2022-06-13 01:16:05,737 [main] INFO grpc.GrpcConfigKeys: raft.grpc.server.port = 9872 (custom)
dn3_1    | 2022-06-13 01:16:00,950 [d293d0b5-d51b-441d-8e6a-facfabf4fa1f-impl-thread1] INFO server.RaftServer$Division: d293d0b5-d51b-441d-8e6a-facfabf4fa1f@group-1ABCB7EC39C1: start as a follower, conf=10: [8d28037e-1929-496c-827d-ab357f1b0800|rpc:10.9.0.15:9856|admin:10.9.0.15:9857|client:10.9.0.15:9858|dataStream:|priority:0, d293d0b5-d51b-441d-8e6a-facfabf4fa1f|rpc:10.9.0.17:9856|admin:10.9.0.17:9857|client:10.9.0.17:9858|dataStream:|priority:0, 5112d1c6-a698-41d8-947b-75ac780bade1|rpc:10.9.0.19:9856|admin:10.9.0.19:9857|client:10.9.0.19:9858|dataStream:|priority:1], old=null
dn4_1    | 2022-06-13 01:15:47,678 [main] INFO server.GrpcService: raft.grpc.flow.control.window = 5MB (=5242880) (custom)
scm_1    | 2022-06-13 01:15:53,785 [main] INFO safemode.ContainerSafeModeRule: containers with one replica threshold count 0
dn2_1    | 2022-06-13 01:16:20,398 [be82080b-7bca-4ce4-bd20-d5dd13d8c36a@group-2D5EBAA9263B-LeaderElection6] INFO impl.RoleInfo: be82080b-7bca-4ce4-bd20-d5dd13d8c36a: shutdown be82080b-7bca-4ce4-bd20-d5dd13d8c36a@group-2D5EBAA9263B-LeaderElection6
dn2_1    | 2022-06-13 01:16:20,398 [be82080b-7bca-4ce4-bd20-d5dd13d8c36a@group-2D5EBAA9263B-LeaderElection6] INFO impl.RoleInfo: be82080b-7bca-4ce4-bd20-d5dd13d8c36a: start be82080b-7bca-4ce4-bd20-d5dd13d8c36a@group-2D5EBAA9263B-FollowerState
s3g_1    | WARNING: The following warnings have been detected: WARNING: A HTTP GET method, public javax.ws.rs.core.Response org.apache.hadoop.ozone.s3.endpoint.ObjectEndpoint.get(java.lang.String,java.lang.String,java.lang.String,int,java.lang.String,java.io.InputStream) throws java.io.IOException,org.apache.hadoop.ozone.s3.exception.OS3Exception, should not consume any entity.
om3_1    | 2022-06-13 01:16:04,730 [main] INFO ratis.OzoneManagerStateMachine: LastAppliedIndex is set from TransactionInfo from OM DB as (t:4, i:100)
dn4_1    | 2022-06-13 01:15:47,682 [main] INFO server.RaftServerConfigKeys: raft.server.rpc.request.timeout = 60s (custom)
om1_1    | 2022-06-13 01:16:05,740 [main] INFO grpc.GrpcConfigKeys: raft.grpc.client.port = -1 (default)
dn2_1    | 2022-06-13 01:16:20,396 [be82080b-7bca-4ce4-bd20-d5dd13d8c36a@group-9D2021CC5F32-LeaderElection5] INFO grpc.GrpcConfigKeys: raft.grpc.server.leader.outstanding.appends.max = 128 (default)
dn5_1    | 2022-06-13 01:15:54,413 [pool-46-thread-1] INFO server.RaftServerConfigKeys: raft.server.log.use.memory = false (default)
dn1_1    | 	at org.apache.hadoop.ozone.container.common.statemachine.commandhandler.CommandDispatcher.handle(CommandDispatcher.java:99)
om3_1    | 2022-06-13 01:16:05,148 [main] INFO server.RaftServer: raft.rpc.type = GRPC (default)
dn3_1    | 2022-06-13 01:16:00,995 [d293d0b5-d51b-441d-8e6a-facfabf4fa1f-impl-thread1] INFO server.RaftServer$Division: d293d0b5-d51b-441d-8e6a-facfabf4fa1f@group-1ABCB7EC39C1: changes role from      null to FOLLOWER at term 14 for startAsFollower
om2_1    | 2022-06-13 01:16:05,959 [main] INFO server.GrpcService: raft.grpc.message.size.max = 33554432 (custom)
scm_1    | 2022-06-13 01:15:53,858 [main] INFO safemode.HealthyPipelineSafeModeRule: Total pipeline count is 3, healthy pipeline threshold count is 1
recon_1  | 2022-06-13 01:15:52,258 [main] INFO tasks.ReconTaskControllerImpl: Registered task TableCountTask with controller.
s3g_1    | 
dn4_1    | 2022-06-13 01:15:47,833 [main] INFO grpc.GrpcConfigKeys: raft.grpc.server.async.request.thread.pool.cached = true (default)
om1_1    | 2022-06-13 01:16:05,741 [main] INFO grpc.GrpcConfigKeys: raft.grpc.server.port = 9872 (custom)
dn2_1    | 2022-06-13 01:16:20,408 [be82080b-7bca-4ce4-bd20-d5dd13d8c36a@group-9D2021CC5F32-LeaderElection5] INFO server.RaftServerConfigKeys: raft.server.rpc.request.timeout = 60s (custom)
dn5_1    | 2022-06-13 01:15:54,413 [pool-46-thread-1] INFO server.RaftServerConfigKeys: raft.server.log.purge.gap = 1000000 (custom)
dn1_1    | 	at org.apache.hadoop.ozone.container.common.statemachine.DatanodeStateMachine.lambda$initCommandHandlerThread$3(DatanodeStateMachine.java:613)
om3_1    | 2022-06-13 01:16:05,519 [main] INFO grpc.GrpcConfigKeys: raft.grpc.admin.port = -1 (default)
dn3_1    | 2022-06-13 01:16:00,996 [d293d0b5-d51b-441d-8e6a-facfabf4fa1f-impl-thread1] INFO impl.RoleInfo: d293d0b5-d51b-441d-8e6a-facfabf4fa1f: start d293d0b5-d51b-441d-8e6a-facfabf4fa1f@group-1ABCB7EC39C1-FollowerState
om2_1    | 2022-06-13 01:16:05,968 [main] INFO server.RaftServerConfigKeys: raft.server.log.appender.buffer.byte-limit = 33554432 (custom)
scm_1    | 2022-06-13 01:15:53,962 [main] INFO safemode.OneReplicaPipelineSafeModeRule: Total pipeline count is 3, pipeline's with at least one datanode reported threshold count is 3
recon_1  | 2022-06-13 01:15:52,271 [main] INFO tasks.ReconTaskControllerImpl: Registered task NSSummaryTask with controller.
s3g_1    | 2022-06-13 01:15:53,147 [main] INFO handler.ContextHandler: Started o.e.j.w.WebAppContext@4aa3fc9a{s3gateway,/,file:///tmp/jetty-0_0_0_0-9878-ozone-s3gateway-1_3_0-SNAPSHOT_jar-_-any-9890231114722960281/webapp/,AVAILABLE}{jar:file:/opt/hadoop/share/ozone/lib/ozone-s3gateway-1.3.0-SNAPSHOT.jar!/webapps/s3gateway}
dn4_1    | 2022-06-13 01:15:47,836 [main] INFO grpc.GrpcConfigKeys: raft.grpc.server.async.request.thread.pool.size = 32 (default)
om1_1    | 2022-06-13 01:16:05,741 [main] INFO grpc.GrpcConfigKeys: raft.grpc.server.port = 9872 (custom)
dn2_1    | 2022-06-13 01:16:20,409 [be82080b-7bca-4ce4-bd20-d5dd13d8c36a@group-9D2021CC5F32-LeaderElection5] INFO server.RaftServerConfigKeys: raft.server.log.appender.install.snapshot.enabled = false (custom)
dn5_1    | 2022-06-13 01:15:54,414 [pool-46-thread-1] INFO server.RaftServerConfigKeys: raft.server.log.appender.buffer.byte-limit = 33554432 (custom)
dn1_1    | 	at java.base/java.lang.Thread.run(Thread.java:829)
om3_1    | 2022-06-13 01:16:05,532 [main] INFO grpc.GrpcConfigKeys: raft.grpc.server.port = 9872 (custom)
dn3_1    | 2022-06-13 01:16:01,034 [d293d0b5-d51b-441d-8e6a-facfabf4fa1f-impl-thread1] INFO util.JmxRegister: Successfully registered JMX Bean with object name Ratis:service=RaftServer,group=group-1ABCB7EC39C1,id=d293d0b5-d51b-441d-8e6a-facfabf4fa1f
om2_1    | 2022-06-13 01:16:05,973 [main] INFO server.GrpcService: raft.grpc.flow.control.window = 1MB (=1048576) (default)
scm_1    | 2022-06-13 01:15:57,087 [main] INFO audit.AuditLogger: Refresh DebugCmdSet for SCMAudit to [].
recon_1  | 2022-06-13 01:15:52,323 [main] INFO ozone.OmUtils: ozone.om.internal.service.id is not defined, falling back to ozone.om.service.ids to find serviceID for OzoneManager if it is HA enabled cluster
s3g_1    | 2022-06-13 01:15:53,202 [main] INFO server.AbstractConnector: Started ServerConnector@5ddcc487{HTTP/1.1, (http/1.1)}{0.0.0.0:9878}
dn4_1    | 2022-06-13 01:15:50,608 [main] INFO impl.DataStreamServerImpl: raft.datastream.type = DISABLED (default)
om1_1    | 2022-06-13 01:16:05,742 [main] INFO server.GrpcService: raft.grpc.message.size.max = 33554432 (custom)
dn2_1    | 2022-06-13 01:16:20,417 [be82080b-7bca-4ce4-bd20-d5dd13d8c36a@group-9D2021CC5F32-LeaderElection5] INFO server.RaftServerConfigKeys: raft.server.log.appender.snapshot.chunk.size.max = 16MB (=16777216) (default)
dn5_1    | 2022-06-13 01:15:54,414 [pool-46-thread-1] INFO server.RaftServerConfigKeys: raft.server.log.statemachine.data.read.timeout = 1000ms (default)
dn1_1    | 2022-06-13 01:16:37,455 [Command processor thread] INFO commandhandler.FinalizeNewLayoutVersionCommandHandler: Processing FinalizeNewLayoutVersionCommandHandler command.
om3_1    | 2022-06-13 01:16:05,536 [main] INFO grpc.GrpcConfigKeys: raft.grpc.client.port = -1 (default)
dn3_1    | 2022-06-13 01:16:01,046 [Datanode State Machine Daemon Thread] ERROR datanode.RunningDatanodeState: Error in executing end point task.
om2_1    | 2022-06-13 01:16:05,975 [main] INFO server.RaftServerConfigKeys: raft.server.rpc.request.timeout = 3000ms (default)
scm_1    | 2022-06-13 01:15:57,196 [main] INFO ipc.CallQueueManager: Using callQueue: class java.util.concurrent.LinkedBlockingQueue, queueCapacity: 10000, scheduler: class org.apache.hadoop.ipc.DefaultRpcScheduler, ipcBackoff: false.
recon_1  | 2022-06-13 01:15:52,323 [main] INFO ozone.OmUtils: Using OzoneManager ServiceID 'omservice'.
s3g_1    | 2022-06-13 01:15:53,203 [main] INFO server.Server: Started @42752ms
dn4_1    | 2022-06-13 01:15:50,649 [main] INFO server.RaftServerConfigKeys: raft.server.threadpool.proxy.cached = true (default)
om1_1    | 2022-06-13 01:16:05,748 [main] INFO server.RaftServerConfigKeys: raft.server.log.appender.buffer.byte-limit = 33554432 (custom)
dn2_1    | 2022-06-13 01:16:20,424 [be82080b-7bca-4ce4-bd20-d5dd13d8c36a@group-9D2021CC5F32-LeaderElection5] INFO server.RaftServerConfigKeys: raft.server.log.appender.buffer.byte-limit = 33554432 (custom)
dn5_1    | 2022-06-13 01:15:54,414 [pool-46-thread-1] INFO server.RaftServerConfigKeys: raft.server.log.segment.size.max = 1048576 (custom)
dn1_1    | 2022-06-13 01:16:37,455 [Command processor thread] INFO commandhandler.FinalizeNewLayoutVersionCommandHandler: Finalize Upgrade called!
om3_1    | 2022-06-13 01:16:05,536 [main] INFO grpc.GrpcConfigKeys: raft.grpc.server.port = 9872 (custom)
dn3_1    | java.util.concurrent.ExecutionException: java.util.concurrent.TimeoutException
om2_1    | 2022-06-13 01:16:06,061 [main] INFO grpc.GrpcConfigKeys: raft.grpc.server.async.request.thread.pool.cached = true (default)
scm_1    | 2022-06-13 01:15:57,281 [Socket Reader #1 for port 9861] INFO ipc.Server: Starting Socket Reader #1 for port 9861
recon_1  | 2022-06-13 01:15:54,559 [main] WARN recon.ReconUtils: ozone.recon.om.db.dir is not configured. We recommend adding this setting. Falling back to ozone.metadata.dirs instead.
dn4_1    | 2022-06-13 01:15:50,655 [main] INFO server.RaftServerConfigKeys: raft.server.threadpool.proxy.size = 0 (default)
s3g_1    | 2022-06-13 01:15:53,210 [main] INFO impl.MetricsSinkAdapter: Sink prometheus started
s3g_1    | 2022-06-13 01:15:53,212 [main] INFO impl.MetricsSystemImpl: Registered sink prometheus
dn2_1    | 2022-06-13 01:16:20,424 [be82080b-7bca-4ce4-bd20-d5dd13d8c36a@group-9D2021CC5F32-LeaderElection5] INFO server.RaftServerConfigKeys: raft.server.log.appender.buffer.element-limit = 1 (custom)
dn2_1    | 2022-06-13 01:16:20,424 [be82080b-7bca-4ce4-bd20-d5dd13d8c36a@group-9D2021CC5F32-LeaderElection5] INFO grpc.GrpcConfigKeys: raft.grpc.server.leader.outstanding.appends.max = 128 (default)
om1_1    | 2022-06-13 01:16:05,754 [main] INFO server.GrpcService: raft.grpc.flow.control.window = 1MB (=1048576) (default)
om1_1    | 2022-06-13 01:16:05,754 [main] INFO server.RaftServerConfigKeys: raft.server.rpc.request.timeout = 3000ms (default)
om1_1    | 2022-06-13 01:16:05,795 [main] INFO grpc.GrpcConfigKeys: raft.grpc.server.async.request.thread.pool.cached = true (default)
om1_1    | 2022-06-13 01:16:05,797 [main] INFO grpc.GrpcConfigKeys: raft.grpc.server.async.request.thread.pool.size = 32 (default)
om1_1    | 2022-06-13 01:16:07,918 [main] INFO impl.DataStreamServerImpl: raft.datastream.type = DISABLED (default)
om1_1    | 2022-06-13 01:16:07,950 [main] INFO server.RaftServerConfigKeys: raft.server.threadpool.proxy.cached = true (default)
om1_1    | 2022-06-13 01:16:07,957 [main] INFO server.RaftServerConfigKeys: raft.server.threadpool.proxy.size = 0 (default)
om1_1    | 2022-06-13 01:16:07,957 [main] INFO server.RaftServerConfigKeys: raft.server.rpc.slowness.timeout = 120s (custom)
om1_1    | 2022-06-13 01:16:07,957 [main] INFO server.RaftServerConfigKeys: raft.server.leaderelection.leader.step-down.wait-time = 10s (default)
om1_1    | 2022-06-13 01:16:07,994 [main] INFO server.RaftServerConfigKeys: raft.server.storage.dir = [/data/metadata/ratis] (custom)
om1_1    | 2022-06-13 01:16:08,026 [om1-impl-thread1] INFO server.RaftServer: om1: found a subdirectory /data/metadata/ratis/5cb24680-b9e7-3c90-a862-d66704efc61c
om1_1    | 2022-06-13 01:16:08,104 [main] INFO server.RaftServer: om1: addNew group-D66704EFC61C:[om1|rpc:om1:9872|priority:0, om3|rpc:om3:9872|priority:0, om2|rpc:om2:9872|priority:0] returns group-D66704EFC61C:java.util.concurrent.CompletableFuture@747835f5[Not completed]
om1_1    | 2022-06-13 01:16:08,104 [main] INFO om.OzoneManager: OzoneManager Ratis server initialized at port 9872
om1_1    | 2022-06-13 01:16:08,323 [main] INFO om.OzoneManager: Creating RPC Server
om1_1    | 2022-06-13 01:16:08,358 [pool-26-thread-1] INFO server.RaftServer$Division: om1: new RaftServerImpl for group-D66704EFC61C:[om1|rpc:om1:9872|priority:0, om3|rpc:om3:9872|priority:0, om2|rpc:om2:9872|priority:0] with OzoneManagerStateMachine:uninitialized
dn3_1    | 	at java.base/java.util.concurrent.FutureTask.report(FutureTask.java:122)
scm_1    | 2022-06-13 01:15:57,463 [Listener at 0.0.0.0/9861] INFO audit.AuditLogger: Refresh DebugCmdSet for SCMAudit to [].
dn4_1    | 2022-06-13 01:15:50,659 [main] INFO server.RaftServerConfigKeys: raft.server.rpc.slowness.timeout = 300s (custom)
om2_1    | 2022-06-13 01:16:06,068 [main] INFO grpc.GrpcConfigKeys: raft.grpc.server.async.request.thread.pool.size = 32 (default)
dn2_1    | 2022-06-13 01:16:20,424 [be82080b-7bca-4ce4-bd20-d5dd13d8c36a@group-9D2021CC5F32-LeaderElection5] INFO server.RaftServerConfigKeys: raft.server.rpc.request.timeout = 60s (custom)
dn1_1    | 2022-06-13 01:16:37,455 [Command processor thread] INFO upgrade.UpgradeFinalizer: Finalization started.
dn5_1    | 2022-06-13 01:15:54,414 [pool-46-thread-1] INFO server.RaftServerConfigKeys: raft.server.log.segment.cache.num.max = 2 (custom)
om1_1    | 2022-06-13 01:16:08,387 [pool-26-thread-1] INFO server.RaftServerConfigKeys: raft.server.rpc.timeout.min = 5s (custom)
om3_1    | 2022-06-13 01:16:05,536 [main] INFO grpc.GrpcConfigKeys: raft.grpc.server.port = 9872 (custom)
recon_1  | 2022-06-13 01:15:55,141 [main] WARN recon.ReconUtils: ozone.recon.scm.db.dirs is not configured. We recommend adding this setting. Falling back to ozone.metadata.dirs instead.
s3g_1    | 2022-06-13 01:15:53,214 [main] INFO http.BaseHttpServer: HTTP server of s3gateway listening at http://0.0.0.0:9878
dn3_1    | 	at java.base/java.util.concurrent.FutureTask.get(FutureTask.java:191)
scm_1    | 2022-06-13 01:15:57,473 [Listener at 0.0.0.0/9861] INFO ipc.CallQueueManager: Using callQueue: class java.util.concurrent.LinkedBlockingQueue, queueCapacity: 10000, scheduler: class org.apache.hadoop.ipc.DefaultRpcScheduler, ipcBackoff: false.
dn4_1    | 2022-06-13 01:15:50,661 [main] INFO server.RaftServerConfigKeys: raft.server.leaderelection.leader.step-down.wait-time = 10s (default)
om2_1    | 2022-06-13 01:16:08,202 [main] INFO impl.DataStreamServerImpl: raft.datastream.type = DISABLED (default)
dn2_1    | 2022-06-13 01:16:20,424 [be82080b-7bca-4ce4-bd20-d5dd13d8c36a@group-9D2021CC5F32-LeaderElection5] INFO server.RaftServerConfigKeys: raft.server.log.appender.install.snapshot.enabled = false (custom)
dn1_1    | 2022-06-13 01:16:37,455 [Command processor thread] WARN upgrade.UpgradeFinalizer: FinalizeUpgrade : Waiting for container 2 to close, current state is: CLOSING
dn5_1    | 2022-06-13 01:15:54,423 [pool-46-thread-1] INFO server.RaftServerConfigKeys: raft.server.log.segment.cache.size.max = 200MB (=209715200) (default)
om1_1    | 2022-06-13 01:16:08,430 [pool-26-thread-1] INFO server.RaftServerConfigKeys: raft.server.rpc.timeout.max = 5200ms (custom)
om3_1    | 2022-06-13 01:16:05,537 [main] INFO server.GrpcService: raft.grpc.message.size.max = 33554432 (custom)
recon_1  | 2022-06-13 01:15:55,584 [main] INFO net.NodeSchemaLoader: Loading schema from [file:/etc/hadoop/network-topology-default.xml, jar:file:/opt/hadoop/share/ozone/lib/hdds-common-1.3.0-SNAPSHOT.jar!/network-topology-default.xml]
dn3_1    | 	at org.apache.hadoop.ozone.container.common.states.datanode.RunningDatanodeState.computeNextContainerState(RunningDatanodeState.java:199)
dn3_1    | 	at org.apache.hadoop.ozone.container.common.states.datanode.RunningDatanodeState.await(RunningDatanodeState.java:239)
dn4_1    | 2022-06-13 01:15:50,741 [main] INFO server.RaftServerConfigKeys: raft.server.storage.dir = [/data/metadata/ratis] (custom)
om2_1    | 2022-06-13 01:16:08,225 [main] INFO server.RaftServerConfigKeys: raft.server.threadpool.proxy.cached = true (default)
om2_1    | 2022-06-13 01:16:08,230 [main] INFO server.RaftServerConfigKeys: raft.server.threadpool.proxy.size = 0 (default)
dn2_1    | 2022-06-13 01:16:20,437 [be82080b-7bca-4ce4-bd20-d5dd13d8c36a@group-9D2021CC5F32-LeaderElection5] INFO impl.RoleInfo: be82080b-7bca-4ce4-bd20-d5dd13d8c36a: start be82080b-7bca-4ce4-bd20-d5dd13d8c36a@group-9D2021CC5F32-LeaderStateImpl
dn1_1    | 2022-06-13 01:16:37,455 [Command processor thread] INFO upgrade.UpgradeFinalizer: Pre Finalization checks failed on the DataNode.
dn5_1    | 2022-06-13 01:15:54,423 [pool-46-thread-1] INFO segmented.SegmentedRaftLogWorker: new 5112d1c6-a698-41d8-947b-75ac780bade1@group-9D2021CC5F32-SegmentedRaftLogWorker for RaftStorageImpl:Storage Directory /data/metadata/ratis/32e10f44-85c3-4f74-b0fd-9d2021cc5f32
om1_1    | 2022-06-13 01:16:08,430 [pool-26-thread-1] INFO server.RaftServerConfigKeys: raft.server.rpc.sleep.time = 25ms (default)
om3_1    | 2022-06-13 01:16:05,538 [main] INFO server.RaftServerConfigKeys: raft.server.log.appender.buffer.byte-limit = 33554432 (custom)
recon_1  | 2022-06-13 01:15:55,588 [main] INFO net.NodeSchemaLoader: Loading network topology layer schema file
dn3_1    | 	at org.apache.hadoop.ozone.container.common.states.datanode.RunningDatanodeState.await(RunningDatanodeState.java:50)
scm_1    | 2022-06-13 01:15:57,494 [Socket Reader #1 for port 9863] INFO ipc.Server: Starting Socket Reader #1 for port 9863
dn4_1    | 2022-06-13 01:15:50,767 [95ffca0c-1981-46bd-868d-605d8cd5d4b9-impl-thread1] INFO server.RaftServer: 95ffca0c-1981-46bd-868d-605d8cd5d4b9: found a subdirectory /data/metadata/ratis/32e10f44-85c3-4f74-b0fd-9d2021cc5f32
om2_1    | 2022-06-13 01:16:08,237 [main] INFO server.RaftServerConfigKeys: raft.server.rpc.slowness.timeout = 120s (custom)
dn2_1    | 2022-06-13 01:16:20,437 [be82080b-7bca-4ce4-bd20-d5dd13d8c36a@group-9D2021CC5F32-LeaderElection5] INFO segmented.SegmentedRaftLogWorker: be82080b-7bca-4ce4-bd20-d5dd13d8c36a@group-9D2021CC5F32-SegmentedRaftLogWorker: Rolling segment log-17_30 to index:30
dn1_1    | 2022-06-13 01:16:37,455 [Command processor thread] WARN upgrade.DefaultUpgradeFinalizationExecutor: Upgrade Finalization failed with following Exception. 
dn5_1    | 2022-06-13 01:15:54,424 [pool-46-thread-1] INFO server.RaftServerConfigKeys: raft.server.log.queue.byte-limit = 4294967296 (custom)
om1_1    | 2022-06-13 01:16:08,430 [pool-26-thread-1] INFO server.RaftServerConfigKeys: raft.server.rpc.slowness.timeout = 120s (custom)
om3_1    | 2022-06-13 01:16:05,539 [main] INFO server.GrpcService: raft.grpc.flow.control.window = 1MB (=1048576) (default)
recon_1  | 2022-06-13 01:15:55,882 [main] WARN db.DBStoreBuilder: ozone.recon.scm.db.dirs is not configured. We recommend adding this setting. Falling back to ozone.metadata.dirs instead.
dn3_1    | 	at org.apache.hadoop.ozone.container.common.statemachine.StateContext.execute(StateContext.java:660)
scm_1    | 2022-06-13 01:15:57,807 [Listener at 0.0.0.0/9863] INFO audit.AuditLogger: Refresh DebugCmdSet for SCMAudit to [].
dn4_1    | 2022-06-13 01:15:50,868 [95ffca0c-1981-46bd-868d-605d8cd5d4b9-impl-thread1] INFO server.RaftServer: 95ffca0c-1981-46bd-868d-605d8cd5d4b9: addNew group-9D2021CC5F32:[] returns group-9D2021CC5F32:java.util.concurrent.CompletableFuture@44ca1f5b[Not completed]
om2_1    | 2022-06-13 01:16:08,263 [main] INFO server.RaftServerConfigKeys: raft.server.leaderelection.leader.step-down.wait-time = 10s (default)
dn2_1    | 2022-06-13 01:16:20,438 [be82080b-7bca-4ce4-bd20-d5dd13d8c36a@group-9D2021CC5F32-SegmentedRaftLogWorker] INFO segmented.SegmentedRaftLogWorker: be82080b-7bca-4ce4-bd20-d5dd13d8c36a@group-9D2021CC5F32-SegmentedRaftLogWorker: Rolled log segment from /data/metadata/ratis/32e10f44-85c3-4f74-b0fd-9d2021cc5f32/current/log_inprogress_17 to /data/metadata/ratis/32e10f44-85c3-4f74-b0fd-9d2021cc5f32/current/log_17-30
dn1_1    | PREFINALIZE_VALIDATION_FAILED org.apache.hadoop.ozone.upgrade.UpgradeException: Pre Finalization checks failed on the DataNode.
dn5_1    | 2022-06-13 01:15:54,424 [pool-46-thread-1] INFO server.RaftServerConfigKeys: raft.server.log.queue.element-limit = 1024 (custom)
om1_1    | 2022-06-13 01:16:08,430 [pool-26-thread-1] INFO server.RaftServerConfigKeys: raft.server.leaderelection.leader.step-down.wait-time = 10s (default)
om3_1    | 2022-06-13 01:16:05,539 [main] INFO server.RaftServerConfigKeys: raft.server.rpc.request.timeout = 3000ms (default)
recon_1  | 2022-06-13 01:15:56,129 [main] INFO upgrade.AbstractLayoutVersionManager: Initializing Layout version manager with metadata layout = DATANODE_SCHEMA_V3 (version = 4), software layout = DATANODE_SCHEMA_V3 (version = 4)
dn3_1    | 	at org.apache.hadoop.ozone.container.common.statemachine.DatanodeStateMachine.startStateMachineThread(DatanodeStateMachine.java:294)
scm_1    | 2022-06-13 01:15:57,824 [Listener at 0.0.0.0/9863] INFO ipc.CallQueueManager: Using callQueue: class java.util.concurrent.LinkedBlockingQueue, queueCapacity: 10000, scheduler: class org.apache.hadoop.ipc.DefaultRpcScheduler, ipcBackoff: false.
dn4_1    | 2022-06-13 01:15:50,869 [95ffca0c-1981-46bd-868d-605d8cd5d4b9-impl-thread1] INFO server.RaftServer: 95ffca0c-1981-46bd-868d-605d8cd5d4b9: found a subdirectory /data/metadata/ratis/dccb929a-6875-4398-ba11-4033e3ed178d
om2_1    | 2022-06-13 01:16:08,391 [main] INFO server.RaftServerConfigKeys: raft.server.storage.dir = [/data/metadata/ratis] (custom)
dn2_1    | 2022-06-13 01:16:20,453 [be82080b-7bca-4ce4-bd20-d5dd13d8c36a@group-9D2021CC5F32-SegmentedRaftLogWorker] INFO segmented.SegmentedRaftLogWorker: be82080b-7bca-4ce4-bd20-d5dd13d8c36a@group-9D2021CC5F32-SegmentedRaftLogWorker: created new log segment /data/metadata/ratis/32e10f44-85c3-4f74-b0fd-9d2021cc5f32/current/log_inprogress_31
dn1_1    | 	at org.apache.hadoop.ozone.container.upgrade.DataNodeUpgradeFinalizer.preFinalizeUpgrade(DataNodeUpgradeFinalizer.java:56)
dn5_1    | 2022-06-13 01:15:54,424 [pool-46-thread-1] INFO server.RaftServerConfigKeys: raft.server.log.segment.size.max = 1048576 (custom)
om1_1    | 2022-06-13 01:16:08,430 [pool-26-thread-1] INFO server.RaftServerConfigKeys: raft.server.sleep.deviation.threshold = 300ms (default)
om1_1    | 2022-06-13 01:16:08,588 [pool-26-thread-1] INFO server.RaftServer$Division: om1@group-D66704EFC61C: ConfigurationManager, init=-1: [om1|rpc:om1:9872|priority:0, om3|rpc:om3:9872|priority:0, om2|rpc:om2:9872|priority:0], old=null, confs=<EMPTY_MAP>
om1_1    | 2022-06-13 01:16:08,605 [pool-26-thread-1] INFO server.RaftServerConfigKeys: raft.server.storage.dir = [/data/metadata/ratis] (custom)
om1_1    | 2022-06-13 01:16:08,630 [pool-26-thread-1] INFO server.RaftServerConfigKeys: raft.server.log.corruption.policy = EXCEPTION (default)
om1_1    | 2022-06-13 01:16:08,649 [pool-26-thread-1] INFO server.RaftServerConfigKeys: raft.server.storage.free-space.min = 0MB (=0) (default)
om1_1    | 2022-06-13 01:16:08,804 [pool-26-thread-1] INFO storage.RaftStorageDirectory: Lock on /data/metadata/ratis/5cb24680-b9e7-3c90-a862-d66704efc61c/in_use.lock acquired by nodename 7@f156f4a7ff8d
om2_1    | 2022-06-13 01:16:08,422 [om2-impl-thread1] INFO server.RaftServer: om2: found a subdirectory /data/metadata/ratis/5cb24680-b9e7-3c90-a862-d66704efc61c
om2_1    | 2022-06-13 01:16:08,514 [main] INFO server.RaftServer: om2: addNew group-D66704EFC61C:[om1|rpc:om1:9872|priority:0, om3|rpc:om3:9872|priority:0, om2|rpc:om2:9872|priority:0] returns group-D66704EFC61C:java.util.concurrent.CompletableFuture@51d0ec6f[Not completed]
dn4_1    | 2022-06-13 01:15:50,869 [95ffca0c-1981-46bd-868d-605d8cd5d4b9-impl-thread1] INFO server.RaftServer: 95ffca0c-1981-46bd-868d-605d8cd5d4b9: addNew group-4033E3ED178D:[] returns group-4033E3ED178D:java.util.concurrent.CompletableFuture@5a3f422b[Not completed]
dn5_1    | 2022-06-13 01:15:54,424 [pool-46-thread-1] INFO server.RaftServerConfigKeys: raft.server.log.preallocated.size = 16384 (custom)
om1_1    | 2022-06-13 01:16:08,975 [pool-26-thread-1] INFO storage.RaftStorage: Read RaftStorageMetadata{term=4, votedFor=om3} from /data/metadata/ratis/5cb24680-b9e7-3c90-a862-d66704efc61c/current/raft-meta
scm_1    | 2022-06-13 01:15:57,840 [Socket Reader #1 for port 9860] INFO ipc.Server: Starting Socket Reader #1 for port 9860
om3_1    | 2022-06-13 01:16:05,591 [main] INFO grpc.GrpcConfigKeys: raft.grpc.server.async.request.thread.pool.cached = true (default)
recon_1  | 2022-06-13 01:15:56,259 [main] INFO reflections.Reflections: Reflections took 117 ms to scan 3 urls, producing 109 keys and 239 values 
dn3_1    | 	at org.apache.hadoop.ozone.container.common.statemachine.DatanodeStateMachine.lambda$startDaemon$0(DatanodeStateMachine.java:485)
om2_1    | 2022-06-13 01:16:08,514 [main] INFO om.OzoneManager: OzoneManager Ratis server initialized at port 9872
dn2_1    | 2022-06-13 01:16:20,489 [be82080b-7bca-4ce4-bd20-d5dd13d8c36a@group-9D2021CC5F32-LeaderElection5] INFO server.RaftServer$Division: be82080b-7bca-4ce4-bd20-d5dd13d8c36a@group-9D2021CC5F32: set configuration 31: [be82080b-7bca-4ce4-bd20-d5dd13d8c36a|rpc:10.9.0.16:9856|admin:10.9.0.16:9857|client:10.9.0.16:9858|dataStream:|priority:1, 5112d1c6-a698-41d8-947b-75ac780bade1|rpc:10.9.0.19:9856|admin:10.9.0.19:9857|client:10.9.0.19:9858|dataStream:|priority:0, 95ffca0c-1981-46bd-868d-605d8cd5d4b9|rpc:10.9.0.18:9856|admin:10.9.0.18:9857|client:10.9.0.18:9858|dataStream:|priority:0], old=null
dn1_1    | 	at org.apache.hadoop.ozone.container.upgrade.DataNodeUpgradeFinalizer.preFinalizeUpgrade(DataNodeUpgradeFinalizer.java:40)
dn4_1    | 2022-06-13 01:15:50,869 [95ffca0c-1981-46bd-868d-605d8cd5d4b9-impl-thread1] INFO server.RaftServer: 95ffca0c-1981-46bd-868d-605d8cd5d4b9: found a subdirectory /data/metadata/ratis/6fa38187-b55c-49b5-80ef-2d5ebaa9263b
dn5_1    | 2022-06-13 01:15:54,424 [pool-46-thread-1] INFO server.RaftServerConfigKeys: raft.server.log.force.sync.num = 128 (default)
om1_1    | 2022-06-13 01:16:10,085 [pool-26-thread-1] INFO server.RaftServer$Division: om1@group-D66704EFC61C: set configuration 65: [om1|rpc:om1:9872|admin:|client:|dataStream:|priority:0, om3|rpc:om3:9872|admin:|client:|dataStream:|priority:0, om2|rpc:om2:9872|admin:|client:|dataStream:|priority:0], old=null
scm_1    | 2022-06-13 01:15:58,156 [Listener at 0.0.0.0/9860] INFO ha.SCMServiceManager: Registering service ContainerBalancer.
om3_1    | 2022-06-13 01:16:05,597 [main] INFO grpc.GrpcConfigKeys: raft.grpc.server.async.request.thread.pool.size = 32 (default)
recon_1  | 2022-06-13 01:15:56,394 [main] INFO ha.SequenceIdGenerator: Init the HA SequenceIdGenerator.
dn3_1    | 	at java.base/java.lang.Thread.run(Thread.java:829)
om2_1    | 2022-06-13 01:16:08,666 [main] INFO om.OzoneManager: Creating RPC Server
dn2_1    | 2022-06-13 01:16:25,457 [be82080b-7bca-4ce4-bd20-d5dd13d8c36a@group-2D5EBAA9263B-FollowerState] INFO impl.FollowerState: be82080b-7bca-4ce4-bd20-d5dd13d8c36a@group-2D5EBAA9263B-FollowerState: change to CANDIDATE, lastRpcElapsedTime:5058688126ns, electionTimeout:5058ms
dn1_1    | 	at org.apache.hadoop.ozone.upgrade.DefaultUpgradeFinalizationExecutor.execute(DefaultUpgradeFinalizationExecutor.java:49)
dn5_1    | 2022-06-13 01:15:54,424 [pool-46-thread-1] INFO server.RaftServerConfigKeys: raft.server.log.statemachine.data.sync = true (default)
dn4_1    | 2022-06-13 01:15:50,869 [95ffca0c-1981-46bd-868d-605d8cd5d4b9-impl-thread1] INFO server.RaftServer: 95ffca0c-1981-46bd-868d-605d8cd5d4b9: addNew group-2D5EBAA9263B:[] returns group-2D5EBAA9263B:java.util.concurrent.CompletableFuture@77978520[Not completed]
om1_1    | 2022-06-13 01:16:10,085 [pool-26-thread-1] INFO server.RaftServerConfigKeys: raft.server.notification.no-leader.timeout = 120s (custom)
scm_1    | 2022-06-13 01:15:58,158 [Listener at 0.0.0.0/9860] INFO server.StorageContainerManager: 
om3_1    | 2022-06-13 01:16:07,564 [main] INFO impl.DataStreamServerImpl: raft.datastream.type = DISABLED (default)
recon_1  | 2022-06-13 01:15:56,413 [main] INFO node.SCMNodeManager: Entering startup safe mode.
dn3_1    | Caused by: java.util.concurrent.TimeoutException
om2_1    | 2022-06-13 01:16:08,814 [pool-26-thread-1] INFO server.RaftServer$Division: om2: new RaftServerImpl for group-D66704EFC61C:[om1|rpc:om1:9872|priority:0, om3|rpc:om3:9872|priority:0, om2|rpc:om2:9872|priority:0] with OzoneManagerStateMachine:uninitialized
dn2_1    | 2022-06-13 01:16:25,457 [be82080b-7bca-4ce4-bd20-d5dd13d8c36a@group-2D5EBAA9263B-FollowerState] INFO impl.RoleInfo: be82080b-7bca-4ce4-bd20-d5dd13d8c36a: shutdown be82080b-7bca-4ce4-bd20-d5dd13d8c36a@group-2D5EBAA9263B-FollowerState
dn1_1    | 	at org.apache.hadoop.ozone.upgrade.BasicUpgradeFinalizer.finalize(BasicUpgradeFinalizer.java:93)
dn5_1    | 2022-06-13 01:15:54,425 [pool-46-thread-1] INFO server.RaftServerConfigKeys: raft.server.log.statemachine.data.sync.timeout = 10s (default)
dn4_1    | 2022-06-13 01:15:51,042 [main] INFO server.XceiverServerGrpc: GrpcServer channel type EpollServerSocketChannel
om1_1    | 2022-06-13 01:16:10,116 [pool-26-thread-1] INFO server.RaftServerConfigKeys: raft.server.log.use.memory = false (default)
scm_1    | Container Balancer status:
om3_1    | 2022-06-13 01:16:07,582 [main] INFO server.RaftServerConfigKeys: raft.server.threadpool.proxy.cached = true (default)
recon_1  | 2022-06-13 01:15:56,420 [main] INFO scm.ReconNodeManager: Loaded 0 nodes from node DB.
dn3_1    | 	at java.base/java.util.concurrent.FutureTask.get(FutureTask.java:204)
om2_1    | 2022-06-13 01:16:08,863 [pool-26-thread-1] INFO server.RaftServerConfigKeys: raft.server.rpc.timeout.min = 5s (custom)
dn2_1    | 2022-06-13 01:16:25,457 [be82080b-7bca-4ce4-bd20-d5dd13d8c36a@group-2D5EBAA9263B-FollowerState] INFO server.RaftServer$Division: be82080b-7bca-4ce4-bd20-d5dd13d8c36a@group-2D5EBAA9263B: changes role from  FOLLOWER to CANDIDATE at term 12 for changeToCandidate
dn1_1    | 	at org.apache.hadoop.ozone.container.common.statemachine.DatanodeStateMachine.finalizeUpgrade(DatanodeStateMachine.java:684)
dn5_1    | 2022-06-13 01:15:54,425 [pool-46-thread-1] INFO server.RaftServerConfigKeys: raft.server.log.statemachine.data.sync.timeout.retry = -1 (default)
dn4_1    | 2022-06-13 01:15:51,296 [pool-42-thread-1] INFO server.RaftServer$Division: 95ffca0c-1981-46bd-868d-605d8cd5d4b9: new RaftServerImpl for group-9D2021CC5F32:[] with ContainerStateMachine:uninitialized
om1_1    | 2022-06-13 01:16:10,239 [pool-26-thread-1] INFO server.RaftServerConfigKeys: raft.server.log.purge.gap = 1000000 (custom)
scm_1    | Key                            Value
scm_1    | Running                        false
recon_1  | 2022-06-13 01:15:56,423 [main] INFO algorithms.ContainerPlacementPolicyFactory: Create container placement policy of type org.apache.hadoop.hdds.scm.container.placement.algorithms.SCMContainerPlacementRandom
dn3_1    | 	at org.apache.hadoop.ozone.container.common.states.datanode.RunningDatanodeState.lambda$execute$0(RunningDatanodeState.java:157)
om2_1    | 2022-06-13 01:16:08,882 [pool-26-thread-1] INFO server.RaftServerConfigKeys: raft.server.rpc.timeout.max = 5200ms (custom)
dn2_1    | 2022-06-13 01:16:25,457 [be82080b-7bca-4ce4-bd20-d5dd13d8c36a@group-2D5EBAA9263B-FollowerState] INFO server.RaftServerConfigKeys: raft.server.leaderelection.pre-vote = false (custom)
dn1_1    | 	at org.apache.hadoop.ozone.container.common.statemachine.commandhandler.FinalizeNewLayoutVersionCommandHandler.handle(FinalizeNewLayoutVersionCommandHandler.java:78)
dn5_1    | 2022-06-13 01:15:54,426 [pool-46-thread-1] INFO server.RaftServerConfigKeys: raft.server.log.write.buffer.size = 1048576 (custom)
dn4_1    | 2022-06-13 01:15:51,390 [pool-42-thread-1] INFO server.RaftServerConfigKeys: raft.server.rpc.timeout.min = 5s (custom)
om1_1    | 2022-06-13 01:16:10,239 [pool-26-thread-1] INFO server.RaftServerConfigKeys: raft.server.log.appender.buffer.byte-limit = 33554432 (custom)
scm_1    | Container Balancer Configuration values:
om3_1    | 2022-06-13 01:16:07,583 [main] INFO server.RaftServerConfigKeys: raft.server.threadpool.proxy.size = 0 (default)
recon_1  | 2022-06-13 01:15:56,485 [main] INFO audit.AuditLogger: Refresh DebugCmdSet for SCMAudit to [].
dn3_1    | 	at java.base/java.util.concurrent.FutureTask.run(FutureTask.java:264)
om2_1    | 2022-06-13 01:16:08,885 [pool-26-thread-1] INFO server.RaftServerConfigKeys: raft.server.rpc.sleep.time = 25ms (default)
dn2_1    | 2022-06-13 01:16:25,457 [be82080b-7bca-4ce4-bd20-d5dd13d8c36a@group-2D5EBAA9263B-FollowerState] INFO impl.RoleInfo: be82080b-7bca-4ce4-bd20-d5dd13d8c36a: start be82080b-7bca-4ce4-bd20-d5dd13d8c36a@group-2D5EBAA9263B-LeaderElection7
dn1_1    | 	at org.apache.hadoop.ozone.container.common.statemachine.commandhandler.CommandDispatcher.handle(CommandDispatcher.java:99)
dn5_1    | 2022-06-13 01:15:54,432 [pool-46-thread-1] INFO server.RaftServerConfigKeys: raft.server.log.unsafe-flush.enabled = false (default)
dn4_1    | 2022-06-13 01:15:51,414 [pool-42-thread-1] INFO server.RaftServerConfigKeys: raft.server.rpc.timeout.max = 5200ms (custom)
om1_1    | 2022-06-13 01:16:10,296 [pool-26-thread-1] INFO server.RaftServerConfigKeys: raft.server.log.statemachine.data.read.timeout = 1000ms (default)
scm_1    | Key                                                Value
om3_1    | 2022-06-13 01:16:07,583 [main] INFO server.RaftServerConfigKeys: raft.server.rpc.slowness.timeout = 120s (custom)
recon_1  | 2022-06-13 01:15:56,546 [main] INFO ipc.CallQueueManager: Using callQueue: class java.util.concurrent.LinkedBlockingQueue, queueCapacity: 10000, scheduler: class org.apache.hadoop.ipc.DefaultRpcScheduler, ipcBackoff: false.
dn3_1    | 	at java.base/java.util.concurrent.Executors$RunnableAdapter.call(Executors.java:515)
om2_1    | 2022-06-13 01:16:08,888 [pool-26-thread-1] INFO server.RaftServerConfigKeys: raft.server.rpc.slowness.timeout = 120s (custom)
dn2_1    | 2022-06-13 01:16:25,459 [be82080b-7bca-4ce4-bd20-d5dd13d8c36a@group-2D5EBAA9263B-LeaderElection7] INFO impl.LeaderElection: be82080b-7bca-4ce4-bd20-d5dd13d8c36a@group-2D5EBAA9263B-LeaderElection7 ELECTION round 0: submit vote requests at term 13 for 14: [8d28037e-1929-496c-827d-ab357f1b0800|rpc:10.9.0.15:9856|admin:10.9.0.15:9857|client:10.9.0.15:9858|dataStream:|priority:1, be82080b-7bca-4ce4-bd20-d5dd13d8c36a|rpc:10.9.0.16:9856|admin:10.9.0.16:9857|client:10.9.0.16:9858|dataStream:|priority:0, 95ffca0c-1981-46bd-868d-605d8cd5d4b9|rpc:10.9.0.18:9856|admin:10.9.0.18:9857|client:10.9.0.18:9858|dataStream:|priority:0], old=null
dn1_1    | 	at org.apache.hadoop.ozone.container.common.statemachine.DatanodeStateMachine.lambda$initCommandHandlerThread$3(DatanodeStateMachine.java:613)
dn5_1    | 2022-06-13 01:15:54,438 [pool-46-thread-1] INFO server.RaftServerConfigKeys: raft.server.log.statemachine.data.caching.enabled = true (custom)
dn4_1    | 2022-06-13 01:15:51,415 [pool-42-thread-1] INFO server.RaftServerConfigKeys: raft.server.rpc.sleep.time = 25ms (default)
om1_1    | 2022-06-13 01:16:10,425 [pool-26-thread-1] INFO server.RaftServerConfigKeys: raft.server.log.segment.size.max = 4194304 (custom)
scm_1    | Threshold                                          10
om3_1    | 2022-06-13 01:16:07,583 [main] INFO server.RaftServerConfigKeys: raft.server.leaderelection.leader.step-down.wait-time = 10s (default)
recon_1  | 2022-06-13 01:15:56,628 [Socket Reader #1 for port 9891] INFO ipc.Server: Starting Socket Reader #1 for port 9891
dn3_1    | 	at java.base/java.util.concurrent.FutureTask.run(FutureTask.java:264)
om2_1    | 2022-06-13 01:16:08,888 [pool-26-thread-1] INFO server.RaftServerConfigKeys: raft.server.leaderelection.leader.step-down.wait-time = 10s (default)
dn2_1    | 2022-06-13 01:16:25,485 [be82080b-7bca-4ce4-bd20-d5dd13d8c36a@group-2D5EBAA9263B-LeaderElection7] INFO impl.LeaderElection: be82080b-7bca-4ce4-bd20-d5dd13d8c36a@group-2D5EBAA9263B-LeaderElection7: ELECTION REJECTED received 2 response(s) and 0 exception(s):
dn1_1    | 	at java.base/java.lang.Thread.run(Thread.java:829)
dn5_1    | 2022-06-13 01:15:54,442 [pool-46-thread-1] INFO server.RaftServer$Division: 5112d1c6-a698-41d8-947b-75ac780bade1@group-9D2021CC5F32: set configuration 0: [be82080b-7bca-4ce4-bd20-d5dd13d8c36a|rpc:10.9.0.16:9856|admin:10.9.0.16:9857|client:10.9.0.16:9858|dataStream:|priority:1, 5112d1c6-a698-41d8-947b-75ac780bade1|rpc:10.9.0.19:9856|admin:10.9.0.19:9857|client:10.9.0.19:9858|dataStream:|priority:0, 95ffca0c-1981-46bd-868d-605d8cd5d4b9|rpc:10.9.0.18:9856|admin:10.9.0.18:9857|client:10.9.0.18:9858|dataStream:|priority:0], old=null
dn4_1    | 2022-06-13 01:15:51,415 [pool-42-thread-1] INFO server.RaftServerConfigKeys: raft.server.rpc.slowness.timeout = 300s (custom)
om1_1    | 2022-06-13 01:16:10,500 [pool-26-thread-1] INFO server.RaftServerConfigKeys: raft.server.log.segment.cache.num.max = 2 (custom)
om3_1    | 2022-06-13 01:16:07,600 [main] INFO server.RaftServerConfigKeys: raft.server.storage.dir = [/data/metadata/ratis] (custom)
scm_1    | Max Datanodes to Involve per Iteration(percent)    20
recon_1  | 2022-06-13 01:15:56,793 [Listener at 0.0.0.0/9891] INFO recon.ReconServer: Recon server initialized successfully!
dn3_1    | 	at java.base/java.util.concurrent.ThreadPoolExecutor.runWorker(ThreadPoolExecutor.java:1128)
om2_1    | 2022-06-13 01:16:08,888 [pool-26-thread-1] INFO server.RaftServerConfigKeys: raft.server.sleep.deviation.threshold = 300ms (default)
dn2_1    | 2022-06-13 01:16:25,485 [be82080b-7bca-4ce4-bd20-d5dd13d8c36a@group-2D5EBAA9263B-LeaderElection7] INFO impl.LeaderElection:   Response 0: be82080b-7bca-4ce4-bd20-d5dd13d8c36a<-8d28037e-1929-496c-827d-ab357f1b0800#0:FAIL-t13
dn1_1    | 2022-06-13 01:16:37,456 [Command processor thread] ERROR commandhandler.FinalizeNewLayoutVersionCommandHandler: Exception during finalization.
dn5_1    | 2022-06-13 01:15:54,451 [pool-46-thread-1] INFO segmented.LogSegment: Successfully read 8 entries from segment file /data/metadata/ratis/32e10f44-85c3-4f74-b0fd-9d2021cc5f32/current/log_0-7
dn4_1    | 2022-06-13 01:15:51,415 [pool-42-thread-1] INFO server.RaftServerConfigKeys: raft.server.leaderelection.leader.step-down.wait-time = 10s (default)
dn4_1    | 2022-06-13 01:15:51,415 [pool-42-thread-1] INFO server.RaftServerConfigKeys: raft.server.sleep.deviation.threshold = 300ms (default)
om3_1    | 2022-06-13 01:16:07,673 [om3-impl-thread1] INFO server.RaftServer: om3: found a subdirectory /data/metadata/ratis/5cb24680-b9e7-3c90-a862-d66704efc61c
scm_1    | Max Size to Move per Iteration                     500GB
recon_1  | 2022-06-13 01:15:56,793 [Listener at 0.0.0.0/9891] INFO recon.ReconServer: Starting Recon server
dn3_1    | 	at java.base/java.util.concurrent.ThreadPoolExecutor$Worker.run(ThreadPoolExecutor.java:628)
om2_1    | 2022-06-13 01:16:08,953 [pool-26-thread-1] INFO server.RaftServer$Division: om2@group-D66704EFC61C: ConfigurationManager, init=-1: [om1|rpc:om1:9872|priority:0, om3|rpc:om3:9872|priority:0, om2|rpc:om2:9872|priority:0], old=null, confs=<EMPTY_MAP>
