Using Docker Compose v2
Executing test ozone-balancer/test-ec.sh
Using Docker Compose v2
Port 9860 is not available on scm1 yet
Port 9860 is not available on scm1 yet
Port 9860 is not available on scm1 yet
Port 9860 is not available on scm1 yet
Port 9860 is not available on scm1 yet
Port 9860 is not available on scm1 yet
Port 9860 is not available on scm1 yet
Port 9860 is not available on scm1 yet
Port 9860 is not available on scm1 yet
Port 9860 is not available on scm1 yet
Port 9860 is not available on scm1 yet
Port 9860 is not available on scm1 yet
Port 9860 is not available on scm1 yet
Port 9860 is not available on scm1 yet
Port 9860 is not available on scm1 yet
Port 9860 is not available on scm1 yet
Port 9860 is not available on scm1 yet
Port 9860 is not available on scm1 yet
Port 9860 is not available on scm1 yet
Port 9860 is available on scm1
SCM is in safe mode. Will retry in 1 sec. Remaining time (sec): 240
SCM is in safe mode. Will retry in 1 sec. Remaining time (sec): 239
SCM is in safe mode. Will retry in 1 sec. Remaining time (sec): 238
SCM is in safe mode. Will retry in 1 sec. Remaining time (sec): 237
SCM is in safe mode. Will retry in 1 sec. Remaining time (sec): 236
SCM is in safe mode. Will retry in 1 sec. Remaining time (sec): 235
SCM is in safe mode. Will retry in 1 sec. Remaining time (sec): 234
SCM is in safe mode. Will retry in 1 sec. Remaining time (sec): 233
SCM is in safe mode. Will retry in 1 sec. Remaining time (sec): 232
SCM is in safe mode. Will retry in 1 sec. Remaining time (sec): 231
SCM is in safe mode. Will retry in 1 sec. Remaining time (sec): 230
SCM is in safe mode. Will retry in 1 sec. Remaining time (sec): 229
SCM is in safe mode. Will retry in 1 sec. Remaining time (sec): 228
SCM is in safe mode. Will retry in 1 sec. Remaining time (sec): 227
SCM is in safe mode. Will retry in 1 sec. Remaining time (sec): 226
SCM is in safe mode. Will retry in 1 sec. Remaining time (sec): 225
SCM is in safe mode. Will retry in 1 sec. Remaining time (sec): 224
SCM is in safe mode. Will retry in 1 sec. Remaining time (sec): 223
SCM is in safe mode. Will retry in 1 sec. Remaining time (sec): 222
SCM is in safe mode. Will retry in 1 sec. Remaining time (sec): 221
SCM is in safe mode. Will retry in 1 sec. Remaining time (sec): 220
SCM is in safe mode. Will retry in 1 sec. Remaining time (sec): 219
SCM is in safe mode. Will retry in 1 sec. Remaining time (sec): 218
SCM is in safe mode. Will retry in 1 sec. Remaining time (sec): 217
SCM is in safe mode. Will retry in 1 sec. Remaining time (sec): 216
SCM is in safe mode. Will retry in 1 sec. Remaining time (sec): 215
SCM is in safe mode. Will retry in 1 sec. Remaining time (sec): 214
SCM is in safe mode. Will retry in 1 sec. Remaining time (sec): 213
SCM is in safe mode. Will retry in 1 sec. Remaining time (sec): 212
SCM is in safe mode. Will retry in 1 sec. Remaining time (sec): 211
SCM is in safe mode. Will retry in 1 sec. Remaining time (sec): 210
SCM is in safe mode. Will retry in 1 sec. Remaining time (sec): 209
SCM is in safe mode. Will retry in 1 sec. Remaining time (sec): 208
SCM is out of safe mode.
Found OM leader for service om: om2 : LEADER (om2)
Replaced OM order with om2,om3,om1 in ozone-balancer-datanode1-1
Replaced OM order with om2,om3,om1 in ozone-balancer-datanode2-1
Replaced OM order with om2,om3,om1 in ozone-balancer-datanode3-1
Replaced OM order with om2,om3,om1 in ozone-balancer-datanode4-1
Replaced OM order with om2,om3,om1 in ozone-balancer-datanode5-1
Replaced OM order with om2,om3,om1 in ozone-balancer-datanode6-1
Replaced OM order with om2,om3,om1 in ozone-balancer-httpfs-1
Replaced OM order with om2,om3,om1 in ozone-balancer-om1-1
Replaced OM order with om2,om3,om1 in ozone-balancer-om2-1
Replaced OM order with om2,om3,om1 in ozone-balancer-om3-1
Replaced OM order with om2,om3,om1 in ozone-balancer-s3g-1
Replaced OM order with om2,om3,om1 in ozone-balancer-scm1-1
Replaced OM order with om2,om3,om1 in ozone-balancer-scm2-1
Replaced OM order with om2,om3,om1 in ozone-balancer-scm3-1
==============================================================================
ozone-balancer-EC :: Smoketest ozone cluster startup                          
==============================================================================
Verify exclude command CLI for Container Balancer                     | PASS |
------------------------------------------------------------------------------
Verify Container Balancer for RATIS/EC containers                     | FAIL |
Keyword 'Run Balancer Verbose History Status' failed after retrying for 40 seconds. The last error was: 'ContainerBalancer is Running.
Started at: 2026-07-17 22:38:21
Balancing duration: 47s

Container Balancer Configuration values:
Key                                                Value
Threshold                                          0.1
Max Datanodes to Involve per Iteration(percent)    100
Max Size to Move per Iteration                     500GB
Max Size Entering Target per Iteration             26GB
Max Size Leaving Source per Iteration              26GB
Number of Iterations                               3
Time Limit for Single Container's Movement         65min
Time Limit for Single Container's Replication      50min
Interval between each Iteration                    0min
Whether to Enable Network Topology                 false
Whether to Trigger Refresh Datanode Usage Info     false
Container IDs to Include in Balancing              None
Container IDs to Exclude from Balancing            None
    [ Message content over the limit has been removed. ]
Iteration duration                                 47s
Iteration result                                   -
Size scheduled to move                             102 MB
Moved data size                                    88 MB
Scheduled to move containers                       5
Already moved containers                           4
Failed to move containers                          0
Failed to move containers by timeout               0
Entered data to nodes                              
8ac4e8d9-b7d6-471b-bb61-751e5f4f97b7 <- 102 MB
Exited data from nodes                             
dd7e0618-0a01-436c-b7fc-88c59d58637a -> 20 MB
a2e29aa8-c0e3-4822-a413-81e437a0888b -> 34 MB
b6485c7b-5be8-4901-a757-192038038c56 -> 14 MB
11ce34ec-7484-4b40-8e35-f0f654ef46e1 -> 20 MB
455a6cfe-b7e6-40f7-bf21-db9c6cbff4da -> 14 MB

Completed iteration history:
-
' does not contain 'Iteration result ITERATION_COMPLETED'
------------------------------------------------------------------------------
ozone-balancer-EC :: Smoketest ozone cluster startup                  | FAIL |
2 tests, 1 passed, 1 failed
==============================================================================
Output:  /tmp/smoketest/ozone-balancer/result/robot-001.xml
jstack 6 > /home/runner/work/ozone/ozone/hadoop-ozone/dist/target/ozone-2.3.0-SNAPSHOT/compose/ozone-balancer/result/ozone-balancer-datanode1-1_HddsDatanodeService.stack
jstack 7 > /home/runner/work/ozone/ozone/hadoop-ozone/dist/target/ozone-2.3.0-SNAPSHOT/compose/ozone-balancer/result/ozone-balancer-datanode2-1_HddsDatanodeService.stack
jstack 7 > /home/runner/work/ozone/ozone/hadoop-ozone/dist/target/ozone-2.3.0-SNAPSHOT/compose/ozone-balancer/result/ozone-balancer-datanode3-1_HddsDatanodeService.stack
jstack 7 > /home/runner/work/ozone/ozone/hadoop-ozone/dist/target/ozone-2.3.0-SNAPSHOT/compose/ozone-balancer/result/ozone-balancer-datanode4-1_HddsDatanodeService.stack
jstack 6 > /home/runner/work/ozone/ozone/hadoop-ozone/dist/target/ozone-2.3.0-SNAPSHOT/compose/ozone-balancer/result/ozone-balancer-datanode5-1_HddsDatanodeService.stack
jstack 8 > /home/runner/work/ozone/ozone/hadoop-ozone/dist/target/ozone-2.3.0-SNAPSHOT/compose/ozone-balancer/result/ozone-balancer-datanode6-1_HddsDatanodeService.stack
jstack 7 > /home/runner/work/ozone/ozone/hadoop-ozone/dist/target/ozone-2.3.0-SNAPSHOT/compose/ozone-balancer/result/ozone-balancer-om1-1_OzoneManagerStarter.stack
jstack 7 > /home/runner/work/ozone/ozone/hadoop-ozone/dist/target/ozone-2.3.0-SNAPSHOT/compose/ozone-balancer/result/ozone-balancer-om2-1_OzoneManagerStarter.stack
jstack 8 > /home/runner/work/ozone/ozone/hadoop-ozone/dist/target/ozone-2.3.0-SNAPSHOT/compose/ozone-balancer/result/ozone-balancer-om3-1_OzoneManagerStarter.stack
jstack 7 > /home/runner/work/ozone/ozone/hadoop-ozone/dist/target/ozone-2.3.0-SNAPSHOT/compose/ozone-balancer/result/ozone-balancer-s3g-1_Gateway.stack
jstack 7 > /home/runner/work/ozone/ozone/hadoop-ozone/dist/target/ozone-2.3.0-SNAPSHOT/compose/ozone-balancer/result/ozone-balancer-scm1-1_StorageContainerManagerStarter.stack
jstack 8 > /home/runner/work/ozone/ozone/hadoop-ozone/dist/target/ozone-2.3.0-SNAPSHOT/compose/ozone-balancer/result/ozone-balancer-scm2-1_StorageContainerManagerStarter.stack
jstack 8 > /home/runner/work/ozone/ozone/hadoop-ozone/dist/target/ozone-2.3.0-SNAPSHOT/compose/ozone-balancer/result/ozone-balancer-scm3-1_StorageContainerManagerStarter.stack
ERROR: Test execution of ozone-balancer/test-ec.sh is FAILED!!!!
To use Ozone please mount ozone folder to /opt/hadoop
Output:  /rebot-output/ozone-balancer-ec.xml
renamed '/home/runner/work/ozone/ozone/hadoop-ozone/dist/target/ozone-2.3.0-SNAPSHOT/compose/result/rebot-CtICbf/ozone-balancer-ec.xml' -> '/home/runner/work/ozone/ozone/hadoop-ozone/dist/target/ozone-2.3.0-SNAPSHOT/compose/result/ozone-balancer-ec.xml'
removed 'ozone-balancer/result/robot-001.xml'
mkdir: created directory '/home/runner/work/ozone/ozone/hadoop-ozone/dist/target/ozone-2.3.0-SNAPSHOT/compose/result/ozone-balancer'
mkdir: created directory '/home/runner/work/ozone/ozone/hadoop-ozone/dist/target/ozone-2.3.0-SNAPSHOT/compose/result/ozone-balancer/ec'
renamed 'ozone-balancer/result/dn-audit-24da9af4b858.log' -> '/home/runner/work/ozone/ozone/hadoop-ozone/dist/target/ozone-2.3.0-SNAPSHOT/compose/result/ozone-balancer/ec/dn-audit-24da9af4b858.log'
renamed 'ozone-balancer/result/dn-audit-27b69a12aa35.log' -> '/home/runner/work/ozone/ozone/hadoop-ozone/dist/target/ozone-2.3.0-SNAPSHOT/compose/result/ozone-balancer/ec/dn-audit-27b69a12aa35.log'
renamed 'ozone-balancer/result/dn-audit-6cac6a4ad33b.log' -> '/home/runner/work/ozone/ozone/hadoop-ozone/dist/target/ozone-2.3.0-SNAPSHOT/compose/result/ozone-balancer/ec/dn-audit-6cac6a4ad33b.log'
renamed 'ozone-balancer/result/dn-audit-9018cedcdf55.log' -> '/home/runner/work/ozone/ozone/hadoop-ozone/dist/target/ozone-2.3.0-SNAPSHOT/compose/result/ozone-balancer/ec/dn-audit-9018cedcdf55.log'
renamed 'ozone-balancer/result/dn-audit-ac5877d73f7c.log' -> '/home/runner/work/ozone/ozone/hadoop-ozone/dist/target/ozone-2.3.0-SNAPSHOT/compose/result/ozone-balancer/ec/dn-audit-ac5877d73f7c.log'
renamed 'ozone-balancer/result/dn-audit-eda9d2752158.log' -> '/home/runner/work/ozone/ozone/hadoop-ozone/dist/target/ozone-2.3.0-SNAPSHOT/compose/result/ozone-balancer/ec/dn-audit-eda9d2752158.log'
renamed 'ozone-balancer/result/docker-ozone-balancer-datanode1-1.log' -> '/home/runner/work/ozone/ozone/hadoop-ozone/dist/target/ozone-2.3.0-SNAPSHOT/compose/result/ozone-balancer/ec/docker-ozone-balancer-datanode1-1.log'
renamed 'ozone-balancer/result/docker-ozone-balancer-datanode2-1.log' -> '/home/runner/work/ozone/ozone/hadoop-ozone/dist/target/ozone-2.3.0-SNAPSHOT/compose/result/ozone-balancer/ec/docker-ozone-balancer-datanode2-1.log'
renamed 'ozone-balancer/result/docker-ozone-balancer-datanode3-1.log' -> '/home/runner/work/ozone/ozone/hadoop-ozone/dist/target/ozone-2.3.0-SNAPSHOT/compose/result/ozone-balancer/ec/docker-ozone-balancer-datanode3-1.log'
renamed 'ozone-balancer/result/docker-ozone-balancer-datanode4-1.log' -> '/home/runner/work/ozone/ozone/hadoop-ozone/dist/target/ozone-2.3.0-SNAPSHOT/compose/result/ozone-balancer/ec/docker-ozone-balancer-datanode4-1.log'
renamed 'ozone-balancer/result/docker-ozone-balancer-datanode5-1.log' -> '/home/runner/work/ozone/ozone/hadoop-ozone/dist/target/ozone-2.3.0-SNAPSHOT/compose/result/ozone-balancer/ec/docker-ozone-balancer-datanode5-1.log'
renamed 'ozone-balancer/result/docker-ozone-balancer-datanode6-1.log' -> '/home/runner/work/ozone/ozone/hadoop-ozone/dist/target/ozone-2.3.0-SNAPSHOT/compose/result/ozone-balancer/ec/docker-ozone-balancer-datanode6-1.log'
renamed 'ozone-balancer/result/docker-ozone-balancer-httpfs-1.log' -> '/home/runner/work/ozone/ozone/hadoop-ozone/dist/target/ozone-2.3.0-SNAPSHOT/compose/result/ozone-balancer/ec/docker-ozone-balancer-httpfs-1.log'
renamed 'ozone-balancer/result/docker-ozone-balancer-om1-1.log' -> '/home/runner/work/ozone/ozone/hadoop-ozone/dist/target/ozone-2.3.0-SNAPSHOT/compose/result/ozone-balancer/ec/docker-ozone-balancer-om1-1.log'
renamed 'ozone-balancer/result/docker-ozone-balancer-om2-1.log' -> '/home/runner/work/ozone/ozone/hadoop-ozone/dist/target/ozone-2.3.0-SNAPSHOT/compose/result/ozone-balancer/ec/docker-ozone-balancer-om2-1.log'
renamed 'ozone-balancer/result/docker-ozone-balancer-om3-1.log' -> '/home/runner/work/ozone/ozone/hadoop-ozone/dist/target/ozone-2.3.0-SNAPSHOT/compose/result/ozone-balancer/ec/docker-ozone-balancer-om3-1.log'
renamed 'ozone-balancer/result/docker-ozone-balancer-s3g-1.log' -> '/home/runner/work/ozone/ozone/hadoop-ozone/dist/target/ozone-2.3.0-SNAPSHOT/compose/result/ozone-balancer/ec/docker-ozone-balancer-s3g-1.log'
renamed 'ozone-balancer/result/docker-ozone-balancer-scm1-1.log' -> '/home/runner/work/ozone/ozone/hadoop-ozone/dist/target/ozone-2.3.0-SNAPSHOT/compose/result/ozone-balancer/ec/docker-ozone-balancer-scm1-1.log'
renamed 'ozone-balancer/result/docker-ozone-balancer-scm2-1.log' -> '/home/runner/work/ozone/ozone/hadoop-ozone/dist/target/ozone-2.3.0-SNAPSHOT/compose/result/ozone-balancer/ec/docker-ozone-balancer-scm2-1.log'
renamed 'ozone-balancer/result/docker-ozone-balancer-scm3-1.log' -> '/home/runner/work/ozone/ozone/hadoop-ozone/dist/target/ozone-2.3.0-SNAPSHOT/compose/result/ozone-balancer/ec/docker-ozone-balancer-scm3-1.log'
renamed 'ozone-balancer/result/om-audit-om1.log' -> '/home/runner/work/ozone/ozone/hadoop-ozone/dist/target/ozone-2.3.0-SNAPSHOT/compose/result/ozone-balancer/ec/om-audit-om1.log'
renamed 'ozone-balancer/result/om-audit-om2.log' -> '/home/runner/work/ozone/ozone/hadoop-ozone/dist/target/ozone-2.3.0-SNAPSHOT/compose/result/ozone-balancer/ec/om-audit-om2.log'
renamed 'ozone-balancer/result/om-audit-om3.log' -> '/home/runner/work/ozone/ozone/hadoop-ozone/dist/target/ozone-2.3.0-SNAPSHOT/compose/result/ozone-balancer/ec/om-audit-om3.log'
renamed 'ozone-balancer/result/om-sys-audit-om1.log' -> '/home/runner/work/ozone/ozone/hadoop-ozone/dist/target/ozone-2.3.0-SNAPSHOT/compose/result/ozone-balancer/ec/om-sys-audit-om1.log'
renamed 'ozone-balancer/result/om-sys-audit-om2.log' -> '/home/runner/work/ozone/ozone/hadoop-ozone/dist/target/ozone-2.3.0-SNAPSHOT/compose/result/ozone-balancer/ec/om-sys-audit-om2.log'
renamed 'ozone-balancer/result/om-sys-audit-om3.log' -> '/home/runner/work/ozone/ozone/hadoop-ozone/dist/target/ozone-2.3.0-SNAPSHOT/compose/result/ozone-balancer/ec/om-sys-audit-om3.log'
renamed 'ozone-balancer/result/ozone-balancer-datanode1-1_HddsDatanodeService.stack' -> '/home/runner/work/ozone/ozone/hadoop-ozone/dist/target/ozone-2.3.0-SNAPSHOT/compose/result/ozone-balancer/ec/ozone-balancer-datanode1-1_HddsDatanodeService.stack'
renamed 'ozone-balancer/result/ozone-balancer-datanode2-1_HddsDatanodeService.stack' -> '/home/runner/work/ozone/ozone/hadoop-ozone/dist/target/ozone-2.3.0-SNAPSHOT/compose/result/ozone-balancer/ec/ozone-balancer-datanode2-1_HddsDatanodeService.stack'
renamed 'ozone-balancer/result/ozone-balancer-datanode3-1_HddsDatanodeService.stack' -> '/home/runner/work/ozone/ozone/hadoop-ozone/dist/target/ozone-2.3.0-SNAPSHOT/compose/result/ozone-balancer/ec/ozone-balancer-datanode3-1_HddsDatanodeService.stack'
renamed 'ozone-balancer/result/ozone-balancer-datanode4-1_HddsDatanodeService.stack' -> '/home/runner/work/ozone/ozone/hadoop-ozone/dist/target/ozone-2.3.0-SNAPSHOT/compose/result/ozone-balancer/ec/ozone-balancer-datanode4-1_HddsDatanodeService.stack'
renamed 'ozone-balancer/result/ozone-balancer-datanode5-1_HddsDatanodeService.stack' -> '/home/runner/work/ozone/ozone/hadoop-ozone/dist/target/ozone-2.3.0-SNAPSHOT/compose/result/ozone-balancer/ec/ozone-balancer-datanode5-1_HddsDatanodeService.stack'
renamed 'ozone-balancer/result/ozone-balancer-datanode6-1_HddsDatanodeService.stack' -> '/home/runner/work/ozone/ozone/hadoop-ozone/dist/target/ozone-2.3.0-SNAPSHOT/compose/result/ozone-balancer/ec/ozone-balancer-datanode6-1_HddsDatanodeService.stack'
renamed 'ozone-balancer/result/ozone-balancer-om1-1_OzoneManagerStarter.stack' -> '/home/runner/work/ozone/ozone/hadoop-ozone/dist/target/ozone-2.3.0-SNAPSHOT/compose/result/ozone-balancer/ec/ozone-balancer-om1-1_OzoneManagerStarter.stack'
renamed 'ozone-balancer/result/ozone-balancer-om2-1_OzoneManagerStarter.stack' -> '/home/runner/work/ozone/ozone/hadoop-ozone/dist/target/ozone-2.3.0-SNAPSHOT/compose/result/ozone-balancer/ec/ozone-balancer-om2-1_OzoneManagerStarter.stack'
renamed 'ozone-balancer/result/ozone-balancer-om3-1_OzoneManagerStarter.stack' -> '/home/runner/work/ozone/ozone/hadoop-ozone/dist/target/ozone-2.3.0-SNAPSHOT/compose/result/ozone-balancer/ec/ozone-balancer-om3-1_OzoneManagerStarter.stack'
renamed 'ozone-balancer/result/ozone-balancer-s3g-1_Gateway.stack' -> '/home/runner/work/ozone/ozone/hadoop-ozone/dist/target/ozone-2.3.0-SNAPSHOT/compose/result/ozone-balancer/ec/ozone-balancer-s3g-1_Gateway.stack'
renamed 'ozone-balancer/result/ozone-balancer-scm1-1_StorageContainerManagerStarter.stack' -> '/home/runner/work/ozone/ozone/hadoop-ozone/dist/target/ozone-2.3.0-SNAPSHOT/compose/result/ozone-balancer/ec/ozone-balancer-scm1-1_StorageContainerManagerStarter.stack'
renamed 'ozone-balancer/result/ozone-balancer-scm2-1_StorageContainerManagerStarter.stack' -> '/home/runner/work/ozone/ozone/hadoop-ozone/dist/target/ozone-2.3.0-SNAPSHOT/compose/result/ozone-balancer/ec/ozone-balancer-scm2-1_StorageContainerManagerStarter.stack'
renamed 'ozone-balancer/result/ozone-balancer-scm3-1_StorageContainerManagerStarter.stack' -> '/home/runner/work/ozone/ozone/hadoop-ozone/dist/target/ozone-2.3.0-SNAPSHOT/compose/result/ozone-balancer/ec/ozone-balancer-scm3-1_StorageContainerManagerStarter.stack'
renamed 'ozone-balancer/result/s3g-audit-2ac36a263e75.log' -> '/home/runner/work/ozone/ozone/hadoop-ozone/dist/target/ozone-2.3.0-SNAPSHOT/compose/result/ozone-balancer/ec/s3g-audit-2ac36a263e75.log'
renamed 'ozone-balancer/result/scm-audit-2f380e829cde.log' -> '/home/runner/work/ozone/ozone/hadoop-ozone/dist/target/ozone-2.3.0-SNAPSHOT/compose/result/ozone-balancer/ec/scm-audit-2f380e829cde.log'
renamed 'ozone-balancer/result/scm-audit-ded525545071.log' -> '/home/runner/work/ozone/ozone/hadoop-ozone/dist/target/ozone-2.3.0-SNAPSHOT/compose/result/ozone-balancer/ec/scm-audit-ded525545071.log'
renamed 'ozone-balancer/result/scm-audit-f4aa872cf79e.log' -> '/home/runner/work/ozone/ozone/hadoop-ozone/dist/target/ozone-2.3.0-SNAPSHOT/compose/result/ozone-balancer/ec/scm-audit-f4aa872cf79e.log'
Executing test ozone-balancer/test-ratis.sh
Using Docker Compose v2
Port 9860 is not available on scm1 yet
Port 9860 is not available on scm1 yet
Port 9860 is not available on scm1 yet
Port 9860 is not available on scm1 yet
Port 9860 is not available on scm1 yet
Port 9860 is not available on scm1 yet
Port 9860 is not available on scm1 yet
Port 9860 is not available on scm1 yet
Port 9860 is not available on scm1 yet
Port 9860 is not available on scm1 yet
Port 9860 is not available on scm1 yet
Port 9860 is not available on scm1 yet
Port 9860 is not available on scm1 yet
Port 9860 is not available on scm1 yet
Port 9860 is not available on scm1 yet
Port 9860 is not available on scm1 yet
Port 9860 is available on scm1
SCM is in safe mode. Will retry in 1 sec. Remaining time (sec): 240
SCM is in safe mode. Will retry in 1 sec. Remaining time (sec): 239
SCM is in safe mode. Will retry in 1 sec. Remaining time (sec): 238
SCM is in safe mode. Will retry in 1 sec. Remaining time (sec): 237
SCM is in safe mode. Will retry in 1 sec. Remaining time (sec): 236
SCM is in safe mode. Will retry in 1 sec. Remaining time (sec): 235
SCM is in safe mode. Will retry in 1 sec. Remaining time (sec): 234
SCM is in safe mode. Will retry in 1 sec. Remaining time (sec): 233
SCM is in safe mode. Will retry in 1 sec. Remaining time (sec): 232
SCM is in safe mode. Will retry in 1 sec. Remaining time (sec): 231
SCM is in safe mode. Will retry in 1 sec. Remaining time (sec): 230
SCM is in safe mode. Will retry in 1 sec. Remaining time (sec): 229
SCM is in safe mode. Will retry in 1 sec. Remaining time (sec): 228
SCM is in safe mode. Will retry in 1 sec. Remaining time (sec): 227
SCM is in safe mode. Will retry in 1 sec. Remaining time (sec): 226
SCM is in safe mode. Will retry in 1 sec. Remaining time (sec): 225
SCM is in safe mode. Will retry in 1 sec. Remaining time (sec): 224
SCM is in safe mode. Will retry in 1 sec. Remaining time (sec): 223
SCM is in safe mode. Will retry in 1 sec. Remaining time (sec): 222
SCM is in safe mode. Will retry in 1 sec. Remaining time (sec): 221
SCM is in safe mode. Will retry in 1 sec. Remaining time (sec): 220
SCM is in safe mode. Will retry in 1 sec. Remaining time (sec): 219
SCM is in safe mode. Will retry in 1 sec. Remaining time (sec): 218
SCM is in safe mode. Will retry in 1 sec. Remaining time (sec): 217
SCM is in safe mode. Will retry in 1 sec. Remaining time (sec): 216
SCM is in safe mode. Will retry in 1 sec. Remaining time (sec): 215
SCM is in safe mode. Will retry in 1 sec. Remaining time (sec): 214
SCM is in safe mode. Will retry in 1 sec. Remaining time (sec): 213
SCM is in safe mode. Will retry in 1 sec. Remaining time (sec): 212
SCM is in safe mode. Will retry in 1 sec. Remaining time (sec): 211
SCM is in safe mode. Will retry in 1 sec. Remaining time (sec): 210
SCM is in safe mode. Will retry in 1 sec. Remaining time (sec): 209
SCM is in safe mode. Will retry in 1 sec. Remaining time (sec): 208
SCM is in safe mode. Will retry in 1 sec. Remaining time (sec): 207
SCM is out of safe mode.
Found OM leader for service om: om2 : LEADER (om2)
Replaced OM order with om2,om3,om1 in ozone-balancer-datanode1-1
Replaced OM order with om2,om3,om1 in ozone-balancer-datanode3-1
Replaced OM order with om2,om3,om1 in ozone-balancer-datanode4-1
Replaced OM order with om2,om3,om1 in ozone-balancer-datanode6-1
Replaced OM order with om2,om3,om1 in ozone-balancer-httpfs-1
Replaced OM order with om2,om3,om1 in ozone-balancer-om1-1
Replaced OM order with om2,om3,om1 in ozone-balancer-om2-1
Replaced OM order with om2,om3,om1 in ozone-balancer-om3-1
Replaced OM order with om2,om3,om1 in ozone-balancer-s3g-1
Replaced OM order with om2,om3,om1 in ozone-balancer-scm1-1
Replaced OM order with om2,om3,om1 in ozone-balancer-scm2-1
Replaced OM order with om2,om3,om1 in ozone-balancer-scm3-1
==============================================================================
ozone-balancer-RATIS :: Smoketest ozone cluster startup                       
==============================================================================
Verify exclude command CLI for Container Balancer                     | PASS |
------------------------------------------------------------------------------
Verify Container Balancer for RATIS/EC containers                     | PASS |
------------------------------------------------------------------------------
ozone-balancer-RATIS :: Smoketest ozone cluster startup               | PASS |
2 tests, 2 passed, 0 failed
==============================================================================
Output:  /tmp/smoketest/ozone-balancer/result/robot-001.xml
To use Ozone please mount ozone folder to /opt/hadoop
Output:  /rebot-output/ozone-balancer-ratis.xml
renamed '/home/runner/work/ozone/ozone/hadoop-ozone/dist/target/ozone-2.3.0-SNAPSHOT/compose/result/rebot-HVB5Dz/ozone-balancer-ratis.xml' -> '/home/runner/work/ozone/ozone/hadoop-ozone/dist/target/ozone-2.3.0-SNAPSHOT/compose/result/ozone-balancer-ratis.xml'
removed 'ozone-balancer/result/robot-001.xml'
mkdir: created directory '/home/runner/work/ozone/ozone/hadoop-ozone/dist/target/ozone-2.3.0-SNAPSHOT/compose/result/ozone-balancer/ratis'
renamed 'ozone-balancer/result/dn-audit-09f24b2d7925.log' -> '/home/runner/work/ozone/ozone/hadoop-ozone/dist/target/ozone-2.3.0-SNAPSHOT/compose/result/ozone-balancer/ratis/dn-audit-09f24b2d7925.log'
renamed 'ozone-balancer/result/dn-audit-134e32f2ceb4.log' -> '/home/runner/work/ozone/ozone/hadoop-ozone/dist/target/ozone-2.3.0-SNAPSHOT/compose/result/ozone-balancer/ratis/dn-audit-134e32f2ceb4.log'
renamed 'ozone-balancer/result/dn-audit-16ac4b7c1f22.log' -> '/home/runner/work/ozone/ozone/hadoop-ozone/dist/target/ozone-2.3.0-SNAPSHOT/compose/result/ozone-balancer/ratis/dn-audit-16ac4b7c1f22.log'
renamed 'ozone-balancer/result/dn-audit-e73702a5450e.log' -> '/home/runner/work/ozone/ozone/hadoop-ozone/dist/target/ozone-2.3.0-SNAPSHOT/compose/result/ozone-balancer/ratis/dn-audit-e73702a5450e.log'
renamed 'ozone-balancer/result/docker-ozone-balancer-datanode1-1.log' -> '/home/runner/work/ozone/ozone/hadoop-ozone/dist/target/ozone-2.3.0-SNAPSHOT/compose/result/ozone-balancer/ratis/docker-ozone-balancer-datanode1-1.log'
renamed 'ozone-balancer/result/docker-ozone-balancer-datanode3-1.log' -> '/home/runner/work/ozone/ozone/hadoop-ozone/dist/target/ozone-2.3.0-SNAPSHOT/compose/result/ozone-balancer/ratis/docker-ozone-balancer-datanode3-1.log'
renamed 'ozone-balancer/result/docker-ozone-balancer-datanode4-1.log' -> '/home/runner/work/ozone/ozone/hadoop-ozone/dist/target/ozone-2.3.0-SNAPSHOT/compose/result/ozone-balancer/ratis/docker-ozone-balancer-datanode4-1.log'
renamed 'ozone-balancer/result/docker-ozone-balancer-datanode6-1.log' -> '/home/runner/work/ozone/ozone/hadoop-ozone/dist/target/ozone-2.3.0-SNAPSHOT/compose/result/ozone-balancer/ratis/docker-ozone-balancer-datanode6-1.log'
renamed 'ozone-balancer/result/docker-ozone-balancer-httpfs-1.log' -> '/home/runner/work/ozone/ozone/hadoop-ozone/dist/target/ozone-2.3.0-SNAPSHOT/compose/result/ozone-balancer/ratis/docker-ozone-balancer-httpfs-1.log'
renamed 'ozone-balancer/result/docker-ozone-balancer-om1-1.log' -> '/home/runner/work/ozone/ozone/hadoop-ozone/dist/target/ozone-2.3.0-SNAPSHOT/compose/result/ozone-balancer/ratis/docker-ozone-balancer-om1-1.log'
renamed 'ozone-balancer/result/docker-ozone-balancer-om2-1.log' -> '/home/runner/work/ozone/ozone/hadoop-ozone/dist/target/ozone-2.3.0-SNAPSHOT/compose/result/ozone-balancer/ratis/docker-ozone-balancer-om2-1.log'
renamed 'ozone-balancer/result/docker-ozone-balancer-om3-1.log' -> '/home/runner/work/ozone/ozone/hadoop-ozone/dist/target/ozone-2.3.0-SNAPSHOT/compose/result/ozone-balancer/ratis/docker-ozone-balancer-om3-1.log'
renamed 'ozone-balancer/result/docker-ozone-balancer-s3g-1.log' -> '/home/runner/work/ozone/ozone/hadoop-ozone/dist/target/ozone-2.3.0-SNAPSHOT/compose/result/ozone-balancer/ratis/docker-ozone-balancer-s3g-1.log'
renamed 'ozone-balancer/result/docker-ozone-balancer-scm1-1.log' -> '/home/runner/work/ozone/ozone/hadoop-ozone/dist/target/ozone-2.3.0-SNAPSHOT/compose/result/ozone-balancer/ratis/docker-ozone-balancer-scm1-1.log'
renamed 'ozone-balancer/result/docker-ozone-balancer-scm2-1.log' -> '/home/runner/work/ozone/ozone/hadoop-ozone/dist/target/ozone-2.3.0-SNAPSHOT/compose/result/ozone-balancer/ratis/docker-ozone-balancer-scm2-1.log'
renamed 'ozone-balancer/result/docker-ozone-balancer-scm3-1.log' -> '/home/runner/work/ozone/ozone/hadoop-ozone/dist/target/ozone-2.3.0-SNAPSHOT/compose/result/ozone-balancer/ratis/docker-ozone-balancer-scm3-1.log'
renamed 'ozone-balancer/result/om-audit-om1.log' -> '/home/runner/work/ozone/ozone/hadoop-ozone/dist/target/ozone-2.3.0-SNAPSHOT/compose/result/ozone-balancer/ratis/om-audit-om1.log'
renamed 'ozone-balancer/result/om-audit-om2.log' -> '/home/runner/work/ozone/ozone/hadoop-ozone/dist/target/ozone-2.3.0-SNAPSHOT/compose/result/ozone-balancer/ratis/om-audit-om2.log'
renamed 'ozone-balancer/result/om-audit-om3.log' -> '/home/runner/work/ozone/ozone/hadoop-ozone/dist/target/ozone-2.3.0-SNAPSHOT/compose/result/ozone-balancer/ratis/om-audit-om3.log'
renamed 'ozone-balancer/result/om-sys-audit-om1.log' -> '/home/runner/work/ozone/ozone/hadoop-ozone/dist/target/ozone-2.3.0-SNAPSHOT/compose/result/ozone-balancer/ratis/om-sys-audit-om1.log'
renamed 'ozone-balancer/result/om-sys-audit-om2.log' -> '/home/runner/work/ozone/ozone/hadoop-ozone/dist/target/ozone-2.3.0-SNAPSHOT/compose/result/ozone-balancer/ratis/om-sys-audit-om2.log'
renamed 'ozone-balancer/result/om-sys-audit-om3.log' -> '/home/runner/work/ozone/ozone/hadoop-ozone/dist/target/ozone-2.3.0-SNAPSHOT/compose/result/ozone-balancer/ratis/om-sys-audit-om3.log'
renamed 'ozone-balancer/result/s3g-audit-7a0da54ffbd2.log' -> '/home/runner/work/ozone/ozone/hadoop-ozone/dist/target/ozone-2.3.0-SNAPSHOT/compose/result/ozone-balancer/ratis/s3g-audit-7a0da54ffbd2.log'
renamed 'ozone-balancer/result/scm-audit-4eae6c5c4c3a.log' -> '/home/runner/work/ozone/ozone/hadoop-ozone/dist/target/ozone-2.3.0-SNAPSHOT/compose/result/ozone-balancer/ratis/scm-audit-4eae6c5c4c3a.log'
renamed 'ozone-balancer/result/scm-audit-8bfaf29d3cdc.log' -> '/home/runner/work/ozone/ozone/hadoop-ozone/dist/target/ozone-2.3.0-SNAPSHOT/compose/result/ozone-balancer/ratis/scm-audit-8bfaf29d3cdc.log'
renamed 'ozone-balancer/result/scm-audit-c8d18df2237d.log' -> '/home/runner/work/ozone/ozone/hadoop-ozone/dist/target/ozone-2.3.0-SNAPSHOT/compose/result/ozone-balancer/ratis/scm-audit-c8d18df2237d.log'
java.net.SocketException: Socket closed
To use Ozone please mount ozone folder to /opt/hadoop
Log:     /rebot-output/log.html
Report:  /rebot-output/report.html
renamed '/home/runner/work/ozone/ozone/hadoop-ozone/dist/target/ozone-2.3.0-SNAPSHOT/compose/result/rebot-BB1wKr/log.html' -> '/home/runner/work/ozone/ozone/hadoop-ozone/dist/target/ozone-2.3.0-SNAPSHOT/compose/result/log.html'
renamed '/home/runner/work/ozone/ozone/hadoop-ozone/dist/target/ozone-2.3.0-SNAPSHOT/compose/result/rebot-BB1wKr/report.html' -> '/home/runner/work/ozone/ozone/hadoop-ozone/dist/target/ozone-2.3.0-SNAPSHOT/compose/result/report.html'
removed directory '/tmp/robot-data-gGq7wr'
