om_1        | 2023-02-27 11:46:37,403 [om1@group-C5BA1605619E-LeaderElection1] INFO segmented.SegmentedRaftLogWorker: om1@group-C5BA1605619E-SegmentedRaftLogWorker: Starting segment from index:0
om_1        | 2023-02-27 11:46:37,591 [om1@group-C5BA1605619E-LeaderElection1] INFO server.RaftServer$Division: om1@group-C5BA1605619E: set configuration 0: peers:[om1|rpc:om:9872|admin:|client:|dataStream:|priority:0|startupRole:FOLLOWER]|listeners:[], old=null
nm_1        | 2023-02-27 11:48:46 INFO  AuxServices:196 - Got event CONTAINER_STOP for appId application_1677498328531_0001
datanode_3  | 2023-02-27 11:46:14,912 [pool-22-thread-1] INFO server.RaftServerConfigKeys: raft.server.log.queue.byte-limit = 4294967296 (custom)
datanode_3  | 2023-02-27 11:46:14,918 [pool-22-thread-1] INFO server.RaftServerConfigKeys: raft.server.log.queue.element-limit = 1024 (custom)
datanode_3  | 2023-02-27 11:46:14,918 [pool-22-thread-1] INFO server.RaftServerConfigKeys: raft.server.log.segment.size.max = 1048576 (custom)
datanode_3  | 2023-02-27 11:46:14,918 [pool-22-thread-1] INFO server.RaftServerConfigKeys: raft.server.log.preallocated.size = 16384 (custom)
scm_1       | 2023-02-27 11:46:00,065 [pool-16-thread-1] INFO server.RaftServer$Division: 14bc6185-8949-4947-94d1-48c79906e7f3: new RaftServerImpl for group-35D21DFD8847:[] with SCMStateMachine:uninitialized
scm_1       | 2023-02-27 11:46:00,067 [pool-16-thread-1] INFO server.RaftServerConfigKeys: raft.server.rpc.timeout.min = 5000ms (custom)
nm_1        | 2023-02-27 11:48:53 INFO  ContainerLaunch:346 - Container container_1677498328531_0001_01_000001 succeeded 
datanode_3  | 2023-02-27 11:46:14,918 [pool-22-thread-1] INFO server.RaftServerConfigKeys: raft.server.log.force.sync.num = 128 (default)
datanode_1  | 2023-02-27 11:46:22,900 [grpc-default-executor-0] INFO impl.RoleInfo: e9a4e902-7cdf-4ffe-80d3-974521ed7755: start e9a4e902-7cdf-4ffe-80d3-974521ed7755@group-57586A395D16-FollowerState
datanode_1  | 2023-02-27 11:46:22,900 [e9a4e902-7cdf-4ffe-80d3-974521ed7755@group-57586A395D16-FollowerState] INFO impl.FollowerState: e9a4e902-7cdf-4ffe-80d3-974521ed7755@group-57586A395D16-FollowerState was interrupted
datanode_1  | 2023-02-27 11:46:22,910 [e9a4e902-7cdf-4ffe-80d3-974521ed7755@group-57586A395D16-FollowerState] INFO server.RaftServerConfigKeys: raft.server.rpc.first-election.timeout.min = 5s (fallback to raft.server.rpc.timeout.min)
datanode_1  | 2023-02-27 11:46:22,910 [e9a4e902-7cdf-4ffe-80d3-974521ed7755@group-57586A395D16-FollowerState] INFO server.RaftServerConfigKeys: raft.server.rpc.first-election.timeout.max = 5200ms (fallback to raft.server.rpc.timeout.max)
om_1        | 2023-02-27 11:46:37,612 [om1@group-C5BA1605619E-SegmentedRaftLogWorker] INFO segmented.SegmentedRaftLogWorker: om1@group-C5BA1605619E-SegmentedRaftLogWorker: created new log segment /data/metadata/ratis/bf265839-605b-3f16-9796-c5ba1605619e/current/log_inprogress_0
nm_1        | 2023-02-27 11:48:53 INFO  ContainerImpl:1135 - Container container_1677498328531_0001_01_000001 transitioned from RUNNING to EXITED_WITH_SUCCESS
nm_1        | 2023-02-27 11:48:53 INFO  ContainerLaunch:370 - Cleaning up container container_1677498328531_0001_01_000001
datanode_1  | 2023-02-27 11:46:22,913 [grpc-default-executor-0] INFO server.RaftServer$Division: e9a4e902-7cdf-4ffe-80d3-974521ed7755@group-57586A395D16 replies to ELECTION vote request: 563c1c87-d686-45a3-8ccb-f135fd475191<-e9a4e902-7cdf-4ffe-80d3-974521ed7755#0:OK-t1. Peer's state: e9a4e902-7cdf-4ffe-80d3-974521ed7755@group-57586A395D16:t1, leader=null, voted=563c1c87-d686-45a3-8ccb-f135fd475191, raftlog=Memoized:e9a4e902-7cdf-4ffe-80d3-974521ed7755@group-57586A395D16-SegmentedRaftLog:OPENED:c-1, conf=-1: peers:[563c1c87-d686-45a3-8ccb-f135fd475191|rpc:172.18.0.9:9856|admin:172.18.0.9:9857|client:172.18.0.9:9858|dataStream:172.18.0.9:9858|priority:1|startupRole:FOLLOWER, 599bc353-aa44-4261-9bd4-eac5232c5bbc|rpc:172.18.0.8:9856|admin:172.18.0.8:9857|client:172.18.0.8:9858|dataStream:172.18.0.8:9858|priority:0|startupRole:FOLLOWER, e9a4e902-7cdf-4ffe-80d3-974521ed7755|rpc:172.18.0.5:9856|admin:172.18.0.5:9857|client:172.18.0.5:9858|dataStream:172.18.0.5:9858|priority:0|startupRole:FOLLOWER]|listeners:[], old=null
datanode_1  | 2023-02-27 11:46:23,406 [e9a4e902-7cdf-4ffe-80d3-974521ed7755-server-thread1] INFO ratis.XceiverServerRatis: Leader change notification received for group: group-57586A395D16 with new leaderId: 563c1c87-d686-45a3-8ccb-f135fd475191
datanode_1  | 2023-02-27 11:46:23,410 [e9a4e902-7cdf-4ffe-80d3-974521ed7755-server-thread1] INFO server.RaftServer$Division: e9a4e902-7cdf-4ffe-80d3-974521ed7755@group-57586A395D16: change Leader from null to 563c1c87-d686-45a3-8ccb-f135fd475191 at term 1 for appendEntries, leader elected after 7473ms
datanode_1  | 2023-02-27 11:46:23,412 [e9a4e902-7cdf-4ffe-80d3-974521ed7755-server-thread1] INFO server.RaftServer$Division: e9a4e902-7cdf-4ffe-80d3-974521ed7755@group-57586A395D16: set configuration 0: peers:[563c1c87-d686-45a3-8ccb-f135fd475191|rpc:172.18.0.9:9856|admin:172.18.0.9:9857|client:172.18.0.9:9858|dataStream:172.18.0.9:9858|priority:1|startupRole:FOLLOWER, 599bc353-aa44-4261-9bd4-eac5232c5bbc|rpc:172.18.0.8:9856|admin:172.18.0.8:9857|client:172.18.0.8:9858|dataStream:172.18.0.8:9858|priority:0|startupRole:FOLLOWER, e9a4e902-7cdf-4ffe-80d3-974521ed7755|rpc:172.18.0.5:9856|admin:172.18.0.5:9857|client:172.18.0.5:9858|dataStream:172.18.0.5:9858|priority:0|startupRole:FOLLOWER]|listeners:[], old=null
om_1        | 2023-02-27 11:46:37,928 [om1@group-C5BA1605619E-StateMachineUpdater] INFO ratis.OzoneManagerStateMachine: Received Configuration change notification from Ratis. New Peer list:
nm_1        | 2023-02-27 11:48:53 INFO  NMAuditLogger:89 - USER=hadoop	OPERATION=Container Finished - Succeeded	TARGET=ContainerImpl	RESULT=SUCCESS	APPID=application_1677498328531_0001	CONTAINERID=container_1677498328531_0001_01_000001
nm_1        | 2023-02-27 11:48:53 INFO  ContainerImpl:1135 - Container container_1677498328531_0001_01_000001 transitioned from EXITED_WITH_SUCCESS to DONE
nm_1        | 2023-02-27 11:48:53 INFO  ApplicationImpl:347 - Removing container_1677498328531_0001_01_000001 from application application_1677498328531_0001
nm_1        | 2023-02-27 11:48:54 INFO  ContainersMonitorImpl:196 - Neither virutal-memory nor physical-memory monitoring is needed. Not running the monitor-thread
nm_1        | 2023-02-27 11:48:54 INFO  AuxServices:196 - Got event CONTAINER_STOP for appId application_1677498328531_0001
nm_1        | 2023-02-27 11:48:54 INFO  Server:1316 - Auth successful for appattempt_1677498328531_0001_000001 (auth:SIMPLE)
nm_1        | 2023-02-27 11:48:54 INFO  ContainerManagerImpl:960 - Stopping container with container Id: container_1677498328531_0001_01_000001
nm_1        | 2023-02-27 11:48:54 INFO  NMAuditLogger:89 - USER=hadoop	IP=172.18.0.7	OPERATION=Stop Container Request	TARGET=ContainerManageImpl	RESULT=SUCCESS	APPID=application_1677498328531_0001	CONTAINERID=container_1677498328531_0001_01_000001
nm_1        | 2023-02-27 11:48:55 INFO  NodeStatusUpdaterImpl:490 - Removed completed containers from NM context: [container_1677498328531_0001_01_000001, container_1677498328531_0001_01_000005]
nm_1        | 2023-02-27 11:48:55 INFO  ApplicationImpl:464 - Application application_1677498328531_0001 transitioned from RUNNING to APPLICATION_RESOURCES_CLEANINGUP
nm_1        | 2023-02-27 11:48:55 INFO  AuxServices:196 - Got event APPLICATION_STOP for appId application_1677498328531_0001
nm_1        | 2023-02-27 11:48:55 INFO  ApplicationImpl:464 - Application application_1677498328531_0001 transitioned from APPLICATION_RESOURCES_CLEANINGUP to FINISHED
scm_1       | 2023-02-27 11:46:00,068 [pool-16-thread-1] INFO server.RaftServerConfigKeys: raft.server.rpc.timeout.max = 5200ms (custom)
om_1        | [id: "om1"
datanode_2  | 2023-02-27 11:46:20,593 [pool-22-thread-1] INFO server.RaftServerConfigKeys: raft.server.log.queue.element-limit = 1024 (custom)
datanode_2  | 2023-02-27 11:46:20,593 [pool-22-thread-1] INFO server.RaftServerConfigKeys: raft.server.log.segment.size.max = 1048576 (custom)
datanode_2  | 2023-02-27 11:46:20,593 [pool-22-thread-1] INFO server.RaftServerConfigKeys: raft.server.log.preallocated.size = 16384 (custom)
datanode_2  | 2023-02-27 11:46:20,593 [pool-22-thread-1] INFO server.RaftServerConfigKeys: raft.server.log.force.sync.num = 128 (default)
scm_1       | 2023-02-27 11:46:00,069 [pool-16-thread-1] INFO server.RaftServerConfigKeys: raft.server.rpc.sleep.time = 25ms (default)
nm_1        | 2023-02-27 11:48:55 INFO  NonAggregatingLogHandler:167 - Scheduling Log Deletion for application: application_1677498328531_0001, with delay of 10800 seconds
om_1        | address: "om:9872"
datanode_3  | 2023-02-27 11:46:14,918 [pool-22-thread-1] INFO server.RaftServerConfigKeys: raft.server.log.statemachine.data.sync = true (default)
datanode_1  | 2023-02-27 11:46:23,417 [e9a4e902-7cdf-4ffe-80d3-974521ed7755-server-thread1] INFO segmented.SegmentedRaftLogWorker: e9a4e902-7cdf-4ffe-80d3-974521ed7755@group-57586A395D16-SegmentedRaftLogWorker: Starting segment from index:0
datanode_2  | 2023-02-27 11:46:20,593 [pool-22-thread-1] INFO server.RaftServerConfigKeys: raft.server.log.statemachine.data.sync = true (default)
datanode_2  | 2023-02-27 11:46:20,594 [pool-22-thread-1] INFO server.RaftServerConfigKeys: raft.server.log.statemachine.data.sync.timeout = 10s (default)
datanode_2  | 2023-02-27 11:46:20,594 [pool-22-thread-1] INFO server.RaftServerConfigKeys: raft.server.log.statemachine.data.sync.timeout.retry = -1 (default)
nm_1        | 2023-02-27 11:48:57 INFO  Server:1316 - Auth successful for appattempt_1677498328531_0002_000001 (auth:SIMPLE)
om_1        | startupRole: FOLLOWER
datanode_3  | 2023-02-27 11:46:14,919 [pool-22-thread-1] INFO server.RaftServerConfigKeys: raft.server.log.statemachine.data.sync.timeout = 10s (default)
datanode_1  | 2023-02-27 11:46:23,422 [e9a4e902-7cdf-4ffe-80d3-974521ed7755@group-57586A395D16-SegmentedRaftLogWorker] INFO segmented.SegmentedRaftLogWorker: e9a4e902-7cdf-4ffe-80d3-974521ed7755@group-57586A395D16-SegmentedRaftLogWorker: created new log segment /data/metadata/ratis/5dd7adfa-0234-42ea-8d47-57586a395d16/current/log_inprogress_0
datanode_2  | 2023-02-27 11:46:20,595 [pool-22-thread-1] INFO server.RaftServerConfigKeys: raft.server.log.write.buffer.size = 1048576 (custom)
datanode_2  | 2023-02-27 11:46:20,596 [pool-22-thread-1] INFO server.RaftServerConfigKeys: raft.server.log.appender.buffer.byte-limit = 33554432 (custom)
datanode_2  | 2023-02-27 11:46:21,461 [JvmPauseMonitor0] WARN util.JvmPauseMonitor: JvmPauseMonitor-563c1c87-d686-45a3-8ccb-f135fd475191: Detected pause in JVM or host machine (eg GC): pause of approximately 835641482ns.
nm_1        | 2023-02-27 11:48:57 INFO  ContainerManagerImpl:810 - Start request for container_1677498328531_0002_01_000001 by user hadoop
om_1        | ]
datanode_3  | 2023-02-27 11:46:14,919 [pool-22-thread-1] INFO server.RaftServerConfigKeys: raft.server.log.statemachine.data.sync.timeout.retry = -1 (default)
datanode_3  | 2023-02-27 11:46:14,923 [pool-22-thread-1] INFO server.RaftServerConfigKeys: raft.server.log.write.buffer.size = 1048576 (custom)
datanode_2  | GC pool 'ParNew' had collection(s): count=1 time=813ms
datanode_2  | 2023-02-27 11:46:21,508 [pool-22-thread-1] INFO server.RaftServerConfigKeys: raft.server.log.unsafe-flush.enabled = false (default)
datanode_2  | 2023-02-27 11:46:21,507 [563c1c87-d686-45a3-8ccb-f135fd475191@group-C36791940DDF-FollowerState] INFO impl.FollowerState: 563c1c87-d686-45a3-8ccb-f135fd475191@group-C36791940DDF-FollowerState: change to CANDIDATE, lastRpcElapsedTime:5507655141ns, electionTimeout:5174ms
datanode_2  | 2023-02-27 11:46:21,546 [pool-22-thread-1] INFO server.RaftServerConfigKeys: raft.server.log.async-flush.enabled = false (default)
datanode_2  | 2023-02-27 11:46:21,547 [pool-22-thread-1] INFO server.RaftServerConfigKeys: raft.server.log.statemachine.data.caching.enabled = true (custom)
datanode_3  | 2023-02-27 11:46:14,930 [pool-22-thread-1] INFO server.RaftServerConfigKeys: raft.server.log.appender.buffer.byte-limit = 33554432 (custom)
datanode_1  | 2023-02-27 11:46:25,446 [grpc-default-executor-0] INFO server.RaftServer$Division: e9a4e902-7cdf-4ffe-80d3-974521ed7755@group-9B3CB4B80369: receive requestVote(PRE_VOTE, 599bc353-aa44-4261-9bd4-eac5232c5bbc, group-9B3CB4B80369, 0, (t:0, i:0))
datanode_2  | 2023-02-27 11:46:21,547 [pool-22-thread-1] INFO segmented.SegmentedRaftLogWorker: 563c1c87-d686-45a3-8ccb-f135fd475191@group-9B3CB4B80369-SegmentedRaftLogWorker: flushIndex: setUnconditionally 0 -> -1
datanode_2  | 2023-02-27 11:46:21,548 [pool-22-thread-1] INFO segmented.SegmentedRaftLogWorker: 563c1c87-d686-45a3-8ccb-f135fd475191@group-9B3CB4B80369-SegmentedRaftLogWorker: safeCacheEvictIndex: setUnconditionally 0 -> -1
scm_1       | 2023-02-27 11:46:00,069 [pool-16-thread-1] INFO server.RaftServerConfigKeys: raft.server.rpc.slowness.timeout = 120000ms (custom)
nm_1        | 2023-02-27 11:48:57 INFO  ContainerManagerImpl:850 - Creating a new application reference for app application_1677498328531_0002
om_1        | 2023-02-27 11:46:43,229 [OM StateMachine ApplyTransaction Thread - 0] INFO volume.OMVolumeCreateRequest: created volume:volume1 for user:hadoop
datanode_3  | 2023-02-27 11:46:15,605 [JvmPauseMonitor0] WARN util.JvmPauseMonitor: JvmPauseMonitor-599bc353-aa44-4261-9bd4-eac5232c5bbc: Detected pause in JVM or host machine (eg GC): pause of approximately 293136830ns.
datanode_1  | 2023-02-27 11:46:25,447 [grpc-default-executor-0] INFO impl.VoteContext: e9a4e902-7cdf-4ffe-80d3-974521ed7755@group-9B3CB4B80369-FOLLOWER: reject PRE_VOTE from 599bc353-aa44-4261-9bd4-eac5232c5bbc: our priority 1 > candidate's priority 0
rm_1        | 2023-02-27 11:48:19 INFO  LeafQueue:1554 - assignedContainer application attempt=appattempt_1677498328531_0001_000001 container=Container: [ContainerId: container_1677498328531_0001_01_000002, NodeId: nm:39785, NodeHttpAddress: nm:8042, Resource: <memory:4096, vCores:1>, Priority: 20, Token: null, ] queue=default: capacity=1.0, absoluteCapacity=1.0, usedResources=<memory:2048, vCores:1>, usedCapacity=0.25, absoluteUsedCapacity=0.25, numApps=1, numContainers=1 clusterResource=<memory:8192, vCores:8> type=RACK_LOCAL
rm_1        | 2023-02-27 11:48:19 INFO  ParentQueue:523 - Re-sorting assigned queue: root.default stats: default: capacity=1.0, absoluteCapacity=1.0, usedResources=<memory:6144, vCores:2>, usedCapacity=0.75, absoluteUsedCapacity=0.75, numApps=1, numContainers=2
rm_1        | 2023-02-27 11:48:19 INFO  ParentQueue:420 - assignedContainer queue=root usedCapacity=0.75 absoluteUsedCapacity=0.75 used=<memory:6144, vCores:2> cluster=<memory:8192, vCores:8>
rm_1        | 2023-02-27 11:48:19 INFO  NMTokenSecretManagerInRM:200 - Sending NMToken for nodeId : nm:39785 for container : container_1677498328531_0001_01_000002
nm_1        | 2023-02-27 11:48:57 INFO  NMAuditLogger:89 - USER=hadoop	IP=172.18.0.7	OPERATION=Start Container Request	TARGET=ContainerManageImpl	RESULT=SUCCESS	APPID=application_1677498328531_0002	CONTAINERID=container_1677498328531_0002_01_000001
datanode_3  | GC pool 'ParNew' had collection(s): count=1 time=82ms
rm_1        | 2023-02-27 11:48:19 INFO  RMContainerImpl:410 - container_1677498328531_0001_01_000002 Container Transitioned from ALLOCATED to ACQUIRED
rm_1        | 2023-02-27 11:48:20 INFO  RMContainerImpl:410 - container_1677498328531_0001_01_000002 Container Transitioned from ACQUIRED to RUNNING
rm_1        | 2023-02-27 11:48:25 INFO  RMContainerImpl:410 - container_1677498328531_0001_01_000002 Container Transitioned from RUNNING to COMPLETED
rm_1        | 2023-02-27 11:48:25 INFO  FiCaSchedulerApp:113 - Completed container: container_1677498328531_0001_01_000002 in state: COMPLETED event:FINISHED
nm_1        | 2023-02-27 11:48:57 INFO  ApplicationImpl:464 - Application application_1677498328531_0002 transitioned from NEW to INITING
datanode_3  | GC pool 'ConcurrentMarkSweep' had collection(s): count=1 time=572ms
rm_1        | 2023-02-27 11:48:25 INFO  RMAuditLogger:106 - USER=hadoop	OPERATION=AM Released Container	TARGET=SchedulerApp	RESULT=SUCCESS	APPID=application_1677498328531_0001	CONTAINERID=container_1677498328531_0001_01_000002
rm_1        | 2023-02-27 11:48:25 INFO  SchedulerNode:216 - Released container container_1677498328531_0001_01_000002 of capacity <memory:4096, vCores:1> on host nm:39785, which currently has 1 containers, <memory:2048, vCores:1> used and <memory:6144, vCores:7> available, release resources=true
rm_1        | 2023-02-27 11:48:25 INFO  LeafQueue:1707 - default used=<memory:2048, vCores:1> numContainers=1 user=hadoop user-resources=<memory:2048, vCores:1>
rm_1        | 2023-02-27 11:48:25 INFO  LeafQueue:1658 - completedContainer container=Container: [ContainerId: container_1677498328531_0001_01_000002, NodeId: nm:39785, NodeHttpAddress: nm:8042, Resource: <memory:4096, vCores:1>, Priority: 20, Token: Token { kind: ContainerToken, service: 172.18.0.6:39785 }, ] queue=default: capacity=1.0, absoluteCapacity=1.0, usedResources=<memory:2048, vCores:1>, usedCapacity=0.25, absoluteUsedCapacity=0.25, numApps=1, numContainers=1 cluster=<memory:8192, vCores:8>
nm_1        | 2023-02-27 11:48:57 INFO  ApplicationImpl:304 - Adding container_1677498328531_0002_01_000001 to application application_1677498328531_0002
datanode_3  | 2023-02-27 11:46:15,610 [pool-22-thread-1] INFO server.RaftServerConfigKeys: raft.server.log.unsafe-flush.enabled = false (default)
datanode_3  | 2023-02-27 11:46:15,630 [pool-22-thread-1] INFO server.RaftServerConfigKeys: raft.server.log.async-flush.enabled = false (default)
rm_1        | 2023-02-27 11:48:25 INFO  ParentQueue:568 - completedContainer queue=root usedCapacity=0.25 absoluteUsedCapacity=0.25 used=<memory:2048, vCores:1> cluster=<memory:8192, vCores:8>
rm_1        | 2023-02-27 11:48:25 INFO  ParentQueue:585 - Re-sorting completed queue: root.default stats: default: capacity=1.0, absoluteCapacity=1.0, usedResources=<memory:2048, vCores:1>, usedCapacity=0.25, absoluteUsedCapacity=0.25, numApps=1, numContainers=1
rm_1        | 2023-02-27 11:48:25 INFO  CapacityScheduler:1419 - Application attempt appattempt_1677498328531_0001_000001 released container container_1677498328531_0001_01_000002 on node: host: nm:39785 #containers=1 available=<memory:6144, vCores:7> used=<memory:2048, vCores:1> with event: FINISHED
rm_1        | 2023-02-27 11:48:26 INFO  RMContainerImpl:410 - container_1677498328531_0001_01_000003 Container Transitioned from NEW to ALLOCATED
nm_1        | 2023-02-27 11:48:57 INFO  ApplicationImpl:464 - Application application_1677498328531_0002 transitioned from INITING to RUNNING
datanode_3  | 2023-02-27 11:46:15,630 [pool-22-thread-1] INFO server.RaftServerConfigKeys: raft.server.log.statemachine.data.caching.enabled = true (custom)
datanode_1  | 2023-02-27 11:46:25,447 [grpc-default-executor-0] INFO server.RaftServer$Division: e9a4e902-7cdf-4ffe-80d3-974521ed7755@group-9B3CB4B80369 replies to PRE_VOTE vote request: 599bc353-aa44-4261-9bd4-eac5232c5bbc<-e9a4e902-7cdf-4ffe-80d3-974521ed7755#0:FAIL-t0. Peer's state: e9a4e902-7cdf-4ffe-80d3-974521ed7755@group-9B3CB4B80369:t0, leader=null, voted=, raftlog=Memoized:e9a4e902-7cdf-4ffe-80d3-974521ed7755@group-9B3CB4B80369-SegmentedRaftLog:OPENED:c-1, conf=-1: peers:[563c1c87-d686-45a3-8ccb-f135fd475191|rpc:172.18.0.9:9856|admin:172.18.0.9:9857|client:172.18.0.9:9858|dataStream:172.18.0.9:9858|priority:0|startupRole:FOLLOWER, 599bc353-aa44-4261-9bd4-eac5232c5bbc|rpc:172.18.0.8:9856|admin:172.18.0.8:9857|client:172.18.0.8:9858|dataStream:172.18.0.8:9858|priority:0|startupRole:FOLLOWER, e9a4e902-7cdf-4ffe-80d3-974521ed7755|rpc:172.18.0.5:9856|admin:172.18.0.5:9857|client:172.18.0.5:9858|dataStream:172.18.0.5:9858|priority:1|startupRole:FOLLOWER]|listeners:[], old=null
rm_1        | 2023-02-27 11:48:26 INFO  RMAuditLogger:106 - USER=hadoop	OPERATION=AM Allocated Container	TARGET=SchedulerApp	RESULT=SUCCESS	APPID=application_1677498328531_0001	CONTAINERID=container_1677498328531_0001_01_000003
scm_1       | 2023-02-27 11:46:00,070 [pool-16-thread-1] INFO server.RaftServerConfigKeys: raft.server.leaderelection.leader.step-down.wait-time = 10s (default)
scm_1       | 2023-02-27 11:46:00,070 [pool-16-thread-1] INFO server.RaftServerConfigKeys: raft.server.sleep.deviation.threshold = 300ms (default)
scm_1       | 2023-02-27 11:46:00,080 [pool-16-thread-1] INFO server.RaftServer$Division: 14bc6185-8949-4947-94d1-48c79906e7f3@group-35D21DFD8847: ConfigurationManager, init=-1: peers:[]|listeners:[], old=null, confs=<EMPTY_MAP>
nm_1        | 2023-02-27 11:48:57 INFO  ContainerImpl:1135 - Container container_1677498328531_0002_01_000001 transitioned from NEW to LOCALIZING
datanode_3  | 2023-02-27 11:46:15,631 [pool-22-thread-1] INFO segmented.SegmentedRaftLogWorker: 599bc353-aa44-4261-9bd4-eac5232c5bbc@group-57586A395D16-SegmentedRaftLogWorker: flushIndex: setUnconditionally 0 -> -1
scm_1       | 2023-02-27 11:46:00,080 [pool-16-thread-1] INFO server.RaftServerConfigKeys: raft.server.storage.dir = [/data/metadata/scm-ha] (custom)
scm_1       | 2023-02-27 11:46:00,084 [pool-16-thread-1] INFO server.RaftServerConfigKeys: raft.server.log.corruption.policy = EXCEPTION (default)
scm_1       | 2023-02-27 11:46:00,085 [pool-16-thread-1] INFO server.RaftServerConfigKeys: raft.server.storage.free-space.min = 0MB (=0) (default)
scm_1       | 2023-02-27 11:46:00,103 [pool-16-thread-1] INFO server.RaftServerConfigKeys: raft.server.notification.no-leader.timeout = 60s (default)
nm_1        | 2023-02-27 11:48:57 INFO  AuxServices:196 - Got event CONTAINER_INIT for appId application_1677498328531_0002
datanode_1  | 2023-02-27 11:46:26,228 [e9a4e902-7cdf-4ffe-80d3-974521ed7755@group-9B3CB4B80369-FollowerState] INFO impl.FollowerState: e9a4e902-7cdf-4ffe-80d3-974521ed7755@group-9B3CB4B80369-FollowerState: change to CANDIDATE, lastRpcElapsedTime:5182150282ns, electionTimeout:5094ms
datanode_3  | 2023-02-27 11:46:15,631 [pool-22-thread-1] INFO segmented.SegmentedRaftLogWorker: 599bc353-aa44-4261-9bd4-eac5232c5bbc@group-57586A395D16-SegmentedRaftLogWorker: safeCacheEvictIndex: setUnconditionally 0 -> -1
scm_1       | 2023-02-27 11:46:00,107 [pool-16-thread-1] INFO server.RaftServerConfigKeys: raft.server.retrycache.expirytime = 60000ms (default)
scm_1       | 2023-02-27 11:46:00,107 [pool-16-thread-1] INFO server.RaftServerConfigKeys: raft.server.retrycache.statistics.expirytime = 100?s (default)
scm_1       | 2023-02-27 11:46:00,323 [pool-16-thread-1] INFO server.RaftServerConfigKeys: raft.server.log.appender.install.snapshot.enabled = false (custom)
scm_1       | 2023-02-27 11:46:00,324 [pool-16-thread-1] INFO server.RaftServerConfigKeys: raft.server.threadpool.server.cached = true (default)
nm_1        | 2023-02-27 11:48:57 INFO  LocalizedResource:203 - Resource o3fs://bucket1.volume1.om/user/hadoop/.staging/job_1677498328531_0002/job.splitmetainfo transitioned from INIT to DOWNLOADING
datanode_1  | 2023-02-27 11:46:26,229 [e9a4e902-7cdf-4ffe-80d3-974521ed7755@group-9B3CB4B80369-FollowerState] INFO impl.RoleInfo: e9a4e902-7cdf-4ffe-80d3-974521ed7755: shutdown e9a4e902-7cdf-4ffe-80d3-974521ed7755@group-9B3CB4B80369-FollowerState
datanode_3  | 2023-02-27 11:46:15,631 [pool-22-thread-1] INFO server.RaftServer$Division: 599bc353-aa44-4261-9bd4-eac5232c5bbc@group-57586A395D16: start as a follower, conf=-1: peers:[563c1c87-d686-45a3-8ccb-f135fd475191|rpc:172.18.0.9:9856|admin:172.18.0.9:9857|client:172.18.0.9:9858|dataStream:172.18.0.9:9858|priority:1|startupRole:FOLLOWER, 599bc353-aa44-4261-9bd4-eac5232c5bbc|rpc:172.18.0.8:9856|admin:172.18.0.8:9857|client:172.18.0.8:9858|dataStream:172.18.0.8:9858|priority:0|startupRole:FOLLOWER, e9a4e902-7cdf-4ffe-80d3-974521ed7755|rpc:172.18.0.5:9856|admin:172.18.0.5:9857|client:172.18.0.5:9858|dataStream:172.18.0.5:9858|priority:0|startupRole:FOLLOWER]|listeners:[], old=null
scm_1       | 2023-02-27 11:46:00,325 [pool-16-thread-1] INFO server.RaftServerConfigKeys: raft.server.threadpool.server.size = 0 (default)
scm_1       | 2023-02-27 11:46:00,326 [pool-16-thread-1] INFO server.RaftServerConfigKeys: raft.server.threadpool.client.cached = true (default)
scm_1       | 2023-02-27 11:46:00,327 [pool-16-thread-1] INFO server.RaftServerConfigKeys: raft.server.threadpool.client.size = 0 (default)
scm_1       | 2023-02-27 11:46:00,329 [main] INFO ha.SCMSnapshotProvider: Initializing SCM Snapshot Provider
nm_1        | 2023-02-27 11:48:57 INFO  LocalizedResource:203 - Resource o3fs://bucket1.volume1.om/user/hadoop/.staging/job_1677498328531_0002/job.jar transitioned from INIT to DOWNLOADING
datanode_1  | 2023-02-27 11:46:26,230 [e9a4e902-7cdf-4ffe-80d3-974521ed7755@group-9B3CB4B80369-FollowerState] INFO server.RaftServer$Division: e9a4e902-7cdf-4ffe-80d3-974521ed7755@group-9B3CB4B80369: changes role from  FOLLOWER to CANDIDATE at term 0 for changeToCandidate
datanode_3  | 2023-02-27 11:46:15,632 [pool-22-thread-1] INFO server.RaftServer$Division: 599bc353-aa44-4261-9bd4-eac5232c5bbc@group-57586A395D16: changes role from      null to FOLLOWER at term 0 for startAsFollower
nm_1        | 2023-02-27 11:48:57 INFO  LocalizedResource:203 - Resource o3fs://bucket1.volume1.om/user/hadoop/.staging/job_1677498328531_0002/job.split transitioned from INIT to DOWNLOADING
datanode_3  | 2023-02-27 11:46:15,632 [pool-22-thread-1] INFO impl.RoleInfo: 599bc353-aa44-4261-9bd4-eac5232c5bbc: start 599bc353-aa44-4261-9bd4-eac5232c5bbc@group-57586A395D16-FollowerState
datanode_1  | 2023-02-27 11:46:26,231 [e9a4e902-7cdf-4ffe-80d3-974521ed7755@group-9B3CB4B80369-FollowerState] INFO server.RaftServerConfigKeys: raft.server.leaderelection.pre-vote = true (default)
datanode_1  | 2023-02-27 11:46:26,231 [e9a4e902-7cdf-4ffe-80d3-974521ed7755@group-9B3CB4B80369-FollowerState] INFO impl.RoleInfo: e9a4e902-7cdf-4ffe-80d3-974521ed7755: start e9a4e902-7cdf-4ffe-80d3-974521ed7755@group-9B3CB4B80369-LeaderElection2
datanode_1  | 2023-02-27 11:46:26,234 [e9a4e902-7cdf-4ffe-80d3-974521ed7755@group-9B3CB4B80369-LeaderElection2] INFO impl.LeaderElection: e9a4e902-7cdf-4ffe-80d3-974521ed7755@group-9B3CB4B80369-LeaderElection2 PRE_VOTE round 0: submit vote requests at term 0 for -1: peers:[563c1c87-d686-45a3-8ccb-f135fd475191|rpc:172.18.0.9:9856|admin:172.18.0.9:9857|client:172.18.0.9:9858|dataStream:172.18.0.9:9858|priority:0|startupRole:FOLLOWER, 599bc353-aa44-4261-9bd4-eac5232c5bbc|rpc:172.18.0.8:9856|admin:172.18.0.8:9857|client:172.18.0.8:9858|dataStream:172.18.0.8:9858|priority:0|startupRole:FOLLOWER, e9a4e902-7cdf-4ffe-80d3-974521ed7755|rpc:172.18.0.5:9856|admin:172.18.0.5:9857|client:172.18.0.5:9858|dataStream:172.18.0.5:9858|priority:1|startupRole:FOLLOWER]|listeners:[], old=null
datanode_1  | 2023-02-27 11:46:26,260 [e9a4e902-7cdf-4ffe-80d3-974521ed7755@group-9B3CB4B80369-LeaderElection2-1] INFO server.GrpcServerProtocolClient: Build channel for 563c1c87-d686-45a3-8ccb-f135fd475191
datanode_1  | 2023-02-27 11:46:26,264 [e9a4e902-7cdf-4ffe-80d3-974521ed7755@group-9B3CB4B80369-LeaderElection2] INFO server.RaftServerConfigKeys: raft.server.rpc.first-election.timeout.min = 5s (fallback to raft.server.rpc.timeout.min)
datanode_3  | 2023-02-27 11:46:15,633 [pool-22-thread-1] INFO util.JmxRegister: Successfully registered JMX Bean with object name Ratis:service=RaftServer,group=group-57586A395D16,id=599bc353-aa44-4261-9bd4-eac5232c5bbc
datanode_3  | 2023-02-27 11:46:15,634 [pool-22-thread-1] INFO server.RaftServerConfigKeys: raft.server.snapshot.auto.trigger.enabled = true (custom)
datanode_3  | 2023-02-27 11:46:15,634 [pool-22-thread-1] INFO server.RaftServerConfigKeys: raft.server.snapshot.auto.trigger.threshold = 10000 (custom)
nm_1        | 2023-02-27 11:48:57 INFO  LocalizedResource:203 - Resource o3fs://bucket1.volume1.om/user/hadoop/.staging/job_1677498328531_0002/job.xml transitioned from INIT to DOWNLOADING
datanode_3  | 2023-02-27 11:46:15,634 [pool-22-thread-1] INFO server.RaftServerConfigKeys: raft.server.snapshot.retention.file.num = 5 (custom)
datanode_2  | 2023-02-27 11:46:21,551 [pool-22-thread-1] INFO server.RaftServer$Division: 563c1c87-d686-45a3-8ccb-f135fd475191@group-9B3CB4B80369: start as a follower, conf=-1: peers:[563c1c87-d686-45a3-8ccb-f135fd475191|rpc:172.18.0.9:9856|admin:172.18.0.9:9857|client:172.18.0.9:9858|dataStream:172.18.0.9:9858|priority:0|startupRole:FOLLOWER, 599bc353-aa44-4261-9bd4-eac5232c5bbc|rpc:172.18.0.8:9856|admin:172.18.0.8:9857|client:172.18.0.8:9858|dataStream:172.18.0.8:9858|priority:0|startupRole:FOLLOWER, e9a4e902-7cdf-4ffe-80d3-974521ed7755|rpc:172.18.0.5:9856|admin:172.18.0.5:9857|client:172.18.0.5:9858|dataStream:172.18.0.5:9858|priority:1|startupRole:FOLLOWER]|listeners:[], old=null
datanode_2  | 2023-02-27 11:46:21,547 [563c1c87-d686-45a3-8ccb-f135fd475191@group-C36791940DDF-FollowerState] INFO impl.RoleInfo: 563c1c87-d686-45a3-8ccb-f135fd475191: shutdown 563c1c87-d686-45a3-8ccb-f135fd475191@group-C36791940DDF-FollowerState
datanode_2  | 2023-02-27 11:46:21,588 [pool-22-thread-1] INFO server.RaftServer$Division: 563c1c87-d686-45a3-8ccb-f135fd475191@group-9B3CB4B80369: changes role from      null to FOLLOWER at term 0 for startAsFollower
datanode_2  | 2023-02-27 11:46:21,588 [563c1c87-d686-45a3-8ccb-f135fd475191@group-C36791940DDF-FollowerState] INFO server.RaftServer$Division: 563c1c87-d686-45a3-8ccb-f135fd475191@group-C36791940DDF: changes role from  FOLLOWER to CANDIDATE at term 0 for changeToCandidate
datanode_2  | 2023-02-27 11:46:21,610 [pool-22-thread-1] INFO impl.RoleInfo: 563c1c87-d686-45a3-8ccb-f135fd475191: start 563c1c87-d686-45a3-8ccb-f135fd475191@group-9B3CB4B80369-FollowerState
datanode_3  | 2023-02-27 11:46:15,634 [pool-22-thread-1] INFO server.RaftServerConfigKeys: raft.server.log.purge.upto.snapshot.index = false (default)
datanode_3  | 2023-02-27 11:46:15,635 [599bc353-aa44-4261-9bd4-eac5232c5bbc@group-57586A395D16-FollowerState] INFO server.RaftServerConfigKeys: raft.server.rpc.first-election.timeout.min = 5s (fallback to raft.server.rpc.timeout.min)
datanode_3  | 2023-02-27 11:46:15,644 [Command processor thread] INFO ratis.XceiverServerRatis: Created group PipelineID=5dd7adfa-0234-42ea-8d47-57586a395d16
datanode_1  | 2023-02-27 11:46:26,279 [e9a4e902-7cdf-4ffe-80d3-974521ed7755@group-9B3CB4B80369-LeaderElection2] INFO server.RaftServerConfigKeys: raft.server.rpc.first-election.timeout.max = 5200ms (fallback to raft.server.rpc.timeout.max)
datanode_1  | 2023-02-27 11:46:26,284 [e9a4e902-7cdf-4ffe-80d3-974521ed7755@group-9B3CB4B80369-LeaderElection2-2] INFO server.GrpcServerProtocolClient: Build channel for 599bc353-aa44-4261-9bd4-eac5232c5bbc
scm_1       | 2023-02-27 11:46:00,329 [main] WARN server.ServerUtils: Storage directory for Ratis is not configured. It is a good idea to map this to an SSD disk. Falling back to ozone.metadata.dirs
scm_1       | 2023-02-27 11:46:00,330 [main] WARN ha.SCMHAUtils: SCM snapshot dir is not configured. Falling back to ozone.metadata.dirs config
scm_1       | 2023-02-27 11:46:00,347 [main] INFO upgrade.AbstractLayoutVersionManager: Initializing Layout version manager with metadata layout = DATANODE_SCHEMA_V3 (version = 4), software layout = DATANODE_SCHEMA_V3 (version = 4)
datanode_3  | 2023-02-27 11:46:15,675 [599bc353-aa44-4261-9bd4-eac5232c5bbc@group-57586A395D16-FollowerState] INFO server.RaftServerConfigKeys: raft.server.rpc.first-election.timeout.max = 5200ms (fallback to raft.server.rpc.timeout.max)
datanode_3  | 2023-02-27 11:46:19,623 [Command processor thread] INFO commandhandler.CreatePipelineCommandHandler: Created Pipeline RATIS THREE PipelineID=5dd7adfa-0234-42ea-8d47-57586a395d16.
datanode_3  | 2023-02-27 11:46:19,644 [pool-22-thread-1] INFO server.RaftServer$Division: 599bc353-aa44-4261-9bd4-eac5232c5bbc: new RaftServerImpl for group-9B3CB4B80369:[563c1c87-d686-45a3-8ccb-f135fd475191|rpc:172.18.0.9:9856|admin:172.18.0.9:9857|client:172.18.0.9:9858|dataStream:172.18.0.9:9858|priority:0|startupRole:FOLLOWER, 599bc353-aa44-4261-9bd4-eac5232c5bbc|rpc:172.18.0.8:9856|admin:172.18.0.8:9857|client:172.18.0.8:9858|dataStream:172.18.0.8:9858|priority:0|startupRole:FOLLOWER, e9a4e902-7cdf-4ffe-80d3-974521ed7755|rpc:172.18.0.5:9856|admin:172.18.0.5:9857|client:172.18.0.5:9858|dataStream:172.18.0.5:9858|priority:1|startupRole:FOLLOWER] with ContainerStateMachine:uninitialized
om_1        | 2023-02-27 11:46:48,258 [OM StateMachine ApplyTransaction Thread - 0] INFO bucket.OMBucketCreateRequest: created bucket: bucket1 of layout FILE_SYSTEM_OPTIMIZED in volume: volume1
om_1        | 2023-02-27 11:48:12,592 [OM StateMachine ApplyTransaction Thread - 0] INFO volume.OMVolumeCreateRequest: created volume:user for user:hadoop
om_1        | 2023-02-27 11:48:12,613 [OM StateMachine ApplyTransaction Thread - 0] INFO bucket.OMBucketCreateRequest: created bucket: hadoop of layout FILE_SYSTEM_OPTIMIZED in volume: user
datanode_1  | 2023-02-27 11:46:26,425 [e9a4e902-7cdf-4ffe-80d3-974521ed7755@group-9B3CB4B80369-LeaderElection2] INFO impl.LeaderElection: e9a4e902-7cdf-4ffe-80d3-974521ed7755@group-9B3CB4B80369-LeaderElection2: PRE_VOTE PASSED received 1 response(s) and 0 exception(s):
datanode_1  | 2023-02-27 11:46:26,426 [e9a4e902-7cdf-4ffe-80d3-974521ed7755@group-9B3CB4B80369-LeaderElection2] INFO impl.LeaderElection:   Response 0: e9a4e902-7cdf-4ffe-80d3-974521ed7755<-563c1c87-d686-45a3-8ccb-f135fd475191#0:OK-t0
datanode_1  | 2023-02-27 11:46:26,427 [e9a4e902-7cdf-4ffe-80d3-974521ed7755@group-9B3CB4B80369-LeaderElection2] INFO impl.LeaderElection: e9a4e902-7cdf-4ffe-80d3-974521ed7755@group-9B3CB4B80369-LeaderElection2 PRE_VOTE round 0: result PASSED
nm_1        | 2023-02-27 11:48:57 INFO  ResourceLocalizationService:711 - Created localizer for container_1677498328531_0002_01_000001
nm_1        | 2023-02-27 11:48:57 INFO  ResourceLocalizationService:1191 - Writing credentials to the nmPrivate file /tmp/hadoop-hadoop/nm-local-dir/nmPrivate/container_1677498328531_0002_01_000001.tokens. Credentials list: 
scm_1       | 2023-02-27 11:46:00,588 [main] INFO reflections.Reflections: Reflections took 203 ms to scan 3 urls, producing 126 keys and 281 values 
scm_1       | 2023-02-27 11:46:00,726 [main] INFO ha.SequenceIdGenerator: upgrade localId to 111677748019200000
scm_1       | 2023-02-27 11:46:00,726 [main] INFO ha.SequenceIdGenerator: upgrade delTxnId to 0
scm_1       | 2023-02-27 11:46:00,729 [main] INFO ha.SequenceIdGenerator: upgrade containerId to 0
scm_1       | 2023-02-27 11:46:00,735 [main] INFO ha.SequenceIdGenerator: Init the HA SequenceIdGenerator.
scm_1       | 2023-02-27 11:46:00,827 [main] INFO node.SCMNodeManager: Entering startup safe mode.
nm_1        | 2023-02-27 11:48:57 INFO  DefaultContainerExecutor:612 - Initializing user hadoop
nm_1        | 2023-02-27 11:48:57 INFO  DefaultContainerExecutor:117 - Copying from /tmp/hadoop-hadoop/nm-local-dir/nmPrivate/container_1677498328531_0002_01_000001.tokens to /tmp/hadoop-hadoop/nm-local-dir/usercache/hadoop/appcache/application_1677498328531_0002/container_1677498328531_0002_01_000001.tokens
scm_1       | 2023-02-27 11:46:00,856 [main] INFO algorithms.ContainerPlacementPolicyFactory: Create container placement policy of type org.apache.hadoop.hdds.scm.container.placement.algorithms.SCMContainerPlacementRandom
scm_1       | 2023-02-27 11:46:00,859 [main] INFO algorithms.ContainerPlacementPolicyFactory: Create container placement policy of type org.apache.hadoop.hdds.scm.container.placement.algorithms.SCMContainerPlacementRackScatter
scm_1       | 2023-02-27 11:46:00,870 [main] INFO pipeline.PipelineStateManagerImpl: No pipeline exists in current db
scm_1       | 2023-02-27 11:46:00,940 [main] INFO algorithms.LeaderChoosePolicyFactory: Create leader choose policy of type org.apache.hadoop.hdds.scm.pipeline.leader.choose.algorithms.MinLeaderCountChoosePolicy
scm_1       | 2023-02-27 11:46:00,940 [main] INFO algorithms.ContainerPlacementPolicyFactory: Create container placement policy of type org.apache.hadoop.hdds.scm.container.placement.algorithms.SCMContainerPlacementRackScatter
scm_1       | 2023-02-27 11:46:00,952 [main] INFO ha.SCMServiceManager: Registering service BackgroundPipelineCreator.
nm_1        | 2023-02-27 11:48:57 INFO  DefaultContainerExecutor:124 - Localizer CWD set to /tmp/hadoop-hadoop/nm-local-dir/usercache/hadoop/appcache/application_1677498328531_0002 = file:/tmp/hadoop-hadoop/nm-local-dir/usercache/hadoop/appcache/application_1677498328531_0002
nm_1        | 2023-02-27 11:48:57 INFO  LocalizedResource:203 - Resource o3fs://bucket1.volume1.om/user/hadoop/.staging/job_1677498328531_0002/job.splitmetainfo(->/tmp/hadoop-hadoop/nm-local-dir/usercache/hadoop/appcache/application_1677498328531_0002/filecache/10/job.splitmetainfo) transitioned from DOWNLOADING to LOCALIZED
scm_1       | 2023-02-27 11:46:00,955 [main] INFO pipeline.BackgroundPipelineCreator: Starting RatisPipelineUtilsThread.
scm_1       | 2023-02-27 11:46:00,961 [main] INFO BackgroundPipelineScrubber: Starting BackgroundPipelineScrubber Service.
scm_1       | 2023-02-27 11:46:00,962 [main] INFO ha.SCMServiceManager: Registering service BackgroundPipelineScrubber.
scm_1       | 2023-02-27 11:46:00,971 [main] INFO ExpiredContainerReplicaOpScrubber: Starting ExpiredContainerReplicaOpScrubber Service.
scm_1       | 2023-02-27 11:46:00,972 [main] INFO ha.SCMServiceManager: Registering service ExpiredContainerReplicaOpScrubber.
scm_1       | 2023-02-27 11:46:01,038 [main] INFO algorithms.PipelineChoosePolicyFactory: Create pipeline choose policy of type org.apache.hadoop.hdds.scm.pipeline.choose.algorithms.RandomPipelineChoosePolicy
nm_1        | 2023-02-27 11:48:57 INFO  LocalizedResource:203 - Resource o3fs://bucket1.volume1.om/user/hadoop/.staging/job_1677498328531_0002/job.jar(->/tmp/hadoop-hadoop/nm-local-dir/usercache/hadoop/appcache/application_1677498328531_0002/filecache/11/job.jar) transitioned from DOWNLOADING to LOCALIZED
nm_1        | 2023-02-27 11:48:57 INFO  LocalizedResource:203 - Resource o3fs://bucket1.volume1.om/user/hadoop/.staging/job_1677498328531_0002/job.split(->/tmp/hadoop-hadoop/nm-local-dir/usercache/hadoop/appcache/application_1677498328531_0002/filecache/12/job.split) transitioned from DOWNLOADING to LOCALIZED
scm_1       | 2023-02-27 11:46:01,088 [main] INFO ha.SCMServiceManager: Registering service SCMBlockDeletingService.
scm_1       | 2023-02-27 11:46:01,166 [main] INFO replication.ReplicationManager: Starting Replication Monitor Thread.
scm_1       | 2023-02-27 11:46:01,215 [main] INFO ha.SCMServiceManager: Registering service ReplicationManager.
scm_1       | 2023-02-27 11:46:01,218 [ReplicationMonitor] INFO replication.ReplicationManager: Replication Manager is not ready to run until 300000ms after safemode exit
scm_1       | WARNING: An illegal reflective access operation has occurred
scm_1       | WARNING: Illegal reflective access by org.apache.hadoop.hdds.utils.MetricsUtil (file:/opt/hadoop/share/ozone/lib/hdds-server-framework-1.4.0-SNAPSHOT.jar) to method java.lang.Class.annotationData()
scm_1       | WARNING: Please consider reporting this to the maintainers of org.apache.hadoop.hdds.utils.MetricsUtil
datanode_3  | 2023-02-27 11:46:19,646 [pool-22-thread-1] INFO server.RaftServerConfigKeys: raft.server.rpc.timeout.min = 5s (custom)
datanode_3  | 2023-02-27 11:46:19,646 [pool-22-thread-1] INFO server.RaftServerConfigKeys: raft.server.rpc.timeout.max = 5200ms (custom)
scm_1       | WARNING: Use --illegal-access=warn to enable warnings of further illegal reflective access operations
rm_1        | 2023-02-27 11:48:26 INFO  SchedulerNode:153 - Assigned container container_1677498328531_0001_01_000003 of capacity <memory:4096, vCores:1> on host nm:39785, which has 2 containers, <memory:6144, vCores:2> used and <memory:2048, vCores:6> available after allocation
rm_1        | 2023-02-27 11:48:26 INFO  LeafQueue:1554 - assignedContainer application attempt=appattempt_1677498328531_0001_000001 container=Container: [ContainerId: container_1677498328531_0001_01_000003, NodeId: nm:39785, NodeHttpAddress: nm:8042, Resource: <memory:4096, vCores:1>, Priority: 20, Token: null, ] queue=default: capacity=1.0, absoluteCapacity=1.0, usedResources=<memory:2048, vCores:1>, usedCapacity=0.25, absoluteUsedCapacity=0.25, numApps=1, numContainers=1 clusterResource=<memory:8192, vCores:8> type=RACK_LOCAL
rm_1        | 2023-02-27 11:48:26 INFO  ParentQueue:523 - Re-sorting assigned queue: root.default stats: default: capacity=1.0, absoluteCapacity=1.0, usedResources=<memory:6144, vCores:2>, usedCapacity=0.75, absoluteUsedCapacity=0.75, numApps=1, numContainers=2
rm_1        | 2023-02-27 11:48:26 INFO  ParentQueue:420 - assignedContainer queue=root usedCapacity=0.75 absoluteUsedCapacity=0.75 used=<memory:6144, vCores:2> cluster=<memory:8192, vCores:8>
datanode_2  | 2023-02-27 11:46:21,616 [pool-22-thread-1] INFO util.JmxRegister: Successfully registered JMX Bean with object name Ratis:service=RaftServer,group=group-9B3CB4B80369,id=563c1c87-d686-45a3-8ccb-f135fd475191
datanode_3  | 2023-02-27 11:46:19,646 [pool-22-thread-1] INFO server.RaftServerConfigKeys: raft.server.rpc.sleep.time = 25ms (default)
datanode_3  | 2023-02-27 11:46:19,647 [pool-22-thread-1] INFO server.RaftServerConfigKeys: raft.server.rpc.slowness.timeout = 300s (custom)
datanode_1  | 2023-02-27 11:46:26,432 [e9a4e902-7cdf-4ffe-80d3-974521ed7755@group-9B3CB4B80369-LeaderElection2] INFO impl.LeaderElection: e9a4e902-7cdf-4ffe-80d3-974521ed7755@group-9B3CB4B80369-LeaderElection2 ELECTION round 0: submit vote requests at term 1 for -1: peers:[563c1c87-d686-45a3-8ccb-f135fd475191|rpc:172.18.0.9:9856|admin:172.18.0.9:9857|client:172.18.0.9:9858|dataStream:172.18.0.9:9858|priority:0|startupRole:FOLLOWER, 599bc353-aa44-4261-9bd4-eac5232c5bbc|rpc:172.18.0.8:9856|admin:172.18.0.8:9857|client:172.18.0.8:9858|dataStream:172.18.0.8:9858|priority:0|startupRole:FOLLOWER, e9a4e902-7cdf-4ffe-80d3-974521ed7755|rpc:172.18.0.5:9856|admin:172.18.0.5:9857|client:172.18.0.5:9858|dataStream:172.18.0.5:9858|priority:1|startupRole:FOLLOWER]|listeners:[], old=null
datanode_1  | 2023-02-27 11:46:26,457 [e9a4e902-7cdf-4ffe-80d3-974521ed7755@group-9B3CB4B80369-LeaderElection2] INFO server.RaftServerConfigKeys: raft.server.rpc.first-election.timeout.min = 5s (fallback to raft.server.rpc.timeout.min)
datanode_1  | 2023-02-27 11:46:26,517 [e9a4e902-7cdf-4ffe-80d3-974521ed7755@group-9B3CB4B80369-LeaderElection2] INFO server.RaftServerConfigKeys: raft.server.rpc.first-election.timeout.max = 5200ms (fallback to raft.server.rpc.timeout.max)
datanode_1  | 2023-02-27 11:46:26,522 [e9a4e902-7cdf-4ffe-80d3-974521ed7755@group-9B3CB4B80369-LeaderElection2] INFO impl.LeaderElection: e9a4e902-7cdf-4ffe-80d3-974521ed7755@group-9B3CB4B80369-LeaderElection2: ELECTION PASSED received 1 response(s) and 0 exception(s):
datanode_1  | 2023-02-27 11:46:26,522 [e9a4e902-7cdf-4ffe-80d3-974521ed7755@group-9B3CB4B80369-LeaderElection2] INFO impl.LeaderElection:   Response 0: e9a4e902-7cdf-4ffe-80d3-974521ed7755<-563c1c87-d686-45a3-8ccb-f135fd475191#0:OK-t1
datanode_2  | 2023-02-27 11:46:21,617 [pool-22-thread-1] INFO server.RaftServerConfigKeys: raft.server.snapshot.auto.trigger.enabled = true (custom)
datanode_3  | 2023-02-27 11:46:19,647 [pool-22-thread-1] INFO server.RaftServerConfigKeys: raft.server.leaderelection.leader.step-down.wait-time = 10s (default)
nm_1        | 2023-02-27 11:48:57 INFO  LocalizedResource:203 - Resource o3fs://bucket1.volume1.om/user/hadoop/.staging/job_1677498328531_0002/job.xml(->/tmp/hadoop-hadoop/nm-local-dir/usercache/hadoop/appcache/application_1677498328531_0002/filecache/13/job.xml) transitioned from DOWNLOADING to LOCALIZED
nm_1        | 2023-02-27 11:48:57 INFO  ContainerImpl:1135 - Container container_1677498328531_0002_01_000001 transitioned from LOCALIZING to LOCALIZED
rm_1        | 2023-02-27 11:48:26 INFO  RMContainerImpl:410 - container_1677498328531_0001_01_000003 Container Transitioned from ALLOCATED to ACQUIRED
datanode_1  | 2023-02-27 11:46:26,523 [e9a4e902-7cdf-4ffe-80d3-974521ed7755@group-9B3CB4B80369-LeaderElection2] INFO impl.LeaderElection: e9a4e902-7cdf-4ffe-80d3-974521ed7755@group-9B3CB4B80369-LeaderElection2 ELECTION round 0: result PASSED
datanode_2  | 2023-02-27 11:46:21,617 [pool-22-thread-1] INFO server.RaftServerConfigKeys: raft.server.snapshot.auto.trigger.threshold = 10000 (custom)
scm_1       | WARNING: All illegal access operations will be denied in a future release
datanode_3  | 2023-02-27 11:46:19,647 [pool-22-thread-1] INFO server.RaftServerConfigKeys: raft.server.sleep.deviation.threshold = 300ms (default)
om_1        | 2023-02-27 11:48:12,763 [OM StateMachine ApplyTransaction Thread - 0] INFO bucket.OMBucketCreateRequest: created bucket: history of layout FILE_SYSTEM_OPTIMIZED in volume: user
nm_1        | 2023-02-27 11:48:57 INFO  ContainerImpl:1135 - Container container_1677498328531_0002_01_000001 transitioned from LOCALIZED to RUNNING
rm_1        | 2023-02-27 11:48:27 INFO  RMContainerImpl:410 - container_1677498328531_0001_01_000003 Container Transitioned from ACQUIRED to RUNNING
datanode_1  | 2023-02-27 11:46:26,524 [e9a4e902-7cdf-4ffe-80d3-974521ed7755@group-9B3CB4B80369-LeaderElection2] INFO impl.RoleInfo: e9a4e902-7cdf-4ffe-80d3-974521ed7755: shutdown e9a4e902-7cdf-4ffe-80d3-974521ed7755@group-9B3CB4B80369-LeaderElection2
datanode_2  | 2023-02-27 11:46:21,617 [pool-22-thread-1] INFO server.RaftServerConfigKeys: raft.server.snapshot.retention.file.num = 5 (custom)
scm_1       | 2023-02-27 11:46:01,240 [main] INFO safemode.ContainerSafeModeRule: containers with one replica threshold count 0
datanode_3  | 2023-02-27 11:46:19,647 [pool-22-thread-1] INFO server.RaftServer$Division: 599bc353-aa44-4261-9bd4-eac5232c5bbc@group-9B3CB4B80369: ConfigurationManager, init=-1: peers:[563c1c87-d686-45a3-8ccb-f135fd475191|rpc:172.18.0.9:9856|admin:172.18.0.9:9857|client:172.18.0.9:9858|dataStream:172.18.0.9:9858|priority:0|startupRole:FOLLOWER, 599bc353-aa44-4261-9bd4-eac5232c5bbc|rpc:172.18.0.8:9856|admin:172.18.0.8:9857|client:172.18.0.8:9858|dataStream:172.18.0.8:9858|priority:0|startupRole:FOLLOWER, e9a4e902-7cdf-4ffe-80d3-974521ed7755|rpc:172.18.0.5:9856|admin:172.18.0.5:9857|client:172.18.0.5:9858|dataStream:172.18.0.5:9858|priority:1|startupRole:FOLLOWER]|listeners:[], old=null, confs=<EMPTY_MAP>
om_1        | 2023-02-27 11:48:46,261 [OM StateMachine ApplyTransaction Thread - 0] INFO key.OMKeyRequest: Detect allocated but uncommitted blocks [{blockID={containerID=2, localID=111677748019200016}, length=268435456, offset=0, token=null, pipeline=null, createVersion=0, partNumber=0}] in key user/hadoop/.staging/job_1677498328531_0001/COMMIT_STARTED.
nm_1        | 2023-02-27 11:48:57 INFO  ContainersMonitorImpl:196 - Neither virutal-memory nor physical-memory monitoring is needed. Not running the monitor-thread
rm_1        | 2023-02-27 11:48:32 INFO  RMContainerImpl:410 - container_1677498328531_0001_01_000003 Container Transitioned from RUNNING to COMPLETED
datanode_1  | 2023-02-27 11:46:26,524 [e9a4e902-7cdf-4ffe-80d3-974521ed7755@group-9B3CB4B80369-LeaderElection2] INFO server.RaftServer$Division: e9a4e902-7cdf-4ffe-80d3-974521ed7755@group-9B3CB4B80369: changes role from CANDIDATE to LEADER at term 1 for changeToLeader
datanode_2  | 2023-02-27 11:46:21,617 [pool-22-thread-1] INFO server.RaftServerConfigKeys: raft.server.log.purge.upto.snapshot.index = false (default)
scm_1       | 2023-02-27 11:46:01,248 [main] INFO safemode.HealthyPipelineSafeModeRule: Total pipeline count is 0, healthy pipeline threshold count is 1
datanode_3  | 2023-02-27 11:46:19,648 [pool-22-thread-1] INFO server.RaftServerConfigKeys: raft.server.storage.dir = [/data/metadata/ratis] (custom)
nm_1        | 2023-02-27 11:48:57 INFO  DefaultContainerExecutor:268 - launchContainer: [bash, /tmp/hadoop-hadoop/nm-local-dir/usercache/hadoop/appcache/application_1677498328531_0002/container_1677498328531_0002_01_000001/default_container_executor.sh]
rm_1        | 2023-02-27 11:48:32 INFO  FiCaSchedulerApp:113 - Completed container: container_1677498328531_0001_01_000003 in state: COMPLETED event:FINISHED
datanode_1  | 2023-02-27 11:46:26,525 [e9a4e902-7cdf-4ffe-80d3-974521ed7755@group-9B3CB4B80369-LeaderElection2] INFO ratis.XceiverServerRatis: Leader change notification received for group: group-9B3CB4B80369 with new leaderId: e9a4e902-7cdf-4ffe-80d3-974521ed7755
datanode_2  | 2023-02-27 11:46:21,620 [Command processor thread] INFO ratis.XceiverServerRatis: Created group PipelineID=b1644cc9-c3ac-4313-b4d5-9b3cb4b80369
scm_1       | 2023-02-27 11:46:01,250 [main] INFO safemode.OneReplicaPipelineSafeModeRule: Total pipeline count is 0, pipeline's with at least one datanode reported threshold count is 0
datanode_3  | 2023-02-27 11:46:19,649 [pool-22-thread-1] INFO server.RaftServerConfigKeys: raft.server.log.corruption.policy = EXCEPTION (default)
om_1        | 2023-02-27 11:48:46,535 [OM StateMachine ApplyTransaction Thread - 0] INFO key.OMKeyRequest: Detect allocated but uncommitted blocks [{blockID={containerID=2, localID=111677748019200017}, length=268435456, offset=0, token=null, pipeline=null, createVersion=0, partNumber=0}] in key user/hadoop/QuasiMonteCarlo_1677498477310_21815016/out/_SUCCESS.
nm_1        | 2023-02-27 11:49:09 INFO  Server:1316 - Auth successful for appattempt_1677498328531_0002_000001 (auth:SIMPLE)
rm_1        | 2023-02-27 11:48:32 INFO  RMAuditLogger:106 - USER=hadoop	OPERATION=AM Released Container	TARGET=SchedulerApp	RESULT=SUCCESS	APPID=application_1677498328531_0001	CONTAINERID=container_1677498328531_0001_01_000003
