nm_1        | 2023-02-27 11:48:34 INFO  DefaultContainerExecutor:268 - launchContainer: [bash, /tmp/hadoop-hadoop/nm-local-dir/usercache/hadoop/appcache/application_1677498328531_0001/container_1677498328531_0001_01_000004/default_container_executor.sh]
nm_1        | 2023-02-27 11:48:34 INFO  NodeStatusUpdaterImpl:490 - Removed completed containers from NM context: [container_1677498328531_0001_01_000003]
om_1        | 2023-02-27 11:46:33,270 [Listener at om/9862] INFO server.AbstractConnector: Started ServerConnector@1cba0321{HTTP/1.1, (http/1.1)}{0.0.0.0:9874}
om_1        | 2023-02-27 11:46:33,270 [Listener at om/9862] INFO server.Server: Started @22247ms
om_1        | 2023-02-27 11:46:33,302 [Listener at om/9862] INFO impl.MetricsSinkAdapter: Sink prometheus started
om_1        | 2023-02-27 11:46:33,302 [Listener at om/9862] INFO impl.MetricsSystemImpl: Registered sink prometheus
nm_1        | 2023-02-27 11:48:39 INFO  Server:1316 - Auth successful for appattempt_1677498328531_0001_000001 (auth:SIMPLE)
nm_1        | 2023-02-27 11:48:39 INFO  ContainerManagerImpl:960 - Stopping container with container Id: container_1677498328531_0001_01_000004
om_1        | 2023-02-27 11:46:33,308 [Listener at om/9862] INFO http.BaseHttpServer: HTTP server of ozoneManager listening at http://0.0.0.0:9874
scm_1       | 2023-02-27 11:45:57,967 [main] INFO server.StorageContainerManagerStarter: STARTUP_MSG: 
scm_1       | /************************************************************
scm_1       | STARTUP_MSG: Starting StorageContainerManager
nm_1        | 2023-02-27 11:48:39 INFO  NMAuditLogger:89 - USER=hadoop	IP=172.18.0.6	OPERATION=Stop Container Request	TARGET=ContainerManageImpl	RESULT=SUCCESS	APPID=application_1677498328531_0001	CONTAINERID=container_1677498328531_0001_01_000004
nm_1        | 2023-02-27 11:48:39 INFO  ContainerImpl:1135 - Container container_1677498328531_0001_01_000004 transitioned from RUNNING to KILLING
om_1        | 2023-02-27 11:46:33,322 [IPC Server Responder] INFO ipc.Server: IPC Server Responder: starting
scm_1       | STARTUP_MSG:   host = scm/172.18.0.2
scm_1       | STARTUP_MSG:   args = []
scm_1       | STARTUP_MSG:   version = 1.4.0-SNAPSHOT
datanode_1  | 2023-02-27 11:46:21,075 [e9a4e902-7cdf-4ffe-80d3-974521ed7755@group-26DF8DB27102-FollowerState] INFO impl.RoleInfo: e9a4e902-7cdf-4ffe-80d3-974521ed7755: shutdown e9a4e902-7cdf-4ffe-80d3-974521ed7755@group-26DF8DB27102-FollowerState
datanode_1  | 2023-02-27 11:46:21,097 [e9a4e902-7cdf-4ffe-80d3-974521ed7755@group-9B3CB4B80369-FollowerState] INFO server.RaftServerConfigKeys: raft.server.rpc.first-election.timeout.min = 5s (fallback to raft.server.rpc.timeout.min)
datanode_3  | 2023-02-27 11:46:14,844 [pool-22-thread-1] INFO server.RaftServer$Division: 599bc353-aa44-4261-9bd4-eac5232c5bbc@group-57586A395D16: ConfigurationManager, init=-1: peers:[563c1c87-d686-45a3-8ccb-f135fd475191|rpc:172.18.0.9:9856|admin:172.18.0.9:9857|client:172.18.0.9:9858|dataStream:172.18.0.9:9858|priority:1|startupRole:FOLLOWER, 599bc353-aa44-4261-9bd4-eac5232c5bbc|rpc:172.18.0.8:9856|admin:172.18.0.8:9857|client:172.18.0.8:9858|dataStream:172.18.0.8:9858|priority:0|startupRole:FOLLOWER, e9a4e902-7cdf-4ffe-80d3-974521ed7755|rpc:172.18.0.5:9856|admin:172.18.0.5:9857|client:172.18.0.5:9858|dataStream:172.18.0.5:9858|priority:0|startupRole:FOLLOWER]|listeners:[], old=null, confs=<EMPTY_MAP>
om_1        | 2023-02-27 11:46:33,323 [IPC Server listener on 9862] INFO ipc.Server: IPC Server listener on 9862: starting
om_1        | 2023-02-27 11:46:33,483 [Listener at om/9862] INFO om.OzoneManager: Trash Interval set to 0. Files deleted won't move to trash
datanode_2  | 2023-02-27 11:46:20,522 [pool-22-thread-1] INFO server.RaftServerConfigKeys: raft.server.storage.free-space.min = 0MB (=0) (default)
scm_1       | STARTUP_MSG:   classpath = /etc/hadoop:/opt/hadoop/share/ozone/lib/slf4j-reload4j-1.7.36.jar:/opt/hadoop/share/ozone/lib/netty-resolver-4.1.86.Final.jar:/opt/hadoop/share/ozone/lib/protobuf-java-2.5.0.jar:/opt/hadoop/share/ozone/lib/jaxb-core-2.3.0.1.jar:/opt/hadoop/share/ozone/lib/istack-commons-runtime-3.0.5.jar:/opt/hadoop/share/ozone/lib/commons-validator-1.6.jar:/opt/hadoop/share/ozone/lib/hdds-erasurecode-1.4.0-SNAPSHOT.jar:/opt/hadoop/share/ozone/lib/hdds-hadoop-dependency-server-1.4.0-SNAPSHOT.jar:/opt/hadoop/share/ozone/lib/bcpkix-jdk15on-1.67.jar:/opt/hadoop/share/ozone/lib/netty-codec-4.1.86.Final.jar:/opt/hadoop/share/ozone/lib/commons-net-3.9.0.jar:/opt/hadoop/share/ozone/lib/kerb-core-1.0.1.jar:/opt/hadoop/share/ozone/lib/hadoop-shaded-protobuf_3_7-1.1.1.jar:/opt/hadoop/share/ozone/lib/jsr305-3.0.0.jar:/opt/hadoop/share/ozone/lib/j2objc-annotations-1.3.jar:/opt/hadoop/share/ozone/lib/jetty-webapp-9.4.49.v20220914.jar:/opt/hadoop/share/ozone/lib/picocli-4.6.1.jar:/opt/hadoop/share/ozone/lib/javassist-3.21.0-GA.jar:/opt/hadoop/share/ozone/lib/jaxb-api-2.3.0.jar:/opt/hadoop/share/ozone/lib/hdds-interface-admin-1.4.0-SNAPSHOT.jar:/opt/hadoop/share/ozone/lib/commons-codec-1.15.jar:/opt/hadoop/share/ozone/lib/hadoop-shaded-guava-1.1.1.jar:/opt/hadoop/share/ozone/lib/kotlin-stdlib-1.6.21.jar:/opt/hadoop/share/ozone/lib/log4j-core-2.17.1.jar:/opt/hadoop/share/ozone/lib/commons-logging-1.2.jar:/opt/hadoop/share/ozone/lib/ratis-thirdparty-misc-1.0.3.jar:/opt/hadoop/share/ozone/lib/jetty-security-9.4.49.v20220914.jar:/opt/hadoop/share/ozone/lib/accessors-smart-2.4.7.jar:/opt/hadoop/share/ozone/lib/txw2-2.3.0.1.jar:/opt/hadoop/share/ozone/lib/httpcore-4.4.13.jar:/opt/hadoop/share/ozone/lib/hdds-container-service-1.4.0-SNAPSHOT.jar:/opt/hadoop/share/ozone/lib/guava-31.1-jre.jar:/opt/hadoop/share/ozone/lib/opentracing-tracerresolver-0.1.8.jar:/opt/hadoop/share/ozone/lib/ratis-grpc-2.4.2-8b8bdda-SNAPSHOT.jar:/opt/hadoop/share/ozone/lib/hadoop-auth-3.3.4.jar:/opt/hadoop/share/ozone/lib/libthrift-0.14.1.jar:/opt/hadoop/share/ozone/lib/stax-ex-1.7.8.jar:/opt/hadoop/share/ozone/lib/error_prone_annotations-2.2.0.jar:/opt/hadoop/share/ozone/lib/hdds-hadoop-dependency-client-1.4.0-SNAPSHOT.jar:/opt/hadoop/share/ozone/lib/zstd-jni-1.5.2-5.jar:/opt/hadoop/share/ozone/lib/httpclient-4.5.13.jar:/opt/hadoop/share/ozone/lib/hamcrest-2.1.jar:/opt/hadoop/share/ozone/lib/ratis-proto-2.4.2-8b8bdda-SNAPSHOT.jar:/opt/hadoop/share/ozone/lib/jaeger-client-1.6.0.jar:/opt/hadoop/share/ozone/lib/jackson-annotations-2.13.4.jar:/opt/hadoop/share/ozone/lib/commons-io-2.11.0.jar:/opt/hadoop/share/ozone/lib/metrics-core-3.2.4.jar:/opt/hadoop/share/ozone/lib/hadoop-annotations-3.3.4.jar:/opt/hadoop/share/ozone/lib/kerby-pkix-1.0.1.jar:/opt/hadoop/share/ozone/lib/netty-buffer-4.1.86.Final.jar:/opt/hadoop/share/ozone/lib/jetty-util-9.4.49.v20220914.jar:/opt/hadoop/share/ozone/lib/json-smart-2.4.7.jar:/opt/hadoop/share/ozone/lib/jetty-io-9.4.49.v20220914.jar:/opt/hadoop/share/ozone/lib/jsr311-api-1.1.1.jar:/opt/hadoop/share/ozone/lib/jetty-server-9.4.49.v20220914.jar:/opt/hadoop/share/ozone/lib/commons-beanutils-1.9.4.jar:/opt/hadoop/share/ozone/lib/javax.servlet-api-3.1.0.jar:/opt/hadoop/share/ozone/lib/awaitility-4.2.0.jar:/opt/hadoop/share/ozone/lib/jetty-xml-9.4.49.v20220914.jar:/opt/hadoop/share/ozone/lib/hadoop-common-3.3.4.jar:/opt/hadoop/share/ozone/lib/disruptor-3.4.2.jar:/opt/hadoop/share/ozone/lib/reflections-0.9.11.jar:/opt/hadoop/share/ozone/lib/gson-2.9.0.jar:/opt/hadoop/share/ozone/lib/snakeyaml-1.33.jar:/opt/hadoop/share/ozone/lib/nimbus-jose-jwt-9.8.1.jar:/opt/hadoop/share/ozone/lib/rocksdb-checkpoint-differ-1.4.0-SNAPSHOT.jar:/opt/hadoop/share/ozone/lib/hdds-client-1.4.0-SNAPSHOT.jar:/opt/hadoop/share/ozone/lib/ratis-common-2.4.2-8b8bdda-SNAPSHOT.jar:/opt/hadoop/share/ozone/lib/annotations-13.0.jar:/opt/hadoop/share/ozone/lib/simpleclient_common-0.7.0.jar:/opt/hadoop/share/ozone/lib/jaeger-thrift-1.6.0.jar:/opt/hadoop/share/ozone/lib/dnsjava-2.1.7.jar:/opt/hadoop/share/ozone/lib/rocksdbjni-7.7.3.jar:/opt/hadoop/share/ozone/lib/bcprov-jdk15on-1.67.jar:/opt/hadoop/share/ozone/lib/commons-configuration2-2.1.1.jar:/opt/hadoop/share/ozone/lib/commons-daemon-1.0.13.jar:/opt/hadoop/share/ozone/lib/listenablefuture-9999.0-empty-to-avoid-conflict-with-guava.jar:/opt/hadoop/share/ozone/lib/jaeger-tracerresolver-1.6.0.jar:/opt/hadoop/share/ozone/lib/slf4j-api-1.7.36.jar:/opt/hadoop/share/ozone/lib/commons-lang3-3.7.jar:/opt/hadoop/share/ozone/lib/re2j-1.1.jar:/opt/hadoop/share/ozone/lib/jackson-datatype-jsr310-2.13.4.jar:/opt/hadoop/share/ozone/lib/netty-transport-native-unix-common-4.1.86.Final.jar:/opt/hadoop/share/ozone/lib/simpleclient_dropwizard-0.7.0.jar:/opt/hadoop/share/ozone/lib/netty-transport-4.1.86.Final.jar:/opt/hadoop/share/ozone/lib/simpleclient-0.7.0.jar:/opt/hadoop/share/ozone/lib/ratis-metrics-2.4.2-8b8bdda-SNAPSHOT.jar:/opt/hadoop/share/ozone/lib/jakarta.activation-api-1.2.2.jar:/opt/hadoop/share/ozone/lib/asm-5.0.4.jar:/opt/hadoop/share/ozone/lib/netty-handler-4.1.86.Final.jar:/opt/hadoop/share/ozone/lib/kerby-util-1.0.1.jar:/opt/hadoop/share/ozone/lib/failureaccess-1.0.1.jar:/opt/hadoop/share/ozone/lib/jackson-databind-2.13.4.2.jar:/opt/hadoop/share/ozone/lib/okio-2.8.0.jar:/opt/hadoop/share/ozone/lib/jetty-servlet-9.4.49.v20220914.jar:/opt/hadoop/share/ozone/lib/jsp-api-2.1.jar:/opt/hadoop/share/ozone/lib/jsch-0.1.54.jar:/opt/hadoop/share/ozone/lib/reload4j-1.2.22.jar:/opt/hadoop/share/ozone/lib/woodstox-core-5.4.0.jar:/opt/hadoop/share/ozone/lib/commons-pool2-2.6.0.jar:/opt/hadoop/share/ozone/lib/opentracing-api-0.33.0.jar:/opt/hadoop/share/ozone/lib/jcip-annotations-1.0-1.jar:/opt/hadoop/share/ozone/lib/jetty-util-ajax-9.4.49.v20220914.jar:/opt/hadoop/share/ozone/lib/opentracing-noop-0.33.0.jar:/opt/hadoop/share/ozone/lib/hadoop-hdfs-client-3.3.4.jar:/opt/hadoop/share/ozone/lib/kotlin-stdlib-common-1.6.21.jar:/opt/hadoop/share/ozone/lib/jersey-core-1.19.jar:/opt/hadoop/share/ozone/lib/commons-compress-1.21.jar:/opt/hadoop/share/ozone/lib/jaxb-runtime-2.3.0.1.jar:/opt/hadoop/share/ozone/lib/hadoop-hdfs-3.3.4.jar:/opt/hadoop/share/ozone/lib/jackson-core-2.13.4.jar:/opt/hadoop/share/ozone/lib/hdds-annotation-processing-1.4.0-SNAPSHOT.jar:/opt/hadoop/share/ozone/lib/opentracing-util-0.33.0.jar:/opt/hadoop/share/ozone/lib/stax2-api-4.2.1.jar:/opt/hadoop/share/ozone/lib/netty-common-4.1.86.Final.jar:/opt/hadoop/share/ozone/lib/snappy-java-1.1.8.2.jar:/opt/hadoop/share/ozone/lib/ratis-netty-2.4.2-8b8bdda-SNAPSHOT.jar:/opt/hadoop/share/ozone/lib/hdds-config-1.4.0-SNAPSHOT.jar:/opt/hadoop/share/ozone/lib/commons-cli-1.2.jar:/opt/hadoop/share/ozone/lib/log4j-api-2.17.1.jar:/opt/hadoop/share/ozone/lib/javax.annotation-api-1.2.jar:/opt/hadoop/share/ozone/lib/ratis-server-api-2.4.2-8b8bdda-SNAPSHOT.jar:/opt/hadoop/share/ozone/lib/hdds-interface-client-1.4.0-SNAPSHOT.jar:/opt/hadoop/share/ozone/lib/kerby-asn1-1.0.1.jar:/opt/hadoop/share/ozone/lib/okhttp-4.9.3.jar:/opt/hadoop/share/ozone/lib/checker-qual-3.12.0.jar:/opt/hadoop/share/ozone/lib/hdds-interface-server-1.4.0-SNAPSHOT.jar:/opt/hadoop/share/ozone/lib/hdds-common-1.4.0-SNAPSHOT.jar:/opt/hadoop/share/ozone/lib/commons-digester-1.8.1.jar:/opt/hadoop/share/ozone/lib/commons-collections-3.2.2.jar:/opt/hadoop/share/ozone/lib/jaeger-core-1.6.0.jar:/opt/hadoop/share/ozone/lib/ratis-client-2.4.2-8b8bdda-SNAPSHOT.jar:/opt/hadoop/share/ozone/lib/commons-text-1.4.jar:/opt/hadoop/share/ozone/lib/jersey-servlet-1.19.jar:/opt/hadoop/share/ozone/lib/ratis-server-2.4.2-8b8bdda-SNAPSHOT.jar:/opt/hadoop/share/ozone/lib/jetty-http-9.4.49.v20220914.jar:/opt/hadoop/share/ozone/lib/FastInfoset-1.2.13.jar:/opt/hadoop/share/ozone/lib/hdds-server-framework-1.4.0-SNAPSHOT.jar:/opt/hadoop/share/ozone/lib/jersey-server-1.19.jar:/opt/hadoop/share/ozone/web:/opt/hadoop/share/ozone/lib/hdds-server-scm-1.4.0-SNAPSHOT.jar
scm_1       | STARTUP_MSG:   build = https://github.com/apache/ozone/d75507d7ac99b19e7a56fa576ffad3faf77b9af4 ; compiled by 'runner' on 2023-02-27T11:31Z
rm_1        | 2023-02-27 11:48:04 INFO  LeafQueue:1554 - assignedContainer application attempt=appattempt_1677498328531_0001_000001 container=Container: [ContainerId: container_1677498328531_0001_01_000001, NodeId: nm:39785, NodeHttpAddress: nm:8042, Resource: <memory:2048, vCores:1>, Priority: 0, Token: null, ] queue=default: capacity=1.0, absoluteCapacity=1.0, usedResources=<memory:0, vCores:0>, usedCapacity=0.0, absoluteUsedCapacity=0.0, numApps=1, numContainers=0 clusterResource=<memory:8192, vCores:8> type=OFF_SWITCH
rm_1        | 2023-02-27 11:48:04 INFO  ParentQueue:523 - Re-sorting assigned queue: root.default stats: default: capacity=1.0, absoluteCapacity=1.0, usedResources=<memory:2048, vCores:1>, usedCapacity=0.25, absoluteUsedCapacity=0.25, numApps=1, numContainers=1
om_1        | 2023-02-27 11:46:33,506 [org.apache.hadoop.util.JvmPauseMonitor$Monitor@6ba6557e] INFO util.JvmPauseMonitor: Starting JVM pause monitor
om_1        | 2023-02-27 11:46:37,180 [om1@group-C5BA1605619E-FollowerState] INFO impl.FollowerState: om1@group-C5BA1605619E-FollowerState: change to CANDIDATE, lastRpcElapsedTime:5146580605ns, electionTimeout:5125ms
datanode_2  | 2023-02-27 11:46:20,524 [pool-22-thread-1] INFO server.RaftServerConfigKeys: raft.server.notification.no-leader.timeout = 300s (custom)
scm_1       | STARTUP_MSG:   java = 11.0.14.1
nm_1        | 2023-02-27 11:48:39 INFO  ContainerLaunch:370 - Cleaning up container container_1677498328531_0001_01_000004
nm_1        | 2023-02-27 11:48:39 WARN  DefaultContainerExecutor:224 - Exit code from container container_1677498328531_0001_01_000004 is : 143
nm_1        | 2023-02-27 11:48:39 INFO  ContainerImpl:1135 - Container container_1677498328531_0001_01_000004 transitioned from KILLING to CONTAINER_CLEANEDUP_AFTER_KILL
nm_1        | 2023-02-27 11:48:39 INFO  NMAuditLogger:89 - USER=hadoop	OPERATION=Container Finished - Killed	TARGET=ContainerImpl	RESULT=SUCCESS	APPID=application_1677498328531_0001	CONTAINERID=container_1677498328531_0001_01_000004
om_1        | 2023-02-27 11:46:37,182 [om1@group-C5BA1605619E-FollowerState] INFO impl.RoleInfo: om1: shutdown om1@group-C5BA1605619E-FollowerState
datanode_2  | 2023-02-27 11:46:20,524 [pool-22-thread-1] INFO server.RaftServerConfigKeys: raft.server.retrycache.expirytime = 600000ms (custom)
scm_1       | ************************************************************/
nm_1        | 2023-02-27 11:48:39 INFO  ContainerImpl:1135 - Container container_1677498328531_0001_01_000004 transitioned from CONTAINER_CLEANEDUP_AFTER_KILL to DONE
datanode_1  | 2023-02-27 11:46:21,134 [e9a4e902-7cdf-4ffe-80d3-974521ed7755@group-9B3CB4B80369-FollowerState] INFO server.RaftServerConfigKeys: raft.server.rpc.first-election.timeout.max = 5200ms (fallback to raft.server.rpc.timeout.max)
datanode_1  | 2023-02-27 11:46:21,134 [e9a4e902-7cdf-4ffe-80d3-974521ed7755@group-26DF8DB27102-FollowerState] INFO server.RaftServer$Division: e9a4e902-7cdf-4ffe-80d3-974521ed7755@group-26DF8DB27102: changes role from  FOLLOWER to CANDIDATE at term 0 for changeToCandidate
datanode_1  | 2023-02-27 11:46:21,179 [e9a4e902-7cdf-4ffe-80d3-974521ed7755@group-26DF8DB27102-FollowerState] INFO server.RaftServerConfigKeys: raft.server.leaderelection.pre-vote = true (default)
om_1        | 2023-02-27 11:46:37,186 [om1@group-C5BA1605619E-FollowerState] INFO server.RaftServer$Division: om1@group-C5BA1605619E: changes role from  FOLLOWER to CANDIDATE at term 0 for changeToCandidate
datanode_2  | 2023-02-27 11:46:20,525 [pool-22-thread-1] INFO server.RaftServerConfigKeys: raft.server.retrycache.statistics.expirytime = 100?s (default)
scm_1       | 2023-02-27 11:45:57,982 [main] INFO server.StorageContainerManagerStarter: registered UNIX signal handlers for [TERM, HUP, INT]
scm_1       | 2023-02-27 11:45:58,034 [main] WARN server.ServerUtils: ozone.scm.db.dirs is not configured. We recommend adding this setting. Falling back to ozone.metadata.dirs instead.
scm_1       | 2023-02-27 11:45:58,063 [main] INFO ha.SCMHANodeDetails: ServiceID for StorageContainerManager is null
scm_1       | 2023-02-27 11:45:58,071 [main] INFO ha.SCMHANodeDetails: ozone.scm.default.service.id is not defined, falling back to ozone.scm.service.ids to find serviceID for StorageContainerManager if it is HA enabled cluster
scm_1       | 2023-02-27 11:45:58,869 [main] WARN utils.HAUtils: ozone.scm.db.dirs is not configured. We recommend adding this setting. Falling back to ozone.metadata.dirs instead.
om_1        | 2023-02-27 11:46:37,196 [om1@group-C5BA1605619E-FollowerState] INFO server.RaftServerConfigKeys: raft.server.leaderelection.pre-vote = true (default)
datanode_2  | 2023-02-27 11:46:20,540 [pool-22-thread-1] INFO server.RaftServerConfigKeys: raft.server.log.appender.install.snapshot.enabled = false (custom)
scm_1       | 2023-02-27 11:45:59,122 [main] WARN db.DBStoreBuilder: ozone.scm.db.dirs is not configured. We recommend adding this setting. Falling back to ozone.metadata.dirs instead.
datanode_1  | 2023-02-27 11:46:21,180 [e9a4e902-7cdf-4ffe-80d3-974521ed7755@group-26DF8DB27102-FollowerState] INFO impl.RoleInfo: e9a4e902-7cdf-4ffe-80d3-974521ed7755: start e9a4e902-7cdf-4ffe-80d3-974521ed7755@group-26DF8DB27102-LeaderElection1
datanode_1  | 2023-02-27 11:46:21,203 [grpc-default-executor-0] INFO server.RaftServer$Division: e9a4e902-7cdf-4ffe-80d3-974521ed7755@group-57586A395D16: receive requestVote(PRE_VOTE, 599bc353-aa44-4261-9bd4-eac5232c5bbc, group-57586A395D16, 0, (t:0, i:0))
datanode_1  | 2023-02-27 11:46:21,245 [grpc-default-executor-0] INFO impl.VoteContext: e9a4e902-7cdf-4ffe-80d3-974521ed7755@group-57586A395D16-FOLLOWER: accept PRE_VOTE from 599bc353-aa44-4261-9bd4-eac5232c5bbc: our priority 0 <= candidate's priority 0
datanode_1  | 2023-02-27 11:46:21,281 [Command processor thread] INFO commandhandler.CreatePipelineCommandHandler: Created Pipeline RATIS THREE PipelineID=5dd7adfa-0234-42ea-8d47-57586a395d16.
datanode_1  | 2023-02-27 11:46:21,328 [e9a4e902-7cdf-4ffe-80d3-974521ed7755@group-26DF8DB27102-LeaderElection1] INFO impl.LeaderElection: e9a4e902-7cdf-4ffe-80d3-974521ed7755@group-26DF8DB27102-LeaderElection1 PRE_VOTE round 0: submit vote requests at term 0 for -1: peers:[e9a4e902-7cdf-4ffe-80d3-974521ed7755|rpc:172.18.0.5:9856|admin:172.18.0.5:9857|client:172.18.0.5:9858|dataStream:172.18.0.5:9858|priority:1|startupRole:FOLLOWER]|listeners:[], old=null
datanode_2  | 2023-02-27 11:46:20,546 [pool-22-thread-1] INFO server.RaftServerConfigKeys: raft.server.threadpool.server.cached = true (default)
scm_1       | 2023-02-27 11:45:59,412 [main] INFO net.NodeSchemaLoader: Loading schema from [file:/etc/hadoop/network-topology-default.xml, jar:file:/opt/hadoop/share/ozone/lib/hdds-common-1.4.0-SNAPSHOT.jar!/network-topology-default.xml]
scm_1       | 2023-02-27 11:45:59,413 [main] INFO net.NodeSchemaLoader: Loading network topology layer schema file
scm_1       | 2023-02-27 11:45:59,534 [main] INFO metrics.MetricRegistries: Loaded MetricRegistries class org.apache.ratis.metrics.impl.MetricRegistriesImpl
scm_1       | 2023-02-27 11:45:59,550 [main] INFO ha.SCMRatisServerImpl: starting Raft server for scm:14bc6185-8949-4947-94d1-48c79906e7f3
scm_1       | 2023-02-27 11:45:59,619 [main] INFO server.RaftServer: raft.rpc.type = GRPC (default)
om_1        | 2023-02-27 11:46:37,196 [om1@group-C5BA1605619E-FollowerState] INFO impl.RoleInfo: om1: start om1@group-C5BA1605619E-LeaderElection1
datanode_2  | 2023-02-27 11:46:20,546 [pool-22-thread-1] INFO server.RaftServerConfigKeys: raft.server.threadpool.server.size = 0 (default)
scm_1       | 2023-02-27 11:45:59,696 [main] INFO grpc.GrpcConfigKeys: raft.grpc.admin.host = null (fallback to raft.grpc.server.host)
scm_1       | 2023-02-27 11:45:59,702 [main] INFO grpc.GrpcConfigKeys: raft.grpc.admin.port = 9894 (fallback to raft.grpc.server.port)
scm_1       | 2023-02-27 11:45:59,703 [main] INFO grpc.GrpcConfigKeys: raft.grpc.client.host = null (fallback to raft.grpc.server.host)
scm_1       | 2023-02-27 11:45:59,704 [main] INFO grpc.GrpcConfigKeys: raft.grpc.client.port = 9894 (fallback to raft.grpc.server.port)
scm_1       | 2023-02-27 11:45:59,704 [main] INFO grpc.GrpcConfigKeys: raft.grpc.server.host = null (default)
om_1        | 2023-02-27 11:46:37,222 [om1@group-C5BA1605619E-LeaderElection1] INFO impl.LeaderElection: om1@group-C5BA1605619E-LeaderElection1 PRE_VOTE round 0: submit vote requests at term 0 for -1: peers:[om1|rpc:om:9872|priority:0|startupRole:FOLLOWER]|listeners:[], old=null
datanode_2  | 2023-02-27 11:46:20,549 [pool-22-thread-1] INFO server.RaftServerConfigKeys: raft.server.threadpool.client.cached = true (default)
scm_1       | 2023-02-27 11:45:59,704 [main] INFO grpc.GrpcConfigKeys: raft.grpc.server.port = 9894 (custom)
scm_1       | 2023-02-27 11:45:59,705 [main] INFO server.GrpcService: raft.grpc.message.size.max = 32m (=33554432) (custom)
scm_1       | 2023-02-27 11:45:59,707 [main] INFO server.RaftServerConfigKeys: raft.server.log.appender.buffer.byte-limit = 33554432 (custom)
scm_1       | 2023-02-27 11:45:59,708 [main] INFO server.GrpcService: raft.grpc.flow.control.window = 1MB (=1048576) (default)
scm_1       | 2023-02-27 11:45:59,709 [main] INFO server.RaftServerConfigKeys: raft.server.rpc.request.timeout = 30000ms (custom)
om_1        | 2023-02-27 11:46:37,223 [om1@group-C5BA1605619E-LeaderElection1] INFO impl.LeaderElection: om1@group-C5BA1605619E-LeaderElection1 PRE_VOTE round 0: result PASSED (term=0)
datanode_2  | 2023-02-27 11:46:20,550 [pool-22-thread-1] INFO server.RaftServerConfigKeys: raft.server.threadpool.client.size = 0 (default)
scm_1       | 2023-02-27 11:45:59,720 [main] INFO grpc.GrpcConfigKeys: raft.grpc.server.heartbeat.channel = true (default)
datanode_1  | 2023-02-27 11:46:21,329 [e9a4e902-7cdf-4ffe-80d3-974521ed7755@group-26DF8DB27102-LeaderElection1] INFO impl.LeaderElection: e9a4e902-7cdf-4ffe-80d3-974521ed7755@group-26DF8DB27102-LeaderElection1 PRE_VOTE round 0: result PASSED (term=0)
datanode_1  | 2023-02-27 11:46:21,364 [e9a4e902-7cdf-4ffe-80d3-974521ed7755@group-26DF8DB27102-LeaderElection1] INFO impl.LeaderElection: e9a4e902-7cdf-4ffe-80d3-974521ed7755@group-26DF8DB27102-LeaderElection1 ELECTION round 0: submit vote requests at term 1 for -1: peers:[e9a4e902-7cdf-4ffe-80d3-974521ed7755|rpc:172.18.0.5:9856|admin:172.18.0.5:9857|client:172.18.0.5:9858|dataStream:172.18.0.5:9858|priority:1|startupRole:FOLLOWER]|listeners:[], old=null
datanode_1  | 2023-02-27 11:46:21,364 [e9a4e902-7cdf-4ffe-80d3-974521ed7755@group-26DF8DB27102-LeaderElection1] INFO impl.LeaderElection: e9a4e902-7cdf-4ffe-80d3-974521ed7755@group-26DF8DB27102-LeaderElection1 ELECTION round 0: result PASSED (term=1)
datanode_1  | 2023-02-27 11:46:21,364 [e9a4e902-7cdf-4ffe-80d3-974521ed7755@group-26DF8DB27102-LeaderElection1] INFO impl.RoleInfo: e9a4e902-7cdf-4ffe-80d3-974521ed7755: shutdown e9a4e902-7cdf-4ffe-80d3-974521ed7755@group-26DF8DB27102-LeaderElection1
om_1        | 2023-02-27 11:46:37,227 [om1@group-C5BA1605619E-LeaderElection1] INFO impl.LeaderElection: om1@group-C5BA1605619E-LeaderElection1 ELECTION round 0: submit vote requests at term 1 for -1: peers:[om1|rpc:om:9872|priority:0|startupRole:FOLLOWER]|listeners:[], old=null
datanode_2  | 2023-02-27 11:46:20,550 [pool-22-thread-1] INFO storage.RaftStorageDirectory: The storage directory /data/metadata/ratis/b1644cc9-c3ac-4313-b4d5-9b3cb4b80369 does not exist. Creating ...
datanode_2  | 2023-02-27 11:46:20,554 [pool-22-thread-1] INFO storage.RaftStorageDirectory: Lock on /data/metadata/ratis/b1644cc9-c3ac-4313-b4d5-9b3cb4b80369/in_use.lock acquired by nodename 7@1a1266106dde
datanode_2  | 2023-02-27 11:46:20,566 [pool-22-thread-1] INFO storage.RaftStorage: Storage directory /data/metadata/ratis/b1644cc9-c3ac-4313-b4d5-9b3cb4b80369 has been successfully formatted.
datanode_2  | 2023-02-27 11:46:20,567 [pool-22-thread-1] INFO ratis.ContainerStateMachine: group-9B3CB4B80369: The snapshot info is null. Setting the last applied indexto:(t:0, i:~)
datanode_2  | 2023-02-27 11:46:20,579 [pool-22-thread-1] INFO server.RaftServerConfigKeys: raft.server.log.use.memory = false (default)
scm_1       | 2023-02-27 11:45:59,726 [main] INFO grpc.GrpcConfigKeys: raft.grpc.server.async.request.thread.pool.cached = true (default)
om_1        | 2023-02-27 11:46:37,227 [om1@group-C5BA1605619E-LeaderElection1] INFO impl.LeaderElection: om1@group-C5BA1605619E-LeaderElection1 ELECTION round 0: result PASSED (term=1)
datanode_2  | 2023-02-27 11:46:20,579 [pool-22-thread-1] INFO server.RaftServerConfigKeys: raft.server.log.purge.gap = 1000000 (custom)
datanode_1  | 2023-02-27 11:46:21,365 [e9a4e902-7cdf-4ffe-80d3-974521ed7755@group-26DF8DB27102-LeaderElection1] INFO server.RaftServer$Division: e9a4e902-7cdf-4ffe-80d3-974521ed7755@group-26DF8DB27102: changes role from CANDIDATE to LEADER at term 1 for changeToLeader
datanode_1  | 2023-02-27 11:46:21,367 [grpc-default-executor-0] INFO server.RaftServer$Division: e9a4e902-7cdf-4ffe-80d3-974521ed7755@group-57586A395D16 replies to PRE_VOTE vote request: 599bc353-aa44-4261-9bd4-eac5232c5bbc<-e9a4e902-7cdf-4ffe-80d3-974521ed7755#0:OK-t0. Peer's state: e9a4e902-7cdf-4ffe-80d3-974521ed7755@group-57586A395D16:t0, leader=null, voted=, raftlog=Memoized:e9a4e902-7cdf-4ffe-80d3-974521ed7755@group-57586A395D16-SegmentedRaftLog:OPENED:c-1, conf=-1: peers:[563c1c87-d686-45a3-8ccb-f135fd475191|rpc:172.18.0.9:9856|admin:172.18.0.9:9857|client:172.18.0.9:9858|dataStream:172.18.0.9:9858|priority:1|startupRole:FOLLOWER, 599bc353-aa44-4261-9bd4-eac5232c5bbc|rpc:172.18.0.8:9856|admin:172.18.0.8:9857|client:172.18.0.8:9858|dataStream:172.18.0.8:9858|priority:0|startupRole:FOLLOWER, e9a4e902-7cdf-4ffe-80d3-974521ed7755|rpc:172.18.0.5:9856|admin:172.18.0.5:9857|client:172.18.0.5:9858|dataStream:172.18.0.5:9858|priority:0|startupRole:FOLLOWER]|listeners:[], old=null
datanode_1  | 2023-02-27 11:46:21,374 [e9a4e902-7cdf-4ffe-80d3-974521ed7755@group-26DF8DB27102-LeaderElection1] INFO ratis.XceiverServerRatis: Leader change notification received for group: group-26DF8DB27102 with new leaderId: e9a4e902-7cdf-4ffe-80d3-974521ed7755
datanode_1  | 2023-02-27 11:46:21,395 [e9a4e902-7cdf-4ffe-80d3-974521ed7755@group-26DF8DB27102-LeaderElection1] INFO server.RaftServer$Division: e9a4e902-7cdf-4ffe-80d3-974521ed7755@group-26DF8DB27102: change Leader from null to e9a4e902-7cdf-4ffe-80d3-974521ed7755 at term 1 for becomeLeader, leader elected after 6952ms
scm_1       | 2023-02-27 11:45:59,726 [main] INFO grpc.GrpcConfigKeys: raft.grpc.server.async.request.thread.pool.size = 32 (default)
om_1        | 2023-02-27 11:46:37,227 [om1@group-C5BA1605619E-LeaderElection1] INFO impl.RoleInfo: om1: shutdown om1@group-C5BA1605619E-LeaderElection1
datanode_2  | 2023-02-27 11:46:20,580 [pool-22-thread-1] INFO server.RaftServerConfigKeys: raft.server.log.appender.buffer.byte-limit = 33554432 (custom)
datanode_1  | 2023-02-27 11:46:21,445 [e9a4e902-7cdf-4ffe-80d3-974521ed7755@group-26DF8DB27102-LeaderElection1] INFO server.RaftServerConfigKeys: raft.server.staging.catchup.gap = 1000 (default)
datanode_2  | 2023-02-27 11:46:20,580 [pool-22-thread-1] INFO server.RaftServerConfigKeys: raft.server.log.statemachine.data.read.timeout = 1000ms (default)
datanode_2  | 2023-02-27 11:46:20,580 [pool-22-thread-1] INFO server.RaftServerConfigKeys: raft.server.log.purge.preservation.log.num = 0 (default)
datanode_2  | 2023-02-27 11:46:20,581 [pool-22-thread-1] INFO server.RaftServerConfigKeys: raft.server.log.segment.size.max = 1048576 (custom)
scm_1       | 2023-02-27 11:45:59,997 [main] INFO impl.DataStreamServerImpl: raft.datastream.type = DISABLED (default)
om_1        | 2023-02-27 11:46:37,227 [om1@group-C5BA1605619E-LeaderElection1] INFO server.RaftServer$Division: om1@group-C5BA1605619E: changes role from CANDIDATE to LEADER at term 1 for changeToLeader
om_1        | 2023-02-27 11:46:37,228 [om1@group-C5BA1605619E-LeaderElection1] INFO server.RaftServer$Division: om1@group-C5BA1605619E: change Leader from null to om1 at term 1 for becomeLeader, leader elected after 8305ms
om_1        | 2023-02-27 11:46:37,244 [om1@group-C5BA1605619E-LeaderElection1] INFO server.RaftServerConfigKeys: raft.server.staging.catchup.gap = 1000 (default)
datanode_2  | 2023-02-27 11:46:20,582 [pool-22-thread-1] INFO server.RaftServerConfigKeys: raft.server.log.segment.cache.num.max = 2 (custom)
datanode_2  | 2023-02-27 11:46:20,590 [pool-22-thread-1] INFO server.RaftServerConfigKeys: raft.server.log.segment.cache.size.max = 200MB (=209715200) (default)
rm_1        | 2023-02-27 11:48:04 INFO  ParentQueue:420 - assignedContainer queue=root usedCapacity=0.25 absoluteUsedCapacity=0.25 used=<memory:2048, vCores:1> cluster=<memory:8192, vCores:8>
rm_1        | 2023-02-27 11:48:04 INFO  NMTokenSecretManagerInRM:200 - Sending NMToken for nodeId : nm:39785 for container : container_1677498328531_0001_01_000001
rm_1        | 2023-02-27 11:48:04 INFO  RMContainerImpl:410 - container_1677498328531_0001_01_000001 Container Transitioned from ALLOCATED to ACQUIRED
rm_1        | 2023-02-27 11:48:04 INFO  NMTokenSecretManagerInRM:146 - Clear node set for appattempt_1677498328531_0001_000001
rm_1        | 2023-02-27 11:48:04 INFO  RMAppAttemptImpl:1917 - Storing attempt: AppId: application_1677498328531_0001 AttemptId: appattempt_1677498328531_0001_000001 MasterContainer: Container: [ContainerId: container_1677498328531_0001_01_000001, NodeId: nm:39785, NodeHttpAddress: nm:8042, Resource: <memory:2048, vCores:1>, Priority: 0, Token: Token { kind: ContainerToken, service: 172.18.0.6:39785 }, ]
datanode_3  | 2023-02-27 11:46:14,844 [pool-22-thread-1] INFO server.RaftServerConfigKeys: raft.server.storage.dir = [/data/metadata/ratis] (custom)
datanode_3  | 2023-02-27 11:46:14,845 [pool-22-thread-1] INFO server.RaftServerConfigKeys: raft.server.log.corruption.policy = EXCEPTION (default)
datanode_3  | 2023-02-27 11:46:14,845 [pool-22-thread-1] INFO server.RaftServerConfigKeys: raft.server.storage.free-space.min = 0MB (=0) (default)
datanode_3  | 2023-02-27 11:46:14,845 [pool-22-thread-1] INFO server.RaftServerConfigKeys: raft.server.notification.no-leader.timeout = 300s (custom)
datanode_3  | 2023-02-27 11:46:14,845 [pool-22-thread-1] INFO server.RaftServerConfigKeys: raft.server.retrycache.expirytime = 600000ms (custom)
datanode_3  | 2023-02-27 11:46:14,845 [pool-22-thread-1] INFO server.RaftServerConfigKeys: raft.server.retrycache.statistics.expirytime = 100?s (default)
datanode_3  | 2023-02-27 11:46:14,847 [pool-22-thread-1] INFO server.RaftServerConfigKeys: raft.server.log.appender.install.snapshot.enabled = false (custom)
datanode_3  | 2023-02-27 11:46:14,857 [pool-22-thread-1] INFO server.RaftServerConfigKeys: raft.server.threadpool.server.cached = true (default)
datanode_3  | 2023-02-27 11:46:14,858 [pool-22-thread-1] INFO server.RaftServerConfigKeys: raft.server.threadpool.server.size = 0 (default)
datanode_3  | 2023-02-27 11:46:14,858 [pool-22-thread-1] INFO server.RaftServerConfigKeys: raft.server.threadpool.client.cached = true (default)
datanode_3  | 2023-02-27 11:46:14,858 [pool-22-thread-1] INFO server.RaftServerConfigKeys: raft.server.threadpool.client.size = 0 (default)
datanode_3  | 2023-02-27 11:46:14,858 [pool-22-thread-1] INFO storage.RaftStorageDirectory: The storage directory /data/metadata/ratis/5dd7adfa-0234-42ea-8d47-57586a395d16 does not exist. Creating ...
datanode_3  | 2023-02-27 11:46:14,877 [pool-22-thread-1] INFO storage.RaftStorageDirectory: Lock on /data/metadata/ratis/5dd7adfa-0234-42ea-8d47-57586a395d16/in_use.lock acquired by nodename 7@64cc694d0f66
scm_1       | 2023-02-27 11:46:00,002 [main] INFO server.RaftServerConfigKeys: raft.server.threadpool.proxy.cached = true (default)
nm_1        | 2023-02-27 11:48:39 INFO  ApplicationImpl:347 - Removing container_1677498328531_0001_01_000004 from application application_1677498328531_0001
nm_1        | 2023-02-27 11:48:39 INFO  ContainersMonitorImpl:196 - Neither virutal-memory nor physical-memory monitoring is needed. Not running the monitor-thread
nm_1        | 2023-02-27 11:48:39 INFO  AuxServices:196 - Got event CONTAINER_STOP for appId application_1677498328531_0001
nm_1        | 2023-02-27 11:48:40 INFO  Server:1316 - Auth successful for appattempt_1677498328531_0001_000001 (auth:SIMPLE)
nm_1        | 2023-02-27 11:48:40 INFO  ContainerManagerImpl:810 - Start request for container_1677498328531_0001_01_000005 by user hadoop
nm_1        | 2023-02-27 11:48:40 INFO  ApplicationImpl:304 - Adding container_1677498328531_0001_01_000005 to application application_1677498328531_0001
nm_1        | 2023-02-27 11:48:40 INFO  ContainerImpl:1135 - Container container_1677498328531_0001_01_000005 transitioned from NEW to LOCALIZING
nm_1        | 2023-02-27 11:48:40 INFO  AuxServices:196 - Got event CONTAINER_INIT for appId application_1677498328531_0001
nm_1        | 2023-02-27 11:48:40 INFO  AuxServices:196 - Got event APPLICATION_INIT for appId application_1677498328531_0001
nm_1        | 2023-02-27 11:48:40 INFO  AuxServices:200 - Got APPLICATION_INIT for service mapreduce_shuffle
nm_1        | 2023-02-27 11:48:40 INFO  ShuffleHandler:671 - Added token for job_1677498328531_0001
nm_1        | 2023-02-27 11:48:40 INFO  ContainerImpl:1135 - Container container_1677498328531_0001_01_000005 transitioned from LOCALIZING to LOCALIZED
nm_1        | 2023-02-27 11:48:40 INFO  NMAuditLogger:89 - USER=hadoop	IP=172.18.0.6	OPERATION=Start Container Request	TARGET=ContainerManageImpl	RESULT=SUCCESS	APPID=application_1677498328531_0001	CONTAINERID=container_1677498328531_0001_01_000005
scm_1       | 2023-02-27 11:46:00,005 [main] INFO server.RaftServerConfigKeys: raft.server.threadpool.proxy.size = 0 (default)
nm_1        | 2023-02-27 11:48:40 INFO  ContainerImpl:1135 - Container container_1677498328531_0001_01_000005 transitioned from LOCALIZED to RUNNING
nm_1        | 2023-02-27 11:48:40 INFO  ContainersMonitorImpl:196 - Neither virutal-memory nor physical-memory monitoring is needed. Not running the monitor-thread
nm_1        | 2023-02-27 11:48:40 INFO  DefaultContainerExecutor:268 - launchContainer: [bash, /tmp/hadoop-hadoop/nm-local-dir/usercache/hadoop/appcache/application_1677498328531_0001/container_1677498328531_0001_01_000005/default_container_executor.sh]
nm_1        | 2023-02-27 11:48:41 INFO  NodeStatusUpdaterImpl:490 - Removed completed containers from NM context: [container_1677498328531_0001_01_000004]
nm_1        | 2023-02-27 11:48:43 INFO  ShuffleHandler:1047 - Setting connection close header...
nm_1        | 2023-02-27 11:48:43 INFO  ShuffleHandler:1047 - Setting connection close header...
nm_1        | 2023-02-27 11:48:46 INFO  Server:1316 - Auth successful for appattempt_1677498328531_0001_000001 (auth:SIMPLE)
datanode_1  | 2023-02-27 11:46:21,585 [e9a4e902-7cdf-4ffe-80d3-974521ed7755@group-26DF8DB27102-LeaderElection1] INFO server.RaftServerConfigKeys: raft.server.write.element-limit = 1024 (custom)
datanode_1  | 2023-02-27 11:46:21,598 [e9a4e902-7cdf-4ffe-80d3-974521ed7755@group-26DF8DB27102-LeaderElection1] INFO server.RaftServerConfigKeys: raft.server.write.byte-limit = 1024 M (=1073741824) (custom)
datanode_1  | 2023-02-27 11:46:21,707 [e9a4e902-7cdf-4ffe-80d3-974521ed7755@group-26DF8DB27102-LeaderElection1] INFO server.RaftServerConfigKeys: raft.server.watch.timeout = 180s (custom)
datanode_1  | 2023-02-27 11:46:21,710 [e9a4e902-7cdf-4ffe-80d3-974521ed7755@group-26DF8DB27102-LeaderElection1] INFO server.RaftServerConfigKeys: raft.server.watch.timeout.denomination = 1s (default)
datanode_1  | 2023-02-27 11:46:21,711 [e9a4e902-7cdf-4ffe-80d3-974521ed7755@group-26DF8DB27102-LeaderElection1] INFO server.RaftServerConfigKeys: raft.server.watch.element-limit = 65536 (default)
datanode_1  | 2023-02-27 11:46:21,798 [e9a4e902-7cdf-4ffe-80d3-974521ed7755@group-26DF8DB27102-LeaderElection1] INFO server.RaftServerConfigKeys: raft.server.write.element-limit = 1024 (custom)
datanode_1  | 2023-02-27 11:46:21,821 [e9a4e902-7cdf-4ffe-80d3-974521ed7755@group-26DF8DB27102-LeaderElection1] INFO server.RaftServerConfigKeys: raft.server.write.follower.gap.ratio.max = -1.0 (default)
datanode_1  | 2023-02-27 11:46:21,850 [e9a4e902-7cdf-4ffe-80d3-974521ed7755@group-26DF8DB27102-LeaderElection1] INFO impl.RoleInfo: e9a4e902-7cdf-4ffe-80d3-974521ed7755: start e9a4e902-7cdf-4ffe-80d3-974521ed7755@group-26DF8DB27102-LeaderStateImpl
datanode_1  | 2023-02-27 11:46:21,954 [e9a4e902-7cdf-4ffe-80d3-974521ed7755@group-57586A395D16-FollowerState] INFO server.RaftServerConfigKeys: raft.server.rpc.first-election.timeout.min = 5s (fallback to raft.server.rpc.timeout.min)
datanode_1  | 2023-02-27 11:46:21,960 [e9a4e902-7cdf-4ffe-80d3-974521ed7755@group-57586A395D16-FollowerState] INFO server.RaftServerConfigKeys: raft.server.rpc.first-election.timeout.max = 5200ms (fallback to raft.server.rpc.timeout.max)
datanode_1  | 2023-02-27 11:46:22,117 [e9a4e902-7cdf-4ffe-80d3-974521ed7755@group-26DF8DB27102-LeaderElection1] INFO segmented.SegmentedRaftLogWorker: e9a4e902-7cdf-4ffe-80d3-974521ed7755@group-26DF8DB27102-SegmentedRaftLogWorker: Starting segment from index:0
datanode_1  | 2023-02-27 11:46:22,338 [e9a4e902-7cdf-4ffe-80d3-974521ed7755@group-26DF8DB27102-LeaderElection1] INFO server.RaftServer$Division: e9a4e902-7cdf-4ffe-80d3-974521ed7755@group-26DF8DB27102: set configuration 0: peers:[e9a4e902-7cdf-4ffe-80d3-974521ed7755|rpc:172.18.0.5:9856|admin:172.18.0.5:9857|client:172.18.0.5:9858|dataStream:172.18.0.5:9858|priority:1|startupRole:FOLLOWER]|listeners:[], old=null
datanode_1  | 2023-02-27 11:46:22,687 [grpc-default-executor-0] INFO server.RaftServer$Division: e9a4e902-7cdf-4ffe-80d3-974521ed7755@group-57586A395D16: receive requestVote(PRE_VOTE, 563c1c87-d686-45a3-8ccb-f135fd475191, group-57586A395D16, 0, (t:0, i:0))
datanode_1  | 2023-02-27 11:46:22,687 [grpc-default-executor-0] INFO impl.VoteContext: e9a4e902-7cdf-4ffe-80d3-974521ed7755@group-57586A395D16-FOLLOWER: accept PRE_VOTE from 563c1c87-d686-45a3-8ccb-f135fd475191: our priority 0 <= candidate's priority 1
datanode_1  | 2023-02-27 11:46:22,704 [grpc-default-executor-0] INFO server.RaftServer$Division: e9a4e902-7cdf-4ffe-80d3-974521ed7755@group-57586A395D16 replies to PRE_VOTE vote request: 563c1c87-d686-45a3-8ccb-f135fd475191<-e9a4e902-7cdf-4ffe-80d3-974521ed7755#0:OK-t0. Peer's state: e9a4e902-7cdf-4ffe-80d3-974521ed7755@group-57586A395D16:t0, leader=null, voted=, raftlog=Memoized:e9a4e902-7cdf-4ffe-80d3-974521ed7755@group-57586A395D16-SegmentedRaftLog:OPENED:c-1, conf=-1: peers:[563c1c87-d686-45a3-8ccb-f135fd475191|rpc:172.18.0.9:9856|admin:172.18.0.9:9857|client:172.18.0.9:9858|dataStream:172.18.0.9:9858|priority:1|startupRole:FOLLOWER, 599bc353-aa44-4261-9bd4-eac5232c5bbc|rpc:172.18.0.8:9856|admin:172.18.0.8:9857|client:172.18.0.8:9858|dataStream:172.18.0.8:9858|priority:0|startupRole:FOLLOWER, e9a4e902-7cdf-4ffe-80d3-974521ed7755|rpc:172.18.0.5:9856|admin:172.18.0.5:9857|client:172.18.0.5:9858|dataStream:172.18.0.5:9858|priority:0|startupRole:FOLLOWER]|listeners:[], old=null
datanode_1  | 2023-02-27 11:46:22,772 [e9a4e902-7cdf-4ffe-80d3-974521ed7755@group-26DF8DB27102-SegmentedRaftLogWorker] INFO segmented.SegmentedRaftLogWorker: e9a4e902-7cdf-4ffe-80d3-974521ed7755@group-26DF8DB27102-SegmentedRaftLogWorker: created new log segment /data/metadata/ratis/432aae7c-92fa-45dc-aa21-26df8db27102/current/log_inprogress_0
datanode_1  | 2023-02-27 11:46:22,894 [grpc-default-executor-0] INFO server.RaftServer$Division: e9a4e902-7cdf-4ffe-80d3-974521ed7755@group-57586A395D16: receive requestVote(ELECTION, 563c1c87-d686-45a3-8ccb-f135fd475191, group-57586A395D16, 1, (t:0, i:0))
datanode_1  | 2023-02-27 11:46:22,898 [grpc-default-executor-0] INFO impl.VoteContext: e9a4e902-7cdf-4ffe-80d3-974521ed7755@group-57586A395D16-FOLLOWER: accept ELECTION from 563c1c87-d686-45a3-8ccb-f135fd475191: our priority 0 <= candidate's priority 1
datanode_1  | 2023-02-27 11:46:22,899 [grpc-default-executor-0] INFO server.RaftServer$Division: e9a4e902-7cdf-4ffe-80d3-974521ed7755@group-57586A395D16: changes role from  FOLLOWER to FOLLOWER at term 1 for candidate:563c1c87-d686-45a3-8ccb-f135fd475191
datanode_1  | 2023-02-27 11:46:22,900 [grpc-default-executor-0] INFO impl.RoleInfo: e9a4e902-7cdf-4ffe-80d3-974521ed7755: shutdown e9a4e902-7cdf-4ffe-80d3-974521ed7755@group-57586A395D16-FollowerState
rm_1        | 2023-02-27 11:48:04 INFO  RMAppAttemptImpl:813 - appattempt_1677498328531_0001_000001 State change from SCHEDULED to ALLOCATED_SAVING
rm_1        | 2023-02-27 11:48:04 INFO  RMAppAttemptImpl:813 - appattempt_1677498328531_0001_000001 State change from ALLOCATED_SAVING to ALLOCATED
om_1        | 2023-02-27 11:46:37,273 [om1@group-C5BA1605619E-LeaderElection1] INFO server.RaftServerConfigKeys: raft.server.write.element-limit = 4096 (default)
scm_1       | 2023-02-27 11:46:00,005 [main] INFO server.RaftServerConfigKeys: raft.server.rpc.slowness.timeout = 120000ms (custom)
rm_1        | 2023-02-27 11:48:04 INFO  AMLauncher:249 - Launching masterappattempt_1677498328531_0001_000001
rm_1        | 2023-02-27 11:48:04 INFO  AMLauncher:105 - Setting up container Container: [ContainerId: container_1677498328531_0001_01_000001, NodeId: nm:39785, NodeHttpAddress: nm:8042, Resource: <memory:2048, vCores:1>, Priority: 0, Token: Token { kind: ContainerToken, service: 172.18.0.6:39785 }, ] for AM appattempt_1677498328531_0001_000001
rm_1        | 2023-02-27 11:48:04 INFO  AMLauncher:187 - Command to launch container container_1677498328531_0001_01_000001 : $JAVA_HOME/bin/java -Djava.io.tmpdir=$PWD/tmp -Dlog4j.configuration=container-log4j.properties -Dyarn.app.container.log.dir=<LOG_DIR> -Dyarn.app.container.log.filesize=0 -Dhadoop.root.logger=INFO,CLA -Dhadoop.root.logfile=syslog  -Xmx1024m org.apache.hadoop.mapreduce.v2.app.MRAppMaster 1><LOG_DIR>/stdout 2><LOG_DIR>/stderr 
om_1        | 2023-02-27 11:46:37,274 [om1@group-C5BA1605619E-LeaderElection1] INFO server.RaftServerConfigKeys: raft.server.write.byte-limit = 64MB (=67108864) (default)
datanode_2  | 2023-02-27 11:46:20,590 [pool-22-thread-1] INFO segmented.SegmentedRaftLogWorker: new 563c1c87-d686-45a3-8ccb-f135fd475191@group-9B3CB4B80369-SegmentedRaftLogWorker for RaftStorageImpl:Storage Directory /data/metadata/ratis/b1644cc9-c3ac-4313-b4d5-9b3cb4b80369
datanode_2  | 2023-02-27 11:46:20,590 [pool-22-thread-1] INFO server.RaftServerConfigKeys: raft.server.log.queue.byte-limit = 4294967296 (custom)
nm_1        | 2023-02-27 11:48:46 INFO  ContainerManagerImpl:960 - Stopping container with container Id: container_1677498328531_0001_01_000005
scm_1       | 2023-02-27 11:46:00,006 [main] INFO server.RaftServerConfigKeys: raft.server.leaderelection.leader.step-down.wait-time = 10s (default)
rm_1        | 2023-02-27 11:48:04 INFO  AMRMTokenSecretManager:195 - Create AMRMToken for ApplicationAttempt: appattempt_1677498328531_0001_000001
rm_1        | 2023-02-27 11:48:04 INFO  AMRMTokenSecretManager:307 - Creating password for appattempt_1677498328531_0001_000001
rm_1        | 2023-02-27 11:48:05 INFO  AMLauncher:126 - Done launching container Container: [ContainerId: container_1677498328531_0001_01_000001, NodeId: nm:39785, NodeHttpAddress: nm:8042, Resource: <memory:2048, vCores:1>, Priority: 0, Token: Token { kind: ContainerToken, service: 172.18.0.6:39785 }, ] for AM appattempt_1677498328531_0001_000001
rm_1        | 2023-02-27 11:48:05 INFO  RMAppAttemptImpl:813 - appattempt_1677498328531_0001_000001 State change from ALLOCATED to LAUNCHED
om_1        | 2023-02-27 11:46:37,282 [om1@group-C5BA1605619E-LeaderElection1] INFO server.RaftServerConfigKeys: raft.server.watch.timeout = 10s (default)
nm_1        | 2023-02-27 11:48:46 INFO  NMAuditLogger:89 - USER=hadoop	IP=172.18.0.6	OPERATION=Stop Container Request	TARGET=ContainerManageImpl	RESULT=SUCCESS	APPID=application_1677498328531_0001	CONTAINERID=container_1677498328531_0001_01_000005
scm_1       | 2023-02-27 11:46:00,012 [main] INFO server.RaftServerConfigKeys: raft.server.storage.dir = [/data/metadata/scm-ha] (custom)
rm_1        | 2023-02-27 11:48:05 INFO  RMContainerImpl:410 - container_1677498328531_0001_01_000001 Container Transitioned from ACQUIRED to RUNNING
rm_1        | 2023-02-27 11:48:16 INFO  Server:1316 - Auth successful for appattempt_1677498328531_0001_000001 (auth:SIMPLE)
rm_1        | 2023-02-27 11:48:16 INFO  ApplicationMasterService:274 - AM registration appattempt_1677498328531_0001_000001
rm_1        | 2023-02-27 11:48:16 INFO  RMAppAttemptImpl:813 - appattempt_1677498328531_0001_000001 State change from LAUNCHED to RUNNING
om_1        | 2023-02-27 11:46:37,282 [om1@group-C5BA1605619E-LeaderElection1] INFO server.RaftServerConfigKeys: raft.server.watch.timeout.denomination = 1s (default)
nm_1        | 2023-02-27 11:48:46 INFO  ContainerImpl:1135 - Container container_1677498328531_0001_01_000005 transitioned from RUNNING to KILLING
nm_1        | 2023-02-27 11:48:46 INFO  ContainerLaunch:370 - Cleaning up container container_1677498328531_0001_01_000005
rm_1        | 2023-02-27 11:48:16 INFO  RMAppImpl:715 - application_1677498328531_0001 State change from ACCEPTED to RUNNING
datanode_3  | 2023-02-27 11:46:14,879 [pool-22-thread-1] INFO storage.RaftStorage: Storage directory /data/metadata/ratis/5dd7adfa-0234-42ea-8d47-57586a395d16 has been successfully formatted.
datanode_3  | 2023-02-27 11:46:14,892 [pool-22-thread-1] INFO ratis.ContainerStateMachine: group-57586A395D16: The snapshot info is null. Setting the last applied indexto:(t:0, i:~)
datanode_3  | 2023-02-27 11:46:14,892 [pool-22-thread-1] INFO server.RaftServerConfigKeys: raft.server.log.use.memory = false (default)
om_1        | 2023-02-27 11:46:37,283 [om1@group-C5BA1605619E-LeaderElection1] INFO server.RaftServerConfigKeys: raft.server.watch.element-limit = 65536 (default)
nm_1        | 2023-02-27 11:48:46 WARN  DefaultContainerExecutor:224 - Exit code from container container_1677498328531_0001_01_000005 is : 143
nm_1        | 2023-02-27 11:48:46 INFO  ContainerImpl:1135 - Container container_1677498328531_0001_01_000005 transitioned from KILLING to CONTAINER_CLEANEDUP_AFTER_KILL
rm_1        | 2023-02-27 11:48:16 INFO  RMAuditLogger:127 - USER=hadoop	IP=172.18.0.6	OPERATION=Register App Master	TARGET=ApplicationMasterService	RESULT=SUCCESS	APPID=application_1677498328531_0001	APPATTEMPTID=appattempt_1677498328531_0001_000001
rm_1        | 2023-02-27 11:48:19 INFO  RMContainerImpl:410 - container_1677498328531_0001_01_000002 Container Transitioned from NEW to ALLOCATED
rm_1        | 2023-02-27 11:48:19 INFO  RMAuditLogger:106 - USER=hadoop	OPERATION=AM Allocated Container	TARGET=SchedulerApp	RESULT=SUCCESS	APPID=application_1677498328531_0001	CONTAINERID=container_1677498328531_0001_01_000002
rm_1        | 2023-02-27 11:48:19 INFO  SchedulerNode:153 - Assigned container container_1677498328531_0001_01_000002 of capacity <memory:4096, vCores:1> on host nm:39785, which has 2 containers, <memory:6144, vCores:2> used and <memory:2048, vCores:6> available after allocation
om_1        | 2023-02-27 11:46:37,305 [om1@group-C5BA1605619E-LeaderElection1] INFO server.RaftServerConfigKeys: raft.server.write.element-limit = 4096 (default)
nm_1        | 2023-02-27 11:48:46 INFO  NMAuditLogger:89 - USER=hadoop	OPERATION=Container Finished - Killed	TARGET=ContainerImpl	RESULT=SUCCESS	APPID=application_1677498328531_0001	CONTAINERID=container_1677498328531_0001_01_000005
scm_1       | 2023-02-27 11:46:00,022 [14bc6185-8949-4947-94d1-48c79906e7f3-impl-thread1] INFO server.RaftServer: 14bc6185-8949-4947-94d1-48c79906e7f3: found a subdirectory /data/metadata/scm-ha/103a5f9b-a5af-42c7-a3bf-35d21dfd8847
om_1        | 2023-02-27 11:46:37,309 [om1@group-C5BA1605619E-LeaderElection1] INFO server.RaftServerConfigKeys: raft.server.write.follower.gap.ratio.max = -1.0 (default)
nm_1        | 2023-02-27 11:48:46 INFO  ContainerImpl:1135 - Container container_1677498328531_0001_01_000005 transitioned from CONTAINER_CLEANEDUP_AFTER_KILL to DONE
nm_1        | 2023-02-27 11:48:46 INFO  ApplicationImpl:347 - Removing container_1677498328531_0001_01_000005 from application application_1677498328531_0001
datanode_3  | 2023-02-27 11:46:14,892 [pool-22-thread-1] INFO server.RaftServerConfigKeys: raft.server.log.purge.gap = 1000000 (custom)
datanode_3  | 2023-02-27 11:46:14,893 [pool-22-thread-1] INFO server.RaftServerConfigKeys: raft.server.log.appender.buffer.byte-limit = 33554432 (custom)
datanode_3  | 2023-02-27 11:46:14,893 [pool-22-thread-1] INFO server.RaftServerConfigKeys: raft.server.log.statemachine.data.read.timeout = 1000ms (default)
datanode_3  | 2023-02-27 11:46:14,893 [pool-22-thread-1] INFO server.RaftServerConfigKeys: raft.server.log.purge.preservation.log.num = 0 (default)
om_1        | 2023-02-27 11:46:37,317 [om1@group-C5BA1605619E-LeaderElection1] INFO impl.RoleInfo: om1: start om1@group-C5BA1605619E-LeaderStateImpl
scm_1       | 2023-02-27 11:46:00,028 [main] INFO server.RaftServer: 14bc6185-8949-4947-94d1-48c79906e7f3: addNew group-35D21DFD8847:[] returns group-35D21DFD8847:java.util.concurrent.CompletableFuture@4e4c3a38[Not completed]
nm_1        | 2023-02-27 11:48:46 INFO  ContainersMonitorImpl:196 - Neither virutal-memory nor physical-memory monitoring is needed. Not running the monitor-thread
datanode_3  | 2023-02-27 11:46:14,893 [pool-22-thread-1] INFO server.RaftServerConfigKeys: raft.server.log.segment.size.max = 1048576 (custom)
datanode_3  | 2023-02-27 11:46:14,896 [pool-22-thread-1] INFO server.RaftServerConfigKeys: raft.server.log.segment.cache.num.max = 2 (custom)
datanode_3  | 2023-02-27 11:46:14,912 [pool-22-thread-1] INFO server.RaftServerConfigKeys: raft.server.log.segment.cache.size.max = 200MB (=209715200) (default)
datanode_3  | 2023-02-27 11:46:14,912 [pool-22-thread-1] INFO segmented.SegmentedRaftLogWorker: new 599bc353-aa44-4261-9bd4-eac5232c5bbc@group-57586A395D16-SegmentedRaftLogWorker for RaftStorageImpl:Storage Directory /data/metadata/ratis/5dd7adfa-0234-42ea-8d47-57586a395d16
