datanode_1  | GC pool 'ParNew' had collection(s): count=1 time=110ms
datanode_1  | GC pool 'ConcurrentMarkSweep' had collection(s): count=1 time=557ms
datanode_1  | 2023-02-27 11:46:16,732 [pool-22-thread-1] INFO server.RaftServerConfigKeys: raft.server.log.unsafe-flush.enabled = false (default)
scm_1       | 2023-02-27 11:45:43,934 [14bc6185-8949-4947-94d1-48c79906e7f3-impl-thread1] INFO server.RaftServerConfigKeys: raft.server.log.appender.buffer.byte-limit = 33554432 (custom)
datanode_2  | 2023-02-27 11:46:15,998 [pool-22-thread-1] INFO server.RaftServer$Division: 563c1c87-d686-45a3-8ccb-f135fd475191@group-C36791940DDF: changes role from      null to FOLLOWER at term 0 for startAsFollower
datanode_1  | 2023-02-27 11:46:16,738 [pool-22-thread-1] INFO server.RaftServerConfigKeys: raft.server.log.async-flush.enabled = false (default)
datanode_1  | 2023-02-27 11:46:16,738 [pool-22-thread-1] INFO server.RaftServerConfigKeys: raft.server.log.statemachine.data.caching.enabled = true (custom)
datanode_1  | 2023-02-27 11:46:16,739 [pool-22-thread-1] INFO segmented.SegmentedRaftLogWorker: e9a4e902-7cdf-4ffe-80d3-974521ed7755@group-57586A395D16-SegmentedRaftLogWorker: flushIndex: setUnconditionally 0 -> -1
scm_1       | 2023-02-27 11:45:43,973 [14bc6185-8949-4947-94d1-48c79906e7f3-impl-thread1] INFO server.RaftServerConfigKeys: raft.server.log.statemachine.data.read.timeout = 1000ms (default)
datanode_2  | 2023-02-27 11:46:16,000 [pool-22-thread-1] INFO impl.RoleInfo: 563c1c87-d686-45a3-8ccb-f135fd475191: start 563c1c87-d686-45a3-8ccb-f135fd475191@group-C36791940DDF-FollowerState
nm_1        | 2023-02-27 11:48:05 INFO  ResourceLocalizationService:1191 - Writing credentials to the nmPrivate file /tmp/hadoop-hadoop/nm-local-dir/nmPrivate/container_1677498328531_0001_01_000001.tokens. Credentials list: 
datanode_1  | 2023-02-27 11:46:16,739 [pool-22-thread-1] INFO segmented.SegmentedRaftLogWorker: e9a4e902-7cdf-4ffe-80d3-974521ed7755@group-57586A395D16-SegmentedRaftLogWorker: safeCacheEvictIndex: setUnconditionally 0 -> -1
rm_1        | 2023-02-27 11:45:28 INFO  CapacityScheduler:447 - Initialized queue mappings, override: false
scm_1       | 2023-02-27 11:45:44,002 [14bc6185-8949-4947-94d1-48c79906e7f3-impl-thread1] INFO server.RaftServerConfigKeys: raft.server.log.purge.preservation.log.num = 0 (default)
datanode_2  | 2023-02-27 11:46:16,031 [563c1c87-d686-45a3-8ccb-f135fd475191@group-C36791940DDF-FollowerState] INFO server.RaftServerConfigKeys: raft.server.rpc.first-election.timeout.min = 5s (fallback to raft.server.rpc.timeout.min)
om_1        | 2023-02-27 11:46:31,670 [Listener at om/9862] INFO impl.MetricsConfig: Loaded properties from hadoop-metrics2.properties
datanode_1  | 2023-02-27 11:46:16,741 [pool-22-thread-1] INFO server.RaftServer$Division: e9a4e902-7cdf-4ffe-80d3-974521ed7755@group-57586A395D16: start as a follower, conf=-1: peers:[563c1c87-d686-45a3-8ccb-f135fd475191|rpc:172.18.0.9:9856|admin:172.18.0.9:9857|client:172.18.0.9:9858|dataStream:172.18.0.9:9858|priority:1|startupRole:FOLLOWER, 599bc353-aa44-4261-9bd4-eac5232c5bbc|rpc:172.18.0.8:9856|admin:172.18.0.8:9857|client:172.18.0.8:9858|dataStream:172.18.0.8:9858|priority:0|startupRole:FOLLOWER, e9a4e902-7cdf-4ffe-80d3-974521ed7755|rpc:172.18.0.5:9856|admin:172.18.0.5:9857|client:172.18.0.5:9858|dataStream:172.18.0.5:9858|priority:0|startupRole:FOLLOWER]|listeners:[], old=null
rm_1        | 2023-02-27 11:45:28 INFO  CapacityScheduler:314 - Initialized CapacityScheduler with calculator=class org.apache.hadoop.yarn.util.resource.DefaultResourceCalculator, minimumAllocation=<<memory:1024, vCores:1>>, maximumAllocation=<<memory:8192, vCores:32>>, asynchronousScheduling=false, asyncScheduleInterval=5ms
scm_1       | 2023-02-27 11:45:44,017 [14bc6185-8949-4947-94d1-48c79906e7f3-impl-thread1] INFO server.RaftServerConfigKeys: raft.server.log.segment.size.max = 4194304 (custom)
datanode_2  | 2023-02-27 11:46:16,031 [563c1c87-d686-45a3-8ccb-f135fd475191@group-C36791940DDF-FollowerState] INFO server.RaftServerConfigKeys: raft.server.rpc.first-election.timeout.max = 5200ms (fallback to raft.server.rpc.timeout.max)
nm_1        | 2023-02-27 11:48:05 INFO  DefaultContainerExecutor:612 - Initializing user hadoop
datanode_1  | 2023-02-27 11:46:16,746 [pool-22-thread-1] INFO server.RaftServer$Division: e9a4e902-7cdf-4ffe-80d3-974521ed7755@group-57586A395D16: changes role from      null to FOLLOWER at term 0 for startAsFollower
rm_1        | 2023-02-27 11:45:28 INFO  SystemMetricsPublisher:93 - YARN system metrics publishing service is not enabled
scm_1       | 2023-02-27 11:45:44,128 [14bc6185-8949-4947-94d1-48c79906e7f3-impl-thread1] INFO server.RaftServerConfigKeys: raft.server.log.segment.cache.num.max = 2 (custom)
om_1        | 2023-02-27 11:46:31,710 [Listener at om/9862] INFO impl.MetricsSystemImpl: Scheduled Metric snapshot period at 10 second(s).
datanode_3  | 2023-02-27 11:46:09,778 [EndpointStateMachine task thread for scm/172.18.0.2:9861 - 0 ] INFO ratis.XceiverServerRatis: XceiverServerRatis 599bc353-aa44-4261-9bd4-eac5232c5bbc is started using port 9857 for RATIS_ADMIN
datanode_2  | 2023-02-27 11:46:16,047 [pool-22-thread-1] INFO util.JmxRegister: Successfully registered JMX Bean with object name Ratis:service=RaftServer,group=group-C36791940DDF,id=563c1c87-d686-45a3-8ccb-f135fd475191
datanode_1  | 2023-02-27 11:46:16,746 [pool-22-thread-1] INFO impl.RoleInfo: e9a4e902-7cdf-4ffe-80d3-974521ed7755: start e9a4e902-7cdf-4ffe-80d3-974521ed7755@group-57586A395D16-FollowerState
rm_1        | 2023-02-27 11:45:28 INFO  ResourceManager:1007 - Transitioning to active state
rm_1        | 2023-02-27 11:45:28 INFO  RMStateStore:466 - Updating AMRMToken
rm_1        | 2023-02-27 11:45:28 INFO  RMContainerTokenSecretManager:105 - Rolling master-key for container-tokens
rm_1        | 2023-02-27 11:45:28 INFO  NMTokenSecretManagerInRM:95 - Rolling master-key for nm-tokens
datanode_2  | 2023-02-27 11:46:16,060 [pool-22-thread-1] INFO server.RaftServerConfigKeys: raft.server.snapshot.auto.trigger.enabled = true (custom)
datanode_2  | 2023-02-27 11:46:16,061 [pool-22-thread-1] INFO server.RaftServerConfigKeys: raft.server.snapshot.auto.trigger.threshold = 10000 (custom)
datanode_2  | 2023-02-27 11:46:16,075 [pool-22-thread-1] INFO server.RaftServerConfigKeys: raft.server.snapshot.retention.file.num = 5 (custom)
datanode_2  | 2023-02-27 11:46:16,077 [pool-22-thread-1] INFO server.RaftServerConfigKeys: raft.server.log.purge.upto.snapshot.index = false (default)
datanode_2  | 2023-02-27 11:46:16,183 [Command processor thread] INFO ratis.XceiverServerRatis: Created group PipelineID=a6b07c4d-6f8c-4123-81ea-c36791940ddf
datanode_2  | 2023-02-27 11:46:16,191 [Command processor thread] INFO commandhandler.CreatePipelineCommandHandler: Created Pipeline RATIS ONE PipelineID=a6b07c4d-6f8c-4123-81ea-c36791940ddf.
scm_1       | 2023-02-27 11:45:44,151 [14bc6185-8949-4947-94d1-48c79906e7f3-impl-thread1] INFO server.RaftServerConfigKeys: raft.server.log.segment.cache.size.max = 200MB (=209715200) (default)
datanode_1  | 2023-02-27 11:46:16,747 [pool-22-thread-1] INFO util.JmxRegister: Successfully registered JMX Bean with object name Ratis:service=RaftServer,group=group-57586A395D16,id=e9a4e902-7cdf-4ffe-80d3-974521ed7755
datanode_2  | 2023-02-27 11:46:16,192 [Command processor thread] INFO server.RaftServer: 563c1c87-d686-45a3-8ccb-f135fd475191: addNew group-57586A395D16:[563c1c87-d686-45a3-8ccb-f135fd475191|rpc:172.18.0.9:9856|admin:172.18.0.9:9857|client:172.18.0.9:9858|dataStream:172.18.0.9:9858|priority:1|startupRole:FOLLOWER, 599bc353-aa44-4261-9bd4-eac5232c5bbc|rpc:172.18.0.8:9856|admin:172.18.0.8:9857|client:172.18.0.8:9858|dataStream:172.18.0.8:9858|priority:0|startupRole:FOLLOWER, e9a4e902-7cdf-4ffe-80d3-974521ed7755|rpc:172.18.0.5:9856|admin:172.18.0.5:9857|client:172.18.0.5:9858|dataStream:172.18.0.5:9858|priority:0|startupRole:FOLLOWER] returns group-57586A395D16:java.util.concurrent.CompletableFuture@2d0791d3[Not completed]
scm_1       | 2023-02-27 11:45:44,234 [14bc6185-8949-4947-94d1-48c79906e7f3-impl-thread1] INFO segmented.SegmentedRaftLogWorker: new 14bc6185-8949-4947-94d1-48c79906e7f3@group-35D21DFD8847-SegmentedRaftLogWorker for RaftStorageImpl:Storage Directory /data/metadata/scm-ha/103a5f9b-a5af-42c7-a3bf-35d21dfd8847
datanode_1  | 2023-02-27 11:46:16,748 [pool-22-thread-1] INFO server.RaftServerConfigKeys: raft.server.snapshot.auto.trigger.enabled = true (custom)
datanode_2  | 2023-02-27 11:46:16,222 [pool-22-thread-1] INFO server.RaftServer$Division: 563c1c87-d686-45a3-8ccb-f135fd475191: new RaftServerImpl for group-57586A395D16:[563c1c87-d686-45a3-8ccb-f135fd475191|rpc:172.18.0.9:9856|admin:172.18.0.9:9857|client:172.18.0.9:9858|dataStream:172.18.0.9:9858|priority:1|startupRole:FOLLOWER, 599bc353-aa44-4261-9bd4-eac5232c5bbc|rpc:172.18.0.8:9856|admin:172.18.0.8:9857|client:172.18.0.8:9858|dataStream:172.18.0.8:9858|priority:0|startupRole:FOLLOWER, e9a4e902-7cdf-4ffe-80d3-974521ed7755|rpc:172.18.0.5:9856|admin:172.18.0.5:9857|client:172.18.0.5:9858|dataStream:172.18.0.5:9858|priority:0|startupRole:FOLLOWER] with ContainerStateMachine:uninitialized
scm_1       | 2023-02-27 11:45:44,235 [14bc6185-8949-4947-94d1-48c79906e7f3-impl-thread1] INFO server.RaftServerConfigKeys: raft.server.log.queue.byte-limit = 64MB (=67108864) (default)
rm_1        | 2023-02-27 11:45:28 INFO  AbstractDelegationTokenSecretManager:325 - Updating the current master key for generating delegation tokens
datanode_2  | 2023-02-27 11:46:16,222 [pool-22-thread-1] INFO server.RaftServerConfigKeys: raft.server.rpc.timeout.min = 5s (custom)
nm_1        | 2023-02-27 11:48:05 INFO  DefaultContainerExecutor:117 - Copying from /tmp/hadoop-hadoop/nm-local-dir/nmPrivate/container_1677498328531_0001_01_000001.tokens to /tmp/hadoop-hadoop/nm-local-dir/usercache/hadoop/appcache/application_1677498328531_0001/container_1677498328531_0001_01_000001.tokens
nm_1        | 2023-02-27 11:48:05 INFO  DefaultContainerExecutor:124 - Localizer CWD set to /tmp/hadoop-hadoop/nm-local-dir/usercache/hadoop/appcache/application_1677498328531_0001 = file:/tmp/hadoop-hadoop/nm-local-dir/usercache/hadoop/appcache/application_1677498328531_0001
nm_1        | 2023-02-27 11:48:06 WARN  MetricsSystemImpl:152 - NodeManager metrics system already initialized!
datanode_3  | 2023-02-27 11:46:09,789 [EndpointStateMachine task thread for scm/172.18.0.2:9861 - 0 ] INFO ratis.XceiverServerRatis: XceiverServerRatis 599bc353-aa44-4261-9bd4-eac5232c5bbc is started using port 9856 for RATIS_SERVER
scm_1       | 2023-02-27 11:45:44,235 [14bc6185-8949-4947-94d1-48c79906e7f3-impl-thread1] INFO server.RaftServerConfigKeys: raft.server.log.queue.element-limit = 4096 (default)
datanode_2  | 2023-02-27 11:46:16,222 [pool-22-thread-1] INFO server.RaftServerConfigKeys: raft.server.rpc.timeout.max = 5200ms (custom)
om_1        | 2023-02-27 11:46:31,711 [Listener at om/9862] INFO impl.MetricsSystemImpl: OzoneManager metrics system started
om_1        | 2023-02-27 11:46:31,781 [Listener at om/9862] INFO om.OzoneManager: OzoneManager RPC server is listening at om/172.18.0.4:9862
datanode_3  | 2023-02-27 11:46:09,870 [BlockDeletingService#0] INFO interfaces.ContainerDeletionChoosingPolicyTemplate: Chosen 0/5000 blocks from 0 candidate containers.
datanode_3  | 2023-02-27 11:46:13,546 [Command processor thread] INFO server.RaftServer: 599bc353-aa44-4261-9bd4-eac5232c5bbc: addNew group-987F59A15533:[599bc353-aa44-4261-9bd4-eac5232c5bbc|rpc:172.18.0.8:9856|admin:172.18.0.8:9857|client:172.18.0.8:9858|dataStream:172.18.0.8:9858|priority:1|startupRole:FOLLOWER] returns group-987F59A15533:java.util.concurrent.CompletableFuture@11a0acc4[Not completed]
scm_1       | 2023-02-27 11:45:44,240 [14bc6185-8949-4947-94d1-48c79906e7f3-impl-thread1] INFO server.RaftServerConfigKeys: raft.server.log.segment.size.max = 4194304 (custom)
datanode_2  | 2023-02-27 11:46:16,222 [pool-22-thread-1] INFO server.RaftServerConfigKeys: raft.server.rpc.sleep.time = 25ms (default)
om_1        | 2023-02-27 11:46:31,782 [Listener at om/9862] INFO ratis.OzoneManagerRatisServer: Starting OzoneManagerRatisServer om1 at port 9872
nm_1        | 2023-02-27 11:48:08 INFO  LocalizedResource:203 - Resource o3fs://bucket1.volume1.om/user/hadoop/.staging/job_1677498328531_0001/job.splitmetainfo(->/tmp/hadoop-hadoop/nm-local-dir/usercache/hadoop/appcache/application_1677498328531_0001/filecache/10/job.splitmetainfo) transitioned from DOWNLOADING to LOCALIZED
datanode_3  | 2023-02-27 11:46:13,610 [pool-22-thread-1] INFO server.RaftServer$Division: 599bc353-aa44-4261-9bd4-eac5232c5bbc: new RaftServerImpl for group-987F59A15533:[599bc353-aa44-4261-9bd4-eac5232c5bbc|rpc:172.18.0.8:9856|admin:172.18.0.8:9857|client:172.18.0.8:9858|dataStream:172.18.0.8:9858|priority:1|startupRole:FOLLOWER] with ContainerStateMachine:uninitialized
datanode_3  | 2023-02-27 11:46:13,621 [pool-22-thread-1] INFO server.RaftServerConfigKeys: raft.server.rpc.timeout.min = 5s (custom)
scm_1       | 2023-02-27 11:45:44,262 [14bc6185-8949-4947-94d1-48c79906e7f3-impl-thread1] INFO server.RaftServerConfigKeys: raft.server.log.preallocated.size = 4194304 (custom)
rm_1        | 2023-02-27 11:45:28 INFO  RMDelegationTokenSecretManager:85 - storing master key with keyID 1
rm_1        | 2023-02-27 11:45:28 INFO  RMStateStore:417 - Storing RMDTMasterKey.
rm_1        | 2023-02-27 11:45:28 INFO  AbstractDelegationTokenSecretManager:638 - Starting expired delegation token remover thread, tokenRemoverScanInterval=60 min(s)
datanode_2  | 2023-02-27 11:46:16,222 [pool-22-thread-1] INFO server.RaftServerConfigKeys: raft.server.rpc.slowness.timeout = 300s (custom)
datanode_1  | 2023-02-27 11:46:16,748 [pool-22-thread-1] INFO server.RaftServerConfigKeys: raft.server.snapshot.auto.trigger.threshold = 10000 (custom)
scm_1       | 2023-02-27 11:45:44,266 [14bc6185-8949-4947-94d1-48c79906e7f3-impl-thread1] INFO server.RaftServerConfigKeys: raft.server.log.force.sync.num = 128 (default)
om_1        | 2023-02-27 11:46:31,785 [om1-impl-thread1] INFO storage.RaftStorageDirectory: The storage directory /data/metadata/ratis/bf265839-605b-3f16-9796-c5ba1605619e does not exist. Creating ...
om_1        | 2023-02-27 11:46:31,795 [om1-impl-thread1] INFO storage.RaftStorageDirectory: Lock on /data/metadata/ratis/bf265839-605b-3f16-9796-c5ba1605619e/in_use.lock acquired by nodename 6@om
om_1        | 2023-02-27 11:46:31,815 [om1-impl-thread1] INFO storage.RaftStorage: Storage directory /data/metadata/ratis/bf265839-605b-3f16-9796-c5ba1605619e has been successfully formatted.
om_1        | 2023-02-27 11:46:31,824 [om1-impl-thread1] INFO server.RaftServerConfigKeys: raft.server.log.use.memory = false (default)
nm_1        | 2023-02-27 11:48:08 INFO  LocalizedResource:203 - Resource o3fs://bucket1.volume1.om/user/hadoop/.staging/job_1677498328531_0001/job.jar(->/tmp/hadoop-hadoop/nm-local-dir/usercache/hadoop/appcache/application_1677498328531_0001/filecache/11/job.jar) transitioned from DOWNLOADING to LOCALIZED
datanode_2  | 2023-02-27 11:46:16,249 [pool-22-thread-1] INFO server.RaftServerConfigKeys: raft.server.leaderelection.leader.step-down.wait-time = 10s (default)
datanode_2  | 2023-02-27 11:46:16,249 [pool-22-thread-1] INFO server.RaftServerConfigKeys: raft.server.sleep.deviation.threshold = 300ms (default)
scm_1       | 2023-02-27 11:45:44,271 [14bc6185-8949-4947-94d1-48c79906e7f3-impl-thread1] INFO server.RaftServerConfigKeys: raft.server.log.statemachine.data.sync = true (default)
datanode_1  | 2023-02-27 11:46:16,748 [pool-22-thread-1] INFO server.RaftServerConfigKeys: raft.server.snapshot.retention.file.num = 5 (custom)
datanode_1  | 2023-02-27 11:46:16,748 [pool-22-thread-1] INFO server.RaftServerConfigKeys: raft.server.log.purge.upto.snapshot.index = false (default)
datanode_1  | 2023-02-27 11:46:16,749 [e9a4e902-7cdf-4ffe-80d3-974521ed7755@group-57586A395D16-FollowerState] INFO server.RaftServerConfigKeys: raft.server.rpc.first-election.timeout.min = 5s (fallback to raft.server.rpc.timeout.min)
datanode_3  | 2023-02-27 11:46:13,631 [pool-22-thread-1] INFO server.RaftServerConfigKeys: raft.server.rpc.timeout.max = 5200ms (custom)
nm_1        | 2023-02-27 11:48:08 INFO  LocalizedResource:203 - Resource o3fs://bucket1.volume1.om/user/hadoop/.staging/job_1677498328531_0001/job.split(->/tmp/hadoop-hadoop/nm-local-dir/usercache/hadoop/appcache/application_1677498328531_0001/filecache/12/job.split) transitioned from DOWNLOADING to LOCALIZED
scm_1       | 2023-02-27 11:45:44,289 [14bc6185-8949-4947-94d1-48c79906e7f3-impl-thread1] INFO server.RaftServerConfigKeys: raft.server.log.statemachine.data.sync.timeout = 10s (default)
datanode_2  | 2023-02-27 11:46:16,250 [pool-22-thread-1] INFO server.RaftServer$Division: 563c1c87-d686-45a3-8ccb-f135fd475191@group-57586A395D16: ConfigurationManager, init=-1: peers:[563c1c87-d686-45a3-8ccb-f135fd475191|rpc:172.18.0.9:9856|admin:172.18.0.9:9857|client:172.18.0.9:9858|dataStream:172.18.0.9:9858|priority:1|startupRole:FOLLOWER, 599bc353-aa44-4261-9bd4-eac5232c5bbc|rpc:172.18.0.8:9856|admin:172.18.0.8:9857|client:172.18.0.8:9858|dataStream:172.18.0.8:9858|priority:0|startupRole:FOLLOWER, e9a4e902-7cdf-4ffe-80d3-974521ed7755|rpc:172.18.0.5:9856|admin:172.18.0.5:9857|client:172.18.0.5:9858|dataStream:172.18.0.5:9858|priority:0|startupRole:FOLLOWER]|listeners:[], old=null, confs=<EMPTY_MAP>
datanode_2  | 2023-02-27 11:46:16,250 [pool-22-thread-1] INFO server.RaftServerConfigKeys: raft.server.storage.dir = [/data/metadata/ratis] (custom)
datanode_2  | 2023-02-27 11:46:16,251 [pool-22-thread-1] INFO server.RaftServerConfigKeys: raft.server.log.corruption.policy = EXCEPTION (default)
datanode_2  | 2023-02-27 11:46:16,251 [pool-22-thread-1] INFO server.RaftServerConfigKeys: raft.server.storage.free-space.min = 0MB (=0) (default)
datanode_3  | 2023-02-27 11:46:13,631 [pool-22-thread-1] INFO server.RaftServerConfigKeys: raft.server.rpc.sleep.time = 25ms (default)
nm_1        | 2023-02-27 11:48:08 INFO  LocalizedResource:203 - Resource o3fs://bucket1.volume1.om/user/hadoop/.staging/job_1677498328531_0001/job.xml(->/tmp/hadoop-hadoop/nm-local-dir/usercache/hadoop/appcache/application_1677498328531_0001/filecache/13/job.xml) transitioned from DOWNLOADING to LOCALIZED
scm_1       | 2023-02-27 11:45:44,302 [14bc6185-8949-4947-94d1-48c79906e7f3-impl-thread1] INFO server.RaftServerConfigKeys: raft.server.log.statemachine.data.sync.timeout.retry = -1 (default)
datanode_2  | 2023-02-27 11:46:16,251 [pool-22-thread-1] INFO server.RaftServerConfigKeys: raft.server.notification.no-leader.timeout = 300s (custom)
om_1        | 2023-02-27 11:46:31,858 [om1-impl-thread1] INFO server.RaftServerConfigKeys: raft.server.log.purge.gap = 1000000 (custom)
om_1        | 2023-02-27 11:46:31,859 [om1-impl-thread1] INFO server.RaftServerConfigKeys: raft.server.log.appender.buffer.byte-limit = 33554432 (custom)
om_1        | 2023-02-27 11:46:31,861 [om1-impl-thread1] INFO server.RaftServerConfigKeys: raft.server.log.statemachine.data.read.timeout = 1000ms (default)
datanode_3  | 2023-02-27 11:46:13,632 [pool-22-thread-1] INFO server.RaftServerConfigKeys: raft.server.rpc.slowness.timeout = 300s (custom)
nm_1        | 2023-02-27 11:48:08 INFO  ContainerImpl:1135 - Container container_1677498328531_0001_01_000001 transitioned from LOCALIZING to LOCALIZED
scm_1       | 2023-02-27 11:45:44,451 [14bc6185-8949-4947-94d1-48c79906e7f3-impl-thread1] INFO server.RaftServerConfigKeys: raft.server.log.write.buffer.size = 64KB (=65536) (default)
datanode_2  | 2023-02-27 11:46:16,251 [pool-22-thread-1] INFO server.RaftServerConfigKeys: raft.server.retrycache.expirytime = 600000ms (custom)
datanode_2  | 2023-02-27 11:46:16,252 [pool-22-thread-1] INFO server.RaftServerConfigKeys: raft.server.retrycache.statistics.expirytime = 100?s (default)
datanode_2  | 2023-02-27 11:46:16,253 [pool-22-thread-1] INFO server.RaftServerConfigKeys: raft.server.log.appender.install.snapshot.enabled = false (custom)
datanode_2  | 2023-02-27 11:46:16,253 [pool-22-thread-1] INFO server.RaftServerConfigKeys: raft.server.threadpool.server.cached = true (default)
datanode_3  | 2023-02-27 11:46:13,632 [pool-22-thread-1] INFO server.RaftServerConfigKeys: raft.server.leaderelection.leader.step-down.wait-time = 10s (default)
nm_1        | 2023-02-27 11:48:08 INFO  ContainerImpl:1135 - Container container_1677498328531_0001_01_000001 transitioned from LOCALIZED to RUNNING
scm_1       | 2023-02-27 11:45:44,478 [14bc6185-8949-4947-94d1-48c79906e7f3-impl-thread1] INFO server.RaftServerConfigKeys: raft.server.log.appender.buffer.byte-limit = 33554432 (custom)
scm_1       | 2023-02-27 11:45:44,807 [14bc6185-8949-4947-94d1-48c79906e7f3-impl-thread1] INFO server.RaftServerConfigKeys: raft.server.log.unsafe-flush.enabled = false (default)
scm_1       | 2023-02-27 11:45:44,814 [14bc6185-8949-4947-94d1-48c79906e7f3-impl-thread1] INFO server.RaftServerConfigKeys: raft.server.log.async-flush.enabled = false (default)
scm_1       | 2023-02-27 11:45:44,826 [14bc6185-8949-4947-94d1-48c79906e7f3-impl-thread1] INFO server.RaftServerConfigKeys: raft.server.log.statemachine.data.caching.enabled = false (default)
datanode_2  | 2023-02-27 11:46:16,253 [pool-22-thread-1] INFO server.RaftServerConfigKeys: raft.server.threadpool.server.size = 0 (default)
datanode_3  | 2023-02-27 11:46:13,632 [pool-22-thread-1] INFO server.RaftServerConfigKeys: raft.server.sleep.deviation.threshold = 300ms (default)
nm_1        | 2023-02-27 11:48:08 INFO  ContainersMonitorImpl:196 - Neither virutal-memory nor physical-memory monitoring is needed. Not running the monitor-thread
scm_1       | 2023-02-27 11:45:44,963 [14bc6185-8949-4947-94d1-48c79906e7f3-impl-thread1] INFO segmented.SegmentedRaftLogWorker: 14bc6185-8949-4947-94d1-48c79906e7f3@group-35D21DFD8847-SegmentedRaftLogWorker: flushIndex: setUnconditionally 0 -> -1
om_1        | 2023-02-27 11:46:31,863 [om1-impl-thread1] INFO server.RaftServerConfigKeys: raft.server.log.purge.preservation.log.num = 0 (default)
om_1        | 2023-02-27 11:46:31,890 [om1-impl-thread1] INFO server.RaftServerConfigKeys: raft.server.log.segment.size.max = 4194304 (custom)
om_1        | 2023-02-27 11:46:31,914 [om1-impl-thread1] INFO server.RaftServerConfigKeys: raft.server.log.segment.cache.num.max = 2 (custom)
datanode_2  | 2023-02-27 11:46:16,253 [pool-22-thread-1] INFO server.RaftServerConfigKeys: raft.server.threadpool.client.cached = true (default)
datanode_3  | 2023-02-27 11:46:13,660 [pool-22-thread-1] INFO server.RaftServer$Division: 599bc353-aa44-4261-9bd4-eac5232c5bbc@group-987F59A15533: ConfigurationManager, init=-1: peers:[599bc353-aa44-4261-9bd4-eac5232c5bbc|rpc:172.18.0.8:9856|admin:172.18.0.8:9857|client:172.18.0.8:9858|dataStream:172.18.0.8:9858|priority:1|startupRole:FOLLOWER]|listeners:[], old=null, confs=<EMPTY_MAP>
nm_1        | 2023-02-27 11:48:08 INFO  DefaultContainerExecutor:268 - launchContainer: [bash, /tmp/hadoop-hadoop/nm-local-dir/usercache/hadoop/appcache/application_1677498328531_0001/container_1677498328531_0001_01_000001/default_container_executor.sh]
scm_1       | 2023-02-27 11:45:44,963 [14bc6185-8949-4947-94d1-48c79906e7f3-impl-thread1] INFO segmented.SegmentedRaftLogWorker: 14bc6185-8949-4947-94d1-48c79906e7f3@group-35D21DFD8847-SegmentedRaftLogWorker: safeCacheEvictIndex: setUnconditionally 0 -> -1
scm_1       | 2023-02-27 11:45:44,993 [14bc6185-8949-4947-94d1-48c79906e7f3-impl-thread1] INFO server.RaftServer$Division: 14bc6185-8949-4947-94d1-48c79906e7f3@group-35D21DFD8847: start as a follower, conf=-1: peers:[14bc6185-8949-4947-94d1-48c79906e7f3|rpc:scm:9894|priority:0|startupRole:FOLLOWER]|listeners:[], old=null
scm_1       | 2023-02-27 11:45:45,027 [14bc6185-8949-4947-94d1-48c79906e7f3-impl-thread1] INFO server.RaftServer$Division: 14bc6185-8949-4947-94d1-48c79906e7f3@group-35D21DFD8847: changes role from      null to FOLLOWER at term 0 for startAsFollower
datanode_2  | 2023-02-27 11:46:16,253 [pool-22-thread-1] INFO server.RaftServerConfigKeys: raft.server.threadpool.client.size = 0 (default)
datanode_3  | 2023-02-27 11:46:13,666 [pool-22-thread-1] INFO server.RaftServerConfigKeys: raft.server.storage.dir = [/data/metadata/ratis] (custom)
nm_1        | 2023-02-27 11:48:20 INFO  Server:1316 - Auth successful for appattempt_1677498328531_0001_000001 (auth:SIMPLE)
rm_1        | 2023-02-27 11:45:28 INFO  AsyncDispatcher:209 - Registering class org.apache.hadoop.yarn.nodelabels.event.NodeLabelsStoreEventType for class org.apache.hadoop.yarn.nodelabels.CommonNodeLabelsManager$ForwardingEventHandler
rm_1        | 2023-02-27 11:45:28 INFO  AbstractDelegationTokenSecretManager:325 - Updating the current master key for generating delegation tokens
rm_1        | 2023-02-27 11:45:28 INFO  RMDelegationTokenSecretManager:85 - storing master key with keyID 2
rm_1        | 2023-02-27 11:45:28 INFO  RMStateStore:417 - Storing RMDTMasterKey.
rm_1        | 2023-02-27 11:45:28 INFO  CallQueueManager:54 - Using callQueue class java.util.concurrent.LinkedBlockingQueue
datanode_2  | 2023-02-27 11:46:16,253 [pool-22-thread-1] INFO storage.RaftStorageDirectory: The storage directory /data/metadata/ratis/5dd7adfa-0234-42ea-8d47-57586a395d16 does not exist. Creating ...
datanode_3  | 2023-02-27 11:46:13,692 [pool-22-thread-1] INFO server.RaftServerConfigKeys: raft.server.log.corruption.policy = EXCEPTION (default)
nm_1        | 2023-02-27 11:48:20 INFO  ContainerManagerImpl:810 - Start request for container_1677498328531_0001_01_000002 by user hadoop
rm_1        | 2023-02-27 11:45:28 INFO  Server:606 - Starting Socket Reader #1 for port 8031
rm_1        | 2023-02-27 11:45:29 INFO  RpcServerFactoryPBImpl:174 - Adding protocol org.apache.hadoop.yarn.server.api.ResourceTrackerPB to the server
rm_1        | 2023-02-27 11:45:29 INFO  Server:676 - IPC Server listener on 8031: starting
rm_1        | 2023-02-27 11:45:29 INFO  Server:836 - IPC Server Responder: starting
rm_1        | 2023-02-27 11:45:29 INFO  CallQueueManager:54 - Using callQueue class java.util.concurrent.LinkedBlockingQueue
datanode_2  | 2023-02-27 11:46:16,289 [pool-22-thread-1] INFO storage.RaftStorageDirectory: Lock on /data/metadata/ratis/5dd7adfa-0234-42ea-8d47-57586a395d16/in_use.lock acquired by nodename 7@1a1266106dde
datanode_3  | 2023-02-27 11:46:13,696 [pool-22-thread-1] INFO server.RaftServerConfigKeys: raft.server.storage.free-space.min = 0MB (=0) (default)
nm_1        | 2023-02-27 11:48:20 INFO  ApplicationImpl:304 - Adding container_1677498328531_0001_01_000002 to application application_1677498328531_0001
rm_1        | 2023-02-27 11:45:29 INFO  Server:606 - Starting Socket Reader #1 for port 8030
rm_1        | 2023-02-27 11:45:29 INFO  RpcServerFactoryPBImpl:174 - Adding protocol org.apache.hadoop.yarn.api.ApplicationMasterProtocolPB to the server
rm_1        | 2023-02-27 11:45:29 INFO  Server:836 - IPC Server Responder: starting
rm_1        | 2023-02-27 11:45:29 INFO  Server:676 - IPC Server listener on 8030: starting
rm_1        | 2023-02-27 11:45:29 INFO  CallQueueManager:54 - Using callQueue class java.util.concurrent.LinkedBlockingQueue
datanode_2  | 2023-02-27 11:46:16,303 [pool-22-thread-1] INFO storage.RaftStorage: Storage directory /data/metadata/ratis/5dd7adfa-0234-42ea-8d47-57586a395d16 has been successfully formatted.
datanode_3  | 2023-02-27 11:46:13,723 [pool-22-thread-1] INFO server.RaftServerConfigKeys: raft.server.notification.no-leader.timeout = 300s (custom)
nm_1        | 2023-02-27 11:48:20 INFO  ContainerImpl:1135 - Container container_1677498328531_0001_01_000002 transitioned from NEW to LOCALIZING
rm_1        | 2023-02-27 11:45:29 INFO  Server:606 - Starting Socket Reader #1 for port 8032
datanode_2  | 2023-02-27 11:46:16,304 [pool-22-thread-1] INFO ratis.ContainerStateMachine: group-57586A395D16: The snapshot info is null. Setting the last applied indexto:(t:0, i:~)
datanode_2  | 2023-02-27 11:46:16,304 [pool-22-thread-1] INFO server.RaftServerConfigKeys: raft.server.log.use.memory = false (default)
nm_1        | 2023-02-27 11:48:20 INFO  AuxServices:196 - Got event CONTAINER_INIT for appId application_1677498328531_0001
datanode_2  | 2023-02-27 11:46:16,305 [pool-22-thread-1] INFO server.RaftServerConfigKeys: raft.server.log.purge.gap = 1000000 (custom)
datanode_1  | 2023-02-27 11:46:16,758 [Command processor thread] INFO ratis.XceiverServerRatis: Created group PipelineID=5dd7adfa-0234-42ea-8d47-57586a395d16
datanode_1  | 2023-02-27 11:46:16,785 [e9a4e902-7cdf-4ffe-80d3-974521ed7755@group-57586A395D16-FollowerState] INFO server.RaftServerConfigKeys: raft.server.rpc.first-election.timeout.max = 5200ms (fallback to raft.server.rpc.timeout.max)
datanode_1  | 2023-02-27 11:46:20,361 [grpc-default-executor-0] INFO server.RaftServer: e9a4e902-7cdf-4ffe-80d3-974521ed7755: addNew group-9B3CB4B80369:[563c1c87-d686-45a3-8ccb-f135fd475191|rpc:172.18.0.9:9856|admin:172.18.0.9:9857|client:172.18.0.9:9858|dataStream:172.18.0.9:9858|priority:0|startupRole:FOLLOWER, 599bc353-aa44-4261-9bd4-eac5232c5bbc|rpc:172.18.0.8:9856|admin:172.18.0.8:9857|client:172.18.0.8:9858|dataStream:172.18.0.8:9858|priority:0|startupRole:FOLLOWER, e9a4e902-7cdf-4ffe-80d3-974521ed7755|rpc:172.18.0.5:9856|admin:172.18.0.5:9857|client:172.18.0.5:9858|dataStream:172.18.0.5:9858|priority:1|startupRole:FOLLOWER] returns group-9B3CB4B80369:java.util.concurrent.CompletableFuture@47944406[Not completed]
datanode_1  | 2023-02-27 11:46:20,365 [pool-22-thread-1] INFO server.RaftServer$Division: e9a4e902-7cdf-4ffe-80d3-974521ed7755: new RaftServerImpl for group-9B3CB4B80369:[563c1c87-d686-45a3-8ccb-f135fd475191|rpc:172.18.0.9:9856|admin:172.18.0.9:9857|client:172.18.0.9:9858|dataStream:172.18.0.9:9858|priority:0|startupRole:FOLLOWER, 599bc353-aa44-4261-9bd4-eac5232c5bbc|rpc:172.18.0.8:9856|admin:172.18.0.8:9857|client:172.18.0.8:9858|dataStream:172.18.0.8:9858|priority:0|startupRole:FOLLOWER, e9a4e902-7cdf-4ffe-80d3-974521ed7755|rpc:172.18.0.5:9856|admin:172.18.0.5:9857|client:172.18.0.5:9858|dataStream:172.18.0.5:9858|priority:1|startupRole:FOLLOWER] with ContainerStateMachine:uninitialized
datanode_1  | 2023-02-27 11:46:20,373 [pool-22-thread-1] INFO server.RaftServerConfigKeys: raft.server.rpc.timeout.min = 5s (custom)
datanode_2  | 2023-02-27 11:46:16,305 [pool-22-thread-1] INFO server.RaftServerConfigKeys: raft.server.log.appender.buffer.byte-limit = 33554432 (custom)
om_1        | 2023-02-27 11:46:31,922 [om1-impl-thread1] INFO server.RaftServerConfigKeys: raft.server.log.segment.cache.size.max = 200MB (=209715200) (default)
om_1        | 2023-02-27 11:46:31,936 [om1-impl-thread1] INFO segmented.SegmentedRaftLogWorker: new om1@group-C5BA1605619E-SegmentedRaftLogWorker for RaftStorageImpl:Storage Directory /data/metadata/ratis/bf265839-605b-3f16-9796-c5ba1605619e
om_1        | 2023-02-27 11:46:31,936 [om1-impl-thread1] INFO server.RaftServerConfigKeys: raft.server.log.queue.byte-limit = 64MB (=67108864) (default)
om_1        | 2023-02-27 11:46:31,936 [om1-impl-thread1] INFO server.RaftServerConfigKeys: raft.server.log.queue.element-limit = 4096 (default)
om_1        | 2023-02-27 11:46:31,938 [om1-impl-thread1] INFO server.RaftServerConfigKeys: raft.server.log.segment.size.max = 4194304 (custom)
om_1        | 2023-02-27 11:46:31,938 [om1-impl-thread1] INFO server.RaftServerConfigKeys: raft.server.log.preallocated.size = 4194304 (custom)
datanode_1  | 2023-02-27 11:46:20,373 [pool-22-thread-1] INFO server.RaftServerConfigKeys: raft.server.rpc.timeout.max = 5200ms (custom)
datanode_1  | 2023-02-27 11:46:20,373 [pool-22-thread-1] INFO server.RaftServerConfigKeys: raft.server.rpc.sleep.time = 25ms (default)
datanode_1  | 2023-02-27 11:46:20,373 [pool-22-thread-1] INFO server.RaftServerConfigKeys: raft.server.rpc.slowness.timeout = 300s (custom)
datanode_1  | 2023-02-27 11:46:20,373 [pool-22-thread-1] INFO server.RaftServerConfigKeys: raft.server.leaderelection.leader.step-down.wait-time = 10s (default)
om_1        | 2023-02-27 11:46:31,939 [om1-impl-thread1] INFO server.RaftServerConfigKeys: raft.server.log.force.sync.num = 128 (default)
om_1        | 2023-02-27 11:46:31,940 [om1-impl-thread1] INFO server.RaftServerConfigKeys: raft.server.log.statemachine.data.sync = true (default)
om_1        | 2023-02-27 11:46:31,940 [om1-impl-thread1] INFO server.RaftServerConfigKeys: raft.server.log.statemachine.data.sync.timeout = 10s (default)
scm_1       | 2023-02-27 11:45:45,050 [14bc6185-8949-4947-94d1-48c79906e7f3-impl-thread1] INFO impl.RoleInfo: 14bc6185-8949-4947-94d1-48c79906e7f3: start 14bc6185-8949-4947-94d1-48c79906e7f3@group-35D21DFD8847-FollowerState
scm_1       | 2023-02-27 11:45:45,140 [14bc6185-8949-4947-94d1-48c79906e7f3@group-35D21DFD8847-FollowerState] INFO server.RaftServerConfigKeys: raft.server.rpc.first-election.timeout.min = 5000ms (fallback to raft.server.rpc.timeout.min)
datanode_2  | 2023-02-27 11:46:16,305 [pool-22-thread-1] INFO server.RaftServerConfigKeys: raft.server.log.statemachine.data.read.timeout = 1000ms (default)
datanode_1  | 2023-02-27 11:46:20,374 [pool-22-thread-1] INFO server.RaftServerConfigKeys: raft.server.sleep.deviation.threshold = 300ms (default)
om_1        | 2023-02-27 11:46:31,941 [om1-impl-thread1] INFO server.RaftServerConfigKeys: raft.server.log.statemachine.data.sync.timeout.retry = -1 (default)
datanode_3  | 2023-02-27 11:46:13,726 [pool-22-thread-1] INFO server.RaftServerConfigKeys: raft.server.retrycache.expirytime = 600000ms (custom)
datanode_3  | 2023-02-27 11:46:13,730 [pool-22-thread-1] INFO server.RaftServerConfigKeys: raft.server.retrycache.statistics.expirytime = 100?s (default)
scm_1       | 2023-02-27 11:45:45,145 [14bc6185-8949-4947-94d1-48c79906e7f3@group-35D21DFD8847-FollowerState] INFO server.RaftServerConfigKeys: raft.server.rpc.first-election.timeout.max = 5200ms (fallback to raft.server.rpc.timeout.max)
nm_1        | 2023-02-27 11:48:20 INFO  AuxServices:196 - Got event APPLICATION_INIT for appId application_1677498328531_0001
datanode_2  | 2023-02-27 11:46:16,305 [pool-22-thread-1] INFO server.RaftServerConfigKeys: raft.server.log.purge.preservation.log.num = 0 (default)
datanode_1  | 2023-02-27 11:46:20,374 [pool-22-thread-1] INFO server.RaftServer$Division: e9a4e902-7cdf-4ffe-80d3-974521ed7755@group-9B3CB4B80369: ConfigurationManager, init=-1: peers:[563c1c87-d686-45a3-8ccb-f135fd475191|rpc:172.18.0.9:9856|admin:172.18.0.9:9857|client:172.18.0.9:9858|dataStream:172.18.0.9:9858|priority:0|startupRole:FOLLOWER, 599bc353-aa44-4261-9bd4-eac5232c5bbc|rpc:172.18.0.8:9856|admin:172.18.0.8:9857|client:172.18.0.8:9858|dataStream:172.18.0.8:9858|priority:0|startupRole:FOLLOWER, e9a4e902-7cdf-4ffe-80d3-974521ed7755|rpc:172.18.0.5:9856|admin:172.18.0.5:9857|client:172.18.0.5:9858|dataStream:172.18.0.5:9858|priority:1|startupRole:FOLLOWER]|listeners:[], old=null, confs=<EMPTY_MAP>
datanode_1  | 2023-02-27 11:46:20,375 [pool-22-thread-1] INFO server.RaftServerConfigKeys: raft.server.storage.dir = [/data/metadata/ratis] (custom)
datanode_1  | 2023-02-27 11:46:20,375 [pool-22-thread-1] INFO server.RaftServerConfigKeys: raft.server.log.corruption.policy = EXCEPTION (default)
datanode_1  | 2023-02-27 11:46:20,375 [pool-22-thread-1] INFO server.RaftServerConfigKeys: raft.server.storage.free-space.min = 0MB (=0) (default)
datanode_1  | 2023-02-27 11:46:20,375 [pool-22-thread-1] INFO server.RaftServerConfigKeys: raft.server.notification.no-leader.timeout = 300s (custom)
nm_1        | 2023-02-27 11:48:20 INFO  AuxServices:200 - Got APPLICATION_INIT for service mapreduce_shuffle
datanode_2  | 2023-02-27 11:46:16,306 [pool-22-thread-1] INFO server.RaftServerConfigKeys: raft.server.log.segment.size.max = 1048576 (custom)
datanode_1  | 2023-02-27 11:46:20,376 [pool-22-thread-1] INFO server.RaftServerConfigKeys: raft.server.retrycache.expirytime = 600000ms (custom)
datanode_1  | 2023-02-27 11:46:20,376 [pool-22-thread-1] INFO server.RaftServerConfigKeys: raft.server.retrycache.statistics.expirytime = 100?s (default)
scm_1       | 2023-02-27 11:45:45,170 [14bc6185-8949-4947-94d1-48c79906e7f3-impl-thread1] INFO util.JmxRegister: Successfully registered JMX Bean with object name Ratis:service=RaftServer,group=group-35D21DFD8847,id=14bc6185-8949-4947-94d1-48c79906e7f3
scm_1       | 2023-02-27 11:45:45,183 [14bc6185-8949-4947-94d1-48c79906e7f3-impl-thread1] INFO server.RaftServerConfigKeys: raft.server.snapshot.auto.trigger.enabled = true (custom)
scm_1       | 2023-02-27 11:45:45,194 [14bc6185-8949-4947-94d1-48c79906e7f3-impl-thread1] INFO server.RaftServerConfigKeys: raft.server.snapshot.auto.trigger.threshold = 1000 (custom)
nm_1        | 2023-02-27 11:48:20 INFO  NMAuditLogger:89 - USER=hadoop	IP=172.18.0.6	OPERATION=Start Container Request	TARGET=ContainerManageImpl	RESULT=SUCCESS	APPID=application_1677498328531_0001	CONTAINERID=container_1677498328531_0001_01_000002
datanode_3  | 2023-02-27 11:46:14,014 [pool-22-thread-1] INFO server.RaftServerConfigKeys: raft.server.log.appender.install.snapshot.enabled = false (custom)
datanode_3  | 2023-02-27 11:46:14,020 [pool-22-thread-1] INFO server.RaftServerConfigKeys: raft.server.threadpool.server.cached = true (default)
scm_1       | 2023-02-27 11:45:45,202 [14bc6185-8949-4947-94d1-48c79906e7f3-impl-thread1] INFO server.RaftServerConfigKeys: raft.server.snapshot.retention.file.num = -1 (default)
scm_1       | 2023-02-27 11:45:45,203 [14bc6185-8949-4947-94d1-48c79906e7f3-impl-thread1] INFO server.RaftServerConfigKeys: raft.server.log.purge.upto.snapshot.index = false (default)
scm_1       | 2023-02-27 11:45:45,239 [main] INFO server.RaftServer: 14bc6185-8949-4947-94d1-48c79906e7f3: start RPC server
nm_1        | 2023-02-27 11:48:20 INFO  ShuffleHandler:671 - Added token for job_1677498328531_0001
nm_1        | 2023-02-27 11:48:20 INFO  ContainerImpl:1135 - Container container_1677498328531_0001_01_000002 transitioned from LOCALIZING to LOCALIZED
nm_1        | 2023-02-27 11:48:20 INFO  ContainerImpl:1135 - Container container_1677498328531_0001_01_000002 transitioned from LOCALIZED to RUNNING
datanode_3  | 2023-02-27 11:46:14,025 [pool-22-thread-1] INFO server.RaftServerConfigKeys: raft.server.threadpool.server.size = 0 (default)
datanode_3  | 2023-02-27 11:46:14,029 [pool-22-thread-1] INFO server.RaftServerConfigKeys: raft.server.threadpool.client.cached = true (default)
datanode_3  | 2023-02-27 11:46:14,034 [pool-22-thread-1] INFO server.RaftServerConfigKeys: raft.server.threadpool.client.size = 0 (default)
datanode_3  | 2023-02-27 11:46:14,037 [pool-22-thread-1] INFO storage.RaftStorageDirectory: The storage directory /data/metadata/ratis/050fd6d8-1ef5-46b8-9749-987f59a15533 does not exist. Creating ...
datanode_3  | 2023-02-27 11:46:14,059 [pool-22-thread-1] INFO storage.RaftStorageDirectory: Lock on /data/metadata/ratis/050fd6d8-1ef5-46b8-9749-987f59a15533/in_use.lock acquired by nodename 7@64cc694d0f66
nm_1        | 2023-02-27 11:48:20 INFO  ContainersMonitorImpl:196 - Neither virutal-memory nor physical-memory monitoring is needed. Not running the monitor-thread
nm_1        | 2023-02-27 11:48:20 INFO  DefaultContainerExecutor:268 - launchContainer: [bash, /tmp/hadoop-hadoop/nm-local-dir/usercache/hadoop/appcache/application_1677498328531_0001/container_1677498328531_0001_01_000002/default_container_executor.sh]
nm_1        | 2023-02-27 11:48:25 INFO  Server:1316 - Auth successful for appattempt_1677498328531_0001_000001 (auth:SIMPLE)
datanode_3  | 2023-02-27 11:46:14,085 [pool-22-thread-1] INFO storage.RaftStorage: Storage directory /data/metadata/ratis/050fd6d8-1ef5-46b8-9749-987f59a15533 has been successfully formatted.
datanode_3  | 2023-02-27 11:46:14,104 [pool-22-thread-1] INFO ratis.ContainerStateMachine: group-987F59A15533: The snapshot info is null. Setting the last applied indexto:(t:0, i:~)
datanode_3  | 2023-02-27 11:46:14,114 [pool-22-thread-1] INFO server.RaftServerConfigKeys: raft.server.log.use.memory = false (default)
datanode_3  | 2023-02-27 11:46:14,137 [pool-22-thread-1] INFO server.RaftServerConfigKeys: raft.server.log.purge.gap = 1000000 (custom)
datanode_3  | 2023-02-27 11:46:14,140 [pool-22-thread-1] INFO server.RaftServerConfigKeys: raft.server.log.appender.buffer.byte-limit = 33554432 (custom)
rm_1        | 2023-02-27 11:45:29 INFO  RpcServerFactoryPBImpl:174 - Adding protocol org.apache.hadoop.yarn.api.ApplicationClientProtocolPB to the server
rm_1        | 2023-02-27 11:45:29 INFO  Server:836 - IPC Server Responder: starting
rm_1        | 2023-02-27 11:45:29 INFO  Server:676 - IPC Server listener on 8032: starting
rm_1        | 2023-02-27 11:45:29 INFO  ResourceManager:1023 - Transitioned to active state
rm_1        | 2023-02-27 11:45:30 INFO  log:67 - Logging to org.slf4j.impl.Log4jLoggerAdapter(org.mortbay.log) via org.mortbay.log.Slf4jLog
scm_1       | 2023-02-27 11:45:46,051 [main] INFO server.GrpcService: 14bc6185-8949-4947-94d1-48c79906e7f3: GrpcService started, listening on 9894
datanode_2  | 2023-02-27 11:46:16,307 [pool-22-thread-1] INFO server.RaftServerConfigKeys: raft.server.log.segment.cache.num.max = 2 (custom)
rm_1        | 2023-02-27 11:45:30 INFO  AuthenticationFilter:283 - Unable to initialize FileSignerSecretProvider, falling back to use random secrets.
rm_1        | 2023-02-27 11:45:30 INFO  HttpRequestLog:80 - Http request log for http.requests.resourcemanager is not defined
rm_1        | 2023-02-27 11:45:30 INFO  HttpServer2:710 - Added global filter 'safety' (class=org.apache.hadoop.http.HttpServer2$QuotingInputFilter)
nm_1        | 2023-02-27 11:48:25 INFO  ContainerManagerImpl:960 - Stopping container with container Id: container_1677498328531_0001_01_000002
scm_1       | 2023-02-27 11:45:46,144 [JvmPauseMonitor0] INFO util.JvmPauseMonitor: JvmPauseMonitor-14bc6185-8949-4947-94d1-48c79906e7f3: Started
datanode_1  | 2023-02-27 11:46:20,377 [pool-22-thread-1] INFO server.RaftServerConfigKeys: raft.server.log.appender.install.snapshot.enabled = false (custom)
datanode_1  | 2023-02-27 11:46:20,377 [pool-22-thread-1] INFO server.RaftServerConfigKeys: raft.server.threadpool.server.cached = true (default)
datanode_1  | 2023-02-27 11:46:20,386 [pool-22-thread-1] INFO server.RaftServerConfigKeys: raft.server.threadpool.server.size = 0 (default)
rm_1        | 2023-02-27 11:45:30 INFO  HttpServer2:685 - Added filter RMAuthenticationFilter (class=org.apache.hadoop.yarn.server.security.http.RMAuthenticationFilter) to context cluster
rm_1        | 2023-02-27 11:45:30 INFO  HttpServer2:693 - Added filter RMAuthenticationFilter (class=org.apache.hadoop.yarn.server.security.http.RMAuthenticationFilter) to context static
rm_1        | 2023-02-27 11:45:30 INFO  HttpServer2:693 - Added filter RMAuthenticationFilter (class=org.apache.hadoop.yarn.server.security.http.RMAuthenticationFilter) to context logs
rm_1        | 2023-02-27 11:45:30 INFO  HttpServer2:685 - Added filter static_user_filter (class=org.apache.hadoop.http.lib.StaticUserWebFilter$StaticUserFilter) to context cluster
nm_1        | 2023-02-27 11:48:25 INFO  ContainerImpl:1135 - Container container_1677498328531_0001_01_000002 transitioned from RUNNING to KILLING
datanode_1  | 2023-02-27 11:46:20,386 [pool-22-thread-1] INFO server.RaftServerConfigKeys: raft.server.threadpool.client.cached = true (default)
rm_1        | 2023-02-27 11:45:30 INFO  HttpServer2:693 - Added filter static_user_filter (class=org.apache.hadoop.http.lib.StaticUserWebFilter$StaticUserFilter) to context static
scm_1       | 2023-02-27 11:45:50,168 [14bc6185-8949-4947-94d1-48c79906e7f3@group-35D21DFD8847-FollowerState] INFO impl.FollowerState: 14bc6185-8949-4947-94d1-48c79906e7f3@group-35D21DFD8847-FollowerState: change to CANDIDATE, lastRpcElapsedTime:5131383678ns, electionTimeout:5019ms
scm_1       | 2023-02-27 11:45:50,175 [14bc6185-8949-4947-94d1-48c79906e7f3@group-35D21DFD8847-FollowerState] INFO impl.RoleInfo: 14bc6185-8949-4947-94d1-48c79906e7f3: shutdown 14bc6185-8949-4947-94d1-48c79906e7f3@group-35D21DFD8847-FollowerState
scm_1       | 2023-02-27 11:45:50,190 [14bc6185-8949-4947-94d1-48c79906e7f3@group-35D21DFD8847-FollowerState] INFO server.RaftServer$Division: 14bc6185-8949-4947-94d1-48c79906e7f3@group-35D21DFD8847: changes role from  FOLLOWER to CANDIDATE at term 0 for changeToCandidate
scm_1       | 2023-02-27 11:45:50,214 [14bc6185-8949-4947-94d1-48c79906e7f3@group-35D21DFD8847-FollowerState] INFO server.RaftServerConfigKeys: raft.server.leaderelection.pre-vote = true (default)
nm_1        | 2023-02-27 11:48:25 INFO  ContainerLaunch:370 - Cleaning up container container_1677498328531_0001_01_000002
nm_1        | 2023-02-27 11:48:25 INFO  NMAuditLogger:89 - USER=hadoop	IP=172.18.0.6	OPERATION=Stop Container Request	TARGET=ContainerManageImpl	RESULT=SUCCESS	APPID=application_1677498328531_0001	CONTAINERID=container_1677498328531_0001_01_000002
nm_1        | 2023-02-27 11:48:25 WARN  DefaultContainerExecutor:224 - Exit code from container container_1677498328531_0001_01_000002 is : 143
rm_1        | 2023-02-27 11:45:30 INFO  HttpServer2:693 - Added filter static_user_filter (class=org.apache.hadoop.http.lib.StaticUserWebFilter$StaticUserFilter) to context logs
scm_1       | 2023-02-27 11:45:50,215 [14bc6185-8949-4947-94d1-48c79906e7f3@group-35D21DFD8847-FollowerState] INFO impl.RoleInfo: 14bc6185-8949-4947-94d1-48c79906e7f3: start 14bc6185-8949-4947-94d1-48c79906e7f3@group-35D21DFD8847-LeaderElection1
scm_1       | 2023-02-27 11:45:50,295 [14bc6185-8949-4947-94d1-48c79906e7f3@group-35D21DFD8847-LeaderElection1] INFO impl.LeaderElection: 14bc6185-8949-4947-94d1-48c79906e7f3@group-35D21DFD8847-LeaderElection1 PRE_VOTE round 0: submit vote requests at term 0 for -1: peers:[14bc6185-8949-4947-94d1-48c79906e7f3|rpc:scm:9894|priority:0|startupRole:FOLLOWER]|listeners:[], old=null
scm_1       | 2023-02-27 11:45:50,296 [14bc6185-8949-4947-94d1-48c79906e7f3@group-35D21DFD8847-LeaderElection1] INFO impl.LeaderElection: 14bc6185-8949-4947-94d1-48c79906e7f3@group-35D21DFD8847-LeaderElection1 PRE_VOTE round 0: result PASSED (term=0)
scm_1       | 2023-02-27 11:45:50,351 [14bc6185-8949-4947-94d1-48c79906e7f3@group-35D21DFD8847-LeaderElection1] INFO impl.LeaderElection: 14bc6185-8949-4947-94d1-48c79906e7f3@group-35D21DFD8847-LeaderElection1 ELECTION round 0: submit vote requests at term 1 for -1: peers:[14bc6185-8949-4947-94d1-48c79906e7f3|rpc:scm:9894|priority:0|startupRole:FOLLOWER]|listeners:[], old=null
nm_1        | 2023-02-27 11:48:25 INFO  ContainerImpl:1135 - Container container_1677498328531_0001_01_000002 transitioned from KILLING to CONTAINER_CLEANEDUP_AFTER_KILL
scm_1       | 2023-02-27 11:45:50,351 [14bc6185-8949-4947-94d1-48c79906e7f3@group-35D21DFD8847-LeaderElection1] INFO impl.LeaderElection: 14bc6185-8949-4947-94d1-48c79906e7f3@group-35D21DFD8847-LeaderElection1 ELECTION round 0: result PASSED (term=1)
scm_1       | 2023-02-27 11:45:50,351 [14bc6185-8949-4947-94d1-48c79906e7f3@group-35D21DFD8847-LeaderElection1] INFO impl.RoleInfo: 14bc6185-8949-4947-94d1-48c79906e7f3: shutdown 14bc6185-8949-4947-94d1-48c79906e7f3@group-35D21DFD8847-LeaderElection1
scm_1       | 2023-02-27 11:45:50,352 [14bc6185-8949-4947-94d1-48c79906e7f3@group-35D21DFD8847-LeaderElection1] INFO server.RaftServer$Division: 14bc6185-8949-4947-94d1-48c79906e7f3@group-35D21DFD8847: changes role from CANDIDATE to LEADER at term 1 for changeToLeader
datanode_1  | 2023-02-27 11:46:20,387 [pool-22-thread-1] INFO server.RaftServerConfigKeys: raft.server.threadpool.client.size = 0 (default)
rm_1        | 2023-02-27 11:45:30 INFO  HttpServer2:408 - adding path spec: /cluster/*
rm_1        | 2023-02-27 11:45:30 INFO  HttpServer2:408 - adding path spec: /ws/*
rm_1        | 2023-02-27 11:45:33 INFO  WebApps:288 - Registered webapp guice modules
rm_1        | 2023-02-27 11:45:33 INFO  HttpServer2:915 - Jetty bound to port 8088
rm_1        | 2023-02-27 11:45:33 INFO  log:67 - jetty-6.1.26
datanode_2  | 2023-02-27 11:46:16,307 [pool-22-thread-1] INFO server.RaftServerConfigKeys: raft.server.log.segment.cache.size.max = 200MB (=209715200) (default)
datanode_1  | 2023-02-27 11:46:20,387 [pool-22-thread-1] INFO storage.RaftStorageDirectory: The storage directory /data/metadata/ratis/b1644cc9-c3ac-4313-b4d5-9b3cb4b80369 does not exist. Creating ...
datanode_1  | 2023-02-27 11:46:20,389 [pool-22-thread-1] INFO storage.RaftStorageDirectory: Lock on /data/metadata/ratis/b1644cc9-c3ac-4313-b4d5-9b3cb4b80369/in_use.lock acquired by nodename 7@9e7834447b4b
datanode_1  | 2023-02-27 11:46:20,391 [pool-22-thread-1] INFO storage.RaftStorage: Storage directory /data/metadata/ratis/b1644cc9-c3ac-4313-b4d5-9b3cb4b80369 has been successfully formatted.
datanode_1  | 2023-02-27 11:46:20,393 [pool-22-thread-1] INFO ratis.ContainerStateMachine: group-9B3CB4B80369: The snapshot info is null. Setting the last applied indexto:(t:0, i:~)
rm_1        | 2023-02-27 11:45:33 INFO  log:67 - Extract jar:file:/opt/hadoop/share/hadoop/yarn/hadoop-yarn-common-2.7.3.jar!/webapps/cluster to /tmp/Jetty_rm_8088_cluster____oilmo9/webapp
datanode_2  | 2023-02-27 11:46:16,307 [pool-22-thread-1] INFO segmented.SegmentedRaftLogWorker: new 563c1c87-d686-45a3-8ccb-f135fd475191@group-57586A395D16-SegmentedRaftLogWorker for RaftStorageImpl:Storage Directory /data/metadata/ratis/5dd7adfa-0234-42ea-8d47-57586a395d16
nm_1        | 2023-02-27 11:48:25 INFO  NMAuditLogger:89 - USER=hadoop	OPERATION=Container Finished - Killed	TARGET=ContainerImpl	RESULT=SUCCESS	APPID=application_1677498328531_0001	CONTAINERID=container_1677498328531_0001_01_000002
datanode_1  | 2023-02-27 11:46:20,393 [pool-22-thread-1] INFO server.RaftServerConfigKeys: raft.server.log.use.memory = false (default)
datanode_1  | 2023-02-27 11:46:20,398 [pool-22-thread-1] INFO server.RaftServerConfigKeys: raft.server.log.purge.gap = 1000000 (custom)
datanode_1  | 2023-02-27 11:46:20,398 [pool-22-thread-1] INFO server.RaftServerConfigKeys: raft.server.log.appender.buffer.byte-limit = 33554432 (custom)
