scm_1       | 2023-02-27 11:46:02,700 [14bc6185-8949-4947-94d1-48c79906e7f3-impl-thread1] INFO server.RaftServerConfigKeys: raft.server.log.segment.cache.num.max = 2 (custom)
datanode_3  | 2023-02-27 11:46:19,757 [pool-22-thread-1] INFO server.RaftServerConfigKeys: raft.server.log.statemachine.data.sync = true (default)
nm_1        | 2023-02-27 11:49:16 INFO  ContainersMonitorImpl:196 - Neither virutal-memory nor physical-memory monitoring is needed. Not running the monitor-thread
datanode_2  | 2023-02-27 11:46:22,835 [563c1c87-d686-45a3-8ccb-f135fd475191@group-57586A395D16-LeaderElection2] INFO server.RaftServerConfigKeys: raft.server.rpc.first-election.timeout.max = 5200ms (fallback to raft.server.rpc.timeout.max)
rm_1        | 2023-02-27 11:48:46 INFO  LeafQueue:1658 - completedContainer container=Container: [ContainerId: container_1677498328531_0001_01_000005, NodeId: nm:39785, NodeHttpAddress: nm:8042, Resource: <memory:4096, vCores:1>, Priority: 10, Token: Token { kind: ContainerToken, service: 172.18.0.6:39785 }, ] queue=default: capacity=1.0, absoluteCapacity=1.0, usedResources=<memory:2048, vCores:1>, usedCapacity=0.25, absoluteUsedCapacity=0.25, numApps=1, numContainers=1 cluster=<memory:8192, vCores:8>
scm_1       | 2023-02-27 11:46:02,701 [14bc6185-8949-4947-94d1-48c79906e7f3-impl-thread1] INFO server.RaftServerConfigKeys: raft.server.log.segment.cache.size.max = 200MB (=209715200) (default)
datanode_3  | 2023-02-27 11:46:19,749 [599bc353-aa44-4261-9bd4-eac5232c5bbc@group-987F59A15533-LeaderElection1] INFO impl.LeaderElection: 599bc353-aa44-4261-9bd4-eac5232c5bbc@group-987F59A15533-LeaderElection1 PRE_VOTE round 0: submit vote requests at term 0 for -1: peers:[599bc353-aa44-4261-9bd4-eac5232c5bbc|rpc:172.18.0.8:9856|admin:172.18.0.8:9857|client:172.18.0.8:9858|dataStream:172.18.0.8:9858|priority:1|startupRole:FOLLOWER]|listeners:[], old=null
nm_1        | 2023-02-27 11:49:16 INFO  DefaultContainerExecutor:268 - launchContainer: [bash, /tmp/hadoop-hadoop/nm-local-dir/usercache/hadoop/appcache/application_1677498328531_0002/container_1677498328531_0002_01_000003/default_container_executor.sh]
datanode_2  | 2023-02-27 11:46:22,868 [563c1c87-d686-45a3-8ccb-f135fd475191@group-C36791940DDF-LeaderElection1] INFO server.RaftServer$Division: 563c1c87-d686-45a3-8ccb-f135fd475191@group-C36791940DDF: set configuration 0: peers:[563c1c87-d686-45a3-8ccb-f135fd475191|rpc:172.18.0.9:9856|admin:172.18.0.9:9857|client:172.18.0.9:9858|dataStream:172.18.0.9:9858|priority:1|startupRole:FOLLOWER]|listeners:[], old=null
rm_1        | 2023-02-27 11:48:46 INFO  ParentQueue:568 - completedContainer queue=root usedCapacity=0.25 absoluteUsedCapacity=0.25 used=<memory:2048, vCores:1> cluster=<memory:8192, vCores:8>
scm_1       | 2023-02-27 11:46:02,708 [14bc6185-8949-4947-94d1-48c79906e7f3-impl-thread1] INFO segmented.SegmentedRaftLogWorker: new 14bc6185-8949-4947-94d1-48c79906e7f3@group-35D21DFD8847-SegmentedRaftLogWorker for RaftStorageImpl:Storage Directory /data/metadata/scm-ha/103a5f9b-a5af-42c7-a3bf-35d21dfd8847
datanode_3  | 2023-02-27 11:46:19,758 [pool-22-thread-1] INFO server.RaftServerConfigKeys: raft.server.log.statemachine.data.sync.timeout = 10s (default)
datanode_2  | 2023-02-27 11:46:22,889 [563c1c87-d686-45a3-8ccb-f135fd475191@group-57586A395D16-LeaderElection2] INFO impl.LeaderElection: 563c1c87-d686-45a3-8ccb-f135fd475191@group-57586A395D16-LeaderElection2: ELECTION PASSED received 1 response(s) and 0 exception(s):
scm_1       | 2023-02-27 11:46:02,708 [14bc6185-8949-4947-94d1-48c79906e7f3-impl-thread1] INFO server.RaftServerConfigKeys: raft.server.log.queue.byte-limit = 64MB (=67108864) (default)
rm_1        | 2023-02-27 11:48:46 INFO  ParentQueue:585 - Re-sorting completed queue: root.default stats: default: capacity=1.0, absoluteCapacity=1.0, usedResources=<memory:2048, vCores:1>, usedCapacity=0.25, absoluteUsedCapacity=0.25, numApps=1, numContainers=1
rm_1        | 2023-02-27 11:48:46 INFO  CapacityScheduler:1419 - Application attempt appattempt_1677498328531_0001_000001 released container container_1677498328531_0001_01_000005 on node: host: nm:39785 #containers=1 available=<memory:6144, vCores:7> used=<memory:2048, vCores:1> with event: FINISHED
nm_1        | 2023-02-27 11:49:16 INFO  NodeStatusUpdaterImpl:490 - Removed completed containers from NM context: [container_1677498328531_0002_01_000002]
datanode_2  | 2023-02-27 11:46:22,889 [563c1c87-d686-45a3-8ccb-f135fd475191@group-57586A395D16-LeaderElection2] INFO impl.LeaderElection:   Response 0: 563c1c87-d686-45a3-8ccb-f135fd475191<-599bc353-aa44-4261-9bd4-eac5232c5bbc#0:OK-t1
scm_1       | 2023-02-27 11:46:02,709 [14bc6185-8949-4947-94d1-48c79906e7f3-impl-thread1] INFO server.RaftServerConfigKeys: raft.server.log.queue.element-limit = 4096 (default)
rm_1        | 2023-02-27 11:48:47 INFO  RMAppAttemptImpl:1206 - Updating application attempt appattempt_1677498328531_0001_000001 with final state: FINISHING, and exit status: -1000
datanode_3  | 2023-02-27 11:46:19,758 [pool-22-thread-1] INFO server.RaftServerConfigKeys: raft.server.log.statemachine.data.sync.timeout.retry = -1 (default)
nm_1        | 2023-02-27 11:49:21 INFO  Server:1316 - Auth successful for appattempt_1677498328531_0002_000001 (auth:SIMPLE)
datanode_2  | 2023-02-27 11:46:22,890 [563c1c87-d686-45a3-8ccb-f135fd475191@group-57586A395D16-LeaderElection2] INFO impl.LeaderElection: 563c1c87-d686-45a3-8ccb-f135fd475191@group-57586A395D16-LeaderElection2 ELECTION round 0: result PASSED
scm_1       | 2023-02-27 11:46:02,710 [14bc6185-8949-4947-94d1-48c79906e7f3-impl-thread1] INFO server.RaftServerConfigKeys: raft.server.log.segment.size.max = 4194304 (custom)
rm_1        | 2023-02-27 11:48:47 INFO  RMAppAttemptImpl:813 - appattempt_1677498328531_0001_000001 State change from RUNNING to FINAL_SAVING
datanode_3  | 2023-02-27 11:46:19,760 [pool-22-thread-1] INFO server.RaftServerConfigKeys: raft.server.log.write.buffer.size = 1048576 (custom)
nm_1        | 2023-02-27 11:49:21 INFO  ContainerManagerImpl:960 - Stopping container with container Id: container_1677498328531_0002_01_000003
datanode_2  | 2023-02-27 11:46:22,890 [563c1c87-d686-45a3-8ccb-f135fd475191@group-57586A395D16-LeaderElection2] INFO impl.RoleInfo: 563c1c87-d686-45a3-8ccb-f135fd475191: shutdown 563c1c87-d686-45a3-8ccb-f135fd475191@group-57586A395D16-LeaderElection2
scm_1       | 2023-02-27 11:46:02,711 [14bc6185-8949-4947-94d1-48c79906e7f3-impl-thread1] INFO server.RaftServerConfigKeys: raft.server.log.preallocated.size = 4194304 (custom)
rm_1        | 2023-02-27 11:48:47 INFO  RMAppAttemptImpl:813 - appattempt_1677498328531_0001_000001 State change from FINAL_SAVING to FINISHING
datanode_3  | 2023-02-27 11:46:19,759 [599bc353-aa44-4261-9bd4-eac5232c5bbc@group-987F59A15533-LeaderElection1] INFO impl.LeaderElection: 599bc353-aa44-4261-9bd4-eac5232c5bbc@group-987F59A15533-LeaderElection1 PRE_VOTE round 0: result PASSED (term=0)
nm_1        | 2023-02-27 11:49:21 INFO  NMAuditLogger:89 - USER=hadoop	IP=172.18.0.6	OPERATION=Stop Container Request	TARGET=ContainerManageImpl	RESULT=SUCCESS	APPID=application_1677498328531_0002	CONTAINERID=container_1677498328531_0002_01_000003
datanode_2  | 2023-02-27 11:46:22,890 [563c1c87-d686-45a3-8ccb-f135fd475191@group-57586A395D16-LeaderElection2] INFO server.RaftServer$Division: 563c1c87-d686-45a3-8ccb-f135fd475191@group-57586A395D16: changes role from CANDIDATE to LEADER at term 1 for changeToLeader
scm_1       | 2023-02-27 11:46:02,711 [14bc6185-8949-4947-94d1-48c79906e7f3-impl-thread1] INFO server.RaftServerConfigKeys: raft.server.log.force.sync.num = 128 (default)
rm_1        | 2023-02-27 11:48:47 INFO  RMAppImpl:993 - Updating application application_1677498328531_0001 with final state: FINISHING
datanode_3  | 2023-02-27 11:46:19,762 [pool-22-thread-1] INFO server.RaftServerConfigKeys: raft.server.log.appender.buffer.byte-limit = 33554432 (custom)
nm_1        | 2023-02-27 11:49:21 INFO  ContainerImpl:1135 - Container container_1677498328531_0002_01_000003 transitioned from RUNNING to KILLING
nm_1        | 2023-02-27 11:49:21 INFO  ContainerLaunch:370 - Cleaning up container container_1677498328531_0002_01_000003
scm_1       | 2023-02-27 11:46:02,713 [14bc6185-8949-4947-94d1-48c79906e7f3-impl-thread1] INFO server.RaftServerConfigKeys: raft.server.log.statemachine.data.sync = true (default)
rm_1        | 2023-02-27 11:48:47 INFO  RMStateStore:223 - Updating info for app: application_1677498328531_0001
datanode_3  | 2023-02-27 11:46:20,014 [599bc353-aa44-4261-9bd4-eac5232c5bbc@group-987F59A15533-LeaderElection1] INFO impl.LeaderElection: 599bc353-aa44-4261-9bd4-eac5232c5bbc@group-987F59A15533-LeaderElection1 ELECTION round 0: submit vote requests at term 1 for -1: peers:[599bc353-aa44-4261-9bd4-eac5232c5bbc|rpc:172.18.0.8:9856|admin:172.18.0.8:9857|client:172.18.0.8:9858|dataStream:172.18.0.8:9858|priority:1|startupRole:FOLLOWER]|listeners:[], old=null
datanode_2  | 2023-02-27 11:46:22,890 [563c1c87-d686-45a3-8ccb-f135fd475191@group-57586A395D16-LeaderElection2] INFO ratis.XceiverServerRatis: Leader change notification received for group: group-57586A395D16 with new leaderId: 563c1c87-d686-45a3-8ccb-f135fd475191
nm_1        | 2023-02-27 11:49:21 WARN  DefaultContainerExecutor:224 - Exit code from container container_1677498328531_0002_01_000003 is : 143
scm_1       | 2023-02-27 11:46:02,713 [14bc6185-8949-4947-94d1-48c79906e7f3-impl-thread1] INFO server.RaftServerConfigKeys: raft.server.log.statemachine.data.sync.timeout = 10s (default)
rm_1        | 2023-02-27 11:48:47 INFO  RMAppImpl:715 - application_1677498328531_0001 State change from RUNNING to FINAL_SAVING
datanode_3  | 2023-02-27 11:46:20,015 [599bc353-aa44-4261-9bd4-eac5232c5bbc@group-987F59A15533-LeaderElection1] INFO impl.LeaderElection: 599bc353-aa44-4261-9bd4-eac5232c5bbc@group-987F59A15533-LeaderElection1 ELECTION round 0: result PASSED (term=1)
datanode_2  | 2023-02-27 11:46:22,892 [563c1c87-d686-45a3-8ccb-f135fd475191@group-57586A395D16-LeaderElection2] INFO server.RaftServer$Division: 563c1c87-d686-45a3-8ccb-f135fd475191@group-57586A395D16: change Leader from null to 563c1c87-d686-45a3-8ccb-f135fd475191 at term 1 for becomeLeader, leader elected after 6639ms
nm_1        | 2023-02-27 11:49:21 INFO  ContainerImpl:1135 - Container container_1677498328531_0002_01_000003 transitioned from KILLING to CONTAINER_CLEANEDUP_AFTER_KILL
scm_1       | 2023-02-27 11:46:02,714 [14bc6185-8949-4947-94d1-48c79906e7f3-impl-thread1] INFO server.RaftServerConfigKeys: raft.server.log.statemachine.data.sync.timeout.retry = -1 (default)
rm_1        | 2023-02-27 11:48:47 INFO  RMAppImpl:715 - application_1677498328531_0001 State change from FINAL_SAVING to FINISHING
datanode_3  | 2023-02-27 11:46:20,015 [599bc353-aa44-4261-9bd4-eac5232c5bbc@group-987F59A15533-LeaderElection1] INFO impl.RoleInfo: 599bc353-aa44-4261-9bd4-eac5232c5bbc: shutdown 599bc353-aa44-4261-9bd4-eac5232c5bbc@group-987F59A15533-LeaderElection1
datanode_2  | 2023-02-27 11:46:22,892 [563c1c87-d686-45a3-8ccb-f135fd475191@group-57586A395D16-LeaderElection2] INFO server.RaftServerConfigKeys: raft.server.staging.catchup.gap = 1000 (default)
nm_1        | 2023-02-27 11:49:21 INFO  NMAuditLogger:89 - USER=hadoop	OPERATION=Container Finished - Killed	TARGET=ContainerImpl	RESULT=SUCCESS	APPID=application_1677498328531_0002	CONTAINERID=container_1677498328531_0002_01_000003
scm_1       | 2023-02-27 11:46:02,727 [14bc6185-8949-4947-94d1-48c79906e7f3-impl-thread1] INFO server.RaftServerConfigKeys: raft.server.log.write.buffer.size = 64KB (=65536) (default)
rm_1        | 2023-02-27 11:48:48 INFO  ApplicationMasterService:354 - application_1677498328531_0001 unregistered successfully. 
datanode_3  | 2023-02-27 11:46:20,016 [599bc353-aa44-4261-9bd4-eac5232c5bbc@group-987F59A15533-LeaderElection1] INFO server.RaftServer$Division: 599bc353-aa44-4261-9bd4-eac5232c5bbc@group-987F59A15533: changes role from CANDIDATE to LEADER at term 1 for changeToLeader
datanode_2  | 2023-02-27 11:46:22,893 [563c1c87-d686-45a3-8ccb-f135fd475191@group-57586A395D16-LeaderElection2] INFO server.RaftServerConfigKeys: raft.server.write.element-limit = 1024 (custom)
nm_1        | 2023-02-27 11:49:21 INFO  ContainerImpl:1135 - Container container_1677498328531_0002_01_000003 transitioned from CONTAINER_CLEANEDUP_AFTER_KILL to DONE
scm_1       | 2023-02-27 11:46:02,728 [14bc6185-8949-4947-94d1-48c79906e7f3-impl-thread1] INFO server.RaftServerConfigKeys: raft.server.log.appender.buffer.byte-limit = 33554432 (custom)
rm_1        | 2023-02-27 11:48:53 INFO  ClientRMService:289 - Allocated new applicationId: 2
datanode_3  | 2023-02-27 11:46:20,017 [599bc353-aa44-4261-9bd4-eac5232c5bbc@group-987F59A15533-LeaderElection1] INFO ratis.XceiverServerRatis: Leader change notification received for group: group-987F59A15533 with new leaderId: 599bc353-aa44-4261-9bd4-eac5232c5bbc
datanode_2  | 2023-02-27 11:46:22,893 [563c1c87-d686-45a3-8ccb-f135fd475191@group-57586A395D16-LeaderElection2] INFO server.RaftServerConfigKeys: raft.server.write.byte-limit = 1024 M (=1073741824) (custom)
nm_1        | 2023-02-27 11:49:21 INFO  ApplicationImpl:347 - Removing container_1677498328531_0002_01_000003 from application application_1677498328531_0002
scm_1       | 2023-02-27 11:46:02,762 [14bc6185-8949-4947-94d1-48c79906e7f3-impl-thread1] INFO server.RaftServerConfigKeys: raft.server.log.unsafe-flush.enabled = false (default)
rm_1        | 2023-02-27 11:48:54 INFO  RMContainerImpl:410 - container_1677498328531_0001_01_000001 Container Transitioned from RUNNING to COMPLETED
rm_1        | 2023-02-27 11:48:54 INFO  FiCaSchedulerApp:113 - Completed container: container_1677498328531_0001_01_000001 in state: COMPLETED event:FINISHED
datanode_2  | 2023-02-27 11:46:22,907 [563c1c87-d686-45a3-8ccb-f135fd475191@group-57586A395D16-LeaderElection2] INFO server.RaftServerConfigKeys: raft.server.watch.timeout = 180s (custom)
nm_1        | 2023-02-27 11:49:21 INFO  ContainersMonitorImpl:196 - Neither virutal-memory nor physical-memory monitoring is needed. Not running the monitor-thread
rm_1        | 2023-02-27 11:48:54 INFO  RMAuditLogger:106 - USER=hadoop	OPERATION=AM Released Container	TARGET=SchedulerApp	RESULT=SUCCESS	APPID=application_1677498328531_0001	CONTAINERID=container_1677498328531_0001_01_000001
datanode_3  | 2023-02-27 11:46:20,017 [599bc353-aa44-4261-9bd4-eac5232c5bbc@group-987F59A15533-LeaderElection1] INFO server.RaftServer$Division: 599bc353-aa44-4261-9bd4-eac5232c5bbc@group-987F59A15533: change Leader from null to 599bc353-aa44-4261-9bd4-eac5232c5bbc at term 1 for becomeLeader, leader elected after 6293ms
scm_1       | 2023-02-27 11:46:02,763 [14bc6185-8949-4947-94d1-48c79906e7f3-impl-thread1] INFO server.RaftServerConfigKeys: raft.server.log.async-flush.enabled = false (default)
datanode_2  | 2023-02-27 11:46:22,908 [563c1c87-d686-45a3-8ccb-f135fd475191@group-57586A395D16-LeaderElection2] INFO server.RaftServerConfigKeys: raft.server.watch.timeout.denomination = 1s (default)
nm_1        | 2023-02-27 11:49:21 INFO  AuxServices:196 - Got event CONTAINER_STOP for appId application_1677498328531_0002
datanode_3  | 2023-02-27 11:46:20,028 [599bc353-aa44-4261-9bd4-eac5232c5bbc@group-987F59A15533-LeaderElection1] INFO server.RaftServerConfigKeys: raft.server.staging.catchup.gap = 1000 (default)
scm_1       | 2023-02-27 11:46:02,763 [14bc6185-8949-4947-94d1-48c79906e7f3-impl-thread1] INFO server.RaftServerConfigKeys: raft.server.log.statemachine.data.caching.enabled = false (default)
rm_1        | 2023-02-27 11:48:54 INFO  SchedulerNode:216 - Released container container_1677498328531_0001_01_000001 of capacity <memory:2048, vCores:1> on host nm:39785, which currently has 0 containers, <memory:0, vCores:0> used and <memory:8192, vCores:8> available, release resources=true
datanode_2  | 2023-02-27 11:46:22,909 [563c1c87-d686-45a3-8ccb-f135fd475191@group-57586A395D16-LeaderElection2] INFO server.RaftServerConfigKeys: raft.server.watch.element-limit = 65536 (default)
datanode_2  | 2023-02-27 11:46:22,909 [563c1c87-d686-45a3-8ccb-f135fd475191@group-57586A395D16-LeaderElection2] INFO server.RaftServerConfigKeys: raft.server.write.element-limit = 1024 (custom)
scm_1       | 2023-02-27 11:46:02,794 [14bc6185-8949-4947-94d1-48c79906e7f3-impl-thread1] INFO server.RaftServer$Division: 14bc6185-8949-4947-94d1-48c79906e7f3@group-35D21DFD8847: set configuration 0: peers:[14bc6185-8949-4947-94d1-48c79906e7f3|rpc:scm:9894|admin:|client:|dataStream:|priority:0|startupRole:FOLLOWER]|listeners:[], old=null
scm_1       | 2023-02-27 11:46:02,796 [14bc6185-8949-4947-94d1-48c79906e7f3-impl-thread1] INFO segmented.LogSegment: Successfully read 1 entries from segment file /data/metadata/scm-ha/103a5f9b-a5af-42c7-a3bf-35d21dfd8847/current/log_inprogress_0
rm_1        | 2023-02-27 11:48:54 INFO  ApplicationMasterService:684 - Unregistering app attempt : appattempt_1677498328531_0001_000001
datanode_2  | 2023-02-27 11:46:22,909 [563c1c87-d686-45a3-8ccb-f135fd475191@group-57586A395D16-LeaderElection2] INFO server.RaftServerConfigKeys: raft.server.write.follower.gap.ratio.max = -1.0 (default)
nm_1        | 2023-02-27 11:49:23 INFO  Server:1316 - Auth successful for appattempt_1677498328531_0002_000001 (auth:SIMPLE)
scm_1       | 2023-02-27 11:46:02,799 [14bc6185-8949-4947-94d1-48c79906e7f3-impl-thread1] INFO segmented.SegmentedRaftLogWorker: 14bc6185-8949-4947-94d1-48c79906e7f3@group-35D21DFD8847-SegmentedRaftLogWorker: flushIndex: setUnconditionally 0 -> 0
scm_1       | 2023-02-27 11:46:02,799 [14bc6185-8949-4947-94d1-48c79906e7f3-impl-thread1] INFO segmented.SegmentedRaftLogWorker: 14bc6185-8949-4947-94d1-48c79906e7f3@group-35D21DFD8847-SegmentedRaftLogWorker: safeCacheEvictIndex: setUnconditionally 0 -> -1
rm_1        | 2023-02-27 11:48:54 INFO  AMRMTokenSecretManager:124 - Application finished, removing password for appattempt_1677498328531_0001_000001
datanode_2  | 2023-02-27 11:46:23,010 [563c1c87-d686-45a3-8ccb-f135fd475191@group-57586A395D16-LeaderElection2] INFO server.RaftServerConfigKeys: raft.server.log.appender.snapshot.chunk.size.max = 16MB (=16777216) (default)
nm_1        | 2023-02-27 11:49:23 INFO  ContainerManagerImpl:810 - Start request for container_1677498328531_0002_01_000004 by user hadoop
scm_1       | 2023-02-27 11:46:02,872 [14bc6185-8949-4947-94d1-48c79906e7f3-impl-thread1] INFO server.RaftServer$Division: 14bc6185-8949-4947-94d1-48c79906e7f3@group-35D21DFD8847: start as a follower, conf=0: peers:[14bc6185-8949-4947-94d1-48c79906e7f3|rpc:scm:9894|admin:|client:|dataStream:|priority:0|startupRole:FOLLOWER]|listeners:[], old=null
datanode_3  | 2023-02-27 11:46:20,067 [pool-22-thread-1] INFO server.RaftServerConfigKeys: raft.server.log.unsafe-flush.enabled = false (default)
rm_1        | 2023-02-27 11:48:54 INFO  LeafQueue:1707 - default used=<memory:0, vCores:0> numContainers=0 user=hadoop user-resources=<memory:0, vCores:0>
datanode_2  | 2023-02-27 11:46:23,011 [563c1c87-d686-45a3-8ccb-f135fd475191@group-57586A395D16-LeaderElection2] INFO server.RaftServerConfigKeys: raft.server.log.appender.buffer.byte-limit = 33554432 (custom)
nm_1        | 2023-02-27 11:49:23 INFO  ApplicationImpl:304 - Adding container_1677498328531_0002_01_000004 to application application_1677498328531_0002
scm_1       | 2023-02-27 11:46:02,872 [14bc6185-8949-4947-94d1-48c79906e7f3-impl-thread1] INFO server.RaftServer$Division: 14bc6185-8949-4947-94d1-48c79906e7f3@group-35D21DFD8847: changes role from      null to FOLLOWER at term 1 for startAsFollower
datanode_3  | 2023-02-27 11:46:20,067 [pool-22-thread-1] INFO server.RaftServerConfigKeys: raft.server.log.async-flush.enabled = false (default)
rm_1        | 2023-02-27 11:48:54 INFO  LeafQueue:1658 - completedContainer container=Container: [ContainerId: container_1677498328531_0001_01_000001, NodeId: nm:39785, NodeHttpAddress: nm:8042, Resource: <memory:2048, vCores:1>, Priority: 0, Token: Token { kind: ContainerToken, service: 172.18.0.6:39785 }, ] queue=default: capacity=1.0, absoluteCapacity=1.0, usedResources=<memory:0, vCores:0>, usedCapacity=0.0, absoluteUsedCapacity=0.0, numApps=1, numContainers=0 cluster=<memory:8192, vCores:8>
datanode_2  | 2023-02-27 11:46:23,016 [563c1c87-d686-45a3-8ccb-f135fd475191@group-57586A395D16-LeaderElection2] INFO server.RaftServerConfigKeys: raft.server.log.appender.buffer.element-limit = 1 (custom)
nm_1        | 2023-02-27 11:49:23 INFO  ContainerImpl:1135 - Container container_1677498328531_0002_01_000004 transitioned from NEW to LOCALIZING
scm_1       | 2023-02-27 11:46:02,874 [14bc6185-8949-4947-94d1-48c79906e7f3-impl-thread1] INFO impl.RoleInfo: 14bc6185-8949-4947-94d1-48c79906e7f3: start 14bc6185-8949-4947-94d1-48c79906e7f3@group-35D21DFD8847-Fo