recon_1     | 2023-02-20 12:12:54,876 [Listener at 0.0.0.0/9891] INFO scm.ReconStorageContainerManagerFacade: SCM DB initialized
recon_1     | 2023-02-20 12:12:54,877 [Listener at 0.0.0.0/9891] INFO server.SCMDatanodeProtocolServer: ScmDatanodeProtocol RPC server for DataNodes is listening at /0.0.0.0:9891
recon_1     | 2023-02-20 12:12:54,880 [IPC Server Responder] INFO ipc.Server: IPC Server Responder: starting
recon_1     | 2023-02-20 12:12:54,881 [IPC Server listener on 9891] INFO ipc.Server: IPC Server listener on 9891: starting
recon_1     | 2023-02-20 12:12:55,305 [IPC Server handler 12 on default port 9891] WARN ipc.Server: IPC Server handler 12 on default port 9891, call Call#5 Retry#0 org.apache.hadoop.ozone.protocol.ReconDatanodeProtocol.submitRequest from 172.18.0.9:35350: output error
recon_1     | 2023-02-20 12:12:55,308 [IPC Server handler 7 on default port 9891] WARN ipc.Server: IPC Server handler 7 on default port 9891, call Call#1 Retry#0 org.apache.hadoop.ozone.protocol.ReconDatanodeProtocol.submitRequest from 172.18.0.7:37874: output error
recon_1     | 2023-02-20 12:12:55,308 [IPC Server handler 9 on default port 9891] WARN ipc.Server: IPC Server handler 9 on default port 9891, call Call#5 Retry#0 org.apache.hadoop.ozone.protocol.ReconDatanodeProtocol.submitRequest from 172.18.0.10:39662: output error
datanode_1  | 2023-02-20 12:13:01,280 [EndpointStateMachine task thread for scm3/172.18.0.11:9861 - 0 ] INFO ipc.Client: Retrying connect to server: scm3/172.18.0.11:9861. Already tried 12 time(s); retry policy is RetryUpToMaximumCountWithFixedSleep(maxRetries=15, sleepTime=1000 MILLISECONDS)
datanode_1  | 2023-02-20 12:13:02,282 [EndpointStateMachine task thread for scm3/172.18.0.11:9861 - 0 ] INFO ipc.Client: Retrying connect to server: scm3/172.18.0.11:9861. Already tried 13 time(s); retry policy is RetryUpToMaximumCountWithFixedSleep(maxRetries=15, sleepTime=1000 MILLISECONDS)
datanode_1  | 2023-02-20 12:13:03,283 [EndpointStateMachine task thread for scm3/172.18.0.11:9861 - 0 ] INFO ipc.Client: Retrying connect to server: scm3/172.18.0.11:9861. Already tried 14 time(s); retry policy is RetryUpToMaximumCountWithFixedSleep(maxRetries=15, sleepTime=1000 MILLISECONDS)
datanode_1  | 2023-02-20 12:13:04,285 [EndpointStateMachine task thread for scm3/172.18.0.11:9861 - 0 ] INFO ipc.Client: Retrying connect to server: scm3/172.18.0.11:9861. Already tried 0 time(s); retry policy is RetryUpToMaximumCountWithFixedSleep(maxRetries=15, sleepTime=1000 MILLISECONDS)
datanode_1  | 2023-02-20 12:13:05,287 [EndpointStateMachine task thread for scm3/172.18.0.11:9861 - 0 ] INFO ipc.Client: Retrying connect to server: scm3/172.18.0.11:9861. Already tried 1 time(s); retry policy is RetryUpToMaximumCountWithFixedSleep(maxRetries=15, sleepTime=1000 MILLISECONDS)
datanode_1  | 2023-02-20 12:13:06,288 [EndpointStateMachine task thread for scm3/172.18.0.11:9861 - 0 ] INFO ipc.Client: Retrying connect to server: scm3/172.18.0.11:9861. Already tried 2 time(s); retry policy is RetryUpToMaximumCountWithFixedSleep(maxRetries=15, sleepTime=1000 MILLISECONDS)
datanode_1  | 2023-02-20 12:13:07,279 [EndpointStateMachine task thread for scm2/172.18.0.8:9861 - 0 ] INFO ozoneimpl.OzoneContainer: Ignore. OzoneContainer already started.
datanode_1  | 2023-02-20 12:13:07,290 [EndpointStateMachine task thread for scm3/172.18.0.11:9861 - 0 ] INFO ipc.Client: Retrying connect to server: scm3/172.18.0.11:9861. Already tried 3 time(s); retry policy is RetryUpToMaximumCountWithFixedSleep(maxRetries=15, sleepTime=1000 MILLISECONDS)
datanode_1  | 2023-02-20 12:13:08,290 [EndpointStateMachine task thread for scm3/172.18.0.11:9861 - 0 ] INFO ipc.Client: Retrying connect to server: scm3/172.18.0.11:9861. Already tried 4 time(s); retry policy is RetryUpToMaximumCountWithFixedSleep(maxRetries=15, sleepTime=1000 MILLISECONDS)
datanode_1  | 2023-02-20 12:13:09,291 [EndpointStateMachine task thread for scm3/172.18.0.11:9861 - 0 ] INFO ipc.Client: Retrying connect to server: scm3/172.18.0.11:9861. Already tried 5 time(s); retry policy is RetryUpToMaximumCountWithFixedSleep(maxRetries=15, sleepTime=1000 MILLISECONDS)
datanode_1  | 2023-02-20 12:13:10,300 [EndpointStateMachine task thread for scm3/172.18.0.11:9861 - 0 ] INFO ipc.Client: Retrying connect to server: scm3/172.18.0.11:9861. Already tried 6 time(s); retry policy is RetryUpToMaximumCountWithFixedSleep(maxRetries=15, sleepTime=1000 MILLISECONDS)
datanode_1  | 2023-02-20 12:13:11,301 [EndpointStateMachine task thread for scm3/172.18.0.11:9861 - 0 ] INFO ipc.Client: Retrying connect to server: scm3/172.18.0.11:9861. Already tried 7 time(s); retry policy is RetryUpToMaximumCountWithFixedSleep(maxRetries=15, sleepTime=1000 MILLISECONDS)
datanode_1  | 2023-02-20 12:13:12,304 [EndpointStateMachine task thread for scm3/172.18.0.11:9861 - 0 ] INFO ipc.Client: Retrying connect to server: scm3/172.18.0.11:9861. Already tried 8 time(s); retry policy is RetryUpToMaximumCountWithFixedSleep(maxRetries=15, sleepTime=1000 MILLISECONDS)
datanode_1  | 2023-02-20 12:13:13,306 [EndpointStateMachine task thread for scm3/172.18.0.11:9861 - 0 ] INFO ipc.Client: Retrying connect to server: scm3/172.18.0.11:9861. Already tried 9 time(s); retry policy is RetryUpToMaximumCountWithFixedSleep(maxRetries=15, sleepTime=1000 MILLISECONDS)
datanode_1  | 2023-02-20 12:13:14,307 [EndpointStateMachine task thread for scm3/172.18.0.11:9861 - 0 ] INFO ipc.Client: Retrying connect to server: scm3/172.18.0.11:9861. Already tried 10 time(s); retry policy is RetryUpToMaximumCountWithFixedSleep(maxRetries=15, sleepTime=1000 MILLISECONDS)
datanode_1  | 2023-02-20 12:13:15,308 [EndpointStateMachine task thread for scm3/172.18.0.11:9861 - 0 ] INFO ipc.Client: Retrying connect to server: scm3/172.18.0.11:9861. Already tried 11 time(s); retry policy is RetryUpToMaximumCountWithFixedSleep(maxRetries=15, sleepTime=1000 MILLISECONDS)
datanode_1  | 2023-02-20 12:13:16,309 [EndpointStateMachine task thread for scm3/172.18.0.11:9861 - 0 ] INFO ipc.Client: Retrying connect to server: scm3/172.18.0.11:9861. Already tried 12 time(s); retry policy is RetryUpToMaximumCountWithFixedSleep(maxRetries=15, sleepTime=1000 MILLISECONDS)
datanode_1  | 2023-02-20 12:13:17,312 [EndpointStateMachine task thread for scm3/172.18.0.11:9861 - 0 ] INFO ipc.Client: Retrying connect to server: scm3/172.18.0.11:9861. Already tried 13 time(s); retry policy is RetryUpToMaximumCountWithFixedSleep(maxRetries=15, sleepTime=1000 MILLISECONDS)
datanode_1  | 2023-02-20 12:13:18,314 [EndpointStateMachine task thread for scm3/172.18.0.11:9861 - 0 ] INFO ipc.Client: Retrying connect to server: scm3/172.18.0.11:9861. Already tried 14 time(s); retry policy is RetryUpToMaximumCountWithFixedSleep(maxRetries=15, sleepTime=1000 MILLISECONDS)
datanode_1  | 2023-02-20 12:13:19,317 [EndpointStateMachine task thread for scm3/172.18.0.11:9861 - 0 ] INFO ipc.Client: Retrying connect to server: scm3/172.18.0.11:9861. Already tried 0 time(s); retry policy is RetryUpToMaximumCountWithFixedSleep(maxRetries=15, sleepTime=1000 MILLISECONDS)
datanode_1  | 2023-02-20 12:13:22,927 [Datanode State Machine Daemon Thread] ERROR datanode.RunningDatanodeState: Error in executing end point task.
datanode_1  | java.util.concurrent.ExecutionException: java.util.concurrent.TimeoutException
datanode_1  | 	at java.base/java.util.concurrent.FutureTask.report(FutureTask.java:122)
datanode_1  | 	at java.base/java.util.concurrent.FutureTask.get(FutureTask.java:191)
datanode_1  | 	at org.apache.hadoop.ozone.container.common.states.datanode.RunningDatanodeState.computeNextContainerState(RunningDatanodeState.java:199)
datanode_1  | 	at org.apache.hadoop.ozone.container.common.states.datanode.RunningDatanodeState.await(RunningDatanodeState.java:239)
datanode_1  | 	at org.apache.hadoop.ozone.container.common.states.datanode.RunningDatanodeState.await(RunningDatanodeState.java:50)
datanode_1  | 	at org.apache.hadoop.ozone.container.common.statemachine.StateContext.execute(StateContext.java:661)
datanode_1  | 	at org.apache.hadoop.ozone.container.common.statemachine.DatanodeStateMachine.startStateMachineThread(DatanodeStateMachine.java:321)
datanode_1  | 	at org.apache.hadoop.ozone.container.common.statemachine.DatanodeStateMachine.lambda$startDaemon$0(DatanodeStateMachine.java:517)
datanode_1  | 	at java.base/java.lang.Thread.run(Thread.java:829)
datanode_1  | Caused by: java.util.concurrent.TimeoutException
datanode_1  | 	at java.base/java.util.concurrent.FutureTask.get(FutureTask.java:204)
datanode_1  | 	at org.apache.hadoop.ozone.container.common.states.datanode.RunningDatanodeState.lambda$execute$0(RunningDatanodeState.java:157)
datanode_1  | 	at java.base/java.util.concurrent.FutureTask.run(FutureTask.java:264)
datanode_1  | 	at java.base/java.util.concurrent.Executors$RunnableAdapter.call(Executors.java:515)
datanode_1  | 	at java.base/java.util.concurrent.FutureTask.run(FutureTask.java:264)
datanode_1  | 	at java.base/java.util.concurrent.ThreadPoolExecutor.runWorker(ThreadPoolExecutor.java:1128)
datanode_1  | 	at java.base/java.util.concurrent.ThreadPoolExecutor$Worker.run(ThreadPoolExecutor.java:628)
datanode_1  | 	... 1 more
datanode_1  | 2023-02-20 12:13:22,928 [Datanode State Machine Daemon Thread] ERROR datanode.RunningDatanodeState: Error in executing end point task.
datanode_1  | java.util.concurrent.ExecutionException: java.util.concurrent.TimeoutException
datanode_1  | 	at java.base/java.util.concurrent.FutureTask.report(FutureTask.java:122)
datanode_1  | 	at java.base/java.util.concurrent.FutureTask.get(FutureTask.java:191)
datanode_1  | 	at org.apache.hadoop.ozone.container.common.states.datanode.RunningDatanodeState.computeNextContainerState(RunningDatanodeState.java:199)
datanode_2  | 2023-02-20 12:13:26,949 [pool-22-thread-1] INFO server.RaftServerConfigKeys: raft.server.log.segment.cache.size.max = 200MB (=209715200) (default)
datanode_2  | 2023-02-20 12:13:27,122 [pool-22-thread-1] INFO segmented.SegmentedRaftLogWorker: new 54bd7e14-7480-4202-a1d4-3b54803c6b51@group-74ED0B3B172E-SegmentedRaftLogWorker for RaftStorageImpl:Storage Directory /data/metadata/ratis/85ffb487-ba09-4a6e-bc27-74ed0b3b172e
datanode_2  | 2023-02-20 12:13:27,131 [pool-22-thread-1] INFO server.RaftServerConfigKeys: raft.server.log.queue.byte-limit = 4294967296 (custom)
datanode_2  | 2023-02-20 12:13:27,134 [pool-22-thread-1] INFO server.RaftServerConfigKeys: raft.server.log.queue.element-limit = 1024 (custom)
datanode_2  | 2023-02-20 12:13:27,147 [pool-22-thread-1] INFO server.RaftServerConfigKeys: raft.server.log.segment.size.max = 1048576 (custom)
datanode_2  | 2023-02-20 12:13:27,152 [pool-22-thread-1] INFO server.RaftServerConfigKeys: raft.server.log.preallocated.size = 16384 (custom)
datanode_2  | 2023-02-20 12:13:27,152 [pool-22-thread-1] INFO server.RaftServerConfigKeys: raft.server.log.force.sync.num = 128 (default)
datanode_2  | 2023-02-20 12:13:27,161 [pool-22-thread-1] INFO server.RaftServerConfigKeys: raft.server.log.statemachine.data.sync = true (default)
datanode_2  | 2023-02-20 12:13:27,165 [pool-22-thread-1] INFO server.RaftServerConfigKeys: raft.server.log.statemachine.data.sync.timeout = 10s (default)
datanode_2  | 2023-02-20 12:13:27,165 [pool-22-thread-1] INFO server.RaftServerConfigKeys: raft.server.log.statemachine.data.sync.timeout.retry = -1 (default)
datanode_2  | 2023-02-20 12:13:27,387 [pool-22-thread-1] INFO server.RaftServerConfigKeys: raft.server.log.write.buffer.size = 1048576 (custom)
datanode_2  | 2023-02-20 12:13:27,393 [pool-22-thread-1] INFO server.RaftServerConfigKeys: raft.server.log.appender.buffer.byte-limit = 33554432 (custom)
datanode_2  | 2023-02-20 12:13:27,676 [pool-22-thread-1] INFO server.RaftServerConfigKeys: raft.server.log.unsafe-flush.enabled = false (default)
om2_1       | 2023-02-20 12:14:14,022 [pool-28-thread-1] INFO server.RaftServer$Division: om2@group-D66704EFC61C: ConfigurationManager, init=-1: peers:[om1|rpc:om1:9872|priority:0|startupRole:FOLLOWER, om3|rpc:om3:9872|priority:0|startupRole:FOLLOWER, om2|rpc:om2:9872|priority:0|startupRole:FOLLOWER]|listeners:[], old=null, confs=<EMPTY_MAP>
om2_1       | 2023-02-20 12:14:14,031 [pool-28-thread-1] INFO server.RaftServerConfigKeys: raft.server.storage.dir = [/data/metadata/ratis] (custom)
om2_1       | 2023-02-20 12:14:14,129 [pool-28-thread-1] INFO server.RaftServerConfigKeys: raft.server.log.corruption.policy = EXCEPTION (default)
om2_1       | 2023-02-20 12:14:14,131 [pool-28-thread-1] INFO server.RaftServerConfigKeys: raft.server.storage.free-space.min = 0MB (=0) (default)
om2_1       | 2023-02-20 12:14:14,397 [pool-28-thread-1] INFO server.RaftServerConfigKeys: raft.server.notification.no-leader.timeout = 120s (custom)
om2_1       | 2023-02-20 12:14:14,451 [pool-28-thread-1] INFO server.RaftServerConfigKeys: raft.server.retrycache.expirytime = 300s (custom)
om2_1       | 2023-02-20 12:14:14,455 [pool-28-thread-1] INFO server.RaftServerConfigKeys: raft.server.retrycache.statistics.expirytime = 100?s (default)
om2_1       | 2023-02-20 12:14:15,204 [pool-28-thread-1] INFO server.RaftServerConfigKeys: raft.server.log.appender.install.snapshot.enabled = false (custom)
om2_1       | 2023-02-20 12:14:15,209 [pool-28-thread-1] INFO server.RaftServerConfigKeys: raft.server.threadpool.server.cached = true (default)
om2_1       | 2023-02-20 12:14:15,209 [pool-28-thread-1] INFO server.RaftServerConfigKeys: raft.server.threadpool.server.size = 0 (default)
om2_1       | 2023-02-20 12:14:15,217 [pool-28-thread-1] INFO server.RaftServerConfigKeys: raft.server.threadpool.client.cached = true (default)
om2_1       | 2023-02-20 12:14:15,221 [pool-28-thread-1] INFO server.RaftServerConfigKeys: raft.server.threadpool.client.size = 0 (default)
om2_1       | 2023-02-20 12:14:16,513 [main] INFO reflections.Reflections: Reflections took 2471 ms to scan 8 urls, producing 24 keys and 569 values [using 2 cores]
om2_1       | 2023-02-20 12:14:17,228 [main] INFO ipc.CallQueueManager: Using callQueue: class java.util.concurrent.LinkedBlockingQueue, queueCapacity: 10000, scheduler: class org.apache.hadoop.ipc.DefaultRpcScheduler, ipcBackoff: false.
om2_1       | 2023-02-20 12:14:17,294 [Socket Reader #1 for port 9862] INFO ipc.Server: Starting Socket Reader #1 for port 9862
om2_1       | 2023-02-20 12:14:19,630 [Listener at om2/9862] INFO impl.MetricsConfig: Loaded properties from hadoop-metrics2.properties
om2_1       | 2023-02-20 12:14:19,707 [Listener at om2/9862] INFO impl.MetricsSystemImpl: Scheduled Metric snapshot period at 10 second(s).
om2_1       | 2023-02-20 12:14:19,707 [Listener at om2/9862] INFO impl.MetricsSystemImpl: OzoneManager metrics system started
om2_1       | 2023-02-20 12:14:20,111 [Listener at om2/9862] INFO om.OzoneManager: OzoneManager RPC server is listening at om2/172.18.0.12:9862
om2_1       | 2023-02-20 12:14:20,111 [Listener at om2/9862] INFO ratis.OzoneManagerRatisServer: Starting OzoneManagerRatisServer om2 at port 9872
om2_1       | 2023-02-20 12:14:20,153 [om2-impl-thread1] INFO storage.RaftStorageDirectory: The storage directory /data/metadata/ratis/5cb24680-b9e7-3c90-a862-d66704efc61c does not exist. Creating ...
om2_1       | 2023-02-20 12:14:20,177 [om2-impl-thread1] INFO storage.RaftStorageDirectory: Lock on /data/metadata/ratis/5cb24680-b9e7-3c90-a862-d66704efc61c/in_use.lock acquired by nodename 6@om2
om2_1       | 2023-02-20 12:14:20,221 [om2-impl-thread1] INFO storage.RaftStorage: Storage directory /data/metadata/ratis/5cb24680-b9e7-3c90-a862-d66704efc61c has been successfully formatted.
om2_1       | 2023-02-20 12:14:20,238 [om2-impl-thread1] INFO server.RaftServerConfigKeys: raft.server.log.use.memory = false (default)
om2_1       | 2023-02-20 12:14:20,277 [om2-impl-thread1] INFO server.RaftServerConfigKeys: raft.server.log.purge.gap = 1000000 (custom)
om2_1       | 2023-02-20 12:14:20,277 [om2-impl-thread1] INFO server.RaftServerConfigKeys: raft.server.log.appender.buffer.byte-limit = 33554432 (custom)
om2_1       | 2023-02-20 12:14:20,280 [om2-impl-thread1] INFO server.RaftServerConfigKeys: raft.server.log.statemachine.data.read.timeout = 1000ms (default)
om2_1       | 2023-02-20 12:14:20,281 [om2-impl-thread1] INFO server.RaftServerConfigKeys: raft.server.log.purge.preservation.log.num = 0 (default)
om2_1       | 2023-02-20 12:14:20,310 [om2-impl-thread1] INFO server.RaftServerConfigKeys: raft.server.log.segment.size.max = 4194304 (custom)
om2_1       | 2023-02-20 12:14:20,378 [om2-impl-thread1] INFO server.RaftServerConfigKeys: raft.server.log.segment.cache.num.max = 2 (custom)
om2_1       | 2023-02-20 12:14:20,384 [om2-impl-thread1] INFO server.RaftServerConfigKeys: raft.server.log.segment.cache.size.max = 200MB (=209715200) (default)
om2_1       | 2023-02-20 12:14:20,461 [om2-impl-thread1] INFO segmented.SegmentedRaftLogWorker: new om2@group-D66704EFC61C-SegmentedRaftLogWorker for RaftStorageImpl:Storage Directory /data/metadata/ratis/5cb24680-b9e7-3c90-a862-d66704efc61c
om2_1       | 2023-02-20 12:14:20,466 [om2-impl-thread1] INFO server.RaftServerConfigKeys: raft.server.log.queue.byte-limit = 64MB (=67108864) (default)
om2_1       | 2023-02-20 12:14:20,466 [om2-impl-thread1] INFO server.RaftServerConfigKeys: raft.server.log.queue.element-limit = 4096 (default)
om2_1       | 2023-02-20 12:14:20,471 [om2-impl-thread1] INFO server.RaftServerConfigKeys: raft.server.log.segment.size.max = 4194304 (custom)
om2_1       | 2023-02-20 12:14:20,473 [om2-impl-thread1] INFO server.RaftServerConfigKeys: raft.server.log.preallocated.size = 4194304 (custom)
om2_1       | 2023-02-20 12:14:20,476 [om2-impl-thread1] INFO server.RaftServerConfigKeys: raft.server.log.force.sync.num = 128 (default)
om2_1       | 2023-02-20 12:14:20,479 [om2-impl-thread1] INFO server.RaftServerConfigKeys: raft.server.log.statemachine.data.sync = true (default)
om2_1       | 2023-02-20 12:14:20,487 [om2-impl-thread1] INFO server.RaftServerConfigKeys: raft.server.log.statemachine.data.sync.timeout = 10s (default)
om2_1       | 2023-02-20 12:14:20,489 [om2-impl-thread1] INFO server.RaftServerConfigKeys: raft.server.log.statemachine.data.sync.timeout.retry = -1 (default)
om2_1       | 2023-02-20 12:14:20,562 [om2-impl-thread1] INFO server.RaftServerConfigKeys: raft.server.log.write.buffer.size = 64KB (=65536) (default)
om2_1       | 2023-02-20 12:14:20,562 [om2-impl-thread1] INFO server.RaftServerConfigKeys: raft.server.log.appender.buffer.byte-limit = 33554432 (custom)
om2_1       | 2023-02-20 12:14:20,691 [om2-impl-thread1] INFO server.RaftServerConfigKeys: raft.server.log.unsafe-flush.enabled = false (default)
om2_1       | 2023-02-20 12:14:20,693 [om2-impl-thread1] INFO server.RaftServerConfigKeys: raft.server.log.async-flush.enabled = false (default)
om2_1       | 2023-02-20 12:14:20,698 [om2-impl-thread1] INFO server.RaftServerConfigKeys: raft.server.log.statemachine.data.caching.enabled = false (default)
om2_1       | 2023-02-20 12:14:20,713 [om2-impl-thread1] INFO segmented.SegmentedRaftLogWorker: om2@group-D66704EFC61C-SegmentedRaftLogWorker: flushIndex: setUnconditionally 0 -> -1
om2_1       | 2023-02-20 12:14:20,714 [om2-impl-thread1] INFO segmented.SegmentedRaftLogWorker: om2@group-D66704EFC61C-SegmentedRaftLogWorker: safeCacheEvictIndex: setUnconditionally 0 -> -1
om3_1       | 2023-02-20 12:14:14,320 [pool-28-thread-1] INFO server.RaftServer$Division: om3@group-D66704EFC61C: ConfigurationManager, init=-1: peers:[om1|rpc:om1:9872|priority:0|startupRole:FOLLOWER, om3|rpc:om3:9872|priority:0|startupRole:FOLLOWER, om2|rpc:om2:9872|priority:0|startupRole:FOLLOWER]|listeners:[], old=null, confs=<EMPTY_MAP>
om2_1       | 2023-02-20 12:14:20,727 [om2-impl-thread1] INFO server.RaftServer$Division: om2@group-D66704EFC61C: start as a follower, conf=-1: peers:[om1|rpc:om1:9872|priority:0|startupRole:FOLLOWER, om3|rpc:om3:9872|priority:0|startupRole:FOLLOWER, om2|rpc:om2:9872|priority:0|startupRole:FOLLOWER]|listeners:[], old=null
datanode_1  | 	at org.apache.hadoop.ozone.container.common.states.datanode.RunningDatanodeState.await(RunningDatanodeState.java:239)
om1_1       | 2023-02-20 12:24:05,085 [OM StateMachine ApplyTransaction Thread - 0] INFO bucket.OMBucketCreateRequest: created bucket: s3bg7 of layout FILE_SYSTEM_OPTIMIZED in volume: s3v
recon_1     | 2023-02-20 12:12:55,307 [IPC Server handler 3 on default port 9891] WARN ipc.Server: IPC Server handler 3 on default port 9891, call Call#4 Retry#0 org.apache.hadoop.ozone.protocol.ReconDatanodeProtocol.submitRequest from 172.18.0.10:43962: output error
datanode_3  | 2023-02-20 12:13:26,399 [Command processor thread] INFO commandhandler.CreatePipelineCommandHandler: Created Pipeline RATIS ONE PipelineID=9ce46d9e-6eeb-4dfc-8784-324b36155621.
s3g_1       | No '-XX:...' jvm parameters are set. Adding safer GC settings '-XX:ParallelGCThreads=8 -XX:+UseConcMarkSweepGC -XX:CMSInitiatingOccupancyFraction=70 -XX:+CMSParallelRemarkEnabled' to the OZONE_OPTS
datanode_2  | 2023-02-20 12:13:27,688 [pool-22-thread-1] INFO server.RaftServerConfigKeys: raft.server.log.async-flush.enabled = false (default)
datanode_2  | 2023-02-20 12:13:27,689 [pool-22-thread-1] INFO server.RaftServerConfigKeys: raft.server.log.statemachine.data.caching.enabled = true (custom)
datanode_2  | 2023-02-20 12:13:27,807 [pool-22-thread-1] INFO segmented.SegmentedRaftLogWorker: 54bd7e14-7480-4202-a1d4-3b54803c6b51@group-74ED0B3B172E-SegmentedRaftLogWorker: flushIndex: setUnconditionally 0 -> -1
om3_1       | 2023-02-20 12:14:14,332 [pool-28-thread-1] INFO server.RaftServerConfigKeys: raft.server.storage.dir = [/data/metadata/ratis] (custom)
datanode_1  | 	at org.apache.hadoop.ozone.container.common.states.datanode.RunningDatanodeState.await(RunningDatanodeState.java:50)
om1_1       | 2023-02-20 12:24:05,091 [OM StateMachine ApplyTransaction Thread - 0] INFO bucket.OMBucketCreateRequest: created bucket: s3bg5 of layout FILE_SYSTEM_OPTIMIZED in volume: s3v
recon_1     | 2023-02-20 12:12:55,306 [IPC Server handler 8 on default port 9891] WARN ipc.Server: IPC Server handler 8 on default port 9891, call Call#4 Retry#0 org.apache.hadoop.ozone.protocol.ReconDatanodeProtocol.submitRequest from 172.18.0.7:37876: output error
datanode_3  | 2023-02-20 12:13:26,422 [Command processor thread] INFO server.RaftServer: 8f37ed7c-c78b-48ec-8549-fea6a6a54ebb: addNew group-7E90DEFAE3CC:[09649bde-6dab-4603-ac71-c6bc8fec5fa3|rpc:172.18.0.7:9856|admin:172.18.0.7:9857|client:172.18.0.7:9858|dataStream:172.18.0.7:9858|priority:1|startupRole:FOLLOWER, 8f37ed7c-c78b-48ec-8549-fea6a6a54ebb|rpc:172.18.0.10:9856|admin:172.18.0.10:9857|client:172.18.0.10:9858|dataStream:172.18.0.10:9858|priority:0|startupRole:FOLLOWER, 54bd7e14-7480-4202-a1d4-3b54803c6b51|rpc:172.18.0.9:9856|admin:172.18.0.9:9857|client:172.18.0.9:9858|dataStream:172.18.0.9:9858|priority:0|startupRole:FOLLOWER] returns group-7E90DEFAE3CC:java.util.concurrent.CompletableFuture@34a4955[Not completed]
s3g_1       | OpenJDK 64-Bit Server VM warning: Option UseConcMarkSweepGC was deprecated in version 9.0 and will likely be removed in a future release.
s3g_1       | 2023-02-20 12:12:05,211 [main] INFO http.BaseHttpServer: Starting Web-server for s3gateway at: http://0.0.0.0:9878
datanode_2  | 2023-02-20 12:13:27,807 [pool-22-thread-1] INFO segmented.SegmentedRaftLogWorker: 54bd7e14-7480-4202-a1d4-3b54803c6b51@group-74ED0B3B172E-SegmentedRaftLogWorker: safeCacheEvictIndex: setUnconditionally 0 -> -1
om3_1       | 2023-02-20 12:14:14,443 [pool-28-thread-1] INFO server.RaftServerConfigKeys: raft.server.log.corruption.policy = EXCEPTION (default)
datanode_1  | 	at org.apache.hadoop.ozone.container.common.statemachine.StateContext.execute(StateContext.java:661)
scm2_1      | Waiting for the service scm1:9894
om1_1       | 2023-02-20 12:24:05,113 [OM StateMachine ApplyTransaction Thread - 0] INFO bucket.OMBucketCreateRequest: created bucket: s3bg3 of layout FILE_SYSTEM_OPTIMIZED in volume: s3v
recon_1     | 2023-02-20 12:12:55,317 [IPC Server handler 6 on default port 9891] WARN ipc.Server: IPC Server handler 6 on default port 9891, call Call#4 Retry#0 org.apache.hadoop.ozone.protocol.ReconDatanodeProtocol.submitRequest from 172.18.0.9:36628: output error
datanode_3  | 2023-02-20 12:13:26,625 [pool-22-thread-1] INFO server.RaftServer$Division: 8f37ed7c-c78b-48ec-8549-fea6a6a54ebb: new RaftServerImpl for group-7E90DEFAE3CC:[09649bde-6dab-4603-ac71-c6bc8fec5fa3|rpc:172.18.0.7:9856|admin:172.18.0.7:9857|client:172.18.0.7:9858|dataStream:172.18.0.7:9858|priority:1|startupRole:FOLLOWER, 8f37ed7c-c78b-48ec-8549-fea6a6a54ebb|rpc:172.18.0.10:9856|admin:172.18.0.10:9857|client:172.18.0.10:9858|dataStream:172.18.0.10:9858|priority:0|startupRole:FOLLOWER, 54bd7e14-7480-4202-a1d4-3b54803c6b51|rpc:172.18.0.9:9856|admin:172.18.0.9:9857|client:172.18.0.9:9858|dataStream:172.18.0.9:9858|priority:0|startupRole:FOLLOWER] with ContainerStateMachine:uninitialized
scm1_1      | No '-XX:...' jvm parameters are set. Adding safer GC settings '-XX:ParallelGCThreads=8 -XX:+UseConcMarkSweepGC -XX:CMSInitiatingOccupancyFraction=70 -XX:+CMSParallelRemarkEnabled' to the OZONE_OPTS
scm1_1      | OpenJDK 64-Bit Server VM warning: Option UseConcMarkSweepGC was deprecated in version 9.0 and will likely be removed in a future release.
om2_1       | 2023-02-20 12:14:20,729 [om2-impl-thread1] INFO server.RaftServer$Division: om2@group-D66704EFC61C: changes role from      null to FOLLOWER at term 0 for startAsFollower
om2_1       | 2023-02-20 12:14:20,744 [om2-impl-thread1] INFO impl.RoleInfo: om2: start om2@group-D66704EFC61C-FollowerState
om3_1       | 2023-02-20 12:14:14,449 [pool-28-thread-1] INFO server.RaftServerConfigKeys: raft.server.storage.free-space.min = 0MB (=0) (default)
om1_1       | 2023-02-20 12:24:05,126 [OM StateMachine ApplyTransaction Thread - 0] INFO bucket.OMBucketCreateRequest: created bucket: s3bg0 of layout FILE_SYSTEM_OPTIMIZED in volume: s3v
datanode_3  | 2023-02-20 12:13:26,626 [pool-22-thread-1] INFO server.RaftServerConfigKeys: raft.server.rpc.timeout.min = 5s (custom)
datanode_2  | 2023-02-20 12:13:27,811 [pool-22-thread-1] INFO server.RaftServer$Division: 54bd7e14-7480-4202-a1d4-3b54803c6b51@group-74ED0B3B172E: start as a follower, conf=-1: peers:[54bd7e14-7480-4202-a1d4-3b54803c6b51|rpc:172.18.0.9:9856|admin:172.18.0.9:9857|client:172.18.0.9:9858|dataStream:172.18.0.9:9858|priority:1|startupRole:FOLLOWER]|listeners:[], old=null
scm1_1      | 2023-02-20 12:12:08,640 [main] INFO server.StorageContainerManagerStarter: STARTUP_MSG: 
recon_1     | 2023-02-20 12:12:55,318 [IPC Server handler 0 on default port 9891] WARN ipc.Server: IPC Server handler 0 on default port 9891, call Call#3 Retry#0 org.apache.hadoop.ozone.protocol.ReconDatanodeProtocol.submitRequest from 172.18.0.10:43960: output error
om3_1       | 2023-02-20 12:14:14,717 [pool-28-thread-1] INFO server.RaftServerConfigKeys: raft.server.notification.no-leader.timeout = 120s (custom)
om3_1       | 2023-02-20 12:14:14,771 [pool-28-thread-1] INFO server.RaftServerConfigKeys: raft.server.retrycache.expirytime = 300s (custom)
s3g_1       | 2023-02-20 12:12:05,234 [main] INFO http.BaseHttpServer: Hadoop Security Enabled: false Ozone Security Enabled: false Ozone HTTP Security Enabled: false 
datanode_3  | 2023-02-20 12:13:26,626 [pool-22-thread-1] INFO server.RaftServerConfigKeys: raft.server.rpc.timeout.max = 5200ms (custom)
datanode_1  | 	at org.apache.hadoop.ozone.container.common.statemachine.DatanodeStateMachine.startStateMachineThread(DatanodeStateMachine.java:321)
scm2_1      | No '-XX:...' jvm parameters are set. Adding safer GC settings '-XX:ParallelGCThreads=8 -XX:+UseConcMarkSweepGC -XX:CMSInitiatingOccupancyFraction=70 -XX:+CMSParallelRemarkEnabled' to the OZONE_OPTS
scm2_1      | OpenJDK 64-Bit Server VM warning: Option UseConcMarkSweepGC was deprecated in version 9.0 and will likely be removed in a future release.
datanode_2  | 2023-02-20 12:13:27,814 [pool-22-thread-1] INFO server.RaftServer$Division: 54bd7e14-7480-4202-a1d4-3b54803c6b51@group-74ED0B3B172E: changes role from      null to FOLLOWER at term 0 for startAsFollower
om2_1       | 2023-02-20 12:14:20,746 [om2@group-D66704EFC61C-FollowerState] INFO server.RaftServerConfigKeys: raft.server.rpc.first-election.timeout.min = 5s (fallback to raft.server.rpc.timeout.min)
scm1_1      | /************************************************************
s3g_1       | 2023-02-20 12:12:05,391 [main] INFO util.log: Logging initialized @7786ms to org.eclipse.jetty.util.log.Slf4jLog
datanode_3  | 2023-02-20 12:13:26,626 [pool-22-thread-1] INFO server.RaftServerConfigKeys: raft.server.rpc.sleep.time = 25ms (default)
datanode_1  | 	at org.apache.hadoop.ozone.container.common.statemachine.DatanodeStateMachine.lambda$startDaemon$0(DatanodeStateMachine.java:517)
scm2_1      | 2023-02-20 12:12:32,881 [main] INFO server.StorageContainerManagerStarter: STARTUP_MSG: 
datanode_2  | 2023-02-20 12:13:27,829 [pool-22-thread-1] INFO impl.RoleInfo: 54bd7e14-7480-4202-a1d4-3b54803c6b51: start 54bd7e14-7480-4202-a1d4-3b54803c6b51@group-74ED0B3B172E-FollowerState
scm3_1      | Waiting for the service scm2:9894
om2_1       | 2023-02-20 12:14:20,746 [om2@group-D66704EFC61C-FollowerState] INFO server.RaftServerConfigKeys: raft.server.rpc.first-election.timeout.max = 5200ms (fallback to raft.server.rpc.timeout.max)
scm1_1      | STARTUP_MSG: Starting StorageContainerManager
scm1_1      | STARTUP_MSG:   host = 7dd1fe8e055f/172.18.0.4
recon_1     | 2023-02-20 12:12:55,318 [IPC Server handler 2 on default port 9891] WARN ipc.Server: IPC Server handler 2 on default port 9891, call Call#3 Retry#0 org.apache.hadoop.ozone.protocol.ReconDatanodeProtocol.submitRequest from 172.18.0.9:36614: output error
datanode_1  | 	at java.base/java.lang.Thread.run(Thread.java:829)
scm2_1      | /************************************************************
datanode_2  | 2023-02-20 12:13:27,838 [54bd7e14-7480-4202-a1d4-3b54803c6b51@group-74ED0B3B172E-FollowerState] INFO server.RaftServerConfigKeys: raft.server.rpc.first-election.timeout.min = 5s (fallback to raft.server.rpc.timeout.min)
scm3_1      | No '-XX:...' jvm parameters are set. Adding safer GC settings '-XX:ParallelGCThreads=8 -XX:+UseConcMarkSweepGC -XX:CMSInitiatingOccupancyFraction=70 -XX:+CMSParallelRemarkEnabled' to the OZONE_OPTS
om2_1       | 2023-02-20 12:14:20,764 [om2-impl-thread1] INFO util.JmxRegister: Successfully registered JMX Bean with object name Ratis:service=RaftServer,group=group-D66704EFC61C,id=om2
scm1_1      | STARTUP_MSG:   args = [--init]
scm1_1      | STARTUP_MSG:   version = 1.4.0-SNAPSHOT
recon_1     | 2023-02-20 12:12:55,321 [IPC Server handler 12 on default port 9891] INFO ipc.Server: IPC Server handler 12 on default port 9891 caught an exception
om1_1       | 2023-02-20 12:24:05,137 [OM StateMachine ApplyTransaction Thread - 0] INFO bucket.OMBucketCreateRequest: created bucket: s3bg4 of layout FILE_SYSTEM_OPTIMIZED in volume: s3v
om1_1       | 2023-02-20 12:24:05,151 [OM StateMachine ApplyTransaction Thread - 0] INFO bucket.OMBucketCreateRequest: created bucket: s3bg8 of layout FILE_SYSTEM_OPTIMIZED in volume: s3v
om1_1       | 2023-02-20 12:24:05,162 [OM StateMachine ApplyTransaction Thread - 0] INFO bucket.OMBucketCreateRequest: created bucket: s3bg1 of layout FILE_SYSTEM_OPTIMIZED in volume: s3v
s3g_1       | 2023-02-20 12:12:06,422 [main] WARN server.AuthenticationFilter: Unable to initialize FileSignerSecretProvider, falling back to use random secrets. Reason: Could not read signature secret file: /opt/hadoop/hadoop-http-auth-signature-secret
datanode_1  | Caused by: java.util.concurrent.TimeoutException
scm2_1      | STARTUP_MSG: Starting StorageContainerManager
scm2_1      | STARTUP_MSG:   host = 98ced246cace/172.18.0.8
scm3_1      | OpenJDK 64-Bit Server VM warning: Option UseConcMarkSweepGC was deprecated in version 9.0 and will likely be removed in a future release.
om2_1       | 2023-02-20 12:14:20,777 [om2-impl-thread1] INFO server.RaftServerConfigKeys: raft.server.snapshot.auto.trigger.enabled = true (custom)
om2_1       | 2023-02-20 12:14:20,788 [om2-impl-thread1] INFO server.RaftServerConfigKeys: raft.server.snapshot.auto.trigger.threshold = 400000 (default)
recon_1     | java.nio.channels.ClosedChannelException
recon_1     | 	at java.base/sun.nio.ch.SocketChannelImpl.ensureOpenAndConnected(SocketChannelImpl.java:180)
recon_1     | 	at java.base/sun.nio.ch.SocketChannelImpl.write(SocketChannelImpl.java:452)
recon_1     | 	at org.apache.hadoop.ipc.Server.channelWrite(Server.java:3619)
scm1_1      | STARTUP_MSG:   classpath = /etc/hadoop:/opt/hadoop/share/ozone/lib/slf4j-reload4j-1.7.36.jar:/opt/hadoop/share/ozone/lib/netty-resolver-4.1.86.Final.jar:/opt/hadoop/share/ozone/lib/protobuf-java-2.5.0.jar:/opt/hadoop/share/ozone/lib/jaxb-core-2.3.0.1.jar:/opt/hadoop/share/ozone/lib/istack-commons-runtime-3.0.5.jar:/opt/hadoop/share/ozone/lib/commons-validator-1.6.jar:/opt/hadoop/share/ozone/lib/hdds-erasurecode-1.4.0-SNAPSHOT.jar:/opt/hadoop/share/ozone/lib/hdds-hadoop-dependency-server-1.4.0-SNAPSHOT.jar:/opt/hadoop/share/ozone/lib/bcpkix-jdk15on-1.67.jar:/opt/hadoop/share/ozone/lib/netty-codec-4.1.86.Final.jar:/opt/hadoop/share/ozone/lib/commons-net-3.9.0.jar:/opt/hadoop/share/ozone/lib/kerb-core-1.0.1.jar:/opt/hadoop/share/ozone/lib/hadoop-shaded-protobuf_3_7-1.1.1.jar:/opt/hadoop/share/ozone/lib/jsr305-3.0.0.jar:/opt/hadoop/share/ozone/lib/j2objc-annotations-1.3.jar:/opt/hadoop/share/ozone/lib/jetty-webapp-9.4.49.v20220914.jar:/opt/hadoop/share/ozone/lib/picocli-4.6.1.jar:/opt/hadoop/share/ozone/lib/javassist-3.21.0-GA.jar:/opt/hadoop/share/ozone/lib/jaxb-api-2.3.0.jar:/opt/hadoop/share/ozone/lib/hdds-interface-admin-1.4.0-SNAPSHOT.jar:/opt/hadoop/share/ozone/lib/commons-codec-1.15.jar:/opt/hadoop/share/ozone/lib/hadoop-shaded-guava-1.1.1.jar:/opt/hadoop/share/ozone/lib/kotlin-stdlib-1.6.21.jar:/opt/hadoop/share/ozone/lib/log4j-core-2.17.1.jar:/opt/hadoop/share/ozone/lib/commons-logging-1.2.jar:/opt/hadoop/share/ozone/lib/ratis-thirdparty-misc-1.0.3.jar:/opt/hadoop/share/ozone/lib/jetty-security-9.4.49.v20220914.jar:/opt/hadoop/share/ozone/lib/accessors-smart-2.4.7.jar:/opt/hadoop/share/ozone/lib/txw2-2.3.0.1.jar:/opt/hadoop/share/ozone/lib/httpcore-4.4.13.jar:/opt/hadoop/share/ozone/lib/hdds-container-service-1.4.0-SNAPSHOT.jar:/opt/hadoop/share/ozone/lib/guava-31.1-jre.jar:/opt/hadoop/share/ozone/lib/opentracing-tracerresolver-0.1.8.jar:/opt/hadoop/share/ozone/lib/ratis-grpc-2.4.2-8b8bdda-SNAPSHOT.jar:/opt/hadoop/share/ozone/lib/hadoop-auth-3.3.4.jar:/opt/hadoop/share/ozone/lib/libthrift-0.14.1.jar:/opt/hadoop/share/ozone/lib/stax-ex-1.7.8.jar:/opt/hadoop/share/ozone/lib/error_prone_annotations-2.2.0.jar:/opt/hadoop/share/ozone/lib/hdds-hadoop-dependency-client-1.4.0-SNAPSHOT.jar:/opt/hadoop/share/ozone/lib/zstd-jni-1.5.2-5.jar:/opt/hadoop/share/ozone/lib/httpclient-4.5.13.jar:/opt/hadoop/share/ozone/lib/hamcrest-2.1.jar:/opt/hadoop/share/ozone/lib/ratis-proto-2.4.2-8b8bdda-SNAPSHOT.jar:/opt/hadoop/share/ozone/lib/jaeger-client-1.6.0.jar:/opt/hadoop/share/ozone/lib/jackson-annotations-2.13.4.jar:/opt/hadoop/share/ozone/lib/commons-io-2.11.0.jar:/opt/hadoop/share/ozone/lib/metrics-core-3.2.4.jar:/opt/hadoop/share/ozone/lib/hadoop-annotations-3.3.4.jar:/opt/hadoop/share/ozone/lib/kerby-pkix-1.0.1.jar:/opt/hadoop/share/ozone/lib/netty-buffer-4.1.86.Final.jar:/opt/hadoop/share/ozone/lib/jetty-util-9.4.49.v20220914.jar:/opt/hadoop/share/ozone/lib/json-smart-2.4.7.jar:/opt/hadoop/share/ozone/lib/jetty-io-9.4.49.v20220914.jar:/opt/hadoop/share/ozone/lib/jsr311-api-1.1.1.jar:/opt/hadoop/share/ozone/lib/jetty-server-9.4.49.v20220914.jar:/opt/hadoop/share/ozone/lib/commons-beanutils-1.9.4.jar:/opt/hadoop/share/ozone/lib/javax.servlet-api-3.1.0.jar:/opt/hadoop/share/ozone/lib/awaitility-4.2.0.jar:/opt/hadoop/share/ozone/lib/jetty-xml-9.4.49.v20220914.jar:/opt/hadoop/share/ozone/lib/hadoop-common-3.3.4.jar:/opt/hadoop/share/ozone/lib/disruptor-3.4.2.jar:/opt/hadoop/share/ozone/lib/reflections-0.9.11.jar:/opt/hadoop/share/ozone/lib/gson-2.9.0.jar:/opt/hadoop/share/ozone/lib/snakeyaml-1.33.jar:/opt/hadoop/share/ozone/lib/nimbus-jose-jwt-9.8.1.jar:/opt/hadoop/share/ozone/lib/rocksdb-checkpoint-differ-1.4.0-SNAPSHOT.jar:/opt/hadoop/share/ozone/lib/hdds-client-1.4.0-SNAPSHOT.jar:/opt/hadoop/share/ozone/lib/ratis-common-2.4.2-8b8bdda-SNAPSHOT.jar:/opt/hadoop/share/ozone/lib/annotations-13.0.jar:/opt/hadoop/share/ozone/lib/simpleclient_common-0.7.0.jar:/opt/hadoop/share/ozone/lib/jaeger-thrift-1.6.0.jar:/opt/hadoop/share/ozone/lib/dnsjava-2.1.7.jar:/opt/hadoop/share/ozone/lib/rocksdbjni-7.7.3.jar:/opt/hadoop/share/ozone/lib/bcprov-jdk15on-1.67.jar:/opt/hadoop/share/ozone/lib/commons-configuration2-2.1.1.jar:/opt/hadoop/share/ozone/lib/commons-daemon-1.0.13.jar:/opt/hadoop/share/ozone/lib/listenablefuture-9999.0-empty-to-avoid-conflict-with-guava.jar:/opt/hadoop/share/ozone/lib/jaeger-tracerresolver-1.6.0.jar:/opt/hadoop/share/ozone/lib/slf4j-api-1.7.36.jar:/opt/hadoop/share/ozone/lib/commons-lang3-3.7.jar:/opt/hadoop/share/ozone/lib/re2j-1.1.jar:/opt/hadoop/share/ozone/lib/jackson-datatype-jsr310-2.13.4.jar:/opt/hadoop/share/ozone/lib/netty-transport-native-unix-common-4.1.86.Final.jar:/opt/hadoop/share/ozone/lib/simpleclient_dropwizard-0.7.0.jar:/opt/hadoop/share/ozone/lib/netty-transport-4.1.86.Final.jar:/opt/hadoop/share/ozone/lib/simpleclient-0.7.0.jar:/opt/hadoop/share/ozone/lib/ratis-metrics-2.4.2-8b8bdda-SNAPSHOT.jar:/opt/hadoop/share/ozone/lib/jakarta.activation-api-1.2.2.jar:/opt/hadoop/share/ozone/lib/asm-5.0.4.jar:/opt/hadoop/share/ozone/lib/netty-handler-4.1.86.Final.jar:/opt/hadoop/share/ozone/lib/kerby-util-1.0.1.jar:/opt/hadoop/share/ozone/lib/failureaccess-1.0.1.jar:/opt/hadoop/share/ozone/lib/jackson-databind-2.13.4.2.jar:/opt/hadoop/share/ozone/lib/okio-2.8.0.jar:/opt/hadoop/share/ozone/lib/jetty-servlet-9.4.49.v20220914.jar:/opt/hadoop/share/ozone/lib/jsp-api-2.1.jar:/opt/hadoop/share/ozone/lib/jsch-0.1.54.jar:/opt/hadoop/share/ozone/lib/reload4j-1.2.22.jar:/opt/hadoop/share/ozone/lib/woodstox-core-5.4.0.jar:/opt/hadoop/share/ozone/lib/commons-pool2-2.6.0.jar:/opt/hadoop/share/ozone/lib/opentracing-api-0.33.0.jar:/opt/hadoop/share/ozone/lib/jcip-annotations-1.0-1.jar:/opt/hadoop/share/ozone/lib/jetty-util-ajax-9.4.49.v20220914.jar:/opt/hadoop/share/ozone/lib/opentracing-noop-0.33.0.jar:/opt/hadoop/share/ozone/lib/hadoop-hdfs-client-3.3.4.jar:/opt/hadoop/share/ozone/lib/kotlin-stdlib-common-1.6.21.jar:/opt/hadoop/share/ozone/lib/jersey-core-1.19.jar:/opt/hadoop/share/ozone/lib/commons-compress-1.21.jar:/opt/hadoop/share/ozone/lib/jaxb-runtime-2.3.0.1.jar:/opt/hadoop/share/ozone/lib/hadoop-hdfs-3.3.4.jar:/opt/hadoop/share/ozone/lib/jackson-core-2.13.4.jar:/opt/hadoop/share/ozone/lib/hdds-annotation-processing-1.4.0-SNAPSHOT.jar:/opt/hadoop/share/ozone/lib/opentracing-util-0.33.0.jar:/opt/hadoop/share/ozone/lib/stax2-api-4.2.1.jar:/opt/hadoop/share/ozone/lib/netty-common-4.1.86.Final.jar:/opt/hadoop/share/ozone/lib/snappy-java-1.1.8.2.jar:/opt/hadoop/share/ozone/lib/ratis-netty-2.4.2-8b8bdda-SNAPSHOT.jar:/opt/hadoop/share/ozone/lib/hdds-config-1.4.0-SNAPSHOT.jar:/opt/hadoop/share/ozone/lib/commons-cli-1.2.jar:/opt/hadoop/share/ozone/lib/log4j-api-2.17.1.jar:/opt/hadoop/share/ozone/lib/javax.annotation-api-1.2.jar:/opt/hadoop/share/ozone/lib/ratis-server-api-2.4.2-8b8bdda-SNAPSHOT.jar:/opt/hadoop/share/ozone/lib/hdds-interface-client-1.4.0-SNAPSHOT.jar:/opt/hadoop/share/ozone/lib/kerby-asn1-1.0.1.jar:/opt/hadoop/share/ozone/lib/okhttp-4.9.3.jar:/opt/hadoop/share/ozone/lib/checker-qual-3.12.0.jar:/opt/hadoop/share/ozone/lib/hdds-interface-server-1.4.0-SNAPSHOT.jar:/opt/hadoop/share/ozone/lib/hdds-common-1.4.0-SNAPSHOT.jar:/opt/hadoop/share/ozone/lib/commons-digester-1.8.1.jar:/opt/hadoop/share/ozone/lib/commons-collections-3.2.2.jar:/opt/hadoop/share/ozone/lib/jaeger-core-1.6.0.jar:/opt/hadoop/share/ozone/lib/ratis-client-2.4.2-8b8bdda-SNAPSHOT.jar:/opt/hadoop/share/ozone/lib/commons-text-1.4.jar:/opt/hadoop/share/ozone/lib/jersey-servlet-1.19.jar:/opt/hadoop/share/ozone/lib/ratis-server-2.4.2-8b8bdda-SNAPSHOT.jar:/opt/hadoop/share/ozone/lib/jetty-http-9.4.49.v20220914.jar:/opt/hadoop/share/ozone/lib/FastInfoset-1.2.13.jar:/opt/hadoop/share/ozone/lib/hdds-server-framework-1.4.0-SNAPSHOT.jar:/opt/hadoop/share/ozone/lib/jersey-server-1.19.jar:/opt/hadoop/share/ozone/web:/opt/hadoop/share/ozone/lib/hdds-server-scm-1.4.0-SNAPSHOT.jar
s3g_1       | 2023-02-20 12:12:06,573 [main] INFO http.HttpRequestLog: Http request log for http.requests.s3gateway is not defined
s3g_1       | 2023-02-20 12:12:06,628 [main] INFO http.HttpServer2: Added global filter 'safety' (class=org.apache.hadoop.hdds.server.http.HttpServer2$QuotingInputFilter)
datanode_1  | 	at java.base/java.util.concurrent.FutureTask.get(FutureTask.java:204)
datanode_2  | 2023-02-20 12:13:27,838 [54bd7e14-7480-4202-a1d4-3b54803c6b51@group-74ED0B3B172E-FollowerState] INFO server.RaftServerConfigKeys: raft.server.rpc.first-election.timeout.max = 5200ms (fallback to raft.server.rpc.timeout.max)
om2_1       | 2023-02-20 12:14:20,788 [om2-impl-thread1] INFO server.RaftServerConfigKeys: raft.server.snapshot.retention.file.num = -1 (default)
om2_1       | 2023-02-20 12:14:20,789 [om2-impl-thread1] INFO server.RaftServerConfigKeys: raft.server.log.purge.upto.snapshot.index = true (custom)
om2_1       | 2023-02-20 12:14:20,802 [Listener at om2/9862] INFO server.RaftServer: om2: start RPC server
datanode_3  | 2023-02-20 12:13:26,626 [pool-22-thread-1] INFO server.RaftServerConfigKeys: raft.server.rpc.slowness.timeout = 300s (custom)
datanode_3  | 2023-02-20 12:13:26,626 [pool-22-thread-1] INFO server.RaftServerConfigKeys: raft.server.leaderelection.leader.step-down.wait-time = 10s (default)
datanode_3  | 2023-02-20 12:13:26,626 [pool-22-thread-1] INFO server.RaftServerConfigKeys: raft.server.sleep.deviation.threshold = 300ms (default)
om3_1       | 2023-02-20 12:14:14,771 [pool-28-thread-1] INFO server.RaftServerConfigKeys: raft.server.retrycache.statistics.expirytime = 100?s (default)
scm1_1      | STARTUP_MSG:   build = https://github.com/apache/ozone/4be2122922b84c45cee6e845f182b0dbf4a06805 ; compiled by 'runner' on 2023-02-20T11:55Z
s3g_1       | 2023-02-20 12:12:06,645 [main] INFO http.HttpServer2: Added filter static_user_filter (class=org.apache.hadoop.http.lib.StaticUserWebFilter$StaticUserFilter) to context s3gateway
scm2_1      | STARTUP_MSG:   args = [--bootstrap]
datanode_1  | 	at org.apache.hadoop.ozone.container.common.states.datanode.RunningDatanodeState.lambda$execute$0(RunningDatanodeState.java:157)
datanode_2  | 2023-02-20 12:13:27,879 [pool-22-thread-1] INFO util.JmxRegister: Successfully registered JMX Bean with object name Ratis:service=RaftServer,group=group-74ED0B3B172E,id=54bd7e14-7480-4202-a1d4-3b54803c6b51
om1_1       | 2023-02-20 12:24:05,224 [OM StateMachine ApplyTransaction Thread - 0] INFO bucket.OMBucketCreateRequest: created bucket: s3bg13 of layout FILE_SYSTEM_OPTIMIZED in volume: s3v
scm1_1      | STARTUP_MSG:   java = 11.0.14.1
s3g_1       | 2023-02-20 12:12:06,646 [main] INFO http.HttpServer2: Added filter static_user_filter (class=org.apache.hadoop.http.lib.StaticUserWebFilter$StaticUserFilter) to context logs
scm2_1      | STARTUP_MSG:   version = 1.4.0-SNAPSHOT
datanode_1  | 	at java.base/java.util.concurrent.FutureTask.run(FutureTask.java:264)
datanode_2  | 2023-02-20 12:13:27,939 [pool-22-thread-1] INFO server.RaftServerConfigKeys: raft.server.snapshot.auto.trigger.enabled = true (custom)
om1_1       | 2023-02-20 12:24:05,281 [OM StateMachine ApplyTransaction Thread - 0] INFO bucket.OMBucketCreateRequest: created bucket: s3bg11 of layout FILE_SYSTEM_OPTIMIZED in volume: s3v
scm1_1      | ************************************************************/
s3g_1       | 2023-02-20 12:12:06,649 [main] INFO http.HttpServer2: Added filter static_user_filter (class=org.apache.hadoop.http.lib.StaticUserWebFilter$StaticUserFilter) to context static
datanode_1  | 	at java.base/java.util.concurrent.Executors$RunnableAdapter.call(Executors.java:515)
datanode_2  | 2023-02-20 12:13:27,944 [pool-22-thread-1] INFO server.RaftServerConfigKeys: raft.server.snapshot.auto.trigger.threshold = 10000 (custom)
datanode_2  | 2023-02-20 12:13:27,945 [pool-22-thread-1] INFO server.RaftServerConfigKeys: raft.server.snapshot.retention.file.num = 5 (custom)
datanode_2  | 2023-02-20 12:13:27,972 [pool-22-thread-1] INFO server.RaftServerConfigKeys: raft.server.log.purge.upto.snapshot.index = false (default)
datanode_2  | 2023-02-20 12:13:28,222 [Command processor thread] INFO ratis.XceiverServerRatis: Created group PipelineID=85ffb487-ba09-4a6e-bc27-74ed0b3b172e
om3_1       | 2023-02-20 12:14:15,537 [pool-28-thread-1] INFO server.RaftServerConfigKeys: raft.server.log.appender.install.snapshot.enabled = false (custom)
om3_1       | 2023-02-20 12:14:15,546 [pool-28-thread-1] INFO server.RaftServerConfigKeys: raft.server.threadpool.server.cached = true (default)
om3_1       | 2023-02-20 12:14:15,549 [pool-28-thread-1] INFO server.RaftServerConfigKeys: raft.server.threadpool.server.size = 0 (default)
om3_1       | 2023-02-20 12:14:15,557 [pool-28-thread-1] INFO server.RaftServerConfigKeys: raft.server.threadpool.client.cached = true (default)
scm1_1      | 2023-02-20 12:12:08,743 [main] INFO server.StorageContainerManagerStarter: registered UNIX signal handlers for [TERM, HUP, INT]
om3_1       | 2023-02-20 12:14:15,579 [pool-28-thread-1] INFO server.RaftServerConfigKeys: raft.server.threadpool.client.size = 0 (default)
s3g_1       | 2023-02-20 12:12:07,101 [main] INFO s3.Gateway: STARTUP_MSG: 
datanode_1  | 	at java.base/java.util.concurrent.FutureTask.run(FutureTask.java:264)
datanode_3  | 2023-02-20 12:13:26,626 [pool-22-thread-1] INFO server.RaftServer$Division: 8f37ed7c-c78b-48ec-8549-fea6a6a54ebb@group-7E90DEFAE3CC: ConfigurationManager, init=-1: peers:[09649bde-6dab-4603-ac71-c6bc8fec5fa3|rpc:172.18.0.7:9856|admin:172.18.0.7:9857|client:172.18.0.7:9858|dataStream:172.18.0.7:9858|priority:1|startupRole:FOLLOWER, 8f37ed7c-c78b-48ec-8549-fea6a6a54ebb|rpc:172.18.0.10:9856|admin:172.18.0.10:9857|client:172.18.0.10:9858|dataStream:172.18.0.10:9858|priority:0|startupRole:FOLLOWER, 54bd7e14-7480-4202-a1d4-3b54803c6b51|rpc:172.18.0.9:9856|admin:172.18.0.9:9857|client:172.18.0.9:9858|dataStream:172.18.0.9:9858|priority:0|startupRole:FOLLOWER]|listeners:[], old=null, confs=<EMPTY_MAP>
om1_1       | 2023-02-20 12:24:05,324 [OM StateMachine ApplyTransaction Thread - 0] INFO bucket.OMBucketCreateRequest: created bucket: s3bg15 of layout FILE_SYSTEM_OPTIMIZED in volume: s3v
om1_1       | 2023-02-20 12:24:05,400 [OM StateMachine ApplyTransaction Thread - 0] INFO bucket.OMBucketCreateRequest: created bucket: s3bg12 of layout FILE_SYSTEM_OPTIMIZED in volume: s3v
om1_1       | 2023-02-20 12:24:05,445 [OM StateMachine ApplyTransaction Thread - 0] INFO bucket.OMBucketCreateRequest: created bucket: s3bg10 of layout FILE_SYSTEM_OPTIMIZED in volume: s3v
om1_1       | 2023-02-20 12:24:05,446 [OM StateMachine ApplyTransaction Thread - 0] INFO bucket.OMBucketCreateRequest: created bucket: s3bg14 of layout FILE_SYSTEM_OPTIMIZED in volume: s3v
om1_1       | 2023-02-20 12:24:05,449 [OM StateMachine ApplyTransaction Thread - 0] INFO bucket.OMBucketCreateRequest: created bucket: s3bg20 of layout FILE_SYSTEM_OPTIMIZED in volume: s3v
recon_1     | 	at org.apache.hadoop.ipc.Server.access$1700(Server.java:144)
recon_1     | 	at org.apache.hadoop.ipc.Server$Responder.processResponse(Server.java:1672)
scm1_1      | 2023-02-20 12:12:09,279 [main] WARN server.ServerUtils: ozone.scm.db.dirs is not configured. We recommend adding this setting. Falling back to ozone.metadata.dirs instead.
om3_1       | 2023-02-20 12:14:16,706 [main] INFO reflections.Reflections: Reflections took 2363 ms to scan 8 urls, producing 24 keys and 569 values [using 2 cores]
s3g_1       | /************************************************************
datanode_3  | 2023-02-20 12:13:26,626 [pool-22-thread-1] INFO server.RaftServerConfigKeys: raft.server.storage.dir = [/data/metadata/ratis] (custom)
datanode_1  | 	at java.base/java.util.concurrent.ThreadPoolExecutor.runWorker(ThreadPoolExecutor.java:1128)
om1_1       | 2023-02-20 12:24:05,452 [OM StateMachine ApplyTransaction Thread - 0] INFO bucket.OMBucketCreateRequest: created bucket: s3bg16 of layout FILE_SYSTEM_OPTIMIZED in volume: s3v
om1_1       | 2023-02-20 12:24:05,474 [OM StateMachine ApplyTransaction Thread - 0] INFO bucket.OMBucketCreateRequest: created bucket: s3bg19 of layout FILE_SYSTEM_OPTIMIZED in volume: s3v
om1_1       | 2023-02-20 12:24:05,476 [OM StateMachine ApplyTransaction Thread - 0] INFO bucket.OMBucketCreateRequest: created bucket: s3bg21 of layout FILE_SYSTEM_OPTIMIZED in volume: s3v
recon_1     | 	at org.apache.hadoop.ipc.Server$Responder.doRespond(Server.java:1742)
recon_1     | 	at org.apache.hadoop.ipc.Server$Connection.sendResponse(Server.java:2847)
scm1_1      | 2023-02-20 12:12:09,741 [main] INFO ha.SCMHANodeDetails: ServiceID for StorageContainerManager is null
om3_1       | 2023-02-20 12:14:17,416 [main] INFO ipc.CallQueueManager: Using callQueue: class java.util.concurrent.LinkedBlockingQueue, queueCapacity: 10000, scheduler: class org.apache.hadoop.ipc.DefaultRpcScheduler, ipcBackoff: false.
s3g_1       | STARTUP_MSG: Starting Gateway
datanode_3  | 2023-02-20 12:13:26,627 [pool-22-thread-1] INFO server.RaftServerConfigKeys: raft.server.log.corruption.policy = EXCEPTION (default)
datanode_1  | 	at java.base/java.util.concurrent.ThreadPoolExecutor$Worker.run(ThreadPoolExecutor.java:628)
om2_1       | 2023-02-20 12:14:20,970 [Listener at om2/9862] INFO server.GrpcService: om2: GrpcService started, listening on 9872
