Using Docker Compose v2
Executing test xcompat/test-new.sh
Using Docker Compose v2
Starting 2.3.0 cluster with COMPOSE_FILE=new-cluster.yaml:clients.yaml
Port 88 is available on kdc
Port 9860 is not available on scm yet
Port 9860 is not available on scm yet
Port 9860 is not available on scm yet
Port 9860 is not available on scm yet
Port 9860 is not available on scm yet
Port 9860 is not available on scm yet
Port 9860 is not available on scm yet
Port 9860 is not available on scm yet
Port 9860 is not available on scm yet
Port 9860 is not available on scm yet
Port 9860 is not available on scm yet
Port 9860 is not available on scm yet
Port 9860 is not available on scm yet
Port 9860 is not available on scm yet
Port 9860 is not available on scm yet
Port 9860 is not available on scm yet
Port 9860 is not available on scm yet
Port 9860 is not available on scm yet
Port 9860 is not available on scm yet
Port 9860 is not available on scm yet
Port 9860 is not available on scm yet
Port 9860 is available on scm
SCM is in safe mode. Will retry in 1 sec. Remaining time (sec): 240
SCM is in safe mode. Will retry in 1 sec. Remaining time (sec): 239
SCM is in safe mode. Will retry in 1 sec. Remaining time (sec): 238
SCM is in safe mode. Will retry in 1 sec. Remaining time (sec): 237
SCM is in safe mode. Will retry in 1 sec. Remaining time (sec): 236
SCM is in safe mode. Will retry in 1 sec. Remaining time (sec): 235
SCM is in safe mode. Will retry in 1 sec. Remaining time (sec): 234
SCM is in safe mode. Will retry in 1 sec. Remaining time (sec): 233
SCM is in safe mode. Will retry in 1 sec. Remaining time (sec): 231
SCM is in safe mode. Will retry in 1 sec. Remaining time (sec): 230
SCM is in safe mode. Will retry in 1 sec. Remaining time (sec): 229
SCM is in safe mode. Will retry in 1 sec. Remaining time (sec): 228
SCM is in safe mode. Will retry in 1 sec. Remaining time (sec): 227
SCM is in safe mode. Will retry in 1 sec. Remaining time (sec): 226
SCM is in safe mode. Will retry in 1 sec. Remaining time (sec): 225
SCM is in safe mode. Will retry in 1 sec. Remaining time (sec): 224
SCM is in safe mode. Will retry in 1 sec. Remaining time (sec): 223
SCM is in safe mode. Will retry in 1 sec. Remaining time (sec): 222
SCM is in safe mode. Will retry in 1 sec. Remaining time (sec): 221
SCM is in safe mode. Will retry in 1 sec. Remaining time (sec): 220
SCM is in safe mode. Will retry in 1 sec. Remaining time (sec): 219
SCM is in safe mode. Will retry in 1 sec. Remaining time (sec): 218
SCM is in safe mode. Will retry in 1 sec. Remaining time (sec): 217
SCM is in safe mode. Will retry in 1 sec. Remaining time (sec): 216
SCM is in safe mode. Will retry in 1 sec. Remaining time (sec): 215
SCM is in safe mode. Will retry in 1 sec. Remaining time (sec): 214
SCM is in safe mode. Will retry in 1 sec. Remaining time (sec): 213
SCM is in safe mode. Will retry in 1 sec. Remaining time (sec): 212
SCM is in safe mode. Will retry in 1 sec. Remaining time (sec): 211
SCM is in safe mode. Will retry in 1 sec. Remaining time (sec): 210
SCM is in safe mode. Will retry in 1 sec. Remaining time (sec): 209
SCM is in safe mode. Will retry in 1 sec. Remaining time (sec): 208
SCM is in safe mode. Will retry in 1 sec. Remaining time (sec): 207
SCM is in safe mode. Will retry in 1 sec. Remaining time (sec): 206
SCM is in safe mode. Will retry in 1 sec. Remaining time (sec): 205
SCM is in safe mode. Will retry in 1 sec. Remaining time (sec): 204
SCM is in safe mode. Will retry in 1 sec. Remaining time (sec): 203
SCM is in safe mode. Will retry in 1 sec. Remaining time (sec): 202
SCM is in safe mode. Will retry in 1 sec. Remaining time (sec): 201
SCM is in safe mode. Will retry in 1 sec. Remaining time (sec): 200
SCM is in safe mode. Will retry in 1 sec. Remaining time (sec): 199
SCM is in safe mode. Will retry in 1 sec. Remaining time (sec): 198
SCM is in safe mode. Will retry in 1 sec. Remaining time (sec): 197
SCM is in safe mode. Will retry in 1 sec. Remaining time (sec): 196
SCM is in safe mode. Will retry in 1 sec. Remaining time (sec): 195
SCM is in safe mode. Will retry in 1 sec. Remaining time (sec): 194
SCM is in safe mode. Will retry in 1 sec. Remaining time (sec): 193
SCM is in safe mode. Will retry in 1 sec. Remaining time (sec): 192
SCM is in safe mode. Will retry in 1 sec. Remaining time (sec): 191
SCM is in safe mode. Will retry in 1 sec. Remaining time (sec): 190
SCM is in safe mode. Will retry in 1 sec. Remaining time (sec): 189
SCM is in safe mode. Will retry in 1 sec. Remaining time (sec): 188
SCM is in safe mode. Will retry in 1 sec. Remaining time (sec): 187
SCM is in safe mode. Will retry in 1 sec. Remaining time (sec): 186
SCM is in safe mode. Will retry in 1 sec. Remaining time (sec): 185
SCM is in safe mode. Will retry in 1 sec. Remaining time (sec): 184
SCM is in safe mode. Will retry in 1 sec. Remaining time (sec): 183
SCM is in safe mode. Will retry in 1 sec. Remaining time (sec): 182
SCM is in safe mode. Will retry in 1 sec. Remaining time (sec): 181
SCM is in safe mode. Will retry in 1 sec. Remaining time (sec): 180
SCM is in safe mode. Will retry in 1 sec. Remaining time (sec): 179
SCM is in safe mode. Will retry in 1 sec. Remaining time (sec): 178
SCM is in safe mode. Will retry in 1 sec. Remaining time (sec): 177
SCM is in safe mode. Will retry in 1 sec. Remaining time (sec): 176
SCM is in safe mode. Will retry in 1 sec. Remaining time (sec): 175
SCM is in safe mode. Will retry in 1 sec. Remaining time (sec): 174
SCM is in safe mode. Will retry in 1 sec. Remaining time (sec): 173
SCM is in safe mode. Will retry in 1 sec. Remaining time (sec): 172
SCM is in safe mode. Will retry in 1 sec. Remaining time (sec): 171
SCM is in safe mode. Will retry in 1 sec. Remaining time (sec): 170
SCM is in safe mode. Will retry in 1 sec. Remaining time (sec): 169
SCM is in safe mode. Will retry in 1 sec. Remaining time (sec): 168
SCM is in safe mode. Will retry in 1 sec. Remaining time (sec): 167
SCM is in safe mode. Will retry in 1 sec. Remaining time (sec): 166
SCM is in safe mode. Will retry in 1 sec. Remaining time (sec): 165
SCM is in safe mode. Will retry in 1 sec. Remaining time (sec): 164
SCM is in safe mode. Will retry in 1 sec. Remaining time (sec): 163
SCM is in safe mode. Will retry in 1 sec. Remaining time (sec): 162
SCM is in safe mode. Will retry in 1 sec. Remaining time (sec): 161
SCM is in safe mode. Will retry in 1 sec. Remaining time (sec): 160
SCM is in safe mode. Will retry in 1 sec. Remaining time (sec): 159
SCM is in safe mode. Will retry in 1 sec. Remaining time (sec): 158
SCM is in safe mode. Will retry in 1 sec. Remaining time (sec): 157
SCM is in safe mode. Will retry in 1 sec. Remaining time (sec): 156
SCM is in safe mode. Will retry in 1 sec. Remaining time (sec): 155
SCM is in safe mode. Will retry in 1 sec. Remaining time (sec): 154
SCM is in safe mode. Will retry in 1 sec. Remaining time (sec): 153
SCM is in safe mode. Will retry in 1 sec. Remaining time (sec): 152
SCM is in safe mode. Will retry in 1 sec. Remaining time (sec): 151
SCM is in safe mode. Will retry in 1 sec. Remaining time (sec): 150
SCM is in safe mode. Will retry in 1 sec. Remaining time (sec): 149
SCM is in safe mode. Will retry in 1 sec. Remaining time (sec): 148
SCM is in safe mode. Will retry in 1 sec. Remaining time (sec): 147
SCM is in safe mode. Will retry in 1 sec. Remaining time (sec): 146
SCM is in safe mode. Will retry in 1 sec. Remaining time (sec): 145
SCM is in safe mode. Will retry in 1 sec. Remaining time (sec): 144
SCM is in safe mode. Will retry in 1 sec. Remaining time (sec): 143
SCM is in safe mode. Will retry in 1 sec. Remaining time (sec): 142
SCM is in safe mode. Will retry in 1 sec. Remaining time (sec): 141
SCM is in safe mode. Will retry in 1 sec. Remaining time (sec): 140
SCM is in safe mode. Will retry in 1 sec. Remaining time (sec): 139
SCM is in safe mode. Will retry in 1 sec. Remaining time (sec): 138
SCM is in safe mode. Will retry in 1 sec. Remaining time (sec): 137
SCM is in safe mode. Will retry in 1 sec. Remaining time (sec): 136
SCM is in safe mode. Will retry in 1 sec. Remaining time (sec): 135
SCM is in safe mode. Will retry in 1 sec. Remaining time (sec): 134
SCM is in safe mode. Will retry in 1 sec. Remaining time (sec): 133
SCM is in safe mode. Will retry in 1 sec. Remaining time (sec): 132
SCM is in safe mode. Will retry in 1 sec. Remaining time (sec): 131
SCM is in safe mode. Will retry in 1 sec. Remaining time (sec): 130
SCM is in safe mode. Will retry in 1 sec. Remaining time (sec): 129
SCM is in safe mode. Will retry in 1 sec. Remaining time (sec): 128
SCM is in safe mode. Will retry in 1 sec. Remaining time (sec): 127
SCM is in safe mode. Will retry in 1 sec. Remaining time (sec): 126
SCM is in safe mode. Will retry in 1 sec. Remaining time (sec): 125
SCM is in safe mode. Will retry in 1 sec. Remaining time (sec): 124
SCM is in safe mode. Will retry in 1 sec. Remaining time (sec): 123
SCM is in safe mode. Will retry in 1 sec. Remaining time (sec): 122
SCM is in safe mode. Will retry in 1 sec. Remaining time (sec): 121
SCM is in safe mode. Will retry in 1 sec. Remaining time (sec): 120
SCM is in safe mode. Will retry in 1 sec. Remaining time (sec): 119
SCM is in safe mode. Will retry in 1 sec. Remaining time (sec): 118
SCM is in safe mode. Will retry in 1 sec. Remaining time (sec): 117
SCM is in safe mode. Will retry in 1 sec. Remaining time (sec): 116
SCM is in safe mode. Will retry in 1 sec. Remaining time (sec): 115
SCM is in safe mode. Will retry in 1 sec. Remaining time (sec): 114
SCM is in safe mode. Will retry in 1 sec. Remaining time (sec): 113
SCM is in safe mode. Will retry in 1 sec. Remaining time (sec): 112
SCM is in safe mode. Will retry in 1 sec. Remaining time (sec): 111
SCM is in safe mode. Will retry in 1 sec. Remaining time (sec): 110
SCM is in safe mode. Will retry in 1 sec. Remaining time (sec): 109
SCM is in safe mode. Will retry in 1 sec. Remaining time (sec): 108
SCM is in safe mode. Will retry in 1 sec. Remaining time (sec): 107
SCM is in safe mode. Will retry in 1 sec. Remaining time (sec): 106
SCM is in safe mode. Will retry in 1 sec. Remaining time (sec): 105
SCM is in safe mode. Will retry in 1 sec. Remaining time (sec): 104
SCM is in safe mode. Will retry in 1 sec. Remaining time (sec): 103
SCM is in safe mode. Will retry in 1 sec. Remaining time (sec): 102
SCM is in safe mode. Will retry in 1 sec. Remaining time (sec): 101
SCM is in safe mode. Will retry in 1 sec. Remaining time (sec): 100
SCM is in safe mode. Will retry in 1 sec. Remaining time (sec): 99
SCM is in safe mode. Will retry in 1 sec. Remaining time (sec): 98
SCM is in safe mode. Will retry in 1 sec. Remaining time (sec): 97
SCM is in safe mode. Will retry in 1 sec. Remaining time (sec): 96
SCM is in safe mode. Will retry in 1 sec. Remaining time (sec): 95
SCM is in safe mode. Will retry in 1 sec. Remaining time (sec): 94
SCM is in safe mode. Will retry in 1 sec. Remaining time (sec): 93
SCM is in safe mode. Will retry in 1 sec. Remaining time (sec): 92
SCM is in safe mode. Will retry in 1 sec. Remaining time (sec): 91
SCM is in safe mode. Will retry in 1 sec. Remaining time (sec): 90
SCM is in safe mode. Will retry in 1 sec. Remaining time (sec): 89
SCM is in safe mode. Will retry in 1 sec. Remaining time (sec): 88
SCM is in safe mode. Will retry in 1 sec. Remaining time (sec): 87
SCM is in safe mode. Will retry in 1 sec. Remaining time (sec): 86
SCM is in safe mode. Will retry in 1 sec. Remaining time (sec): 85
SCM is in safe mode. Will retry in 1 sec. Remaining time (sec): 84
SCM is in safe mode. Will retry in 1 sec. Remaining time (sec): 83
SCM is in safe mode. Will retry in 1 sec. Remaining time (sec): 82
SCM is in safe mode. Will retry in 1 sec. Remaining time (sec): 81
SCM is in safe mode. Will retry in 1 sec. Remaining time (sec): 80
SCM is in safe mode. Will retry in 1 sec. Remaining time (sec): 79
SCM is in safe mode. Will retry in 1 sec. Remaining time (sec): 78
SCM is in safe mode. Will retry in 1 sec. Remaining time (sec): 77
SCM is in safe mode. Will retry in 1 sec. Remaining time (sec): 76
SCM is in safe mode. Will retry in 1 sec. Remaining time (sec): 75
SCM is in safe mode. Will retry in 1 sec. Remaining time (sec): 74
SCM is in safe mode. Will retry in 1 sec. Remaining time (sec): 73
SCM is in safe mode. Will retry in 1 sec. Remaining time (sec): 72
SCM is in safe mode. Will retry in 1 sec. Remaining time (sec): 71
SCM is in safe mode. Will retry in 1 sec. Remaining time (sec): 70
SCM is in safe mode. Will retry in 1 sec. Remaining time (sec): 69
SCM is in safe mode. Will retry in 1 sec. Remaining time (sec): 68
SCM is in safe mode. Will retry in 1 sec. Remaining time (sec): 67
SCM is in safe mode. Will retry in 1 sec. Remaining time (sec): 66
SCM is in safe mode. Will retry in 1 sec. Remaining time (sec): 65
SCM is in safe mode. Will retry in 1 sec. Remaining time (sec): 64
SCM is in safe mode. Will retry in 1 sec. Remaining time (sec): 63
SCM is in safe mode. Will retry in 1 sec. Remaining time (sec): 62
SCM is in safe mode. Will retry in 1 sec. Remaining time (sec): 61
SCM is in safe mode. Will retry in 1 sec. Remaining time (sec): 60
SCM is in safe mode. Will retry in 1 sec. Remaining time (sec): 59
SCM is in safe mode. Will retry in 1 sec. Remaining time (sec): 58
SCM is in safe mode. Will retry in 1 sec. Remaining time (sec): 57
SCM is in safe mode. Will retry in 1 sec. Remaining time (sec): 56
SCM is in safe mode. Will retry in 1 sec. Remaining time (sec): 55
SCM is in safe mode. Will retry in 1 sec. Remaining time (sec): 54
SCM is in safe mode. Will retry in 1 sec. Remaining time (sec): 53
SCM is in safe mode. Will retry in 1 sec. Remaining time (sec): 52
SCM is in safe mode. Will retry in 1 sec. Remaining time (sec): 51
SCM is in safe mode. Will retry in 1 sec. Remaining time (sec): 50
SCM is in safe mode. Will retry in 1 sec. Remaining time (sec): 49
SCM is in safe mode. Will retry in 1 sec. Remaining time (sec): 48
SCM is in safe mode. Will retry in 1 sec. Remaining time (sec): 47
SCM is in safe mode. Will retry in 1 sec. Remaining time (sec): 46
SCM is in safe mode. Will retry in 1 sec. Remaining time (sec): 45
SCM is in safe mode. Will retry in 1 sec. Remaining time (sec): 44
SCM is in safe mode. Will retry in 1 sec. Remaining time (sec): 43
SCM is in safe mode. Will retry in 1 sec. Remaining time (sec): 42
SCM is in safe mode. Will retry in 1 sec. Remaining time (sec): 41
SCM is in safe mode. Will retry in 1 sec. Remaining time (sec): 40
SCM is in safe mode. Will retry in 1 sec. Remaining time (sec): 39
SCM is in safe mode. Will retry in 1 sec. Remaining time (sec): 38
SCM is in safe mode. Will retry in 1 sec. Remaining time (sec): 37
SCM is in safe mode. Will retry in 1 sec. Remaining time (sec): 36
SCM is in safe mode. Will retry in 1 sec. Remaining time (sec): 35
SCM is in safe mode. Will retry in 1 sec. Remaining time (sec): 34
SCM is in safe mode. Will retry in 1 sec. Remaining time (sec): 33
SCM is in safe mode. Will retry in 1 sec. Remaining time (sec): 32
SCM is in safe mode. Will retry in 1 sec. Remaining time (sec): 31
SCM is in safe mode. Will retry in 1 sec. Remaining time (sec): 30
SCM is in safe mode. Will retry in 1 sec. Remaining time (sec): 29
SCM is in safe mode. Will retry in 1 sec. Remaining time (sec): 28
SCM is in safe mode. Will retry in 1 sec. Remaining time (sec): 27
SCM is in safe mode. Will retry in 1 sec. Remaining time (sec): 26
SCM is in safe mode. Will retry in 1 sec. Remaining time (sec): 25
SCM is in safe mode. Will retry in 1 sec. Remaining time (sec): 24
SCM is in safe mode. Will retry in 1 sec. Remaining time (sec): 23
SCM is in safe mode. Will retry in 1 sec. Remaining time (sec): 22
SCM is in safe mode. Will retry in 1 sec. Remaining time (sec): 21
SCM is in safe mode. Will retry in 1 sec. Remaining time (sec): 20
SCM is in safe mode. Will retry in 1 sec. Remaining time (sec): 19
SCM is in safe mode. Will retry in 1 sec. Remaining time (sec): 18
SCM is in safe mode. Will retry in 1 sec. Remaining time (sec): 17
SCM is in safe mode. Will retry in 1 sec. Remaining time (sec): 16
SCM is in safe mode. Will retry in 1 sec. Remaining time (sec): 15
SCM is in safe mode. Will retry in 1 sec. Remaining time (sec): 14
SCM is in safe mode. Will retry in 1 sec. Remaining time (sec): 13
SCM is in safe mode. Will retry in 1 sec. Remaining time (sec): 12
SCM is in safe mode. Will retry in 1 sec. Remaining time (sec): 11
SCM is in safe mode. Will retry in 1 sec. Remaining time (sec): 10
SCM is in safe mode. Will retry in 1 sec. Remaining time (sec): 9
SCM is in safe mode. Will retry in 1 sec. Remaining time (sec): 8
SCM is in safe mode. Will retry in 1 sec. Remaining time (sec): 7
SCM is in safe mode. Will retry in 1 sec. Remaining time (sec): 6
SCM is in safe mode. Will retry in 1 sec. Remaining time (sec): 5
SCM is in safe mode. Will retry in 1 sec. Remaining time (sec): 4
SCM is in safe mode. Will retry in 1 sec. Remaining time (sec): 3
SCM is in safe mode. Will retry in 1 sec. Remaining time (sec): 2
SCM is in safe mode. Will retry in 1 sec. Remaining time (sec): 1
SCM is in safe mode. No more retries.
Safe mode is not ended within the timeout period.
ERROR: Test execution of xcompat/test-new.sh is FAILED!!!!
mkdir: created directory '/home/runner/work/ozone/ozone/hadoop-ozone/dist/target/ozone-2.3.0-SNAPSHOT/compose/result/xcompat'
mkdir: created directory '/home/runner/work/ozone/ozone/hadoop-ozone/dist/target/ozone-2.3.0-SNAPSHOT/compose/result/xcompat/new'
renamed 'xcompat/result/dn-audit-dn.log' -> '/home/runner/work/ozone/ozone/hadoop-ozone/dist/target/ozone-2.3.0-SNAPSHOT/compose/result/xcompat/new/dn-audit-dn.log'
renamed 'xcompat/result/docker-xcompat-datanode-1.log' -> '/home/runner/work/ozone/ozone/hadoop-ozone/dist/target/ozone-2.3.0-SNAPSHOT/compose/result/xcompat/new/docker-xcompat-datanode-1.log'
renamed 'xcompat/result/docker-xcompat-datanode-2.log' -> '/home/runner/work/ozone/ozone/hadoop-ozone/dist/target/ozone-2.3.0-SNAPSHOT/compose/result/xcompat/new/docker-xcompat-datanode-2.log'
renamed 'xcompat/result/docker-xcompat-datanode-3.log' -> '/home/runner/work/ozone/ozone/hadoop-ozone/dist/target/ozone-2.3.0-SNAPSHOT/compose/result/xcompat/new/docker-xcompat-datanode-3.log'
renamed 'xcompat/result/docker-xcompat-datanode-4.log' -> '/home/runner/work/ozone/ozone/hadoop-ozone/dist/target/ozone-2.3.0-SNAPSHOT/compose/result/xcompat/new/docker-xcompat-datanode-4.log'
renamed 'xcompat/result/docker-xcompat-datanode-5.log' -> '/home/runner/work/ozone/ozone/hadoop-ozone/dist/target/ozone-2.3.0-SNAPSHOT/compose/result/xcompat/new/docker-xcompat-datanode-5.log'
renamed 'xcompat/result/docker-xcompat-kdc-1.log' -> '/home/runner/work/ozone/ozone/hadoop-ozone/dist/target/ozone-2.3.0-SNAPSHOT/compose/result/xcompat/new/docker-xcompat-kdc-1.log'
renamed 'xcompat/result/docker-xcompat-kms-1.log' -> '/home/runner/work/ozone/ozone/hadoop-ozone/dist/target/ozone-2.3.0-SNAPSHOT/compose/result/xcompat/new/docker-xcompat-kms-1.log'
renamed 'xcompat/result/docker-xcompat-new_client-1.log' -> '/home/runner/work/ozone/ozone/hadoop-ozone/dist/target/ozone-2.3.0-SNAPSHOT/compose/result/xcompat/new/docker-xcompat-new_client-1.log'
renamed 'xcompat/result/docker-xcompat-old_client_1_0_0-1.log' -> '/home/runner/work/ozone/ozone/hadoop-ozone/dist/target/ozone-2.3.0-SNAPSHOT/compose/result/xcompat/new/docker-xcompat-old_client_1_0_0-1.log'
renamed 'xcompat/result/docker-xcompat-old_client_1_1_0-1.log' -> '/home/runner/work/ozone/ozone/hadoop-ozone/dist/target/ozone-2.3.0-SNAPSHOT/compose/result/xcompat/new/docker-xcompat-old_client_1_1_0-1.log'
renamed 'xcompat/result/docker-xcompat-old_client_1_2_1-1.log' -> '/home/runner/work/ozone/ozone/hadoop-ozone/dist/target/ozone-2.3.0-SNAPSHOT/compose/result/xcompat/new/docker-xcompat-old_client_1_2_1-1.log'
renamed 'xcompat/result/docker-xcompat-old_client_1_3_0-1.log' -> '/home/runner/work/ozone/ozone/hadoop-ozone/dist/target/ozone-2.3.0-SNAPSHOT/compose/result/xcompat/new/docker-xcompat-old_client_1_3_0-1.log'
renamed 'xcompat/result/docker-xcompat-old_client_1_4_0-1.log' -> '/home/runner/work/ozone/ozone/hadoop-ozone/dist/target/ozone-2.3.0-SNAPSHOT/compose/result/xcompat/new/docker-xcompat-old_client_1_4_0-1.log'
renamed 'xcompat/result/docker-xcompat-old_client_1_4_1-1.log' -> '/home/runner/work/ozone/ozone/hadoop-ozone/dist/target/ozone-2.3.0-SNAPSHOT/compose/result/xcompat/new/docker-xcompat-old_client_1_4_1-1.log'
renamed 'xcompat/result/docker-xcompat-old_client_2_0_0-1.log' -> '/home/runner/work/ozone/ozone/hadoop-ozone/dist/target/ozone-2.3.0-SNAPSHOT/compose/result/xcompat/new/docker-xcompat-old_client_2_0_0-1.log'
renamed 'xcompat/result/docker-xcompat-old_client_2_1_1-1.log' -> '/home/runner/work/ozone/ozone/hadoop-ozone/dist/target/ozone-2.3.0-SNAPSHOT/compose/result/xcompat/new/docker-xcompat-old_client_2_1_1-1.log'
renamed 'xcompat/result/docker-xcompat-old_client_2_2_0-1.log' -> '/home/runner/work/ozone/ozone/hadoop-ozone/dist/target/ozone-2.3.0-SNAPSHOT/compose/result/xcompat/new/docker-xcompat-old_client_2_2_0-1.log'
renamed 'xcompat/result/docker-xcompat-om-1.log' -> '/home/runner/work/ozone/ozone/hadoop-ozone/dist/target/ozone-2.3.0-SNAPSHOT/compose/result/xcompat/new/docker-xcompat-om-1.log'
renamed 'xcompat/result/docker-xcompat-recon-1.log' -> '/home/runner/work/ozone/ozone/hadoop-ozone/dist/target/ozone-2.3.0-SNAPSHOT/compose/result/xcompat/new/docker-xcompat-recon-1.log'
renamed 'xcompat/result/docker-xcompat-s3g-1.log' -> '/home/runner/work/ozone/ozone/hadoop-ozone/dist/target/ozone-2.3.0-SNAPSHOT/compose/result/xcompat/new/docker-xcompat-s3g-1.log'
renamed 'xcompat/result/docker-xcompat-scm-1.log' -> '/home/runner/work/ozone/ozone/hadoop-ozone/dist/target/ozone-2.3.0-SNAPSHOT/compose/result/xcompat/new/docker-xcompat-scm-1.log'
renamed 'xcompat/result/kms-audit.log' -> '/home/runner/work/ozone/ozone/hadoop-ozone/dist/target/ozone-2.3.0-SNAPSHOT/compose/result/xcompat/new/kms-audit.log'
renamed 'xcompat/result/om-audit-om.log' -> '/home/runner/work/ozone/ozone/hadoop-ozone/dist/target/ozone-2.3.0-SNAPSHOT/compose/result/xcompat/new/om-audit-om.log'
renamed 'xcompat/result/om-sys-audit-om.log' -> '/home/runner/work/ozone/ozone/hadoop-ozone/dist/target/ozone-2.3.0-SNAPSHOT/compose/result/xcompat/new/om-sys-audit-om.log'
renamed 'xcompat/result/s3g-audit-s3g.log' -> '/home/runner/work/ozone/ozone/hadoop-ozone/dist/target/ozone-2.3.0-SNAPSHOT/compose/result/xcompat/new/s3g-audit-s3g.log'
renamed 'xcompat/result/scm-audit-scm.log' -> '/home/runner/work/ozone/ozone/hadoop-ozone/dist/target/ozone-2.3.0-SNAPSHOT/compose/result/xcompat/new/scm-audit-scm.log'
removed '/tmp/robot-data-zMtlnH/small'
removed directory '/tmp/robot-data-zMtlnH'
