Using Docker Compose v2
Executing test ozonesecure-ha/test-leadership.sh
Using Docker Compose v2
Port 88 is available on kdc
Port 9860 is not available on scm1.org yet
Port 9860 is not available on scm1.org yet
Port 9860 is not available on scm1.org yet
Port 9860 is not available on scm1.org yet
Port 9860 is not available on scm1.org yet
Port 9860 is not available on scm1.org yet
Port 9860 is not available on scm1.org yet
Port 9860 is not available on scm1.org yet
Port 9860 is not available on scm1.org yet
Port 9860 is not available on scm1.org yet
Port 9860 is not available on scm1.org yet
Port 9860 is not available on scm1.org yet
Port 9860 is not available on scm1.org yet
Port 9860 is not available on scm1.org yet
Port 9860 is not available on scm1.org yet
Port 9860 is not available on scm1.org yet
Port 9860 is not available on scm1.org yet
Port 9860 is not available on scm1.org yet
Port 9860 is not available on scm1.org yet
Port 9860 is available on scm1.org
SCM is in safe mode. Will retry in 1 sec. Remaining time (sec): 239
SCM is in safe mode. Will retry in 1 sec. Remaining time (sec): 238
SCM is in safe mode. Will retry in 1 sec. Remaining time (sec): 237
SCM is in safe mode. Will retry in 1 sec. Remaining time (sec): 236
SCM is in safe mode. Will retry in 1 sec. Remaining time (sec): 235
SCM is in safe mode. Will retry in 1 sec. Remaining time (sec): 234
SCM is in safe mode. Will retry in 1 sec. Remaining time (sec): 233
SCM is in safe mode. Will retry in 1 sec. Remaining time (sec): 232
SCM is in safe mode. Will retry in 1 sec. Remaining time (sec): 231
SCM is in safe mode. Will retry in 1 sec. Remaining time (sec): 230
SCM is in safe mode. Will retry in 1 sec. Remaining time (sec): 229
SCM is in safe mode. Will retry in 1 sec. Remaining time (sec): 228
SCM is in safe mode. Will retry in 1 sec. Remaining time (sec): 227
SCM is in safe mode. Will retry in 1 sec. Remaining time (sec): 226
SCM is in safe mode. Will retry in 1 sec. Remaining time (sec): 225
SCM is in safe mode. Will retry in 1 sec. Remaining time (sec): 224
SCM is in safe mode. Will retry in 1 sec. Remaining time (sec): 223
SCM is in safe mode. Will retry in 1 sec. Remaining time (sec): 222
SCM is in safe mode. Will retry in 1 sec. Remaining time (sec): 221
SCM is in safe mode. Will retry in 1 sec. Remaining time (sec): 220
SCM is in safe mode. Will retry in 1 sec. Remaining time (sec): 219
SCM is in safe mode. Will retry in 1 sec. Remaining time (sec): 218
SCM is in safe mode. Will retry in 1 sec. Remaining time (sec): 217
SCM is in safe mode. Will retry in 1 sec. Remaining time (sec): 216
SCM is in safe mode. Will retry in 1 sec. Remaining time (sec): 215
SCM is in safe mode. Will retry in 1 sec. Remaining time (sec): 214
SCM is in safe mode. Will retry in 1 sec. Remaining time (sec): 213
SCM is in safe mode. Will retry in 1 sec. Remaining time (sec): 212
SCM is in safe mode. Will retry in 1 sec. Remaining time (sec): 211
SCM is in safe mode. Will retry in 1 sec. Remaining time (sec): 210
SCM is in safe mode. Will retry in 1 sec. Remaining time (sec): 209
SCM is in safe mode. Will retry in 1 sec. Remaining time (sec): 208
SCM is in safe mode. Will retry in 1 sec. Remaining time (sec): 207
SCM is in safe mode. Will retry in 1 sec. Remaining time (sec): 206
SCM is in safe mode. Will retry in 1 sec. Remaining time (sec): 205
SCM is in safe mode. Will retry in 1 sec. Remaining time (sec): 204
SCM is in safe mode. Will retry in 1 sec. Remaining time (sec): 203
SCM is in safe mode. Will retry in 1 sec. Remaining time (sec): 202
SCM is in safe mode. Will retry in 1 sec. Remaining time (sec): 201
SCM is in safe mode. Will retry in 1 sec. Remaining time (sec): 200
SCM is in safe mode. Will retry in 1 sec. Remaining time (sec): 199
SCM is in safe mode. Will retry in 1 sec. Remaining time (sec): 198
SCM is in safe mode. Will retry in 1 sec. Remaining time (sec): 197
SCM is in safe mode. Will retry in 1 sec. Remaining time (sec): 196
SCM is in safe mode. Will retry in 1 sec. Remaining time (sec): 195
SCM is in safe mode. Will retry in 1 sec. Remaining time (sec): 194
SCM is in safe mode. Will retry in 1 sec. Remaining time (sec): 193
SCM is in safe mode. Will retry in 1 sec. Remaining time (sec): 192
SCM is in safe mode. Will retry in 1 sec. Remaining time (sec): 191
SCM is in safe mode. Will retry in 1 sec. Remaining time (sec): 190
SCM is in safe mode. Will retry in 1 sec. Remaining time (sec): 189
SCM is in safe mode. Will retry in 1 sec. Remaining time (sec): 188
SCM is in safe mode. Will retry in 1 sec. Remaining time (sec): 187
SCM is in safe mode. Will retry in 1 sec. Remaining time (sec): 186
SCM is in safe mode. Will retry in 1 sec. Remaining time (sec): 185
SCM is in safe mode. Will retry in 1 sec. Remaining time (sec): 184
SCM is in safe mode. Will retry in 1 sec. Remaining time (sec): 183
SCM is in safe mode. Will retry in 1 sec. Remaining time (sec): 182
SCM is in safe mode. Will retry in 1 sec. Remaining time (sec): 181
SCM is in safe mode. Will retry in 1 sec. Remaining time (sec): 180
SCM is in safe mode. Will retry in 1 sec. Remaining time (sec): 179
SCM is in safe mode. Will retry in 1 sec. Remaining time (sec): 178
SCM is in safe mode. Will retry in 1 sec. Remaining time (sec): 177
SCM is in safe mode. Will retry in 1 sec. Remaining time (sec): 176
SCM is in safe mode. Will retry in 1 sec. Remaining time (sec): 175
SCM is in safe mode. Will retry in 1 sec. Remaining time (sec): 174
SCM is in safe mode. Will retry in 1 sec. Remaining time (sec): 173
SCM is in safe mode. Will retry in 1 sec. Remaining time (sec): 172
SCM is in safe mode. Will retry in 1 sec. Remaining time (sec): 171
SCM is in safe mode. Will retry in 1 sec. Remaining time (sec): 170
SCM is in safe mode. Will retry in 1 sec. Remaining time (sec): 169
SCM is in safe mode. Will retry in 1 sec. Remaining time (sec): 168
SCM is in safe mode. Will retry in 1 sec. Remaining time (sec): 167
SCM is in safe mode. Will retry in 1 sec. Remaining time (sec): 166
SCM is in safe mode. Will retry in 1 sec. Remaining time (sec): 165
SCM is in safe mode. Will retry in 1 sec. Remaining time (sec): 164
SCM is in safe mode. Will retry in 1 sec. Remaining time (sec): 163
SCM is in safe mode. Will retry in 1 sec. Remaining time (sec): 162
SCM is in safe mode. Will retry in 1 sec. Remaining time (sec): 161
SCM is in safe mode. Will retry in 1 sec. Remaining time (sec): 160
SCM is in safe mode. Will retry in 1 sec. Remaining time (sec): 159
SCM is in safe mode. Will retry in 1 sec. Remaining time (sec): 158
SCM is in safe mode. Will retry in 1 sec. Remaining time (sec): 157
SCM is in safe mode. Will retry in 1 sec. Remaining time (sec): 156
SCM is in safe mode. Will retry in 1 sec. Remaining time (sec): 155
SCM is in safe mode. Will retry in 1 sec. Remaining time (sec): 154
SCM is in safe mode. Will retry in 1 sec. Remaining time (sec): 153
SCM is in safe mode. Will retry in 1 sec. Remaining time (sec): 152
SCM is in safe mode. Will retry in 1 sec. Remaining time (sec): 151
SCM is in safe mode. Will retry in 1 sec. Remaining time (sec): 150
SCM is in safe mode. Will retry in 1 sec. Remaining time (sec): 149
SCM is in safe mode. Will retry in 1 sec. Remaining time (sec): 148
SCM is in safe mode. Will retry in 1 sec. Remaining time (sec): 147
SCM is in safe mode. Will retry in 1 sec. Remaining time (sec): 146
SCM is in safe mode. Will retry in 1 sec. Remaining time (sec): 145
SCM is in safe mode. Will retry in 1 sec. Remaining time (sec): 144
SCM is in safe mode. Will retry in 1 sec. Remaining time (sec): 143
SCM is in safe mode. Will retry in 1 sec. Remaining time (sec): 142
SCM is out of safe mode.
Found OM leader for service omservice: om2 : LEADER (om2)
Replaced OM order with om2,om3,om1 in ozonesecure-ha-datanode1-1
Replaced OM order with om2,om3,om1 in ozonesecure-ha-datanode2-1
Replaced OM order with om2,om3,om1 in ozonesecure-ha-datanode3-1
Replaced OM order with om2,om3,om1 in ozonesecure-ha-httpfs-1
Replaced OM order with om2,om3,om1 in ozonesecure-ha-om1-1
Replaced OM order with om2,om3,om1 in ozonesecure-ha-om2-1
Replaced OM order with om2,om3,om1 in ozonesecure-ha-om3-1
Replaced OM order with om2,om3,om1 in ozonesecure-ha-recon-1
Replaced OM order with om2,om3,om1 in ozonesecure-ha-s3g-1
Replaced OM order with om2,om3,om1 in ozonesecure-ha-scm1.org-1
Replaced OM order with om2,om3,om1 in ozonesecure-ha-scm2.org-1
Replaced OM order with om2,om3,om1 in ozonesecure-ha-scm3.org-1
==============================================================================
Kinit :: Kinit test user                                                      
==============================================================================
Kinit                                                                 | PASS |
------------------------------------------------------------------------------
Kinit :: Kinit test user                                              | PASS |
1 test, 1 passed, 0 failed
==============================================================================
Output:  /tmp/smoketest/ozonesecure-ha/result/robot-001.xml
==============================================================================
Scmrole :: Smoketest ozone cluster startup                                    
==============================================================================
Run scm roles                                                         | PASS |
------------------------------------------------------------------------------
List scm roles as JSON                                                | PASS |
------------------------------------------------------------------------------
List scm roles as TABLE                                               | PASS |
------------------------------------------------------------------------------
Scmrole :: Smoketest ozone cluster startup                            | PASS |
3 tests, 3 passed, 0 failed
==============================================================================
Output:  /tmp/smoketest/ozonesecure-ha/result/robot-002.xml
==============================================================================
Om-Fetch-Key :: Smoke test for om fetch-key                                   
==============================================================================
Fetch Key with Valid ServiceID Specified                              | PASS |
------------------------------------------------------------------------------
Fetch Key with Multiple ServiceIDs, Valid ServiceID Specified         | PASS |
------------------------------------------------------------------------------
Fetch Key with Multiple ServiceIDs, Unconfigured ServiceID Specified  | PASS |
------------------------------------------------------------------------------
Fetch Key with Multiple ServiceIDs, Invalid ServiceID Specified       | PASS |
------------------------------------------------------------------------------
Fetch Key without OM Service ID                                       | PASS |
------------------------------------------------------------------------------
Fetch Key with Multiple ServiceIDs, No ServiceID Specified            | PASS |
------------------------------------------------------------------------------
Om-Fetch-Key :: Smoke test for om fetch-key                           | PASS |
6 tests, 6 passed, 0 failed
==============================================================================
Output:  /tmp/smoketest/ozonesecure-ha/result/robot-003.xml
==============================================================================
Om-Roles :: Smoke test for listing om roles.                                  
==============================================================================
List om roles with OM service ID passed                               | PASS |
------------------------------------------------------------------------------
List om roles without OM service ID passed                            | PASS |
------------------------------------------------------------------------------
List om roles as JSON with OM service ID passed                       | PASS |
------------------------------------------------------------------------------
List om roles as JSON without OM service ID passed                    | PASS |
------------------------------------------------------------------------------
List om roles as TABLE with OM service ID passed                      | PASS |
------------------------------------------------------------------------------
List om roles as TABLE without OM service ID passed                   | PASS |
------------------------------------------------------------------------------
Om-Roles :: Smoke test for listing om roles.                          | PASS |
6 tests, 6 passed, 0 failed
==============================================================================
Output:  /tmp/smoketest/ozonesecure-ha/result/robot-004.xml
==============================================================================
Om-Leader-Transfer :: Smoketest for OM leader transfer                        
==============================================================================
Transfer Leadership for OM with Valid ServiceID Specified             | PASS |
------------------------------------------------------------------------------
Transfer Leadership for OM with Multiple ServiceIDs, Valid Service... | PASS |
------------------------------------------------------------------------------
Transfer Leadership for OM with Multiple ServiceIDs, Unconfigured ... | PASS |
------------------------------------------------------------------------------
Transfer Leadership for OM with Multiple ServiceIDs, Invalid Servi... | PASS |
------------------------------------------------------------------------------
Transfer Leadership for OM without ServiceID specified                | PASS |
------------------------------------------------------------------------------
Transfer Leadership for OM with Multiple ServiceIDs, No ServiceID ... | PASS |
------------------------------------------------------------------------------
Transfer Leadership for OM randomly with Valid ServiceID Specified    | PASS |
------------------------------------------------------------------------------
Transfer Leadership for OM randomly with Multiple ServiceIDs, Vali... | PASS |
------------------------------------------------------------------------------
Transfer Leadership for OM randomly with Multiple ServiceIDs, Unco... | PASS |
------------------------------------------------------------------------------
Transfer Leadership for OM randomly with Multiple ServiceIDs, Inva... | PASS |
------------------------------------------------------------------------------
Transfer Leadership for OM randomly without ServiceID specified       | PASS |
------------------------------------------------------------------------------
Transfer Leadership for OM randomly with Multiple ServiceIDs, No S... | PASS |
------------------------------------------------------------------------------
Om-Leader-Transfer :: Smoketest for OM leader transfer                | PASS |
12 tests, 12 passed, 0 failed
==============================================================================
Output:  /tmp/smoketest/ozonesecure-ha/result/robot-005.xml
==============================================================================
Scm-Leader-Transfer :: Smoketest ozone cluster startup                        
==============================================================================
Transfer Leadership                                                   | PASS |
------------------------------------------------------------------------------
Scm-Leader-Transfer :: Smoketest ozone cluster startup                | PASS |
1 test, 1 passed, 0 failed
==============================================================================
Output:  /tmp/smoketest/ozonesecure-ha/result/robot-006.xml
To use Ozone please mount ozone folder to /opt/hadoop
Output:  /rebot-output/ozonesecure-ha-leadership.xml
renamed '/home/runner/work/ozone/ozone/hadoop-ozone/dist/target/ozone-2.3.0-SNAPSHOT/compose/result/rebot-F86peV/ozonesecure-ha-leadership.xml' -> '/home/runner/work/ozone/ozone/hadoop-ozone/dist/target/ozone-2.3.0-SNAPSHOT/compose/result/ozonesecure-ha-leadership.xml'
removed 'ozonesecure-ha/result/robot-001.xml'
removed 'ozonesecure-ha/result/robot-002.xml'
removed 'ozonesecure-ha/result/robot-003.xml'
removed 'ozonesecure-ha/result/robot-004.xml'
removed 'ozonesecure-ha/result/robot-005.xml'
removed 'ozonesecure-ha/result/robot-006.xml'
mkdir: created directory '/home/runner/work/ozone/ozone/hadoop-ozone/dist/target/ozone-2.3.0-SNAPSHOT/compose/result/ozonesecure-ha'
mkdir: created directory '/home/runner/work/ozone/ozone/hadoop-ozone/dist/target/ozone-2.3.0-SNAPSHOT/compose/result/ozonesecure-ha/leadership'
renamed 'ozonesecure-ha/result/dn-audit-0c6139a842d1.log' -> '/home/runner/work/ozone/ozone/hadoop-ozone/dist/target/ozone-2.3.0-SNAPSHOT/compose/result/ozonesecure-ha/leadership/dn-audit-0c6139a842d1.log'
renamed 'ozonesecure-ha/result/dn-audit-4f83861cef4b.log' -> '/home/runner/work/ozone/ozone/hadoop-ozone/dist/target/ozone-2.3.0-SNAPSHOT/compose/result/ozonesecure-ha/leadership/dn-audit-4f83861cef4b.log'
renamed 'ozonesecure-ha/result/dn-audit-fe95622fe87d.log' -> '/home/runner/work/ozone/ozone/hadoop-ozone/dist/target/ozone-2.3.0-SNAPSHOT/compose/result/ozonesecure-ha/leadership/dn-audit-fe95622fe87d.log'
renamed 'ozonesecure-ha/result/docker-ozonesecure-ha-datanode1-1.log' -> '/home/runner/work/ozone/ozone/hadoop-ozone/dist/target/ozone-2.3.0-SNAPSHOT/compose/result/ozonesecure-ha/leadership/docker-ozonesecure-ha-datanode1-1.log'
renamed 'ozonesecure-ha/result/docker-ozonesecure-ha-datanode2-1.log' -> '/home/runner/work/ozone/ozone/hadoop-ozone/dist/target/ozone-2.3.0-SNAPSHOT/compose/result/ozonesecure-ha/leadership/docker-ozonesecure-ha-datanode2-1.log'
renamed 'ozonesecure-ha/result/docker-ozonesecure-ha-datanode3-1.log' -> '/home/runner/work/ozone/ozone/hadoop-ozone/dist/target/ozone-2.3.0-SNAPSHOT/compose/result/ozonesecure-ha/leadership/docker-ozonesecure-ha-datanode3-1.log'
renamed 'ozonesecure-ha/result/docker-ozonesecure-ha-httpfs-1.log' -> '/home/runner/work/ozone/ozone/hadoop-ozone/dist/target/ozone-2.3.0-SNAPSHOT/compose/result/ozonesecure-ha/leadership/docker-ozonesecure-ha-httpfs-1.log'
renamed 'ozonesecure-ha/result/docker-ozonesecure-ha-kdc-1.log' -> '/home/runner/work/ozone/ozone/hadoop-ozone/dist/target/ozone-2.3.0-SNAPSHOT/compose/result/ozonesecure-ha/leadership/docker-ozonesecure-ha-kdc-1.log'
renamed 'ozonesecure-ha/result/docker-ozonesecure-ha-kms-1.log' -> '/home/runner/work/ozone/ozone/hadoop-ozone/dist/target/ozone-2.3.0-SNAPSHOT/compose/result/ozonesecure-ha/leadership/docker-ozonesecure-ha-kms-1.log'
renamed 'ozonesecure-ha/result/docker-ozonesecure-ha-om1-1.log' -> '/home/runner/work/ozone/ozone/hadoop-ozone/dist/target/ozone-2.3.0-SNAPSHOT/compose/result/ozonesecure-ha/leadership/docker-ozonesecure-ha-om1-1.log'
renamed 'ozonesecure-ha/result/docker-ozonesecure-ha-om2-1.log' -> '/home/runner/work/ozone/ozone/hadoop-ozone/dist/target/ozone-2.3.0-SNAPSHOT/compose/result/ozonesecure-ha/leadership/docker-ozonesecure-ha-om2-1.log'
renamed 'ozonesecure-ha/result/docker-ozonesecure-ha-om3-1.log' -> '/home/runner/work/ozone/ozone/hadoop-ozone/dist/target/ozone-2.3.0-SNAPSHOT/compose/result/ozonesecure-ha/leadership/docker-ozonesecure-ha-om3-1.log'
renamed 'ozonesecure-ha/result/docker-ozonesecure-ha-om4-1.log' -> '/home/runner/work/ozone/ozone/hadoop-ozone/dist/target/ozone-2.3.0-SNAPSHOT/compose/result/ozonesecure-ha/leadership/docker-ozonesecure-ha-om4-1.log'
renamed 'ozonesecure-ha/result/docker-ozonesecure-ha-recon-1.log' -> '/home/runner/work/ozone/ozone/hadoop-ozone/dist/target/ozone-2.3.0-SNAPSHOT/compose/result/ozonesecure-ha/leadership/docker-ozonesecure-ha-recon-1.log'
renamed 'ozonesecure-ha/result/docker-ozonesecure-ha-s3g-1.log' -> '/home/runner/work/ozone/ozone/hadoop-ozone/dist/target/ozone-2.3.0-SNAPSHOT/compose/result/ozonesecure-ha/leadership/docker-ozonesecure-ha-s3g-1.log'
renamed 'ozonesecure-ha/result/docker-ozonesecure-ha-scm1.org-1.log' -> '/home/runner/work/ozone/ozone/hadoop-ozone/dist/target/ozone-2.3.0-SNAPSHOT/compose/result/ozonesecure-ha/leadership/docker-ozonesecure-ha-scm1.org-1.log'
renamed 'ozonesecure-ha/result/docker-ozonesecure-ha-scm2.org-1.log' -> '/home/runner/work/ozone/ozone/hadoop-ozone/dist/target/ozone-2.3.0-SNAPSHOT/compose/result/ozonesecure-ha/leadership/docker-ozonesecure-ha-scm2.org-1.log'
renamed 'ozonesecure-ha/result/docker-ozonesecure-ha-scm3.org-1.log' -> '/home/runner/work/ozone/ozone/hadoop-ozone/dist/target/ozone-2.3.0-SNAPSHOT/compose/result/ozonesecure-ha/leadership/docker-ozonesecure-ha-scm3.org-1.log'
renamed 'ozonesecure-ha/result/kms-audit.log' -> '/home/runner/work/ozone/ozone/hadoop-ozone/dist/target/ozone-2.3.0-SNAPSHOT/compose/result/ozonesecure-ha/leadership/kms-audit.log'
renamed 'ozonesecure-ha/result/om-audit-om1.log' -> '/home/runner/work/ozone/ozone/hadoop-ozone/dist/target/ozone-2.3.0-SNAPSHOT/compose/result/ozonesecure-ha/leadership/om-audit-om1.log'
renamed 'ozonesecure-ha/result/om-audit-om2.log' -> '/home/runner/work/ozone/ozone/hadoop-ozone/dist/target/ozone-2.3.0-SNAPSHOT/compose/result/ozonesecure-ha/leadership/om-audit-om2.log'
renamed 'ozonesecure-ha/result/om-audit-om3.log' -> '/home/runner/work/ozone/ozone/hadoop-ozone/dist/target/ozone-2.3.0-SNAPSHOT/compose/result/ozonesecure-ha/leadership/om-audit-om3.log'
renamed 'ozonesecure-ha/result/om-sys-audit-om1.log' -> '/home/runner/work/ozone/ozone/hadoop-ozone/dist/target/ozone-2.3.0-SNAPSHOT/compose/result/ozonesecure-ha/leadership/om-sys-audit-om1.log'
renamed 'ozonesecure-ha/result/om-sys-audit-om2.log' -> '/home/runner/work/ozone/ozone/hadoop-ozone/dist/target/ozone-2.3.0-SNAPSHOT/compose/result/ozonesecure-ha/leadership/om-sys-audit-om2.log'
renamed 'ozonesecure-ha/result/om-sys-audit-om3.log' -> '/home/runner/work/ozone/ozone/hadoop-ozone/dist/target/ozone-2.3.0-SNAPSHOT/compose/result/ozonesecure-ha/leadership/om-sys-audit-om3.log'
renamed 'ozonesecure-ha/result/s3g-audit-s3g.log' -> '/home/runner/work/ozone/ozone/hadoop-ozone/dist/target/ozone-2.3.0-SNAPSHOT/compose/result/ozonesecure-ha/leadership/s3g-audit-s3g.log'
renamed 'ozonesecure-ha/result/scm-audit-scm1.org.log' -> '/home/runner/work/ozone/ozone/hadoop-ozone/dist/target/ozone-2.3.0-SNAPSHOT/compose/result/ozonesecure-ha/leadership/scm-audit-scm1.org.log'
renamed 'ozonesecure-ha/result/scm-audit-scm2.org.log' -> '/home/runner/work/ozone/ozone/hadoop-ozone/dist/target/ozone-2.3.0-SNAPSHOT/compose/result/ozonesecure-ha/leadership/scm-audit-scm2.org.log'
renamed 'ozonesecure-ha/result/scm-audit-scm3.org.log' -> '/home/runner/work/ozone/ozone/hadoop-ozone/dist/target/ozone-2.3.0-SNAPSHOT/compose/result/ozonesecure-ha/leadership/scm-audit-scm3.org.log'
Executing test ozonesecure-ha/test-scm-decommission.sh
Using Docker Compose v2
Port 88 is available on kdc
Port 9860 is not available on scm1.org yet
Port 9860 is not available on scm1.org yet
Port 9860 is not available on scm1.org yet
Port 9860 is not available on scm1.org yet
Port 9860 is not available on scm1.org yet
Port 9860 is not available on scm1.org yet
Port 9860 is not available on scm1.org yet
Port 9860 is not available on scm1.org yet
Port 9860 is not available on scm1.org yet
Port 9860 is not available on scm1.org yet
Port 9860 is not available on scm1.org yet
Port 9860 is not available on scm1.org yet
Port 9860 is not available on scm1.org yet
Port 9860 is not available on scm1.org yet
Port 9860 is not available on scm1.org yet
Port 9860 is not available on scm1.org yet
Port 9860 is not available on scm1.org yet
Port 9860 is available on scm1.org
SCM is in safe mode. Will retry in 1 sec. Remaining time (sec): 239
SCM is in safe mode. Will retry in 1 sec. Remaining time (sec): 238
SCM is in safe mode. Will retry in 1 sec. Remaining time (sec): 237
SCM is in safe mode. Will retry in 1 sec. Remaining time (sec): 236
SCM is in safe mode. Will retry in 1 sec. Remaining time (sec): 235
SCM is in safe mode. Will retry in 1 sec. Remaining time (sec): 234
SCM is in safe mode. Will retry in 1 sec. Remaining time (sec): 233
SCM is in safe mode. Will retry in 1 sec. Remaining time (sec): 232
SCM is in safe mode. Will retry in 1 sec. Remaining time (sec): 231
SCM is in safe mode. Will retry in 1 sec. Remaining time (sec): 230
SCM is in safe mode. Will retry in 1 sec. Remaining time (sec): 229
SCM is in safe mode. Will retry in 1 sec. Remaining time (sec): 228
SCM is in safe mode. Will retry in 1 sec. Remaining time (sec): 227
SCM is in safe mode. Will retry in 1 sec. Remaining time (sec): 226
SCM is in safe mode. Will retry in 1 sec. Remaining time (sec): 225
SCM is in safe mode. Will retry in 1 sec. Remaining time (sec): 224
SCM is in safe mode. Will retry in 1 sec. Remaining time (sec): 223
SCM is in safe mode. Will retry in 1 sec. Remaining time (sec): 222
SCM is in safe mode. Will retry in 1 sec. Remaining time (sec): 221
SCM is in safe mode. Will retry in 1 sec. Remaining time (sec): 220
SCM is in safe mode. Will retry in 1 sec. Remaining time (sec): 219
SCM is in safe mode. Will retry in 1 sec. Remaining time (sec): 218
SCM is in safe mode. Will retry in 1 sec. Remaining time (sec): 217
SCM is in safe mode. Will retry in 1 sec. Remaining time (sec): 216
SCM is in safe mode. Will retry in 1 sec. Remaining time (sec): 215
SCM is in safe mode. Will retry in 1 sec. Remaining time (sec): 214
SCM is in safe mode. Will retry in 1 sec. Remaining time (sec): 213
SCM is in safe mode. Will retry in 1 sec. Remaining time (sec): 212
SCM is in safe mode. Will retry in 1 sec. Remaining time (sec): 211
SCM is in safe mode. Will retry in 1 sec. Remaining time (sec): 210
SCM is in safe mode. Will retry in 1 sec. Remaining time (sec): 209
SCM is in safe mode. Will retry in 1 sec. Remaining time (sec): 208
SCM is in safe mode. Will retry in 1 sec. Remaining time (sec): 207
SCM is in safe mode. Will retry in 1 sec. Remaining time (sec): 206
SCM is in safe mode. Will retry in 1 sec. Remaining time (sec): 205
SCM is in safe mode. Will retry in 1 sec. Remaining time (sec): 204
SCM is in safe mode. Will retry in 1 sec. Remaining time (sec): 203
SCM is in safe mode. Will retry in 1 sec. Remaining time (sec): 202
SCM is in safe mode. Will retry in 1 sec. Remaining time (sec): 201
SCM is in safe mode. Will retry in 1 sec. Remaining time (sec): 200
SCM is in safe mode. Will retry in 1 sec. Remaining time (sec): 199
SCM is in safe mode. Will retry in 1 sec. Remaining time (sec): 198
SCM is in safe mode. Will retry in 1 sec. Remaining time (sec): 197
SCM is in safe mode. Will retry in 1 sec. Remaining time (sec): 196
SCM is in safe mode. Will retry in 1 sec. Remaining time (sec): 195
SCM is in safe mode. Will retry in 1 sec. Remaining time (sec): 194
SCM is in safe mode. Will retry in 1 sec. Remaining time (sec): 193
SCM is in safe mode. Will retry in 1 sec. Remaining time (sec): 192
SCM is in safe mode. Will retry in 1 sec. Remaining time (sec): 191
SCM is in safe mode. Will retry in 1 sec. Remaining time (sec): 190
SCM is in safe mode. Will retry in 1 sec. Remaining time (sec): 189
SCM is in safe mode. Will retry in 1 sec. Remaining time (sec): 188
SCM is in safe mode. Will retry in 1 sec. Remaining time (sec): 187
SCM is in safe mode. Will retry in 1 sec. Remaining time (sec): 186
SCM is in safe mode. Will retry in 1 sec. Remaining time (sec): 185
SCM is in safe mode. Will retry in 1 sec. Remaining time (sec): 184
SCM is in safe mode. Will retry in 1 sec. Remaining time (sec): 183
SCM is in safe mode. Will retry in 1 sec. Remaining time (sec): 182
SCM is in safe mode. Will retry in 1 sec. Remaining time (sec): 181
SCM is in safe mode. Will retry in 1 sec. Remaining time (sec): 180
SCM is in safe mode. Will retry in 1 sec. Remaining time (sec): 179
SCM is in safe mode. Will retry in 1 sec. Remaining time (sec): 178
SCM is in safe mode. Will retry in 1 sec. Remaining time (sec): 177
SCM is in safe mode. Will retry in 1 sec. Remaining time (sec): 176
SCM is in safe mode. Will retry in 1 sec. Remaining time (sec): 175
SCM is in safe mode. Will retry in 1 sec. Remaining time (sec): 174
SCM is in safe mode. Will retry in 1 sec. Remaining time (sec): 173
SCM is in safe mode. Will retry in 1 sec. Remaining time (sec): 172
SCM is in safe mode. Will retry in 1 sec. Remaining time (sec): 171
SCM is in safe mode. Will retry in 1 sec. Remaining time (sec): 170
SCM is in safe mode. Will retry in 1 sec. Remaining time (sec): 169
SCM is in safe mode. Will retry in 1 sec. Remaining time (sec): 168
SCM is in safe mode. Will retry in 1 sec. Remaining time (sec): 167
SCM is in safe mode. Will retry in 1 sec. Remaining time (sec): 166
SCM is in safe mode. Will retry in 1 sec. Remaining time (sec): 165
SCM is in safe mode. Will retry in 1 sec. Remaining time (sec): 164
SCM is in safe mode. Will retry in 1 sec. Remaining time (sec): 163
SCM is in safe mode. Will retry in 1 sec. Remaining time (sec): 162
SCM is in safe mode. Will retry in 1 sec. Remaining time (sec): 161
SCM is in safe mode. Will retry in 1 sec. Remaining time (sec): 160
SCM is in safe mode. Will retry in 1 sec. Remaining time (sec): 159
SCM is in safe mode. Will retry in 1 sec. Remaining time (sec): 158
SCM is in safe mode. Will retry in 1 sec. Remaining time (sec): 157
SCM is in safe mode. Will retry in 1 sec. Remaining time (sec): 156
SCM is in safe mode. Will retry in 1 sec. Remaining time (sec): 155
SCM is in safe mode. Will retry in 1 sec. Remaining time (sec): 154
SCM is in safe mode. Will retry in 1 sec. Remaining time (sec): 153
SCM is in safe mode. Will retry in 1 sec. Remaining time (sec): 152
SCM is in safe mode. Will retry in 1 sec. Remaining time (sec): 151
SCM is in safe mode. Will retry in 1 sec. Remaining time (sec): 150
SCM is in safe mode. Will retry in 1 sec. Remaining time (sec): 149
SCM is in safe mode. Will retry in 1 sec. Remaining time (sec): 148
SCM is in safe mode. Will retry in 1 sec. Remaining time (sec): 147
SCM is in safe mode. Will retry in 1 sec. Remaining time (sec): 146
SCM is in safe mode. Will retry in 1 sec. Remaining time (sec): 145
SCM is in safe mode. Will retry in 1 sec. Remaining time (sec): 144
SCM is in safe mode. Will retry in 1 sec. Remaining time (sec): 143
SCM is in safe mode. Will retry in 1 sec. Remaining time (sec): 142
SCM is in safe mode. Will retry in 1 sec. Remaining time (sec): 141
SCM is in safe mode. Will retry in 1 sec. Remaining time (sec): 140
SCM is in safe mode. Will retry in 1 sec. Remaining time (sec): 139
SCM is in safe mode. Will retry in 1 sec. Remaining time (sec): 138
SCM is in safe mode. Will retry in 1 sec. Remaining time (sec): 137
SCM is in safe mode. Will retry in 1 sec. Remaining time (sec): 136
SCM is in safe mode. Will retry in 1 sec. Remaining time (sec): 135
SCM is in safe mode. Will retry in 1 sec. Remaining time (sec): 134
SCM is in safe mode. Will retry in 1 sec. Remaining time (sec): 133
SCM is in safe mode. Will retry in 1 sec. Remaining time (sec): 132
SCM is in safe mode. Will retry in 1 sec. Remaining time (sec): 131
SCM is in safe mode. Will retry in 1 sec. Remaining time (sec): 130
SCM is in safe mode. Will retry in 1 sec. Remaining time (sec): 129
SCM is in safe mode. Will retry in 1 sec. Remaining time (sec): 128
SCM is in safe mode. Will retry in 1 sec. Remaining time (sec): 127
SCM is in safe mode. Will retry in 1 sec. Remaining time (sec): 126
SCM is in safe mode. Will retry in 1 sec. Remaining time (sec): 125
SCM is in safe mode. Will retry in 1 sec. Remaining time (sec): 124
SCM is in safe mode. Will retry in 1 sec. Remaining time (sec): 123
SCM is in safe mode. Will retry in 1 sec. Remaining time (sec): 122
SCM is in safe mode. Will retry in 1 sec. Remaining time (sec): 121
SCM is in safe mode. Will retry in 1 sec. Remaining time (sec): 120
SCM is in safe mode. Will retry in 1 sec. Remaining time (sec): 119
SCM is in safe mode. Will retry in 1 sec. Remaining time (sec): 118
SCM is in safe mode. Will retry in 1 sec. Remaining time (sec): 117
SCM is in safe mode. Will retry in 1 sec. Remaining time (sec): 116
SCM is in safe mode. Will retry in 1 sec. Remaining time (sec): 115
SCM is in safe mode. Will retry in 1 sec. Remaining time (sec): 114
SCM is in safe mode. Will retry in 1 sec. Remaining time (sec): 113
SCM is in safe mode. Will retry in 1 sec. Remaining time (sec): 112
SCM is in safe mode. Will retry in 1 sec. Remaining time (sec): 111
SCM is in safe mode. Will retry in 1 sec. Remaining time (sec): 110
SCM is in safe mode. Will retry in 1 sec. Remaining time (sec): 109
SCM is in safe mode. Will retry in 1 sec. Remaining time (sec): 108
SCM is in safe mode. Will retry in 1 sec. Remaining time (sec): 107
SCM is in safe mode. Will retry in 1 sec. Remaining time (sec): 106
SCM is in safe mode. Will retry in 1 sec. Remaining time (sec): 105
SCM is in safe mode. Will retry in 1 sec. Remaining time (sec): 104
SCM is in safe mode. Will retry in 1 sec. Remaining time (sec): 103
SCM is in safe mode. Will retry in 1 sec. Remaining time (sec): 102
SCM is in safe mode. Will retry in 1 sec. Remaining time (sec): 101
SCM is in safe mode. Will retry in 1 sec. Remaining time (sec): 100
SCM is in safe mode. Will retry in 1 sec. Remaining time (sec): 99
SCM is in safe mode. Will retry in 1 sec. Remaining time (sec): 98
SCM is in safe mode. Will retry in 1 sec. Remaining time (sec): 97
SCM is in safe mode. Will retry in 1 sec. Remaining time (sec): 96
SCM is in safe mode. Will retry in 1 sec. Remaining time (sec): 95
SCM is in safe mode. Will retry in 1 sec. Remaining time (sec): 94
SCM is in safe mode. Will retry in 1 sec. Remaining time (sec): 93
SCM is in safe mode. Will retry in 1 sec. Remaining time (sec): 92
SCM is in safe mode. Will retry in 1 sec. Remaining time (sec): 91
SCM is in safe mode. Will retry in 1 sec. Remaining time (sec): 90
SCM is in safe mode. Will retry in 1 sec. Remaining time (sec): 89
SCM is in safe mode. Will retry in 1 sec. Remaining time (sec): 88
SCM is in safe mode. Will retry in 1 sec. Remaining time (sec): 87
SCM is in safe mode. Will retry in 1 sec. Remaining time (sec): 86
SCM is in safe mode. Will retry in 1 sec. Remaining time (sec): 85
SCM is in safe mode. Will retry in 1 sec. Remaining time (sec): 84
SCM is in safe mode. Will retry in 1 sec. Remaining time (sec): 83
SCM is in safe mode. Will retry in 1 sec. Remaining time (sec): 82
SCM is in safe mode. Will retry in 1 sec. Remaining time (sec): 81
SCM is in safe mode. Will retry in 1 sec. Remaining time (sec): 80
SCM is in safe mode. Will retry in 1 sec. Remaining time (sec): 79
SCM is in safe mode. Will retry in 1 sec. Remaining time (sec): 78
SCM is in safe mode. Will retry in 1 sec. Remaining time (sec): 77
SCM is in safe mode. Will retry in 1 sec. Remaining time (sec): 76
SCM is in safe mode. Will retry in 1 sec. Remaining time (sec): 75
SCM is in safe mode. Will retry in 1 sec. Remaining time (sec): 74
SCM is in safe mode. Will retry in 1 sec. Remaining time (sec): 73
SCM is in safe mode. Will retry in 1 sec. Remaining time (sec): 72
SCM is in safe mode. Will retry in 1 sec. Remaining time (sec): 71
SCM is in safe mode. Will retry in 1 sec. Remaining time (sec): 70
SCM is in safe mode. Will retry in 1 sec. Remaining time (sec): 69
SCM is in safe mode. Will retry in 1 sec. Remaining time (sec): 68
SCM is in safe mode. Will retry in 1 sec. Remaining time (sec): 67
SCM is in safe mode. Will retry in 1 sec. Remaining time (sec): 66
SCM is in safe mode. Will retry in 1 sec. Remaining time (sec): 65
SCM is in safe mode. Will retry in 1 sec. Remaining time (sec): 64
SCM is in safe mode. Will retry in 1 sec. Remaining time (sec): 63
SCM is in safe mode. Will retry in 1 sec. Remaining time (sec): 62
SCM is in safe mode. Will retry in 1 sec. Remaining time (sec): 61
SCM is in safe mode. Will retry in 1 sec. Remaining time (sec): 60
SCM is in safe mode. Will retry in 1 sec. Remaining time (sec): 59
SCM is in safe mode. Will retry in 1 sec. Remaining time (sec): 58
SCM is in safe mode. Will retry in 1 sec. Remaining time (sec): 57
SCM is in safe mode. Will retry in 1 sec. Remaining time (sec): 56
SCM is in safe mode. Will retry in 1 sec. Remaining time (sec): 55
SCM is in safe mode. Will retry in 1 sec. Remaining time (sec): 54
SCM is in safe mode. Will retry in 1 sec. Remaining time (sec): 53
SCM is in safe mode. Will retry in 1 sec. Remaining time (sec): 52
SCM is in safe mode. Will retry in 1 sec. Remaining time (sec): 51
SCM is in safe mode. Will retry in 1 sec. Remaining time (sec): 50
SCM is in safe mode. Will retry in 1 sec. Remaining time (sec): 49
SCM is in safe mode. Will retry in 1 sec. Remaining time (sec): 48
SCM is in safe mode. Will retry in 1 sec. Remaining time (sec): 46
SCM is in safe mode. Will retry in 1 sec. Remaining time (sec): 45
SCM is in safe mode. Will retry in 1 sec. Remaining time (sec): 44
SCM is in safe mode. Will retry in 1 sec. Remaining time (sec): 43
SCM is in safe mode. Will retry in 1 sec. Remaining time (sec): 42
SCM is in safe mode. Will retry in 1 sec. Remaining time (sec): 41
SCM is in safe mode. Will retry in 1 sec. Remaining time (sec): 40
SCM is in safe mode. Will retry in 1 sec. Remaining time (sec): 39
SCM is in safe mode. Will retry in 1 sec. Remaining time (sec): 38
SCM is in safe mode. Will retry in 1 sec. Remaining time (sec): 37
SCM is in safe mode. Will retry in 1 sec. Remaining time (sec): 36
SCM is in safe mode. Will retry in 1 sec. Remaining time (sec): 35
SCM is in safe mode. Will retry in 1 sec. Remaining time (sec): 34
SCM is in safe mode. Will retry in 1 sec. Remaining time (sec): 33
SCM is in safe mode. Will retry in 1 sec. Remaining time (sec): 32
SCM is in safe mode. Will retry in 1 sec. Remaining time (sec): 31
SCM is in safe mode. Will retry in 1 sec. Remaining time (sec): 30
SCM is in safe mode. Will retry in 1 sec. Remaining time (sec): 29
SCM is in safe mode. Will retry in 1 sec. Remaining time (sec): 28
SCM is in safe mode. Will retry in 1 sec. Remaining time (sec): 27
SCM is in safe mode. Will retry in 1 sec. Remaining time (sec): 26
SCM is in safe mode. Will retry in 1 sec. Remaining time (sec): 25
SCM is in safe mode. Will retry in 1 sec. Remaining time (sec): 24
SCM is in safe mode. Will retry in 1 sec. Remaining time (sec): 23
SCM is in safe mode. Will retry in 1 sec. Remaining time (sec): 22
SCM is in safe mode. Will retry in 1 sec. Remaining time (sec): 21
SCM is in safe mode. Will retry in 1 sec. Remaining time (sec): 20
SCM is in safe mode. Will retry in 1 sec. Remaining time (sec): 19
SCM is in safe mode. Will retry in 1 sec. Remaining time (sec): 18
SCM is in safe mode. Will retry in 1 sec. Remaining time (sec): 17
SCM is in safe mode. Will retry in 1 sec. Remaining time (sec): 16
SCM is in safe mode. Will retry in 1 sec. Remaining time (sec): 15
SCM is in safe mode. Will retry in 1 sec. Remaining time (sec): 14
SCM is in safe mode. Will retry in 1 sec. Remaining time (sec): 13
SCM is in safe mode. Will retry in 1 sec. Remaining time (sec): 12
SCM is in safe mode. Will retry in 1 sec. Remaining time (sec): 11
SCM is in safe mode. Will retry in 1 sec. Remaining time (sec): 10
SCM is in safe mode. Will retry in 1 sec. Remaining time (sec): 9
SCM is in safe mode. Will retry in 1 sec. Remaining time (sec): 8
SCM is in safe mode. Will retry in 1 sec. Remaining time (sec): 7
SCM is in safe mode. Will retry in 1 sec. Remaining time (sec): 6
SCM is in safe mode. Will retry in 1 sec. Remaining time (sec): 5
SCM is in safe mode. Will retry in 1 sec. Remaining time (sec): 4
SCM is in safe mode. Will retry in 1 sec. Remaining time (sec): 3
SCM is in safe mode. Will retry in 1 sec. Remaining time (sec): 2
SCM is in safe mode. Will retry in 1 sec. Remaining time (sec): 1
SCM is in safe mode. No more retries.
Safe mode is not ended within the timeout period.
ERROR: Test execution of ozonesecure-ha/test-scm-decommission.sh is FAILED!!!!
mkdir: created directory '/home/runner/work/ozone/ozone/hadoop-ozone/dist/target/ozone-2.3.0-SNAPSHOT/compose/result/ozonesecure-ha/scm-decommission'
renamed 'ozonesecure-ha/result/dn-audit-125ca5a07dcf.log' -> '/home/runner/work/ozone/ozone/hadoop-ozone/dist/target/ozone-2.3.0-SNAPSHOT/compose/result/ozonesecure-ha/scm-decommission/dn-audit-125ca5a07dcf.log'
renamed 'ozonesecure-ha/result/dn-audit-43efa55ad262.log' -> '/home/runner/work/ozone/ozone/hadoop-ozone/dist/target/ozone-2.3.0-SNAPSHOT/compose/result/ozonesecure-ha/scm-decommission/dn-audit-43efa55ad262.log'
renamed 'ozonesecure-ha/result/dn-audit-b720369694b9.log' -> '/home/runner/work/ozone/ozone/hadoop-ozone/dist/target/ozone-2.3.0-SNAPSHOT/compose/result/ozonesecure-ha/scm-decommission/dn-audit-b720369694b9.log'
renamed 'ozonesecure-ha/result/docker-ozonesecure-ha-datanode1-1.log' -> '/home/runner/work/ozone/ozone/hadoop-ozone/dist/target/ozone-2.3.0-SNAPSHOT/compose/result/ozonesecure-ha/scm-decommission/docker-ozonesecure-ha-datanode1-1.log'
renamed 'ozonesecure-ha/result/docker-ozonesecure-ha-datanode2-1.log' -> '/home/runner/work/ozone/ozone/hadoop-ozone/dist/target/ozone-2.3.0-SNAPSHOT/compose/result/ozonesecure-ha/scm-decommission/docker-ozonesecure-ha-datanode2-1.log'
renamed 'ozonesecure-ha/result/docker-ozonesecure-ha-datanode3-1.log' -> '/home/runner/work/ozone/ozone/hadoop-ozone/dist/target/ozone-2.3.0-SNAPSHOT/compose/result/ozonesecure-ha/scm-decommission/docker-ozonesecure-ha-datanode3-1.log'
renamed 'ozonesecure-ha/result/docker-ozonesecure-ha-httpfs-1.log' -> '/home/runner/work/ozone/ozone/hadoop-ozone/dist/target/ozone-2.3.0-SNAPSHOT/compose/result/ozonesecure-ha/scm-decommission/docker-ozonesecure-ha-httpfs-1.log'
renamed 'ozonesecure-ha/result/docker-ozonesecure-ha-kdc-1.log' -> '/home/runner/work/ozone/ozone/hadoop-ozone/dist/target/ozone-2.3.0-SNAPSHOT/compose/result/ozonesecure-ha/scm-decommission/docker-ozonesecure-ha-kdc-1.log'
renamed 'ozonesecure-ha/result/docker-ozonesecure-ha-kms-1.log' -> '/home/runner/work/ozone/ozone/hadoop-ozone/dist/target/ozone-2.3.0-SNAPSHOT/compose/result/ozonesecure-ha/scm-decommission/docker-ozonesecure-ha-kms-1.log'
renamed 'ozonesecure-ha/result/docker-ozonesecure-ha-om1-1.log' -> '/home/runner/work/ozone/ozone/hadoop-ozone/dist/target/ozone-2.3.0-SNAPSHOT/compose/result/ozonesecure-ha/scm-decommission/docker-ozonesecure-ha-om1-1.log'
renamed 'ozonesecure-ha/result/docker-ozonesecure-ha-om2-1.log' -> '/home/runner/work/ozone/ozone/hadoop-ozone/dist/target/ozone-2.3.0-SNAPSHOT/compose/result/ozonesecure-ha/scm-decommission/docker-ozonesecure-ha-om2-1.log'
renamed 'ozonesecure-ha/result/docker-ozonesecure-ha-om3-1.log' -> '/home/runner/work/ozone/ozone/hadoop-ozone/dist/target/ozone-2.3.0-SNAPSHOT/compose/result/ozonesecure-ha/scm-decommission/docker-ozonesecure-ha-om3-1.log'
renamed 'ozonesecure-ha/result/docker-ozonesecure-ha-om4-1.log' -> '/home/runner/work/ozone/ozone/hadoop-ozone/dist/target/ozone-2.3.0-SNAPSHOT/compose/result/ozonesecure-ha/scm-decommission/docker-ozonesecure-ha-om4-1.log'
renamed 'ozonesecure-ha/result/docker-ozonesecure-ha-recon-1.log' -> '/home/runner/work/ozone/ozone/hadoop-ozone/dist/target/ozone-2.3.0-SNAPSHOT/compose/result/ozonesecure-ha/scm-decommission/docker-ozonesecure-ha-recon-1.log'
renamed 'ozonesecure-ha/result/docker-ozonesecure-ha-s3g-1.log' -> '/home/runner/work/ozone/ozone/hadoop-ozone/dist/target/ozone-2.3.0-SNAPSHOT/compose/result/ozonesecure-ha/scm-decommission/docker-ozonesecure-ha-s3g-1.log'
renamed 'ozonesecure-ha/result/docker-ozonesecure-ha-scm1.org-1.log' -> '/home/runner/work/ozone/ozone/hadoop-ozone/dist/target/ozone-2.3.0-SNAPSHOT/compose/result/ozonesecure-ha/scm-decommission/docker-ozonesecure-ha-scm1.org-1.log'
renamed 'ozonesecure-ha/result/docker-ozonesecure-ha-scm2.org-1.log' -> '/home/runner/work/ozone/ozone/hadoop-ozone/dist/target/ozone-2.3.0-SNAPSHOT/compose/result/ozonesecure-ha/scm-decommission/docker-ozonesecure-ha-scm2.org-1.log'
renamed 'ozonesecure-ha/result/docker-ozonesecure-ha-scm3.org-1.log' -> '/home/runner/work/ozone/ozone/hadoop-ozone/dist/target/ozone-2.3.0-SNAPSHOT/compose/result/ozonesecure-ha/scm-decommission/docker-ozonesecure-ha-scm3.org-1.log'
renamed 'ozonesecure-ha/result/kms-audit.log' -> '/home/runner/work/ozone/ozone/hadoop-ozone/dist/target/ozone-2.3.0-SNAPSHOT/compose/result/ozonesecure-ha/scm-decommission/kms-audit.log'
renamed 'ozonesecure-ha/result/om-audit-om1.log' -> '/home/runner/work/ozone/ozone/hadoop-ozone/dist/target/ozone-2.3.0-SNAPSHOT/compose/result/ozonesecure-ha/scm-decommission/om-audit-om1.log'
renamed 'ozonesecure-ha/result/om-audit-om2.log' -> '/home/runner/work/ozone/ozone/hadoop-ozone/dist/target/ozone-2.3.0-SNAPSHOT/compose/result/ozonesecure-ha/scm-decommission/om-audit-om2.log'
renamed 'ozonesecure-ha/result/om-audit-om3.log' -> '/home/runner/work/ozone/ozone/hadoop-ozone/dist/target/ozone-2.3.0-SNAPSHOT/compose/result/ozonesecure-ha/scm-decommission/om-audit-om3.log'
renamed 'ozonesecure-ha/result/om-sys-audit-om1.log' -> '/home/runner/work/ozone/ozone/hadoop-ozone/dist/target/ozone-2.3.0-SNAPSHOT/compose/result/ozonesecure-ha/scm-decommission/om-sys-audit-om1.log'
renamed 'ozonesecure-ha/result/om-sys-audit-om2.log' -> '/home/runner/work/ozone/ozone/hadoop-ozone/dist/target/ozone-2.3.0-SNAPSHOT/compose/result/ozonesecure-ha/scm-decommission/om-sys-audit-om2.log'
renamed 'ozonesecure-ha/result/om-sys-audit-om3.log' -> '/home/runner/work/ozone/ozone/hadoop-ozone/dist/target/ozone-2.3.0-SNAPSHOT/compose/result/ozonesecure-ha/scm-decommission/om-sys-audit-om3.log'
renamed 'ozonesecure-ha/result/s3g-audit-s3g.log' -> '/home/runner/work/ozone/ozone/hadoop-ozone/dist/target/ozone-2.3.0-SNAPSHOT/compose/result/ozonesecure-ha/scm-decommission/s3g-audit-s3g.log'
renamed 'ozonesecure-ha/result/scm-audit-scm1.org.log' -> '/home/runner/work/ozone/ozone/hadoop-ozone/dist/target/ozone-2.3.0-SNAPSHOT/compose/result/ozonesecure-ha/scm-decommission/scm-audit-scm1.org.log'
renamed 'ozonesecure-ha/result/scm-audit-scm2.org.log' -> '/home/runner/work/ozone/ozone/hadoop-ozone/dist/target/ozone-2.3.0-SNAPSHOT/compose/result/ozonesecure-ha/scm-decommission/scm-audit-scm2.org.log'
renamed 'ozonesecure-ha/result/scm-audit-scm3.org.log' -> '/home/runner/work/ozone/ozone/hadoop-ozone/dist/target/ozone-2.3.0-SNAPSHOT/compose/result/ozonesecure-ha/scm-decommission/scm-audit-scm3.org.log'
java.net.SocketException: Socket closed
	at java.base/java.net.PlainSocketImpl.socketAccept(Native Method)
	at java.base/java.net.AbstractPlainSocketImpl.accept(AbstractPlainSocketImpl.java:474)
	at java.base/java.net.ServerSocket.implAccept(ServerSocket.java:565)
	at java.base/java.net.ServerSocket.accept(ServerSocket.java:533)
	at org.apache.ozone.test.JacocoServer.acceptConnections(JacocoServer.java:67)
	at org.apache.ozone.test.JacocoServer.main(JacocoServer.java:59)
To use Ozone please mount ozone folder to /opt/hadoop
Log:     /rebot-output/log.html
Report:  /rebot-output/report.html
renamed '/home/runner/work/ozone/ozone/hadoop-ozone/dist/target/ozone-2.3.0-SNAPSHOT/compose/result/rebot-RGd968/log.html' -> '/home/runner/work/ozone/ozone/hadoop-ozone/dist/target/ozone-2.3.0-SNAPSHOT/compose/result/log.html'
renamed '/home/runner/work/ozone/ozone/hadoop-ozone/dist/target/ozone-2.3.0-SNAPSHOT/compose/result/rebot-RGd968/report.html' -> '/home/runner/work/ozone/ozone/hadoop-ozone/dist/target/ozone-2.3.0-SNAPSHOT/compose/result/report.html'
removed directory '/tmp/robot-data-KXBIs2'
