datanode_1  | 	at java.base/java.util.concurrent.ThreadPoolExecutor$Worker.run(ThreadPoolExecutor.java:628)
kdc_1       | Jan 30 12:19:48 kdc krb5kdc[8](info): TGS_REQ (6 etypes {aes256-cts-hmac-sha1-96(18), aes128-cts-hmac-sha1-96(17), aes256-cts-hmac-sha384-192(20), aes128-cts-hmac-sha256-128(19), DEPRECATED:des3-cbc-sha1(16), DEPRECATED:arcfour-hmac(23)}) 172.18.0.5: ISSUE: authtime 1675081172, etypes {rep=aes256-cts-hmac-sha1-96(18), tkt=aes256-cts-hmac-sha1-96(18), ses=aes256-cts-hmac-sha1-96(18)}, testuser/scm@EXAMPLE.COM for om/om@EXAMPLE.COM
kdc_1       | Jan 30 12:19:54 kdc krb5kdc[8](info): TGS_REQ (6 etypes {aes256-cts-hmac-sha1-96(18), aes128-cts-hmac-sha1-96(17), aes256-cts-hmac-sha384-192(20), aes128-cts-hmac-sha256-128(19), DEPRECATED:des3-cbc-sha1(16), DEPRECATED:arcfour-hmac(23)}) 172.18.0.5: ISSUE: authtime 1675081172, etypes {rep=aes256-cts-hmac-sha1-96(18), tkt=aes256-cts-hmac-sha1-96(18), ses=aes256-cts-hmac-sha1-96(18)}, testuser/scm@EXAMPLE.COM for om/om@EXAMPLE.COM
kdc_1       | Jan 30 12:20:00 kdc krb5kdc[8](info): TGS_REQ (6 etypes {aes256-cts-hmac-sha1-96(18), aes128-cts-hmac-sha1-96(17), aes256-cts-hmac-sha384-192(20), aes128-cts-hmac-sha256-128(19), DEPRECATED:des3-cbc-sha1(16), DEPRECATED:arcfour-hmac(23)}) 172.18.0.5: ISSUE: authtime 1675081172, etypes {rep=aes256-cts-hmac-sha1-96(18), tkt=aes256-cts-hmac-sha1-96(18), ses=aes256-cts-hmac-sha1-96(18)}, testuser/scm@EXAMPLE.COM for om/om@EXAMPLE.COM
scm_1       | 2023-01-30 12:00:18,794 [82e918d1-ff68-4821-a2f0-f9af71d19ea5-impl-thread1] INFO server.RaftServerConfigKeys: raft.server.snapshot.retention.file.num = -1 (default)
datanode_1  | 	... 1 more
om_1        | 
datanode_2  | 2023-01-30 12:01:06,632 [main] INFO http.HttpRequestLog: Http request log for http.requests.hddsDatanode is not defined
kdc_1       | Jan 30 12:20:05 kdc krb5kdc[8](info): TGS_REQ (6 etypes {aes256-cts-hmac-sha1-96(18), aes128-cts-hmac-sha1-96(17), aes256-cts-hmac-sha384-192(20), aes128-cts-hmac-sha256-128(19), DEPRECATED:des3-cbc-sha1(16), DEPRECATED:arcfour-hmac(23)}) 172.18.0.5: ISSUE: authtime 1675081172, etypes {rep=aes256-cts-hmac-sha1-96(18), tkt=aes256-cts-hmac-sha1-96(18), ses=aes256-cts-hmac-sha1-96(18)}, testuser/scm@EXAMPLE.COM for om/om@EXAMPLE.COM
kdc_1       | Jan 30 12:20:11 kdc krb5kdc[8](info): TGS_REQ (6 etypes {aes256-cts-hmac-sha1-96(18), aes128-cts-hmac-sha1-96(17), aes256-cts-hmac-sha384-192(20), aes128-cts-hmac-sha256-128(19), DEPRECATED:des3-cbc-sha1(16), DEPRECATED:arcfour-hmac(23)}) 172.18.0.5: ISSUE: authtime 1675081172, etypes {rep=aes256-cts-hmac-sha1-96(18), tkt=aes256-cts-hmac-sha1-96(18), ses=aes256-cts-hmac-sha1-96(18)}, testuser/scm@EXAMPLE.COM for om/om@EXAMPLE.COM
recon_1     | 
scm_1       | 2023-01-30 12:00:18,795 [82e918d1-ff68-4821-a2f0-f9af71d19ea5-impl-thread1] INFO server.RaftServerConfigKeys: raft.server.log.purge.upto.snapshot.index = false (default)
datanode_1  | 2023-01-30 12:01:47,442 [Command processor thread] INFO server.RaftServer: 6295590c-c30d-436f-ae9f-b085e438c72d: addNew group-CE3F4E13DA16:[c8ea7a3f-965d-439b-b69f-d2205a7da823|rpc:172.18.0.4:9856|admin:172.18.0.4:9857|client:172.18.0.4:9858|dataStream:172.18.0.4:9855|priority:0|startupRole:FOLLOWER, 01074a56-f4fb-4406-b467-549b4df46db9|rpc:172.18.0.8:9856|admin:172.18.0.8:9857|client:172.18.0.8:9858|dataStream:172.18.0.8:9855|priority:0|startupRole:FOLLOWER, 6295590c-c30d-436f-ae9f-b085e438c72d|rpc:172.18.0.7:9856|admin:172.18.0.7:9857|client:172.18.0.7:9858|dataStream:172.18.0.7:9855|priority:1|startupRole:FOLLOWER] returns group-CE3F4E13DA16:java.util.concurrent.CompletableFuture@688a3256[Not completed]
scm_1       | 2023-01-30 12:00:18,798 [main] INFO server.RaftServer: 82e918d1-ff68-4821-a2f0-f9af71d19ea5: start RPC server
recon_1     | Certificate Extensions: 3
om_1        | Certificate Extensions: 3
om_1        | [1]: ObjectId: 2.5.29.19 Criticality=true
om_1        | BasicConstraints:[
datanode_3  | 0040: 4C 26 61 52 53 E9 F7 DC   71 FA DB 24 AA 17 92 BF  L&aRS...q..$....
datanode_1  | 2023-01-30 12:01:47,538 [pool-24-thread-1] INFO server.RaftServer$Division: 6295590c-c30d-436f-ae9f-b085e438c72d: new RaftServerImpl for group-CE3F4E13DA16:[c8ea7a3f-965d-439b-b69f-d2205a7da823|rpc:172.18.0.4:9856|admin:172.18.0.4:9857|client:172.18.0.4:9858|dataStream:172.18.0.4:9855|priority:0|startupRole:FOLLOWER, 01074a56-f4fb-4406-b467-549b4df46db9|rpc:172.18.0.8:9856|admin:172.18.0.8:9857|client:172.18.0.8:9858|dataStream:172.18.0.8:9855|priority:0|startupRole:FOLLOWER, 6295590c-c30d-436f-ae9f-b085e438c72d|rpc:172.18.0.7:9856|admin:172.18.0.7:9857|client:172.18.0.7:9858|dataStream:172.18.0.7:9855|priority:1|startupRole:FOLLOWER] with ContainerStateMachine:uninitialized
scm_1       | 2023-01-30 12:00:18,815 [main] INFO server.GrpcService: 82e918d1-ff68-4821-a2f0-f9af71d19ea5: GrpcService started, listening on 9894
recon_1     | [1]: ObjectId: 2.5.29.19 Criticality=true
om_1        |   CA:true
kdc_1       | Jan 30 12:20:16 kdc krb5kdc[8](info): TGS_REQ (6 etypes {aes256-cts-hmac-sha1-96(18), aes128-cts-hmac-sha1-96(17), aes256-cts-hmac-sha384-192(20), aes128-cts-hmac-sha256-128(19), DEPRECATED:des3-cbc-sha1(16), DEPRECATED:arcfour-hmac(23)}) 172.18.0.5: ISSUE: authtime 1675081172, etypes {rep=aes256-cts-hmac-sha1-96(18), tkt=aes256-cts-hmac-sha1-96(18), ses=aes256-cts-hmac-sha1-96(18)}, testuser/scm@EXAMPLE.COM for om/om@EXAMPLE.COM
datanode_2  | 2023-01-30 12:01:06,666 [main] INFO http.HttpServer2: Added global filter 'safety' (class=org.apache.hadoop.hdds.server.http.HttpServer2$QuotingInputFilter)
datanode_2  | 2023-01-30 12:01:06,681 [main] INFO http.HttpServer2: Added filter authentication (class=org.apache.hadoop.security.authentication.server.AuthenticationFilter) to context hddsDatanode
datanode_2  | 2023-01-30 12:01:06,681 [main] INFO http.HttpServer2: Added filter authentication (class=org.apache.hadoop.security.authentication.server.AuthenticationFilter) to context logs
datanode_1  | 2023-01-30 12:01:47,542 [pool-24-thread-1] INFO server.RaftServerConfigKeys: raft.server.rpc.timeout.min = 5s (custom)
scm_1       | 2023-01-30 12:00:18,818 [JvmPauseMonitor0] INFO util.JvmPauseMonitor: JvmPauseMonitor-82e918d1-ff68-4821-a2f0-f9af71d19ea5: Started
recon_1     | BasicConstraints:[
om_1        |   PathLen:2147483647
kdc_1       | Jan 30 12:20:18 kdc krb5kdc[8](info): AS_REQ (8 etypes {aes256-cts-hmac-sha1-96(18), aes128-cts-hmac-sha1-96(17), aes256-cts-hmac-sha384-192(20), aes128-cts-hmac-sha256-128(19), DEPRECATED:des3-cbc-sha1(16), DEPRECATED:arcfour-hmac(23), camellia128-cts-cmac(25), camellia256-cts-cmac(26)}) 172.18.0.5: ISSUE: authtime 1675081218, etypes {rep=aes256-cts-hmac-sha1-96(18), tkt=aes256-cts-hmac-sha1-96(18), ses=aes256-cts-hmac-sha1-96(18)}, testuser/scm@EXAMPLE.COM for krbtgt/EXAMPLE.COM@EXAMPLE.COM
datanode_3  | 0050: DE BC 8D C2 3C 70 25 5C   44 3B 3E 67 3E 9A 39 80  ....<p%\D;>g>.9.
datanode_1  | 2023-01-30 12:01:47,546 [pool-24-thread-1] INFO server.RaftServerConfigKeys: raft.server.rpc.timeout.max = 5200ms (custom)
scm_1       | 2023-01-30 12:00:23,811 [82e918d1-ff68-4821-a2f0-f9af71d19ea5@group-87E6E2D1E545-FollowerState] INFO impl.FollowerState: 82e918d1-ff68-4821-a2f0-f9af71d19ea5@group-87E6E2D1E545-FollowerState: change to CANDIDATE, lastRpcElapsedTime:5027253813ns, electionTimeout:5016ms
recon_1     |   CA:true
datanode_2  | 2023-01-30 12:01:06,681 [main] INFO http.HttpServer2: Added filter authentication (class=org.apache.hadoop.security.authentication.server.AuthenticationFilter) to context static
om_1        | ]
kdc_1       | Jan 30 12:20:23 kdc krb5kdc[8](info): TGS_REQ (6 etypes {aes256-cts-hmac-sha1-96(18), aes128-cts-hmac-sha1-96(17), aes256-cts-hmac-sha384-192(20), aes128-cts-hmac-sha256-128(19), DEPRECATED:des3-cbc-sha1(16), DEPRECATED:arcfour-hmac(23)}) 172.18.0.5: ISSUE: authtime 1675081218, etypes {rep=aes256-cts-hmac-sha1-96(18), tkt=aes256-cts-hmac-sha1-96(18), ses=aes256-cts-hmac-sha1-96(18)}, testuser/scm@EXAMPLE.COM for om/om@EXAMPLE.COM
datanode_3  | 0060: 0E 66 7E 21 15 C0 16 D6   13 A2 AC 7B DA 20 FA 83  .f.!......... ..
datanode_1  | 2023-01-30 12:01:47,546 [pool-24-thread-1] INFO server.RaftServerConfigKeys: raft.server.rpc.sleep.time = 25ms (default)
datanode_1  | 2023-01-30 12:01:47,546 [pool-24-thread-1] INFO server.RaftServerConfigKeys: raft.server.rpc.slowness.timeout = 300s (custom)
scm_1       | 2023-01-30 12:00:23,813 [82e918d1-ff68-4821-a2f0-f9af71d19ea5@group-87E6E2D1E545-FollowerState] INFO impl.RoleInfo: 82e918d1-ff68-4821-a2f0-f9af71d19ea5: shutdown 82e918d1-ff68-4821-a2f0-f9af71d19ea5@group-87E6E2D1E545-FollowerState
recon_1     |   PathLen:2147483647
datanode_2  | 2023-01-30 12:01:06,706 [main] INFO http.HttpServer2: Initialize spnego with host: 0.0.0.0 userKey: hdds.datanode.http.auth.kerberos.principal keytabKey: hdds.datanode.http.auth.kerberos.keytab
om_1        | 
datanode_2  | 2023-01-30 12:01:06,974 [main] INFO http.HttpServer2: Jetty bound to port 9882
datanode_1  | 2023-01-30 12:01:47,546 [pool-24-thread-1] INFO server.RaftServerConfigKeys: raft.server.leaderelection.leader.step-down.wait-time = 10s (default)
datanode_1  | 2023-01-30 12:01:47,546 [pool-24-thread-1] INFO server.RaftServerConfigKeys: raft.server.sleep.deviation.threshold = 300ms (default)
datanode_3  | 0070: 29 6E CE CE 9A B2 C8 F8   92 1D 8A 01 30 07 53 E5  )n..........0.S.
scm_1       | 2023-01-30 12:00:23,813 [82e918d1-ff68-4821-a2f0-f9af71d19ea5@group-87E6E2D1E545-FollowerState] INFO server.RaftServer$Division: 82e918d1-ff68-4821-a2f0-f9af71d19ea5@group-87E6E2D1E545: changes role from  FOLLOWER to CANDIDATE at term 0 for changeToCandidate
scm_1       | 2023-01-30 12:00:23,816 [82e918d1-ff68-4821-a2f0-f9af71d19ea5@group-87E6E2D1E545-FollowerState] INFO server.RaftServerConfigKeys: raft.server.leaderelection.pre-vote = false (custom)
recon_1     | ]
kdc_1       | Jan 30 12:20:28 kdc krb5kdc[8](info): TGS_REQ (6 etypes {aes256-cts-hmac-sha1-96(18), aes128-cts-hmac-sha1-96(17), aes256-cts-hmac-sha384-192(20), aes128-cts-hmac-sha256-128(19), DEPRECATED:des3-cbc-sha1(16), DEPRECATED:arcfour-hmac(23)}) 172.18.0.5: ISSUE: authtime 1675081218, etypes {rep=aes256-cts-hmac-sha1-96(18), tkt=aes256-cts-hmac-sha1-96(18), ses=aes256-cts-hmac-sha1-96(18)}, testuser/scm@EXAMPLE.COM for om/om@EXAMPLE.COM
datanode_2  | 2023-01-30 12:01:06,985 [main] INFO server.Server: jetty-9.4.49.v20220914; built: 2022-09-14T01:07:36.601Z; git: 4231a3b2e4cb8548a412a789936d640a97b1aa0a; jvm 11.0.14.1+1-LTS
datanode_2  | 2023-01-30 12:01:07,214 [main] INFO server.session: DefaultSessionIdManager workerName=node0
datanode_2  | 2023-01-30 12:01:07,214 [main] INFO server.session: No SessionScavenger set, using defaults
scm_1       | 2023-01-30 12:00:23,816 [82e918d1-ff68-4821-a2f0-f9af71d19ea5@group-87E6E2D1E545-FollowerState] INFO impl.RoleInfo: 82e918d1-ff68-4821-a2f0-f9af71d19ea5: start 82e918d1-ff68-4821-a2f0-f9af71d19ea5@group-87E6E2D1E545-LeaderElection1
datanode_3  | 0080: 32 F3 EA CF E1 46 A4 FE   21 56 65 41 28 7A E7 2E  2....F..!VeA(z..
datanode_1  | 2023-01-30 12:01:47,576 [pool-24-thread-1] INFO server.RaftServer$Division: 6295590c-c30d-436f-ae9f-b085e438c72d@group-CE3F4E13DA16: ConfigurationManager, init=-1: peers:[c8ea7a3f-965d-439b-b69f-d2205a7da823|rpc:172.18.0.4:9856|admin:172.18.0.4:9857|client:172.18.0.4:9858|dataStream:172.18.0.4:9855|priority:0|startupRole:FOLLOWER, 01074a56-f4fb-4406-b467-549b4df46db9|rpc:172.18.0.8:9856|admin:172.18.0.8:9857|client:172.18.0.8:9858|dataStream:172.18.0.8:9855|priority:0|startupRole:FOLLOWER, 6295590c-c30d-436f-ae9f-b085e438c72d|rpc:172.18.0.7:9856|admin:172.18.0.7:9857|client:172.18.0.7:9858|dataStream:172.18.0.7:9855|priority:1|startupRole:FOLLOWER]|listeners:[], old=null, confs=<EMPTY_MAP>
datanode_1  | 2023-01-30 12:01:47,577 [pool-24-thread-1] INFO server.RaftServerConfigKeys: raft.server.storage.dir = [/data/metadata/ratis] (custom)
kdc_1       | Jan 30 12:20:34 kdc krb5kdc[8](info): TGS_REQ (6 etypes {aes256-cts-hmac-sha1-96(18), aes128-cts-hmac-sha1-96(17), aes256-cts-hmac-sha384-192(20), aes128-cts-hmac-sha256-128(19), DEPRECATED:des3-cbc-sha1(16), DEPRECATED:arcfour-hmac(23)}) 172.18.0.5: ISSUE: authtime 1675081218, etypes {rep=aes256-cts-hmac-sha1-96(18), tkt=aes256-cts-hmac-sha1-96(18), ses=aes256-cts-hmac-sha1-96(18)}, testuser/scm@EXAMPLE.COM for om/om@EXAMPLE.COM
kdc_1       | Jan 30 12:20:39 kdc krb5kdc[8](info): TGS_REQ (6 etypes {aes256-cts-hmac-sha1-96(18), aes128-cts-hmac-sha1-96(17), aes256-cts-hmac-sha384-192(20), aes128-cts-hmac-sha256-128(19), DEPRECATED:des3-cbc-sha1(16), DEPRECATED:arcfour-hmac(23)}) 172.18.0.5: ISSUE: authtime 1675081218, etypes {rep=aes256-cts-hmac-sha1-96(18), tkt=aes256-cts-hmac-sha1-96(18), ses=aes256-cts-hmac-sha1-96(18)}, testuser/scm@EXAMPLE.COM for om/om@EXAMPLE.COM
om_1        | [2]: ObjectId: 2.5.29.15 Criticality=true
scm_1       | 2023-01-30 12:00:23,826 [82e918d1-ff68-4821-a2f0-f9af71d19ea5@group-87E6E2D1E545-LeaderElection1] INFO impl.LeaderElection: 82e918d1-ff68-4821-a2f0-f9af71d19ea5@group-87E6E2D1E545-LeaderElection1 ELECTION round 0: submit vote requests at term 1 for -1: peers:[82e918d1-ff68-4821-a2f0-f9af71d19ea5|rpc:scm:9894|priority:0|startupRole:FOLLOWER]|listeners:[], old=null
datanode_1  | 2023-01-30 12:01:47,595 [pool-24-thread-1] INFO server.RaftServerConfigKeys: raft.server.log.corruption.policy = EXCEPTION (default)
datanode_1  | 2023-01-30 12:01:47,597 [pool-24-thread-1] INFO server.RaftServerConfigKeys: raft.server.storage.free-space.min = 0MB (=0) (default)
datanode_3  | 0090: 32 DE 25 C6 EB AE 1A B9   E1 A2 B5 B6 C4 1A 8B BB  2.%.............
datanode_2  | 2023-01-30 12:01:07,249 [main] INFO server.session: node0 Scavenging every 600000ms
kdc_1       | Jan 30 12:20:45 kdc krb5kdc[8](info): TGS_REQ (6 etypes {aes256-cts-hmac-sha1-96(18), aes128-cts-hmac-sha1-96(17), aes256-cts-hmac-sha384-192(20), aes128-cts-hmac-sha256-128(19), DEPRECATED:des3-cbc-sha1(16), DEPRECATED:arcfour-hmac(23)}) 172.18.0.5: ISSUE: authtime 1675081218, etypes {rep=aes256-cts-hmac-sha1-96(18), tkt=aes256-cts-hmac-sha1-96(18), ses=aes256-cts-hmac-sha1-96(18)}, testuser/scm@EXAMPLE.COM for om/om@EXAMPLE.COM
kdc_1       | Jan 30 12:20:51 kdc krb5kdc[8](info): TGS_REQ (6 etypes {aes256-cts-hmac-sha1-96(18), aes128-cts-hmac-sha1-96(17), aes256-cts-hmac-sha384-192(20), aes128-cts-hmac-sha256-128(19), DEPRECATED:des3-cbc-sha1(16), DEPRECATED:arcfour-hmac(23)}) 172.18.0.5: ISSUE: authtime 1675081218, etypes {rep=aes256-cts-hmac-sha1-96(18), tkt=aes256-cts-hmac-sha1-96(18), ses=aes256-cts-hmac-sha1-96(18)}, testuser/scm@EXAMPLE.COM for om/om@EXAMPLE.COM
scm_1       | 2023-01-30 12:00:23,828 [82e918d1-ff68-4821-a2f0-f9af71d19ea5@group-87E6E2D1E545-LeaderElection1] INFO impl.LeaderElection: 82e918d1-ff68-4821-a2f0-f9af71d19ea5@group-87E6E2D1E545-LeaderElection1 ELECTION round 0: result PASSED (term=1)
datanode_1  | 2023-01-30 12:01:47,632 [pool-24-thread-1] INFO server.RaftServerConfigKeys: raft.server.notification.no-leader.timeout = 300s (custom)
datanode_1  | 2023-01-30 12:01:47,646 [pool-24-thread-1] INFO server.RaftServerConfigKeys: raft.server.retrycache.expirytime = 600000ms (custom)
datanode_3  | 00A0: 83 64 DD 7B 16 BD E7 D1   9A 59 BE 9D DB 3D BB 30  .d.......Y...=.0
datanode_2  | 2023-01-30 12:01:07,357 [main] INFO server.KerberosAuthenticationHandler: Using keytab /etc/security/keytabs/dn.keytab, for principal HTTP/dn@EXAMPLE.COM
kdc_1       | Jan 30 12:20:57 kdc krb5kdc[8](info): TGS_REQ (6 etypes {aes256-cts-hmac-sha1-96(18), aes128-cts-hmac-sha1-96(17), aes256-cts-hmac-sha384-192(20), aes128-cts-hmac-sha256-128(19), DEPRECATED:des3-cbc-sha1(16), DEPRECATED:arcfour-hmac(23)}) 172.18.0.5: ISSUE: authtime 1675081218, etypes {rep=aes256-cts-hmac-sha1-96(18), tkt=aes256-cts-hmac-sha1-96(18), ses=aes256-cts-hmac-sha1-96(18)}, testuser/scm@EXAMPLE.COM for om/om@EXAMPLE.COM
kdc_1       | Jan 30 12:21:02 kdc krb5kdc[8](info): TGS_REQ (6 etypes {aes256-cts-hmac-sha1-96(18), aes128-cts-hmac-sha1-96(17), aes256-cts-hmac-sha384-192(20), aes128-cts-hmac-sha256-128(19), DEPRECATED:des3-cbc-sha1(16), DEPRECATED:arcfour-hmac(23)}) 172.18.0.5: ISSUE: authtime 1675081218, etypes {rep=aes256-cts-hmac-sha1-96(18), tkt=aes256-cts-hmac-sha1-96(18), ses=aes256-cts-hmac-sha1-96(18)}, testuser/scm@EXAMPLE.COM for om/om@EXAMPLE.COM
kdc_1       | Jan 30 12:21:04 kdc krb5kdc[8](info): AS_REQ (8 etypes {aes256-cts-hmac-sha1-96(18), aes128-cts-hmac-sha1-96(17), aes256-cts-hmac-sha384-192(20), aes128-cts-hmac-sha256-128(19), DEPRECATED:des3-cbc-sha1(16), DEPRECATED:arcfour-hmac(23), camellia128-cts-cmac(25), camellia256-cts-cmac(26)}) 172.18.0.5: ISSUE: authtime 1675081264, etypes {rep=aes256-cts-hmac-sha1-96(18), tkt=aes256-cts-hmac-sha1-96(18), ses=aes256-cts-hmac-sha1-96(18)}, testuser/scm@EXAMPLE.COM for krbtgt/EXAMPLE.COM@EXAMPLE.COM
datanode_1  | 2023-01-30 12:01:47,647 [pool-24-thread-1] INFO server.RaftServerConfigKeys: raft.server.retrycache.statistics.expirytime = 100?s (default)
datanode_1  | 2023-01-30 12:01:47,863 [pool-24-thread-1] INFO server.RaftServerConfigKeys: raft.server.log.appender.install.snapshot.enabled = false (custom)
om_1        | KeyUsage [
scm_1       | 2023-01-30 12:00:23,828 [82e918d1-ff68-4821-a2f0-f9af71d19ea5@group-87E6E2D1E545-LeaderElection1] INFO impl.RoleInfo: 82e918d1-ff68-4821-a2f0-f9af71d19ea5: shutdown 82e918d1-ff68-4821-a2f0-f9af71d19ea5@group-87E6E2D1E545-LeaderElection1
datanode_1  | 2023-01-30 12:01:47,867 [pool-24-thread-1] INFO server.RaftServerConfigKeys: raft.server.threadpool.server.cached = true (default)
datanode_1  | 2023-01-30 12:01:47,870 [pool-24-thread-1] INFO server.RaftServerConfigKeys: raft.server.threadpool.server.size = 0 (default)
datanode_1  | 2023-01-30 12:01:47,872 [pool-24-thread-1] INFO server.RaftServerConfigKeys: raft.server.threadpool.client.cached = true (default)
scm_1       | 2023-01-30 12:00:23,829 [82e918d1-ff68-4821-a2f0-f9af71d19ea5@group-87E6E2D1E545-LeaderElection1] INFO server.RaftServer$Division: 82e918d1-ff68-4821-a2f0-f9af71d19ea5@group-87E6E2D1E545: changes role from CANDIDATE to LEADER at term 1 for changeToLeader
datanode_1  | 2023-01-30 12:01:47,873 [pool-24-thread-1] INFO server.RaftServerConfigKeys: raft.server.threadpool.client.size = 0 (default)
datanode_1  | 2023-01-30 12:01:47,876 [pool-24-thread-1] INFO storage.RaftStorageDirectory: The storage directory /data/metadata/ratis/4e8cbeba-21db-48a1-9ddc-ce3f4e13da16 does not exist. Creating ...
datanode_1  | 2023-01-30 12:01:47,901 [pool-24-thread-1] INFO storage.RaftStorageDirectory: Lock on /data/metadata/ratis/4e8cbeba-21db-48a1-9ddc-ce3f4e13da16/in_use.lock acquired by nodename 7@5ffad95da0eb
datanode_1  | 2023-01-30 12:01:47,924 [pool-24-thread-1] INFO storage.RaftStorage: Storage directory /data/metadata/ratis/4e8cbeba-21db-48a1-9ddc-ce3f4e13da16 has been successfully formatted.
scm_1       | 2023-01-30 12:00:23,829 [82e918d1-ff68-4821-a2f0-f9af71d19ea5@group-87E6E2D1E545-LeaderElection1] INFO server.RaftServer$Division: 82e918d1-ff68-4821-a2f0-f9af71d19ea5@group-87E6E2D1E545: change Leader from null to 82e918d1-ff68-4821-a2f0-f9af71d19ea5 at term 1 for becomeLeader, leader elected after 5291ms
scm_1       | 2023-01-30 12:00:23,840 [82e918d1-ff68-4821-a2f0-f9af71d19ea5@group-87E6E2D1E545-LeaderElection1] INFO server.RaftServerConfigKeys: raft.server.staging.catchup.gap = 1000 (default)
scm_1       | 2023-01-30 12:00:23,847 [82e918d1-ff68-4821-a2f0-f9af71d19ea5@group-87E6E2D1E545-LeaderElection1] INFO server.RaftServerConfigKeys: raft.server.write.element-limit = 4096 (default)
datanode_1  | 2023-01-30 12:01:47,983 [pool-24-thread-1] INFO ratis.ContainerStateMachine: group-CE3F4E13DA16: The snapshot info is null. Setting the last applied indexto:(t:0, i:~)
datanode_1  | 2023-01-30 12:01:47,988 [pool-24-thread-1] INFO server.RaftServerConfigKeys: raft.server.log.use.memory = false (default)
datanode_1  | 2023-01-30 12:01:48,111 [pool-24-thread-1] INFO server.RaftServerConfigKeys: raft.server.log.purge.gap = 1000000 (custom)
datanode_1  | 2023-01-30 12:01:48,112 [pool-24-thread-1] INFO server.RaftServerConfigKeys: raft.server.log.appender.buffer.byte-limit = 33554432 (custom)
datanode_1  | 2023-01-30 12:01:48,142 [pool-24-thread-1] INFO server.RaftServerConfigKeys: raft.server.log.statemachine.data.read.timeout = 1000ms (default)
scm_1       | 2023-01-30 12:00:23,848 [82e918d1-ff68-4821-a2f0-f9af71d19ea5@group-87E6E2D1E545-LeaderElection1] INFO server.RaftServerConfigKeys: raft.server.write.byte-limit = 64MB (=67108864) (default)
kdc_1       | Jan 30 12:21:08 kdc krb5kdc[8](info): TGS_REQ (6 etypes {aes256-cts-hmac-sha1-96(18), aes128-cts-hmac-sha1-96(17), aes256-cts-hmac-sha384-192(20), aes128-cts-hmac-sha256-128(19), DEPRECATED:des3-cbc-sha1(16), DEPRECATED:arcfour-hmac(23)}) 172.18.0.5: ISSUE: authtime 1675081264, etypes {rep=aes256-cts-hmac-sha1-96(18), tkt=aes256-cts-hmac-sha1-96(18), ses=aes256-cts-hmac-sha1-96(18)}, testuser/scm@EXAMPLE.COM for om/om@EXAMPLE.COM
datanode_3  | 00B0: 84 6C A7 C0 FF 42 58 49   DC E3 32 1D 38 63 9A 3B  .l...BXI..2.8c.;
datanode_3  | 00C0: 0E 1E 7F 4C A8 F0 9D 67   4F E5 59 9E D8 45 FF 95  ...L...gO.Y..E..
datanode_1  | 2023-01-30 12:01:48,143 [pool-24-thread-1] INFO server.RaftServerConfigKeys: raft.server.log.purge.preservation.log.num = 0 (default)
datanode_1  | 2023-01-30 12:01:48,169 [pool-24-thread-1] INFO server.RaftServerConfigKeys: raft.server.log.segment.size.max = 1048576 (custom)
recon_1     | 
recon_1     | [2]: ObjectId: 2.5.29.15 Criticality=true
scm_1       | 2023-01-30 12:00:23,856 [82e918d1-ff68-4821-a2f0-f9af71d19ea5@group-87E6E2D1E545-LeaderElection1] INFO server.RaftServerConfigKeys: raft.server.watch.timeout = 10s (default)
kdc_1       | Jan 30 12:21:17 kdc krb5kdc[8](info): TGS_REQ (6 etypes {aes256-cts-hmac-sha1-96(18), aes128-cts-hmac-sha1-96(17), aes256-cts-hmac-sha384-192(20), aes128-cts-hmac-sha256-128(19), DEPRECATED:des3-cbc-sha1(16), DEPRECATED:arcfour-hmac(23)}) 172.18.0.5: ISSUE: authtime 1675081264, etypes {rep=aes256-cts-hmac-sha1-96(18), tkt=aes256-cts-hmac-sha1-96(18), ses=aes256-cts-hmac-sha1-96(18)}, testuser/scm@EXAMPLE.COM for om/om@EXAMPLE.COM
datanode_3  | 00D0: 23 6A 95 11 48 B9 22 BD   29 8D 47 72 17 7E 2D AC  #j..H.".).Gr..-.
datanode_3  | 00E0: BA 51 2B 08 D0 69 75 45   6F 71 3F BA 62 DC 9B C4  .Q+..iuEoq?.b...
datanode_1  | 2023-01-30 12:01:48,210 [pool-24-thread-1] INFO server.RaftServerConfigKeys: raft.server.log.segment.cache.num.max = 2 (custom)
datanode_2  | 2023-01-30 12:01:07,397 [main] INFO handler.ContextHandler: Started o.e.j.s.ServletContextHandler@4057eb76{logs,/logs,file:///var/log/hadoop/,AVAILABLE}
recon_1     | KeyUsage [
recon_1     |   DigitalSignature
recon_1     |   Key_Encipherment
recon_1     |   Data_Encipherment
datanode_3  | 00F0: 07 C1 0B C1 80 37 61 B6   8B 51 65 E3 4C DD 83 AA  .....7a..Qe.L...
datanode_3  | 
datanode_1  | 2023-01-30 12:01:48,215 [pool-24-thread-1] INFO server.RaftServerConfigKeys: raft.server.log.segment.cache.size.max = 200MB (=209715200) (default)
datanode_2  | 2023-01-30 12:01:07,404 [main] INFO handler.ContextHandler: Started o.e.j.s.ServletContextHandler@3ab7b0f{static,/static,jar:file:/opt/hadoop/share/ozone/lib/hdds-container-service-1.4.0-SNAPSHOT.jar!/webapps/static,AVAILABLE}
recon_1     |   Key_Agreement
scm_1       | 2023-01-30 12:00:23,856 [82e918d1-ff68-4821-a2f0-f9af71d19ea5@group-87E6E2D1E545-LeaderElection1] INFO server.RaftServerConfigKeys: raft.server.watch.timeout.denomination = 1s (default)
om_1        |   Key_CertSign
om_1        |   Crl_Sign
datanode_3  | ] from file:/data/metadata/dn/certs/CA-255687037543.crt.
datanode_3  | 2023-01-30 12:00:42,683 [main] INFO client.DNCertificateClient: Added certificate [
datanode_1  | 2023-01-30 12:01:48,264 [pool-24-thread-1] INFO segmented.SegmentedRaftLogWorker: new 6295590c-c30d-436f-ae9f-b085e438c72d@group-CE3F4E13DA16-SegmentedRaftLogWorker for RaftStorageImpl:Storage Directory /data/metadata/ratis/4e8cbeba-21db-48a1-9ddc-ce3f4e13da16
datanode_2  | 2023-01-30 12:01:08,055 [main] INFO server.KerberosAuthenticationHandler: Using keytab /etc/security/keytabs/dn.keytab, for principal HTTP/dn@EXAMPLE.COM
recon_1     |   Key_CertSign
scm_1       | 2023-01-30 12:00:23,857 [82e918d1-ff68-4821-a2f0-f9af71d19ea5@group-87E6E2D1E545-LeaderElection1] INFO server.RaftServerConfigKeys: raft.server.watch.element-limit = 65536 (default)
scm_1       | 2023-01-30 12:00:23,864 [82e918d1-ff68-4821-a2f0-f9af71d19ea5@group-87E6E2D1E545-LeaderElection1] INFO server.RaftServerConfigKeys: raft.server.write.element-limit = 4096 (default)
scm_1       | 2023-01-30 12:00:23,865 [82e918d1-ff68-4821-a2f0-f9af71d19ea5@group-87E6E2D1E545-LeaderElection1] INFO server.RaftServerConfigKeys: raft.server.write.follower.gap.ratio.max = -1.0 (default)
datanode_3  | [
datanode_3  |   Version: V3
datanode_1  | 2023-01-30 12:01:48,281 [pool-24-thread-1] INFO server.RaftServerConfigKeys: raft.server.log.queue.byte-limit = 4294967296 (custom)
datanode_2  | 2023-01-30 12:01:08,135 [main] INFO handler.ContextHandler: Started o.e.j.w.WebAppContext@179367ff{hddsDatanode,/,file:///tmp/jetty-0_0_0_0-9882-hdds-container-service-1_4_0-SNAPSHOT_jar-_-any-10673044774529948668/webapp/,AVAILABLE}{jar:file:/opt/hadoop/share/ozone/lib/hdds-container-service-1.4.0-SNAPSHOT.jar!/webapps/hddsDatanode}
recon_1     |   Crl_Sign
recon_1     | ]
scm_1       | 2023-01-30 12:00:23,868 [82e918d1-ff68-4821-a2f0-f9af71d19ea5@group-87E6E2D1E545-LeaderElection1] INFO impl.RoleInfo: 82e918d1-ff68-4821-a2f0-f9af71d19ea5: start 82e918d1-ff68-4821-a2f0-f9af71d19ea5@group-87E6E2D1E545-LeaderStateImpl
scm_1       | 2023-01-30 12:00:23,889 [82e918d1-ff68-4821-a2f0-f9af71d19ea5@group-87E6E2D1E545-LeaderElection1] INFO segmented.SegmentedRaftLogWorker: 82e918d1-ff68-4821-a2f0-f9af71d19ea5@group-87E6E2D1E545-SegmentedRaftLogWorker: Starting segment from index:0
scm_1       | 2023-01-30 12:00:23,928 [82e918d1-ff68-4821-a2f0-f9af71d19ea5@group-87E6E2D1E545-LeaderElection1] INFO server.RaftServer$Division: 82e918d1-ff68-4821-a2f0-f9af71d19ea5@group-87E6E2D1E545: set configuration 0: peers:[82e918d1-ff68-4821-a2f0-f9af71d19ea5|rpc:scm:9894|admin:|client:|dataStream:|priority:0|startupRole:FOLLOWER]|listeners:[], old=null
scm_1       | 2023-01-30 12:00:23,980 [82e918d1-ff68-4821-a2f0-f9af71d19ea5@group-87E6E2D1E545-SegmentedRaftLogWorker] INFO segmented.SegmentedRaftLogWorker: 82e918d1-ff68-4821-a2f0-f9af71d19ea5@group-87E6E2D1E545-SegmentedRaftLogWorker: created new log segment /data/metadata/scm-ha/b04a1c74-af13-4571-b723-87e6e2d1e545/current/log_inprogress_0
scm_1       | 2023-01-30 12:00:24,820 [main] INFO server.RaftServer: 82e918d1-ff68-4821-a2f0-f9af71d19ea5: close
scm_1       | 2023-01-30 12:00:24,821 [main] INFO server.GrpcService: 82e918d1-ff68-4821-a2f0-f9af71d19ea5: shutdown server GrpcServerProtocolService now
scm_1       | 2023-01-30 12:00:24,821 [82e918d1-ff68-4821-a2f0-f9af71d19ea5-impl-thread1] INFO server.RaftServer$Division: 82e918d1-ff68-4821-a2f0-f9af71d19ea5@group-87E6E2D1E545: shutdown
scm_1       | 2023-01-30 12:00:24,821 [82e918d1-ff68-4821-a2f0-f9af71d19ea5-impl-thread1] INFO util.JmxRegister: Successfully un-registered JMX Bean with object name Ratis:service=RaftServer,group=group-87E6E2D1E545,id=82e918d1-ff68-4821-a2f0-f9af71d19ea5
scm_1       | 2023-01-30 12:00:24,822 [82e918d1-ff68-4821-a2f0-f9af71d19ea5-impl-thread1] INFO impl.RoleInfo: 82e918d1-ff68-4821-a2f0-f9af71d19ea5: shutdown 82e918d1-ff68-4821-a2f0-f9af71d19ea5@group-87E6E2D1E545-LeaderStateImpl
recon_1     | 
recon_1     | [3]: ObjectId: 2.5.29.17 Criticality=false
recon_1     | SubjectAlternativeName [
recon_1     |   IPAddress: 172.18.0.5
recon_1     | ]
recon_1     | 
recon_1     | ]
recon_1     |   Algorithm: [SHA256withRSA]
recon_1     |   Signature:
recon_1     | 0000: 71 F6 88 5B 67 58 80 61   61 81 71 CE 7B F2 58 76  q..[gX.aa.q...Xv
recon_1     | 0010: 15 44 5F 1A 2E 1E 77 BB   09 55 09 C2 BF 96 E1 A7  .D_...w..U......
recon_1     | 0020: A1 DB 15 A7 ED 54 62 34   B8 8D 2E CA 08 3A EE 65  .....Tb4.....:.e
recon_1     | 0030: 4B 4A CF 29 16 A6 49 D9   1C 91 45 DD D5 8C 51 A1  KJ.)..I...E...Q.
scm_1       | 2023-01-30 12:00:24,828 [82e918d1-ff68-4821-a2f0-f9af71d19ea5-impl-thread1] INFO impl.PendingRequests: 82e918d1-ff68-4821-a2f0-f9af71d19ea5@group-87E6E2D1E545-PendingRequests: sendNotLeaderResponses
scm_1       | 2023-01-30 12:00:24,833 [82e918d1-ff68-4821-a2f0-f9af71d19ea5-impl-thread1] INFO impl.StateMachineUpdater: 82e918d1-ff68-4821-a2f0-f9af71d19ea5@group-87E6E2D1E545-StateMachineUpdater: set stopIndex = 0
scm_1       | 2023-01-30 12:00:24,834 [82e918d1-ff68-4821-a2f0-f9af71d19ea5@group-87E6E2D1E545-StateMachineUpdater] INFO impl.StateMachineUpdater: 82e918d1-ff68-4821-a2f0-f9af71d19ea5@group-87E6E2D1E545-StateMachineUpdater: Took a snapshot at index 0
scm_1       | 2023-01-30 12:00:24,835 [82e918d1-ff68-4821-a2f0-f9af71d19ea5@group-87E6E2D1E545-StateMachineUpdater] INFO impl.StateMachineUpdater: 82e918d1-ff68-4821-a2f0-f9af71d19ea5@group-87E6E2D1E545-StateMachineUpdater: snapshotIndex: updateIncreasingly -1 -> 0
scm_1       | 2023-01-30 12:00:24,844 [main] INFO server.GrpcService: 82e918d1-ff68-4821-a2f0-f9af71d19ea5: shutdown server GrpcServerProtocolService successfully
scm_1       | 2023-01-30 12:00:24,848 [82e918d1-ff68-4821-a2f0-f9af71d19ea5-impl-thread1] INFO server.RaftServer$Division: 82e918d1-ff68-4821-a2f0-f9af71d19ea5@group-87E6E2D1E545: closes. applyIndex: 0
scm_1       | 2023-01-30 12:00:24,850 [82e918d1-ff68-4821-a2f0-f9af71d19ea5-NettyServerStreamRpc-bossGroup--thread1] INFO logging.LoggingHandler: [id: 0x5c9226ed, L:/0.0.0.0:46081] CLOSE
datanode_1  | 2023-01-30 12:01:48,282 [pool-24-thread-1] INFO server.RaftServerConfigKeys: raft.server.log.queue.element-limit = 1024 (custom)
datanode_1  | 2023-01-30 12:01:48,290 [pool-24-thread-1] INFO server.RaftServerConfigKeys: raft.server.log.segment.size.max = 1048576 (custom)
datanode_1  | 2023-01-30 12:01:48,293 [pool-24-thread-1] INFO server.RaftServerConfigKeys: raft.server.log.preallocated.size = 16384 (custom)
datanode_2  | 2023-01-30 12:01:08,189 [main] INFO server.AbstractConnector: Started ServerConnector@145c6e4d{HTTP/1.1, (http/1.1)}{0.0.0.0:9882}
scm_1       | 2023-01-30 12:00:24,853 [82e918d1-ff68-4821-a2f0-f9af71d19ea5-NettyServerStreamRpc-bossGroup--thread1] INFO logging.LoggingHandler: [id: 0x5c9226ed, L:/0.0.0.0:46081] INACTIVE
scm_1       | 2023-01-30 12:00:24,853 [82e918d1-ff68-4821-a2f0-f9af71d19ea5-NettyServerStreamRpc-bossGroup--thread1] INFO logging.LoggingHandler: [id: 0x5c9226ed, L:/0.0.0.0:46081] UNREGISTERED
recon_1     | 0040: 4C 26 61 52 53 E9 F7 DC   71 FA DB 24 AA 17 92 BF  L&aRS...q..$....
recon_1     | 0050: DE BC 8D C2 3C 70 25 5C   44 3B 3E 67 3E 9A 39 80  ....<p%\D;>g>.9.
recon_1     | 0060: 0E 66 7E 21 15 C0 16 D6   13 A2 AC 7B DA 20 FA 83  .f.!......... ..
recon_1     | 0070: 29 6E CE CE 9A B2 C8 F8   92 1D 8A 01 30 07 53 E5  )n..........0.S.
datanode_3  |   Subject: O=CID-b04a1c74-af13-4571-b723-87e6e2d1e545, OU=82e918d1-ff68-4821-a2f0-f9af71d19ea5, CN=dn@51f838724954
datanode_2  | 2023-01-30 12:01:08,189 [main] INFO server.Server: Started @89948ms
datanode_2  | 2023-01-30 12:01:08,198 [main] INFO impl.MetricsSinkAdapter: Sink prometheus started
datanode_2  | 2023-01-30 12:01:08,198 [main] INFO impl.MetricsSystemImpl: Registered sink prometheus
datanode_2  | 2023-01-30 12:01:08,204 [main] INFO http.BaseHttpServer: HTTP server of hddsDatanode listening at http://0.0.0.0:9882
datanode_2  | 2023-01-30 12:01:08,239 [Datanode State Machine Daemon Thread] INFO statemachine.DatanodeStateMachine: Ozone container server started.
datanode_3  |   Signature Algorithm: SHA256withRSA, OID = 1.2.840.113549.1.1.11
datanode_3  | 
kdc_1       | Jan 30 12:21:22 kdc krb5kdc[8](info): TGS_REQ (6 etypes {aes256-cts-hmac-sha1-96(18), aes128-cts-hmac-sha1-96(17), aes256-cts-hmac-sha384-192(20), aes128-cts-hmac-sha256-128(19), DEPRECATED:des3-cbc-sha1(16), DEPRECATED:arcfour-hmac(23)}) 172.18.0.5: ISSUE: authtime 1675081264, etypes {rep=aes256-cts-hmac-sha1-96(18), tkt=aes256-cts-hmac-sha1-96(18), ses=aes256-cts-hmac-sha1-96(18)}, testuser/scm@EXAMPLE.COM for om/om@EXAMPLE.COM
kdc_1       | Jan 30 12:21:28 kdc krb5kdc[8](info): TGS_REQ (6 etypes {aes256-cts-hmac-sha1-96(18), aes128-cts-hmac-sha1-96(17), aes256-cts-hmac-sha384-192(20), aes128-cts-hmac-sha256-128(19), DEPRECATED:des3-cbc-sha1(16), DEPRECATED:arcfour-hmac(23)}) 172.18.0.5: ISSUE: authtime 1675081264, etypes {rep=aes256-cts-hmac-sha1-96(18), tkt=aes256-cts-hmac-sha1-96(18), ses=aes256-cts-hmac-sha1-96(18)}, testuser/scm@EXAMPLE.COM for om/om@EXAMPLE.COM
datanode_1  | 2023-01-30 12:01:48,295 [pool-24-thread-1] INFO server.RaftServerConfigKeys: raft.server.log.force.sync.num = 128 (default)
datanode_1  | 2023-01-30 12:01:48,302 [pool-24-thread-1] INFO server.RaftServerConfigKeys: raft.server.log.statemachine.data.sync = true (default)
datanode_1  | 2023-01-30 12:01:48,311 [pool-24-thread-1] INFO server.RaftServerConfigKeys: raft.server.log.statemachine.data.sync.timeout = 10s (default)
datanode_1  | 2023-01-30 12:01:48,313 [pool-24-thread-1] INFO server.RaftServerConfigKeys: raft.server.log.statemachine.data.sync.timeout.retry = -1 (default)
datanode_3  |   Key:  Sun RSA public key, 2048 bits
recon_1     | 0080: 32 F3 EA CF E1 46 A4 FE   21 56 65 41 28 7A E7 2E  2....F..!VeA(z..
recon_1     | 0090: 32 DE 25 C6 EB AE 1A B9   E1 A2 B5 B6 C4 1A 8B BB  2.%.............
recon_1     | 00A0: 83 64 DD 7B 16 BD E7 D1   9A 59 BE 9D DB 3D BB 30  .d.......Y...=.0
datanode_3  |   params: null
datanode_3  |   modulus: 23238218334939521590270055651374082125849894868350112299655190694748643694945379787642443129476325875553883111794784421107539581583775909750214183720039642585753266417032435759750854183683503509492882238612333979312955533782967304017576347624479768532124860277541975923976385280788404992441252042616626790205628558516411523795868911548429635538995056367286463699942164930459255916133931083921959419020981873907253362661678444893661153785774487368074166541559515933208751742312815495100793434475576103823456865465666732397748578531327167981985070941406831628462188654757421256063900069373685019289216175598151871988517
recon_1     | 00B0: 84 6C A7 C0 FF 42 58 49   DC E3 32 1D 38 63 9A 3B  .l...BXI..2.8c.;
recon_1     | 00C0: 0E 1E 7F 4C A8 F0 9D 67   4F E5 59 9E D8 45 FF 95  ...L...gO.Y..E..
recon_1     | 00D0: 23 6A 95 11 48 B9 22 BD   29 8D 47 72 17 7E 2D AC  #j..H.".).Gr..-.
recon_1     | 00E0: BA 51 2B 08 D0 69 75 45   6F 71 3F BA 62 DC 9B C4  .Q+..iuEoq?.b...
recon_1     | 00F0: 07 C1 0B C1 80 37 61 B6   8B 51 65 E3 4C DD 83 AA  .....7a..Qe.L...
recon_1     | 
recon_1     | ] from file:/data/metadata/recon/certs/CA-255687037543.crt.
datanode_3  |   public exponent: 65537
datanode_3  |   Validity: [From: Mon Jan 30 00:00:00 UTC 2023,
scm_1       | 2023-01-30 12:00:24,860 [82e918d1-ff68-4821-a2f0-f9af71d19ea5@group-87E6E2D1E545-SegmentedRaftLogWorker] INFO segmented.SegmentedRaftLogWorker: 82e918d1-ff68-4821-a2f0-f9af71d19ea5@group-87E6E2D1E545-SegmentedRaftLogWorker was interrupted, exiting. There are 0 tasks remaining in the queue.
scm_1       | 2023-01-30 12:00:24,871 [82e918d1-ff68-4821-a2f0-f9af71d19ea5-impl-thread1] INFO segmented.SegmentedRaftLogWorker: 82e918d1-ff68-4821-a2f0-f9af71d19ea5@group-87E6E2D1E545-SegmentedRaftLogWorker close()
scm_1       | 2023-01-30 12:00:24,877 [JvmPauseMonitor0] INFO util.JvmPauseMonitor: JvmPauseMonitor-82e918d1-ff68-4821-a2f0-f9af71d19ea5: Stopped
scm_1       | 2023-01-30 12:00:24,877 [main] WARN server.ServerUtils: ozone.scm.db.dirs is not configured. We recommend adding this setting. Falling back to ozone.metadata.dirs instead.
scm_1       | 2023-01-30 12:00:24,881 [main] INFO server.StorageContainerManager: SCM initialization succeeded. Current cluster id for sd=/data/metadata/scm; cid=CID-b04a1c74-af13-4571-b723-87e6e2d1e545; layoutVersion=4; scmId=82e918d1-ff68-4821-a2f0-f9af71d19ea5
datanode_3  |                To: Tue Jan 30 00:00:00 UTC 2024]
datanode_1  | 2023-01-30 12:01:48,402 [pool-24-thread-1] INFO server.RaftServerConfigKeys: raft.server.log.write.buffer.size = 1048576 (custom)
datanode_1  | 2023-01-30 12:01:48,414 [pool-24-thread-1] INFO server.RaftServerConfigKeys: raft.server.log.appender.buffer.byte-limit = 33554432 (custom)
om_1        | ]
om_1        | 
om_1        | [3]: ObjectId: 2.5.29.17 Criticality=false
om_1        | SubjectAlternativeName [
om_1        |   IPAddress: 172.18.0.5
datanode_3  |   Issuer: O=CID-b04a1c74-af13-4571-b723-87e6e2d1e545, OU=82e918d1-ff68-4821-a2f0-f9af71d19ea5, CN=scm-sub@scm
datanode_1  | 2023-01-30 12:01:48,472 [pool-24-thread-1] INFO server.RaftServerConfigKeys: raft.server.log.unsafe-flush.enabled = false (default)
om_1        | ]
om_1        | 
om_1        | ]
om_1        |   Algorithm: [SHA256withRSA]
om_1        |   Signature:
om_1        | 0000: 36 C5 D1 86 75 86 C6 92   85 1C D5 55 A4 F2 21 9E  6...u......U..!.
datanode_1  | 2023-01-30 12:01:48,480 [pool-24-thread-1] INFO server.RaftServerConfigKeys: raft.server.log.async-flush.enabled = false (default)
datanode_3  |   SerialNumber: [    41258715 10]
datanode_3  | 
datanode_1  | 2023-01-30 12:01:48,482 [pool-24-thread-1] INFO server.RaftServerConfigKeys: raft.server.log.statemachine.data.caching.enabled = true (custom)
scm_1       | 2023-01-30 12:00:25,869 [shutdown-hook-0] INFO server.StorageContainerManagerStarter: SHUTDOWN_MSG: 
recon_1     | 2023-01-30 12:00:41,636 [main] INFO client.ReconCertificateClient: Added certificate [
recon_1     | [
datanode_2  | 2023-01-30 12:01:08,426 [org.apache.hadoop.util.JvmPauseMonitor$Monitor@35310757] INFO util.JvmPauseMonitor: Starting JVM pause monitor
datanode_2  | 2023-01-30 12:01:08,859 [Datanode State Machine Task Thread - 0] INFO statemachine.SCMConnectionManager: Adding Recon Server : recon/172.18.0.6:9891
datanode_1  | 2023-01-30 12:01:48,530 [pool-24-thread-1] INFO segmented.SegmentedRaftLogWorker: 6295590c-c30d-436f-ae9f-b085e438c72d@group-CE3F4E13DA16-SegmentedRaftLogWorker: flushIndex: setUnconditionally 0 -> -1
datanode_1  | 2023-01-30 12:01:48,530 [pool-24-thread-1] INFO segmented.SegmentedRaftLogWorker: 6295590c-c30d-436f-ae9f-b085e438c72d@group-CE3F4E13DA16-SegmentedRaftLogWorker: safeCacheEvictIndex: setUnconditionally 0 -> -1
scm_1       | /************************************************************
scm_1       | SHUTDOWN_MSG: Shutting down StorageContainerManager at scm/172.18.0.5
scm_1       | ************************************************************/
scm_1       | No '-XX:...' jvm parameters are set. Adding safer GC settings '-XX:ParallelGCThreads=8 -XX:+UseConcMarkSweepGC -XX:CMSInitiatingOccupancyFraction=70 -XX:+CMSParallelRemarkEnabled' to the OZONE_OPTS
scm_1       | OpenJDK 64-Bit Server VM warning: Option UseConcMarkSweepGC was deprecated in version 9.0 and will likely be removed in a future release.
datanode_1  | 2023-01-30 12:01:48,554 [pool-24-thread-1] INFO server.RaftServer$Division: 6295590c-c30d-436f-ae9f-b085e438c72d@group-CE3F4E13DA16: start as a follower, conf=-1: peers:[c8ea7a3f-965d-439b-b69f-d2205a7da823|rpc:172.18.0.4:9856|admin:172.18.0.4:9857|client:172.18.0.4:9858|dataStream:172.18.0.4:9855|priority:0|startupRole:FOLLOWER, 01074a56-f4fb-4406-b467-549b4df46db9|rpc:172.18.0.8:9856|admin:172.18.0.8:9857|client:172.18.0.8:9858|dataStream:172.18.0.8:9855|priority:0|startupRole:FOLLOWER, 6295590c-c30d-436f-ae9f-b085e438c72d|rpc:172.18.0.7:9856|admin:172.18.0.7:9857|client:172.18.0.7:9858|dataStream:172.18.0.7:9855|priority:1|startupRole:FOLLOWER]|listeners:[], old=null
datanode_1  | 2023-01-30 12:01:48,556 [pool-24-thread-1] INFO server.RaftServer$Division: 6295590c-c30d-436f-ae9f-b085e438c72d@group-CE3F4E13DA16: changes role from      null to FOLLOWER at term 0 for startAsFollower
kdc_1       | Jan 30 12:21:34 kdc krb5kdc[8](info): TGS_REQ (6 etypes {aes256-cts-hmac-sha1-96(18), aes128-cts-hmac-sha1-96(17), aes256-cts-hmac-sha384-192(20), aes128-cts-hmac-sha256-128(19), DEPRECATED:des3-cbc-sha1(16), DEPRECATED:arcfour-hmac(23)}) 172.18.0.5: ISSUE: authtime 1675081264, etypes {rep=aes256-cts-hmac-sha1-96(18), tkt=aes256-cts-hmac-sha1-96(18), ses=aes256-cts-hmac-sha1-96(18)}, testuser/scm@EXAMPLE.COM for om/om@EXAMPLE.COM
kdc_1       | Jan 30 12:21:39 kdc krb5kdc[8](info): TGS_REQ (6 etypes {aes256-cts-hmac-sha1-96(18), aes128-cts-hmac-sha1-96(17), aes256-cts-hmac-sha384-192(20), aes128-cts-hmac-sha256-128(19), DEPRECATED:des3-cbc-sha1(16), DEPRECATED:arcfour-hmac(23)}) 172.18.0.5: ISSUE: authtime 1675081264, etypes {rep=aes256-cts-hmac-sha1-96(18), tkt=aes256-cts-hmac-sha1-96(18), ses=aes256-cts-hmac-sha1-96(18)}, testuser/scm@EXAMPLE.COM for om/om@EXAMPLE.COM
kdc_1       | Jan 30 12:21:45 kdc krb5kdc[8](info): TGS_REQ (6 etypes {aes256-cts-hmac-sha1-96(18), aes128-cts-hmac-sha1-96(17), aes256-cts-hmac-sha384-192(20), aes128-cts-hmac-sha256-128(19), DEPRECATED:des3-cbc-sha1(16), DEPRECATED:arcfour-hmac(23)}) 172.18.0.5: ISSUE: authtime 1675081264, etypes {rep=aes256-cts-hmac-sha1-96(18), tkt=aes256-cts-hmac-sha1-96(18), ses=aes256-cts-hmac-sha1-96(18)}, testuser/scm@EXAMPLE.COM for om/om@EXAMPLE.COM
datanode_2  | 2023-01-30 12:01:08,898 [Datanode State Machine Task Thread - 0] INFO datanode.InitDatanodeState: DatanodeDetails is persisted to /data/datanode.id
datanode_2  | 2023-01-30 12:01:12,704 [EndpointStateMachine task thread for scm/172.18.0.5:9861 - 0 ] INFO utils.DatanodeStoreCache: Added db /data/hdds/hdds/CID-b04a1c74-af13-4571-b723-87e6e2d1e545/DS-f0b5a7ed-a995-441b-a8dc-8f205877eff1/container.db to cache
datanode_1  | 2023-01-30 12:01:48,560 [pool-24-thread-1] INFO impl.RoleInfo: 6295590c-c30d-436f-ae9f-b085e438c72d: start 6295590c-c30d-436f-ae9f-b085e438c72d@group-CE3F4E13DA16-FollowerState
datanode_3  | Certificate Extensions: 2
datanode_3  | [1]: ObjectId: 2.5.29.15 Criticality=true
datanode_3  | KeyUsage [
datanode_3  |   DigitalSignature
recon_1     |   Version: V3
recon_1     |   Subject: O=CID-b04a1c74-af13-4571-b723-87e6e2d1e545, OU=82e918d1-ff68-4821-a2f0-f9af71d19ea5, CN=recon@recon
recon_1     |   Signature Algorithm: SHA256withRSA, OID = 1.2.840.113549.1.1.11
recon_1     | 
datanode_1  | 2023-01-30 12:01:48,606 [6295590c-c30d-436f-ae9f-b085e438c72d@group-CE3F4E13DA16-FollowerState] INFO server.RaftServerConfigKeys: raft.server.rpc.first-election.timeout.min = 5s (fallback to raft.server.rpc.timeout.min)
kdc_1       | Jan 30 12:21:51 kdc krb5kdc[8](info): TGS_REQ (6 etypes {aes256-cts-hmac-sha1-96(18), aes128-cts-hmac-sha1-96(17), aes256-cts-hmac-sha384-192(20), aes128-cts-hmac-sha256-128(19), DEPRECATED:des3-cbc-sha1(16), DEPRECATED:arcfour-hmac(23)}) 172.18.0.5: ISSUE: authtime 1675081264, etypes {rep=aes256-cts-hmac-sha1-96(18), tkt=aes256-cts-hmac-sha1-96(18), ses=aes256-cts-hmac-sha1-96(18)}, testuser/scm@EXAMPLE.COM for om/om@EXAMPLE.COM
kdc_1       | Jan 30 12:21:52 kdc krb5kdc[8](info): AS_REQ (8 etypes {aes256-cts-hmac-sha1-96(18), aes128-cts-hmac-sha1-96(17), aes256-cts-hmac-sha384-192(20), aes128-cts-hmac-sha256-128(19), DEPRECATED:des3-cbc-sha1(16), DEPRECATED:arcfour-hmac(23), camellia128-cts-cmac(25), camellia256-cts-cmac(26)}) 172.18.0.5: ISSUE: authtime 1675081312, etypes {rep=aes256-cts-hmac-sha1-96(18), tkt=aes256-cts-hmac-sha1-96(18), ses=aes256-cts-hmac-sha1-96(18)}, testuser/scm@EXAMPLE.COM for krbtgt/EXAMPLE.COM@EXAMPLE.COM
datanode_3  |   Key_Encipherment
recon_1     |   Key:  Sun RSA public key, 2048 bits
recon_1     |   params: null
recon_1     |   modulus: 21660826695829584094562946549514954826334075726361688343455539090205428941974194621927810965315387529254155260495391159327445805830123455751469997451250061542029754076944088638075859812705835845508099461817076685944714715288463829038620186213314517270945338649468732590111822506605010589723480109199457540270463685470679998918116200931735479777241552717637480862797327093366676786577865095666642138379521911212233684169481445842776254393747014983585454289361925560818507523401770381372597692346356515612824885244006187939884089662420514290616376179749468306648271066004719573074555423140537209556719028903588112167217
recon_1     |   public exponent: 65537
datanode_2  | 2023-01-30 12:01:12,712 [EndpointStateMachine task thread for scm/172.18.0.5:9861 - 0 ] INFO volume.HddsVolume: SchemaV3 db is created and loaded at /data/hdds/hdds/CID-b04a1c74-af13-4571-b723-87e6e2d1e545/DS-f0b5a7ed-a995-441b-a8dc-8f205877eff1/container.db for volume DS-f0b5a7ed-a995-441b-a8dc-8f205877eff1
datanode_1  | 2023-01-30 12:01:48,607 [6295590c-c30d-436f-ae9f-b085e438c72d@group-CE3F4E13DA16-FollowerState] INFO server.RaftServerConfigKeys: raft.server.rpc.first-election.timeout.max = 5200ms (fallback to raft.server.rpc.timeout.max)
datanode_1  | 2023-01-30 12:01:48,608 [pool-24-thread-1] INFO util.JmxRegister: Successfully registered JMX Bean with object name Ratis:service=RaftServer,group=group-CE3F4E13DA16,id=6295590c-c30d-436f-ae9f-b085e438c72d
datanode_3  |   Data_Encipherment
om_1        | 0010: 86 9B A0 BA 76 1B 64 FE   A1 68 A9 FC 69 41 48 4C  ....v.d..h..iAHL
om_1        | 0020: 54 6C B2 61 C7 02 7A F8   0A 30 35 7A BA 6D E5 86  Tl.a..z..05z.m..
kdc_1       | Jan 30 12:21:57 kdc krb5kdc[8](info): TGS_REQ (6 etypes {aes256-cts-hmac-sha1-96(18), aes128-cts-hmac-sha1-96(17), aes256-cts-hmac-sha384-192(20), aes128-cts-hmac-sha256-128(19), DEPRECATED:des3-cbc-sha1(16), DEPRECATED:arcfour-hmac(23)}) 172.18.0.5: ISSUE: authtime 1675081312, etypes {rep=aes256-cts-hmac-sha1-96(18), tkt=aes256-cts-hmac-sha1-96(18), ses=aes256-cts-hmac-sha1-96(18)}, testuser/scm@EXAMPLE.COM for om/om@EXAMPLE.COM
kdc_1       | Jan 30 12:22:03 kdc krb5kdc[8](info): TGS_REQ (6 etypes {aes256-cts-hmac-sha1-96(18), aes128-cts-hmac-sha1-96(17), aes256-cts-hmac-sha384-192(20), aes128-cts-hmac-sha256-128(19), DEPRECATED:des3-cbc-sha1(16), DEPRECATED:arcfour-hmac(23)}) 172.18.0.5: ISSUE: authtime 1675081312, etypes {rep=aes256-cts-hmac-sha1-96(18), tkt=aes256-cts-hmac-sha1-96(18), ses=aes256-cts-hmac-sha1-96(18)}, testuser/scm@EXAMPLE.COM for om/om@EXAMPLE.COM
kdc_1       | Jan 30 12:22:09 kdc krb5kdc[8](info): TGS_REQ (6 etypes {aes256-cts-hmac-sha1-96(18), aes128-cts-hmac-sha1-96(17), aes256-cts-hmac-sha384-192(20), aes128-cts-hmac-sha256-128(19), DEPRECATED:des3-cbc-sha1(16), DEPRECATED:arcfour-hmac(23)}) 172.18.0.5: ISSUE: authtime 1675081312, etypes {rep=aes256-cts-hmac-sha1-96(18), tkt=aes256-cts-hmac-sha1-96(18), ses=aes256-cts-hmac-sha1-96(18)}, testuser/scm@EXAMPLE.COM for om/om@EXAMPLE.COM
kdc_1       | Jan 30 12:22:15 kdc krb5kdc[8](info): TGS_REQ (6 etypes {aes256-cts-hmac-sha1-96(18), aes128-cts-hmac-sha1-96(17), aes256-cts-hmac-sha384-192(20), aes128-cts-hmac-sha256-128(19), DEPRECATED:des3-cbc-sha1(16), DEPRECATED:arcfour-hmac(23)}) 172.18.0.5: ISSUE: authtime 1675081312, etypes {rep=aes256-cts-hmac-sha1-96(18), tkt=aes256-cts-hmac-sha1-96(18), ses=aes256-cts-hmac-sha1-96(18)}, testuser/scm@EXAMPLE.COM for om/om@EXAMPLE.COM
datanode_1  | 2023-01-30 12:01:48,621 [pool-24-thread-1] INFO server.RaftServerConfigKeys: raft.server.snapshot.auto.trigger.enabled = true (custom)
datanode_3  |   Key_Agreement
datanode_3  | ]
datanode_3  | 
datanode_3  | [2]: ObjectId: 2.5.29.17 Criticality=false
scm_1       | 2023-01-30 12:00:27,413 [main] INFO server.StorageContainerManagerStarter: STARTUP_MSG: 
scm_1       | /************************************************************
scm_1       | STARTUP_MSG: Starting StorageContainerManager
datanode_1  | 2023-01-30 12:01:48,621 [pool-24-thread-1] INFO server.RaftServerConfigKeys: raft.server.snapshot.auto.trigger.threshold = 10000 (custom)
datanode_2  | 2023-01-30 12:01:12,739 [EndpointStateMachine task thread for scm/172.18.0.5:9861 - 0 ] INFO ozoneimpl.OzoneContainer: Attempting to start container services.
datanode_2  | 2023-01-30 12:01:12,742 [EndpointStateMachine task thread for scm/172.18.0.5:9861 - 0 ] INFO ozoneimpl.OzoneContainer: Scheduled background container scanners and the on-demand container scanner have been disabled.
datanode_2  | 2023-01-30 12:01:12,817 [EndpointStateMachine task thread for scm/172.18.0.5:9861 - 0 ] INFO replication.ReplicationServer: ReplicationServer is started using port 9886
datanode_2  | 2023-01-30 12:01:12,840 [EndpointStateMachine task thread for scm/172.18.0.5:9861 - 0 ] INFO ratis.XceiverServerRatis: Starting XceiverServerRatis 01074a56-f4fb-4406-b467-549b4df46db9
datanode_2  | 2023-01-30 12:01:12,922 [EndpointStateMachine task thread for scm/172.18.0.5:9861 - 0 ] INFO server.RaftServer: 01074a56-f4fb-4406-b467-549b4df46db9: start RPC server
datanode_1  | 2023-01-30 12:01:48,627 [pool-24-thread-1] INFO server.RaftServerConfigKeys: raft.server.snapshot.retention.file.num = 5 (custom)
om_1        | 0030: 19 B6 01 A8 B8 E7 F3 49   06 02 8B 8D C7 54 A9 93  .......I.....T..
om_1        | 0040: 61 6A C7 22 08 2A 76 51   F2 28 C6 E1 4C F9 60 FE  aj.".*vQ.(..L.`.
om_1        | 0050: 84 01 F0 12 9A D3 1B 50   17 13 3F A2 8A 01 28 ED  .......P..?...(.
om_1        | 0060: CD 2A 0E 24 90 FA 21 12   3A 9F D8 AB 9C 78 AB F0  .*.$..!.:....x..
om_1        | 0070: DC E0 AE 98 98 1C AF BE   64 E9 F7 38 D0 50 AB FC  ........d..8.P..
om_1        | 0080: 49 C0 46 67 9B FE 7F 32   40 5D 0D D2 A7 33 98 F5  I.Fg...2@]...3..
datanode_1  | 2023-01-30 12:01:48,628 [pool-24-thread-1] INFO server.RaftServerConfigKeys: raft.server.log.purge.upto.snapshot.index = false (default)
scm_1       | STARTUP_MSG:   host = scm/172.18.0.5
scm_1       | STARTUP_MSG:   args = []
scm_1       | STARTUP_MSG:   version = 1.4.0-SNAPSHOT
