kdc_1       | Jan 30 12:26:30 kdc krb5kdc[8](info): TGS_REQ (6 etypes {aes256-cts-hmac-sha1-96(18), aes128-cts-hmac-sha1-96(17), aes256-cts-hmac-sha384-192(20), aes128-cts-hmac-sha256-128(19), DEPRECATED:des3-cbc-sha1(16), DEPRECATED:arcfour-hmac(23)}) 172.18.0.5: ISSUE: authtime 1675081363, etypes {rep=aes256-cts-hmac-sha1-96(18), tkt=aes256-cts-hmac-sha1-96(18), ses=aes256-cts-hmac-sha1-96(18)}, testuser/scm@EXAMPLE.COM for om/om@EXAMPLE.COM
datanode_3  | ] from file:/data/metadata/dn/certs/279802483984.crt.
datanode_3  | 2023-01-30 12:00:42,739 [main] INFO client.DNCertificateClient: CertificateLifetimeMonitor for dn is started with first delay 29073557283 ms and interval 86400000 ms.
om_1        |   Algorithm: [SHA256withRSA]
datanode_2  | 	at java.base/java.security.AccessController.doPrivileged(Native Method)
datanode_3  | 2023-01-30 12:00:42,740 [main] INFO ozone.HddsDatanodeService: Successfully stored SCM signed certificate, case:GETCERT.
kdc_1       | Jan 30 12:26:36 kdc krb5kdc[8](info): TGS_REQ (6 etypes {aes256-cts-hmac-sha1-96(18), aes128-cts-hmac-sha1-96(17), aes256-cts-hmac-sha384-192(20), aes128-cts-hmac-sha256-128(19), DEPRECATED:des3-cbc-sha1(16), DEPRECATED:arcfour-hmac(23)}) 172.18.0.5: ISSUE: authtime 1675081363, etypes {rep=aes256-cts-hmac-sha1-96(18), tkt=aes256-cts-hmac-sha1-96(18), ses=aes256-cts-hmac-sha1-96(18)}, testuser/scm@EXAMPLE.COM for om/om@EXAMPLE.COM
om_1        |   Signature:
datanode_2  | 	at java.base/javax.security.auth.Subject.doAs(Subject.java:423)
datanode_3  | 2023-01-30 12:00:42,894 [main] INFO upgrade.AbstractLayoutVersionManager: Initializing Layout version manager with metadata layout = DATANODE_SCHEMA_V3 (version = 4), software layout = DATANODE_SCHEMA_V3 (version = 4)
kdc_1       | Jan 30 12:26:42 kdc krb5kdc[8](info): TGS_REQ (6 etypes {aes256-cts-hmac-sha1-96(18), aes128-cts-hmac-sha1-96(17), aes256-cts-hmac-sha384-192(20), aes128-cts-hmac-sha256-128(19), DEPRECATED:des3-cbc-sha1(16), DEPRECATED:arcfour-hmac(23)}) 172.18.0.5: ISSUE: authtime 1675081363, etypes {rep=aes256-cts-hmac-sha1-96(18), tkt=aes256-cts-hmac-sha1-96(18), ses=aes256-cts-hmac-sha1-96(18)}, testuser/scm@EXAMPLE.COM for om/om@EXAMPLE.COM
kdc_1       | Jan 30 12:26:48 kdc krb5kdc[8](info): TGS_REQ (6 etypes {aes256-cts-hmac-sha1-96(18), aes128-cts-hmac-sha1-96(17), aes256-cts-hmac-sha384-192(20), aes128-cts-hmac-sha256-128(19), DEPRECATED:des3-cbc-sha1(16), DEPRECATED:arcfour-hmac(23)}) 172.18.0.5: ISSUE: authtime 1675081363, etypes {rep=aes256-cts-hmac-sha1-96(18), tkt=aes256-cts-hmac-sha1-96(18), ses=aes256-cts-hmac-sha1-96(18)}, testuser/scm@EXAMPLE.COM for om/om@EXAMPLE.COM
datanode_1  | 2023-01-30 12:01:55,089 [pool-24-thread-1] INFO server.RaftServerConfigKeys: raft.server.rpc.timeout.min = 5s (custom)
datanode_1  | 2023-01-30 12:01:55,089 [pool-24-thread-1] INFO server.RaftServerConfigKeys: raft.server.rpc.timeout.max = 5200ms (custom)
scm_1       |   Key_CertSign
scm_1       |   Crl_Sign
kdc_1       | Jan 30 12:26:53 kdc krb5kdc[8](info): TGS_REQ (6 etypes {aes256-cts-hmac-sha1-96(18), aes128-cts-hmac-sha1-96(17), aes256-cts-hmac-sha384-192(20), aes128-cts-hmac-sha256-128(19), DEPRECATED:des3-cbc-sha1(16), DEPRECATED:arcfour-hmac(23)}) 172.18.0.5: ISSUE: authtime 1675081363, etypes {rep=aes256-cts-hmac-sha1-96(18), tkt=aes256-cts-hmac-sha1-96(18), ses=aes256-cts-hmac-sha1-96(18)}, testuser/scm@EXAMPLE.COM for om/om@EXAMPLE.COM
kdc_1       | Jan 30 12:26:59 kdc krb5kdc[8](info): TGS_REQ (6 etypes {aes256-cts-hmac-sha1-96(18), aes128-cts-hmac-sha1-96(17), aes256-cts-hmac-sha384-192(20), aes128-cts-hmac-sha256-128(19), DEPRECATED:des3-cbc-sha1(16), DEPRECATED:arcfour-hmac(23)}) 172.18.0.5: ISSUE: authtime 1675081363, etypes {rep=aes256-cts-hmac-sha1-96(18), tkt=aes256-cts-hmac-sha1-96(18), ses=aes256-cts-hmac-sha1-96(18)}, testuser/scm@EXAMPLE.COM for om/om@EXAMPLE.COM
scm_1       | ]
scm_1       | 
datanode_2  | 	at org.apache.hadoop.security.UserGroupInformation.doAs(UserGroupInformation.java:1878)
datanode_2  | 	at org.apache.hadoop.ipc.Client$Connection.setupIOstreams(Client.java:839)
om_1        | 0000: 71 F6 88 5B 67 58 80 61   61 81 71 CE 7B F2 58 76  q..[gX.aa.q...Xv
datanode_1  | 2023-01-30 12:01:55,089 [pool-24-thread-1] INFO server.RaftServerConfigKeys: raft.server.rpc.sleep.time = 25ms (default)
kdc_1       | Jan 30 12:27:05 kdc krb5kdc[8](info): TGS_REQ (6 etypes {aes256-cts-hmac-sha1-96(18), aes128-cts-hmac-sha1-96(17), aes256-cts-hmac-sha384-192(20), aes128-cts-hmac-sha256-128(19), DEPRECATED:des3-cbc-sha1(16), DEPRECATED:arcfour-hmac(23)}) 172.18.0.5: ISSUE: authtime 1675081363, etypes {rep=aes256-cts-hmac-sha1-96(18), tkt=aes256-cts-hmac-sha1-96(18), ses=aes256-cts-hmac-sha1-96(18)}, testuser/scm@EXAMPLE.COM for om/om@EXAMPLE.COM
datanode_2  | 	... 15 more
datanode_3  | 2023-01-30 12:00:44,118 [main] INFO reflections.Reflections: Reflections took 887 ms to scan 2 urls, producing 100 keys and 224 values 
om_1        | 0010: 15 44 5F 1A 2E 1E 77 BB   09 55 09 C2 BF 96 E1 A7  .D_...w..U......
datanode_1  | 2023-01-30 12:01:55,089 [pool-24-thread-1] INFO server.RaftServerConfigKeys: raft.server.rpc.slowness.timeout = 300s (custom)
kdc_1       | Jan 30 12:27:11 kdc krb5kdc[8](info): TGS_REQ (6 etypes {aes256-cts-hmac-sha1-96(18), aes128-cts-hmac-sha1-96(17), aes256-cts-hmac-sha384-192(20), aes128-cts-hmac-sha256-128(19), DEPRECATED:des3-cbc-sha1(16), DEPRECATED:arcfour-hmac(23)}) 172.18.0.5: ISSUE: authtime 1675081363, etypes {rep=aes256-cts-hmac-sha1-96(18), tkt=aes256-cts-hmac-sha1-96(18), ses=aes256-cts-hmac-sha1-96(18)}, testuser/scm@EXAMPLE.COM for om/om@EXAMPLE.COM
datanode_2  | 2023-01-30 12:01:18,517 [Datanode State Machine Daemon Thread] ERROR datanode.RunningDatanodeState: Error in executing end point task.
datanode_3  | 2023-01-30 12:00:44,736 [main] INFO statemachine.DatanodeStateMachine: Datanode State Machine Task Thread Pool size 2
om_1        | 0020: A1 DB 15 A7 ED 54 62 34   B8 8D 2E CA 08 3A EE 65  .....Tb4.....:.e
datanode_1  | 2023-01-30 12:01:55,089 [pool-24-thread-1] INFO server.RaftServerConfigKeys: raft.server.leaderelection.leader.step-down.wait-time = 10s (default)
kdc_1       | Jan 30 12:27:17 kdc krb5kdc[8](info): TGS_REQ (6 etypes {aes256-cts-hmac-sha1-96(18), aes128-cts-hmac-sha1-96(17), aes256-cts-hmac-sha384-192(20), aes128-cts-hmac-sha256-128(19), DEPRECATED:des3-cbc-sha1(16), DEPRECATED:arcfour-hmac(23)}) 172.18.0.5: ISSUE: authtime 1675081363, etypes {rep=aes256-cts-hmac-sha1-96(18), tkt=aes256-cts-hmac-sha1-96(18), ses=aes256-cts-hmac-sha1-96(18)}, testuser/scm@EXAMPLE.COM for om/om@EXAMPLE.COM
datanode_2  | java.util.concurrent.ExecutionException: java.util.concurrent.TimeoutException
datanode_3  | 2023-01-30 12:00:45,988 [main] INFO fs.SaveSpaceUsageToFile: Cached usage info file /data/hdds/scmUsed not found
om_1        | 0030: 4B 4A CF 29 16 A6 49 D9   1C 91 45 DD D5 8C 51 A1  KJ.)..I...E...Q.
datanode_1  | 2023-01-30 12:01:55,089 [pool-24-thread-1] INFO server.RaftServerConfigKeys: raft.server.sleep.deviation.threshold = 300ms (default)
kdc_1       | Jan 30 12:27:23 kdc krb5kdc[8](info): TGS_REQ (6 etypes {aes256-cts-hmac-sha1-96(18), aes128-cts-hmac-sha1-96(17), aes256-cts-hmac-sha384-192(20), aes128-cts-hmac-sha256-128(19), DEPRECATED:des3-cbc-sha1(16), DEPRECATED:arcfour-hmac(23)}) 172.18.0.5: ISSUE: authtime 1675081363, etypes {rep=aes256-cts-hmac-sha1-96(18), tkt=aes256-cts-hmac-sha1-96(18), ses=aes256-cts-hmac-sha1-96(18)}, testuser/scm@EXAMPLE.COM for om/om@EXAMPLE.COM
datanode_2  | 	at java.base/java.util.concurrent.FutureTask.report(FutureTask.java:122)
datanode_3  | 2023-01-30 12:00:46,117 [main] INFO volume.HddsVolume: Creating HddsVolume: /data/hdds/hdds of storage type : DISK capacity : 89297309696
om_1        | 0040: 4C 26 61 52 53 E9 F7 DC   71 FA DB 24 AA 17 92 BF  L&aRS...q..$....
datanode_1  | 2023-01-30 12:01:55,089 [pool-24-thread-1] INFO server.RaftServer$Division: 6295590c-c30d-436f-ae9f-b085e438c72d@group-D14D9BFCC8C3: ConfigurationManager, init=-1: peers:[6295590c-c30d-436f-ae9f-b085e438c72d|rpc:172.18.0.7:9856|admin:172.18.0.7:9857|client:172.18.0.7:9858|dataStream:172.18.0.7:9855|priority:1|startupRole:FOLLOWER]|listeners:[], old=null, confs=<EMPTY_MAP>
kdc_1       | Jan 30 12:27:29 kdc krb5kdc[8](info): TGS_REQ (6 etypes {aes256-cts-hmac-sha1-96(18), aes128-cts-hmac-sha1-96(17), aes256-cts-hmac-sha384-192(20), aes128-cts-hmac-sha256-128(19), DEPRECATED:des3-cbc-sha1(16), DEPRECATED:arcfour-hmac(23)}) 172.18.0.5: ISSUE: authtime 1675081363, etypes {rep=aes256-cts-hmac-sha1-96(18), tkt=aes256-cts-hmac-sha1-96(18), ses=aes256-cts-hmac-sha1-96(18)}, testuser/scm@EXAMPLE.COM for om/om@EXAMPLE.COM
datanode_2  | 	at java.base/java.util.concurrent.FutureTask.get(FutureTask.java:191)
datanode_3  | 2023-01-30 12:00:46,132 [main] INFO volume.MutableVolumeSet: Added Volume : /data/hdds/hdds to VolumeSet
om_1        | 0050: DE BC 8D C2 3C 70 25 5C   44 3B 3E 67 3E 9A 39 80  ....<p%\D;>g>.9.
datanode_1  | 2023-01-30 12:01:55,090 [pool-24-thread-1] INFO server.RaftServerConfigKeys: raft.server.storage.dir = [/data/metadata/ratis] (custom)
kdc_1       | Jan 30 12:27:34 kdc krb5kdc[8](info): TGS_REQ (6 etypes {aes256-cts-hmac-sha1-96(18), aes128-cts-hmac-sha1-96(17), aes256-cts-hmac-sha384-192(20), aes128-cts-hmac-sha256-128(19), DEPRECATED:des3-cbc-sha1(16), DEPRECATED:arcfour-hmac(23)}) 172.18.0.5: ISSUE: authtime 1675081363, etypes {rep=aes256-cts-hmac-sha1-96(18), tkt=aes256-cts-hmac-sha1-96(18), ses=aes256-cts-hmac-sha1-96(18)}, testuser/scm@EXAMPLE.COM for om/om@EXAMPLE.COM
om_1        | 0060: 0E 66 7E 21 15 C0 16 D6   13 A2 AC 7B DA 20 FA 83  .f.!......... ..
datanode_3  | 2023-01-30 12:00:46,133 [main] INFO volume.ThrottledAsyncChecker: Scheduling a check for /data/hdds/hdds
datanode_1  | 2023-01-30 12:01:55,090 [pool-24-thread-1] INFO server.RaftServerConfigKeys: raft.server.log.corruption.policy = EXCEPTION (default)
datanode_1  | 2023-01-30 12:01:55,091 [pool-24-thread-1] INFO server.RaftServerConfigKeys: raft.server.storage.free-space.min = 0MB (=0) (default)
scm_1       | [3]: ObjectId: 2.5.29.17 Criticality=false
datanode_2  | 	at org.apache.hadoop.ozone.container.common.states.datanode.RunningDatanodeState.computeNextContainerState(RunningDatanodeState.java:199)
datanode_2  | 	at org.apache.hadoop.ozone.container.common.states.datanode.RunningDatanodeState.await(RunningDatanodeState.java:239)
datanode_2  | 	at org.apache.hadoop.ozone.container.common.states.datanode.RunningDatanodeState.await(RunningDatanodeState.java:50)
kdc_1       | Jan 30 12:27:40 kdc krb5kdc[8](info): TGS_REQ (6 etypes {aes256-cts-hmac-sha1-96(18), aes128-cts-hmac-sha1-96(17), aes256-cts-hmac-sha384-192(20), aes128-cts-hmac-sha256-128(19), DEPRECATED:des3-cbc-sha1(16), DEPRECATED:arcfour-hmac(23)}) 172.18.0.5: ISSUE: authtime 1675081363, etypes {rep=aes256-cts-hmac-sha1-96(18), tkt=aes256-cts-hmac-sha1-96(18), ses=aes256-cts-hmac-sha1-96(18)}, testuser/scm@EXAMPLE.COM for om/om@EXAMPLE.COM
kdc_1       | Jan 30 12:27:43 kdc krb5kdc[8](info): AS_REQ (8 etypes {aes256-cts-hmac-sha1-96(18), aes128-cts-hmac-sha1-96(17), aes256-cts-hmac-sha384-192(20), aes128-cts-hmac-sha256-128(19), DEPRECATED:des3-cbc-sha1(16), DEPRECATED:arcfour-hmac(23), camellia128-cts-cmac(25), camellia256-cts-cmac(26)}) 172.18.0.5: ISSUE: authtime 1675081663, etypes {rep=aes256-cts-hmac-sha1-96(18), tkt=aes256-cts-hmac-sha1-96(18), ses=aes256-cts-hmac-sha1-96(18)}, testuser/scm@EXAMPLE.COM for krbtgt/EXAMPLE.COM@EXAMPLE.COM
recon_1     | 2023-01-30 12:00:52,457 [main] INFO codegen.SqlDbUtils: Created derby database at jdbc:derby:/data/metadata/recon/ozone_recon_derby.db.
recon_1     | 2023-01-30 12:00:52,458 [main] INFO recon.ReconServer: Creating Recon Schema.
recon_1     | 2023-01-30 12:00:57,995 [main] INFO http.BaseHttpServer: Starting Web-server for recon at: http://0.0.0.0:9888
datanode_2  | 	at org.apache.hadoop.ozone.container.common.statemachine.StateContext.execute(StateContext.java:661)
kdc_1       | Jan 30 12:27:49 kdc krb5kdc[8](info): TGS_REQ (6 etypes {aes256-cts-hmac-sha1-96(18), aes128-cts-hmac-sha1-96(17), aes256-cts-hmac-sha384-192(20), aes128-cts-hmac-sha256-128(19), DEPRECATED:des3-cbc-sha1(16), DEPRECATED:arcfour-hmac(23)}) 172.18.0.5: ISSUE: authtime 1675081663, etypes {rep=aes256-cts-hmac-sha1-96(18), tkt=aes256-cts-hmac-sha1-96(18), ses=aes256-cts-hmac-sha1-96(18)}, testuser/scm@EXAMPLE.COM for om/om@EXAMPLE.COM
kdc_1       | Jan 30 12:27:52 kdc krb5kdc[8](info): TGS_REQ (6 etypes {aes256-cts-hmac-sha1-96(18), aes128-cts-hmac-sha1-96(17), aes256-cts-hmac-sha384-192(20), aes128-cts-hmac-sha256-128(19), DEPRECATED:des3-cbc-sha1(16), DEPRECATED:arcfour-hmac(23)}) 172.18.0.5: ISSUE: authtime 1675081663, etypes {rep=aes256-cts-hmac-sha1-96(18), tkt=aes256-cts-hmac-sha1-96(18), ses=aes256-cts-hmac-sha1-96(18)}, testuser/scm@EXAMPLE.COM for om/om@EXAMPLE.COM
datanode_1  | 2023-01-30 12:01:55,091 [pool-24-thread-1] INFO server.RaftServerConfigKeys: raft.server.notification.no-leader.timeout = 300s (custom)
datanode_1  | 2023-01-30 12:01:55,091 [pool-24-thread-1] INFO server.RaftServerConfigKeys: raft.server.retrycache.expirytime = 600000ms (custom)
scm_1       | SubjectAlternativeName [
scm_1       |   IPAddress: 172.18.0.5
scm_1       | ]
scm_1       | 
kdc_1       | Jan 30 12:28:01 kdc krb5kdc[8](info): TGS_REQ (6 etypes {aes256-cts-hmac-sha1-96(18), aes128-cts-hmac-sha1-96(17), aes256-cts-hmac-sha384-192(20), aes128-cts-hmac-sha256-128(19), DEPRECATED:des3-cbc-sha1(16), DEPRECATED:arcfour-hmac(23)}) 172.18.0.5: ISSUE: authtime 1675081663, etypes {rep=aes256-cts-hmac-sha1-96(18), tkt=aes256-cts-hmac-sha1-96(18), ses=aes256-cts-hmac-sha1-96(18)}, testuser/scm@EXAMPLE.COM for om/om@EXAMPLE.COM
om_1        | 0070: 29 6E CE CE 9A B2 C8 F8   92 1D 8A 01 30 07 53 E5  )n..........0.S.
om_1        | 0080: 32 F3 EA CF E1 46 A4 FE   21 56 65 41 28 7A E7 2E  2....F..!VeA(z..
om_1        | 0090: 32 DE 25 C6 EB AE 1A B9   E1 A2 B5 B6 C4 1A 8B BB  2.%.............
om_1        | 00A0: 83 64 DD 7B 16 BD E7 D1   9A 59 BE 9D DB 3D BB 30  .d.......Y...=.0
om_1        | 00B0: 84 6C A7 C0 FF 42 58 49   DC E3 32 1D 38 63 9A 3B  .l...BXI..2.8c.;
om_1        | 00C0: 0E 1E 7F 4C A8 F0 9D 67   4F E5 59 9E D8 45 FF 95  ...L...gO.Y..E..
om_1        | 00D0: 23 6A 95 11 48 B9 22 BD   29 8D 47 72 17 7E 2D AC  #j..H.".).Gr..-.
om_1        | 00E0: BA 51 2B 08 D0 69 75 45   6F 71 3F BA 62 DC 9B C4  .Q+..iuEoq?.b...
om_1        | 00F0: 07 C1 0B C1 80 37 61 B6   8B 51 65 E3 4C DD 83 AA  .....7a..Qe.L...
om_1        | 
om_1        | ] from file:/data/metadata/om/certs/CA-255687037543.crt.
om_1        | 2023-01-30 12:01:12,160 [main] INFO security.OMCertificateClient: Added certificate [
om_1        | [
om_1        |   Version: V3
om_1        |   Subject: O=CID-b04a1c74-af13-4571-b723-87e6e2d1e545, OU=82e918d1-ff68-4821-a2f0-f9af71d19ea5, CN=om
om_1        |   Signature Algorithm: SHA256withRSA, OID = 1.2.840.113549.1.1.11
om_1        | 
om_1        |   Key:  Sun RSA public key, 2048 bits
datanode_1  | 2023-01-30 12:01:55,091 [pool-24-thread-1] INFO server.RaftServerConfigKeys: raft.server.retrycache.statistics.expirytime = 100?s (default)
datanode_2  | 	at org.apache.hadoop.ozone.container.common.statemachine.DatanodeStateMachine.startStateMachineThread(DatanodeStateMachine.java:320)
datanode_2  | 	at org.apache.hadoop.ozone.container.common.statemachine.DatanodeStateMachine.lambda$startDaemon$0(DatanodeStateMachine.java:516)
om_1        |   params: null
scm_1       | ]
scm_1       |   Algorithm: [SHA256withRSA]
datanode_1  | 2023-01-30 12:01:55,093 [Command processor thread] INFO server.RaftServer: 6295590c-c30d-436f-ae9f-b085e438c72d: addNew group-D14D9BFCC8C3:[6295590c-c30d-436f-ae9f-b085e438c72d|rpc:172.18.0.7:9856|admin:172.18.0.7:9857|client:172.18.0.7:9858|dataStream:172.18.0.7:9855|priority:1|startupRole:FOLLOWER] returns group-D14D9BFCC8C3:java.util.concurrent.CompletableFuture@413b4546[Not completed]
om_1        |   modulus: 24334133391208150402817112443476631375269294579105963816956564612935821903331451732245578655749146818457946470276880774381905922187490581302768014229885757142781208280323765114485326296600810802221274760406139489207121608678360433241637194403139656206423595810852768175354094973153192070323635606416602015647065452740462972629570933287747327184178830786641488255802034997900334084054918355817343369067944194801847909168973840501835666372429990437728681108618657423261535681110185440928738070834070617523692147744038509621618303406088406567172332957921049042962214406593351125537123092302297022068107855699232242326767
scm_1       |   Signature:
scm_1       | 0000: 71 F6 88 5B 67 58 80 61   61 81 71 CE 7B F2 58 76  q..[gX.aa.q...Xv
datanode_1  | 2023-01-30 12:01:55,103 [pool-24-thread-1] INFO server.RaftServerConfigKeys: raft.server.log.appender.install.snapshot.enabled = false (custom)
datanode_3  | 2023-01-30 12:00:46,311 [main] INFO volume.StorageVolumeChecker: Scheduled health check for volume /data/hdds/hdds
datanode_3  | 2023-01-30 12:00:46,408 [main] WARN server.ServerUtils: Storage directory for Ratis is not configured. It is a good idea to map this to an SSD disk. Falling back to ozone.metadata.dirs
om_1        |   public exponent: 65537
scm_1       | 0010: 15 44 5F 1A 2E 1E 77 BB   09 55 09 C2 BF 96 E1 A7  .D_...w..U......
recon_1     | 2023-01-30 12:00:58,002 [main] INFO http.BaseHttpServer: Hadoop Security Enabled: true Ozone Security Enabled: true Ozone HTTP Security Enabled: true 
datanode_1  | 2023-01-30 12:01:55,103 [pool-24-thread-1] INFO server.RaftServerConfigKeys: raft.server.threadpool.server.cached = true (default)
datanode_3  | 2023-01-30 12:00:46,413 [main] INFO fs.SaveSpaceUsageToFile: Cached usage info file /data/metadata/ratis/scmUsed not found
datanode_2  | 	at java.base/java.lang.Thread.run(Thread.java:829)
om_1        |   Validity: [From: Mon Jan 30 00:00:00 UTC 2023,
scm_1       | 0020: A1 DB 15 A7 ED 54 62 34   B8 8D 2E CA 08 3A EE 65  .....Tb4.....:.e
recon_1     | 2023-01-30 12:00:58,007 [main] INFO http.BaseHttpServer: HttpAuthType: ozone.recon.http.auth.type = kerberos
datanode_1  | 2023-01-30 12:01:55,103 [pool-24-thread-1] INFO server.RaftServerConfigKeys: raft.server.threadpool.server.size = 0 (default)
datanode_3  | 2023-01-30 12:00:46,419 [main] INFO volume.MutableVolumeSet: Added Volume : /data/metadata/ratis to VolumeSet
datanode_2  | Caused by: java.util.concurrent.TimeoutException
om_1        |                To: Tue Jan 30 00:00:00 UTC 2024]
scm_1       | 0030: 4B 4A CF 29 16 A6 49 D9   1C 91 45 DD D5 8C 51 A1  KJ.)..I...E...Q.
recon_1     | 2023-01-30 12:00:58,131 [main] INFO util.log: Logging initialized @79661ms to org.eclipse.jetty.util.log.Slf4jLog
datanode_1  | 2023-01-30 12:01:55,104 [pool-24-thread-1] INFO server.RaftServerConfigKeys: raft.server.threadpool.client.cached = true (default)
datanode_3  | 2023-01-30 12:00:46,419 [main] INFO volume.ThrottledAsyncChecker: Scheduling a check for /data/metadata/ratis
datanode_3  | 2023-01-30 12:00:46,420 [main] INFO volume.StorageVolumeChecker: Scheduled health check for volume /data/metadata/ratis
om_1        |   Issuer: O=CID-b04a1c74-af13-4571-b723-87e6e2d1e545, OU=82e918d1-ff68-4821-a2f0-f9af71d19ea5, CN=scm-sub@scm
scm_1       | 0040: 4C 26 61 52 53 E9 F7 DC   71 FA DB 24 AA 17 92 BF  L&aRS...q..$....
recon_1     | 2023-01-30 12:00:58,830 [main] WARN http.HttpRequestLog: Jetty request log can only be enabled using Log4j
datanode_1  | 2023-01-30 12:01:55,104 [pool-24-thread-1] INFO server.RaftServerConfigKeys: raft.server.threadpool.client.size = 0 (default)
datanode_2  | 	at java.base/java.util.concurrent.FutureTask.get(FutureTask.java:204)
datanode_2  | 	at org.apache.hadoop.ozone.container.common.states.datanode.RunningDatanodeState.lambda$execute$0(RunningDatanodeState.java:157)
scm_1       | 0050: DE BC 8D C2 3C 70 25 5C   44 3B 3E 67 3E 9A 39 80  ....<p%\D;>g>.9.
recon_1     | 2023-01-30 12:00:58,902 [main] INFO http.HttpServer2: Added global filter 'safety' (class=org.apache.hadoop.hdds.server.http.HttpServer2$QuotingInputFilter)
datanode_1  | 2023-01-30 12:01:55,104 [pool-24-thread-1] INFO storage.RaftStorageDirectory: The storage directory /data/metadata/ratis/b94b867f-ed1a-49ec-8fd7-d14d9bfcc8c3 does not exist. Creating ...
datanode_3  | 2023-01-30 12:00:46,607 [Thread-20] INFO ozoneimpl.ContainerReader: Finish verifying containers on volume /data/hdds/hdds
om_1        |   SerialNumber: [    41f3b398 93]
datanode_2  | 	at java.base/java.util.concurrent.FutureTask.run(FutureTask.java:264)
scm_1       | 0060: 0E 66 7E 21 15 C0 16 D6   13 A2 AC 7B DA 20 FA 83  .f.!......... ..
recon_1     | 2023-01-30 12:00:58,904 [main] INFO http.HttpServer2: Added filter authentication (class=org.apache.hadoop.security.authentication.server.AuthenticationFilter) to context recon
datanode_1  | 2023-01-30 12:01:55,115 [pool-24-thread-1] INFO storage.RaftStorageDirectory: Lock on /data/metadata/ratis/b94b867f-ed1a-49ec-8fd7-d14d9bfcc8c3/in_use.lock acquired by nodename 7@5ffad95da0eb
datanode_3  | 2023-01-30 12:00:46,613 [main] INFO ozoneimpl.OzoneContainer: Build ContainerSet costs 0s
om_1        | 
datanode_2  | 	at java.base/java.util.concurrent.Executors$RunnableAdapter.call(Executors.java:515)
datanode_2  | 	at java.base/java.util.concurrent.FutureTask.run(FutureTask.java:264)
recon_1     | 2023-01-30 12:00:58,917 [main] INFO http.HttpServer2: Added filter authentication (class=org.apache.hadoop.security.authentication.server.AuthenticationFilter) to context static
datanode_1  | 2023-01-30 12:01:55,120 [pool-24-thread-1] INFO storage.RaftStorage: Storage directory /data/metadata/ratis/b94b867f-ed1a-49ec-8fd7-d14d9bfcc8c3 has been successfully formatted.
datanode_3  | 2023-01-30 12:00:52,342 [main] INFO audit.AuditLogger: Refresh DebugCmdSet for DNAudit to [].
om_1        | Certificate Extensions: 2
om_1        | [1]: ObjectId: 2.5.29.15 Criticality=true
datanode_2  | 	at java.base/java.util.concurrent.ThreadPoolExecutor.runWorker(ThreadPoolExecutor.java:1128)
recon_1     | 2023-01-30 12:00:58,918 [main] INFO http.HttpServer2: Added filter authentication (class=org.apache.hadoop.security.authentication.server.AuthenticationFilter) to context logs
recon_1     | 2023-01-30 12:00:58,934 [main] INFO http.HttpServer2: Initialize spnego with host: 0.0.0.0 userKey: ozone.recon.http.auth.kerberos.principal keytabKey: ozone.recon.http.auth.kerberos.keytab
datanode_1  | 2023-01-30 12:01:55,121 [pool-24-thread-1] INFO ratis.ContainerStateMachine: group-D14D9BFCC8C3: The snapshot info is null. Setting the last applied indexto:(t:0, i:~)
datanode_3  | 2023-01-30 12:00:53,062 [main] INFO netty.NettyConfigKeys$DataStream: setTlsConf GrpcTlsConfig0-
scm_1       | 0070: 29 6E CE CE 9A B2 C8 F8   92 1D 8A 01 30 07 53 E5  )n..........0.S.
om_1        | KeyUsage [
om_1        |   DigitalSignature
recon_1     | 2023-01-30 12:00:59,722 [main] INFO tasks.ReconTaskControllerImpl: Registered task ContainerKeyMapperTask with controller.
datanode_1  | 2023-01-30 12:01:55,125 [pool-24-thread-1] INFO server.RaftServerConfigKeys: raft.server.log.use.memory = false (default)
datanode_3  | 2023-01-30 12:00:53,125 [main] INFO netty.NettyConfigKeys$DataStream: setTlsConf GrpcTlsConfig1-
scm_1       | 0080: 32 F3 EA CF E1 46 A4 FE   21 56 65 41 28 7A E7 2E  2....F..!VeA(z..
datanode_2  | 	at java.base/java.util.concurrent.ThreadPoolExecutor$Worker.run(ThreadPoolExecutor.java:628)
om_1        |   Key_Encipherment
recon_1     | 2023-01-30 12:01:01,212 [main] INFO tasks.ReconTaskControllerImpl: Registered task FileSizeCountTask with controller.
recon_1     | 2023-01-30 12:01:01,232 [main] INFO tasks.ReconTaskControllerImpl: Registered task TableCountTask with controller.
datanode_3  | 2023-01-30 12:00:53,356 [main] WARN server.ServerUtils: Storage directory for Ratis is not configured. It is a good idea to map this to an SSD disk. Falling back to ozone.metadata.dirs
scm_1       | 0090: 32 DE 25 C6 EB AE 1A B9   E1 A2 B5 B6 C4 1A 8B BB  2.%.............
datanode_2  | 	... 1 more
om_1        |   Data_Encipherment
recon_1     | 2023-01-30 12:01:01,302 [main] INFO tasks.ReconTaskControllerImpl: Registered task NSSummaryTask with controller.
datanode_1  | 2023-01-30 12:01:55,125 [pool-24-thread-1] INFO server.RaftServerConfigKeys: raft.server.log.purge.gap = 1000000 (custom)
datanode_3  | 2023-01-30 12:00:53,639 [main] INFO server.RaftServer: raft.rpc.type = GRPC (default)
scm_1       | 00A0: 83 64 DD 7B 16 BD E7 D1   9A 59 BE 9D DB 3D BB 30  .d.......Y...=.0
scm_1       | 00B0: 84 6C A7 C0 FF 42 58 49   DC E3 32 1D 38 63 9A 3B  .l...BXI..2.8c.;
scm_1       | 00C0: 0E 1E 7F 4C A8 F0 9D 67   4F E5 59 9E D8 45 FF 95  ...L...gO.Y..E..
recon_1     | 2023-01-30 12:01:01,466 [main] INFO ozone.OmUtils: ozone.om.internal.service.id is not defined, falling back to ozone.om.service.ids to find serviceID for OzoneManager if it is HA enabled cluster
datanode_1  | 2023-01-30 12:01:55,125 [pool-24-thread-1] INFO server.RaftServerConfigKeys: raft.server.log.appender.buffer.byte-limit = 33554432 (custom)
datanode_3  | 2023-01-30 12:00:54,840 [main] INFO grpc.GrpcConfigKeys: raft.grpc.admin.host = null (fallback to raft.grpc.server.host)
scm_1       | 00D0: 23 6A 95 11 48 B9 22 BD   29 8D 47 72 17 7E 2D AC  #j..H.".).Gr..-.
datanode_2  | 2023-01-30 12:01:47,592 [Command processor thread] INFO server.RaftServer: 01074a56-f4fb-4406-b467-549b4df46db9: addNew group-CE3F4E13DA16:[c8ea7a3f-965d-439b-b69f-d2205a7da823|rpc:172.18.0.4:9856|admin:172.18.0.4:9857|client:172.18.0.4:9858|dataStream:172.18.0.4:9855|priority:0|startupRole:FOLLOWER, 01074a56-f4fb-4406-b467-549b4df46db9|rpc:172.18.0.8:9856|admin:172.18.0.8:9857|client:172.18.0.8:9858|dataStream:172.18.0.8:9855|priority:0|startupRole:FOLLOWER, 6295590c-c30d-436f-ae9f-b085e438c72d|rpc:172.18.0.7:9856|admin:172.18.0.7:9857|client:172.18.0.7:9858|dataStream:172.18.0.7:9855|priority:1|startupRole:FOLLOWER] returns group-CE3F4E13DA16:java.util.concurrent.CompletableFuture@4417f714[Not completed]
om_1        |   Key_Agreement
recon_1     | 2023-01-30 12:01:01,468 [main] INFO ozone.OmUtils: No OzoneManager ServiceID configured.
datanode_1  | 2023-01-30 12:01:55,125 [pool-24-thread-1] INFO server.RaftServerConfigKeys: raft.server.log.statemachine.data.read.timeout = 1000ms (default)
datanode_3  | 2023-01-30 12:00:54,856 [main] INFO grpc.GrpcConfigKeys: raft.grpc.admin.port = 9857 (custom)
scm_1       | 00E0: BA 51 2B 08 D0 69 75 45   6F 71 3F BA 62 DC 9B C4  .Q+..iuEoq?.b...
datanode_2  | 2023-01-30 12:01:47,672 [pool-24-thread-1] INFO server.RaftServer$Division: 01074a56-f4fb-4406-b467-549b4df46db9: new RaftServerImpl for group-CE3F4E13DA16:[c8ea7a3f-965d-439b-b69f-d2205a7da823|rpc:172.18.0.4:9856|admin:172.18.0.4:9857|client:172.18.0.4:9858|dataStream:172.18.0.4:9855|priority:0|startupRole:FOLLOWER, 01074a56-f4fb-4406-b467-549b4df46db9|rpc:172.18.0.8:9856|admin:172.18.0.8:9857|client:172.18.0.8:9858|dataStream:172.18.0.8:9855|priority:0|startupRole:FOLLOWER, 6295590c-c30d-436f-ae9f-b085e438c72d|rpc:172.18.0.7:9856|admin:172.18.0.7:9857|client:172.18.0.7:9858|dataStream:172.18.0.7:9855|priority:1|startupRole:FOLLOWER] with ContainerStateMachine:uninitialized
om_1        | ]
recon_1     | 2023-01-30 12:01:06,061 [main] WARN recon.ReconUtils: ozone.recon.om.db.dir is not configured. We recommend adding this setting. Falling back to ozone.metadata.dirs instead.
datanode_1  | 2023-01-30 12:01:55,125 [pool-24-thread-1] INFO server.RaftServerConfigKeys: raft.server.log.purge.preservation.log.num = 0 (default)
datanode_3  | 2023-01-30 12:00:54,862 [main] INFO grpc.GrpcConfigKeys: raft.grpc.client.host = null (fallback to raft.grpc.server.host)
scm_1       | 00F0: 07 C1 0B C1 80 37 61 B6   8B 51 65 E3 4C DD 83 AA  .....7a..Qe.L...
datanode_2  | 2023-01-30 12:01:47,677 [pool-24-thread-1] INFO server.RaftServerConfigKeys: raft.server.rpc.timeout.min = 5s (custom)
datanode_2  | 2023-01-30 12:01:47,679 [pool-24-thread-1] INFO server.RaftServerConfigKeys: raft.server.rpc.timeout.max = 5200ms (custom)
recon_1     | 2023-01-30 12:01:07,438 [main] WARN recon.ReconUtils: ozone.recon.scm.db.dirs is not configured. We recommend adding this setting. Falling back to ozone.metadata.dirs instead.
datanode_1  | 2023-01-30 12:01:55,126 [pool-24-thread-1] INFO server.RaftServerConfigKeys: raft.server.log.segment.size.max = 1048576 (custom)
datanode_3  | 2023-01-30 12:00:54,868 [main] INFO grpc.GrpcConfigKeys: raft.grpc.client.port = 9858 (custom)
scm_1       | 
om_1        | 
datanode_2  | 2023-01-30 12:01:47,680 [pool-24-thread-1] INFO server.RaftServerConfigKeys: raft.server.rpc.sleep.time = 25ms (default)
recon_1     | 2023-01-30 12:01:08,022 [main] INFO net.NodeSchemaLoader: Loading schema from [file:/etc/hadoop/network-topology-default.xml, jar:file:/opt/hadoop/share/ozone/lib/hdds-common-1.4.0-SNAPSHOT.jar!/network-topology-default.xml]
datanode_1  | 2023-01-30 12:01:55,137 [pool-24-thread-1] INFO server.RaftServerConfigKeys: raft.server.log.segment.cache.num.max = 2 (custom)
datanode_3  | 2023-01-30 12:00:54,868 [main] INFO grpc.GrpcConfigKeys: raft.grpc.server.host = null (default)
scm_1       | ] from file:/data/metadata/scm/sub-ca/certs/255687037543.crt.
om_1        | [2]: ObjectId: 2.5.29.17 Criticality=false
datanode_2  | 2023-01-30 12:01:47,680 [pool-24-thread-1] INFO server.RaftServerConfigKeys: raft.server.rpc.slowness.timeout = 300s (custom)
recon_1     | 2023-01-30 12:01:08,022 [main] INFO net.NodeSchemaLoader: Loading network topology layer schema file
datanode_1  | 2023-01-30 12:01:55,137 [pool-24-thread-1] INFO server.RaftServerConfigKeys: raft.server.log.segment.cache.size.max = 200MB (=209715200) (default)
datanode_3  | 2023-01-30 12:00:54,883 [main] INFO grpc.GrpcConfigKeys: raft.grpc.server.port = 9856 (custom)
scm_1       | 2023-01-30 12:00:28,460 [main] INFO client.SCMCertificateClient: Added certificate [
om_1        | SubjectAlternativeName [
datanode_2  | 2023-01-30 12:01:47,680 [pool-24-thread-1] INFO server.RaftServerConfigKeys: raft.server.leaderelection.leader.step-down.wait-time = 10s (default)
recon_1     | 2023-01-30 12:01:08,613 [main] WARN db.DBStoreBuilder: ozone.recon.scm.db.dirs is not configured. We recommend adding this setting. Falling back to ozone.metadata.dirs instead.
datanode_1  | 2023-01-30 12:01:55,137 [pool-24-thread-1] INFO segmented.SegmentedRaftLogWorker: new 6295590c-c30d-436f-ae9f-b085e438c72d@group-D14D9BFCC8C3-SegmentedRaftLogWorker for RaftStorageImpl:Storage Directory /data/metadata/ratis/b94b867f-ed1a-49ec-8fd7-d14d9bfcc8c3
datanode_3  | 2023-01-30 12:00:54,885 [main] INFO server.GrpcService: raft.grpc.message.size.max = 32MB (=33554432) (custom)
scm_1       | [
om_1        |   IPAddress: 172.18.0.2
datanode_2  | 2023-01-30 12:01:47,682 [pool-24-thread-1] INFO server.RaftServerConfigKeys: raft.server.sleep.deviation.threshold = 300ms (default)
recon_1     | 2023-01-30 12:01:09,170 [main] INFO upgrade.AbstractLayoutVersionManager: Initializing Layout version manager with metadata layout = DATANODE_SCHEMA_V3 (version = 4), software layout = DATANODE_SCHEMA_V3 (version = 4)
datanode_1  | 2023-01-30 12:01:55,138 [pool-24-thread-1] INFO server.RaftServerConfigKeys: raft.server.log.queue.byte-limit = 4294967296 (custom)
datanode_3  | 2023-01-30 12:00:54,890 [main] INFO server.RaftServerConfigKeys: raft.server.log.appender.buffer.byte-limit = 33554432 (custom)
scm_1       |   Version: V3
om_1        |   Other-Name: Unrecognized ObjectIdentifier: 2.16.840.1.113730.3.1.34
recon_1     | 2023-01-30 12:01:09,438 [main] INFO reflections.Reflections: Reflections took 263 ms to scan 3 urls, producing 124 keys and 279 values 
datanode_2  | 2023-01-30 12:01:47,713 [pool-24-thread-1] INFO server.RaftServer$Division: 01074a56-f4fb-4406-b467-549b4df46db9@group-CE3F4E13DA16: ConfigurationManager, init=-1: peers:[c8ea7a3f-965d-439b-b69f-d2205a7da823|rpc:172.18.0.4:9856|admin:172.18.0.4:9857|client:172.18.0.4:9858|dataStream:172.18.0.4:9855|priority:0|startupRole:FOLLOWER, 01074a56-f4fb-4406-b467-549b4df46db9|rpc:172.18.0.8:9856|admin:172.18.0.8:9857|client:172.18.0.8:9858|dataStream:172.18.0.8:9855|priority:0|startupRole:FOLLOWER, 6295590c-c30d-436f-ae9f-b085e438c72d|rpc:172.18.0.7:9856|admin:172.18.0.7:9857|client:172.18.0.7:9858|dataStream:172.18.0.7:9855|priority:1|startupRole:FOLLOWER]|listeners:[], old=null, confs=<EMPTY_MAP>
datanode_1  | 2023-01-30 12:01:55,138 [pool-24-thread-1] INFO server.RaftServerConfigKeys: raft.server.log.queue.element-limit = 1024 (custom)
datanode_3  | 2023-01-30 12:00:54,893 [main] INFO server.GrpcService: raft.grpc.flow.control.window = 5MB (=5242880) (custom)
scm_1       |   Subject: O=CID-b04a1c74-af13-4571-b723-87e6e2d1e545, OU=82e918d1-ff68-4821-a2f0-f9af71d19ea5, CN=scm@scm
om_1        | ]
recon_1     | 2023-01-30 12:01:09,677 [main] INFO ha.SequenceIdGenerator: Init the HA SequenceIdGenerator.
datanode_2  | 2023-01-30 12:01:47,715 [pool-24-thread-1] INFO server.RaftServerConfigKeys: raft.server.storage.dir = [/data/metadata/ratis] (custom)
datanode_2  | 2023-01-30 12:01:47,734 [pool-24-thread-1] INFO server.RaftServerConfigKeys: raft.server.log.corruption.policy = EXCEPTION (default)
datanode_3  | 2023-01-30 12:00:54,900 [main] INFO server.RaftServerConfigKeys: raft.server.rpc.request.timeout = 60s (custom)
scm_1       |   Signature Algorithm: SHA256withRSA, OID = 1.2.840.113549.1.1.11
om_1        | 
datanode_1  | 2023-01-30 12:01:55,138 [pool-24-thread-1] INFO server.RaftServerConfigKeys: raft.server.log.segment.size.max = 1048576 (custom)
datanode_2  | 2023-01-30 12:01:47,736 [pool-24-thread-1] INFO server.RaftServerConfigKeys: raft.server.storage.free-space.min = 0MB (=0) (default)
recon_1     | 2023-01-30 12:01:09,776 [main] WARN server.ServerUtils: ozone.scm.stale.node.interval value = 30000 is smaller than min = 90000 based on the key value of hdds.heartbeat.interval, reset to the min value 90000.
datanode_3  | 2023-01-30 12:00:54,956 [main] INFO grpc.GrpcConfigKeys: raft.grpc.server.heartbeat.channel = true (default)
datanode_3  | 2023-01-30 12:00:55,015 [main] INFO grpc.GrpcConfigKeys: raft.grpc.server.async.request.thread.pool.cached = true (default)
om_1        | ]
datanode_1  | 2023-01-30 12:01:55,138 [pool-24-thread-1] INFO server.RaftServerConfigKeys: raft.server.log.preallocated.size = 16384 (custom)
datanode_2  | 2023-01-30 12:01:47,784 [pool-24-thread-1] INFO server.RaftServerConfigKeys: raft.server.notification.no-leader.timeout = 300s (custom)
recon_1     | 2023-01-30 12:01:09,776 [main] WARN server.ServerUtils: ozone.scm.stale.node.interval value = 30000 is smaller than min = 90000 based on the key value of hdds.heartbeat.interval, reset to the min value 90000.
datanode_3  | 2023-01-30 12:00:55,018 [main] INFO grpc.GrpcConfigKeys: raft.grpc.server.async.request.thread.pool.size = 32 (default)
scm_1       | 
om_1        |   Algorithm: [SHA256withRSA]
datanode_1  | 2023-01-30 12:01:55,138 [pool-24-thread-1] INFO server.RaftServerConfigKeys: raft.server.log.force.sync.num = 128 (default)
datanode_2  | 2023-01-30 12:01:47,796 [pool-24-thread-1] INFO server.RaftServerConfigKeys: raft.server.retrycache.expirytime = 600000ms (custom)
recon_1     | 2023-01-30 12:01:09,776 [main] WARN server.ServerUtils: ozone.scm.dead.node.interval value = 45000 is smaller than min = 180000 based on the key value of ozone.scm.stale.node.interval, reset to the min value 180000.
datanode_3  | 2023-01-30 12:01:02,219 [main] INFO impl.DataStreamServerImpl: raft.datastream.type = NETTY (custom)
scm_1       |   Key:  Sun RSA public key, 2048 bits
om_1        |   Signature:
om_1        | 0000: 2B 27 92 FF 33 E5 92 8A   12 C1 22 4F 19 C7 D6 83  +'..3....."O....
om_1        | 0010: D8 EA 70 5E 1C B2 A7 A9   F5 8B 24 7B 41 8D 0B DE  ..p^......$.A...
recon_1     | 2023-01-30 12:01:09,784 [main] INFO node.SCMNodeManager: Entering startup safe mode.
datanode_3  | 2023-01-30 12:01:02,378 [main] INFO server.RaftServerConfigKeys: raft.server.data-stream.async.request.thread.pool.cached = false (default)
scm_1       |   params: null
datanode_1  | 2023-01-30 12:01:55,138 [pool-24-thread-1] INFO server.RaftServerConfigKeys: raft.server.log.statemachine.data.sync = true (default)
datanode_2  | 2023-01-30 12:01:47,798 [pool-24-thread-1] INFO server.RaftServerConfigKeys: raft.server.retrycache.statistics.expirytime = 100?s (default)
om_1        | 0020: E2 DA 6A 48 52 1E 95 D3   EE 73 AA 5A 23 E2 AA 79  ..jHR....s.Z#..y
recon_1     | 2023-01-30 12:01:09,816 [main] INFO scm.ReconNodeManager: Loaded 0 nodes from node DB.
datanode_3  | 2023-01-30 12:01:02,379 [main] INFO server.RaftServerConfigKeys: raft.server.data-stream.async.request.thread.pool.size = 20 (custom)
scm_1       |   modulus: 19547832136434300738326307742387562429456217686330175163176497706533133057088432510477102552712118247654129281016928756166884250456866669545530465832916053591768388319268519251388529020915964459767204260680473599011154314178110472478059979387302735304383500952133759725342083408969331778030672841448029437817395159809765427326783641946938297695073206054101256625025218393030285912390719907514240296454125497401961411836819507002530339011895755451651337787679015191316432844913579186332681131846508031685918772919804386100453270450800202301025326863368356625247169836688444668566051960380526446273221151226832923348641
datanode_1  | 2023-01-30 12:01:55,138 [pool-24-thread-1] INFO server.RaftServerConfigKeys: raft.server.log.statemachine.data.sync.timeout = 10s (default)
datanode_2  | 2023-01-30 12:01:48,071 [pool-24-thread-1] INFO server.RaftServerConfigKeys: raft.server.log.appender.install.snapshot.enabled = false (custom)
datanode_2  | 2023-01-30 12:01:48,079 [pool-24-thread-1] INFO server.RaftServerConfigKeys: raft.server.threadpool.server.cached = true (default)
datanode_2  | 2023-01-30 12:01:48,081 [pool-24-thread-1] INFO server.RaftServerConfigKeys: raft.server.threadpool.server.size = 0 (default)
recon_1     | 2023-01-30 12:01:09,838 [main] INFO algorithms.ContainerPlacementPolicyFactory: Create container placement policy of type org.apache.hadoop.hdds.scm.container.placement.algorithms.SCMContainerPlacementRandom
scm_1       |   public exponent: 65537
datanode_1  | 2023-01-30 12:01:55,139 [pool-24-thread-1] INFO server.RaftServerConfigKeys: raft.server.log.statemachine.data.sync.timeout.retry = -1 (default)
datanode_2  | 2023-01-30 12:01:48,082 [pool-24-thread-1] INFO server.RaftServerConfigKeys: raft.server.threadpool.client.cached = true (default)
om_1        | 0030: CA 3A D8 AF E7 8F 3C 67   B9 62 BB AB 16 EC 53 D0  .:....<g.b....S.
datanode_3  | 2023-01-30 12:01:02,392 [main] INFO server.RaftServerConfigKeys: raft.server.data-stream.async.write.thread.pool.size = 16 (default)
recon_1     | 2023-01-30 12:01:09,948 [main] INFO audit.AuditLogger: Refresh DebugCmdSet for SCMAudit to [].
scm_1       |   Validity: [From: Mon Jan 30 00:00:00 UTC 2023,
datanode_1  | 2023-01-30 12:01:55,141 [pool-24-thread-1] INFO server.RaftServerConfigKeys: raft.server.log.write.buffer.size = 1048576 (custom)
datanode_2  | 2023-01-30 12:01:48,087 [pool-24-thread-1] INFO server.RaftServerConfigKeys: raft.server.threadpool.client.size = 0 (default)
om_1        | 0040: 15 1B C0 68 63 61 66 D3   74 ED 3B 52 C9 2E 4C 59  ...hcaf.t.;R..LY
datanode_3  | 2023-01-30 12:01:02,423 [main] INFO server.RaftServerConfigKeys: raft.server.data-stream.client.pool.size = 10 (default)
recon_1     | 2023-01-30 12:01:10,067 [main] INFO ipc.CallQueueManager: Using callQueue: class java.util.concurrent.LinkedBlockingQueue, queueCapacity: 10000, scheduler: class org.apache.hadoop.ipc.DefaultRpcScheduler, ipcBackoff: false.
scm_1       |                To: Thu Mar 09 00:00:00 UTC 2028]
datanode_1  | 2023-01-30 12:01:55,143 [pool-24-thread-1] INFO server.RaftServerConfigKeys: raft.server.log.appender.buffer.byte-limit = 33554432 (custom)
datanode_2  | 2023-01-30 12:01:48,087 [pool-24-thread-1] INFO storage.RaftStorageDirectory: The storage directory /data/metadata/ratis/4e8cbeba-21db-48a1-9ddc-ce3f4e13da16 does not exist. Creating ...
om_1        | 0050: 1A D0 22 9D C1 C5 AC 4D   09 10 0F 0B 49 CD 48 30  .."....M....I.H0
datanode_3  | 2023-01-30 12:01:02,448 [main] INFO netty.NettyConfigKeys$DataStream: raft.netty.dataStream.server.use-epoll = false (default)
recon_1     | 2023-01-30 12:01:10,177 [Socket Reader #1 for port 9891] INFO ipc.Server: Starting Socket Reader #1 for port 9891
scm_1       |   Issuer: O=CID-b04a1c74-af13-4571-b723-87e6e2d1e545, OU=82e918d1-ff68-4821-a2f0-f9af71d19ea5, CN=scm@scm
datanode_1  | 2023-01-30 12:01:55,166 [6295590c-c30d-436f-ae9f-b085e438c72d@group-CE3F4E13DA16-LeaderElection1] INFO impl.LeaderElection: 6295590c-c30d-436f-ae9f-b085e438c72d@group-CE3F4E13DA16-LeaderElection1: ELECTION REJECTED received 2 response(s) and 0 exception(s):
datanode_2  | 2023-01-30 12:01:48,107 [pool-24-thread-1] INFO storage.RaftStorageDirectory: Lock on /data/metadata/ratis/4e8cbeba-21db-48a1-9ddc-ce3f4e13da16/in_use.lock acquired by nodename 6@2850eee4085e
om_1        | 0060: BA 23 3B C9 2D D3 49 08   B7 03 3B 00 ED D5 FE CE  .#;.-.I...;.....
datanode_3  | 2023-01-30 12:01:02,449 [main] INFO netty.NettyConfigKeys$DataStream: raft.netty.dataStream.server.boss-group.size = 0 (default)
recon_1     | 2023-01-30 12:01:10,338 [Listener at 0.0.0.0/9891] INFO pipeline.PipelineStateManagerImpl: No pipeline exists in current db
scm_1       |   SerialNumber: [    01]
datanode_1  | 2023-01-30 12:01:55,167 [6295590c-c30d-436f-ae9f-b085e438c72d@group-CE3F4E13DA16-LeaderElection1] INFO impl.LeaderElection:   Response 0: 6295590c-c30d-436f-ae9f-b085e438c72d<-c8ea7a3f-965d-439b-b69f-d2205a7da823#0:FAIL-t1
datanode_1  | 2023-01-30 12:01:55,167 [6295590c-c30d-436f-ae9f-b085e438c72d@group-CE3F4E13DA16-LeaderElection1] INFO impl.LeaderElection:   Response 1: 6295590c-c30d-436f-ae9f-b085e438c72d<-01074a56-f4fb-4406-b467-549b4df46db9#0:FAIL-t1
om_1        | 0070: 93 5D 50 EA D4 62 22 23   72 1A DB 2F 34 F2 A7 99  .]P..b"#r../4...
datanode_3  | 2023-01-30 12:01:02,498 [main] INFO netty.NettyConfigKeys$DataStream: raft.netty.dataStream.server.worker-group.size = 0 (default)
recon_1     | 2023-01-30 12:01:11,020 [Listener at 0.0.0.0/9891] INFO recon.ReconServer: Recon server initialized successfully!
scm_1       | 
datanode_1  | 2023-01-30 12:01:55,168 [6295590c-c30d-436f-ae9f-b085e438c72d@group-CE3F4E13DA16-LeaderElection1] INFO impl.LeaderElection: 6295590c-c30d-436f-ae9f-b085e438c72d@group-CE3F4E13DA16-LeaderElection1 ELECTION round 0: result REJECTED
datanode_1  | 2023-01-30 12:01:55,170 [6295590c-c30d-436f-ae9f-b085e438c72d@group-CE3F4E13DA16-LeaderElection1] INFO server.RaftServer$Division: 6295590c-c30d-436f-ae9f-b085e438c72d@group-CE3F4E13DA16: changes role from CANDIDATE to FOLLOWER at term 1 for REJECTED
datanode_2  | 2023-01-30 12:01:48,143 [pool-24-thread-1] INFO storage.RaftStorage: Storage directory /data/metadata/ratis/4e8cbeba-21db-48a1-9ddc-ce3f4e13da16 has been successfully formatted.
datanode_3  | 2023-01-30 12:01:02,508 [main] INFO netty.NettyConfigKeys$DataStream: raft.netty.dataStream.server.tls.conf = GrpcTlsConfig0- (custom)
recon_1     | 2023-01-30 12:01:11,026 [Listener at 0.0.0.0/9891] INFO recon.ReconServer: Starting Recon server
scm_1       | Certificate Extensions: 3
datanode_1  | 2023-01-30 12:01:55,170 [6295590c-c30d-436f-ae9f-b085e438c72d@group-CE3F4E13DA16-LeaderElection1] INFO impl.RoleInfo: 6295590c-c30d-436f-ae9f-b085e438c72d: shutdown 6295590c-c30d-436f-ae9f-b085e438c72d@group-CE3F4E13DA16-LeaderElection1
om_1        | 0080: 0D 52 91 51 7E 84 1F D5   31 6F E5 C1 78 A5 16 C9  .R.Q....1o..x...
datanode_2  | 2023-01-30 12:01:48,188 [pool-24-thread-1] INFO ratis.ContainerStateMachine: group-CE3F4E13DA16: The snapshot info is null. Setting the last applied indexto:(t:0, i:~)
datanode_3  | 2023-01-30 12:01:02,783 [main] INFO netty.NettyConfigKeys$DataStream: raft.netty.dataStream.host = null (default)
datanode_3  | 2023-01-30 12:01:02,784 [main] INFO netty.NettyConfigKeys$DataStream: raft.netty.dataStream.port = 9855 (custom)
recon_1     | 2023-01-30 12:01:11,540 [Listener at 0.0.0.0/9891] INFO impl.MetricsConfig: Loaded properties from hadoop-metrics2.properties
datanode_1  | 2023-01-30 12:01:55,184 [6295590c-c30d-436f-ae9f-b085e438c72d@group-CE3F4E13DA16-LeaderElection1] INFO impl.RoleInfo: 6295590c-c30d-436f-ae9f-b085e438c72d: start 6295590c-c30d-436f-ae9f-b085e438c72d@group-CE3F4E13DA16-FollowerState
datanode_2  | 2023-01-30 12:01:48,195 [pool-24-thread-1] INFO server.RaftServerConfigKeys: raft.server.log.use.memory = false (default)
datanode_3  | 2023-01-30 12:01:03,008 [main] INFO server.RaftServerConfigKeys: raft.server.threadpool.proxy.cached = true (default)
scm_1       | [1]: ObjectId: 2.5.29.19 Criticality=true
recon_1     | 2023-01-30 12:01:11,656 [Listener at 0.0.0.0/9891] INFO impl.MetricsSystemImpl: Scheduled Metric snapshot period at 10 second(s).
om_1        | 0090: 36 00 FA F4 52 96 9A 7B   2E 1A C2 8E 4C B9 C6 D1  6...R.......L...
datanode_1  | 2023-01-30 12:01:55,338 [6295590c-c30d-436f-ae9f-b085e438c72d@group-CE3F4E13DA16-FollowerState] INFO server.RaftServerConfigKeys: raft.server.rpc.first-election.timeout.min = 5s (fallback to raft.server.rpc.timeout.min)
datanode_2  | 2023-01-30 12:01:48,235 [pool-24-thread-1] INFO server.RaftServerConfigKeys: raft.server.log.purge.gap = 1000000 (custom)
datanode_3  | 2023-01-30 12:01:03,008 [main] INFO server.RaftServerConfigKeys: raft.server.threadpool.proxy.size = 0 (default)
scm_1       | BasicConstraints:[
recon_1     | 2023-01-30 12:01:11,656 [Listener at 0.0.0.0/9891] INFO impl.MetricsSystemImpl: Recon metrics system started
recon_1     | 2023-01-30 12:01:13,902 [Listener at 0.0.0.0/9891] INFO http.HttpServer2: Jetty bound to port 9888
datanode_1  | 2023-01-30 12:01:55,338 [6295590c-c30d-436f-ae9f-b085e438c72d@group-CE3F4E13DA16-FollowerState] INFO server.RaftServerConfigKeys: raft.server.rpc.first-election.timeout.max = 5200ms (fallback to raft.server.rpc.timeout.max)
datanode_2  | 2023-01-30 12:01:48,244 [pool-24-thread-1] INFO server.RaftServerConfigKeys: raft.server.log.appender.buffer.byte-limit = 33554432 (custom)
datanode_3  | 2023-01-30 12:01:03,008 [main] INFO server.RaftServerConfigKeys: raft.server.rpc.slowness.timeout = 300s (custom)
scm_1       |   CA:true
recon_1     | 2023-01-30 12:01:13,913 [Listener at 0.0.0.0/9891] INFO server.Server: jetty-9.4.49.v20220914; built: 2022-09-14T01:07:36.601Z; git: 4231a3b2e4cb8548a412a789936d640a97b1aa0a; jvm 11.0.14.1+1-LTS
om_1        | 00A0: 22 6C 0C EC 6F D3 4B B1   36 2B F6 1C 07 04 AD 37  "l..o.K.6+.....7
datanode_1  | 2023-01-30 12:01:55,364 [pool-24-thread-1] INFO server.RaftServerConfigKeys: raft.server.log.unsafe-flush.enabled = false (default)
datanode_2  | 2023-01-30 12:01:48,261 [pool-24-thread-1] INFO server.RaftServerConfigKeys: raft.server.log.statemachine.data.read.timeout = 1000ms (default)
datanode_3  | 2023-01-30 12:01:03,009 [main] INFO server.RaftServerConfigKeys: raft.server.leaderelection.leader.step-down.wait-time = 10s (default)
scm_1       |   PathLen:2147483647
recon_1     | 2023-01-30 12:01:14,583 [Listener at 0.0.0.0/9891] INFO server.session: DefaultSessionIdManager workerName=node0
om_1        | 00B0: 17 E2 CB BA 7C 7C 70 49   44 D9 38 9D F0 ED F9 A0  ......pID.8.....
datanode_1  | 2023-01-30 12:01:55,364 [pool-24-thread-1] INFO server.RaftServerConfigKeys: raft.server.log.async-flush.enabled = false (default)
datanode_2  | 2023-01-30 12:01:48,264 [pool-24-thread-1] INFO server.RaftServerConfigKeys: raft.server.log.purge.preservation.log.num = 0 (default)
datanode_3  | 2023-01-30 12:01:03,038 [main] INFO server.RaftServerConfigKeys: raft.server.storage.dir = [/data/metadata/ratis] (custom)
scm_1       | ]
recon_1     | 2023-01-30 12:01:14,599 [Listener at 0.0.0.0/9891] INFO server.session: No SessionScavenger set, using defaults
om_1        | 00C0: 43 E8 2B FC 8A 8B 95 A6   FD 5A 32 A0 FA 0C B9 1D  C.+......Z2.....
datanode_1  | 2023-01-30 12:01:55,365 [pool-24-thread-1] INFO server.RaftServerConfigKeys: raft.server.log.statemachine.data.caching.enabled = true (custom)
datanode_2  | 2023-01-30 12:01:48,281 [pool-24-thread-1] INFO server.RaftServerConfigKeys: raft.server.log.segment.size.max = 1048576 (custom)
datanode_2  | 2023-01-30 12:01:48,331 [pool-24-thread-1] INFO server.RaftServerConfigKeys: raft.server.log.segment.cache.num.max = 2 (custom)
scm_1       | 
om_1        | 00D0: F3 FE 94 69 38 3C 2C 31   C5 05 CD 8D C1 68 62 A1  ...i8<,1.....hb.
datanode_2  | 2023-01-30 12:01:48,337 [pool-24-thread-1] INFO server.RaftServerConfigKeys: raft.server.log.segment.cache.size.max = 200MB (=209715200) (default)
datanode_3  | 2023-01-30 12:01:03,125 [c8ea7a3f-965d-439b-b69f-d2205a7da823-NettyServerStreamRpc-bossGroup--thread1] INFO logging.LoggingHandler: [id: 0xaaae6187] REGISTERED
datanode_1  | 2023-01-30 12:01:55,365 [pool-24-thread-1] INFO segmented.SegmentedRaftLogWorker: 6295590c-c30d-436f-ae9f-b085e438c72d@group-D14D9BFCC8C3-SegmentedRaftLogWorker: flushIndex: setUnconditionally 0 -> -1
scm_1       | [2]: ObjectId: 2.5.29.15 Criticality=true
recon_1     | 2023-01-30 12:01:14,605 [Listener at 0.0.0.0/9891] INFO server.session: node0 Scavenging every 660000ms
om_1        | 00E0: E8 A5 54 20 F7 10 8F 43   59 4F AF A8 52 3D 07 83  ..T ...CYO..R=..
datanode_2  | 2023-01-30 12:01:48,383 [pool-24-thread-1] INFO segmented.SegmentedRaftLogWorker: new 01074a56-f4fb-4406-b467-549b4df46db9@group-CE3F4E13DA16-SegmentedRaftLogWorker for RaftStorageImpl:Storage Directory /data/metadata/ratis/4e8cbeba-21db-48a1-9ddc-ce3f4e13da16
datanode_3  | 2023-01-30 12:01:03,127 [c8ea7a3f-965d-439b-b69f-d2205a7da823-NettyServerStreamRpc-bossGroup--thread1] INFO logging.LoggingHandler: [id: 0xaaae6187] BIND: 0.0.0.0/0.0.0.0:9855
