scm_1       | STARTUP_MSG:   classpath = /etc/hadoop:/opt/hadoop/share/ozone/lib/kerb-simplekdc-1.0.1.jar:/opt/hadoop/share/ozone/lib/slf4j-reload4j-1.7.36.jar:/opt/hadoop/share/ozone/lib/netty-resolver-4.1.86.Final.jar:/opt/hadoop/share/ozone/lib/protobuf-java-2.5.0.jar:/opt/hadoop/share/ozone/lib/jaxb-core-2.3.0.1.jar:/opt/hadoop/share/ozone/lib/istack-commons-runtime-3.0.5.jar:/opt/hadoop/share/ozone/lib/commons-validator-1.6.jar:/opt/hadoop/share/ozone/lib/hdds-erasurecode-1.4.0-SNAPSHOT.jar:/opt/hadoop/share/ozone/lib/hdds-hadoop-dependency-server-1.4.0-SNAPSHOT.jar:/opt/hadoop/share/ozone/lib/bcpkix-jdk15on-1.67.jar:/opt/hadoop/share/ozone/lib/netty-codec-4.1.86.Final.jar:/opt/hadoop/share/ozone/lib/commons-net-3.9.0.jar:/opt/hadoop/share/ozone/lib/kerb-core-1.0.1.jar:/opt/hadoop/share/ozone/lib/hadoop-shaded-protobuf_3_7-1.1.1.jar:/opt/hadoop/share/ozone/lib/jsr305-3.0.0.jar:/opt/hadoop/share/ozone/lib/j2objc-annotations-1.3.jar:/opt/hadoop/share/ozone/lib/jetty-webapp-9.4.49.v20220914.jar:/opt/hadoop/share/ozone/lib/picocli-4.6.1.jar:/opt/hadoop/share/ozone/lib/javassist-3.21.0-GA.jar:/opt/hadoop/share/ozone/lib/jaxb-api-2.3.0.jar:/opt/hadoop/share/ozone/lib/hdds-interface-admin-1.4.0-SNAPSHOT.jar:/opt/hadoop/share/ozone/lib/commons-codec-1.15.jar:/opt/hadoop/share/ozone/lib/kerb-util-1.0.1.jar:/opt/hadoop/share/ozone/lib/hadoop-shaded-guava-1.1.1.jar:/opt/hadoop/share/ozone/lib/kotlin-stdlib-1.6.21.jar:/opt/hadoop/share/ozone/lib/log4j-core-2.17.1.jar:/opt/hadoop/share/ozone/lib/commons-logging-1.2.jar:/opt/hadoop/share/ozone/lib/ratis-thirdparty-misc-1.0.3.jar:/opt/hadoop/share/ozone/lib/jetty-security-9.4.49.v20220914.jar:/opt/hadoop/share/ozone/lib/accessors-smart-2.4.7.jar:/opt/hadoop/share/ozone/lib/kerby-xdr-1.0.1.jar:/opt/hadoop/share/ozone/lib/txw2-2.3.0.1.jar:/opt/hadoop/share/ozone/lib/httpcore-4.4.13.jar:/opt/hadoop/share/ozone/lib/hdds-container-service-1.4.0-SNAPSHOT.jar:/opt/hadoop/share/ozone/lib/guava-31.1-jre.jar:/opt/hadoop/share/ozone/lib/opentracing-tracerresolver-0.1.8.jar:/opt/hadoop/share/ozone/lib/ratis-grpc-2.4.2-8b8bdda-SNAPSHOT.jar:/opt/hadoop/share/ozone/lib/hadoop-auth-3.3.4.jar:/opt/hadoop/share/ozone/lib/libthrift-0.14.1.jar:/opt/hadoop/share/ozone/lib/stax-ex-1.7.8.jar:/opt/hadoop/share/ozone/lib/error_prone_annotations-2.2.0.jar:/opt/hadoop/share/ozone/lib/hdds-hadoop-dependency-client-1.4.0-SNAPSHOT.jar:/opt/hadoop/share/ozone/lib/zstd-jni-1.5.2-5.jar:/opt/hadoop/share/ozone/lib/httpclient-4.5.13.jar:/opt/hadoop/share/ozone/lib/ratis-proto-2.4.2-8b8bdda-SNAPSHOT.jar:/opt/hadoop/share/ozone/lib/jaeger-client-1.6.0.jar:/opt/hadoop/share/ozone/lib/kerby-config-1.0.1.jar:/opt/hadoop/share/ozone/lib/jackson-annotations-2.13.4.jar:/opt/hadoop/share/ozone/lib/commons-io-2.11.0.jar:/opt/hadoop/share/ozone/lib/metrics-core-3.2.4.jar:/opt/hadoop/share/ozone/lib/hadoop-annotations-3.3.4.jar:/opt/hadoop/share/ozone/lib/kerby-pkix-1.0.1.jar:/opt/hadoop/share/ozone/lib/netty-buffer-4.1.86.Final.jar:/opt/hadoop/share/ozone/lib/jetty-util-9.4.49.v20220914.jar:/opt/hadoop/share/ozone/lib/json-smart-2.4.7.jar:/opt/hadoop/share/ozone/lib/jetty-io-9.4.49.v20220914.jar:/opt/hadoop/share/ozone/lib/jsr311-api-1.1.1.jar:/opt/hadoop/share/ozone/lib/jetty-server-9.4.49.v20220914.jar:/opt/hadoop/share/ozone/lib/commons-beanutils-1.9.4.jar:/opt/hadoop/share/ozone/lib/javax.servlet-api-3.1.0.jar:/opt/hadoop/share/ozone/lib/kerb-server-1.0.1.jar:/opt/hadoop/share/ozone/lib/kerb-client-1.0.1.jar:/opt/hadoop/share/ozone/lib/jetty-xml-9.4.49.v20220914.jar:/opt/hadoop/share/ozone/lib/hadoop-common-3.3.4.jar:/opt/hadoop/share/ozone/lib/disruptor-3.4.2.jar:/opt/hadoop/share/ozone/lib/reflections-0.9.11.jar:/opt/hadoop/share/ozone/lib/gson-2.9.0.jar:/opt/hadoop/share/ozone/lib/snakeyaml-1.33.jar:/opt/hadoop/share/ozone/lib/nimbus-jose-jwt-9.8.1.jar:/opt/hadoop/share/ozone/lib/hdds-client-1.4.0-SNAPSHOT.jar:/opt/hadoop/share/ozone/lib/ratis-common-2.4.2-8b8bdda-SNAPSHOT.jar:/opt/hadoop/share/ozone/lib/annotations-13.0.jar:/opt/hadoop/share/ozone/lib/simpleclient_common-0.7.0.jar:/opt/hadoop/share/ozone/lib/jaeger-thrift-1.6.0.jar:/opt/hadoop/share/ozone/lib/dnsjava-2.1.7.jar:/opt/hadoop/share/ozone/lib/rocksdbjni-7.7.3.jar:/opt/hadoop/share/ozone/lib/bcprov-jdk15on-1.67.jar:/opt/hadoop/share/ozone/lib/commons-configuration2-2.1.1.jar:/opt/hadoop/share/ozone/lib/token-provider-1.0.1.jar:/opt/hadoop/share/ozone/lib/commons-daemon-1.0.13.jar:/opt/hadoop/share/ozone/lib/listenablefuture-9999.0-empty-to-avoid-conflict-with-guava.jar:/opt/hadoop/share/ozone/lib/jaeger-tracerresolver-1.6.0.jar:/opt/hadoop/share/ozone/lib/slf4j-api-1.7.36.jar:/opt/hadoop/share/ozone/lib/commons-lang3-3.7.jar:/opt/hadoop/share/ozone/lib/re2j-1.1.jar:/opt/hadoop/share/ozone/lib/jackson-datatype-jsr310-2.13.4.jar:/opt/hadoop/share/ozone/lib/netty-transport-native-unix-common-4.1.86.Final.jar:/opt/hadoop/share/ozone/lib/simpleclient_dropwizard-0.7.0.jar:/opt/hadoop/share/ozone/lib/netty-transport-4.1.86.Final.jar:/opt/hadoop/share/ozone/lib/simpleclient-0.7.0.jar:/opt/hadoop/share/ozone/lib/ratis-metrics-2.4.2-8b8bdda-SNAPSHOT.jar:/opt/hadoop/share/ozone/lib/jakarta.activation-api-1.2.2.jar:/opt/hadoop/share/ozone/lib/asm-5.0.4.jar:/opt/hadoop/share/ozone/lib/netty-handler-4.1.86.Final.jar:/opt/hadoop/share/ozone/lib/kerby-util-1.0.1.jar:/opt/hadoop/share/ozone/lib/failureaccess-1.0.1.jar:/opt/hadoop/share/ozone/lib/jackson-databind-2.13.4.2.jar:/opt/hadoop/share/ozone/lib/okio-2.8.0.jar:/opt/hadoop/share/ozone/lib/jetty-servlet-9.4.49.v20220914.jar:/opt/hadoop/share/ozone/lib/jsp-api-2.1.jar:/opt/hadoop/share/ozone/lib/jsch-0.1.54.jar:/opt/hadoop/share/ozone/lib/reload4j-1.2.22.jar:/opt/hadoop/share/ozone/lib/woodstox-core-5.4.0.jar:/opt/hadoop/share/ozone/lib/commons-pool2-2.6.0.jar:/opt/hadoop/share/ozone/lib/opentracing-api-0.33.0.jar:/opt/hadoop/share/ozone/lib/jcip-annotations-1.0-1.jar:/opt/hadoop/share/ozone/lib/kerb-admin-1.0.1.jar:/opt/hadoop/share/ozone/lib/jetty-util-ajax-9.4.49.v20220914.jar:/opt/hadoop/share/ozone/lib/opentracing-noop-0.33.0.jar:/opt/hadoop/share/ozone/lib/hadoop-hdfs-client-3.3.4.jar:/opt/hadoop/share/ozone/lib/kotlin-stdlib-common-1.6.21.jar:/opt/hadoop/share/ozone/lib/jersey-core-1.19.jar:/opt/hadoop/share/ozone/lib/commons-compress-1.21.jar:/opt/hadoop/share/ozone/lib/jaxb-runtime-2.3.0.1.jar:/opt/hadoop/share/ozone/lib/hadoop-hdfs-3.3.4.jar:/opt/hadoop/share/ozone/lib/jackson-core-2.13.4.jar:/opt/hadoop/share/ozone/lib/hdds-annotation-processing-1.4.0-SNAPSHOT.jar:/opt/hadoop/share/ozone/lib/opentracing-util-0.33.0.jar:/opt/hadoop/share/ozone/lib/stax2-api-4.2.1.jar:/opt/hadoop/share/ozone/lib/netty-common-4.1.86.Final.jar:/opt/hadoop/share/ozone/lib/snappy-java-1.1.8.2.jar:/opt/hadoop/share/ozone/lib/ratis-netty-2.4.2-8b8bdda-SNAPSHOT.jar:/opt/hadoop/share/ozone/lib/hdds-config-1.4.0-SNAPSHOT.jar:/opt/hadoop/share/ozone/lib/commons-cli-1.2.jar:/opt/hadoop/share/ozone/lib/log4j-api-2.17.1.jar:/opt/hadoop/share/ozone/lib/javax.annotation-api-1.2.jar:/opt/hadoop/share/ozone/lib/ratis-server-api-2.4.2-8b8bdda-SNAPSHOT.jar:/opt/hadoop/share/ozone/lib/hdds-interface-client-1.4.0-SNAPSHOT.jar:/opt/hadoop/share/ozone/lib/kerby-asn1-1.0.1.jar:/opt/hadoop/share/ozone/lib/okhttp-4.9.3.jar:/opt/hadoop/share/ozone/lib/checker-qual-3.12.0.jar:/opt/hadoop/share/ozone/lib/hdds-interface-server-1.4.0-SNAPSHOT.jar:/opt/hadoop/share/ozone/lib/hdds-common-1.4.0-SNAPSHOT.jar:/opt/hadoop/share/ozone/lib/commons-digester-1.8.1.jar:/opt/hadoop/share/ozone/lib/commons-collections-3.2.2.jar:/opt/hadoop/share/ozone/lib/jaeger-core-1.6.0.jar:/opt/hadoop/share/ozone/lib/ratis-client-2.4.2-8b8bdda-SNAPSHOT.jar:/opt/hadoop/share/ozone/lib/commons-text-1.4.jar:/opt/hadoop/share/ozone/lib/jersey-servlet-1.19.jar:/opt/hadoop/share/ozone/lib/ratis-server-2.4.2-8b8bdda-SNAPSHOT.jar:/opt/hadoop/share/ozone/lib/jetty-http-9.4.49.v20220914.jar:/opt/hadoop/share/ozone/lib/kerb-identity-1.0.1.jar:/opt/hadoop/share/ozone/lib/FastInfoset-1.2.13.jar:/opt/hadoop/share/ozone/lib/kerb-common-1.0.1.jar:/opt/hadoop/share/ozone/lib/hdds-server-framework-1.4.0-SNAPSHOT.jar:/opt/hadoop/share/ozone/lib/jersey-server-1.19.jar:/opt/hadoop/share/ozone/lib/kerb-crypto-1.0.1.jar:/opt/hadoop/share/ozone/web:/opt/hadoop/share/ozone/lib/hdds-server-scm-1.4.0-SNAPSHOT.jar
scm_1       | STARTUP_MSG:   build = https://github.com/apache/ozone/38733cfff1fa0132afba0bf245facd97d33048aa ; compiled by 'runner' on 2023-01-30T11:44Z
kdc_1       | Jan 30 12:22:21 kdc krb5kdc[8](info): TGS_REQ (6 etypes {aes256-cts-hmac-sha1-96(18), aes128-cts-hmac-sha1-96(17), aes256-cts-hmac-sha384-192(20), aes128-cts-hmac-sha256-128(19), DEPRECATED:des3-cbc-sha1(16), DEPRECATED:arcfour-hmac(23)}) 172.18.0.5: ISSUE: authtime 1675081312, etypes {rep=aes256-cts-hmac-sha1-96(18), tkt=aes256-cts-hmac-sha1-96(18), ses=aes256-cts-hmac-sha1-96(18)}, testuser/scm@EXAMPLE.COM for om/om@EXAMPLE.COM
kdc_1       | Jan 30 12:22:26 kdc krb5kdc[8](info): TGS_REQ (6 etypes {aes256-cts-hmac-sha1-96(18), aes128-cts-hmac-sha1-96(17), aes256-cts-hmac-sha384-192(20), aes128-cts-hmac-sha256-128(19), DEPRECATED:des3-cbc-sha1(16), DEPRECATED:arcfour-hmac(23)}) 172.18.0.5: ISSUE: authtime 1675081312, etypes {rep=aes256-cts-hmac-sha1-96(18), tkt=aes256-cts-hmac-sha1-96(18), ses=aes256-cts-hmac-sha1-96(18)}, testuser/scm@EXAMPLE.COM for om/om@EXAMPLE.COM
datanode_1  | 2023-01-30 12:01:48,783 [Command processor thread] INFO ratis.XceiverServerRatis: Created group PipelineID=4e8cbeba-21db-48a1-9ddc-ce3f4e13da16
datanode_2  | 2023-01-30 12:01:12,939 [EndpointStateMachine task thread for scm/172.18.0.5:9861 - 0 ] INFO server.GrpcService: 01074a56-f4fb-4406-b467-549b4df46db9: GrpcService started, listening on 9858
datanode_2  | 2023-01-30 12:01:12,955 [EndpointStateMachine task thread for scm/172.18.0.5:9861 - 0 ] INFO server.GrpcService: 01074a56-f4fb-4406-b467-549b4df46db9: GrpcService started, listening on 9856
datanode_2  | 2023-01-30 12:01:12,965 [EndpointStateMachine task thread for scm/172.18.0.5:9861 - 0 ] INFO server.GrpcService: 01074a56-f4fb-4406-b467-549b4df46db9: GrpcService started, listening on 9857
datanode_2  | 2023-01-30 12:01:13,007 [JvmPauseMonitor0] INFO util.JvmPauseMonitor: JvmPauseMonitor-01074a56-f4fb-4406-b467-549b4df46db9: Started
datanode_2  | 2023-01-30 12:01:13,019 [EndpointStateMachine task thread for scm/172.18.0.5:9861 - 0 ] INFO ratis.XceiverServerRatis: XceiverServerRatis 01074a56-f4fb-4406-b467-549b4df46db9 is started using port 9858 for RATIS
datanode_2  | 2023-01-30 12:01:13,019 [EndpointStateMachine task thread for scm/172.18.0.5:9861 - 0 ] INFO ratis.XceiverServerRatis: XceiverServerRatis 01074a56-f4fb-4406-b467-549b4df46db9 is started using port 9857 for RATIS_ADMIN
datanode_1  | 2023-01-30 12:01:48,892 [Command processor thread] INFO netty.NettyConfigKeys$DataStream: setTlsConf GrpcTlsConfig2-
datanode_2  | 2023-01-30 12:01:13,019 [EndpointStateMachine task thread for scm/172.18.0.5:9861 - 0 ] INFO ratis.XceiverServerRatis: XceiverServerRatis 01074a56-f4fb-4406-b467-549b4df46db9 is started using port 9856 for RATIS_SERVER
datanode_2  | 2023-01-30 12:01:13,019 [EndpointStateMachine task thread for scm/172.18.0.5:9861 - 0 ] INFO ratis.XceiverServerRatis: XceiverServerRatis 01074a56-f4fb-4406-b467-549b4df46db9 is started using port 9855 for RATIS_DATASTREAM
kdc_1       | Jan 30 12:22:32 kdc krb5kdc[8](info): TGS_REQ (6 etypes {aes256-cts-hmac-sha1-96(18), aes128-cts-hmac-sha1-96(17), aes256-cts-hmac-sha384-192(20), aes128-cts-hmac-sha256-128(19), DEPRECATED:des3-cbc-sha1(16), DEPRECATED:arcfour-hmac(23)}) 172.18.0.5: ISSUE: authtime 1675081312, etypes {rep=aes256-cts-hmac-sha1-96(18), tkt=aes256-cts-hmac-sha1-96(18), ses=aes256-cts-hmac-sha1-96(18)}, testuser/scm@EXAMPLE.COM for om/om@EXAMPLE.COM
kdc_1       | Jan 30 12:22:41 kdc krb5kdc[8](info): TGS_REQ (6 etypes {aes256-cts-hmac-sha1-96(18), aes128-cts-hmac-sha1-96(17), aes256-cts-hmac-sha384-192(20), aes128-cts-hmac-sha256-128(19), DEPRECATED:des3-cbc-sha1(16), DEPRECATED:arcfour-hmac(23)}) 172.18.0.5: ISSUE: authtime 1675081312, etypes {rep=aes256-cts-hmac-sha1-96(18), tkt=aes256-cts-hmac-sha1-96(18), ses=aes256-cts-hmac-sha1-96(18)}, testuser/scm@EXAMPLE.COM for om/om@EXAMPLE.COM
kdc_1       | Jan 30 12:22:43 kdc krb5kdc[8](info): AS_REQ (8 etypes {aes256-cts-hmac-sha1-96(18), aes128-cts-hmac-sha1-96(17), aes256-cts-hmac-sha384-192(20), aes128-cts-hmac-sha256-128(19), DEPRECATED:des3-cbc-sha1(16), DEPRECATED:arcfour-hmac(23), camellia128-cts-cmac(25), camellia256-cts-cmac(26)}) 172.18.0.5: ISSUE: authtime 1675081363, etypes {rep=aes256-cts-hmac-sha1-96(18), tkt=aes256-cts-hmac-sha1-96(18), ses=aes256-cts-hmac-sha1-96(18)}, testuser/scm@EXAMPLE.COM for krbtgt/EXAMPLE.COM@EXAMPLE.COM
kdc_1       | Jan 30 12:22:47 kdc krb5kdc[8](info): TGS_REQ (6 etypes {aes256-cts-hmac-sha1-96(18), aes128-cts-hmac-sha1-96(17), aes256-cts-hmac-sha384-192(20), aes128-cts-hmac-sha256-128(19), DEPRECATED:des3-cbc-sha1(16), DEPRECATED:arcfour-hmac(23)}) 172.18.0.5: ISSUE: authtime 1675081363, etypes {rep=aes256-cts-hmac-sha1-96(18), tkt=aes256-cts-hmac-sha1-96(18), ses=aes256-cts-hmac-sha1-96(18)}, testuser/scm@EXAMPLE.COM for om/om@EXAMPLE.COM
recon_1     |   Validity: [From: Mon Jan 30 00:00:00 UTC 2023,
recon_1     |                To: Tue Jan 30 00:00:00 UTC 2024]
recon_1     |   Issuer: O=CID-b04a1c74-af13-4571-b723-87e6e2d1e545, OU=82e918d1-ff68-4821-a2f0-f9af71d19ea5, CN=scm-sub@scm
om_1        | 0090: 4B 53 49 2E D3 09 7F 90   82 AF 3C D6 C9 B9 17 C3  KSI.......<.....
om_1        | 00A0: 85 2E 74 F7 F0 33 61 46   5C 1B 2D 34 99 10 05 3A  ..t..3aF\.-4...:
om_1        | 00B0: 8E 13 F4 B8 B4 1C FA 9F   D3 A3 48 13 96 D4 D1 8A  ..........H.....
kdc_1       | Jan 30 12:22:53 kdc krb5kdc[8](info): TGS_REQ (6 etypes {aes256-cts-hmac-sha1-96(18), aes128-cts-hmac-sha1-96(17), aes256-cts-hmac-sha384-192(20), aes128-cts-hmac-sha256-128(19), DEPRECATED:des3-cbc-sha1(16), DEPRECATED:arcfour-hmac(23)}) 172.18.0.5: ISSUE: authtime 1675081363, etypes {rep=aes256-cts-hmac-sha1-96(18), tkt=aes256-cts-hmac-sha1-96(18), ses=aes256-cts-hmac-sha1-96(18)}, testuser/scm@EXAMPLE.COM for om/om@EXAMPLE.COM
datanode_1  | 2023-01-30 12:01:53,370 [Command processor thread] INFO netty.NettyConfigKeys$DataStream: setTlsConf GrpcTlsConfig2-
om_1        | 00C0: 7E 0B DA B9 CC F4 50 C2   2F BB 30 3D 2B 26 0D 10  ......P./.0=+&..
scm_1       | STARTUP_MSG:   java = 11.0.14.1
scm_1       | ************************************************************/
scm_1       | 2023-01-30 12:00:27,421 [main] INFO server.StorageContainerManagerStarter: registered UNIX signal handlers for [TERM, HUP, INT]
scm_1       | 2023-01-30 12:00:27,486 [main] WARN server.ServerUtils: ozone.scm.db.dirs is not configured. We recommend adding this setting. Falling back to ozone.metadata.dirs instead.
scm_1       | 2023-01-30 12:00:27,549 [main] INFO ha.SCMHANodeDetails: ServiceID for StorageContainerManager is null
om_1        | 00D0: 0C 17 8F 81 6C 71 8B 8D   C4 A3 2A B1 66 03 E0 34  ....lq....*.f..4
om_1        | 00E0: 29 2E 1E 6D D1 6F 6B 96   EB 10 93 F8 EE 15 A4 29  )..m.ok........)
kdc_1       | Jan 30 12:22:59 kdc krb5kdc[8](info): TGS_REQ (6 etypes {aes256-cts-hmac-sha1-96(18), aes128-cts-hmac-sha1-96(17), aes256-cts-hmac-sha384-192(20), aes128-cts-hmac-sha256-128(19), DEPRECATED:des3-cbc-sha1(16), DEPRECATED:arcfour-hmac(23)}) 172.18.0.5: ISSUE: authtime 1675081363, etypes {rep=aes256-cts-hmac-sha1-96(18), tkt=aes256-cts-hmac-sha1-96(18), ses=aes256-cts-hmac-sha1-96(18)}, testuser/scm@EXAMPLE.COM for om/om@EXAMPLE.COM
kdc_1       | Jan 30 12:23:05 kdc krb5kdc[8](info): TGS_REQ (6 etypes {aes256-cts-hmac-sha1-96(18), aes128-cts-hmac-sha1-96(17), aes256-cts-hmac-sha384-192(20), aes128-cts-hmac-sha256-128(19), DEPRECATED:des3-cbc-sha1(16), DEPRECATED:arcfour-hmac(23)}) 172.18.0.5: ISSUE: authtime 1675081363, etypes {rep=aes256-cts-hmac-sha1-96(18), tkt=aes256-cts-hmac-sha1-96(18), ses=aes256-cts-hmac-sha1-96(18)}, testuser/scm@EXAMPLE.COM for om/om@EXAMPLE.COM
kdc_1       | Jan 30 12:23:12 kdc krb5kdc[8](info): TGS_REQ (6 etypes {aes256-cts-hmac-sha1-96(18), aes128-cts-hmac-sha1-96(17), aes256-cts-hmac-sha384-192(20), aes128-cts-hmac-sha256-128(19), DEPRECATED:des3-cbc-sha1(16), DEPRECATED:arcfour-hmac(23)}) 172.18.0.5: ISSUE: authtime 1675081363, etypes {rep=aes256-cts-hmac-sha1-96(18), tkt=aes256-cts-hmac-sha1-96(18), ses=aes256-cts-hmac-sha1-96(18)}, testuser/scm@EXAMPLE.COM for om/om@EXAMPLE.COM
kdc_1       | Jan 30 12:23:18 kdc krb5kdc[8](info): TGS_REQ (6 etypes {aes256-cts-hmac-sha1-96(18), aes128-cts-hmac-sha1-96(17), aes256-cts-hmac-sha384-192(20), aes128-cts-hmac-sha256-128(19), DEPRECATED:des3-cbc-sha1(16), DEPRECATED:arcfour-hmac(23)}) 172.18.0.5: ISSUE: authtime 1675081363, etypes {rep=aes256-cts-hmac-sha1-96(18), tkt=aes256-cts-hmac-sha1-96(18), ses=aes256-cts-hmac-sha1-96(18)}, testuser/scm@EXAMPLE.COM for om/om@EXAMPLE.COM
datanode_3  | SubjectAlternativeName [
om_1        | 00F0: FB 95 24 91 2E 44 D5 26   C8 31 99 D5 FD 75 D5 E1  ..$..D.&.1...u..
om_1        | 
om_1        | ] from file:/data/metadata/om/certs/ROOTCA-1.crt.
om_1        | 2023-01-30 12:01:12,117 [main] INFO security.OMCertificateClient: Added certificate [
om_1        | [
om_1        |   Version: V3
om_1        |   Subject: O=CID-b04a1c74-af13-4571-b723-87e6e2d1e545, OU=82e918d1-ff68-4821-a2f0-f9af71d19ea5, CN=scm-sub@scm
om_1        |   Signature Algorithm: SHA256withRSA, OID = 1.2.840.113549.1.1.11
om_1        | 
recon_1     |   SerialNumber: [    40f89e3d e3]
datanode_3  |   IPAddress: 172.18.0.4
datanode_3  | ]
kdc_1       | Jan 30 12:23:24 kdc krb5kdc[8](info): TGS_REQ (6 etypes {aes256-cts-hmac-sha1-96(18), aes128-cts-hmac-sha1-96(17), aes256-cts-hmac-sha384-192(20), aes128-cts-hmac-sha256-128(19), DEPRECATED:des3-cbc-sha1(16), DEPRECATED:arcfour-hmac(23)}) 172.18.0.5: ISSUE: authtime 1675081363, etypes {rep=aes256-cts-hmac-sha1-96(18), tkt=aes256-cts-hmac-sha1-96(18), ses=aes256-cts-hmac-sha1-96(18)}, testuser/scm@EXAMPLE.COM for om/om@EXAMPLE.COM
kdc_1       | Jan 30 12:23:29 kdc krb5kdc[8](info): TGS_REQ (6 etypes {aes256-cts-hmac-sha1-96(18), aes128-cts-hmac-sha1-96(17), aes256-cts-hmac-sha384-192(20), aes128-cts-hmac-sha256-128(19), DEPRECATED:des3-cbc-sha1(16), DEPRECATED:arcfour-hmac(23)}) 172.18.0.5: ISSUE: authtime 1675081363, etypes {rep=aes256-cts-hmac-sha1-96(18), tkt=aes256-cts-hmac-sha1-96(18), ses=aes256-cts-hmac-sha1-96(18)}, testuser/scm@EXAMPLE.COM for om/om@EXAMPLE.COM
kdc_1       | Jan 30 12:23:35 kdc krb5kdc[8](info): TGS_REQ (6 etypes {aes256-cts-hmac-sha1-96(18), aes128-cts-hmac-sha1-96(17), aes256-cts-hmac-sha384-192(20), aes128-cts-hmac-sha256-128(19), DEPRECATED:des3-cbc-sha1(16), DEPRECATED:arcfour-hmac(23)}) 172.18.0.5: ISSUE: authtime 1675081363, etypes {rep=aes256-cts-hmac-sha1-96(18), tkt=aes256-cts-hmac-sha1-96(18), ses=aes256-cts-hmac-sha1-96(18)}, testuser/scm@EXAMPLE.COM for om/om@EXAMPLE.COM
kdc_1       | Jan 30 12:23:41 kdc krb5kdc[8](info): TGS_REQ (6 etypes {aes256-cts-hmac-sha1-96(18), aes128-cts-hmac-sha1-96(17), aes256-cts-hmac-sha384-192(20), aes128-cts-hmac-sha256-128(19), DEPRECATED:des3-cbc-sha1(16), DEPRECATED:arcfour-hmac(23)}) 172.18.0.5: ISSUE: authtime 1675081363, etypes {rep=aes256-cts-hmac-sha1-96(18), tkt=aes256-cts-hmac-sha1-96(18), ses=aes256-cts-hmac-sha1-96(18)}, testuser/scm@EXAMPLE.COM for om/om@EXAMPLE.COM
kdc_1       | Jan 30 12:23:48 kdc krb5kdc[8](info): TGS_REQ (6 etypes {aes256-cts-hmac-sha1-96(18), aes128-cts-hmac-sha1-96(17), aes256-cts-hmac-sha384-192(20), aes128-cts-hmac-sha256-128(19), DEPRECATED:des3-cbc-sha1(16), DEPRECATED:arcfour-hmac(23)}) 172.18.0.5: ISSUE: authtime 1675081363, etypes {rep=aes256-cts-hmac-sha1-96(18), tkt=aes256-cts-hmac-sha1-96(18), ses=aes256-cts-hmac-sha1-96(18)}, testuser/scm@EXAMPLE.COM for om/om@EXAMPLE.COM
datanode_3  | 
kdc_1       | Jan 30 12:23:54 kdc krb5kdc[8](info): TGS_REQ (6 etypes {aes256-cts-hmac-sha1-96(18), aes128-cts-hmac-sha1-96(17), aes256-cts-hmac-sha384-192(20), aes128-cts-hmac-sha256-128(19), DEPRECATED:des3-cbc-sha1(16), DEPRECATED:arcfour-hmac(23)}) 172.18.0.5: ISSUE: authtime 1675081363, etypes {rep=aes256-cts-hmac-sha1-96(18), tkt=aes256-cts-hmac-sha1-96(18), ses=aes256-cts-hmac-sha1-96(18)}, testuser/scm@EXAMPLE.COM for om/om@EXAMPLE.COM
kdc_1       | Jan 30 12:24:00 kdc krb5kdc[8](info): TGS_REQ (6 etypes {aes256-cts-hmac-sha1-96(18), aes128-cts-hmac-sha1-96(17), aes256-cts-hmac-sha384-192(20), aes128-cts-hmac-sha256-128(19), DEPRECATED:des3-cbc-sha1(16), DEPRECATED:arcfour-hmac(23)}) 172.18.0.5: ISSUE: authtime 1675081363, etypes {rep=aes256-cts-hmac-sha1-96(18), tkt=aes256-cts-hmac-sha1-96(18), ses=aes256-cts-hmac-sha1-96(18)}, testuser/scm@EXAMPLE.COM for om/om@EXAMPLE.COM
kdc_1       | Jan 30 12:24:07 kdc krb5kdc[8](info): TGS_REQ (6 etypes {aes256-cts-hmac-sha1-96(18), aes128-cts-hmac-sha1-96(17), aes256-cts-hmac-sha384-192(20), aes128-cts-hmac-sha256-128(19), DEPRECATED:des3-cbc-sha1(16), DEPRECATED:arcfour-hmac(23)}) 172.18.0.5: ISSUE: authtime 1675081363, etypes {rep=aes256-cts-hmac-sha1-96(18), tkt=aes256-cts-hmac-sha1-96(18), ses=aes256-cts-hmac-sha1-96(18)}, testuser/scm@EXAMPLE.COM for om/om@EXAMPLE.COM
kdc_1       | Jan 30 12:24:13 kdc krb5kdc[8](info): TGS_REQ (6 etypes {aes256-cts-hmac-sha1-96(18), aes128-cts-hmac-sha1-96(17), aes256-cts-hmac-sha384-192(20), aes128-cts-hmac-sha256-128(19), DEPRECATED:des3-cbc-sha1(16), DEPRECATED:arcfour-hmac(23)}) 172.18.0.5: ISSUE: authtime 1675081363, etypes {rep=aes256-cts-hmac-sha1-96(18), tkt=aes256-cts-hmac-sha1-96(18), ses=aes256-cts-hmac-sha1-96(18)}, testuser/scm@EXAMPLE.COM for om/om@EXAMPLE.COM
recon_1     | 
datanode_3  | ]
datanode_2  | 2023-01-30 12:01:15,523 [EndpointStateMachine task thread for recon/172.18.0.6:9891 - 0 ] WARN statemachine.EndpointStateMachine: Unable to communicate to Recon server at recon:9891 for past 0 seconds.
datanode_2  | java.io.IOException: DestHost:destPort recon:9891 , LocalHost:localPort 2850eee4085e/172.18.0.8:0. Failed on local exception: java.io.IOException: java.net.SocketTimeoutException: 5000 millis timeout while waiting for channel to be ready for read. ch : java.nio.channels.SocketChannel[connected local=/172.18.0.8:42032 remote=recon/172.18.0.6:9891]
datanode_2  | 	at java.base/jdk.internal.reflect.NativeConstructorAccessorImpl.newInstance0(Native Method)
datanode_2  | 	at java.base/jdk.internal.reflect.NativeConstructorAccessorImpl.newInstance(NativeConstructorAccessorImpl.java:62)
datanode_2  | 	at java.base/jdk.internal.reflect.DelegatingConstructorAccessorImpl.newInstance(DelegatingConstructorAccessorImpl.java:45)
recon_1     | Certificate Extensions: 2
scm_1       | 2023-01-30 12:00:27,574 [main] INFO ha.SCMHANodeDetails: ozone.scm.default.service.id is not defined, falling back to ozone.scm.service.ids to find serviceID for StorageContainerManager if it is HA enabled cluster
datanode_3  |   Algorithm: [SHA256withRSA]
datanode_2  | 	at java.base/java.lang.reflect.Constructor.newInstance(Constructor.java:490)
datanode_2  | 	at org.apache.hadoop.net.NetUtils.wrapWithMessage(NetUtils.java:913)
datanode_2  | 	at org.apache.hadoop.net.NetUtils.wrapException(NetUtils.java:888)
datanode_2  | 	at org.apache.hadoop.ipc.Client.getRpcResponse(Client.java:1616)
datanode_1  | 2023-01-30 12:01:53,613 [6295590c-c30d-436f-ae9f-b085e438c72d@group-CE3F4E13DA16-FollowerState] INFO impl.FollowerState: 6295590c-c30d-436f-ae9f-b085e438c72d@group-CE3F4E13DA16-FollowerState: change to CANDIDATE, lastRpcElapsedTime:5053320793ns, electionTimeout:5000ms
scm_1       | 2023-01-30 12:00:28,283 [main] INFO client.SCMCertificateClient: Loading certificate from location:/data/metadata/scm/sub-ca/certs.
datanode_3  |   Signature:
datanode_2  | 	at org.apache.hadoop.ipc.Client.call(Client.java:1558)
datanode_2  | 	at org.apache.hadoop.ipc.Client.call(Client.java:1455)
datanode_2  | 	at org.apache.hadoop.ipc.ProtobufRpcEngine$Invoker.invoke(ProtobufRpcEngine.java:235)
datanode_2  | 	at org.apache.hadoop.ipc.ProtobufRpcEngine$Invoker.invoke(ProtobufRpcEngine.java:122)
datanode_1  | 2023-01-30 12:01:53,613 [6295590c-c30d-436f-ae9f-b085e438c72d@group-CE3F4E13DA16-FollowerState] INFO impl.RoleInfo: 6295590c-c30d-436f-ae9f-b085e438c72d: shutdown 6295590c-c30d-436f-ae9f-b085e438c72d@group-CE3F4E13DA16-FollowerState
scm_1       | 2023-01-30 12:00:28,442 [main] INFO client.SCMCertificateClient: Added certificate [
datanode_3  | 0000: 23 56 F7 3A 1B C4 2F CA   71 71 29 C4 FA D0 F0 6F  #V.:../.qq)....o
datanode_2  | 	at com.sun.proxy.$Proxy44.submitRequest(Unknown Source)
datanode_2  | 	at org.apache.hadoop.ozone.protocolPB.StorageContainerDatanodeProtocolClientSideTranslatorPB.submitRequest(StorageContainerDatanodeProtocolClientSideTranslatorPB.java:117)
datanode_2  | 	at org.apache.hadoop.ozone.protocolPB.StorageContainerDatanodeProtocolClientSideTranslatorPB.getVersion(StorageContainerDatanodeProtocolClientSideTranslatorPB.java:133)
datanode_2  | 	at org.apache.hadoop.ozone.container.common.states.endpoint.VersionEndpointTask.call(VersionEndpointTask.java:69)
datanode_1  | 2023-01-30 12:01:53,626 [6295590c-c30d-436f-ae9f-b085e438c72d@group-CE3F4E13DA16-FollowerState] INFO server.RaftServer$Division: 6295590c-c30d-436f-ae9f-b085e438c72d@group-CE3F4E13DA16: changes role from  FOLLOWER to CANDIDATE at term 0 for changeToCandidate
scm_1       | [
datanode_3  | 0010: 87 61 B0 A8 43 C9 8D 74   9C 50 B1 CE 26 97 AE 2B  .a..C..t.P..&..+
datanode_2  | 	at org.apache.hadoop.ozone.container.common.states.endpoint.VersionEndpointTask.call(VersionEndpointTask.java:40)
datanode_2  | 	at java.base/java.util.concurrent.FutureTask.run(FutureTask.java:264)
datanode_2  | 	at java.base/java.util.concurrent.ThreadPoolExecutor.runWorker(ThreadPoolExecutor.java:1128)
datanode_2  | 	at java.base/java.util.concurrent.ThreadPoolExecutor$Worker.run(ThreadPoolExecutor.java:628)
datanode_1  | 2023-01-30 12:01:53,635 [6295590c-c30d-436f-ae9f-b085e438c72d@group-CE3F4E13DA16-FollowerState] INFO server.RaftServerConfigKeys: raft.server.leaderelection.pre-vote = false (custom)
scm_1       |   Version: V3
datanode_3  | 0020: 5E 41 7F 65 AA 37 53 CD   54 29 C5 E6 C8 06 78 24  ^A.e.7S.T)....x$
datanode_2  | 	at java.base/java.lang.Thread.run(Thread.java:829)
recon_1     | [1]: ObjectId: 2.5.29.15 Criticality=true
recon_1     | KeyUsage [
recon_1     |   DigitalSignature
scm_1       |   Subject: O=CID-b04a1c74-af13-4571-b723-87e6e2d1e545, OU=82e918d1-ff68-4821-a2f0-f9af71d19ea5, CN=scm-sub@scm
scm_1       |   Signature Algorithm: SHA256withRSA, OID = 1.2.840.113549.1.1.11
scm_1       | 
recon_1     |   Key_Encipherment
recon_1     |   Data_Encipherment
recon_1     |   Key_Agreement
recon_1     | ]
recon_1     | 
recon_1     | [2]: ObjectId: 2.5.29.17 Criticality=false
recon_1     | SubjectAlternativeName [
recon_1     |   IPAddress: 172.18.0.6
om_1        |   Key:  Sun RSA public key, 2048 bits
datanode_1  | 2023-01-30 12:01:53,635 [6295590c-c30d-436f-ae9f-b085e438c72d@group-CE3F4E13DA16-FollowerState] INFO impl.RoleInfo: 6295590c-c30d-436f-ae9f-b085e438c72d: start 6295590c-c30d-436f-ae9f-b085e438c72d@group-CE3F4E13DA16-LeaderElection1
datanode_1  | 2023-01-30 12:01:53,671 [6295590c-c30d-436f-ae9f-b085e438c72d@group-CE3F4E13DA16-LeaderElection1] INFO impl.LeaderElection: 6295590c-c30d-436f-ae9f-b085e438c72d@group-CE3F4E13DA16-LeaderElection1 ELECTION round 0: submit vote requests at term 1 for -1: peers:[c8ea7a3f-965d-439b-b69f-d2205a7da823|rpc:172.18.0.4:9856|admin:172.18.0.4:9857|client:172.18.0.4:9858|dataStream:172.18.0.4:9855|priority:0|startupRole:FOLLOWER, 01074a56-f4fb-4406-b467-549b4df46db9|rpc:172.18.0.8:9856|admin:172.18.0.8:9857|client:172.18.0.8:9858|dataStream:172.18.0.8:9855|priority:0|startupRole:FOLLOWER, 6295590c-c30d-436f-ae9f-b085e438c72d|rpc:172.18.0.7:9856|admin:172.18.0.7:9857|client:172.18.0.7:9858|dataStream:172.18.0.7:9855|priority:1|startupRole:FOLLOWER]|listeners:[], old=null
datanode_1  | 2023-01-30 12:01:53,733 [6295590c-c30d-436f-ae9f-b085e438c72d@group-CE3F4E13DA16-LeaderElection1] INFO server.RaftServerConfigKeys: raft.server.rpc.first-election.timeout.min = 5s (fallback to raft.server.rpc.timeout.min)
datanode_1  | 2023-01-30 12:01:53,733 [6295590c-c30d-436f-ae9f-b085e438c72d@group-CE3F4E13DA16-LeaderElection1] INFO server.RaftServerConfigKeys: raft.server.rpc.first-election.timeout.max = 5200ms (fallback to raft.server.rpc.timeout.max)
datanode_1  | 2023-01-30 12:01:53,756 [6295590c-c30d-436f-ae9f-b085e438c72d@group-CE3F4E13DA16-LeaderElection1-1] INFO server.GrpcServerProtocolClient: Build channel for c8ea7a3f-965d-439b-b69f-d2205a7da823
datanode_1  | 2023-01-30 12:01:53,758 [6295590c-c30d-436f-ae9f-b085e438c72d@group-CE3F4E13DA16-LeaderElection1-2] INFO server.GrpcServerProtocolClient: Build channel for 01074a56-f4fb-4406-b467-549b4df46db9
om_1        |   params: null
om_1        |   modulus: 20177212669319789281122390499096998208508175923148602419063809284018013419023872302374117852886412502744322685895007101424092476423590357486812975792173271642726939488872337062613862392856781496354464985115788587480862083875048020160727867782232981042568167949299149392977998712500048545030072026293306220117390420775714823992698850819055125807794675576026665592276663348864085777207807177059193537811150644858120175055598044876632465607529735918175053287937561206043104748507452306241733004672146295076015939773119330052570269806174706079949618549668024921234168355129109309173441911522342354085360139881547972268481
recon_1     | ]
recon_1     | 
datanode_3  | 0030: 9A A8 24 52 69 47 0B AE   2B 25 12 A7 F8 73 E1 DA  ..$RiG..+%...s..
datanode_2  | Caused by: java.io.IOException: java.net.SocketTimeoutException: 5000 millis timeout while waiting for channel to be ready for read. ch : java.nio.channels.SocketChannel[connected local=/172.18.0.8:42032 remote=recon/172.18.0.6:9891]
datanode_2  | 	at org.apache.hadoop.ipc.Client$Connection$1.run(Client.java:798)
datanode_2  | 	at java.base/java.security.AccessController.doPrivileged(Native Method)
kdc_1       | Jan 30 12:24:22 kdc krb5kdc[8](info): TGS_REQ (6 etypes {aes256-cts-hmac-sha1-96(18), aes128-cts-hmac-sha1-96(17), aes256-cts-hmac-sha384-192(20), aes128-cts-hmac-sha256-128(19), DEPRECATED:des3-cbc-sha1(16), DEPRECATED:arcfour-hmac(23)}) 172.18.0.5: ISSUE: authtime 1675081363, etypes {rep=aes256-cts-hmac-sha1-96(18), tkt=aes256-cts-hmac-sha1-96(18), ses=aes256-cts-hmac-sha1-96(18)}, testuser/scm@EXAMPLE.COM for om/om@EXAMPLE.COM
kdc_1       | Jan 30 12:24:30 kdc krb5kdc[8](info): TGS_REQ (6 etypes {aes256-cts-hmac-sha1-96(18), aes128-cts-hmac-sha1-96(17), aes256-cts-hmac-sha384-192(20), aes128-cts-hmac-sha256-128(19), DEPRECATED:des3-cbc-sha1(16), DEPRECATED:arcfour-hmac(23)}) 172.18.0.5: ISSUE: authtime 1675081363, etypes {rep=aes256-cts-hmac-sha1-96(18), tkt=aes256-cts-hmac-sha1-96(18), ses=aes256-cts-hmac-sha1-96(18)}, testuser/scm@EXAMPLE.COM for om/om@EXAMPLE.COM
kdc_1       | Jan 30 12:24:40 kdc krb5kdc[8](info): TGS_REQ (6 etypes {aes256-cts-hmac-sha1-96(18), aes128-cts-hmac-sha1-96(17), aes256-cts-hmac-sha384-192(20), aes128-cts-hmac-sha256-128(19), DEPRECATED:des3-cbc-sha1(16), DEPRECATED:arcfour-hmac(23)}) 172.18.0.5: ISSUE: authtime 1675081363, etypes {rep=aes256-cts-hmac-sha1-96(18), tkt=aes256-cts-hmac-sha1-96(18), ses=aes256-cts-hmac-sha1-96(18)}, testuser/scm@EXAMPLE.COM for om/om@EXAMPLE.COM
scm_1       |   Key:  Sun RSA public key, 2048 bits
datanode_3  | 0040: 80 13 7E E8 C9 00 3A E9   DC 41 93 A8 F4 8C 1D DF  ......:..A......
datanode_2  | 	at java.base/javax.security.auth.Subject.doAs(Subject.java:423)
datanode_2  | 	at org.apache.hadoop.security.UserGroupInformation.doAs(UserGroupInformation.java:1878)
datanode_2  | 	at org.apache.hadoop.ipc.Client$Connection.handleSaslConnectionFailure(Client.java:752)
kdc_1       | Jan 30 12:24:48 kdc krb5kdc[8](info): TGS_REQ (6 etypes {aes256-cts-hmac-sha1-96(18), aes128-cts-hmac-sha1-96(17), aes256-cts-hmac-sha384-192(20), aes128-cts-hmac-sha256-128(19), DEPRECATED:des3-cbc-sha1(16), DEPRECATED:arcfour-hmac(23)}) 172.18.0.5: ISSUE: authtime 1675081363, etypes {rep=aes256-cts-hmac-sha1-96(18), tkt=aes256-cts-hmac-sha1-96(18), ses=aes256-cts-hmac-sha1-96(18)}, testuser/scm@EXAMPLE.COM for om/om@EXAMPLE.COM
kdc_1       | Jan 30 12:24:54 kdc krb5kdc[8](info): TGS_REQ (6 etypes {aes256-cts-hmac-sha1-96(18), aes128-cts-hmac-sha1-96(17), aes256-cts-hmac-sha384-192(20), aes128-cts-hmac-sha256-128(19), DEPRECATED:des3-cbc-sha1(16), DEPRECATED:arcfour-hmac(23)}) 172.18.0.5: ISSUE: authtime 1675081363, etypes {rep=aes256-cts-hmac-sha1-96(18), tkt=aes256-cts-hmac-sha1-96(18), ses=aes256-cts-hmac-sha1-96(18)}, testuser/scm@EXAMPLE.COM for om/om@EXAMPLE.COM
kdc_1       | Jan 30 12:25:00 kdc krb5kdc[8](info): TGS_REQ (6 etypes {aes256-cts-hmac-sha1-96(18), aes128-cts-hmac-sha1-96(17), aes256-cts-hmac-sha384-192(20), aes128-cts-hmac-sha256-128(19), DEPRECATED:des3-cbc-sha1(16), DEPRECATED:arcfour-hmac(23)}) 172.18.0.5: ISSUE: authtime 1675081363, etypes {rep=aes256-cts-hmac-sha1-96(18), tkt=aes256-cts-hmac-sha1-96(18), ses=aes256-cts-hmac-sha1-96(18)}, testuser/scm@EXAMPLE.COM for om/om@EXAMPLE.COM
scm_1       |   params: null
scm_1       |   modulus: 20177212669319789281122390499096998208508175923148602419063809284018013419023872302374117852886412502744322685895007101424092476423590357486812975792173271642726939488872337062613862392856781496354464985115788587480862083875048020160727867782232981042568167949299149392977998712500048545030072026293306220117390420775714823992698850819055125807794675576026665592276663348864085777207807177059193537811150644858120175055598044876632465607529735918175053287937561206043104748507452306241733004672146295076015939773119330052570269806174706079949618549668024921234168355129109309173441911522342354085360139881547972268481
scm_1       |   public exponent: 65537
datanode_3  | 0050: E2 B0 EB B2 F6 CC 06 6A   1F 51 27 3B 2C 0D 4A CB  .......j.Q';,.J.
datanode_1  | 2023-01-30 12:01:54,463 [grpc-default-executor-1] INFO server.RaftServer$Division: 6295590c-c30d-436f-ae9f-b085e438c72d@group-CE3F4E13DA16: receive requestVote(ELECTION, 01074a56-f4fb-4406-b467-549b4df46db9, group-CE3F4E13DA16, 1, (t:0, i:0))
kdc_1       | Jan 30 12:25:09 kdc krb5kdc[8](info): TGS_REQ (6 etypes {aes256-cts-hmac-sha1-96(18), aes128-cts-hmac-sha1-96(17), aes256-cts-hmac-sha384-192(20), aes128-cts-hmac-sha256-128(19), DEPRECATED:des3-cbc-sha1(16), DEPRECATED:arcfour-hmac(23)}) 172.18.0.5: ISSUE: authtime 1675081363, etypes {rep=aes256-cts-hmac-sha1-96(18), tkt=aes256-cts-hmac-sha1-96(18), ses=aes256-cts-hmac-sha1-96(18)}, testuser/scm@EXAMPLE.COM for om/om@EXAMPLE.COM
om_1        |   public exponent: 65537
om_1        |   Validity: [From: Mon Jan 30 00:00:00 UTC 2023,
scm_1       |   Validity: [From: Mon Jan 30 00:00:00 UTC 2023,
datanode_3  | 0060: 22 60 C0 01 38 12 EC 2C   C0 F7 1C 5C 79 ED 64 8F  "`..8..,...\y.d.
datanode_1  | 2023-01-30 12:01:54,468 [grpc-default-executor-1] INFO impl.VoteContext: 6295590c-c30d-436f-ae9f-b085e438c72d@group-CE3F4E13DA16-CANDIDATE: reject ELECTION from 01074a56-f4fb-4406-b467-549b4df46db9: already has voted for 6295590c-c30d-436f-ae9f-b085e438c72d at current term 1
kdc_1       | Jan 30 12:25:18 kdc krb5kdc[8](info): TGS_REQ (6 etypes {aes256-cts-hmac-sha1-96(18), aes128-cts-hmac-sha1-96(17), aes256-cts-hmac-sha384-192(20), aes128-cts-hmac-sha256-128(19), DEPRECATED:des3-cbc-sha1(16), DEPRECATED:arcfour-hmac(23)}) 172.18.0.5: ISSUE: authtime 1675081363, etypes {rep=aes256-cts-hmac-sha1-96(18), tkt=aes256-cts-hmac-sha1-96(18), ses=aes256-cts-hmac-sha1-96(18)}, testuser/scm@EXAMPLE.COM for om/om@EXAMPLE.COM
kdc_1       | Jan 30 12:25:23 kdc krb5kdc[8](info): TGS_REQ (6 etypes {aes256-cts-hmac-sha1-96(18), aes128-cts-hmac-sha1-96(17), aes256-cts-hmac-sha384-192(20), aes128-cts-hmac-sha256-128(19), DEPRECATED:des3-cbc-sha1(16), DEPRECATED:arcfour-hmac(23)}) 172.18.0.5: ISSUE: authtime 1675081363, etypes {rep=aes256-cts-hmac-sha1-96(18), tkt=aes256-cts-hmac-sha1-96(18), ses=aes256-cts-hmac-sha1-96(18)}, testuser/scm@EXAMPLE.COM for om/om@EXAMPLE.COM
kdc_1       | Jan 30 12:25:28 kdc krb5kdc[8](info): TGS_REQ (6 etypes {aes256-cts-hmac-sha1-96(18), aes128-cts-hmac-sha1-96(17), aes256-cts-hmac-sha384-192(20), aes128-cts-hmac-sha256-128(19), DEPRECATED:des3-cbc-sha1(16), DEPRECATED:arcfour-hmac(23)}) 172.18.0.5: ISSUE: authtime 1675081363, etypes {rep=aes256-cts-hmac-sha1-96(18), tkt=aes256-cts-hmac-sha1-96(18), ses=aes256-cts-hmac-sha1-96(18)}, testuser/scm@EXAMPLE.COM for om/om@EXAMPLE.COM
scm_1       |                To: Thu Mar 09 00:00:00 UTC 2028]
datanode_2  | 	at org.apache.hadoop.ipc.Client$Connection.setupIOstreams(Client.java:856)
datanode_3  | 0070: 0B BE 97 36 D7 8B 63 A6   D7 29 0E E0 A2 EF 2B EF  ...6..c..)....+.
datanode_3  | 0080: 7F 63 3A E0 CD 77 26 3B   8C 12 B1 B0 4F CE 89 8F  .c:..w&;....O...
kdc_1       | Jan 30 12:25:38 kdc krb5kdc[8](info): TGS_REQ (6 etypes {aes256-cts-hmac-sha1-96(18), aes128-cts-hmac-sha1-96(17), aes256-cts-hmac-sha384-192(20), aes128-cts-hmac-sha256-128(19), DEPRECATED:des3-cbc-sha1(16), DEPRECATED:arcfour-hmac(23)}) 172.18.0.5: ISSUE: authtime 1675081363, etypes {rep=aes256-cts-hmac-sha1-96(18), tkt=aes256-cts-hmac-sha1-96(18), ses=aes256-cts-hmac-sha1-96(18)}, testuser/scm@EXAMPLE.COM for om/om@EXAMPLE.COM
kdc_1       | Jan 30 12:25:43 kdc krb5kdc[8](info): TGS_REQ (6 etypes {aes256-cts-hmac-sha1-96(18), aes128-cts-hmac-sha1-96(17), aes256-cts-hmac-sha384-192(20), aes128-cts-hmac-sha256-128(19), DEPRECATED:des3-cbc-sha1(16), DEPRECATED:arcfour-hmac(23)}) 172.18.0.5: ISSUE: authtime 1675081363, etypes {rep=aes256-cts-hmac-sha1-96(18), tkt=aes256-cts-hmac-sha1-96(18), ses=aes256-cts-hmac-sha1-96(18)}, testuser/scm@EXAMPLE.COM for om/om@EXAMPLE.COM
kdc_1       | Jan 30 12:25:49 kdc krb5kdc[8](info): TGS_REQ (6 etypes {aes256-cts-hmac-sha1-96(18), aes128-cts-hmac-sha1-96(17), aes256-cts-hmac-sha384-192(20), aes128-cts-hmac-sha256-128(19), DEPRECATED:des3-cbc-sha1(16), DEPRECATED:arcfour-hmac(23)}) 172.18.0.5: ISSUE: authtime 1675081363, etypes {rep=aes256-cts-hmac-sha1-96(18), tkt=aes256-cts-hmac-sha1-96(18), ses=aes256-cts-hmac-sha1-96(18)}, testuser/scm@EXAMPLE.COM for om/om@EXAMPLE.COM
scm_1       |   Issuer: O=CID-b04a1c74-af13-4571-b723-87e6e2d1e545, OU=82e918d1-ff68-4821-a2f0-f9af71d19ea5, CN=scm@scm
scm_1       |   SerialNumber: [    3b882292 67]
datanode_3  | 0090: 89 1E C6 2C CF 7B 91 30   B4 5E 72 A0 5E D5 B8 8F  ...,...0.^r.^...
datanode_3  | 00A0: E9 59 C8 2F 67 3E 8F 44   B1 BD A2 78 99 34 5A 7A  .Y./g>.D...x.4Zz
kdc_1       | Jan 30 12:25:55 kdc krb5kdc[8](info): TGS_REQ (6 etypes {aes256-cts-hmac-sha1-96(18), aes128-cts-hmac-sha1-96(17), aes256-cts-hmac-sha384-192(20), aes128-cts-hmac-sha256-128(19), DEPRECATED:des3-cbc-sha1(16), DEPRECATED:arcfour-hmac(23)}) 172.18.0.5: ISSUE: authtime 1675081363, etypes {rep=aes256-cts-hmac-sha1-96(18), tkt=aes256-cts-hmac-sha1-96(18), ses=aes256-cts-hmac-sha1-96(18)}, testuser/scm@EXAMPLE.COM for om/om@EXAMPLE.COM
kdc_1       | Jan 30 12:26:01 kdc krb5kdc[8](info): TGS_REQ (6 etypes {aes256-cts-hmac-sha1-96(18), aes128-cts-hmac-sha1-96(17), aes256-cts-hmac-sha384-192(20), aes128-cts-hmac-sha256-128(19), DEPRECATED:des3-cbc-sha1(16), DEPRECATED:arcfour-hmac(23)}) 172.18.0.5: ISSUE: authtime 1675081363, etypes {rep=aes256-cts-hmac-sha1-96(18), tkt=aes256-cts-hmac-sha1-96(18), ses=aes256-cts-hmac-sha1-96(18)}, testuser/scm@EXAMPLE.COM for om/om@EXAMPLE.COM
kdc_1       | Jan 30 12:26:07 kdc krb5kdc[8](info): TGS_REQ (6 etypes {aes256-cts-hmac-sha1-96(18), aes128-cts-hmac-sha1-96(17), aes256-cts-hmac-sha384-192(20), aes128-cts-hmac-sha256-128(19), DEPRECATED:des3-cbc-sha1(16), DEPRECATED:arcfour-hmac(23)}) 172.18.0.5: ISSUE: authtime 1675081363, etypes {rep=aes256-cts-hmac-sha1-96(18), tkt=aes256-cts-hmac-sha1-96(18), ses=aes256-cts-hmac-sha1-96(18)}, testuser/scm@EXAMPLE.COM for om/om@EXAMPLE.COM
scm_1       | 
scm_1       | Certificate Extensions: 3
datanode_3  | 00B0: 07 69 E6 B9 AF C9 19 D5   71 44 25 74 24 4F 67 3D  .i......qD%t$Og=
datanode_1  | 2023-01-30 12:01:54,515 [grpc-default-executor-1] INFO server.RaftServer$Division: 6295590c-c30d-436f-ae9f-b085e438c72d@group-CE3F4E13DA16 replies to ELECTION vote request: 01074a56-f4fb-4406-b467-549b4df46db9<-6295590c-c30d-436f-ae9f-b085e438c72d#0:FAIL-t1. Peer's state: 6295590c-c30d-436f-ae9f-b085e438c72d@group-CE3F4E13DA16:t1, leader=null, voted=6295590c-c30d-436f-ae9f-b085e438c72d, raftlog=Memoized:6295590c-c30d-436f-ae9f-b085e438c72d@group-CE3F4E13DA16-SegmentedRaftLog:OPENED:c-1, conf=-1: peers:[c8ea7a3f-965d-439b-b69f-d2205a7da823|rpc:172.18.0.4:9856|admin:172.18.0.4:9857|client:172.18.0.4:9858|dataStream:172.18.0.4:9855|priority:0|startupRole:FOLLOWER, 01074a56-f4fb-4406-b467-549b4df46db9|rpc:172.18.0.8:9856|admin:172.18.0.8:9857|client:172.18.0.8:9858|dataStream:172.18.0.8:9855|priority:0|startupRole:FOLLOWER, 6295590c-c30d-436f-ae9f-b085e438c72d|rpc:172.18.0.7:9856|admin:172.18.0.7:9857|client:172.18.0.7:9858|dataStream:172.18.0.7:9855|priority:1|startupRole:FOLLOWER]|listeners:[], old=null
datanode_2  | 	at org.apache.hadoop.ipc.Client$Connection.access$3800(Client.java:414)
datanode_1  | 2023-01-30 12:01:55,082 [Command processor thread] INFO commandhandler.CreatePipelineCommandHandler: Created Pipeline RATIS THREE PipelineID=4e8cbeba-21db-48a1-9ddc-ce3f4e13da16.
scm_1       | [1]: ObjectId: 2.5.29.19 Criticality=true
datanode_2  | 	at org.apache.hadoop.ipc.Client.getConnection(Client.java:1677)
recon_1     | ]
recon_1     |   Algorithm: [SHA256withRSA]
recon_1     |   Signature:
recon_1     | 0000: 1D 05 F7 68 82 B9 07 B1   29 0A CF 62 C4 15 4D 3D  ...h....)..b..M=
recon_1     | 0010: 78 62 FF 53 EA 31 E8 A2   A2 87 C8 04 FC C5 E6 4A  xb.S.1.........J
datanode_2  | 	at org.apache.hadoop.ipc.Client.call(Client.java:1502)
datanode_2  | 	... 12 more
scm_1       | BasicConstraints:[
recon_1     | 0020: D9 EC C1 C0 C0 2E 64 2D   66 EB 81 31 35 02 10 F1  ......d-f..15...
recon_1     | 0030: 41 CF CC 67 EC 30 42 C9   CE 59 C4 4E 61 00 0D 14  A..g.0B..Y.Na...
recon_1     | 0040: 2A 8D 7E FD 0D D3 3F 0A   5D 48 5A D0 68 2E 66 5A  *.....?.]HZ.h.fZ
recon_1     | 0050: 3A 1D B3 5D 0C E3 D9 E0   B2 31 B2 7B 9F CF C7 4B  :..].....1.....K
scm_1       |   CA:true
om_1        |                To: Thu Mar 09 00:00:00 UTC 2028]
datanode_2  | Caused by: java.net.SocketTimeoutException: 5000 millis timeout while waiting for channel to be ready for read. ch : java.nio.channels.SocketChannel[connected local=/172.18.0.8:42032 remote=recon/172.18.0.6:9891]
datanode_1  | 2023-01-30 12:01:55,089 [pool-24-thread-1] INFO server.RaftServer$Division: 6295590c-c30d-436f-ae9f-b085e438c72d: new RaftServerImpl for group-D14D9BFCC8C3:[6295590c-c30d-436f-ae9f-b085e438c72d|rpc:172.18.0.7:9856|admin:172.18.0.7:9857|client:172.18.0.7:9858|dataStream:172.18.0.7:9855|priority:1|startupRole:FOLLOWER] with ContainerStateMachine:uninitialized
kdc_1       | Jan 30 12:26:13 kdc krb5kdc[8](info): TGS_REQ (6 etypes {aes256-cts-hmac-sha1-96(18), aes128-cts-hmac-sha1-96(17), aes256-cts-hmac-sha384-192(20), aes128-cts-hmac-sha256-128(19), DEPRECATED:des3-cbc-sha1(16), DEPRECATED:arcfour-hmac(23)}) 172.18.0.5: ISSUE: authtime 1675081363, etypes {rep=aes256-cts-hmac-sha1-96(18), tkt=aes256-cts-hmac-sha1-96(18), ses=aes256-cts-hmac-sha1-96(18)}, testuser/scm@EXAMPLE.COM for om/om@EXAMPLE.COM
datanode_3  | 00C0: 39 27 64 30 67 03 E1 11   C4 82 BB C5 34 2F 7C 64  9'd0g.......4/.d
scm_1       |   PathLen:2147483647
scm_1       | ]
datanode_2  | 	at org.apache.hadoop.net.SocketIOWithTimeout.doIO(SocketIOWithTimeout.java:163)
recon_1     | 0060: 51 E5 89 FF 99 F1 C3 84   49 63 6F 48 EA 7B DE 56  Q.......IcoH...V
recon_1     | 0070: A0 B3 07 91 9C B6 97 24   B4 C8 21 01 7B 70 29 B5  .......$..!..p).
recon_1     | 0080: E5 32 86 2B 1A C2 35 D3   DB B9 C8 87 89 4B 6E E4  .2.+..5......Kn.
datanode_3  | 00D0: 8C F4 71 26 B9 7B 2A 8A   0D A0 A4 83 E3 8F D5 C6  ..q&..*.........
datanode_3  | 00E0: D3 1A DA 2A 96 32 27 22   BF 81 83 2E 18 14 78 9B  ...*.2'"......x.
om_1        |   Issuer: O=CID-b04a1c74-af13-4571-b723-87e6e2d1e545, OU=82e918d1-ff68-4821-a2f0-f9af71d19ea5, CN=scm@scm
datanode_2  | 	at org.apache.hadoop.net.SocketInputStream.read(SocketInputStream.java:161)
datanode_2  | 	at org.apache.hadoop.net.SocketInputStream.read(SocketInputStream.java:131)
recon_1     | 0090: 14 AB EB BC 49 6F E0 65   60 A6 24 79 4F 5A DE A9  ....Io.e`.$yOZ..
recon_1     | 00A0: E6 8F 8E 9A BB C5 92 CB   96 D1 F3 65 9F 0A EF 61  ...........e...a
recon_1     | 00B0: DA 3F 22 25 BA 9D 9D CC   DC 5F 2E 0E 50 4D AC 63  .?"%....._..PM.c
recon_1     | 00C0: 38 84 F8 56 08 38 AE 34   92 DD 32 4C 0B 5D 9E A0  8..V.8.4..2L.]..
recon_1     | 00D0: 41 C5 29 9E 38 6E 94 E5   6E 3A DB 76 1F 98 FC 5B  A.).8n..n:.v...[
recon_1     | 00E0: 8C 95 15 4B B6 B2 ED D4   09 58 3A DF 41 5C 4A E3  ...K.....X:.A\J.
recon_1     | 00F0: B7 68 F7 1C C9 04 EC 0F   D0 8E 5E 3D 5D E9 89 78  .h........^=]..x
recon_1     | 
recon_1     | ] from file:/data/metadata/recon/certs/279049027043.crt.
recon_1     | 2023-01-30 12:00:41,665 [main] INFO client.ReconCertificateClient: CertificateLifetimeMonitor for recon is started with first delay 29073558362 ms and interval 86400000 ms.
scm_1       | 
scm_1       | [2]: ObjectId: 2.5.29.15 Criticality=true
scm_1       | KeyUsage [
scm_1       |   DigitalSignature
scm_1       |   Key_Encipherment
scm_1       |   Data_Encipherment
scm_1       |   Key_Agreement
om_1        |   SerialNumber: [    3b882292 67]
om_1        | 
om_1        | Certificate Extensions: 3
om_1        | [1]: ObjectId: 2.5.29.19 Criticality=true
om_1        | BasicConstraints:[
om_1        |   CA:true
datanode_2  | 	at java.base/java.io.FilterInputStream.read(FilterInputStream.java:133)
datanode_2  | 	at java.base/java.io.BufferedInputStream.fill(BufferedInputStream.java:252)
om_1        |   PathLen:2147483647
om_1        | ]
om_1        | 
om_1        | [2]: ObjectId: 2.5.29.15 Criticality=true
om_1        | KeyUsage [
om_1        |   DigitalSignature
om_1        |   Key_Encipherment
om_1        |   Data_Encipherment
datanode_2  | 	at java.base/java.io.BufferedInputStream.read(BufferedInputStream.java:271)
datanode_2  | 	at java.base/java.io.DataInputStream.readInt(DataInputStream.java:392)
om_1        |   Key_Agreement
om_1        |   Key_CertSign
om_1        |   Crl_Sign
om_1        | ]
om_1        | 
om_1        | [3]: ObjectId: 2.5.29.17 Criticality=false
om_1        | SubjectAlternativeName [
datanode_2  | 	at org.apache.hadoop.ipc.Client$IpcStreams.readResponse(Client.java:1922)
datanode_2  | 	at org.apache.hadoop.security.SaslRpcClient.saslConnect(SaslRpcClient.java:367)
om_1        |   IPAddress: 172.18.0.5
om_1        | ]
recon_1     | 2023-01-30 12:00:41,665 [main] INFO recon.ReconServer: Successfully stored SCM signed certificate, case:GETCERT.
recon_1     | 2023-01-30 12:00:43,437 [main] INFO persistence.DefaultDataSourceProvider: JDBC Url for Recon : jdbc:derby:/data/metadata/recon/ozone_recon_derby.db 
recon_1     | 2023-01-30 12:00:49,444 [main] INFO codegen.SqlDbUtils: Created derby database at jdbc:derby:/data/metadata/recon/ozone_recon_derby.db.
recon_1     | WARNING: An illegal reflective access operation has occurred
recon_1     | WARNING: Illegal reflective access by org.jooq.tools.reflect.Reflect (file:/opt/hadoop/share/ozone/lib/jooq-3.11.10.jar) to constructor java.lang.invoke.MethodHandles$Lookup(java.lang.Class)
datanode_2  | 	at org.apache.hadoop.ipc.Client$Connection.setupSaslConnection(Client.java:623)
om_1        | 
recon_1     | WARNING: Please consider reporting this to the maintainers of org.jooq.tools.reflect.Reflect
recon_1     | WARNING: Use --illegal-access=warn to enable warnings of further illegal reflective access operations
recon_1     | WARNING: All illegal access operations will be denied in a future release
kdc_1       | Jan 30 12:26:19 kdc krb5kdc[8](info): TGS_REQ (6 etypes {aes256-cts-hmac-sha1-96(18), aes128-cts-hmac-sha1-96(17), aes256-cts-hmac-sha384-192(20), aes128-cts-hmac-sha256-128(19), DEPRECATED:des3-cbc-sha1(16), DEPRECATED:arcfour-hmac(23)}) 172.18.0.5: ISSUE: authtime 1675081363, etypes {rep=aes256-cts-hmac-sha1-96(18), tkt=aes256-cts-hmac-sha1-96(18), ses=aes256-cts-hmac-sha1-96(18)}, testuser/scm@EXAMPLE.COM for om/om@EXAMPLE.COM
datanode_3  | 00F0: 7B A2 C5 BA F3 8D 11 C6   B6 E9 D1 A7 C1 D1 7F D6  ................
datanode_2  | 	at org.apache.hadoop.ipc.Client$Connection.access$2300(Client.java:414)
om_1        | ]
recon_1     | 2023-01-30 12:00:52,251 [main] INFO impl.ReconContainerMetadataManagerImpl: KEY_CONTAINER Table is empty, initializing from CONTAINER_KEY Table ...
recon_1     | 2023-01-30 12:00:52,265 [main] INFO impl.ReconContainerMetadataManagerImpl: It took 0.011 seconds to initialized 0 records to KEY_CONTAINER table
recon_1     | 2023-01-30 12:00:52,287 [main] INFO persistence.DefaultDataSourceProvider: JDBC Url for Recon : jdbc:derby:/data/metadata/recon/ozone_recon_derby.db 
kdc_1       | Jan 30 12:26:24 kdc krb5kdc[8](info): TGS_REQ (6 etypes {aes256-cts-hmac-sha1-96(18), aes128-cts-hmac-sha1-96(17), aes256-cts-hmac-sha384-192(20), aes128-cts-hmac-sha256-128(19), DEPRECATED:des3-cbc-sha1(16), DEPRECATED:arcfour-hmac(23)}) 172.18.0.5: ISSUE: authtime 1675081363, etypes {rep=aes256-cts-hmac-sha1-96(18), tkt=aes256-cts-hmac-sha1-96(18), ses=aes256-cts-hmac-sha1-96(18)}, testuser/scm@EXAMPLE.COM for om/om@EXAMPLE.COM
datanode_3  | 
datanode_2  | 	at org.apache.hadoop.ipc.Client$Connection$2.run(Client.java:843)
datanode_2  | 	at org.apache.hadoop.ipc.Client$Connection$2.run(Client.java:839)
