datanode_1  | 2023-01-30 12:01:55,365 [pool-24-thread-1] INFO segmented.SegmentedRaftLogWorker: 6295590c-c30d-436f-ae9f-b085e438c72d@group-D14D9BFCC8C3-SegmentedRaftLogWorker: safeCacheEvictIndex: setUnconditionally 0 -> -1
scm_1       | KeyUsage [
scm_1       |   Key_CertSign
om_1        | 00F0: 3D E5 EA 0F 86 DB 55 95   00 D3 FD A8 11 EA BE 74  =.....U........t
datanode_2  | 2023-01-30 12:01:48,383 [pool-24-thread-1] INFO server.RaftServerConfigKeys: raft.server.log.queue.byte-limit = 4294967296 (custom)
datanode_3  | 2023-01-30 12:01:03,157 [c8ea7a3f-965d-439b-b69f-d2205a7da823-NettyServerStreamRpc-bossGroup--thread1] INFO logging.LoggingHandler: [id: 0xaaae6187, L:/0.0.0.0:9855] ACTIVE
datanode_1  | 2023-01-30 12:01:55,378 [pool-24-thread-1] INFO server.RaftServer$Division: 6295590c-c30d-436f-ae9f-b085e438c72d@group-D14D9BFCC8C3: start as a follower, conf=-1: peers:[6295590c-c30d-436f-ae9f-b085e438c72d|rpc:172.18.0.7:9856|admin:172.18.0.7:9857|client:172.18.0.7:9858|dataStream:172.18.0.7:9855|priority:1|startupRole:FOLLOWER]|listeners:[], old=null
scm_1       |   Crl_Sign
recon_1     | 2023-01-30 12:01:15,090 [Listener at 0.0.0.0/9891] INFO server.KerberosAuthenticationHandler: Using keytab /etc/security/keytabs/recon.keytab, for principal HTTP/recon@EXAMPLE.COM
om_1        | 
om_1        | ] from file:/data/metadata/om/certs/283261507731.crt.
om_1        | 2023-01-30 12:01:12,199 [main] INFO security.OMCertificateClient: CertificateLifetimeMonitor for om is started with first delay 29073527832 ms and interval 86400000 ms.
datanode_1  | 2023-01-30 12:01:55,378 [pool-24-thread-1] INFO server.RaftServer$Division: 6295590c-c30d-436f-ae9f-b085e438c72d@group-D14D9BFCC8C3: changes role from      null to FOLLOWER at term 0 for startAsFollower
scm_1       | ]
scm_1       | 
recon_1     | 2023-01-30 12:01:15,109 [Listener at 0.0.0.0/9891] INFO handler.ContextHandler: Started o.e.j.s.ServletContextHandler@12921ee1{logs,/logs,file:///var/log/hadoop/,AVAILABLE}
recon_1     | 2023-01-30 12:01:15,123 [Listener at 0.0.0.0/9891] INFO handler.ContextHandler: Started o.e.j.s.ServletContextHandler@615bd28b{static,/static,jar:file:/opt/hadoop/share/ozone/lib/ozone-recon-1.4.0-SNAPSHOT.jar!/webapps/static,AVAILABLE}
recon_1     | 2023-01-30 12:01:16,689 [Listener at 0.0.0.0/9891] INFO server.KerberosAuthenticationHandler: Using keytab /etc/security/keytabs/recon.keytab, for principal HTTP/recon@EXAMPLE.COM
scm_1       | [3]: ObjectId: 2.5.29.17 Criticality=false
datanode_1  | 2023-01-30 12:01:55,378 [pool-24-thread-1] INFO impl.RoleInfo: 6295590c-c30d-436f-ae9f-b085e438c72d: start 6295590c-c30d-436f-ae9f-b085e438c72d@group-D14D9BFCC8C3-FollowerState
recon_1     | 2023-01-30 12:01:16,723 [Listener at 0.0.0.0/9891] INFO server.KerberosAuthenticationHandler: Using keytab /etc/security/keytabs/recon.keytab, for principal HTTP/recon@EXAMPLE.COM
recon_1     | 2023-01-30 12:01:22,884 [Listener at 0.0.0.0/9891] INFO handler.ContextHandler: Started o.e.j.w.WebAppContext@5d15c5f7{recon,/,file:///tmp/jetty-0_0_0_0-9888-ozone-recon-1_4_0-SNAPSHOT_jar-_-any-15355221104551504143/webapp/,AVAILABLE}{jar:file:/opt/hadoop/share/ozone/lib/ozone-recon-1.4.0-SNAPSHOT.jar!/webapps/recon}
recon_1     | 2023-01-30 12:01:22,903 [Listener at 0.0.0.0/9891] INFO server.AbstractConnector: Started ServerConnector@3c89fdd8{HTTP/1.1, (http/1.1)}{0.0.0.0:9888}
datanode_3  | 2023-01-30 12:01:03,441 [main] INFO ssl.PemFileBasedKeyStoresFactory: SERVER KeyStore reloading at 60000 millis.
scm_1       | SubjectAlternativeName [
recon_1     | 2023-01-30 12:01:22,904 [Listener at 0.0.0.0/9891] INFO server.Server: Started @104434ms
recon_1     | 2023-01-30 12:01:22,914 [Listener at 0.0.0.0/9891] INFO impl.MetricsSinkAdapter: Sink prometheus started
recon_1     | 2023-01-30 12:01:22,915 [Listener at 0.0.0.0/9891] INFO impl.MetricsSystemImpl: Registered sink prometheus
datanode_3  | 2023-01-30 12:01:03,504 [main] INFO ssl.PemFileBasedKeyStoresFactory: SERVER TrustStore reloading at 60000 millis.
datanode_3  | 2023-01-30 12:01:03,548 [main] INFO server.XceiverServerGrpc: GrpcServer channel type EpollServerSocketChannel
recon_1     | 2023-01-30 12:01:22,917 [Listener at 0.0.0.0/9891] INFO http.BaseHttpServer: HTTP server of recon listening at http://0.0.0.0:9888
recon_1     | 2023-01-30 12:01:22,917 [Listener at 0.0.0.0/9891] INFO impl.OzoneManagerServiceProviderImpl: Starting Ozone Manager Service Provider.
recon_1     | 2023-01-30 12:01:22,932 [Listener at 0.0.0.0/9891] INFO impl.OzoneManagerServiceProviderImpl: Registered OmDeltaRequest task 
scm_1       |   IPAddress: 172.18.0.5
scm_1       | ]
scm_1       | 
recon_1     | 2023-01-30 12:01:22,943 [Listener at 0.0.0.0/9891] INFO impl.OzoneManagerServiceProviderImpl: Registered OmSnapshotRequest task 
recon_1     | 2023-01-30 12:01:22,948 [Listener at 0.0.0.0/9891] INFO recovery.ReconOmMetadataManagerImpl: Starting ReconOMMetadataManagerImpl
recon_1     | 2023-01-30 12:01:22,948 [Listener at 0.0.0.0/9891] WARN recon.ReconUtils: ozone.recon.om.db.dir is not configured. We recommend adding this setting. Falling back to ozone.metadata.dirs instead.
datanode_2  | 2023-01-30 12:01:48,387 [pool-24-thread-1] INFO server.RaftServerConfigKeys: raft.server.log.queue.element-limit = 1024 (custom)
scm_1       | ]
recon_1     | 2023-01-30 12:01:22,949 [Listener at 0.0.0.0/9891] INFO tasks.ReconTaskControllerImpl: Starting Recon Task Controller.
datanode_1  | 2023-01-30 12:01:55,379 [pool-24-thread-1] INFO util.JmxRegister: Successfully registered JMX Bean with object name Ratis:service=RaftServer,group=group-D14D9BFCC8C3,id=6295590c-c30d-436f-ae9f-b085e438c72d
datanode_1  | 2023-01-30 12:01:55,379 [pool-24-thread-1] INFO server.RaftServerConfigKeys: raft.server.snapshot.auto.trigger.enabled = true (custom)
datanode_3  | 2023-01-30 12:01:04,843 [main] INFO token.OzoneBlockTokenSecretManager: Updating current master key for generating tokens. Cert id 279802483984
datanode_3  | 2023-01-30 12:01:04,870 [main] INFO token.ContainerTokenSecretManager: Updating current master key for generating tokens. Cert id 279802483984
recon_1     | 2023-01-30 12:01:22,964 [Listener at 0.0.0.0/9891] INFO scm.ReconStorageContainerManagerFacade: Recon ScmDatanodeProtocol RPC server is listening at /0.0.0.0:9891
datanode_1  | 2023-01-30 12:01:55,380 [pool-24-thread-1] INFO server.RaftServerConfigKeys: raft.server.snapshot.auto.trigger.threshold = 10000 (custom)
datanode_2  | 2023-01-30 12:01:48,390 [pool-24-thread-1] INFO server.RaftServerConfigKeys: raft.server.log.segment.size.max = 1048576 (custom)
datanode_2  | 2023-01-30 12:01:48,390 [pool-24-thread-1] INFO server.RaftServerConfigKeys: raft.server.log.preallocated.size = 16384 (custom)
datanode_2  | 2023-01-30 12:01:48,392 [pool-24-thread-1] INFO server.RaftServerConfigKeys: raft.server.log.force.sync.num = 128 (default)
datanode_3  | 2023-01-30 12:01:05,363 [main] INFO http.BaseHttpServer: Starting Web-server for hddsDatanode at: http://0.0.0.0:9882
datanode_1  | 2023-01-30 12:01:55,380 [pool-24-thread-1] INFO server.RaftServerConfigKeys: raft.server.snapshot.retention.file.num = 5 (custom)
om_1        | 2023-01-30 12:01:12,478 [main] WARN server.ServerUtils: ozone.om.db.dirs is not configured. We recommend adding this setting. Falling back to ozone.metadata.dirs instead.
om_1        | 2023-01-30 12:01:13,561 [main] INFO codec.OmKeyInfoCodec: OmKeyInfoCodec ignorePipeline = true
recon_1     | 2023-01-30 12:01:24,224 [Listener at 0.0.0.0/9891] INFO scm.ReconStorageContainerManagerFacade: Obtained 4 pipelines from SCM.
scm_1       |   Algorithm: [SHA256withRSA]
datanode_3  | 2023-01-30 12:01:05,364 [main] INFO http.BaseHttpServer: Hadoop Security Enabled: true Ozone Security Enabled: true Ozone HTTP Security Enabled: true 
datanode_3  | 2023-01-30 12:01:05,366 [main] INFO http.BaseHttpServer: HttpAuthType: hdds.datanode.http.auth.type = kerberos
om_1        | 2023-01-30 12:01:13,564 [main] INFO codec.RepeatedOmKeyInfoCodec: RepeatedOmKeyInfoCodec ignorePipeline = true
om_1        | 2023-01-30 12:01:14,674 [main] INFO om.OzoneManager: S3 Multi-Tenancy is enabled
recon_1     | 2023-01-30 12:01:24,225 [Listener at 0.0.0.0/9891] INFO scm.ReconPipelineManager: Recon has 0 pipelines in house.
datanode_3  | 2023-01-30 12:01:05,572 [main] INFO util.log: Logging initialized @89266ms to org.eclipse.jetty.util.log.Slf4jLog
om_1        | 2023-01-30 12:01:14,693 [main] INFO om.OMMultiTenantManagerImpl: Loaded 0 tenants and 0 tenant users from the database
om_1        | 2023-01-30 12:01:14,842 [main] INFO security.OzoneSecretStore: Loaded 0 tokens
datanode_2  | 2023-01-30 12:01:48,403 [pool-24-thread-1] INFO server.RaftServerConfigKeys: raft.server.log.statemachine.data.sync = true (default)
datanode_2  | 2023-01-30 12:01:48,404 [pool-24-thread-1] INFO server.RaftServerConfigKeys: raft.server.log.statemachine.data.sync.timeout = 10s (default)
datanode_3  | 2023-01-30 12:01:06,586 [main] INFO http.HttpRequestLog: Http request log for http.requests.hddsDatanode is not defined
om_1        | 2023-01-30 12:01:14,849 [main] INFO security.OzoneDelegationTokenSecretManager: Loading token state into token manager.
recon_1     | 2023-01-30 12:01:24,243 [Listener at 0.0.0.0/9891] INFO scm.ReconPipelineManager: Adding new pipeline PipelineID=b94b867f-ed1a-49ec-8fd7-d14d9bfcc8c3 from SCM.
datanode_1  | 2023-01-30 12:01:55,380 [pool-24-thread-1] INFO server.RaftServerConfigKeys: raft.server.log.purge.upto.snapshot.index = false (default)
datanode_1  | 2023-01-30 12:01:55,380 [6295590c-c30d-436f-ae9f-b085e438c72d@group-D14D9BFCC8C3-FollowerState] INFO server.RaftServerConfigKeys: raft.server.rpc.first-election.timeout.min = 5s (fallback to raft.server.rpc.timeout.min)
datanode_1  | 2023-01-30 12:01:55,380 [6295590c-c30d-436f-ae9f-b085e438c72d@group-D14D9BFCC8C3-FollowerState] INFO server.RaftServerConfigKeys: raft.server.rpc.first-election.timeout.max = 5200ms (fallback to raft.server.rpc.timeout.max)
datanode_1  | 2023-01-30 12:01:55,381 [Command processor thread] INFO ratis.XceiverServerRatis: Created group PipelineID=b94b867f-ed1a-49ec-8fd7-d14d9bfcc8c3
datanode_1  | 2023-01-30 12:01:55,381 [Command processor thread] INFO commandhandler.CreatePipelineCommandHandler: Created Pipeline RATIS ONE PipelineID=b94b867f-ed1a-49ec-8fd7-d14d9bfcc8c3.
datanode_1  | 2023-01-30 12:01:59,683 [grpc-default-executor-1] INFO server.RaftServer$Division: 6295590c-c30d-436f-ae9f-b085e438c72d@group-CE3F4E13DA16: receive requestVote(ELECTION, 01074a56-f4fb-4406-b467-549b4df46db9, group-CE3F4E13DA16, 2, (t:0, i:0))
recon_1     | 2023-01-30 12:01:24,433 [Listener at 0.0.0.0/9891] INFO pipeline.PipelineStateManagerImpl: Created pipeline Pipeline[ Id: b94b867f-ed1a-49ec-8fd7-d14d9bfcc8c3, Nodes: 6295590c-c30d-436f-ae9f-b085e438c72d(ozonesecure_datanode_1.ozonesecure_default/172.18.0.7), ReplicationConfig: RATIS/ONE, State:ALLOCATED, leaderId:, CreationTimestamp2023-01-30T12:01:15.752Z[UTC]].
datanode_1  | 2023-01-30 12:01:59,683 [grpc-default-executor-1] INFO impl.VoteContext: 6295590c-c30d-436f-ae9f-b085e438c72d@group-CE3F4E13DA16-FOLLOWER: reject ELECTION from 01074a56-f4fb-4406-b467-549b4df46db9: our priority 1 > candidate's priority 0
datanode_2  | 2023-01-30 12:01:48,406 [pool-24-thread-1] INFO server.RaftServerConfigKeys: raft.server.log.statemachine.data.sync.timeout.retry = -1 (default)
om_1        | 2023-01-30 12:01:14,841 [OMRangerBGSyncService#0] WARN service.OMRangerBGSyncService: OzoneManagerRatisServer is not initialized yet
om_1        | 2023-01-30 12:01:15,203 [main] INFO om.OzoneManager: Created Volume s3v With Owner om required for S3Gateway operations.
om_1        | 2023-01-30 12:01:15,295 [main] WARN server.ServerUtils: Storage directory for Ratis is not configured. It is a good idea to map this to an SSD disk. Falling back to ozone.metadata.dirs
om_1        | 2023-01-30 12:01:15,298 [main] WARN utils.OzoneManagerRatisUtils: ozone.om.ratis.snapshot.dir is not configured. Falling back to ozone.metadata.dirs config
om_1        | 2023-01-30 12:01:15,354 [main] INFO metrics.MetricRegistries: Loa