2026-08-24 12:20:04,179 | INFO  | DNAudit | user=null | ip=null | op=READ_CONTAINER {"containerID":"4"} | ret=SUCCESS |  
2026-08-24 12:20:40,484 | INFO  | DNAudit | user=null | ip=null | op=READ_CONTAINER {"containerID":"4"} | ret=SUCCESS |  
2026-08-24 12:22:22,470 | INFO  | DNAudit | user=null | ip=null | op=READ_CONTAINER {"containerID":"4"} | ret=SUCCESS |  
2026-08-24 12:22:29,638 | INFO  | DNAudit | user=null | ip=null | op=READ_CONTAINER {"containerID":"4"} | ret=SUCCESS |  
2026-08-24 12:22:36,777 | INFO  | DNAudit | user=null | ip=null | op=READ_CONTAINER {"containerID":"4"} | ret=SUCCESS |  
2026-08-24 12:23:02,522 | INFO  | DNAudit | user=null | ip=null | op=READ_CONTAINER {"containerID":"9"} | ret=SUCCESS |  
2026-08-24 12:23:02,962 | ERROR | DNAudit | user=null | ip=null | op=GET_BLOCK {"blockData":"conID: 9 locID: 117883640217600108 bcsId: 0 replicaIndex: 4"} | ret=FAILURE | java.lang.Exception: Request is trying to write to node with uuid : aefd62e3-6d75-4ba0-b1c1-2b3282f869e8 but the current nodeId is: 27566962-bdde-4d6e-a246-2628f2ab73ac .
	at org.apache.hadoop.ozone.container.common.impl.HddsDispatcher.dispatchRequest(HddsDispatcher.java:459)
	at org.apache.hadoop.ozone.container.common.impl.HddsDispatcher.lambda$dispatch$0(HddsDispatcher.java:198)
 
2026-08-24 12:23:03,010 | ERROR | DNAudit | user=null | ip=null | op=GET_BLOCK {"blockData":"conID: 9 locID: 117883640217600108 bcsId: 0 replicaIndex: 5"} | ret=FAILURE | java.lang.Exception: Request is trying to write to node with uuid : 58f73ba1-5c58-41e6-ab2d-4572be47a578 but the current nodeId is: 27566962-bdde-4d6e-a246-2628f2ab73ac .
	at org.apache.hadoop.ozone.container.common.impl.HddsDispatcher.dispatchRequest(HddsDispatcher.java:459)
	at org.apache.hadoop.ozone.container.common.impl.HddsDispatcher.lambda$dispatch$0(HddsDispatcher.java:198)
 
2026-08-24 12:23:23,828 | INFO  | DNAudit | user=null | ip=null | op=READ_CONTAINER {"containerID":"9"} | ret=SUCCESS |  
2026-08-24 12:23:24,201 | ERROR | DNAudit | user=null | ip=null | op=GET_BLOCK {"blockData":"conID: 9 locID: 117883640217600109 bcsId: 0 replicaIndex: 4"} | ret=FAILURE | java.lang.Exception: Request is trying to write to node with uuid : aefd62e3-6d75-4ba0-b1c1-2b3282f869e8 but the current nodeId is: 27566962-bdde-4d6e-a246-2628f2ab73ac .
	at org.apache.hadoop.ozone.container.common.impl.HddsDispatcher.dispatchRequest(HddsDispatcher.java:459)
	at org.apache.hadoop.ozone.container.common.impl.HddsDispatcher.lambda$dispatch$0(HddsDispatcher.java:198)
 
2026-08-24 12:23:24,243 | ERROR | DNAudit | user=null | ip=null | op=GET_BLOCK {"blockData":"conID: 9 locID: 117883640217600109 bcsId: 0 replicaIndex: 5"} | ret=FAILURE | java.lang.Exception: Request is trying to write to node with uuid : 58f73ba1-5c58-41e6-ab2d-4572be47a578 but the current nodeId is: 27566962-bdde-4d6e-a246-2628f2ab73ac .
	at org.apache.hadoop.ozone.container.common.impl.HddsDispatcher.dispatchRequest(HddsDispatcher.java:459)
	at org.apache.hadoop.ozone.container.common.impl.HddsDispatcher.lambda$dispatch$0(HddsDispatcher.java:198)
 
2026-08-24 12:23:47,698 | INFO  | DNAudit | user=null | ip=null | op=READ_CONTAINER {"containerID":"9"} | ret=SUCCESS |  
2026-08-24 12:23:47,998 | ERROR | DNAudit | user=null | ip=null | op=GET_BLOCK {"blockData":"conID: 9 locID: 117883640217600110 bcsId: 0 replicaIndex: 4"} | ret=FAILURE | java.lang.Exception: Request is trying to write to node with uuid : aefd62e3-6d75-4ba0-b1c1-2b3282f869e8 but the current nodeId is: 27566962-bdde-4d6e-a246-2628f2ab73ac .
	at org.apache.hadoop.ozone.container.common.impl.HddsDispatcher.dispatchRequest(HddsDispatcher.java:459)
	at org.apache.hadoop.ozone.container.common.impl.HddsDispatcher.lambda$dispatch$0(HddsDispatcher.java:198)
 
2026-08-24 12:23:48,036 | ERROR | DNAudit | user=null | ip=null | op=GET_BLOCK {"blockData":"conID: 9 locID: 117883640217600110 bcsId: 0 replicaIndex: 5"} | ret=FAILURE | java.lang.Exception: Request is trying to write to node with uuid : 58f73ba1-5c58-41e6-ab2d-4572be47a578 but the current nodeId is: 27566962-bdde-4d6e-a246-2628f2ab73ac .
	at org.apache.hadoop.ozone.container.common.impl.HddsDispatcher.dispatchRequest(HddsDispatcher.java:459)
	at org.apache.hadoop.ozone.container.common.impl.HddsDispatcher.lambda$dispatch$0(HddsDispatcher.java:198)
 
2026-08-24 12:23:48,090 | INFO  | DNAudit | user=null | ip=null | op=READ_CONTAINER {"containerID":"9"} | ret=SUCCESS |  
2026-08-24 12:23:48,191 | ERROR | DNAudit | user=null | ip=null | op=GET_BLOCK {"blockData":"conID: 9 locID: 117883640217600111 bcsId: 0 replicaIndex: 4"} | ret=FAILURE | java.lang.Exception: Request is trying to write to node with uuid : aefd62e3-6d75-4ba0-b1c1-2b3282f869e8 but the current nodeId is: 27566962-bdde-4d6e-a246-2628f2ab73ac .
	at org.apache.hadoop.ozone.container.common.impl.HddsDispatcher.dispatchRequest(HddsDispatcher.java:459)
	at org.apache.hadoop.ozone.container.common.impl.HddsDispatcher.lambda$dispatch$0(HddsDispatcher.java:198)
 
2026-08-24 12:23:48,238 | ERROR | DNAudit | user=null | ip=null | op=GET_BLOCK {"blockData":"conID: 9 locID: 117883640217600111 bcsId: 0 replicaIndex: 5"} | ret=FAILURE | java.lang.Exception: Request is trying to write to node with uuid : 58f73ba1-5c58-41e6-ab2d-4572be47a578 but the current nodeId is: 27566962-bdde-4d6e-a246-2628f2ab73ac .
	at org.apache.hadoop.ozone.container.common.impl.HddsDispatcher.dispatchRequest(HddsDispatcher.java:459)
	at org.apache.hadoop.ozone.container.common.impl.HddsDispatcher.lambda$dispatch$0(HddsDispatcher.java:198)
 
2026-08-24 12:24:07,254 | INFO  | DNAudit | user=null | ip=null | op=READ_CONTAINER {"containerID":"9"} | ret=SUCCESS |  
2026-08-24 12:24:07,578 | ERROR | DNAudit | user=null | ip=null | op=GET_BLOCK {"blockData":"conID: 9 locID: 117883640217600112 bcsId: 0 replicaIndex: 4"} | ret=FAILURE | java.lang.Exception: Request is trying to write to node with uuid : aefd62e3-6d75-4ba0-b1c1-2b3282f869e8 but the current nodeId is: 27566962-bdde-4d6e-a246-2628f2ab73ac .
	at org.apache.hadoop.ozone.container.common.impl.HddsDispatcher.dispatchRequest(HddsDispatcher.java:459)
	at org.apache.hadoop.ozone.container.common.impl.HddsDispatcher.lambda$dispatch$0(HddsDispatcher.java:198)
 
2026-08-24 12:24:07,614 | ERROR | DNAudit | user=null | ip=null | op=GET_BLOCK {"blockData":"conID: 9 locID: 117883640217600112 bcsId: 0 replicaIndex: 5"} | ret=FAILURE | java.lang.Exception: Request is trying to write to node with uuid : 58f73ba1-5c58-41e6-ab2d-4572be47a578 but the current nodeId is: 27566962-bdde-4d6e-a246-2628f2ab73ac .
	at org.apache.hadoop.ozone.container.common.impl.HddsDispatcher.dispatchRequest(HddsDispatcher.java:459)
	at org.apache.hadoop.ozone.container.common.impl.HddsDispatcher.lambda$dispatch$0(HddsDispatcher.java:198)
 
2026-08-24 12:24:27,256 | INFO  | DNAudit | user=null | ip=null | op=CLOSE_CONTAINER {"containerID":"1"} | ret=SUCCESS |  
