2026-08-24 12:20:02,235 | INFO  | DNAudit | user=null | ip=null | op=READ_CONTAINER {"containerID":"3"} | ret=SUCCESS |  
2026-08-24 12:20:40,108 | INFO  | DNAudit | user=null | ip=null | op=READ_CONTAINER {"containerID":"3"} | ret=SUCCESS |  
2026-08-24 12:22:09,693 | INFO  | DNAudit | user=null | ip=null | op=CLOSE_CONTAINER {"containerID":"3"} | ret=SUCCESS |  
2026-08-24 12:22:22,242 | INFO  | DNAudit | user=null | ip=null | op=READ_CONTAINER {"containerID":"3"} | ret=SUCCESS |  
2026-08-24 12:22:29,474 | INFO  | DNAudit | user=null | ip=null | op=READ_CONTAINER {"containerID":"3"} | ret=SUCCESS |  
2026-08-24 12:22:36,610 | INFO  | DNAudit | user=null | ip=null | op=READ_CONTAINER {"containerID":"3"} | ret=SUCCESS |  
2026-08-24 12:23:02,527 | INFO  | DNAudit | user=null | ip=null | op=READ_CONTAINER {"containerID":"9"} | ret=SUCCESS |  
2026-08-24 12:23:02,868 | ERROR | DNAudit | user=null | ip=null | op=GET_BLOCK {"blockData":"conID: 9 locID: 117883640217600108 bcsId: 0 replicaIndex: 2"} | ret=FAILURE | java.lang.Exception: Request is trying to write to node with uuid : 44cfe9f0-5c2d-44fe-8b00-6f549233dbf6 but the current nodeId is: 0a76e616-7d00-4063-a26a-ee7d073c9284 .
	at org.apache.hadoop.ozone.container.common.impl.HddsDispatcher.dispatchRequest(HddsDispatcher.java:459)
	at org.apache.hadoop.ozone.container.common.impl.HddsDispatcher.lambda$dispatch$0(HddsDispatcher.java:198)
 
2026-08-24 12:23:02,890 | ERROR | DNAudit | user=null | ip=null | op=GET_BLOCK {"blockData":"conID: 9 locID: 117883640217600108 bcsId: 0 replicaIndex: 3"} | ret=FAILURE | java.lang.Exception: Request is trying to write to node with uuid : 27566962-bdde-4d6e-a246-2628f2ab73ac but the current nodeId is: 0a76e616-7d00-4063-a26a-ee7d073c9284 .
	at org.apache.hadoop.ozone.container.common.impl.HddsDispatcher.dispatchRequest(HddsDispatcher.java:459)
	at org.apache.hadoop.ozone.container.common.impl.HddsDispatcher.lambda$dispatch$0(HddsDispatcher.java:198)
 
2026-08-24 12:23:02,938 | ERROR | DNAudit | user=null | ip=null | op=GET_BLOCK {"blockData":"conID: 9 locID: 117883640217600108 bcsId: 0 replicaIndex: 4"} | ret=FAILURE | java.lang.Exception: Request is trying to write to node with uuid : aefd62e3-6d75-4ba0-b1c1-2b3282f869e8 but the current nodeId is: 0a76e616-7d00-4063-a26a-ee7d073c9284 .
	at org.apache.hadoop.ozone.container.common.impl.HddsDispatcher.dispatchRequest(HddsDispatcher.java:459)
	at org.apache.hadoop.ozone.container.common.impl.HddsDispatcher.lambda$dispatch$0(HddsDispatcher.java:198)
 
2026-08-24 12:23:02,986 | ERROR | DNAudit | user=null | ip=null | op=GET_BLOCK {"blockData":"conID: 9 locID: 117883640217600108 bcsId: 0 replicaIndex: 5"} | ret=FAILURE | java.lang.Exception: Request is trying to write to node with uuid : 58f73ba1-5c58-41e6-ab2d-4572be47a578 but the current nodeId is: 0a76e616-7d00-4063-a26a-ee7d073c9284 .
	at org.apache.hadoop.ozone.container.common.impl.HddsDispatcher.dispatchRequest(HddsDispatcher.java:459)
	at org.apache.hadoop.ozone.container.common.impl.HddsDispatcher.lambda$dispatch$0(HddsDispatcher.java:198)
 
2026-08-24 12:23:23,829 | INFO  | DNAudit | user=null | ip=null | op=READ_CONTAINER {"containerID":"9"} | ret=SUCCESS |  
2026-08-24 12:23:24,122 | ERROR | DNAudit | user=null | ip=null | op=GET_BLOCK {"blockData":"conID: 9 locID: 117883640217600109 bcsId: 0 replicaIndex: 2"} | ret=FAILURE | java.lang.Exception: Request is trying to write to node with uuid : 44cfe9f0-5c2d-44fe-8b00-6f549233dbf6 but the current nodeId is: 0a76e616-7d00-4063-a26a-ee7d073c9284 .
	at org.apache.hadoop.ozone.container.common.impl.HddsDispatcher.dispatchRequest(HddsDispatcher.java:459)
	at org.apache.hadoop.ozone.container.common.impl.HddsDispatcher.lambda$dispatch$0(HddsDispatcher.java:198)
 
2026-08-24 12:23:24,146 | ERROR | DNAudit | user=null | ip=null | op=GET_BLOCK {"blockData":"conID: 9 locID: 117883640217600109 bcsId: 0 replicaIndex: 3"} | ret=FAILURE | java.lang.Exception: Request is trying to write to node with uuid : 27566962-bdde-4d6e-a246-2628f2ab73ac but the current nodeId is: 0a76e616-7d00-4063-a26a-ee7d073c9284 .
	at org.apache.hadoop.ozone.container.common.impl.HddsDispatcher.dispatchRequest(HddsDispatcher.java:459)
	at org.apache.hadoop.ozone.container.common.impl.HddsDispatcher.lambda$dispatch$0(HddsDispatcher.java:198)
 
2026-08-24 12:23:24,181 | ERROR | DNAudit | user=null | ip=null | op=GET_BLOCK {"blockData":"conID: 9 locID: 117883640217600109 bcsId: 0 replicaIndex: 4"} | ret=FAILURE | java.lang.Exception: Request is trying to write to node with uuid : aefd62e3-6d75-4ba0-b1c1-2b3282f869e8 but the current nodeId is: 0a76e616-7d00-4063-a26a-ee7d073c9284 .
	at org.apache.hadoop.ozone.container.common.impl.HddsDispatcher.dispatchRequest(HddsDispatcher.java:459)
	at org.apache.hadoop.ozone.container.common.impl.HddsDispatcher.lambda$dispatch$0(HddsDispatcher.java:198)
 
2026-08-24 12:23:24,224 | ERROR | DNAudit | user=null | ip=null | op=GET_BLOCK {"blockData":"conID: 9 locID: 117883640217600109 bcsId: 0 replicaIndex: 5"} | ret=FAILURE | java.lang.Exception: Request is trying to write to node with uuid : 58f73ba1-5c58-41e6-ab2d-4572be47a578 but the current nodeId is: 0a76e616-7d00-4063-a26a-ee7d073c9284 .
	at org.apache.hadoop.ozone.container.common.impl.HddsDispatcher.dispatchRequest(HddsDispatcher.java:459)
	at org.apache.hadoop.ozone.container.common.impl.HddsDispatcher.lambda$dispatch$0(HddsDispatcher.java:198)
 
2026-08-24 12:23:47,706 | INFO  | DNAudit | user=null | ip=null | op=READ_CONTAINER {"containerID":"9"} | ret=SUCCESS |  
2026-08-24 12:23:47,936 | ERROR | DNAudit | user=null | ip=null | op=GET_BLOCK {"blockData":"conID: 9 locID: 117883640217600110 bcsId: 0 replicaIndex: 2"} | ret=FAILURE | java.lang.Exception: Request is trying to write to node with uuid : 44cfe9f0-5c2d-44fe-8b00-6f549233dbf6 but the current nodeId is: 0a76e616-7d00-4063-a26a-ee7d073c9284 .
	at org.apache.hadoop.ozone.container.common.impl.HddsDispatcher.dispatchRequest(HddsDispatcher.java:459)
	at org.apache.hadoop.ozone.container.common.impl.HddsDispatcher.lambda$dispatch$0(HddsDispatcher.java:198)
 
2026-08-24 12:23:47,956 | ERROR | DNAudit | user=null | ip=null | op=GET_BLOCK {"blockData":"conID: 9 locID: 117883640217600110 bcsId: 0 replicaIndex: 3"} | ret=FAILURE | java.lang.Exception: Request is trying to write to node with uuid : 27566962-bdde-4d6e-a246-2628f2ab73ac but the current nodeId is: 0a76e616-7d00-4063-a26a-ee7d073c9284 .
	at org.apache.hadoop.ozone.container.common.impl.HddsDispatcher.dispatchRequest(HddsDispatcher.java:459)
	at org.apache.hadoop.ozone.container.common.impl.HddsDispatcher.lambda$dispatch$0(HddsDispatcher.java:198)
 
2026-08-24 12:23:47,981 | ERROR | DNAudit | user=null | ip=null | op=GET_BLOCK {"blockData":"conID: 9 locID: 117883640217600110 bcsId: 0 replicaIndex: 4"} | ret=FAILURE | java.lang.Exception: Request is trying to write to node with uuid : aefd62e3-6d75-4ba0-b1c1-2b3282f869e8 but the current nodeId is: 0a76e616-7d00-4063-a26a-ee7d073c9284 .
	at org.apache.hadoop.ozone.container.common.impl.HddsDispatcher.dispatchRequest(HddsDispatcher.java:459)
	at org.apache.hadoop.ozone.container.common.impl.HddsDispatcher.lambda$dispatch$0(HddsDispatcher.java:198)
 
2026-08-24 12:23:48,020 | ERROR | DNAudit | user=null | ip=null | op=GET_BLOCK {"blockData":"conID: 9 locID: 117883640217600110 bcsId: 0 replicaIndex: 5"} | ret=FAILURE | java.lang.Exception: Request is trying to write to node with uuid : 58f73ba1-5c58-41e6-ab2d-4572be47a578 but the current nodeId is: 0a76e616-7d00-4063-a26a-ee7d073c9284 .
	at org.apache.hadoop.ozone.container.common.impl.HddsDispatcher.dispatchRequest(HddsDispatcher.java:459)
	at org.apache.hadoop.ozone.container.common.impl.HddsDispatcher.lambda$dispatch$0(HddsDispatcher.java:198)
 
2026-08-24 12:23:48,085 | INFO  | DNAudit | user=null | ip=null | op=READ_CONTAINER {"containerID":"9"} | ret=SUCCESS |  
2026-08-24 12:23:48,128 | ERROR | DNAudit | user=null | ip=null | op=GET_BLOCK {"blockData":"conID: 9 locID: 117883640217600111 bcsId: 0 replicaIndex: 2"} | ret=FAILURE | java.lang.Exception: Request is trying to write to node with uuid : 44cfe9f0-5c2d-44fe-8b00-6f549233dbf6 but the current nodeId is: 0a76e616-7d00-4063-a26a-ee7d073c9284 .
	at org.apache.hadoop.ozone.container.common.impl.HddsDispatcher.dispatchRequest(HddsDispatcher.java:459)
	at org.apache.hadoop.ozone.container.common.impl.HddsDispatcher.lambda$dispatch$0(HddsDispatcher.java:198)
 
2026-08-24 12:23:48,147 | ERROR | DNAudit | user=null | ip=null | op=GET_BLOCK {"blockData":"conID: 9 locID: 117883640217600111 bcsId: 0 replicaIndex: 3"} | ret=FAILURE | java.lang.Exception: Request is trying to write to node with uuid : 27566962-bdde-4d6e-a246-2628f2ab73ac but the current nodeId is: 0a76e616-7d00-4063-a26a-ee7d073c9284 .
	at org.apache.hadoop.ozone.container.common.impl.HddsDispatcher.dispatchRequest(HddsDispatcher.java:459)
	at org.apache.hadoop.ozone.container.common.impl.HddsDispatcher.lambda$dispatch$0(HddsDispatcher.java:198)
 
2026-08-24 12:23:48,176 | ERROR | DNAudit | user=null | ip=null | op=GET_BLOCK {"blockData":"conID: 9 locID: 117883640217600111 bcsId: 0 replicaIndex: 4"} | ret=FAILURE | java.lang.Exception: Request is trying to write to node with uuid : aefd62e3-6d75-4ba0-b1c1-2b3282f869e8 but the current nodeId is: 0a76e616-7d00-4063-a26a-ee7d073c9284 .
	at org.apache.hadoop.ozone.container.common.impl.HddsDispatcher.dispatchRequest(HddsDispatcher.java:459)
	at org.apache.hadoop.ozone.container.common.impl.HddsDispatcher.lambda$dispatch$0(HddsDispatcher.java:198)
 
2026-08-24 12:23:48,220 | ERROR | DNAudit | user=null | ip=null | op=GET_BLOCK {"blockData":"conID: 9 locID: 117883640217600111 bcsId: 0 replicaIndex: 5"} | ret=FAILURE | java.lang.Exception: Request is trying to write to node with uuid : 58f73ba1-5c58-41e6-ab2d-4572be47a578 but the current nodeId is: 0a76e616-7d00-4063-a26a-ee7d073c9284 .
	at org.apache.hadoop.ozone.container.common.impl.HddsDispatcher.dispatchRequest(HddsDispatcher.java:459)
	at org.apache.hadoop.ozone.container.common.impl.HddsDispatcher.lambda$dispatch$0(HddsDispatcher.java:198)
 
2026-08-24 12:24:07,254 | INFO  | DNAudit | user=null | ip=null | op=READ_CONTAINER {"containerID":"9"} | ret=SUCCESS |  
2026-08-24 12:24:07,513 | ERROR | DNAudit | user=null | ip=null | op=GET_BLOCK {"blockData":"conID: 9 locID: 117883640217600112 bcsId: 0 replicaIndex: 2"} | ret=FAILURE | java.lang.Exception: Request is trying to write to node with uuid : 44cfe9f0-5c2d-44fe-8b00-6f549233dbf6 but the current nodeId is: 0a76e616-7d00-4063-a26a-ee7d073c9284 .
	at org.apache.hadoop.ozone.container.common.impl.HddsDispatcher.dispatchRequest(HddsDispatcher.java:459)
	at org.apache.hadoop.ozone.container.common.impl.HddsDispatcher.lambda$dispatch$0(HddsDispatcher.java:198)
 
2026-08-24 12:24:07,532 | ERROR | DNAudit | user=null | ip=null | op=GET_BLOCK {"blockData":"conID: 9 locID: 117883640217600112 bcsId: 0 replicaIndex: 3"} | ret=FAILURE | java.lang.Exception: Request is trying to write to node with uuid : 27566962-bdde-4d6e-a246-2628f2ab73ac but the current nodeId is: 0a76e616-7d00-4063-a26a-ee7d073c9284 .
	at org.apache.hadoop.ozone.container.common.impl.HddsDispatcher.dispatchRequest(HddsDispatcher.java:459)
	at org.apache.hadoop.ozone.container.common.impl.HddsDispatcher.lambda$dispatch$0(HddsDispatcher.java:198)
 
2026-08-24 12:24:07,564 | ERROR | DNAudit | user=null | ip=null | op=GET_BLOCK {"blockData":"conID: 9 locID: 117883640217600112 bcsId: 0 replicaIndex: 4"} | ret=FAILURE | java.lang.Exception: Request is trying to write to node with uuid : aefd62e3-6d75-4ba0-b1c1-2b3282f869e8 but the current nodeId is: 0a76e616-7d00-4063-a26a-ee7d073c9284 .
	at org.apache.hadoop.ozone.container.common.impl.HddsDispatcher.dispatchRequest(HddsDispatcher.java:459)
	at org.apache.hadoop.ozone.container.common.impl.HddsDispatcher.lambda$dispatch$0(HddsDispatcher.java:198)
 
2026-08-24 12:24:07,599 | ERROR | DNAudit | user=null | ip=null | op=GET_BLOCK {"blockData":"conID: 9 locID: 117883640217600112 bcsId: 0 replicaIndex: 5"} | ret=FAILURE | java.lang.Exception: Request is trying to write to node with uuid : 58f73ba1-5c58-41e6-ab2d-4572be47a578 but the current nodeId is: 0a76e616-7d00-4063-a26a-ee7d073c9284 .
	at org.apache.hadoop.ozone.container.common.impl.HddsDispatcher.dispatchRequest(HddsDispatcher.java:459)
	at org.apache.hadoop.ozone.container.common.impl.HddsDispatcher.lambda$dispatch$0(HddsDispatcher.java:198)
 
2026-08-24 12:25:10,943 | ERROR | DNAudit | user=null | ip=null | op=GET_BLOCK {"blockData":"conID: 3 locID: 117883640217600101 bcsId: 2 replicaIndex: null"} | ret=FAILURE | java.lang.Exception: Unable to find the block with bcsID 2. Container 3 bcsId is 0.
	at org.apache.hadoop.ozone.container.common.impl.HddsDispatcher.dispatchRequest(HddsDispatcher.java:459)
	at org.apache.hadoop.ozone.container.common.impl.HddsDispatcher.lambda$dispatch$0(HddsDispatcher.java:198)
 
