scm_1               | 2023-07-13 21:17:41,624 [main] INFO ha.SCMHANodeDetails: ozone.scm.default.service.id is not defined, falling back to ozone.scm.service.ids to find serviceID for StorageContainerManager if it is HA enabled cluster
scm_1               | 2023-07-13 21:17:42,844 [main] INFO server.RaftServer: raft.rpc.type = GRPC (default)
recon_1             | 2023-07-13 21:18:19,223 [main] INFO pipeline.PipelineStateManagerImpl: No pipeline exists in current db
recon_1             | 2023-07-13 21:18:19,802 [main] INFO recon.ReconServer: Initializing support of Recon Features...
recon_1             | 2023-07-13 21:18:19,822 [main] INFO recon.ReconServer: Recon server initialized successfully!
recon_1             | 2023-07-13 21:18:19,822 [main] INFO recon.ReconServer: Starting Recon server
datanode_2          | 2023-07-13 21:18:44,186 [2425729f-e655-496f-bd8d-4ebe87d658f2-groupManagement] INFO server.RaftServerConfigKeys: raft.server.read.timeout = 10s (default)
om_1                | 	at org.apache.hadoop.ipc.RPC$Server.call(RPC.java:1227)
recon_1             | 2023-07-13 21:18:20,259 [main] INFO impl.MetricsConfig: Loaded properties from hadoop-metrics2.properties
datanode_1          | 2023-07-13 21:18:49,324 [ee3a319d-844c-4f03-bf3b-9b2017254b7d@group-59EBAFE36A17-LeaderElection2] INFO server.RaftServerConfigKeys: raft.server.write.element-limit = 1024 (custom)
datanode_1          | 2023-07-13 21:18:49,325 [ee3a319d-844c-4f03-bf3b-9b2017254b7d@group-59EBAFE36A17-LeaderElection2] INFO server.RaftServerConfigKeys: raft.server.write.byte-limit = 1024 M (=1073741824) (custom)
datanode_2          | 2023-07-13 21:18:44,186 [2425729f-e655-496f-bd8d-4ebe87d658f2-groupManagement] INFO server.RaftServerConfigKeys: raft.server.retrycache.expirytime = 600000ms (custom)
om_1                | 	at org.apache.hadoop.ipc.Server$RpcCall.run(Server.java:1094)
recon_1             | 2023-07-13 21:18:20,328 [main] INFO impl.MetricsSystemImpl: Scheduled Metric snapshot period at 10 second(s).
datanode_2          | 2023-07-13 21:18:44,186 [2425729f-e655-496f-bd8d-4ebe87d658f2-groupManagement] INFO server.RaftServerConfigKeys: raft.server.retrycache.statistics.expirytime = 100?s (default)
om_1                | 	at org.apache.hadoop.ipc.Server$RpcCall.run(Server.java:1017)
recon_1             | 2023-07-13 21:18:20,328 [main] INFO impl.MetricsSystemImpl: Recon metrics system started
scm_1               | 2023-07-13 21:17:43,990 [main] INFO grpc.GrpcConfigKeys: raft.grpc.admin.host = null (fallback to raft.grpc.server.host)
scm_1               | 2023-07-13 21:17:44,004 [main] INFO grpc.GrpcConfigKeys: raft.grpc.admin.port = 9894 (fallback to raft.grpc.server.port)
datanode_2          | 2023-07-13 21:18:44,186 [2425729f-e655-496f-bd8d-4ebe87d658f2-groupManagement] INFO server.RaftServerConfigKeys: raft.server.read.option = DEFAULT (default)
datanode_2          | 2023-07-13 21:18:44,188 [2425729f-e655-496f-bd8d-4ebe87d658f2-groupManagement] INFO server.RaftServerConfigKeys: raft.server.rpc.request.timeout = 60s (custom)
recon_1             | 2023-07-13 21:18:20,936 [main] INFO http.HttpServer2: Jetty bound to port 9888
recon_1             | 2023-07-13 21:18:20,938 [main] INFO server.Server: jetty-9.4.51.v20230217; built: 2023-02-17T08:19:37.309Z; git: b45c405e4544384de066f814ed42ae3dceacdd49; jvm 11.0.19+7-LTS
recon_1             | 2023-07-13 21:18:21,072 [main] INFO server.session: DefaultSessionIdManager workerName=node0
datanode_2          | 2023-07-13 21:18:44,191 [2425729f-e655-496f-bd8d-4ebe87d658f2-groupManagement] INFO server.RaftServerConfigKeys: raft.server.log.appender.install.snapshot.enabled = false (custom)
om_1                | 	at java.base/java.security.AccessController.doPrivileged(Native Method)
recon_1             | 2023-07-13 21:18:21,074 [main] INFO server.session: No SessionScavenger set, using defaults
datanode_1          | 2023-07-13 21:18:49,334 [ee3a319d-844c-4f03-bf3b-9b2017254b7d@group-59EBAFE36A17-LeaderElection2] INFO server.RaftServerConfigKeys: raft.server.watch.timeout = 180s (custom)
datanode_1          | 2023-07-13 21:18:49,335 [ee3a319d-844c-4f03-bf3b-9b2017254b7d@group-59EBAFE36A17-LeaderElection2] INFO server.RaftServerConfigKeys: raft.server.watch.timeout.denomination = 1s (default)
datanode_2          | 2023-07-13 21:18:44,193 [2425729f-e655-496f-bd8d-4ebe87d658f2-groupManagement] INFO server.RaftServerConfigKeys: raft.server.threadpool.server.cached = true (default)
datanode_2          | 2023-07-13 21:18:44,194 [2425729f-e655-496f-bd8d-4ebe87d658f2-groupManagement] INFO server.RaftServerConfigKeys: raft.server.threadpool.server.size = 0 (default)
om_1                | 	at java.base/javax.security.auth.Subject.doAs(Subject.java:423)
scm_1               | 2023-07-13 21:17:44,019 [main] INFO grpc.GrpcConfigKeys: raft.grpc.client.host = null (fallback to raft.grpc.server.host)
datanode_1          | 2023-07-13 21:18:49,335 [ee3a319d-844c-4f03-bf3b-9b2017254b7d@group-59EBAFE36A17-LeaderElection2] INFO server.RaftServerConfigKeys: raft.server.watch.element-limit = 65536 (default)
recon_1             | 2023-07-13 21:18:21,077 [main] INFO server.session: node0 Scavenging every 600000ms
recon_1             | 2023-07-13 21:18:21,111 [main] INFO handler.ContextHandler: Started o.e.j.s.ServletContextHandler@396ec737{logs,/logs,file:///var/log/hadoop/,AVAILABLE}
om_1                | 	at org.apache.hadoop.security.UserGroupInformation.doAs(UserGroupInformation.java:1899)
scm_1               | 2023-07-13 21:17:44,0