kdc_1       | Dec 19 11:19:54 kdc krb5kdc[7](info): TGS_REQ (6 etypes {aes256-cts-hmac-sha1-96(18), aes128-cts-hmac-sha1-96(17), aes256-cts-hmac-sha384-192(20), aes128-cts-hmac-sha256-128(19), DEPRECATED:des3-cbc-sha1(16), DEPRECATED:arcfour-hmac(23)}) 172.18.0.9: ISSUE: authtime 1671448669, etypes {rep=aes256-cts-hmac-sha1-96(18), tkt=aes256-cts-hmac-sha1-96(18), ses=aes256-cts-hmac-sha1-96(18)}, testuser/scm@EXAMPLE.COM for om/om@EXAMPLE.COM
scm_1       | 2022-12-19 11:04:51,716 [d87031e9-16ed-4ab2-856a-15b406ab415f@group-FD17A63831C4-FollowerState] INFO impl.FollowerState: d87031e9-16ed-4ab2-856a-15b406ab415f@group-FD17A63831C4-FollowerState: change to CANDIDATE, lastRpcElapsedTime:5163581092ns, electionTimeout:5145ms
datanode_3  | 2022-12-19 11:05:38,495 [EndpointStateMachine task thread for scm/172.18.0.9:9861 - 0 ] INFO replication.ReplicationServer: ReplicationServer is started using port 9886
om_1        | 2022-12-19 11:05:46,813 [main] INFO grpc.GrpcConfigKeys: raft.grpc.server.heartbeat.channel = true (default)
om_1        | 2022-12-19 11:05:46,836 [main] INFO grpc.GrpcConfigKeys: raft.grpc.server.async.request.thread.pool.cached = true (default)
datanode_2  | 	at org.apache.hadoop.ozone.container.common.states.datanode.RunningDatanodeState.computeNextContainerState(RunningDatanodeState.java:199)
datanode_1  | 2022-12-19 11:05:55,206 [pool-23-thread-1] INFO server.RaftServerConfigKeys: raft.server.log.statemachine.data.read.timeout = 1000ms (default)
kdc_1       | Dec 19 11:20:00 kdc krb5kdc[7](info): TGS_REQ (6 etypes {aes256-cts-hmac-sha1-96(18), aes128-cts-hmac-sha1-96(17), aes256-cts-hmac-sha384-192(20), aes128-cts-hmac-sha256-128(19), DEPRECATED:des3-cbc-sha1(16), DEPRECATED:arcfour-hmac(23)}) 172.18.0.9: ISSUE: authtime 1671448669, etypes {rep=aes256-cts-hmac-sha1-96(18), tkt=aes256-cts-hmac-sha1-96(18), ses=aes256-cts-hmac-sha1-96(18)}, testuser/scm@EXAMPLE.COM for om/om@EXAMPLE.COM
kdc_1       | Dec 19 11:20:05 kdc krb5kdc[7](info): TGS_REQ (6 etypes {aes256-cts-hmac-sha1-96(18), aes128-cts-hmac-sha1-96(17), aes256-cts-hmac-sha384-192(20), aes128-cts-hmac-sha256-128(19), DEPRECATED:des3-cbc-sha1(16), DEPRECATED:arcfour-hmac(23)}) 172.18.0.9: ISSUE: authtime 1671448669, etypes {rep=aes256-cts-hmac-sha1-96(18), tkt=aes256-cts-hmac-sha1-96(18), ses=aes256-cts-hmac-sha1-96(18)}, testuser/scm@EXAMPLE.COM for om/om@EXAMPLE.COM
kdc_1       | Dec 19 11:20:14 kdc krb5kdc[7](info): TGS_REQ (6 etypes {aes256-cts-hmac-sha1-96(18), aes128-cts-hmac-sha1-96(17), aes256-cts-hmac-sha384-192(20), aes128-cts-hmac-sha256-128(19), DEPRECATED:des3-cbc-sha1(16), DEPRECATED:arcfour-hmac(23)}) 172.18.0.9: ISSUE: authtime 1671448669, etypes {rep=aes256-cts-hmac-sha1-96(18), tkt=aes256-cts-hmac-sha1-96(18), ses=aes256-cts-hmac-sha1-96(18)}, testuser/scm@EXAMPLE.COM for om/om@EXAMPLE.COM
om_1        | 2022-12-19 11:05:46,845 [main] INFO grpc.GrpcConfigKeys: raft.grpc.server.async.request.thread.pool.size = 32 (default)
recon_1     | 2022-12-19 11:05:55,421 [Listener at 0.0.0.0/9891] WARN recon.ReconUtils: ozone.recon.om.db.dir is not configured. We recommend adding this setting. Falling back to ozone.metadata.dirs instead.
datanode_2  | 	at org.apache.hadoop.ozone.container.common.states.datanode.RunningDatanodeState.await(RunningDatanodeState.java:239)
datanode_1  | 2022-12-19 11:05:55,207 [pool-23-thread-1] INFO server.RaftServerConfigKeys: raft.server.log.purge.preservation.log.num = 0 (default)
scm_1       | 2022-12-19 11:04:51,718 [d87031e9-16ed-4ab2-856a-15b406ab415f@group-FD17A63831C4-FollowerState] INFO impl.RoleInfo: d87031e9-16ed-4ab2-856a-15b406ab415f: shutdown d87031e9-16ed-4ab2-856a-15b406ab415f@group-FD17A63831C4-FollowerState
datanode_3  | 2022-12-19 11:05:38,505 [EndpointStateMachine task thread for scm/172.18.0.9:9861 - 0 ] INFO ratis.XceiverServerRatis: Starting XceiverServerRatis e49f6978-e43e-4e1c-a391-eca589a02639
kdc_1       | Dec 19 11:20:22 kdc krb5kdc[7](info): TGS_REQ (6 etypes {aes256-cts-hmac-sha1-96(18), aes128-cts-hmac-sha1-96(17), aes256-cts-hmac-sha384-192(20), aes128-cts-hmac-sha256-128(19), DEPRECATED:des3-cbc-sha1(16), DEPRECATED:arcfour-hmac(23)}) 172.18.0.9: ISSUE: authtime 1671448669, etypes {rep=aes256-cts-hmac-sha1-96(18), tkt=aes256-cts-hmac-sha1-96(18), ses=aes256-cts-hmac-sha1-96(18)}, testuser/scm@EXAMPLE.COM for om/om@EXAMPLE.COM
kdc_1       | Dec 19 11:20:28 kdc krb5kdc[7](info): TGS_REQ (6 etypes {aes256-cts-hmac-sha1-96(18), aes128-cts-hmac-sha1-96(17), aes256-cts-hmac-sha384-192(20), aes128-cts-hmac-sha256-128(19), DEPRECATED:des3-cbc-sha1(16), DEPRECATED:arcfour-hmac(23)}) 172.18.0.9: ISSUE: authtime 1671448669, etypes {rep=aes256-cts-hmac-sha1-96(18), tkt=aes256-cts-hmac-sha1-96(18), ses=aes256-cts-hmac-sha1-96(18)}, testuser/scm@EXAMPLE.COM for om/om@EXAMPLE.COM
recon_1     | 2022-12-19 11:05:55,421 [Listener at 0.0.0.0/9891] INFO tasks.ReconTaskControllerImpl: Starting Recon Task Controller.
datanode_2  | 	at org.apache.hadoop.ozone.container.common.states.datanode.RunningDatanodeState.await(RunningDatanodeState.java:50)
datanode_1  | 2022-12-19 11:05:55,226 [pool-23-thread-1] INFO server.RaftServerConfigKeys: raft.server.log.segment.size.max = 1048576 (custom)
datanode_1  | 2022-12-19 11:05:55,281 [pool-23-thread-1] INFO server.RaftServerConfigKeys: raft.server.log.segment.cache.num.max = 2 (custom)
scm_1       | 2022-12-19 11:04:51,718 [d87031e9-16ed-4ab2-856a-15b406ab415f@group-FD17A63831C4-FollowerState] INFO server.RaftServer$Division: d87031e9-16ed-4ab2-856a-15b406ab415f@group-FD17A63831C4: changes role from  FOLLOWER to CANDIDATE at term 0 for changeToCandidate
kdc_1       | Dec 19 11:20:34 kdc krb5kdc[7](info): TGS_REQ (6 etypes {aes256-cts-hmac-sha1-96(18), aes128-cts-hmac-sha1-96(17), aes256-cts-hmac-sha384-192(20), aes128-cts-hmac-sha256-128(19), DEPRECATED:des3-cbc-sha1(16), DEPRECATED:arcfour-hmac(23)}) 172.18.0.9: ISSUE: authtime 1671448669, etypes {rep=aes256-cts-hmac-sha1-96(18), tkt=aes256-cts-hmac-sha1-96(18), ses=aes256-cts-hmac-sha1-96(18)}, testuser/scm@EXAMPLE.COM for om/om@EXAMPLE.COM
om_1        | 2022-12-19 11:05:49,113 [main] INFO impl.DataStreamServerImpl: raft.datastream.type = NETTY (custom)
om_1        | 2022-12-19 11:05:49,339 [main] INFO server.RaftServerConfigKeys: raft.server.data-stream.async.request.thread.pool.cached = false (default)
datanode_1  | 2022-12-19 11:05:55,282 [pool-23-thread-1] INFO server.RaftServerConfigKeys: raft.server.log.segment.cache.size.max = 200MB (=209715200) (default)
datanode_3  | 2022-12-19 11:05:38,674 [EndpointStateMachine task thread for scm/172.18.0.9:9861 - 0 ] INFO server.RaftServer: e49f6978-e43e-4e1c-a391-eca589a02639: start RPC server
datanode_3  | 2022-12-19 11:05:38,689 [EndpointStateMachine task thread for scm/172.18.0.9:9861 - 0 ] INFO server.GrpcService: e49f6978-e43e-4e1c-a391-eca589a02639: GrpcService started, listening on 9858
om_1        | 2022-12-19 11:05:49,350 [main] INFO server.RaftServerConfigKeys: raft.server.data-stream.async.request.thread.pool.size = 32 (default)
om_1        | 2022-12-19 11:05:49,358 [main] INFO server.RaftServerConfigKeys: raft.server.data-stream.async.write.thread.pool.size = 16 (default)
datanode_2  | 	at org.apache.hadoop.ozone.container.common.statemachine.StateContext.execute(StateContext.java:661)
datanode_1  | 2022-12-19 11:05:55,334 [pool-23-thread-1] INFO segmented.SegmentedRaftLogWorker: new e155640f-bd94-4475-a4ba-0e45d3d19410@group-4C4061119933-SegmentedRaftLogWorker for RaftStorageImpl:Storage Directory /data/metadata/ratis/be5324c2-3fa1-433a-aca2-4c4061119933
datanode_1  | 2022-12-19 11:05:55,335 [pool-23-thread-1] INFO server.RaftServerConfigKeys: raft.server.log.queue.byte-limit = 4294967296 (custom)
recon_1     | 2022-12-19 11:05:55,462 [Listener at 0.0.0.0/9891] INFO scm.ReconStorageContainerManagerFacade: Recon ScmDatanodeProtocol RPC server is listening at /0.0.0.0:9891
recon_1     | 2022-12-19 11:05:56,891 [Listener at 0.0.0.0/9891] INFO scm.ReconStorageContainerManagerFacade: Obtained 4 pipelines from SCM.
datanode_3  | 2022-12-19 11:05:38,690 [EndpointStateMachine task thread for scm/172.18.0.9:9861 - 0 ] INFO server.GrpcService: e49f6978-e43e-4e1c-a391-eca589a02639: GrpcService started, listening on 9856
om_1        | 2022-12-19 11:05:49,359 [main] INFO server.RaftServerConfigKeys: raft.server.data-stream.client.pool.size = 10 (default)
scm_1       | 2022-12-19 11:04:51,721 [d87031e9-16ed-4ab2-856a-15b406ab415f@group-FD17A63831C4-FollowerState] INFO server.RaftServerConfigKeys: raft.server.leaderelection.pre-vote = false (custom)
scm_1       | 2022-12-19 11:04:51,721 [d87031e9-16ed-4ab2-856a-15b406ab415f@group-FD17A63831C4-FollowerState] INFO impl.RoleInfo: d87031e9-16ed-4ab2-856a-15b406ab415f: start d87031e9-16ed-4ab2-856a-15b406ab415f@group-FD17A63831C4-LeaderElection1
kdc_1       | Dec 19 11:20:43 kdc krb5kdc[7](info): TGS_REQ (6 etypes {aes256-cts-hmac-sha1-96(18), aes128-cts-hmac-sha1-96(17), aes256-cts-hmac-sha384-192(20), aes128-cts-hmac-sha256-128(19), DEPRECATED:des3-cbc-sha1(16), DEPRECATED:arcfour-hmac(23)}) 172.18.0.9: ISSUE: authtime 1671448669, etypes {rep=aes256-cts-hmac-sha1-96(18), tkt=aes256-cts-hmac-sha1-96(18), ses=aes256-cts-hmac-sha1-96(18)}, testuser/scm@EXAMPLE.COM for om/om@EXAMPLE.COM
datanode_3  | 2022-12-19 11:05:38,729 [EndpointStateMachine task thread for scm/172.18.0.9:9861 - 0 ] INFO server.GrpcService: e49f6978-e43e-4e1c-a391-eca589a02639: GrpcService started, listening on 9857
datanode_2  | 	at org.apache.hadoop.ozone.container.common.statemachine.DatanodeStateMachine.startStateMachineThread(DatanodeStateMachine.java:310)
datanode_2  | 	at org.apache.hadoop.ozone.container.common.statemachine.DatanodeStateMachine.lambda$startDaemon$0(DatanodeStateMachine.java:510)
datanode_2  | 	at java.base/java.lang.Thread.run(Thread.java:829)
datanode_2  | Caused by: java.util.concurrent.TimeoutException
datanode_2  | 	at java.base/java.util.concurrent.FutureTask.get(FutureTask.java:204)
datanode_3  | 2022-12-19 11:05:38,731 [EndpointStateMachine task thread for scm/172.18.0.9:9861 - 0 ] INFO ratis.XceiverServerRatis: XceiverServerRatis e49f6978-e43e-4e1c-a391-eca589a02639 is started using port 9858 for RATIS
datanode_3  | 2022-12-19 11:05:38,738 [EndpointStateMachine task thread for scm/172.18.0.9:9861 - 0 ] INFO ratis.XceiverServerRatis: XceiverServerRatis e49f6978-e43e-4e1c-a391-eca589a02639 is started using port 9857 for RATIS_ADMIN
datanode_2  | 	at org.apache.hadoop.ozone.container.common.states.datanode.RunningDatanodeState.lambda$execute$0(RunningDatanodeState.java:157)
datanode_2  | 	at java.base/java.util.concurrent.FutureTask.run(FutureTask.java:264)
datanode_2  | 	at java.base/java.util.concurrent.Executors$RunnableAdapter.call(Executors.java:515)
datanode_2  | 	at java.base/java.util.concurrent.FutureTask.run(FutureTask.java:264)
datanode_2  | 	at java.base/java.util.concurrent.ThreadPoolExecutor.runWorker(ThreadPoolExecutor.java:1128)
datanode_2  | 	at java.base/java.util.concurrent.ThreadPoolExecutor$Worker.run(ThreadPoolExecutor.java:628)
datanode_3  | 2022-12-19 11:05:38,739 [EndpointStateMachine task thread for scm/172.18.0.9:9861 - 0 ] INFO ratis.XceiverServerRatis: XceiverServerRatis e49f6978-e43e-4e1c-a391-eca589a02639 is started using port 9856 for RATIS_SERVER
datanode_3  | 2022-12-19 11:05:38,739 [EndpointStateMachine task thread for scm/172.18.0.9:9861 - 0 ] INFO ratis.XceiverServerRatis: XceiverServerRatis e49f6978-e43e-4e1c-a391-eca589a02639 is started using port 9855 for RATIS_DATASTREAM
datanode_2  | 	... 1 more
datanode_2  | 2022-12-19 11:05:42,652 [Datanode State Machine Daemon Thread] ERROR datanode.RunningDatanodeState: Error in executing end point task.
datanode_2  | java.util.concurrent.ExecutionException: java.util.concurrent.TimeoutException
datanode_2  | 	at java.base/java.util.concurrent.FutureTask.report(FutureTask.java:122)
datanode_2  | 	at java.base/java.util.concurrent.FutureTask.get(FutureTask.java:191)
datanode_2  | 	at org.apache.hadoop.ozone.container.common.states.datanode.RunningDatanodeState.computeNextContainerState(RunningDatanodeState.java:199)
datanode_3  | 2022-12-19 11:05:38,741 [JvmPauseMonitor0] INFO util.JvmPauseMonitor: JvmPauseMonitor-e49f6978-e43e-4e1c-a391-eca589a02639: Started
datanode_3  | 2022-12-19 11:05:39,037 [EndpointStateMachine task thread for recon/172.18.0.4:9891 - 0 ] INFO ipc.Client: Retrying connect to server: recon/172.18.0.4:9891. Already tried 2 time(s); retry policy is RetryUpToMaximumCountWithFixedSleep(maxRetries=15, sleepTime=1000 MILLISECONDS)
datanode_2  | 	at org.apache.hadoop.ozone.container.common.states.datanode.RunningDatanodeState.await(RunningDatanodeState.java:239)
datanode_3  | 2022-12-19 11:05:43,089 [Command processor thread] INFO server.RaftServer: e49f6978-e43e-4e1c-a391-eca589a02639: addNew group-E716A76E06C6:[e49f6978-e43e-4e1c-a391-eca589a02639|rpc:172.18.0.7:9856|admin:172.18.0.7:9857|client:172.18.0.7:9858|dataStream:172.18.0.7:9855|priority:1|startupRole:FOLLOWER] returns group-E716A76E06C6:java.util.concurrent.CompletableFuture@93004d4[Not completed]
datanode_3  | 2022-12-19 11:05:43,169 [pool-23-thread-1] INFO server.RaftServer$Division: e49f6978-e43e-4e1c-a391-eca589a02639: new RaftServerImpl for group-E716A76E06C6:[e49f6978-e43e-4e1c-a391-eca589a02639|rpc:172.18.0.7:9856|admin:172.18.0.7:9857|client:172.18.0.7:9858|dataStream:172.18.0.7:9855|priority:1|startupRole:FOLLOWER] with ContainerStateMachine:uninitialized
datanode_2  | 	at org.apache.hadoop.ozone.container.common.states.datanode.RunningDatanodeState.await(RunningDatanodeState.java:50)
datanode_3  | 2022-12-19 11:05:43,181 [pool-23-thread-1] INFO server.RaftServerConfigKeys: raft.server.rpc.timeout.min = 5s (custom)
datanode_1  | 2022-12-19 11:05:55,343 [pool-23-thread-1] INFO server.RaftServerConfigKeys: raft.server.log.queue.element-limit = 1024 (custom)
datanode_1  | 2022-12-19 11:05:55,347 [pool-23-thread-1] INFO server.RaftServerConfigKeys: raft.server.log.segment.size.max = 1048576 (custom)
scm_1       | 2022-12-19 11:04:51,729 [d87031e9-16ed-4ab2-856a-15b406ab415f@group-FD17A63831C4-LeaderElection1] INFO impl.LeaderElection: d87031e9-16ed-4ab2-856a-15b406ab415f@group-FD17A63831C4-LeaderElection1 ELECTION round 0: submit vote requests at term 1 for -1: peers:[d87031e9-16ed-4ab2-856a-15b406ab415f|rpc:scm:9894|priority:0|startupRole:FOLLOWER]|listeners:[], old=null
scm_1       | 2022-12-19 11:04:51,731 [d87031e9-16ed-4ab2-856a-15b406ab415f@group-FD17A63831C4-LeaderElection1] INFO impl.LeaderElection: d87031e9-16ed-4ab2-856a-15b406ab415f@group-FD17A63831C4-LeaderElection1 ELECTION round 0: result PASSED (term=1)
scm_1       | 2022-12-19 11:04:51,732 [d87031e9-16ed-4ab2-856a-15b406ab415f@group-FD17A63831C4-LeaderElection1] INFO impl.RoleInfo: d87031e9-16ed-4ab2-856a-15b406ab415f: shutdown d87031e9-16ed-4ab2-856a-15b406ab415f@group-FD17A63831C4-LeaderElection1
datanode_3  | 2022-12-19 11:05:43,181 [pool-23-thread-1] INFO server.RaftServerConfigKeys: raft.server.rpc.timeout.max = 5200ms (custom)
datanode_1  | 2022-12-19 11:05:55,352 [pool-23-thread-1] INFO server.RaftServerConfigKeys: raft.server.log.preallocated.size = 16384 (custom)
datanode_1  | 2022-12-19 11:05:55,382 [pool-23-thread-1] INFO server.RaftServerConfigKeys: raft.server.log.force.sync.num = 128 (default)
datanode_1  | 2022-12-19 11:05:55,383 [pool-23-thread-1] INFO server.RaftServerConfigKeys: raft.server.log.statemachine.data.sync = true (default)
scm_1       | 2022-12-19 11:04:51,732 [d87031e9-16ed-4ab2-856a-15b406ab415f@group-FD17A63831C4-LeaderElection1] INFO server.RaftServer$Division: d87031e9-16ed-4ab2-856a-15b406ab415f@group-FD17A63831C4: changes role from CANDIDATE to LEADER at term 1 for changeToLeader
scm_1       | 2022-12-19 11:04:51,732 [d87031e9-16ed-4ab2-856a-15b406ab415f@group-FD17A63831C4-LeaderElection1] INFO server.RaftServer$Division: d87031e9-16ed-4ab2-856a-15b406ab415f@group-FD17A63831C4: change Leader from null to d87031e9-16ed-4ab2-856a-15b406ab415f at term 1 for becomeLeader, leader elected after 5457ms
scm_1       | 2022-12-19 11:04:51,740 [d87031e9-16ed-4ab2-856a-15b406ab415f@group-FD17A63831C4-LeaderElection1] INFO server.RaftServerConfigKeys: raft.server.staging.catchup.gap = 1000 (default)
datanode_3  | 2022-12-19 11:05:43,182 [pool-23-thread-1] INFO server.RaftServerConfigKeys: raft.server.rpc.sleep.time = 25ms (default)
datanode_1  | 2022-12-19 11:05:55,392 [pool-23-thread-1] INFO server.RaftServerConfigKeys: raft.server.log.statemachine.data.sync.timeout = 10s (default)
kdc_1       | Dec 19 11:20:49 kdc krb5kdc[7](info): TGS_REQ (6 etypes {aes256-cts-hmac-sha1-96(18), aes128-cts-hmac-sha1-96(17), aes256-cts-hmac-sha384-192(20), aes128-cts-hmac-sha256-128(19), DEPRECATED:des3-cbc-sha1(16), DEPRECATED:arcfour-hmac(23)}) 172.18.0.9: ISSUE: authtime 1671448669, etypes {rep=aes256-cts-hmac-sha1-96(18), tkt=aes256-cts-hmac-sha1-96(18), ses=aes256-cts-hmac-sha1-96(18)}, testuser/scm@EXAMPLE.COM for om/om@EXAMPLE.COM
kdc_1       | Dec 19 11:20:55 kdc krb5kdc[7](info): TGS_REQ (6 etypes {aes256-cts-hmac-sha1-96(18), aes128-cts-hmac-sha1-96(17), aes256-cts-hmac-sha384-192(20), aes128-cts-hmac-sha256-128(19), DEPRECATED:des3-cbc-sha1(16), DEPRECATED:arcfour-hmac(23)}) 172.18.0.9: ISSUE: authtime 1671448669, etypes {rep=aes256-cts-hmac-sha1-96(18), tkt=aes256-cts-hmac-sha1-96(18), ses=aes256-cts-hmac-sha1-96(18)}, testuser/scm@EXAMPLE.COM for om/om@EXAMPLE.COM
scm_1       | 2022-12-19 11:04:51,747 [d87031e9-16ed-4ab2-856a-15b406ab415f@group-FD17A63831C4-LeaderElection1] INFO server.RaftServerConfigKeys: raft.server.write.element-limit = 4096 (default)
scm_1       | 2022-12-19 11:04:51,747 [d87031e9-16ed-4ab2-856a-15b406ab415f@group-FD17A63831C4-LeaderElection1] INFO server.RaftServerConfigKeys: raft.server.write.byte-limit = 64MB (=67108864) (default)
datanode_3  | 2022-12-19 11:05:43,182 [pool-23-thread-1] INFO server.RaftServerConfigKeys: raft.server.rpc.slowness.timeout = 300s (custom)
datanode_1  | 2022-12-19 11:05:55,393 [pool-23-thread-1] INFO server.RaftServerConfigKeys: raft.server.log.statemachine.data.sync.timeout.retry = -1 (default)
kdc_1       | Dec 19 11:21:00 kdc krb5kdc[7](info): TGS_REQ (6 etypes {aes256-cts-hmac-sha1-96(18), aes128-cts-hmac-sha1-96(17), aes256-cts-hmac-sha384-192(20), aes128-cts-hmac-sha256-128(19), DEPRECATED:des3-cbc-sha1(16), DEPRECATED:arcfour-hmac(23)}) 172.18.0.9: ISSUE: authtime 1671448669, etypes {rep=aes256-cts-hmac-sha1-96(18), tkt=aes256-cts-hmac-sha1-96(18), ses=aes256-cts-hmac-sha1-96(18)}, testuser/scm@EXAMPLE.COM for om/om@EXAMPLE.COM
recon_1     | 2022-12-19 11:05:56,892 [Listener at 0.0.0.0/9891] INFO scm.ReconPipelineManager: Recon has 0 pipelines in house.
scm_1       | 2022-12-19 11:04:51,756 [d87031e9-16ed-4ab2-856a-15b406ab415f@group-FD17A63831C4-LeaderElection1] INFO server.RaftServerConfigKeys: raft.server.watch.timeout = 10s (default)
scm_1       | 2022-12-19 11:04:51,756 [d87031e9-16ed-4ab2-856a-15b406ab415f@group-FD17A63831C4-LeaderElection1] INFO server.RaftServerConfigKeys: raft.server.watch.timeout.denomination = 1s (default)
datanode_3  | 2022-12-19 11:05:43,182 [pool-23-thread-1] INFO server.RaftServerConfigKeys: raft.server.leaderelection.leader.step-down.wait-time = 10s (default)
datanode_1  | 2022-12-19 11:05:55,445 [pool-23-thread-1] INFO server.RaftServerConfigKeys: raft.server.log.write.buffer.size = 1048576 (custom)
kdc_1       | Dec 19 11:21:06 kdc krb5kdc[7](info): TGS_REQ (6 etypes {aes256-cts-hmac-sha1-96(18), aes128-cts-hmac-sha1-96(17), aes256-cts-hmac-sha384-192(20), aes128-cts-hmac-sha256-128(19), DEPRECATED:des3-cbc-sha1(16), DEPRECATED:arcfour-hmac(23)}) 172.18.0.9: ISSUE: authtime 1671448669, etypes {rep=aes256-cts-hmac-sha1-96(18), tkt=aes256-cts-hmac-sha1-96(18), ses=aes256-cts-hmac-sha1-96(18)}, testuser/scm@EXAMPLE.COM for om/om@EXAMPLE.COM
recon_1     | 2022-12-19 11:05:56,903 [Listener at 0.0.0.0/9891] INFO scm.ReconPipelineManager: Adding new pipeline PipelineID=be5324c2-3fa1-433a-aca2-4c4061119933 from SCM.
scm_1       | 2022-12-19 11:04:51,757 [d87031e9-16ed-4ab2-856a-15b406ab415f@group-FD17A63831C4-LeaderElection1] INFO server.RaftServerConfigKeys: raft.server.watch.element-limit = 65536 (default)
scm_1       | 2022-12-19 11:04:51,763 [d87031e9-16ed-4ab2-856a-15b406ab415f@group-FD17A63831C4-LeaderElection1] INFO server.RaftServerConfigKeys: raft.server.write.element-limit = 4096 (default)
datanode_3  | 2022-12-19 11:05:43,187 [pool-23-thread-1] INFO server.RaftServerConfigKeys: raft.server.sleep.deviation.threshold = 300ms (default)
datanode_1  | 2022-12-19 11:05:55,458 [pool-23-thread-1] INFO server.RaftServerConfigKeys: raft.server.log.appender.buffer.byte-limit = 33554432 (custom)
kdc_1       | Dec 19 11:21:12 kdc krb5kdc[7](info): TGS_REQ (6 etypes {aes256-cts-hmac-sha1-96(18), aes128-cts-hmac-sha1-96(17), aes256-cts-hmac-sha384-192(20), aes128-cts-hmac-sha256-128(19), DEPRECATED:des3-cbc-sha1(16), DEPRECATED:arcfour-hmac(23)}) 172.18.0.9: ISSUE: authtime 1671448669, etypes {rep=aes256-cts-hmac-sha1-96(18), tkt=aes256-cts-hmac-sha1-96(18), ses=aes256-cts-hmac-sha1-96(18)}, testuser/scm@EXAMPLE.COM for om/om@EXAMPLE.COM
recon_1     | 2022-12-19 11:05:57,067 [Listener at 0.0.0.0/9891] INFO pipeline.PipelineStateManagerImpl: Created pipeline Pipeline[ Id: be5324c2-3fa1-433a-aca2-4c4061119933, Nodes: 0a3ec6da-a389-4d27-bedc-de454839d355{ip: 172.18.0.6, host: ozonesecure_datanode_2.ozonesecure_default, ports: [REPLICATION=9886, RATIS=9858, RATIS_ADMIN=9857, RATIS_SERVER=9856, RATIS_DATASTREAM=9855, STANDALONE=9859], networkLocation: /default-rack, certSerialId: null, persistedOpState: IN_SERVICE, persistedOpStateExpiryEpochSec: 0}e49f6978-e43e-4e1c-a391-eca589a02639{ip: 172.18.0.7, host: ozonesecure_datanode_3.ozonesecure_default, ports: [REPLICATION=9886, RATIS=9858, RATIS_ADMIN=9857, RATIS_SERVER=9856, RATIS_DATASTREAM=9855, STANDALONE=9859], networkLocation: /default-rack, certSerialId: null, persistedOpState: IN_SERVICE, persistedOpStateExpiryEpochSec: 0}e155640f-bd94-4475-a4ba-0e45d3d19410{ip: 172.18.0.8, host: ozonesecure_datanode_1.ozonesecure_default, ports: [REPLICATION=9886, RATIS=9858, RATIS_ADMIN=9857, RATIS_SERVER=9856, RATIS_DATASTREAM=9855, STANDALONE=9859], networkLocation: /default-rack, certSerialId: null, persistedOpState: IN_SERVICE, persistedOpStateExpiryEpochSec: 0}, ReplicationConfig: RATIS/THREE, State:OPEN, leaderId:e49f6978-e43e-4e1c-a391-eca589a02639, CreationTimestamp2022-12-19T11:05:40.328Z[UTC]].
scm_1       | 2022-12-19 11:04:51,764 [d87031e9-16ed-4ab2-856a-15b406ab415f@group-FD17A63831C4-LeaderElection1] INFO server.RaftServerConfigKeys: raft.server.write.follower.gap.ratio.max = -1.0 (default)
scm_1       | 2022-12-19 11:04:51,767 [d87031e9-16ed-4ab2-856a-15b406ab415f@group-FD17A63831C4-LeaderElection1] INFO impl.RoleInfo: d87031e9-16ed-4ab2-856a-15b406ab415f: start d87031e9-16ed-4ab2-856a-15b406ab415f@group-FD17A63831C4-LeaderStateImpl
datanode_3  | 2022-12-19 11:05:43,208 [pool-23-thread-1] INFO server.RaftServer$Division: e49f6978-e43e-4e1c-a391-eca589a02639@group-E716A76E06C6: ConfigurationManager, init=-1: peers:[e49f6978-e43e-4e1c-a391-eca589a02639|rpc:172.18.0.7:9856|admin:172.18.0.7:9857|client:172.18.0.7:9858|dataStream:172.18.0.7:9855|priority:1|startupRole:FOLLOWER]|listeners:[], old=null, confs=<EMPTY_MAP>
datanode_1  | 2022-12-19 11:05:55,517 [pool-23-thread-1] INFO server.RaftServerConfigKeys: raft.server.log.unsafe-flush.enabled = false (default)
kdc_1       | Dec 19 11:21:18 kdc krb5kdc[7](info): TGS_REQ (6 etypes {aes256-cts-hmac-sha1-96(18), aes128-cts-hmac-sha1-96(17), aes256-cts-hmac-sha384-192(20), aes128-cts-hmac-sha256-128(19), DEPRECATED:des3-cbc-sha1(16), DEPRECATED:arcfour-hmac(23)}) 172.18.0.9: ISSUE: authtime 1671448669, etypes {rep=aes256-cts-hmac-sha1-96(18), tkt=aes256-cts-hmac-sha1-96(18), ses=aes256-cts-hmac-sha1-96(18)}, testuser/scm@EXAMPLE.COM for om/om@EXAMPLE.COM
recon_1     | 2022-12-19 11:05:57,099 [Listener at 0.0.0.0/9891] INFO scm.ReconPipelineManager: Adding new pipeline PipelineID=24e9856c-82c8-4cc0-a45e-d37930496c48 from SCM.
scm_1       | 2022-12-19 11:04:51,787 [d87031e9-16ed-4ab2-856a-15b406ab415f@group-FD17A63831C4-LeaderElection1] INFO segmented.SegmentedRaftLogWorker: d87031e9-16ed-4ab2-856a-15b406ab415f@group-FD17A63831C4-SegmentedRaftLogWorker: Starting segment from index:0
scm_1       | 2022-12-19 11:04:51,812 [d87031e9-16ed-4ab2-856a-15b406ab415f@group-FD17A63831C4-LeaderElection1] INFO server.RaftServer$Division: d87031e9-16ed-4ab2-856a-15b406ab415f@group-FD17A63831C4: set configuration 0: peers:[d87031e9-16ed-4ab2-856a-15b406ab415f|rpc:scm:9894|admin:|client:|dataStream:|priority:0|startupRole:FOLLOWER]|listeners:[], old=null
datanode_3  | 2022-12-19 11:05:43,211 [pool-23-thread-1] INFO server.RaftServerConfigKeys: raft.server.storage.dir = [/data/metadata/ratis] (custom)
datanode_1  | 2022-12-19 11:05:55,537 [pool-23-thread-1] INFO server.RaftServerConfigKeys: raft.server.log.async-flush.enabled = false (default)
kdc_1       | Dec 19 11:21:24 kdc krb5kdc[7](info): TGS_REQ (6 etypes {aes256-cts-hmac-sha1-96(18), aes128-cts-hmac-sha1-96(17), aes256-cts-hmac-sha384-192(20), aes128-cts-hmac-sha256-128(19), DEPRECATED:des3-cbc-sha1(16), DEPRECATED:arcfour-hmac(23)}) 172.18.0.9: ISSUE: authtime 1671448669, etypes {rep=aes256-cts-hmac-sha1-96(18), tkt=aes256-cts-hmac-sha1-96(18), ses=aes256-cts-hmac-sha1-96(18)}, testuser/scm@EXAMPLE.COM for om/om@EXAMPLE.COM
recon_1     | 2022-12-19 11:05:57,107 [Listener at 0.0.0.0/9891] INFO pipeline.PipelineStateManagerImpl: Created pipeline Pipeline[ Id: 24e9856c-82c8-4cc0-a45e-d37930496c48, Nodes: 0a3ec6da-a389-4d27-bedc-de454839d355{ip: 172.18.0.6, host: ozonesecure_datanode_2.ozonesecure_default, ports: [REPLICATION=9886, RATIS=9858, RATIS_ADMIN=9857, RATIS_SERVER=9856, RATIS_DATASTREAM=9855, STANDALONE=9859], networkLocation: /default-rack, certSerialId: null, persistedOpState: IN_SERVICE, persistedOpStateExpiryEpochSec: 0}, ReplicationConfig: RATIS/ONE, State:ALLOCATED, leaderId:, CreationTimestamp2022-12-19T11:05:39.946Z[UTC]].
scm_1       | 2022-12-19 11:04:51,878 [d87031e9-16ed-4ab2-856a-15b406ab415f@group-FD17A63831C4-SegmentedRaftLogWorker] INFO segmented.SegmentedRaftLogWorker: d87031e9-16ed-4ab2-856a-15b406ab415f@group-FD17A63831C4-SegmentedRaftLogWorker: created new log segment /data/metadata/scm-ha/d59e1c39-a80f-4d5b-89b3-fd17a63831c4/current/log_inprogress_0
scm_1       | 2022-12-19 11:04:52,601 [main] INFO server.RaftServer: d87031e9-16ed-4ab2-856a-15b406ab415f: close
datanode_3  | 2022-12-19 11:05:43,227 [pool-23-thread-1] INFO server.RaftServerConfigKeys: raft.server.log.corruption.policy = EXCEPTION (default)
datanode_1  | 2022-12-19 11:05:55,538 [pool-23-thread-1] INFO server.RaftServerConfigKeys: raft.server.log.statemachine.data.caching.enabled = true (custom)
datanode_1  | 2022-12-19 11:05:55,592 [pool-23-thread-1] INFO segmented.SegmentedRaftLogWorker: e155640f-bd94-4475-a4ba-0e45d3d19410@group-4C4061119933-SegmentedRaftLogWorker: flushIndex: setUnconditionally 0 -> -1
recon_1     | 2022-12-19 11:05:57,108 [Listener at 0.0.0.0/9891] INFO scm.ReconPipelineManager: Adding new pipeline PipelineID=ff6f9068-1719-4a14-857a-afc8ebcccec8 from SCM.
scm_1       | 2022-12-19 11:04:52,602 [d87031e9-16ed-4ab2-856a-15b406ab415f-impl-thread1] INFO server.RaftServer$Division: d87031e9-16ed-4ab2-856a-15b406ab415f@group-FD17A63831C4: shutdown
scm_1       | 2022-12-19 11:04:52,602 [d87031e9-16ed-4ab2-856a-15b406ab415f-impl-thread1] INFO util.JmxRegister: Successfully un-registered JMX Bean with object name Ratis:service=RaftServer,group=group-FD17A63831C4,id=d87031e9-16ed-4ab2-856a-15b406ab415f
datanode_3  | 2022-12-19 11:05:43,227 [pool-23-thread-1] INFO server.RaftServerConfigKeys: raft.server.storage.free-space.min = 0MB (=0) (default)
datanode_1  | 2022-12-19 11:05:55,593 [pool-23-thread-1] INFO segmented.SegmentedRaftLogWorker: e155640f-bd94-4475-a4ba-0e45d3d19410@group-4C4061119933-SegmentedRaftLogWorker: safeCacheEvictIndex: setUnconditionally 0 -> -1
kdc_1       | Dec 19 11:21:30 kdc krb5kdc[7](info): TGS_REQ (6 etypes {aes256-cts-hmac-sha1-96(18), aes128-cts-hmac-sha1-96(17), aes256-cts-hmac-sha384-192(20), aes128-cts-hmac-sha256-128(19), DEPRECATED:des3-cbc-sha1(16), DEPRECATED:arcfour-hmac(23)}) 172.18.0.9: ISSUE: authtime 1671448669, etypes {rep=aes256-cts-hmac-sha1-96(18), tkt=aes256-cts-hmac-sha1-96(18), ses=aes256-cts-hmac-sha1-96(18)}, testuser/scm@EXAMPLE.COM for om/om@EXAMPLE.COM
recon_1     | 2022-12-19 11:05:57,112 [Listener at 0.0.0.0/9891] INFO pipeline.PipelineStateManagerImpl: Created pipeline Pipeline[ Id: ff6f9068-1719-4a14-857a-afc8ebcccec8, Nodes: e155640f-bd94-4475-a4ba-0e45d3d19410{ip: 172.18.0.8, host: ozonesecure_datanode_1.ozonesecure_default, ports: [REPLICATION=9886, RATIS=9858, RATIS_ADMIN=9857, RATIS_SERVER=9856, RATIS_DATASTREAM=9855, STANDALONE=9859], networkLocation: /default-rack, certSerialId: null, persistedOpState: IN_SERVICE, persistedOpStateExpiryEpochSec: 0}, ReplicationConfig: RATIS/ONE, State:ALLOCATED, leaderId:, CreationTimestamp2022-12-19T11:05:39.619Z[UTC]].
scm_1       | 2022-12-19 11:04:52,603 [d87031e9-16ed-4ab2-856a-15b406ab415f-impl-thread1] INFO impl.RoleInfo: d87031e9-16ed-4ab2-856a-15b406ab415f: shutdown d87031e9-16ed-4ab2-856a-15b406ab415f@group-FD17A63831C4-LeaderStateImpl
scm_1       | 2022-12-19 11:04:52,606 [main] INFO server.GrpcService: d87031e9-16ed-4ab2-856a-15b406ab415f: shutdown server GrpcServerProtocolService now
datanode_3  | 2022-12-19 11:05:43,273 [pool-23-thread-1] INFO server.RaftServerConfigKeys: raft.server.notification.no-leader.timeout = 300s (custom)
datanode_1  | 2022-12-19 11:05:55,599 [pool-23-thread-1] INFO server.RaftServer$Division: e155640f-bd94-4475-a4ba-0e45d3d19410@group-4C4061119933: start as a follower, conf=-1: peers:[0a3ec6da-a389-4d27-bedc-de454839d355|rpc:172.18.0.6:9856|admin:172.18.0.6:9857|client:172.18.0.6:9858|dataStream:172.18.0.6:9855|priority:0|startupRole:FOLLOWER, e155640f-bd94-4475-a4ba-0e45d3d19410|rpc:172.18.0.8:9856|admin:172.18.0.8:9857|client:172.18.0.8:9858|dataStream:172.18.0.8:9855|priority:1|startupRole:FOLLOWER, e49f6978-e43e-4e1c-a391-eca589a02639|rpc:172.18.0.7:9856|admin:172.18.0.7:9857|client:172.18.0.7:9858|dataStream:172.18.0.7:9855|priority:0|startupRole:FOLLOWER]|listeners:[], old=null
kdc_1       | Dec 19 11:21:35 kdc krb5kdc[7](info): TGS_REQ (6 etypes {aes256-cts-hmac-sha1-96(18), aes128-cts-hmac-sha1-96(17), aes256-cts-hmac-sha384-192(20), aes128-cts-hmac-sha256-128(19), DEPRECATED:des3-cbc-sha1(16), DEPRECATED:arcfour-hmac(23)}) 172.18.0.9: ISSUE: authtime 1671448669, etypes {rep=aes256-cts-hmac-sha1-96(18), tkt=aes256-cts-hmac-sha1-96(18), ses=aes256-cts-hmac-sha1-96(18)}, testuser/scm@EXAMPLE.COM for om/om@EXAMPLE.COM
recon_1     | 2022-12-19 11:05:57,113 [Listener at 0.0.0.0/9891] INFO scm.ReconPipelineManager: Adding new pipeline PipelineID=a625426a-7d3d-40aa-9239-e716a76e06c6 from SCM.
datanode_2  | 	at org.apache.hadoop.ozone.container.common.statemachine.StateContext.execute(StateContext.java:661)
datanode_2  | 	at org.apache.hadoop.ozone.container.common.statemachine.DatanodeStateMachine.startStateMachineThread(DatanodeStateMachine.java:310)
datanode_2  | 	at org.apache.hadoop.ozone.container.common.statemachine.DatanodeStateMachine.lambda$startDaemon$0(DatanodeStateMachine.java:510)
datanode_1  | 2022-12-19 11:05:55,602 [pool-23-thread-1] INFO server.RaftServer$Division: e155640f-bd94-4475-a4ba-0e45d3d19410@group-4C4061119933: changes role from      null to FOLLOWER at term 0 for startAsFollower
datanode_3  | 2022-12-19 11:05:43,276 [pool-23-thread-1] INFO server.RaftServerConfigKeys: raft.server.retrycache.expirytime = 600000ms (custom)
datanode_3  | 2022-12-19 11:05:43,287 [pool-23-thread-1] INFO server.RaftServerConfigKeys: raft.server.retrycache.statistics.expirytime = 100?s (default)
recon_1     | 2022-12-19 11:05:57,118 [Listener at 0.0.0.0/9891] INFO pipeline.PipelineStateManagerImpl: Created pipeline Pipeline[ Id: a625426a-7d3d-40aa-9239-e716a76e06c6, Nodes: e49f6978-e43e-4e1c-a391-eca589a02639{ip: 172.18.0.7, host: ozonesecure_datanode_3.ozonesecure_default, ports: [REPLICATION=9886, RATIS=9858, RATIS_ADMIN=9857, RATIS_SERVER=9856, RATIS_DATASTREAM=9855, STANDALONE=9859], networkLocation: /default-rack, certSerialId: null, persistedOpState: IN_SERVICE, persistedOpStateExpiryEpochSec: 0}, ReplicationConfig: RATIS/ONE, State:OPEN, leaderId:e49f6978-e43e-4e1c-a391-eca589a02639, CreationTimestamp2022-12-19T11:05:40.290Z[UTC]].
datanode_2  | 	at java.base/java.lang.Thread.run(Thread.java:829)
datanode_2  | Caused by: java.util.concurrent.TimeoutException
datanode_2  | 	at java.base/java.util.concurrent.FutureTask.get(FutureTask.java:204)
datanode_1  | 2022-12-19 11:05:55,604 [pool-23-thread-1] INFO impl.RoleInfo: e155640f-bd94-4475-a4ba-0e45d3d19410: start e155640f-bd94-4475-a4ba-0e45d3d19410@group-4C4061119933-FollowerState
datanode_3  | 2022-12-19 11:05:43,470 [pool-23-thread-1] INFO server.RaftServerConfigKeys: raft.server.log.appender.install.snapshot.enabled = false (custom)
datanode_3  | 2022-12-19 11:05:43,473 [pool-23-thread-1] INFO server.RaftServerConfigKeys: raft.server.threadpool.server.cached = true (default)
recon_1     | 2022-12-19 11:05:57,128 [Listener at 0.0.0.0/9891] INFO scm.ReconStorageContainerManagerFacade: SCM DB initialized
datanode_2  | 	at org.apache.hadoop.ozone.container.common.states.datanode.RunningDatanodeState.lambda$execute$0(RunningDatanodeState.java:157)
datanode_2  | 	at java.base/java.util.concurrent.FutureTask.run(FutureTask.java:264)
datanode_2  | 	at java.base/java.util.concurrent.Executors$RunnableAdapter.call(Executors.java:515)
datanode_2  | 	at java.base/java.util.concurrent.FutureTask.run(FutureTask.java:264)
datanode_2  | 	at java.base/java.util.concurrent.ThreadPoolExecutor.runWorker(ThreadPoolExecutor.java:1128)
scm_1       | 2022-12-19 11:04:52,611 [d87031e9-16ed-4ab2-856a-15b406ab415f-impl-thread1] INFO impl.PendingRequests: d87031e9-16ed-4ab2-856a-15b406ab415f@group-FD17A63831C4-PendingRequests: sendNotLeaderResponses
scm_1       | 2022-12-19 11:04:52,627 [d87031e9-16ed-4ab2-856a-15b406ab415f-impl-thread1] INFO impl.StateMachineUpdater: d87031e9-16ed-4ab2-856a-15b406ab415f@group-FD17A63831C4-StateMachineUpdater: set stopIndex = 0
scm_1       | 2022-12-19 11:04:52,628 [main] INFO server.GrpcService: d87031e9-16ed-4ab2-856a-15b406ab415f: shutdown server GrpcServerProtocolService successfully
om_1        | 2022-12-19 11:05:49,362 [main] INFO netty.NettyConfigKeys$DataStream: raft.netty.dataStream.server.use-epoll = false (default)
datanode_2  | 	at java.base/java.util.concurrent.ThreadPoolExecutor$Worker.run(ThreadPoolExecutor.java:628)
datanode_2  | 	... 1 more
datanode_2  | 2022-12-19 11:05:43,801 [EndpointStateMachine task thread for recon/172.18.0.4:9891 - 0 ] WARN statemachine.EndpointStateMachine: Unable to communicate to Recon server at recon:9891 for past 0 seconds.
scm_1       | 2022-12-19 11:04:52,628 [d87031e9-16ed-4ab2-856a-15b406ab415f@group-FD17A63831C4-StateMachineUpdater] INFO impl.StateMachineUpdater: d87031e9-16ed-4ab2-856a-15b406ab415f@group-FD17A63831C4-StateMachineUpdater: Took a snapshot at index 0
scm_1       | 2022-12-19 11:04:52,632 [d87031e9-16ed-4ab2-856a-15b406ab415f@group-FD17A63831C4-StateMachineUpdater] INFO impl.StateMachineUpdater: d87031e9-16ed-4ab2-856a-15b406ab415f@group-FD17A63831C4-StateMachineUpdater: snapshotIndex: updateIncreasingly -1 -> 0
scm_1       | 2022-12-19 11:04:52,635 [d87031e9-16ed-4ab2-856a-15b406ab415f-impl-thread1] INFO server.RaftServer$Division: d87031e9-16ed-4ab2-856a-15b406ab415f@group-FD17A63831C4: closes. applyIndex: 0
scm_1       | 2022-12-19 11:04:52,637 [d87031e9-16ed-4ab2-856a-15b406ab415f@group-FD17A63831C4-SegmentedRaftLogWorker] INFO segmented.SegmentedRaftLogWorker: d87031e9-16ed-4ab2-856a-15b406ab415f@group-FD17A63831C4-SegmentedRaftLogWorker was interrupted, exiting. There are 0 tasks remaining in the queue.
om_1        | 2022-12-19 11:05:49,370 [main] INFO netty.NettyConfigKeys$DataStream: raft.netty.dataStream.server.boss-group.size = 0 (default)
om_1        | 2022-12-19 11:05:49,398 [main] INFO netty.NettyConfigKeys$DataStream: raft.netty.dataStream.server.worker-group.size = 0 (default)
om_1        | 2022-12-19 11:05:49,411 [main] INFO netty.NettyConfigKeys$DataStream: raft.netty.dataStream.server.tls.conf = GrpcTlsConfig0- (custom)
scm_1       | 2022-12-19 11:04:52,638 [d87031e9-16ed-4ab2-856a-15b406ab415f-NettyServerStreamRpc-bossGroup--thread1] INFO logging.LoggingHandler: [id: 0xbfffc389, L:/0.0.0.0:33961] CLOSE
datanode_2  | java.io.IOException: DestHost:destPort recon:9891 , LocalHost:localPort 45d6c382cd0c/172.18.0.6:0. Failed on local exception: java.io.IOException: java.net.SocketTimeoutException: 5000 millis timeout while waiting for channel to be ready for read. ch : java.nio.channels.SocketChannel[connected local=/172.18.0.6:43762 remote=recon/172.18.0.4:9891]
recon_1     | 2022-12-19 11:05:57,129 [Listener at 0.0.0.0/9891] INFO server.SCMDatanodeProtocolServer: ScmDatanodeProtocol RPC server for DataNodes is listening at /0.0.0.0:9891
recon_1     | 2022-12-19 11:05:57,141 [IPC Server Responder] INFO ipc.Server: IPC Server Responder: starting
kdc_1       | Dec 19 11:21:42 kdc krb5kdc[7](info): TGS_REQ (6 etypes {aes256-cts-hmac-sha1-96(18), aes128-cts-hmac-sha1-96(17), aes256-cts-hmac-sha384-192(20), aes128-cts-hmac-sha256-128(19), DEPRECATED:des3-cbc-sha1(16), DEPRECATED:arcfour-hmac(23)}) 172.18.0.9: ISSUE: authtime 1671448669, etypes {rep=aes256-cts-hmac-sha1-96(18), tkt=aes256-cts-hmac-sha1-96(18), ses=aes256-cts-hmac-sha1-96(18)}, testuser/scm@EXAMPLE.COM for om/om@EXAMPLE.COM
kdc_1       | Dec 19 11:21:48 kdc krb5kdc[7](info): TGS_REQ (6 etypes {aes256-cts-hmac-sha1-96(18), aes128-cts-hmac-sha1-96(17), aes256-cts-hmac-sha384-192(20), aes128-cts-hmac-sha256-128(19), DEPRECATED:des3-cbc-sha1(16), DEPRECATED:arcfour-hmac(23)}) 172.18.0.9: ISSUE: authtime 1671448669, etypes {rep=aes256-cts-hmac-sha1-96(18), tkt=aes256-cts-hmac-sha1-96(18), ses=aes256-cts-hmac-sha1-96(18)}, testuser/scm@EXAMPLE.COM for om/om@EXAMPLE.COM
scm_1       | 2022-12-19 11:04:52,639 [d87031e9-16ed-4ab2-856a-15b406ab415f-NettyServerStreamRpc-bossGroup--thread1] INFO logging.LoggingHandler: [id: 0xbfffc389, L:/0.0.0.0:33961] INACTIVE
om_1        | 2022-12-19 11:05:49,594 [main] INFO netty.NettyConfigKeys$DataStream: raft.netty.dataStream.host = null (default)
recon_1     | 2022-12-19 11:05:57,171 [IPC Server listener on 9891] INFO ipc.Server: IPC Server listener on 9891: starting
kdc_1       | Dec 19 11:21:53 kdc krb5kdc[7](info): TGS_REQ (6 etypes {aes256-cts-hmac-sha1-96(18), aes128-cts-hmac-sha1-96(17), aes256-cts-hmac-sha384-192(20), aes128-cts-hmac-sha256-128(19), DEPRECATED:des3-cbc-sha1(16), DEPRECATED:arcfour-hmac(23)}) 172.18.0.9: ISSUE: authtime 1671448669, etypes {rep=aes256-cts-hmac-sha1-96(18), tkt=aes256-cts-hmac-sha1-96(18), ses=aes256-cts-hmac-sha1-96(18)}, testuser/scm@EXAMPLE.COM for om/om@EXAMPLE.COM
kdc_1       | Dec 19 11:21:59 kdc krb5kdc[7](info): TGS_REQ (6 etypes {aes256-cts-hmac-sha1-96(18), aes128-cts-hmac-sha1-96(17), aes256-cts-hmac-sha384-192(20), aes128-cts-hmac-sha256-128(19), DEPRECATED:des3-cbc-sha1(16), DEPRECATED:arcfour-hmac(23)}) 172.18.0.9: ISSUE: authtime 1671448669, etypes {rep=aes256-cts-hmac-sha1-96(18), tkt=aes256-cts-hmac-sha1-96(18), ses=aes256-cts-hmac-sha1-96(18)}, testuser/scm@EXAMPLE.COM for om/om@EXAMPLE.COM
scm_1       | 2022-12-19 11:04:52,639 [d87031e9-16ed-4ab2-856a-15b406ab415f-NettyServerStreamRpc-bossGroup--thread1] INFO logging.LoggingHandler: [id: 0xbfffc389, L:/0.0.0.0:33961] UNREGISTERED
scm_1       | 2022-12-19 11:04:52,640 [d87031e9-16ed-4ab2-856a-15b406ab415f-impl-thread1] INFO segmented.SegmentedRaftLogWorker: d87031e9-16ed-4ab2-856a-15b406ab415f@group-FD17A63831C4-SegmentedRaftLogWorker close()
datanode_1  | 2022-12-19 11:05:55,611 [e155640f-bd94-4475-a4ba-0e45d3d19410@group-4C4061119933-FollowerState] INFO server.RaftServerConfigKeys: raft.server.rpc.first-election.timeout.min = 5s (fallback to raft.server.rpc.timeout.min)
datanode_1  | 2022-12-19 11:05:55,619 [e155640f-bd94-4475-a4ba-0e45d3d19410@group-4C4061119933-FollowerState] INFO server.RaftServerConfigKeys: raft.server.rpc.first-election.timeout.max = 5200ms (fallback to raft.server.rpc.timeout.max)
kdc_1       | Dec 19 11:22:05 kdc krb5kdc[7](info): TGS_REQ (6 etypes {aes256-cts-hmac-sha1-96(18), aes128-cts-hmac-sha1-96(17), aes256-cts-hmac-sha384-192(20), aes128-cts-hmac-sha256-128(19), DEPRECATED:des3-cbc-sha1(16), DEPRECATED:arcfour-hmac(23)}) 172.18.0.9: ISSUE: authtime 1671448669, etypes {rep=aes256-cts-hmac-sha1-96(18), tkt=aes256-cts-hmac-sha1-96(18), ses=aes256-cts-hmac-sha1-96(18)}, testuser/scm@EXAMPLE.COM for om/om@EXAMPLE.COM
kdc_1       | Dec 19 11:22:10 kdc krb5kdc[7](info): TGS_REQ (6 etypes {aes256-cts-hmac-sha1-96(18), aes128-cts-hmac-sha1-96(17), aes256-cts-hmac-sha384-192(20), aes128-cts-hmac-sha256-128(19), DEPRECATED:des3-cbc-sha1(16), DEPRECATED:arcfour-hmac(23)}) 172.18.0.9: ISSUE: authtime 1671448669, etypes {rep=aes256-cts-hmac-sha1-96(18), tkt=aes256-cts-hmac-sha1-96(18), ses=aes256-cts-hmac-sha1-96(18)}, testuser/scm@EXAMPLE.COM for om/om@EXAMPLE.COM
scm_1       | 2022-12-19 11:04:52,658 [JvmPauseMonitor0] INFO util.JvmPauseMonitor: JvmPauseMonitor-d87031e9-16ed-4ab2-856a-15b406ab415f: Stopped
scm_1       | 2022-12-19 11:04:52,659 [main] WARN server.ServerUtils: ozone.scm.db.dirs is not configured. We recommend adding this setting. Falling back to ozone.metadata.dirs instead.
datanode_1  | 2022-12-19 11:05:55,624 [pool-23-thread-1] INFO util.JmxRegister: Successfully registered JMX Bean with object name Ratis:service=RaftServer,group=group-4C4061119933,id=e155640f-bd94-4475-a4ba-0e45d3d19410
recon_1     | 2022-12-19 11:05:57,323 [Listener at 0.0.0.0/9891] INFO scm.ReconScmTask: Registered ContainerHealthTask task 
kdc_1       | Dec 19 11:22:16 kdc krb5kdc[7](info): TGS_REQ (6 etypes {aes256-cts-hmac-sha1-96(18), aes128-cts-hmac-sha1-96(17), aes256-cts-hmac-sha384-192(20), aes128-cts-hmac-sha256-128(19), DEPRECATED:des3-cbc-sha1(16), DEPRECATED:arcfour-hmac(23)}) 172.18.0.9: ISSUE: authtime 1671448669, etypes {rep=aes256-cts-hmac-sha1-96(18), tkt=aes256-cts-hmac-sha1-96(18), ses=aes256-cts-hmac-sha1-96(18)}, testuser/scm@EXAMPLE.COM for om/om@EXAMPLE.COM
kdc_1       | Dec 19 11:22:22 kdc krb5kdc[7](info): TGS_REQ (6 etypes {aes256-cts-hmac-sha1-96(18), aes128-cts-hmac-sha1-96(17), aes256-cts-hmac-sha384-192(20), aes128-cts-hmac-sha256-128(19), DEPRECATED:des3-cbc-sha1(16), DEPRECATED:arcfour-hmac(23)}) 172.18.0.9: ISSUE: authtime 1671448669, etypes {rep=aes256-cts-hmac-sha1-96(18), tkt=aes256-cts-hmac-sha1-96(18), ses=aes256-cts-hmac-sha1-96(18)}, testuser/scm@EXAMPLE.COM for om/om@EXAMPLE.COM
scm_1       | 2022-12-19 11:04:52,662 [main] INFO server.StorageContainerManager: SCM initialization succeeded. Current cluster id for sd=/data/metadata/scm; cid=CID-d59e1c39-a80f-4d5b-89b3-fd17a63831c4; layoutVersion=4; scmId=d87031e9-16ed-4ab2-856a-15b406ab415f
om_1        | 2022-12-19 11:05:49,611 [main] INFO netty.NettyConfigKeys$DataStream: raft.netty.dataStream.port = 0 (default)
datanode_1  | 2022-12-19 11:05:55,627 [pool-23-thread-1] INFO server.RaftServerConfigKeys: raft.server.snapshot.auto.trigger.enabled = true (custom)
recon_1     | 2022-12-19 11:05:57,329 [Listener at 0.0.0.0/9891] INFO scm.ReconScmTask: Starting ContainerHealthTask Thread.
datanode_3  | 2022-12-19 11:05:43,474 [pool-23-thread-1] INFO server.RaftServerConfigKeys: raft.server.threadpool.server.size = 0 (default)
datanode_3  | 2022-12-19 11:05:43,479 [pool-23-thread-1] INFO server.RaftServerConfigKeys: raft.server.threadpool.client.cached = true (default)
om_1        | 2022-12-19 11:05:50,097 [main] INFO server.RaftServerConfigKeys: raft.server.threadpool.proxy.cached = true (default)
om_1        | 2022-12-19 11:05:50,141 [main] INFO server.RaftServerConfigKeys: raft.server.threadpool.proxy.size = 0 (default)
datanode_1  | 2022-12-19 11:05:55,628 [pool-23-thread-1] INFO server.RaftServerConfigKeys: raft.server.snapshot.auto.trigger.threshold = 10000 (custom)
datanode_1  | 2022-12-19 11:05:55,628 [pool-23-thread-1] INFO server.RaftServerConfigKeys: raft.server.snapshot.retention.file.num = 5 (custom)
datanode_3  | 2022-12-19 11:05:43,483 [pool-23-thread-1] INFO server.RaftServerConfigKeys: raft.server.threadpool.client.size = 0 (default)
datanode_3  | 2022-12-19 11:05:43,484 [pool-23-thread-1] INFO storage.RaftStorageDirectory: The storage directory /data/metadata/ratis/a625426a-7d3d-40aa-9239-e716a76e06c6 does not exist. Creating ...
om_1        | 2022-12-19 11:05:50,144 [main] INFO server.RaftServerConfigKeys: raft.server.rpc.slowness.timeout = 120s (custom)
om_1        | 2022-12-19 11:05:50,166 [main] INFO server.RaftServerConfigKeys: raft.server.leaderelection.leader.step-down.wait-time = 10s (default)
recon_1     | 2022-12-19 11:05:57,364 [Listener at 0.0.0.0/9891] INFO scm.ReconScmTask: Registered PipelineSyncTask task 
datanode_1  | 2022-12-19 11:05:55,630 [pool-23-thread-1] INFO server.RaftServerConfigKeys: raft.server.log.purge.upto.snapshot.index = false (default)
datanode_1  | 2022-12-19 11:05:56,007 [e155640f-bd94-4475-a4ba-0e45d3d19410-server-thread1] INFO ratis.XceiverServerRatis: Leader change notification received for group: group-4C4061119933 with new leaderId: e49f6978-e43e-4e1c-a391-eca589a02639
kdc_1       | Dec 19 11:22:28 kdc krb5kdc[7](info): TGS_REQ (6 etypes {aes256-cts-hmac-sha1-96(18), aes128-cts-hmac-sha1-96(17), aes256-cts-hmac-sha384-192(20), aes128-cts-hmac-sha256-128(19), DEPRECATED:des3-cbc-sha1(16), DEPRECATED:arcfour-hmac(23)}) 172.18.0.9: ISSUE: authtime 1671448669, etypes {rep=aes256-cts-hmac-sha1-96(18), tkt=aes256-cts-hmac-sha1-96(18), ses=aes256-cts-hmac-sha1-96(18)}, testuser/scm@EXAMPLE.COM for om/om@EXAMPLE.COM
om_1        | 2022-12-19 11:05:50,170 [main] INFO server.RaftServerConfigKeys: raft.server.storage.dir = [/data/metadata/ratis] (custom)
om_1        | 2022-12-19 11:05:50,223 [main] INFO server.RaftServer: om1: addNew group-C5BA1605619E:[om1|rpc:om:9872|priority:0|startupRole:FOLLOWER] returns group-C5BA1605619E:java.util.concurrent.CompletableFuture@28989415[Not completed]
recon_1     | 2022-12-19 11:05:57,365 [Listener at 0.0.0.0/9891] INFO scm.ReconScmTask: Starting PipelineSyncTask Thread.
datanode_2  | 	at java.base/jdk.internal.reflect.NativeConstructorAccessorImpl.newInstance0(Native Method)
datanode_2  | 	at java.base/jdk.internal.reflect.NativeConstructorAccessorImpl.newInstance(NativeConstructorAccessorImpl.java:62)
datanode_2  | 	at java.base/jdk.internal.reflect.DelegatingConstructorAccessorImpl.newInstance(DelegatingConstructorAccessorImpl.java:45)
om_1        | 2022-12-19 11:05:50,234 [main] INFO om.OzoneManager: OzoneManager Ratis server initialized at port 9872
om_1        | 2022-12-19 11:05:50,224 [om1-NettyServerStreamRpc-bossGroup--thread1] INFO logging.LoggingHandler: [id: 0x41140036] REGISTERED
om_1        | 2022-12-19 11:05:50,299 [om1-NettyServerStreamRpc-bossGroup--thread1] INFO logging.LoggingHandler: [id: 0x41140036] BIND: 0.0.0.0/0.0.0.0:0
datanode_3  | 2022-12-19 11:05:43,536 [pool-23-thread-1] INFO storage.RaftStorageDirectory: Lock on /data/metadata/ratis/a625426a-7d3d-40aa-9239-e716a76e06c6/in_use.lock acquired by nodename 6@07019f325951
datanode_3  | 2022-12-19 11:05:43,552 [pool-23-thread-1] INFO storage.RaftStorage: Storage directory /data/metadata/ratis/a625426a-7d3d-40aa-9239-e716a76e06c6 has been successfully formatted.
datanode_3  | 2022-12-19 11:05:43,582 [pool-23-thread-1] INFO ratis.ContainerStateMachine: group-E716A76E06C6: The snapshot info is null. Setting the last applied indexto:(t:0, i:~)
om_1        | 2022-12-19 11:05:50,326 [om1-NettyServerStreamRpc-bossGroup--thread1] INFO logging.LoggingHandler: [id: 0x41140036, L:/0.0.0.0:35983] ACTIVE
om_1        | 2022-12-19 11:05:50,341 [main] INFO om.OzoneManager: Creating RPC Server
om_1        | 2022-12-19 11:05:50,458 [pool-27-thread-1] INFO server.RaftServer$Division: om1: new RaftServerImpl for group-C5BA1605619E:[om1|rpc:om:9872|priority:0|startupRole:FOLLOWER] with OzoneManagerStateMachine:uninitialized
datanode_2  | 	at java.base/java.lang.reflect.Constructor.newInstance(Constructor.java:490)
datanode_2  | 	at org.apache.hadoop.net.NetUtils.wrapWithMessage(NetUtils.java:913)
datanode_3  | 2022-12-19 11:05:43,584 [pool-23-thread-1] INFO server.RaftServerConfigKeys: raft.server.log.use.memory = false (default)
datanode_3  | 2022-12-19 11:05:43,602 [pool-23-thread-1] INFO server.RaftServerConfigKeys: raft.server.log.purge.gap = 1000000 (custom)
datanode_3  | 2022-12-19 11:05:43,626 [pool-23-thread-1] INFO server.RaftServerConfigKeys: raft.server.log.appender.buffer.byte-limit = 33554432 (custom)
om_1        | 2022-12-19 11:05:50,472 [pool-27-thread-1] INFO server.RaftServerConfigKeys: raft.server.rpc.timeout.min = 5s (custom)
om_1        | 2022-12-19 11:05:50,482 [pool-27-thread-1] INFO server.RaftServerConfigKeys: raft.server.rpc.timeout.max = 5200ms (custom)
om_1        | 2022-12-19 11:05:50,486 [pool-27-thread-1] INFO server.RaftServerConfigKeys: raft.server.rpc.sleep.time = 25ms (default)
datanode_2  | 	at org.apache.hadoop.net.NetUtils.wrapException(NetUtils.java:888)
datanode_3  | 2022-12-19 11:05:43,632 [pool-23-thread-1] INFO server.RaftServerConfigKeys: raft.server.log.statemachine.data.read.timeout = 1000ms (default)
om_1        | 2022-12-19 11:05:50,487 [pool-27-thread-1] INFO server.RaftServerConfigKeys: raft.server.rpc.slowness.timeout = 120s (custom)
om_1        | 2022-12-19 11:05:50,487 [pool-27-thread-1] INFO server.RaftServerConfigKeys: raft.server.leaderelection.leader.step-down.wait-time = 10s (default)
