datanode_1  | 	at java.base/java.util.concurrent.ThreadPoolExecutor.runWorker(ThreadPoolExecutor.java:1128)
datanode_1  | 	at java.base/java.util.concurrent.ThreadPoolExecutor$Worker.run(ThreadPoolExecutor.java:628)
datanode_3  | 	at java.base/jdk.internal.reflect.DelegatingConstructorAccessorImpl.newInstance(DelegatingConstructorAccessorImpl.java:45)
datanode_3  | 	at java.base/java.lang.reflect.Constructor.newInstance(Constructor.java:490)
kdc_1       | Dec 19 11:24:24 kdc krb5kdc[7](info): AS_REQ (8 etypes {aes256-cts-hmac-sha1-96(18), aes128-cts-hmac-sha1-96(17), aes256-cts-hmac-sha384-192(20), aes128-cts-hmac-sha256-128(19), DEPRECATED:des3-cbc-sha1(16), DEPRECATED:arcfour-hmac(23), camellia128-cts-cmac(25), camellia256-cts-cmac(26)}) 172.18.0.9: ISSUE: authtime 1671449064, etypes {rep=aes256-cts-hmac-sha1-96(18), tkt=aes256-cts-hmac-sha1-96(18), ses=aes256-cts-hmac-sha1-96(18)}, testuser/scm@EXAMPLE.COM for krbtgt/EXAMPLE.COM@EXAMPLE.COM
kdc_1       | Dec 19 11:24:29 kdc krb5kdc[7](info): TGS_REQ (6 etypes {aes256-cts-hmac-sha1-96(18), aes128-cts-hmac-sha1-96(17), aes256-cts-hmac-sha384-192(20), aes128-cts-hmac-sha256-128(19), DEPRECATED:des3-cbc-sha1(16), DEPRECATED:arcfour-hmac(23)}) 172.18.0.9: ISSUE: authtime 1671449064, etypes {rep=aes256-cts-hmac-sha1-96(18), tkt=aes256-cts-hmac-sha1-96(18), ses=aes256-cts-hmac-sha1-96(18)}, testuser/scm@EXAMPLE.COM for om/om@EXAMPLE.COM
recon_1     | 2022-12-19 11:06:23,026 [Socket Reader #1 for port 9891] INFO authorize.ServiceAuthorizationManager: Authorization successful for dn/dn@EXAMPLE.COM (auth:KERBEROS) for protocol=interface org.apache.hadoop.ozone.protocol.ReconDatanodeProtocol
recon_1     | 2022-12-19 11:06:23,038 [IPC Server handler 4 on default port 9891] INFO net.NetworkTopologyImpl: Added a new node: /default-rack/e49f6978-e43e-4e1c-a391-eca589a02639
datanode_1  | 	... 1 more
scm_1       | 2022-12-19 11:04:57,396 [main] INFO metrics.MetricRegistries: Loaded MetricRegistries class org.apache.ratis.metrics.impl.MetricRegistriesImpl
scm_1       | 2022-12-19 11:04:57,428 [main] INFO ha.SCMRatisServerImpl: starting Raft server for scm:d87031e9-16ed-4ab2-856a-15b406ab415f
datanode_3  | 	at org.apache.hadoop.net.NetUtils.wrapWithMessage(NetUtils.java:913)
datanode_3  | 	at org.apache.hadoop.net.NetUtils.wrapException(NetUtils.java:888)
recon_1     | 2022-12-19 11:06:23,038 [IPC Server handler 4 on default port 9891] INFO node.SCMNodeManager: Registered Data node : e49f6978-e43e-4e1c-a391-eca589a02639{ip: 172.18.0.7, host: ozonesecure_datanode_3.ozonesecure_default, ports: [REPLICATION=9886, RATIS=9858, RATIS_ADMIN=9857, RATIS_SERVER=9856, RATIS_DATASTREAM=9855, STANDALONE=9859], networkLocation: /default-rack, certSerialId: 504344520118, persistedOpState: null, persistedOpStateExpiryEpochSec: 0}
recon_1     | 2022-12-19 11:06:23,040 [EventQueue-NewNodeForReconNewNodeHandler] INFO scm.ReconNodeManager: Adding new node e49f6978-e43e-4e1c-a391-eca589a02639 to Node DB.
datanode_1  | 2022-12-19 11:05:58,429 [grpc-default-executor-1] INFO impl.RoleInfo: e155640f-bd94-4475-a4ba-0e45d3d19410: shutdown e155640f-bd94-4475-a4ba-0e45d3d19410@group-4C4061119933-FollowerState
om_1        | 2022-12-19 11:05:59,518 [om1-impl-thread1] INFO server.RaftServerConfigKeys: raft.server.log.statemachine.data.caching.enabled = false (default)
scm_1       | 2022-12-19 11:04:57,470 [main] INFO netty.NettyConfigKeys$DataStream: setTlsConf GrpcTlsConfig0-
kdc_1       | Dec 19 11:24:34 kdc krb5kdc[7](info): TGS_REQ (6 etypes {aes256-cts-hmac-sha1-96(18), aes128-cts-hmac-sha1-96(17), aes256-cts-hmac-sha384-192(20), aes128-cts-hmac-sha256-128(19), DEPRECATED:des3-cbc-sha1(16), DEPRECATED:arcfour-hmac(23)}) 172.18.0.9: ISSUE: authtime 1671449064, etypes {rep=aes256-cts-hmac-sha1-96(18), tkt=aes256-cts-hmac-sha1-96(18), ses=aes256-cts-hmac-sha1-96(18)}, testuser/scm@EXAMPLE.COM for om/om@EXAMPLE.COM
kdc_1       | Dec 19 11:24:40 kdc krb5kdc[7](info): TGS_REQ (6 etypes {aes256-cts-hmac-sha1-96(18), aes128-cts-hmac-sha1-96(17), aes256-cts-hmac-sha384-192(20), aes128-cts-hmac-sha256-128(19), DEPRECATED:des3-cbc-sha1(16), DEPRECATED:arcfour-hmac(23)}) 172.18.0.9: ISSUE: authtime 1671449064, etypes {rep=aes256-cts-hmac-sha1-96(18), tkt=aes256-cts-hmac-sha1-96(18), ses=aes256-cts-hmac-sha1-96(18)}, testuser/scm@EXAMPLE.COM for om/om@EXAMPLE.COM
recon_1     | 2022-12-19 11:06:36,354 [Socket Reader #1 for port 9891] INFO ipc.Server: Auth successful for dn/dn@EXAMPLE.COM (auth:KERBEROS) from 172.18.0.8:54658
datanode_2  | 	at org.apache.hadoop.ipc.Client$Connection.access$3800(Client.java:414)
om_1        | 2022-12-19 11:05:59,561 [om1-impl-thread1] INFO segmented.SegmentedRaftLogWorker: om1@group-C5BA1605619E-SegmentedRaftLogWorker: flushIndex: setUnconditionally 0 -> -1
recon_1     | 2022-12-19 11:06:36,492 [Socket Reader #1 for port 9891] INFO authorize.ServiceAuthorizationManager: Authorization successful for dn/dn@EXAMPLE.COM (auth:KERBEROS) for protocol=interface org.apache.hadoop.ozone.protocol.ReconDatanodeProtocol
recon_1     | 2022-12-19 11:06:36,586 [FixedThreadPoolWithAffinityExecutor-9-0] INFO scm.ReconContainerManager: New container #1 got from ozonesecure_datanode_1.ozonesecure_default.
kdc_1       | Dec 19 11:24:45 kdc krb5kdc[7](info): TGS_REQ (6 etypes {aes256-cts-hmac-sha1-96(18), aes128-cts-hmac-sha1-96(17), aes256-cts-hmac-sha384-192(20), aes128-cts-hmac-sha256-128(19), DEPRECATED:des3-cbc-sha1(16), DEPRECATED:arcfour-hmac(23)}) 172.18.0.9: ISSUE: authtime 1671449064, etypes {rep=aes256-cts-hmac-sha1-96(18), tkt=aes256-cts-hmac-sha1-96(18), ses=aes256-cts-hmac-sha1-96(18)}, testuser/scm@EXAMPLE.COM for om/om@EXAMPLE.COM
kdc_1       | Dec 19 11:24:51 kdc krb5kdc[7](info): TGS_REQ (6 etypes {aes256-cts-hmac-sha1-96(18), aes128-cts-hmac-sha1-96(17), aes256-cts-hmac-sha384-192(20), aes128-cts-hmac-sha256-128(19), DEPRECATED:des3-cbc-sha1(16), DEPRECATED:arcfour-hmac(23)}) 172.18.0.9: ISSUE: authtime 1671449064, etypes {rep=aes256-cts-hmac-sha1-96(18), tkt=aes256-cts-hmac-sha1-96(18), ses=aes256-cts-hmac-sha1-96(18)}, testuser/scm@EXAMPLE.COM for om/om@EXAMPLE.COM
kdc_1       | Dec 19 11:24:56 kdc krb5kdc[7](info): TGS_REQ (6 etypes {aes256-cts-hmac-sha1-96(18), aes128-cts-hmac-sha1-96(17), aes256-cts-hmac-sha384-192(20), aes128-cts-hmac-sha256-128(19), DEPRECATED:des3-cbc-sha1(16), DEPRECATED:arcfour-hmac(23)}) 172.18.0.9: ISSUE: authtime 1671449064, etypes {rep=aes256-cts-hmac-sha1-96(18), tkt=aes256-cts-hmac-sha1-96(18), ses=aes256-cts-hmac-sha1-96(18)}, testuser/scm@EXAMPLE.COM for om/om@EXAMPLE.COM
datanode_3  | 	at org.apache.hadoop.ipc.Client.getRpcResponse(Client.java:1616)
om_1        | 2022-12-19 11:05:59,563 [om1-impl-thread1] INFO segmented.SegmentedRaftLogWorker: om1@group-C5BA1605619E-SegmentedRaftLogWorker: safeCacheEvictIndex: setUnconditionally 0 -> -1
om_1        | 2022-12-19 11:05:59,581 [om1-impl-thread1] INFO server.RaftServer$Division: om1@group-C5BA1605619E: start as a follower, conf=-1: peers:[om1|rpc:om:9872|priority:0|startupRole:FOLLOWER]|listeners:[], old=null
recon_1     | 2022-12-19 11:06:36,822 [Socket Reader #1 for port 9891] INFO ipc.Server: Auth successful for dn/dn@EXAMPLE.COM (auth:KERBEROS) from 172.18.0.6:46868
datanode_2  | 	at org.apache.hadoop.ipc.Client.getConnection(Client.java:1677)
kdc_1       | Dec 19 11:25:03 kdc krb5kdc[7](info): TGS_REQ (6 etypes {aes256-cts-hmac-sha1-96(18), aes128-cts-hmac-sha1-96(17), aes256-cts-hmac-sha384-192(20), aes128-cts-hmac-sha256-128(19), DEPRECATED:des3-cbc-sha1(16), DEPRECATED:arcfour-hmac(23)}) 172.18.0.9: ISSUE: authtime 1671449064, etypes {rep=aes256-cts-hmac-sha1-96(18), tkt=aes256-cts-hmac-sha1-96(18), ses=aes256-cts-hmac-sha1-96(18)}, testuser/scm@EXAMPLE.COM for om/om@EXAMPLE.COM
kdc_1       | Dec 19 11:25:08 kdc krb5kdc[7](info): TGS_REQ (6 etypes {aes256-cts-hmac-sha1-96(18), aes128-cts-hmac-sha1-96(17), aes256-cts-hmac-sha384-192(20), aes128-cts-hmac-sha256-128(19), DEPRECATED:des3-cbc-sha1(16), DEPRECATED:arcfour-hmac(23)}) 172.18.0.9: ISSUE: authtime 1671449064, etypes {rep=aes256-cts-hmac-sha1-96(18), tkt=aes256-cts-hmac-sha1-96(18), ses=aes256-cts-hmac-sha1-96(18)}, testuser/scm@EXAMPLE.COM for om/om@EXAMPLE.COM
kdc_1       | Dec 19 11:25:10 kdc krb5kdc[7](info): AS_REQ (8 etypes {aes256-cts-hmac-sha1-96(18), aes128-cts-hmac-sha1-96(17), aes256-cts-hmac-sha384-192(20), aes128-cts-hmac-sha256-128(19), DEPRECATED:des3-cbc-sha1(16), DEPRECATED:arcfour-hmac(23), camellia128-cts-cmac(25), camellia256-cts-cmac(26)}) 172.18.0.9: ISSUE: authtime 1671449110, etypes {rep=aes256-cts-hmac-sha1-96(18), tkt=aes256-cts-hmac-sha1-96(18), ses=aes256-cts-hmac-sha1-96(18)}, testuser/scm@EXAMPLE.COM for krbtgt/EXAMPLE.COM@EXAMPLE.COM
kdc_1       | Dec 19 11:25:14 kdc krb5kdc[7](info): TGS_REQ (6 etypes {aes256-cts-hmac-sha1-96(18), aes128-cts-hmac-sha1-96(17), aes256-cts-hmac-sha384-192(20), aes128-cts-hmac-sha256-128(19), DEPRECATED:des3-cbc-sha1(16), DEPRECATED:arcfour-hmac(23)}) 172.18.0.9: ISSUE: authtime 1671449110, etypes {rep=aes256-cts-hmac-sha1-96(18), tkt=aes256-cts-hmac-sha1-96(18), ses=aes256-cts-hmac-sha1-96(18)}, testuser/scm@EXAMPLE.COM for om/om@EXAMPLE.COM
datanode_3  | 	at org.apache.hadoop.ipc.Client.call(Client.java:1558)
datanode_3  | 	at org.apache.hadoop.ipc.Client.call(Client.java:1455)
om_1        | 2022-12-19 11:05:59,584 [om1-impl-thread1] INFO server.RaftServer$Division: om1@group-C5BA1605619E: changes role from      null to FOLLOWER at term 0 for startAsFollower
datanode_2  | 	at org.apache.hadoop.ipc.Client.call(Client.java:1502)
kdc_1       | Dec 19 11:25:23 kdc krb5kdc[7](info): TGS_REQ (6 etypes {aes256-cts-hmac-sha1-96(18), aes128-cts-hmac-sha1-96(17), aes256-cts-hmac-sha384-192(20), aes128-cts-hmac-sha256-128(19), DEPRECATED:des3-cbc-sha1(16), DEPRECATED:arcfour-hmac(23)}) 172.18.0.9: ISSUE: authtime 1671449110, etypes {rep=aes256-cts-hmac-sha1-96(18), tkt=aes256-cts-hmac-sha1-96(18), ses=aes256-cts-hmac-sha1-96(18)}, testuser/scm@EXAMPLE.COM for om/om@EXAMPLE.COM
scm_1       | 2022-12-19 11:04:57,484 [main] INFO netty.NettyConfigKeys$DataStream: setTlsConf GrpcTlsConfig0-
datanode_3  | 	at org.apache.hadoop.ipc.ProtobufRpcEngine$Invoker.invoke(ProtobufRpcEngine.java:235)
datanode_3  | 	at org.apache.hadoop.ipc.ProtobufRpcEngine$Invoker.invoke(ProtobufRpcEngine.java:122)
om_1        | 2022-12-19 11:05:59,598 [om1-impl-thread1] INFO impl.RoleInfo: om1: start om1@group-C5BA1605619E-FollowerState
datanode_2  | 	... 12 more
kdc_1       | Dec 19 11:25:29 kdc krb5kdc[7](info): TGS_REQ (6 etypes {aes256-cts-hmac-sha1-96(18), aes128-cts-hmac-sha1-96(17), aes256-cts-hmac-sha384-192(20), aes128-cts-hmac-sha256-128(19), DEPRECATED:des3-cbc-sha1(16), DEPRECATED:arcfour-hmac(23)}) 172.18.0.9: ISSUE: authtime 1671449110, etypes {rep=aes256-cts-hmac-sha1-96(18), tkt=aes256-cts-hmac-sha1-96(18), ses=aes256-cts-hmac-sha1-96(18)}, testuser/scm@EXAMPLE.COM for om/om@EXAMPLE.COM
datanode_1  | 2022-12-19 11:05:58,437 [e155640f-bd94-4475-a4ba-0e45d3d19410@group-4C4061119933-FollowerState] INFO impl.FollowerState: e155640f-bd94-4475-a4ba-0e45d3d19410@group-4C4061119933-FollowerState was interrupted
datanode_3  | 	at com.sun.proxy.$Proxy44.submitRequest(Unknown Source)
recon_1     | 2022-12-19 11:06:36,850 [Socket Reader #1 for port 9891] INFO authorize.ServiceAuthorizationManager: Authorization successful for dn/dn@EXAMPLE.COM (auth:KERBEROS) for protocol=interface org.apache.hadoop.ozone.protocol.ReconDatanodeProtocol
om_1        | 2022-12-19 11:05:59,624 [om1@group-C5BA1605619E-FollowerState] INFO server.RaftServerConfigKeys: raft.server.rpc.first-election.timeout.min = 5s (fallback to raft.server.rpc.timeout.min)
datanode_2  | Caused by: java.net.SocketTimeoutException: 5000 millis timeout while waiting for channel to be ready for read. ch : java.nio.channels.SocketChannel[connected local=/172.18.0.6:43762 remote=recon/172.18.0.4:9891]
scm_1       | 2022-12-19 11:04:57,542 [main] INFO server.RaftServer: raft.rpc.type = GRPC (default)
kdc_1       | Dec 19 11:25:35 kdc krb5kdc[7](info): TGS_REQ (6 etypes {aes256-cts-hmac-sha1-96(18), aes128-cts-hmac-sha1-96(17), aes256-cts-hmac-sha384-192(20), aes128-cts-hmac-sha256-128(19), DEPRECATED:des3-cbc-sha1(16), DEPRECATED:arcfour-hmac(23)}) 172.18.0.9: ISSUE: authtime 1671449110, etypes {rep=aes256-cts-hmac-sha1-96(18), tkt=aes256-cts-hmac-sha1-96(18), ses=aes256-cts-hmac-sha1-96(18)}, testuser/scm@EXAMPLE.COM for om/om@EXAMPLE.COM
datanode_3  | 	at org.apache.hadoop.ozone.protocolPB.StorageContainerDatanodeProtocolClientSideTranslatorPB.submitRequest(StorageContainerDatanodeProtocolClientSideTranslatorPB.java:117)
recon_1     | 2022-12-19 11:06:36,856 [IPC Server handler 4 on default port 9891] INFO scm.ReconNodeManager: Updating nodeDB for ozonesecure_datanode_2.ozonesecure_default
om_1        | 2022-12-19 11:05:59,630 [om1@group-C5BA1605619E-FollowerState] INFO server.RaftServerConfigKeys: raft.server.rpc.first-election.timeout.max = 5200ms (fallback to raft.server.rpc.timeout.max)
datanode_2  | 	at org.apache.hadoop.net.SocketIOWithTimeout.doIO(SocketIOWithTimeout.java:163)
scm_1       | 2022-12-19 11:04:57,618 [main] INFO grpc.GrpcConfigKeys: raft.grpc.admin.host = null (fallback to raft.grpc.server.host)
kdc_1       | Dec 19 11:25:41 kdc krb5kdc[7](info): TGS_REQ (6 etypes {aes256-cts-hmac-sha1-96(18), aes128-cts-hmac-sha1-96(17), aes256-cts-hmac-sha384-192(20), aes128-cts-hmac-sha256-128(19), DEPRECATED:des3-cbc-sha1(16), DEPRECATED:arcfour-hmac(23)}) 172.18.0.9: ISSUE: authtime 1671449110, etypes {rep=aes256-cts-hmac-sha1-96(18), tkt=aes256-cts-hmac-sha1-96(18), ses=aes256-cts-hmac-sha1-96(18)}, testuser/scm@EXAMPLE.COM for om/om@EXAMPLE.COM
datanode_2  | 	at org.apache.hadoop.net.SocketInputStream.read(SocketInputStream.java:161)
datanode_2  | 	at org.apache.hadoop.net.SocketInputStream.read(SocketInputStream.java:131)
datanode_1  | 2022-12-19 11:05:58,438 [grpc-default-executor-1] INFO server.RaftServer$Division: e155640f-bd94-4475-a4ba-0e45d3d19410@group-4C4061119933: changes role from  FOLLOWER to CANDIDATE at term 1 for changeToCandidate
datanode_1  | 2022-12-19 11:05:58,460 [grpc-default-executor-1] INFO impl.RoleInfo: e155640f-bd94-4475-a4ba-0e45d3d19410: start e155640f-bd94-4475-a4ba-0e45d3d19410@group-4C4061119933-LeaderElection1
datanode_1  | 2022-12-19 11:05:58,471 [e155640f-bd94-4475-a4ba-0e45d3d19410@group-4C4061119933-LeaderElection1] INFO server.RaftServer$Division: e155640f-bd94-4475-a4ba-0e45d3d19410@group-4C4061119933: change Leader from e49f6978-e43e-4e1c-a391-eca589a02639 to null at term 1 for ELECTION
datanode_3  | 	at org.apache.hadoop.ozone.protocolPB.StorageContainerDatanodeProtocolClientSideTranslatorPB.getVersion(StorageContainerDatanodeProtocolClientSideTranslatorPB.java:133)
datanode_2  | 	at java.base/java.io.FilterInputStream.read(FilterInputStream.java:133)
recon_1     | 2022-12-19 11:06:36,914 [FixedThreadPoolWithAffinityExecutor-9-0] INFO scm.ReconContainerManager: Successfully added container #1 to Recon.
kdc_1       | Dec 19 11:25:46 kdc krb5kdc[7](info): TGS_REQ (6 etypes {aes256-cts-hmac-sha1-96(18), aes128-cts-hmac-sha1-96(17), aes256-cts-hmac-sha384-192(20), aes128-cts-hmac-sha256-128(19), DEPRECATED:des3-cbc-sha1(16), DEPRECATED:arcfour-hmac(23)}) 172.18.0.9: ISSUE: authtime 1671449110, etypes {rep=aes256-cts-hmac-sha1-96(18), tkt=aes256-cts-hmac-sha1-96(18), ses=aes256-cts-hmac-sha1-96(18)}, testuser/scm@EXAMPLE.COM for om/om@EXAMPLE.COM
datanode_3  | 	at org.apache.hadoop.ozone.container.common.states.endpoint.VersionEndpointTask.call(VersionEndpointTask.java:69)
datanode_2  | 	at java.base/java.io.BufferedInputStream.fill(BufferedInputStream.java:252)
recon_1     | 2022-12-19 11:06:37,136 [Socket Reader #1 for port 9891] INFO ipc.Server: Auth successful for dn/dn@EXAMPLE.COM (auth:KERBEROS) from 172.18.0.7:44904
kdc_1       | Dec 19 11:25:52 kdc krb5kdc[7](info): TGS_REQ (6 etypes {aes256-cts-hmac-sha1-96(18), aes128-cts-hmac-sha1-96(17), aes256-cts-hmac-sha384-192(20), aes128-cts-hmac-sha256-128(19), DEPRECATED:des3-cbc-sha1(16), DEPRECATED:arcfour-hmac(23)}) 172.18.0.9: ISSUE: authtime 1671449110, etypes {rep=aes256-cts-hmac-sha1-96(18), tkt=aes256-cts-hmac-sha1-96(18), ses=aes256-cts-hmac-sha1-96(18)}, testuser/scm@EXAMPLE.COM for om/om@EXAMPLE.COM
datanode_3  | 	at org.apache.hadoop.ozone.container.common.states.endpoint.VersionEndpointTask.call(VersionEndpointTask.java:40)
om_1        | 2022-12-19 11:05:59,631 [om1-impl-thread1] INFO util.JmxRegister: Successfully registered JMX Bean with object name Ratis:service=RaftServer,group=group-C5BA1605619E,id=om1
recon_1     | 2022-12-19 11:06:37,238 [Socket Reader #1 for port 9891] INFO authorize.ServiceAuthorizationManager: Authorization successful for dn/dn@EXAMPLE.COM (auth:KERBEROS) for protocol=interface org.apache.hadoop.ozone.protocol.ReconDatanodeProtocol
kdc_1       | Dec 19 11:25:57 kdc krb5kdc[7](info): TGS_REQ (6 etypes {aes256-cts-hmac-sha1-96(18), aes128-cts-hmac-sha1-96(17), aes256-cts-hmac-sha384-192(20), aes128-cts-hmac-sha256-128(19), DEPRECATED:des3-cbc-sha1(16), DEPRECATED:arcfour-hmac(23)}) 172.18.0.9: ISSUE: authtime 1671449110, etypes {rep=aes256-cts-hmac-sha1-96(18), tkt=aes256-cts-hmac-sha1-96(18), ses=aes256-cts-hmac-sha1-96(18)}, testuser/scm@EXAMPLE.COM for om/om@EXAMPLE.COM
kdc_1       | Dec 19 11:25:59 kdc krb5kdc[7](info): AS_REQ (8 etypes {aes256-cts-hmac-sha1-96(18), aes128-cts-hmac-sha1-96(17), aes256-cts-hmac-sha384-192(20), aes128-cts-hmac-sha256-128(19), DEPRECATED:des3-cbc-sha1(16), DEPRECATED:arcfour-hmac(23), camellia128-cts-cmac(25), camellia256-cts-cmac(26)}) 172.18.0.9: ISSUE: authtime 1671449159, etypes {rep=aes256-cts-hmac-sha1-96(18), tkt=aes256-cts-hmac-sha1-96(18), ses=aes256-cts-hmac-sha1-96(18)}, testuser/scm@EXAMPLE.COM for krbtgt/EXAMPLE.COM@EXAMPLE.COM
kdc_1       | Dec 19 11:26:04 kdc krb5kdc[7](info): TGS_REQ (6 etypes {aes256-cts-hmac-sha1-96(18), aes128-cts-hmac-sha1-96(17), aes256-cts-hmac-sha384-192(20), aes128-cts-hmac-sha256-128(19), DEPRECATED:des3-cbc-sha1(16), DEPRECATED:arcfour-hmac(23)}) 172.18.0.9: ISSUE: authtime 1671449159, etypes {rep=aes256-cts-hmac-sha1-96(18), tkt=aes256-cts-hmac-sha1-96(18), ses=aes256-cts-hmac-sha1-96(18)}, testuser/scm@EXAMPLE.COM for om/om@EXAMPLE.COM
datanode_3  | 	at java.base/java.util.concurrent.FutureTask.run(FutureTask.java:264)
datanode_3  | 	at java.base/java.util.concurrent.ThreadPoolExecutor.runWorker(ThreadPoolExecutor.java:1128)
recon_1     | 2022-12-19 11:06:37,239 [IPC Server handler 44 on default port 9891] INFO scm.ReconNodeManager: Sending ReregisterCommand() for ozonesecure_datanode_3.ozonesecure_default
kdc_1       | Dec 19 11:26:09 kdc krb5kdc[7](info): TGS_REQ (6 etypes {aes256-cts-hmac-sha1-96(18), aes128-cts-hmac-sha1-96(17), aes256-cts-hmac-sha384-192(20), aes128-cts-hmac-sha256-128(19), DEPRECATED:des3-cbc-sha1(16), DEPRECATED:arcfour-hmac(23)}) 172.18.0.9: ISSUE: authtime 1671449159, etypes {rep=aes256-cts-hmac-sha1-96(18), tkt=aes256-cts-hmac-sha1-96(18), ses=aes256-cts-hmac-sha1-96(18)}, testuser/scm@EXAMPLE.COM for om/om@EXAMPLE.COM
datanode_1  | 2022-12-19 11:05:58,481 [e155640f-bd94-4475-a4ba-0e45d3d19410@group-4C4061119933-LeaderElection1] INFO impl.LeaderElection: e155640f-bd94-4475-a4ba-0e45d3d19410@group-4C4061119933-LeaderElection1 ELECTION round 0: submit vote requests at term 2 for 0: peers:[0a3ec6da-a389-4d27-bedc-de454839d355|rpc:172.18.0.6:9856|admin:172.18.0.6:9857|client:172.18.0.6:9858|dataStream:172.18.0.6:9855|priority:0|startupRole:FOLLOWER, e155640f-bd94-4475-a4ba-0e45d3d19410|rpc:172.18.0.8:9856|admin:172.18.0.8:9857|client:172.18.0.8:9858|dataStream:172.18.0.8:9855|priority:1|startupRole:FOLLOWER, e49f6978-e43e-4e1c-a391-eca589a02639|rpc:172.18.0.7:9856|admin:172.18.0.7:9857|client:172.18.0.7:9858|dataStream:172.18.0.7:9855|priority:0|startupRole:FOLLOWER]|listeners:[], old=null
datanode_1  | 2022-12-19 11:05:58,512 [e155640f-bd94-4475-a4ba-0e45d3d19410@group-4C4061119933-LeaderElection1-1] INFO server.GrpcServerProtocolClient: Build channel for 0a3ec6da-a389-4d27-bedc-de454839d355
datanode_3  | 	at java.base/java.util.concurrent.ThreadPoolExecutor$Worker.run(ThreadPoolExecutor.java:628)
datanode_3  | 	at java.base/java.lang.Thread.run(Thread.java:829)
recon_1     | 2022-12-19 11:07:06,331 [Socket Reader #1 for port 9891] INFO ipc.Server: Auth successful for dn/dn@EXAMPLE.COM (auth:KERBEROS) from 172.18.0.8:39530
scm_1       | 2022-12-19 11:04:57,620 [main] INFO grpc.GrpcConfigKeys: raft.grpc.admin.port = 9894 (fallback to raft.grpc.server.port)
datanode_3  | Caused by: java.io.IOException: java.net.SocketTimeoutException: 5000 millis timeout while waiting for channel to be ready for read. ch : java.nio.channels.SocketChannel[connected local=/172.18.0.7:33540 remote=recon/172.18.0.4:9891]
datanode_2  | 	at java.base/java.io.BufferedInputStream.read(BufferedInputStream.java:271)
recon_1     | 2022-12-19 11:07:06,347 [Socket Reader #1 for port 9891] INFO authorize.ServiceAuthorizationManager: Authorization successful for dn/dn@EXAMPLE.COM (auth:KERBEROS) for protocol=interface org.apache.hadoop.ozone.protocol.ReconDatanodeProtocol
kdc_1       | Dec 19 11:26:15 kdc krb5kdc[7](info): TGS_REQ (6 etypes {aes256-cts-hmac-sha1-96(18), aes128-cts-hmac-sha1-96(17), aes256-cts-hmac-sha384-192(20), aes128-cts-hmac-sha256-128(19), DEPRECATED:des3-cbc-sha1(16), DEPRECATED:arcfour-hmac(23)}) 172.18.0.9: ISSUE: authtime 1671449159, etypes {rep=aes256-cts-hmac-sha1-96(18), tkt=aes256-cts-hmac-sha1-96(18), ses=aes256-cts-hmac-sha1-96(18)}, testuser/scm@EXAMPLE.COM for om/om@EXAMPLE.COM
datanode_2  | 	at java.base/java.io.DataInputStream.readInt(DataInputStream.java:392)
datanode_3  | 	at org.apache.hadoop.ipc.Client$Connection$1.run(Client.java:798)
datanode_3  | 	at java.base/java.security.AccessController.doPrivileged(Native Method)
datanode_3  | 	at java.base/javax.security.auth.Subject.doAs(Subject.java:423)
datanode_3  | 	at org.apache.hadoop.security.UserGroupInformation.doAs(UserGroupInformation.java:1878)
recon_1     | 2022-12-19 11:07:06,723 [Socket Reader #1 for port 9891] INFO ipc.Server: Auth successful for dn/dn@EXAMPLE.COM (auth:KERBEROS) from 172.18.0.6:60682
datanode_2  | 	at org.apache.hadoop.ipc.Client$IpcStreams.readResponse(Client.java:1922)
datanode_2  | 	at org.apache.hadoop.security.SaslRpcClient.saslConnect(SaslRpcClient.java:367)
datanode_1  | 2022-12-19 11:05:58,513 [e155640f-bd94-4475-a4ba-0e45d3d19410@group-4C4061119933-LeaderElection1-2] INFO server.GrpcServerProtocolClient: Build channel for e49f6978-e43e-4e1c-a391-eca589a02639
datanode_1  | 2022-12-19 11:05:59,051 [grpc-default-executor-0] INFO server.GrpcServerProtocolService: e155640f-bd94-4475-a4ba-0e45d3d19410: Completed APPEND_ENTRIES, lastRequest: null
datanode_1  | 2022-12-19 11:05:59,062 [grpc-default-executor-1] INFO server.GrpcServerProtocolService: e155640f-bd94-4475-a4ba-0e45d3d19410: Completed APPEND_ENTRIES, lastRequest: e49f6978-e43e-4e1c-a391-eca589a02639->e155640f-bd94-4475-a4ba-0e45d3d19410#5-t1,previous=(t:0, i:0),leaderCommit=0,initializing? true,entries: size=1, first=(t:1, i:0), CONFIGURATIONENTRY(current:id: "0a3ec6da-a389-4d27-bedc-de454839d355"
recon_1     | 2022-12-19 11:07:06,734 [Socket Reader #1 for port 9891] INFO authorize.ServiceAuthorizationManager: Authorization successful for dn/dn@EXAMPLE.COM (auth:KERBEROS) for protocol=interface org.apache.hadoop.ozone.protocol.ReconDatanodeProtocol
datanode_2  | 	at org.apache.hadoop.ipc.Client$Connection.setupSaslConnection(Client.java:623)
om_1        | 2022-12-19 11:05:59,652 [om1-impl-thread1] INFO server.RaftServerConfigKeys: raft.server.snapshot.auto.trigger.enabled = true (custom)
recon_1     | 2022-12-19 11:07:07,055 [Socket Reader #1 for port 9891] INFO ipc.Server: Auth successful for dn/dn@EXAMPLE.COM (auth:KERBEROS) from 172.18.0.7:57506
recon_1     | 2022-12-19 11:07:07,074 [Socket Reader #1 for port 9891] INFO authorize.ServiceAuthorizationManager: Authorization successful for dn/dn@EXAMPLE.COM (auth:KERBEROS) for protocol=interface org.apache.hadoop.ozone.protocol.ReconDatanodeProtocol
datanode_2  | 	at org.apache.hadoop.ipc.Client$Connection.access$2300(Client.java:414)
om_1        | 2022-12-19 11:05:59,657 [om1-impl-thread1] INFO server.RaftServerConfigKeys: raft.server.snapshot.auto.trigger.threshold = 400000 (default)
recon_1     | 2022-12-19 11:07:07,076 [IPC Server handler 27 on default port 9891] INFO scm.ReconNodeManager: Updating nodeDB for ozonesecure_datanode_3.ozonesecure_default
datanode_3  | 	at org.apache.hadoop.ipc.Client$Connection.handleSaslConnectionFailure(Client.java:752)
scm_1       | 2022-12-19 11:04:57,621 [main] INFO grpc.GrpcConfigKeys: raft.grpc.client.host = null (fallback to raft.grpc.server.host)
scm_1       | 2022-12-19 11:04:57,625 [main] INFO grpc.GrpcConfigKeys: raft.grpc.client.port = 9894 (fallback to raft.grpc.server.port)
scm_1       | 2022-12-19 11:04:57,625 [main] INFO grpc.GrpcConfigKeys: raft.grpc.server.host = null (default)
datanode_2  | 	at org.apache.hadoop.ipc.Client$Connection$2.run(Client.java:843)
recon_1     | 2022-12-19 11:07:19,869 [pool-29-thread-1] INFO impl.OzoneManagerServiceProviderImpl: Syncing data from Ozone Manager.
recon_1     | 2022-12-19 11:07:19,875 [pool-29-thread-1] INFO codec.RepeatedOmKeyInfoCodec: RepeatedOmKeyInfoCodec ignorePipeline = true
scm_1       | 2022-12-19 11:04:57,626 [main] INFO grpc.GrpcConfigKeys: raft.grpc.server.port = 9894 (custom)
datanode_1  | address: "172.18.0.6:9856"
datanode_1  | dataStreamAddress: "172.18.0.6:9855"
datanode_2  | 	at org.apache.hadoop.ipc.Client$Connection$2.run(Client.java:839)
datanode_3  | 	at org.apache.hadoop.ipc.Client$Connection.setupIOstreams(Client.java:856)
datanode_1  | clientAddress: "172.18.0.6:9858"
datanode_1  | adminAddress: "172.18.0.6:9857"
datanode_2  | 	at java.base/java.security.AccessController.doPrivileged(Native Method)
datanode_2  | 	at java.base/javax.security.auth.Subject.doAs(Subject.java:423)
datanode_3  | 	at org.apache.hadoop.ipc.Client$Connection.access$3800(Client.java:414)
datanode_1  | startupRole: FOLLOWER
datanode_1  | ,id: "e155640f-bd94-4475-a4ba-0e45d3d19410"
datanode_2  | 	at org.apache.hadoop.security.UserGroupInformation.doAs(UserGroupInformation.java:1878)
datanode_2  | 	at org.apache.hadoop.ipc.Client$Connection.setupIOstreams(Client.java:839)
scm_1       | 2022-12-19 11:04:57,627 [main] INFO server.GrpcService: raft.grpc.message.size.max = 32m (=33554432) (custom)
scm_1       | 2022-12-19 11:04:57,630 [main] INFO server.RaftServerConfigKeys: raft.server.log.appender.buffer.byte-limit = 33554432 (custom)
datanode_3  | 	at org.apache.hadoop.ipc.Client.getConnection(Client.java:1677)
datanode_2  | 	... 15 more
datanode_2  | 2022-12-19 11:05:48,054 [grpc-default-executor-0] INFO server.RaftServer: 0a3ec6da-a389-4d27-bedc-de454839d355: addNew group-4C4061119933:[0a3ec6da-a389-4d27-bedc-de454839d355|rpc:172.18.0.6:9856|admin:172.18.0.6:9857|client:172.18.0.6:9858|dataStream:172.18.0.6:9855|priority:0|startupRole:FOLLOWER, e155640f-bd94-4475-a4ba-0e45d3d19410|rpc:172.18.0.8:9856|admin:172.18.0.8:9857|client:172.18.0.8:9858|dataStream:172.18.0.8:9855|priority:1|startupRole:FOLLOWER, e49f6978-e43e-4e1c-a391-eca589a02639|rpc:172.18.0.7:9856|admin:172.18.0.7:9857|client:172.18.0.7:9858|dataStream:172.18.0.7:9855|priority:0|startupRole:FOLLOWER] returns group-4C4061119933:java.util.concurrent.CompletableFuture@1f0c8555[Not completed]
scm_1       | 2022-12-19 11:04:57,632 [main] INFO server.GrpcService: raft.grpc.flow.control.window = 1MB (=1048576) (default)
recon_1     | 2022-12-19 11:07:19,876 [pool-29-thread-1] INFO codec.OmKeyInfoCodec: OmKeyInfoCodec ignorePipeline = true
recon_1     | 2022-12-19 11:07:19,876 [pool-29-thread-1] INFO codec.OmKeyInfoCodec: OmKeyInfoCodec ignorePipeline = true
om_1        | 2022-12-19 11:05:59,658 [om1-impl-thread1] INFO server.RaftServerConfigKeys: raft.server.snapshot.retention.file.num = -1 (default)
datanode_2  | 2022-12-19 11:05:48,177 [pool-23-thread-1] INFO server.RaftServer$Division: 0a3ec6da-a389-4d27-bedc-de454839d355: new RaftServerImpl for group-4C4061119933:[0a3ec6da-a389-4d27-bedc-de454839d355|rpc:172.18.0.6:9856|admin:172.18.0.6:9857|client:172.18.0.6:9858|dataStream:172.18.0.6:9855|priority:0|startupRole:FOLLOWER, e155640f-bd94-4475-a4ba-0e45d3d19410|rpc:172.18.0.8:9856|admin:172.18.0.8:9857|client:172.18.0.8:9858|dataStream:172.18.0.8:9855|priority:1|startupRole:FOLLOWER, e49f6978-e43e-4e1c-a391-eca589a02639|rpc:172.18.0.7:9856|admin:172.18.0.7:9857|client:172.18.0.7:9858|dataStream:172.18.0.7:9855|priority:0|startupRole:FOLLOWER] with ContainerStateMachine:uninitialized
datanode_2  | 2022-12-19 11:05:48,189 [pool-23-thread-1] INFO server.RaftServerConfigKeys: raft.server.rpc.timeout.min = 5s (custom)
datanode_2  | 2022-12-19 11:05:48,197 [pool-23-thread-1] INFO server.RaftServerConfigKeys: raft.server.rpc.timeout.max = 5200ms (custom)
datanode_2  | 2022-12-19 11:05:48,197 [pool-23-thread-1] INFO server.RaftServerConfigKeys: raft.server.rpc.sleep.time = 25ms (default)
kdc_1       | Dec 19 11:26:20 kdc krb5kdc[7](info): TGS_REQ (6 etypes {aes256-cts-hmac-sha1-96(18), aes128-cts-hmac-sha1-96(17), aes256-cts-hmac-sha384-192(20), aes128-cts-hmac-sha256-128(19), DEPRECATED:des3-cbc-sha1(16), DEPRECATED:arcfour-hmac(23)}) 172.18.0.9: ISSUE: authtime 1671449159, etypes {rep=aes256-cts-hmac-sha1-96(18), tkt=aes256-cts-hmac-sha1-96(18), ses=aes256-cts-hmac-sha1-96(18)}, testuser/scm@EXAMPLE.COM for om/om@EXAMPLE.COM
recon_1     | 2022-12-19 11:07:19,877 [pool-29-thread-1] INFO codec.OmKeyInfoCodec: OmKeyInfoCodec ignorePipeline = true
scm_1       | 2022-12-19 11:04:57,634 [main] INFO server.RaftServerConfigKeys: raft.server.rpc.request.timeout = 30000ms (custom)
scm_1       | 2022-12-19 11:04:57,648 [main] INFO grpc.GrpcConfigKeys: raft.grpc.server.heartbeat.channel = true (default)
scm_1       | 2022-12-19 11:04:57,651 [main] INFO grpc.GrpcConfigKeys: raft.grpc.server.async.request.thread.pool.cached = true (default)
datanode_2  | 2022-12-19 11:05:48,198 [pool-23-thread-1] INFO server.RaftServerConfigKeys: raft.server.rpc.slowness.timeout = 300s (custom)
datanode_2  | 2022-12-19 11:05:48,198 [pool-23-thread-1] INFO server.RaftServerConfigKeys: raft.server.leaderelection.leader.step-down.wait-time = 10s (default)
recon_1     | 2022-12-19 11:07:19,877 [pool-29-thread-1] INFO codec.OmKeyInfoCodec: OmKeyInfoCodec ignorePipeline = true
scm_1       | 2022-12-19 11:04:57,652 [main] INFO grpc.GrpcConfigKeys: raft.grpc.server.async.request.thread.pool.size = 32 (default)
datanode_1  | address: "172.18.0.8:9856"
datanode_1  | priority: 1
datanode_2  | 2022-12-19 11:05:48,200 [pool-23-thread-1] INFO server.RaftServerConfigKeys: raft.server.sleep.deviation.threshold = 300ms (default)
datanode_2  | 2022-12-19 11:05:48,244 [pool-23-thread-1] INFO server.RaftServer$Division: 0a3ec6da-a389-4d27-bedc-de454839d355@group-4C4061119933: ConfigurationManager, init=-1: peers:[0a3ec6da-a389-4d27-bedc-de454839d355|rpc:172.18.0.6:9856|admin:172.18.0.6:9857|client:172.18.0.6:9858|dataStream:172.18.0.6:9855|priority:0|startupRole:FOLLOWER, e155640f-bd94-4475-a4ba-0e45d3d19410|rpc:172.18.0.8:9856|admin:172.18.0.8:9857|client:172.18.0.8:9858|dataStream:172.18.0.8:9855|priority:1|startupRole:FOLLOWER, e49f6978-e43e-4e1c-a391-eca589a02639|rpc:172.18.0.7:9856|admin:172.18.0.7:9857|client:172.18.0.7:9858|dataStream:172.18.0.7:9855|priority:0|startupRole:FOLLOWER]|listeners:[], old=null, confs=<EMPTY_MAP>
recon_1     | 2022-12-19 11:07:19,877 [pool-29-thread-1] INFO codec.OmKeyInfoCodec: OmKeyInfoCodec ignorePipeline = true
scm_1       | 2022-12-19 11:04:58,205 [main] INFO impl.DataStreamServerImpl: raft.datastream.type = NETTY (custom)
datanode_1  | dataStreamAddress: "172.18.0.8:9855"
datanode_1  | clientAddress: "172.18.0.8:9858"
datanode_2  | 2022-12-19 11:05:48,246 [pool-23-thread-1] INFO server.RaftServerConfigKeys: raft.server.storage.dir = [/data/metadata/ratis] (custom)
datanode_2  | 2022-12-19 11:05:48,264 [pool-23-thread-1] INFO server.RaftServerConfigKeys: raft.server.log.corruption.policy = EXCEPTION (default)
recon_1     | 2022-12-19 11:07:19,877 [pool-29-thread-1] INFO impl.OzoneManagerServiceProviderImpl: Obtaining delta updates from Ozone Manager
scm_1       | 2022-12-19 11:04:58,337 [main] INFO server.RaftServerConfigKeys: raft.server.data-stream.async.request.thread.pool.cached = false (default)
scm_1       | 2022-12-19 11:04:58,339 [main] INFO server.RaftServerConfigKeys: raft.server.data-stream.async.request.thread.pool.size = 32 (default)
om_1        | 2022-12-19 11:05:59,661 [om1-impl-thread1] INFO server.RaftServerConfigKeys: raft.server.log.purge.upto.snapshot.index = true (custom)
datanode_2  | 2022-12-19 11:05:48,273 [pool-23-thread-1] INFO server.RaftServerConfigKeys: raft.server.storage.free-space.min = 0MB (=0) (default)
datanode_2  | 2022-12-19 11:05:48,294 [pool-23-thread-1] INFO server.RaftServerConfigKeys: raft.server.notification.no-leader.timeout = 300s (custom)
recon_1     | 2022-12-19 11:07:19,877 [pool-29-thread-1] INFO impl.OzoneManagerServiceProviderImpl: OriginalFromSequenceNumber : 4 
datanode_1  | adminAddress: "172.18.0.8:9857"
scm_1       | 2022-12-19 11:04:58,339 [main] INFO server.RaftServerConfigKeys: raft.server.data-stream.async.write.thread.pool.size = 16 (default)
om_1        | 2022-12-19 11:05:59,682 [Listener at om/9862] INFO server.RaftServer: om1: start RPC server
datanode_2  | 2022-12-19 11:05:48,314 [pool-23-thread-1] INFO server.RaftServerConfigKeys: raft.server.retrycache.expirytime = 600000ms (custom)
datanode_2  | 2022-12-19 11:05:48,330 [pool-23-thread-1] INFO server.RaftServerConfigKeys: raft.server.retrycache.statistics.expirytime = 100?s (default)
kdc_1       | Dec 19 11:26:26 kdc krb5kdc[7](info): TGS_REQ (6 etypes {aes256-cts-hmac-sha1-96(18), aes128-cts-hmac-sha1-96(17), aes256-cts-hmac-sha384-192(20), aes128-cts-hmac-sha256-128(19), DEPRECATED:des3-cbc-sha1(16), DEPRECATED:arcfour-hmac(23)}) 172.18.0.9: ISSUE: authtime 1671449159, etypes {rep=aes256-cts-hmac-sha1-96(18), tkt=aes256-cts-hmac-sha1-96(18), ses=aes256-cts-hmac-sha1-96(18)}, testuser/scm@EXAMPLE.COM for om/om@EXAMPLE.COM
recon_1     | 2022-12-19 11:07:20,044 [pool-29-thread-1] INFO impl.OzoneManagerServiceProviderImpl: Number of updates received from OM : 7, SequenceNumber diff: 19, SequenceNumber Lag from OM 0.
datanode_1  | startupRole: FOLLOWER
datanode_1  | ,id: "e49f6978-e43e-4e1c-a391-eca589a02639"
datanode_1  | address: "172.18.0.7:9856"
datanode_2  | 2022-12-19 11:05:48,509 [pool-23-thread-1] INFO server.RaftServerConfigKeys: raft.server.log.appender.install.snapshot.enabled = false (custom)
datanode_2  | 2022-12-19 11:05:48,510 [pool-23-thread-1] INFO server.RaftServerConfigKeys: raft.server.threadpool.server.cached = true (default)
kdc_1       | Dec 19 11:26:32 kdc krb5kdc[7](info): TGS_REQ (6 etypes {aes256-cts-hmac-sha1-96(18), aes128-cts-hmac-sha1-96(17), aes256-cts-hmac-sha384-192(20), aes128-cts-hmac-sha256-128(19), DEPRECATED:des3-cbc-sha1(16), DEPRECATED:arcfour-hmac(23)}) 172.18.0.9: ISSUE: authtime 1671449159, etypes {rep=aes256-cts-hmac-sha1-96(18), tkt=aes256-cts-hmac-sha1-96(18), ses=aes256-cts-hmac-sha1-96(18)}, testuser/scm@EXAMPLE.COM for om/om@EXAMPLE.COM
recon_1     | 2022-12-19 11:07:20,045 [pool-29-thread-1] INFO impl.OzoneManagerServiceProviderImpl: Delta updates received from OM : 1 loops, 19 records
recon_1     | 2022-12-19 11:07:20,054 [pool-30-thread-1] INFO tasks.NSSummaryTaskWithFSO: Completed a process run of NSSummaryTaskWithFSO
recon_1     | 2022-12-19 11:07:20,059 [pool-30-thread-1] INFO tasks.NSSummaryTaskWithLegacy: Completed a process run of NSSummaryTaskWithLegacy
scm_1       | 2022-12-19 11:04:58,340 [main] INFO server.RaftServerConfigKeys: raft.server.data-stream.client.pool.size = 10 (default)
om_1        | 2022-12-19 11:05:59,768 [Listener at om/9862] INFO server.GrpcService: om1: GrpcService started, listening on 9872
om_1        | 2022-12-19 11:05:59,806 [JvmPauseMonitor0] INFO util.JvmPauseMonitor: JvmPauseMonitor-om1: Started
om_1        | 2022-12-19 11:05:59,810 [Listener at om/9862] INFO om.OzoneManager: Starting OM block token secret manager
kdc_1       | Dec 19 11:26:38 kdc krb5kdc[7](info): TGS_REQ (6 etypes {aes256-cts-hmac-sha1-96(18), aes128-cts-hmac-sha1-96(17), aes256-cts-hmac-sha384-192(20), aes128-cts-hmac-sha256-128(19), DEPRECATED:des3-cbc-sha1(16), DEPRECATED:arcfour-hmac(23)}) 172.18.0.9: ISSUE: authtime 1671449159, etypes {rep=aes256-cts-hmac-sha1-96(18), tkt=aes256-cts-hmac-sha1-96(18), ses=aes256-cts-hmac-sha1-96(18)}, testuser/scm@EXAMPLE.COM for om/om@EXAMPLE.COM
datanode_3  | 	at org.apache.hadoop.ipc.Client.call(Client.java:1502)
datanode_3  | 	... 12 more
scm_1       | 2022-12-19 11:04:58,347 [main] INFO netty.NettyConfigKeys$DataStream: raft.netty.dataStream.server.use-epoll = false (default)
om_1        | 2022-12-19 11:05:59,814 [Listener at om/9862] INFO token.OzoneBlockTokenSecretManager: Updating the current master key for generating tokens
kdc_1       | Dec 19 11:26:47 kdc krb5kdc[7](info): TGS_REQ (6 etypes {aes256-cts-hmac-sha1-96(18), aes128-cts-hmac-sha1-96(17), aes256-cts-hmac-sha384-192(20), aes128-cts-hmac-sha256-128(19), DEPRECATED:des3-cbc-sha1(16), DEPRECATED:arcfour-hmac(23)}) 172.18.0.9: ISSUE: authtime 1671449159, etypes {rep=aes256-cts-hmac-sha1-96(18), tkt=aes256-cts-hmac-sha1-96(18), ses=aes256-cts-hmac-sha1-96(18)}, testuser/scm@EXAMPLE.COM for om/om@EXAMPLE.COM
kdc_1       | Dec 19 11:26:48 kdc krb5kdc[7](info): AS_REQ (8 etypes {aes256-cts-hmac-sha1-96(18), aes128-cts-hmac-sha1-96(17), aes256-cts-hmac-sha384-192(20), aes128-cts-hmac-sha256-128(19), DEPRECATED:des3-cbc-sha1(16), DEPRECATED:arcfour-hmac(23), camellia128-cts-cmac(25), camellia256-cts-cmac(26)}) 172.18.0.9: ISSUE: authtime 1671449208, etypes {rep=aes256-cts-hmac-sha1-96(18), tkt=aes256-cts-hmac-sha1-96(18), ses=aes256-cts-hmac-sha1-96(18)}, testuser/scm@EXAMPLE.COM for krbtgt/EXAMPLE.COM@EXAMPLE.COM
kdc_1       | Dec 19 11:26:52 kdc krb5kdc[7](info): TGS_REQ (6 etypes {aes256-cts-hmac-sha1-96(18), aes128-cts-hmac-sha1-96(17), aes256-cts-hmac-sha384-192(20), aes128-cts-hmac-sha256-128(19), DEPRECATED:des3-cbc-sha1(16), DEPRECATED:arcfour-hmac(23)}) 172.18.0.9: ISSUE: authtime 1671449208, etypes {rep=aes256-cts-hmac-sha1-96(18), tkt=aes256-cts-hmac-sha1-96(18), ses=aes256-cts-hmac-sha1-96(18)}, testuser/scm@EXAMPLE.COM for om/om@EXAMPLE.COM
datanode_3  | Caused by: java.net.SocketTimeoutException: 5000 millis timeout while waiting for channel to be ready for read. ch : java.nio.channels.SocketChannel[connected local=/172.18.0.7:33540 remote=recon/172.18.0.4:9891]
datanode_3  | 	at org.apache.hadoop.net.SocketIOWithTimeout.doIO(SocketIOWithTimeout.java:163)
scm_1       | 2022-12-19 11:04:58,349 [main] INFO netty.NettyConfigKeys$DataStream: raft.netty.dataStream.server.boss-group.size = 0 (default)
datanode_3  | 	at org.apache.hadoop.net.SocketInputStream.read(SocketInputStream.java:161)
datanode_3  | 	at org.apache.hadoop.net.SocketInputStream.read(SocketInputStream.java:131)
scm_1       | 2022-12-19 11:04:58,355 [main] INFO netty.NettyConfigKeys$DataStream: raft.netty.dataStream.server.worker-group.size = 0 (default)
scm_1       | 2022-12-19 11:04:58,356 [main] INFO netty.NettyConfigKeys$DataStream: raft.netty.dataStream.server.tls.conf = GrpcTlsConfig0- (custom)
scm_1       | 2022-12-19 11:04:58,399 [main] INFO netty.NettyConfigKeys$DataStream: raft.netty.dataStream.host = null (default)
scm_1       | 2022-12-19 11:04:58,400 [main] INFO netty.NettyConfigKeys$DataStream: raft.netty.dataStream.port = 0 (default)
kdc_1       | Dec 19 11:26:58 kdc krb5kdc[7](info): TGS_REQ (6 etypes {aes256-cts-hmac-sha1-96(18), aes128-cts-hmac-sha1-96(17), aes256-cts-hmac-sha384-192(20), aes128-cts-hmac-sha256-128(19), DEPRECATED:des3-cbc-sha1(16), DEPRECATED:arcfour-hmac(23)}) 172.18.0.9: ISSUE: authtime 1671449208, etypes {rep=aes256-cts-hmac-sha1-96(18), tkt=aes256-cts-hmac-sha1-96(18), ses=aes256-cts-hmac-sha1-96(18)}, testuser/scm@EXAMPLE.COM for om/om@EXAMPLE.COM
kdc_1       | Dec 19 11:27:03 kdc krb5kdc[7](info): TGS_REQ (6 etypes {aes256-cts-hmac-sha1-96(18), aes128-cts-hmac-sha1-96(17), aes256-cts-hmac-sha384-192(20), aes128-cts-hmac-sha256-128(19), DEPRECATED:des3-cbc-sha1(16), DEPRECATED:arcfour-hmac(23)}) 172.18.0.9: ISSUE: authtime 1671449208, etypes {rep=aes256-cts-hmac-sha1-96(18), tkt=aes256-cts-hmac-sha1-96(18), ses=aes256-cts-hmac-sha1-96(18)}, testuser/scm@EXAMPLE.COM for om/om@EXAMPLE.COM
datanode_3  | 	at java.base/java.io.FilterInputStream.read(FilterInputStream.java:133)
datanode_3  | 	at java.base/java.io.BufferedInputStream.fill(BufferedInputStream.java:252)
datanode_1  | dataStreamAddress: "172.18.0.7:9855"
datanode_1  | clientAddress: "172.18.0.7:9858"
datanode_1  | adminAddress: "172.18.0.7:9857"
scm_1       | 2022-12-19 11:04:58,470 [main] INFO server.RaftServerConfigKeys: raft.server.threadpool.proxy.cached = true (default)
kdc_1       | Dec 19 11:27:10 kdc krb5kdc[7](info): TGS_REQ (6 etypes {aes256-cts-hmac-sha1-96(18), aes128-cts-hmac-sha1-96(17), aes256-cts-hmac-sha384-192(20), aes128-cts-hmac-sha256-128(19), DEPRECATED:des3-cbc-sha1(16), DEPRECATED:arcfour-hmac(23)}) 172.18.0.9: ISSUE: authtime 1671449208, etypes {rep=aes256-cts-hmac-sha1-96(18), tkt=aes256-cts-hmac-sha1-96(18), ses=aes256-cts-hmac-sha1-96(18)}, testuser/scm@EXAMPLE.COM for om/om@EXAMPLE.COM
kdc_1       | Dec 19 11:27:15 kdc krb5kdc[7](info): TGS_REQ (6 etypes {aes256-cts-hmac-sha1-96(18), aes128-cts-hmac-sha1-96(17), aes256-cts-hmac-sha384-192(20), aes128-cts-hmac-sha256-128(19), DEPRECATED:des3-cbc-sha1(16), DEPRECATED:arcfour-hmac(23)}) 172.18.0.9: ISSUE: authtime 1671449208, etypes {rep=aes256-cts-hmac-sha1-96(18), tkt=aes256-cts-hmac-sha1-96(18), ses=aes256-cts-hmac-sha1-96(18)}, testuser/scm@EXAMPLE.COM for om/om@EXAMPLE.COM
datanode_3  | 	at java.base/java.io.BufferedInputStream.read(BufferedInputStream.java:271)
recon_1     | 2022-12-19 11:07:20,414 [pool-30-thread-1] INFO tasks.TableCountTask: Completed a 'process' run of TableCountTask.
recon_1     | 2022-12-19 11:07:20,442 [pool-30-thread-1] INFO tasks.ContainerKeyMapperTask: ContainerKeyMapperTask successfully processed 1 OM DB update event(s).
recon_1     | 2022-12-19 11:07:20,525 [pool-30-thread-1] INFO tasks.FileSizeCountTask: Completed a 'process' run of FileSizeCountTask.
recon_1     | 2022-12-19 11:07:36,327 [Socket Reader #1 for port 9891] INFO ipc.Server: Auth successful for dn/dn@EXAMPLE.COM (auth:KERBEROS) from 172.18.0.8:46686
scm_1       | 2022-12-19 11:04:58,470 [main] INFO server.RaftServerConfigKeys: raft.server.threadpool.proxy.size = 0 (default)
scm_1       | 2022-12-19 11:04:58,471 [main] INFO server.RaftServerConfigKeys: raft.server.rpc.slowness.timeout = 120000ms (custom)
scm_1       | 2022-12-19 11:04:58,471 [main] INFO server.RaftServerConfigKeys: raft.server.leaderelection.leader.step-down.wait-time = 10s (default)
datanode_2  | 2022-12-19 11:05:48,512 [pool-23-thread-1] INFO server.RaftServerConfigKeys: raft.server.threadpool.server.size = 0 (default)
datanode_1  | startupRole: FOLLOWER
recon_1     | 2022-12-19 11:07:36,346 [Socket Reader #1 for port 9891] INFO authorize.ServiceAuthorizationManager: Authorization successful for dn/dn@EXAMPLE.COM (auth:KERBEROS) for protocol=interface org.apache.hadoop.ozone.protocol.ReconDatanodeProtocol
kdc_1       | Dec 19 11:27:21 kdc krb5kdc[7](info): TGS_REQ (6 etypes {aes256-cts-hmac-sha1-96(18), aes128-cts-hmac-sha1-96(17), aes256-cts-hmac-sha384-192(20), aes128-cts-hmac-sha256-128(19), DEPRECATED:des3-cbc-sha1(16), DEPRECATED:arcfour-hmac(23)}) 172.18.0.9: ISSUE: authtime 1671449208, etypes {rep=aes256-cts-hmac-sha1-96(18), tkt=aes256-cts-hmac-sha1-96(18), ses=aes256-cts-hmac-sha1-96(18)}, testuser/scm@EXAMPLE.COM for om/om@EXAMPLE.COM
om_1        | 2022-12-19 11:05:59,818 [Listener at om/9862] INFO om.OzoneManager: Starting OM delegation token secret manager
datanode_3  | 	at java.base/java.io.DataInputStream.readInt(DataInputStream.java:392)
scm_1       | 2022-12-19 11:04:58,477 [main] INFO server.RaftServerConfigKeys: raft.server.storage.dir = [/data/metadata/scm-ha] (custom)
datanode_2  | 2022-12-19 11:05:48,516 [pool-23-thread-1] INFO server.RaftServerConfigKeys: raft.server.threadpool.client.cached = true (default)
datanode_1  | , old:)
recon_1     | 2022-12-19 11:07:36,714 [Socket Reader #1 for port 9891] INFO ipc.Server: Auth successful for dn/dn@EXAMPLE.COM (auth:KERBEROS) from 172.18.0.6:38252
kdc_1       | Dec 19 11:27:27 kdc krb5kdc[7](info): TGS_REQ (6 etypes {aes256-cts-hmac-sha1-96(18), aes128-cts-hmac-sha1-96(17), aes256-cts-hmac-sha384-192(20), aes128-cts-hmac-sha256-128(19), DEPRECATED:des3-cbc-sha1(16), DEPRECATED:arcfour-hmac(23)}) 172.18.0.9: ISSUE: authtime 1671449208, etypes {rep=aes256-cts-hmac-sha1-96(18), tkt=aes256-cts-hmac-sha1-96(18), ses=aes256-cts-hmac-sha1-96(18)}, testuser/scm@EXAMPLE.COM for om/om@EXAMPLE.COM
om_1        | 2022-12-19 11:05:59,820 [Listener at om/9862] INFO security.OzoneDelegationTokenSecretManager: Updating the current master key for generating tokens
datanode_3  | 	at org.apache.hadoop.ipc.Client$IpcStreams.readResponse(Client.java:1922)
scm_1       | 2022-12-19 11:04:58,499 [d87031e9-16ed-4ab2-856a-15b406ab415f-impl-thread1] INFO server.RaftServer: d87031e9-16ed-4ab2-856a-15b406ab415f: found a subdirectory /data/metadata/scm-ha/d59e1c39-a80f-4d5b-89b3-fd17a63831c4
datanode_2  | 2022-12-19 11:05:48,516 [pool-23-thread-1] INFO server.RaftServerConfigKeys: raft.server.threadpool.client.size = 0 (default)
datanode_1  | 2022-12-19 11:06:00,792 [e155640f-bd94-4475-a4ba-0e45d3d19410@group-4C4061119933-LeaderElection1] INFO impl.LeaderElection: e155640f-bd94-4475-a4ba-0e45d3d19410@group-4C4061119933-LeaderElection1: ELECTION PASSED received 1 response(s) and 0 exception(s):
recon_1     | 2022-12-19 11:07:36,734 [Socket Reader #1 for port 9891] INFO authorize.ServiceAuthorizationManager: Authorization successful for dn/dn@EXAMPLE.COM (auth:KERBEROS) for protocol=interface org.apache.hadoop.ozone.protocol.ReconDatanodeProtocol
kdc_1       | Dec 19 11:27:32 kdc krb5kdc[7](info): TGS_REQ (6 etypes {aes256-cts-hmac-sha1-96(18), aes128-cts-hmac-sha1-96(17), aes256-cts-hmac-sha384-192(20), aes128-cts-hmac-sha256-128(19), DEPRECATED:des3-cbc-sha1(16), DEPRECATED:arcfour-hmac(23)}) 172.18.0.9: ISSUE: authtime 1671449208, etypes {rep=aes256-cts-hmac-sha1-96(18), tkt=aes256-cts-hmac-sha1-96(18), ses=aes256-cts-hmac-sha1-96(18)}, testuser/scm@EXAMPLE.COM for om/om@EXAMPLE.COM
kdc_1       | Dec 19 11:27:38 kdc krb5kdc[7](info): TGS_REQ (6 etypes {aes256-cts-hmac-sha1-96(18), aes128-cts-hmac-sha1-96(17), aes256-cts-hmac-sha384-192(20), aes128-cts-hmac-sha256-128(19), DEPRECATED:des3-cbc-sha1(16), DEPRECATED:arcfour-hmac(23)}) 172.18.0.9: ISSUE: authtime 1671449208, etypes {rep=aes256-cts-hmac-sha1-96(18), tkt=aes256-cts-hmac-sha1-96(18), ses=aes256-cts-hmac-sha1-96(18)}, testuser/scm@EXAMPLE.COM for om/om@EXAMPLE.COM
datanode_3  | 	at org.apache.hadoop.security.SaslRpcClient.saslConnect(SaslRpcClient.java:367)
datanode_3  | 	at org.apache.hadoop.ipc.Client$Connection.setupSaslConnection(Client.java:623)
datanode_2  | 2022-12-19 11:05:48,517 [pool-23-thread-1] INFO storage.RaftStorageDirectory: The storage directory /data/metadata/ratis/be5324c2-3fa1-433a-aca2-4c4061119933 does not exist. Creating ...
datanode_1  | 2022-12-19 11:06:00,793 [e155640f-bd94-4475-a4ba-0e45d3d19410@group-4C4061119933-LeaderElection1] INFO impl.LeaderElection:   Response 0: e155640f-bd94-4475-a4ba-0e45d3d19410<-0a3ec6da-a389-4d27-bedc-de454839d355#0:OK-t2
recon_1     | 2022-12-19 11:07:37,053 [Socket Reader #1 for port 9891] INFO ipc.Server: Auth successful for dn/dn@EXAMPLE.COM (auth:KERBEROS) from 172.18.0.7:46640
om_1        | 2022-12-19 11:05:59,833 [Listener at om/9862] INFO om.OzoneManager: Version File has different layout version (3) than OM DB (null). That is expected if this OM has never been finalized to a newer layout version.
om_1        | 2022-12-19 11:05:59,850 [Thread[Thread-16,5,main]] INFO security.OzoneDelegationTokenSecretManager: Starting expired delegation token remover thread, tokenRemoverScanInterval=60 min(s)
datanode_3  | 	at org.apache.hadoop.ipc.Client$Connection.access$2300(Client.java:414)
scm_1       | 2022-12-19 11:04:58,511 [d87031e9-16ed-4ab2-856a-15b406ab415f-NettyServerStreamRpc-bossGroup--thread1] INFO logging.LoggingHandler: [id: 0xcdff7822] REGISTERED
datanode_2  | 2022-12-19 11:05:48,536 [pool-23-thread-1] INFO storage.RaftStorageDirectory: Lock on /data/metadata/ratis/be5324c2-3fa1-433a-aca2-4c4061119933/in_use.lock acquired by nodename 6@45d6c382cd0c
datanode_1  | 2022-12-19 11:06:00,795 [e155640f-bd94-4475-a4ba-0e45d3d19410@group-4C4061119933-LeaderElection1] INFO impl.LeaderElection: e155640f-bd94-4475-a4ba-0e45d3d19410@group-4C4061119933-LeaderElection1 ELECTION round 0: result PASSED
recon_1     | 2022-12-19 11:07:37,076 [Socket Reader #1 for port 9891] INFO authorize.ServiceAuthorizationManager: Authorization successful for dn/dn@EXAMPLE.COM (auth:KERBEROS) for protocol=interface org.apache.hadoop.ozone.protocol.ReconDatanodeProtocol
om_1        | 2022-12-19 11:06:00,024 [Listener at om/9862] INFO http.BaseHttpServer: Starting Web-server for ozoneManager at: http://0.0.0.0:9874
om_1        | 2022-12-19 11:06:00,027 [Listener at om/9862] INFO http.BaseHttpServer: Hadoop Security Enabled: true Ozone Security Enabled: true Ozone HTTP Security Enabled: true 
