kdc_1       | Dec 19 11:27:45 kdc krb5kdc[7](info): TGS_REQ (6 etypes {aes256-cts-hmac-sha1-96(18), aes128-cts-hmac-sha1-96(17), aes256-cts-hmac-sha384-192(20), aes128-cts-hmac-sha256-128(19), DEPRECATED:des3-cbc-sha1(16), DEPRECATED:arcfour-hmac(23)}) 172.18.0.9: ISSUE: authtime 1671449208, etypes {rep=aes256-cts-hmac-sha1-96(18), tkt=aes256-cts-hmac-sha1-96(18), ses=aes256-cts-hmac-sha1-96(18)}, testuser/scm@EXAMPLE.COM for om/om@EXAMPLE.COM
datanode_3  | 	at org.apache.hadoop.ipc.Client$Connection$2.run(Client.java:843)
scm_1       | 2022-12-19 11:04:58,512 [main] INFO server.RaftServer: d87031e9-16ed-4ab2-856a-15b406ab415f: addNew group-FD17A63831C4:[] returns group-FD17A63831C4:java.util.concurrent.CompletableFuture@5882b202[Not completed]
datanode_2  | 2022-12-19 11:05:48,554 [pool-23-thread-1] INFO storage.RaftStorage: Storage directory /data/metadata/ratis/be5324c2-3fa1-433a-aca2-4c4061119933 has been successfully formatted.
recon_1     | 2022-12-19 11:08:06,304 [Socket Reader #1 for port 9891] INFO ipc.Server: Auth successful for dn/dn@EXAMPLE.COM (auth:KERBEROS) from 172.18.0.8:60972
om_1        | 2022-12-19 11:06:00,027 [Listener at om/9862] INFO http.BaseHttpServer: HttpAuthType: ozone.om.http.auth.type = kerberos
kdc_1       | Dec 19 11:27:50 kdc krb5kdc[7](info): TGS_REQ (6 etypes {aes256-cts-hmac-sha1-96(18), aes128-cts-hmac-sha1-96(17), aes256-cts-hmac-sha384-192(20), aes128-cts-hmac-sha256-128(19), DEPRECATED:des3-cbc-sha1(16), DEPRECATED:arcfour-hmac(23)}) 172.18.0.9: ISSUE: authtime 1671449208, etypes {rep=aes256-cts-hmac-sha1-96(18), tkt=aes256-cts-hmac-sha1-96(18), ses=aes256-cts-hmac-sha1-96(18)}, testuser/scm@EXAMPLE.COM for om/om@EXAMPLE.COM
datanode_3  | 	at org.apache.hadoop.ipc.Client$Connection$2.run(Client.java:839)
scm_1       | 2022-12-19 11:04:58,514 [d87031e9-16ed-4ab2-856a-15b406ab415f-NettyServerStreamRpc-bossGroup--thread1] INFO logging.LoggingHandler: [id: 0xcdff7822] BIND: 0.0.0.0/0.0.0.0:0
datanode_2  | 2022-12-19 11:05:48,616 [pool-23-thread-1] INFO ratis.ContainerStateMachine: group-4C4061119933: The snapshot info is null. Setting the last applied indexto:(t:0, i:~)
recon_1     | 2022-12-19 11:08:06,323 [Socket Reader #1 for port 9891] INFO authorize.ServiceAuthorizationManager: Authorization successful for dn/dn@EXAMPLE.COM (auth:KERBEROS) for protocol=interface org.apache.hadoop.ozone.protocol.ReconDatanodeProtocol
om_1        | 2022-12-19 11:06:00,416 [Listener at om/9862] INFO util.log: Logging initialized @42808ms to org.eclipse.jetty.util.log.Slf4jLog
datanode_1  | 2022-12-19 11:06:00,796 [e155640f-bd94-4475-a4ba-0e45d3d19410@group-4C4061119933-LeaderElection1] INFO impl.RoleInfo: e155640f-bd94-4475-a4ba-0e45d3d19410: shutdown e155640f-bd94-4475-a4ba-0e45d3d19410@group-4C4061119933-LeaderElection1
kdc_1       | Dec 19 11:27:56 kdc krb5kdc[7](info): TGS_REQ (6 etypes {aes256-cts-hmac-sha1-96(18), aes128-cts-hmac-sha1-96(17), aes256-cts-hmac-sha384-192(20), aes128-cts-hmac-sha256-128(19), DEPRECATED:des3-cbc-sha1(16), DEPRECATED:arcfour-hmac(23)}) 172.18.0.9: ISSUE: authtime 1671449208, etypes {rep=aes256-cts-hmac-sha1-96(18), tkt=aes256-cts-hmac-sha1-96(18), ses=aes256-cts-hmac-sha1-96(18)}, testuser/scm@EXAMPLE.COM for om/om@EXAMPLE.COM
datanode_3  | 	at java.base/java.security.AccessController.doPrivileged(Native Method)
scm_1       | 2022-12-19 11:04:58,521 [d87031e9-16ed-4ab2-856a-15b406ab415f-NettyServerStreamRpc-bossGroup--thread1] INFO logging.LoggingHandler: [id: 0xcdff7822, L:/0.0.0.0:34119] ACTIVE
datanode_2  | 2022-12-19 11:05:48,619 [pool-23-thread-1] INFO server.RaftServerConfigKeys: raft.server.log.use.memory = false (default)
recon_1     | 2022-12-19 11:08:06,742 [Socket Reader #1 for port 9891] INFO ipc.Server: Auth successful for dn/dn@EXAMPLE.COM (auth:KERBEROS) from 172.18.0.6:43336
om_1        | 2022-12-19 11:06:01,320 [Listener at om/9862] INFO http.HttpRequestLog: Http request log for http.requests.ozoneManager is not defined
datanode_1  | 2022-12-19 11:06:00,798 [e155640f-bd94-4475-a4ba-0e45d3d19410@group-4C4061119933-LeaderElection1] INFO server.RaftServer$Division: e155640f-bd94-4475-a4ba-0e45d3d19410@group-4C4061119933: changes role from CANDIDATE to LEADER at term 2 for changeToLeader
kdc_1       | Dec 19 11:28:03 kdc krb5kdc[7](info): TGS_REQ (6 etypes {aes256-cts-hmac-sha1-96(18), aes128-cts-hmac-sha1-96(17), aes256-cts-hmac-sha384-192(20), aes128-cts-hmac-sha256-128(19), DEPRECATED:des3-cbc-sha1(16), DEPRECATED:arcfour-hmac(23)}) 172.18.0.9: ISSUE: authtime 1671449208, etypes {rep=aes256-cts-hmac-sha1-96(18), tkt=aes256-cts-hmac-sha1-96(18), ses=aes256-cts-hmac-sha1-96(18)}, testuser/scm@EXAMPLE.COM for om/om@EXAMPLE.COM
datanode_3  | 	at java.base/javax.security.auth.Subject.doAs(Subject.java:423)
scm_1       | 2022-12-19 11:04:58,546 [pool-16-thread-1] INFO server.RaftServer$Division: d87031e9-16ed-4ab2-856a-15b406ab415f: new RaftServerImpl for group-FD17A63831C4:[] with SCMStateMachine:uninitialized
datanode_2  | 2022-12-19 11:05:48,671 [pool-23-thread-1] INFO server.RaftServerConfigKeys: raft.server.log.purge.gap = 1000000 (custom)
recon_1     | 2022-12-19 11:08:06,752 [Socket Reader #1 for port 9891] INFO authorize.ServiceAuthorizationManager: Authorization successful for dn/dn@EXAMPLE.COM (auth:KERBEROS) for protocol=interface org.apache.hadoop.ozone.protocol.ReconDatanodeProtocol
om_1        | 2022-12-19 11:06:01,353 [Listener at om/9862] INFO http.HttpServer2: Added global filter 'safety' (class=org.apache.hadoop.hdds.server.http.HttpServer2$QuotingInputFilter)
datanode_1  | 2022-12-19 11:06:00,800 [e155640f-bd94-4475-a4ba-0e45d3d19410@group-4C4061119933-LeaderElection1] INFO ratis.XceiverServerRatis: Leader change notification received for group: group-4C4061119933 with new leaderId: e155640f-bd94-4475-a4ba-0e45d3d19410
kdc_1       | Dec 19 11:28:08 kdc krb5kdc[7](info): TGS_REQ (6 etypes {aes256-cts-hmac-sha1-96(18), aes128-cts-hmac-sha1-96(17), aes256-cts-hmac-sha384-192(20), aes128-cts-hmac-sha256-128(19), DEPRECATED:des3-cbc-sha1(16), DEPRECATED:arcfour-hmac(23)}) 172.18.0.9: ISSUE: authtime 1671449208, etypes {rep=aes256-cts-hmac-sha1-96(18), tkt=aes256-cts-hmac-sha1-96(18), ses=aes256-cts-hmac-sha1-96(18)}, testuser/scm@EXAMPLE.COM for om/om@EXAMPLE.COM
datanode_3  | 	at org.apache.hadoop.security.UserGroupInformation.doAs(UserGroupInformation.java:1878)
scm_1       | 2022-12-19 11:04:58,548 [pool-16-thread-1] INFO server.RaftServerConfigKeys: raft.server.rpc.timeout.min = 5000ms (custom)
datanode_2  | 2022-12-19 11:05:48,671 [pool-23-thread-1] INFO server.RaftServerConfigKeys: raft.server.log.appender.buffer.byte-limit = 33554432 (custom)
recon_1     | 2022-12-19 11:08:07,041 [Socket Reader #1 for port 9891] INFO ipc.Server: Auth successful for dn/dn@EXAMPLE.COM (auth:KERBEROS) from 172.18.0.7:42506
om_1        | 2022-12-19 11:06:01,358 [Listener at om/9862] INFO http.HttpServer2: Added filter authentication (class=org.apache.hadoop.security.authentication.server.AuthenticationFilter) to context ozoneManager
datanode_1  | 2022-12-19 11:06:00,800 [e155640f-bd94-4475-a4ba-0e45d3d19410@group-4C4061119933-LeaderElection1] INFO server.RaftServer$Division: e155640f-bd94-4475-a4ba-0e45d3d19410@group-4C4061119933: change Leader from null to e155640f-bd94-4475-a4ba-0e45d3d19410 at term 2 for becomeLeader, leader elected after 2329ms
kdc_1       | Dec 19 11:28:14 kdc krb5kdc[7](info): TGS_REQ (6 etypes {aes256-cts-hmac-sha1-96(18), aes128-cts-hmac-sha1-96(17), aes256-cts-hmac-sha384-192(20), aes128-cts-hmac-sha256-128(19), DEPRECATED:des3-cbc-sha1(16), DEPRECATED:arcfour-hmac(23)}) 172.18.0.9: ISSUE: authtime 1671449208, etypes {rep=aes256-cts-hmac-sha1-96(18), tkt=aes256-cts-hmac-sha1-96(18), ses=aes256-cts-hmac-sha1-96(18)}, testuser/scm@EXAMPLE.COM for om/om@EXAMPLE.COM
datanode_3  | 	at org.apache.hadoop.ipc.Client$Connection.setupIOstreams(Client.java:839)
scm_1       | 2022-12-19 11:04:58,549 [pool-16-thread-1] INFO server.RaftServerConfigKeys: raft.server.rpc.timeout.max = 5200ms (custom)
datanode_2  | 2022-12-19 11:05:48,679 [pool-23-thread-1] INFO server.RaftServerConfigKeys: raft.server.log.statemachine.data.read.timeout = 1000ms (default)
recon_1     | 2022-12-19 11:08:07,048 [Socket Reader #1 for port 9891] INFO authorize.ServiceAuthorizationManager: Authorization successful for dn/dn@EXAMPLE.COM (auth:KERBEROS) for protocol=interface org.apache.hadoop.ozone.protocol.ReconDatanodeProtocol
om_1        | 2022-12-19 11:06:01,360 [Listener at om/9862] INFO http.HttpServer2: Added filter authentication (class=org.apache.hadoop.security.authentication.server.AuthenticationFilter) to context static
datanode_1  | 2022-12-19 11:06:00,806 [e155640f-bd94-4475-a4ba-0e45d3d19410@group-4C4061119933-LeaderElection1] INFO server.RaftServerConfigKeys: raft.server.staging.catchup.gap = 1000 (default)
kdc_1       | Dec 19 11:28:24 kdc krb5kdc[7](info): TGS_REQ (6 etypes {aes256-cts-hmac-sha1-96(18), aes128-cts-hmac-sha1-96(17), aes256-cts-hmac-sha384-192(20), aes128-cts-hmac-sha256-128(19), DEPRECATED:des3-cbc-sha1(16), DEPRECATED:arcfour-hmac(23)}) 172.18.0.9: ISSUE: authtime 1671449208, etypes {rep=aes256-cts-hmac-sha1-96(18), tkt=aes256-cts-hmac-sha1-96(18), ses=aes256-cts-hmac-sha1-96(18)}, testuser/scm@EXAMPLE.COM for om/om@EXAMPLE.COM
datanode_3  | 	... 15 more
scm_1       | 2022-12-19 11:04:58,550 [pool-16-thread-1] INFO server.RaftServerConfigKeys: raft.server.rpc.sleep.time = 25ms (default)
datanode_2  | 2022-12-19 11:05:48,687 [pool-23-thread-1] INFO server.RaftServerConfigKeys: raft.server.log.purge.preservation.log.num = 0 (default)
recon_1     | 2022-12-19 11:08:20,535 [pool-29-thread-1] INFO impl.OzoneManagerServiceProviderImpl: Syncing data from Ozone Manager.
om_1        | 2022-12-19 11:06:01,361 [Listener at om/9862] INFO http.HttpServer2: Added filter authentication (class=org.apache.hadoop.security.authentication.server.AuthenticationFilter) to context logs
datanode_1  | 2022-12-19 11:06:00,895 [e155640f-bd94-4475-a4ba-0e45d3d19410@group-4C4061119933-LeaderElection1] INFO server.RaftServerConfigKeys: raft.server.write.element-limit = 1024 (custom)
datanode_1  | 2022-12-19 11:06:00,905 [e155640f-bd94-4475-a4ba-0e45d3d19410@group-4C4061119933-LeaderElection1] INFO server.RaftServerConfigKeys: raft.server.write.byte-limit = 1024 M (=1073741824) (custom)
datanode_3  | 2022-12-19 11:05:44,183 [Command processor thread] INFO ratis.XceiverServerRatis: Created group PipelineID=a625426a-7d3d-40aa-9239-e716a76e06c6
scm_1       | 2022-12-19 11:04:58,550 [pool-16-thread-1] INFO server.RaftServerConfigKeys: raft.server.rpc.slowness.timeout = 120000ms (custom)
scm_1       | 2022-12-19 11:04:58,550 [pool-16-thread-1] INFO server.RaftServerConfigKeys: raft.server.leaderelection.leader.step-down.wait-time = 10s (default)
recon_1     | 2022-12-19 11:08:20,535 [pool-29-thread-1] INFO impl.OzoneManagerServiceProviderImpl: Obtaining delta updates from Ozone Manager
om_1        | 2022-12-19 11:06:01,372 [Listener at om/9862] INFO http.HttpServer2: Initialize spnego with host: 0.0.0.0 userKey: ozone.om.http.auth.kerberos.principal keytabKey: ozone.om.http.auth.kerberos.keytab
om_1        | 2022-12-19 11:06:01,618 [Listener at om/9862] INFO http.HttpServer2: Jetty bound to port 9874
kdc_1       | Dec 19 11:28:32 kdc krb5kdc[7](info): TGS_REQ (6 etypes {aes256-cts-hmac-sha1-96(18), aes128-cts-hmac-sha1-96(17), aes256-cts-hmac-sha384-192(20), aes128-cts-hmac-sha256-128(19), DEPRECATED:des3-cbc-sha1(16), DEPRECATED:arcfour-hmac(23)}) 172.18.0.9: ISSUE: authtime 1671449208, etypes {rep=aes256-cts-hmac-sha1-96(18), tkt=aes256-cts-hmac-sha1-96(18), ses=aes256-cts-hmac-sha1-96(18)}, testuser/scm@EXAMPLE.COM for om/om@EXAMPLE.COM
datanode_3  | 2022-12-19 11:05:44,186 [Command processor thread] INFO commandhandler.CreatePipelineCommandHandler: Created Pipeline RATIS ONE PipelineID=a625426a-7d3d-40aa-9239-e716a76e06c6.
datanode_2  | 2022-12-19 11:05:48,742 [pool-23-thread-1] INFO server.RaftServerConfigKeys: raft.server.log.segment.size.max = 1048576 (custom)
scm_1       | 2022-12-19 11:04:58,551 [pool-16-thread-1] INFO server.RaftServerConfigKeys: raft.server.sleep.deviation.threshold = 300ms (default)
recon_1     | 2022-12-19 11:08:20,536 [pool-29-thread-1] INFO impl.OzoneManagerServiceProviderImpl: OriginalFromSequenceNumber : 23 
om_1        | 2022-12-19 11:06:01,631 [Listener at om/9862] INFO server.Server: jetty-9.4.49.v20220914; built: 2022-09-14T01:07:36.601Z; git: 4231a3b2e4cb8548a412a789936d640a97b1aa0a; jvm 11.0.14.1+1-LTS
datanode_1  | 2022-12-19 11:06:00,950 [e155640f-bd94-4475-a4ba-0e45d3d19410@group-4C40