2026-08-28 15:47:41,920 | INFO  | DNAudit | user=null | ip=null | op=READ_CONTAINER {"containerID":"3"} | ret=SUCCESS |  
2026-08-28 15:47:43,119 | INFO  | DNAudit | user=null | ip=null | op=READ_CONTAINER {"containerID":"3"} | ret=SUCCESS |  
2026-08-28 15:48:18,297 | INFO  | DNAudit | user=null | ip=null | op=READ_CONTAINER {"containerID":"3"} | ret=SUCCESS |  
2026-08-28 15:48:18,542 | INFO  | DNAudit | user=null | ip=null | op=READ_CONTAINER {"containerID":"3"} | ret=SUCCESS |  
2026-08-28 15:49:45,950 | INFO  | DNAudit | user=null | ip=null | op=CLOSE_CONTAINER {"containerID":"6"} | ret=SUCCESS |  
2026-08-28 15:49:46,697 | INFO  | DNAudit | user=null | ip=null | op=CLOSE_CONTAINER {"containerID":"3"} | ret=SUCCESS |  
2026-08-28 15:49:56,719 | INFO  | DNAudit | user=null | ip=null | op=READ_CONTAINER {"containerID":"3"} | ret=SUCCESS |  
2026-08-28 15:49:56,849 | INFO  | DNAudit | user=null | ip=null | op=READ_CONTAINER {"containerID":"3"} | ret=SUCCESS |  
2026-08-28 15:50:03,590 | INFO  | DNAudit | user=null | ip=null | op=READ_CONTAINER {"containerID":"3"} | ret=SUCCESS |  
2026-08-28 15:50:03,768 | INFO  | DNAudit | user=null | ip=null | op=READ_CONTAINER {"containerID":"3"} | ret=SUCCESS |  
2026-08-28 15:50:10,771 | INFO  | DNAudit | user=null | ip=null | op=READ_CONTAINER {"containerID":"3"} | ret=SUCCESS |  
2026-08-28 15:50:10,864 | INFO  | DNAudit | user=null | ip=null | op=READ_CONTAINER {"containerID":"3"} | ret=SUCCESS |  
2026-08-28 15:50:36,348 | INFO  | DNAudit | user=null | ip=null | op=READ_CONTAINER {"containerID":"8"} | ret=SUCCESS |  
2026-08-28 15:50:36,769 | ERROR | DNAudit | user=null | ip=null | op=GET_BLOCK {"blockData":"conID: 8 locID: 117883640217600108 bcsId: 0 replicaIndex: 5"} | ret=FAILURE | java.lang.Exception: Request is trying to write to node with uuid : 715bec87-070b-4c02-bfc2-dec1882f063a but the current nodeId is: c6f7b95d-849e-41b6-bb92-9c7d35587dc8 .
	at org.apache.hadoop.ozone.container.common.impl.HddsDispatcher.dispatchRequest(HddsDispatcher.java:459)
	at org.apache.hadoop.ozone.container.common.impl.HddsDispatcher.lambda$dispatch$0(HddsDispatcher.java:198)
 
2026-08-28 15:50:57,881 | INFO  | DNAudit | user=null | ip=null | op=READ_CONTAINER {"containerID":"8"} | ret=SUCCESS |  
2026-08-28 15:50:58,263 | ERROR | DNAudit | user=null | ip=null | op=GET_BLOCK {"blockData":"conID: 8 locID: 117883640217600109 bcsId: 0 replicaIndex: 5"} | ret=FAILURE | java.lang.Exception: Request is trying to write to node with uuid : 715bec87-070b-4c02-bfc2-dec1882f063a but the current nodeId is: c6f7b95d-849e-41b6-bb92-9c7d35587dc8 .
	at org.apache.hadoop.ozone.container.common.impl.HddsDispatcher.dispatchRequest(HddsDispatcher.java:459)
	at org.apache.hadoop.ozone.container.common.impl.HddsDispatcher.lambda$dispatch$0(HddsDispatcher.java:198)
 
2026-08-28 15:51:22,113 | INFO  | DNAudit | user=null | ip=null | op=READ_CONTAINER {"containerID":"8"} | ret=SUCCESS |  
2026-08-28 15:51:22,463 | ERROR | DNAudit | user=null | ip=null | op=GET_BLOCK {"blockData":"conID: 8 locID: 117883640217600110 bcsId: 0 replicaIndex: 5"} | ret=FAILURE | java.lang.Exception: Request is trying to write to node with uuid : 715bec87-070b-4c02-bfc2-dec1882f063a but the current nodeId is: c6f7b95d-849e-41b6-bb92-9c7d35587dc8 .
	at org.apache.hadoop.ozone.container.common.impl.HddsDispatcher.dispatchRequest(HddsDispatcher.java:459)
	at org.apache.hadoop.ozone.container.common.impl.HddsDispatcher.lambda$dispatch$0(HddsDispatcher.java:198)
 
2026-08-28 15:51:22,495 | INFO  | DNAudit | user=null | ip=null | op=READ_CONTAINER {"containerID":"8"} | ret=SUCCESS |  
2026-08-28 15:51:22,636 | ERROR | DNAudit | user=null | ip=null | op=GET_BLOCK {"blockData":"conID: 8 locID: 117883640217600111 bcsId: 0 replicaIndex: 5"} | ret=FAILURE | java.lang.Exception: Request is trying to write to node with uuid : 715bec87-070b-4c02-bfc2-dec1882f063a but the current nodeId is: c6f7b95d-849e-41b6-bb92-9c7d35587dc8 .
	at org.apache.hadoop.ozone.container.common.impl.HddsDispatcher.dispatchRequest(HddsDispatcher.java:459)
	at org.apache.hadoop.ozone.container.common.impl.HddsDispatcher.lambda$dispatch$0(HddsDispatcher.java:198)
 
2026-08-28 15:51:42,028 | INFO  | DNAudit | user=null | ip=null | op=READ_CONTAINER {"containerID":"8"} | ret=SUCCESS |  
2026-08-28 15:51:42,356 | ERROR | DNAudit | user=null | ip=null | op=GET_BLOCK {"blockData":"conID: 8 locID: 117883640217600112 bcsId: 0 replicaIndex: 5"} | ret=FAILURE | java.lang.Exception: Request is trying to write to node with uuid : 715bec87-070b-4c02-bfc2-dec1882f063a but the current nodeId is: c6f7b95d-849e-41b6-bb92-9c7d35587dc8 .
	at org.apache.hadoop.ozone.container.common.impl.HddsDispatcher.dispatchRequest(HddsDispatcher.java:459)
	at org.apache.hadoop.ozone.container.common.impl.HddsDispatcher.lambda$dispatch$0(HddsDispatcher.java:198)
 
2026-08-28 15:52:45,575 | ERROR | DNAudit | user=null | ip=null | op=GET_BLOCK {"blockData":"conID: 3 locID: 117883640217600101 bcsId: 2 replicaIndex: null"} | ret=FAILURE | java.lang.Exception: Unable to find the block with bcsID 2. Container 3 bcsId is 0.
	at org.apache.hadoop.ozone.container.common.impl.HddsDispatcher.dispatchRequest(HddsDispatcher.java:459)
	at org.apache.hadoop.ozone.container.common.impl.HddsDispatcher.lambda$dispatch$0(HddsDispatcher.java:198)
 
2026-08-28 15:52:45,691 | ERROR | DNAudit | user=null | ip=null | op=GET_BLOCK {"blockData":"conID: 3 locID: 117883640217600102 bcsId: 6 replicaIndex: null"} | ret=FAILURE | java.lang.Exception: Unable to find the block with bcsID 6. Container 3 bcsId is 0.
	at org.apache.hadoop.ozone.container.common.impl.HddsDispatcher.dispatchRequest(HddsDispatcher.java:459)
	at org.apache.hadoop.ozone.container.common.impl.HddsDispatcher.lambda$dispatch$0(HddsDispatcher.java:198)
 
