dn5_1    | 2023-06-29 21:11:42,976 [main] INFO server.GrpcService: raft.grpc.message.size.max = 32MB (=33554432) (custom)
dn5_1    | 2023-06-29 21:11:42,977 [main] INFO server.RaftServerConfigKeys: raft.server.log.appender.buffer.byte-limit = 33554432 (custom)
dn5_1    | 2023-06-29 21:11:42,984 [main] INFO server.GrpcService: raft.grpc.flow.control.window = 5MB (=5242880) (custom)
dn5_1    | 2023-06-29 21:11:42,985 [main] INFO server.RaftServerConfigKeys: raft.server.rpc.request.timeout = 60s (custom)
dn5_1    | 2023-06-29 21:11:43,067 [main] INFO grpc.GrpcConfigKeys: raft.grpc.server.heartbeat.channel = true (default)
dn5_1    | 2023-06-29 21:11:43,089 [main] INFO grpc.GrpcConfigKeys: raft.grpc.server.async.request.thread.pool.cached = true (default)
dn5_1    | 2023-06-29 21:11:43,089 [main] INFO grpc.GrpcConfigKeys: raft.grpc.server.async.request.thread.pool.size = 32 (default)
dn5_1    | 2023-06-29 21:11:45,375 [main] INFO impl.DataStreamServerImpl: raft.datastream.type = DISABLED (default)
dn5_1    | 2023-06-29 21:11:45,452 [main] INFO server.RaftServerConfigKeys: raft.server.threadpool.proxy.cached = true (default)
dn5_1    | 2023-06-29 21:11:45,462 [main] INFO server.RaftServerConfigKeys: raft.server.threadpool.proxy.size = 0 (default)
dn4_1    | 2023-06-29 21:12:14,318 [95c58c7b-97c6-4852-a177-ebb1478388b9-impl-thread3] INFO server.RaftServerConfigKeys: raft.server.log.appender.buffer.byte-limit = 33554432 (custom)
dn3_1    | 2023-06-29 21:12:15,615 [EndpointStateMachine task thread for scm1/10.9.0.14:9861 - 0 ] INFO ratis.XceiverServerRatis: XceiverServerRatis 3561b5c6-83b9-4083-8461-2a79b0297944 is started using port 9858 for RATIS
dn2_1    | 2023-06-29 21:12:16,503 [EndpointStateMachine task thread for scm1/10.9.0.14:9861 - 0 ] INFO ratis.XceiverServerRatis: XceiverServerRatis 653c0db6-d9db-4099-8201-751dcc40d458 is started using port 9858 for RATIS
dn2_1    | 2023-06-29 21:12:16,503 [EndpointStateMachine task thread for scm1/10.9.0.14:9861 - 0 ] INFO ratis.XceiverServerRatis: XceiverServerRatis 653c0db6-d9db-4099-8201-751dcc40d458 is started using port 9857 for RATIS_ADMIN
dn2_1    | 2023-06-29 21:12:16,503 [EndpointStateMachine task thread for scm1/10.9.0.14:9861 - 0 ] INFO ratis.XceiverServerRatis: XceiverServerRatis 653c0db6-d9db-4099-8201-751dcc40d458 is started using port 9856 for RATIS_SERVER
om2_1    | 2023-06-29 21:11:17,926 [main] INFO om.OzoneManagerStarter: registered UNIX signal handlers for [TERM, HUP, INT]
om2_1    | 2023-06-29 21:11:26,994 [main] INFO audit.AuditLogger: Refresh DebugCmdSet for OMAudit to [].
om2_1    | 2023-06-29 21:11:30,283 [main] INFO ha.OMHANodeDetails: ozone.om.internal.service.id is not defined, falling back to ozone.om.service.ids to find serviceID for OzoneManager if it is HA enabled cluster
om2_1    | 2023-06-29 21:11:30,640 [main] INFO ha.OMHANodeDetails: Found matching OM address with OMServiceId: omservice, OMNodeId: om2, RPC Address: om2:9862 and Ratis port: 9872
om2_1    | 2023-06-29 21:11:30,647 [main] INFO ha.OMHANodeDetails: Setting configuration key ozone.om.address with value of key ozone.om.address.omservice.om2: om2
om2_1    | 2023-06-29 21:11:30,651 [main] WARN server.ServerUtils: ozone.om.db.dirs is not configured. We recommend adding this setting. Falling back to ozone.metadata.dirs instead.
om2_1    | 2023-06-29 21:11:30,966 [main] INFO upgrade.AbstractLayoutVersionManager: Initializing Layout version manager with metadata layout = MULTITENANCY_SCHEMA (version = 3), software layout = QUOTA (version = 6)
om2_1    | 2023-06-29 21:11:33,597 [main] INFO reflections.Reflections: Reflections took 2080 ms to scan 1 urls, producing 139 keys and 399 values [using 2 cores]
scm3_1   | Waiting for the service scm2:9894
dn3_1    | 2023-06-29 21:12:15,615 [EndpointStateMachine task thread for scm1/10.9.0.14:9861 - 0 ] INFO ratis.XceiverServerRatis: XceiverServerRatis 3561b5c6-83b9-4083-8461-2a79b0297944 is started using port 9857 for RATIS_ADMIN
om1_1    | 2023-06-29 21:12:25,792 [main] WARN server.ServerUtils: Storage directory for Ratis is not configured. It is a good idea to map this to an SSD disk. Falling back to ozone.metadata.dirs
dn5_1    | 2023-06-29 21:11:45,465 [main] INFO server.RaftServerConfigKeys: raft.server.rpc.slowness.timeout = 300s (custom)
dn2_1    | 2023-06-29 21:12:16,608 [EndpointStateMachine task thread for scm2/10.9.0.15:9861 - 0 ] INFO ozoneimpl.OzoneContainer: Ignore. OzoneContainer already started.
dn2_1    | 2023-06-29 21:12:16,710 [BlockDeletingService#0] INFO interfaces.ContainerDeletionChoosingPolicyTemplate: Chosen 0/5000 blocks from 0 candidate containers.
dn2_1    | 2023-06-29 21:12:16,837 [EndpointStateMachine task thread for scm3/10.9.0.16:9861 - 0 ] INFO ipc.Client: Retrying connect to server: scm3/10.9.0.16:9861. Already tried 3 time(s); retry policy is RetryUpToMaximumCountWithFixedSleep(maxRetries=15, sleepTime=1000 MILLISECONDS)
dn2_1    | 2023-06-29 21:12:17,837 [EndpointStateMachine task thread for scm3/10.9.0.16:9861 - 0 ] INFO ipc.Client: Retrying connect to server: scm3/10.9.0.16:9861. Already tried 4 time(s); retry policy is RetryUpToMaximumCountWithFixedSleep(maxRetries=15, sleepTime=1000 MILLISECONDS)
dn2_1    | 2023-06-29 21:12:18,845 [EndpointStateMachine task thread for scm3/10.9.0.16:9861 - 0 ] INFO ipc.Client: Retrying connect to server: scm3/10.9.0.16:9861. Already tried 5 time(s); retry policy is RetryUpToMaximumCountWithFixedSleep(maxRetries=15, sleepTime=1000 MILLISECONDS)
dn2_1    | 2023-06-29 21:12:19,847 [EndpointStateMachine task thread for scm3/10.9.0.16:9861 - 0 ] INFO ipc.Client: Retrying connect to server: scm3/10.9.0.16:9861. Already tried 6 time(s); retry policy is RetryUpToMaximumCountWithFixedSleep(maxRetries=15, sleepTime=1000 MILLISECONDS)
dn2_1    | 2023-06-29 21:12:20,848 [EndpointStateMachine task thread for scm3/10.9.0.16:9861 - 0 ] INFO ipc.Client: Retrying connect to server: scm3/10.9.0.16:9861. Already tried 7 time(s); retry policy is RetryUpToMaximumCountWithFixedSleep(maxRetries=15, sleepTime=1000 MILLISECONDS)
dn2_1    | 2023-06-29 21:12:21,174 [JvmPauseMonitor0] WARN util.JvmPauseMonitor: JvmPauseMonitor-653c0db6-d9db-4099-8201-751dcc40d458: Detected pause in JVM or host machine approximately 0.131s without any GCs.
dn2_1    | 2023-06-29 21:12:21,497 [653c0db6-d9db-4099-8201-751dcc40d458@group-9AE2FA46D77C-FollowerState] INFO impl.FollowerState: 653c0db6-d9db-4099-8201-751dcc40d458@group-9AE2FA46D77C-FollowerState: change to CANDIDATE, lastRpcElapsedTime:5164163658ns, electionTimeout:5123ms
dn3_1    | 2023-06-29 21:12:15,616 [EndpointStateMachine task thread for scm1/10.9.0.14:9861 - 0 ] INFO ratis.XceiverServerRatis: XceiverServerRatis 3561b5c6-83b9-4083-8461-2a79b0297944 is started using port 9856 for RATIS_SERVER
dn3_1    | 2023-06-29 21:12:15,617 [JvmPauseMonitor0] INFO util.JvmPauseMonitor: JvmPauseMonitor-3561b5c6-83b9-4083-8461-2a79b0297944: Started
dn3_1    | 2023-06-29 21:12:15,699 [EndpointStateMachine task thread for scm2/10.9.0.15:9861 - 0 ] INFO ozoneimpl.OzoneContainer: Ignore. OzoneContainer already started.
om1_1    | 2023-06-29 21:12:26,068 [main] INFO ratis.OzoneManagerRatisServer: Instantiating OM Ratis server with groupID: omservice and peers: om1:9872, om3:9872, om2:9872
dn5_1    | 2023-06-29 21:11:45,468 [main] INFO server.RaftServerConfigKeys: raft.server.leaderelection.leader.step-down.wait-time = 10s (default)
dn5_1    | 2023-06-29 21:11:45,542 [main] INFO server.RaftServerConfigKeys: raft.server.storage.dir = [/data/metadata/ratis] (custom)
dn5_1    | 2023-06-29 21:11:45,567 [b423f7b1-089b-406b-a3aa-6a650e93a531-impl-thread1] INFO server.RaftServer: b423f7b1-089b-406b-a3aa-6a650e93a531: found a subdirectory /data/metadata/ratis/6b21d635-226c-4f1b-bd6a-67710b43930b
dn5_1    | 2023-06-29 21:11:45,579 [b423f7b1-089b-406b-a3aa-6a650e93a531-impl-thread1] INFO server.RaftServer: b423f7b1-089b-406b-a3aa-6a650e93a531: addNew group-67710B43930B:[] returns group-67710B43930B:java.util.concurrent.CompletableFuture@2b60c5c0[Not completed]
dn5_1    | 2023-06-29 21:11:45,579 [b423f7b1-089b-406b-a3aa-6a650e93a531-impl-thread1] INFO server.RaftServer: b423f7b1-089b-406b-a3aa-6a650e93a531: found a subdirectory /data/metadata/ratis/a67dd9f1-63f5-4458-8ea5-1bb47a98493e
dn5_1    | 2023-06-29 21:11:45,585 [b423f7b1-089b-406b-a3aa-6a650e93a531-impl-thread1] INFO server.RaftServer: b423f7b1-089b-406b-a3aa-6a650e93a531: addNew group-1BB47A98493E:[] returns group-1BB47A98493E:java.util.concurrent.CompletableFuture@29d0c758[Not completed]
dn5_1    | 2023-06-29 21:11:45,585 [b423f7b1-089b-406b-a3aa-6a650e93a531-impl-thread1] INFO server.RaftServer: b423f7b1-089b-406b-a3aa-6a650e93a531: found a subdirectory /data/metadata/ratis/8bd8ea2c-61df-4132-bcca-886978236035
dn5_1    | 2023-06-29 21:11:45,585 [b423f7b1-089b-406b-a3aa-6a650e93a531-impl-thread1] INFO server.RaftServer: b423f7b1-089b-406b-a3aa-6a650e93a531: addNew group-886978236035:[] returns group-886978236035:java.util.concurrent.CompletableFuture@4dba76e2[Not completed]
dn5_1    | 2023-06-29 21:11:45,865 [main] INFO server.XceiverServerGrpc: GrpcServer channel type EpollServerSocketChannel
dn5_1    | 2023-06-29 21:11:46,058 [b423f7b1-089b-406b-a3aa-6a650e93a531-groupManagement] INFO server.RaftServer$Division: b423f7b1-089b-406b-a3aa-6a650e93a531: new RaftServerImpl for group-67710B43930B:[] with ContainerStateMachine:uninitialized
dn3_1    | 2023-06-29 21:12:15,766 [BlockDeletingService#0] INFO interfaces.ContainerDeletionChoosingPolicyTemplate: Chosen 0/5000 blocks from 0 candidate containers.
scm1_1   | No '-XX:...' jvm parameters are set. Adding safer GC settings '-XX:ParallelGCThreads=8 -XX:+UseConcMarkSweepGC -XX:CMSInitiatingOccupancyFraction=70 -XX:+CMSParallelRemarkEnabled' to the OZONE_OPTS
scm2_1   | Waiting for the service scm1:9894
om1_1    | 2023-06-29 21:12:26,187 [main] INFO ratis.OzoneManagerStateMachine: LastAppliedIndex is set from TransactionInfo from OM DB as (t:1, i:24)
om1_1    | 2023-06-29 21:12:26,581 [main] INFO server.RaftServer: raft.rpc.type = GRPC (default)
om1_1    | 2023-06-29 21:12:26,662 [main] INFO grpc.GrpcConfigKeys: raft.grpc.admin.host = null (fallback to raft.grpc.server.host)
om1_1    | 2023-06-29 21:12:26,688 [main] INFO grpc.GrpcConfigKeys: raft.grpc.admin.port = 9872 (fallback to raft.grpc.server.port)
om1_1    | 2023-06-29 21:12:26,692 [main] INFO grpc.GrpcConfigKeys: raft.grpc.client.host = null (fallback to raft.grpc.server.host)
om1_1    | 2023-06-29 21:12:26,697 [main] INFO grpc.GrpcConfigKeys: raft.grpc.client.port = 9872 (fallback to raft.grpc.server.port)
dn4_1    | 2023-06-29 21:12:14,343 [95c58c7b-97c6-4852-a177-ebb1478388b9-impl-thread1] INFO segmented.SegmentedRaftLogWorker: new 95c58c7b-97c6-4852-a177-ebb1478388b9@group-1BB47A98493E-SegmentedRaftLogWorker for RaftStorageImpl:Storage Directory /data/metadata/ratis/a67dd9f1-63f5-4458-8ea5-1bb47a98493e
dn4_1    | 2023-06-29 21:12:14,345 [95c58c7b-97c6-4852-a177-ebb1478388b9-impl-thread1] INFO server.RaftServerConfigKeys: raft.server.log.queue.byte-limit = 4294967296 (custom)
dn4_1    | 2023-06-29 21:12:14,347 [95c58c7b-97c6-4852-a177-ebb1478388b9-impl-thread1] INFO server.RaftServerConfigKeys: raft.server.log.queue.element-limit = 1024 (custom)
dn4_1    | 2023-06-29 21:12:14,351 [95c58c7b-97c6-4852-a177-ebb1478388b9-impl-thread1] INFO server.RaftServerConfigKeys: raft.server.log.segment.size.max = 1048576 (custom)
dn4_1    | 2023-06-29 21:12:14,352 [95c58c7b-97c6-4852-a177-ebb1478388b9-impl-thread1] INFO server.RaftServerConfigKeys: raft.server.log.preallocated.size = 16384 (custom)
dn3_1    | 2023-06-29 21:12:16,570 [EndpointStateMachine task thread for scm3/10.9.0.16:9861 - 0 ] INFO ipc.Client: Retrying connect to server: scm3/10.9.0.16:9861. Already tried 3 time(s); retry policy is RetryUpToMaximumCountWithFixedSleep(maxRetries=15, sleepTime=1000 MILLISECONDS)
scm1_1   | OpenJDK 64-Bit Server VM warning: Option UseConcMarkSweepGC was deprecated in version 9.0 and will likely be removed in a future release.
scm2_1   | No '-XX:...' jvm parameters are set. Adding safer GC settings '-XX:ParallelGCThreads=8 -XX:+UseConcMarkSweepGC -XX:CMSInitiatingOccupancyFraction=70 -XX:+CMSParallelRemarkEnabled' to the OZONE_OPTS
dn1_1    | 	at org.apache.hadoop.ozone.container.common.states.endpoint.VersionEndpointTask.call(VersionEndpointTask.java:69)
dn1_1    | 	at org.apache.hadoop.ozone.container.common.states.endpoint.VersionEndpointTask.call(VersionEndpointTask.java:40)
dn1_1    | 	at java.base/java.util.concurrent.FutureTask.run(FutureTask.java:264)
dn1_1    | 	at java.base/java.util.concurrent.ThreadPoolExecutor.runWorker(ThreadPoolExecutor.java:1128)
dn1_1    | 	at java.base/java.util.concurrent.ThreadPoolExecutor$Worker.run(ThreadPoolExecutor.java:628)
dn1_1    | 	at java.base/java.lang.Thread.run(Thread.java:829)
dn1_1    | Caused by: java.net.ConnectException: Connection refused
scm3_1   | No '-XX:...' jvm parameters are set. Adding safer GC settings '-XX:ParallelGCThreads=8 -XX:+UseConcMarkSweepGC -XX:CMSInitiatingOccupancyFraction=70 -XX:+CMSParallelRemarkEnabled' to the OZONE_OPTS
dn3_1    | 2023-06-29 21:12:17,579 [EndpointStateMachine task thread for scm3/10.9.0.16:9861 - 0 ] INFO ipc.Client: Retrying connect to server: scm3/10.9.0.16:9861. Already tried 4 time(s); retry policy is RetryUpToMaximumCountWithFixedSleep(maxRetries=15, sleepTime=1000 MILLISECONDS)
scm1_1   | 2023-06-29 21:11:30,530 [main] INFO server.StorageContainerManagerStarter: STARTUP_MSG: 
scm3_1   | OpenJDK 64-Bit Server VM warning: Option UseConcMarkSweepGC was deprecated in version 9.0 and will likely be removed in a future release.
om3_1    | 2023-06-29 21:11:35,841 [main] INFO upgrade.OMLayoutVersionManager: Registering Upgrade Action : QuotaRepairUpgradeAction
scm2_1   | OpenJDK 64-Bit Server VM warning: Option UseConcMarkSweepGC was deprecated in version 9.0 and will likely be removed in a future release.
om1_1    | 2023-06-29 21:12:26,699 [main] INFO grpc.GrpcConfigKeys: raft.grpc.server.host = null (default)
scm3_1   | 2023-06-29 21:12:11,297 [main] INFO server.StorageContainerManagerStarter: STARTUP_MSG: 
om3_1    | 2023-06-29 21:11:35,987 [main] WARN server.ServerUtils: ozone.om.db.dirs is not configured. We recommend adding this setting. Falling back to ozone.metadata.dirs instead.
om3_1    | 2023-06-29 21:11:38,382 [main] INFO proxy.SCMBlockLocationFailoverProxyProvider: Created block location fail-over proxy with 3 nodes: [nodeId=scm2,nodeAddress=scm2/10.9.0.15:9863, nodeId=scm1,nodeAddress=scm1/10.9.0.14:9863, nodeId=scm3,nodeAddress=scm3/10.9.0.16:9863]
om2_1    | 2023-06-29 21:11:33,793 [main] INFO upgrade.OMLayoutVersionManager: Registering Upgrade Action : QuotaRepairUpgradeAction
om2_1    | 2023-06-29 21:11:34,010 [main] WARN server.ServerUtils: ozone.om.db.dirs is not configured. We recommend adding this setting. Falling back to ozone.metadata.dirs instead.
om2_1    | 2023-06-29 21:11:36,654 [main] INFO proxy.SCMBlockLocationFailoverProxyProvider: Created block location fail-over proxy with 3 nodes: [nodeId=scm2,nodeAddress=scm2/10.9.0.15:9863, nodeId=scm1,nodeAddress=scm1/10.9.0.14:9863, nodeId=scm3,nodeAddress=scm3/10.9.0.16:9863]
om2_1    | 2023-06-29 21:11:37,148 [main] INFO proxy.SCMBlockLocationFailoverProxyProvider: Created block location fail-over proxy with 3 nodes: [nodeId=scm2,nodeAddress=scm2/10.9.0.15:9863, nodeId=scm1,nodeAddress=scm1/10.9.0.14:9863, nodeId=scm3,nodeAddress=scm3/10.9.0.16:9863]
om2_1    | 2023-06-29 21:11:43,749 [main] INFO retry.RetryInvocationHandler: com.google.protobuf.ServiceException: java.net.ConnectException: Call From 4bcdb9a4f08d/10.9.0.12 to scm1:9863 failed on connection exception: java.net.ConnectException: Connection refused; For more details see:  http://wiki.apache.org/hadoop/ConnectionRefused, while invoking $Proxy34.send over nodeId=scm1,nodeAddress=scm1/10.9.0.14:9863 after 3 failover attempts. Trying to failover after sleeping for 2000ms. Current retry count: 3.
dn3_1    | 2023-06-29 21:12:18,580 [EndpointStateMachine task thread for scm3/10.9.0.16:9861 - 0 ] INFO ipc.Client: Retrying connect to server: scm3/10.9.0.16:9861. Already tried 5 time(s); retry policy is RetryUpToMaximumCountWithFixedSleep(maxRetries=15, sleepTime=1000 MILLISECONDS)
dn5_1    | 2023-06-29 21:11:46,061 [b423f7b1-089b-406b-a3aa-6a650e93a531-groupManagement] INFO server.RaftServerConfigKeys: raft.server.rpc.timeout.min = 5s (custom)
dn5_1    | 2023-06-29 21:11:46,226 [b423f7b1-089b-406b-a3aa-6a650e93a531-groupManagement] INFO server.RaftServerConfigKeys: raft.server.rpc.timeout.max = 5200ms (custom)
dn5_1    | 2023-06-29 21:11:46,226 [b423f7b1-089b-406b-a3aa-6a650e93a531-groupManagement] INFO server.RaftServerConfigKeys: raft.server.rpc.sleep.time = 25ms (default)
scm2_1   | 2023-06-29 21:12:03,846 [main] INFO server.StorageContainerManagerStarter: STARTUP_MSG: 
om1_1    | 2023-06-29 21:12:26,710 [main] INFO grpc.GrpcConfigKeys: raft.grpc.server.port = 9872 (custom)
scm3_1   | /************************************************************
om3_1    | 2023-06-29 21:11:38,878 [main] INFO proxy.SCMBlockLocationFailoverProxyProvider: Created block location fail-over proxy with 3 nodes: [nodeId=scm2,nodeAddress=scm2/10.9.0.15:9863, nodeId=scm1,nodeAddress=scm1/10.9.0.14:9863, nodeId=scm3,nodeAddress=scm3/10.9.0.16:9863]
om3_1    | 2023-06-29 21:11:45,983 [main] INFO retry.RetryInvocationHandler: com.google.protobuf.ServiceException: java.net.ConnectException: Call From 9360e79ecd40/10.9.0.13 to scm1:9863 failed on connection exception: java.net.ConnectException: Connection refused; For more details see:  http://wiki.apache.org/hadoop/ConnectionRefused, while invoking $Proxy34.send over nodeId=scm1,nodeAddress=scm1/10.9.0.14:9863 after 3 failover attempts. Trying to failover after sleeping for 2000ms. Current retry count: 3.
om3_1    | 2023-06-29 21:11:47,984 [main] INFO retry.RetryInvocationHandler: com.google.protobuf.ServiceException: java.net.ConnectException: Call From 9360e79ecd40/10.9.0.13 to scm2:9863 failed on connection exception: java.net.ConnectException: Connection refused; For more details see:  http://wiki.apache.org/hadoop/ConnectionRefused, while invoking $Proxy34.send over nodeId=scm2,nodeAddress=scm2/10.9.0.15:9863 after 4 failover attempts. Trying to failover after sleeping for 2000ms. Current retry count: 4.
dn4_1    | 2023-06-29 21:12:14,351 [95c58c7b-97c6-4852-a177-ebb1478388b9-impl-thread3] INFO segmented.SegmentedRaftLogWorker: new 95c58c7b-97c6-4852-a177-ebb1478388b9@group-8A4DAE2A0900-SegmentedRaftLogWorker for RaftStorageImpl:Storage Directory /data/metadata/ratis/3a976013-1607-4227-9cfe-8a4dae2a0900
dn4_1    | 2023-06-29 21:12:14,354 [95c58c7b-97c6-4852-a177-ebb1478388b9-impl-thread3] INFO server.RaftServerConfigKeys: raft.server.log.queue.byte-limit = 4294967296 (custom)
s3g_1    | 2023-06-29 21:11:22,094 [main] INFO http.HttpServer2: Added filter static_user_filter (class=org.apache.hadoop.http.lib.StaticUserWebFilter$StaticUserFilter) to context static
s3g_1    | 2023-06-29 21:11:22,347 [main] INFO http.BaseHttpServer: HTTP server of s3gateway uses base directory /opt/hadoop/ozone_s3g_tmp_base_dir16545936936592869249
s3g_1    | 2023-06-29 21:11:23,716 [main] INFO s3.Gateway: STARTUP_MSG: 
dn3_1    | 2023-06-29 21:12:19,495 [Datanode State Machine Daemon Thread] ERROR datanode.RunningDatanodeState: Error in executing end point task.
recon_1  | No '-XX:...' jvm parameters are set. Adding safer GC settings '-XX:ParallelGCThreads=8 -XX:+UseConcMarkSweepGC -XX:CMSInitiatingOccupancyFraction=70 -XX:+CMSParallelRemarkEnabled' to the OZONE_OPTS
recon_1  | OpenJDK 64-Bit Server VM warning: Option UseConcMarkSweepGC was deprecated in version 9.0 and will likely be removed in a future release.
scm2_1   | /************************************************************
om1_1    | 2023-06-29 21:12:26,713 [main] INFO server.GrpcService: raft.grpc.message.size.max = 33554432 (custom)
scm3_1   | STARTUP_MSG: Starting StorageContainerManager
scm3_1   | STARTUP_MSG:   host = 2e8c6d522fb1/10.9.0.16
om3_1    | 2023-06-29 21:11:49,986 [main] INFO retry.RetryInvocationHandler: com.google.protobuf.ServiceException: java.net.ConnectException: Call From 9360e79ecd40/10.9.0.13 to scm3:9863 failed on connection exception: java.net.ConnectException: Connection refused; For more details see:  http://wiki.apache.org/hadoop/ConnectionRefused, while invoking $Proxy34.send over nodeId=scm3,nodeAddress=scm3/10.9.0.16:9863 after 5 failover attempts. Trying to failover after sleeping for 2000ms. Current retry count: 5.
om3_1    | 2023-06-29 21:11:51,988 [main] INFO retry.RetryInvocationHandler: com.google.protobuf.ServiceException: java.net.ConnectException: Call From 9360e79ecd40/10.9.0.13 to scm1:9863 failed on connection exception: java.net.ConnectException: Connection refused; For more details see:  http://wiki.apache.org/hadoop/ConnectionRefused, while invoking $Proxy34.send over nodeId=scm1,nodeAddress=scm1/10.9.0.14:9863 after 6 failover attempts. Trying to failover after sleeping for 2000ms. Current retry count: 6.
om3_1    | 2023-06-29 21:11:53,990 [main] INFO retry.RetryInvocationHandler: com.google.protobuf.ServiceException: java.net.ConnectException: Call From 9360e79ecd40/10.9.0.13 to scm2:9863 failed on connection exception: java.net.ConnectException: Connection refused; For more details see:  http://wiki.apache.org/hadoop/ConnectionRefused, while invoking $Proxy34.send over nodeId=scm2,nodeAddress=scm2/10.9.0.15:9863 after 7 failover attempts. Trying to failover after sleeping for 2000ms. Current retry count: 7.
om3_1    | 2023-06-29 21:11:55,992 [main] INFO retry.RetryInvocationHandler: com.google.protobuf.ServiceException: java.net.ConnectException: Call From 9360e79ecd40/10.9.0.13 to scm3:9863 failed on connection exception: java.net.ConnectException: Connection refused; For more details see:  http://wiki.apache.org/hadoop/ConnectionRefused, while invoking $Proxy34.send over nodeId=scm3,nodeAddress=scm3/10.9.0.16:9863 after 8 failover attempts. Trying to failover after sleeping for 2000ms. Current retry count: 8.
dn2_1    | 2023-06-29 21:12:21,498 [653c0db6-d9db-4099-8201-751dcc40d458@group-9AE2FA46D77C-FollowerState] INFO impl.RoleInfo: 653c0db6-d9db-4099-8201-751dcc40d458: shutdown 653c0db6-d9db-4099-8201-751dcc40d458@group-9AE2FA46D77C-FollowerState
dn2_1    | 2023-06-29 21:12:21,516 [653c0db6-d9db-4099-8201-751dcc40d458@group-9AE2FA46D77C-FollowerState] INFO server.RaftServer$Division: 653c0db6-d9db-4099-8201-751dcc40d458@group-9AE2FA46D77C: changes role from  FOLLOWER to CANDIDATE at term 1 for changeToCandidate
s3g_1    | /************************************************************
dn3_1    | java.util.concurrent.ExecutionException: java.util.concurrent.TimeoutException
dn5_1    | 2023-06-29 21:11:46,229 [b423f7b1-089b-406b-a3aa-6a650e93a531-groupManagement] INFO server.RaftServerConfigKeys: raft.server.rpc.slowness.timeout = 300s (custom)
dn5_1    | 2023-06-29 21:11:46,229 [b423f7b1-089b-406b-a3aa-6a650e93a531-groupManagement] INFO server.RaftServerConfigKeys: raft.server.leaderelection.leader.step-down.wait-time = 10s (default)
dn5_1    | 2023-06-29 21:11:46,229 [b423f7b1-089b-406b-a3aa-6a650e93a531-groupManagement] INFO server.RaftServerConfigKeys: raft.server.sleep.deviation.threshold = 300ms (default)
om1_1    | 2023-06-29 21:12:26,739 [main] INFO server.RaftServerConfigKeys: raft.server.log.appender.buffer.byte-limit = 33554432 (custom)
scm3_1   | STARTUP_MSG:   args = []
scm3_1   | STARTUP_MSG:   version = 1.4.0-SNAPSHOT
dn1_1    | 	at java.base/sun.nio.ch.SocketChannelImpl.checkConnect(Native Method)
dn4_1    | 2023-06-29 21:12:14,359 [95c58c7b-97c6-4852-a177-ebb1478388b9-impl-thread3] INFO server.RaftServerConfigKeys: raft.server.log.queue.element-limit = 1024 (custom)
dn4_1    | 2023-06-29 21:12:14,360 [95c58c7b-97c6-4852-a177-ebb1478388b9-impl-thread3] INFO server.RaftServerConfigKeys: raft.server.log.segment.size.max = 1048576 (custom)
dn4_1    | 2023-06-29 21:12:14,360 [95c58c7b-97c6-4852-a177-ebb1478388b9-impl-thread3] INFO server.RaftServerConfigKeys: raft.server.log.preallocated.size = 16384 (custom)
dn4_1    | 2023-06-29 21:12:14,361 [95c58c7b-97c6-4852-a177-ebb1478388b9-impl-thread3] INFO server.RaftServerConfigKeys: raft.server.log.force.sync.num = 128 (default)
dn4_1    | 2023-06-29 21:12:14,364 [95c58c7b-97c6-4852-a177-ebb1478388b9-impl-thread1] INFO server.RaftServerConfigKeys: raft.server.log.force.sync.num = 128 (default)
dn4_1    | 2023-06-29 21:12:14,367 [95c58c7b-97c6-4852-a177-ebb1478388b9-impl-thread1] INFO server.RaftServerConfigKeys: raft.server.log.statemachine.data.sync = true (default)
dn3_1    | 	at java.base/java.util.concurrent.FutureTask.report(FutureTask.java:122)
dn5_1    | 2023-06-29 21:11:46,392 [b423f7b1-089b-406b-a3aa-6a650e93a531-groupManagement] INFO server.RaftServer$Division: b423f7b1-089b-406b-a3aa-6a650e93a531@group-67710B43930B: ConfigurationManager, init=-1: peers:[]|listeners:[], old=null, confs=<EMPTY_MAP>
om1_1    | 2023-06-29 21:12:26,742 [main] INFO server.GrpcService: raft.grpc.flow.control.window = 1MB (=1048576) (default)
om1_1    | 2023-06-29 21:12:26,743 [main] INFO server.RaftServerConfigKeys: raft.server.rpc.request.timeout = 3000ms (default)
om1_1    | 2023-06-29 21:12:26,821 [main] INFO grpc.GrpcConfigKeys: raft.grpc.server.heartbeat.channel = true (default)
scm2_1   | STARTUP_MSG: Starting StorageContainerManager
dn1_1    | 	at java.base/sun.nio.ch.SocketChannelImpl.finishConnect(SocketChannelImpl.java:777)
scm3_1   | STARTUP_MSG:   classpath = /etc/hadoop:/opt/hadoop/share/ozone/lib/slf4j-reload4j-1.7.36.jar:/opt/hadoop/share/ozone/lib/netty-resolver-4.1.86.Final.jar:/opt/hadoop/share/ozone/lib/protobuf-java-2.5.0.jar:/opt/hadoop/share/ozone/lib/jaxb-core-2.3.0.1.jar:/opt/hadoop/share/ozone/lib/istack-commons-runtime-3.0.5.jar:/opt/hadoop/share/ozone/lib/commons-validator-1.6.jar:/opt/hadoop/share/ozone/lib/hdds-erasurecode-1.4.0-SNAPSHOT.jar:/opt/hadoop/share/ozone/lib/hdds-hadoop-dependency-server-1.4.0-SNAPSHOT.jar:/opt/hadoop/share/ozone/lib/bcpkix-jdk15on-1.67.jar:/opt/hadoop/share/ozone/lib/hdds-rocks-native-1.4.0-SNAPSHOT.jar:/opt/hadoop/share/ozone/lib/hadoop-hdfs-client-3.3.6.jar:/opt/hadoop/share/ozone/lib/netty-codec-4.1.86.Final.jar:/opt/hadoop/share/ozone/lib/commons-net-3.9.0.jar:/opt/hadoop/share/ozone/lib/kerb-core-1.0.1.jar:/opt/hadoop/share/ozone/lib/hadoop-shaded-protobuf_3_7-1.1.1.jar:/opt/hadoop/share/ozone/lib/jsr305-3.0.0.jar:/opt/hadoop/share/ozone/lib/picocli-4.6.1.jar:/opt/hadoop/share/ozone/lib/javassist-3.21.0-GA.jar:/opt/hadoop/share/ozone/lib/jaxb-api-2.3.0.jar:/opt/hadoop/share/ozone/lib/jetty-util-ajax-9.4.51.v20230217.jar:/opt/hadoop/share/ozone/lib/hdds-interface-admin-1.4.0-SNAPSHOT.jar:/opt/hadoop/share/ozone/lib/commons-codec-1.15.jar:/opt/hadoop/share/ozone/lib/hadoop-shaded-guava-1.1.1.jar:/opt/hadoop/share/ozone/lib/kotlin-stdlib-1.6.21.jar:/opt/hadoop/share/ozone/lib/hdds-managed-rocksdb-1.4.0-SNAPSHOT.jar:/opt/hadoop/share/ozone/lib/log4j-core-2.17.1.jar:/opt/hadoop/share/ozone/lib/commons-logging-1.2.jar:/opt/hadoop/share/ozone/lib/grpc-context-1.51.1.jar:/opt/hadoop/share/ozone/lib/jetty-http-9.4.51.v20230217.jar:/opt/hadoop/share/ozone/lib/txw2-2.3.0.1.jar:/opt/hadoop/share/ozone/lib/hadoop-common-3.3.6.jar:/opt/hadoop/share/ozone/lib/hadoop-hdfs-3.3.6.jar:/opt/hadoop/share/ozone/lib/httpcore-4.4.13.jar:/opt/hadoop/share/ozone/lib/ratis-metrics-2.5.1.jar:/opt/hadoop/share/ozone/lib/hdds-container-service-1.4.0-SNAPSHOT.jar:/opt/hadoop/share/ozone/lib/opentracing-tracerresolver-0.1.8.jar:/opt/hadoop/share/ozone/lib/jetty-util-9.4.51.v20230217.jar:/opt/hadoop/share/ozone/lib/commons-text-1.10.0.jar:/opt/hadoop/share/ozone/lib/snakeyaml-2.0.jar:/opt/hadoop/share/ozone/lib/libthrift-0.14.1.jar:/opt/hadoop/share/ozone/lib/stax-ex-1.7.8.jar:/opt/hadoop/share/ozone/lib/error_prone_annotations-2.2.0.jar:/opt/hadoop/share/ozone/lib/hdds-hadoop-dependency-client-1.4.0-SNAPSHOT.jar:/opt/hadoop/share/ozone/lib/zstd-jni-1.5.2-5.jar:/opt/hadoop/share/ozone/lib/httpclient-4.5.13.jar:/opt/hadoop/share/ozone/lib/hamcrest-2.1.jar:/opt/hadoop/share/ozone/lib/ratis-grpc-2.5.1.jar:/opt/hadoop/share/ozone/lib/jaeger-client-1.6.0.jar:/opt/hadoop/share/ozone/lib/ratis-proto-2.5.1.jar:/opt/hadoop/share/ozone/lib/jackson-annotations-2.13.4.jar:/opt/hadoop/share/ozone/lib/commons-io-2.11.0.jar:/opt/hadoop/share/ozone/lib/metrics-core-3.2.4.jar:/opt/hadoop/share/ozone/lib/kerby-pkix-1.0.1.jar:/opt/hadoop/share/ozone/lib/netty-buffer-4.1.86.Final.jar:/opt/hadoop/sh