scm3_1      | STARTUP_MSG:   classpath = /etc/hadoop:/opt/hadoop/share/ozone/lib/kerb-simplekdc-1.0.1.jar:/opt/hadoop/share/ozone/lib/netty-transport-4.1.77.Final.jar:/opt/hadoop/share/ozone/lib/slf4j-reload4j-1.7.36.jar:/opt/hadoop/share/ozone/lib/protobuf-java-2.5.0.jar:/opt/hadoop/share/ozone/lib/jaxb-core-2.3.0.1.jar:/opt/hadoop/share/ozone/lib/istack-commons-runtime-3.0.5.jar:/opt/hadoop/share/ozone/lib/commons-validator-1.6.jar:/opt/hadoop/share/ozone/lib/hdds-erasurecode-1.4.0-SNAPSHOT.jar:/opt/hadoop/share/ozone/lib/hdds-hadoop-dependency-server-1.4.0-SNAPSHOT.jar:/opt/hadoop/share/ozone/lib/bcpkix-jdk15on-1.67.jar:/opt/hadoop/share/ozone/lib/commons-net-3.9.0.jar:/opt/hadoop/share/ozone/lib/kerb-core-1.0.1.jar:/opt/hadoop/share/ozone/lib/hadoop-shaded-protobuf_3_7-1.1.1.jar:/opt/hadoop/share/ozone/lib/jsr305-3.0.0.jar:/opt/hadoop/share/ozone/lib/j2objc-annotations-1.3.jar:/opt/hadoop/share/ozone/lib/jetty-webapp-9.4.49.v20220914.jar:/opt/hadoop/share/ozone/lib/picocli-4.6.1.jar:/opt/hadoop/share/ozone/lib/javassist-3.21.0-GA.jar:/opt/hadoop/share/ozone/lib/jaxb-api-2.3.0.jar:/opt/hadoop/share/ozone/lib/hdds-interface-admin-1.4.0-SNAPSHOT.jar:/opt/hadoop/share/ozone/lib/commons-codec-1.15.jar:/opt/hadoop/share/ozone/lib/kerb-util-1.0.1.jar:/opt/hadoop/share/ozone/lib/hadoop-shaded-guava-1.1.1.jar:/opt/hadoop/share/ozone/lib/kotlin-stdlib-1.6.21.jar:/opt/hadoop/share/ozone/lib/log4j-core-2.17.1.jar:/opt/hadoop/share/ozone/lib/commons-logging-1.2.jar:/opt/hadoop/share/ozone/lib/ratis-thirdparty-misc-1.0.3.jar:/opt/hadoop/share/ozone/lib/jetty-security-9.4.49.v20220914.jar:/opt/hadoop/share/ozone/lib/accessors-smart-2.4.7.jar:/opt/hadoop/share/ozone/lib/kerby-xdr-1.0.1.jar:/opt/hadoop/share/ozone/lib/netty-handler-4.1.77.Final.jar:/opt/hadoop/share/ozone/lib/txw2-2.3.0.1.jar:/opt/hadoop/share/ozone/lib/httpcore-4.4.13.jar:/opt/hadoop/share/ozone/lib/hdds-container-service-1.4.0-SNAPSHOT.jar:/opt/hadoop/share/ozone/lib/guava-31.1-jre.jar:/opt/hadoop/share/ozone/lib/opentracing-tracerresolver-0.1.8.jar:/opt/hadoop/share/ozone/lib/ratis-grpc-2.4.2-8b8bdda-SNAPSHOT.jar:/opt/hadoop/share/ozone/lib/hadoop-auth-3.3.4.jar:/opt/hadoop/share/ozone/lib/libthrift-0.14.1.jar:/opt/hadoop/share/ozone/lib/stax-ex-1.7.8.jar:/opt/hadoop/share/ozone/lib/error_prone_annotations-2.2.0.jar:/opt/hadoop/share/ozone/lib/kotlin-stdlib-common-1.4.10.jar:/opt/hadoop/share/ozone/lib/hdds-hadoop-dependency-client-1.4.0-SNAPSHOT.jar:/opt/hadoop/share/ozone/lib/zstd-jni-1.5.2-5.jar:/opt/hadoop/share/ozone/lib/httpclient-4.5.13.jar:/opt/hadoop/share/ozone/lib/ratis-proto-2.4.2-8b8bdda-SNAPSHOT.jar:/opt/hadoop/share/ozone/lib/jaeger-client-1.6.0.jar:/opt/hadoop/share/ozone/lib/kerby-config-1.0.1.jar:/opt/hadoop/share/ozone/lib/jackson-annotations-2.13.4.jar:/opt/hadoop/share/ozone/lib/commons-io-2.11.0.jar:/opt/hadoop/share/ozone/lib/metrics-core-3.2.4.jar:/opt/hadoop/share/ozone/lib/hadoop-annotations-3.3.4.jar:/opt/hadoop/share/ozone/lib/kerby-pkix-1.0.1.jar:/opt/hadoop/share/ozone/lib/jetty-util-9.4.49.v20220914.jar:/opt/hadoop/share/ozone/lib/json-smart-2.4.7.jar:/opt/hadoop/share/ozone/lib/jetty-io-9.4.49.v20220914.jar:/opt/hadoop/share/ozone/lib/jsr311-api-1.1.1.jar:/opt/hadoop/share/ozone/lib/jetty-server-9.4.49.v20220914.jar:/opt/hadoop/share/ozone/lib/commons-beanutils-1.9.4.jar:/opt/hadoop/share/ozone/lib/javax.servlet-api-3.1.0.jar:/opt/hadoop/share/ozone/lib/kerb-server-1.0.1.jar:/opt/hadoop/share/ozone/lib/netty-resolver-4.1.77.Final.jar:/opt/hadoop/share/ozone/lib/kerb-client-1.0.1.jar:/opt/hadoop/share/ozone/lib/jetty-xml-9.4.49.v20220914.jar:/opt/hadoop/share/ozone/lib/hadoop-common-3.3.4.jar:/opt/hadoop/share/ozone/lib/disruptor-3.4.2.jar:/opt/hadoop/share/ozone/lib/reflections-0.9.11.jar:/opt/hadoop/share/ozone/lib/gson-2.9.0.jar:/opt/hadoop/share/ozone/lib/snakeyaml-1.33.jar:/opt/hadoop/share/ozone/lib/nimbus-jose-jwt-9.8.1.jar:/opt/hadoop/share/ozone/lib/hdds-client-1.4.0-SNAPSHOT.jar:/opt/hadoop/share/ozone/lib/ratis-common-2.4.2-8b8bdda-SNAPSHOT.jar:/opt/hadoop/share/ozone/lib/annotations-13.0.jar:/opt/hadoop/share/ozone/lib/simpleclient_common-0.7.0.jar:/opt/hadoop/share/ozone/lib/jaeger-thrift-1.6.0.jar:/opt/hadoop/share/ozone/lib/dnsjava-2.1.7.jar:/opt/hadoop/share/ozone/lib/rocksdbjni-7.7.3.jar:/opt/hadoop/share/ozone/lib/bcprov-jdk15on-1.67.jar:/opt/hadoop/share/ozone/lib/commons-configuration2-2.1.1.jar:/opt/hadoop/share/ozone/lib/token-provider-1.0.1.jar:/opt/hadoop/share/ozone/lib/commons-daemon-1.0.13.jar:/opt/hadoop/share/ozone/lib/listenablefuture-9999.0-empty-to-avoid-conflict-with-guava.jar:/opt/hadoop/share/ozone/lib/jaeger-tracerresolver-1.6.0.jar:/opt/hadoop/share/ozone/lib/slf4j-api-1.7.36.jar:/opt/hadoop/share/ozone/lib/commons-lang3-3.7.jar:/opt/hadoop/share/ozone/lib/re2j-1.1.jar:/opt/hadoop/share/ozone/lib/jackson-datatype-jsr310-2.13.4.jar:/opt/hadoop/share/ozone/lib/simpleclient_dropwizard-0.7.0.jar:/opt/hadoop/share/ozone/lib/simpleclient-0.7.0.jar:/opt/hadoop/share/ozone/lib/ratis-metrics-2.4.2-8b8bdda-SNAPSHOT.jar:/opt/hadoop/share/ozone/lib/asm-5.0.4.jar:/opt/hadoop/share/ozone/lib/kerby-util-1.0.1.jar:/opt/hadoop/share/ozone/lib/netty-codec-4.1.77.Final.jar:/opt/hadoop/share/ozone/lib/failureaccess-1.0.1.jar:/opt/hadoop/share/ozone/lib/jackson-databind-2.13.4.2.jar:/opt/hadoop/share/ozone/lib/okio-2.8.0.jar:/opt/hadoop/share/ozone/lib/jetty-servlet-9.4.49.v20220914.jar:/opt/hadoop/share/ozone/lib/jsp-api-2.1.jar:/opt/hadoop/share/ozone/lib/jsch-0.1.54.jar:/opt/hadoop/share/ozone/lib/jakarta.activation-api-1.2.1.jar:/opt/hadoop/share/ozone/lib/reload4j-1.2.22.jar:/opt/hadoop/share/ozone/lib/woodstox-core-5.4.0.jar:/opt/hadoop/share/ozone/lib/commons-pool2-2.6.0.jar:/opt/hadoop/share/ozone/lib/opentracing-api-0.33.0.jar:/opt/hadoop/share/ozone/lib/jcip-annotations-1.0-1.jar:/opt/hadoop/share/ozone/lib/kerb-admin-1.0.1.jar:/opt/hadoop/share/ozone/lib/jetty-util-ajax-9.4.49.v20220914.jar:/opt/hadoop/share/ozone/lib/netty-buffer-4.1.77.Final.jar:/opt/hadoop/share/ozone/lib/opentracing-noop-0.33.0.jar:/opt/hadoop/share/ozone/lib/hadoop-hdfs-client-3.3.4.jar:/opt/hadoop/share/ozone/lib/jersey-core-1.19.jar:/opt/hadoop/share/ozone/lib/commons-compress-1.21.jar:/opt/hadoop/share/ozone/lib/jaxb-runtime-2.3.0.1.jar:/opt/hadoop/share/ozone/lib/hadoop-hdfs-3.3.4.jar:/opt/hadoop/share/ozone/lib/jackson-core-2.13.4.jar:/opt/hadoop/share/ozone/lib/hdds-annotation-processing-1.4.0-SNAPSHOT.jar:/opt/hadoop/share/ozone/lib/opentracing-util-0.33.0.jar:/opt/hadoop/share/ozone/lib/stax2-api-4.2.1.jar:/opt/hadoop/share/ozone/lib/snappy-java-1.1.8.2.jar:/opt/hadoop/share/ozone/lib/ratis-netty-2.4.2-8b8bdda-SNAPSHOT.jar:/opt/hadoop/share/ozone/lib/hdds-config-1.4.0-SNAPSHOT.jar:/opt/hadoop/share/ozone/lib/commons-cli-1.2.jar:/opt/hadoop/share/ozone/lib/log4j-api-2.17.1.jar:/opt/hadoop/share/ozone/lib/javax.annotation-api-1.2.jar:/opt/hadoop/share/ozone/lib/ratis-server-api-2.4.2-8b8bdda-SNAPSHOT.jar:/opt/hadoop/share/ozone/lib/hdds-interface-client-1.4.0-SNAPSHOT.jar:/opt/hadoop/share/ozone/lib/kerby-asn1-1.0.1.jar:/opt/hadoop/share/ozone/lib/okhttp-4.9.3.jar:/opt/hadoop/share/ozone/lib/checker-qual-3.12.0.jar:/opt/hadoop/share/ozone/lib/hdds-interface-server-1.4.0-SNAPSHOT.jar:/opt/hadoop/share/ozone/lib/hdds-common-1.4.0-SNAPSHOT.jar:/opt/hadoop/share/ozone/lib/commons-digester-1.8.1.jar:/opt/hadoop/share/ozone/lib/commons-collections-3.2.2.jar:/opt/hadoop/share/ozone/lib/jaeger-core-1.6.0.jar:/opt/hadoop/share/ozone/lib/ratis-client-2.4.2-8b8bdda-SNAPSHOT.jar:/opt/hadoop/share/ozone/lib/commons-text-1.4.jar:/opt/hadoop/share/ozone/lib/jersey-servlet-1.19.jar:/opt/hadoop/share/ozone/lib/ratis-server-2.4.2-8b8bdda-SNAPSHOT.jar:/opt/hadoop/share/ozone/lib/jetty-http-9.4.49.v20220914.jar:/opt/hadoop/share/ozone/lib/kerb-identity-1.0.1.jar:/opt/hadoop/share/ozone/lib/FastInfoset-1.2.13.jar:/opt/hadoop/share/ozone/lib/kerb-common-1.0.1.jar:/opt/hadoop/share/ozone/lib/hdds-server-framework-1.4.0-SNAPSHOT.jar:/opt/hadoop/share/ozone/lib/jersey-server-1.19.jar:/opt/hadoop/share/ozone/lib/kerb-crypto-1.0.1.jar:/opt/hadoop/share/ozone/lib/netty-common-4.1.77.Final.jar:/opt/hadoop/share/ozone/web:/opt/hadoop/share/ozone/lib/hdds-server-scm-1.4.0-SNAPSHOT.jar
scm3_1      | STARTUP_MSG:   build = https://github.com/apache/ozone/9d5cfd6934cc6ec34d3c78b99af90888e05f21af ; compiled by 'runner' on 2023-01-12T05:10Z
om1_1       | 2023-01-12 05:26:39,109 [main] INFO server.RaftServerConfigKeys: raft.server.data-stream.async.write.thread.pool.size = 16 (default)
datanode_1  | 	at org.apache.hadoop.net.NetUtils.wrapException(NetUtils.java:848)
datanode_1  | 	at org.apache.hadoop.ipc.Client.getRpcResponse(Client.java:1616)
om3_1       | 2023-01-12 05:26:37,255 [main] INFO server.RaftServerConfigKeys: raft.server.rpc.request.timeout = 3000ms (default)
om3_1       | 2023-01-12 05:26:37,403 [main] INFO grpc.GrpcConfigKeys: raft.grpc.server.heartbeat.channel = true (default)
s3g_1       | 2023-01-12 05:24:44,206 [main] INFO server.session: node0 Scavenging every 660000ms
s3g_1       | 2023-01-12 05:24:44,375 [main] INFO handler.ContextHandler: Started o.e.j.s.ServletContextHandler@5a9f4771{logs,/logs,file:///var/log/hadoop/,AVAILABLE}
s3g_1       | 2023-01-12 05:24:44,381 [main] INFO handler.ContextHandler: Started o.e.j.s.ServletContextHandler@6c0d7c83{static,/static,jar:file:/opt/hadoop/share/ozone/lib/ozone-s3gateway-1.4.0-SNAPSHOT.jar!/webapps/static,AVAILABLE}
s3g_1       | WARNING: An illegal reflective access operation has occurred
recon_1     | 2023-01-12 05:25:09,372 [main] INFO node.SCMNodeManager: Entering startup safe mode.
scm3_1      | STARTUP_MSG:   java = 11.0.14.1
om1_1       | 2023-01-12 05:26:39,112 [main] INFO server.RaftServerConfigKeys: raft.server.data-stream.client.pool.size = 10 (default)
om1_1       | 2023-01-12 05:26:39,246 [main] INFO netty.NettyConfigKeys$DataStream: raft.netty.dataStream.server.use-epoll = false (default)
om1_1       | 2023-01-12 05:26:39,247 [main] INFO netty.NettyConfigKeys$DataStream: raft.netty.dataStream.server.boss-group.size = 0 (default)
om3_1       | 2023-01-12 05:26:37,437 [main] INFO grpc.GrpcConfigKeys: raft.grpc.server.async.request.thread.pool.cached = true (default)
om3_1       | 2023-01-12 05:26:37,444 [main] INFO grpc.GrpcConfigKeys: raft.grpc.server.async.request.thread.pool.size = 32 (default)
s3g_1       | WARNING: Illegal reflective access by org.jboss.classfilewriter.ClassFile$1 (file:/opt/hadoop/share/ozone/lib/weld-servlet-2.4.7.Final.jar) to method java.lang.ClassLoader.defineClass(java.lang.String,byte[],int,int)
datanode_3  | 2023-01-12 05:25:04,033 [Datanode State Machine Daemon Thread] INFO statemachine.DatanodeStateMachine: Ozone container server started.
datanode_3  | 2023-01-12 05:25:04,173 [org.apache.hadoop.util.JvmPauseMonitor$Monitor@30261a1d] INFO util.JvmPauseMonitor: Starting JVM pause monitor
datanode_3  | 2023-01-12 05:25:04,741 [Datanode State Machine Task Thread - 0] INFO statemachine.SCMConnectionManager: Adding Recon Server : recon/172.18.0.12:9891
recon_1     | 2023-01-12 05:25:09,384 [main] INFO scm.ReconNodeManager: Loaded 0 nodes from node DB.
scm3_1      | ************************************************************/
om1_1       | 2023-01-12 05:26:39,290 [main] INFO netty.NettyConfigKeys$DataStream: raft.netty.dataStream.server.worker-group.size = 0 (default)
om1_1       | 2023-01-12 05:26:39,298 [main] INFO netty.NettyConfigKeys$DataStream: raft.netty.dataStream.server.tls.conf = null (default)
scm2_1      | 2023-01-12 05:25:06,557 [main] INFO proxy.SCMBlockLocationFailoverProxyProvider: Created block location fail-over proxy with 2 nodes: [nodeId=scm1,nodeAddress=scm1/172.18.0.2:9863, nodeId=scm3,nodeAddress=scm3/172.18.0.9:9863]
om3_1       | 2023-01-12 05:26:39,438 [main] INFO impl.DataStreamServerImpl: raft.datastream.type = NETTY (custom)
om3_1       | 2023-01-12 05:26:39,741 [main] INFO server.RaftServerConfigKeys: raft.server.data-stream.async.request.thread.pool.cached = false (default)
s3g_1       | WARNING: Please consider reporting this to the maintainers of org.jboss.classfilewriter.ClassFile$1
s3g_1       | WARNING: Use --illegal-access=warn to enable warnings of further illegal reflective access operations
datanode_2  | 	at org.apache.hadoop.net.SocketIOWithTimeout.doIO(SocketIOWithTimeout.java:163)
datanode_2  | 	at org.apache.hadoop.net.SocketInputStream.read(SocketInputStream.java:161)
recon_1     | 2023-01-12 05:25:09,390 [main] INFO algorithms.ContainerPlacementPolicyFactory: Create container placement policy of type org.apache.hadoop.hdds.scm.container.placement.algorithms.SCMContainerPlacementRandom
scm3_1      | 2023-01-12 05:25:35,574 [main] INFO server.StorageContainerManagerStarter: registered UNIX signal handlers for [TERM, HUP, INT]
datanode_1  | 	at org.apache.hadoop.ipc.Client.call(Client.java:1558)
om1_1       | 2023-01-12 05:26:39,307 [main] INFO netty.NettyConfigKeys$DataStream: raft.netty.dataStream.host = null (default)
om1_1       | 2023-01-12 05:26:39,310 [main] INFO netty.NettyConfigKeys$DataStream: raft.netty.dataStream.port = 0 (default)
scm2_1      | 2023-01-12 05:25:09,246 [main] INFO retry.RetryInvocationHandler: com.google.protobuf.ServiceException: java.net.ConnectException: Call From f2edb4bd00ab/172.18.0.3 to scm3:9863 failed on connection exception: java.net.ConnectException: Connection refused; For more details see:  http://wiki.apache.org/hadoop/ConnectionRefused, while invoking $Proxy14.send over nodeId=scm3,nodeAddress=scm3/172.18.0.9:9863 after 1 failover attempts. Trying to failover after sleeping for 2000ms.
om3_1       | 2023-01-12 05:26:39,744 [main] INFO server.RaftServerConfigKeys: raft.server.data-stream.async.request.thread.pool.size = 32 (default)
om3_1       | 2023-01-12 05:26:39,749 [main] INFO server.RaftServerConfigKeys: raft.server.data-stream.async.write.thread.pool.size = 16 (default)
datanode_3  | 2023-01-12 05:25:05,297 [Datanode State Machine Task Thread - 0] INFO datanode.InitDatanodeState: DatanodeDetails is persisted to /data/datanode.id
datanode_3  | 2023-01-12 05:25:07,504 [EndpointStateMachine task thread for scm3/172.18.0.9:9861 - 0 ] INFO ipc.Client: Retrying connect to server: scm3/172.18.0.9:9861. Already tried 0 time(s); retry policy is RetryUpToMaximumCountWithFixedSleep(maxRetries=15, sleepTime=1000 MILLISECONDS)
datanode_3  | 2023-01-12 05:25:07,510 [EndpointStateMachine task thread for recon/172.18.0.12:9891 - 0 ] INFO ipc.Client: Retrying connect to server: recon/172.18.0.12:9891. Already tried 0 time(s); retry policy is RetryUpToMaximumCountWithFixedSleep(maxRetries=15, sleepTime=1000 MILLISECONDS)
datanode_3  | 2023-01-12 05:25:07,510 [EndpointStateMachine task thread for scm2/172.18.0.3:9861 - 0 ] INFO ipc.Client: Retrying connect to server: scm2/172.18.0.3:9861. Already tried 0 time(s); retry policy is RetryUpToMaximumCountWithFixedSleep(maxRetries=15, sleepTime=1000 MILLISECONDS)
recon_1     | 2023-01-12 05:25:09,445 [main] INFO audit.AuditLogger: Refresh DebugCmdSet for SCMAudit to [].
datanode_1  | 	at org.apache.hadoop.ipc.Client.call(Client.java:1455)
datanode_1  | 	at org.apache.hadoop.ipc.ProtobufRpcEngine$Invoker.invoke(ProtobufRpcEngine.java:235)
om1_1       | 2023-01-12 05:26:39,443 [main] INFO server.RaftServerConfigKeys: raft.server.threadpool.proxy.cached = true (default)
scm2_1      | 2023-01-12 05:25:11,248 [main] INFO retry.RetryInvocationHandler: com.google.protobuf.ServiceException: java.net.ConnectException: Call From f2edb4bd00ab/172.18.0.3 to scm1:9863 failed on connection exception: java.net.ConnectException: Connection refused; For more details see:  http://wiki.apache.org/hadoop/ConnectionRefused, while invoking $Proxy14.send over nodeId=scm1,nodeAddress=scm1/172.18.0.2:9863 after 2 failover attempts. Trying to failover after sleeping for 2000ms.
om3_1       | 2023-01-12 05:26:39,756 [main] INFO server.RaftServerConfigKeys: raft.server.data-stream.client.pool.size = 10 (default)
om3_1       | 2023-01-12 05:26:39,794 [main] INFO netty.NettyConfigKeys$DataStream: raft.netty.dataStream.server.use-epoll = false (default)
datanode_3  | 2023-01-12 05:25:07,510 [EndpointStateMachine task thread for scm1/172.18.0.2:9861 - 0 ] INFO ipc.Client: Retrying connect to server: scm1/172.18.0.2:9861. Already tried 0 time(s); retry policy is RetryUpToMaximumCountWithFixedSleep(maxRetries=15, sleepTime=1000 MILLISECONDS)
om2_1       | 2023-01-12 05:26:41,579 [pool-26-thread-1] INFO server.RaftServerConfigKeys: raft.server.rpc.sleep.time = 25ms (default)
om2_1       | 2023-01-12 05:26:41,580 [pool-26-thread-1] INFO server.RaftServerConfigKeys: raft.server.rpc.slowness.timeout = 120s (custom)
om2_1       | 2023-01-12 05:26:41,580 [pool-26-thread-1] INFO server.RaftServerConfigKeys: raft.server.leaderelection.leader.step-down.wait-time = 10s (default)
recon_1     | 2023-01-12 05:25:09,496 [main] INFO ipc.CallQueueManager: Using callQueue: class java.util.concurrent.LinkedBlockingQueue, queueCapacity: 10000, scheduler: class org.apache.hadoop.ipc.DefaultRpcScheduler, ipcBackoff: false.
datanode_1  | 	at org.apache.hadoop.ipc.ProtobufRpcEngine$Invoker.invoke(ProtobufRpcEngine.java:122)
om1_1       | 2023-01-12 05:26:39,445 [main] INFO server.RaftServerConfigKeys: raft.server.threadpool.proxy.size = 0 (default)
scm3_1      | 2023-01-12 05:25:35,731 [main] WARN server.ServerUtils: ozone.scm.db.dirs is not configured. We recommend adding this setting. Falling back to ozone.metadata.dirs instead.
scm2_1      | 2023-01-12 05:25:13,250 [main] INFO retry.RetryInvocationHandler: com.google.protobuf.ServiceException: java.net.ConnectException: Call From f2edb4bd00ab/172.18.0.3 to scm3:9863 failed on connection exception: java.net.ConnectException: Connection refused; For more details see:  http://wiki.apache.org/hadoop/ConnectionRefused, while invoking $Proxy14.send over nodeId=scm3,nodeAddress=scm3/172.18.0.9:9863 after 3 failover attempts. Trying to failover after sleeping for 2000ms.
datanode_3  | 2023-01-12 05:25:08,511 [EndpointStateMachine task thread for scm3/172.18.0.9:9861 - 0 ] INFO ipc.Client: Retrying connect to server: scm3/172.18.0.9:9861. Already tried 1 time(s); retry policy is RetryUpToMaximumCountWithFixedSleep(maxRetries=15, sleepTime=1000 MILLISECONDS)
datanode_3  | 2023-01-12 05:25:08,512 [EndpointStateMachine task thread for scm1/172.18.0.2:9861 - 0 ] INFO ipc.Client: Retrying connect to server: scm1/172.18.0.2:9861. Already tried 1 time(s); retry policy is RetryUpToMaximumCountWithFixedSleep(maxRetries=15, sleepTime=1000 MILLISECONDS)
datanode_3  | 2023-01-12 05:25:08,513 [EndpointStateMachine task thread for recon/172.18.0.12:9891 - 0 ] INFO ipc.Client: Retrying connect to server: recon/172.18.0.12:9891. Already tried 1 time(s); retry policy is RetryUpToMaximumCountWithFixedSleep(maxRetries=15, sleepTime=1000 MILLISECONDS)
datanode_3  | 2023-01-12 05:25:08,514 [EndpointStateMachine task thread for scm2/172.18.0.3:9861 - 0 ] INFO ipc.Client: Retrying connect to server: scm2/172.18.0.3:9861. Already tried 1 time(s); retry policy is RetryUpToMaximumCountWithFixedSleep(maxRetries=15, sleepTime=1000 MILLISECONDS)
recon_1     | 2023-01-12 05:25:09,595 [Socket Reader #1 for port 9891] INFO ipc.Server: Starting Socket Reader #1 for port 9891
datanode_1  | 	at com.sun.proxy.$Proxy42.submitRequest(Unknown Source)
om1_1       | 2023-01-12 05:26:39,448 [main] INFO server.RaftServerConfigKeys: raft.server.rpc.slowness.timeout = 120s (custom)
scm2_1      | 2023-01-12 05:25:15,251 [main] INFO retry.RetryInvocationHandler: com.google.protobuf.ServiceException: java.net.ConnectException: Call From f2edb4bd00ab/172.18.0.3 to scm1:9863 failed on connection exception: java.net.ConnectException: Connection refused; For more details see:  http://wiki.apache.org/hadoop/ConnectionRefused, while invoking $Proxy14.send over nodeId=scm1,nodeAddress=scm1/172.18.0.2:9863 after 4 failover attempts. Trying to failover after sleeping for 2000ms.
scm2_1      | 2023-01-12 05:25:17,253 [main] INFO retry.RetryInvocationHandler: com.google.protobuf.ServiceException: java.net.ConnectException: Call From f2edb4bd00ab/172.18.0.3 to scm3:9863 failed on connection exception: java.net.ConnectException: Connection refused; For more details see:  http://wiki.apache.org/hadoop/ConnectionRefused, while invoking $Proxy14.send over nodeId=scm3,nodeAddress=scm3/172.18.0.9:9863 after 5 failover attempts. Trying to failover after sleeping for 2000ms.
scm2_1      | 2023-01-12 05:25:19,463 [main] INFO retry.RetryInvocationHandler: com.google.protobuf.ServiceException: org.apache.hadoop.ipc.RemoteException(org.apache.hadoop.hdds.ratis.ServerNotLeaderException): Server:f98693f9-b2e2-4085-a3fc-32934ea8db14 is not the leader. Could not determine the leader node.
datanode_3  | 2023-01-12 05:25:09,512 [EndpointStateMachine task thread for scm3/172.18.0.9:9861 - 0 ] INFO ipc.Client: Retrying connect to server: scm3/172.18.0.9:9861. Already tried 2 time(s); retry policy is RetryUpToMaximumCountWithFixedSleep(maxRetries=15, sleepTime=1000 MILLISECONDS)
datanode_2  | 	at org.apache.hadoop.net.SocketInputStream.read(SocketInputStream.java:131)
datanode_2  | 	at java.base/java.io.FilterInputStream.read(FilterInputStream.java:133)
datanode_2  | 	at java.base/java.io.BufferedInputStream.fill(BufferedInputStream.java:252)
recon_1     | 2023-01-12 05:25:09,673 [Listener at 0.0.0.0/9891] INFO pipeline.PipelineStateManagerImpl: No pipeline exists in current db
datanode_1  | 	at org.apache.hadoop.ozone.protocolPB.StorageContainerDatanodeProtocolClientSideTranslatorPB.submitRequest(StorageContainerDatanodeProtocolClientSideTranslatorPB.java:117)
om1_1       | 2023-01-12 05:26:39,451 [main] INFO server.RaftServerConfigKeys: raft.server.leaderelection.leader.step-down.wait-time = 10s (default)
scm2_1      | 	at org.apache.hadoop.hdds.ratis.ServerNotLeaderException.convertToNotLeaderException(ServerNotLeaderException.java:109)
scm1_1      | 2023-01-12 05:24:53,546 [main] INFO netty.NettyConfigKeys$DataStream: raft.netty.dataStream.server.use-epoll = false (default)
scm3_1      | 2023-01-12 05:25:35,828 [main] INFO ha.SCMHANodeDetails: ServiceID for StorageContainerManager is null
datanode_2  | 	at java.base/java.io.BufferedInputStream.read(BufferedInputStream.java:271)
datanode_2  | 	at java.base/java.io.FilterInputStream.read(FilterInputStream.java:83)
datanode_2  | 	at java.base/java.io.FilterInputStream.read(FilterInputStream.java:83)
recon_1     | 2023-01-12 05:25:09,824 [Listener at 0.0.0.0/9891] INFO recon.ReconServer: Recon server initialized successfully!
datanode_1  | 	at org.apache.hadoop.ozone.protocolPB.StorageContainerDatanodeProtocolClientSideTranslatorPB.getVersion(StorageContainerDatanodeProtocolClientSideTranslatorPB.java:133)
om1_1       | 2023-01-12 05:26:39,479 [main] INFO server.RaftServerConfigKeys: raft.server.storage.dir = [/data/metadata/ratis] (custom)
scm2_1      | 	at org.apache.hadoop.hdds.scm.ha.RatisUtil.checkRatisException(RatisUtil.java:246)
scm1_1      | 2023-01-12 05:24:53,548 [main] INFO netty.NettyConfigKeys$DataStream: raft.netty.dataStream.server.boss-group.size = 0 (default)
scm3_1      | 2023-01-12 05:25:35,838 [main] INFO ha.SCMHANodeDetails: ozone.scm.default.service.id is not defined, falling back to ozone.scm.service.ids to find serviceID for StorageContainerManager if it is HA enabled cluster
datanode_3  | 2023-01-12 05:25:09,513 [EndpointStateMachine task thread for scm1/172.18.0.2:9861 - 0 ] INFO ipc.Client: Retrying connect to server: scm1/172.18.0.2:9861. Already tried 2 time(s); retry policy is RetryUpToMaximumCountWithFixedSleep(maxRetries=15, sleepTime=1000 MILLISECONDS)
datanode_2  | 	at org.apache.hadoop.ipc.Client$Connection$PingInputStream.read(Client.java:563)
om2_1       | 2023-01-12 05:26:41,581 [pool-26-thread-1] INFO server.RaftServerConfigKeys: raft.server.sleep.deviation.threshold = 300ms (default)
om2_1       | 2023-01-12 05:26:41,619 [pool-26-thread-1] INFO server.RaftServer$Division: om2@group-D66704EFC61C: ConfigurationManager, init=-1: peers:[om1|rpc:om1:9872|priority:0|startupRole:FOLLOWER, om3|rpc:om3:9872|priority:0|startupRole:FOLLOWER, om2|rpc:om2:9872|priority:0|startupRole:FOLLOWER]|listeners:[], old=null, confs=<EMPTY_MAP>
recon_1     | 2023-01-12 05:25:09,824 [Listener at 0.0.0.0/9891] INFO recon.ReconServer: Starting Recon server
datanode_1  | 	at org.apache.hadoop.ozone.container.common.states.endpoint.VersionEndpointTask.call(VersionEndpointTask.java:69)
om1_1       | 2023-01-12 05:26:39,544 [om1-NettyServerStreamRpc-bossGroup--thread1] INFO logging.LoggingHandler: [id: 0xfc19d9a8] REGISTERED
scm2_1      | 	at org.apache.hadoop.hdds.scm.protocol.ScmBlockLocationProtocolServerSideTranslatorPB.send(ScmBlockLocationProtocolServerSideTranslatorPB.java:109)
scm1_1      | 2023-01-12 05:24:53,623 [main] INFO netty.NettyConfigKeys$DataStream: raft.netty.dataStream.server.worker-group.size = 0 (default)
datanode_3  | 2023-01-12 05:25:09,513 [EndpointStateMachine task thread for recon/172.18.0.12:9891 - 0 ] INFO ipc.Client: Retrying connect to server: recon/172.18.0.12:9891. Already tried 2 time(s); retry policy is RetryUpToMaximumCountWithFixedSleep(maxRetries=15, sleepTime=1000 MILLISECONDS)
datanode_3  | 2023-01-12 05:25:09,514 [EndpointStateMachine task thread for scm2/172.18.0.3:9861 - 0 ] INFO ipc.Client: Retrying connect to server: scm2/172.18.0.3:9861. Already tried 2 time(s); retry policy is RetryUpToMaximumCountWithFixedSleep(maxRetries=15, sleepTime=1000 MILLISECONDS)
om3_1       | 2023-01-12 05:26:39,802 [main] INFO netty.NettyConfigKeys$DataStream: raft.netty.dataStream.server.boss-group.size = 0 (default)
om3_1       | 2023-01-12 05:26:39,867 [main] INFO netty.NettyConfigKeys$DataStream: raft.netty.dataStream.server.worker-group.size = 0 (default)
s3g_1       | WARNING: All illegal access operations will be denied in a future release
om2_1       | 2023-01-12 05:26:41,633 [pool-26-thread-1] INFO server.RaftServerConfigKeys: raft.server.storage.dir = [/data/metadata/ratis] (custom)
om2_1       | 2023-01-12 05:26:41,846 [pool-26-thread-1] INFO server.RaftServerConfigKeys: raft.server.log.corruption.policy = EXCEPTION (default)
recon_1     | 2023-01-12 05:25:09,964 [Listener at 0.0.0.0/9891] INFO impl.MetricsConfig: Loaded properties from hadoop-metrics2.properties
datanode_1  | 	at org.apache.hadoop.ozone.container.common.states.endpoint.VersionEndpointTask.call(VersionEndpointTask.java:40)
om1_1       | 2023-01-12 05:26:39,548 [main] INFO server.RaftServer: om1: addNew group-D66704EFC61C:[om1|rpc:om1:9872|priority:0|startupRole:FOLLOWER, om3|rpc:om3:9872|priority:0|startupRole:FOLLOWER, om2|rpc:om2:9872|priority:0|startupRole:FOLLOWER] returns group-D66704EFC61C:java.util.concurrent.CompletableFuture@39ab5ef7[Not completed]
scm2_1      | 	at org.apache.hadoop.hdds.protocol.proto.ScmBlockLocationProtocolProtos$ScmBlockLocationProtocolService$2.callBlockingMethod(ScmBlockLocationProtocolProtos.java:14202)
scm1_1      | 2023-01-12 05:24:53,644 [main] INFO netty.NettyConfigKeys$DataStream: raft.netty.dataStream.server.tls.conf = null (default)
datanode_3  | 2023-01-12 05:25:10,513 [EndpointStateMachine task thread for scm3/172.18.0.9:9861 - 0 ] INFO ipc.Client: Retrying connect to server: scm3/172.18.0.9:9861. Already tried 3 time(s); retry policy is RetryUpToMaximumCountWithFixedSleep(maxRetries=15, sleepTime=1000 MILLISECONDS)
datanode_3  | 2023-01-12 05:25:10,514 [EndpointStateMachine task thread for scm1/172.18.0.2:9861 - 0 ] INFO ipc.Client: Retrying connect to server: scm1/172.18.0.2:9861. Already tried 3 time(s); retry policy is RetryUpToMaximumCountWithFixedSleep(maxRetries=15, sleepTime=1000 MILLISECONDS)
s3g_1       | Jan 12, 2023 5:25:03 AM org.glassfish.jersey.internal.Errors logErrors
s3g_1       | WARNING: The following warnings have been detected: WARNING: A HTTP GET method, public javax.ws.rs.core.Response org.apache.hadoop.ozone.s3.endpoint.ObjectEndpoint.get(java.lang.String,java.lang.String,java.lang.String,int,java.lang.String,java.io.InputStream) throws java.io.IOException,org.apache.hadoop.ozone.s3.exception.OS3Exception, should not consume any entity.
s3g_1       | 
om2_1       | 2023-01-12 05:26:41,856 [pool-26-thread-1] INFO server.RaftServerConfigKeys: raft.server.storage.free-space.min = 0MB (=0) (default)
om2_1       | 2023-01-12 05:26:42,034 [pool-26-thread-1] INFO server.RaftServerConfigKeys: raft.server.notification.no-leader.timeout = 120s (custom)
om2_1       | 2023-01-12 05:26:42,061 [pool-26-thread-1] INFO server.RaftServerConfigKeys: raft.server.retrycache.expirytime = 300s (custom)
om2_1       | 2023-01-12 05:26:42,072 [pool-26-thread-1] INFO server.RaftServerConfigKeys: raft.server.retrycache.statistics.expirytime = 100?s (default)
scm1_1      | 2023-01-12 05:24:53,705 [main] INFO netty.NettyConfigKeys$DataStream: raft.netty.dataStream.host = null (default)
datanode_3  | 2023-01-12 05:25:10,514 [EndpointStateMachine task thread for recon/172.18.0.12:9891 - 0 ] INFO ipc.Client: Retrying connect to server: recon/172.18.0.12:9891. Already tried 3 time(s); retry policy is RetryUpToMaximumCountWithFixedSleep(maxRetries=15, sleepTime=1000 MILLISECONDS)
datanode_3  | 2023-01-12 05:25:10,517 [EndpointStateMachine task thread for scm2/172.18.0.3:9861 - 0 ] INFO ipc.Client: Retrying connect to server: scm2/172.18.0.3:9861. Already tried 3 time(s); retry policy is RetryUpToMaximumCountWithFixedSleep(maxRetries=15, sleepTime=1000 MILLISECONDS)
datanode_2  | 	at java.base/java.io.DataInputStream.readInt(DataInputStream.java:392)
s3g_1       | 2023-01-12 05:25:03,515 [main] INFO handler.ContextHandler: Started o.e.j.w.WebAppContext@577bfadb{s3gateway,/,file:///tmp/jetty-0_0_0_0-9878-ozone-s3gateway-1_4_0-SNAPSHOT_jar-_-any-2985207324116826395/webapp/,AVAILABLE}{jar:file:/opt/hadoop/share/ozone/lib/ozone-s3gateway-1.4.0-SNAPSHOT.jar!/webapps/s3gateway}
s3g_1       | 2023-01-12 05:25:03,599 [main] INFO server.AbstractConnector: Started ServerConnector@54504ecd{HTTP/1.1, (http/1.1)}{0.0.0.0:9878}
s3g_1       | 2023-01-12 05:25:03,599 [main] INFO server.Server: Started @30087ms
om2_1       | 2023-01-12 05:26:42,872 [pool-26-thread-1] INFO server.RaftServerConfigKeys: raft.server.log.appender.install.snapshot.enabled = false (custom)
om2_1       | 2023-01-12 05:26:42,876 [pool-26-thread-1] INFO server.RaftServerConfigKeys: raft.server.threadpool.server.cached = true (default)
scm1_1      | 2023-01-12 05:24:53,710 [main] INFO netty.NettyConfigKeys$DataStream: raft.netty.dataStream.port = 0 (default)
datanode_3  | 2023-01-12 05:25:11,514 [EndpointStateMachine task thread for scm3/172.18.0.9:9861 - 0 ] INFO ipc.Client: Retrying connect to server: scm3/172.18.0.9:9861. Already tried 4 time(s); retry policy is RetryUpToMaximumCountWithFixedSleep(maxRetries=15, sleepTime=1000 MILLISECONDS)
datanode_3  | 2023-01-12 05:25:11,517 [EndpointStateMachine task thread for scm1/172.18.0.2:9861 - 0 ] INFO ipc.Client: Retrying connect to server: scm1/172.18.0.2:9861. Already tried 4 time(s); retry policy is RetryUpToMaximumCountWithFixedSleep(maxRetries=15, sleepTime=1000 MILLISECONDS)
om3_1       | 2023-01-12 05:26:39,876 [main] INFO netty.NettyConfigKeys$DataStream: raft.netty.dataStream.server.tls.conf = null (default)
datanode_2  | 	at org.apache.hadoop.ipc.Client$IpcStreams.readResponse(Client.java:1922)
datanode_2  | 	at org.apache.hadoop.ipc.Client$Connection.receiveRpcResponse(Client.java:1238)
s3g_1       | 2023-01-12 05:25:03,601 [main] INFO impl.MetricsSinkAdapter: Sink prometheus started
s3g_1       | 2023-01-12 05:25:03,601 [main] INFO impl.MetricsSystemImpl: Registered sink prometheus
scm2_1      | 	at org.apache.hadoop.ipc.ProtobufRpcEngine$Server.processCall(ProtobufRpcEngine.java:465)
om2_1       | 2023-01-12 05:26:42,884 [pool-26-thread-1] INFO server.RaftServerConfigKeys: raft.server.threadpool.server.size = 0 (default)
om2_1       | 2023-01-12 05:26:42,900 [pool-26-thread-1] INFO server.RaftServerConfigKeys: raft.server.threadpool.client.cached = true (default)
om2_1       | 2023-01-12 05:26:42,908 [pool-26-thread-1] INFO server.RaftServerConfigKeys: raft.server.threadpool.client.size = 0 (default)
om2_1       | 2023-01-12 05:26:44,276 [main] INFO reflections.Reflections: Reflections took 2659 ms to scan 8 urls, producing 23 keys and 545 values [using 2 cores]
om2_1       | 2023-01-12 05:26:44,852 [main] INFO ipc.CallQueueManager: Using callQueue: class java.util.concurrent.LinkedBlockingQueue, queueCapacity: 10000, scheduler: class org.apache.hadoop.ipc.DefaultRpcScheduler, ipcBackoff: false.
om3_1       | 2023-01-12 05:26:39,884 [main] INFO netty.NettyConfigKeys$DataStream: raft.netty.dataStream.host = null (default)
datanode_2  | 	at org.apache.hadoop.ipc.Client$Connection.run(Client.java:1134)
datanode_2  | 2023-01-12 05:25:16,537 [EndpointStateMachine task thread for scm3/172.18.0.9:9861 - 0 ] INFO ipc.Client: Retrying connect to server: scm3/172.18.0.9:9861. Already tried 8 time(s); retry policy is RetryUpToMaximumCountWithFixedSleep(maxRetries=15, sleepTime=1000 MILLISECONDS)
datanode_1  | 	at java.base/java.util.concurrent.FutureTask.run(FutureTask.java:264)
datanode_1  | 	at java.base/java.util.concurrent.ThreadPoolExecutor.runWorker(ThreadPoolExecutor.java:1128)
datanode_1  | 	at java.base/java.util.concurrent.ThreadPoolExecutor$Worker.run(ThreadPoolExecutor.java:628)
om2_1       | 2023-01-12 05:26:44,893 [Socket Reader #1 for port 9862] INFO ipc.Server: Starting Socket Reader #1 for port 9862
om2_1       | 2023-01-12 05:26:46,743 [Listener at om2/9862] INFO impl.MetricsConfig: Loaded properties from hadoop-metrics2.properties
scm1_1      | 2023-01-12 05:24:54,524 [main] INFO server.RaftServerConfigKeys: raft.server.threadpool.proxy.cached = true (default)
scm1_1      | 2023-01-12 05:24:54,531 [main] INFO server.RaftServerConfigKeys: raft.server.threadpool.proxy.size = 0 (default)
scm1_1      | 2023-01-12 05:24:54,531 [main] INFO server.RaftServerConfigKeys: raft.server.rpc.slowness.timeout = 120000ms (custom)
om3_1       | 2023-01-12 05:26:39,888 [main] INFO netty.NettyConfigKeys$DataStream: raft.netty.dataStream.port = 0 (default)
datanode_2  | 2023-01-12 05:25:16,551 [EndpointStateMachine task thread for scm2/172.18.0.3:9861 - 0 ] INFO ipc.Client: Retrying connect to server: scm2/172.18.0.3:9861. Already tried 8 time(s); retry policy is RetryUpToMaximumCountWithFixedSleep(maxRetries=15, sleepTime=1000 MILLISECONDS)
recon_1     | 2023-01-12 05:25:10,036 [Listener at 0.0.0.0/9891] INFO impl.MetricsSystemImpl: Scheduled Metric snapshot period at 10 second(s).
datanode_1  | 	at java.base/java.lang.Thread.run(Thread.java:829)
scm2_1      | 	at org.apache.hadoop.ipc.ProtobufRpcEngine2$Server$ProtoBufRpcInvoker.call(ProtobufRpcEngine2.java:578)
scm2_1      | 	at org.apache.hadoop.ipc.ProtobufRpcEngine2$Server$ProtoBufRpcInvoker.call(ProtobufRpcEngine2.java:556)
scm2_1      | 	at org.apache.hadoop.ipc.RPC$Server.call(RPC.java:1093)
scm2_1      | 	at org.apache.hadoop.ipc.Server$RpcCall.run(Server.java:1043)
scm1_1      | 2023-01-12 05:24:54,532 [main] INFO server.RaftServerConfigKeys: raft.server.leaderelection.leader.step-down.wait-time = 10s (default)
scm1_1      | 2023-01-12 05:24:54,699 [main] INFO server.RaftServerConfigKeys: raft.server.storage.dir = [/data/metadata/scm-ha] (custom)
scm1_1      | 2023-01-12 05:24:55,066 [main] INFO server.RaftServer: f98693f9-b2e2-4085-a3fc-32934ea8db14: addNew group-4D43FF37764E:[f98693f9-b2e2-4085-a3fc-32934ea8db14|rpc:scm1:9894|priority:0|startupRole:FOLLOWER] returns group-4D43FF37764E:java.util.concurrent.CompletableFuture@1c65121[Not completed]
om3_1       | 2023-01-12 05:26:40,160 [main] INFO server.RaftServerConfigKeys: raft.server.threadpool.proxy.cached = true (default)
datanode_2  | 2023-01-12 05:25:17,538 [EndpointStateMachine task thread for scm3/172.18.0.9:9861 - 0 ] INFO ipc.Client: Retrying connect to server: scm3/172.18.0.9:9861. Already tried 9 time(s); retry policy is RetryUpToMaximumCountWithFixedSleep(maxRetries=15, sleepTime=1000 MILLISECONDS)
datanode_2  | 2023-01-12 05:25:17,553 [EndpointStateMachine task thread for scm2/172.18.0.3:9861 - 0 ] INFO ipc.Client: Retrying connect to server: scm2/172.18.0.3:9861. Already tried 9 time(s); retry policy is RetryUpToMaximumCountWithFixedSleep(maxRetries=15, sleepTime=1000 MILLISECONDS)
datanode_1  | Caused by: java.net.SocketTimeoutException: 5000 millis timeout while waiting for channel to be ready for read. ch : java.nio.channels.SocketChannel[connected local=/172.18.0.6:59664 remote=recon/172.18.0.12:9891]
datanode_1  | 	at org.apache.hadoop.net.SocketIOWithTimeout.doIO(SocketIOWithTimeout.java:163)
datanode_1  | 	at org.apache.hadoop.net.SocketInputStream.read(SocketInputStream.java:161)
om1_1       | 2023-01-12 05:26:39,559 [main] INFO om.OzoneManager: OzoneManager Ratis server initialized at port 9872
om1_1       | 2023-01-12 05:26:39,563 [om1-NettyServerStreamRpc-bossGroup--thread1] INFO logging.LoggingHandler: [id: 0xfc19d9a8] BIND: 0.0.0.0/0.0.0.0:0
om2_1       | 2023-01-12 05:26:46,835 [Listener at om2/9862] INFO impl.MetricsSystemImpl: Scheduled Metric snapshot period at 10 second(s).
om2_1       | 2023-01-12 05:26:46,835 [Listener at om2/9862] INFO impl.MetricsSystemImpl: OzoneManager metrics system started
om2_1       | 2023-01-12 05:26:47,146 [Listener at om2/9862] INFO om.OzoneManager: OzoneManager RPC server is listening at om2/172.18.0.7:9862
datanode_2  | 2023-01-12 05:25:18,540 [EndpointStateMachine task thread for scm3/172.18.0.9:9861 - 0 ] INFO ipc.Client: Retrying connect to server: scm3/172.18.0.9:9861. Already tried 10 time(s); retry policy is RetryUpToMaximumCountWithFixedSleep(maxRetries=15, sleepTime=1000 MILLISECONDS)
recon_1     | 2023-01-12 05:25:10,037 [Listener at 0.0.0.0/9891] INFO impl.MetricsSystemImpl: Recon metrics system started
s3g_1       | 2023-01-12 05:25:03,616 [main] INFO http.BaseHttpServer: HTTP server of s3gateway listening at http://0.0.0.0:9878
s3g_1       | 2023-01-12 05:33:58,596 [qtp384515747-20] INFO audit.AuditLogger: Refresh DebugCmdSet for S3GAudit to [].
s3g_1       | 2023-01-12 05:33:58,624 [qtp384515747-20] INFO audit.AuditLogger: Refresh DebugCmdSet for S3GAudit to [].
scm2_1      | 	at org.apache.hadoop.ipc.Server$RpcCall.run(Server.java:971)
scm2_1      | 	at java.base/java.security.AccessController.doPrivileged(Native Method)
scm2_1      | 	at java.base/javax.security.auth.Subject.doAs(Subject.java:423)
datanode_3  | 2023-01-12 05:25:11,518 [EndpointStateMachine task thread for scm2/172.18.0.3:9861 - 0 ] INFO ipc.Client: Retrying connect to server: scm2/172.18.0.3:9861. Already tried 4 time(s); retry policy is RetryUpToMaximumCountWithFixedSleep(maxRetries=15, sleepTime=1000 MILLISECONDS)
datanode_3  | 2023-01-12 05:25:12,515 [EndpointStateMachine task thread for scm3/172.18.0.9:9861 - 0 ] INFO ipc.Client: Retrying connect to server: scm3/172.18.0.9:9861. Already tried 5 time(s); retry policy is RetryUpToMaximumCountWithFixedSleep(maxRetries=15, sleepTime=1000 MILLISECONDS)
om3_1       | 2023-01-12 05:26:40,169 [main] INFO server.RaftServerConfigKeys: raft.server.threadpool.proxy.size = 0 (default)
datanode_2  | 2023-01-12 05:25:18,554 [EndpointStateMachine task thread for scm2/172.18.0.3:9861 - 0 ] INFO ipc.Client: Retrying connect to server: scm2/172.18.0.3:9861. Already tried 10 time(s); retry policy is RetryUpToMaximumCountWithFixedSleep(maxRetries=15, sleepTime=1000 MILLISECONDS)
om1_1       | 2023-01-12 05:26:39,614 [om1-NettyServerStreamRpc-bossGroup--thread1] INFO logging.LoggingHandler: [id: 0xfc19d9a8, L:/0.0.0.0:38739] ACTIVE
recon_1     | 2023-01-12 05:25:10,532 [Listener at 0.0.0.0/9891] INFO http.HttpServer2: Jetty bound to port 9888
datanode_1  | 	at org.apache.hadoop.net.SocketInputStream.read(SocketInputStream.java:131)
datanode_1  | 	at java.base/java.io.FilterInputStream.read(FilterInputStream.java:133)
datanode_1  | 	at java.base/java.io.BufferedInputStream.fill(BufferedInputStream.java:252)
datanode_1  | 	at java.base/java.io.BufferedInputStream.read(BufferedInputStream.java:271)
om2_1       | 2023-01-12 05:26:47,150 [Listener at om2/9862] INFO ratis.OzoneManagerRatisServer: Starting OzoneManagerRatisServer om2 at port 9872
om2_1       | 2023-01-12 05:26:47,163 [om2-impl-thread1] INFO storage.RaftStorageDirectory: The storage directory /data/metadata/ratis/5cb24680-b9e7-3c90-a862-d66704efc61c does not exist. Creating ...
om3_1       | 2023-01-12 05:26:40,170 [main] INFO server.RaftServerConfigKeys: raft.server.rpc.slowness.timeout = 120s (custom)
scm3_1      | 2023-01-12 05:25:36,001 [main] INFO ha.SCMHANodeDetails: Found matching SCM address with SCMServiceId: scmservice, SCMNodeId: scm3, RPC Address: scm3:9894 and Ratis port: 9894
s3g_1       | 2023-01-12 05:33:58,635 [qtp384515747-20] INFO ozone.OmUtils: ozone.om.internal.service.id is not defined, falling back to ozone.om.service.ids to find serviceID for OzoneManager if it is HA enabled cluster
s3g_1       | 2023-01-12 05:33:58,636 [qtp384515747-20] INFO ozone.OmUtils: Using OzoneManager ServiceID 'omservice'.
scm2_1      | 	at org.apache.hadoop.security.UserGroupInformation.doAs(UserGroupInformation.java:1878)
scm2_1      | 	at org.apache.hadoop.ipc.Server$Handler.run(Server.java:2976)
scm2_1      | , while invoking $Proxy14.send over nodeId=scm1,nodeAddress=scm1/172.18.0.2:9863 after 6 failover attempts. Trying to failover after sleeping for 2000ms.
scm2_1      | 2023-01-12 05:25:21,473 [main] INFO retry.RetryInvocationHandler: com.google.protobuf.ServiceException: java.net.ConnectException: Call From f2edb4bd00ab/172.18.0.3 to scm3:9863 failed on connection exception: java.net.ConnectException: Connection refused; For more details see:  http://wiki.apache.org/hadoop/ConnectionRefused, while invoking $Proxy14.send over nodeId=scm3,nodeAddress=scm3/172.18.0.9:9863 after 7 failover attempts. Trying to failover after sleeping for 2000ms.
datanode_2  | 2023-01-12 05:25:19,541 [EndpointStateMachine task thread for scm3/172.18.0.9:9861 - 0 ] INFO ipc.Client: Retrying connect to server: scm3/172.18.0.9:9861. Already tried 11 time(s); retry policy is RetryUpToMaximumCountWithFixedSleep(maxRetries=15, sleepTime=1000 MILLISECONDS)
om3_1       | 2023-01-12 05:26:40,170 [main] INFO server.RaftServerConfigKeys: raft.server.leaderelection.leader.step-down.wait-time = 10s (default)
om3_1       | 2023-01-12 05:26:40,195 [main] INFO server.RaftServerConfigKeys: raft.server.storage.dir = [/data/metadata/ratis] (custom)
om1_1       | 2023-01-12 05:26:39,650 [main] INFO om.OzoneManager: Creating RPC Server
s3g_1       | 2023-01-12 05:34:00,650 [qtp384515747-20] INFO rpc.RpcClient: Creating Bucket: s3v/bucket-ozone-test-8718359029, with server-side default bucket layout, dlfknslnfslf as owner, Versioning false, Storage Type set to DISK and Encryption set to false 
datanode_3  | 2023-01-12 05:25:12,518 [EndpointStateMachine task thread for scm2/172.18.0.3:9861 - 0 ] INFO ipc.Client: Retrying connect to server: scm2/172.18.0.3:9861. Already tried 5 time(s); retry policy is RetryUpToMaximumCountWithFixedSleep(maxRetries=15, sleepTime=1000 MILLISECONDS)
recon_1     | 2023-01-12 05:25:10,541 [Listener at 0.0.0.0/9891] INFO server.Server: jetty-9.4.49.v20220914; built: 2022-09-14T01:07:36.601Z; git: 4231a3b2e4cb8548a412a789936d640a97b1aa0a; jvm 11.0.14.1+1-LTS
om2_1       | 2023-01-12 05:26:47,177 [om2-impl-thread1] INFO storage.RaftStorageDirectory: Lock on /data/metadata/ratis/5cb24680-b9e7-3c90-a862-d66704efc61c/in_use.lock acquired by nodename 7@om2
datanode_1  | 	at java.base/java.io.FilterInputStream.read(FilterInputStream.java:83)
datanode_1  | 	at java.base/java.io.FilterInputStream.read(FilterInputStream.java:83)
datanode_1  | 	at org.apache.hadoop.ipc.Client$Connection$PingInputStream.read(Client.java:563)
datanode_2  | 2023-01-12 05:25:19,555 [EndpointStateMachine task thread for scm2/172.18.0.3:9861 - 0 ] INFO ipc.Client: Retrying connect to server: scm2/172.18.0.3:9861. Already tried 11 time(s); retry policy is RetryUpToMaximumCountWithFixedSleep(maxRetries=15, sleepTime=1000 MILLISECONDS)
datanode_2  | 2023-01-12 05:25:20,542 [EndpointStateMachine task thread for scm3/172.18.0.9:9861 - 0 ] INFO ipc.Client: Retrying connect to server: scm3/172.18.0.9:9861. Already tried 12 time(s); retry policy is RetryUpToMaximumCountWithFixedSleep(maxRetries=15, sleepTime=1000 MILLISECONDS)
datanode_2  | 2023-01-12 05:25:20,556 [EndpointStateMachine task thread for scm2/172.18.0.3:9861 - 0 ] INFO ipc.Client: Retrying connect to server: scm2/172.18.0.3:9861. Already tried 12 time(s); retry policy is RetryUpToMaximumCountWithFixedSleep(maxRetries=15, sleepTime=1000 MILLISECONDS)
om1_1       | 2023-01-12 05:26:39,737 [pool-26-thread-1] INFO server.RaftServer$Division: om1: new RaftServerImpl for group-D66704EFC61C:[om1|rpc:om1:9872|priority:0|startupRole:FOLLOWER, om3|rpc:om3:9872|priority:0|startupRole:FOLLOWER, om2|rpc:om2:9872|priority:0|startupRole:FOLLOWER] with OzoneManagerStateMachine:uninitialized
s3g_1       | 2023-01-12 05:34:04,588 [qtp384515747-19] INFO rpc.RpcClient: Creating Bucket: s3v/bucket-ozone-test-2923742260, with server-side default bucket layout, dlfknslnfslf as owner, Versioning false, Storage Type set to DISK and Encryption set to false 
datanode_3  | 2023-01-12 05:25:12,519 [EndpointStateMachine task thread for scm1/172.18.0.2:9861 - 0 ] INFO ipc.Client: Retrying connect to server: scm1/172.18.0.2:9861. Already tried 5 time(s); retry policy is RetryUpToMaximumCountWithFixedSleep(maxRetries=15, sleepTime=1000 MILLISECONDS)
recon_1     | 2023-01-12 05:25:10,715 [Listener at 0.0.0.0/9891] INFO server.session: DefaultSessionIdManager workerName=node0
om2_1       | 2023-01-12 05:26:47,222 [om2-impl-thread1] INFO storage.RaftStorage: Storage directory /data/metadata/ratis/5cb24680-b9e7-3c90-a862-d66704efc61c has been successfully formatted.
datanode_1  | 	at java.base/java.io.DataInputStream.readInt(DataInputStream.java:392)
scm1_1      | 2023-01-12 05:24:55,107 [f98693f9-b2e2-4085-a3fc-32934ea8db14-NettyServerStreamRpc-bossGroup--thread1] INFO logging.LoggingHandler: [id: 0x76dd0264] REGISTERED
scm1_1      | 2023-01-12 05:24:55,236 [f98693f9-b2e2-4085-a3fc-32934ea8db14-NettyServerStreamRpc-bossGroup--thread1] INFO logging.LoggingHandler: [id: 0x76dd0264] BIND: 0.0.0.0/0.0.0.0:0
datanode_2  | 2023-01-12 05:25:20,562 [EndpointStateMachine task thread for scm1/172.18.0.2:9861 - 0 ] WARN statemachine.EndpointStateMachine: Unable to communicate to SCM server at scm1:9861 for past 0 seconds.
datanode_2  | java.net.SocketTimeoutException: Call From 4c4cfcfeca58/172.18.0.11 to scm1:9861 failed on socket timeout exception: java.net.SocketTimeoutException: 5000 millis timeout while waiting for channel to be ready for read. ch : java.nio.channels.SocketChannel[connected local=/172.18.0.11:39284 remote=scm1/172.18.0.2:9861]; For more details see:  http://wiki.apache.org/hadoop/SocketTimeout
om3_1       | 2023-01-12 05:26:40,261 [om3-NettyServerStreamRpc-bossGroup--thread1] INFO logging.LoggingHandler: [id: 0x377e89f4] REGISTERED
om1_1       | 2023-01-12 05:26:39,756 [pool-26-thread-1] INFO server.RaftServerConfigKeys: raft.server.rpc.timeout.min = 5s (custom)
s3g_1       | 2023-01-12 05:34:05,719 [qtp384515747-21] WARN impl.MetricsSystemImpl: S3Gateway metrics system already initialized!
datanode_3  | 2023-01-12 05:25:13,516 [EndpointStateMachine task thread for scm3/172.18.0.9:9861 - 0 ] INFO ipc.Client: Retrying connect to server: scm3/172.18.0.9:9861. Already tried 6 time(s); retry policy is RetryUpToMaximumCountWithFixedSleep(maxRetries=15, sleepTime=1000 MILLISECONDS)
recon_1     | 2023-01-12 05:25:10,716 [Listener at 0.0.0.0/9891] INFO server.session: No SessionScavenger set, using defaults
om2_1       | 2023-01-12 05:26:47,268 [om2-impl-thread1] INFO server.RaftServerConfigKeys: raft.server.log.use.memory = false (default)
om2_1       | 2023-01-12 05:26:47,356 [om2-impl-thread1] INFO server.RaftServerConfigKeys: raft.server.log.purge.gap = 1000000 (custom)
scm1_1      | 2023-01-12 05:24:55,249 [f98693f9-b2e2-4085-a3fc-32934ea8db14-NettyServerStreamRpc-bossGroup--thread1] INFO logging.LoggingHandler: [id: 0x76dd0264, L:/0.0.0.0:42821] ACTIVE
scm1_1      | 2023-01-12 05:24:55,377 [pool-2-thread-1] INFO server.RaftServer$Division: f98693f9-b2e2-4085-a3fc-32934ea8db14: new RaftServerImpl for group-4D43FF37764E:[f98693f9-b2e2-4085-a3fc-32934ea8db14|rpc:scm1:9894|priority:0|startupRole:FOLLOWER] with SCMStateMachine:uninitialized
datanode_2  | 	at java.base/jdk.internal.reflect.NativeConstructorAccessorImpl.newInstance0(Native Method)
om3_1       | 2023-01-12 05:26:40,284 [main] INFO server.RaftServer: om3: addNew group-D66704EFC61C:[om1|rpc:om1:9872|priority:0|startupRole:FOLLOWER, om3|rpc:om3:9872|priority:0|startupRole:FOLLOWER, om2|rpc:om2:9872|priority:0|startupRole:FOLLOWER] returns group-D66704EFC61C:java.util.concurrent.CompletableFuture@57bd6a8f[Not completed]
om3_1       | 2023-01-12 05:26:40,319 [main] INFO om.OzoneManager: OzoneManager Ratis server initialized at port 9872
om1_1       | 2023-01-12 05:26:39,766 [pool-26-thread-1] INFO server.RaftServerConfigKeys: raft.server.rpc.timeout.max = 5200ms (custom)
s3g_1       | 2023-01-12 05:34:06,055 [qtp384515747-21] INFO metrics.MetricRegistries: Loaded MetricRegistries class org.apache.ratis.metrics.impl.MetricRegistriesImpl
datanode_3  | 2023-01-12 05:25:13,519 [EndpointStateMachine task thread for scm2/172.18.0.3:9861 - 0 ] INFO ipc.Client: Retrying connect to server: scm2/172.18.0.3:9861. Already tried 6 time(s); retry policy is RetryUpToMaximumCountWithFixedSleep(maxRetries=15, sleepTime=1000 MILLISECONDS)
recon_1     | 2023-01-12 05:25:10,719 [Listener at 0.0.0.0/9891] INFO server.session: node0 Scavenging every 600000ms
