om2_1       | 2023-01-12 05:26:52,744 [grpc-default-executor-0] INFO server.RaftServer$Division: om2@group-D66704EFC61C replies to ELECTION vote request: om1<-om2#0:OK-t1. Peer's state: om2@group-D66704EFC61C:t1, leader=null, voted=om1, raftlog=Memoized:om2@group-D66704EFC61C-SegmentedRaftLog:OPENED:c-1, conf=-1: peers:[om1|rpc:om1:9872|priority:0|startupRole:FOLLOWER, om3|rpc:om3:9872|priority:0|startupRole:FOLLOWER, om2|rpc:om2:9872|priority:0|startupRole:FOLLOWER]|listeners:[], old=null
scm2_1      | 2023-01-12 05:25:27,818 [pool-16-thread-1] INFO server.RaftServerConfigKeys: raft.server.rpc.timeout.max = 5200ms (custom)
scm2_1      | 2023-01-12 05:25:27,819 [pool-16-thread-1] INFO server.RaftServerConfigKeys: raft.server.rpc.sleep.time = 25ms (default)
recon_1     | 2023-01-12 05:25:27,028 [IPC Server handler 5 on default port 9891] WARN ipc.Server: IPC Server handler 5 on default port 9891, call Call#5 Retry#0 org.apache.hadoop.ozone.protocol.ReconDatanodeProtocol.submitRequest from 172.18.0.6:47312: output error
datanode_2  | 	at org.apache.hadoop.ozone.protocolPB.StorageContainerDatanodeProtocolClientSideTranslatorPB.submitRequest(StorageContainerDatanodeProtocolClientSideTranslatorPB.java:117)
datanode_1  | 	at org.apache.hadoop.ipc.Client.getRpcResponse(Client.java:1616)
scm1_1      | 2023-01-12 05:25:03,368 [f98693f9-b2e2-4085-a3fc-32934ea8db14@group-4D43FF37764E-LeaderElection1] INFO server.RaftServerConfigKeys: raft.server.watch.element-limit = 65536 (default)
scm1_1      | 2023-01-12 05:25:03,470 [f98693f9-b2e2-4085-a3fc-32934ea8db14@group-4D43FF37764E-LeaderElection1] INFO server.RaftServerConfigKeys: raft.server.write.element-limit = 4096 (default)
om1_1       | 2023-01-12 05:26:48,647 [Listener at om1/9862] INFO server.Server: Started @35483ms
om1_1       | 2023-01-12 05:26:48,675 [Listener at om1/9862] INFO impl.MetricsSinkAdapter: Sink prometheus started
om1_1       | 2023-01-12 05:26:48,675 [Listener at om1/9862] INFO impl.MetricsSystemImpl: Registered sink prometheus
scm3_1      | 2023-01-12 05:25:42,727 [pool-16-thread-1] INFO server.RaftServerConfigKeys: raft.server.rpc.sleep.time = 25ms (default)
om2_1       | 2023-01-12 05:26:53,102 [grpc-default-executor-0] INFO server.RaftServer$Division: om2@group-D66704EFC61C: receive requestVote(ELECTION, om3, group-D66704EFC61C, 1, (t:0, i:~))
om2_1       | 2023-01-12 05:26:53,102 [grpc-default-executor-0] INFO impl.VoteContext: om2@group-D66704EFC61C-FOLLOWER: reject ELECTION from om3: already has voted for om1 at current term 1
scm2_1      | 2023-01-12 05:25:27,819 [pool-16-thread-1] INFO server.RaftServerConfigKeys: raft.server.rpc.slowness.timeout = 120000ms (custom)
scm2_1      | 2023-01-12 05:25:27,819 [pool-16-thread-1] INFO server.RaftServerConfigKeys: raft.server.leaderelection.leader.step-down.wait-time = 10s (default)
scm2_1      | 2023-01-12 05:25:27,819 [pool-16-thread-1] INFO server.RaftServerConfigKeys: raft.server.sleep.deviation.threshold = 300ms (default)
scm1_1      | 2023-01-12 05:25:03,533 [f98693f9-b2e2-4085-a3fc-32934ea8db14@group-4D43FF37764E-LeaderElection1] INFO server.RaftServerConfigKeys: raft.server.write.follower.gap.ratio.max = -1.0 (default)
scm1_1      | 2023-01-12 05:25:03,581 [f98693f9-b2e2-4085-a3fc-32934ea8db14@group-4D43FF37764E-LeaderElection1] INFO impl.RoleInfo: f98693f9-b2e2-4085-a3fc-32934ea8db14: start f98693f9-b2e2-4085-a3fc-32934ea8db14@group-4D43FF37764E-LeaderStateImpl
datanode_3  | 	at java.base/java.util.concurrent.ThreadPoolExecutor.runWorker(ThreadPoolExecutor.java:1128)
s3g_1       | 	at org.glassfish.jersey.process.internal.Stages.process(Stages.java:173)
s3g_1       | 	at org.glassfish.jersey.server.ServerRuntime$1.run(ServerRuntime.java:247)
s3g_1       | 	at org.glassfish.jersey.internal.Errors$1.call(Errors.java:248)
scm3_1      | 2023-01-12 05:25:42,727 [pool-16-thread-1] INFO server.RaftServerConfigKeys: raft.server.rpc.slowness.timeout = 120000ms (custom)
om2_1       | 2023-01-12 05:26:53,103 [grpc-default-executor-0] INFO server.RaftServer$Division: om2@group-D66704EFC61C replies to ELECTION vote request: om3<-om2#0:FAIL-t1. Peer's state: om2@group-D66704EFC61C:t1, leader=null, voted=om1, raftlog=Memoized:om2@group-D66704EFC61C-SegmentedRaftLog:OPENED:c-1, conf=-1: peers:[om1|rpc:om1:9872|priority:0|startupRole:FOLLOWER, om3|rpc:om3:9872|priority:0|startupRole:FOLLOWER, om2|rpc:om2:9872|priority:0|startupRole:FOLLOWER]|listeners:[], old=null
scm2_1      | 2023-01-12 05:25:27,822 [296a2a14-8256-49c4-bc3a-84aaa5fb66c6-NettyServerStreamRpc-bossGroup--thread1] INFO logging.LoggingHandler: [id: 0x9a10fd57, L:/0.0.0.0:38811] ACTIVE
scm2_1      | 2023-01-12 05:25:27,828 [pool-16-thread-1] INFO server.RaftServer$Division: 296a2a14-8256-49c4-bc3a-84aaa5fb66c6@group-4D43FF37764E: ConfigurationManager, init=-1: peers:[]|listeners:[], old=null, confs=<EMPTY_MAP>
datanode_2  | 	at org.apache.hadoop.ozone.protocolPB.StorageContainerDatanodeProtocolClientSideTranslatorPB.getVersion(StorageContainerDatanodeProtocolClientSideTranslatorPB.java:133)
scm1_1      | 2023-01-12 05:25:04,062 [f98693f9-b2e2-4085-a3fc-32934ea8db14@group-4D43FF37764E-LeaderElection1] INFO segmented.SegmentedRaftLogWorker: f98693f9-b2e2-4085-a3fc-32934ea8db14@group-4D43FF37764E-SegmentedRaftLogWorker: Starting segment from index:0
datanode_3  | 	at java.base/java.util.concurrent.ThreadPoolExecutor$Worker.run(ThreadPoolExecutor.java:628)
s3g_1       | 	at org.glassfish.jersey.internal.Errors$1.call(Errors.java:244)
s3g_1       | 	at org.glassfish.jersey.internal.Errors.process(Errors.java:292)
datanode_1  | 	at org.apache.hadoop.ipc.Client.call(Client.java:1558)
scm3_1      | 2023-01-12 05:25:42,730 [pool-16-thread-1] INFO server.RaftServerConfigKeys: raft.server.leaderelection.leader.step-down.wait-time = 10s (default)
om2_1       | 2023-01-12 05:26:53,593 [om2-server-thread1] INFO server.RaftServer$Division: om2@group-D66704EFC61C: change Leader from null to om1 at term 1 for appendEntries, leader elected after 11576ms
recon_1     | 2023-01-12 05:25:27,028 [IPC Server handler 12 on default port 9891] WARN ipc.Server: IPC Server handler 12 on default port 9891, call Call#6 Retry#0 org.apache.hadoop.ozone.protocol.ReconDatanodeProtocol.submitRequest from 172.18.0.4:45764: output error
scm1_1      | 2023-01-12 05:25:04,294 [JvmPauseMonitor0] WARN util.JvmPauseMonitor: JvmPauseMonitor-f98693f9-b2e2-4085-a3fc-32934ea8db14: Detected pause in JVM or host machine (eg GC): pause of approximately 148898159ns. No GCs detected.
datanode_3  | 	at java.base/java.lang.Thread.run(Thread.java:829)
om1_1       | 2023-01-12 05:26:48,682 [Listener at om1/9862] INFO http.BaseHttpServer: HTTP server of ozoneManager listening at http://0.0.0.0:9874
om1_1       | 2023-01-12 05:26:48,694 [IPC Server Responder] INFO ipc.Server: IPC Server Responder: starting
om1_1       | 2023-01-12 05:26:48,710 [IPC Server listener on 9862] INFO ipc.Server: IPC Server listener on 9862: starting
scm3_1      | 2023-01-12 05:25:42,732 [pool-16-thread-1] INFO server.RaftServerConfigKeys: raft.server.sleep.deviation.threshold = 300ms (default)
om2_1       | 2023-01-12 05:26:53,617 [om2-server-thread2] INFO server.RaftServer$Division: om2@group-D66704EFC61C: set configuration 0: peers:[om1|rpc:om1:9872|admin:|client:|dataStream:|priority:0|startupRole:FOLLOWER, om3|rpc:om3:9872|admin:|client:|dataStream:|priority:0|startupRole:FOLLOWER, om2|rpc:om2:9872|admin:|client:|dataStream:|priority:0|startupRole:FOLLOWER]|listeners:[], old=null
recon_1     | 2023-01-12 05:25:27,028 [IPC Server handler 0 on default port 9891] WARN ipc.Server: IPC Server handler 0 on default port 9891, call Call#4 Retry#0 org.apache.hadoop.ozone.protocol.ReconDatanodeProtocol.submitRequest from 172.18.0.4:45748: output error
om3_1       | 2023-01-12 05:26:48,634 [Listener at om3/9862] INFO http.HttpServer2: Jetty bound to port 9874
om3_1       | 2023-01-12 05:26:48,646 [Listener at om3/9862] INFO server.Server: jetty-9.4.49.v20220914; built: 2022-09-14T01:07:36.601Z; git: 4231a3b2e4cb8548a412a789936d640a97b1aa0a; jvm 11.0.14.1+1-LTS
om3_1       | 2023-01-12 05:26:48,835 [Listener at om3/9862] INFO server.session: DefaultSessionIdManager workerName=node0
scm1_1      | 2023-01-12 05:25:04,934 [f98693f9-b2e2-4085-a3fc-32934ea8db14@group-4D43FF37764E-LeaderElection1] INFO server.RaftServer$Division: f98693f9-b2e2-4085-a3fc-32934ea8db14@group-4D43FF37764E: set configuration 0: peers:[f98693f9-b2e2-4085-a3fc-32934ea8db14|rpc:scm1:9894|admin:|client:|dataStream:|priority:0|startupRole:FOLLOWER]|listeners:[], old=null
datanode_3  | Caused by: java.net.SocketTimeoutException: 5000 millis timeout while waiting for channel to be ready for read. ch : java.nio.channels.SocketChannel[connected local=/172.18.0.4:43224 remote=scm1/172.18.0.2:9861]
datanode_1  | 	at org.apache.hadoop.ipc.Client.call(Client.java:1455)
datanode_1  | 	at org.apache.hadoop.ipc.ProtobufRpcEngine$Invoker.invoke(ProtobufRpcEngine.java:235)
datanode_1  | 	at org.apache.hadoop.ipc.ProtobufRpcEngine$Invoker.invoke(ProtobufRpcEngine.java:122)
scm3_1      | 2023-01-12 05:25:42,750 [pool-16-thread-1] INFO server.RaftServer$Division: 6ed50f3f-dbc3-40bc-ac36-41c7a78fc7cf@group-4D43FF37764E: ConfigurationManager, init=-1: peers:[]|listeners:[], old=null, confs=<EMPTY_MAP>
om2_1       | 2023-01-12 05:26:53,634 [om2-server-thread2] INFO segmented.SegmentedRaftLogWorker: om2@group-D66704EFC61C-SegmentedRaftLogWorker: Starting segment from index:0
recon_1     | 2023-01-12 05:25:27,042 [IPC Server handler 12 on default port 9891] INFO ipc.Server: IPC Server handler 12 on default port 9891 caught an exception
om3_1       | 2023-01-12 05:26:48,837 [Listener at om3/9862] INFO server.session: No SessionScavenger set, using defaults
datanode_2  | 	at org.apache.hadoop.ozone.container.common.states.endpoint.VersionEndpointTask.call(VersionEndpointTask.java:69)
datanode_2  | 	at org.apache.hadoop.ozone.container.common.states.endpoint.VersionEndpointTask.call(VersionEndpointTask.java:40)
scm1_1      | 2023-01-12 05:25:05,322 [f98693f9-b2e2-4085-a3fc-32934ea8db14@group-4D43FF37764E-SegmentedRaftLogWorker] INFO segmented.SegmentedRaftLogWorker: f98693f9-b2e2-4085-a3fc-32934ea8db14@group-4D43FF37764E-SegmentedRaftLogWorker: created new log segment /data/metadata/scm-ha/b40a0ffb-806c-459e-acb9-4d43ff37764e/current/log_inprogress_0
scm1_1      | 2023-01-12 05:25:06,033 [main] INFO server.RaftServer: f98693f9-b2e2-4085-a3fc-32934ea8db14: close
datanode_1  | 	at com.sun.proxy.$Proxy41.submitRequest(Unknown Source)
datanode_1  | 	at org.apache.hadoop.ozone.protocolPB.StorageContainerDatanodeProtocolClientSideTranslatorPB.submitRequest(StorageContainerDatanodeProtocolClientSideTranslatorPB.java:117)
datanode_1  | 	at org.apache.hadoop.ozone.protocolPB.StorageContainerDatanodeProtocolClientSideTranslatorPB.getVersion(StorageContainerDatanodeProtocolClientSideTranslatorPB.java:133)
scm3_1      | 2023-01-12 05:25:42,752 [pool-16-thread-1] INFO server.RaftServerConfigKeys: raft.server.storage.dir = [/data/metadata/scm-ha] (custom)
scm3_1      | 2023-01-12 05:25:42,765 [pool-16-thread-1] INFO server.RaftServerConfigKeys: raft.server.log.corruption.policy = EXCEPTION (default)
recon_1     | java.nio.channels.ClosedChannelException
om3_1       | 2023-01-12 05:26:48,848 [Listener at om3/9862] INFO server.session: node0 Scavenging every 600000ms
datanode_2  | 	at java.base/java.util.concurrent.FutureTask.run(FutureTask.java:264)
datanode_2  | 	at java.base/java.util.concurrent.ThreadPoolExecutor.runWorker(ThreadPoolExecutor.java:1128)
scm1_1      | 2023-01-12 05:25:06,035 [main] INFO server.GrpcService: f98693f9-b2e2-4085-a3fc-32934ea8db14: shutdown server GrpcServerProtocolService now
datanode_3  | 	at org.apache.hadoop.net.SocketIOWithTimeout.doIO(SocketIOWithTimeout.java:163)
scm3_1      | 2023-01-12 05:25:42,768 [pool-16-thread-1] INFO server.RaftServerConfigKeys: raft.server.storage.free-space.min = 0MB (=0) (default)
recon_1     | 	at java.base/sun.nio.ch.SocketChannelImpl.ensureOpenAndConnected(SocketChannelImpl.java:180)
om3_1       | 2023-01-12 05:26:48,946 [Listener at om3/9862] INFO handler.ContextHandler: Started o.e.j.s.ServletContextHandler@389a1e34{logs,/logs,file:///var/log/hadoop/,AVAILABLE}
datanode_2  | 	at java.base/java.util.concurrent.ThreadPoolExecutor$Worker.run(ThreadPoolExecutor.java:628)
datanode_2  | 	at java.base/java.lang.Thread.run(Thread.java:829)
scm1_1      | 2023-01-12 05:25:06,039 [f98693f9-b2e2-4085-a3fc-32934ea8db14-impl-thread1] INFO server.RaftServer$Division: f98693f9-b2e2-4085-a3fc-32934ea8db14@group-4D43FF37764E: shutdown
datanode_3  | 	at org.apache.hadoop.net.SocketInputStream.read(SocketInputStream.java:161)
om2_1       | 2023-01-12 05:26:53,862 [om2@group-D66704EFC61C-SegmentedRaftLogWorker] INFO segmented.SegmentedRaftLogWorker: om2@group-D66704EFC61C-SegmentedRaftLogWorker: created new log segment /data/metadata/ratis/5cb24680-b9e7-3c90-a862-d66704efc61c/current/log_inprogress_0
datanode_3  | 	at org.apache.hadoop.net.SocketInputStream.read(SocketInputStream.java:131)
om3_1       | 2023-01-12 05:26:48,950 [Listener at om3/9862] INFO handler.ContextHandler: Started o.e.j.s.ServletContextHandler@9bf63d2{static,/static,jar:file:/opt/hadoop/share/ozone/lib/ozone-manager-1.4.0-SNAPSHOT.jar!/webapps/static,AVAILABLE}
s3g_1       | 	at org.glassfish.jersey.internal.Errors.process(Errors.java:274)
s3g_1       | 	at org.glassfish.jersey.internal.Errors.process(Errors.java:244)
s3g_1       | 	at org.glassfish.jersey.process.internal.RequestScope.runInScope(RequestScope.java:265)
scm1_1      | 2023-01-12 05:25:06,052 [f98693f9-b2e2-4085-a3fc-32934ea8db14-impl-thread1] INFO util.JmxRegister: Successfully un-registered JMX Bean with object name Ratis:service=RaftServer,group=group-4D43FF37764E,id=f98693f9-b2e2-4085-a3fc-32934ea8db14
scm1_1      | 2023-01-12 05:25:06,052 [f98693f9-b2e2-4085-a3fc-32934ea8db14-impl-thread1] INFO impl.RoleInfo: f98693f9-b2e2-4085-a3fc-32934ea8db14: shutdown f98693f9-b2e2-4085-a3fc-32934ea8db14@group-4D43FF37764E-LeaderStateImpl
datanode_3  | 	at java.base/java.io.FilterInputStream.read(FilterInputStream.java:133)
om2_1       | 2023-01-12 05:26:57,759 [om2@group-D66704EFC61C-StateMachineUpdater] INFO ratis.OzoneManagerStateMachine: Received Configuration change notification from Ratis. New Peer list:
om2_1       | [id: "om1"
om2_1       | address: "om1:9872"
om1_1       | 2023-01-12 05:26:49,203 [Listener at om1/9862] INFO om.OzoneManager: Trash Interval set to 0. Files deleted won't move to trash
scm1_1      | 2023-01-12 05:25:06,073 [f98693f9-b2e2-4085-a3fc-32934ea8db14-impl-thread1] INFO impl.PendingRequests: f98693f9-b2e2-4085-a3fc-32934ea8db14@group-4D43FF37764E-PendingRequests: sendNotLeaderResponses
scm2_1      | 2023-01-12 05:25:27,829 [pool-16-thread-1] INFO server.RaftServerConfigKeys: raft.server.storage.dir = [/data/metadata/scm-ha] (custom)
scm2_1      | 2023-01-12 05:25:27,834 [pool-16-thread-1] INFO server.RaftServerConfigKeys: raft.server.log.corruption.policy = EXCEPTION (default)
om2_1       | startupRole: FOLLOWER
om1_1       | 2023-01-12 05:26:49,937 [Listener at om1/9862] INFO om.GrpcOzoneManagerServer: GrpcOzoneManagerServer is started using port 8981
om1_1       | 2023-01-12 05:26:49,970 [org.apache.hadoop.util.JvmPauseMonitor$Monitor@2e4d4d22] INFO util.JvmPauseMonitor: Starting JVM pause monitor
om1_1       | 2023-01-12 05:26:51,508 [om1@group-D66704EFC61C-FollowerState] INFO impl.FollowerState: om1@group-D66704EFC61C-FollowerState: change to CANDIDATE, lastRpcElapsedTime:5165619844ns, electionTimeout:5155ms
datanode_2  | Caused by: java.net.ConnectException: Connection refused
datanode_2  | 	at java.base/sun.nio.ch.SocketChannelImpl.checkConnect(Native Method)
datanode_2  | 	at java.base/sun.nio.ch.SocketChannelImpl.finishConnect(SocketChannelImpl.java:777)
om3_1       | 2023-01-12 05:26:49,516 [Listener at om3/9862] INFO handler.ContextHandler: Started o.e.j.w.WebAppContext@3f45dfec{ozoneManager,/,file:///tmp/jetty-0_0_0_0-9874-ozone-manager-1_4_0-SNAPSHOT_jar-_-any-10747882286787132186/webapp/,AVAILABLE}{jar:file:/opt/hadoop/share/ozone/lib/ozone-manager-1.4.0-SNAPSHOT.jar!/webapps/ozoneManager}
om3_1       | 2023-01-12 05:26:49,580 [Listener at om3/9862] INFO server.AbstractConnector: Started ServerConnector@5ddb302{HTTP/1.1, (http/1.1)}{0.0.0.0:9874}
scm1_1      | 2023-01-12 05:25:06,124 [f98693f9-b2e2-4085-a3fc-32934ea8db14-impl-thread1] INFO impl.StateMachineUpdater: f98693f9-b2e2-4085-a3fc-32934ea8db14@group-4D43FF37764E-StateMachineUpdater: set stopIndex = 0
datanode_3  | 	at java.base/java.io.BufferedInputStream.fill(BufferedInputStream.java:252)
om2_1       | , id: "om3"
om2_1       | address: "om3:9872"
s3g_1       | 	at org.glassfish.jersey.server.ServerRuntime.process(ServerRuntime.java:234)
s3g_1       | 	at org.glassfish.jersey.server.ApplicationHandler.handle(ApplicationHandler.java:680)
scm3_1      | 2023-01-12 05:25:42,797 [pool-16-thread-1] INFO server.RaftServerConfigKeys: raft.server.notification.no-leader.timeout = 60s (default)
scm3_1      | 2023-01-12 05:25:42,803 [pool-16-thread-1] INFO server.RaftServerConfigKeys: raft.server.retrycache.expirytime = 60000ms (default)
scm3_1      | 2023-01-12 05:25:42,804 [pool-16-thread-1] INFO server.RaftServerConfigKeys: raft.server.retrycache.statistics.expirytime = 100?s (default)
om3_1       | 2023-01-12 05:26:49,582 [Listener at om3/9862] INFO server.Server: Started @36947ms
scm2_1      | 2023-01-12 05:25:27,835 [pool-16-thread-1] INFO server.RaftServerConfigKeys: raft.server.storage.free-space.min = 0MB (=0) (default)
scm1_1      | 2023-01-12 05:25:06,124 [main] INFO server.GrpcService: f98693f9-b2e2-4085-a3fc-32934ea8db14: shutdown server GrpcServerProtocolService successfully
om1_1       | 2023-01-12 05:26:51,510 [om1@group-D66704EFC61C-FollowerState] INFO impl.RoleInfo: om1: shutdown om1@group-D66704EFC61C-FollowerState
om1_1       | 2023-01-12 05:26:51,511 [om1@group-D66704EFC61C-FollowerState] INFO server.RaftServer$Division: om1@group-D66704EFC61C: changes role from  FOLLOWER to CANDIDATE at term 0 for changeToCandidate
om1_1       | 2023-01-12 05:26:51,515 [om1@group-D66704EFC61C-FollowerState] INFO server.RaftServerConfigKeys: raft.server.leaderelection.pre-vote = false (custom)
om1_1       | 2023-01-12 05:26:51,515 [om1@group-D66704EFC61C-FollowerState] INFO impl.RoleInfo: om1: start om1@group-D66704EFC61C-LeaderElection1
scm3_1      | 2023-01-12 05:25:42,884 [pool-16-thread-1] INFO server.RaftServerConfigKeys: raft.server.log.appender.install.snapshot.enabled = false (custom)
scm3_1      | 2023-01-12 05:25:42,885 [pool-16-thread-1] INFO server.RaftServerConfigKeys: raft.server.threadpool.server.cached = true (default)
recon_1     | 	at java.base/sun.nio.ch.SocketChannelImpl.write(SocketChannelImpl.java:452)
om3_1       | 2023-01-12 05:26:49,603 [Listener at om3/9862] INFO impl.MetricsSinkAdapter: Sink prometheus started
scm2_1      | 2023-01-12 05:25:27,844 [pool-16-thread-1] INFO server.RaftServerConfigKeys: raft.server.notification.no-leader.timeout = 60s (default)
scm1_1      | 2023-01-12 05:25:06,133 [f98693f9-b2e2-4085-a3fc-32934ea8db14-NettyServerStreamRpc-bossGroup--thread1] INFO logging.LoggingHandler: [id: 0x76dd0264, L:/0.0.0.0:42821] CLOSE
scm1_1      | 2023-01-12 05:25:06,133 [f98693f9-b2e2-4085-a3fc-32934ea8db14-NettyServerStreamRpc-bossGroup--thread1] INFO logging.LoggingHandler: [id: 0x76dd0264, L:/0.0.0.0:42821] INACTIVE
scm1_1      | 2023-01-12 05:25:06,133 [f98693f9-b2e2-4085-a3fc-32934ea8db14-NettyServerStreamRpc-bossGroup--thread1] INFO logging.LoggingHandler: [id: 0x76dd0264, L:/0.0.0.0:42821] UNREGISTERED
datanode_1  | 	at org.apache.hadoop.ozone.container.common.states.endpoint.VersionEndpointTask.call(VersionEndpointTask.java:69)
s3g_1       | 	at org.glassfish.jersey.servlet.WebComponent.serviceImpl(WebComponent.java:394)
om2_1       | startupRole: FOLLOWER
om2_1       | , id: "om2"
datanode_2  | 	at org.apache.hadoop.net.SocketIOWithTimeout.connect(SocketIOWithTimeout.java:205)
datanode_2  | 	at org.apache.hadoop.net.NetUtils.connect(NetUtils.java:586)
datanode_2  | 	at org.apache.hadoop.ipc.Client$Connection.setupConnection(Client.java:711)
om3_1       | 2023-01-12 05:26:49,604 [Listener at om3/9862] INFO impl.MetricsSystemImpl: Registered sink prometheus
om3_1       | 2023-01-12 05:26:49,607 [Listener at om3/9862] INFO http.BaseHttpServer: HTTP server of ozoneManager listening at http://0.0.0.0:9874
scm1_1      | 2023-01-12 05:25:06,141 [f98693f9-b2e2-4085-a3fc-32934ea8db14@group-4D43FF37764E-StateMachineUpdater] INFO impl.StateMachineUpdater: f98693f9-b2e2-4085-a3fc-32934ea8db14@group-4D43FF37764E-StateMachineUpdater: Took a snapshot at index 0
scm1_1      | 2023-01-12 05:25:06,204 [f98693f9-b2e2-4085-a3fc-32934ea8db14@group-4D43FF37764E-StateMachineUpdater] INFO impl.StateMachineUpdater: f98693f9-b2e2-4085-a3fc-32934ea8db14@group-4D43FF37764E-StateMachineUpdater: snapshotIndex: updateIncreasingly -1 -> 0
scm1_1      | 2023-01-12 05:25:06,231 [f98693f9-b2e2-4085-a3fc-32934ea8db14-impl-thread1] INFO server.RaftServer$Division: f98693f9-b2e2-4085-a3fc-32934ea8db14@group-4D43FF37764E: closes. applyIndex: 0
datanode_1  | 	at org.apache.hadoop.ozone.container.common.states.endpoint.VersionEndpointTask.call(VersionEndpointTask.java:40)
datanode_1  | 	at java.base/java.util.concurrent.FutureTask.run(FutureTask.java:264)
s3g_1       | 	at org.glassfish.jersey.servlet.WebComponent.service(WebComponent.java:346)
s3g_1       | 	at org.glassfish.jersey.servlet.ServletContainer.service(ServletContainer.java:366)
recon_1     | 	at org.apache.hadoop.ipc.Server.channelWrite(Server.java:3619)
recon_1     | 	at org.apache.hadoop.ipc.Server.access$1700(Server.java:144)
recon_1     | 	at org.apache.hadoop.ipc.Server$Responder.processResponse(Server.java:1672)
om3_1       | 2023-01-12 05:26:49,616 [IPC Server Responder] INFO ipc.Server: IPC Server Responder: starting
scm2_1      | 2023-01-12 05:25:27,847 [pool-16-thread-1] INFO server.RaftServerConfigKeys: raft.server.retrycache.expirytime = 60000ms (default)
scm2_1      | 2023-01-12 05:25:27,848 [pool-16-thread-1] INFO server.RaftServerConfigKeys: raft.server.retrycache.statistics.expirytime = 100?s (default)
datanode_3  | 	at java.base/java.io.BufferedInputStream.read(BufferedInputStream.java:271)
scm1_1      | 2023-01-12 05:25:06,233 [f98693f9-b2e2-4085-a3fc-32934ea8db14@group-4D43FF37764E-SegmentedRaftLogWorker] INFO segmented.SegmentedRaftLogWorker: f98693f9-b2e2-4085-a3fc-32934ea8db14@group-4D43FF37764E-SegmentedRaftLogWorker was interrupted, exiting. There are 0 tasks remaining in the queue.
datanode_1  | 	at java.base/java.util.concurrent.ThreadPoolExecutor.runWorker(ThreadPoolExecutor.java:1128)
om1_1       | 2023-01-12 05:26:51,526 [om1@group-D66704EFC61C-LeaderElection1] INFO impl.LeaderElection: om1@group-D66704EFC61C-LeaderElection1 ELECTION round 0: submit vote requests at term 1 for -1: peers:[om1|rpc:om1:9872|priority:0|startupRole:FOLLOWER, om3|rpc:om3:9872|priority:0|startupRole:FOLLOWER, om2|rpc:om2:9872|priority:0|startupRole:FOLLOWER]|listeners:[], old=null
om1_1       | 2023-01-12 05:26:51,556 [om1@group-D66704EFC61C-LeaderElection1] INFO server.RaftServerConfigKeys: raft.server.rpc.first-election.timeout.min = 5s (fallback to raft.server.rpc.timeout.min)
recon_1     | 	at org.apache.hadoop.ipc.Server$Responder.doRespond(Server.java:1742)
datanode_2  | 	at org.apache.hadoop.ipc.Client$Connection.setupIOstreams(Client.java:833)
datanode_2  | 	at org.apache.hadoop.ipc.Client$Connection.access$3800(Client.java:414)
om3_1       | 2023-01-12 05:26:49,685 [IPC Server listener on 9862] INFO ipc.Server: IPC Server listener on 9862: starting
scm2_1      | 2023-01-12 05:25:27,889 [pool-16-thread-1] INFO server.RaftServerConfigKeys: raft.server.log.appender.install.snapshot.enabled = false (custom)
scm2_1      | 2023-01-12 05:25:27,890 [pool-16-thread-1] INFO server.RaftServerConfigKeys: raft.server.threadpool.server.cached = true (default)
scm2_1      | 2023-01-12 05:25:27,891 [pool-16-thread-1] INFO server.RaftServerConfigKeys: raft.server.threadpool.server.size = 0 (default)
scm1_1      | 2023-01-12 05:25:06,243 [f98693f9-b2e2-4085-a3fc-32934ea8db14-impl-thread1] INFO segmented.SegmentedRaftLogWorker: f98693f9-b2e2-4085-a3fc-32934ea8db14@group-4D43FF37764E-SegmentedRaftLogWorker close()
datanode_1  | 	at java.base/java.util.concurrent.ThreadPoolExecutor$Worker.run(ThreadPoolExecutor.java:628)
datanode_1  | 	at java.base/java.lang.Thread.run(Thread.java:829)
om1_1       | 2023-01-12 05:26:51,563 [om1@group-D66704EFC61C-LeaderElection1] INFO server.RaftServerConfigKeys: raft.server.rpc.first-election.timeout.max = 5200ms (fallback to raft.server.rpc.timeout.max)
recon_1     | 	at org.apache.hadoop.ipc.Server$Connection.sendResponse(Server.java:2847)
datanode_2  | 	at org.apache.hadoop.ipc.Client.getConnection(Client.java:1677)
datanode_2  | 	at org.apache.hadoop.ipc.Client.call(Client.java:1502)
om3_1       | 2023-01-12 05:26:49,990 [Listener at om3/9862] INFO om.OzoneManager: Trash Interval set to 0. Files deleted won't move to trash
scm2_1      | 2023-01-12 05:25:27,891 [pool-16-thread-1] INFO server.RaftServerConfigKeys: raft.server.threadpool.client.cached = true (default)
om2_1       | address: "om2:9872"
om2_1       | startupRole: FOLLOWER
scm1_1      | 2023-01-12 05:25:06,244 [JvmPauseMonitor0] INFO util.JvmPauseMonitor: JvmPauseMonitor-f98693f9-b2e2-4085-a3fc-32934ea8db14: Stopped
recon_1     | 	at org.apache.hadoop.ipc.Server$Connection.access$300(Server.java:1814)
datanode_2  | 	... 12 more
datanode_2  | 2023-01-12 05:25:22,557 [EndpointStateMachine task thread for scm2/172.18.0.3:9861 - 0 ] INFO ipc.Client: Retrying connect to server: scm2/172.18.0.3:9861. Already tried 14 time(s); retry policy is RetryUpToMaximumCountWithFixedSleep(maxRetries=15, sleepTime=1000 MILLISECONDS)
scm2_1      | 2023-01-12 05:25:27,892 [pool-16-thread-1] INFO server.RaftServerConfigKeys: raft.server.threadpool.client.size = 0 (default)
scm2_1      | 2023-01-12 05:25:27,893 [main] INFO ha.SCMSnapshotProvider: Initializing SCM Snapshot Provider
om2_1       | ]
om2_1       | 2023-01-12 05:27:08,604 [OM StateMachine ApplyTransaction Thread - 0] INFO volume.OMVolumeCreateRequest: created volume:23008-without-scheme for user:hadoop
scm1_1      | 2023-01-12 05:25:06,252 [main] WARN server.ServerUtils: ozone.scm.db.dirs is not configured. We recommend adding this setting. Falling back to ozone.metadata.dirs instead.
recon_1     | 	at org.apache.hadoop.ipc.Server$RpcCall.doResponse(Server.java:1125)
recon_1     | 	at org.apache.hadoop.ipc.Server$Call.doResponse(Server.java:917)
datanode_2  | 2023-01-12 05:25:22,560 [EndpointStateMachine task thread for scm2/172.18.0.3:9861 - 0 ] WARN statemachine.EndpointStateMachine: Unable to communicate to SCM server at scm2:9861 for past 0 seconds.
om3_1       | 2023-01-12 05:26:50,492 [Listener at om3/9862] INFO om.GrpcOzoneManagerServer: GrpcOzoneManagerServer is started using port 8981
scm2_1      | 2023-01-12 05:25:27,894 [main] WARN server.ServerUtils: Storage directory for Ratis is not configured. It is a good idea to map this to an SSD disk. Falling back to ozone.metadata.dirs
scm2_1      | 2023-01-12 05:25:27,894 [main] WARN ha.SCMHAUtils: SCM snapshot dir is not configured. Falling back to ozone.metadata.dirs config
datanode_3  | 	at java.base/java.io.FilterInputStream.read(FilterInputStream.java:83)
datanode_3  | 	at java.base/java.io.FilterInputStream.read(FilterInputStream.java:83)
scm1_1      | 2023-01-12 05:25:06,262 [main] INFO server.StorageContainerManager: SCM initialization succeeded. Current cluster id for sd=/data/metadata/scm; cid=CID-b40a0ffb-806c-459e-acb9-4d43ff37764e; layoutVersion=4; scmId=f98693f9-b2e2-4085-a3fc-32934ea8db14
om1_1       | 2023-01-12 05:26:51,563 [om1@group-D66704EFC61C-LeaderElection1-1] INFO server.GrpcServerProtocolClient: Build channel for om3
om1_1       | 2023-01-12 05:26:51,568 [om1@group-D66704EFC61C-LeaderElection1-2] INFO server.GrpcServerProtocolClient: Build channel for om2
recon_1     | 	at org.apache.hadoop.ipc.Server$Call.sendResponse(Server.java:903)
recon_1     | 	at org.apache.hadoop.ipc.Server$RpcCall.run(Server.java:1060)
datanode_2  | java.net.ConnectException: Call From 4c4cfcfeca58/172.18.0.11 to scm2:9861 failed on connection exception: java.net.ConnectException: Connection refused; For more details see:  http://wiki.apache.org/hadoop/ConnectionRefused
om3_1       | 2023-01-12 05:26:50,547 [org.apache.hadoop.util.JvmPauseMonitor$Monitor@185339ed] INFO util.JvmPauseMonitor: Starting JVM pause monitor
om2_1       | 2023-01-12 05:27:30,746 [OM StateMachine ApplyTransaction Thread - 0] INFO bucket.OMBucketCreateRequest: created bucket: bb1 of layout LEGACY in volume: 23008-without-scheme
om2_1       | 2023-01-12 05:30:16,471 [OM StateMachine ApplyTransaction Thread - 0] INFO volume.OMVolumeCreateRequest: created volume:23008-without-scheme for user:hadoop
om2_1       | 2023-01-12 05:30:28,986 [OM StateMachine ApplyTransaction Thread - 0] INFO bucket.OMBucketCreateRequest: created bucket: bb1 of layout LEGACY in volume: 23008-without-scheme
om2_1       | 2023-01-12 05:30:58,279 [OM StateMachine ApplyTransaction Thread - 0] INFO volume.OMVolumeCreateRequest: created volume:09780-source for user:hadoop
om2_1       | 2023-01-12 05:31:02,407 [OM StateMachine ApplyTransaction Thread - 0] INFO volume.OMVolumeCreateRequest: created volume:09780-target for user:hadoop
datanode_3  | 	at org.apache.hadoop.ipc.Client$Connection$PingInputStream.read(Client.java:563)
datanode_1  | Caused by: java.net.ConnectException: Connection refused
recon_1     | 	at org.apache.hadoop.ipc.Server$RpcCall.run(Server.java:971)
recon_1     | 	at java.base/java.security.AccessController.doPrivileged(Native Method)
datanode_2  | 	at java.base/jdk.internal.reflect.NativeConstructorAccessorImpl.newInstance0(Native Method)
datanode_2  | 	at java.base/jdk.internal.reflect.NativeConstructorAccessorImpl.newInstance(NativeConstructorAccessorImpl.java:62)
datanode_2  | 	at java.base/jdk.internal.reflect.DelegatingConstructorAccessorImpl.newInstance(DelegatingConstructorAccessorImpl.java:45)
om2_1       | 2023-01-12 05:31:06,710 [OM StateMachine ApplyTransaction Thread - 0] INFO bucket.OMBucketCreateRequest: created bucket: dangling-link of layout LEGACY in volume: 09780-target
om2_1       | 2023-01-12 05:31:15,089 [OM StateMachine ApplyTransaction Thread - 0] INFO bucket.OMBucketCreateRequest: created bucket: link1 of layout LEGACY in volume: 09780-target
scm2_1      | 2023-01-12 05:25:27,921 [main] INFO upgrade.AbstractLayoutVersionManager: Initializing Layout version manager with metadata layout = DATANODE_SCHEMA_V3 (version = 4), software layout = DATANODE_SCHEMA_V3 (version = 4)
scm2_1      | 2023-01-12 05:25:28,134 [main] INFO reflections.Reflections: Reflections took 152 ms to scan 3 urls, producing 121 keys and 272 values 
scm1_1      | 2023-01-12 05:25:07,233 [shutdown-hook-0] INFO server.StorageContainerManagerStarter: SHUTDOWN_MSG: 
datanode_3  | 	at java.base/java.io.DataInputStream.readInt(DataInputStream.java:392)
datanode_1  | 	at java.base/sun.nio.ch.SocketChannelImpl.checkConnect(Native Method)
recon_1     | 	at java.base/javax.security.auth.Subject.doAs(Subject.java:423)
scm3_1      | 2023-01-12 05:25:42,889 [pool-16-thread-1] INFO server.RaftServerConfigKeys: raft.server.threadpool.server.size = 0 (default)
datanode_2  | 	at java.base/java.lang.reflect.Constructor.newInstance(Constructor.java:490)
om2_1       | 2023-01-12 05:31:19,107 [OM StateMachine ApplyTransaction Thread - 0] INFO bucket.OMBucketCreateRequest: created bucket: bucket1 of layout LEGACY in volume: 09780-source
om2_1       | 2023-01-12 05:32:39,482 [OM StateMachine ApplyTransaction Thread - 0] INFO bucket.OMBucketCreateRequest: created bucket: link2 of layout LEGACY in volume: 09780-target
om2_1       | 2023-01-12 05:32:43,289 [OM StateMachine ApplyTransaction Thread - 0] ERROR bucket.OMBucketCreateRequest: Bucket creation failed for bucket:link2 in volume:09780-target
om2_1       | BUCKET_ALREADY_EXISTS org.apache.hadoop.ozone.om.exceptions.OMException: Bucket already exist
scm2_1      | 2023-01-12 05:25:28,194 [main] INFO ha.SequenceIdGenerator: upgrade localId to 111677748019200000
om1_1       | 2023-01-12 05:26:52,900 [om1@group-D66704EFC61C-LeaderElection1] INFO impl.LeaderElection: om1@group-D66704EFC61C-LeaderElection1: ELECTION PASSED received 1 response(s) and 0 exception(s):
om1_1       | 2023-01-12 05:26:52,901 [om1@group-D66704EFC61C-LeaderElection1] INFO impl.LeaderElection:   Response 0: om1<-om2#0:OK-t1
datanode_3  | 	at org.apache.hadoop.ipc.Client$IpcStreams.readResponse(Client.java:1922)
om1_1       | 2023-01-12 05:26:52,903 [om1@group-D66704EFC61C-LeaderElection1] INFO impl.LeaderElection: om1@group-D66704EFC61C-LeaderElection1 ELECTION round 0: result PASSED
scm3_1      | 2023-01-12 05:25:42,891 [pool-16-thread-1] INFO server.RaftServerConfigKeys: raft.server.threadpool.client.cached = true (default)
recon_1     | 	at org.apache.hadoop.security.UserGroupInformation.doAs(UserGroupInformation.java:1878)
recon_1     | 	at org.apache.hadoop.ipc.Server$Handler.run(Server.java:2976)
recon_1     | 2023-01-12 05:25:27,040 [IPC Server handler 4 on default port 9891] INFO ipc.Server: IPC Server handler 4 on default port 9891 caught an exception
recon_1     | java.nio.channels.ClosedChannelException
s3g_1       | 	at org.glassfish.jersey.servlet.ServletContainer.service(ServletContainer.java:319)
s3g_1       | 	at org.glassfish.jersey.servlet.ServletContainer.service(ServletContainer.java:205)
scm2_1      | 2023-01-12 05:25:28,195 [main] INFO ha.SequenceIdGenerator: upgrade delTxnId to 0
scm1_1      | /************************************************************
datanode_3  | 	at org.apache.hadoop.ipc.Client$Connection.receiveRpcResponse(Client.java:1238)
datanode_1  | 	at java.base/sun.nio.ch.SocketChannelImpl.finishConnect(SocketChannelImpl.java:777)
om1_1       | 2023-01-12 05:26:52,903 [om1@group-D66704EFC61C-LeaderElection1] INFO impl.RoleInfo: om1: shutdown om1@group-D66704EFC61C-LeaderElection1
scm3_1      | 2023-01-12 05:25:42,892 [pool-16-thread-1] INFO server.RaftServerConfigKeys: raft.server.threadpool.client.size = 0 (default)
scm2_1      | 2023-01-12 05:25:28,198 [main] INFO ha.SequenceIdGenerator: upgrade containerId to 0
om2_1       | 	at org.apache.hadoop.ozone.om.request.bucket.OMBucketCreateRequest.validateAndUpdateCache(OMBucketCreateRequest.java:206)
om1_1       | 2023-01-12 05:26:52,904 [om1@group-D66704EFC61C-LeaderElection1] INFO server.RaftServer$Division: om1@group-D66704EFC61C: changes role from CANDIDATE to LEADER at term 1 for changeToLeader
om1_1       | 2023-01-12 05:26:52,906 [om1@group-D66704EFC61C-LeaderElection1] INFO server.RaftServer$Division: om1@group-D66704EFC61C: change Leader from null to om1 at term 1 for becomeLeader, leader elected after 12750ms
om1_1       | 2023-01-12 05:26:52,931 [om1@group-D66704EFC61C-LeaderElection1] INFO server.RaftServerConfigKeys: raft.server.staging.catchup.gap = 1000 (default)
scm3_1      | 2023-01-12 05:25:42,894 [main] INFO ha.SCMSnapshotProvider: Initializing SCM Snapshot Provider
recon_1     | 	at java.base/sun.nio.ch.SocketChannelImpl.ensureOpenAndConnected(SocketChannelImpl.java:180)
datanode_2  | 	at org.apache.hadoop.net.NetUtils.wrapWithMessage(NetUtils.java:913)
datanode_2  | 	at org.apache.hadoop.net.NetUtils.wrapException(NetUtils.java:828)
datanode_2  | 	at org.apache.hadoop.ipc.Client.getRpcResponse(Client.java:1616)
s3g_1       | 	at org.eclipse.jetty.servlet.ServletHolder$NotAsync.service(ServletHolder.java:1459)
s3g_1       | 	at org.eclipse.jetty.servlet.ServletHolder.handle(ServletHolder.java:799)
s3g_1       | 	at org.eclipse.jetty.servlet.ServletHandler$ChainEnd.doFilter(ServletHandler.java:1656)
s3g_1       | 	at org.apache.hadoop.ozone.s3.RootPageDisplayFilter.doFilter(RootPageDisplayFilter.java:53)
scm3_1      | 2023-01-12 05:25:42,894 [main] WARN server.ServerUtils: Storage directory for Ratis is not configured. It is a good idea to map this to an SSD disk. Falling back to ozone.metadata.dirs
scm3_1      | 2023-01-12 05:25:42,895 [main] WARN ha.SCMHAUtils: SCM snapshot dir is not configured. Falling back to ozone.metadata.dirs config
scm3_1      | 2023-01-12 05:25:42,960 [main] INFO upgrade.AbstractLayoutVersionManager: Initializing Layout version manager with metadata layout = DATANODE_SCHEMA_V3 (version = 4), software layout = DATANODE_SCHEMA_V3 (version = 4)
recon_1     | 	at java.base/sun.nio.ch.SocketChannelImpl.write(SocketChannelImpl.java:452)
recon_1     | 	at org.apache.hadoop.ipc.Server.channelWrite(Server.java:3619)
recon_1     | 	at org.apache.hadoop.ipc.Server.access$1700(Server.java:144)
datanode_3  | 	at org.apache.hadoop.ipc.Client$Connection.run(Client.java:1134)
datanode_1  | 	at org.apache.hadoop.net.SocketIOWithTimeout.connect(SocketIOWithTimeout.java:205)
om3_1       | 2023-01-12 05:26:52,286 [om3@group-D66704EFC61C-FollowerState] INFO impl.FollowerState: om3@group-D66704EFC61C-FollowerState: change to CANDIDATE, lastRpcElapsedTime:5158024582ns, electionTimeout:5123ms
om3_1       | 2023-01-12 05:26:52,289 [om3@group-D66704EFC61C-FollowerState] INFO impl.RoleInfo: om3: shutdown om3@group-D66704EFC61C-FollowerState
om3_1       | 2023-01-12 05:26:52,292 [om3@group-D66704EFC61C-FollowerState] INFO server.RaftServer$Division: om3@group-D66704EFC61C: changes role from  FOLLOWER to CANDIDATE at term 0 for changeToCandidate
scm3_1      | 2023-01-12 05:25:43,344 [main] INFO reflections.Reflections: Reflections took 222 ms to scan 3 urls, producing 121 keys and 272 values 
scm3_1      | 2023-01-12 05:25:43,450 [main] INFO ha.SequenceIdGenerator: upgrade localId to 111677748019200000
scm3_1      | 2023-01-12 05:25:43,450 [main] INFO ha.SequenceIdGenerator: upgrade delTxnId to 0
recon_1     | 	at org.apache.hadoop.ipc.Server$Responder.processResponse(Server.java:1672)
recon_1     | 	at org.apache.hadoop.ipc.Server$Responder.doRespond(Server.java:1742)
datanode_2  | 	at org.apache.hadoop.ipc.Client.call(Client.java:1558)
datanode_1  | 	at org.apache.hadoop.net.NetUtils.connect(NetUtils.java:586)
datanode_1  | 	at org.apache.hadoop.ipc.Client$Connection.setupConnection(Client.java:711)
datanode_1  | 	at org.apache.hadoop.ipc.Client$Connection.setupIOstreams(Client.java:833)
datanode_1  | 	at org.apache.hadoop.ipc.Client$Connection.access$3800(Client.java:414)
scm3_1      | 2023-01-12 05:25:43,454 [main] INFO ha.SequenceIdGenerator: upgrade containerId to 0
scm3_1      | 2023-01-12 05:25:43,455 [main] INFO ha.SequenceIdGenerator: Init the HA SequenceIdGenerator.
scm2_1      | 2023-01-12 05:25:28,199 [main] INFO ha.SequenceIdGenerator: Init the HA SequenceIdGenerator.
recon_1     | 	at org.apache.hadoop.ipc.Server$Connection.sendResponse(Server.java:2847)
om2_1       | 	at org.apache.hadoop.ozone.protocolPB.OzoneManagerRequestHandler.handleWriteRequest(OzoneManagerRequestHandler.java:317)
datanode_2  | 	at org.apache.hadoop.ipc.Client.call(Client.java:1455)
datanode_3  | 2023-01-12 05:25:21,525 [EndpointStateMachine task thread for scm3/172.18.0.9:9861 - 0 ] INFO ipc.Client: Retrying connect to server: scm3/172.18.0.9:9861. Already tried 14 time(s); retry policy is RetryUpToMaximumCountWithFixedSleep(maxRetries=15, sleepTime=1000 MILLISECONDS)
s3g_1       | 	at org.eclipse.jetty.servlet.FilterHolder.doFilter(FilterHolder.java:193)
s3g_1       | 	at org.eclipse.jetty.servlet.ServletHandler$Chain.doFilter(ServletHandler.java:1626)
s3g_1       | 	at org.apache.hadoop.ozone.s3.EmptyContentTypeFilter.doFilter(EmptyContentTypeFilter.java:76)
datanode_1  | 	at org.apache.hadoop.ipc.Client.getConnection(Client.java:1677)
scm3_1      | 2023-01-12 05:25:43,590 [main] INFO node.SCMNodeManager: Entering startup safe mode.
om1_1       | 2023-01-12 05:26:52,956 [om1@group-D66704EFC61C-LeaderElection1] INFO server.RaftServerConfigKeys: raft.server.write.element-limit = 4096 (default)
om1_1       | 2023-01-12 05:26:52,958 [om1@group-D66704EFC61C-LeaderElection1] INFO server.RaftServerConfigKeys: raft.server.write.byte-limit = 64MB (=67108864) (default)
recon_1     | 	at org.apache.hadoop.ipc.Server$Connection.access$300(Server.java:1814)
om2_1       | 	at org.apache.hadoop.ozone.om.ratis.OzoneManagerStateMachine.runCommand(OzoneManagerStateMachine.java:533)
datanode_2  | 	at org.apache.hadoop.ipc.ProtobufRpcEngine$Invoker.invoke(ProtobufRpcEngine.java:235)
datanode_3  | 2023-01-12 05:25:21,526 [EndpointStateMachine task thread for scm2/172.18.0.3:9861 - 0 ] INFO ipc.Client: Retrying connect to server: scm2/172.18.0.3:9861. Already tried 14 time(s); retry policy is RetryUpToMaximumCountWithFixedSleep(maxRetries=15, sleepTime=1000 MILLISECONDS)
datanode_3  | 2023-01-12 05:25:21,528 [EndpointStateMachine task thread for scm2/172.18.0.3:9861 - 0 ] WARN statemachine.EndpointStateMachine: Unable to communicate to SCM server at scm2:9861 for past 0 seconds.
s3g_1       | 	at org.eclipse.jetty.servlet.FilterHolder.doFilter(FilterHolder.java:201)
scm1_1      | SHUTDOWN_MSG: Shutting down StorageContainerManager at 7f47dfd12ecd/172.18.0.2
om3_1       | 2023-01-12 05:26:52,297 [om3@group-D66704EFC61C-FollowerState] INFO server.RaftServerConfigKeys: raft.server.leaderelection.pre-vote = false (custom)
datanode_1  | 	at org.apache.hadoop.ipc.Client.call(Client.java:1502)
scm3_1      | 2023-01-12 05:25:43,616 [main] INFO algorithms.ContainerPlacementPolicyFactory: Create container placement policy of type org.apache.hadoop.hdds.scm.container.placement.algorithms.SCMContainerPlacementRandom
om1_1       | 2023-01-12 05:26:52,985 [om1@group-D66704EFC61C-LeaderElection1] INFO server.RaftServerConfigKeys: raft.server.watch.timeout = 10s (default)
om1_1       | 2023-01-12 05:26:52,987 [om1@group-D66704EFC61C-LeaderElection1] INFO server.RaftServerConfigKeys: raft.server.watch.timeout.denomination = 1s (default)
recon_1     | 	at org.apache.hadoop.ipc.Server$RpcCall.doResponse(Server.java:1125)
om2_1       | 	at org.apache.hadoop.ozone.om.ratis.OzoneManagerStateMachine.lambda$1(OzoneManagerStateMachine.java:324)
om2_1       | 	at java.base/java.util.concurrent.CompletableFuture$AsyncSupply.run(CompletableFuture.java:1700)
datanode_2  | 	at org.apache.hadoop.ipc.ProtobufRpcEngine$Invoker.invoke(ProtobufRpcEngine.java:122)
datanode_2  | 	at com.sun.proxy.$Proxy41.submitRequest(Unknown Source)
scm1_1      | ************************************************************/
scm1_1      | No '-XX:...' jvm parameters are set. Adding safer GC settings '-XX:ParallelGCThreads=8 -XX:+UseConcMarkSweepGC -XX:CMSInitiatingOccupancyFraction=70 -XX:+CMSParallelRemarkEnabled' to the OZONE_OPTS
datanode_1  | 	... 12 more
scm3_1      | 2023-01-12 05:25:43,620 [main] INFO algorithms.ContainerPlacementPolicyFactory: Create container placement policy of type org.apache.hadoop.hdds.scm.container.placement.algorithms.SCMContainerPlacementRackScatter
om1_1       | 2023-01-12 05:26:52,989 [om1@group-D66704EFC61C-LeaderElection1] INFO server.RaftServerConfigKeys: raft.server.watch.element-limit = 65536 (default)
om1_1       | 2023-01-12 05:26:53,007 [om1@group-D66704EFC61C-LeaderElection1] INFO server.RaftServerConfigKeys: raft.server.write.element-limit = 4096 (default)
recon_1     | 	at org.apache.hadoop.ipc.Server$Call.doResponse(Server.java:917)
datanode_3  | java.net.ConnectException: Call From d407c6d45367/172.18.0.4 to scm2:9861 failed on connection exception: java.net.ConnectException: Connection refused; For more details see:  http://wiki.apache.org/hadoop/ConnectionRefused
datanode_3  | 	at java.base/jdk.internal.reflect.NativeConstructorAccessorImpl.newInstance0(Native Method)
datanode_2  | 	at org.apache.hadoop.ozone.protocolPB.StorageContainerDatanodeProtocolClientSideTranslatorPB.submitRequest(StorageContainerDatanodeProtocolClientSideTranslatorPB.java:117)
s3g_1       | 	at org.eclipse.jetty.servlet.ServletHandler$Chain.doFilter(ServletHandler.java:1626)
scm1_1      | OpenJDK 64-Bit Server VM warning: Option UseConcMarkSweepGC was deprecated in version 9.0 and will likely be removed in a future release.
scm1_1      | 2023-01-12 05:25:09,963 [main] INFO server.StorageContainerManagerStarter: STARTUP_MSG: 
datanode_1  | 2023-01-12 05:25:22,695 [EndpointStateMachine task thread for scm2/172.18.0.3:9861 - 0 ] INFO ipc.Client: Retrying connect to server: scm2/172.18.0.3:9861. Already tried 14 time(s); retry policy is RetryUpToMaximumCountWithFixedSleep(maxRetries=15, sleepTime=1000 MILLISECONDS)
scm3_1      | 2023-01-12 05:25:43,630 [main] INFO pipeline.PipelineStateManagerImpl: No pipeline exists in current db
om1_1       | 2023-01-12 05:26:53,013 [om1@group-D66704EFC61C-LeaderElection1] INFO server.RaftServerConfigKeys: raft.server.write.follower.gap.ratio.max = -1.0 (default)
om1_1       | 2023-01-12 05:26:53,114 [om1@group-D66704EFC61C-LeaderElection1] INFO server.RaftServerConfigKeys: raft.server.log.appender.snapshot.chunk.size.max = 16MB (=16777216) (default)
recon_1     | 	at org.apache.hadoop.ipc.Server$Call.sendResponse(Server.java:903)
scm2_1      | 2023-01-12 05:25:28,307 [main] INFO node.SCMNodeManager: Entering startup safe mode.
om2_1       | 	at java.base/java.util.concurrent.ThreadPoolExecutor.runWorker(ThreadPoolExecutor.java:1128)
datanode_2  | 	at org.apache.hadoop.ozone.protocolPB.StorageContainerDatanodeProtocolClientSideTranslatorPB.getVersion(StorageContainerDatanodeProtocolClientSideTranslatorPB.java:133)
s3g_1       | 	at org.apache.hadoop.hdds.server.http.HttpServer2$QuotingInputFilter.doFilter(HttpServer2.java:1681)
s3g_1       | 	at org.eclipse.jetty.servlet.FilterHolder.doFilter(FilterHolder.java:193)
s3g_1       | 	at org.eclipse.jetty.servlet.ServletHandler$Chain.doFilter(ServletHandler.java:1626)
scm3_1      | 2023-01-12 05:25:43,694 [main] INFO algorithms.LeaderChoosePolicyFactory: Create leader choose policy of type org.apache.hadoop.hdds.scm.pipeline.leader.choose.algorithms.MinLeaderCountChoosePolicy
om1_1       | 2023-01-12 05:26:53,115 [om1@group-D66704EFC61C-LeaderElection1] INFO server.RaftServerConfigKeys: raft.server.log.appender.buffer.byte-limit = 33554432 (custom)
om1_1       | 2023-01-12 05:26:53,117 [om1@group-D66704EFC61C-LeaderElection1] INFO server.RaftServerConfigKeys: raft.server.log.appender.buffer.element-limit = 1024 (custom)
om1_1       | 2023-01-12 05:26:53,138 [om1@group-D66704EFC61C-LeaderElection1] INFO grpc.GrpcConfigKeys: raft.grpc.server.leader.outstanding.appends.max = 128 (default)
scm2_1      | 2023-01-12 05:25:28,332 [main] INFO algorithms.ContainerPlacementPolicyFactory: Create container placement policy of type org.apache.hadoop.hdds.scm.container.placement.algorithms.SCMContainerPlacementRandom
datanode_3  | 	at java.base/jdk.internal.reflect.NativeConstructorAccessorImpl.newInstance(NativeConstructorAccessorImpl.java:62)
datanode_2  | 	at org.apache.hadoop.ozone.container.common.states.endpoint.VersionEndpointTask.call(VersionEndpointTask.java:69)
datanode_2  | 	at org.apache.hadoop.ozone.container.common.states.endpoint.VersionEndpointTask.call(VersionEndpointTask.java:40)
s3g_1       | 	at org.apache.hadoop.hdds.server.http.NoCacheFilter.doFilter(NoCacheFilter.java:48)
s3g_1       | 	at org.eclipse.jetty.servlet.FilterHolder.doFilter(FilterHolder.java:193)
datanode_1  | 2023-01-12 05:25:22,696 [EndpointStateMachine task thread for scm2/172.18.0.3:9861 - 0 ] WARN statemachine.EndpointStateMachine: Unable to communicate to SCM server at scm2:9861 for past 0 seconds.
om2_1       | 	at java.base/java.util.concurrent.ThreadPoolExecutor$Worker.run(ThreadPoolExecutor.java:628)
om2_1       | 	at java.base/java.lang.Thread.run(Thread.java:829)
om2_1       | 2023-01-12 05:32:47,274 [OM StateMachine ApplyTransaction Thread - 0] INFO bucket.OMBucketCreateRequest: created bucket: bucket3 of layout LEGACY in volume: 09780-target
om2_1       | 2023-01-12 05:32:50,984 [OM StateMachine ApplyTransaction Thread - 0] ERROR bucket.OMBucketCreateRequest: Bucket creation failed for bucket:bucket3 in volume:09780-target
om2_1       | BUCKET_ALREADY_EXISTS org.apache.hadoop.ozone.om.exceptions.OMException: Bucket already exist
datanode_2  | 	at java.base/java.util.concurrent.FutureTask.run(FutureTask.java:264)
scm1_1      | /************************************************************
om3_1       | 2023-01-12 05:26:52,297 [om3@group-D66704EFC61C-FollowerState] INFO impl.RoleInfo: om3: start om3@group-D66704EFC61C-LeaderElection1
s3g_1       | 	at org.eclipse.jetty.servlet.ServletHandler$Chain.doFilter(ServletHandler.java:1626)
s3g_1       | 	at org.eclipse.jetty.servlet.ServletHandler.doHandle(ServletHandler.java:552)
s3g_1       | 	at org.eclipse.jetty.server.handler.ScopedHandler.handle(ScopedHandler.java:143)
s3g_1       | 	at org.eclipse.jetty.security.SecurityHandler.handle(SecurityHandler.java:600)
om2_1       | 	at org.apache.hadoop.ozone.om.request.bucket.OMBucketCreateRequest.validateAndUpdateCache(OMBucketCreateRequest.java:206)
datanode_3  | 	at java.base/jdk.internal.reflect.DelegatingConstructorAccessorImpl.newInstance(DelegatingConstructorAccessorImpl.java:45)
datanode_3  | 	at java.base/java.lang.reflect.Constructor.newInstance(Constructor.java:490)
datanode_3  | 	at org.apache.hadoop.net.NetUtils.wrapWithMessage(NetUtils.java:913)
datanode_3  | 	at org.apache.hadoop.net.NetUtils.wrapException(NetUtils.java:828)
datanode_2  | 	at java.base/java.util.concurrent.ThreadPoolExecutor.runWorker(ThreadPoolExecutor.java:1128)
scm1_1      | STARTUP_MSG: Starting StorageContainerManager
