scm3_1      | STARTUP_MSG:   classpath = /etc/hadoop:/opt/hadoop/share/ozone/lib/kerb-simplekdc-1.0.1.jar:/opt/hadoop/share/ozone/lib/netty-transport-4.1.77.Final.jar:/opt/hadoop/share/ozone/lib/slf4j-reload4j-1.7.36.jar:/opt/hadoop/share/ozone/lib/protobuf-java-2.5.0.jar:/opt/hadoop/share/ozone/lib/jaxb-core-2.3.0.1.jar:/opt/hadoop/share/ozone/lib/istack-commons-runtime-3.0.5.jar:/opt/hadoop/share/ozone/lib/commons-validator-1.6.jar:/opt/hadoop/share/ozone/lib/hdds-erasurecode-1.4.0-SNAPSHOT.jar:/opt/hadoop/share/ozone/lib/hdds-hadoop-dependency-server-1.4.0-SNAPSHOT.jar:/opt/hadoop/share/ozone/lib/bcpkix-jdk15on-1.67.jar:/opt/hadoop/share/ozone/lib/commons-net-3.9.0.jar:/opt/hadoop/share/ozone/lib/kerb-core-1.0.1.jar:/opt/hadoop/share/ozone/lib/hadoop-shaded-protobuf_3_7-1.1.1.jar:/opt/hadoop/share/ozone/lib/jsr305-3.0.0.jar:/opt/hadoop/share/ozone/lib/j2objc-annotations-1.3.jar:/opt/hadoop/share/ozone/lib/jetty-webapp-9.4.49.v20220914.jar:/opt/hadoop/share/ozone/lib/picocli-4.6.1.jar:/opt/hadoop/share/ozone/lib/javassist-3.21.0-GA.jar:/opt/hadoop/share/ozone/lib/jaxb-api-2.3.0.jar:/opt/hadoop/share/ozone/lib/hdds-interface-admin-1.4.0-SNAPSHOT.jar:/opt/hadoop/share/ozone/lib/commons-codec-1.15.jar:/opt/hadoop/share/ozone/lib/kerb-util-1.0.1.jar:/opt/hadoop/share/ozone/lib/hadoop-shaded-guava-1.1.1.jar:/opt/hadoop/share/ozone/lib/kotlin-stdlib-1.6.21.jar:/opt/hadoop/share/ozone/lib/log4j-core-2.17.1.jar:/opt/hadoop/share/ozone/lib/commons-logging-1.2.jar:/opt/hadoop/share/ozone/lib/ratis-thirdparty-misc-1.0.3.jar:/opt/hadoop/share/ozone/lib/jetty-security-9.4.49.v20220914.jar:/opt/hadoop/share/ozone/lib/accessors-smart-2.4.7.jar:/opt/hadoop/share/ozone/lib/kerby-xdr-1.0.1.jar:/opt/hadoop/share/ozone/lib/netty-handler-4.1.77.Final.jar:/opt/hadoop/share/ozone/lib/txw2-2.3.0.1.jar:/opt/hadoop/share/ozone/lib/httpcore-4.4.13.jar:/opt/hadoop/share/ozone/lib/hdds-container-service-1.4.0-SNAPSHOT.jar:/opt/hadoop/share/ozone/lib/guava-31.1-jre.jar:/opt/hadoop/share/ozone/lib/opentracing-tracerresolver-0.1.8.jar:/opt/hadoop/share/ozone/lib/ratis-grpc-2.4.2-8b8bdda-SNAPSHOT.jar:/opt/hadoop/share/ozone/lib/hadoop-auth-3.3.4.jar:/opt/hadoop/share/ozone/lib/libthrift-0.14.1.jar:/opt/hadoop/share/ozone/lib/stax-ex-1.7.8.jar:/opt/hadoop/share/ozone/lib/error_prone_annotations-2.2.0.jar:/opt/hadoop/share/ozone/lib/kotlin-stdlib-common-1.4.10.jar:/opt/hadoop/share/ozone/lib/hdds-hadoop-dependency-client-1.4.0-SNAPSHOT.jar:/opt/hadoop/share/ozone/lib/zstd-jni-1.5.2-5.jar:/opt/hadoop/share/ozone/lib/httpclient-4.5.13.jar:/opt/hadoop/share/ozone/lib/ratis-proto-2.4.2-8b8bdda-SNAPSHOT.jar:/opt/hadoop/share/ozone/lib/jaeger-client-1.6.0.jar:/opt/hadoop/share/ozone/lib/kerby-config-1.0.1.jar:/opt/hadoop/share/ozone/lib/jackson-annotations-2.13.4.jar:/opt/hadoop/share/ozone/lib/commons-io-2.11.0.jar:/opt/hadoop/share/ozone/lib/metrics-core-3.2.4.jar:/opt/hadoop/share/ozone/lib/hadoop-annotations-3.3.4.jar:/opt/hadoop/share/ozone/lib/kerby-pkix-1.0.1.jar:/opt/hadoop/share/ozone/lib/jetty-util-9.4.49.v20220914.jar:/opt/hadoop/share/ozone/lib/json-smart-2.4.7.jar:/opt/hadoop/share/ozone/lib/jetty-io-9.4.49.v20220914.jar:/opt/hadoop/share/ozone/lib/jsr311-api-1.1.1.jar:/opt/hadoop/share/ozone/lib/jetty-server-9.4.49.v20220914.jar:/opt/hadoop/share/ozone/lib/commons-beanutils-1.9.4.jar:/opt/hadoop/share/ozone/lib/javax.servlet-api-3.1.0.jar:/opt/hadoop/share/ozone/lib/kerb-server-1.0.1.jar:/opt/hadoop/share/ozone/lib/netty-resolver-4.1.77.Final.jar:/opt/hadoop/share/ozone/lib/kerb-client-1.0.1.jar:/opt/hadoop/share/ozone/lib/jetty-xml-9.4.49.v20220914.jar:/opt/hadoop/share/ozone/lib/hadoop-common-3.3.4.jar:/opt/hadoop/share/ozone/lib/disruptor-3.4.2.jar:/opt/hadoop/share/ozone/lib/reflections-0.9.11.jar:/opt/hadoop/share/ozone/lib/gson-2.9.0.jar:/opt/hadoop/share/ozone/lib/snakeyaml-1.33.jar:/opt/hadoop/share/ozone/lib/nimbus-jose-jwt-9.8.1.jar:/opt/hadoop/share/ozone/lib/hdds-client-1.4.0-SNAPSHOT.jar:/opt/hadoop/share/ozone/lib/ratis-common-2.4.2-8b8bdda-SNAPSHOT.jar:/opt/hadoop/share/ozone/lib/annotations-13.0.jar:/opt/hadoop/share/ozone/lib/simpleclient_common-0.7.0.jar:/opt/hadoop/share/ozone/lib/jaeger-thrift-1.6.0.jar:/opt/hadoop/share/ozone/lib/dnsjava-2.1.7.jar:/opt/hadoop/share/ozone/lib/rocksdbjni-7.7.3.jar:/opt/hadoop/share/ozone/lib/bcprov-jdk15on-1.67.jar:/opt/hadoop/share/ozone/lib/commons-configuration2-2.1.1.jar:/opt/hadoop/share/ozone/lib/token-provider-1.0.1.jar:/opt/hadoop/share/ozone/lib/commons-daemon-1.0.13.jar:/opt/hadoop/share/ozone/lib/listenablefuture-9999.0-empty-to-avoid-conflict-with-guava.jar:/opt/hadoop/share/ozone/lib/jaeger-tracerresolver-1.6.0.jar:/opt/hadoop/share/ozone/lib/slf4j-api-1.7.36.jar:/opt/hadoop/share/ozone/lib/commons-lang3-3.7.jar:/opt/hadoop/share/ozone/lib/re2j-1.1.jar:/opt/hadoop/share/ozone/lib/jackson-datatype-jsr310-2.13.4.jar:/opt/hadoop/share/ozone/lib/simpleclient_dropwizard-0.7.0.jar:/opt/hadoop/share/ozone/lib/simpleclient-0.7.0.jar:/opt/hadoop/share/ozone/lib/ratis-metrics-2.4.2-8b8bdda-SNAPSHOT.jar:/opt/hadoop/share/ozone/lib/asm-5.0.4.jar:/opt/hadoop/share/ozone/lib/kerby-util-1.0.1.jar:/opt/hadoop/share/ozone/lib/netty-codec-4.1.77.Final.jar:/opt/hadoop/share/ozone/lib/failureaccess-1.0.1.jar:/opt/hadoop/share/ozone/lib/jackson-databind-2.13.4.2.jar:/opt/hadoop/share/ozone/lib/okio-2.8.0.jar:/opt/hadoop/share/ozone/lib/jetty-servlet-9.4.49.v20220914.jar:/opt/hadoop/share/ozone/lib/jsp-api-2.1.jar:/opt/hadoop/share/ozone/lib/jsch-0.1.54.jar:/opt/hadoop/share/ozone/lib/jakarta.activation-api-1.2.1.jar:/opt/hadoop/share/ozone/lib/reload4j-1.2.22.jar:/opt/hadoop/share/ozone/lib/woodstox-core-5.4.0.jar:/opt/hadoop/share/ozone/lib/commons-pool2-2.6.0.jar:/opt/hadoop/share/ozone/lib/opentracing-api-0.33.0.jar:/opt/hadoop/share/ozone/lib/jcip-annotations-1.0-1.jar:/opt/hadoop/share/ozone/lib/kerb-admin-1.0.1.jar:/opt/hadoop/share/ozone/lib/jetty-util-ajax-9.4.49.v20220914.jar:/opt/hadoop/share/ozone/lib/netty-buffer-4.1.77.Final.jar:/opt/hadoop/share/ozone/lib/opentracing-noop-0.33.0.jar:/opt/hadoop/share/ozone/lib/hadoop-hdfs-client-3.3.4.jar:/opt/hadoop/share/ozone/lib/jersey-core-1.19.jar:/opt/hadoop/share/ozone/lib/commons-compress-1.21.jar:/opt/hadoop/share/ozone/lib/jaxb-runtime-2.3.0.1.jar:/opt/hadoop/share/ozone/lib/hadoop-hdfs-3.3.4.jar:/opt/hadoop/share/ozone/lib/jackson-core-2.13.4.jar:/opt/hadoop/share/ozone/lib/hdds-annotation-processing-1.4.0-SNAPSHOT.jar:/opt/hadoop/share/ozone/lib/opentracing-util-0.33.0.jar:/opt/hadoop/share/ozone/lib/stax2-api-4.2.1.jar:/opt/hadoop/share/ozone/lib/snappy-java-1.1.8.2.jar:/opt/hadoop/share/ozone/lib/ratis-netty-2.4.2-8b8bdda-SNAPSHOT.jar:/opt/hadoop/share/ozone/lib/hdds-config-1.4.0-SNAPSHOT.jar:/opt/hadoop/share/ozone/lib/commons-cli-1.2.jar:/opt/hadoop/share/ozone/lib/log4j-api-2.17.1.jar:/opt/hadoop/share/ozone/lib/javax.annotation-api-1.2.jar:/opt/hadoop/share/ozone/lib/ratis-server-api-2.4.2-8b8bdda-SNAPSHOT.jar:/opt/hadoop/share/ozone/lib/hdds-interface-client-1.4.0-SNAPSHOT.jar:/opt/hadoop/share/ozone/lib/kerby-asn1-1.0.1.jar:/opt/hadoop/share/ozone/lib/okhttp-4.9.3.jar:/opt/hadoop/share/ozone/lib/checker-qual-3.12.0.jar:/opt/hadoop/share/ozone/lib/hdds-interface-server-1.4.0-SNAPSHOT.jar:/opt/hadoop/share/ozone/lib/hdds-common-1.4.0-SNAPSHOT.jar:/opt/hadoop/share/ozone/lib/commons-digester-1.8.1.jar:/opt/hadoop/share/ozone/lib/commons-collections-3.2.2.jar:/opt/hadoop/share/ozone/lib/jaeger-core-1.6.0.jar:/opt/hadoop/share/ozone/lib/ratis-client-2.4.2-8b8bdda-SNAPSHOT.jar:/opt/hadoop/share/ozone/lib/commons-text-1.4.jar:/opt/hadoop/share/ozone/lib/jersey-servlet-1.19.jar:/opt/hadoop/share/ozone/lib/ratis-server-2.4.2-8b8bdda-SNAPSHOT.jar:/opt/hadoop/share/ozone/lib/jetty-http-9.4.49.v20220914.jar:/opt/hadoop/share/ozone/lib/kerb-identity-1.0.1.jar:/opt/hadoop/share/ozone/lib/FastInfoset-1.2.13.jar:/opt/hadoop/share/ozone/lib/kerb-common-1.0.1.jar:/opt/hadoop/share/ozone/lib/hdds-server-framework-1.4.0-SNAPSHOT.jar:/opt/hadoop/share/ozone/lib/jersey-server-1.19.jar:/opt/hadoop/share/ozone/lib/kerb-crypto-1.0.1.jar:/opt/hadoop/share/ozone/lib/netty-common-4.1.77.Final.jar:/opt/hadoop/share/ozone/web:/opt/hadoop/share/ozone/lib/hdds-server-scm-1.4.0-SNAPSHOT.jar
scm1_1      | 2023-01-12 05:24:56,568 [pool-2-thread-1] INFO server.RaftServerConfigKeys: raft.server.threadpool.client.size = 0 (default)
datanode_3  | 	at org.apache.hadoop.ipc.ProtobufRpcEngine$Invoker.invoke(ProtobufRpcEngine.java:122)
datanode_3  | 	at com.sun.proxy.$Proxy42.submitRequest(Unknown Source)
datanode_2  | 	at java.base/java.util.concurrent.ThreadPoolExecutor.runWorker(ThreadPoolExecutor.java:1128)
datanode_1  | 	at java.base/jdk.internal.reflect.DelegatingConstructorAccessorImpl.newInstance(DelegatingConstructorAccessorImpl.java:45)
om1_1       | 2023-01-12 05:26:45,877 [om1-impl-thread1] INFO server.RaftServerConfigKeys: raft.server.log.purge.gap = 1000000 (custom)
om2_1       | 2023-01-12 05:26:47,487 [om2-impl-thread1] INFO server.RaftServerConfigKeys: raft.server.log.statemachine.data.sync.timeout.retry = -1 (default)
scm2_1      | 2023-01-12 05:25:25,255 [main] INFO ha.SCMHANodeDetails: ServiceID for StorageContainerManager is null
s3g_1       | 	at org.apache.hadoop.ozone.s3.OzoneClientProducer.getSignature(OzoneClientProducer.java:102)
recon_1     | 	at org.apache.hadoop.hdds.ratis.ServerNotLeaderException.convertToNotLeaderException(ServerNotLeaderException.java:109)
recon_1     | 	at org.apache.hadoop.hdds.scm.ha.RatisUtil.checkRatisException(RatisUtil.java:246)
scm1_1      | 2023-01-12 05:24:56,570 [f98693f9-b2e2-4085-a3fc-32934ea8db14-impl-thread1] INFO storage.RaftStorageDirectory: The storage directory /data/metadata/scm-ha/b40a0ffb-806c-459e-acb9-4d43ff37764e does not exist. Creating ...
datanode_3  | 	at org.apache.hadoop.ozone.protocolPB.StorageContainerDatanodeProtocolClientSideTranslatorPB.submitRequest(StorageContainerDatanodeProtocolClientSideTranslatorPB.java:117)
datanode_3  | 	at org.apache.hadoop.ozone.protocolPB.StorageContainerDatanodeProtocolClientSideTranslatorPB.getVersion(StorageContainerDatanodeProtocolClientSideTranslatorPB.java:133)
datanode_2  | 	at java.base/java.util.concurrent.ThreadPoolExecutor$Worker.run(ThreadPoolExecutor.java:628)
om1_1       | 2023-01-12 05:26:45,881 [om1-impl-thread1] INFO server.RaftServerConfigKeys: raft.server.log.appender.buffer.byte-limit = 33554432 (custom)
datanode_1  | 	at java.base/java.lang.reflect.Constructor.newInstance(Constructor.java:490)
datanode_1  | 	at org.apache.hadoop.net.NetUtils.wrapWithMessage(NetUtils.java:913)
scm2_1      | 2023-01-12 05:25:25,265 [main] INFO ha.SCMHANodeDetails: ozone.scm.default.service.id is not defined, falling back to ozone.scm.service.ids to find serviceID for StorageContainerManager if it is HA enabled cluster
s3g_1       | 	at jdk.internal.reflect.GeneratedMethodAccessor19.invoke(Unknown Source)
s3g_1       | 	at java.base/jdk.internal.reflect.DelegatingMethodAccessorImpl.invoke(DelegatingMethodAccessorImpl.java:43)
recon_1     | 	at org.apache.hadoop.hdds.scm.protocol.StorageContainerLocationProtocolServerSideTranslatorPB.submitRequest(StorageContainerLocationProtocolServerSideTranslatorPB.java:193)
scm1_1      | 2023-01-12 05:24:56,599 [f98693f9-b2e2-4085-a3fc-32934ea8db14-impl-thread1] INFO storage.RaftStorageDirectory: Lock on /data/metadata/scm-ha/b40a0ffb-806c-459e-acb9-4d43ff37764e/in_use.lock acquired by nodename 13@7f47dfd12ecd
datanode_2  | 	at java.base/java.lang.Thread.run(Thread.java:829)
om1_1       | 2023-01-12 05:26:45,892 [om1-impl-thread1] INFO server.RaftServerConfigKeys: raft.server.log.statemachine.data.read.timeout = 1000ms (default)
datanode_1  | 	at org.apache.hadoop.net.NetUtils.wrapException(NetUtils.java:848)
om2_1       | 2023-01-12 05:26:47,538 [om2-impl-thread1] INFO server.RaftServerConfigKeys: raft.server.log.write.buffer.size = 64KB (=65536) (default)
scm2_1      | 2023-01-12 05:25:25,304 [main] INFO ha.SCMHANodeDetails: Found matching SCM address with SCMServiceId: scmservice, SCMNodeId: scm2, RPC Address: scm2:9894 and Ratis port: 9894
scm2_1      | 2023-01-12 05:25:25,305 [main] INFO ha.SCMHANodeDetails: Setting configuration key ozone.scm.address with value of key ozone.scm.address.scmservice.scm2: scm2
scm2_1      | 2023-01-12 05:25:26,193 [main] WARN utils.HAUtils: ozone.scm.db.dirs is not configured. We recommend adding this setting. Falling back to ozone.metadata.dirs instead.
recon_1     | 	at org.apache.hadoop.hdds.protocol.proto.StorageContainerLocationProtocolProtos$StorageContainerLocationProtocolService$2.callBlockingMethod(StorageContainerLocationProtocolProtos.java:62741)
recon_1     | 	at org.apache.hadoop.ipc.ProtobufRpcEngine$Server.processCall(ProtobufRpcEngine.java:465)
datanode_2  | Caused by: java.net.SocketTimeoutException: 5000 millis timeout while waiting for channel to be ready for read. ch : java.nio.channels.SocketChannel[connected local=/172.18.0.11:39284 remote=scm1/172.18.0.2:9861]
om1_1       | 2023-01-12 05:26:45,898 [om1-impl-thread1] INFO server.RaftServerConfigKeys: raft.server.log.purge.preservation.log.num = 0 (default)
datanode_1  | 	at org.apache.hadoop.ipc.Client.getRpcResponse(Client.java:1616)
datanode_1  | 	at org.apache.hadoop.ipc.Client.call(Client.java:1558)
scm3_1      | STARTUP_MSG:   build = https://github.com/apache/ozone/9d5cfd6934cc6ec34d3c78b99af90888e05f21af ; compiled by 'runner' on 2023-01-12T05:10Z
scm3_1      | STARTUP_MSG:   java = 11.0.14.1
scm2_1      | 2023-01-12 05:25:26,600 [main] WARN db.DBStoreBuilder: ozone.scm.db.dirs is not configured. We recommend adding this setting. Falling back to ozone.metadata.dirs instead.
recon_1     | 	at org.apache.hadoop.ipc.ProtobufRpcEngine2$Server$ProtoBufRpcInvoker.call(ProtobufRpcEngine2.java:578)
scm1_1      | 2023-01-12 05:24:56,729 [f98693f9-b2e2-4085-a3fc-32934ea8db14-impl-thread1] INFO storage.RaftStorage: Storage directory /data/metadata/scm-ha/b40a0ffb-806c-459e-acb9-4d43ff37764e has been successfully formatted.
om3_1       | 2023-01-12 05:26:46,447 [Listener at om3/9862] INFO ratis.OzoneManagerRatisServer: Starting OzoneManagerRatisServer om3 at port 9872
om3_1       | 2023-01-12 05:26:46,460 [om3-impl-thread1] INFO storage.RaftStorageDirectory: The storage directory /data/metadata/ratis/5cb24680-b9e7-3c90-a862-d66704efc61c does not exist. Creating ...
datanode_2  | 	at org.apache.hadoop.net.SocketIOWithTimeout.doIO(SocketIOWithTimeout.java:163)
datanode_1  | 	at org.apache.hadoop.ipc.Client.call(Client.java:1455)
datanode_1  | 	at org.apache.hadoop.ipc.ProtobufRpcEngine$Invoker.invoke(ProtobufRpcEngine.java:235)
scm3_1      | ************************************************************/
s3g_1       | 	at java.base/java.lang.reflect.Method.invoke(Method.java:566)
scm2_1      | 2023-01-12 05:25:27,002 [main] INFO net.NodeSchemaLoader: Loading schema from [file:/etc/hadoop/network-topology-default.xml, jar:file:/opt/hadoop/share/ozone/lib/hdds-common-1.4.0-SNAPSHOT.jar!/network-topology-default.xml]
recon_1     | 	at org.apache.hadoop.ipc.ProtobufRpcEngine2$Server$ProtoBufRpcInvoker.call(ProtobufRpcEngine2.java:556)
scm1_1      | 2023-01-12 05:24:56,769 [f98693f9-b2e2-4085-a3fc-32934ea8db14-impl-thread1] INFO server.RaftServerConfigKeys: raft.server.log.use.memory = false (default)
om3_1       | 2023-01-12 05:26:46,475 [om3-impl-thread1] INFO storage.RaftStorageDirectory: Lock on /data/metadata/ratis/5cb24680-b9e7-3c90-a862-d66704efc61c/in_use.lock acquired by nodename 7@om3
om3_1       | 2023-01-12 05:26:46,560 [om3-impl-thread1] INFO storage.RaftStorage: Storage directory /data/metadata/ratis/5cb24680-b9e7-3c90-a862-d66704efc61c has been successfully formatted.
datanode_2  | 	at org.apache.hadoop.net.SocketInputStream.read(SocketInputStream.java:161)
datanode_1  | 	at org.apache.hadoop.ipc.ProtobufRpcEngine$Invoker.invoke(ProtobufRpcEngine.java:122)
datanode_1  | 	at com.sun.proxy.$Proxy41.submitRequest(Unknown Source)
scm3_1      | 2023-01-12 05:25:39,978 [main] INFO server.StorageContainerManagerStarter: registered UNIX signal handlers for [TERM, HUP, INT]
s3g_1       | 	at org.jboss.weld.injection.StaticMethodInjectionPoint.invoke(StaticMethodInjectionPoint.java:88)
scm2_1      | 2023-01-12 05:25:27,003 [main] INFO net.NodeSchemaLoader: Loading network topology layer schema file
recon_1     | 	at org.apache.hadoop.ipc.RPC$Server.call(RPC.java:1093)
scm1_1      | 2023-01-12 05:24:56,892 [f98693f9-b2e2-4085-a3fc-32934ea8db14-impl-thread1] INFO server.RaftServerConfigKeys: raft.server.log.purge.gap = 1000000 (custom)
datanode_3  | 	at org.apache.hadoop.ozone.container.common.states.endpoint.VersionEndpointTask.call(VersionEndpointTask.java:69)
datanode_3  | 	at org.apache.hadoop.ozone.container.common.states.endpoint.VersionEndpointTask.call(VersionEndpointTask.java:40)
datanode_2  | 	at org.apache.hadoop.net.SocketInputStream.read(SocketInputStream.java:131)
datanode_2  | 	at java.base/java.io.FilterInputStream.read(FilterInputStream.java:133)
datanode_1  | 	at org.apache.hadoop.ozone.protocolPB.StorageContainerDatanodeProtocolClientSideTranslatorPB.submitRequest(StorageContainerDatanodeProtocolClientSideTranslatorPB.java:117)
datanode_1  | 	at org.apache.hadoop.ozone.protocolPB.StorageContainerDatanodeProtocolClientSideTranslatorPB.getVersion(StorageContainerDatanodeProtocolClientSideTranslatorPB.java:133)
scm3_1      | 2023-01-12 05:25:40,022 [main] WARN server.ServerUtils: ozone.scm.db.dirs is not configured. We recommend adding this setting. Falling back to ozone.metadata.dirs instead.
s3g_1       | 	at org.jboss.weld.injection.StaticMethodInjectionPoint.invoke(StaticMethodInjectionPoint.java:78)
scm2_1      | 2023-01-12 05:25:27,073 [main] INFO metrics.MetricRegistries: Loaded MetricRegistries class org.apache.ratis.metrics.impl.MetricRegistriesImpl
recon_1     | 	at org.apache.hadoop.ipc.Server$RpcCall.run(Server.java:1043)
scm1_1      | 2023-01-12 05:24:56,903 [f98693f9-b2e2-4085-a3fc-32934ea8db14-impl-thread1] INFO server.RaftServerConfigKeys: raft.server.log.appender.buffer.byte-limit = 33554432 (custom)
om3_1       | 2023-01-12 05:26:46,579 [om3-impl-thread1] INFO server.RaftServerConfigKeys: raft.server.log.use.memory = false (default)
om3_1       | 2023-01-12 05:26:46,638 [om3-impl-thread1] INFO server.RaftServerConfigKeys: raft.server.log.purge.gap = 1000000 (custom)
datanode_2  | 	at java.base/java.io.BufferedInputStream.fill(BufferedInputStream.java:252)
om1_1       | 2023-01-12 05:26:45,917 [om1-impl-thread1] INFO server.RaftServerConfigKeys: raft.server.log.segment.size.max = 4194304 (custom)
datanode_1  | 	at org.apache.hadoop.ozone.container.common.states.endpoint.VersionEndpointTask.call(VersionEndpointTask.java:69)
om2_1       | 2023-01-12 05:26:47,540 [om2-impl-thread1] INFO server.RaftServerConfigKeys: raft.server.log.appender.buffer.byte-limit = 33554432 (custom)
scm3_1      | 2023-01-12 05:25:40,074 [main] INFO ha.SCMHANodeDetails: ServiceID for StorageContainerManager is null
datanode_1  | 	at org.apache.hadoop.ozone.container.common.states.endpoint.VersionEndpointTask.call(VersionEndpointTask.java:40)
s3g_1       | 	at org.jboss.weld.injection.producer.ProducerMethodProducer.produce(ProducerMethodProducer.java:100)
scm2_1      | 2023-01-12 05:25:27,088 [main] INFO ha.SCMRatisServerImpl: starting Raft server for scm:296a2a14-8256-49c4-bc3a-84aaa5fb66c6
recon_1     | 	at org.apache.hadoop.ipc.Server$RpcCall.run(Server.java:971)
scm1_1      | 2023-01-12 05:24:56,905 [f98693f9-b2e2-4085-a3fc-32934ea8db14-impl-thread1] INFO server.RaftServerConfigKeys: raft.server.log.statemachine.data.read.timeout = 1000ms (default)
om3_1       | 2023-01-12 05:26:46,639 [om3-impl-thread1] INFO server.RaftServerConfigKeys: raft.server.log.appender.buffer.byte-limit = 33554432 (custom)
om3_1       | 2023-01-12 05:26:46,648 [om3-impl-thread1] INFO server.RaftServerConfigKeys: raft.server.log.statemachine.data.read.timeout = 1000ms (default)
datanode_2  | 	at java.base/java.io.BufferedInputStream.read(BufferedInputStream.java:271)
om1_1       | 2023-01-12 05:26:45,942 [om1-impl-thread1] INFO server.RaftServerConfigKeys: raft.server.log.segment.cache.num.max = 2 (custom)
om2_1       | 2023-01-12 05:26:47,621 [om2-impl-thread1] INFO server.RaftServerConfigKeys: raft.server.log.unsafe-flush.enabled = false (default)
scm3_1      | 2023-01-12 05:25:40,097 [main] INFO ha.SCMHANodeDetails: ozone.scm.default.service.id is not defined, falling back to ozone.scm.service.ids to find serviceID for StorageContainerManager if it is HA enabled cluster
scm3_1      | 2023-01-12 05:25:40,135 [main] INFO ha.SCMHANodeDetails: Found matching SCM address with SCMServiceId: scmservice, SCMNodeId: scm3, RPC Address: scm3:9894 and Ratis port: 9894
s3g_1       | 	at org.jboss.weld.injection.producer.AbstractMemberProducer.produce(AbstractMemberProducer.java:161)
scm2_1      | 2023-01-12 05:25:27,189 [main] INFO server.RaftServer: raft.rpc.type = GRPC (default)
recon_1     | 	at java.base/java.security.AccessController.doPrivileged(Native Method)
scm1_1      | 2023-01-12 05:24:56,947 [f98693f9-b2e2-4085-a3fc-32934ea8db14-impl-thread1] INFO server.RaftServerConfigKeys: raft.server.log.purge.preservation.log.num = 0 (default)
om3_1       | 2023-01-12 05:26:46,650 [om3-impl-thread1] INFO server.RaftServerConfigKeys: raft.server.log.purge.preservation.log.num = 0 (default)
datanode_3  | 	at java.base/java.util.concurrent.FutureTask.run(FutureTask.java:264)
datanode_2  | 	at java.base/java.io.FilterInputStream.read(FilterInputStream.java:83)
datanode_2  | 	at java.base/java.io.FilterInputStream.read(FilterInputStream.java:83)
datanode_2  | 	at org.apache.hadoop.ipc.Client$Connection$PingInputStream.read(Client.java:563)
scm3_1      | 2023-01-12 05:25:40,136 [main] INFO ha.SCMHANodeDetails: Setting configuration key ozone.scm.address with value of key ozone.scm.address.scmservice.scm3: scm3
scm3_1      | 2023-01-12 05:25:40,750 [main] WARN utils.HAUtils: ozone.scm.db.dirs is not configured. We recommend adding this setting. Falling back to ozone.metadata.dirs instead.
scm3_1      | 2023-01-12 05:25:40,979 [main] WARN db.DBStoreBuilder: ozone.scm.db.dirs is not configured. We recommend adding this setting. Falling back to ozone.metadata.dirs instead.
scm3_1      | 2023-01-12 05:25:41,311 [main] INFO net.NodeSchemaLoader: Loading schema from [file:/etc/hadoop/network-topology-default.xml, jar:file:/opt/hadoop/share/ozone/lib/hdds-common-1.4.0-SNAPSHOT.jar!/network-topology-default.xml]
s3g_1       | 	at org.jboss.weld.bean.AbstractProducerBean.create(AbstractProducerBean.java:180)
scm1_1      | 2023-01-12 05:24:56,966 [f98693f9-b2e2-4085-a3fc-32934ea8db14-impl-thread1] INFO server.RaftServerConfigKeys: raft.server.log.segment.size.max = 4194304 (custom)
scm1_1      | 2023-01-12 05:24:57,080 [f98693f9-b2e2-4085-a3fc-32934ea8db14-impl-thread1] INFO server.RaftServerConfigKeys: raft.server.log.segment.cache.num.max = 2 (custom)
om2_1       | 2023-01-12 05:26:47,622 [om2-impl-thread1] INFO server.RaftServerConfigKeys: raft.server.log.async-flush.enabled = false (default)
om2_1       | 2023-01-12 05:26:47,625 [om2-impl-thread1] INFO server.RaftServerConfigKeys: raft.server.log.statemachine.data.caching.enabled = false (default)
om2_1       | 2023-01-12 05:26:47,763 [om2-impl-thread1] INFO segmented.SegmentedRaftLogWorker: om2@group-D66704EFC61C-SegmentedRaftLogWorker: flushIndex: setUnconditionally 0 -> -1
om2_1       | 2023-01-12 05:26:47,764 [om2-impl-thread1] INFO segmented.SegmentedRaftLogWorker: om2@group-D66704EFC61C-SegmentedRaftLogWorker: safeCacheEvictIndex: setUnconditionally 0 -> -1
om2_1       | 2023-01-12 05:26:47,790 [om2-impl-thread1] INFO server.RaftServer$Division: om2@group-D66704EFC61C: start as a follower, conf=-1: peers:[om1|rpc:om1:9872|priority:0|startupRole:FOLLOWER, om3|rpc:om3:9872|priority:0|startupRole:FOLLOWER, om2|rpc:om2:9872|priority:0|startupRole:FOLLOWER]|listeners:[], old=null
om2_1       | 2023-01-12 05:26:47,792 [om2-impl-thread1] INFO server.RaftServer$Division: om2@group-D66704EFC61C: changes role from      null to FOLLOWER at term 0 for startAsFollower
om2_1       | 2023-01-12 05:26:47,829 [om2-impl-thread1] INFO impl.RoleInfo: om2: start om2@group-D66704EFC61C-FollowerState
om2_1       | 2023-01-12 05:26:47,836 [om2@group-D66704EFC61C-FollowerState] INFO server.RaftServerConfigKeys: raft.server.rpc.first-election.timeout.min = 5s (fallback to raft.server.rpc.timeout.min)
s3g_1       | 	at org.jboss.weld.context.unbound.DependentContextImpl.get(DependentContextImpl.java:70)
scm1_1      | 2023-01-12 05:24:57,089 [f98693f9-b2e2-4085-a3fc-32934ea8db14-impl-thread1] INFO server.RaftServerConfigKeys: raft.server.log.segment.cache.size.max = 200MB (=209715200) (default)
scm1_1      | 2023-01-12 05:24:57,143 [f98693f9-b2e2-4085-a3fc-32934ea8db14-impl-thread1] INFO segmented.SegmentedRaftLogWorker: new f98693f9-b2e2-4085-a3fc-32934ea8db14@group-4D43FF37764E-SegmentedRaftLogWorker for RaftStorageImpl:Storage Directory /data/metadata/scm-ha/b40a0ffb-806c-459e-acb9-4d43ff37764e
scm1_1      | 2023-01-12 05:24:57,149 [f98693f9-b2e2-4085-a3fc-32934ea8db14-impl-thread1] INFO server.RaftServerConfigKeys: raft.server.log.queue.byte-limit = 64MB (=67108864) (default)
scm1_1      | 2023-01-12 05:24:57,151 [f98693f9-b2e2-4085-a3fc-32934ea8db14-impl-thread1] INFO server.RaftServerConfigKeys: raft.server.log.queue.element-limit = 4096 (default)
om2_1       | 2023-01-12 05:26:47,836 [om2@group-D66704EFC61C-FollowerState] INFO server.RaftServerConfigKeys: raft.server.rpc.first-election.timeout.max = 5200ms (fallback to raft.server.rpc.timeout.max)
om2_1       | 2023-01-12 05:26:47,870 [om2-impl-thread1] INFO util.JmxRegister: Successfully registered JMX Bean with object name Ratis:service=RaftServer,group=group-D66704EFC61C,id=om2
om2_1       | 2023-01-12 05:26:47,897 [om2-impl-thread1] INFO server.RaftServerConfigKeys: raft.server.snapshot.auto.trigger.enabled = true (custom)
om2_1       | 2023-01-12 05:26:47,915 [om2-impl-thread1] INFO server.RaftServerConfigKeys: raft.server.snapshot.auto.trigger.threshold = 400000 (default)
om2_1       | 2023-01-12 05:26:47,922 [om2-impl-thread1] INFO server.RaftServerConfigKeys: raft.server.snapshot.retention.file.num = -1 (default)
datanode_2  | 	at java.base/java.io.DataInputStream.readInt(DataInputStream.java:392)
datanode_2  | 	at org.apache.hadoop.ipc.Client$IpcStreams.readResponse(Client.java:1922)
datanode_2  | 	at org.apache.hadoop.ipc.Client$Connection.receiveRpcResponse(Client.java:1238)
scm3_1      | 2023-01-12 05:25:41,313 [main] INFO net.NodeSchemaLoader: Loading network topology layer schema file
om1_1       | 2023-01-12 05:26:45,946 [om1-impl-thread1] INFO server.RaftServerConfigKeys: raft.server.log.segment.cache.size.max = 200MB (=209715200) (default)
om2_1       | 2023-01-12 05:26:47,931 [om2-impl-thread1] INFO server.RaftServerConfigKeys: raft.server.log.purge.upto.snapshot.index = true (custom)
om2_1       | 2023-01-12 05:26:47,968 [Listener at om2/9862] INFO server.RaftServer: om2: start RPC server
om2_1       | 2023-01-12 05:26:48,010 [Listener at om2/9862] INFO server.GrpcService: om2: GrpcService started, listening on 9872
datanode_3  | 	at java.base/java.util.concurrent.ThreadPoolExecutor.runWorker(ThreadPoolExecutor.java:1128)
datanode_2  | 	at org.apache.hadoop.ipc.Client$Connection.run(Client.java:1134)
scm3_1      | 2023-01-12 05:25:41,421 [main] INFO metrics.MetricRegistries: Loaded MetricRegistries class org.apache.ratis.metrics.impl.MetricRegistriesImpl
om1_1       | 2023-01-12 05:26:46,016 [om1-impl-thread1] INFO segmented.SegmentedRaftLogWorker: new om1@group-D66704EFC61C-SegmentedRaftLogWorker for RaftStorageImpl:Storage Directory /data/metadata/ratis/5cb24680-b9e7-3c90-a862-d66704efc61c
om1_1       | 2023-01-12 05:26:46,023 [om1-impl-thread1] INFO server.RaftServerConfigKeys: raft.server.log.queue.byte-limit = 64MB (=67108864) (default)
om1_1       | 2023-01-12 05:26:46,024 [om1-impl-thread1] INFO server.RaftServerConfigKeys: raft.server.log.queue.element-limit = 4096 (default)
scm2_1      | 2023-01-12 05:25:27,263 [main] INFO grpc.GrpcConfigKeys: raft.grpc.admin.host = null (fallback to raft.grpc.server.host)
datanode_3  | 	at java.base/java.util.concurrent.ThreadPoolExecutor$Worker.run(ThreadPoolExecutor.java:628)
datanode_3  | 	at java.base/java.lang.Thread.run(Thread.java:829)
scm3_1      | 2023-01-12 05:25:41,440 [main] INFO ha.SCMRatisServerImpl: starting Raft server for scm:6ed50f3f-dbc3-40bc-ac36-41c7a78fc7cf
s3g_1       | 	at org.jboss.weld.bean.ContextualInstanceStrategy$DefaultContextualInstanceStrategy.get(ContextualInstanceStrategy.java:100)
s3g_1       | 	at org.jboss.weld.bean.ContextualInstance.get(ContextualInstance.java:50)
s3g_1       | 	at org.jboss.weld.manager.BeanManagerImpl.getReference(BeanManagerImpl.java:785)
scm2_1      | 2023-01-12 05:25:27,265 [main] INFO grpc.GrpcConfigKeys: raft.grpc.admin.port = 9894 (fallback to raft.grpc.server.port)
datanode_3  | Caused by: java.net.SocketTimeoutException: 5000 millis timeout while waiting for channel to be ready for read. ch : java.nio.channels.SocketChannel[connected local=/172.18.0.4:48678 remote=recon/172.18.0.12:9891]
datanode_3  | 	at org.apache.hadoop.net.SocketIOWithTimeout.doIO(SocketIOWithTimeout.java:163)
om3_1       | 2023-01-12 05:26:46,658 [om3-impl-thread1] INFO server.RaftServerConfigKeys: raft.server.log.segment.size.max = 4194304 (custom)
om3_1       | 2023-01-12 05:26:46,687 [om3-impl-thread1] INFO server.RaftServerConfigKeys: raft.server.log.segment.cache.num.max = 2 (custom)
om3_1       | 2023-01-12 05:26:46,688 [om3-impl-thread1] INFO server.RaftServerConfigKeys: raft.server.log.segment.cache.size.max = 200MB (=209715200) (default)
scm1_1      | 2023-01-12 05:24:57,159 [f98693f9-b2e2-4085-a3fc-32934ea8db14-impl-thread1] INFO server.RaftServerConfigKeys: raft.server.log.segment.size.max = 4194304 (custom)
scm3_1      | 2023-01-12 05:25:41,501 [main] INFO server.RaftServer: raft.rpc.type = GRPC (default)
scm2_1      | 2023-01-12 05:25:27,266 [main] INFO grpc.GrpcConfigKeys: raft.grpc.client.host = null (fallback to raft.grpc.server.host)
datanode_3  | 	at org.apache.hadoop.net.SocketInputStream.read(SocketInputStream.java:161)
datanode_2  | 2023-01-12 05:25:21,543 [EndpointStateMachine task thread for scm3/172.18.0.9:9861 - 0 ] INFO ipc.Client: Retrying connect to server: scm3/172.18.0.9:9861. Already tried 13 time(s); retry policy is RetryUpToMaximumCountWithFixedSleep(maxRetries=15, sleepTime=1000 MILLISECONDS)
om3_1       | 2023-01-12 05:26:46,727 [om3-impl-thread1] INFO segmented.SegmentedRaftLogWorker: new om3@group-D66704EFC61C-SegmentedRaftLogWorker for RaftStorageImpl:Storage Directory /data/metadata/ratis/5cb24680-b9e7-3c90-a862-d66704efc61c
scm1_1      | 2023-01-12 05:24:57,163 [f98693f9-b2e2-4085-a3fc-32934ea8db14-impl-thread1] INFO server.RaftServerConfigKeys: raft.server.log.preallocated.size = 4194304 (custom)
recon_1     | 	at java.base/javax.security.auth.Subject.doAs(Subject.java:423)
recon_1     | 	at org.apache.hadoop.security.UserGroupInformation.doAs(UserGroupInformation.java:1878)
scm3_1      | 2023-01-12 05:25:41,571 [main] INFO grpc.GrpcConfigKeys: raft.grpc.admin.host = null (fallback to raft.grpc.server.host)
om2_1       | 2023-01-12 05:26:48,041 [Listener at om2/9862] INFO om.OzoneManager: Version File has different layout version (3) than OM DB (null). That is expected if this OM has never been finalized to a newer layout version.
datanode_1  | 	at java.base/java.util.concurrent.FutureTask.run(FutureTask.java:264)
datanode_1  | 	at java.base/java.util.concurrent.ThreadPoolExecutor.runWorker(ThreadPoolExecutor.java:1128)
datanode_1  | 	at java.base/java.util.concurrent.ThreadPoolExecutor$Worker.run(ThreadPoolExecutor.java:628)
datanode_3  | 	at org.apache.hadoop.net.SocketInputStream.read(SocketInputStream.java:131)
scm2_1      | 2023-01-12 05:25:27,266 [main] INFO grpc.GrpcConfigKeys: raft.grpc.client.port = 9894 (fallback to raft.grpc.server.port)
om3_1       | 2023-01-12 05:26:46,733 [om3-impl-thread1] INFO server.RaftServerConfigKeys: raft.server.log.queue.byte-limit = 64MB (=67108864) (default)
om3_1       | 2023-01-12 05:26:46,736 [om3-impl-thread1] INFO server.RaftServerConfigKeys: raft.server.log.queue.element-limit = 4096 (default)
om3_1       | 2023-01-12 05:26:46,747 [om3-impl-thread1] INFO server.RaftServerConfigKeys: raft.server.log.segment.size.max = 4194304 (custom)
om3_1       | 2023-01-12 05:26:46,750 [om3-impl-thread1] INFO server.RaftServerConfigKeys: raft.server.log.preallocated.size = 4194304 (custom)
scm1_1      | 2023-01-12 05:24:57,163 [f98693f9-b2e2-4085-a3fc-32934ea8db14-impl-thread1] INFO server.RaftServerConfigKeys: raft.server.log.force.sync.num = 128 (default)
om2_1       | 2023-01-12 05:26:48,048 [JvmPauseMonitor0] INFO util.JvmPauseMonitor: JvmPauseMonitor-om2: Started
om2_1       | 2023-01-12 05:26:48,243 [Listener at om2/9862] INFO http.BaseHttpServer: Starting Web-server for ozoneManager at: http://0.0.0.0:9874
om2_1       | 2023-01-12 05:26:48,245 [Listener at om2/9862] INFO http.BaseHttpServer: Hadoop Security Enabled: false Ozone Security Enabled: false Ozone HTTP Security Enabled: false 
datanode_2  | 2023-01-12 05:25:21,557 [EndpointStateMachine task thread for scm2/172.18.0.3:9861 - 0 ] INFO ipc.Client: Retrying connect to server: scm2/172.18.0.3:9861. Already tried 13 time(s); retry policy is RetryUpToMaximumCountWithFixedSleep(maxRetries=15, sleepTime=1000 MILLISECONDS)
datanode_3  | 	at java.base/java.io.FilterInputStream.read(FilterInputStream.java:133)
datanode_3  | 	at java.base/java.io.BufferedInputStream.fill(BufferedInputStream.java:252)
datanode_3  | 	at java.base/java.io.BufferedInputStream.read(BufferedInputStream.java:271)
datanode_3  | 	at java.base/java.io.FilterInputStream.read(FilterInputStream.java:83)
recon_1     | 	at org.apache.hadoop.ipc.Server$Handler.run(Server.java:2976)
scm1_1      | 2023-01-12 05:24:57,170 [f98693f9-b2e2-4085-a3fc-32934ea8db14-impl-thread1] INFO server.RaftServerConfigKeys: raft.server.log.statemachine.data.sync = true (default)
scm3_1      | 2023-01-12 05:25:41,573 [main] INFO grpc.GrpcConfigKeys: raft.grpc.admin.port = 9894 (fallback to raft.grpc.server.port)
om2_1       | 2023-01-12 05:26:48,422 [Listener at om2/9862] INFO util.log: Logging initialized @35414ms to org.eclipse.jetty.util.log.Slf4jLog
datanode_1  | 	at java.base/java.lang.Thread.run(Thread.java:829)
datanode_1  | Caused by: java.net.SocketTimeoutException: 5000 millis timeout while waiting for channel to be ready for read. ch : java.nio.channels.SocketChannel[connected local=/172.18.0.6:56398 remote=scm1/172.18.0.2:9861]
om3_1       | 2023-01-12 05:26:46,764 [om3-impl-thread1] INFO server.RaftServerConfigKeys: raft.server.log.force.sync.num = 128 (default)
om3_1       | 2023-01-12 05:26:46,778 [om3-impl-thread1] INFO server.RaftServerConfigKeys: raft.server.log.statemachine.data.sync = true (default)
scm2_1      | 2023-01-12 05:25:27,267 [main] INFO grpc.GrpcConfigKeys: raft.grpc.server.host = null (default)
recon_1     | , while invoking $Proxy43.submitRequest over nodeId=scm1,nodeAddress=scm1/172.18.0.2:9860 after 3 failover attempts. Trying to failover after sleeping for 2000ms.
scm1_1      | 2023-01-12 05:24:57,170 [f98693f9-b2e2-4085-a3fc-32934ea8db14-impl-thread1] INFO server.RaftServerConfigKeys: raft.server.log.statemachine.data.sync.timeout = 10s (default)
scm1_1      | 2023-01-12 05:24:57,171 [f98693f9-b2e2-4085-a3fc-32934ea8db14-impl-thread1] INFO server.RaftServerConfigKeys: raft.server.log.statemachine.data.sync.timeout.retry = -1 (default)
om2_1       | 2023-01-12 05:26:48,830 [Listener at om2/9862] WARN server.AuthenticationFilter: Unable to initialize FileSignerSecretProvider, falling back to use random secrets. Reason: Could not read signature secret file: /opt/hadoop/hadoop-http-auth-signature-secret
datanode_1  | 	at org.apache.hadoop.net.SocketIOWithTimeout.doIO(SocketIOWithTimeout.java:163)
s3g_1       | 	at org.jboss.weld.manager.BeanManagerImpl.getInjectableReference(BeanManagerImpl.java:885)
om1_1       | 2023-01-12 05:26:46,032 [om1-impl-thread1] INFO server.RaftServerConfigKeys: raft.server.log.segment.size.max = 4194304 (custom)
om1_1       | 2023-01-12 05:26:46,033 [om1-impl-thread1] INFO server.RaftServerConfigKeys: raft.server.log.preallocated.size = 4194304 (custom)
om1_1       | 2023-01-12 05:26:46,046 [om1-impl-thread1] INFO server.RaftServerConfigKeys: raft.server.log.force.sync.num = 128 (default)
om1_1       | 2023-01-12 05:26:46,069 [om1-impl-thread1] INFO server.RaftServerConfigKeys: raft.server.log.statemachine.data.sync = true (default)
om1_1       | 2023-01-12 05:26:46,071 [om1-impl-thread1] INFO server.RaftServerConfigKeys: raft.server.log.statemachine.data.sync.timeout = 10s (default)
scm3_1      | 2023-01-12 05:25:41,573 [main] INFO grpc.GrpcConfigKeys: raft.grpc.client.host = null (fallback to raft.grpc.server.host)
datanode_3  | 	at java.base/java.io.FilterInputStream.read(FilterInputStream.java:83)
om2_1       | 2023-01-12 05:26:48,864 [Listener at om2/9862] INFO http.HttpRequestLog: Http request log for http.requests.ozoneManager is not defined
datanode_1  | 	at org.apache.hadoop.net.SocketInputStream.read(SocketInputStream.java:161)
s3g_1       | 	at org.jboss.weld.injection.FieldInjectionPoint.inject(FieldInjectionPoint.java:92)
om1_1       | 2023-01-12 05:26:46,073 [om1-impl-thread1] INFO server.RaftServerConfigKeys: raft.server.log.statemachine.data.sync.timeout.retry = -1 (default)
recon_1     | 2023-01-12 05:25:22,373 [Listener at 0.0.0.0/9891] INFO retry.RetryInvocationHandler: com.google.protobuf.ServiceException: java.net.ConnectException: Call From 07cc1c5ffbcd/172.18.0.12 to scm2:9860 failed on connection exception: java.net.ConnectException: Connection refused; For more details see:  http://wiki.apache.org/hadoop/ConnectionRefused, while invoking $Proxy43.submitRequest over nodeId=scm2,nodeAddress=scm2/172.18.0.3:9860 after 4 failover attempts. Trying to failover after sleeping for 2000ms.
recon_1     | 2023-01-12 05:25:24,374 [Listener at 0.0.0.0/9891] INFO retry.RetryInvocationHandler: com.google.protobuf.ServiceException: java.net.ConnectException: Call From 07cc1c5ffbcd/172.18.0.12 to scm3:9860 failed on connection exception: java.net.ConnectException: Connection refused; For more details see:  http://wiki.apache.org/hadoop/ConnectionRefused, while invoking $Proxy43.submitRequest over nodeId=scm3,nodeAddress=scm3/172.18.0.9:9860 after 5 failover attempts. Trying to failover after sleeping for 2000ms.
recon_1     | 2023-01-12 05:25:26,604 [Listener at 0.0.0.0/9891] INFO scm.ReconStorageContainerManagerFacade: Obtained 4 pipelines from SCM.
scm1_1      | 2023-01-12 05:24:57,221 [f98693f9-b2e2-4085-a3fc-32934ea8db14-impl-thread1] INFO server.RaftServerConfigKeys: raft.server.log.write.buffer.size = 64KB (=65536) (default)
scm3_1      | 2023-01-12 05:25:41,574 [main] INFO grpc.GrpcConfigKeys: raft.grpc.client.port = 9894 (fallback to raft.grpc.server.port)
datanode_3  | 	at org.apache.hadoop.ipc.Client$Connection$PingInputStream.read(Client.java:563)
om2_1       | 2023-01-12 05:26:48,918 [Listener at om2/9862] INFO http.HttpServer2: Added global filter 'safety' (class=org.apache.hadoop.hdds.server.http.HttpServer2$QuotingInputFilter)
datanode_1  | 	at org.apache.hadoop.net.SocketInputStream.read(SocketInputStream.java:131)
s3g_1       | 	at org.jboss.weld.util.Beans.injectBoundFields(Beans.java:358)
om1_1       | 2023-01-12 05:26:46,137 [om1-impl-thread1] INFO server.RaftServerConfigKeys: raft.server.log.write.buffer.size = 64KB (=65536) (default)
recon_1     | 2023-01-12 05:25:26,605 [Listener at 0.0.0.0/9891] INFO scm.ReconPipelineManager: Recon has 0 pipelines in house.
scm1_1      | 2023-01-12 05:24:57,221 [f98693f9-b2e2-4085-a3fc-32934ea8db14-impl-thread1] INFO server.RaftServerConfigKeys: raft.server.log.appender.buffer.byte-limit = 33554432 (custom)
scm2_1      | 2023-01-12 05:25:27,267 [main] INFO grpc.GrpcConfigKeys: raft.grpc.server.port = 9894 (custom)
om3_1       | 2023-01-12 05:26:46,780 [om3-impl-thread1] INFO server.RaftServerConfigKeys: raft.server.log.statemachine.data.sync.timeout = 10s (default)
om3_1       | 2023-01-12 05:26:46,784 [om3-impl-thread1] INFO server.RaftServerConfigKeys: raft.server.log.statemachine.data.sync.timeout.retry = -1 (default)
om3_1       | 2023-01-12 05:26:46,848 [om3-impl-thread1] INFO server.RaftServerConfigKeys: raft.server.log.write.buffer.size = 64KB (=65536) (default)
om2_1       | 2023-01-12 05:26:48,927 [Listener at om2/9862] INFO http.HttpServer2: Added filter static_user_filter (class=org.apache.hadoop.http.lib.StaticUserWebFilter$StaticUserFilter) to context ozoneManager
om2_1       | 2023-01-12 05:26:48,928 [Listener at om2/9862] INFO http.HttpServer2: Added filter static_user_filter (class=org.apache.hadoop.http.lib.StaticUserWebFilter$StaticUserFilter) to context logs
s3g_1       | 	at org.jboss.weld.util.Beans.injectFieldsAndInitializers(Beans.java:369)
s3g_1       | 	at org.jboss.weld.injection.producer.ResourceInjector$1.proceed(ResourceInjector.java:70)
s3g_1       | 	at org.jboss.weld.injection.InjectionContextImpl.run(InjectionContextImpl.java:48)
s3g_1       | 	at org.jboss.weld.injection.producer.ResourceInjector.inject(ResourceInjector.java:72)
s3g_1       | 	at org.jboss.weld.injection.producer.BasicInjectionTarget.inject(BasicInjectionTarget.java:117)
s3g_1       | 	at org.glassfish.jersey.ext.cdi1x.internal.CdiComponentProvider$InjectionManagerInjectedCdiTarget.inject(CdiComponentProvider.java:665)
s3g_1       | 	at org.jboss.weld.bean.ManagedBean.create(ManagedBean.java:159)
scm3_1      | 2023-01-12 05:25:41,574 [main] INFO grpc.GrpcConfigKeys: raft.grpc.server.host = null (default)
datanode_2  | 2023-01-12 05:25:21,677 [EndpointStateMachine task thread for scm1/172.18.0.2:9861 - 0 ] INFO utils.DatanodeStoreCache: Added db /data/hdds/hdds/CID-b40a0ffb-806c-459e-acb9-4d43ff37764e/DS-aece7091-cc10-4ef1-9213-ce2591ad7b7b/container.db to cache
om1_1       | 2023-01-12 05:26:46,140 [om1-impl-thread1] INFO server.RaftServerConfigKeys: raft.server.log.appender.buffer.byte-limit = 33554432 (custom)
datanode_1  | 	at java.base/java.io.FilterInputStream.read(FilterInputStream.java:133)
om2_1       | 2023-01-12 05:26:48,928 [Listener at om2/9862] INFO http.HttpServer2: Added filter static_user_filter (class=org.apache.hadoop.http.lib.StaticUserWebFilter$StaticUserFilter) to context static
datanode_3  | 	at java.base/java.io.DataInputStream.readInt(DataInputStream.java:392)
scm3_1      | 2023-01-12 05:25:41,575 [main] INFO grpc.GrpcConfigKeys: raft.grpc.server.port = 9894 (custom)
s3g_1       | 	at org.jboss.weld.context.unbound.DependentContextImpl.get(DependentContextImpl.java:70)
om1_1       | 2023-01-12 05:26:46,269 [om1-impl-thread1] INFO server.RaftServerConfigKeys: raft.server.log.unsafe-flush.enabled = false (default)
om1_1       | 2023-01-12 05:26:46,269 [om1-impl-thread1] INFO server.RaftServerConfigKeys: raft.server.log.async-flush.enabled = false (default)
datanode_1  | 	at java.base/java.io.BufferedInputStream.fill(BufferedInputStream.java:252)
om2_1       | 2023-01-12 05:26:49,120 [Listener at om2/9862] INFO http.HttpServer2: Jetty bound to port 9874
om2_1       | 2023-01-12 05:26:49,127 [Listener at om2/9862] INFO server.Server: jetty-9.4.49.v20220914; built: 2022-09-14T01:07:36.601Z; git: 4231a3b2e4cb8548a412a789936d640a97b1aa0a; jvm 11.0.14.1+1-LTS
scm1_1      | 2023-01-12 05:24:57,395 [f98693f9-b2e2-4085-a3fc-32934ea8db14-impl-thread1] INFO server.RaftServerConfigKeys: raft.server.log.unsafe-flush.enabled = false (default)
scm1_1      | 2023-01-12 05:24:57,452 [f98693f9-b2e2-4085-a3fc-32934ea8db14-impl-thread1] INFO server.RaftServerConfigKeys: raft.server.log.async-flush.enabled = false (default)
scm1_1      | 2023-01-12 05:24:57,454 [f98693f9-b2e2-4085-a3fc-32934ea8db14-impl-thread1] INFO server.RaftServerConfigKeys: raft.server.log.statemachine.data.caching.enabled = false (default)
datanode_3  | 	at org.apache.hadoop.ipc.Client$IpcStreams.readResponse(Client.java:1922)
scm3_1      | 2023-01-12 05:25:41,575 [main] INFO server.GrpcService: raft.grpc.message.size.max = 32m (=33554432) (custom)
s3g_1       | 	at org.jboss.weld.bean.ContextualInstanceStrategy$DefaultContextualInstanceStrategy.get(ContextualInstanceStrategy.java:100)
om1_1       | 2023-01-12 05:26:46,274 [om1-impl-thread1] INFO server.RaftServerConfigKeys: raft.server.log.statemachine.data.caching.enabled = false (default)
datanode_2  | 2023-01-12 05:25:21,679 [EndpointStateMachine task thread for scm1/172.18.0.2:9861 - 0 ] INFO volume.HddsVolume: SchemaV3 db is created and loaded at /data/hdds/hdds/CID-b40a0ffb-806c-459e-acb9-4d43ff37764e/DS-aece7091-cc10-4ef1-9213-ce2591ad7b7b/container.db for volume DS-aece7091-cc10-4ef1-9213-ce2591ad7b7b
datanode_1  | 	at java.base/java.io.BufferedInputStream.read(BufferedInputStream.java:271)
datanode_1  | 	at java.base/java.io.FilterInputStream.read(FilterInputStream.java:83)
datanode_1  | 	at java.base/java.io.FilterInputStream.read(FilterInputStream.java:83)
datanode_1  | 	at org.apache.hadoop.ipc.Client$Connection$PingInputStream.read(Client.java:563)
datanode_1  | 	at java.base/java.io.DataInputStream.readInt(DataInputStream.java:392)
recon_1     | 2023-01-12 05:25:26,607 [Listener at 0.0.0.0/9891] INFO scm.ReconPipelineManager: Adding new pipeline PipelineID=7b2ccc1c-57aa-4786-a2ba-0da58dd390a6 from SCM.
datanode_3  | 	at org.apache.hadoop.ipc.Client$Connection.receiveRpcResponse(Client.java:1238)
scm3_1      | 2023-01-12 05:25:41,578 [main] INFO server.RaftServerConfigKeys: raft.server.log.appender.buffer.byte-limit = 33554432 (custom)
scm3_1      | 2023-01-12 05:25:41,579 [main] INFO server.GrpcService: raft.grpc.flow.control.window = 1MB (=1048576) (default)
s3g_1       | 	at org.jboss.weld.bean.ContextualInstance.get(ContextualInstance.java:50)
om1_1       | 2023-01-12 05:26:46,320 [om1-impl-thread1] INFO segmented.SegmentedRaftLogWorker: om1@group-D66704EFC61C-SegmentedRaftLogWorker: flushIndex: setUnconditionally 0 -> -1
datanode_2  | 2023-01-12 05:25:21,681 [EndpointStateMachine task thread for scm1/172.18.0.2:9861 - 0 ] INFO ozoneimpl.OzoneContainer: Attempting to start container services.
datanode_2  | 2023-01-12 05:25:21,688 [EndpointStateMachine task thread for scm1/172.18.0.2:9861 - 0 ] INFO ozoneimpl.OzoneContainer: Scheduled background container scanners and the on-demand container scanner have been disabled.
scm1_1      | 2023-01-12 05:24:57,584 [f98693f9-b2e2-4085-a3fc-32934ea8db14-impl-thread1] INFO segmented.SegmentedRaftLogWorker: f98693f9-b2e2-4085-a3fc-32934ea8db14@group-4D43FF37764E-SegmentedRaftLogWorker: flushIndex: setUnconditionally 0 -> -1
scm1_1      | 2023-01-12 05:24:57,585 [f98693f9-b2e2-4085-a3fc-32934ea8db14-impl-thread1] INFO segmented.SegmentedRaftLogWorker: f98693f9-b2e2-4085-a3fc-32934ea8db14@group-4D43FF37764E-SegmentedRaftLogWorker: safeCacheEvictIndex: setUnconditionally 0 -> -1
datanode_1  | 	at org.apache.hadoop.ipc.Client$IpcStreams.readResponse(Client.java:1922)
recon_1     | 2023-01-12 05:25:26,648 [Listener at 0.0.0.0/9891] INFO pipeline.PipelineStateManagerImpl: Created pipeline Pipeline[ Id: 7b2ccc1c-57aa-4786-a2ba-0da58dd390a6, Nodes: f23956f4-f232-4ae2-8f3e-cd8efc9f95bf(ozone-ha_datanode_1.ozone-ha_default/172.18.0.6)34efb4e4-4ba1-4b8b-9eea-b948a0e8a25b(ozone-ha_datanode_2.ozone-ha_default/172.18.0.11)cefdd7f0-5c68-4866-b1db-ab1e8bc5045a(ozone-ha_datanode_3.ozone-ha_default/172.18.0.4), ReplicationConfig: RATIS/THREE, State:ALLOCATED, leaderId:, CreationTimestamp2023-01-12T05:25:23.439Z[UTC]].
recon_1     | 2023-01-12 05:25:26,659 [Listener at 0.0.0.0/9891] INFO scm.ReconPipelineManager: Adding new pipeline PipelineID=cd62190c-0472-48bc-9601-9e784e6bba4e from SCM.
datanode_3  | 	at org.apache.hadoop.ipc.Client$Connection.run(Client.java:1134)
scm3_1      | 2023-01-12 05:25:41,580 [main] INFO server.RaftServerConfigKeys: raft.server.rpc.request.timeout = 30000ms (custom)
scm3_1      | 2023-01-12 05:25:41,592 [main] INFO grpc.GrpcConfigKeys: raft.grpc.server.heartbeat.channel = true (default)
om1_1       | 2023-01-12 05:26:46,320 [om1-impl-thread1] INFO segmented.SegmentedRaftLogWorker: om1@group-D66704EFC61C-SegmentedRaftLogWorker: safeCacheEvictIndex: setUnconditionally 0 -> -1
om1_1       | 2023-01-12 05:26:46,333 [om1-impl-thread1] INFO server.RaftServer$Division: om1@group-D66704EFC61C: start as a follower, conf=-1: peers:[om1|rpc:om1:9872|priority:0|startupRole:FOLLOWER, om3|rpc:om3:9872|priority:0|startupRole:FOLLOWER, om2|rpc:om2:9872|priority:0|startupRole:FOLLOWER]|listeners:[], old=null
om1_1       | 2023-01-12 05:26:46,334 [om1-impl-thread1] INFO server.RaftServer$Division: om1@group-D66704EFC61C: changes role from      null to FOLLOWER at term 0 for startAsFollower
om1_1       | 2023-01-12 05:26:46,343 [om1-impl-thread1] INFO impl.RoleInfo: om1: start om1@group-D66704EFC61C-FollowerState
om1_1       | 2023-01-12 05:26:46,352 [om1@group-D66704EFC61C-FollowerState] INFO server.RaftServerConfigKeys: raft.server.rpc.first-election.timeout.min = 5s (fallback to raft.server.rpc.timeout.min)
datanode_1  | 	at org.apache.hadoop.ipc.Client$Connection.receiveRpcResponse(Client.java:1238)
recon_1     | 2023-01-12 05:25:26,662 [Listener at 0.0.0.0/9891] INFO pipeline.PipelineStateManagerImpl: Created pipeline Pipeline[ Id: cd62190c-0472-48bc-9601-9e784e6bba4e, Nodes: 34efb4e4-4ba1-4b8b-9eea-b948a0e8a25b(ozone-ha_datanode_2.ozone-ha_default/172.18.0.11), ReplicationConfig: RATIS/ONE, State:ALLOCATED, leaderId:, CreationTimestamp2023-01-12T05:25:23.217Z[UTC]].
recon_1     | 2023-01-12 05:25:26,663 [Listener at 0.0.0.0/9891] INFO scm.ReconPipelineManager: Adding new pipeline PipelineID=3e9abc36-6d7f-4b91-a5f9-0ee7b13ecddc from SCM.
