om2_1       | 2023-01-12 05:26:47,356 [om2-impl-thread1] INFO server.RaftServerConfigKeys: raft.server.log.appender.buffer.byte-limit = 33554432 (custom)
datanode_1  | 	at org.apache.hadoop.ipc.Client$IpcStreams.readResponse(Client.java:1922)
scm1_1      | 2023-01-12 05:24:55,394 [pool-2-thread-1] INFO server.RaftServerConfigKeys: raft.server.rpc.timeout.min = 5000ms (custom)
scm2_1      | 2023-01-12 05:25:23,517 [main] INFO server.StorageContainerManager: SCM BootStrap  is successful for ClusterID CID-b40a0ffb-806c-459e-acb9-4d43ff37764e, SCMID 296a2a14-8256-49c4-bc3a-84aaa5fb66c6
datanode_2  | 	at java.base/jdk.internal.reflect.NativeConstructorAccessorImpl.newInstance(NativeConstructorAccessorImpl.java:62)
om3_1       | 2023-01-12 05:26:40,321 [om3-NettyServerStreamRpc-bossGroup--thread1] INFO logging.LoggingHandler: [id: 0x377e89f4] BIND: 0.0.0.0/0.0.0.0:0
om3_1       | 2023-01-12 05:26:40,339 [om3-NettyServerStreamRpc-bossGroup--thread1] INFO logging.LoggingHandler: [id: 0x377e89f4, L:/0.0.0.0:39727] ACTIVE
om1_1       | 2023-01-12 05:26:39,766 [pool-26-thread-1] INFO server.RaftServerConfigKeys: raft.server.rpc.sleep.time = 25ms (default)
s3g_1       | 2023-01-12 05:34:16,542 [qtp384515747-19] INFO rpc.RpcClient: Creating Bucket: s3v/bucket-ozone-test-7498891659, with server-side default bucket layout, dlfknslnfslf as owner, Versioning false, Storage Type set to DISK and Encryption set to false 
datanode_3  | 2023-01-12 05:25:13,520 [EndpointStateMachine task thread for scm1/172.18.0.2:9861 - 0 ] INFO ipc.Client: Retrying connect to server: scm1/172.18.0.2:9861. Already tried 6 time(s); retry policy is RetryUpToMaximumCountWithFixedSleep(maxRetries=15, sleepTime=1000 MILLISECONDS)
recon_1     | 2023-01-12 05:25:10,766 [Listener at 0.0.0.0/9891] INFO handler.ContextHandler: Started o.e.j.s.ServletContextHandler@2fd39436{logs,/logs,file:///var/log/hadoop/,AVAILABLE}
om2_1       | 2023-01-12 05:26:47,372 [om2-impl-thread1] INFO server.RaftServerConfigKeys: raft.server.log.statemachine.data.read.timeout = 1000ms (default)
om2_1       | 2023-01-12 05:26:47,378 [om2-impl-thread1] INFO server.RaftServerConfigKeys: raft.server.log.purge.preservation.log.num = 0 (default)
scm1_1      | 2023-01-12 05:24:55,395 [pool-2-thread-1] INFO server.RaftServerConfigKeys: raft.server.rpc.timeout.max = 5200ms (custom)
scm1_1      | 2023-01-12 05:24:55,402 [pool-2-thread-1] INFO server.RaftServerConfigKeys: raft.server.rpc.sleep.time = 25ms (default)
datanode_2  | 	at java.base/jdk.internal.reflect.DelegatingConstructorAccessorImpl.newInstance(DelegatingConstructorAccessorImpl.java:45)
om3_1       | 2023-01-12 05:26:40,476 [pool-26-thread-1] INFO server.RaftServer$Division: om3: new RaftServerImpl for group-D66704EFC61C:[om1|rpc:om1:9872|priority:0|startupRole:FOLLOWER, om3|rpc:om3:9872|priority:0|startupRole:FOLLOWER, om2|rpc:om2:9872|priority:0|startupRole:FOLLOWER] with OzoneManagerStateMachine:uninitialized
om3_1       | 2023-01-12 05:26:40,486 [pool-26-thread-1] INFO server.RaftServerConfigKeys: raft.server.rpc.timeout.min = 5s (custom)
om1_1       | 2023-01-12 05:26:39,767 [pool-26-thread-1] INFO server.RaftServerConfigKeys: raft.server.rpc.slowness.timeout = 120s (custom)
s3g_1       | 2023-01-12 05:34:17,284 [qtp384515747-19] INFO rpc.RpcClient: Creating Bucket: s3v/ozone-test-qwhhyijwyi, with server-side default bucket layout, dlfknslnfslf as owner, Versioning false, Storage Type set to DISK and Encryption set to false 
datanode_3  | 2023-01-12 05:25:14,517 [EndpointStateMachine task thread for scm3/172.18.0.9:9861 - 0 ] INFO ipc.Client: Retrying connect to server: scm3/172.18.0.9:9861. Already tried 7 time(s); retry policy is RetryUpToMaximumCountWithFixedSleep(maxRetries=15, sleepTime=1000 MILLISECONDS)
recon_1     | 2023-01-12 05:25:10,767 [Listener at 0.0.0.0/9891] INFO handler.ContextHandler: Started o.e.j.s.ServletContextHandler@251d7fdd{static,/static,jar:file:/opt/hadoop/share/ozone/lib/ozone-recon-1.4.0-SNAPSHOT.jar!/webapps/static,AVAILABLE}
datanode_1  | 	at org.apache.hadoop.ipc.Client$Connection.receiveRpcResponse(Client.java:1238)
om2_1       | 2023-01-12 05:26:47,397 [om2-impl-thread1] INFO server.RaftServerConfigKeys: raft.server.log.segment.size.max = 4194304 (custom)
scm2_1      | 2023-01-12 05:25:23,517 [main] INFO server.StorageContainerManager: Primary SCM Node ID f98693f9-b2e2-4085-a3fc-32934ea8db14
scm2_1      | 2023-01-12 05:25:23,527 [shutdown-hook-0] INFO server.StorageContainerManagerStarter: SHUTDOWN_MSG: 
datanode_2  | 	at java.base/java.lang.reflect.Constructor.newInstance(Constructor.java:490)
om3_1       | 2023-01-12 05:26:40,501 [pool-26-thread-1] INFO server.RaftServerConfigKeys: raft.server.rpc.timeout.max = 5200ms (custom)
om3_1       | 2023-01-12 05:26:40,502 [pool-26-thread-1] INFO server.RaftServerConfigKeys: raft.server.rpc.sleep.time = 25ms (default)
om1_1       | 2023-01-12 05:26:39,767 [pool-26-thread-1] INFO server.RaftServerConfigKeys: raft.server.leaderelection.leader.step-down.wait-time = 10s (default)
s3g_1       | 2023-01-12 05:34:20,159 [qtp384515747-18] INFO rpc.RpcClient: Creating Bucket: s3v/bucket-ufntzifvoh, with server-side default bucket layout, dlfknslnfslf as owner, Versioning false, Storage Type set to DISK and Encryption set to false 
datanode_3  | 2023-01-12 05:25:14,520 [EndpointStateMachine task thread for scm2/172.18.0.3:9861 - 0 ] INFO ipc.Client: Retrying connect to server: scm2/172.18.0.3:9861. Already tried 7 time(s); retry policy is RetryUpToMaximumCountWithFixedSleep(maxRetries=15, sleepTime=1000 MILLISECONDS)
datanode_3  | 2023-01-12 05:25:14,520 [EndpointStateMachine task thread for scm1/172.18.0.2:9861 - 0 ] INFO ipc.Client: Retrying connect to server: scm1/172.18.0.2:9861. Already tried 7 time(s); retry policy is RetryUpToMaximumCountWithFixedSleep(maxRetries=15, sleepTime=1000 MILLISECONDS)
datanode_3  | 2023-01-12 05:25:15,518 [EndpointStateMachine task thread for scm3/172.18.0.9:9861 - 0 ] INFO ipc.Client: Retrying connect to server: scm3/172.18.0.9:9861. Already tried 8 time(s); retry policy is RetryUpToMaximumCountWithFixedSleep(maxRetries=15, sleepTime=1000 MILLISECONDS)
datanode_1  | 	at org.apache.hadoop.ipc.Client$Connection.run(Client.java:1134)
datanode_1  | 2023-01-12 05:25:15,685 [EndpointStateMachine task thread for scm3/172.18.0.9:9861 - 0 ] INFO ipc.Client: Retrying connect to server: scm3/172.18.0.9:9861. Already tried 7 time(s); retry policy is RetryUpToMaximumCountWithFixedSleep(maxRetries=15, sleepTime=1000 MILLISECONDS)
recon_1     | 2023-01-12 05:25:14,140 [Listener at 0.0.0.0/9891] INFO handler.ContextHandler: Started o.e.j.w.WebAppContext@dc3eda6{recon,/,file:///tmp/jetty-0_0_0_0-9888-ozone-recon-1_4_0-SNAPSHOT_jar-_-any-10542295327182920073/webapp/,AVAILABLE}{jar:file:/opt/hadoop/share/ozone/lib/ozone-recon-1.4.0-SNAPSHOT.jar!/webapps/recon}
datanode_2  | 	at org.apache.hadoop.net.NetUtils.wrapWithMessage(NetUtils.java:913)
scm3_1      | 2023-01-12 05:25:36,001 [main] INFO ha.SCMHANodeDetails: Setting configuration key ozone.scm.address with value of key ozone.scm.address.scmservice.scm3: scm3
scm3_1      | 2023-01-12 05:25:36,314 [main] INFO proxy.SCMBlockLocationFailoverProxyProvider: Created block location fail-over proxy with 2 nodes: [nodeId=scm2,nodeAddress=scm2/172.18.0.3:9863, nodeId=scm1,nodeAddress=scm1/172.18.0.2:9863]
om1_1       | 2023-01-12 05:26:39,768 [pool-26-thread-1] INFO server.RaftServerConfigKeys: raft.server.sleep.deviation.threshold = 300ms (default)
om1_1       | 2023-01-12 05:26:39,822 [pool-26-thread-1] INFO server.RaftServer$Division: om1@group-D66704EFC61C: ConfigurationManager, init=-1: peers:[om1|rpc:om1:9872|priority:0|startupRole:FOLLOWER, om3|rpc:om3:9872|priority:0|startupRole:FOLLOWER, om2|rpc:om2:9872|priority:0|startupRole:FOLLOWER]|listeners:[], old=null, confs=<EMPTY_MAP>
om1_1       | 2023-01-12 05:26:39,823 [pool-26-thread-1] INFO server.RaftServerConfigKeys: raft.server.storage.dir = [/data/metadata/ratis] (custom)
om1_1       | 2023-01-12 05:26:39,985 [pool-26-thread-1] INFO server.RaftServerConfigKeys: raft.server.log.corruption.policy = EXCEPTION (default)
om1_1       | 2023-01-12 05:26:39,991 [pool-26-thread-1] INFO server.RaftServerConfigKeys: raft.server.storage.free-space.min = 0MB (=0) (default)
om1_1       | 2023-01-12 05:26:40,161 [pool-26-thread-1] INFO server.RaftServerConfigKeys: raft.server.notification.no-leader.timeout = 120s (custom)
om1_1       | 2023-01-12 05:26:40,220 [pool-26-thread-1] INFO server.RaftServerConfigKeys: raft.server.retrycache.expirytime = 300s (custom)
recon_1     | 2023-01-12 05:25:14,164 [Listener at 0.0.0.0/9891] INFO server.AbstractConnector: Started ServerConnector@66f16742{HTTP/1.1, (http/1.1)}{0.0.0.0:9888}
recon_1     | 2023-01-12 05:25:14,164 [Listener at 0.0.0.0/9891] INFO server.Server: Started @38368ms
recon_1     | 2023-01-12 05:25:14,171 [Listener at 0.0.0.0/9891] INFO impl.MetricsSinkAdapter: Sink prometheus started
recon_1     | 2023-01-12 05:25:14,171 [Listener at 0.0.0.0/9891] INFO impl.MetricsSystemImpl: Registered sink prometheus
om1_1       | 2023-01-12 05:26:40,220 [pool-26-thread-1] INFO server.RaftServerConfigKeys: raft.server.retrycache.statistics.expirytime = 100?s (default)
scm2_1      | /************************************************************
scm2_1      | SHUTDOWN_MSG: Shutting down StorageContainerManager at f2edb4bd00ab/172.18.0.3
scm2_1      | ************************************************************/
scm1_1      | 2023-01-12 05:24:55,403 [pool-2-thread-1] INFO server.RaftServerConfigKeys: raft.server.rpc.slowness.timeout = 120000ms (custom)
scm1_1      | 2023-01-12 05:24:55,427 [pool-2-thread-1] INFO server.RaftServerConfigKeys: raft.server.leaderelection.leader.step-down.wait-time = 10s (default)
s3g_1       | 2023-01-12 05:34:31,999 [qtp384515747-20] INFO rpc.RpcClient: Creating Bucket: s3v/bucket-ozone-test-7112304483, with server-side default bucket layout, dlfknslnfslf as owner, Versioning false, Storage Type set to DISK and Encryption set to false 
scm3_1      | 2023-01-12 05:25:37,003 [main] INFO server.StorageContainerManager: SCM BootStrap  is successful for ClusterID CID-b40a0ffb-806c-459e-acb9-4d43ff37764e, SCMID 6ed50f3f-dbc3-40bc-ac36-41c7a78fc7cf
scm3_1      | 2023-01-12 05:25:37,003 [main] INFO server.StorageContainerManager: Primary SCM Node ID f98693f9-b2e2-4085-a3fc-32934ea8db14
scm3_1      | 2023-01-12 05:25:37,009 [shutdown-hook-0] INFO server.StorageContainerManagerStarter: SHUTDOWN_MSG: 
datanode_2  | 	at org.apache.hadoop.net.NetUtils.wrapException(NetUtils.java:848)
om1_1       | 2023-01-12 05:26:40,921 [pool-26-thread-1] INFO server.RaftServerConfigKeys: raft.server.log.appender.install.snapshot.enabled = false (custom)
scm2_1      | No '-XX:...' jvm parameters are set. Adding safer GC settings '-XX:ParallelGCThreads=8 -XX:+UseConcMarkSweepGC -XX:CMSInitiatingOccupancyFraction=70 -XX:+CMSParallelRemarkEnabled' to the OZONE_OPTS
scm2_1      | OpenJDK 64-Bit Server VM warning: Option UseConcMarkSweepGC was deprecated in version 9.0 and will likely be removed in a future release.
datanode_1  | 2023-01-12 05:25:15,686 [EndpointStateMachine task thread for scm1/172.18.0.2:9861 - 0 ] INFO ipc.Client: Retrying connect to server: scm1/172.18.0.2:9861. Already tried 7 time(s); retry policy is RetryUpToMaximumCountWithFixedSleep(maxRetries=15, sleepTime=1000 MILLISECONDS)
datanode_1  | 2023-01-12 05:25:15,687 [EndpointStateMachine task thread for scm2/172.18.0.3:9861 - 0 ] INFO ipc.Client: Retrying connect to server: scm2/172.18.0.3:9861. Already tried 7 time(s); retry policy is RetryUpToMaximumCountWithFixedSleep(maxRetries=15, sleepTime=1000 MILLISECONDS)
datanode_1  | 2023-01-12 05:25:16,686 [EndpointStateMachine task thread for scm3/172.18.0.9:9861 - 0 ] INFO ipc.Client: Retrying connect to server: scm3/172.18.0.9:9861. Already tried 8 time(s); retry policy is RetryUpToMaximumCountWithFixedSleep(maxRetries=15, sleepTime=1000 MILLISECONDS)
scm1_1      | 2023-01-12 05:24:55,432 [pool-2-thread-1] INFO server.RaftServerConfigKeys: raft.server.sleep.deviation.threshold = 300ms (default)
om3_1       | 2023-01-12 05:26:40,502 [pool-26-thread-1] INFO server.RaftServerConfigKeys: raft.server.rpc.slowness.timeout = 120s (custom)
om3_1       | 2023-01-12 05:26:40,502 [pool-26-thread-1] INFO server.RaftServerConfigKeys: raft.server.leaderelection.leader.step-down.wait-time = 10s (default)
om3_1       | 2023-01-12 05:26:40,503 [pool-26-thread-1] INFO server.RaftServerConfigKeys: raft.server.sleep.deviation.threshold = 300ms (default)
om3_1       | 2023-01-12 05:26:40,511 [main] INFO om.OzoneManager: Creating RPC Server
om1_1       | 2023-01-12 05:26:40,932 [pool-26-thread-1] INFO server.RaftServerConfigKeys: raft.server.threadpool.server.cached = true (default)
om2_1       | 2023-01-12 05:26:47,416 [om2-impl-thread1] INFO server.RaftServerConfigKeys: raft.server.log.segment.cache.num.max = 2 (custom)
om2_1       | 2023-01-12 05:26:47,416 [om2-impl-thread1] INFO server.RaftServerConfigKeys: raft.server.log.segment.cache.size.max = 200MB (=209715200) (default)
om2_1       | 2023-01-12 05:26:47,440 [om2-impl-thread1] INFO segmented.SegmentedRaftLogWorker: new om2@group-D66704EFC61C-SegmentedRaftLogWorker for RaftStorageImpl:Storage Directory /data/metadata/ratis/5cb24680-b9e7-3c90-a862-d66704efc61c
datanode_3  | 2023-01-12 05:25:15,520 [EndpointStateMachine task thread for scm2/172.18.0.3:9861 - 0 ] INFO ipc.Client: Retrying connect to server: scm2/172.18.0.3:9861. Already tried 8 time(s); retry policy is RetryUpToMaximumCountWithFixedSleep(maxRetries=15, sleepTime=1000 MILLISECONDS)
datanode_3  | 2023-01-12 05:25:15,521 [EndpointStateMachine task thread for scm1/172.18.0.2:9861 - 0 ] INFO ipc.Client: Retrying connect to server: scm1/172.18.0.2:9861. Already tried 8 time(s); retry policy is RetryUpToMaximumCountWithFixedSleep(maxRetries=15, sleepTime=1000 MILLISECONDS)
datanode_3  | 2023-01-12 05:25:15,554 [EndpointStateMachine task thread for recon/172.18.0.12:9891 - 0 ] WARN statemachine.EndpointStateMachine: Unable to communicate to Recon server at recon:9891 for past 0 seconds.
om3_1       | 2023-01-12 05:26:40,570 [pool-26-thread-1] INFO server.RaftServer$Division: om3@group-D66704EFC61C: ConfigurationManager, init=-1: peers:[om1|rpc:om1:9872|priority:0|startupRole:FOLLOWER, om3|rpc:om3:9872|priority:0|startupRole:FOLLOWER, om2|rpc:om2:9872|priority:0|startupRole:FOLLOWER]|listeners:[], old=null, confs=<EMPTY_MAP>
om3_1       | 2023-01-12 05:26:40,580 [pool-26-thread-1] INFO server.RaftServerConfigKeys: raft.server.storage.dir = [/data/metadata/ratis] (custom)
om3_1       | 2023-01-12 05:26:40,639 [pool-26-thread-1] INFO server.RaftServerConfigKeys: raft.server.log.corruption.policy = EXCEPTION (default)
datanode_2  | 	at org.apache.hadoop.ipc.Client.getRpcResponse(Client.java:1616)
om1_1       | 2023-01-12 05:26:40,934 [pool-26-thread-1] INFO server.RaftServerConfigKeys: raft.server.threadpool.server.size = 0 (default)
om1_1       | 2023-01-12 05:26:40,938 [pool-26-thread-1] INFO server.RaftServerConfigKeys: raft.server.threadpool.client.cached = true (default)
om1_1       | 2023-01-12 05:26:40,941 [pool-26-thread-1] INFO server.RaftServerConfigKeys: raft.server.threadpool.client.size = 0 (default)
s3g_1       | 2023-01-12 05:34:32,941 [qtp384515747-20] INFO rpc.RpcClient: Creating Bucket: s3v/bucket-ozone-test-3900182019, with server-side default bucket layout, dlfknslnfslf as owner, Versioning false, Storage Type set to DISK and Encryption set to false 
om3_1       | 2023-01-12 05:26:40,642 [pool-26-thread-1] INFO server.RaftServerConfigKeys: raft.server.storage.free-space.min = 0MB (=0) (default)
datanode_2  | 	at org.apache.hadoop.ipc.Client.call(Client.java:1558)
datanode_2  | 	at org.apache.hadoop.ipc.Client.call(Client.java:1455)
scm2_1      | 2023-01-12 05:25:25,170 [main] INFO server.StorageContainerManagerStarter: STARTUP_MSG: 
scm2_1      | /************************************************************
om2_1       | 2023-01-12 05:26:47,444 [om2-impl-thread1] INFO server.RaftServerConfigKeys: raft.server.log.queue.byte-limit = 64MB (=67108864) (default)
om2_1       | 2023-01-12 05:26:47,445 [om2-impl-thread1] INFO server.RaftServerConfigKeys: raft.server.log.queue.element-limit = 4096 (default)
scm3_1      | /************************************************************
scm3_1      | SHUTDOWN_MSG: Shutting down StorageContainerManager at 7d0c64aff313/172.18.0.9
scm3_1      | ************************************************************/
scm3_1      | No '-XX:...' jvm parameters are set. Adding safer GC settings '-XX:ParallelGCThreads=8 -XX:+UseConcMarkSweepGC -XX:CMSInitiatingOccupancyFraction=70 -XX:+CMSParallelRemarkEnabled' to the OZONE_OPTS
om3_1       | 2023-01-12 05:26:40,704 [pool-26-thread-1] INFO server.RaftServerConfigKeys: raft.server.notification.no-leader.timeout = 120s (custom)
s3g_1       | 2023-01-12 05:34:33,875 [qtp384515747-20] INFO rpc.RpcClient: Creating Bucket: s3v/bucket-ozone-test-3726753216, with server-side default bucket layout, dlfknslnfslf as owner, Versioning false, Storage Type set to DISK and Encryption set to false 
s3g_1       | 2023-01-12 05:34:34,774 [qtp384515747-16] INFO rpc.RpcClient: Creating Bucket: s3v/bucket-ozone-test-3726753216, with server-side default bucket layout, dlfknslnfslf as owner, Versioning false, Storage Type set to DISK and Encryption set to false 
scm3_1      | OpenJDK 64-Bit Server VM warning: Option UseConcMarkSweepGC was deprecated in version 9.0 and will likely be removed in a future release.
scm1_1      | 2023-01-12 05:24:55,483 [pool-2-thread-1] INFO server.RaftServer$Division: f98693f9-b2e2-4085-a3fc-32934ea8db14@group-4D43FF37764E: ConfigurationManager, init=-1: peers:[f98693f9-b2e2-4085-a3fc-32934ea8db14|rpc:scm1:9894|priority:0|startupRole:FOLLOWER]|listeners:[], old=null, confs=<EMPTY_MAP>
scm1_1      | 2023-01-12 05:24:55,518 [pool-2-thread-1] INFO server.RaftServerConfigKeys: raft.server.storage.dir = [/data/metadata/scm-ha] (custom)
scm1_1      | 2023-01-12 05:24:55,592 [pool-2-thread-1] INFO server.RaftServerConfigKeys: raft.server.log.corruption.policy = EXCEPTION (default)
scm1_1      | 2023-01-12 05:24:55,593 [pool-2-thread-1] INFO server.RaftServerConfigKeys: raft.server.storage.free-space.min = 0MB (=0) (default)
scm1_1      | 2023-01-12 05:24:55,779 [pool-2-thread-1] INFO server.RaftServerConfigKeys: raft.server.notification.no-leader.timeout = 60s (default)
om3_1       | 2023-01-12 05:26:40,729 [pool-26-thread-1] INFO server.RaftServerConfigKeys: raft.server.retrycache.expirytime = 300s (custom)
s3g_1       | 2023-01-12 05:34:37,028 [qtp384515747-16] INFO rpc.RpcClient: Creating Bucket: s3v/bucket-ozone-test-5026327384, with server-side default bucket layout, dlfknslnfslf as owner, Versioning false, Storage Type set to DISK and Encryption set to false 
s3g_1       | 2023-01-12 05:34:45,354 [qtp384515747-16] INFO rpc.RpcClient: Creating Bucket: s3v/bucket-ozone-test-7662104206, with server-side default bucket layout, dlfknslnfslf as owner, Versioning false, Storage Type set to DISK and Encryption set to false 
scm3_1      | 2023-01-12 05:25:39,970 [main] INFO server.StorageContainerManagerStarter: STARTUP_MSG: 
datanode_1  | 2023-01-12 05:25:16,687 [EndpointStateMachine task thread for scm2/172.18.0.3:9861 - 0 ] INFO ipc.Client: Retrying connect to server: scm2/172.18.0.3:9861. Already tried 8 time(s); retry policy is RetryUpToMaximumCountWithFixedSleep(maxRetries=15, sleepTime=1000 MILLISECONDS)
datanode_1  | 2023-01-12 05:25:17,688 [EndpointStateMachine task thread for scm3/172.18.0.9:9861 - 0 ] INFO ipc.Client: Retrying connect to server: scm3/172.18.0.9:9861. Already tried 9 time(s); retry policy is RetryUpToMaximumCountWithFixedSleep(maxRetries=15, sleepTime=1000 MILLISECONDS)
datanode_3  | java.net.SocketTimeoutException: Call From d407c6d45367/172.18.0.4 to recon:9891 failed on socket timeout exception: java.net.SocketTimeoutException: 5000 millis timeout while waiting for channel to be ready for read. ch : java.nio.channels.SocketChannel[connected local=/172.18.0.4:48678 remote=recon/172.18.0.12:9891]; For more details see:  http://wiki.apache.org/hadoop/SocketTimeout
datanode_3  | 	at java.base/jdk.internal.reflect.NativeConstructorAccessorImpl.newInstance0(Native Method)
datanode_3  | 	at java.base/jdk.internal.reflect.NativeConstructorAccessorImpl.newInstance(NativeConstructorAccessorImpl.java:62)
om3_1       | 2023-01-12 05:26:40,744 [pool-26-thread-1] INFO server.RaftServerConfigKeys: raft.server.retrycache.statistics.expirytime = 100?s (default)
om2_1       | 2023-01-12 05:26:47,456 [om2-impl-thread1] INFO server.RaftServerConfigKeys: raft.server.log.segment.size.max = 4194304 (custom)
om2_1       | 2023-01-12 05:26:47,459 [om2-impl-thread1] INFO server.RaftServerConfigKeys: raft.server.log.preallocated.size = 4194304 (custom)
scm3_1      | /************************************************************
scm2_1      | STARTUP_MSG: Starting StorageContainerManager
datanode_1  | 2023-01-12 05:25:17,688 [EndpointStateMachine task thread for scm2/172.18.0.3:9861 - 0 ] INFO ipc.Client: Retrying connect to server: scm2/172.18.0.3:9861. Already tried 9 time(s); retry policy is RetryUpToMaximumCountWithFixedSleep(maxRetries=15, sleepTime=1000 MILLISECONDS)
datanode_1  | 2023-01-12 05:25:18,689 [EndpointStateMachine task thread for scm3/172.18.0.9:9861 - 0 ] INFO ipc.Client: Retrying connect to server: scm3/172.18.0.9:9861. Already tried 10 time(s); retry policy is RetryUpToMaximumCountWithFixedSleep(maxRetries=15, sleepTime=1000 MILLISECONDS)
datanode_1  | 2023-01-12 05:25:18,689 [EndpointStateMachine task thread for scm2/172.18.0.3:9861 - 0 ] INFO ipc.Client: Retrying connect to server: scm2/172.18.0.3:9861. Already tried 10 time(s); retry policy is RetryUpToMaximumCountWithFixedSleep(maxRetries=15, sleepTime=1000 MILLISECONDS)
datanode_1  | 2023-01-12 05:25:19,689 [EndpointStateMachine task thread for scm3/172.18.0.9:9861 - 0 ] INFO ipc.Client: Retrying connect to server: scm3/172.18.0.9:9861. Already tried 11 time(s); retry policy is RetryUpToMaximumCountWithFixedSleep(maxRetries=15, sleepTime=1000 MILLISECONDS)
om3_1       | 2023-01-12 05:26:41,385 [pool-26-thread-1] INFO server.RaftServerConfigKeys: raft.server.log.appender.install.snapshot.enabled = false (custom)
om2_1       | 2023-01-12 05:26:47,476 [om2-impl-thread1] INFO server.RaftServerConfigKeys: raft.server.log.force.sync.num = 128 (default)
s3g_1       | 2023-01-12 05:34:46,355 [qtp384515747-16] INFO rpc.RpcClient: Creating Bucket: s3v/bucket-ozone-test-0967037321, with server-side default bucket layout, dlfknslnfslf as owner, Versioning false, Storage Type set to DISK and Encryption set to false 
s3g_1       | 2023-01-12 05:34:52,427 [qtp384515747-20] INFO rpc.RpcClient: Creating Bucket: s3v/bucket-ozone-test-5351982924, with server-side default bucket layout, dlfknslnfslf as owner, Versioning false, Storage Type set to DISK and Encryption set to false 
scm2_1      | STARTUP_MSG:   host = f2edb4bd00ab/172.18.0.3
om1_1       | 2023-01-12 05:26:42,228 [main] INFO reflections.Reflections: Reflections took 2420 ms to scan 8 urls, producing 23 keys and 545 values [using 2 cores]
scm1_1      | 2023-01-12 05:24:55,805 [pool-2-thread-1] INFO server.RaftServerConfigKeys: raft.server.retrycache.expirytime = 60000ms (default)
datanode_3  | 	at java.base/jdk.internal.reflect.DelegatingConstructorAccessorImpl.newInstance(DelegatingConstructorAccessorImpl.java:45)
datanode_3  | 	at java.base/java.lang.reflect.Constructor.newInstance(Constructor.java:490)
datanode_3  | 	at org.apache.hadoop.net.NetUtils.wrapWithMessage(NetUtils.java:913)
om1_1       | 2023-01-12 05:26:42,815 [main] INFO ipc.CallQueueManager: Using callQueue: class java.util.concurrent.LinkedBlockingQueue, queueCapacity: 10000, scheduler: class org.apache.hadoop.ipc.DefaultRpcScheduler, ipcBackoff: false.
om2_1       | 2023-01-12 05:26:47,483 [om2-impl-thread1] INFO server.RaftServerConfigKeys: raft.server.log.statemachine.data.sync = true (default)
om3_1       | 2023-01-12 05:26:41,392 [pool-26-thread-1] INFO server.RaftServerConfigKeys: raft.server.threadpool.server.cached = true (default)
om3_1       | 2023-01-12 05:26:41,405 [pool-26-thread-1] INFO server.RaftServerConfigKeys: raft.server.threadpool.server.size = 0 (default)
om3_1       | 2023-01-12 05:26:41,417 [pool-26-thread-1] INFO server.RaftServerConfigKeys: raft.server.threadpool.client.cached = true (default)
om3_1       | 2023-01-12 05:26:41,422 [pool-26-thread-1] INFO server.RaftServerConfigKeys: raft.server.threadpool.client.size = 0 (default)
scm2_1      | STARTUP_MSG:   args = []
s3g_1       | 2023-01-12 05:34:58,340 [qtp384515747-16] INFO rpc.RpcClient: Creating Bucket: s3v/bucket-ozone-test-2191502675, with server-side default bucket layout, dlfknslnfslf as owner, Versioning false, Storage Type set to DISK and Encryption set to false 
recon_1     | 2023-01-12 05:25:14,175 [Listener at 0.0.0.0/9891] INFO http.BaseHttpServer: HTTP server of recon listening at http://0.0.0.0:9888
om1_1       | 2023-01-12 05:26:42,879 [Socket Reader #1 for port 9862] INFO ipc.Server: Starting Socket Reader #1 for port 9862
om1_1       | 2023-01-12 05:26:45,387 [Listener at om1/9862] INFO impl.MetricsConfig: Loaded properties from hadoop-metrics2.properties
om1_1       | 2023-01-12 05:26:45,437 [Listener at om1/9862] INFO impl.MetricsSystemImpl: Scheduled Metric snapshot period at 10 second(s).
om1_1       | 2023-01-12 05:26:45,437 [Listener at om1/9862] INFO impl.MetricsSystemImpl: OzoneManager metrics system started
scm1_1      | 2023-01-12 05:24:55,806 [pool-2-thread-1] INFO server.RaftServerConfigKeys: raft.server.retrycache.statistics.expirytime = 100?s (default)
scm1_1      | 2023-01-12 05:24:56,533 [pool-2-thread-1] INFO server.RaftServerConfigKeys: raft.server.log.appender.install.snapshot.enabled = false (custom)
scm1_1      | 2023-01-12 05:24:56,546 [pool-2-thread-1] INFO server.RaftServerConfigKeys: raft.server.threadpool.server.cached = true (default)
datanode_2  | 	at org.apache.hadoop.ipc.ProtobufRpcEngine$Invoker.invoke(ProtobufRpcEngine.java:235)
scm2_1      | STARTUP_MSG:   version = 1.4.0-SNAPSHOT
s3g_1       | Jan 12, 2023 5:35:00 AM org.glassfish.jersey.internal.Errors logErrors
recon_1     | 2023-01-12 05:25:14,175 [Listener at 0.0.0.0/9891] INFO impl.OzoneManagerServiceProviderImpl: Starting Ozone Manager Service Provider.
recon_1     | 2023-01-12 05:25:14,187 [Listener at 0.0.0.0/9891] INFO impl.OzoneManagerServiceProviderImpl: Registered OmDeltaRequest task 
datanode_1  | 2023-01-12 05:25:19,690 [EndpointStateMachine task thread for scm2/172.18.0.3:9861 - 0 ] INFO ipc.Client: Retrying connect to server: scm2/172.18.0.3:9861. Already tried 11 time(s); retry policy is RetryUpToMaximumCountWithFixedSleep(maxRetries=15, sleepTime=1000 MILLISECONDS)
om3_1       | 2023-01-12 05:26:43,140 [main] INFO reflections.Reflections: Reflections took 2436 ms to scan 8 urls, producing 23 keys and 545 values [using 2 cores]
om3_1       | 2023-01-12 05:26:43,786 [main] INFO ipc.CallQueueManager: Using callQueue: class java.util.concurrent.LinkedBlockingQueue, queueCapacity: 10000, scheduler: class org.apache.hadoop.ipc.DefaultRpcScheduler, ipcBackoff: false.
om3_1       | 2023-01-12 05:26:43,864 [Socket Reader #1 for port 9862] INFO ipc.Server: Starting Socket Reader #1 for port 9862
om3_1       | 2023-01-12 05:26:46,014 [Listener at om3/9862] INFO impl.MetricsConfig: Loaded properties from hadoop-metrics2.properties
scm3_1      | STARTUP_MSG: Starting StorageContainerManager
datanode_2  | 	at org.apache.hadoop.ipc.ProtobufRpcEngine$Invoker.invoke(ProtobufRpcEngine.java:122)
datanode_2  | 	at com.sun.proxy.$Proxy41.submitRequest(Unknown Source)
datanode_2  | 	at org.apache.hadoop.ozone.protocolPB.StorageContainerDatanodeProtocolClientSideTranslatorPB.submitRequest(StorageContainerDatanodeProtocolClientSideTranslatorPB.java:117)
s3g_1       | WARNING: The following warnings have been detected: WARNING: Unknown HK2 failure detected:
recon_1     | 2023-01-12 05:25:14,197 [Listener at 0.0.0.0/9891] INFO impl.OzoneManagerServiceProviderImpl: Registered OmSnapshotRequest task 
om2_1       | 2023-01-12 05:26:47,486 [om2-impl-thread1] INFO server.RaftServerConfigKeys: raft.server.log.statemachine.data.sync.timeout = 10s (default)
datanode_1  | 2023-01-12 05:25:20,691 [EndpointStateMachine task thread for scm2/172.18.0.3:9861 - 0 ] INFO ipc.Client: Retrying connect to server: scm2/172.18.0.3:9861. Already tried 12 time(s); retry policy is RetryUpToMaximumCountWithFixedSleep(maxRetries=15, sleepTime=1000 MILLISECONDS)
datanode_1  | 2023-01-12 05:25:20,691 [EndpointStateMachine task thread for scm3/172.18.0.9:9861 - 0 ] INFO ipc.Client: Retrying connect to server: scm3/172.18.0.9:9861. Already tried 12 time(s); retry policy is RetryUpToMaximumCountWithFixedSleep(maxRetries=15, sleepTime=1000 MILLISECONDS)
datanode_1  | 2023-01-12 05:25:20,700 [EndpointStateMachine task thread for scm1/172.18.0.2:9861 - 0 ] WARN statemachine.EndpointStateMachine: Unable to communicate to SCM server at scm1:9861 for past 0 seconds.
datanode_1  | java.net.SocketTimeoutException: Call From d9a6a467ccde/172.18.0.6 to scm1:9861 failed on socket timeout exception: java.net.SocketTimeoutException: 5000 millis timeout while waiting for channel to be ready for read. ch : java.nio.channels.SocketChannel[connected local=/172.18.0.6:56398 remote=scm1/172.18.0.2:9861]; For more details see:  http://wiki.apache.org/hadoop/SocketTimeout
datanode_1  | 	at java.base/jdk.internal.reflect.NativeConstructorAccessorImpl.newInstance0(Native Method)
scm3_1      | STARTUP_MSG:   host = 7d0c64aff313/172.18.0.9
datanode_2  | 	at org.apache.hadoop.ozone.protocolPB.StorageContainerDatanodeProtocolClientSideTranslatorPB.getVersion(StorageContainerDatanodeProtocolClientSideTranslatorPB.java:133)
datanode_2  | 	at org.apache.hadoop.ozone.container.common.states.endpoint.VersionEndpointTask.call(VersionEndpointTask.java:69)
scm2_1      | STARTUP_MSG:   classpath = /etc/hadoop:/opt/hadoop/share/ozone/lib/kerb-simplekdc-1.0.1.jar:/opt/hadoop/share/ozone/lib/netty-transport-4.1.77.Final.jar:/opt/hadoop/share/ozone/lib/slf4j-reload4j-1.7.36.jar:/opt/hadoop/share/ozone/lib/protobuf-java-2.5.0.jar:/opt/hadoop/share/ozone/lib/jaxb-core-2.3.0.1.jar:/opt/hadoop/share/ozone/lib/istack-commons-runtime-3.0.5.jar:/opt/hadoop/share/ozone/lib/commons-validator-1.6.jar:/opt/hadoop/share/ozone/lib/hdds-erasurecode-1.4.0-SNAPSHOT.jar:/opt/hadoop/share/ozone/lib/hdds-hadoop-dependency-server-1.4.0-SNAPSHOT.jar:/opt/hadoop/share/ozone/lib/bcpkix-jdk15on-1.67.jar:/opt/hadoop/share/ozone/lib/commons-net-3.9.0.jar:/opt/hadoop/share/ozone/lib/kerb-core-1.0.1.jar:/opt/hadoop/share/ozone/lib/hadoop-shaded-protobuf_3_7-1.1.1.jar:/opt/hadoop/share/ozone/lib/jsr305-3.0.0.jar:/opt/hadoop/share/ozone/lib/j2objc-annotations-1.3.jar:/opt/hadoop/share/ozone/lib/jetty-webapp-9.4.49.v20220914.jar:/opt/hadoop/share/ozone/lib/picocli-4.6.1.jar:/opt/hadoop/share/ozone/lib/javassist-3.21.0-GA.jar:/opt/hadoop/share/ozone/lib/jaxb-api-2.3.0.jar:/opt/hadoop/share/ozone/lib/hdds-interface-admin-1.4.0-SNAPSHOT.jar:/opt/hadoop/share/ozone/lib/commons-codec-1.15.jar:/opt/hadoop/share/ozone/lib/kerb-util-1.0.1.jar:/opt/hadoop/share/ozone/lib/hadoop-shaded-guava-1.1.1.jar:/opt/hadoop/share/ozone/lib/kotlin-stdlib-1.6.21.jar:/opt/hadoop/share/ozone/lib/log4j-core-2.17.1.jar:/opt/hadoop/share/ozone/lib/commons-logging-1.2.jar:/opt/hadoop/share/ozone/lib/ratis-thirdparty-misc-1.0.3.jar:/opt/hadoop/share/ozone/lib/jetty-security-9.4.49.v20220914.jar:/opt/hadoop/share/ozone/lib/accessors-smart-2.4.7.jar:/opt/hadoop/share/ozone/lib/kerby-xdr-1.0.1.jar:/opt/hadoop/share/ozone/lib/netty-handler-4.1.77.Final.jar:/opt/hadoop/share/ozone/lib/txw2-2.3.0.1.jar:/opt/hadoop/share/ozone/lib/httpcore-4.4.13.jar:/opt/hadoop/share/ozone/lib/hdds-container-service-1.4.0-SNAPSHOT.jar:/opt/hadoop/share/ozone/lib/guava-31.1-jre.jar:/opt/hadoop/share/ozone/lib/opentracing-tracerresolver-0.1.8.jar:/opt/hadoop/share/ozone/lib/ratis-grpc-2.4.2-8b8bdda-SNAPSHOT.jar:/opt/hadoop/share/ozone/lib/hadoop-auth-3.3.4.jar:/opt/hadoop/share/ozone/lib/libthrift-0.14.1.jar:/opt/hadoop/share/ozone/lib/stax-ex-1.7.8.jar:/opt/hadoop/share/ozone/lib/error_prone_annotations-2.2.0.jar:/opt/hadoop/share/ozone/lib/kotlin-stdlib-common-1.4.10.jar:/opt/hadoop/share/ozone/lib/hdds-hadoop-dependency-client-1.4.0-SNAPSHOT.jar:/opt/hadoop/share/ozone/lib/zstd-jni-1.5.2-5.jar:/opt/hadoop/share/ozone/lib/httpclient-4.5.13.jar:/opt/hadoop/share/ozone/lib/ratis-proto-2.4.2-8b8bdda-SNAPSHOT.jar:/opt/hadoop/share/ozone/lib/jaeger-client-1.6.0.jar:/opt/hadoop/share/ozone/lib/kerby-config-1.0.1.jar:/opt/hadoop/share/ozone/lib/jackson-annotations-2.13.4.jar:/opt/hadoop/share/ozone/lib/commons-io-2.11.0.jar:/opt/hadoop/share/ozone/lib/metrics-core-3.2.4.jar:/opt/hadoop/share/ozone/lib/hadoop-annotations-3.3.4.jar:/opt/hadoop/share/ozone/lib/kerby-pkix-1.0.1.jar:/opt/hadoop/share/ozone/lib/jetty-util-9.4.49.v20220914.jar:/opt/hadoop/share/ozone/lib/json-smart-2.4.7.jar:/opt/hadoop/share/ozone/lib/jetty-io-9.4.49.v20220914.jar:/opt/hadoop/share/ozone/lib/jsr311-api-1.1.1.jar:/opt/hadoop/share/ozone/lib/jetty-server-9.4.49.v20220914.jar:/opt/hadoop/share/ozone/lib/commons-beanutils-1.9.4.jar:/opt/hadoop/share/ozone/lib/javax.servlet-api-3.1.0.jar:/opt/hadoop/share/ozone/lib/kerb-server-1.0.1.jar:/opt/hadoop/share/ozone/lib/netty-resolver-4.1.77.Final.jar:/opt/hadoop/share/ozone/lib/kerb-client-1.0.1.jar:/opt/hadoop/share/ozone/lib/jetty-xml-9.4.49.v20220914.jar:/opt/hadoop/share/ozone/lib/hadoop-common-3.3.4.jar:/opt/hadoop/share/ozone/lib/disruptor-3.4.2.jar:/opt/hadoop/share/ozone/lib/reflections-0.9.11.jar:/opt/hadoop/share/ozone/lib/gson-2.9.0.jar:/opt/hadoop/share/ozone/lib/snakeyaml-1.33.jar:/opt/hadoop/share/ozone/lib/nimbus-jose-jwt-9.8.1.jar:/opt/hadoop/share/ozone/lib/hdds-client-1.4.0-SNAPSHOT.jar:/opt/hadoop/share/ozone/lib/ratis-common-2.4.2-8b8bdda-SNAPSHOT.jar:/opt/hadoop/share/ozone/lib/annotations-13.0.jar:/opt/hadoop/share/ozone/lib/simpleclient_common-0.7.0.jar:/opt/hadoop/share/ozone/lib/jaeger-thrift-1.6.0.jar:/opt/hadoop/share/ozone/lib/dnsjava-2.1.7.jar:/opt/hadoop/share/ozone/lib/rocksdbjni-7.7.3.jar:/opt/hadoop/share/ozone/lib/bcprov-jdk15on-1.67.jar:/opt/hadoop/share/ozone/lib/commons-configuration2-2.1.1.jar:/opt/hadoop/share/ozone/lib/token-provider-1.0.1.jar:/opt/hadoop/share/ozone/lib/commons-daemon-1.0.13.jar:/opt/hadoop/share/ozone/lib/listenablefuture-9999.0-empty-to-avoid-conflict-with-guava.jar:/opt/hadoop/share/ozone/lib/jaeger-tracerresolver-1.6.0.jar:/opt/hadoop/share/ozone/lib/slf4j-api-1.7.36.jar:/opt/hadoop/share/ozone/lib/commons-lang3-3.7.jar:/opt/hadoop/share/ozone/lib/re2j-1.1.jar:/opt/hadoop/share/ozone/lib/jackson-datatype-jsr310-2.13.4.jar:/opt/hadoop/share/ozone/lib/simpleclient_dropwizard-0.7.0.jar:/opt/hadoop/share/ozone/lib/simpleclient-0.7.0.jar:/opt/hadoop/share/ozone/lib/ratis-metrics-2.4.2-8b8bdda-SNAPSHOT.jar:/opt/hadoop/share/ozone/lib/asm-5.0.4.jar:/opt/hadoop/share/ozone/lib/kerby-util-1.0.1.jar:/opt/hadoop/share/ozone/lib/netty-codec-4.1.77.Final.jar:/opt/hadoop/share/ozone/lib/failureaccess-1.0.1.jar:/opt/hadoop/share/ozone/lib/jackson-databind-2.13.4.2.jar:/opt/hadoop/share/ozone/lib/okio-2.8.0.jar:/opt/hadoop/share/ozone/lib/jetty-servlet-9.4.49.v20220914.jar:/opt/hadoop/share/ozone/lib/jsp-api-2.1.jar:/opt/hadoop/share/ozone/lib/jsch-0.1.54.jar:/opt/hadoop/share/ozone/lib/jakarta.activation-api-1.2.1.jar:/opt/hadoop/share/ozone/lib/reload4j-1.2.22.jar:/opt/hadoop/share/ozone/lib/woodstox-core-5.4.0.jar:/opt/hadoop/share/ozone/lib/commons-pool2-2.6.0.jar:/opt/hadoop/share/ozone/lib/opentracing-api-0.33.0.jar:/opt/hadoop/share/ozone/lib/jcip-annotations-1.0-1.jar:/opt/hadoop/share/ozone/lib/kerb-admin-1.0.1.jar:/opt/hadoop/share/ozone/lib/jetty-util-ajax-9.4.49.v20220914.jar:/opt/hadoop/share/ozone/lib/netty-buffer-4.1.77.Final.jar:/opt/hadoop/share/ozone/lib/opentracing-noop-0.33.0.jar:/opt/hadoop/share/ozone/lib/hadoop-hdfs-client-3.3.4.jar:/opt/hadoop/share/ozone/lib/jersey-core-1.19.jar:/opt/hadoop/share/ozone/lib/commons-compress-1.21.jar:/opt/hadoop/share/ozone/lib/jaxb-runtime-2.3.0.1.jar:/opt/hadoop/share/ozone/lib/hadoop-hdfs-3.3.4.jar:/opt/hadoop/share/ozone/lib/jackson-core-2.13.4.jar:/opt/hadoop/share/ozone/lib/hdds-annotation-processing-1.4.0-SNAPSHOT.jar:/opt/hadoop/share/ozone/lib/opentracing-util-0.33.0.jar:/opt/hadoop/share/ozone/lib/stax2-api-4.2.1.jar:/opt/hadoop/share/ozone/lib/snappy-java-1.1.8.2.jar:/opt/hadoop/share/ozone/lib/ratis-netty-2.4.2-8b8bdda-SNAPSHOT.jar:/opt/hadoop/share/ozone/lib/hdds-config-1.4.0-SNAPSHOT.jar:/opt/hadoop/share/ozone/lib/commons-cli-1.2.jar:/opt/hadoop/share/ozone/lib/log4j-api-2.17.1.jar:/opt/hadoop/share/ozone/lib/javax.annotation-api-1.2.jar:/opt/hadoop/share/ozone/lib/ratis-server-api-2.4.2-8b8bdda-SNAPSHOT.jar:/opt/hadoop/share/ozone/lib/hdds-interface-client-1.4.0-SNAPSHOT.jar:/opt/hadoop/share/ozone/lib/kerby-asn1-1.0.1.jar:/opt/hadoop/share/ozone/lib/okhttp-4.9.3.jar:/opt/hadoop/share/ozone/lib/checker-qual-3.12.0.jar:/opt/hadoop/share/ozone/lib/hdds-interface-server-1.4.0-SNAPSHOT.jar:/opt/hadoop/share/ozone/lib/hdds-common-1.4.0-SNAPSHOT.jar:/opt/hadoop/share/ozone/lib/commons-digester-1.8.1.jar:/opt/hadoop/share/ozone/lib/commons-collections-3.2.2.jar:/opt/hadoop/share/ozone/lib/jaeger-core-1.6.0.jar:/opt/hadoop/share/ozone/lib/ratis-client-2.4.2-8b8bdda-SNAPSHOT.jar:/opt/hadoop/share/ozone/lib/commons-text-1.4.jar:/opt/hadoop/share/ozone/lib/jersey-servlet-1.19.jar:/opt/hadoop/share/ozone/lib/ratis-server-2.4.2-8b8bdda-SNAPSHOT.jar:/opt/hadoop/share/ozone/lib/jetty-http-9.4.49.v20220914.jar:/opt/hadoop/share/ozone/lib/kerb-identity-1.0.1.jar:/opt/hadoop/share/ozone/lib/FastInfoset-1.2.13.jar:/opt/hadoop/share/ozone/lib/kerb-common-1.0.1.jar:/opt/hadoop/share/ozone/lib/hdds-server-framework-1.4.0-SNAPSHOT.jar:/opt/hadoop/share/ozone/lib/jersey-server-1.19.jar:/opt/hadoop/share/ozone/lib/kerb-crypto-1.0.1.jar:/opt/hadoop/share/ozone/lib/netty-common-4.1.77.Final.jar:/opt/hadoop/share/ozone/web:/opt/hadoop/share/ozone/lib/hdds-server-scm-1.4.0-SNAPSHOT.jar
s3g_1       | MultiException stack 1 of 1
recon_1     | 2023-01-12 05:25:14,198 [Listener at 0.0.0.0/9891] INFO recovery.ReconOmMetadataManagerImpl: Starting ReconOMMetadataManagerImpl
recon_1     | 2023-01-12 05:25:14,198 [Listener at 0.0.0.0/9891] WARN recon.ReconUtils: ozone.recon.om.db.dir is not configured. We recommend adding this setting. Falling back to ozone.metadata.dirs instead.
datanode_3  | 	at org.apache.hadoop.net.NetUtils.wrapException(NetUtils.java:848)
datanode_3  | 	at org.apache.hadoop.ipc.Client.getRpcResponse(Client.java:1616)
datanode_3  | 	at org.apache.hadoop.ipc.Client.call(Client.java:1558)
datanode_3  | 	at org.apache.hadoop.ipc.Client.call(Client.java:1455)
datanode_3  | 	at org.apache.hadoop.ipc.ProtobufRpcEngine$Invoker.invoke(ProtobufRpcEngine.java:235)
scm1_1      | 2023-01-12 05:24:56,551 [pool-2-thread-1] INFO server.RaftServerConfigKeys: raft.server.threadpool.server.size = 0 (default)
scm1_1      | 2023-01-12 05:24:56,558 [pool-2-thread-1] INFO server.RaftServerConfigKeys: raft.server.threadpool.client.cached = true (default)
scm2_1      | STARTUP_MSG:   build = https://github.com/apache/ozone/9d5cfd6934cc6ec34d3c78b99af90888e05f21af ; compiled by 'runner' on 2023-01-12T05:10Z
s3g_1       | javax.ws.rs.WebApplicationException: The authorization header you provided is invalid.
recon_1     | 2023-01-12 05:25:14,198 [Listener at 0.0.0.0/9891] INFO tasks.ReconTaskControllerImpl: Starting Recon Task Controller.
recon_1     | 2023-01-12 05:25:14,207 [Listener at 0.0.0.0/9891] INFO scm.ReconStorageContainerManagerFacade: Recon ScmDatanodeProtocol RPC server is listening at /0.0.0.0:9891
scm3_1      | STARTUP_MSG:   args = []
om1_1       | 2023-01-12 05:26:45,654 [Listener at om1/9862] INFO om.OzoneManager: OzoneManager RPC server is listening at om1/172.18.0.5:9862
om1_1       | 2023-01-12 05:26:45,657 [Listener at om1/9862] INFO ratis.OzoneManagerRatisServer: Starting OzoneManagerRatisServer om1 at port 9872
om1_1       | 2023-01-12 05:26:45,668 [om1-impl-thread1] INFO storage.RaftStorageDirectory: The storage directory /data/metadata/ratis/5cb24680-b9e7-3c90-a862-d66704efc61c does not exist. Creating ...
datanode_2  | 	at org.apache.hadoop.ozone.container.common.states.endpoint.VersionEndpointTask.call(VersionEndpointTask.java:40)
om1_1       | 2023-01-12 05:26:45,691 [om1-impl-thread1] INFO storage.RaftStorageDirectory: Lock on /data/metadata/ratis/5cb24680-b9e7-3c90-a862-d66704efc61c/in_use.lock acquired by nodename 8@om1
om1_1       | 2023-01-12 05:26:45,786 [om1-impl-thread1] INFO storage.RaftStorage: Storage directory /data/metadata/ratis/5cb24680-b9e7-3c90-a862-d66704efc61c has been successfully formatted.
scm2_1      | STARTUP_MSG:   java = 11.0.14.1
s3g_1       | 	at org.apache.hadoop.ozone.s3.OzoneClientProducer.wrapOS3Exception(OzoneClientProducer.java:141)
recon_1     | 2023-01-12 05:25:16,328 [Listener at 0.0.0.0/9891] INFO retry.RetryInvocationHandler: com.google.protobuf.ServiceException: java.net.ConnectException: Call From 07cc1c5ffbcd/172.18.0.12 to scm2:9860 failed on connection exception: java.net.ConnectException: Connection refused; For more details see:  http://wiki.apache.org/hadoop/ConnectionRefused, while invoking $Proxy43.submitRequest over nodeId=scm2,nodeAddress=scm2/172.18.0.3:9860 after 1 failover attempts. Trying to failover after sleeping for 2000ms.
recon_1     | 2023-01-12 05:25:18,330 [Listener at 0.0.0.0/9891] INFO retry.RetryInvocationHandler: com.google.protobuf.ServiceException: java.net.ConnectException: Call From 07cc1c5ffbcd/172.18.0.12 to scm3:9860 failed on connection exception: java.net.ConnectException: Connection refused; For more details see:  http://wiki.apache.org/hadoop/ConnectionRefused, while invoking $Proxy43.submitRequest over nodeId=scm3,nodeAddress=scm3/172.18.0.9:9860 after 2 failover attempts. Trying to failover after sleeping for 2000ms.
scm3_1      | STARTUP_MSG:   version = 1.4.0-SNAPSHOT
om3_1       | 2023-01-12 05:26:46,100 [Listener at om3/9862] INFO impl.MetricsSystemImpl: Scheduled Metric snapshot period at 10 second(s).
om3_1       | 2023-01-12 05:26:46,100 [Listener at om3/9862] INFO impl.MetricsSystemImpl: OzoneManager metrics system started
om3_1       | 2023-01-12 05:26:46,442 [Listener at om3/9862] INFO om.OzoneManager: OzoneManager RPC server is listening at om3/172.18.0.10:9862
datanode_2  | 	at java.base/java.util.concurrent.FutureTask.run(FutureTask.java:264)
datanode_1  | 	at java.base/jdk.internal.reflect.NativeConstructorAccessorImpl.newInstance(NativeConstructorAccessorImpl.java:62)
om1_1       | 2023-01-12 05:26:45,822 [om1-impl-thread1] INFO server.RaftServerConfigKeys: raft.server.log.use.memory = false (default)
scm2_1      | ************************************************************/
scm2_1      | 2023-01-12 05:25:25,180 [main] INFO server.StorageContainerManagerStarter: registered UNIX signal handlers for [TERM, HUP, INT]
scm2_1      | 2023-01-12 05:25:25,227 [main] WARN server.ServerUtils: ozone.scm.db.dirs is not configured. We recommend adding this setting. Falling back to ozone.metadata.dirs instead.
recon_1     | 2023-01-12 05:25:20,371 [Listener at 0.0.0.0/9891] INFO retry.RetryInvocationHandler: com.google.protobuf.ServiceException: org.apache.hadoop.ipc.RemoteException(org.apache.hadoop.hdds.ratis.ServerNotLeaderException): Server:f98693f9-b2e2-4085-a3fc-32934ea8db14 is not the leader. Could not determine the leader node.
