datanode_3  | 2022-12-02 11:14:49,825 [Command processor thread] INFO commandhandler.CreatePipelineCommandHandler: Created Pipeline RATIS THREE PipelineID=1e9434e7-a656-48c5-b55e-5856e99902e4.
scm_1       | 2022-12-02 11:14:31,976 [Listener at 0.0.0.0/9860] INFO ha.SCMServiceManager: Registering service ContainerBalancer.
datanode_3  | 2022-12-02 11:14:54,366 [de5be13d-7638-4e28-a0cb-c559a9eafa30@group-5856E99902E4-FollowerState] INFO impl.FollowerState: de5be13d-7638-4e28-a0cb-c559a9eafa30@group-5856E99902E4-FollowerState: change to CANDIDATE, lastRpcElapsedTime:5282420734ns, electionTimeout:5113ms
scm_1       | 2022-12-02 11:14:31,986 [Listener at 0.0.0.0/9860] INFO server.StorageContainerManager: 
scm_1       | Container Balancer status:
scm_1       | Key                            Value
scm_1       | Running                        true
scm_1       | Container Balancer Configuration values:
scm_1       | Key                                                Value
scm_1       | Threshold                                          10
datanode_3  | 2022-12-02 11:14:54,367 [de5be13d-7638-4e28-a0cb-c559a9eafa30@group-5856E99902E4-FollowerState] INFO impl.RoleInfo: de5be13d-7638-4e28-a0cb-c559a9eafa30: shutdown de5be13d-7638-4e28-a0cb-c559a9eafa30@group-5856E99902E4-FollowerState
scm_1       | Max Datanodes to Involve per Iteration(percent)    20
datanode_3  | 2022-12-02 11:14:54,368 [de5be13d-7638-4e28-a0cb-c559a9eafa30@group-5856E99902E4-FollowerState] INFO server.RaftServer$Division: de5be13d-7638-4e28-a0cb-c559a9eafa30@group-5856E99902E4: changes role from  FOLLOWER to CANDIDATE at term 0 for changeToCandidate
scm_1       | Max Size to Move per Iteration                     500GB
datanode_3  | 2022-12-02 11:14:54,368 [de5be13d-7638-4e28-a0cb-c559a9eafa30@group-5856E99902E4-FollowerState] INFO server.RaftServerConfigKeys: raft.server.leaderelection.pre-vote = false (custom)
datanode_3  | 2022-12-02 11:14:54,368 [de5be13d-7638-4e28-a0cb-c559a9eafa30@group-5856E99902E4-FollowerState] INFO impl.RoleInfo: de5be13d-7638-4e28-a0cb-c559a9eafa30: start de5be13d-7638-4e28-a0cb-c559a9eafa30@group-5856E99902E4-LeaderElection3
datanode_3  | 2022-12-02 11:14:54,374 [de5be13d-7638-4e28-a0cb-c559a9eafa30@group-5856E99902E4-LeaderElection3] INFO impl.LeaderElection: de5be13d-7638-4e28-a0cb-c559a9eafa30@group-5856E99902E4-LeaderElection3 ELECTION round 0: submit vote requests at term 1 for -1: peers:[b6cde622-766a-4271-9234-326233a2e360|rpc:172.18.0.3:9856|admin:172.18.0.3:9857|client:172.18.0.3:9858|priority:0|startupRole:FOLLOWER, de5be13d-7638-4e28-a0cb-c559a9eafa30|rpc:172.18.0.6:9856|admin:172.18.0.6:9857|client:172.18.0.6:9858|priority:0|startupRole:FOLLOWER, 1032b4d4-4b99-465e-855a-8014e66ac73e|rpc:172.18.0.2:9856|admin:172.18.0.2:9857|client:172.18.0.2:9858|priority:1|startupRole:FOLLOWER]|listeners:[], old=null
scm_1       | Max Size Entering Target per Iteration             26GB
datanode_3  | 2022-12-02 11:14:54,378 [de5be13d-7638-4e28-a0cb-c559a9eafa30@group-5856E99902E4-LeaderElection3] INFO server.RaftServerConfigKeys: raft.server.rpc.first-election.timeout.min = 5s (fallback to raft.server.rpc.timeout.min)
datanode_3  | 2022-12-02 11:14:54,385 [de5be13d-7638-4e28-a0cb-c559a9eafa30@group-5856E99902E4-LeaderElection3] INFO server.RaftServerConfigKeys: raft.server.rpc.first-election.timeout.max = 5200ms (fallback to raft.server.rpc.timeout.max)
scm_1       | Max Size Leaving Source per Iteration              26GB
datanode_3  | 2022-12-02 11:14:54,410 [de5be13d-7638-4e28-a0cb-c559a9eafa30@group-5856E99902E4-LeaderElection3] INFO impl.LeaderElection: de5be13d-7638-4e28-a0cb-c559a9eafa30@group-5856E99902E4-LeaderElection3: ELECTION REJECTED received 1 response(s) and 0 exception(s):
scm_1       | 
datanode_3  | 2022-12-02 11:14:54,410 [de5be13d-7638-4e28-a0cb-c559a9eafa30@group-5856E99902E4-LeaderElection3] INFO impl.LeaderElection:   Response 0: de5be13d-7638-4e28-a0cb-c559a9eafa30<-1032b4d4-4b99-465e-855a-8014e66ac73e#0:FAIL-t1
scm_1       | 2022-12-02 11:14:31,987 [Listener at 0.0.0.0/9860] INFO ha.SCMContext: Update SafeModeStatus from SafeModeStatus{safeModeStatus=true, preCheckPassed=false} to SafeModeStatus{safeModeStatus=true, preCheckPassed=false}.
datanode_3  | 2022-12-02 11:14:54,410 [de5be13d-7638-4e28-a0cb-c559a9eafa30@group-5856E99902E4-LeaderElection3] INFO impl.LeaderElection: de5be13d-7638-4e28-a0cb-c559a9eafa30@group-5856E99902E4-LeaderElection3 ELECTION round 0: result REJECTED
scm_1       | 2022-12-02 11:14:31,998 [Listener at 0.0.0.0/9860] INFO server.StorageContainerManager: StorageContainerLocationProtocol RPC server is listening at /0.0.0.0:9860
datanode_3  | 2022-12-02 11:14:54,410 [de5be13d-7638-4e28-a0cb-c559a9eafa30@group-5856E99902E4-LeaderElection3] INFO server.RaftServer$Division: de5be13d-7638-4e28-a0cb-c559a9eafa30@group-5856E99902E4: changes role from CANDIDATE to FOLLOWER at term 1 for REJECTED
scm_1       | 2022-12-02 11:14:32,007 [Listener at 0.0.0.0/9860] INFO ha.SCMRatisServerImpl: starting ratis server 0.0.0.0:9894
datanode_3  | 2022-12-02 11:14:54,410 [de5be13d-7638-4e28-a0cb-c559a9eafa30@group-5856E99902E4-LeaderElection3] INFO impl.RoleInfo: de5be13d-7638-4e28-a0cb-c559a9eafa30: shutdown de5be13d-7638-4e28-a0cb-c559a9eafa30@group-5856E99902E4-LeaderElection3
datanode_3  | 2022-12-02 11:14:54,410 [de5be13d-7638-4e28-a0cb-c559a9eafa30@group-5856E99902E4-LeaderElection3] INFO impl.RoleInfo: de5be13d-7638-4e28-a0cb-c559a9eafa30: start de5be13d-7638-4e28-a0cb-c559a9eafa30@group-5856E99902E4-FollowerState
datanode_3  | 2022-12-02 11:14:54,452 [grpc-default-executor-1] INFO server.RaftServer$Division: de5be13d-7638-4e28-a0cb-c559a9eafa30@group-5856E99902E4: receive requestVote(ELECTION, b6cde622-766a-4271-9234-326233a2e360, group-5856E99902E4, 1, (t:0, i:0))
datanode_3  | 2022-12-02 11:14:54,458 [grpc-default-executor-1] INFO impl.VoteContext: de5be13d-7638-4e28-a0cb-c559a9eafa30@group-5856E99902E4-FOLLOWER: reject ELECTION from b6cde622-766a-4271-9234-326233a2e360: already has voted for de5be13d-7638-4e28-a0cb-c559a9eafa30 at current term 1
datanode_3  | 2022-12-02 11:14:54,460 [de5be13d-7638-4e28-a0cb-c559a9eafa30@group-5856E99902E4-FollowerState] INFO server.RaftServerConfigKeys: raft.server.rpc.first-election.timeout.min = 5s (fallback to raft.server.rpc.timeout.min)
datanode_3  | 2022-12-02 11:14:54,460 [grpc-default-executor-1] INFO server.RaftServer$Division: de5be13d-7638-4e28-a0cb-c559a9eafa30@group-5856E99902E4 replies to ELECTION vote request: b6cde622-766a-4271-9234-326233a2e360<-de5be13d-7638-4e28-a0cb-c559a9eafa30#0:FAIL-t1. Peer's state: de5be13d-7638-4e28-a0cb-c559a9eafa30@group-5856E99902E4:t1, leader=null, voted=de5be13d-7638-4e28-a0cb-c559a9eafa30, raftlog=Memoized:de5be13d-7638-4e28-a0cb-c559a9eafa30@group-5856E99902E4-SegmentedRaftLog:OPENED:c-1, conf=-1: peers:[b6cde622-766a-4271-9234-326233a2e360|rpc:172.18.0.3:9856|admin:172.18.0.3:9857|client:172.18.0.3:9858|priority:0|startupRole:FOLLOWER, de5be13d-7638-4e28-a0cb-c559a9eafa30|rpc:172.18.0.6:9856|admin:172.18.0.6:9857|client:172.18.0.6:9858|priority:0|startupRole:FOLLOWER, 1032b4d4-4b99-465e-855a-8014e66ac73e|rpc:172.18.0.2:9856|admin:172.18.0.2:9857|client:172.18.0.2:9858|priority:1|startupRole:FOLLOWER]|listeners:[], old=null
datanode_3  | 2022-12-02 11:14:54,464 [de5be13d-7638-4e28-a0cb-c559a9eafa30@group-5856E99902E4-FollowerState] INFO server.RaftServerConfigKeys: raft.server.rpc.first-election.timeout.max = 5200ms (fallback to raft.server.rpc.timeout.max)
datanode_3  | 2022-12-02 11:14:54,560 [grpc-default-executor-1] INFO server.RaftServer$Division: de5be13d-7638-4e28-a0cb-c559a9eafa30@group-EBB508DF266C: receive requestVote(ELECTION, b6cde622-766a-4271-9234-326233a2e360, group-EBB508DF266C, 2, (t:0, i:0))
datanode_3  | 2022-12-02 11:14:54,561 [grpc-default-executor-1] INFO impl.VoteContext: de5be13d-7638-4e28-a0cb-c559a9eafa30@group-EBB508DF266C-FOLLOWER: accept ELECTION from b6cde622-766a-4271-9234-326233a2e360: our priority 0 <= candidate's priority 1
datanode_3  | 2022-12-02 11:14:54,561 [grpc-default-executor-1] INFO server.RaftServer$Division: de5be13d-7638-4e28-a0cb-c559a9eafa30@group-EBB508DF266C: changes role from  FOLLOWER to FOLLOWER at term 2 for candidate:b6cde622-766a-4271-9234-326233a2e360
datanode_3  | 2022-12-02 11:14:54,561 [grpc-default-executor-1] INFO impl.RoleInfo: de5be13d-7638-4e28-a0cb-c559a9eafa30: shutdown de5be13d-7638-4e28-a0cb-c559a9eafa30@group-EBB508DF266C-FollowerState
scm_1       | 2022-12-02 11:14:32,023 [6fc01362-4be8-4bef-9765-308703ee51ee-impl-thread1] INFO storage.RaftStorageDirectory: Lock on /data/metadata/scm-ha/c34508bc-417c-476c-b632-118b227f634a/in_use.lock acquired by nodename 7@9c76043b4b84
datanode_3  | 2022-12-02 11:14:54,561 [de5be13d-7638-4e28-a0cb-c559a9eafa30@group-EBB508DF266C-FollowerState] INFO impl.FollowerState: de5be13d-7638-4e28-a0cb-c559a9eafa30@group-EBB508DF266C-FollowerState was interrupted
scm_1       | 2022-12-02 11:14:32,029 [6fc01362-4be8-4bef-9765-308703ee51ee-impl-thread1] INFO storage.RaftStorage: Read RaftStorageMetadata{term=1, votedFor=6fc01362-4be8-4bef-9765-308703ee51ee} from /data/metadata/scm-ha/c34508bc-417c-476c-b632-118b227f634a/current/raft-meta
datanode_3  | 2022-12-02 11:14:54,562 [grpc-default-executor-1] INFO impl.RoleInfo: de5be13d-7638-4e28-a0cb-c559a9eafa30: start de5be13d-7638-4e28-a0cb-c559a9eafa30@group-EBB508DF266C-FollowerState
scm_1       | 2022-12-02 11:14:32,094 [6fc01362-4be8-4bef-9765-308703ee51ee-impl-thread1] INFO server.RaftServer$Division: 6fc01362-4be8-4bef-9765-308703ee51ee@group-118B227F634A: set configuration 0: peers:[6fc01362-4be8-4bef-9765-308703ee51ee|rpc:9c76043b4b84:9894|admin:|client:|dataStream:|priority:0|startupRole:FOLLOWER]|listeners:[], old=null
datanode_3  | 2022-12-02 11:14:54,566 [de5be13d-7638-4e28-a0cb-c559a9eafa30@group-EBB508DF266C-FollowerState] INFO server.RaftServerConfigKeys: raft.server.rpc.first-election.timeout.min = 5s (fallback to raft.server.rpc.timeout.min)
scm_1       | 2022-12-02 11:14:32,098 [6fc01362-4be8-4bef-9765-308703ee51ee-impl-thread1] INFO server.RaftServerConfigKeys: raft.server.log.use.memory = false (default)
datanode_3  | 2022-12-02 11:14:54,573 [grpc-default-executor-1] INFO server.RaftServer$Division: de5be13d-7638-4e28-a0cb-c559a9eafa30@group-EBB508DF266C replies to ELECTION vote request: b6cde622-766a-4271-9234-326233a2e360<-de5be13d-7638-4e28-a0cb-c559a9eafa30#0:OK-t2. Peer's state: de5be13d-7638-4e28-a0cb-c559a9eafa30@group-EBB508DF266C:t2, leader=null, voted=b6cde622-766a-4271-9234-326233a2e360, raftlog=Memoized:de5be13d-7638-4e28-a0cb-c559a9eafa30@group-EBB508DF266C-SegmentedRaftLog:OPENED:c-1, conf=-1: peers:[b6cde622-766a-4271-9234-326233a2e360|rpc:172.18.0.3:9856|admin:172.18.0.3:9857|client:172.18.0.3:9858|priority:1|startupRole:FOLLOWER, de5be13d-7638-4e28-a0cb-c559a9eafa30|rpc:172.18.0.6:9856|admin:172.18.0.6:9857|client:172.18.0.6:9858|priority:0|startupRole:FOLLOWER, 1032b4d4-4b99-465e-855a-8014e66ac73e|rpc:172.18.0.2:9856|admin:172.18.0.2:9857|client:172.18.0.2:9858|priority:0|startupRole:FOLLOWER]|listeners:[], old=null
scm_1       | 2022-12-02 11:14:32,113 [6fc01362-4be8-4bef-9765-308703ee51ee-impl-thread1] INFO server.RaftServerConfigKeys: raft.server.log.purge.gap = 1000000 (custom)
datanode_3  | 2022-12-02 11:14:54,576 [de5be13d-7638-4e28-a0cb-c559a9eafa30@group-EBB508DF266C-FollowerState] INFO server.RaftServerConfigKeys: raft.server.rpc.first-election.timeout.max = 5200ms (fallback to raft.server.rpc.timeout.max)
scm_1       | 2022-12-02 11:14:32,113 [6fc01362-4be8-4bef-9765-308703ee51ee-impl-thread1] INFO server.RaftServerConfigKeys: raft.server.log.appender.buffer.byte-limit = 33554432 (custom)
datanode_3  | 2022-12-02 11:14:54,753 [de5be13d-7638-4e28-a0cb-c559a9eafa30-server-thread2] INFO ratis.XceiverServerRatis: Leader change notification received for group: group-EBB508DF266C with new leaderId: b6cde622-766a-4271-9234-326233a2e360
scm_1       | 2022-12-02 11:14:32,117 [6fc01362-4be8-4bef-9765-308703ee51ee-impl-thread1] INFO server.RaftServerConfigKeys: raft.server.log.statemachine.data.read.timeout = 1000ms (default)
datanode_3  | 2022-12-02 11:14:54,759 [de5be13d-7638-4e28-a0cb-c559a9eafa30-server-thread2] INFO server.RaftServer$Division: de5be13d-7638-4e28-a0cb-c559a9eafa30@group-EBB508DF266C: change Leader from null to b6cde622-766a-4271-9234-326233a2e360 at term 2 for appendEntries, leader elected after 12145ms
scm_1       | 2022-12-02 11:14:32,120 [6fc01362-4be8-4bef-9765-308703ee51ee-impl-thread1] INFO server.RaftServerConfigKeys: raft.server.log.purge.preservation.log.num = 0 (default)
scm_1       | 2022-12-02 11:14:32,122 [6fc01362-4be8-4bef-9765-308703ee51ee-impl-thread1] INFO server.RaftServerConfigKeys: raft.server.log.segment.size.max = 4194304 (custom)
datanode_3  | 2022-12-02 11:14:54,762 [de5be13d-7638-4e28-a0cb-c559a9eafa30-server-thread2] INFO server.RaftServer$Division: de5be13d-7638-4e28-a0cb-c559a9eafa30@group-EBB508DF266C: set configuration 0: peers:[b6cde622-766a-4271-9234-326233a2e360|rpc:172.18.0.3:9856|admin:172.18.0.3:9857|client:172.18.0.3:9858|dataStream:|priority:1|startupRole:FOLLOWER, de5be13d-7638-4e28-a0cb-c559a9eafa30|rpc:172.18.0.6:9856|admin:172.18.0.6:9857|client:172.18.0.6:9858|dataStream:|priority:0|startupRole:FOLLOWER, 1032b4d4-4b99-465e-855a-8014e66ac73e|rpc:172.18.0.2:9856|admin:172.18.0.2:9857|client:172.18.0.2:9858|dataStream:|priority:0|startupRole:FOLLOWER]|listeners:[], old=null
scm_1       | 2022-12-02 11:14:32,136 [6fc01362-4be8-4bef-9765-308703ee51ee-impl-thread1] INFO server.RaftServerConfigKeys: raft.server.log.segment.cache.num.max = 2 (custom)
datanode_3  | 2022-12-02 11:14:54,762 [de5be13d-7638-4e28-a0cb-c559a9eafa30-server-thread2] INFO segmented.SegmentedRaftLogWorker: de5be13d-7638-4e28-a0cb-c559a9eafa30@group-EBB508DF266C-SegmentedRaftLogWorker: Starting segment from index:0
scm_1       | 2022-12-02 11:14:32,137 [6fc01362-4be8-4bef-9765-308703ee51ee-impl-thread1] INFO server.RaftServerConfigKeys: raft.server.log.segment.cache.size.max = 200MB (=209715200) (default)
datanode_3  | 2022-12-02 11:14:54,769 [de5be13d-7638-4e28-a0cb-c559a9eafa30@group-EBB508DF266C-SegmentedRaftLogWorker] INFO segmented.SegmentedRaftLogWorker: de5be13d-7638-4e28-a0cb-c559a9eafa30@group-EBB508DF266C-SegmentedRaftLogWorker: created new log segment /data/metadata/ratis/bdca8546-18e1-4be6-a9c9-ebb508df266c/current/log_inprogress_0
scm_1       | 2022-12-02 11:14:32,148 [6fc01362-4be8-4bef-9765-308703ee51ee-impl-thread1] INFO segmented.SegmentedRaftLogWorker: new 6fc01362-4be8-4bef-9765-308703ee51ee@group-118B227F634A-SegmentedRaftLogWorker for RaftStorageImpl:Storage Directory /data/metadata/scm-ha/c34508bc-417c-476c-b632-118b227f634a
datanode_3  | 2022-12-02 11:14:59,634 [de5be13d-7638-4e28-a0cb-c559a9eafa30@group-5856E99902E4-FollowerState] INFO impl.FollowerState: de5be13d-7638-4e28-a0cb-c559a9eafa30@group-5856E99902E4-FollowerState: change to CANDIDATE, lastRpcElapsedTime:5224456802ns, electionTimeout:5170ms
scm_1       | 2022-12-02 11:14:32,149 [6fc01362-4be8-4bef-9765-308703ee51ee-impl-thread1] INFO server.RaftServerConfigKeys: raft.server.log.queue.byte-limit = 64MB (=67108864) (default)
datanode_3  | 2022-12-02 11:14:59,635 [de5be13d-7638-4e28-a0cb-c559a9eafa30@group-5856E99902E4-FollowerState] INFO impl.RoleInfo: de5be13d-7638-4e28-a0cb-c559a9eafa30: shutdown de5be13d-7638-4e28-a0cb-c559a9eafa30@group-5856E99902E4-FollowerState
scm_1       | 2022-12-02 11:14:32,150 [6fc01362-4be8-4bef-9765-308703ee51ee-impl-thread1] INFO server.RaftServerConfigKeys: raft.server.log.queue.element-limit = 4096 (default)
datanode_3  | 2022-12-02 11:14:59,635 [de5be13d-7638-4e28-a0cb-c559a9eafa30@group-5856E99902E4-FollowerState] INFO server.RaftServer$Division: de5be13d-7638-4e28-a0cb-c559a9eafa30@group-5856E99902E4: changes role from  FOLLOWER to CANDIDATE at term 1 for changeToCandidate
scm_1       | 2022-12-02 11:14:32,152 [6fc01362-4be8-4bef-9765-308703ee51ee-impl-thread1] INFO server.RaftServerConfigKeys: raft.server.log.segment.size.max = 4194304 (custom)
datanode_3  | 2022-12-02 11:14:59,635 [de5be13d-7638-4e28-a0cb-c559a9eafa30@group-5856E99902E4-FollowerState] INFO server.RaftServerConfigKeys: raft.server.leaderelection.pre-vote = false (custom)
scm_1       | 2022-12-02 11:14:32,152 [6fc01362-4be8-4bef-9765-308703ee51ee-impl-thread1] INFO server.RaftServerConfigKeys: raft.server.log.preallocated.size = 4194304 (custom)
datanode_3  | 2022-12-02 11:14:59,635 [de5be13d-7638-4e28-a0cb-c559a9eafa30@group-5856E99902E4-FollowerState] INFO impl.RoleInfo: de5be13d-7638-4e28-a0cb-c559a9eafa30: start de5be13d-7638-4e28-a0cb-c559a9eafa30@group-5856E99902E4-LeaderElection4
scm_1       | 2022-12-02 11:14:32,155 [6fc01362-4be8-4bef-9765-308703ee51ee-impl-thread1] INFO server.RaftServerConfigKeys: raft.server.log.force.sync.num = 128 (default)
datanode_3  | 2022-12-02 11:14:59,640 [de5be13d-7638-4e28-a0cb-c559a9eafa30@group-5856E99902E4-LeaderElection4] INFO impl.LeaderElection: de5be13d-7638-4e28-a0cb-c559a9eafa30@group-5856E99902E4-LeaderElection4 ELECTION round 0: submit vote requests at term 2 for -1: peers:[b6cde622-766a-4271-9234-326233a2e360|rpc:172.18.0.3:9856|admin:172.18.0.3:9857|client:172.18.0.3:9858|priority:0|startupRole:FOLLOWER, de5be13d-7638-4e28-a0cb-c559a9eafa30|rpc:172.18.0.6:9856|admin:172.18.0.6:9857|client:172.18.0.6:9858|priority:0|startupRole:FOLLOWER, 1032b4d4-4b99-465e-855a-8014e66ac73e|rpc:172.18.0.2:9856|admin:172.18.0.2:9857|client:172.18.0.2:9858|priority:1|startupRole:FOLLOWER]|listeners:[], old=null
scm_1       | 2022-12-02 11:14:32,157 [6fc01362-4be8-4bef-9765-308703ee51ee-impl-thread1] INFO server.RaftServerConfigKeys: raft.server.log.statemachine.data.sync = true (default)
datanode_3  | 2022-12-02 11:14:59,643 [de5be13d-7638-4e28-a0cb-c559a9eafa30@group-5856E99902E4-LeaderElection4] INFO server.RaftServerConfigKeys: raft.server.rpc.first-election.timeout.min = 5s (fallback to raft.server.rpc.timeout.min)
scm_1       | 2022-12-02 11:14:32,157 [6fc01362-4be8-4bef-9765-308703ee51ee-impl-thread1] INFO server.RaftServerConfigKeys: raft.server.log.statemachine.data.sync.timeout = 10s (default)
datanode_3  | 2022-12-02 11:14:59,644 [de5be13d-7638-4e28-a0cb-c559a9eafa30@group-5856E99902E4-LeaderElection4] INFO server.RaftServerConfigKeys: raft.server.rpc.first-election.timeout.max = 5200ms (fallback to raft.server.rpc.timeout.max)
scm_1       | 2022-12-02 11:14:32,157 [6fc01362-4be8-4bef-9765-308703ee51ee-impl-thread1] INFO server.RaftServerConfigKeys: raft.server.log.statemachine.data.sync.timeout.retry = -1 (default)
datanode_3  | 2022-12-02 11:14:59,672 [de5be13d-7638-4e28-a0cb-c559a9eafa30@group-5856E99902E4-LeaderElection4] INFO impl.LeaderElection: de5be13d-7638-4e28-a0cb-c559a9eafa30@group-5856E99902E4-LeaderElection4: ELECTION REJECTED received 2 response(s) and 0 exception(s):
scm_1       | 2022-12-02 11:14:32,169 [6fc01362-4be8-4bef-9765-308703ee51ee-impl-thread1] INFO server.RaftServerConfigKeys: raft.server.log.write.buffer.size = 64KB (=65536) (default)
datanode_3  | 2022-12-02 11:14:59,672 [de5be13d-7638-4e28-a0cb-c559a9eafa30@group-5856E99902E4-LeaderElection4] INFO impl.LeaderElection:   Response 0: de5be13d-7638-4e28-a0cb-c559a9eafa30<-b6cde622-766a-4271-9234-326233a2e360#0:OK-t2
scm_1       | 2022-12-02 11:14:32,170 [6fc01362-4be8-4bef-9765-308703ee51ee-impl-thread1] INFO server.RaftServerConfigKeys: raft.server.log.appender.buffer.byte-limit = 33554432 (custom)
datanode_3  | 2022-12-02 11:14:59,673 [de5be13d-7638-4e28-a0cb-c559a9eafa30@group-5856E99902E4-LeaderElection4] INFO impl.LeaderElection:   Response 1: de5be13d-7638-4e28-a0cb-c559a9eafa30<-1032b4d4-4b99-465e-855a-8014e66ac73e#0:FAIL-t2
scm_1       | 2022-12-02 11:14:32,209 [6fc01362-4be8-4bef-9765-308703ee51ee-impl-thread1] INFO server.RaftServerConfigKeys: raft.server.log.unsafe-flush.enabled = false (default)
datanode_3  | 2022-12-02 11:14:59,673 [de5be13d-7638-4e28-a0cb-c559a9eafa30@group-5856E99902E4-LeaderElection4] INFO impl.LeaderElection: de5be13d-7638-4e28-a0cb-c559a9eafa30@group-5856E99902E4-LeaderElection4 ELECTION round 0: result REJECTED
scm_1       | 2022-12-02 11:14:32,211 [6fc01362-4be8-4bef-9765-308703ee51ee-impl-thread1] INFO server.RaftServerConfigKeys: raft.server.log.async-flush.enabled = false (default)
datanode_3  | 2022-12-02 11:14:59,673 [de5be13d-7638-4e28-a0cb-c559a9eafa30@group-5856E99902E4-LeaderElection4] INFO server.RaftServer$Division: de5be13d-7638-4e28-a0cb-c559a9eafa30@group-5856E99902E4: changes role from CANDIDATE to FOLLOWER at term 2 for REJECTED
scm_1       | 2022-12-02 11:14:32,211 [6fc01362-4be8-4bef-9765-308703ee51ee-impl-thread1] INFO server.RaftServerConfigKeys: raft.server.log.statemachine.data.caching.enabled = false (default)
datanode_3  | 2022-12-02 11:14:59,673 [de5be13d-7638-4e28-a0cb-c559a9eafa30@group-5856E99902E4-LeaderElection4] INFO impl.RoleInfo: de5be13d-7638-4e28-a0cb-c559a9eafa30: shutdown de5be13d-7638-4e28-a0cb-c559a9eafa30@group-5856E99902E4-LeaderElection4
scm_1       | 2022-12-02 11:14:32,247 [6fc01362-4be8-4bef-9765-308703ee51ee-impl-thread1] INFO server.RaftServer$Division: 6fc01362-4be8-4bef-9765-308703ee51ee@group-118B227F634A: set configuration 0: peers:[6fc01362-4be8-4bef-9765-308703ee51ee|rpc:9c76043b4b84:9894|admin:|client:|dataStream:|priority:0|startupRole:FOLLOWER]|listeners:[], old=null
datanode_3  | 2022-12-02 11:14:59,673 [de5be13d-7638-4e28-a0cb-c559a9eafa30@group-5856E99902E4-LeaderElection4] INFO impl.RoleInfo: de5be13d-7638-4e28-a0cb-c559a9eafa30: start de5be13d-7638-4e28-a0cb-c559a9eafa30@group-5856E99902E4-FollowerState
scm_1       | 2022-12-02 11:14:32,248 [6fc01362-4be8-4bef-9765-308703ee51ee-impl-thread1] INFO segmented.LogSegment: Successfully read 1 entries from segment file /data/metadata/scm-ha/c34508bc-417c-476c-b632-118b227f634a/current/log_inprogress_0
datanode_3  | 2022-12-02 11:14:59,674 [de5be13d-7638-4e28-a0cb-c559a9eafa30@group-5856E99902E4-FollowerState] INFO server.RaftServerConfigKeys: raft.server.rpc.first-election.timeout.min = 5s (fallback to raft.server.rpc.timeout.min)
scm_1       | 2022-12-02 11:14:32,252 [6fc01362-4be8-4bef-9765-308703ee51ee-impl-thread1] INFO segmented.SegmentedRaftLogWorker: 6fc01362-4be8-4bef-9765-308703ee51ee@group-118B227F634A-SegmentedRaftLogWorker: flushIndex: setUnconditionally 0 -> 0
datanode_3  | 2022-12-02 11:14:59,675 [de5be13d-7638-4e28-a0cb-c559a9eafa30@group-5856E99902E4-FollowerState] INFO server.RaftServerConfigKeys: raft.server.rpc.first-election.timeout.max = 5200ms (fallback to raft.server.rpc.timeout.max)
scm_1       | 2022-12-02 11:14:32,252 [6fc01362-4be8-4bef-9765-308703ee51ee-impl-thread1] INFO segmented.SegmentedRaftLogWorker: 6fc01362-4be8-4bef-9765-308703ee51ee@group-118B227F634A-SegmentedRaftLogWorker: safeCacheEvictIndex: setUnconditionally 0 -> -1
datanode_3  | 2022-12-02 11:14:59,693 [grpc-default-executor-1] INFO server.RaftServer$Division: de5be13d-7638-4e28-a0cb-c559a9eafa30@group-5856E99902E4: receive requestVote(ELECTION, 1032b4d4-4b99-465e-855a-8014e66ac73e, group-5856E99902E4, 2, (t:0, i:0))
scm_1       | 2022-12-02 11:14:32,312 [6fc01362-4be8-4bef-9765-308703ee51ee-impl-thread1] INFO server.RaftServer$Division: 6fc01362-4be8-4bef-9765-308703ee51ee@group-118B227F634A: start as a follower, conf=0: peers:[6fc01362-4be8-4bef-9765-308703ee51ee|rpc:9c76043b4b84:9894|admin:|client:|dataStream:|priority:0|startupRole:FOLLOWER]|listeners:[], old=null
datanode_3  | 2022-12-02 11:14:59,694 [grpc-default-executor-1] INFO impl.VoteContext: de5be13d-7638-4e28-a0cb-c559a9eafa30@group-5856E99902E4-FOLLOWER: reject ELECTION from 1032b4d4-4b99-465e-855a-8014e66ac73e: already has voted for de5be13d-7638-4e28-a0cb-c559a9eafa30 at current term 2
scm_1       | 2022-12-02 11:14:32,315 [6fc01362-4be8-4bef-9765-308703ee51ee-impl-thread1] INFO server.RaftServer$Division: 6fc01362-4be8-4bef-9765-308703ee51ee@group-118B227F634A: changes role from      null to FOLLOWER at term 1 for startAsFollower
datanode_3  | 2022-12-02 11:14:59,694 [grpc-default-executor-1] INFO server.RaftServer$Division: de5be13d-7638-4e28-a0cb-c559a9eafa30@group-5856E99902E4 replies to ELECTION vote request: 1032b4d4-4b99-465e-855a-8014e66ac73e<-de5be13d-7638-4e28-a0cb-c559a9eafa30#0:FAIL-t2. Peer's state: de5be13d-7638-4e28-a0cb-c559a9eafa30@group-5856E99902E4:t2, leader=null, voted=de5be13d-7638-4e28-a0cb-c559a9eafa30, raftlog=Memoized:de5be13d-7638-4e28-a0cb-c559a9eafa30@group-5856E99902E4-SegmentedRaftLog:OPENED:c-1, conf=-1: peers:[b6cde622-766a-4271-9234-326233a2e360|rpc:172.18.0.3:9856|admin:172.18.0.3:9857|client:172.18.0.3:9858|priority:0|startupRole:FOLLOWER, de5be13d-7638-4e28-a0cb-c559a9eafa30|rpc:172.18.0.6:9856|admin:172.18.0.6:9857|client:172.18.0.6:9858|priority:0|startupRole:FOLLOWER, 1032b4d4-4b99-465e-855a-8014e66ac73e|rpc:172.18.0.2:9856|admin:172.18.0.2:9857|client:172.18.0.2:9858|priority:1|startupRole:FOLLOWER]|listeners:[], old=null
scm_1       | 2022-12-02 11:14:32,317 [6fc01362-4be8-4bef-9765-308703ee51ee-impl-thread1] INFO impl.RoleInfo: 6fc01362-4be8-4bef-9765-308703ee51ee: start 6fc01362-4be8-4bef-9765-308703ee51ee@group-118B227F634A-FollowerState
scm_1       | 2022-12-02 11:14:32,318 [6fc01362-4be8-4bef-9765-308703ee51ee@group-118B227F634A-FollowerState] INFO server.RaftServerConfigKeys: raft.server.rpc.first-election.timeout.min = 5000ms (fallback to raft.server.rpc.timeout.min)
scm_1       | 2022-12-02 11:14:32,318 [6fc01362-4be8-4bef-9765-308703ee51ee@group-118B227F634A-FollowerState] INFO server.RaftServerConfigKeys: raft.server.rpc.first-election.timeout.max = 5200ms (fallback to raft.server.rpc.timeout.max)
scm_1       | 2022-12-02 11:14:32,321 [6fc01362-4be8-4bef-9765-308703ee51ee-impl-thread1] INFO util.JmxRegister: Successfully registered JMX Bean with object name Ratis:service=RaftServer,group=group-118B227F634A,id=6fc01362-4be8-4bef-9765-308703ee51ee
datanode_3  | 2022-12-02 11:15:04,752 [de5be13d-7638-4e28-a0cb-c559a9eafa30@group-5856E99902E4-FollowerState] INFO impl.FollowerState: de5be13d-7638-4e28-a0cb-c559a9eafa30@group-5856E99902E4-FollowerState: change to CANDIDATE, lastRpcElapsedTime:5078695381ns, electionTimeout:5077ms
scm_1       | 2022-12-02 11:14:32,323 [6fc01362-4be8-4bef-9765-308703ee51ee-impl-thread1] INFO server.RaftServerConfigKeys: raft.server.snapshot.auto.trigger.enabled = true (custom)
datanode_3  | 2022-12-02 11:15:04,752 [de5be13d-7638-4e28-a0cb-c559a9eafa30@group-5856E99902E4-FollowerState] INFO impl.RoleInfo: de5be13d-7638-4e28-a0cb-c559a9eafa30: shutdown de5be13d-7638-4e28-a0cb-c559a9eafa30@group-5856E99902E4-FollowerState
scm_1       | 2022-12-02 11:14:32,325 [6fc01362-4be8-4bef-9765-308703ee51ee-impl-thread1] INFO server.RaftServerConfigKeys: raft.server.snapshot.auto.trigger.threshold = 1000 (custom)
datanode_3  | 2022-12-02 11:15:04,753 [de5be13d-7638-4e28-a0cb-c559a9eafa30@group-5856E99902E4-FollowerState] INFO server.RaftServer$Division: de5be13d-7638-4e28-a0cb-c559a9eafa30@group-5856E99902E4: changes role from  FOLLOWER to CANDIDATE at term 2 for changeToCandidate
datanode_3  | 2022-12-02 11:15:04,753 [de5be13d-7638-4e28-a0cb-c559a9eafa30@group-5856E99902E4-FollowerState] INFO server.RaftServerConfigKeys: raft.server.leaderelection.pre-vote = false (custom)
datanode_3  | 2022-12-02 11:15:04,753 [de5be13d-7638-4e28-a0cb-c559a9eafa30@group-5856E99902E4-FollowerState] INFO impl.RoleInfo: de5be13d-7638-4e28-a0cb-c559a9eafa30: start de5be13d-7638-4e28-a0cb-c559a9eafa30@group-5856E99902E4-LeaderElection5
datanode_3  | 2022-12-02 11:15:04,770 [de5be13d-7638-4e28-a0cb-c559a9eafa30@group-5856E99902E4-LeaderElection5] INFO impl.LeaderElection: de5be13d-7638-4e28-a0cb-c559a9eafa30@group-5856E99902E4-LeaderElection5 ELECTION round 0: submit vote requests at term 3 for -1: peers:[b6cde622-766a-4271-9234-326233a2e360|rpc:172.18.0.3:9856|admin:172.18.0.3:9857|client:172.18.0.3:9858|priority:0|startupRole:FOLLOWER, de5be13d-7638-4e28-a0cb-c559a9eafa30|rpc:172.18.0.6:9856|admin:172.18.0.6:9857|client:172.18.0.6:9858|priority:0|startupRole:FOLLOWER, 1032b4d4-4b99-465e-855a-8014e66ac73e|rpc:172.18.0.2:9856|admin:172.18.0.2:9857|client:172.18.0.2:9858|priority:1|startupRole:FOLLOWER]|listeners:[], old=null
datanode_3  | 2022-12-02 11:15:04,771 [de5be13d-7638-4e28-a0cb-c559a9eafa30@group-5856E99902E4-LeaderElection5] INFO server.RaftServerConfigKeys: raft.server.rpc.first-election.timeout.min = 5s (fallback to raft.server.rpc.timeout.min)
datanode_3  | 2022-12-02 11:15:04,773 [de5be13d-7638-4e28-a0cb-c559a9eafa30@group-5856E99902E4-LeaderElection5] INFO server.RaftServerConfigKeys: raft.server.rpc.first-election.timeout.max = 5200ms (fallback to raft.server.rpc.timeout.max)
datanode_3  | 2022-12-02 11:15:04,787 [de5be13d-7638-4e28-a0cb-c559a9eafa30@group-5856E99902E4-LeaderElection5] INFO impl.LeaderElection: de5be13d-7638-4e28-a0cb-c559a9eafa30@group-5856E99902E4-LeaderElection5: ELECTION REJECTED received 1 response(s) and 0 exception(s):
datanode_3  | 2022-12-02 11:15:04,787 [de5be13d-7638-4e28-a0cb-c559a9eafa30@group-5856E99902E4-LeaderElection5] INFO impl.LeaderElection:   Response 0: de5be13d-7638-4e28-a0cb-c559a9eafa30<-1032b4d4-4b99-465e-855a-8014e66ac73e#0:FAIL-t3
datanode_3  | 2022-12-02 11:15:04,788 [de5be13d-7638-4e28-a0cb-c559a9eafa30@group-5856E99902E4-LeaderElection5] INFO impl.LeaderElection: de5be13d-7638-4e28-a0cb-c559a9eafa30@group-5856E99902E4-LeaderElection5 ELECTION round 0: result REJECTED
datanode_3  | 2022-12-02 11:15:04,788 [de5be13d-7638-4e28-a0cb-c559a9eafa30@group-5856E99902E4-LeaderElection5] INFO server.RaftServer$Division: de5be13d-7638-4e28-a0cb-c559a9eafa30@group-5856E99902E4: changes role from CANDIDATE to FOLLOWER at term 3 for REJECTED
scm_1       | 2022-12-02 11:14:32,326 [6fc01362-4be8-4bef-9765-308703ee51ee-impl-thread1] INFO server.RaftServerConfigKeys: raft.server.snapshot.retention.file.num = -1 (default)
datanode_3  | 2022-12-02 11:15:04,789 [de5be13d-7638-4e28-a0cb-c559a9eafa30@group-5856E99902E4-LeaderElection5] INFO impl.RoleInfo: de5be13d-7638-4e28-a0cb-c559a9eafa30: shutdown de5be13d-7638-4e28-a0cb-c559a9eafa30@group-5856E99902E4-LeaderElection5
scm_1       | 2022-12-02 11:14:32,327 [6fc01362-4be8-4bef-9765-308703ee51ee-impl-thread1] INFO server.RaftServerConfigKeys: raft.server.log.purge.upto.snapshot.index = false (default)
datanode_3  | 2022-12-02 11:15:04,789 [de5be13d-7638-4e28-a0cb-c559a9eafa30@group-5856E99902E4-LeaderElection5] INFO impl.RoleInfo: de5be13d-7638-4e28-a0cb-c559a9eafa30: start de5be13d-7638-4e28-a0cb-c559a9eafa30@group-5856E99902E4-FollowerState
scm_1       | 2022-12-02 11:14:32,330 [Listener at 0.0.0.0/9860] INFO server.RaftServer: 6fc01362-4be8-4bef-9765-308703ee51ee: start RPC server
datanode_3  | 2022-12-02 11:15:04,800 [de5be13d-7638-4e28-a0cb-c559a9eafa30@group-5856E99902E4-FollowerState] INFO server.RaftServerConfigKeys: raft.server.rpc.first-election.timeout.min = 5s (fallback to raft.server.rpc.timeout.min)
scm_1       | 2022-12-02 11:14:32,397 [Listener at 0.0.0.0/9860] INFO server.GrpcService: 6fc01362-4be8-4bef-9765-308703ee51ee: GrpcService started, listening on 9894
datanode_3  | 2022-12-02 11:15:04,802 [de5be13d-7638-4e28-a0cb-c559a9eafa30@group-5856E99902E4-FollowerState] INFO server.RaftServerConfigKeys: raft.server.rpc.first-election.timeout.max = 5200ms (fallback to raft.server.rpc.timeout.max)
scm_1       | 2022-12-02 11:14:32,420 [JvmPauseMonitor0] INFO util.JvmPauseMonitor: JvmPauseMonitor-6fc01362-4be8-4bef-9765-308703ee51ee: Started
datanode_3  | 2022-12-02 11:15:04,831 [grpc-default-executor-1] INFO server.RaftServer$Division: de5be13d-7638-4e28-a0cb-c559a9eafa30@group-5856E99902E4: receive requestVote(ELECTION, 1032b4d4-4b99-465e-855a-8014e66ac73e, group-5856E99902E4, 3, (t:0, i:0))
scm_1       | 2022-12-02 11:14:32,429 [Listener at 0.0.0.0/9860] INFO ha.SCMHAManagerImpl:  scm role is FOLLOWER peers [6fc01362-4be8-4bef-9765-308703ee51ee|rpc:9c76043b4b84:9894|admin:|client:|dataStream:|priority:0|startupRole:FOLLOWER]
datanode_3  | 2022-12-02 11:15:04,831 [grpc-default-executor-1] INFO impl.VoteContext: de5be13d-7638-4e28-a0cb-c559a9eafa30@group-5856E99902E4-FOLLOWER: reject ELECTION from 1032b4d4-4b99-465e-855a-8014e66ac73e: already has voted for de5be13d-7638-4e28-a0cb-c559a9eafa30 at current term 3
datanode_3  | 2022-12-02 11:15:04,832 [grpc-default-executor-1] INFO server.RaftServer$Division: de5be13d-7638-4e28-a0cb-c559a9eafa30@group-5856E99902E4 replies to ELECTION vote request: 1032b4d4-4b99-465e-855a-8014e66ac73e<-de5be13d-7638-4e28-a0cb-c559a9eafa30#0:FAIL-t3. Peer's state: de5be13d-7638-4e28-a0cb-c559a9eafa30@group-5856E99902E4:t3, leader=null, voted=de5be13d-7638-4e28-a0cb-c559a9eafa30, raftlog=Memoized:de5be13d-7638-4e28-a0cb-c559a9eafa30@group-5856E99902E4-SegmentedRaftLog:OPENED:c-1, conf=-1: peers:[b6cde622-766a-4271-9234-326233a2e360|rpc:172.18.0.3:9856|admin:172.18.0.3:9857|client:172.18.0.3:9858|priority:0|startupRole:FOLLOWER, de5be13d-7638-4e28-a0cb-c559a9eafa30|rpc:172.18.0.6:9856|admin:172.18.0.6:9857|client:172.18.0.6:9858|priority:0|startupRole:FOLLOWER, 1032b4d4-4b99-465e-855a-8014e66ac73e|rpc:172.18.0.2:9856|admin:172.18.0.2:9857|client:172.18.0.2:9858|priority:1|startupRole:FOLLOWER]|listeners:[], old=null
scm_1       | 2022-12-02 11:14:32,429 [Listener at 0.0.0.0/9860] INFO ha.InterSCMGrpcService: Starting SCM Grpc Service at port 9895
datanode_3  | 2022-12-02 11:15:05,021 [de5be13d-7638-4e28-a0cb-c559a9eafa30-server-thread1] INFO ratis.XceiverServerRatis: Leader change notification received for group: group-5856E99902E4 with new leaderId: 1032b4d4-4b99-465e-855a-8014e66ac73e
scm_1       | 2022-12-02 11:14:32,581 [Listener at 0.0.0.0/9860] INFO impl.MetricsConfig: Loaded properties from hadoop-metrics2.properties
datanode_3  | 2022-12-02 11:15:05,021 [de5be13d-7638-4e28-a0cb-c559a9eafa30-server-thread1] INFO server.RaftServer$Division: de5be13d-7638-4e28-a0cb-c559a9eafa30@group-5856E99902E4: change Leader from null to 1032b4d4-4b99-465e-855a-8014e66ac73e at term 3 for appendEntries, leader elected after 16219ms
scm_1       | 2022-12-02 11:14:32,615 [Listener at 0.0.0.0/9860] INFO impl.MetricsSystemImpl: Scheduled Metric snapshot period at 10 second(s).
datanode_3  | 2022-12-02 11:15:05,050 [de5be13d-7638-4e28-a0cb-c559a9eafa30-server-thread2] INFO server.RaftServer$Division: de5be13d-7638-4e28-a0cb-c559a9eafa30@group-5856E99902E4: set configuration 0: peers:[b6cde622-766a-4271-9234-326233a2e360|rpc:172.18.0.3:9856|admin:172.18.0.3:9857|client:172.18.0.3:9858|dataStream:|priority:0|startupRole:FOLLOWER, de5be13d-7638-4e28-a0cb-c559a9eafa30|rpc:172.18.0.6:9856|admin:172.18.0.6:9857|client:172.18.0.6:9858|dataStream:|priority:0|startupRole:FOLLOWER, 1032b4d4-4b99-465e-855a-8014e66ac73e|rpc:172.18.0.2:9856|admin:172.18.0.2:9857|client:172.18.0.2:9858|dataStream:|priority:1|startupRole:FOLLOWER]|listeners:[], old=null
scm_1       | 2022-12-02 11:14:32,615 [Listener at 0.0.0.0/9860] INFO impl.MetricsSystemImpl: StorageContainerManager metrics system started
datanode_3  | 2022-12-02 11:15:05,052 [de5be13d-7638-4e28-a0cb-c559a9eafa30-server-thread2] INFO segmented.SegmentedRaftLogWorker: de5be13d-7638-4e28-a0cb-c559a9eafa30@group-5856E99902E4-SegmentedRaftLogWorker: Starting segment from index:0
scm_1       | 2022-12-02 11:14:32,951 [Listener at 0.0.0.0/9860] INFO server.SCMClientProtocolServer: RPC server for Client  is listening at /0.0.0.0:9860
datanode_3  | 2022-12-02 11:15:05,056 [de5be13d-7638-4e28-a0cb-c559a9eafa30@group-5856E99902E4-SegmentedRaftLogWorker] INFO segmented.SegmentedRaftLogWorker: de5be13d-7638-4e28-a0cb-c559a9eafa30@group-5856E99902E4-SegmentedRaftLogWorker: created new log segment /data/metadata/ratis/1e9434e7-a656-48c5-b55e-5856e99902e4/current/log_inprogress_0
scm_1       | 2022-12-02 11:14:32,954 [IPC Server Responder] INFO ipc.Server: IPC Server Responder: starting
scm_1       | 2022-12-02 11:14:32,955 [IPC Server listener on 9860] INFO ipc.Server: IPC Server listener on 9860: starting
scm_1       | 2022-12-02 11:14:32,986 [Listener at 0.0.0.0/9860] INFO server.StorageContainerManager: ScmBlockLocationProtocol RPC server is listening at /0.0.0.0:9863
scm_1       | 2022-12-02 11:14:32,987 [Listener at 0.0.0.0/9860] INFO server.SCMBlockProtocolServer: RPC server for Block Protocol is listening at /0.0.0.0:9863
scm_1       | 2022-12-02 11:14:32,987 [IPC Server Responder] INFO ipc.Server: IPC Server Responder: starting
scm_1       | 2022-12-02 11:14:32,988 [IPC Server listener on 9863] INFO ipc.Server: IPC Server listener on 9863: starting
scm_1       | 2022-12-02 11:14:33,056 [org.apache.hadoop.util.JvmPauseMonitor$Monitor@5e445ffe] INFO util.JvmPauseMonitor: Starting JVM pause monitor
scm_1       | 2022-12-02 11:14:33,082 [Listener at 0.0.0.0/9860] INFO http.BaseHttpServer: Starting Web-server for scm at: http://0.0.0.0:9876
scm_1       | 2022-12-02 11:14:33,083 [Listener at 0.0.0.0/9860] INFO http.BaseHttpServer: Hadoop Security Enabled: false Ozone Security Enabled: false Ozone HTTP Security Enabled: false 
scm_1       | 2022-12-02 11:14:33,149 [Listener at 0.0.0.0/9860] INFO util.log: Logging initialized @6365ms to org.eclipse.jetty.util.log.Slf4jLog
scm_1       | 2022-12-02 11:14:33,367 [Listener at 0.0.0.0/9860] WARN server.AuthenticationFilter: Unable to initialize FileSignerSecretProvider, falling back to use random secrets. Reason: Could not read signature secret file: /opt/hadoop/hadoop-http-auth-signature-secret
scm_1       | 2022-12-02 11:14:33,378 [Listener at 0.0.0.0/9860] INFO http.HttpRequestLog: Http request log for http.requests.scm is not defined
scm_1       | 2022-12-02 11:14:33,405 [Listener at 0.0.0.0/9860] INFO http.HttpServer2: Added global filter 'safety' (class=org.apache.hadoop.hdds.server.http.HttpServer2$QuotingInputFilter)
scm_1       | 2022-12-02 11:14:33,406 [Listener at 0.0.0.0/9860] INFO http.HttpServer2: Added filter static_user_filter (class=org.apache.hadoop.http.lib.StaticUserWebFilter$StaticUserFilter) to context scm
scm_1       | 2022-12-02 11:14:33,407 [Listener at 0.0.0.0/9860] INFO http.HttpServer2: Added filter static_user_filter (class=org.apache.hadoop.http.lib.StaticUserWebFilter$StaticUserFilter) to context static
scm_1       | 2022-12-02 11:14:33,408 [Listener at 0.0.0.0/9860] INFO http.HttpServer2: Added filter static_user_filter (class=org.apache.hadoop.http.lib.StaticUserWebFilter$StaticUserFilter) to context logs
scm_1       | 2022-12-02 11:14:33,480 [Listener at 0.0.0.0/9860] INFO http.HttpServer2: Jetty bound to port 9876
scm_1       | 2022-12-02 11:14:33,481 [Listener at 0.0.0.0/9860] INFO server.Server: jetty-9.4.49.v20220914; built: 2022-09-14T01:07:36.601Z; git: 4231a3b2e4cb8548a412a789936d640a97b1aa0a; jvm 11.0.14.1+1-LTS
scm_1       | 2022-12-02 11:14:33,518 [Listener at 0.0.0.0/9860] INFO server.session: DefaultSessionIdManager workerName=node0
scm_1       | 2022-12-02 11:14:33,520 [Listener at 0.0.0.0/9860] INFO server.session: No SessionScavenger set, using defaults
scm_1       | 2022-12-02 11:14:33,522 [Listener at 0.0.0.0/9860] INFO server.session: node0 Scavenging every 600000ms
scm_1       | 2022-12-02 11:14:33,536 [Listener at 0.0.0.0/9860] INFO handler.ContextHandler: Started o.e.j.s.ServletContextHandler@130bd00e{logs,/logs,file:///var/log/hadoop/,AVAILABLE}
scm_1       | 2022-12-02 11:14:33,537 [Listener at 0.0.0.0/9860] INFO handler.ContextHandler: Started o.e.j.s.ServletContextHandler@4822fc53{static,/static,jar:file:/opt/hadoop/share/ozone/lib/hdds-server-scm-1.3.0-SNAPSHOT.jar!/webapps/static,AVAILABLE}
scm_1       | 2022-12-02 11:14:33,629 [Listener at 0.0.0.0/9860] INFO handler.ContextHandler: Started o.e.j.w.WebAppContext@755057c7{scm,/,file:///tmp/jetty-0_0_0_0-9876-hdds-server-scm-1_3_0-SNAPSHOT_jar-_-any-12752859993288685840/webapp/,AVAILABLE}{jar:file:/opt/hadoop/share/ozone/lib/hdds-server-scm-1.3.0-SNAPSHOT.jar!/webapps/scm}
scm_1       | 2022-12-02 11:14:33,641 [Listener at 0.0.0.0/9860] INFO server.AbstractConnector: Started ServerConnector@1d5ec2ed{HTTP/1.1, (http/1.1)}{0.0.0.0:9876}
scm_1       | 2022-12-02 11:14:33,641 [Listener at 0.0.0.0/9860] INFO server.Server: Started @6857ms
scm_1       | 2022-12-02 11:14:33,647 [Listener at 0.0.0.0/9860] INFO impl.MetricsSinkAdapter: Sink prometheus started
scm_1       | 2022-12-02 11:14:33,647 [Listener at 0.0.0.0/9860] INFO impl.MetricsSystemImpl: Registered sink prometheus
scm_1       | 2022-12-02 11:14:33,649 [Listener at 0.0.0.0/9860] INFO http.BaseHttpServer: HTTP server of scm listening at http://0.0.0.0:9876
scm_1       | 2022-12-02 11:14:37,377 [6fc01362-4be8-4bef-9765-308703ee51ee@group-118B227F634A-FollowerState] INFO impl.FollowerState: 6fc01362-4be8-4bef-9765-308703ee51ee@group-118B227F634A-FollowerState: change to CANDIDATE, lastRpcElapsedTime:5060451640ns, electionTimeout:5057ms
scm_1       | 2022-12-02 11:14:37,378 [6fc01362-4be8-4bef-9765-308703ee51ee@group-118B227F634A-FollowerState] INFO impl.RoleInfo: 6fc01362-4be8-4bef-9765-308703ee51ee: shutdown 6fc01362-4be8-4bef-9765-308703ee51ee@group-118B227F634A-FollowerState
scm_1       | 2022-12-02 11:14:37,379 [6fc01362-4be8-4bef-9765-308703ee51ee@group-118B227F634A-FollowerState] INFO server.RaftServer$Division: 6fc01362-4be8-4bef-9765-308703ee51ee@group-118B227F634A: changes role from  FOLLOWER to CANDIDATE at term 1 for changeToCandidate
scm_1       | 2022-12-02 11:14:37,382 [6fc01362-4be8-4bef-9765-308703ee51ee@group-118B227F634A-FollowerState] INFO server.RaftServerConfigKeys: raft.server.leaderelection.pre-vote = false (custom)
scm_1       | 2022-12-02 11:14:37,382 [6fc01362-4be8-4bef-9765-308703ee51ee@group-118B227F634A-FollowerState] INFO impl.RoleInfo: 6fc01362-4be8-4bef-9765-308703ee51ee: start 6fc01362-4be8-4bef-9765-308703ee51ee@group-118B227F634A-LeaderElection1
scm_1       | 2022-12-02 11:14:37,401 [6fc01362-4be8-4bef-9765-308703ee51ee@group-118B227F634A-LeaderElection1] INFO impl.LeaderElection: 6fc01362-4be8-4bef-9765-308703ee51ee@group-118B227F634A-LeaderElection1 ELECTION round 0: submit vote requests at term 2 for 0: peers:[6fc01362-4be8-4bef-9765-308703ee51ee|rpc:9c76043b4b84:9894|admin:|client:|dataStream:|priority:0|startupRole:FOLLOWER]|listeners:[], old=null
scm_1       | 2022-12-02 11:14:37,402 [6fc01362-4be8-4bef-9765-308703ee51ee@group-118B227F634A-LeaderElection1] INFO impl.LeaderElection: 6fc01362-4be8-4bef-9765-308703ee51ee@group-118B227F634A-LeaderElection1 ELECTION round 0: result PASSED (term=2)
scm_1       | 2022-12-02 11:14:37,403 [6fc01362-4be8-4bef-9765-308703ee51ee@group-118B227F634A-LeaderElection1] INFO impl.RoleInfo: 6fc01362-4be8-4bef-9765-308703ee51ee: shutdown 6fc01362-4be8-4bef-9765-308703ee51ee@group-118B227F634A-LeaderElection1
scm_1       | 2022-12-02 11:14:37,404 [6fc01362-4be8-4bef-9765-308703ee51ee@group-118B227F634A-LeaderElection1] INFO server.RaftServer$Division: 6fc01362-4be8-4bef-9765-308703ee51ee@group-118B227F634A: changes role from CANDIDATE to LEADER at term 2 for changeToLeader
scm_1       | 2022-12-02 11:14:37,404 [6fc01362-4be8-4bef-9765-308703ee51ee@group-118B227F634A-LeaderElection1] INFO ha.SCMStateMachine: current SCM becomes leader of term 2.
scm_1       | 2022-12-02 11:14:37,404 [6fc01362-4be8-4bef-9765-308703ee51ee@group-118B227F634A-LeaderElection1] INFO ha.SCMContext: update <isLeader,term> from <false,0> to <true,2>
scm_1       | 2022-12-02 11:14:37,407 [6fc01362-4be8-4bef-9765-308703ee51ee@group-118B227F634A-LeaderElection1] INFO server.RaftServer$Division: 6fc01362-4be8-4bef-9765-308703ee51ee@group-118B227F634A: change Leader from null to 6fc01362-4be8-4bef-9765-308703ee51ee at term 2 for becomeLeader, leader elected after 7371ms
scm_1       | 2022-12-02 11:14:37,414 [6fc01362-4be8-4bef-9765-308703ee51ee@group-118B227F634A-LeaderElection1] INFO server.RaftServerConfigKeys: raft.server.staging.catchup.gap = 1000 (default)
scm_1       | 2022-12-02 11:14:37,420 [6fc01362-4be8-4bef-9765-308703ee51ee@group-118B227F634A-LeaderElection1] INFO server.RaftServerConfigKeys: raft.server.write.element-limit = 4096 (default)
scm_1       | 2022-12-02 11:14:37,420 [6fc01362-4be8-4bef-9765-308703ee51ee@group-118B227F634A-LeaderElection1] INFO server.RaftServerConfigKeys: raft.server.write.byte-limit = 64MB (=67108864) (default)
scm_1       | 2022-12-02 11:14:37,425 [6fc01362-4be8-4bef-9765-308703ee51ee@group-118B227F634A-LeaderElection1] INFO server.RaftServerConfigKeys: raft.server.watch.timeout = 10s (default)
scm_1       | 2022-12-02 11:14:37,425 [6fc01362-4be8-4bef-9765-308703ee51ee@group-118B227F634A-LeaderElection1] INFO server.RaftServerConfigKeys: raft.server.watch.timeout.denomination = 1s (default)
scm_1       | 2022-12-02 11:14:37,426 [6fc01362-4be8-4bef-9765-308703ee51ee@group-118B227F634A-LeaderElection1] INFO server.RaftServerConfigKeys: raft.server.watch.element-limit = 65536 (default)
scm_1       | 2022-12-02 11:14:37,431 [6fc01362-4be8-4bef-9765-308703ee51ee@group-118B227F634A-LeaderElection1] INFO server.RaftServerConfigKeys: raft.server.write.element-limit = 4096 (default)
scm_1       | 2022-12-02 11:14:37,433 [6fc01362-4be8-4bef-9765-308703ee51ee@group-118B227F634A-LeaderElection1] INFO server.RaftServerConfigKeys: raft.server.write.follower.gap.ratio.max = -1.0 (default)
scm_1       | 2022-12-02 11:14:37,435 [6fc01362-4be8-4bef-9765-308703ee51ee@group-118B227F634A-LeaderElection1] INFO impl.RoleInfo: 6fc01362-4be8-4bef-9765-308703ee51ee: start 6fc01362-4be8-4bef-9765-308703ee51ee@group-118B227F634A-LeaderStateImpl
scm_1       | 2022-12-02 11:14:37,448 [6fc01362-4be8-4bef-9765-308703ee51ee@group-118B227F634A-LeaderElection1] INFO segmented.SegmentedRaftLogWorker: 6fc01362-4be8-4bef-9765-308703ee51ee@group-118B227F634A-SegmentedRaftLogWorker: Rolling segment log-0_0 to index:0
scm_1       | 2022-12-02 11:14:37,463 [6fc01362-4be8-4bef-9765-308703ee51ee@group-118B227F634A-LeaderElection1] INFO server.RaftServer$Division: 6fc01362-4be8-4bef-9765-308703ee51ee@group-118B227F634A: set configuration 1: peers:[6fc01362-4be8-4bef-9765-308703ee51ee|rpc:9c76043b4b84:9894|admin:|client:|dataStream:|priority:0|startupRole:FOLLOWER]|listeners:[], old=null
scm_1       | 2022-12-02 11:14:37,464 [6fc01362-4be8-4bef-9765-308703ee51ee@group-118B227F634A-SegmentedRaftLogWorker] INFO segmented.SegmentedRaftLogWorker: 6fc01362-4be8-4bef-9765-308703ee51ee@group-118B227F634A-SegmentedRaftLogWorker: Rolled log segment from /data/metadata/scm-ha/c34508bc-417c-476c-b632-118b227f634a/current/log_inprogress_0 to /data/metadata/scm-ha/c34508bc-417c-476c-b632-118b227f634a/current/log_0-0
scm_1       | 2022-12-02 11:14:37,490 [6fc01362-4be8-4bef-9765-308703ee51ee@group-118B227F634A-SegmentedRaftLogWorker] INFO segmented.SegmentedRaftLogWorker: 6fc01362-4be8-4bef-9765-308703ee51ee@group-118B227F634A-SegmentedRaftLogWorker: created new log segment /data/metadata/scm-ha/c34508bc-417c-476c-b632-118b227f634a/current/log_inprogress_1
scm_1       | 2022-12-02 11:14:37,501 [6fc01362-4be8-4bef-9765-308703ee51ee@group-118B227F634A-StateMachineUpdater] INFO ha.SCMContext: update <isLeaderReady> from <false> to <true>
scm_1       | 2022-12-02 11:14:37,502 [6fc01362-4be8-4bef-9765-308703ee51ee@group-118B227F634A-StateMachineUpdater] INFO pipeline.BackgroundPipelineCreator: Service BackgroundPipelineCreator transitions to RUNNING.
scm_1       | 2022-12-02 11:14:37,503 [6fc01362-4be8-4bef-9765-308703ee51ee@group-118B227F634A-StateMachineUpdater] INFO safemode.HealthyPipelineSafeModeRule: Refreshed total pipeline count is 0, healthy pipeline threshold count is 0
scm_1       | 2022-12-02 11:14:37,504 [6fc01362-4be8-4bef-9765-308703ee51ee@group-118B227F634A-StateMachineUpdater] INFO safemode.ContainerSafeModeRule: Refreshed one replica container threshold 0, currentThreshold 0
scm_1       | 2022-12-02 11:14:37,505 [6fc01362-4be8-4bef-9765-308703ee51ee@group-118B227F634A-StateMachineUpdater] INFO safemode.OneReplicaPipelineSafeModeRule: Refreshed Total pipeline count is 0, pipeline's with at least one datanode reported threshold count is 0
scm_1       | 2022-12-02 11:14:37,505 [6fc01362-4be8-4bef-9765-308703ee51ee@group-118B227F634A-StateMachineUpdater] INFO server.SCMDatanodeProtocolServer: ScmDatanodeProtocol RPC server for DataNodes is listening at /0.0.0.0:9861
scm_1       | 2022-12-02 11:14:37,513 [IPC Server listener on 9861] INFO ipc.Server: IPC Server listener on 9861: starting
scm_1       | 2022-12-02 11:14:37,561 [IPC Server Responder] INFO ipc.Server: IPC Server Responder: starting
scm_1       | 2022-12-02 11:14:37,618 [IPC Server handler 99 on default port 9861] INFO ipc.Server: IPC Server handler 99 on default port 9861: skipped Call#0 Retry#0 org.apache.hadoop.ozone.protocol.StorageContainerDatanodeProtocol.submitRequest from 172.18.0.2:58692
scm_1       | 2022-12-02 11:14:37,759 [IPC Server handler 0 on default port 9861] WARN ipc.Server: IPC Server handler 0 on default port 9861, call Call#0 Retry#0 org.apache.hadoop.ozone.protocol.StorageContainerDatanodeProtocol.submitRequest from 172.18.0.6:51576: output error
scm_1       | 2022-12-02 11:14:37,778 [IPC Server handler 0 on default port 9861] INFO ipc.Server: IPC Server handler 0 on default port 9861 caught an exception
scm_1       | java.nio.channels.ClosedChannelException
scm_1       | 	at java.base/sun.nio.ch.SocketChannelImpl.ensureOpenAndConnected(SocketChannelImpl.java:180)
scm_1       | 	at java.base/sun.nio.ch.SocketChannelImpl.write(SocketChannelImpl.java:452)
scm_1       | 	at org.apache.hadoop.ipc.Server.channelWrite(Server.java:3619)
scm_1       | 	at org.apache.hadoop.ipc.Server.access$1700(Server.java:144)
scm_1       | 	at org.apache.hadoop.ipc.Server$Responder.processResponse(Server.java:1672)
scm_1       | 	at org.apache.hadoop.ipc.Server$Responder.doRespond(Server.java:1742)
scm_1       | 	at org.apache.hadoop.ipc.Server$Connection.sendResponse(Server.java:2847)
scm_1       | 	at org.apache.hadoop.ipc.Server$Connection.access$300(Server.java:1814)
