datanode_2  | 2022-12-02 11:14:49,055 [pool-22-thread-1] INFO server.RaftServerConfigKeys: raft.server.log.segment.size.max = 1048576 (custom)
datanode_3  | 2022-12-02 11:14:41,985 [pool-22-thread-1] INFO storage.RaftStorageDirectory: The storage directory /data/metadata/ratis/4e93a457-c8ba-4d2e-b1b0-c03d806a4722 does not exist. Creating ...
datanode_1  | 2022-12-02 11:14:54,442 [1032b4d4-4b99-465e-855a-8014e66ac73e@group-5856E99902E4-FollowerState] INFO impl.FollowerState: 1032b4d4-4b99-465e-855a-8014e66ac73e@group-5856E99902E4-FollowerState was interrupted
scm_1       | 2022-12-02 11:14:17,146 [pool-2-thread-1] INFO server.RaftServerConfigKeys: raft.server.storage.dir = [/data/metadata/scm-ha] (custom)
datanode_2  | 2022-12-02 11:14:49,058 [pool-22-thread-1] INFO server.RaftServerConfigKeys: raft.server.log.segment.cache.num.max = 2 (custom)
datanode_3  | 2022-12-02 11:14:41,999 [pool-22-thread-1] INFO storage.RaftStorageDirectory: Lock on /data/metadata/ratis/4e93a457-c8ba-4d2e-b1b0-c03d806a4722/in_use.lock acquired by nodename 7@5d8db8437a79
scm_1       | 2022-12-02 11:14:17,184 [pool-2-thread-1] INFO server.RaftServerConfigKeys: raft.server.log.corruption.policy = EXCEPTION (default)
datanode_2  | 2022-12-02 11:14:49,058 [pool-22-thread-1] INFO server.RaftServerConfigKeys: raft.server.log.segment.cache.size.max = 200MB (=209715200) (default)
datanode_3  | 2022-12-02 11:14:42,012 [pool-22-thread-1] INFO storage.RaftStorage: Storage directory /data/metadata/ratis/4e93a457-c8ba-4d2e-b1b0-c03d806a4722 has been successfully formatted.
datanode_1  | 2022-12-02 11:14:54,442 [grpc-default-executor-0] INFO server.RaftServer$Division: 1032b4d4-4b99-465e-855a-8014e66ac73e@group-5856E99902E4 replies to ELECTION vote request: b6cde622-766a-4271-9234-326233a2e360<-1032b4d4-4b99-465e-855a-8014e66ac73e#0:FAIL-t1. Peer's state: 1032b4d4-4b99-465e-855a-8014e66ac73e@group-5856E99902E4:t1, leader=null, voted=null, raftlog=Memoized:1032b4d4-4b99-465e-855a-8014e66ac73e@group-5856E99902E4-SegmentedRaftLog:OPENED:c-1, conf=-1: peers:[b6cde622-766a-4271-9234-326233a2e360|rpc:172.18.0.3:9856|admin:172.18.0.3:9857|client:172.18.0.3:9858|priority:0|startupRole:FOLLOWER, de5be13d-7638-4e28-a0cb-c559a9eafa30|rpc:172.18.0.6:9856|admin:172.18.0.6:9857|client:172.18.0.6:9858|priority:0|startupRole:FOLLOWER, 1032b4d4-4b99-465e-855a-8014e66ac73e|rpc:172.18.0.2:9856|admin:172.18.0.2:9857|client:172.18.0.2:9858|priority:1|startupRole:FOLLOWER]|listeners:[], old=null
scm_1       | 2022-12-02 11:14:17,185 [pool-2-thread-1] INFO server.RaftServerConfigKeys: raft.server.storage.free-space.min = 0MB (=0) (default)
datanode_2  | 2022-12-02 11:14:49,058 [pool-22-thread-1] INFO segmented.SegmentedRaftLogWorker: new b6cde622-766a-4271-9234-326233a2e360@group-5856E99902E4-SegmentedRaftLogWorker for RaftStorageImpl:Storage Directory /data/metadata/ratis/1e9434e7-a656-48c5-b55e-5856e99902e4
datanode_3  | 2022-12-02 11:14:42,035 [pool-22-thread-1] INFO ratis.ContainerStateMachine: group-C03D806A4722: The snapshot info is null. Setting the last applied indexto:(t:0, i:~)
datanode_3  | 2022-12-02 11:14:42,041 [pool-22-thread-1] INFO server.RaftServerConfigKeys: raft.server.log.use.memory = false (default)
scm_1       | 2022-12-02 11:14:17,401 [pool-2-thread-1] INFO server.RaftServerConfigKeys: raft.server.notification.no-leader.timeout = 60s (default)
datanode_2  | 2022-12-02 11:14:49,058 [pool-22-thread-1] INFO server.RaftServerConfigKeys: raft.server.log.queue.byte-limit = 4294967296 (custom)
datanode_1  | 2022-12-02 11:14:54,448 [1032b4d4-4b99-465e-855a-8014e66ac73e@group-5856E99902E4-FollowerState] INFO server.RaftServerConfigKeys: raft.server.rpc.first-election.timeout.min = 5s (fallback to raft.server.rpc.timeout.min)
datanode_3  | 2022-12-02 11:14:42,058 [pool-22-thread-1] INFO server.RaftServerConfigKeys: raft.server.log.purge.gap = 1000000 (custom)
datanode_3  | 2022-12-02 11:14:42,060 [pool-22-thread-1] INFO server.RaftServerConfigKeys: raft.server.log.appender.buffer.byte-limit = 33554432 (custom)
datanode_2  | 2022-12-02 11:14:49,059 [pool-22-thread-1] INFO server.RaftServerConfigKeys: raft.server.log.queue.element-limit = 1024 (custom)
scm_1       | 2022-12-02 11:14:17,422 [pool-2-thread-1] INFO server.RaftServerConfigKeys: raft.server.retrycache.expirytime = 60000ms (default)
datanode_1  | 2022-12-02 11:14:54,455 [1032b4d4-4b99-465e-855a-8014e66ac73e@group-5856E99902E4-FollowerState] INFO server.RaftServerConfigKeys: raft.server.rpc.first-election.timeout.max = 5200ms (fallback to raft.server.rpc.timeout.max)
datanode_1  | 2022-12-02 11:14:54,563 [grpc-default-executor-0] INFO server.RaftServer$Division: 1032b4d4-4b99-465e-855a-8014e66ac73e@group-EBB508DF266C: receive requestVote(ELECTION, b6cde622-766a-4271-9234-326233a2e360, group-EBB508DF266C, 2, (t:0, i:0))
datanode_1  | 2022-12-02 11:14:54,564 [grpc-default-executor-0] INFO impl.VoteContext: 1032b4d4-4b99-465e-855a-8014e66ac73e@group-EBB508DF266C-FOLLOWER: accept ELECTION from b6cde622-766a-4271-9234-326233a2e360: our priority 0 <= candidate's priority 1
datanode_1  | 2022-12-02 11:14:54,564 [grpc-default-executor-0] INFO server.RaftServer$Division: 1032b4d4-4b99-465e-855a-8014e66ac73e@group-EBB508DF266C: changes role from  FOLLOWER to FOLLOWER at term 2 for candidate:b6cde622-766a-4271-9234-326233a2e360
scm_1       | 2022-12-02 11:14:17,448 [pool-2-thread-1] INFO server.RaftServerConfigKeys: raft.server.retrycache.statistics.expirytime = 100?s (default)
scm_1       | 2022-12-02 11:14:17,800 [pool-2-thread-1] INFO metrics.MetricRegistries: Loaded MetricRegistries class org.apache.ratis.metrics.impl.MetricRegistriesImpl
datanode_2  | 2022-12-02 11:14:49,059 [pool-22-thread-1] INFO server.RaftServerConfigKeys: raft.server.log.segment.size.max = 1048576 (custom)
scm_1       | 2022-12-02 11:14:18,909 [pool-2-thread-1] INFO server.RaftServerConfigKeys: raft.server.log.appender.install.snapshot.enabled = false (custom)
datanode_2  | 2022-12-02 11:14:49,059 [pool-22-thread-1] INFO server.RaftServerConfigKeys: raft.server.log.preallocated.size = 16384 (custom)
datanode_1  | 2022-12-02 11:14:54,564 [grpc-default-executor-0] INFO impl.RoleInfo: 1032b4d4-4b99-465e-855a-8014e66ac73e: shutdown 1032b4d4-4b99-465e-855a-8014e66ac73e@group-EBB508DF266C-FollowerState
datanode_3  | 2022-12-02 11:14:42,062 [pool-22-thread-1] INFO server.RaftServerConfigKeys: raft.server.log.statemachine.data.read.timeout = 1000ms (default)
datanode_3  | 2022-12-02 11:14:42,063 [pool-22-thread-1] INFO server.RaftServerConfigKeys: raft.server.log.purge.preservation.log.num = 0 (default)
datanode_2  | 2022-12-02 11:14:49,059 [pool-22-thread-1] INFO server.RaftServerConfigKeys: raft.server.log.force.sync.num = 128 (default)
datanode_1  | 2022-12-02 11:14:54,564 [1032b4d4-4b99-465e-855a-8014e66ac73e@group-EBB508DF266C-FollowerState] INFO impl.FollowerState: 1032b4d4-4b99-465e-855a-8014e66ac73e@group-EBB508DF266C-FollowerState was interrupted
datanode_3  | 2022-12-02 11:14:42,069 [pool-22-thread-1] INFO server.RaftServerConfigKeys: raft.server.log.segment.size.max = 1048576 (custom)
datanode_3  | 2022-12-02 11:14:42,083 [pool-22-thread-1] INFO server.RaftServerConfigKeys: raft.server.log.segment.cache.num.max = 2 (custom)
datanode_2  | 2022-12-02 11:14:49,060 [pool-22-thread-1] INFO server.RaftServerConfigKeys: raft.server.log.statemachine.data.sync = true (default)
scm_1       | 2022-12-02 11:14:18,915 [pool-2-thread-1] INFO server.RaftServerConfigKeys: raft.server.threadpool.server.cached = true (default)
scm_1       | 2022-12-02 11:14:18,918 [pool-2-thread-1] INFO server.RaftServerConfigKeys: raft.server.threadpool.server.size = 0 (default)
datanode_2  | 2022-12-02 11:14:49,060 [pool-22-thread-1] INFO server.RaftServerConfigKeys: raft.server.log.statemachine.data.sync.timeout = 10s (default)
datanode_1  | 2022-12-02 11:14:54,564 [grpc-default-executor-0] INFO impl.RoleInfo: 1032b4d4-4b99-465e-855a-8014e66ac73e: start 1032b4d4-4b99-465e-855a-8014e66ac73e@group-EBB508DF266C-FollowerState
scm_1       | 2022-12-02 11:14:18,942 [pool-2-thread-1] INFO server.RaftServerConfigKeys: raft.server.threadpool.client.cached = true (default)
scm_1       | 2022-12-02 11:14:18,955 [pool-2-thread-1] INFO server.RaftServerConfigKeys: raft.server.threadpool.client.size = 0 (default)
datanode_3  | 2022-12-02 11:14:42,084 [pool-22-thread-1] INFO server.RaftServerConfigKeys: raft.server.log.segment.cache.size.max = 200MB (=209715200) (default)
datanode_1  | 2022-12-02 11:14:54,565 [1032b4d4-4b99-465e-855a-8014e66ac73e@group-EBB508DF266C-FollowerState] INFO server.RaftServerConfigKeys: raft.server.rpc.first-election.timeout.min = 5s (fallback to raft.server.rpc.timeout.min)
scm_1       | 2022-12-02 11:14:18,966 [6fc01362-4be8-4bef-9765-308703ee51ee-impl-thread1] INFO storage.RaftStorageDirectory: The storage directory /data/metadata/scm-ha/c34508bc-417c-476c-b632-118b227f634a does not exist. Creating ...
scm_1       | 2022-12-02 11:14:19,008 [6fc01362-4be8-4bef-9765-308703ee51ee-impl-thread1] INFO storage.RaftStorageDirectory: Lock on /data/metadata/scm-ha/c34508bc-417c-476c-b632-118b227f634a/in_use.lock acquired by nodename 13@9c76043b4b84
datanode_3  | 2022-12-02 11:14:42,134 [pool-22-thread-1] INFO segmented.SegmentedRaftLogWorker: new de5be13d-7638-4e28-a0cb-c559a9eafa30@group-C03D806A4722-SegmentedRaftLogWorker for RaftStorageImpl:Storage Directory /data/metadata/ratis/4e93a457-c8ba-4d2e-b1b0-c03d806a4722
scm_1       | 2022-12-02 11:14:19,056 [6fc01362-4be8-4bef-9765-308703ee51ee-impl-thread1] INFO storage.RaftStorage: Storage directory /data/metadata/scm-ha/c34508bc-417c-476c-b632-118b227f634a has been successfully formatted.
scm_1       | 2022-12-02 11:14:19,070 [6fc01362-4be8-4bef-9765-308703ee51ee-impl-thread1] INFO server.RaftServerConfigKeys: raft.server.log.use.memory = false (default)
scm_1       | 2022-12-02 11:14:19,124 [6fc01362-4be8-4bef-9765-308703ee51ee-impl-thread1] INFO server.RaftServerConfigKeys: raft.server.log.purge.gap = 1000000 (custom)
scm_1       | 2022-12-02 11:14:19,135 [6fc01362-4be8-4bef-9765-308703ee51ee-impl-thread1] INFO server.RaftServerConfigKeys: raft.server.log.appender.buffer.byte-limit = 33554432 (custom)
scm_1       | 2022-12-02 11:14:19,149 [6fc01362-4be8-4bef-9765-308703ee51ee-impl-thread1] INFO server.RaftServerConfigKeys: raft.server.log.statemachine.data.read.timeout = 1000ms (default)
scm_1       | 2022-12-02 11:14:19,163 [6fc01362-4be8-4bef-9765-308703ee51ee-impl-thread1] INFO server.RaftServerConfigKeys: raft.server.log.purge.preservation.log.num = 0 (default)
datanode_1  | 2022-12-02 11:14:54,565 [1032b4d4-4b99-465e-855a-8014e66ac73e@group-EBB508DF266C-FollowerState] INFO server.RaftServerConfigKeys: raft.server.rpc.first-election.timeout.max = 5200ms (fallback to raft.server.rpc.timeout.max)
scm_1       | 2022-12-02 11:14:19,180 [6fc01362-4be8-4bef-9765-308703ee51ee-impl-thread1] INFO server.RaftServerConfigKeys: raft.server.log.segment.size.max = 4194304 (custom)
scm_1       | 2022-12-02 11:14:19,220 [6fc01362-4be8-4bef-9765-308703ee51ee-impl-thread1] INFO server.RaftServerConfigKeys: raft.server.log.segment.cache.num.max = 2 (custom)
scm_1       | 2022-12-02 11:14:19,221 [6fc01362-4be8-4bef-9765-308703ee51ee-impl-thread1] INFO server.RaftServerConfigKeys: raft.server.log.segment.cache.size.max = 200MB (=209715200) (default)
scm_1       | 2022-12-02 11:14:19,256 [6fc01362-4be8-4bef-9765-308703ee51ee-impl-thread1] INFO segmented.SegmentedRaftLogWorker: new 6fc01362-4be8-4bef-9765-308703ee51ee@group-118B227F634A-SegmentedRaftLogWorker for RaftStorageImpl:Storage Directory /data/metadata/scm-ha/c34508bc-417c-476c-b632-118b227f634a
datanode_3  | 2022-12-02 11:14:42,135 [pool-22-thread-1] INFO server.RaftServerConfigKeys: raft.server.log.queue.byte-limit = 4294967296 (custom)
datanode_3  | 2022-12-02 11:14:42,136 [pool-22-thread-1] INFO server.RaftServerConfigKeys: raft.server.log.queue.element-limit = 1024 (custom)
datanode_1  | 2022-12-02 11:14:54,575 [grpc-default-executor-0] INFO server.RaftServer$Division: 1032b4d4-4b99-465e-855a-8014e66ac73e@group-EBB508DF266C replies to ELECTION vote request: b6cde622-766a-4271-9234-326233a2e360<-1032b4d4-4b99-465e-855a-8014e66ac73e#0:OK-t2. Peer's state: 1032b4d4-4b99-465e-855a-8014e66ac73e@group-EBB508DF266C:t2, leader=null, voted=b6cde622-766a-4271-9234-326233a2e360, raftlog=Memoized:1032b4d4-4b99-465e-855a-8014e66ac73e@group-EBB508DF266C-SegmentedRaftLog:OPENED:c-1, conf=-1: peers:[b6cde622-766a-4271-9234-326233a2e360|rpc:172.18.0.3:9856|admin:172.18.0.3:9857|client:172.18.0.3:9858|priority:1|startupRole:FOLLOWER, de5be13d-7638-4e28-a0cb-c559a9eafa30|rpc:172.18.0.6:9856|admin:172.18.0.6:9857|client:172.18.0.6:9858|priority:0|startupRole:FOLLOWER, 1032b4d4-4b99-465e-855a-8014e66ac73e|rpc:172.18.0.2:9856|admin:172.18.0.2:9857|client:172.18.0.2:9858|priority:0|startupRole:FOLLOWER]|listeners:[], old=null
scm_1       | 2022-12-02 11:14:19,256 [6fc01362-4be8-4bef-9765-308703ee51ee-impl-thread1] INFO server.RaftServerConfigKeys: raft.server.log.queue.byte-limit = 64MB (=67108864) (default)
datanode_3  | 2022-12-02 11:14:42,141 [pool-22-thread-1] INFO server.RaftServerConfigKeys: raft.server.log.segment.size.max = 1048576 (custom)
datanode_3  | 2022-12-02 11:14:42,144 [pool-22-thread-1] INFO server.RaftServerConfigKeys: raft.server.log.preallocated.size = 16384 (custom)
datanode_1  | 2022-12-02 11:14:54,808 [1032b4d4-4b99-465e-855a-8014e66ac73e-server-thread1] INFO ratis.XceiverServerRatis: Leader change notification received for group: group-EBB508DF266C with new leaderId: b6cde622-766a-4271-9234-326233a2e360
scm_1       | 2022-12-02 11:14:19,257 [6fc01362-4be8-4bef-9765-308703ee51ee-impl-thread1] INFO server.RaftServerConfigKeys: raft.server.log.queue.element-limit = 4096 (default)
scm_1       | 2022-12-02 11:14:19,267 [6fc01362-4be8-4bef-9765-308703ee51ee-impl-thread1] INFO server.RaftServerConfigKeys: raft.server.log.segment.size.max = 4194304 (custom)
scm_1       | 2022-12-02 11:14:19,271 [6fc01362-4be8-4bef-9765-308703ee51ee-impl-thread1] INFO server.RaftServerConfigKeys: raft.server.log.preallocated.size = 4194304 (custom)
scm_1       | 2022-12-02 11:14:19,272 [6fc01362-4be8-4bef-9765-308703ee51ee-impl-thread1] INFO server.RaftServerConfigKeys: raft.server.log.force.sync.num = 128 (default)
scm_1       | 2022-12-02 11:14:19,273 [6fc01362-4be8-4bef-9765-308703ee51ee-impl-thread1] INFO server.RaftServerConfigKeys: raft.server.log.statemachine.data.sync = true (default)
datanode_3  | 2022-12-02 11:14:42,145 [pool-22-thread-1] INFO server.RaftServerConfigKeys: raft.server.log.force.sync.num = 128 (default)
datanode_1  | 2022-12-02 11:14:54,808 [1032b4d4-4b99-465e-855a-8014e66ac73e-server-thread1] INFO server.RaftServer$Division: 1032b4d4-4b99-465e-855a-8014e66ac73e@group-EBB508DF266C: change Leader from null to b6cde622-766a-4271-9234-326233a2e360 at term 2 for appendEntries, leader elected after 10827ms
datanode_2  | 2022-12-02 11:14:49,060 [pool-22-thread-1] INFO server.RaftServerConfigKeys: raft.server.log.statemachine.data.sync.timeout.retry = -1 (default)
datanode_2  | 2022-12-02 11:14:49,062 [pool-22-thread-1] INFO server.RaftServerConfigKeys: raft.server.log.write.buffer.size = 1048576 (custom)
datanode_3  | 2022-12-02 11:14:42,147 [pool-22-thread-1] INFO server.RaftServerConfigKeys: raft.server.log.statemachine.data.sync = true (default)
datanode_3  | 2022-12-02 11:14:42,153 [pool-22-thread-1] INFO server.RaftServerConfigKeys: raft.server.log.statemachine.data.sync.timeout = 10s (default)
datanode_3  | 2022-12-02 11:14:42,153 [pool-22-thread-1] INFO server.RaftServerConfigKeys: raft.server.log.statemachine.data.sync.timeout.retry = -1 (default)
datanode_3  | 2022-12-02 11:14:42,194 [pool-22-thread-1] INFO server.RaftServerConfigKeys: raft.server.log.write.buffer.size = 1048576 (custom)
datanode_3  | 2022-12-02 11:14:42,196 [pool-22-thread-1] INFO server.RaftServerConfigKeys: raft.server.log.appender.buffer.byte-limit = 33554432 (custom)
datanode_3  | 2022-12-02 11:14:42,247 [pool-22-thread-1] INFO server.RaftServerConfigKeys: raft.server.log.unsafe-flush.enabled = false (default)
datanode_3  | 2022-12-02 11:14:42,249 [pool-22-thread-1] INFO server.RaftServerConfigKeys: raft.server.log.async-flush.enabled = false (default)
datanode_3  | 2022-12-02 11:14:42,256 [pool-22-thread-1] INFO server.RaftServerConfigKeys: raft.server.log.statemachine.data.caching.enabled = true (custom)
datanode_3  | 2022-12-02 11:14:42,294 [pool-22-thread-1] INFO segmented.SegmentedRaftLogWorker: de5be13d-7638-4e28-a0cb-c559a9eafa30@group-C03D806A4722-SegmentedRaftLogWorker: flushIndex: setUnconditionally 0 -> -1
datanode_3  | 2022-12-02 11:14:42,295 [pool-22-thread-1] INFO segmented.SegmentedRaftLogWorker: de5be13d-7638-4e28-a0cb-c559a9eafa30@group-C03D806A4722-SegmentedRaftLogWorker: safeCacheEvictIndex: setUnconditionally 0 -> -1
datanode_3  | 2022-12-02 11:14:42,315 [pool-22-thread-1] INFO server.RaftServer$Division: de5be13d-7638-4e28-a0cb-c559a9eafa30@group-C03D806A4722: start as a follower, conf=-1: peers:[de5be13d-7638-4e28-a0cb-c559a9eafa30|rpc:172.18.0.6:9856|admin:172.18.0.6:9857|client:172.18.0.6:9858|priority:1|startupRole:FOLLOWER]|listeners:[], old=null
datanode_3  | 2022-12-02 11:14:42,325 [pool-22-thread-1] INFO server.RaftServer$Division: de5be13d-7638-4e28-a0cb-c559a9eafa30@group-C03D806A4722: changes role from      null to FOLLOWER at term 0 for startAsFollower
datanode_3  | 2022-12-02 11:14:42,344 [pool-22-thread-1] INFO impl.RoleInfo: de5be13d-7638-4e28-a0cb-c559a9eafa30: start de5be13d-7638-4e28-a0cb-c559a9eafa30@group-C03D806A4722-FollowerState
datanode_3  | 2022-12-02 11:14:42,360 [de5be13d-7638-4e28-a0cb-c559a9eafa30@group-C03D806A4722-FollowerState] INFO server.RaftServerConfigKeys: raft.server.rpc.first-election.timeout.min = 5s (fallback to raft.server.rpc.timeout.min)
datanode_3  | 2022-12-02 11:14:42,360 [de5be13d-7638-4e28-a0cb-c559a9eafa30@group-C03D806A4722-FollowerState] INFO server.RaftServerConfigKeys: raft.server.rpc.first-election.timeout.max = 5200ms (fallback to raft.server.rpc.timeout.max)
datanode_1  | 2022-12-02 11:14:54,811 [1032b4d4-4b99-465e-855a-8014e66ac73e-server-thread1] INFO server.RaftServer$Division: 1032b4d4-4b99-465e-855a-8014e66ac73e@group-EBB508DF266C: set configuration 0: peers:[b6cde622-766a-4271-9234-326233a2e360|rpc:172.18.0.3:9856|admin:172.18.0.3:9857|client:172.18.0.3:9858|dataStream:|priority:1|startupRole:FOLLOWER, de5be13d-7638-4e28-a0cb-c559a9eafa30|rpc:172.18.0.6:9856|admin:172.18.0.6:9857|client:172.18.0.6:9858|dataStream:|priority:0|startupRole:FOLLOWER, 1032b4d4-4b99-465e-855a-8014e66ac73e|rpc:172.18.0.2:9856|admin:172.18.0.2:9857|client:172.18.0.2:9858|dataStream:|priority:0|startupRole:FOLLOWER]|listeners:[], old=null
datanode_3  | 2022-12-02 11:14:42,364 [pool-22-thread-1] INFO util.JmxRegister: Successfully registered JMX Bean with object name Ratis:service=RaftServer,group=group-C03D806A4722,id=de5be13d-7638-4e28-a0cb-c559a9eafa30
datanode_3  | 2022-12-02 11:14:42,369 [pool-22-thread-1] INFO server.RaftServerConfigKeys: raft.server.snapshot.auto.trigger.enabled = true (custom)
datanode_3  | 2022-12-02 11:14:42,370 [pool-22-thread-1] INFO server.RaftServerConfigKeys: raft.server.snapshot.auto.trigger.threshold = 10000 (custom)
datanode_3  | 2022-12-02 11:14:42,371 [pool-22-thread-1] INFO server.RaftServerConfigKeys: raft.server.snapshot.retention.file.num = 5 (custom)
datanode_3  | 2022-12-02 11:14:42,372 [pool-22-thread-1] INFO server.RaftServerConfigKeys: raft.server.log.purge.upto.snapshot.index = false (default)
datanode_3  | 2022-12-02 11:14:42,559 [Command processor thread] INFO ratis.XceiverServerRatis: Created group PipelineID=4e93a457-c8ba-4d2e-b1b0-c03d806a4722
datanode_3  | 2022-12-02 11:14:42,560 [Command processor thread] INFO commandhandler.CreatePipelineCommandHandler: Created Pipeline RATIS ONE PipelineID=4e93a457-c8ba-4d2e-b1b0-c03d806a4722.
datanode_2  | 2022-12-02 11:14:49,073 [pool-22-thread-1] INFO server.RaftServerConfigKeys: raft.server.log.appender.buffer.byte-limit = 33554432 (custom)
datanode_2  | 2022-12-02 11:14:49,108 [pool-22-thread-1] INFO server.RaftServerConfigKeys: raft.server.log.unsafe-flush.enabled = false (default)
datanode_3  | 2022-12-02 11:14:42,562 [Command processor thread] INFO server.RaftServer: de5be13d-7638-4e28-a0cb-c559a9eafa30: addNew group-EBB508DF266C:[b6cde622-766a-4271-9234-326233a2e360|rpc:172.18.0.3:9856|admin:172.18.0.3:9857|client:172.18.0.3:9858|priority:1|startupRole:FOLLOWER, de5be13d-7638-4e28-a0cb-c559a9eafa30|rpc:172.18.0.6:9856|admin:172.18.0.6:9857|client:172.18.0.6:9858|priority:0|startupRole:FOLLOWER, 1032b4d4-4b99-465e-855a-8014e66ac73e|rpc:172.18.0.2:9856|admin:172.18.0.2:9857|client:172.18.0.2:9858|priority:0|startupRole:FOLLOWER] returns group-EBB508DF266C:java.util.concurrent.CompletableFuture@29c8975[Not completed]
datanode_3  | 2022-12-02 11:14:42,583 [pool-22-thread-1] INFO server.RaftServer$Division: de5be13d-7638-4e28-a0cb-c559a9eafa30: new RaftServerImpl for group-EBB508DF266C:[b6cde622-766a-4271-9234-326233a2e360|rpc:172.18.0.3:9856|admin:172.18.0.3:9857|client:172.18.0.3:9858|priority:1|startupRole:FOLLOWER, de5be13d-7638-4e28-a0cb-c559a9eafa30|rpc:172.18.0.6:9856|admin:172.18.0.6:9857|client:172.18.0.6:9858|priority:0|startupRole:FOLLOWER, 1032b4d4-4b99-465e-855a-8014e66ac73e|rpc:172.18.0.2:9856|admin:172.18.0.2:9857|client:172.18.0.2:9858|priority:0|startupRole:FOLLOWER] with ContainerStateMachine:uninitialized
datanode_3  | 2022-12-02 11:14:42,586 [pool-22-thread-1] INFO server.RaftServerConfigKeys: raft.server.rpc.timeout.min = 5s (custom)
datanode_2  | 2022-12-02 11:14:49,109 [pool-22-thread-1] INFO server.RaftServerConfigKeys: raft.server.log.async-flush.enabled = false (default)
datanode_2  | 2022-12-02 11:14:49,109 [pool-22-thread-1] INFO server.RaftServerConfigKeys: raft.server.log.statemachine.data.caching.enabled = true (custom)
datanode_2  | 2022-12-02 11:14:49,109 [pool-22-thread-1] INFO segmented.SegmentedRaftLogWorker: b6cde622-766a-4271-9234-326233a2e360@group-5856E99902E4-SegmentedRaftLogWorker: flushIndex: setUnconditionally 0 -> -1
datanode_1  | 2022-12-02 11:14:54,812 [1032b4d4-4b99-465e-855a-8014e66ac73e-server-thread1] INFO segmented.SegmentedRaftLogWorker: 1032b4d4-4b99-465e-855a-8014e66ac73e@group-EBB508DF266C-SegmentedRaftLogWorker: Starting segment from index:0
datanode_2  | 2022-12-02 11:14:49,110 [pool-22-thread-1] INFO segmented.SegmentedRaftLogWorker: b6cde622-766a-4271-9234-326233a2e360@group-5856E99902E4-SegmentedRaftLogWorker: safeCacheEvictIndex: setUnconditionally 0 -> -1
datanode_2  | 2022-12-02 11:14:49,115 [pool-22-thread-1] INFO server.RaftServer$Division: b6cde622-766a-4271-9234-326233a2e360@group-5856E99902E4: start as a follower, conf=-1: peers:[b6cde622-766a-4271-9234-326233a2e360|rpc:172.18.0.3:9856|admin:172.18.0.3:9857|client:172.18.0.3:9858|priority:0|startupRole:FOLLOWER, de5be13d-7638-4e28-a0cb-c559a9eafa30|rpc:172.18.0.6:9856|admin:172.18.0.6:9857|client:172.18.0.6:9858|priority:0|startupRole:FOLLOWER, 1032b4d4-4b99-465e-855a-8014e66ac73e|rpc:172.18.0.2:9856|admin:172.18.0.2:9857|client:172.18.0.2:9858|priority:1|startupRole:FOLLOWER]|listeners:[], old=null
datanode_2  | 2022-12-02 11:14:49,115 [pool-22-thread-1] INFO server.RaftServer$Division: b6cde622-766a-4271-9234-326233a2e360@group-5856E99902E4: changes role from      null to FOLLOWER at term 0 for startAsFollower
scm_1       | 2022-12-02 11:14:19,278 [6fc01362-4be8-4bef-9765-308703ee51ee-impl-thread1] INFO server.RaftServerConfigKeys: raft.server.log.statemachine.data.sync.timeout = 10s (default)
datanode_1  | 2022-12-02 11:14:54,814 [1032b4d4-4b99-465e-855a-8014e66ac73e@group-EBB508DF266C-SegmentedRaftLogWorker] INFO segmented.SegmentedRaftLogWorker: 1032b4d4-4b99-465e-855a-8014e66ac73e@group-EBB508DF266C-SegmentedRaftLogWorker: created new log segment /data/metadata/ratis/bdca8546-18e1-4be6-a9c9-ebb508df266c/current/log_inprogress_0
scm_1       | 2022-12-02 11:14:19,305 [6fc01362-4be8-4bef-9765-308703ee51ee-impl-thread1] INFO server.RaftServerConfigKeys: raft.server.log.statemachine.data.sync.timeout.retry = -1 (default)
scm_1       | 2022-12-02 11:14:19,404 [6fc01362-4be8-4bef-9765-308703ee51ee-impl-thread1] INFO server.RaftServerConfigKeys: raft.server.log.write.buffer.size = 64KB (=65536) (default)
scm_1       | 2022-12-02 11:14:19,404 [6fc01362-4be8-4bef-9765-308703ee51ee-impl-thread1] INFO server.RaftServerConfigKeys: raft.server.log.appender.buffer.byte-limit = 33554432 (custom)
scm_1       | 2022-12-02 11:14:19,527 [6fc01362-4be8-4bef-9765-308703ee51ee-impl-thread1] INFO server.RaftServerConfigKeys: raft.server.log.unsafe-flush.enabled = false (default)
scm_1       | 2022-12-02 11:14:19,528 [6fc01362-4be8-4bef-9765-308703ee51ee-impl-thread1] INFO server.RaftServerConfigKeys: raft.server.log.async-flush.enabled = false (default)
scm_1       | 2022-12-02 11:14:19,528 [6fc01362-4be8-4bef-9765-308703ee51ee-impl-thread1] INFO server.RaftServerConfigKeys: raft.server.log.statemachine.data.caching.enabled = false (default)
datanode_1  | 2022-12-02 11:14:59,631 [1032b4d4-4b99-465e-855a-8014e66ac73e@group-5856E99902E4-FollowerState] INFO impl.FollowerState: 1032b4d4-4b99-465e-855a-8014e66ac73e@group-5856E99902E4-FollowerState: change to CANDIDATE, lastRpcElapsedTime:5189314670ns, electionTimeout:5175ms
datanode_2  | 2022-12-02 11:14:49,115 [pool-22-thread-1] INFO impl.RoleInfo: b6cde622-766a-4271-9234-326233a2e360: start b6cde622-766a-4271-9234-326233a2e360@group-5856E99902E4-FollowerState
datanode_2  | 2022-12-02 11:14:49,260 [pool-22-thread-1] INFO util.JmxRegister: Successfully registered JMX Bean with object name Ratis:service=RaftServer,group=group-5856E99902E4,id=b6cde622-766a-4271-9234-326233a2e360
datanode_2  | 2022-12-02 11:14:49,270 [pool-22-thread-1] INFO server.RaftServerConfigKeys: raft.server.snapshot.auto.trigger.enabled = true (custom)
datanode_2  | 2022-12-02 11:14:49,271 [pool-22-thread-1] INFO server.RaftServerConfigKeys: raft.server.snapshot.auto.trigger.threshold = 10000 (custom)
datanode_1  | 2022-12-02 11:14:59,631 [1032b4d4-4b99-465e-855a-8014e66ac73e@group-5856E99902E4-FollowerState] INFO impl.RoleInfo: 1032b4d4-4b99-465e-855a-8014e66ac73e: shutdown 1032b4d4-4b99-465e-855a-8014e66ac73e@group-5856E99902E4-FollowerState
datanode_3  | 2022-12-02 11:14:42,587 [pool-22-thread-1] INFO server.RaftServerConfigKeys: raft.server.rpc.timeout.max = 5200ms (custom)
datanode_3  | 2022-12-02 11:14:42,587 [pool-22-thread-1] INFO server.RaftServerConfigKeys: raft.server.rpc.sleep.time = 25ms (default)
datanode_3  | 2022-12-02 11:14:42,588 [pool-22-thread-1] INFO server.RaftServerConfigKeys: raft.server.rpc.slowness.timeout = 300s (custom)
datanode_3  | 2022-12-02 11:14:42,588 [pool-22-thread-1] INFO server.RaftServerConfigKeys: raft.server.leaderelection.leader.step-down.wait-time = 10s (default)
datanode_3  | 2022-12-02 11:14:42,589 [pool-22-thread-1] INFO server.RaftServerConfigKeys: raft.server.sleep.deviation.threshold = 300ms (default)
datanode_2  | 2022-12-02 11:14:49,271 [pool-22-thread-1] INFO server.RaftServerConfigKeys: raft.server.snapshot.retention.file.num = 5 (custom)
scm_1       | 2022-12-02 11:14:19,551 [6fc01362-4be8-4bef-9765-308703ee51ee-impl-thread1] INFO segmented.SegmentedRaftLogWorker: 6fc01362-4be8-4bef-9765-308703ee51ee@group-118B227F634A-SegmentedRaftLogWorker: flushIndex: setUnconditionally 0 -> -1
scm_1       | 2022-12-02 11:14:19,558 [6fc01362-4be8-4bef-9765-308703ee51ee-impl-thread1] INFO segmented.SegmentedRaftLogWorker: 6fc01362-4be8-4bef-9765-308703ee51ee@group-118B227F634A-SegmentedRaftLogWorker: safeCacheEvictIndex: setUnconditionally 0 -> -1
scm_1       | 2022-12-02 11:14:19,563 [6fc01362-4be8-4bef-9765-308703ee51ee-impl-thread1] INFO server.RaftServer$Division: 6fc01362-4be8-4bef-9765-308703ee51ee@group-118B227F634A: start as a follower, conf=-1: peers:[6fc01362-4be8-4bef-9765-308703ee51ee|rpc:9c76043b4b84:9894|priority:0|startupRole:FOLLOWER]|listeners:[], old=null
datanode_1  | 2022-12-02 11:14:59,632 [1032b4d4-4b99-465e-855a-8014e66ac73e@group-5856E99902E4-FollowerState] INFO server.RaftServer$Division: 1032b4d4-4b99-465e-855a-8014e66ac73e@group-5856E99902E4: changes role from  FOLLOWER to CANDIDATE at term 1 for changeToCandidate
scm_1       | 2022-12-02 11:14:19,578 [6fc01362-4be8-4bef-9765-308703ee51ee-impl-thread1] INFO server.RaftServer$Division: 6fc01362-4be8-4bef-9765-308703ee51ee@group-118B227F634A: changes role from      null to FOLLOWER at term 0 for startAsFollower
scm_1       | 2022-12-02 11:14:19,580 [6fc01362-4be8-4bef-9765-308703ee51ee-impl-thread1] INFO impl.RoleInfo: 6fc01362-4be8-4bef-9765-308703ee51ee: start 6fc01362-4be8-4bef-9765-308703ee51ee@group-118B227F634A-FollowerState
scm_1       | 2022-12-02 11:14:19,584 [6fc01362-4be8-4bef-9765-308703ee51ee@group-118B227F634A-FollowerState] INFO server.RaftServerConfigKeys: raft.server.rpc.first-election.timeout.min = 5000ms (fallback to raft.server.rpc.timeout.min)
datanode_2  | 2022-12-02 11:14:49,271 [pool-22-thread-1] INFO server.RaftServerConfigKeys: raft.server.log.purge.upto.snapshot.index = false (default)
datanode_2  | 2022-12-02 11:14:49,270 [b6cde622-766a-4271-9234-326233a2e360@group-5856E99902E4-FollowerState] INFO server.RaftServerConfigKeys: raft.server.rpc.first-election.timeout.min = 5s (fallback to raft.server.rpc.timeout.min)
datanode_2  | 2022-12-02 11:14:49,298 [b6cde622-766a-4271-9234-326233a2e360@group-5856E99902E4-FollowerState] INFO server.RaftServerConfigKeys: raft.server.rpc.first-election.timeout.max = 5200ms (fallback to raft.server.rpc.timeout.max)
datanode_1  | 2022-12-02 11:14:59,632 [1032b4d4-4b99-465e-855a-8014e66ac73e@group-5856E99902E4-FollowerState] INFO server.RaftServerConfigKeys: raft.server.leaderelection.pre-vote = false (custom)
datanode_2  | 2022-12-02 11:14:49,291 [Command processor thread] INFO ratis.XceiverServerRatis: Created group PipelineID=1e9434e7-a656-48c5-b55e-5856e99902e4
scm_1       | 2022-12-02 11:14:19,584 [6fc01362-4be8-4bef-9765-308703ee51ee@group-118B227F634A-FollowerState] INFO server.RaftServerConfigKeys: raft.server.rpc.first-election.timeout.max = 5200ms (fallback to raft.server.rpc.timeout.max)
scm_1       | 2022-12-02 11:14:19,612 [6fc01362-4be8-4bef-9765-308703ee51ee-impl-thread1] INFO util.JmxRegister: Successfully registered JMX Bean with object name Ratis:service=RaftServer,group=group-118B227F634A,id=6fc01362-4be8-4bef-9765-308703ee51ee
datanode_1  | 2022-12-02 11:14:59,633 [1032b4d4-4b99-465e-855a-8014e66ac73e@group-5856E99902E4-FollowerState] INFO impl.RoleInfo: 1032b4d4-4b99-465e-855a-8014e66ac73e: start 1032b4d4-4b99-465e-855a-8014e66ac73e@group-5856E99902E4-LeaderElection2
datanode_2  | 2022-12-02 11:14:49,151 [grpc-default-executor-2] INFO server.RaftServer$Division: b6cde622-766a-4271-9234-326233a2e360@group-EBB508DF266C: receive requestVote(ELECTION, de5be13d-7638-4e28-a0cb-c559a9eafa30, group-EBB508DF266C, 1, (t:0, i:0))
scm_1       | 2022-12-02 11:14:19,615 [6fc01362-4be8-4bef-9765-308703ee51ee-impl-thread1] INFO server.RaftServerConfigKeys: raft.server.snapshot.auto.trigger.enabled = true (custom)
scm_1       | 2022-12-02 11:14:19,619 [6fc01362-4be8-4bef-9765-308703ee51ee-impl-thread1] INFO server.RaftServerConfigKeys: raft.server.snapshot.auto.trigger.threshold = 1000 (custom)
datanode_1  | 2022-12-02 11:14:59,641 [1032b4d4-4b99-465e-855a-8014e66ac73e@group-5856E99902E4-LeaderElection2] INFO impl.LeaderElection: 1032b4d4-4b99-465e-855a-8014e66ac73e@group-5856E99902E4-LeaderElection2 ELECTION round 0: submit vote requests at term 2 for -1: peers:[b6cde622-766a-4271-9234-326233a2e360|rpc:172.18.0.3:9856|admin:172.18.0.3:9857|client:172.18.0.3:9858|priority:0|startupRole:FOLLOWER, de5be13d-7638-4e28-a0cb-c559a9eafa30|rpc:172.18.0.6:9856|admin:172.18.0.6:9857|client:172.18.0.6:9858|priority:0|startupRole:FOLLOWER, 1032b4d4-4b99-465e-855a-8014e66ac73e|rpc:172.18.0.2:9856|admin:172.18.0.2:9857|client:172.18.0.2:9858|priority:1|startupRole:FOLLOWER]|listeners:[], old=null
datanode_2  | 2022-12-02 11:14:49,306 [grpc-default-executor-2] INFO impl.VoteContext: b6cde622-766a-4271-9234-326233a2e360@group-EBB508DF266C-FOLLOWER: reject ELECTION from de5be13d-7638-4e28-a0cb-c559a9eafa30: our priority 1 > candidate's priority 0
datanode_2  | 2022-12-02 11:14:49,306 [grpc-default-executor-2] INFO server.RaftServer$Division: b6cde622-766a-4271-9234-326233a2e360@group-EBB508DF266C: changes role from  FOLLOWER to FOLLOWER at term 1 for candidate:de5be13d-7638-4e28-a0cb-c559a9eafa30
datanode_2  | 2022-12-02 11:14:49,312 [grpc-default-executor-2] INFO impl.RoleInfo: b6cde622-766a-4271-9234-326233a2e360: shutdown b6cde622-766a-4271-9234-326233a2e360@group-EBB508DF266C-FollowerState
datanode_2  | 2022-12-02 11:14:49,324 [b6cde622-766a-4271-9234-326233a2e360@group-EBB508DF266C-FollowerState] INFO impl.FollowerState: b6cde622-766a-4271-9234-326233a2e360@group-EBB508DF266C-FollowerState was interrupted
datanode_2  | 2022-12-02 11:14:49,327 [grpc-default-executor-2] INFO impl.RoleInfo: b6cde622-766a-4271-9234-326233a2e360: start b6cde622-766a-4271-9234-326233a2e360@group-EBB508DF266C-FollowerState
datanode_2  | 2022-12-02 11:14:49,363 [b6cde622-766a-4271-9234-326233a2e360@group-EBB508DF266C-FollowerState] INFO server.RaftServerConfigKeys: raft.server.rpc.first-election.timeout.min = 5s (fallback to raft.server.rpc.timeout.min)
datanode_1  | 2022-12-02 11:14:59,646 [1032b4d4-4b99-465e-855a-8014e66ac73e@group-5856E99902E4-LeaderElection2] INFO server.RaftServerConfigKeys: raft.server.rpc.first-election.timeout.min = 5s (fallback to raft.server.rpc.timeout.min)
datanode_2  | 2022-12-02 11:14:49,363 [b6cde622-766a-4271-9234-326233a2e360@group-EBB508DF266C-FollowerState] INFO server.RaftServerConfigKeys: raft.server.rpc.first-election.timeout.max = 5200ms (fallback to raft.server.rpc.timeout.max)
datanode_2  | 2022-12-02 11:14:49,390 [grpc-default-executor-2] INFO server.RaftServer$Division: b6cde622-766a-4271-9234-326233a2e360@group-EBB508DF266C replies to ELECTION vote request: de5be13d-7638-4e28-a0cb-c559a9eafa30<-b6cde622-766a-4271-9234-326233a2e360#0:FAIL-t1. Peer's state: b6cde622-766a-4271-9234-326233a2e360@group-EBB508DF266C:t1, leader=null, voted=null, raftlog=Memoized:b6cde622-766a-4271-9234-326233a2e360@group-EBB508DF266C-SegmentedRaftLog:OPENED:c-1, conf=-1: peers:[b6cde622-766a-4271-9234-326233a2e360|rpc:172.18.0.3:9856|admin:172.18.0.3:9857|client:172.18.0.3:9858|priority:1|startupRole:FOLLOWER, de5be13d-7638-4e28-a0cb-c559a9eafa30|rpc:172.18.0.6:9856|admin:172.18.0.6:9857|client:172.18.0.6:9858|priority:0|startupRole:FOLLOWER, 1032b4d4-4b99-465e-855a-8014e66ac73e|rpc:172.18.0.2:9856|admin:172.18.0.2:9857|client:172.18.0.2:9858|priority:0|startupRole:FOLLOWER]|listeners:[], old=null
datanode_2  | 2022-12-02 11:14:49,874 [b6cde622-766a-4271-9234-326233a2e360@group-A7345CC22143-FollowerState] INFO impl.FollowerState: b6cde622-766a-4271-9234-326233a2e360@group-A7345CC22143-FollowerState: change to CANDIDATE, lastRpcElapsedTime:5210131101ns, electionTimeout:5168ms
scm_1       | 2022-12-02 11:14:19,620 [6fc01362-4be8-4bef-9765-308703ee51ee-impl-thread1] INFO server.RaftServerConfigKeys: raft.server.snapshot.retention.file.num = -1 (default)
scm_1       | 2022-12-02 11:14:19,621 [6fc01362-4be8-4bef-9765-308703ee51ee-impl-thread1] INFO server.RaftServerConfigKeys: raft.server.log.purge.upto.snapshot.index = false (default)
scm_1       | 2022-12-02 11:14:19,687 [main] INFO server.RaftServer: 6fc01362-4be8-4bef-9765-308703ee51ee: start RPC server
scm_1       | 2022-12-02 11:14:20,159 [main] INFO server.GrpcService: 6fc01362-4be8-4bef-9765-308703ee51ee: GrpcService started, listening on 9894
scm_1       | 2022-12-02 11:14:20,180 [JvmPauseMonitor0] INFO util.JvmPauseMonitor: JvmPauseMonitor-6fc01362-4be8-4bef-9765-308703ee51ee: Started
scm_1       | 2022-12-02 11:14:24,770 [6fc01362-4be8-4bef-9765-308703ee51ee@group-118B227F634A-FollowerState] INFO impl.FollowerState: 6fc01362-4be8-4bef-9765-308703ee51ee@group-118B227F634A-FollowerState: change to CANDIDATE, lastRpcElapsedTime:5190744985ns, electionTimeout:5185ms
datanode_1  | 2022-12-02 11:14:59,653 [1032b4d4-4b99-465e-855a-8014e66ac73e@group-5856E99902E4-LeaderElection2] INFO server.RaftServerConfigKeys: raft.server.rpc.first-election.timeout.max = 5200ms (fallback to raft.server.rpc.timeout.max)
datanode_3  | 2022-12-02 11:14:42,589 [pool-22-thread-1] INFO server.RaftServer$Division: de5be13d-7638-4e28-a0cb-c559a9eafa30@group-EBB508DF266C: ConfigurationManager, init=-1: peers:[b6cde622-766a-4271-9234-326233a2e360|rpc:172.18.0.3:9856|admin:172.18.0.3:9857|client:172.18.0.3:9858|priority:1|startupRole:FOLLOWER, de5be13d-7638-4e28-a0cb-c559a9eafa30|rpc:172.18.0.6:9856|admin:172.18.0.6:9857|client:172.18.0.6:9858|priority:0|startupRole:FOLLOWER, 1032b4d4-4b99-465e-855a-8014e66ac73e|rpc:172.18.0.2:9856|admin:172.18.0.2:9857|client:172.18.0.2:9858|priority:0|startupRole:FOLLOWER]|listeners:[], old=null, confs=<EMPTY_MAP>
datanode_3  | 2022-12-02 11:14:42,602 [pool-22-thread-1] INFO server.RaftServerConfigKeys: raft.server.storage.dir = [/data/metadata/ratis] (custom)
datanode_1  | 2022-12-02 11:14:59,654 [1032b4d4-4b99-465e-855a-8014e66ac73e@group-5856E99902E4-LeaderElection2-1] INFO server.GrpcServerProtocolClient: Build channel for b6cde622-766a-4271-9234-326233a2e360
scm_1       | 2022-12-02 11:14:24,771 [6fc01362-4be8-4bef-9765-308703ee51ee@group-118B227F634A-FollowerState] INFO impl.RoleInfo: 6fc01362-4be8-4bef-9765-308703ee51ee: shutdown 6fc01362-4be8-4bef-9765-308703ee51ee@group-118B227F634A-FollowerState
scm_1       | 2022-12-02 11:14:24,772 [6fc01362-4be8-4bef-9765-308703ee51ee@group-118B227F634A-FollowerState] INFO server.RaftServer$Division: 6fc01362-4be8-4bef-9765-308703ee51ee@group-118B227F634A: changes role from  FOLLOWER to CANDIDATE at term 0 for changeToCandidate
scm_1       | 2022-12-02 11:14:24,775 [6fc01362-4be8-4bef-9765-308703ee51ee@group-118B227F634A-FollowerState] INFO server.RaftServerConfigKeys: raft.server.leaderelection.pre-vote = false (custom)
scm_1       | 2022-12-02 11:14:24,775 [6fc01362-4be8-4bef-9765-308703ee51ee@group-118B227F634A-FollowerState] INFO impl.RoleInfo: 6fc01362-4be8-4bef-9765-308703ee51ee: start 6fc01362-4be8-4bef-9765-308703ee51ee@group-118B227F634A-LeaderElection1
datanode_1  | 2022-12-02 11:14:59,669 [grpc-default-executor-2] INFO server.RaftServer$Division: 1032b4d4-4b99-465e-855a-8014e66ac73e@group-5856E99902E4: receive requestVote(ELECTION, de5be13d-7638-4e28-a0cb-c559a9eafa30, group-5856E99902E4, 2, (t:0, i:0))
datanode_2  | 2022-12-02 11:14:49,874 [b6cde622-766a-4271-9234-326233a2e360@group-A7345CC22143-FollowerState] INFO impl.RoleInfo: b6cde622-766a-4271-9234-326233a2e360: shutdown b6cde622-766a-4271-9234-326233a2e360@group-A7345CC22143-FollowerState
scm_1       | 2022-12-02 11:14:24,780 [6fc01362-4be8-4bef-9765-308703ee51ee@group-118B227F634A-LeaderElection1] INFO impl.LeaderElection: 6fc01362-4be8-4bef-9765-308703ee51ee@group-118B227F634A-LeaderElection1 ELECTION round 0: submit vote requests at term 1 for -1: peers:[6fc01362-4be8-4bef-9765-308703ee51ee|rpc:9c76043b4b84:9894|priority:0|startupRole:FOLLOWER]|listeners:[], old=null
datanode_3  | 2022-12-02 11:14:42,606 [pool-22-thread-1] INFO server.RaftServerConfigKeys: raft.server.log.corruption.policy = EXCEPTION (default)
datanode_1  | 2022-12-02 11:14:59,669 [grpc-default-executor-2] INFO impl.VoteContext: 1032b4d4-4b99-465e-855a-8014e66ac73e@group-5856E99902E4-CANDIDATE: reject ELECTION from de5be13d-7638-4e28-a0cb-c559a9eafa30: already has voted for 1032b4d4-4b99-465e-855a-8014e66ac73e at current term 2
datanode_2  | 2022-12-02 11:14:49,875 [b6cde622-766a-4271-9234-326233a2e360@group-A7345CC22143-FollowerState] INFO server.RaftServer$Division: b6cde622-766a-4271-9234-326233a2e360@group-A7345CC22143: changes role from  FOLLOWER to CANDIDATE at term 0 for changeToCandidate
scm_1       | 2022-12-02 11:14:24,780 [6fc01362-4be8-4bef-9765-308703ee51ee@group-118B227F634A-LeaderElection1] INFO impl.LeaderElection: 6fc01362-4be8-4bef-9765-308703ee51ee@group-118B227F634A-LeaderElection1 ELECTION round 0: result PASSED (term=1)
datanode_3  | 2022-12-02 11:14:42,607 [pool-22-thread-1] INFO server.RaftServerConfigKeys: raft.server.storage.free-space.min = 0MB (=0) (default)
datanode_1  | 2022-12-02 11:14:59,670 [grpc-default-executor-2] INFO server.RaftServer$Division: 1032b4d4-4b99-465e-855a-8014e66ac73e@group-5856E99902E4 replies to ELECTION vote request: de5be13d-7638-4e28-a0cb-c559a9eafa30<-1032b4d4-4b99-465e-855a-8014e66ac73e#0:FAIL-t2. Peer's state: 1032b4d4-4b99-465e-855a-8014e66ac73e@group-5856E99902E4:t2, leader=null, voted=1032b4d4-4b99-465e-855a-8014e66ac73e, raftlog=Memoized:1032b4d4-4b99-465e-855a-8014e66ac73e@group-5856E99902E4-SegmentedRaftLog:OPENED:c-1, conf=-1: peers:[b6cde622-766a-4271-9234-326233a2e360|rpc:172.18.0.3:9856|admin:172.18.0.3:9857|client:172.18.0.3:9858|priority:0|startupRole:FOLLOWER, de5be13d-7638-4e28-a0cb-c559a9eafa30|rpc:172.18.0.6:9856|admin:172.18.0.6:9857|client:172.18.0.6:9858|priority:0|startupRole:FOLLOWER, 1032b4d4-4b99-465e-855a-8014e66ac73e|rpc:172.18.0.2:9856|admin:172.18.0.2:9857|client:172.18.0.2:9858|priority:1|startupRole:FOLLOWER]|listeners:[], old=null
datanode_2  | 2022-12-02 11:14:49,913 [b6cde622-766a-4271-9234-326233a2e360@group-A7345CC22143-FollowerState] INFO server.RaftServerConfigKeys: raft.server.leaderelection.pre-vote = false (custom)
scm_1       | 2022-12-02 11:14:24,781 [6fc01362-4be8-4bef-9765-308703ee51ee@group-118B227F634A-LeaderElection1] INFO impl.RoleInfo: 6fc01362-4be8-4bef-9765-308703ee51ee: shutdown 6fc01362-4be8-4bef-9765-308703ee51ee@group-118B227F634A-LeaderElection1
datanode_3  | 2022-12-02 11:14:42,607 [pool-22-thread-1] INFO server.RaftServerConfigKeys: raft.server.notification.no-leader.timeout = 300s (custom)
datanode_1  | 2022-12-02 11:14:59,663 [1032b4d4-4b99-465e-855a-8014e66ac73e@group-5856E99902E4-LeaderElection2-2] INFO server.GrpcServerProtocolClient: Build channel for de5be13d-7638-4e28-a0cb-c559a9eafa30
datanode_2  | 2022-12-02 11:14:49,913 [b6cde622-766a-4271-9234-326233a2e360@group-A7345CC22143-FollowerState] INFO impl.RoleInfo: b6cde622-766a-4271-9234-326233a2e360: start b6cde622-766a-4271-9234-326233a2e360@group-A7345CC22143-LeaderElection1
scm_1       | 2022-12-02 11:14:24,782 [6fc01362-4be8-4bef-9765-308703ee51ee@group-118B227F634A-LeaderElection1] INFO server.RaftServer$Division: 6fc01362-4be8-4bef-9765-308703ee51ee@group-118B227F634A: changes role from CANDIDATE to LEADER at term 1 for changeToLeader
datanode_3  | 2022-12-02 11:14:42,607 [pool-22-thread-1] INFO server.RaftServerConfigKeys: raft.server.retrycache.expirytime = 600000ms (custom)
datanode_1  | 2022-12-02 11:14:59,701 [1032b4d4-4b99-465e-855a-8014e66ac73e@group-5856E99902E4-LeaderElection2] INFO impl.LeaderElection: 1032b4d4-4b99-465e-855a-8014e66ac73e@group-5856E99902E4-LeaderElection2: ELECTION REJECTED received 2 response(s) and 0 exception(s):
datanode_2  | 2022-12-02 11:14:49,940 [b6cde622-766a-4271-9234-326233a2e360@group-A7345CC22143-LeaderElection1] INFO impl.LeaderElection: b6cde622-766a-4271-9234-326233a2e360@group-A7345CC22143-LeaderElection1 ELECTION round 0: submit vote requests at term 1 for -1: peers:[b6cde622-766a-4271-9234-326233a2e360|rpc:172.18.0.3:9856|admin:172.18.0.3:9857|client:172.18.0.3:9858|priority:1|startupRole:FOLLOWER]|listeners:[], old=null
scm_1       | 2022-12-02 11:14:24,782 [6fc01362-4be8-4bef-9765-308703ee51ee@group-118B227F634A-LeaderElection1] INFO server.RaftServer$Division: 6fc01362-4be8-4bef-9765-308703ee51ee@group-118B227F634A: change Leader from null to 6fc01362-4be8-4bef-9765-308703ee51ee at term 1 for becomeLeader, leader elected after 7397ms
datanode_3  | 2022-12-02 11:14:42,611 [pool-22-thread-1] INFO server.RaftServerConfigKeys: raft.server.retrycache.statistics.expirytime = 100?s (default)
datanode_1  | 2022-12-02 11:14:59,701 [1032b4d4-4b99-465e-855a-8014e66ac73e@group-5856E99902E4-LeaderElection2] INFO impl.LeaderElection:   Response 0: 1032b4d4-4b99-465e-855a-8014e66ac73e<-b6cde622-766a-4271-9234-326233a2e360#0:FAIL-t2
datanode_2  | 2022-12-02 11:14:49,941 [b6cde622-766a-4271-9234-326233a2e360@group-A7345CC22143-LeaderElection1] INFO impl.LeaderElection: b6cde622-766a-4271-9234-326233a2e360@group-A7345CC22143-LeaderElection1 ELECTION round 0: result PASSED (term=1)
scm_1       | 2022-12-02 11:14:24,791 [6fc01362-4be8-4bef-9765-308703ee51ee@group-118B227F634A-LeaderElection1] INFO server.RaftServerConfigKeys: raft.server.staging.catchup.gap = 1000 (default)
datanode_3  | 2022-12-02 11:14:42,629 [pool-22-thread-1] INFO server.RaftServerConfigKeys: raft.server.log.appender.install.snapshot.enabled = false (custom)
datanode_1  | 2022-12-02 11:14:59,701 [1032b4d4-4b99-465e-855a-8014e66ac73e@group-5856E99902E4-LeaderElection2] INFO impl.LeaderElection:   Response 1: 1032b4d4-4b99-465e-855a-8014e66ac73e<-de5be13d-7638-4e28-a0cb-c559a9eafa30#0:FAIL-t2
datanode_2  | 2022-12-02 11:14:49,946 [b6cde622-766a-4271-9234-326233a2e360@group-A7345CC22143-LeaderElection1] INFO impl.RoleInfo: b6cde622-766a-4271-9234-326233a2e360: shutdown b6cde622-766a-4271-9234-326233a2e360@group-A7345CC22143-LeaderElection1
scm_1       | 2022-12-02 11:14:24,795 [6fc01362-4be8-4bef-9765-308703ee51ee@group-118B227F634A-LeaderElection1] INFO server.RaftServerConfigKeys: raft.server.write.element-limit = 4096 (default)
datanode_3  | 2022-12-02 11:14:42,638 [pool-22-thread-1] INFO server.RaftServerConfigKeys: raft.server.threadpool.server.cached = true (default)
datanode_1  | 2022-12-02 11:14:59,702 [1032b4d4-4b99-465e-855a-8014e66ac73e@group-5856E99902E4-LeaderElection2] INFO impl.LeaderElection: 1032b4d4-4b99-465e-855a-8014e66ac73e@group-5856E99902E4-LeaderElection2 ELECTION round 0: result REJECTED
datanode_2  | 2022-12-02 11:14:49,961 [b6cde622-766a-4271-9234-326233a2e360@group-A7345CC22143-LeaderElection1] INFO server.RaftServer$Division: b6cde622-766a-4271-9234-326233a2e360@group-A7345CC22143: changes role from CANDIDATE to LEADER at term 1 for changeToLeader
scm_1       | 2022-12-02 11:14:24,795 [6fc01362-4be8-4bef-9765-308703ee51ee@group-118B227F634A-LeaderElection1] INFO server.RaftServerConfigKeys: raft.server.write.byte-limit = 64MB (=67108864) (default)
scm_1       | 2022-12-02 11:14:24,809 [6fc01362-4be8-4bef-9765-308703ee51ee@group-118B227F634A-LeaderElection1] INFO server.RaftServerConfigKeys: raft.server.watch.timeout = 10s (default)
datanode_1  | 2022-12-02 11:14:59,702 [1032b4d4-4b99-465e-855a-8014e66ac73e@group-5856E99902E4-LeaderElection2] INFO server.RaftServer$Division: 1032b4d4-4b99-465e-855a-8014e66ac73e@group-5856E99902E4: changes role from CANDIDATE to FOLLOWER at term 2 for REJECTED
datanode_2  | 2022-12-02 11:14:49,967 [b6cde622-766a-4271-9234-326233a2e360@group-A7345CC22143-LeaderElection1] INFO ratis.XceiverServerRatis: Leader change notification received for group: group-A7345CC22143 with new leaderId: b6cde622-766a-4271-9234-326233a2e360
datanode_2  | 2022-12-02 11:14:49,990 [Command processor thread] INFO commandhandler.CreatePipelineCommandHandler: Created Pipeline RATIS THREE PipelineID=1e9434e7-a656-48c5-b55e-5856e99902e4.
datanode_3  | 2022-12-02 11:14:42,638 [pool-22-thread-1] INFO server.RaftServerConfigKeys: raft.server.threadpool.server.size = 0 (default)
datanode_1  | 2022-12-02 11:14:59,702 [1032b4d4-4b99-465e-855a-8014e66ac73e@group-5856E99902E4-LeaderElection2] INFO impl.RoleInfo: 1032b4d4-4b99-465e-855a-8014e66ac73e: shutdown 1032b4d4-4b99-465e-855a-8014e66ac73e@group-5856E99902E4-LeaderElection2
datanode_2  | 2022-12-02 11:14:50,017 [b6cde622-766a-4271-9234-326233a2e360@group-A7345CC22143-LeaderElection1] INFO server.RaftServer$Division: b6cde622-766a-4271-9234-326233a2e360@group-A7345CC22143: change Leader from null to b6cde622-766a-4271-9234-326233a2e360 at term 1 for becomeLeader, leader elected after 6235ms
scm_1       | 2022-12-02 11:14:24,809 [6fc01362-4be8-4bef-9765-308703ee51ee@group-118B227F634A-LeaderElection1] INFO server.RaftServerConfigKeys: raft.server.watch.timeout.denomination = 1s (default)
datanode_3  | 2022-12-02 11:14:42,638 [pool-22-thread-1] INFO server.RaftServerConfigKeys: raft.server.threadpool.client.cached = true (default)
datanode_1  | 2022-12-02 11:14:59,702 [1032b4d4-4b99-465e-855a-8014e66ac73e@group-5856E99902E4-LeaderElection2] INFO impl.RoleInfo: 1032b4d4-4b99-465e-855a-8014e66ac73e: start 1032b4d4-4b99-465e-855a-8014e66ac73e@group-5856E99902E4-FollowerState
datanode_2  | 2022-12-02 11:14:50,045 [b6cde622-766a-4271-9234-326233a2e360@group-A7345CC22143-LeaderElection1] INFO server.RaftServerConfigKeys: raft.server.staging.catchup.gap = 1000 (default)
scm_1       | 2022-12-02 11:14:24,810 [6fc01362-4be8-4bef-9765-308703ee51ee@group-118B227F634A-LeaderElection1] INFO server.RaftServerConfigKeys: raft.server.watch.element-limit = 65536 (default)
datanode_3  | 2022-12-02 11:14:42,640 [pool-22-thread-1] INFO server.RaftServerConfigKeys: raft.server.threadpool.client.size = 0 (default)
datanode_1  | 2022-12-02 11:14:59,715 [1032b4d4-4b99-465e-855a-8014e66ac73e@group-5856E99902E4-FollowerState] INFO server.RaftServerConfigKeys: raft.server.rpc.first-election.timeout.min = 5s (fallback to raft.server.rpc.timeout.min)
datanode_2  | 2022-12-02 11:14:50,071 [b6cde622-766a-4271-9234-326233a2e360@group-A7345CC22143-LeaderElection1] INFO server.RaftServerConfigKeys: raft.server.write.element-limit = 1024 (custom)
scm_1       | 2022-12-02 11:14:24,822 [6fc01362-4be8-4bef-9765-308703ee51ee@group-118B227F634A-LeaderElection1] INFO server.RaftServerConfigKeys: raft.server.write.element-limit = 4096 (default)
datanode_3  | 2022-12-02 11:14:42,640 [pool-22-thread-1] INFO storage.RaftStorageDirectory: The storage directory /data/metadata/ratis/bdca8546-18e1-4be6-a9c9-ebb508df266c does not exist. Creating ...
