datanode_1  | 2022-12-02 11:14:59,715 [1032b4d4-4b99-465e-855a-8014e66ac73e@group-5856E99902E4-FollowerState] INFO server.RaftServerConfigKeys: raft.server.rpc.first-election.timeout.max = 5200ms (fallback to raft.server.rpc.timeout.max)
datanode_2  | 2022-12-02 11:14:50,072 [b6cde622-766a-4271-9234-326233a2e360@group-A7345CC22143-LeaderElection1] INFO server.RaftServerConfigKeys: raft.server.write.byte-limit = 1024 M (=1073741824) (custom)
scm_1       | 2022-12-02 11:14:24,827 [6fc01362-4be8-4bef-9765-308703ee51ee@group-118B227F634A-LeaderElection1] INFO server.RaftServerConfigKeys: raft.server.write.follower.gap.ratio.max = -1.0 (default)
datanode_3  | 2022-12-02 11:14:42,646 [pool-22-thread-1] INFO storage.RaftStorageDirectory: Lock on /data/metadata/ratis/bdca8546-18e1-4be6-a9c9-ebb508df266c/in_use.lock acquired by nodename 7@5d8db8437a79
datanode_1  | 2022-12-02 11:15:04,747 [1032b4d4-4b99-465e-855a-8014e66ac73e@group-5856E99902E4-FollowerState] INFO impl.FollowerState: 1032b4d4-4b99-465e-855a-8014e66ac73e@group-5856E99902E4-FollowerState: change to CANDIDATE, lastRpcElapsedTime:5044719423ns, electionTimeout:5031ms
datanode_1  | 2022-12-02 11:15:04,747 [1032b4d4-4b99-465e-855a-8014e66ac73e@group-5856E99902E4-FollowerState] INFO impl.RoleInfo: 1032b4d4-4b99-465e-855a-8014e66ac73e: shutdown 1032b4d4-4b99-465e-855a-8014e66ac73e@group-5856E99902E4-FollowerState
scm_1       | 2022-12-02 11:14:24,832 [6fc01362-4be8-4bef-9765-308703ee51ee@group-118B227F634A-LeaderElection1] INFO impl.RoleInfo: 6fc01362-4be8-4bef-9765-308703ee51ee: start 6fc01362-4be8-4bef-9765-308703ee51ee@group-118B227F634A-LeaderStateImpl
datanode_3  | 2022-12-02 11:14:42,650 [pool-22-thread-1] INFO storage.RaftStorage: Storage directory /data/metadata/ratis/bdca8546-18e1-4be6-a9c9-ebb508df266c has been successfully formatted.
datanode_2  | 2022-12-02 11:14:50,113 [b6cde622-766a-4271-9234-326233a2e360@group-A7345CC22143-LeaderElection1] INFO server.RaftServerConfigKeys: raft.server.watch.timeout = 180s (custom)
datanode_1  | 2022-12-02 11:15:04,747 [1032b4d4-4b99-465e-855a-8014e66ac73e@group-5856E99902E4-FollowerState] INFO server.RaftServer$Division: 1032b4d4-4b99-465e-855a-8014e66ac73e@group-5856E99902E4: changes role from  FOLLOWER to CANDIDATE at term 2 for changeToCandidate
scm_1       | 2022-12-02 11:14:24,851 [6fc01362-4be8-4bef-9765-308703ee51ee@group-118B227F634A-LeaderElection1] INFO segmented.SegmentedRaftLogWorker: 6fc01362-4be8-4bef-9765-308703ee51ee@group-118B227F634A-SegmentedRaftLogWorker: Starting segment from index:0
datanode_3  | 2022-12-02 11:14:42,651 [pool-22-thread-1] INFO ratis.ContainerStateMachine: group-EBB508DF266C: The snapshot info is null. Setting the last applied indexto:(t:0, i:~)
datanode_3  | 2022-12-02 11:14:42,655 [pool-22-thread-1] INFO server.RaftServerConfigKeys: raft.server.log.use.memory = false (default)
datanode_1  | 2022-12-02 11:15:04,747 [1032b4d4-4b99-465e-855a-8014e66ac73e@group-5856E99902E4-FollowerState] INFO server.RaftServerConfigKeys: raft.server.leaderelection.pre-vote = false (custom)
scm_1       | 2022-12-02 11:14:24,892 [6fc01362-4be8-4bef-9765-308703ee51ee@group-118B227F634A-LeaderElection1] INFO server.RaftServer$Division: 6fc01362-4be8-4bef-9765-308703ee51ee@group-118B227F634A: set configuration 0: peers:[6fc01362-4be8-4bef-9765-308703ee51ee|rpc:9c76043b4b84:9894|admin:|client:|dataStream:|priority:0|startupRole:FOLLOWER]|listeners:[], old=null
datanode_3  | 2022-12-02 11:14:42,655 [pool-22-thread-1] INFO server.RaftServerConfigKeys: raft.server.log.purge.gap = 1000000 (custom)
datanode_2  | 2022-12-02 11:14:50,113 [b6cde622-766a-4271-9234-326233a2e360@group-A7345CC22143-LeaderElection1] INFO server.RaftServerConfigKeys: raft.server.watch.timeout.denomination = 1s (default)
datanode_1  | 2022-12-02 11:15:04,747 [1032b4d4-4b99-465e-855a-8014e66ac73e@group-5856E99902E4-FollowerState] INFO impl.RoleInfo: 1032b4d4-4b99-465e-855a-8014e66ac73e: start 1032b4d4-4b99-465e-855a-8014e66ac73e@group-5856E99902E4-LeaderElection3
scm_1       | 2022-12-02 11:14:24,941 [6fc01362-4be8-4bef-9765-308703ee51ee@group-118B227F634A-SegmentedRaftLogWorker] INFO segmented.SegmentedRaftLogWorker: 6fc01362-4be8-4bef-9765-308703ee51ee@group-118B227F634A-SegmentedRaftLogWorker: created new log segment /data/metadata/scm-ha/c34508bc-417c-476c-b632-118b227f634a/current/log_inprogress_0
datanode_3  | 2022-12-02 11:14:42,659 [pool-22-thread-1] INFO server.RaftServerConfigKeys: raft.server.log.appender.buffer.byte-limit = 33554432 (custom)
datanode_2  | 2022-12-02 11:14:50,118 [b6cde622-766a-4271-9234-326233a2e360@group-A7345CC22143-LeaderElection1] INFO server.RaftServerConfigKeys: raft.server.watch.element-limit = 65536 (default)
scm_1       | 2022-12-02 11:14:26,194 [main] INFO server.RaftServer: 6fc01362-4be8-4bef-9765-308703ee51ee: close
datanode_1  | 2022-12-02 11:15:04,752 [1032b4d4-4b99-465e-855a-8014e66ac73e@group-5856E99902E4-LeaderElection3] INFO impl.LeaderElection: 1032b4d4-4b99-465e-855a-8014e66ac73e@group-5856E99902E4-LeaderElection3 ELECTION round 0: submit vote requests at term 3 for -1: peers:[b6cde622-766a-4271-9234-326233a2e360|rpc:172.18.0.3:9856|admin:172.18.0.3:9857|client:172.18.0.3:9858|priority:0|startupRole:FOLLOWER, de5be13d-7638-4e28-a0cb-c559a9eafa30|rpc:172.18.0.6:9856|admin:172.18.0.6:9857|client:172.18.0.6:9858|priority:0|startupRole:FOLLOWER, 1032b4d4-4b99-465e-855a-8014e66ac73e|rpc:172.18.0.2:9856|admin:172.18.0.2:9857|client:172.18.0.2:9858|priority:1|startupRole:FOLLOWER]|listeners:[], old=null
datanode_3  | 2022-12-02 11:14:42,660 [pool-22-thread-1] INFO server.RaftServerConfigKeys: raft.server.log.statemachine.data.read.timeout = 1000ms (default)
scm_1       | 2022-12-02 11:14:26,195 [main] INFO server.GrpcService: 6fc01362-4be8-4bef-9765-308703ee51ee: shutdown server GrpcServerProtocolService now
datanode_1  | 2022-12-02 11:15:04,783 [grpc-default-executor-2] INFO server.RaftServer$Division: 1032b4d4-4b99-465e-855a-8014e66ac73e@group-5856E99902E4: receive requestVote(ELECTION, de5be13d-7638-4e28-a0cb-c559a9eafa30, group-5856E99902E4, 3, (t:0, i:0))
datanode_1  | 2022-12-02 11:15:04,784 [grpc-default-executor-2] INFO impl.VoteContext: 1032b4d4-4b99-465e-855a-8014e66ac73e@group-5856E99902E4-CANDIDATE: reject ELECTION from de5be13d-7638-4e28-a0cb-c559a9eafa30: already has voted for 1032b4d4-4b99-465e-855a-8014e66ac73e at current term 3
datanode_3  | 2022-12-02 11:14:42,660 [pool-22-thread-1] INFO server.RaftServerConfigKeys: raft.server.log.purge.preservation.log.num = 0 (default)
scm_1       | 2022-12-02 11:14:26,195 [6fc01362-4be8-4bef-9765-308703ee51ee-impl-thread1] INFO server.RaftServer$Division: 6fc01362-4be8-4bef-9765-308703ee51ee@group-118B227F634A: shutdown
datanode_2  | 2022-12-02 11:14:50,139 [b6cde622-766a-4271-9234-326233a2e360@group-A7345CC22143-LeaderElection1] INFO server.RaftServerConfigKeys: raft.server.write.element-limit = 1024 (custom)
datanode_1  | 2022-12-02 11:15:04,784 [grpc-default-executor-2] INFO server.RaftServer$Division: 1032b4d4-4b99-465e-855a-8014e66ac73e@group-5856E99902E4 replies to ELECTION vote request: de5be13d-7638-4e28-a0cb-c559a9eafa30<-1032b4d4-4b99-465e-855a-8014e66ac73e#0:FAIL-t3. Peer's state: 1032b4d4-4b99-465e-855a-8014e66ac73e@group-5856E99902E4:t3, leader=null, voted=1032b4d4-4b99-465e-855a-8014e66ac73e, raftlog=Memoized:1032b4d4-4b99-465e-855a-8014e66ac73e@group-5856E99902E4-SegmentedRaftLog:OPENED:c-1, conf=-1: peers:[b6cde622-766a-4271-9234-326233a2e360|rpc:172.18.0.3:9856|admin:172.18.0.3:9857|client:172.18.0.3:9858|priority:0|startupRole:FOLLOWER, de5be13d-7638-4e28-a0cb-c559a9eafa30|rpc:172.18.0.6:9856|admin:172.18.0.6:9857|client:172.18.0.6:9858|priority:0|startupRole:FOLLOWER, 1032b4d4-4b99-465e-855a-8014e66ac73e|rpc:172.18.0.2:9856|admin:172.18.0.2:9857|client:172.18.0.2:9858|priority:1|startupRole:FOLLOWER]|listeners:[], old=null
datanode_3  | 2022-12-02 11:14:42,660 [pool-22-thread-1] INFO server.RaftServerConfigKeys: raft.server.log.segment.size.max = 1048576 (custom)
scm_1       | 2022-12-02 11:14:26,198 [6fc01362-4be8-4bef-9765-308703ee51ee-impl-thread1] INFO util.JmxRegister: Successfully un-registered JMX Bean with object name Ratis:service=RaftServer,group=group-118B227F634A,id=6fc01362-4be8-4bef-9765-308703ee51ee
scm_1       | 2022-12-02 11:14:26,198 [6fc01362-4be8-4bef-9765-308703ee51ee-impl-thread1] INFO impl.RoleInfo: 6fc01362-4be8-4bef-9765-308703ee51ee: shutdown 6fc01362-4be8-4bef-9765-308703ee51ee@group-118B227F634A-LeaderStateImpl
datanode_1  | 2022-12-02 11:15:04,788 [1032b4d4-4b99-465e-855a-8014e66ac73e@group-5856E99902E4-LeaderElection3] INFO server.RaftServerConfigKeys: raft.server.rpc.first-election.timeout.min = 5s (fallback to raft.server.rpc.timeout.min)
datanode_3  | 2022-12-02 11:14:42,665 [pool-22-thread-1] INFO server.RaftServerConfigKeys: raft.server.log.segment.cache.num.max = 2 (custom)
scm_1       | 2022-12-02 11:14:26,210 [6fc01362-4be8-4bef-9765-308703ee51ee-impl-thread1] INFO impl.PendingRequests: 6fc01362-4be8-4bef-9765-308703ee51ee@group-118B227F634A-PendingRequests: sendNotLeaderResponses
datanode_2  | 2022-12-02 11:14:50,155 [b6cde622-766a-4271-9234-326233a2e360@group-A7345CC22143-LeaderElection1] INFO server.RaftServerConfigKeys: raft.server.write.follower.gap.ratio.max = -1.0 (default)
datanode_1  | 2022-12-02 11:15:04,789 [1032b4d4-4b99-465e-855a-8014e66ac73e@group-5856E99902E4-LeaderElection3] INFO server.RaftServerConfigKeys: raft.server.rpc.first-election.timeout.max = 5200ms (fallback to raft.server.rpc.timeout.max)
datanode_3  | 2022-12-02 11:14:42,700 [pool-22-thread-1] INFO server.RaftServerConfigKeys: raft.server.log.segment.cache.size.max = 200MB (=209715200) (default)
scm_1       | 2022-12-02 11:14:26,217 [6fc01362-4be8-4bef-9765-308703ee51ee-impl-thread1] INFO impl.StateMachineUpdater: 6fc01362-4be8-4bef-9765-308703ee51ee@group-118B227F634A-StateMachineUpdater: set stopIndex = 0
scm_1       | 2022-12-02 11:14:26,219 [6fc01362-4be8-4bef-9765-308703ee51ee@group-118B227F634A-StateMachineUpdater] INFO impl.StateMachineUpdater: 6fc01362-4be8-4bef-9765-308703ee51ee@group-118B227F634A-StateMachineUpdater: Took a snapshot at index 0
datanode_1  | 2022-12-02 11:15:04,790 [1032b4d4-4b99-465e-855a-8014e66ac73e@group-5856E99902E4-LeaderElection3] INFO impl.LeaderElection: 1032b4d4-4b99-465e-855a-8014e66ac73e@group-5856E99902E4-LeaderElection3: ELECTION PASSED received 1 response(s) and 0 exception(s):
datanode_3  | 2022-12-02 11:14:42,700 [pool-22-thread-1] INFO segmented.SegmentedRaftLogWorker: new de5be13d-7638-4e28-a0cb-c559a9eafa30@group-EBB508DF266C-SegmentedRaftLogWorker for RaftStorageImpl:Storage Directory /data/metadata/ratis/bdca8546-18e1-4be6-a9c9-ebb508df266c
scm_1       | 2022-12-02 11:14:26,220 [6fc01362-4be8-4bef-9765-308703ee51ee@group-118B227F634A-StateMachineUpdater] INFO impl.StateMachineUpdater: 6fc01362-4be8-4bef-9765-308703ee51ee@group-118B227F634A-StateMachineUpdater: snapshotIndex: updateIncreasingly -1 -> 0
scm_1       | 2022-12-02 11:14:26,222 [main] INFO server.GrpcService: 6fc01362-4be8-4bef-9765-308703ee51ee: shutdown server GrpcServerProtocolService successfully
datanode_1  | 2022-12-02 11:15:04,790 [1032b4d4-4b99-465e-855a-8014e66ac73e@group-5856E99902E4-LeaderElection3] INFO impl.LeaderElection:   Response 0: 1032b4d4-4b99-465e-855a-8014e66ac73e<-b6cde622-766a-4271-9234-326233a2e360#0:OK-t3
datanode_3  | 2022-12-02 11:14:42,700 [pool-22-thread-1] INFO server.RaftServerConfigKeys: raft.server.log.queue.byte-limit = 4294967296 (custom)
datanode_1  | 2022-12-02 11:15:04,790 [1032b4d4-4b99-465e-855a-8014e66ac73e@group-5856E99902E4-LeaderElection3] INFO impl.LeaderElection: 1032b4d4-4b99-465e-855a-8014e66ac73e@group-5856E99902E4-LeaderElection3 ELECTION round 0: result PASSED
scm_1       | 2022-12-02 11:14:26,227 [6fc01362-4be8-4bef-9765-308703ee51ee-impl-thread1] INFO server.RaftServer$Division: 6fc01362-4be8-4bef-9765-308703ee51ee@group-118B227F634A: closes. applyIndex: 0
scm_1       | 2022-12-02 11:14:26,229 [6fc01362-4be8-4bef-9765-308703ee51ee@group-118B227F634A-SegmentedRaftLogWorker] INFO segmented.SegmentedRaftLogWorker: 6fc01362-4be8-4bef-9765-308703ee51ee@group-118B227F634A-SegmentedRaftLogWorker was interrupted, exiting. There are 0 tasks remaining in the queue.
datanode_1  | 2022-12-02 11:15:04,791 [1032b4d4-4b99-465e-855a-8014e66ac73e@group-5856E99902E4-LeaderElection3] INFO impl.RoleInfo: 1032b4d4-4b99-465e-855a-8014e66ac73e: shutdown 1032b4d4-4b99-465e-855a-8014e66ac73e@group-5856E99902E4-LeaderElection3
datanode_1  | 2022-12-02 11:15:04,791 [1032b4d4-4b99-465e-855a-8014e66ac73e@group-5856E99902E4-LeaderElection3] INFO server.RaftServer$Division: 1032b4d4-4b99-465e-855a-8014e66ac73e@group-5856E99902E4: changes role from CANDIDATE to LEADER at term 3 for changeToLeader
datanode_1  | 2022-12-02 11:15:04,791 [1032b4d4-4b99-465e-855a-8014e66ac73e@group-5856E99902E4-LeaderElection3] INFO ratis.XceiverServerRatis: Leader change notification received for group: group-5856E99902E4 with new leaderId: 1032b4d4-4b99-465e-855a-8014e66ac73e
datanode_1  | 2022-12-02 11:15:04,792 [1032b4d4-4b99-465e-855a-8014e66ac73e@group-5856E99902E4-LeaderElection3] INFO server.RaftServer$Division: 1032b4d4-4b99-465e-855a-8014e66ac73e@group-5856E99902E4: change Leader from null to 1032b4d4-4b99-465e-855a-8014e66ac73e at term 3 for becomeLeader, leader elected after 15785ms
datanode_1  | 2022-12-02 11:15:04,792 [1032b4d4-4b99-465e-855a-8014e66ac73e@group-5856E99902E4-LeaderElection3] INFO server.RaftServerConfigKeys: raft.server.staging.catchup.gap = 1000 (default)
scm_1       | 2022-12-02 11:14:26,230 [6fc01362-4be8-4bef-9765-308703ee51ee-impl-thread1] INFO segmented.SegmentedRaftLogWorker: 6fc01362-4be8-4bef-9765-308703ee51ee@group-118B227F634A-SegmentedRaftLogWorker close()
scm_1       | 2022-12-02 11:14:26,231 [JvmPauseMonitor0] INFO util.JvmPauseMonitor: JvmPauseMonitor-6fc01362-4be8-4bef-9765-308703ee51ee: Stopped
datanode_1  | 2022-12-02 11:15:04,792 [1032b4d4-4b99-465e-855a-8014e66ac73e@group-5856E99902E4-LeaderElection3] INFO server.RaftServerConfigKeys: raft.server.write.element-limit = 1024 (custom)
datanode_2  | 2022-12-02 11:14:50,159 [b6cde622-766a-4271-9234-326233a2e360@group-A7345CC22143-LeaderElection1] INFO impl.RoleInfo: b6cde622-766a-4271-9234-326233a2e360: start b6cde622-766a-4271-9234-326233a2e360@group-A7345CC22143-LeaderStateImpl
datanode_3  | 2022-12-02 11:14:42,701 [pool-22-thread-1] INFO server.RaftServerConfigKeys: raft.server.log.queue.element-limit = 1024 (custom)
scm_1       | 2022-12-02 11:14:26,231 [main] WARN server.ServerUtils: ozone.scm.db.dirs is not configured. We recommend adding this setting. Falling back to ozone.metadata.dirs instead.
datanode_1  | 2022-12-02 11:15:04,794 [1032b4d4-4b99-465e-855a-8014e66ac73e@group-5856E99902E4-LeaderElection3] INFO server.RaftServerConfigKeys: raft.server.write.byte-limit = 1024 M (=1073741824) (custom)
datanode_1  | 2022-12-02 11:15:04,794 [1032b4d4-4b99-465e-855a-8014e66ac73e@group-5856E99902E4-LeaderElection3] INFO server.RaftServerConfigKeys: raft.server.watch.timeout = 180s (custom)
datanode_2  | 2022-12-02 11:14:50,222 [b6cde622-766a-4271-9234-326233a2e360@group-A7345CC22143-LeaderElection1] INFO segmented.SegmentedRaftLogWorker: b6cde622-766a-4271-9234-326233a2e360@group-A7345CC22143-SegmentedRaftLogWorker: Starting segment from index:0
datanode_2  | 2022-12-02 11:14:50,262 [b6cde622-766a-4271-9234-326233a2e360@group-A7345CC22143-LeaderElection1] INFO server.RaftServer$Division: b6cde622-766a-4271-9234-326233a2e360@group-A7345CC22143: set configuration 0: peers:[b6cde622-766a-4271-9234-326233a2e360|rpc:172.18.0.3:9856|admin:172.18.0.3:9857|client:172.18.0.3:9858|dataStream:|priority:1|startupRole:FOLLOWER]|listeners:[], old=null
datanode_1  | 2022-12-02 11:15:04,796 [1032b4d4-4b99-465e-855a-8014e66ac73e@group-5856E99902E4-LeaderElection3] INFO server.RaftServerConfigKeys: raft.server.watch.timeout.denomination = 1s (default)
datanode_1  | 2022-12-02 11:15:04,798 [1032b4d4-4b99-465e-855a-8014e66ac73e@group-5856E99902E4-LeaderElection3] INFO server.RaftServerConfigKeys: raft.server.watch.element-limit = 65536 (default)
datanode_3  | 2022-12-02 11:14:42,702 [pool-22-thread-1] INFO server.RaftServerConfigKeys: raft.server.log.segment.size.max = 1048576 (custom)
datanode_1  | 2022-12-02 11:15:04,798 [1032b4d4-4b99-465e-855a-8014e66ac73e@group-5856E99902E4-LeaderElection3] INFO server.RaftServerConfigKeys: raft.server.write.element-limit = 1024 (custom)
datanode_3  | 2022-12-02 11:14:42,702 [pool-22-thread-1] INFO server.RaftServerConfigKeys: raft.server.log.preallocated.size = 16384 (custom)
datanode_2  | 2022-12-02 11:14:50,470 [b6cde622-766a-4271-9234-326233a2e360@group-A7345CC22143-SegmentedRaftLogWorker] INFO segmented.SegmentedRaftLogWorker: b6cde622-766a-4271-9234-326233a2e360@group-A7345CC22143-SegmentedRaftLogWorker: created new log segment /data/metadata/ratis/52ad0a1c-2ac1-45cd-be84-a7345cc22143/current/log_inprogress_0
datanode_2  | 2022-12-02 11:14:54,330 [b6cde622-766a-4271-9234-326233a2e360@group-5856E99902E4-FollowerState] INFO impl.FollowerState: b6cde622-766a-4271-9234-326233a2e360@group-5856E99902E4-FollowerState: change to CANDIDATE, lastRpcElapsedTime:5215262804ns, electionTimeout:5032ms
datanode_1  | 2022-12-02 11:15:04,800 [1032b4d4-4b99-465e-855a-8014e66ac73e@group-5856E99902E4-LeaderElection3] INFO server.RaftServerConfigKeys: raft.server.write.follower.gap.ratio.max = -1.0 (default)
datanode_1  | 2022-12-02 11:15:04,865 [1032b4d4-4b99-465e-855a-8014e66ac73e@group-5856E99902E4-LeaderElection3] INFO server.RaftServerConfigKeys: raft.server.log.appender.snapshot.chunk.size.max = 16MB (=16777216) (default)
datanode_3  | 2022-12-02 11:14:42,702 [pool-22-thread-1] INFO server.RaftServerConfigKeys: raft.server.log.force.sync.num = 128 (default)
datanode_3  | 2022-12-02 11:14:42,702 [pool-22-thread-1] INFO server.RaftServerConfigKeys: raft.server.log.statemachine.data.sync = true (default)
datanode_2  | 2022-12-02 11:14:54,331 [b6cde622-766a-4271-9234-326233a2e360@group-5856E99902E4-FollowerState] INFO impl.RoleInfo: b6cde622-766a-4271-9234-326233a2e360: shutdown b6cde622-766a-4271-9234-326233a2e360@group-5856E99902E4-FollowerState
datanode_2  | 2022-12-02 11:14:54,331 [b6cde622-766a-4271-9234-326233a2e360@group-5856E99902E4-FollowerState] INFO server.RaftServer$Division: b6cde622-766a-4271-9234-326233a2e360@group-5856E99902E4: changes role from  FOLLOWER to CANDIDATE at term 0 for changeToCandidate
datanode_3  | 2022-12-02 11:14:42,702 [pool-22-thread-1] INFO server.RaftServerConfigKeys: raft.server.log.statemachine.data.sync.timeout = 10s (default)
datanode_3  | 2022-12-02 11:14:42,703 [pool-22-thread-1] INFO server.RaftServerConfigKeys: raft.server.log.statemachine.data.sync.timeout.retry = -1 (default)
datanode_3  | 2022-12-02 11:14:42,704 [pool-22-thread-1] INFO server.RaftServerConfigKeys: raft.server.log.write.buffer.size = 1048576 (custom)
datanode_3  | 2022-12-02 11:14:42,708 [pool-22-thread-1] INFO server.RaftServerConfigKeys: raft.server.log.appender.buffer.byte-limit = 33554432 (custom)
datanode_3  | 2022-12-02 11:14:43,740 [JvmPauseMonitor0] WARN util.JvmPauseMonitor: JvmPauseMonitor-de5be13d-7638-4e28-a0cb-c559a9eafa30: Detected pause in JVM or host machine (eg GC): pause of approximately 715773944ns.
scm_1       | 2022-12-02 11:14:26,237 [main] INFO server.StorageContainerManager: SCM initialization succeeded. Current cluster id for sd=/data/metadata/scm; cid=CID-c34508bc-417c-476c-b632-118b227f634a; layoutVersion=4; scmId=6fc01362-4be8-4bef-9765-308703ee51ee
scm_1       | 2022-12-02 11:14:26,243 [shutdown-hook-0] INFO server.StorageContainerManagerStarter: SHUTDOWN_MSG: 
datanode_1  | 2022-12-02 11:15:04,870 [1032b4d4-4b99-465e-855a-8014e66ac73e@group-5856E99902E4-LeaderElection3] INFO server.RaftServerConfigKeys: raft.server.log.appender.buffer.byte-limit = 33554432 (custom)
datanode_1  | 2022-12-02 11:15:04,870 [1032b4d4-4b99-465e-855a-8014e66ac73e@group-5856E99902E4-LeaderElection3] INFO server.RaftServerConfigKeys: raft.server.log.appender.buffer.element-limit = 1 (custom)
datanode_1  | 2022-12-02 11:15:04,872 [1032b4d4-4b99-465e-855a-8014e66ac73e@group-5856E99902E4-LeaderElection3] INFO grpc.GrpcConfigKeys: raft.grpc.server.leader.outstanding.appends.max = 128 (default)
datanode_2  | 2022-12-02 11:14:54,332 [b6cde622-766a-4271-9234-326233a2e360@group-5856E99902E4-FollowerState] INFO server.RaftServerConfigKeys: raft.server.leaderelection.pre-vote = false (custom)
datanode_2  | 2022-12-02 11:14:54,332 [b6cde622-766a-4271-9234-326233a2e360@group-5856E99902E4-FollowerState] INFO impl.RoleInfo: b6cde622-766a-4271-9234-326233a2e360: start b6cde622-766a-4271-9234-326233a2e360@group-5856E99902E4-LeaderElection2
datanode_1  | 2022-12-02 11:15:04,873 [1032b4d4-4b99-465e-855a-8014e66ac73e@group-5856E99902E4-LeaderElection3] INFO server.RaftServerConfigKeys: raft.server.rpc.request.timeout = 60s (custom)
datanode_1  | 2022-12-02 11:15:04,873 [1032b4d4-4b99-465e-855a-8014e66ac73e@group-5856E99902E4-LeaderElection3] INFO server.RaftServerConfigKeys: raft.server.log.appender.install.snapshot.enabled = false (custom)
datanode_1  | 2022-12-02 11:15:04,873 [1032b4d4-4b99-465e-855a-8014e66ac73e@group-5856E99902E4-LeaderElection3] INFO grpc.GrpcConfigKeys: raft.grpc.server.heartbeat.channel = true (default)
datanode_1  | 2022-12-02 11:15:04,873 [1032b4d4-4b99-465e-855a-8014e66ac73e@group-5856E99902E4-LeaderElection3] INFO server.RaftServerConfigKeys: raft.server.log.appender.wait-time.min = 10ms (default)
datanode_1  | 2022-12-02 11:15:04,876 [1032b4d4-4b99-465e-855a-8014e66ac73e@group-5856E99902E4-LeaderElection3] INFO server.RaftServerConfigKeys: raft.server.log.appender.snapshot.chunk.size.max = 16MB (=16777216) (default)
datanode_1  | 2022-12-02 11:15:04,883 [1032b4d4-4b99-465e-855a-8014e66ac73e@group-5856E99902E4-LeaderElection3] INFO server.RaftServerConfigKeys: raft.server.log.appender.buffer.byte-limit = 33554432 (custom)
scm_1       | /************************************************************
scm_1       | SHUTDOWN_MSG: Shutting down StorageContainerManager at 9c76043b4b84/172.18.0.7
datanode_1  | 2022-12-02 11:15:04,883 [1032b4d4-4b99-465e-855a-8014e66ac73e@group-5856E99902E4-LeaderElection3] INFO server.RaftServerConfigKeys: raft.server.log.appender.buffer.element-limit = 1 (custom)
datanode_1  | 2022-12-02 11:15:04,884 [1032b4d4-4b99-465e-855a-8014e66ac73e@group-5856E99902E4-LeaderElection3] INFO grpc.GrpcConfigKeys: raft.grpc.server.leader.outstanding.appends.max = 128 (default)
datanode_3  | GC pool 'ParNew' had collection(s): count=1 time=136ms
datanode_3  | GC pool 'ConcurrentMarkSweep' had collection(s): count=1 time=867ms
datanode_3  | 2022-12-02 11:14:43,762 [pool-22-thread-1] INFO server.RaftServerConfigKeys: raft.server.log.unsafe-flush.enabled = false (default)
datanode_1  | 2022-12-02 11:15:04,884 [1032b4d4-4b99-465e-855a-8014e66ac73e@group-5856E99902E4-LeaderElection3] INFO server.RaftServerConfigKeys: raft.server.rpc.request.timeout = 60s (custom)
datanode_1  | 2022-12-02 11:15:04,884 [1032b4d4-4b99-465e-855a-8014e66ac73e@group-5856E99902E4-LeaderElection3] INFO server.RaftServerConfigKeys: raft.server.log.appender.install.snapshot.enabled = false (custom)
datanode_2  | 2022-12-02 11:14:54,336 [b6cde622-766a-4271-9234-326233a2e360@group-5856E99902E4-LeaderElection2] INFO impl.LeaderElection: b6cde622-766a-4271-9234-326233a2e360@group-5856E99902E4-LeaderElection2 ELECTION round 0: submit vote requests at term 1 for -1: peers:[b6cde622-766a-4271-9234-326233a2e360|rpc:172.18.0.3:9856|admin:172.18.0.3:9857|client:172.18.0.3:9858|priority:0|startupRole:FOLLOWER, de5be13d-7638-4e28-a0cb-c559a9eafa30|rpc:172.18.0.6:9856|admin:172.18.0.6:9857|client:172.18.0.6:9858|priority:0|startupRole:FOLLOWER, 1032b4d4-4b99-465e-855a-8014e66ac73e|rpc:172.18.0.2:9856|admin:172.18.0.2:9857|client:172.18.0.2:9858|priority:1|startupRole:FOLLOWER]|listeners:[], old=null
datanode_2  | 2022-12-02 11:14:54,341 [b6cde622-766a-4271-9234-326233a2e360@group-5856E99902E4-LeaderElection2-1] INFO server.GrpcServerProtocolClient: Build channel for de5be13d-7638-4e28-a0cb-c559a9eafa30
datanode_1  | 2022-12-02 11:15:04,884 [1032b4d4-4b99-465e-855a-8014e66ac73e@group-5856E99902E4-LeaderElection3] INFO grpc.GrpcConfigKeys: raft.grpc.server.heartbeat.channel = true (default)
datanode_3  | 2022-12-02 11:14:43,762 [pool-22-thread-1] INFO server.RaftServerConfigKeys: raft.server.log.async-flush.enabled = false (default)
datanode_2  | 2022-12-02 11:14:54,352 [b6cde622-766a-4271-9234-326233a2e360@group-5856E99902E4-LeaderElection2] INFO server.RaftServerConfigKeys: raft.server.rpc.first-election.timeout.min = 5s (fallback to raft.server.rpc.timeout.min)
datanode_2  | 2022-12-02 11:14:54,353 [b6cde622-766a-4271-9234-326233a2e360@group-5856E99902E4-LeaderElection2] INFO server.RaftServerConfigKeys: raft.server.rpc.first-election.timeout.max = 5200ms (fallback to raft.server.rpc.timeout.max)
datanode_1  | 2022-12-02 11:15:04,884 [1032b4d4-4b99-465e-855a-8014e66ac73e@group-5856E99902E4-LeaderElection3] INFO server.RaftServerConfigKeys: raft.server.log.appender.wait-time.min = 10ms (default)
datanode_3  | 2022-12-02 11:14:43,764 [pool-22-thread-1] INFO server.RaftServerConfigKeys: raft.server.log.statemachine.data.caching.enabled = true (custom)
datanode_3  | 2022-12-02 11:14:43,764 [pool-22-thread-1] INFO segmented.SegmentedRaftLogWorker: de5be13d-7638-4e28-a0cb-c559a9eafa30@group-EBB508DF266C-SegmentedRaftLogWorker: flushIndex: setUnconditionally 0 -> -1
datanode_3  | 2022-12-02 11:14:43,765 [pool-22-thread-1] INFO segmented.SegmentedRaftLogWorker: de5be13d-7638-4e28-a0cb-c559a9eafa30@group-EBB508DF266C-SegmentedRaftLogWorker: safeCacheEvictIndex: setUnconditionally 0 -> -1
datanode_3  | 2022-12-02 11:14:43,767 [pool-22-thread-1] INFO server.RaftServer$Division: de5be13d-7638-4e28-a0cb-c559a9eafa30@group-EBB508DF266C: start as a follower, conf=-1: peers:[b6cde622-766a-4271-9234-326233a2e360|rpc:172.18.0.3:9856|admin:172.18.0.3:9857|client:172.18.0.3:9858|priority:1|startupRole:FOLLOWER, de5be13d-7638-4e28-a0cb-c559a9eafa30|rpc:172.18.0.6:9856|admin:172.18.0.6:9857|client:172.18.0.6:9858|priority:0|startupRole:FOLLOWER, 1032b4d4-4b99-465e-855a-8014e66ac73e|rpc:172.18.0.2:9856|admin:172.18.0.2:9857|client:172.18.0.2:9858|priority:0|startupRole:FOLLOWER]|listeners:[], old=null
datanode_3  | 2022-12-02 11:14:43,767 [pool-22-thread-1] INFO server.RaftServer$Division: de5be13d-7638-4e28-a0cb-c559a9eafa30@group-EBB508DF266C: changes role from      null to FOLLOWER at term 0 for startAsFollower
datanode_3  | 2022-12-02 11:14:43,768 [pool-22-thread-1] INFO impl.RoleInfo: de5be13d-7638-4e28-a0cb-c559a9eafa30: start de5be13d-7638-4e28-a0cb-c559a9eafa30@group-EBB508DF266C-FollowerState
datanode_1  | 2022-12-02 11:15:04,886 [1032b4d4-4b99-465e-855a-8014e66ac73e@group-5856E99902E4-LeaderElection3] INFO impl.RoleInfo: 1032b4d4-4b99-465e-855a-8014e66ac73e: start 1032b4d4-4b99-465e-855a-8014e66ac73e@group-5856E99902E4-LeaderStateImpl
datanode_3  | 2022-12-02 11:14:43,768 [pool-22-thread-1] INFO util.JmxRegister: Successfully registered JMX Bean with object name Ratis:service=RaftServer,group=group-EBB508DF266C,id=de5be13d-7638-4e28-a0cb-c559a9eafa30
datanode_3  | 2022-12-02 11:14:43,768 [pool-22-thread-1] INFO server.RaftServerConfigKeys: raft.server.snapshot.auto.trigger.enabled = true (custom)
scm_1       | ************************************************************/
datanode_3  | 2022-12-02 11:14:43,768 [pool-22-thread-1] INFO server.RaftServerConfigKeys: raft.server.snapshot.auto.trigger.threshold = 10000 (custom)
datanode_3  | 2022-12-02 11:14:43,768 [pool-22-thread-1] INFO server.RaftServerConfigKeys: raft.server.snapshot.retention.file.num = 5 (custom)
datanode_3  | 2022-12-02 11:14:43,768 [pool-22-thread-1] INFO server.RaftServerConfigKeys: raft.server.log.purge.upto.snapshot.index = false (default)
datanode_1  | 2022-12-02 11:15:04,887 [1032b4d4-4b99-465e-855a-8014e66ac73e@group-5856E99902E4-LeaderElection3] INFO segmented.SegmentedRaftLogWorker: 1032b4d4-4b99-465e-855a-8014e66ac73e@group-5856E99902E4-SegmentedRaftLogWorker: Starting segment from index:0
datanode_3  | 2022-12-02 11:14:43,769 [de5be13d-7638-4e28-a0cb-c559a9eafa30@group-EBB508DF266C-FollowerState] INFO server.RaftServerConfigKeys: raft.server.rpc.first-election.timeout.min = 5s (fallback to raft.server.rpc.timeout.min)
datanode_2  | 2022-12-02 11:14:54,363 [b6cde622-766a-4271-9234-326233a2e360@group-5856E99902E4-LeaderElection2-2] INFO server.GrpcServerProtocolClient: Build channel for 1032b4d4-4b99-465e-855a-8014e66ac73e
scm_1       | No '-XX:...' jvm parameters are set. Adding safer GC settings '-XX:ParallelGCThreads=8 -XX:+UseConcMarkSweepGC -XX:CMSInitiatingOccupancyFraction=70 -XX:+CMSParallelRemarkEnabled' to the OZONE_OPTS
datanode_3  | 2022-12-02 11:14:43,769 [Command processor thread] INFO ratis.XceiverServerRatis: Created group PipelineID=bdca8546-18e1-4be6-a9c9-ebb508df266c
datanode_1  | 2022-12-02 11:15:04,895 [1032b4d4-4b99-465e-855a-8014e66ac73e@group-5856E99902E4-SegmentedRaftLogWorker] INFO segmented.SegmentedRaftLogWorker: 1032b4d4-4b99-465e-855a-8014e66ac73e@group-5856E99902E4-SegmentedRaftLogWorker: created new log segment /data/metadata/ratis/1e9434e7-a656-48c5-b55e-5856e99902e4/current/log_inprogress_0
datanode_2  | 2022-12-02 11:14:54,386 [grpc-default-executor-2] INFO server.RaftServer$Division: b6cde622-766a-4271-9234-326233a2e360@group-5856E99902E4: receive requestVote(ELECTION, de5be13d-7638-4e28-a0cb-c559a9eafa30, group-5856E99902E4, 1, (t:0, i:0))
datanode_3  | 2022-12-02 11:14:43,799 [de5be13d-7638-4e28-a0cb-c559a9eafa30@group-EBB508DF266C-FollowerState] INFO server.RaftServerConfigKeys: raft.server.rpc.first-election.timeout.max = 5200ms (fallback to raft.server.rpc.timeout.max)
scm_1       | OpenJDK 64-Bit Server VM warning: Option UseConcMarkSweepGC was deprecated in version 9.0 and will likely be removed in a future release.
datanode_2  | 2022-12-02 11:14:54,387 [grpc-default-executor-2] INFO impl.VoteContext: b6cde622-766a-4271-9234-326233a2e360@group-5856E99902E4-CANDIDATE: reject ELECTION from de5be13d-7638-4e28-a0cb-c559a9eafa30: already has voted for b6cde622-766a-4271-9234-326233a2e360 at current term 1
datanode_3  | 2022-12-02 11:14:47,478 [de5be13d-7638-4e28-a0cb-c559a9eafa30@group-C03D806A4722-FollowerState] INFO impl.FollowerState: de5be13d-7638-4e28-a0cb-c559a9eafa30@group-C03D806A4722-FollowerState: change to CANDIDATE, lastRpcElapsedTime:5133974485ns, electionTimeout:5116ms
scm_1       | 2022-12-02 11:14:28,026 [main] INFO server.StorageContainerManagerStarter: STARTUP_MSG: 
datanode_2  | 2022-12-02 11:14:54,387 [grpc-default-executor-2] INFO server.RaftServer$Division: b6cde622-766a-4271-9234-326233a2e360@group-5856E99902E4 replies to ELECTION vote request: de5be13d-7638-4e28-a0cb-c559a9eafa30<-b6cde622-766a-4271-9234-326233a2e360#0:FAIL-t1. Peer's state: b6cde622-766a-4271-9234-326233a2e360@group-5856E99902E4:t1, leader=null, voted=b6cde622-766a-4271-9234-326233a2e360, raftlog=Memoized:b6cde622-766a-4271-9234-326233a2e360@group-5856E99902E4-SegmentedRaftLog:OPENED:c-1, conf=-1: peers:[b6cde622-766a-4271-9234-326233a2e360|rpc:172.18.0.3:9856|admin:172.18.0.3:9857|client:172.18.0.3:9858|priority:0|startupRole:FOLLOWER, de5be13d-7638-4e28-a0cb-c559a9eafa30|rpc:172.18.0.6:9856|admin:172.18.0.6:9857|client:172.18.0.6:9858|priority:0|startupRole:FOLLOWER, 1032b4d4-4b99-465e-855a-8014e66ac73e|rpc:172.18.0.2:9856|admin:172.18.0.2:9857|client:172.18.0.2:9858|priority:1|startupRole:FOLLOWER]|listeners:[], old=null
datanode_3  | 2022-12-02 11:14:47,479 [de5be13d-7638-4e28-a0cb-c559a9eafa30@group-C03D806A4722-FollowerState] INFO impl.RoleInfo: de5be13d-7638-4e28-a0cb-c559a9eafa30: shutdown de5be13d-7638-4e28-a0cb-c559a9eafa30@group-C03D806A4722-FollowerState
datanode_3  | 2022-12-02 11:14:47,480 [de5be13d-7638-4e28-a0cb-c559a9eafa30@group-C03D806A4722-FollowerState] INFO server.RaftServer$Division: de5be13d-7638-4e28-a0cb-c559a9eafa30@group-C03D806A4722: changes role from  FOLLOWER to CANDIDATE at term 0 for changeToCandidate
datanode_3  | 2022-12-02 11:14:47,482 [de5be13d-7638-4e28-a0cb-c559a9eafa30@group-C03D806A4722-FollowerState] INFO server.RaftServerConfigKeys: raft.server.leaderelection.pre-vote = false (custom)
datanode_1  | 2022-12-02 11:15:04,914 [1032b4d4-4b99-465e-855a-8014e66ac73e@group-5856E99902E4-LeaderElection3] INFO server.RaftServer$Division: 1032b4d4-4b99-465e-855a-8014e66ac73e@group-5856E99902E4: set configuration 0: peers:[b6cde622-766a-4271-9234-326233a2e360|rpc:172.18.0.3:9856|admin:172.18.0.3:9857|client:172.18.0.3:9858|dataStream:|priority:0|startupRole:FOLLOWER, de5be13d-7638-4e28-a0cb-c559a9eafa30|rpc:172.18.0.6:9856|admin:172.18.0.6:9857|client:172.18.0.6:9858|dataStream:|priority:0|startupRole:FOLLOWER, 1032b4d4-4b99-465e-855a-8014e66ac73e|rpc:172.18.0.2:9856|admin:172.18.0.2:9857|client:172.18.0.2:9858|dataStream:|priority:1|startupRole:FOLLOWER]|listeners:[], old=null
datanode_3  | 2022-12-02 11:14:47,483 [de5be13d-7638-4e28-a0cb-c559a9eafa30@group-C03D806A4722-FollowerState] INFO impl.RoleInfo: de5be13d-7638-4e28-a0cb-c559a9eafa30: start de5be13d-7638-4e28-a0cb-c559a9eafa30@group-C03D806A4722-LeaderElection1
scm_1       | /************************************************************
datanode_2  | 2022-12-02 11:14:54,457 [b6cde622-766a-4271-9234-326233a2e360@group-5856E99902E4-LeaderElection2] INFO impl.LeaderElection: b6cde622-766a-4271-9234-326233a2e360@group-5856E99902E4-LeaderElection2: ELECTION REJECTED received 1 response(s) and 0 exception(s):
scm_1       | STARTUP_MSG: Starting StorageContainerManager
datanode_2  | 2022-12-02 11:14:54,457 [b6cde622-766a-4271-9234-326233a2e360@group-5856E99902E4-LeaderElection2] INFO impl.LeaderElection:   Response 0: b6cde622-766a-4271-9234-326233a2e360<-1032b4d4-4b99-465e-855a-8014e66ac73e#0:FAIL-t1
datanode_3  | 2022-12-02 11:14:47,502 [de5be13d-7638-4e28-a0cb-c559a9eafa30@group-C03D806A4722-LeaderElection1] INFO impl.LeaderElection: de5be13d-7638-4e28-a0cb-c559a9eafa30@group-C03D806A4722-LeaderElection1 ELECTION round 0: submit vote requests at term 1 for -1: peers:[de5be13d-7638-4e28-a0cb-c559a9eafa30|rpc:172.18.0.6:9856|admin:172.18.0.6:9857|client:172.18.0.6:9858|priority:1|startupRole:FOLLOWER]|listeners:[], old=null
scm_1       | STARTUP_MSG:   host = 9c76043b4b84/172.18.0.7
datanode_2  | 2022-12-02 11:14:54,457 [b6cde622-766a-4271-9234-326233a2e360@group-5856E99902E4-LeaderElection2] INFO impl.LeaderElection: b6cde622-766a-4271-9234-326233a2e360@group-5856E99902E4-LeaderElection2 ELECTION round 0: result REJECTED
datanode_3  | 2022-12-02 11:14:47,503 [de5be13d-7638-4e28-a0cb-c559a9eafa30@group-C03D806A4722-LeaderElection1] INFO impl.LeaderElection: de5be13d-7638-4e28-a0cb-c559a9eafa30@group-C03D806A4722-LeaderElection1 ELECTION round 0: result PASSED (term=1)
scm_1       | STARTUP_MSG:   args = []
datanode_2  | 2022-12-02 11:14:54,457 [b6cde622-766a-4271-9234-326233a2e360@group-5856E99902E4-LeaderElection2] INFO server.RaftServer$Division: b6cde622-766a-4271-9234-326233a2e360@group-5856E99902E4: changes role from CANDIDATE to FOLLOWER at term 1 for REJECTED
datanode_3  | 2022-12-02 11:14:47,504 [de5be13d-7638-4e28-a0cb-c559a9eafa30@group-C03D806A4722-LeaderElection1] INFO impl.RoleInfo: de5be13d-7638-4e28-a0cb-c559a9eafa30: shutdown de5be13d-7638-4e28-a0cb-c559a9eafa30@group-C03D806A4722-LeaderElection1
scm_1       | STARTUP_MSG:   version = 1.3.0-SNAPSHOT
datanode_2  | 2022-12-02 11:14:54,457 [b6cde622-766a-4271-9234-326233a2e360@group-5856E99902E4-LeaderElection2] INFO impl.RoleInfo: b6cde622-766a-4271-9234-326233a2e360: shutdown b6cde622-766a-4271-9234-326233a2e360@group-5856E99902E4-LeaderElection2
datanode_3  | 2022-12-02 11:14:47,505 [de5be13d-7638-4e28-a0cb-c559a9eafa30@group-C03D806A4722-LeaderElection1] INFO server.RaftServer$Division: de5be13d-7638-4e28-a0cb-c559a9eafa30@group-C03D806A4722: changes role from CANDIDATE to LEADER at term 1 for changeToLeader
datanode_2  | 2022-12-02 11:14:54,457 [b6cde622-766a-4271-9234-326233a2e360@group-5856E99902E4-LeaderElection2] INFO impl.RoleInfo: b6cde622-766a-4271-9234-326233a2e360: start b6cde622-766a-4271-9234-326233a2e360@group-5856E99902E4-FollowerState
scm_1       | STARTUP_MSG:   classpath = /etc/hadoop:/opt/hadoop/share/ozone/lib/kerb-simplekdc-1.0.1.jar:/opt/hadoop/share/ozone/lib/slf4j-reload4j-1.7.36.jar:/opt/hadoop/share/ozone/lib/protobuf-java-2.5.0.jar:/opt/hadoop/share/ozone/lib/jaxb-core-2.3.0.1.jar:/opt/hadoop/share/ozone/lib/istack-commons-runtime-3.0.5.jar:/opt/hadoop/share/ozone/lib/netty-handler-4.1.79.Final.jar:/opt/hadoop/share/ozone/lib/commons-validator-1.6.jar:/opt/hadoop/share/ozone/lib/bcpkix-jdk15on-1.67.jar:/opt/hadoop/share/ozone/lib/hdds-interface-admin-1.3.0-SNAPSHOT.jar:/opt/hadoop/share/ozone/lib/kerb-core-1.0.1.jar:/opt/hadoop/share/ozone/lib/hadoop-shaded-protobuf_3_7-1.1.1.jar:/opt/hadoop/share/ozone/lib/netty-common-4.1.79.Final.jar:/opt/hadoop/share/ozone/lib/hdds-container-service-1.3.0-SNAPSHOT.jar:/opt/hadoop/share/ozone/lib/jsr305-3.0.0.jar:/opt/hadoop/share/ozone/lib/j2objc-annotations-1.3.jar:/opt/hadoop/share/ozone/lib/jetty-webapp-9.4.49.v20220914.jar:/opt/hadoop/share/ozone/lib/picocli-4.6.1.jar:/opt/hadoop/share/ozone/lib/javassist-3.21.0-GA.jar:/opt/hadoop/share/ozone/lib/jaxb-api-2.3.0.jar:/opt/hadoop/share/ozone/lib/commons-codec-1.15.jar:/opt/hadoop/share/ozone/lib/kerb-util-1.0.1.jar:/opt/hadoop/share/ozone/lib/hadoop-shaded-guava-1.1.1.jar:/opt/hadoop/share/ozone/lib/kotlin-stdlib-1.6.21.jar:/opt/hadoop/share/ozone/lib/log4j-core-2.17.1.jar:/opt/hadoop/share/ozone/lib/commons-logging-1.2.jar:/opt/hadoop/share/ozone/lib/ratis-thirdparty-misc-1.0.3.jar:/opt/hadoop/share/ozone/lib/jetty-security-9.4.49.v20220914.jar:/opt/hadoop/share/ozone/lib/accessors-smart-2.4.7.jar:/opt/hadoop/share/ozone/lib/kerby-xdr-1.0.1.jar:/opt/hadoop/share/ozone/lib/txw2-2.3.0.1.jar:/opt/hadoop/share/ozone/lib/httpcore-4.4.13.jar:/opt/hadoop/share/ozone/lib/guava-31.1-jre.jar:/opt/hadoop/share/ozone/lib/opentracing-tracerresolver-0.1.8.jar:/opt/hadoop/share/ozone/lib/commons-net-3.6.jar:/opt/hadoop/share/ozone/lib/ratis-common-2.4.1.jar:/opt/hadoop/share/ozone/lib/netty-transport-4.1.79.Final.jar:/opt/hadoop/share/ozone/lib/hadoop-auth-3.3.4.jar:/opt/hadoop/share/ozone/lib/libthrift-0.14.1.jar:/opt/hadoop/share/ozone/lib/stax-ex-1.7.8.jar:/opt/hadoop/share/ozone/lib/error_prone_annotations-2.2.0.jar:/opt/hadoop/share/ozone/lib/kotlin-stdlib-common-1.4.10.jar:/opt/hadoop/share/ozone/lib/httpclient-4.5.13.jar:/opt/hadoop/share/ozone/lib/jaeger-client-1.6.0.jar:/opt/hadoop/share/ozone/lib/kerby-config-1.0.1.jar:/opt/hadoop/share/ozone/lib/jackson-annotations-2.13.4.jar:/opt/hadoop/share/ozone/lib/commons-io-2.11.0.jar:/opt/hadoop/share/ozone/lib/metrics-core-3.2.4.jar:/opt/hadoop/share/ozone/lib/hadoop-annotations-3.3.4.jar:/opt/hadoop/share/ozone/lib/kerby-pkix-1.0.1.jar:/opt/hadoop/share/ozone/lib/jetty-util-9.4.49.v20220914.jar:/opt/hadoop/share/ozone/lib/json-smart-2.4.7.jar:/opt/hadoop/share/ozone/lib/hdds-interface-client-1.3.0-SNAPSHOT.jar:/opt/hadoop/share/ozone/lib/jetty-io-9.4.49.v20220914.jar:/opt/hadoop/share/ozone/lib/jsr311-api-1.1.1.jar:/opt/hadoop/share/ozone/lib/hdds-annotation-processing-1.3.0-SNAPSHOT.jar:/opt/hadoop/share/ozone/lib/jetty-server-9.4.49.v20220914.jar:/opt/hadoop/share/ozone/lib/ratis-grpc-2.4.1.jar:/opt/hadoop/share/ozone/lib/commons-beanutils-1.9.4.jar:/opt/hadoop/share/ozone/lib/hdds-server-framework-1.3.0-SNAPSHOT.jar:/opt/hadoop/share/ozone/lib/javax.servlet-api-3.1.0.jar:/opt/hadoop/share/ozone/lib/kerb-server-1.0.1.jar:/opt/hadoop/share/ozone/lib/hdds-common-1.3.0-SNAPSHOT.jar:/opt/hadoop/share/ozone/lib/kerb-client-1.0.1.jar:/opt/hadoop/share/ozone/lib/jetty-xml-9.4.49.v20220914.jar:/opt/hadoop/share/ozone/lib/hadoop-common-3.3.4.jar:/opt/hadoop/share/ozone/lib/disruptor-3.4.2.jar:/opt/hadoop/share/ozone/lib/ratis-proto-2.4.1.jar:/opt/hadoop/share/ozone/lib/reflections-0.9.11.jar:/opt/hadoop/share/ozone/lib/gson-2.9.0.jar:/opt/hadoop/share/ozone/lib/snakeyaml-1.33.jar:/opt/hadoop/share/ozone/lib/hdds-erasurecode-1.3.0-SNAPSHOT.jar:/opt/hadoop/share/ozone/lib/nimbus-jose-jwt-9.8.1.jar:/opt/hadoop/share/ozone/lib/hdds-interface-server-1.3.0-SNAPSHOT.jar:/opt/hadoop/share/ozone/lib/annotations-13.0.jar:/opt/hadoop/share/ozone/lib/simpleclient_common-0.7.0.jar:/opt/hadoop/share/ozone/lib/jaeger-thrift-1.6.0.jar:/opt/hadoop/share/ozone/lib/dnsjava-2.1.7.jar:/opt/hadoop/share/ozone/lib/rocksdbjni-7.7.3.jar:/opt/hadoop/share/ozone/lib/bcprov-jdk15on-1.67.jar:/opt/hadoop/share/ozone/lib/commons-configuration2-2.1.1.jar:/opt/hadoop/share/ozone/lib/token-provider-1.0.1.jar:/opt/hadoop/share/ozone/lib/commons-daemon-1.0.13.jar:/opt/hadoop/share/ozone/lib/listenablefuture-9999.0-empty-to-avoid-conflict-with-guava.jar:/opt/hadoop/share/ozone/lib/netty-buffer-4.1.79.Final.jar:/opt/hadoop/share/ozone/lib/jaeger-tracerresolver-1.6.0.jar:/opt/hadoop/share/ozone/lib/slf4j-api-1.7.36.jar:/opt/hadoop/share/ozone/lib/commons-lang3-3.7.jar:/opt/hadoop/share/ozone/lib/re2j-1.1.jar:/opt/hadoop/share/ozone/lib/jackson-datatype-jsr310-2.13.4.jar:/opt/hadoop/share/ozone/lib/simpleclient_dropwizard-0.7.0.jar:/opt/hadoop/share/ozone/lib/simpleclient-0.7.0.jar:/opt/hadoop/share/ozone/lib/ratis-netty-2.4.1.jar:/opt/hadoop/share/ozone/lib/asm-5.0.4.jar:/opt/hadoop/share/ozone/lib/kerby-util-1.0.1.jar:/opt/hadoop/share/ozone/lib/netty-codec-4.1.79.Final.jar:/opt/hadoop/share/ozone/lib/failureaccess-1.0.1.jar:/opt/hadoop/share/ozone/lib/jackson-databind-2.13.4.2.jar:/opt/hadoop/share/ozone/lib/okio-2.8.0.jar:/opt/hadoop/share/ozone/lib/jetty-servlet-9.4.49.v20220914.jar:/opt/hadoop/share/ozone/lib/hdds-config-1.3.0-SNAPSHOT.jar:/opt/hadoop/share/ozone/lib/jsp-api-2.1.jar:/opt/hadoop/share/ozone/lib/jsch-0.1.54.jar:/opt/hadoop/share/ozone/lib/jakarta.activation-api-1.2.1.jar:/opt/hadoop/share/ozone/lib/reload4j-1.2.22.jar:/opt/hadoop/share/ozone/lib/woodstox-core-5.4.0.jar:/opt/hadoop/share/ozone/lib/commons-pool2-2.6.0.jar:/opt/hadoop/share/ozone/lib/netty-resolver-4.1.79.Final.jar:/opt/hadoop/share/ozone/lib/opentracing-api-0.33.0.jar:/opt/hadoop/share/ozone/lib/ratis-server-api-2.4.1.jar:/opt/hadoop/share/ozone/lib/jcip-annotations-1.0-1.jar:/opt/hadoop/share/ozone/lib/kerb-admin-1.0.1.jar:/opt/hadoop/share/ozone/lib/jetty-util-ajax-9.4.49.v20220914.jar:/opt/hadoop/share/ozone/lib/ratis-server-2.4.1.jar:/opt/hadoop/share/ozone/lib/opentracing-noop-0.33.0.jar:/opt/hadoop/share/ozone/lib/netty-transport-native-unix-common-4.1.79.Final.jar:/opt/hadoop/share/ozone/lib/hadoop-hdfs-client-3.3.4.jar:/opt/hadoop/share/ozone/lib/jersey-core-1.19.jar:/opt/hadoop/share/ozone/lib/commons-compress-1.21.jar:/opt/hadoop/share/ozone/lib/jaxb-runtime-2.3.0.1.jar:/opt/hadoop/share/ozone/lib/hadoop-hdfs-3.3.4.jar:/opt/hadoop/share/ozone/lib/jackson-core-2.13.4.jar:/opt/hadoop/share/ozone/lib/opentracing-util-0.33.0.jar:/opt/hadoop/share/ozone/lib/hdds-client-1.3.0-SNAPSHOT.jar:/opt/hadoop/share/ozone/lib/stax2-api-4.2.1.jar:/opt/hadoop/share/ozone/lib/ratis-metrics-2.4.1.jar:/opt/hadoop/share/ozone/lib/hdds-hadoop-dependency-client-1.3.0-SNAPSHOT.jar:/opt/hadoop/share/ozone/lib/snappy-java-1.1.8.2.jar:/opt/hadoop/share/ozone/lib/commons-cli-1.2.jar:/opt/hadoop/share/ozone/lib/log4j-api-2.17.1.jar:/opt/hadoop/share/ozone/lib/javax.annotation-api-1.2.jar:/opt/hadoop/share/ozone/lib/kerby-asn1-1.0.1.jar:/opt/hadoop/share/ozone/lib/okhttp-4.9.3.jar:/opt/hadoop/share/ozone/lib/checker-qual-3.12.0.jar:/opt/hadoop/share/ozone/lib/commons-digester-1.8.1.jar:/opt/hadoop/share/ozone/lib/commons-collections-3.2.2.jar:/opt/hadoop/share/ozone/lib/jaeger-core-1.6.0.jar:/opt/hadoop/share/ozone/lib/commons-text-1.4.jar:/opt/hadoop/share/ozone/lib/jersey-servlet-1.19.jar:/opt/hadoop/share/ozone/lib/ratis-client-2.4.1.jar:/opt/hadoop/share/ozone/lib/jetty-http-9.4.49.v20220914.jar:/opt/hadoop/share/ozone/lib/kerb-identity-1.0.1.jar:/opt/hadoop/share/ozone/lib/FastInfoset-1.2.13.jar:/opt/hadoop/share/ozone/lib/kerb-common-1.0.1.jar:/opt/hadoop/share/ozone/lib/jersey-server-1.19.jar:/opt/hadoop/share/ozone/lib/hdds-hadoop-dependency-server-1.3.0-SNAPSHOT.jar:/opt/hadoop/share/ozone/lib/kerb-crypto-1.0.1.jar:/opt/hadoop/share/ozone/web:/opt/hadoop/share/ozone/lib/hdds-server-scm-1.3.0-SNAPSHOT.jar
datanode_3  | 2022-12-02 11:14:47,534 [de5be13d-7638-4e28-a0cb-c559a9eafa30@group-C03D806A4722-LeaderElection1] INFO ratis.XceiverServerRatis: Leader change notification received for group: group-C03D806A4722 with new leaderId: de5be13d-7638-4e28-a0cb-c559a9eafa30
datanode_2  | 2022-12-02 11:14:54,469 [b6cde622-766a-4271-9234-326233a2e360@group-5856E99902E4-FollowerState] INFO server.RaftServerConfigKeys: raft.server.rpc.first-election.timeout.min = 5s (fallback to raft.server.rpc.timeout.min)
scm_1       | STARTUP_MSG:   build = https://github.com/apache/ozone/50a9d46d809af8d6848520211bcdff14c3b7c646 ; compiled by 'runner' on 2022-12-02T11:00Z
datanode_3  | 2022-12-02 11:14:47,541 [de5be13d-7638-4e28-a0cb-c559a9eafa30@group-C03D806A4722-LeaderElection1] INFO server.RaftServer$Division: de5be13d-7638-4e28-a0cb-c559a9eafa30@group-C03D806A4722: change Leader from null to de5be13d-7638-4e28-a0cb-c559a9eafa30 at term 1 for becomeLeader, leader elected after 5693ms
datanode_2  | 2022-12-02 11:14:54,482 [b6cde622-766a-4271-9234-326233a2e360@group-5856E99902E4-FollowerState] INFO server.RaftServerConfigKeys: raft.server.rpc.first-election.timeout.max = 5200ms (fallback to raft.server.rpc.timeout.max)
scm_1       | STARTUP_MSG:   java = 11.0.14.1
datanode_3  | 2022-12-02 11:14:47,591 [de5be13d-7638-4e28-a0cb-c559a9eafa30@group-C03D806A4722-LeaderElection1] INFO server.RaftServerConfigKeys: raft.server.staging.catchup.gap = 1000 (default)
datanode_2  | 2022-12-02 11:14:54,540 [b6cde622-766a-4271-9234-326233a2e360@group-EBB508DF266C-FollowerState] INFO impl.FollowerState: b6cde622-766a-4271-9234-326233a2e360@group-EBB508DF266C-FollowerState: change to CANDIDATE, lastRpcElapsedTime:5212808737ns, electionTimeout:5176ms
scm_1       | ************************************************************/
datanode_3  | 2022-12-02 11:14:47,628 [de5be13d-7638-4e28-a0cb-c559a9eafa30@group-C03D806A4722-LeaderElection1] INFO server.RaftServerConfigKeys: raft.server.write.element-limit = 1024 (custom)
datanode_2  | 2022-12-02 11:14:54,540 [b6cde622-766a-4271-9234-326233a2e360@group-EBB508DF266C-FollowerState] INFO impl.RoleInfo: b6cde622-766a-4271-9234-326233a2e360: shutdown b6cde622-766a-4271-9234-326233a2e360@group-EBB508DF266C-FollowerState
scm_1       | 2022-12-02 11:14:28,046 [main] INFO server.StorageContainerManagerStarter: registered UNIX signal handlers for [TERM, HUP, INT]
datanode_3  | 2022-12-02 11:14:47,644 [de5be13d-7638-4e28-a0cb-c559a9eafa30@group-C03D806A4722-LeaderElection1] INFO server.RaftServerConfigKeys: raft.server.write.byte-limit = 1024 M (=1073741824) (custom)
datanode_2  | 2022-12-02 11:14:54,541 [b6cde622-766a-4271-9234-326233a2e360@group-EBB508DF266C-FollowerState] INFO server.RaftServer$Division: b6cde622-766a-4271-9234-326233a2e360@group-EBB508DF266C: changes role from  FOLLOWER to CANDIDATE at term 1 for changeToCandidate
scm_1       | 2022-12-02 11:14:28,150 [main] WARN server.ServerUtils: ozone.scm.db.dirs is not configured. We recommend adding this setting. Falling back to ozone.metadata.dirs instead.
datanode_3  | 2022-12-02 11:14:47,701 [de5be13d-7638-4e28-a0cb-c559a9eafa30@group-C03D806A4722-LeaderElection1] INFO server.RaftServerConfigKeys: raft.server.watch.timeout = 180s (custom)
datanode_2  | 2022-12-02 11:14:54,541 [b6cde622-766a-4271-9234-326233a2e360@group-EBB508DF266C-FollowerState] INFO server.RaftServerConfigKeys: raft.server.leaderelection.pre-vote = false (custom)
scm_1       | 2022-12-02 11:14:28,198 [main] INFO ha.SCMHANodeDetails: ServiceID for StorageContainerManager is null
datanode_3  | 2022-12-02 11:14:47,714 [de5be13d-7638-4e28-a0cb-c559a9eafa30@group-C03D806A4722-LeaderElection1] INFO server.RaftServerConfigKeys: raft.server.watch.timeout.denomination = 1s (default)
datanode_2  | 2022-12-02 11:14:54,541 [b6cde622-766a-4271-9234-326233a2e360@group-EBB508DF266C-FollowerState] INFO impl.RoleInfo: b6cde622-766a-4271-9234-326233a2e360: start b6cde622-766a-4271-9234-326233a2e360@group-EBB508DF266C-LeaderElection3
scm_1       | 2022-12-02 11:14:28,218 [main] INFO ha.SCMHANodeDetails: ozone.scm.default.service.id is not defined, falling back to ozone.scm.service.ids to find serviceID for StorageContainerManager if it is HA enabled cluster
datanode_3  | 2022-12-02 11:14:47,716 [de5be13d-7638-4e28-a0cb-c559a9eafa30@group-C03D806A4722-LeaderElection1] INFO server.RaftServerConfigKeys: raft.server.watch.element-limit = 65536 (default)
datanode_2  | 2022-12-02 11:14:54,549 [b6cde622-766a-4271-9234-326233a2e360@group-EBB508DF266C-LeaderElection3] INFO impl.LeaderElection: b6cde622-766a-4271-9234-326233a2e360@group-EBB508DF266C-LeaderElection3 ELECTION round 0: submit vote requests at term 2 for -1: peers:[b6cde622-766a-4271-9234-326233a2e360|rpc:172.18.0.3:9856|admin:172.18.0.3:9857|client:172.18.0.3:9858|priority:1|startupRole:FOLLOWER, de5be13d-7638-4e28-a0cb-c559a9eafa30|rpc:172.18.0.6:9856|admin:172.18.0.6:9857|client:172.18.0.6:9858|priority:0|startupRole:FOLLOWER, 1032b4d4-4b99-465e-855a-8014e66ac73e|rpc:172.18.0.2:9856|admin:172.18.0.2:9857|client:172.18.0.2:9858|priority:0|startupRole:FOLLOWER]|listeners:[], old=null
scm_1       | 2022-12-02 11:14:28,885 [main] WARN utils.HAUtils: ozone.scm.db.dirs is not configured. We recommend adding this setting. Falling back to ozone.metadata.dirs instead.
datanode_3  | 2022-12-02 11:14:48,048 [de5be13d-7638-4e28-a0cb-c559a9eafa30@group-C03D806A4722-LeaderElection1] INFO server.RaftServerConfigKeys: raft.server.write.element-limit = 1024 (custom)
