datanode_1  | 2022-12-02 11:14:49,339 [pool-22-thread-1] INFO segmented.SegmentedRaftLogWorker: 1032b4d4-4b99-465e-855a-8014e66ac73e@group-5856E99902E4-SegmentedRaftLogWorker: flushIndex: setUnconditionally 0 -> -1
datanode_1  | 2022-12-02 11:14:49,349 [pool-22-thread-1] INFO segmented.SegmentedRaftLogWorker: 1032b4d4-4b99-465e-855a-8014e66ac73e@group-5856E99902E4-SegmentedRaftLogWorker: safeCacheEvictIndex: setUnconditionally 0 -> -1
datanode_1  | 2022-12-02 11:14:49,355 [pool-22-thread-1] INFO server.RaftServer$Division: 1032b4d4-4b99-465e-855a-8014e66ac73e@group-5856E99902E4: start as a follower, conf=-1: peers:[b6cde622-766a-4271-9234-326233a2e360|rpc:172.18.0.3:9856|admin:172.18.0.3:9857|client:172.18.0.3:9858|priority:0|startupRole:FOLLOWER, de5be13d-7638-4e28-a0cb-c559a9eafa30|rpc:172.18.0.6:9856|admin:172.18.0.6:9857|client:172.18.0.6:9858|priority:0|startupRole:FOLLOWER, 1032b4d4-4b99-465e-855a-8014e66ac73e|rpc:172.18.0.2:9856|admin:172.18.0.2:9857|client:172.18.0.2:9858|priority:1|startupRole:FOLLOWER]|listeners:[], old=null
datanode_1  | 2022-12-02 11:14:49,359 [pool-22-thread-1] INFO server.RaftServer$Division: 1032b4d4-4b99-465e-855a-8014e66ac73e@group-5856E99902E4: changes role from      null to FOLLOWER at term 0 for startAsFollower
datanode_1  | 2022-12-02 11:14:49,359 [pool-22-thread-1] INFO impl.RoleInfo: 1032b4d4-4b99-465e-855a-8014e66ac73e: start 1032b4d4-4b99-465e-855a-8014e66ac73e@group-5856E99902E4-FollowerState
datanode_1  | 2022-12-02 11:14:49,361 [pool-22-thread-1] INFO util.JmxRegister: Successfully registered JMX Bean with object name Ratis:service=RaftServer,group=group-5856E99902E4,id=1032b4d4-4b99-465e-855a-8014e66ac73e
datanode_1  | 2022-12-02 11:14:49,361 [pool-22-thread-1] INFO server.RaftServerConfigKeys: raft.server.snapshot.auto.trigger.enabled = true (custom)
datanode_1  | 2022-12-02 11:14:49,361 [pool-22-thread-1] INFO server.RaftServerConfigKeys: raft.server.snapshot.auto.trigger.threshold = 10000 (custom)
datanode_1  | 2022-12-02 11:14:49,361 [pool-22-thread-1] INFO server.RaftServerConfigKeys: raft.server.snapshot.retention.file.num = 5 (custom)
datanode_1  | 2022-12-02 11:14:49,361 [pool-22-thread-1] INFO server.RaftServerConfigKeys: raft.server.log.purge.upto.snapshot.index = false (default)
datanode_1  | 2022-12-02 11:14:49,362 [1032b4d4-4b99-465e-855a-8014e66ac73e@group-5856E99902E4-FollowerState] INFO server.RaftServerConfigKeys: raft.server.rpc.first-election.timeout.min = 5s (fallback to raft.server.rpc.timeout.min)
datanode_2  | 2022-12-02 11:14:44,969 [pool-22-thread-1] INFO server.RaftServer$Division: b6cde622-766a-4271-9234-326233a2e360@group-EBB508DF266C: ConfigurationManager, init=-1: peers:[b6cde622-766a-4271-9234-326233a2e360|rpc:172.18.0.3:9856|admin:172.18.0.3:9857|client:172.18.0.3:9858|priority:1|startupRole:FOLLOWER, de5be13d-7638-4e28-a0cb-c559a9eafa30|rpc:172.18.0.6:9856|admin:172.18.0.6:9857|client:172.18.0.6:9858|priority:0|startupRole:FOLLOWER, 1032b4d4-4b99-465e-855a-8014e66ac73e|rpc:172.18.0.2:9856|admin:172.18.0.2:9857|client:172.18.0.2:9858|priority:0|startupRole:FOLLOWER]|listeners:[], old=null, confs=<EMPTY_MAP>
datanode_2  | 2022-12-02 11:14:44,969 [pool-22-thread-1] INFO server.RaftServerConfigKeys: raft.server.storage.dir = [/data/metadata/ratis] (custom)
datanode_2  | 2022-12-02 11:14:44,970 [pool-22-thread-1] INFO server.RaftServerConfigKeys: raft.server.log.corruption.policy = EXCEPTION (default)
datanode_2  | 2022-12-02 11:14:44,970 [pool-22-thread-1] INFO server.RaftServerConfigKeys: raft.server.storage.free-space.min = 0MB (=0) (default)
datanode_2  | 2022-12-02 11:14:44,983 [pool-22-thread-1] INFO server.RaftServerConfigKeys: raft.server.notification.no-leader.timeout = 300s (custom)
datanode_2  | 2022-12-02 11:14:44,983 [pool-22-thread-1] INFO server.RaftServerConfigKeys: raft.server.retrycache.expirytime = 600000ms (custom)
datanode_2  | 2022-12-02 11:14:44,984 [pool-22-thread-1] INFO server.RaftServerConfigKeys: raft.server.retrycache.statistics.expirytime = 100?s (default)
datanode_2  | 2022-12-02 11:14:44,989 [pool-22-thread-1] INFO server.RaftServerConfigKeys: raft.server.log.appender.install.snapshot.enabled = false (custom)
datanode_2  | 2022-12-02 11:14:45,030 [pool-22-thread-1] INFO server.RaftServerConfigKeys: raft.server.threadpool.server.cached = true (default)
datanode_2  | 2022-12-02 11:14:45,031 [pool-22-thread-1] INFO server.RaftServerConfigKeys: raft.server.threadpool.server.size = 0 (default)
datanode_2  | 2022-12-02 11:14:45,032 [pool-22-thread-1] INFO server.RaftServerConfigKeys: raft.server.threadpool.client.cached = true (default)
datanode_2  | 2022-12-02 11:14:45,032 [pool-22-thread-1] INFO server.RaftServerConfigKeys: raft.server.threadpool.client.size = 0 (default)
datanode_2  | 2022-12-02 11:14:45,032 [pool-22-thread-1] INFO storage.RaftStorageDirectory: The storage directory /data/metadata/ratis/bdca8546-18e1-4be6-a9c9-ebb508df266c does not exist. Creating ...
datanode_2  | 2022-12-02 11:14:45,034 [pool-22-thread-1] INFO storage.RaftStorageDirectory: Lock on /data/metadata/ratis/bdca8546-18e1-4be6-a9c9-ebb508df266c/in_use.lock acquired by nodename 7@6bf975176e2c
datanode_2  | 2022-12-02 11:14:45,047 [pool-22-thread-1] INFO storage.RaftStorage: Storage directory /data/metadata/ratis/bdca8546-18e1-4be6-a9c9-ebb508df266c has been successfully formatted.
datanode_2  | 2022-12-02 11:14:45,048 [pool-22-thread-1] INFO ratis.ContainerStateMachine: group-EBB508DF266C: The snapshot info is null. Setting the last applied indexto:(t:0, i:~)
datanode_2  | 2022-12-02 11:14:45,050 [pool-22-thread-1] INFO server.RaftServerConfigKeys: raft.server.log.use.memory = false (default)
datanode_2  | 2022-12-02 11:14:45,050 [pool-22-thread-1] INFO server.RaftServerConfigKeys: raft.server.log.purge.gap = 1000000 (custom)
datanode_2  | 2022-12-02 11:14:45,051 [pool-22-thread-1] INFO server.RaftServerConfigKeys: raft.server.log.appender.buffer.byte-limit = 33554432 (custom)
datanode_2  | 2022-12-02 11:14:45,051 [pool-22-thread-1] INFO server.RaftServerConfigKeys: raft.server.log.statemachine.data.read.timeout = 1000ms (default)
datanode_2  | 2022-12-02 11:14:45,052 [pool-22-thread-1] INFO server.RaftServerConfigKeys: raft.server.log.purge.preservation.log.num = 0 (default)
datanode_2  | 2022-12-02 11:14:45,052 [pool-22-thread-1] INFO server.RaftServerConfigKeys: raft.server.log.segment.size.max = 1048576 (custom)
datanode_2  | 2022-12-02 11:14:45,053 [pool-22-thread-1] INFO server.RaftServerConfigKeys: raft.server.log.segment.cache.num.max = 2 (custom)
datanode_2  | 2022-12-02 11:14:45,054 [pool-22-thread-1] INFO server.RaftServerConfigKeys: raft.server.log.segment.cache.size.max = 200MB (=209715200) (default)
datanode_2  | 2022-12-02 11:14:45,054 [pool-22-thread-1] INFO segmented.SegmentedRaftLogWorker: new b6cde622-766a-4271-9234-326233a2e360@group-EBB508DF266C-SegmentedRaftLogWorker for RaftStorageImpl:Storage Directory /data/metadata/ratis/bdca8546-18e1-4be6-a9c9-ebb508df266c
datanode_2  | 2022-12-02 11:14:45,055 [pool-22-thread-1] INFO server.RaftServerConfigKeys: raft.server.log.queue.byte-limit = 4294967296 (custom)
datanode_2  | 2022-12-02 11:14:45,055 [pool-22-thread-1] INFO server.RaftServerConfigKeys: raft.server.log.queue.element-limit = 1024 (custom)
datanode_2  | 2022-12-02 11:14:45,056 [pool-22-thread-1] INFO server.RaftServerConfigKeys: raft.server.log.segment.size.max = 1048576 (custom)
datanode_2  | 2022-12-02 11:14:45,056 [pool-22-thread-1] INFO server.RaftServerConfigKeys: raft.server.log.preallocated.size = 16384 (custom)
datanode_2  | 2022-12-02 11:14:45,056 [pool-22-thread-1] INFO server.RaftServerConfigKeys: raft.server.log.force.sync.num = 128 (default)
datanode_2  | 2022-12-02 11:14:45,057 [pool-22-thread-1] INFO server.RaftServerConfigKeys: raft.server.log.statemachine.data.sync = true (default)
datanode_2  | 2022-12-02 11:14:45,057 [pool-22-thread-1] INFO server.RaftServerConfigKeys: raft.server.log.statemachine.data.sync.timeout = 10s (default)
datanode_2  | 2022-12-02 11:14:45,057 [pool-22-thread-1] INFO server.RaftServerConfigKeys: raft.server.log.statemachine.data.sync.timeout.retry = -1 (default)
datanode_2  | 2022-12-02 11:14:45,059 [pool-22-thread-1] INFO server.RaftServerConfigKeys: raft.server.log.write.buffer.size = 1048576 (custom)
datanode_2  | 2022-12-02 11:14:45,060 [pool-22-thread-1] INFO server.RaftServerConfigKeys: raft.server.log.appender.buffer.byte-limit = 33554432 (custom)
datanode_2  | 2022-12-02 11:14:45,733 [JvmPauseMonitor0] WARN util.JvmPauseMonitor: JvmPauseMonitor-b6cde622-766a-4271-9234-326233a2e360: Detected pause in JVM or host machine (eg GC): pause of approximately 191571651ns.
datanode_2  | GC pool 'ParNew' had collection(s): count=1 time=15ms
datanode_2  | GC pool 'ConcurrentMarkSweep' had collection(s): count=1 time=650ms
datanode_2  | 2022-12-02 11:14:45,777 [pool-22-thread-1] INFO server.RaftServerConfigKeys: raft.server.log.unsafe-flush.enabled = false (default)
datanode_2  | 2022-12-02 11:14:45,784 [pool-22-thread-1] INFO server.RaftServerConfigKeys: raft.server.log.async-flush.enabled = false (default)
datanode_2  | 2022-12-02 11:14:45,784 [pool-22-thread-1] INFO server.RaftServerConfigKeys: raft.server.log.statemachine.data.caching.enabled = true (custom)
datanode_2  | 2022-12-02 11:14:45,785 [pool-22-thread-1] INFO segmented.SegmentedRaftLogWorker: b6cde622-766a-4271-9234-326233a2e360@group-EBB508DF266C-SegmentedRaftLogWorker: flushIndex: setUnconditionally 0 -> -1
datanode_2  | 2022-12-02 11:14:45,785 [pool-22-thread-1] INFO segmented.SegmentedRaftLogWorker: b6cde622-766a-4271-9234-326233a2e360@group-EBB508DF266C-SegmentedRaftLogWorker: safeCacheEvictIndex: setUnconditionally 0 -> -1
datanode_2  | 2022-12-02 11:14:45,797 [pool-22-thread-1] INFO server.RaftServer$Division: b6cde622-766a-4271-9234-326233a2e360@group-EBB508DF266C: start as a follower, conf=-1: peers:[b6cde622-766a-4271-9234-326233a2e360|rpc:172.18.0.3:9856|admin:172.18.0.3:9857|client:172.18.0.3:9858|priority:1|startupRole:FOLLOWER, de5be13d-7638-4e28-a0cb-c559a9eafa30|rpc:172.18.0.6:9856|admin:172.18.0.6:9857|client:172.18.0.6:9858|priority:0|startupRole:FOLLOWER, 1032b4d4-4b99-465e-855a-8014e66ac73e|rpc:172.18.0.2:9856|admin:172.18.0.2:9857|client:172.18.0.2:9858|priority:0|startupRole:FOLLOWER]|listeners:[], old=null
datanode_3  | 	at java.base/java.io.FilterInputStream.read(FilterInputStream.java:133)
datanode_1  | 2022-12-02 11:14:49,450 [1032b4d4-4b99-465e-855a-8014e66ac73e@group-5856E99902E4-FollowerState] INFO server.RaftServerConfigKeys: raft.server.rpc.first-election.timeout.max = 5200ms (fallback to raft.server.rpc.timeout.max)
datanode_2  | 2022-12-02 11:14:45,798 [pool-22-thread-1] INFO server.RaftServer$Division: b6cde622-766a-4271-9234-326233a2e360@group-EBB508DF266C: changes role from      null to FOLLOWER at term 0 for startAsFollower
scm_1       | No '-XX:...' jvm parameters are set. Adding safer GC settings '-XX:ParallelGCThreads=8 -XX:+UseConcMarkSweepGC -XX:CMSInitiatingOccupancyFraction=70 -XX:+CMSParallelRemarkEnabled' to the OZONE_OPTS
datanode_3  | 	at java.base/java.io.BufferedInputStream.fill(BufferedInputStream.java:252)
datanode_1  | 2022-12-02 11:14:49,422 [1032b4d4-4b99-465e-855a-8014e66ac73e@group-ABFFEB74DE48-LeaderElection1] INFO server.RaftServerConfigKeys: raft.server.staging.catchup.gap = 1000 (default)
datanode_2  | 2022-12-02 11:14:45,798 [pool-22-thread-1] INFO impl.RoleInfo: b6cde622-766a-4271-9234-326233a2e360: start b6cde622-766a-4271-9234-326233a2e360@group-EBB508DF266C-FollowerState
scm_1       | OpenJDK 64-Bit Server VM warning: Option UseConcMarkSweepGC was deprecated in version 9.0 and will likely be removed in a future release.
scm_1       | 2022-12-02 11:14:10,253 [main] INFO server.StorageContainerManagerStarter: STARTUP_MSG: 
datanode_1  | 2022-12-02 11:14:49,364 [Command processor thread] INFO ratis.XceiverServerRatis: Created group PipelineID=1e9434e7-a656-48c5-b55e-5856e99902e4
scm_1       | /************************************************************
datanode_3  | 	at java.base/java.io.BufferedInputStream.read(BufferedInputStream.java:271)
datanode_2  | 2022-12-02 11:14:45,799 [pool-22-thread-1] INFO util.JmxRegister: Successfully registered JMX Bean with object name Ratis:service=RaftServer,group=group-EBB508DF266C,id=b6cde622-766a-4271-9234-326233a2e360
datanode_2  | 2022-12-02 11:14:45,799 [pool-22-thread-1] INFO server.RaftServerConfigKeys: raft.server.snapshot.auto.trigger.enabled = true (custom)
datanode_2  | 2022-12-02 11:14:45,799 [pool-22-thread-1] INFO server.RaftServerConfigKeys: raft.server.snapshot.auto.trigger.threshold = 10000 (custom)
datanode_3  | 	at java.base/java.io.FilterInputStream.read(FilterInputStream.java:83)
scm_1       | STARTUP_MSG: Starting StorageContainerManager
datanode_1  | 2022-12-02 11:14:49,565 [grpc-default-executor-0] INFO server.RaftServer$Division: 1032b4d4-4b99-465e-855a-8014e66ac73e@group-EBB508DF266C: receive requestVote(ELECTION, de5be13d-7638-4e28-a0cb-c559a9eafa30, group-EBB508DF266C, 1, (t:0, i:0))
datanode_2  | 2022-12-02 11:14:45,800 [pool-22-thread-1] INFO server.RaftServerConfigKeys: raft.server.snapshot.retention.file.num = 5 (custom)
datanode_3  | 	at java.base/java.io.FilterInputStream.read(FilterInputStream.java:83)
scm_1       | STARTUP_MSG:   host = 9c76043b4b84/172.18.0.7
datanode_1  | 2022-12-02 11:14:49,576 [grpc-default-executor-0] INFO impl.VoteContext: 1032b4d4-4b99-465e-855a-8014e66ac73e@group-EBB508DF266C-FOLLOWER: accept ELECTION from de5be13d-7638-4e28-a0cb-c559a9eafa30: our priority 0 <= candidate's priority 0
datanode_2  | 2022-12-02 11:14:45,800 [pool-22-thread-1] INFO server.RaftServerConfigKeys: raft.server.log.purge.upto.snapshot.index = false (default)
datanode_3  | 	at org.apache.hadoop.ipc.Client$Connection$PingInputStream.read(Client.java:563)
scm_1       | STARTUP_MSG:   args = [--init]
datanode_1  | 2022-12-02 11:14:49,580 [grpc-default-executor-0] INFO server.RaftServer$Division: 1032b4d4-4b99-465e-855a-8014e66ac73e@group-EBB508DF266C: changes role from  FOLLOWER to FOLLOWER at term 1 for candidate:de5be13d-7638-4e28-a0cb-c559a9eafa30
datanode_2  | 2022-12-02 11:14:45,800 [b6cde622-766a-4271-9234-326233a2e360@group-EBB508DF266C-FollowerState] INFO server.RaftServerConfigKeys: raft.server.rpc.first-election.timeout.min = 5s (fallback to raft.server.rpc.timeout.min)
datanode_3  | 	at java.base/java.io.DataInputStream.readInt(DataInputStream.java:392)
scm_1       | STARTUP_MSG:   version = 1.3.0-SNAPSHOT
datanode_1  | 2022-12-02 11:14:49,587 [grpc-default-executor-0] INFO impl.RoleInfo: 1032b4d4-4b99-465e-855a-8014e66ac73e: shutdown 1032b4d4-4b99-465e-855a-8014e66ac73e@group-EBB508DF266C-FollowerState
datanode_1  | 2022-12-02 11:14:49,587 [grpc-default-executor-0] INFO impl.RoleInfo: 1032b4d4-4b99-465e-855a-8014e66ac73e: start 1032b4d4-4b99-465e-855a-8014e66ac73e@group-EBB508DF266C-FollowerState
datanode_3  | 	at org.apache.hadoop.ipc.Client$IpcStreams.readResponse(Client.java:1922)
datanode_2  | 2022-12-02 11:14:45,801 [Command processor thread] INFO ratis.XceiverServerRatis: Created group PipelineID=bdca8546-18e1-4be6-a9c9-ebb508df266c
datanode_2  | 2022-12-02 11:14:45,811 [b6cde622-766a-4271-9234-326233a2e360@group-EBB508DF266C-FollowerState] INFO server.RaftServerConfigKeys: raft.server.rpc.first-election.timeout.max = 5200ms (fallback to raft.server.rpc.timeout.max)
scm_1       | STARTUP_MSG:   classpath = /etc/hadoop:/opt/hadoop/share/ozone/lib/kerb-simplekdc-1.0.1.jar:/opt/hadoop/share/ozone/lib/slf4j-reload4j-1.7.36.jar:/opt/hadoop/share/ozone/lib/protobuf-java-2.5.0.jar:/opt/hadoop/share/ozone/lib/jaxb-core-2.3.0.1.jar:/opt/hadoop/share/ozone/lib/istack-commons-runtime-3.0.5.jar:/opt/hadoop/share/ozone/lib/netty-handler-4.1.79.Final.jar:/opt/hadoop/share/ozone/lib/commons-validator-1.6.jar:/opt/hadoop/share/ozone/lib/bcpkix-jdk15on-1.67.jar:/opt/hadoop/share/ozone/lib/hdds-interface-admin-1.3.0-SNAPSHOT.jar:/opt/hadoop/share/ozone/lib/kerb-core-1.0.1.jar:/opt/hadoop/share/ozone/lib/hadoop-shaded-protobuf_3_7-1.1.1.jar:/opt/hadoop/share/ozone/lib/netty-common-4.1.79.Final.jar:/opt/hadoop/share/ozone/lib/hdds-container-service-1.3.0-SNAPSHOT.jar:/opt/hadoop/share/ozone/lib/jsr305-3.0.0.jar:/opt/hadoop/share/ozone/lib/j2objc-annotations-1.3.jar:/opt/hadoop/share/ozone/lib/jetty-webapp-9.4.49.v20220914.jar:/opt/hadoop/share/ozone/lib/picocli-4.6.1.jar:/opt/hadoop/share/ozone/lib/javassist-3.21.0-GA.jar:/opt/hadoop/share/ozone/lib/jaxb-api-2.3.0.jar:/opt/hadoop/share/ozone/lib/commons-codec-1.15.jar:/opt/hadoop/share/ozone/lib/kerb-util-1.0.1.jar:/opt/hadoop/share/ozone/lib/hadoop-shaded-guava-1.1.1.jar:/opt/hadoop/share/ozone/lib/kotlin-stdlib-1.6.21.jar:/opt/hadoop/share/ozone/lib/log4j-core-2.17.1.jar:/opt/hadoop/share/ozone/lib/commons-logging-1.2.jar:/opt/hadoop/share/ozone/lib/ratis-thirdparty-misc-1.0.3.jar:/opt/hadoop/share/ozone/lib/jetty-security-9.4.49.v20220914.jar:/opt/hadoop/share/ozone/lib/accessors-smart-2.4.7.jar:/opt/hadoop/share/ozone/lib/kerby-xdr-1.0.1.jar:/opt/hadoop/share/ozone/lib/txw2-2.3.0.1.jar:/opt/hadoop/share/ozone/lib/httpcore-4.4.13.jar:/opt/hadoop/share/ozone/lib/guava-31.1-jre.jar:/opt/hadoop/share/ozone/lib/opentracing-tracerresolver-0.1.8.jar:/opt/hadoop/share/ozone/lib/commons-net-3.6.jar:/opt/hadoop/share/ozone/lib/ratis-common-2.4.1.jar:/opt/hadoop/share/ozone/lib/netty-transport-4.1.79.Final.jar:/opt/hadoop/share/ozone/lib/hadoop-auth-3.3.4.jar:/opt/hadoop/share/ozone/lib/libthrift-0.14.1.jar:/opt/hadoop/share/ozone/lib/stax-ex-1.7.8.jar:/opt/hadoop/share/ozone/lib/error_prone_annotations-2.2.0.jar:/opt/hadoop/share/ozone/lib/kotlin-stdlib-common-1.4.10.jar:/opt/hadoop/share/ozone/lib/httpclient-4.5.13.jar:/opt/hadoop/share/ozone/lib/jaeger-client-1.6.0.jar:/opt/hadoop/share/ozone/lib/kerby-config-1.0.1.jar:/opt/hadoop/share/ozone/lib/jackson-annotations-2.13.4.jar:/opt/hadoop/share/ozone/lib/commons-io-2.11.0.jar:/opt/hadoop/share/ozone/lib/metrics-core-3.2.4.jar:/opt/hadoop/share/ozone/lib/hadoop-annotations-3.3.4.jar:/opt/hadoop/share/ozone/lib/kerby-pkix-1.0.1.jar:/opt/hadoop/share/ozone/lib/jetty-util-9.4.49.v20220914.jar:/opt/hadoop/share/ozone/lib/json-smart-2.4.7.jar:/opt/hadoop/share/ozone/lib/hdds-interface-client-1.3.0-SNAPSHOT.jar:/opt/hadoop/share/ozone/lib/jetty-io-9.4.49.v20220914.jar:/opt/hadoop/share/ozone/lib/jsr311-api-1.1.1.jar:/opt/hadoop/share/ozone/lib/hdds-annotation-processing-1.3.0-SNAPSHOT.jar:/opt/hadoop/share/ozone/lib/jetty-server-9.4.49.v20220914.jar:/opt/hadoop/share/ozone/lib/ratis-grpc-2.4.1.jar:/opt/hadoop/share/ozone/lib/commons-beanutils-1.9.4.jar:/opt/hadoop/share/ozone/lib/hdds-server-framework-1.3.0-SNAPSHOT.jar:/opt/hadoop/share/ozone/lib/javax.servlet-api-3.1.0.jar:/opt/hadoop/share/ozone/lib/kerb-server-1.0.1.jar:/opt/hadoop/share/ozone/lib/hdds-common-1.3.0-SNAPSHOT.jar:/opt/hadoop/share/ozone/lib/kerb-client-1.0.1.jar:/opt/hadoop/share/ozone/lib/jetty-xml-9.4.49.v20220914.jar:/opt/hadoop/share/ozone/lib/hadoop-common-3.3.4.jar:/opt/hadoop/share/ozone/lib/disruptor-3.4.2.jar:/opt/hadoop/share/ozone/lib/ratis-proto-2.4.1.jar:/opt/hadoop/share/ozone/lib/reflections-0.9.11.jar:/opt/hadoop/share/ozone/lib/gson-2.9.0.jar:/opt/hadoop/share/ozone/lib/snakeyaml-1.33.jar:/opt/hadoop/share/ozone/lib/hdds-erasurecode-1.3.0-SNAPSHOT.jar:/opt/hadoop/share/ozone/lib/nimbus-jose-jwt-9.8.1.jar:/opt/hadoop/share/ozone/lib/hdds-interface-server-1.3.0-SNAPSHOT.jar:/opt/hadoop/share/ozone/lib/annotations-13.0.jar:/opt/hadoop/share/ozone/lib/simpleclient_common-0.7.0.jar:/opt/hadoop/share/ozone/lib/jaeger-thrift-1.6.0.jar:/opt/hadoop/share/ozone/lib/dnsjava-2.1.7.jar:/opt/hadoop/share/ozone/lib/rocksdbjni-7.7.3.jar:/opt/hadoop/share/ozone/lib/bcprov-jdk15on-1.67.jar:/opt/hadoop/share/ozone/lib/commons-configuration2-2.1.1.jar:/opt/hadoop/share/ozone/lib/token-provider-1.0.1.jar:/opt/hadoop/share/ozone/lib/commons-daemon-1.0.13.jar:/opt/hadoop/share/ozone/lib/listenablefuture-9999.0-empty-to-avoid-conflict-with-guava.jar:/opt/hadoop/share/ozone/lib/netty-buffer-4.1.79.Final.jar:/opt/hadoop/share/ozone/lib/jaeger-tracerresolver-1.6.0.jar:/opt/hadoop/share/ozone/lib/slf4j-api-1.7.36.jar:/opt/hadoop/share/ozone/lib/commons-lang3-3.7.jar:/opt/hadoop/share/ozone/lib/re2j-1.1.jar:/opt/hadoop/share/ozone/lib/jackson-datatype-jsr310-2.13.4.jar:/opt/hadoop/share/ozone/lib/simpleclient_dropwizard-0.7.0.jar:/opt/hadoop/share/ozone/lib/simpleclient-0.7.0.jar:/opt/hadoop/share/ozone/lib/ratis-netty-2.4.1.jar:/opt/hadoop/share/ozone/lib/asm-5.0.4.jar:/opt/hadoop/share/ozone/lib/kerby-util-1.0.1.jar:/opt/hadoop/share/ozone/lib/netty-codec-4.1.79.Final.jar:/opt/hadoop/share/ozone/lib/failureaccess-1.0.1.jar:/opt/hadoop/share/ozone/lib/jackson-databind-2.13.4.2.jar:/opt/hadoop/share/ozone/lib/okio-2.8.0.jar:/opt/hadoop/share/ozone/lib/jetty-servlet-9.4.49.v20220914.jar:/opt/hadoop/share/ozone/lib/hdds-config-1.3.0-SNAPSHOT.jar:/opt/hadoop/share/ozone/lib/jsp-api-2.1.jar:/opt/hadoop/share/ozone/lib/jsch-0.1.54.jar:/opt/hadoop/share/ozone/lib/jakarta.activation-api-1.2.1.jar:/opt/hadoop/share/ozone/lib/reload4j-1.2.22.jar:/opt/hadoop/share/ozone/lib/woodstox-core-5.4.0.jar:/opt/hadoop/share/ozone/lib/commons-pool2-2.6.0.jar:/opt/hadoop/share/ozone/lib/netty-resolver-4.1.79.Final.jar:/opt/hadoop/share/ozone/lib/opentracing-api-0.33.0.jar:/opt/hadoop/share/ozone/lib/ratis-server-api-2.4.1.jar:/opt/hadoop/share/ozone/lib/jcip-annotations-1.0-1.jar:/opt/hadoop/share/ozone/lib/kerb-admin-1.0.1.jar:/opt/hadoop/share/ozone/lib/jetty-util-ajax-9.4.49.v20220914.jar:/opt/hadoop/share/ozone/lib/ratis-server-2.4.1.jar:/opt/hadoop/share/ozone/lib/opentracing-noop-0.33.0.jar:/opt/hadoop/share/ozone/lib/netty-transport-native-unix-common-4.1.79.Final.jar:/opt/hadoop/share/ozone/lib/hadoop-hdfs-client-3.3.4.jar:/opt/hadoop/share/ozone/lib/jersey-core-1.19.jar:/opt/hadoop/share/ozone/lib/commons-compress-1.21.jar:/opt/hadoop/share/ozone/lib/jaxb-runtime-2.3.0.1.jar:/opt/hadoop/share/ozone/lib/hadoop-hdfs-3.3.4.jar:/opt/hadoop/share/ozone/lib/jackson-core-2.13.4.jar:/opt/hadoop/share/ozone/lib/opentracing-util-0.33.0.jar:/opt/hadoop/share/ozone/lib/hdds-client-1.3.0-SNAPSHOT.jar:/opt/hadoop/share/ozone/lib/stax2-api-4.2.1.jar:/opt/hadoop/share/ozone/lib/ratis-metrics-2.4.1.jar:/opt/hadoop/share/ozone/lib/hdds-hadoop-dependency-client-1.3.0-SNAPSHOT.jar:/opt/hadoop/share/ozone/lib/snappy-java-1.1.8.2.jar:/opt/hadoop/share/ozone/lib/commons-cli-1.2.jar:/opt/hadoop/share/ozone/lib/log4j-api-2.17.1.jar:/opt/hadoop/share/ozone/lib/javax.annotation-api-1.2.jar:/opt/hadoop/share/ozone/lib/kerby-asn1-1.0.1.jar:/opt/hadoop/share/ozone/lib/okhttp-4.9.3.jar:/opt/hadoop/share/ozone/lib/checker-qual-3.12.0.jar:/opt/hadoop/share/ozone/lib/commons-digester-1.8.1.jar:/opt/hadoop/share/ozone/lib/commons-collections-3.2.2.jar:/opt/hadoop/share/ozone/lib/jaeger-core-1.6.0.jar:/opt/hadoop/share/ozone/lib/commons-text-1.4.jar:/opt/hadoop/share/ozone/lib/jersey-servlet-1.19.jar:/opt/hadoop/share/ozone/lib/ratis-client-2.4.1.jar:/opt/hadoop/share/ozone/lib/jetty-http-9.4.49.v20220914.jar:/opt/hadoop/share/ozone/lib/kerb-identity-1.0.1.jar:/opt/hadoop/share/ozone/lib/FastInfoset-1.2.13.jar:/opt/hadoop/share/ozone/lib/kerb-common-1.0.1.jar:/opt/hadoop/share/ozone/lib/jersey-server-1.19.jar:/opt/hadoop/share/ozone/lib/hdds-hadoop-dependency-server-1.3.0-SNAPSHOT.jar:/opt/hadoop/share/ozone/lib/kerb-crypto-1.0.1.jar:/opt/hadoop/share/ozone/web:/opt/hadoop/share/ozone/lib/hdds-server-scm-1.3.0-SNAPSHOT.jar
scm_1       | STARTUP_MSG:   build = https://github.com/apache/ozone/50a9d46d809af8d6848520211bcdff14c3b7c646 ; compiled by 'runner' on 2022-12-02T11:00Z
scm_1       | STARTUP_MSG:   java = 11.0.14.1
scm_1       | ************************************************************/
scm_1       | 2022-12-02 11:14:10,342 [main] INFO server.StorageContainerManagerStarter: registered UNIX signal handlers for [TERM, HUP, INT]
scm_1       | 2022-12-02 11:14:11,067 [main] WARN server.ServerUtils: ozone.scm.db.dirs is not configured. We recommend adding this setting. Falling back to ozone.metadata.dirs instead.
datanode_3  | 	at org.apache.hadoop.ipc.Client$Connection.receiveRpcResponse(Client.java:1238)
datanode_2  | 2022-12-02 11:14:48,943 [Command processor thread] INFO commandhandler.CreatePipelineCommandHandler: Created Pipeline RATIS THREE PipelineID=bdca8546-18e1-4be6-a9c9-ebb508df266c.
datanode_1  | 2022-12-02 11:14:49,588 [1032b4d4-4b99-465e-855a-8014e66ac73e@group-ABFFEB74DE48-LeaderElection1] INFO server.RaftServerConfigKeys: raft.server.write.element-limit = 1024 (custom)
scm_1       | 2022-12-02 11:14:11,546 [main] INFO ha.SCMHANodeDetails: ServiceID for StorageContainerManager is null
datanode_3  | 	at org.apache.hadoop.ipc.Client$Connection.run(Client.java:1134)
datanode_2  | 2022-12-02 11:14:48,945 [Command processor thread] INFO server.RaftServer: b6cde622-766a-4271-9234-326233a2e360: addNew group-5856E99902E4:[b6cde622-766a-4271-9234-326233a2e360|rpc:172.18.0.3:9856|admin:172.18.0.3:9857|client:172.18.0.3:9858|priority:0|startupRole:FOLLOWER, de5be13d-7638-4e28-a0cb-c559a9eafa30|rpc:172.18.0.6:9856|admin:172.18.0.6:9857|client:172.18.0.6:9858|priority:0|startupRole:FOLLOWER, 1032b4d4-4b99-465e-855a-8014e66ac73e|rpc:172.18.0.2:9856|admin:172.18.0.2:9857|client:172.18.0.2:9858|priority:1|startupRole:FOLLOWER] returns group-5856E99902E4:java.util.concurrent.CompletableFuture@5b49c349[Not completed]
datanode_1  | 2022-12-02 11:14:49,587 [1032b4d4-4b99-465e-855a-8014e66ac73e@group-EBB508DF266C-FollowerState] INFO impl.FollowerState: 1032b4d4-4b99-465e-855a-8014e66ac73e@group-EBB508DF266C-FollowerState was interrupted
scm_1       | 2022-12-02 11:14:11,709 [main] INFO ha.SCMHANodeDetails: ozone.scm.default.service.id is not defined, falling back to ozone.scm.service.ids to find serviceID for StorageContainerManager if it is HA enabled cluster
datanode_3  | 2022-12-02 11:14:38,159 [EndpointStateMachine task thread for scm/172.18.0.7:9861 - 0 ] INFO utils.DatanodeStoreCache: Added db /data/hdds/hdds/CID-c34508bc-417c-476c-b632-118b227f634a/DS-020aecef-daf2-42fa-8d94-6c8f2454280f/container.db to cache
datanode_2  | 2022-12-02 11:14:48,958 [pool-22-thread-1] INFO server.RaftServer$Division: b6cde622-766a-4271-9234-326233a2e360: new RaftServerImpl for group-5856E99902E4:[b6cde622-766a-4271-9234-326233a2e360|rpc:172.18.0.3:9856|admin:172.18.0.3:9857|client:172.18.0.3:9858|priority:0|startupRole:FOLLOWER, de5be13d-7638-4e28-a0cb-c559a9eafa30|rpc:172.18.0.6:9856|admin:172.18.0.6:9857|client:172.18.0.6:9858|priority:0|startupRole:FOLLOWER, 1032b4d4-4b99-465e-855a-8014e66ac73e|rpc:172.18.0.2:9856|admin:172.18.0.2:9857|client:172.18.0.2:9858|priority:1|startupRole:FOLLOWER] with ContainerStateMachine:uninitialized
datanode_1  | 2022-12-02 11:14:49,590 [1032b4d4-4b99-465e-855a-8014e66ac73e@group-ABFFEB74DE48-LeaderElection1] INFO server.RaftServerConfigKeys: raft.server.write.byte-limit = 1024 M (=1073741824) (custom)
scm_1       | 2022-12-02 11:14:13,646 [main] INFO server.RaftServer: raft.rpc.type = GRPC (default)
datanode_3  | 2022-12-02 11:14:38,160 [EndpointStateMachine task thread for scm/172.18.0.7:9861 - 0 ] INFO volume.HddsVolume: SchemaV3 db is created and loaded at /data/hdds/hdds/CID-c34508bc-417c-476c-b632-118b227f634a/DS-020aecef-daf2-42fa-8d94-6c8f2454280f/container.db for volume DS-020aecef-daf2-42fa-8d94-6c8f2454280f
datanode_2  | 2022-12-02 11:14:48,983 [pool-22-thread-1] INFO server.RaftServerConfigKeys: raft.server.rpc.timeout.min = 5s (custom)
datanode_1  | 2022-12-02 11:14:49,617 [1032b4d4-4b99-465e-855a-8014e66ac73e@group-ABFFEB74DE48-LeaderElection1] INFO server.RaftServerConfigKeys: raft.server.watch.timeout = 180s (custom)
datanode_1  | 2022-12-02 11:14:49,618 [1032b4d4-4b99-465e-855a-8014e66ac73e@group-ABFFEB74DE48-LeaderElection1] INFO server.RaftServerConfigKeys: raft.server.watch.timeout.denomination = 1s (default)
datanode_3  | 2022-12-02 11:14:38,161 [EndpointStateMachine task thread for scm/172.18.0.7:9861 - 0 ] INFO ozoneimpl.OzoneContainer: Attempting to start container services.
datanode_2  | 2022-12-02 11:14:48,983 [pool-22-thread-1] INFO server.RaftServerConfigKeys: raft.server.rpc.timeout.max = 5200ms (custom)
scm_1       | 2022-12-02 11:14:14,460 [main] INFO grpc.GrpcConfigKeys: raft.grpc.admin.host = null (fallback to raft.grpc.server.host)
datanode_1  | 2022-12-02 11:14:49,619 [1032b4d4-4b99-465e-855a-8014e66ac73e@group-ABFFEB74DE48-LeaderElection1] INFO server.RaftServerConfigKeys: raft.server.watch.element-limit = 65536 (default)
datanode_3  | 2022-12-02 11:14:38,169 [EndpointStateMachine task thread for scm/172.18.0.7:9861 - 0 ] INFO ozoneimpl.OzoneContainer: Scheduled background container scanners and the on-demand container scanner have been disabled.
datanode_2  | 2022-12-02 11:14:48,983 [pool-22-thread-1] INFO server.RaftServerConfigKeys: raft.server.rpc.sleep.time = 25ms (default)
scm_1       | 2022-12-02 11:14:14,487 [main] INFO grpc.GrpcConfigKeys: raft.grpc.admin.port = 9894 (fallback to raft.grpc.server.port)
datanode_1  | 2022-12-02 11:14:49,639 [1032b4d4-4b99-465e-855a-8014e66ac73e@group-EBB508DF266C-FollowerState] INFO server.RaftServerConfigKeys: raft.server.rpc.first-election.timeout.min = 5s (fallback to raft.server.rpc.timeout.min)
datanode_3  | 2022-12-02 11:14:38,393 [EndpointStateMachine task thread for scm/172.18.0.7:9861 - 0 ] INFO ratis.XceiverServerRatis: Starting XceiverServerRatis de5be13d-7638-4e28-a0cb-c559a9eafa30
datanode_2  | 2022-12-02 11:14:48,984 [pool-22-thread-1] INFO server.RaftServerConfigKeys: raft.server.rpc.slowness.timeout = 300s (custom)
scm_1       | 2022-12-02 11:14:14,488 [main] INFO grpc.GrpcConfigKeys: raft.grpc.client.host = null (fallback to raft.grpc.server.host)
datanode_1  | 2022-12-02 11:14:49,642 [1032b4d4-4b99-465e-855a-8014e66ac73e@group-EBB508DF266C-FollowerState] INFO server.RaftServerConfigKeys: raft.server.rpc.first-election.timeout.max = 5200ms (fallback to raft.server.rpc.timeout.max)
datanode_3  | 2022-12-02 11:14:38,471 [EndpointStateMachine task thread for scm/172.18.0.7:9861 - 0 ] INFO server.RaftServer: de5be13d-7638-4e28-a0cb-c559a9eafa30: start RPC server
datanode_2  | 2022-12-02 11:14:48,984 [pool-22-thread-1] INFO server.RaftServerConfigKeys: raft.server.leaderelection.leader.step-down.wait-time = 10s (default)
scm_1       | 2022-12-02 11:14:14,495 [main] INFO grpc.GrpcConfigKeys: raft.grpc.client.port = 9894 (fallback to raft.grpc.server.port)
datanode_1  | 2022-12-02 11:14:49,674 [grpc-default-executor-0] INFO server.RaftServer$Division: 1032b4d4-4b99-465e-855a-8014e66ac73e@group-EBB508DF266C replies to ELECTION vote request: de5be13d-7638-4e28-a0cb-c559a9eafa30<-1032b4d4-4b99-465e-855a-8014e66ac73e#0:OK-t1. Peer's state: 1032b4d4-4b99-465e-855a-8014e66ac73e@group-EBB508DF266C:t1, leader=null, voted=de5be13d-7638-4e28-a0cb-c559a9eafa30, raftlog=Memoized:1032b4d4-4b99-465e-855a-8014e66ac73e@group-EBB508DF266C-SegmentedRaftLog:OPENED:c-1, conf=-1: peers:[b6cde622-766a-4271-9234-326233a2e360|rpc:172.18.0.3:9856|admin:172.18.0.3:9857|client:172.18.0.3:9858|priority:1|startupRole:FOLLOWER, de5be13d-7638-4e28-a0cb-c559a9eafa30|rpc:172.18.0.6:9856|admin:172.18.0.6:9857|client:172.18.0.6:9858|priority:0|startupRole:FOLLOWER, 1032b4d4-4b99-465e-855a-8014e66ac73e|rpc:172.18.0.2:9856|admin:172.18.0.2:9857|client:172.18.0.2:9858|priority:0|startupRole:FOLLOWER]|listeners:[], old=null
datanode_3  | 2022-12-02 11:14:38,477 [EndpointStateMachine task thread for scm/172.18.0.7:9861 - 0 ] INFO server.GrpcService: de5be13d-7638-4e28-a0cb-c559a9eafa30: GrpcService started, listening on 9858
datanode_2  | 2022-12-02 11:14:48,984 [pool-22-thread-1] INFO server.RaftServerConfigKeys: raft.server.sleep.deviation.threshold = 300ms (default)
scm_1       | 2022-12-02 11:14:14,496 [main] INFO grpc.GrpcConfigKeys: raft.grpc.server.host = null (default)
datanode_1  | 2022-12-02 11:14:49,776 [1032b4d4-4b99-465e-855a-8014e66ac73e@group-ABFFEB74DE48-LeaderElection1] INFO server.RaftServerConfigKeys: raft.server.write.element-limit = 1024 (custom)
datanode_2  | 2022-12-02 11:14:48,984 [pool-22-thread-1] INFO server.RaftServer$Division: b6cde622-766a-4271-9234-326233a2e360@group-5856E99902E4: ConfigurationManager, init=-1: peers:[b6cde622-766a-4271-9234-326233a2e360|rpc:172.18.0.3:9856|admin:172.18.0.3:9857|client:172.18.0.3:9858|priority:0|startupRole:FOLLOWER, de5be13d-7638-4e28-a0cb-c559a9eafa30|rpc:172.18.0.6:9856|admin:172.18.0.6:9857|client:172.18.0.6:9858|priority:0|startupRole:FOLLOWER, 1032b4d4-4b99-465e-855a-8014e66ac73e|rpc:172.18.0.2:9856|admin:172.18.0.2:9857|client:172.18.0.2:9858|priority:1|startupRole:FOLLOWER]|listeners:[], old=null, confs=<EMPTY_MAP>
scm_1       | 2022-12-02 11:14:14,496 [main] INFO grpc.GrpcConfigKeys: raft.grpc.server.port = 9894 (custom)
datanode_3  | 2022-12-02 11:14:38,481 [EndpointStateMachine task thread for scm/172.18.0.7:9861 - 0 ] INFO server.GrpcService: de5be13d-7638-4e28-a0cb-c559a9eafa30: GrpcService started, listening on 9856
datanode_1  | 2022-12-02 11:14:49,824 [1032b4d4-4b99-465e-855a-8014e66ac73e@group-ABFFEB74DE48-LeaderElection1] INFO server.RaftServerConfigKeys: raft.server.write.follower.gap.ratio.max = -1.0 (default)
datanode_2  | 2022-12-02 11:14:48,985 [pool-22-thread-1] INFO server.RaftServerConfigKeys: raft.server.storage.dir = [/data/metadata/ratis] (custom)
scm_1       | 2022-12-02 11:14:14,497 [main] INFO server.GrpcService: raft.grpc.message.size.max = 32m (=33554432) (custom)
datanode_3  | 2022-12-02 11:14:38,484 [EndpointStateMachine task thread for scm/172.18.0.7:9861 - 0 ] INFO server.GrpcService: de5be13d-7638-4e28-a0cb-c559a9eafa30: GrpcService started, listening on 9857
datanode_2  | 2022-12-02 11:14:48,986 [pool-22-thread-1] INFO server.RaftServerConfigKeys: raft.server.log.corruption.policy = EXCEPTION (default)
scm_1       | 2022-12-02 11:14:14,563 [main] INFO server.RaftServerConfigKeys: raft.server.log.appender.buffer.byte-limit = 33554432 (custom)
datanode_1  | 2022-12-02 11:14:49,864 [1032b4d4-4b99-465e-855a-8014e66ac73e@group-ABFFEB74DE48-LeaderElection1] INFO impl.RoleInfo: 1032b4d4-4b99-465e-855a-8014e66ac73e: start 1032b4d4-4b99-465e-855a-8014e66ac73e@group-ABFFEB74DE48-LeaderStateImpl
datanode_3  | 2022-12-02 11:14:38,494 [EndpointStateMachine task thread for scm/172.18.0.7:9861 - 0 ] INFO ratis.XceiverServerRatis: XceiverServerRatis de5be13d-7638-4e28-a0cb-c559a9eafa30 is started using port 9858 for RATIS
datanode_2  | 2022-12-02 11:14:48,986 [pool-22-thread-1] INFO server.RaftServerConfigKeys: raft.server.storage.free-space.min = 0MB (=0) (default)
scm_1       | 2022-12-02 11:14:14,592 [main] INFO server.GrpcService: raft.grpc.flow.control.window = 1MB (=1048576) (default)
datanode_1  | 2022-12-02 11:14:49,945 [1032b4d4-4b99-465e-855a-8014e66ac73e@group-ABFFEB74DE48-LeaderElection1] INFO segmented.SegmentedRaftLogWorker: 1032b4d4-4b99-465e-855a-8014e66ac73e@group-ABFFEB74DE48-SegmentedRaftLogWorker: Starting segment from index:0
datanode_3  | 2022-12-02 11:14:38,494 [EndpointStateMachine task thread for scm/172.18.0.7:9861 - 0 ] INFO ratis.XceiverServerRatis: XceiverServerRatis de5be13d-7638-4e28-a0cb-c559a9eafa30 is started using port 9857 for RATIS_ADMIN
datanode_2  | 2022-12-02 11:14:48,986 [pool-22-thread-1] INFO server.RaftServerConfigKeys: raft.server.notification.no-leader.timeout = 300s (custom)
scm_1       | 2022-12-02 11:14:14,606 [main] INFO server.RaftServerConfigKeys: raft.server.rpc.request.timeout = 30000ms (custom)
datanode_1  | 2022-12-02 11:14:49,984 [Command processor thread] INFO commandhandler.CreatePipelineCommandHandler: Created Pipeline RATIS THREE PipelineID=1e9434e7-a656-48c5-b55e-5856e99902e4.
datanode_3  | 2022-12-02 11:14:38,494 [EndpointStateMachine task thread for scm/172.18.0.7:9861 - 0 ] INFO ratis.XceiverServerRatis: XceiverServerRatis de5be13d-7638-4e28-a0cb-c559a9eafa30 is started using port 9856 for RATIS_SERVER
datanode_2  | 2022-12-02 11:14:48,987 [pool-22-thread-1] INFO server.RaftServerConfigKeys: raft.server.retrycache.expirytime = 600000ms (custom)
scm_1       | 2022-12-02 11:14:14,817 [main] INFO grpc.GrpcConfigKeys: raft.grpc.server.heartbeat.channel = true (default)
datanode_1  | 2022-12-02 11:14:50,057 [1032b4d4-4b99-465e-855a-8014e66ac73e@group-ABFFEB74DE48-LeaderElection1] INFO server.RaftServer$Division: 1032b4d4-4b99-465e-855a-8014e66ac73e@group-ABFFEB74DE48: set configuration 0: peers:[1032b4d4-4b99-465e-855a-8014e66ac73e|rpc:172.18.0.2:9856|admin:172.18.0.2:9857|client:172.18.0.2:9858|dataStream:|priority:1|startupRole:FOLLOWER]|listeners:[], old=null
datanode_3  | 2022-12-02 11:14:38,495 [JvmPauseMonitor0] INFO util.JvmPauseMonitor: JvmPauseMonitor-de5be13d-7638-4e28-a0cb-c559a9eafa30: Started
datanode_2  | 2022-12-02 11:14:48,987 [pool-22-thread-1] INFO server.RaftServerConfigKeys: raft.server.retrycache.statistics.expirytime = 100?s (default)
scm_1       | 2022-12-02 11:14:14,859 [main] INFO grpc.GrpcConfigKeys: raft.grpc.server.async.request.thread.pool.cached = true (default)
datanode_3  | 2022-12-02 11:14:41,724 [Command processor thread] INFO server.RaftServer: de5be13d-7638-4e28-a0cb-c559a9eafa30: addNew group-C03D806A4722:[de5be13d-7638-4e28-a0cb-c559a9eafa30|rpc:172.18.0.6:9856|admin:172.18.0.6:9857|client:172.18.0.6:9858|priority:1|startupRole:FOLLOWER] returns group-C03D806A4722:java.util.concurrent.CompletableFuture@13b8a722[Not completed]
datanode_2  | 2022-12-02 11:14:49,004 [pool-22-thread-1] INFO server.RaftServerConfigKeys: raft.server.log.appender.install.snapshot.enabled = false (custom)
scm_1       | 2022-12-02 11:14:14,866 [main] INFO grpc.GrpcConfigKeys: raft.grpc.server.async.request.thread.pool.size = 32 (default)
datanode_1  | 2022-12-02 11:14:50,344 [1032b4d4-4b99-465e-855a-8014e66ac73e@group-ABFFEB74DE48-SegmentedRaftLogWorker] INFO segmented.SegmentedRaftLogWorker: 1032b4d4-4b99-465e-855a-8014e66ac73e@group-ABFFEB74DE48-SegmentedRaftLogWorker: created new log segment /data/metadata/ratis/8951453e-80ee-4d0d-b4cf-abffeb74de48/current/log_inprogress_0
datanode_3  | 2022-12-02 11:14:41,783 [pool-22-thread-1] INFO server.RaftServer$Division: de5be13d-7638-4e28-a0cb-c559a9eafa30: new RaftServerImpl for group-C03D806A4722:[de5be13d-7638-4e28-a0cb-c559a9eafa30|rpc:172.18.0.6:9856|admin:172.18.0.6:9857|client:172.18.0.6:9858|priority:1|startupRole:FOLLOWER] with ContainerStateMachine:uninitialized
datanode_2  | 2022-12-02 11:14:49,007 [pool-22-thread-1] INFO server.RaftServerConfigKeys: raft.server.threadpool.server.cached = true (default)
scm_1       | 2022-12-02 11:14:16,619 [main] INFO impl.DataStreamServerImpl: raft.datastream.type = DISABLED (default)
datanode_1  | 2022-12-02 11:14:54,391 [grpc-default-executor-0] INFO server.RaftServer$Division: 1032b4d4-4b99-465e-855a-8014e66ac73e@group-5856E99902E4: receive requestVote(ELECTION, de5be13d-7638-4e28-a0cb-c559a9eafa30, group-5856E99902E4, 1, (t:0, i:0))
datanode_3  | 2022-12-02 11:14:41,786 [pool-22-thread-1] INFO server.RaftServerConfigKeys: raft.server.rpc.timeout.min = 5s (custom)
datanode_2  | 2022-12-02 11:14:49,007 [pool-22-thread-1] INFO server.RaftServerConfigKeys: raft.server.threadpool.server.size = 0 (default)
scm_1       | 2022-12-02 11:14:16,654 [main] INFO server.RaftServerConfigKeys: raft.server.threadpool.proxy.cached = true (default)
datanode_1  | 2022-12-02 11:14:54,391 [grpc-default-executor-0] INFO impl.VoteContext: 1032b4d4-4b99-465e-855a-8014e66ac73e@group-5856E99902E4-FOLLOWER: reject ELECTION from de5be13d-7638-4e28-a0cb-c559a9eafa30: our priority 1 > candidate's priority 0
datanode_3  | 2022-12-02 11:14:41,788 [pool-22-thread-1] INFO server.RaftServerConfigKeys: raft.server.rpc.timeout.max = 5200ms (custom)
scm_1       | 2022-12-02 11:14:16,675 [main] INFO server.RaftServerConfigKeys: raft.server.threadpool.proxy.size = 0 (default)
datanode_1  | 2022-12-02 11:14:54,391 [grpc-default-executor-0] INFO server.RaftServer$Division: 1032b4d4-4b99-465e-855a-8014e66ac73e@group-5856E99902E4: changes role from  FOLLOWER to FOLLOWER at term 1 for candidate:de5be13d-7638-4e28-a0cb-c559a9eafa30
datanode_3  | 2022-12-02 11:14:41,791 [pool-22-thread-1] INFO server.RaftServerConfigKeys: raft.server.rpc.sleep.time = 25ms (default)
datanode_2  | 2022-12-02 11:14:49,007 [pool-22-thread-1] INFO server.RaftServerConfigKeys: raft.server.threadpool.client.cached = true (default)
scm_1       | 2022-12-02 11:14:16,683 [main] INFO server.RaftServerConfigKeys: raft.server.rpc.slowness.timeout = 120000ms (custom)
datanode_1  | 2022-12-02 11:14:54,392 [grpc-default-executor-0] INFO impl.RoleInfo: 1032b4d4-4b99-465e-855a-8014e66ac73e: shutdown 1032b4d4-4b99-465e-855a-8014e66ac73e@group-5856E99902E4-FollowerState
datanode_3  | 2022-12-02 11:14:41,791 [pool-22-thread-1] INFO server.RaftServerConfigKeys: raft.server.rpc.slowness.timeout = 300s (custom)
datanode_2  | 2022-12-02 11:14:49,007 [pool-22-thread-1] INFO server.RaftServerConfigKeys: raft.server.threadpool.client.size = 0 (default)
scm_1       | 2022-12-02 11:14:16,683 [main] INFO server.RaftServerConfigKeys: raft.server.leaderelection.leader.step-down.wait-time = 10s (default)
datanode_1  | 2022-12-02 11:14:54,392 [1032b4d4-4b99-465e-855a-8014e66ac73e@group-5856E99902E4-FollowerState] INFO impl.FollowerState: 1032b4d4-4b99-465e-855a-8014e66ac73e@group-5856E99902E4-FollowerState was interrupted
datanode_3  | 2022-12-02 11:14:41,791 [pool-22-thread-1] INFO server.RaftServerConfigKeys: raft.server.leaderelection.leader.step-down.wait-time = 10s (default)
datanode_2  | 2022-12-02 11:14:49,008 [pool-22-thread-1] INFO storage.RaftStorageDirectory: The storage directory /data/metadata/ratis/1e9434e7-a656-48c5-b55e-5856e99902e4 does not exist. Creating ...
datanode_2  | 2022-12-02 11:14:49,025 [pool-22-thread-1] INFO storage.RaftStorageDirectory: Lock on /data/metadata/ratis/1e9434e7-a656-48c5-b55e-5856e99902e4/in_use.lock acquired by nodename 7@6bf975176e2c
datanode_1  | 2022-12-02 11:14:54,392 [grpc-default-executor-0] INFO impl.RoleInfo: 1032b4d4-4b99-465e-855a-8014e66ac73e: start 1032b4d4-4b99-465e-855a-8014e66ac73e@group-5856E99902E4-FollowerState
datanode_3  | 2022-12-02 11:14:41,791 [pool-22-thread-1] INFO server.RaftServerConfigKeys: raft.server.sleep.deviation.threshold = 300ms (default)
datanode_3  | 2022-12-02 11:14:41,806 [pool-22-thread-1] INFO server.RaftServer$Division: de5be13d-7638-4e28-a0cb-c559a9eafa30@group-C03D806A4722: ConfigurationManager, init=-1: peers:[de5be13d-7638-4e28-a0cb-c559a9eafa30|rpc:172.18.0.6:9856|admin:172.18.0.6:9857|client:172.18.0.6:9858|priority:1|startupRole:FOLLOWER]|listeners:[], old=null, confs=<EMPTY_MAP>
scm_1       | 2022-12-02 11:14:16,686 [main] INFO server.RaftServerConfigKeys: raft.server.storage.dir = [/data/metadata/scm-ha] (custom)
datanode_3  | 2022-12-02 11:14:41,807 [pool-22-thread-1] INFO server.RaftServerConfigKeys: raft.server.storage.dir = [/data/metadata/ratis] (custom)
datanode_3  | 2022-12-02 11:14:41,822 [pool-22-thread-1] INFO server.RaftServerConfigKeys: raft.server.log.corruption.policy = EXCEPTION (default)
datanode_1  | 2022-12-02 11:14:54,403 [grpc-default-executor-0] INFO server.RaftServer$Division: 1032b4d4-4b99-465e-855a-8014e66ac73e@group-5856E99902E4 replies to ELECTION vote request: de5be13d-7638-4e28-a0cb-c559a9eafa30<-1032b4d4-4b99-465e-855a-8014e66ac73e#0:FAIL-t1. Peer's state: 1032b4d4-4b99-465e-855a-8014e66ac73e@group-5856E99902E4:t1, leader=null, voted=null, raftlog=Memoized:1032b4d4-4b99-465e-855a-8014e66ac73e@group-5856E99902E4-SegmentedRaftLog:OPENED:c-1, conf=-1: peers:[b6cde622-766a-4271-9234-326233a2e360|rpc:172.18.0.3:9856|admin:172.18.0.3:9857|client:172.18.0.3:9858|priority:0|startupRole:FOLLOWER, de5be13d-7638-4e28-a0cb-c559a9eafa30|rpc:172.18.0.6:9856|admin:172.18.0.6:9857|client:172.18.0.6:9858|priority:0|startupRole:FOLLOWER, 1032b4d4-4b99-465e-855a-8014e66ac73e|rpc:172.18.0.2:9856|admin:172.18.0.2:9857|client:172.18.0.2:9858|priority:1|startupRole:FOLLOWER]|listeners:[], old=null
scm_1       | 2022-12-02 11:14:16,768 [main] INFO server.RaftServer: 6fc01362-4be8-4bef-9765-308703ee51ee: addNew group-118B227F634A:[6fc01362-4be8-4bef-9765-308703ee51ee|rpc:9c76043b4b84:9894|priority:0|startupRole:FOLLOWER] returns group-118B227F634A:java.util.concurrent.CompletableFuture@646811d6[Not completed]
datanode_3  | 2022-12-02 11:14:41,822 [pool-22-thread-1] INFO server.RaftServerConfigKeys: raft.server.storage.free-space.min = 0MB (=0) (default)
datanode_2  | 2022-12-02 11:14:49,041 [pool-22-thread-1] INFO storage.RaftStorage: Storage directory /data/metadata/ratis/1e9434e7-a656-48c5-b55e-5856e99902e4 has been successfully formatted.
datanode_1  | 2022-12-02 11:14:54,424 [1032b4d4-4b99-465e-855a-8014e66ac73e@group-5856E99902E4-FollowerState] INFO server.RaftServerConfigKeys: raft.server.rpc.first-election.timeout.min = 5s (fallback to raft.server.rpc.timeout.min)
scm_1       | 2022-12-02 11:14:17,027 [pool-2-thread-1] INFO server.RaftServer$Division: 6fc01362-4be8-4bef-9765-308703ee51ee: new RaftServerImpl for group-118B227F634A:[6fc01362-4be8-4bef-9765-308703ee51ee|rpc:9c76043b4b84:9894|priority:0|startupRole:FOLLOWER] with SCMStateMachine:uninitialized
datanode_3  | 2022-12-02 11:14:41,842 [pool-22-thread-1] INFO server.RaftServerConfigKeys: raft.server.notification.no-leader.timeout = 300s (custom)
datanode_3  | 2022-12-02 11:14:41,847 [pool-22-thread-1] INFO server.RaftServerConfigKeys: raft.server.retrycache.expirytime = 600000ms (custom)
datanode_1  | 2022-12-02 11:14:54,430 [1032b4d4-4b99-465e-855a-8014e66ac73e@group-5856E99902E4-FollowerState] INFO server.RaftServerConfigKeys: raft.server.rpc.first-election.timeout.max = 5200ms (fallback to raft.server.rpc.timeout.max)
scm_1       | 2022-12-02 11:14:17,047 [pool-2-thread-1] INFO server.RaftServerConfigKeys: raft.server.rpc.timeout.min = 5000ms (custom)
datanode_3  | 2022-12-02 11:14:41,847 [pool-22-thread-1] INFO server.RaftServerConfigKeys: raft.server.retrycache.statistics.expirytime = 100?s (default)
datanode_2  | 2022-12-02 11:14:49,042 [pool-22-thread-1] INFO ratis.ContainerStateMachine: group-5856E99902E4: The snapshot info is null. Setting the last applied indexto:(t:0, i:~)
datanode_2  | 2022-12-02 11:14:49,046 [pool-22-thread-1] INFO server.RaftServerConfigKeys: raft.server.log.use.memory = false (default)
scm_1       | 2022-12-02 11:14:17,047 [pool-2-thread-1] INFO server.RaftServerConfigKeys: raft.server.rpc.timeout.max = 5200ms (custom)
datanode_3  | 2022-12-02 11:14:41,974 [pool-22-thread-1] INFO server.RaftServerConfigKeys: raft.server.log.appender.install.snapshot.enabled = false (custom)
datanode_2  | 2022-12-02 11:14:49,047 [pool-22-thread-1] INFO server.RaftServerConfigKeys: raft.server.log.purge.gap = 1000000 (custom)
datanode_1  | 2022-12-02 11:14:54,440 [grpc-default-executor-0] INFO server.RaftServer$Division: 1032b4d4-4b99-465e-855a-8014e66ac73e@group-5856E99902E4: receive requestVote(ELECTION, b6cde622-766a-4271-9234-326233a2e360, group-5856E99902E4, 1, (t:0, i:0))
scm_1       | 2022-12-02 11:14:17,051 [pool-2-thread-1] INFO server.RaftServerConfigKeys: raft.server.rpc.sleep.time = 25ms (default)
datanode_3  | 2022-12-02 11:14:41,976 [pool-22-thread-1] INFO server.RaftServerConfigKeys: raft.server.threadpool.server.cached = true (default)
datanode_2  | 2022-12-02 11:14:49,054 [pool-22-thread-1] INFO server.RaftServerConfigKeys: raft.server.log.appender.buffer.byte-limit = 33554432 (custom)
datanode_1  | 2022-12-02 11:14:54,441 [grpc-default-executor-0] INFO impl.VoteContext: 1032b4d4-4b99-465e-855a-8014e66ac73e@group-5856E99902E4-FOLLOWER: reject ELECTION from b6cde622-766a-4271-9234-326233a2e360: our priority 1 > candidate's priority 0
scm_1       | 2022-12-02 11:14:17,051 [pool-2-thread-1] INFO server.RaftServerConfigKeys: raft.server.rpc.slowness.timeout = 120000ms (custom)
datanode_3  | 2022-12-02 11:14:41,978 [pool-22-thread-1] INFO server.RaftServerConfigKeys: raft.server.threadpool.server.size = 0 (default)
datanode_1  | 2022-12-02 11:14:54,441 [grpc-default-executor-0] INFO server.RaftServer$Division: 1032b4d4-4b99-465e-855a-8014e66ac73e@group-5856E99902E4: changes role from  FOLLOWER to FOLLOWER at term 1 for candidate:b6cde622-766a-4271-9234-326233a2e360
scm_1       | 2022-12-02 11:14:17,051 [pool-2-thread-1] INFO server.RaftServerConfigKeys: raft.server.leaderelection.leader.step-down.wait-time = 10s (default)
datanode_2  | 2022-12-02 11:14:49,055 [pool-22-thread-1] INFO server.RaftServerConfigKeys: raft.server.log.statemachine.data.read.timeout = 1000ms (default)
datanode_3  | 2022-12-02 11:14:41,983 [pool-22-thread-1] INFO server.RaftServerConfigKeys: raft.server.threadpool.client.cached = true (default)
datanode_1  | 2022-12-02 11:14:54,441 [grpc-default-executor-0] INFO impl.RoleInfo: 1032b4d4-4b99-465e-855a-8014e66ac73e: shutdown 1032b4d4-4b99-465e-855a-8014e66ac73e@group-5856E99902E4-FollowerState
scm_1       | 2022-12-02 11:14:17,051 [pool-2-thread-1] INFO server.RaftServerConfigKeys: raft.server.sleep.deviation.threshold = 300ms (default)
datanode_2  | 2022-12-02 11:14:49,055 [pool-22-thread-1] INFO server.RaftServerConfigKeys: raft.server.log.purge.preservation.log.num = 0 (default)
datanode_3  | 2022-12-02 11:14:41,984 [pool-22-thread-1] INFO server.RaftServerConfigKeys: raft.server.threadpool.client.size = 0 (default)
datanode_1  | 2022-12-02 11:14:54,441 [grpc-default-executor-0] INFO impl.RoleInfo: 1032b4d4-4b99-465e-855a-8014e66ac73e: start 1032b4d4-4b99-465e-855a-8014e66ac73e@group-5856E99902E4-FollowerState
scm_1       | 2022-12-02 11:14:17,120 [pool-2-thread-1] INFO server.RaftServer$Division: 6fc01362-4be8-4bef-9765-308703ee51ee@group-118B227F634A: ConfigurationManager, init=-1: peers:[6fc01362-4be8-4bef-9765-308703ee51ee|rpc:9c76043b4b84:9894|priority:0|startupRole:FOLLOWER]|listeners:[], old=null, confs=<EMPTY_MAP>
