scm1_1      | STARTUP_MSG:   classpath = /etc/hadoop:/opt/hadoop/share/ozone/lib/kerb-simplekdc-1.0.1.jar:/opt/hadoop/share/ozone/lib/netty-transport-4.1.77.Final.jar:/opt/hadoop/share/ozone/lib/slf4j-reload4j-1.7.36.jar:/opt/hadoop/share/ozone/lib/protobuf-java-2.5.0.jar:/opt/hadoop/share/ozone/lib/jaxb-core-2.3.0.1.jar:/opt/hadoop/share/ozone/lib/istack-commons-runtime-3.0.5.jar:/opt/hadoop/share/ozone/lib/commons-validator-1.6.jar:/opt/hadoop/share/ozone/lib/hdds-erasurecode-1.4.0-SNAPSHOT.jar:/opt/hadoop/share/ozone/lib/hdds-hadoop-dependency-server-1.4.0-SNAPSHOT.jar:/opt/hadoop/share/ozone/lib/bcpkix-jdk15on-1.67.jar:/opt/hadoop/share/ozone/lib/commons-net-3.9.0.jar:/opt/hadoop/share/ozone/lib/kerb-core-1.0.1.jar:/opt/hadoop/share/ozone/lib/hadoop-shaded-protobuf_3_7-1.1.1.jar:/opt/hadoop/share/ozone/lib/jsr305-3.0.0.jar:/opt/hadoop/share/ozone/lib/j2objc-annotations-1.3.jar:/opt/hadoop/share/ozone/lib/jetty-webapp-9.4.49.v20220914.jar:/opt/hadoop/share/ozone/lib/picocli-4.6.1.jar:/opt/hadoop/share/ozone/lib/javassist-3.21.0-GA.jar:/opt/hadoop/share/ozone/lib/jaxb-api-2.3.0.jar:/opt/hadoop/share/ozone/lib/hdds-interface-admin-1.4.0-SNAPSHOT.jar:/opt/hadoop/share/ozone/lib/commons-codec-1.15.jar:/opt/hadoop/share/ozone/lib/kerb-util-1.0.1.jar:/opt/hadoop/share/ozone/lib/hadoop-shaded-guava-1.1.1.jar:/opt/hadoop/share/ozone/lib/kotlin-stdlib-1.6.21.jar:/opt/hadoop/share/ozone/lib/log4j-core-2.17.1.jar:/opt/hadoop/share/ozone/lib/commons-logging-1.2.jar:/opt/hadoop/share/ozone/lib/ratis-thirdparty-misc-1.0.3.jar:/opt/hadoop/share/ozone/lib/jetty-security-9.4.49.v20220914.jar:/opt/hadoop/share/ozone/lib/accessors-smart-2.4.7.jar:/opt/hadoop/share/ozone/lib/kerby-xdr-1.0.1.jar:/opt/hadoop/share/ozone/lib/netty-handler-4.1.77.Final.jar:/opt/hadoop/share/ozone/lib/txw2-2.3.0.1.jar:/opt/hadoop/share/ozone/lib/httpcore-4.4.13.jar:/opt/hadoop/share/ozone/lib/hdds-container-service-1.4.0-SNAPSHOT.jar:/opt/hadoop/share/ozone/lib/guava-31.1-jre.jar:/opt/hadoop/share/ozone/lib/opentracing-tracerresolver-0.1.8.jar:/opt/hadoop/share/ozone/lib/ratis-grpc-2.4.2-8b8bdda-SNAPSHOT.jar:/opt/hadoop/share/ozone/lib/hadoop-auth-3.3.4.jar:/opt/hadoop/share/ozone/lib/libthrift-0.14.1.jar:/opt/hadoop/share/ozone/lib/stax-ex-1.7.8.jar:/opt/hadoop/share/ozone/lib/error_prone_annotations-2.2.0.jar:/opt/hadoop/share/ozone/lib/kotlin-stdlib-common-1.4.10.jar:/opt/hadoop/share/ozone/lib/hdds-hadoop-dependency-client-1.4.0-SNAPSHOT.jar:/opt/hadoop/share/ozone/lib/zstd-jni-1.5.2-5.jar:/opt/hadoop/share/ozone/lib/httpclient-4.5.13.jar:/opt/hadoop/share/ozone/lib/ratis-proto-2.4.2-8b8bdda-SNAPSHOT.jar:/opt/hadoop/share/ozone/lib/jaeger-client-1.6.0.jar:/opt/hadoop/share/ozone/lib/kerby-config-1.0.1.jar:/opt/hadoop/share/ozone/lib/jackson-annotations-2.13.4.jar:/opt/hadoop/share/ozone/lib/commons-io-2.11.0.jar:/opt/hadoop/share/ozone/lib/metrics-core-3.2.4.jar:/opt/hadoop/share/ozone/lib/hadoop-annotations-3.3.4.jar:/opt/hadoop/share/ozone/lib/kerby-pkix-1.0.1.jar:/opt/hadoop/share/ozone/lib/jetty-util-9.4.49.v20220914.jar:/opt/hadoop/share/ozone/lib/json-smart-2.4.7.jar:/opt/hadoop/share/ozone/lib/jetty-io-9.4.49.v20220914.jar:/opt/hadoop/share/ozone/lib/jsr311-api-1.1.1.jar:/opt/hadoop/share/ozone/lib/jetty-server-9.4.49.v20220914.jar:/opt/hadoop/share/ozone/lib/commons-beanutils-1.9.4.jar:/opt/hadoop/share/ozone/lib/javax.servlet-api-3.1.0.jar:/opt/hadoop/share/ozone/lib/kerb-server-1.0.1.jar:/opt/hadoop/share/ozone/lib/netty-resolver-4.1.77.Final.jar:/opt/hadoop/share/ozone/lib/kerb-client-1.0.1.jar:/opt/hadoop/share/ozone/lib/jetty-xml-9.4.49.v20220914.jar:/opt/hadoop/share/ozone/lib/hadoop-common-3.3.4.jar:/opt/hadoop/share/ozone/lib/disruptor-3.4.2.jar:/opt/hadoop/share/ozone/lib/reflections-0.9.11.jar:/opt/hadoop/share/ozone/lib/gson-2.9.0.jar:/opt/hadoop/share/ozone/lib/snakeyaml-1.33.jar:/opt/hadoop/share/ozone/lib/nimbus-jose-jwt-9.8.1.jar:/opt/hadoop/share/ozone/lib/hdds-client-1.4.0-SNAPSHOT.jar:/opt/hadoop/share/ozone/lib/ratis-common-2.4.2-8b8bdda-SNAPSHOT.jar:/opt/hadoop/share/ozone/lib/annotations-13.0.jar:/opt/hadoop/share/ozone/lib/simpleclient_common-0.7.0.jar:/opt/hadoop/share/ozone/lib/jaeger-thrift-1.6.0.jar:/opt/hadoop/share/ozone/lib/dnsjava-2.1.7.jar:/opt/hadoop/share/ozone/lib/rocksdbjni-7.7.3.jar:/opt/hadoop/share/ozone/lib/bcprov-jdk15on-1.67.jar:/opt/hadoop/share/ozone/lib/commons-configuration2-2.1.1.jar:/opt/hadoop/share/ozone/lib/token-provider-1.0.1.jar:/opt/hadoop/share/ozone/lib/commons-daemon-1.0.13.jar:/opt/hadoop/share/ozone/lib/listenablefuture-9999.0-empty-to-avoid-conflict-with-guava.jar:/opt/hadoop/share/ozone/lib/jaeger-tracerresolver-1.6.0.jar:/opt/hadoop/share/ozone/lib/slf4j-api-1.7.36.jar:/opt/hadoop/share/ozone/lib/commons-lang3-3.7.jar:/opt/hadoop/share/ozone/lib/re2j-1.1.jar:/opt/hadoop/share/ozone/lib/jackson-datatype-jsr310-2.13.4.jar:/opt/hadoop/share/ozone/lib/simpleclient_dropwizard-0.7.0.jar:/opt/hadoop/share/ozone/lib/simpleclient-0.7.0.jar:/opt/hadoop/share/ozone/lib/ratis-metrics-2.4.2-8b8bdda-SNAPSHOT.jar:/opt/hadoop/share/ozone/lib/asm-5.0.4.jar:/opt/hadoop/share/ozone/lib/kerby-util-1.0.1.jar:/opt/hadoop/share/ozone/lib/netty-codec-4.1.77.Final.jar:/opt/hadoop/share/ozone/lib/failureaccess-1.0.1.jar:/opt/hadoop/share/ozone/lib/jackson-databind-2.13.4.2.jar:/opt/hadoop/share/ozone/lib/okio-2.8.0.jar:/opt/hadoop/share/ozone/lib/jetty-servlet-9.4.49.v20220914.jar:/opt/hadoop/share/ozone/lib/jsp-api-2.1.jar:/opt/hadoop/share/ozone/lib/jsch-0.1.54.jar:/opt/hadoop/share/ozone/lib/jakarta.activation-api-1.2.1.jar:/opt/hadoop/share/ozone/lib/reload4j-1.2.22.jar:/opt/hadoop/share/ozone/lib/woodstox-core-5.4.0.jar:/opt/hadoop/share/ozone/lib/commons-pool2-2.6.0.jar:/opt/hadoop/share/ozone/lib/opentracing-api-0.33.0.jar:/opt/hadoop/share/ozone/lib/jcip-annotations-1.0-1.jar:/opt/hadoop/share/ozone/lib/kerb-admin-1.0.1.jar:/opt/hadoop/share/ozone/lib/jetty-util-ajax-9.4.49.v20220914.jar:/opt/hadoop/share/ozone/lib/netty-buffer-4.1.77.Final.jar:/opt/hadoop/share/ozone/lib/opentracing-noop-0.33.0.jar:/opt/hadoop/share/ozone/lib/hadoop-hdfs-client-3.3.4.jar:/opt/hadoop/share/ozone/lib/jersey-core-1.19.jar:/opt/hadoop/share/ozone/lib/commons-compress-1.21.jar:/opt/hadoop/share/ozone/lib/jaxb-runtime-2.3.0.1.jar:/opt/hadoop/share/ozone/lib/hadoop-hdfs-3.3.4.jar:/opt/hadoop/share/ozone/lib/jackson-core-2.13.4.jar:/opt/hadoop/share/ozone/lib/hdds-annotation-processing-1.4.0-SNAPSHOT.jar:/opt/hadoop/share/ozone/lib/opentracing-util-0.33.0.jar:/opt/hadoop/share/ozone/lib/stax2-api-4.2.1.jar:/opt/hadoop/share/ozone/lib/snappy-java-1.1.8.2.jar:/opt/hadoop/share/ozone/lib/ratis-netty-2.4.2-8b8bdda-SNAPSHOT.jar:/opt/hadoop/share/ozone/lib/hdds-config-1.4.0-SNAPSHOT.jar:/opt/hadoop/share/ozone/lib/commons-cli-1.2.jar:/opt/hadoop/share/ozone/lib/log4j-api-2.17.1.jar:/opt/hadoop/share/ozone/lib/javax.annotation-api-1.2.jar:/opt/hadoop/share/ozone/lib/ratis-server-api-2.4.2-8b8bdda-SNAPSHOT.jar:/opt/hadoop/share/ozone/lib/hdds-interface-client-1.4.0-SNAPSHOT.jar:/opt/hadoop/share/ozone/lib/kerby-asn1-1.0.1.jar:/opt/hadoop/share/ozone/lib/okhttp-4.9.3.jar:/opt/hadoop/share/ozone/lib/checker-qual-3.12.0.jar:/opt/hadoop/share/ozone/lib/hdds-interface-server-1.4.0-SNAPSHOT.jar:/opt/hadoop/share/ozone/lib/hdds-common-1.4.0-SNAPSHOT.jar:/opt/hadoop/share/ozone/lib/commons-digester-1.8.1.jar:/opt/hadoop/share/ozone/lib/commons-collections-3.2.2.jar:/opt/hadoop/share/ozone/lib/jaeger-core-1.6.0.jar:/opt/hadoop/share/ozone/lib/ratis-client-2.4.2-8b8bdda-SNAPSHOT.jar:/opt/hadoop/share/ozone/lib/commons-text-1.4.jar:/opt/hadoop/share/ozone/lib/jersey-servlet-1.19.jar:/opt/hadoop/share/ozone/lib/ratis-server-2.4.2-8b8bdda-SNAPSHOT.jar:/opt/hadoop/share/ozone/lib/jetty-http-9.4.49.v20220914.jar:/opt/hadoop/share/ozone/lib/kerb-identity-1.0.1.jar:/opt/hadoop/share/ozone/lib/FastInfoset-1.2.13.jar:/opt/hadoop/share/ozone/lib/kerb-common-1.0.1.jar:/opt/hadoop/share/ozone/lib/hdds-server-framework-1.4.0-SNAPSHOT.jar:/opt/hadoop/share/ozone/lib/jersey-server-1.19.jar:/opt/hadoop/share/ozone/lib/kerb-crypto-1.0.1.jar:/opt/hadoop/share/ozone/lib/netty-common-4.1.77.Final.jar:/opt/hadoop/share/ozone/web:/opt/hadoop/share/ozone/lib/hdds-server-scm-1.4.0-SNAPSHOT.jar
om3_1       | ************************************************************/
om3_1       | 2023-01-06 03:34:41,287 [main] INFO om.OzoneManagerStarter: registered UNIX signal handlers for [TERM, HUP, INT]
om3_1       | 2023-01-06 03:34:45,940 [main] INFO audit.AuditLogger: Refresh DebugCmdSet for OMAudit to [].
om3_1       | 2023-01-06 03:34:47,879 [main] INFO ha.OMHANodeDetails: ozone.om.internal.service.id is not defined, falling back to ozone.om.service.ids to find serviceID for OzoneManager if it is HA enabled cluster
om2_1       | 2023-01-06 03:35:04,318 [om2-impl-thread1] INFO server.RaftServerConfigKeys: raft.server.log.segment.cache.num.max = 2 (custom)
s3g_1       | 2023-01-06 03:33:08,987 [main] INFO server.session: node0 Scavenging every 660000ms
om1_1       | 2023-01-06 03:35:16,806 [grpc-default-executor-0] INFO server.RaftServer$Division: om1@group-D66704EFC61C replies to ELECTION vote request: om2<-om1#0:OK-t2. Peer's state: om1@group-D66704EFC61C:t2, leader=null, voted=om2, raftlog=Memoized:om1@group-D66704EFC61C-SegmentedRaftLog:OPENED:c-1, conf=-1: peers:[om1|rpc:om1:9872|priority:0|startupRole:FOLLOWER, om3|rpc:om3:9872|priority:0|startupRole:FOLLOWER, om2|rpc:om2:9872|priority:0|startupRole:FOLLOWER]|listeners:[], old=null
om1_1       | 2023-01-06 03:35:16,825 [grpc-default-executor-0] INFO server.RaftServer$Division: om1@group-D66704EFC61C: receive requestVote(ELECTION, om3, group-D66704EFC61C, 2, (t:0, i:~))
scm1_1      | STARTUP_MSG:   build = https://github.com/apache/ozone/9d30c9a7ce375cd614e86022850c7c128723df6b ; compiled by 'runner' on 2023-01-06T03:18Z
recon_1     | 2023-01-06 03:33:32,789 [main] INFO ipc.CallQueueManager: Using callQueue: class java.util.concurrent.LinkedBlockingQueue, queueCapacity: 10000, scheduler: class org.apache.hadoop.ipc.DefaultRpcScheduler, ipcBackoff: false.
s3g_1       | 2023-01-06 03:33:09,047 [main] INFO handler.ContextHandler: Started o.e.j.s.ServletContextHandler@5a9f4771{logs,/logs,file:///var/log/hadoop/,AVAILABLE}
scm2_1      | 2023-01-06 03:33:29,746 [main] INFO ha.SCMHANodeDetails: Found matching SCM address with SCMServiceId: scmservice, SCMNodeId: scm2, RPC Address: scm2:9894 and Ratis port: 9894
scm2_1      | 2023-01-06 03:33:29,752 [main] INFO ha.SCMHANodeDetails: Setting configuration key ozone.scm.address with value of key ozone.scm.address.scmservice.scm2: scm2
scm2_1      | 2023-01-06 03:33:30,187 [main] INFO proxy.SCMBlockLocationFailoverProxyProvider: Created block location fail-over proxy with 2 nodes: [nodeId=scm1,nodeAddress=scm1/172.18.0.2:9863, nodeId=scm3,nodeAddress=scm3/172.18.0.7:9863]
datanode_2  | 2023-01-06 03:33:44,666 [EndpointStateMachine task thread for scm1/172.18.0.2:9861 - 0 ] WARN statemachine.EndpointStateMachine: Unable to communicate to SCM server at scm1:9861 for past 0 seconds.
datanode_2  | java.net.SocketTimeoutException: Call From 48535b3651ed/172.18.0.10 to scm1:9861 failed on socket timeout exception: java.net.SocketTimeoutException: 5000 millis timeout while waiting for channel to be ready for read. ch : java.nio.channels.SocketChannel[connected local=/172.18.0.10:45960 remote=scm1/172.18.0.2:9861]; For more details see:  http://wiki.apache.org/hadoop/SocketTimeout
om2_1       | 2023-01-06 03:35:04,319 [om2-impl-thread1] INFO server.RaftServerConfigKeys: raft.server.log.segment.cache.size.max = 200MB (=209715200) (default)
om2_1       | 2023-01-06 03:35:04,384 [om2-impl-thread1] INFO segmented.SegmentedRaftLogWorker: new om2@group-D66704EFC61C-SegmentedRaftLogWorker for RaftStorageImpl:Storage Directory /data/metadata/ratis/5cb24680-b9e7-3c90-a862-d66704efc61c
om1_1       | 2023-01-06 03:35:16,826 [grpc-default-executor-0] INFO impl.VoteContext: om1@group-D66704EFC61C-FOLLOWER: reject ELECTION from om3: already has voted for om2 at current term 2
scm1_1      | STARTUP_MSG:   java = 11.0.14.1
recon_1     | 2023-01-06 03:33:32,905 [Socket Reader #1 for port 9891] INFO ipc.Server: Starting Socket Reader #1 for port 9891
s3g_1       | 2023-01-06 03:33:09,050 [main] INFO handler.ContextHandler: Started o.e.j.s.ServletContextHandler@6c0d7c83{static,/static,jar:file:/opt/hadoop/share/ozone/lib/ozone-s3gateway-1.4.0-SNAPSHOT.jar!/webapps/static,AVAILABLE}
datanode_1  | 	at org.apache.hadoop.net.SocketInputStream.read(SocketInputStream.java:131)
datanode_1  | 	at java.base/java.io.FilterInputStream.read(FilterInputStream.java:133)
datanode_1  | 	at java.base/java.io.BufferedInputStream.fill(BufferedInputStream.java:252)
datanode_1  | 	at java.base/java.io.BufferedInputStream.read(BufferedInputStream.java:271)
datanode_1  | 	at java.base/java.io.FilterInputStream.read(FilterInputStream.java:83)
datanode_2  | 	at java.base/jdk.internal.reflect.NativeConstructorAccessorImpl.newInstance0(Native Method)
datanode_2  | 	at java.base/jdk.internal.reflect.NativeConstructorAccessorImpl.newInstance(NativeConstructorAccessorImpl.java:62)
datanode_2  | 	at java.base/jdk.internal.reflect.DelegatingConstructorAccessorImpl.newInstance(DelegatingConstructorAccessorImpl.java:45)
om2_1       | 2023-01-06 03:35:04,392 [om2-impl-thread1] INFO server.RaftServerConfigKeys: raft.server.log.queue.byte-limit = 64MB (=67108864) (default)
om2_1       | 2023-01-06 03:35:04,399 [om2-impl-thread1] INFO server.RaftServerConfigKeys: raft.server.log.queue.element-limit = 4096 (default)
om2_1       | 2023-01-06 03:35:04,412 [om2-impl-thread1] INFO server.RaftServerConfigKeys: raft.server.log.segment.size.max = 4194304 (custom)
s3g_1       | WARNING: An illegal reflective access operation has occurred
scm2_1      | 2023-01-06 03:33:32,944 [main] INFO retry.RetryInvocationHandler: com.google.protobuf.ServiceException: java.net.ConnectException: Call From cb9190519baf/172.18.0.9 to scm3:9863 failed on connection exception: java.net.ConnectException: Connection refused; For more details see:  http://wiki.apache.org/hadoop/ConnectionRefused, while invoking $Proxy14.send over nodeId=scm3,nodeAddress=scm3/172.18.0.7:9863 after 1 failover attempts. Trying to failover after sleeping for 2000ms.
om3_1       | 2023-01-06 03:34:48,246 [main] INFO ha.OMHANodeDetails: Found matching OM address with OMServiceId: omservice, OMNodeId: om3, RPC Address: om3:9862 and Ratis port: 9872
datanode_3  | 	at org.apache.hadoop.ipc.Client.getRpcResponse(Client.java:1616)
datanode_3  | 	at org.apache.hadoop.ipc.Client.call(Client.java:1558)
datanode_3  | 	at org.apache.hadoop.ipc.Client.call(Client.java:1455)
scm1_1      | ************************************************************/
recon_1     | 2023-01-06 03:33:32,944 [Listener at 0.0.0.0/9891] INFO pipeline.PipelineStateManagerImpl: No pipeline exists in current db
s3g_1       | WARNING: Illegal reflective access by org.jboss.classfilewriter.ClassFile$1 (file:/opt/hadoop/share/ozone/lib/weld-servlet-2.4.7.Final.jar) to method java.lang.ClassLoader.defineClass(java.lang.String,byte[],int,int)
scm2_1      | 2023-01-06 03:33:34,946 [main] INFO retry.RetryInvocationHandler: com.google.protobuf.ServiceException: java.net.ConnectException: Call From cb9190519baf/172.18.0.9 to scm1:9863 failed on connection exception: java.net.ConnectException: Connection refused; For more details see:  http://wiki.apache.org/hadoop/ConnectionRefused, while invoking $Proxy14.send over nodeId=scm1,nodeAddress=scm1/172.18.0.2:9863 after 2 failover attempts. Trying to failover after sleeping for 2000ms.
om3_1       | 2023-01-06 03:34:48,248 [main] INFO ha.OMHANodeDetails: Setting configuration key ozone.om.address with value of key ozone.om.address.omservice.om3: om3
om3_1       | 2023-01-06 03:34:48,278 [main] WARN server.ServerUtils: ozone.om.db.dirs is not configured. We recommend adding this setting. Falling back to ozone.metadata.dirs instead.
datanode_1  | 	at java.base/java.io.FilterInputStream.read(FilterInputStream.java:83)
datanode_1  | 	at org.apache.hadoop.ipc.Client$Connection$PingInputStream.read(Client.java:563)
datanode_1  | 	at java.base/java.io.DataInputStream.readInt(DataInputStream.java:392)
datanode_1  | 	at org.apache.hadoop.ipc.Client$IpcStreams.readResponse(Client.java:1922)
datanode_2  | 	at java.base/java.lang.reflect.Constructor.newInstance(Constructor.java:490)
datanode_2  | 	at org.apache.hadoop.net.NetUtils.wrapWithMessage(NetUtils.java:913)
datanode_2  | 	at org.apache.hadoop.net.NetUtils.wrapException(NetUtils.java:848)
om1_1       | 2023-01-06 03:35:16,826 [grpc-default-executor-0] INFO server.RaftServer$Division: om1@group-D66704EFC61C replies to ELECTION vote request: om3<-om1#0:FAIL-t2. Peer's state: om1@group-D66704EFC61C:t2, leader=null, voted=om2, raftlog=Memoized:om1@group-D66704EFC61C-SegmentedRaftLog:OPENED:c-1, conf=-1: peers:[om1|rpc:om1:9872|priority:0|startupRole:FOLLOWER, om3|rpc:om3:9872|priority:0|startupRole:FOLLOWER, om2|rpc:om2:9872|priority:0|startupRole:FOLLOWER]|listeners:[], old=null
om1_1       | 2023-01-06 03:35:17,249 [om1-server-thread1] INFO server.RaftServer$Division: om1@group-D66704EFC61C: change Leader from null to om2 at term 2 for appendEntries, leader elected after 18295ms
om1_1       | 2023-01-06 03:35:17,288 [om1-server-thread2] INFO server.RaftServer$Division: om1@group-D66704EFC61C: set configuration 0: peers:[om1|rpc:om1:9872|admin:|client:|dataStream:|priority:0|startupRole:FOLLOWER, om3|rpc:om3:9872|admin:|client:|dataStream:|priority:0|startupRole:FOLLOWER, om2|rpc:om2:9872|admin:|client:|dataStream:|priority:0|startupRole:FOLLOWER]|listeners:[], old=null
recon_1     | 2023-01-06 03:33:33,058 [Listener at 0.0.0.0/9891] INFO recon.ReconServer: Recon server initialized successfully!
recon_1     | 2023-01-06 03:33:33,058 [Listener at 0.0.0.0/9891] INFO recon.ReconServer: Starting Recon server
scm2_1      | 2023-01-06 03:33:36,947 [main] INFO retry.RetryInvocationHandler: com.google.protobuf.ServiceException: java.net.ConnectException: Call From cb9190519baf/172.18.0.9 to scm3:9863 failed on connection exception: java.net.ConnectException: Connection refused; For more details see:  http://wiki.apache.org/hadoop/ConnectionRefused, while invoking $Proxy14.send over nodeId=scm3,nodeAddress=scm3/172.18.0.7:9863 after 3 failover attempts. Trying to failover after sleeping for 2000ms.
om2_1       | 2023-01-06 03:35:04,418 [om2-impl-thread1] INFO server.RaftServerConfigKeys: raft.server.log.preallocated.size = 4194304 (custom)
om2_1       | 2023-01-06 03:35:04,422 [om2-impl-thread1] INFO server.RaftServerConfigKeys: raft.server.log.force.sync.num = 128 (default)
om3_1       | 2023-01-06 03:34:48,431 [main] INFO upgrade.AbstractLayoutVersionManager: Initializing Layout version manager with metadata layout = MULTITENANCY_SCHEMA (version = 3), software layout = MULTITENANCY_SCHEMA (version = 3)
datanode_3  | 	at org.apache.hadoop.ipc.ProtobufRpcEngine$Invoker.invoke(ProtobufRpcEngine.java:235)
datanode_1  | 	at org.apache.hadoop.ipc.Client$Connection.receiveRpcResponse(Client.java:1238)
datanode_1  | 	at org.apache.hadoop.ipc.Client$Connection.run(Client.java:1134)
datanode_1  | 2023-01-06 03:33:44,711 [EndpointStateMachine task thread for scm3/172.18.0.7:9861 - 0 ] INFO ipc.Client: Retrying connect to server: scm3/172.18.0.7:9861. Already tried 12 time(s); retry policy is RetryUpToMaximumCountWithFixedSleep(maxRetries=15, sleepTime=1000 MILLISECONDS)
s3g_1       | WARNING: Please consider reporting this to the maintainers of org.jboss.classfilewriter.ClassFile$1
datanode_3  | 	at org.apache.hadoop.ipc.ProtobufRpcEngine$Invoker.invoke(ProtobufRpcEngine.java:122)
datanode_3  | 	at com.sun.proxy.$Proxy41.submitRequest(Unknown Source)
datanode_3  | 	at org.apache.hadoop.ozone.protocolPB.StorageContainerDatanodeProtocolClientSideTranslatorPB.submitRequest(StorageContainerDatanodeProtocolClientSideTranslatorPB.java:117)
om1_1       | 2023-01-06 03:35:17,316 [om1-server-thread2] INFO segmented.SegmentedRaftLogWorker: om1@group-D66704EFC61C-SegmentedRaftLogWorker: Starting segment from index:0
om1_1       | 2023-01-06 03:35:17,689 [om1@group-D66704EFC61C-SegmentedRaftLogWorker] INFO segmented.SegmentedRaftLogWorker: om1@group-D66704EFC61C-SegmentedRaftLogWorker: created new log segment /data/metadata/ratis/5cb24680-b9e7-3c90-a862-d66704efc61c/current/log_inprogress_0
scm2_1      | 2023-01-06 03:33:38,950 [main] INFO retry.RetryInvocationHandler: com.google.protobuf.ServiceException: java.net.ConnectException: Call From cb9190519baf/172.18.0.9 to scm1:9863 failed on connection exception: java.net.ConnectException: Connection refused; For more details see:  http://wiki.apache.org/hadoop/ConnectionRefused, while invoking $Proxy14.send over nodeId=scm1,nodeAddress=scm1/172.18.0.2:9863 after 4 failover attempts. Trying to failover after sleeping for 2000ms.
om3_1       | 2023-01-06 03:34:49,621 [main] INFO reflections.Reflections: Reflections took 940 ms to scan 1 urls, producing 115 keys and 336 values [using 2 cores]
scm1_1      | 2023-01-06 03:33:07,776 [main] INFO server.StorageContainerManagerStarter: registered UNIX signal handlers for [TERM, HUP, INT]
scm3_1      | 2023-01-06 03:34:00,585 [main] INFO server.StorageContainerManagerStarter: STARTUP_MSG: 
s3g_1       | WARNING: Use --illegal-access=warn to enable warnings of further illegal reflective access operations
recon_1     | 2023-01-06 03:33:33,259 [Listener at 0.0.0.0/9891] INFO impl.MetricsConfig: Loaded properties from hadoop-metrics2.properties
recon_1     | 2023-01-06 03:33:33,273 [Listener at 0.0.0.0/9891] INFO impl.MetricsSystemImpl: Scheduled Metric snapshot period at 10 second(s).
datanode_2  | 	at org.apache.hadoop.ipc.Client.getRpcResponse(Client.java:1616)
datanode_2  | 	at org.apache.hadoop.ipc.Client.call(Client.java:1558)
datanode_2  | 	at org.apache.hadoop.ipc.Client.call(Client.java:1455)
datanode_2  | 	at org.apache.hadoop.ipc.ProtobufRpcEngine$Invoker.invoke(ProtobufRpcEngine.java:235)
om2_1       | 2023-01-06 03:35:04,422 [om2-impl-thread1] INFO server.RaftServerConfigKeys: raft.server.log.statemachine.data.sync = true (default)
om2_1       | 2023-01-06 03:35:04,423 [om2-impl-thread1] INFO server.RaftServerConfigKeys: raft.server.log.statemachine.data.sync.timeout = 10s (default)
om3_1       | 2023-01-06 03:34:49,746 [main] WARN server.ServerUtils: ozone.om.db.dirs is not configured. We recommend adding this setting. Falling back to ozone.metadata.dirs instead.
om3_1       | 2023-01-06 03:34:50,929 [main] INFO proxy.SCMBlockLocationFailoverProxyProvider: Created block location fail-over proxy with 3 nodes: [nodeId=scm2,nodeAddress=scm2/172.18.0.9:9863, nodeId=scm1,nodeAddress=scm1/172.18.0.2:9863, nodeId=scm3,nodeAddress=scm3/172.18.0.7:9863]
s3g_1       | WARNING: All illegal access operations will be denied in a future release
recon_1     | 2023-01-06 03:33:33,273 [Listener at 0.0.0.0/9891] INFO impl.MetricsSystemImpl: Recon metrics system started
scm2_1      | 2023-01-06 03:33:40,952 [main] INFO retry.RetryInvocationHandler: com.google.protobuf.ServiceException: java.net.ConnectException: Call From cb9190519baf/172.18.0.9 to scm3:9863 failed on connection exception: java.net.ConnectException: Connection refused; For more details see:  http://wiki.apache.org/hadoop/ConnectionRefused, while invoking $Proxy14.send over nodeId=scm3,nodeAddress=scm3/172.18.0.7:9863 after 5 failover attempts. Trying to failover after sleeping for 2000ms.
scm2_1      | 2023-01-06 03:33:43,206 [main] INFO retry.RetryInvocationHandler: com.google.protobuf.ServiceException: org.apache.hadoop.ipc.RemoteException(org.apache.hadoop.hdds.ratis.ServerNotLeaderException): Server:e7aac016-e09c-4f61-8703-a7105c36936c is not the leader. Could not determine the leader node.
datanode_1  | 2023-01-06 03:33:45,519 [EndpointStateMachine task thread for scm1/172.18.0.2:9861 - 0 ] INFO utils.DatanodeStoreCache: Added db /data/hdds/hdds/CID-22702e03-29d0-413d-97c1-db2037a6ba0c/DS-4fe4022c-54cb-4e01-b784-1564a166ffdf/container.db to cache
datanode_1  | 2023-01-06 03:33:45,519 [EndpointStateMachine task thread for scm1/172.18.0.2:9861 - 0 ] INFO volume.HddsVolume: SchemaV3 db is created and loaded at /data/hdds/hdds/CID-22702e03-29d0-413d-97c1-db2037a6ba0c/DS-4fe4022c-54cb-4e01-b784-1564a166ffdf/container.db for volume DS-4fe4022c-54cb-4e01-b784-1564a166ffdf
datanode_3  | 	at org.apache.hadoop.ozone.protocolPB.StorageContainerDatanodeProtocolClientSideTranslatorPB.getVersion(StorageContainerDatanodeProtocolClientSideTranslatorPB.java:133)
datanode_3  | 	at org.apache.hadoop.ozone.container.common.states.endpoint.VersionEndpointTask.call(VersionEndpointTask.java:69)
datanode_3  | 	at org.apache.hadoop.ozone.container.common.states.endpoint.VersionEndpointTask.call(VersionEndpointTask.java:40)
scm1_1      | 2023-01-06 03:33:08,325 [main] WARN server.ServerUtils: ozone.scm.db.dirs is not configured. We recommend adding this setting. Falling back to ozone.metadata.dirs instead.
scm3_1      | /************************************************************
s3g_1       | Jan 06, 2023 3:33:30 AM org.glassfish.jersey.internal.Errors logErrors
om1_1       | 2023-01-06 03:35:20,701 [om1@group-D66704EFC61C-StateMachineUpdater] INFO ratis.OzoneManagerStateMachine: Received Configuration change notification from Ratis. New Peer list:
om1_1       | [id: "om1"
om3_1       | 2023-01-06 03:34:51,159 [main] INFO proxy.SCMBlockLocationFailoverProxyProvider: Created block location fail-over proxy with 3 nodes: [nodeId=scm2,nodeAddress=scm2/172.18.0.9:9863, nodeId=scm1,nodeAddress=scm1/172.18.0.2:9863, nodeId=scm3,nodeAddress=scm3/172.18.0.7:9863]
om3_1       | 2023-01-06 03:34:54,190 [main] WARN server.ServerUtils: ozone.om.db.dirs is not configured. We recommend adding this setting. Falling back to ozone.metadata.dirs instead.
scm1_1      | 2023-01-06 03:33:08,674 [main] INFO ha.SCMHANodeDetails: ServiceID for StorageContainerManager is null
scm3_1      | STARTUP_MSG: Starting StorageContainerManager
s3g_1       | WARNING: The following warnings have been detected: WARNING: A HTTP GET method, public javax.ws.rs.core.Response org.apache.hadoop.ozone.s3.endpoint.ObjectEndpoint.get(java.lang.String,java.lang.String,java.lang.String,int,java.lang.String,java.io.InputStream) throws java.io.IOException,org.apache.hadoop.ozone.s3.exception.OS3Exception, should not consume any entity.
om2_1       | 2023-01-06 03:35:04,423 [om2-impl-thread1] INFO server.RaftServerConfigKeys: raft.server.log.statemachine.data.sync.timeout.retry = -1 (default)
scm2_1      | 	at org.apache.hadoop.hdds.ratis.ServerNotLeaderException.convertToNotLeaderException(ServerNotLeaderException.java:109)
scm2_1      | 	at org.apache.hadoop.hdds.scm.ha.RatisUtil.checkRatisException(RatisUtil.java:246)
datanode_1  | 2023-01-06 03:33:45,521 [EndpointStateMachine task thread for scm1/172.18.0.2:9861 - 0 ] INFO ozoneimpl.OzoneContainer: Attempting to start container services.
om1_1       | address: "om1:9872"
scm1_1      | 2023-01-06 03:33:08,810 [main] INFO ha.SCMHANodeDetails: ozone.scm.default.service.id is not defined, falling back to ozone.scm.service.ids to find serviceID for StorageContainerManager if it is HA enabled cluster
scm3_1      | STARTUP_MSG:   host = cb173cbf05db/172.18.0.7
s3g_1       | 
om2_1       | 2023-01-06 03:35:04,483 [om2-impl-thread1] INFO server.RaftServerConfigKeys: raft.server.log.write.buffer.size = 64KB (=65536) (default)
recon_1     | 2023-01-06 03:33:33,846 [Listener at 0.0.0.0/9891] INFO http.HttpServer2: Jetty bound to port 9888
scm2_1      | 	at org.apache.hadoop.hdds.scm.protocol.ScmBlockLocationProtocolServerSideTranslatorPB.send(ScmBlockLocationProtocolServerSideTranslatorPB.java:109)
scm2_1      | 	at org.apache.hadoop.hdds.protocol.proto.ScmBlockLocationProtocolProtos$ScmBlockLocationProtocolService$2.callBlockingMethod(ScmBlockLocationProtocolProtos.java:14202)
datanode_2  | 	at org.apache.hadoop.ipc.ProtobufRpcEngine$Invoker.invoke(ProtobufRpcEngine.java:122)
datanode_2  | 	at com.sun.proxy.$Proxy41.submitRequest(Unknown Source)
datanode_3  | 	at java.base/java.util.concurrent.FutureTask.run(FutureTask.java:264)
datanode_3  | 	at java.base/java.util.concurrent.ThreadPoolExecutor.runWorker(ThreadPoolExecutor.java:1128)
om1_1       | startupRole: FOLLOWER
om1_1       | , id: "om3"
om1_1       | address: "om3:9872"
om1_1       | startupRole: FOLLOWER
s3g_1       | 2023-01-06 03:33:30,700 [main] INFO handler.ContextHandler: Started o.e.j.w.WebAppContext@577bfadb{s3gateway,/,file:///tmp/jetty-0_0_0_0-9878-ozone-s3gateway-1_4_0-SNAPSHOT_jar-_-any-8602798281812760946/webapp/,AVAILABLE}{jar:file:/opt/hadoop/share/ozone/lib/ozone-s3gateway-1.4.0-SNAPSHOT.jar!/webapps/s3gateway}
recon_1     | 2023-01-06 03:33:33,847 [Listener at 0.0.0.0/9891] INFO server.Server: jetty-9.4.49.v20220914; built: 2022-09-14T01:07:36.601Z; git: 4231a3b2e4cb8548a412a789936d640a97b1aa0a; jvm 11.0.14.1+1-LTS
datanode_1  | 2023-01-06 03:33:45,526 [EndpointStateMachine task thread for scm1/172.18.0.2:9861 - 0 ] INFO ozoneimpl.OzoneContainer: Scheduled background container scanners and the on-demand container scanner have been disabled.
datanode_1  | 2023-01-06 03:33:45,568 [EndpointStateMachine task thread for scm1/172.18.0.2:9861 - 0 ] INFO replication.ReplicationServer: ReplicationServer is started using port 9886
om2_1       | 2023-01-06 03:35:04,485 [om2-impl-thread1] INFO server.RaftServerConfigKeys: raft.server.log.appender.buffer.byte-limit = 33554432 (custom)
om2_1       | 2023-01-06 03:35:04,549 [om2-impl-thread1] INFO server.RaftServerConfigKeys: raft.server.log.unsafe-flush.enabled = false (default)
scm1_1      | 2023-01-06 03:33:09,339 [main] INFO ha.SCMHANodeDetails: Found matching SCM address with SCMServiceId: scmservice, SCMNodeId: scm1, RPC Address: scm1:9894 and Ratis port: 9894
scm3_1      | STARTUP_MSG:   args = [--bootstrap]
s3g_1       | 2023-01-06 03:33:30,754 [main] INFO server.AbstractConnector: Started ServerConnector@54504ecd{HTTP/1.1, (http/1.1)}{0.0.0.0:9878}
s3g_1       | 2023-01-06 03:33:30,754 [main] INFO server.Server: Started @32558ms
scm2_1      | 	at org.apache.hadoop.ipc.ProtobufRpcEngine$Server.processCall(ProtobufRpcEngine.java:465)
datanode_1  | 2023-01-06 03:33:45,574 [EndpointStateMachine task thread for scm1/172.18.0.2:9861 - 0 ] INFO ratis.XceiverServerRatis: Starting XceiverServerRatis d58c2887-f1c8-4b8a-bdd2-eb98f1753b1d
datanode_1  | 2023-01-06 03:33:45,673 [EndpointStateMachine task thread for scm1/172.18.0.2:9861 - 0 ] INFO server.RaftServer: d58c2887-f1c8-4b8a-bdd2-eb98f1753b1d: start RPC server
datanode_1  | 2023-01-06 03:33:45,694 [EndpointStateMachine task thread for scm2/172.18.0.9:9861 - 0 ] INFO ipc.Client: Retrying connect to server: scm2/172.18.0.9:9861. Already tried 13 time(s); retry policy is RetryUpToMaximumCountWithFixedSleep(maxRetries=15, sleepTime=1000 MILLISECONDS)
om3_1       | 2023-01-06 03:34:54,700 [main] INFO codec.OmKeyInfoCodec: OmKeyInfoCodec ignorePipeline = true
om3_1       | 2023-01-06 03:34:54,702 [main] INFO codec.RepeatedOmKeyInfoCodec: RepeatedOmKeyInfoCodec ignorePipeline = true
om3_1       | 2023-01-06 03:34:55,426 [main] INFO om.OzoneManager: S3 Multi-Tenancy is disabled
scm1_1      | 2023-01-06 03:33:09,339 [main] INFO ha.SCMHANodeDetails: Setting configuration key ozone.scm.address with value of key ozone.scm.address.scmservice.scm1: scm1
recon_1     | 2023-01-06 03:33:33,913 [Listener at 0.0.0.0/9891] INFO server.session: DefaultSessionIdManager workerName=node0
s3g_1       | 2023-01-06 03:33:30,765 [main] INFO impl.MetricsSinkAdapter: Sink prometheus started
s3g_1       | 2023-01-06 03:33:30,765 [main] INFO impl.MetricsSystemImpl: Registered sink prometheus
s3g_1       | 2023-01-06 03:33:30,773 [main] INFO http.BaseHttpServer: HTTP server of s3gateway listening at http://0.0.0.0:9878
datanode_3  | 	at java.base/java.util.concurrent.ThreadPoolExecutor$Worker.run(ThreadPoolExecutor.java:628)
datanode_3  | 	at java.base/java.lang.Thread.run(Thread.java:829)
datanode_3  | Caused by: java.net.ConnectException: Connection refused
datanode_3  | 	at java.base/sun.nio.ch.SocketChannelImpl.checkConnect(Native Method)
datanode_3  | 	at java.base/sun.nio.ch.SocketChannelImpl.finishConnect(SocketChannelImpl.java:777)
scm1_1      | 2023-01-06 03:33:10,785 [main] INFO server.RaftServer: raft.rpc.type = GRPC (default)
recon_1     | 2023-01-06 03:33:33,915 [Listener at 0.0.0.0/9891] INFO server.session: No SessionScavenger set, using defaults
om2_1       | 2023-01-06 03:35:04,551 [om2-impl-thread1] INFO server.RaftServerConfigKeys: raft.server.log.async-flush.enabled = false (default)
om2_1       | 2023-01-06 03:35:04,552 [om2-impl-thread1] INFO server.RaftServerConfigKeys: raft.server.log.statemachine.data.caching.enabled = false (default)
s3g_1       | 2023-01-06 03:42:16,104 [qtp384515747-20] INFO audit.AuditLogger: Refresh DebugCmdSet for S3GAudit to [].
datanode_2  | 	at org.apache.hadoop.ozone.protocolPB.StorageContainerDatanodeProtocolClientSideTranslatorPB.submitRequest(StorageContainerDatanodeProtocolClientSideTranslatorPB.java:117)
datanode_2  | 	at org.apache.hadoop.ozone.protocolPB.StorageContainerDatanodeProtocolClientSideTranslatorPB.getVersion(StorageContainerDatanodeProtocolClientSideTranslatorPB.java:133)
datanode_2  | 	at org.apache.hadoop.ozone.container.common.states.endpoint.VersionEndpointTask.call(VersionEndpointTask.java:69)
datanode_2  | 	at org.apache.hadoop.ozone.container.common.states.endpoint.VersionEndpointTask.call(VersionEndpointTask.java:40)
datanode_2  | 	at java.base/java.util.concurrent.FutureTask.run(FutureTask.java:264)
scm1_1      | 2023-01-06 03:33:11,883 [main] INFO grpc.GrpcConfigKeys: raft.grpc.admin.host = null (fallback to raft.grpc.server.host)
scm3_1      | STARTUP_MSG:   version = 1.4.0-SNAPSHOT
recon_1     | 2023-01-06 03:33:33,917 [Listener at 0.0.0.0/9891] INFO server.session: node0 Scavenging every 660000ms
s3g_1       | 2023-01-06 03:42:16,155 [qtp384515747-20] INFO audit.AuditLogger: Refresh DebugCmdSet for S3GAudit to [].
om3_1       | 2023-01-06 03:34:55,591 [main] INFO om.OzoneManager: Created Volume s3v With Owner hadoop required for S3Gateway operations.
om1_1       | , id: "om2"
om1_1       | address: "om2:9872"
om1_1       | startupRole: FOLLOWER
datanode_1  | 2023-01-06 03:33:45,700 [EndpointStateMachine task thread for scm1/172.18.0.2:9861 - 0 ] INFO server.GrpcService: d58c2887-f1c8-4b8a-bdd2-eb98f1753b1d: GrpcService started, listening on 9858
scm1_1      | 2023-01-06 03:33:11,889 [main] INFO grpc.GrpcConfigKeys: raft.grpc.admin.port = 9894 (fallback to raft.grpc.server.port)
recon_1     | 2023-01-06 03:33:33,941 [Listener at 0.0.0.0/9891] INFO handler.ContextHandler: Started o.e.j.s.ServletContextHandler@10f405ff{logs,/logs,file:///var/log/hadoop/,AVAILABLE}
recon_1     | 2023-01-06 03:33:33,942 [Listener at 0.0.0.0/9891] INFO handler.ContextHandler: Started o.e.j.s.ServletContextHandler@291a4791{static,/static,jar:file:/opt/hadoop/share/ozone/lib/ozone-recon-1.4.0-SNAPSHOT.jar!/webapps/static,AVAILABLE}
recon_1     | 2023-01-06 03:33:37,862 [Listener at 0.0.0.0/9891] INFO handler.ContextHandler: Started o.e.j.w.WebAppContext@4ef10d3b{recon,/,file:///tmp/jetty-0_0_0_0-9888-ozone-recon-1_4_0-SNAPSHOT_jar-_-any-6483821832593042683/webapp/,AVAILABLE}{jar:file:/opt/hadoop/share/ozone/lib/ozone-recon-1.4.0-SNAPSHOT.jar!/webapps/recon}
scm2_1      | 	at org.apache.hadoop.ipc.ProtobufRpcEngine2$Server$ProtoBufRpcInvoker.call(ProtobufRpcEngine2.java:578)
s3g_1       | 2023-01-06 03:42:16,166 [qtp384515747-20] INFO ozone.OmUtils: ozone.om.internal.service.id is not defined, falling back to ozone.om.service.ids to find serviceID for OzoneManager if it is HA enabled cluster
om3_1       | 2023-01-06 03:34:55,797 [main] WARN server.ServerUtils: Storage directory for Ratis is not configured. It is a good idea to map this to an SSD disk. Falling back to ozone.metadata.dirs
om3_1       | 2023-01-06 03:34:55,800 [main] WARN utils.OzoneManagerRatisUtils: ozone.om.ratis.snapshot.dir is not configured. Falling back to ozone.metadata.dirs config
datanode_3  | 	at org.apache.hadoop.net.SocketIOWithTimeout.connect(SocketIOWithTimeout.java:205)
datanode_3  | 	at org.apache.hadoop.net.NetUtils.connect(NetUtils.java:586)
scm1_1      | 2023-01-06 03:33:11,901 [main] INFO grpc.GrpcConfigKeys: raft.grpc.client.host = null (fallback to raft.grpc.server.host)
om2_1       | 2023-01-06 03:35:04,608 [om2-impl-thread1] INFO segmented.SegmentedRaftLogWorker: om2@group-D66704EFC61C-SegmentedRaftLogWorker: flushIndex: setUnconditionally 0 -> -1
recon_1     | 2023-01-06 03:33:37,884 [Listener at 0.0.0.0/9891] INFO server.AbstractConnector: Started ServerConnector@1ee5632d{HTTP/1.1, (http/1.1)}{0.0.0.0:9888}
scm2_1      | 	at org.apache.hadoop.ipc.ProtobufRpcEngine2$Server$ProtoBufRpcInvoker.call(ProtobufRpcEngine2.java:556)
scm2_1      | 	at org.apache.hadoop.ipc.RPC$Server.call(RPC.java:1093)
s3g_1       | 2023-01-06 03:42:16,166 [qtp384515747-20] INFO ozone.OmUtils: Using OzoneManager ServiceID 'omservice'.
datanode_2  | 	at java.base/java.util.concurrent.ThreadPoolExecutor.runWorker(ThreadPoolExecutor.java:1128)
datanode_2  | 	at java.base/java.util.concurrent.ThreadPoolExecutor$Worker.run(ThreadPoolExecutor.java:628)
om3_1       | 2023-01-06 03:34:55,830 [main] INFO snapshot.OzoneManagerSnapshotProvider: Initializing OM Snapshot Provider
om3_1       | 2023-01-06 03:34:56,640 [main] INFO metrics.MetricRegistries: Loaded MetricRegistries class org.apache.ratis.metrics.impl.MetricRegistriesImpl
datanode_1  | 2023-01-06 03:33:45,703 [EndpointStateMachine task thread for scm1/172.18.0.2:9861 - 0 ] INFO server.GrpcService: d58c2887-f1c8-4b8a-bdd2-eb98f1753b1d: GrpcService started, listening on 9856
scm1_1      | 2023-01-06 03:33:11,902 [main] INFO grpc.GrpcConfigKeys: raft.grpc.client.port = 9894 (fallback to raft.grpc.server.port)
recon_1     | 2023-01-06 03:33:37,890 [Listener at 0.0.0.0/9891] INFO server.Server: Started @39634ms
scm2_1      | 	at org.apache.hadoop.ipc.Server$RpcCall.run(Server.java:1043)
scm2_1      | 	at org.apache.hadoop.ipc.Server$RpcCall.run(Server.java:971)
s3g_1       | 2023-01-06 03:42:17,780 [qtp384515747-20] INFO rpc.RpcClient: Creating Bucket: s3v/bucket-ozone-test-6179800379, with server-side default bucket layout, dlfknslnfslf as owner, Versioning false, Storage Type set to DISK and Encryption set to false 
datanode_3  | 	at org.apache.hadoop.ipc.Client$Connection.setupConnection(Client.java:711)
datanode_3  | 	at org.apache.hadoop.ipc.Client$Connection.setupIOstreams(Client.java:833)
datanode_3  | 	at org.apache.hadoop.ipc.Client$Connection.access$3800(Client.java:414)
datanode_3  | 	at org.apache.hadoop.ipc.Client.getConnection(Client.java:1677)
datanode_3  | 	at org.apache.hadoop.ipc.Client.call(Client.java:1502)
scm1_1      | 2023-01-06 03:33:11,910 [main] INFO grpc.GrpcConfigKeys: raft.grpc.server.host = null (default)
recon_1     | 2023-01-06 03:33:37,895 [Listener at 0.0.0.0/9891] INFO impl.MetricsSinkAdapter: Sink prometheus started
scm2_1      | 	at java.base/java.security.AccessController.doPrivileged(Native Method)
scm2_1      | 	at java.base/javax.security.auth.Subject.doAs(Subject.java:423)
scm2_1      | 	at org.apache.hadoop.security.UserGroupInformation.doAs(UserGroupInformation.java:1878)
scm2_1      | 	at org.apache.hadoop.ipc.Server$Handler.run(Server.java:2976)
scm2_1      | , while invoking $Proxy14.send over nodeId=scm1,nodeAddress=scm1/172.18.0.2:9863 after 6 failover attempts. Trying to failover after sleeping for 2000ms.
scm2_1      | 2023-01-06 03:33:45,208 [main] INFO retry.RetryInvocationHandler: com.google.protobuf.ServiceException: java.net.ConnectException: Call From cb9190519baf/172.18.0.9 to scm3:9863 failed on connection exception: java.net.ConnectException: Connection refused; For more details see:  http://wiki.apache.org/hadoop/ConnectionRefused, while invoking $Proxy14.send over nodeId=scm3,nodeAddress=scm3/172.18.0.7:9863 after 7 failover attempts. Trying to failover after sleeping for 2000ms.
scm2_1      | 2023-01-06 03:33:47,271 [main] INFO server.StorageContainerManager: SCM BootStrap  is successful for ClusterID CID-22702e03-29d0-413d-97c1-db2037a6ba0c, SCMID 529f8b1f-a243-44c9-9723-1883cc8f3ad7
scm2_1      | 2023-01-06 03:33:47,271 [main] INFO server.StorageContainerManager: Primary SCM Node ID e7aac016-e09c-4f61-8703-a7105c36936c
scm1_1      | 2023-01-06 03:33:11,921 [main] INFO grpc.GrpcConfigKeys: raft.grpc.server.port = 9894 (custom)
recon_1     | 2023-01-06 03:33:37,896 [Listener at 0.0.0.0/9891] INFO impl.MetricsSystemImpl: Registered sink prometheus
om1_1       | ]
om1_1       | 2023-01-06 03:35:30,289 [OM StateMachine ApplyTransaction Thread - 0] INFO volume.OMVolumeCreateRequest: created volume:80441-without-scheme for user:hadoop
om1_1       | 2023-01-06 03:35:51,603 [OM StateMachine ApplyTransaction Thread - 0] INFO bucket.OMBucketCreateRequest: created bucket: bb1 of layout LEGACY in volume: 80441-without-scheme
om1_1       | 2023-01-06 03:38:34,208 [OM StateMachine ApplyTransaction Thread - 0] INFO volume.OMVolumeCreateRequest: created volume:80441-without-scheme for user:hadoop
datanode_1  | 2023-01-06 03:33:45,705 [EndpointStateMachine task thread for scm1/172.18.0.2:9861 - 0 ] INFO server.GrpcService: d58c2887-f1c8-4b8a-bdd2-eb98f1753b1d: GrpcService started, listening on 9857
s3g_1       | 2023-01-06 03:42:21,361 [qtp384515747-16] INFO rpc.RpcClient: Creating Bucket: s3v/bucket-ozone-test-5877102778, with server-side default bucket layout, dlfknslnfslf as owner, Versioning false, Storage Type set to DISK and Encryption set to false 
scm2_1      | 2023-01-06 03:33:47,289 [shutdown-hook-0] INFO server.StorageContainerManagerStarter: SHUTDOWN_MSG: 
scm2_1      | /************************************************************
scm1_1      | 2023-01-06 03:33:11,929 [main] INFO server.GrpcService: raft.grpc.message.size.max = 32m (=33554432) (custom)
recon_1     | 2023-01-06 03:33:37,898 [Listener at 0.0.0.0/9891] INFO http.BaseHttpServer: HTTP server of recon listening at http://0.0.0.0:9888
datanode_2  | 	at java.base/java.lang.Thread.run(Thread.java:829)
datanode_2  | Caused by: java.net.SocketTimeoutException: 5000 millis timeout while waiting for channel to be ready for read. ch : java.nio.channels.SocketChannel[connected local=/172.18.0.10:45960 remote=scm1/172.18.0.2:9861]
om3_1       | 2023-01-06 03:34:56,753 [main] WARN server.ServerUtils: Storage directory for Ratis is not configured. It is a good idea to map this to an SSD disk. Falling back to ozone.metadata.dirs
om3_1       | 2023-01-06 03:34:56,892 [main] INFO ratis.OzoneManagerRatisServer: Instantiating OM Ratis server with groupID: omservice and peers: om3:9872, om1:9872, om2:9872
om3_1       | 2023-01-06 03:34:56,917 [main] INFO ratis.OzoneManagerStateMachine: LastAppliedIndex is set from TransactionInfo from OM DB as (t:0, i:~)
datanode_1  | 2023-01-06 03:33:45,712 [EndpointStateMachine task thread for scm3/172.18.0.7:9861 - 0 ] INFO ipc.Client: Retrying connect to server: scm3/172.18.0.7:9861. Already tried 13 time(s); retry policy is RetryUpToMaximumCountWithFixedSleep(maxRetries=15, sleepTime=1000 MILLISECONDS)
datanode_1  | 2023-01-06 03:33:45,731 [JvmPauseMonitor0] INFO util.JvmPauseMonitor: JvmPauseMonitor-d58c2887-f1c8-4b8a-bdd2-eb98f1753b1d: Started
datanode_1  | 2023-01-06 03:33:45,733 [EndpointStateMachine task thread for scm1/172.18.0.2:9861 - 0 ] INFO ratis.XceiverServerRatis: XceiverServerRatis d58c2887-f1c8-4b8a-bdd2-eb98f1753b1d is started using port 9858 for RATIS
scm1_1      | 2023-01-06 03:33:11,964 [main] INFO server.RaftServerConfigKeys: raft.server.log.appender.buffer.byte-limit = 33554432 (custom)
recon_1     | 2023-01-06 03:33:37,898 [Listener at 0.0.0.0/9891] INFO impl.OzoneManagerServiceProviderImpl: Starting Ozone Manager Service Provider.
datanode_2  | 	at org.apache.hadoop.net.SocketIOWithTimeout.doIO(SocketIOWithTimeout.java:163)
s3g_1       | 2023-01-06 03:42:22,426 [qtp384515747-23] WARN impl.MetricsSystemImpl: S3Gateway metrics system already initialized!
s3g_1       | 2023-01-06 03:42:22,745 [qtp384515747-23] INFO metrics.MetricRegistries: Loaded MetricRegistries class org.apache.ratis.metrics.impl.MetricRegistriesImpl
s3g_1       | 2023-01-06 03:42:32,745 [qtp384515747-19] INFO rpc.RpcClient: Creating Bucket: s3v/bucket-ozone-test-0789346455, with server-side default bucket layout, dlfknslnfslf as owner, Versioning false, Storage Type set to DISK and Encryption set to false 
om3_1       | 2023-01-06 03:34:57,039 [main] INFO server.RaftServer: raft.rpc.type = GRPC (default)
om3_1       | 2023-01-06 03:34:57,394 [main] INFO grpc.GrpcConfigKeys: raft.grpc.admin.host = null (fallback to raft.grpc.server.host)
om3_1       | 2023-01-06 03:34:57,406 [main] INFO grpc.GrpcConfigKeys: raft.grpc.admin.port = 9872 (fallback to raft.grpc.server.port)
om3_1       | 2023-01-06 03:34:57,407 [main] INFO grpc.GrpcConfigKeys: raft.grpc.client.host = null (fallback to raft.grpc.server.host)
scm1_1      | 2023-01-06 03:33:11,973 [main] INFO server.GrpcService: raft.grpc.flow.control.window = 1MB (=1048576) (default)
om2_1       | 2023-01-06 03:35:04,610 [om2-impl-thread1] INFO segmented.SegmentedRaftLogWorker: om2@group-D66704EFC61C-SegmentedRaftLogWorker: safeCacheEvictIndex: setUnconditionally 0 -> -1
recon_1     | 2023-01-06 03:33:37,916 [Listener at 0.0.0.0/9891] INFO impl.OzoneManagerServiceProviderImpl: Registered OmDeltaRequest task 
s3g_1       | 2023-01-06 03:42:33,444 [qtp384515747-19] INFO rpc.RpcClient: Creating Bucket: s3v/ozone-test-whsuwohgnb, with server-side default bucket layout, dlfknslnfslf as owner, Versioning false, Storage Type set to DISK and Encryption set to false 
om3_1       | 2023-01-06 03:34:57,408 [main] INFO grpc.GrpcConfigKeys: raft.grpc.client.port = 9872 (fallback to raft.grpc.server.port)
datanode_3  | 	... 12 more
om1_1       | 2023-01-06 03:38:45,959 [OM StateMachine ApplyTransaction Thread - 0] INFO bucket.OMBucketCreateRequest: created bucket: bb1 of layout LEGACY in volume: 80441-without-scheme
om1_1       | 2023-01-06 03:39:13,495 [OM StateMachine ApplyTransaction Thread - 0] INFO volume.OMVolumeCreateRequest: created volume:93729-source for user:hadoop
om1_1       | 2023-01-06 03:39:17,451 [OM StateMachine ApplyTransaction Thread - 0] INFO volume.OMVolumeCreateRequest: created volume:93729-target for user:hadoop
scm1_1      | 2023-01-06 03:33:11,976 [main] INFO server.RaftServerConfigKeys: raft.server.rpc.request.timeout = 30000ms (custom)
om2_1       | 2023-01-06 03:35:04,638 [om2-impl-thread1] INFO server.RaftServer$Division: om2@group-D66704EFC61C: start as a follower, conf=-1: peers:[om1|rpc:om1:9872|priority:0|startupRole:FOLLOWER, om3|rpc:om3:9872|priority:0|startupRole:FOLLOWER, om2|rpc:om2:9872|priority:0|startupRole:FOLLOWER]|listeners:[], old=null
recon_1     | 2023-01-06 03:33:37,948 [Listener at 0.0.0.0/9891] INFO impl.OzoneManagerServiceProviderImpl: Registered OmSnapshotRequest task 
s3g_1       | 2023-01-06 03:42:36,085 [qtp384515747-18] INFO rpc.RpcClient: Creating Bucket: s3v/bucket-jnqwahsoqt, with server-side default bucket layout, dlfknslnfslf as owner, Versioning false, Storage Type set to DISK and Encryption set to false 
om3_1       | 2023-01-06 03:34:57,408 [main] INFO grpc.GrpcConfigKeys: raft.grpc.server.host = null (default)
datanode_3  | 2023-01-06 03:33:47,390 [EndpointStateMachine task thread for scm3/172.18.0.7:9861 - 0 ] INFO ipc.Client: Retrying connect to server: scm3/172.18.0.7:9861. Already tried 14 time(s); retry policy is RetryUpToMaximumCountWithFixedSleep(maxRetries=15, sleepTime=1000 MILLISECONDS)
datanode_3  | 2023-01-06 03:33:47,390 [EndpointStateMachine task thread for scm3/172.18.0.7:9861 - 0 ] WARN statemachine.EndpointStateMachine: Unable to communicate to SCM server at scm3:9861 for past 0 seconds.
datanode_3  | java.net.ConnectException: Call From fe869be49d42/172.18.0.4 to scm3:9861 failed on connection exception: java.net.ConnectException: Connection refused; For more details see:  http://wiki.apache.org/hadoop/ConnectionRefused
om1_1       | 2023-01-06 03:39:21,162 [OM StateMachine ApplyTransaction Thread - 0] INFO bucket.OMBucketCreateRequest: created bucket: dangling-link of layout LEGACY in volume: 93729-target
scm1_1      | 2023-01-06 03:33:12,174 [main] INFO grpc.GrpcConfigKeys: raft.grpc.server.heartbeat.channel = true (default)
om2_1       | 2023-01-06 03:35:04,638 [om2-impl-thread1] INFO server.RaftServer$Division: om2@group-D66704EFC61C: changes role from      null to FOLLOWER at term 0 for startAsFollower
recon_1     | 2023-01-06 03:33:37,948 [Listener at 0.0.0.0/9891] INFO recovery.ReconOmMetadataManagerImpl: Starting ReconOMMetadataManagerImpl
recon_1     | 2023-01-06 03:33:37,949 [Listener at 0.0.0.0/9891] WARN recon.ReconUtils: ozone.recon.om.db.dir is not configured. We recommend adding this setting. Falling back to ozone.metadata.dirs instead.
datanode_2  | 	at org.apache.hadoop.net.SocketInputStream.read(SocketInputStream.java:161)
s3g_1       | 2023-01-06 03:42:42,780 [qtp384515747-22] INFO rpc.RpcClient: Creating Bucket: s3v/bucket-ozone-test-4239536111, with server-side default bucket layout, dlfknslnfslf as owner, Versioning false, Storage Type set to DISK and Encryption set to false 
s3g_1       | 2023-01-06 03:42:43,609 [qtp384515747-18] INFO rpc.RpcClient: Creating Bucket: s3v/bucket-ozone-test-8414900825, with server-side default bucket layout, dlfknslnfslf as owner, Versioning false, Storage Type set to DISK and Encryption set to false 
s3g_1       | 2023-01-06 03:42:44,514 [qtp384515747-18] INFO rpc.RpcClient: Creating Bucket: s3v/bucket-ozone-test-4503968568, with server-side default bucket layout, dlfknslnfslf as owner, Versioning false, Storage Type set to DISK and Encryption set to false 
