s3g_1       | 	at org.glassfish.jersey.ext.cdi1x.internal.CdiUtil.getBeanReference(CdiUtil.java:129)
s3g_1       | 	at org.glassfish.jersey.ext.cdi1x.internal.AbstractCdiBeanSupplier$1.getInstance(AbstractCdiBeanSupplier.java:72)
s3g_1       | 	at org.glassfish.jersey.ext.cdi1x.internal.AbstractCdiBeanSupplier._provide(AbstractCdiBeanSupplier.java:112)
s3g_1       | 	at org.glassfish.jersey.ext.cdi1x.internal.RequestScopedCdiBeanSupplier.get(RequestScopedCdiBeanSupplier.java:46)
scm3_1      | 2023-01-06 03:34:06,537 [main] INFO grpc.GrpcConfigKeys: raft.grpc.admin.host = null (fallback to raft.grpc.server.host)
datanode_2  | 	at java.base/java.util.concurrent.ThreadPoolExecutor.runWorker(ThreadPoolExecutor.java:1128)
datanode_2  | 	at java.base/java.util.concurrent.ThreadPoolExecutor$Worker.run(ThreadPoolExecutor.java:628)
datanode_2  | 	at java.base/java.lang.Thread.run(Thread.java:829)
datanode_2  | Caused by: java.net.ConnectException: Connection refused
om1_1       | 2023-01-06 03:42:17,815 [OM StateMachine ApplyTransaction Thread - 0] INFO bucket.OMBucketCreateRequest: created bucket: bucket-ozone-test-6179800379 of layout LEGACY in volume: s3v
om1_1       | 2023-01-06 03:42:21,393 [OM StateMachine ApplyTransaction Thread - 0] INFO bucket.OMBucketCreateRequest: created bucket: bucket-ozone-test-5877102778 of layout LEGACY in volume: s3v
om1_1       | 2023-01-06 03:42:32,759 [OM StateMachine ApplyTransaction Thread - 0] INFO bucket.OMBucketCreateRequest: created bucket: bucket-ozone-test-0789346455 of layout LEGACY in volume: s3v
scm2_1      | 2023-01-06 03:33:51,723 [main] INFO netty.NettyConfigKeys$DataStream: raft.netty.dataStream.server.use-epoll = false (default)
scm2_1      | 2023-01-06 03:33:51,724 [main] INFO netty.NettyConfigKeys$DataStream: raft.netty.dataStream.server.boss-group.size = 0 (default)
scm2_1      | 2023-01-06 03:33:51,730 [main] INFO netty.NettyConfigKeys$DataStream: raft.netty.dataStream.server.worker-group.size = 0 (default)
scm1_1      | 2023-01-06 03:33:19,538 [pool-2-thread-1] INFO server.RaftServerConfigKeys: raft.server.threadpool.server.cached = true (default)
scm3_1      | 2023-01-06 03:34:06,538 [main] INFO grpc.GrpcConfigKeys: raft.grpc.admin.port = 9894 (fallback to raft.grpc.server.port)
datanode_3  | 2023-01-06 03:33:52,406 [EndpointStateMachine task thread for scm3/172.18.0.7:9861 - 0 ] INFO ipc.Client: Retrying connect to server: scm3/172.18.0.7:9861. Already tried 4 time(s); retry policy is RetryUpToMaximumCountWithFixedSleep(maxRetries=15, sleepTime=1000 MILLISECONDS)
datanode_3  | 2023-01-06 03:33:53,391 [EndpointStateMachine task thread for scm2/172.18.0.9:9861 - 0 ] INFO ipc.Client: Retrying connect to server: scm2/172.18.0.9:9861. Already tried 5 time(s); retry policy is RetryUpToMaximumCountWithFixedSleep(maxRetries=15, sleepTime=1000 MILLISECONDS)
datanode_3  | 2023-01-06 03:33:53,407 [EndpointStateMachine task thread for scm3/172.18.0.7:9861 - 0 ] INFO ipc.Client: Retrying connect to server: scm3/172.18.0.7:9861. Already tried 5 time(s); retry policy is RetryUpToMaximumCountWithFixedSleep(maxRetries=15, sleepTime=1000 MILLISECONDS)
scm2_1      | 2023-01-06 03:33:51,731 [main] INFO netty.NettyConfigKeys$DataStream: raft.netty.dataStream.server.tls.conf = null (default)
scm2_1      | 2023-01-06 03:33:51,733 [main] INFO netty.NettyConfigKeys$DataStream: raft.netty.dataStream.host = null (default)
scm2_1      | 2023-01-06 03:33:51,734 [main] INFO netty.NettyConfigKeys$DataStream: raft.netty.dataStream.port = 0 (default)
scm2_1      | 2023-01-06 03:33:51,786 [main] INFO server.RaftServerConfigKeys: raft.server.threadpool.proxy.cached = true (default)
scm2_1      | 2023-01-06 03:33:51,786 [main] INFO server.RaftServerConfigKeys: raft.server.threadpool.proxy.size = 0 (default)
scm1_1      | 2023-01-06 03:33:19,539 [pool-2-thread-1] INFO server.RaftServerConfigKeys: raft.server.threadpool.server.size = 0 (default)
om3_1       | 2023-01-06 03:35:00,187 [pool-26-thread-1] INFO server.RaftServerConfigKeys: raft.server.notification.no-leader.timeout = 120s (custom)
om3_1       | 2023-01-06 03:35:00,313 [pool-26-thread-1] INFO server.RaftServerConfigKeys: raft.server.retrycache.expirytime = 300s (custom)
om3_1       | 2023-01-06 03:35:00,313 [pool-26-thread-1] INFO server.RaftServerConfigKeys: raft.server.retrycache.statistics.expirytime = 100?s (default)
scm1_1      | 2023-01-06 03:33:19,540 [pool-2-thread-1] INFO server.RaftServerConfigKeys: raft.server.threadpool.client.cached = true (default)
datanode_2  | 	at java.base/sun.nio.ch.SocketChannelImpl.checkConnect(Native Method)
datanode_3  | 2023-01-06 03:33:54,392 [EndpointStateMachine task thread for scm2/172.18.0.9:9861 - 0 ] INFO ipc.Client: Retrying connect to server: scm2/172.18.0.9:9861. Already tried 6 time(s); retry policy is RetryUpToMaximumCountWithFixedSleep(maxRetries=15, sleepTime=1000 MILLISECONDS)
om3_1       | 2023-01-06 03:35:00,925 [pool-26-thread-1] INFO server.RaftServerConfigKeys: raft.server.log.appender.install.snapshot.enabled = false (custom)
om3_1       | 2023-01-06 03:35:00,930 [pool-26-thread-1] INFO server.RaftServerConfigKeys: raft.server.threadpool.server.cached = true (default)
recon_1     | 2023-01-06 03:33:50,649 [PipelineSyncTask] INFO scm.PipelineSyncTask: Pipeline sync Thread took 23 milliseconds.
recon_1     | 2023-01-06 03:33:50,820 [ContainerHealthTask] INFO fsck.ContainerHealthTask: Container Health task thread took 157 milliseconds to process 0 existing database records.
recon_1     | 2023-01-06 03:33:50,858 [ContainerHealthTask] INFO fsck.ContainerHealthTask: Container Health task thread took 38 milliseconds for processing 0 containers.
recon_1     | 2023-01-06 03:33:51,062 [IPC Server handler 4 on default port 9891] WARN ipc.Server: IPC Server handler 4 on default port 9891, call Call#4 Retry#0 org.apache.hadoop.ozone.protocol.ReconDatanodeProtocol.submitRequest from 172.18.0.10:40192: output error
recon_1     | 2023-01-06 03:33:51,064 [IPC Server handler 6 on default port 9891] WARN ipc.Server: IPC Server handler 6 on default port 9891, call Call#1 Retry#0 org.apache.hadoop.ozone.protocol.ReconDatanodeProtocol.submitRequest from 172.18.0.4:45650: output error
recon_1     | 2023-01-06 03:33:51,064 [IPC Server handler 5 on default port 9891] WARN ipc.Server: IPC Server handler 5 on default port 9891, call Call#5 Retry#0 org.apache.hadoop.ozone.protocol.ReconDatanodeProtocol.submitRequest from 172.18.0.10:50054: output error
datanode_1  | Caused by: java.net.ConnectException: Connection refused
datanode_1  | 	at java.base/sun.nio.ch.SocketChannelImpl.checkConnect(Native Method)
datanode_3  | 2023-01-06 03:33:54,408 [EndpointStateMachine task thread for scm3/172.18.0.7:9861 - 0 ] INFO ipc.Client: Retrying connect to server: scm3/172.18.0.7:9861. Already tried 6 time(s); retry policy is RetryUpToMaximumCountWithFixedSleep(maxRetries=15, sleepTime=1000 MILLISECONDS)
datanode_1  | 	at java.base/sun.nio.ch.SocketChannelImpl.finishConnect(SocketChannelImpl.java:777)
scm1_1      | 2023-01-06 03:33:19,540 [pool-2-thread-1] INFO server.RaftServerConfigKeys: raft.server.threadpool.client.size = 0 (default)
scm2_1      | 2023-01-06 03:33:51,787 [main] INFO server.RaftServerConfigKeys: raft.server.rpc.slowness.timeout = 120000ms (custom)
scm2_1      | 2023-01-06 03:33:51,787 [main] INFO server.RaftServerConfigKeys: raft.server.leaderelection.leader.step-down.wait-time = 10s (default)
scm2_1      | 2023-01-06 03:33:51,791 [main] INFO server.RaftServerConfigKeys: raft.server.storage.dir = [/data/metadata/scm-ha] (custom)
scm2_1      | 2023-01-06 03:33:51,815 [main] INFO server.RaftServer: 529f8b1f-a243-44c9-9723-1883cc8f3ad7: addNew group-DB2037A6BA0C:[] returns group-DB2037A6BA0C:java.util.concurrent.CompletableFuture@3f4cd155[Not completed]
scm2_1      | 2023-01-06 03:33:51,836 [529f8b1f-a243-44c9-9723-1883cc8f3ad7-NettyServerStreamRpc-bossGroup--thread1] INFO logging.LoggingHandler: [id: 0x963f8cb8] REGISTERED
scm2_1      | 2023-01-06 03:33:51,844 [529f8b1f-a243-44c9-9723-1883cc8f3ad7-NettyServerStreamRpc-bossGroup--thread1] INFO logging.LoggingHandler: [id: 0x963f8cb8] BIND: 0.0.0.0/0.0.0.0:0
scm2_1      | 2023-01-06 03:33:51,846 [529f8b1f-a243-44c9-9723-1883cc8f3ad7-NettyServerStreamRpc-bossGroup--thread1] INFO logging.LoggingHandler: [id: 0x963f8cb8, L:/0.0.0.0:34409] ACTIVE
recon_1     | 2023-01-06 03:33:51,064 [IPC Server handler 11 on default port 9891] WARN ipc.Server: IPC Server handler 11 on default port 9891, call Call#4 Retry#0 org.apache.hadoop.ozone.protocol.ReconDatanodeProtocol.submitRequest from 172.18.0.11:38032: output error
datanode_3  | 2023-01-06 03:33:55,394 [EndpointStateMachine task thread for scm2/172.18.0.9:9861 - 0 ] INFO ipc.Client: Retrying connect to server: scm2/172.18.0.9:9861. Already tried 7 time(s); retry policy is RetryUpToMaximumCountWithFixedSleep(maxRetries=15, sleepTime=1000 MILLISECONDS)
datanode_1  | 	at org.apache.hadoop.net.SocketIOWithTimeout.connect(SocketIOWithTimeout.java:205)
scm1_1      | 2023-01-06 03:33:19,541 [e7aac016-e09c-4f61-8703-a7105c36936c-impl-thread1] INFO storage.RaftStorageDirectory: The storage directory /data/metadata/scm-ha/22702e03-29d0-413d-97c1-db2037a6ba0c does not exist. Creating ...
om1_1       | 2023-01-06 03:42:33,461 [OM StateMachine ApplyTransaction Thread - 0] INFO bucket.OMBucketCreateRequest: created bucket: ozone-test-whsuwohgnb of layout LEGACY in volume: s3v
s3g_1       | 	at org.glassfish.jersey.inject.hk2.InstanceSupplierFactoryBridge.provide(InstanceSupplierFactoryBridge.java:53)
s3g_1       | 	at org.jvnet.hk2.internal.FactoryCreator.create(FactoryCreator.java:129)
s3g_1       | 	at org.jvnet.hk2.internal.SystemDescriptor.create(SystemDescriptor.java:463)
s3g_1       | 	at org.jvnet.hk2.internal.PerLookupContext.findOrCreate(PerLookupContext.java:46)
s3g_1       | 	at org.jvnet.hk2.internal.Utilities.createService(Utilities.java:2102)
s3g_1       | 	at org.jvnet.hk2.internal.ServiceLocatorImpl.internalGetService(ServiceLocatorImpl.java:758)
s3g_1       | 	at org.jvnet.hk2.internal.ServiceLocatorImpl.internalGetService(ServiceLocatorImpl.java:721)
s3g_1       | 	at org.jvnet.hk2.internal.ServiceLocatorImpl.getService(ServiceLocatorImpl.java:691)
s3g_1       | 	at org.glassfish.jersey.inject.hk2.AbstractHk2InjectionManager.getInstance(AbstractHk2InjectionManager.java:160)
datanode_3  | 2023-01-06 03:33:55,409 [EndpointStateMachine task thread for scm3/172.18.0.7:9861 - 0 ] INFO ipc.Client: Retrying connect to server: scm3/172.18.0.7:9861. Already tried 7 time(s); retry policy is RetryUpToMaximumCountWithFixedSleep(maxRetries=15, sleepTime=1000 MILLISECONDS)
datanode_3  | 2023-01-06 03:33:56,410 [EndpointStateMachine task thread for scm3/172.18.0.7:9861 - 0 ] INFO ipc.Client: Retrying connect to server: scm3/172.18.0.7:9861. Already tried 8 time(s); retry policy is RetryUpToMaximumCountWithFixedSleep(maxRetries=15, sleepTime=1000 MILLISECONDS)
om1_1       | 2023-01-06 03:42:36,101 [OM StateMachine ApplyTransaction Thread - 0] INFO bucket.OMBucketCreateRequest: created bucket: bucket-jnqwahsoqt of layout LEGACY in volume: s3v
scm1_1      | 2023-01-06 03:33:19,564 [e7aac016-e09c-4f61-8703-a7105c36936c-impl-thread1] INFO storage.RaftStorageDirectory: Lock on /data/metadata/scm-ha/22702e03-29d0-413d-97c1-db2037a6ba0c/in_use.lock acquired by nodename 14@a785c6a2df18
scm1_1      | 2023-01-06 03:33:19,623 [e7aac016-e09c-4f61-8703-a7105c36936c-impl-thread1] INFO storage.RaftStorage: Storage directory /data/metadata/scm-ha/22702e03-29d0-413d-97c1-db2037a6ba0c has been successfully formatted.
scm1_1      | 2023-01-06 03:33:19,702 [e7aac016-e09c-4f61-8703-a7105c36936c-impl-thread1] INFO server.RaftServerConfigKeys: raft.server.log.use.memory = false (default)
scm1_1      | 2023-01-06 03:33:19,756 [e7aac016-e09c-4f61-8703-a7105c36936c-impl-thread1] INFO server.RaftServerConfigKeys: raft.server.log.purge.gap = 1000000 (custom)
om1_1       | 2023-01-06 03:42:42,805 [OM StateMachine ApplyTransaction Thread - 0] INFO bucket.OMBucketCreateRequest: created bucket: bucket-ozone-test-4239536111 of layout LEGACY in volume: s3v
datanode_3  | 2023-01-06 03:33:57,411 [EndpointStateMachine task thread for scm3/172.18.0.7:9861 - 0 ] INFO ipc.Client: Retrying connect to server: scm3/172.18.0.7:9861. Already tried 9 time(s); retry policy is RetryUpToMaximumCountWithFixedSleep(maxRetries=15, sleepTime=1000 MILLISECONDS)
om2_1       | 2023-01-06 03:35:11,765 [om2@group-D66704EFC61C-FollowerState] INFO server.RaftServerConfigKeys: raft.server.rpc.first-election.timeout.min = 5s (fallback to raft.server.rpc.timeout.min)
scm1_1      | 2023-01-06 03:33:19,776 [e7aac016-e09c-4f61-8703-a7105c36936c-impl-thread1] INFO server.RaftServerConfigKeys: raft.server.log.appender.buffer.byte-limit = 33554432 (custom)
om1_1       | 2023-01-06 03:42:43,647 [OM StateMachine ApplyTransaction Thread - 0] INFO bucket.OMBucketCreateRequest: created bucket: bucket-ozone-test-8414900825 of layout LEGACY in volume: s3v
datanode_3  | 2023-01-06 03:33:58,412 [EndpointStateMachine task thread for scm3/172.18.0.7:9861 - 0 ] INFO ipc.Client: Retrying connect to server: scm3/172.18.0.7:9861. Already tried 10 time(s); retry policy is RetryUpToMaximumCountWithFixedSleep(maxRetries=15, sleepTime=1000 MILLISECONDS)
datanode_2  | 	at java.base/sun.nio.ch.SocketChannelImpl.finishConnect(SocketChannelImpl.java:777)
datanode_2  | 	at org.apache.hadoop.net.SocketIOWithTimeout.connect(SocketIOWithTimeout.java:205)
datanode_2  | 	at org.apache.hadoop.net.NetUtils.connect(NetUtils.java:586)
datanode_2  | 	at org.apache.hadoop.ipc.Client$Connection.setupConnection(Client.java:711)
recon_1     | 2023-01-06 03:33:51,064 [IPC Server handler 1 on default port 9891] WARN ipc.Server: IPC Server handler 1 on default port 9891, call Call#5 Retry#0 org.apache.hadoop.ozone.protocol.ReconDatanodeProtocol.submitRequest from 172.18.0.11:33926: output error
recon_1     | 2023-01-06 03:33:51,063 [IPC Server handler 3 on default port 9891] WARN ipc.Server: IPC Server handler 3 on default port 9891, call Call#4 Retry#0 org.apache.hadoop.ozone.protocol.ReconDatanodeProtocol.submitRequest from 172.18.0.4:45666: output error
om2_1       | 2023-01-06 03:35:11,765 [om2@group-D66704EFC61C-FollowerState] INFO server.RaftServerConfigKeys: raft.server.rpc.first-election.timeout.max = 5200ms (fallback to raft.server.rpc.timeout.max)
s3g_1       | 	at org.glassfish.jersey.inject.hk2.ImmediateHk2InjectionManager.getInstance(ImmediateHk2InjectionManager.java:30)
scm1_1      | 2023-01-06 03:33:19,777 [e7aac016-e09c-4f61-8703-a7105c36936c-impl-thread1] INFO server.RaftServerConfigKeys: raft.server.log.statemachine.data.read.timeout = 1000ms (default)
om1_1       | 2023-01-06 03:42:44,527 [OM StateMachine ApplyTransaction Thread - 0] INFO bucket.OMBucketCreateRequest: created bucket: bucket-ozone-test-4503968568 of layout LEGACY in volume: s3v
om1_1       | 2023-01-06 03:42:45,341 [OM StateMachine ApplyTransaction Thread - 0] ERROR bucket.OMBucketCreateRequest: Bucket creation failed for bucket:bucket-ozone-test-4503968568 in volume:s3v
scm2_1      | 2023-01-06 03:33:51,858 [pool-16-thread-1] INFO server.RaftServer$Division: 529f8b1f-a243-44c9-9723-1883cc8f3ad7: new RaftServerImpl for group-DB2037A6BA0C:[] with SCMStateMachine:uninitialized
scm2_1      | 2023-01-06 03:33:51,860 [pool-16-thread-1] INFO server.RaftServerConfigKeys: raft.server.rpc.timeout.min = 5000ms (custom)
scm2_1      | 2023-01-06 03:33:51,861 [pool-16-thread-1] INFO server.RaftServerConfigKeys: raft.server.rpc.timeout.max = 5200ms (custom)
scm2_1      | 2023-01-06 03:33:51,861 [pool-16-thread-1] INFO server.RaftServerConfigKeys: raft.server.rpc.sleep.time = 25ms (default)
scm2_1      | 2023-01-06 03:33:51,862 [pool-16-thread-1] INFO server.RaftServerConfigKeys: raft.server.rpc.slowness.timeout = 120000ms (custom)
scm2_1      | 2023-01-06 03:33:51,862 [pool-16-thread-1] INFO server.RaftServerConfigKeys: raft.server.leaderelection.leader.step-down.wait-time = 10s (default)
scm2_1      | 2023-01-06 03:33:51,862 [pool-16-thread-1] INFO server.RaftServerConfigKeys: raft.server.sleep.deviation.threshold = 300ms (default)
s3g_1       | 	at org.glassfish.jersey.internal.inject.Injections.getOrCreate(Injections.java:105)
scm1_1      | 2023-01-06 03:33:19,828 [e7aac016-e09c-4f61-8703-a7105c36936c-impl-thread1] INFO server.RaftServerConfigKeys: raft.server.log.purge.preservation.log.num = 0 (default)
om1_1       | BUCKET_ALREADY_EXISTS org.apache.hadoop.ozone.om.exceptions.OMException: Bucket already exist
datanode_3  | 2023-01-06 03:33:59,413 [EndpointStateMachine task thread for scm3/172.18.0.7:9861 - 0 ] INFO ipc.Client: Retrying connect to server: scm3/172.18.0.7:9861. Already tried 11 time(s); retry policy is RetryUpToMaximumCountWithFixedSleep(maxRetries=15, sleepTime=1000 MILLISECONDS)
scm2_1      | 2023-01-06 03:33:51,871 [pool-16-thread-1] INFO server.RaftServer$Division: 529f8b1f-a243-44c9-9723-1883cc8f3ad7@group-DB2037A6BA0C: ConfigurationManager, init=-1: peers:[]|listeners:[], old=null, confs=<EMPTY_MAP>
scm2_1      | 2023-01-06 03:33:51,872 [pool-16-thread-1] INFO server.RaftServerConfigKeys: raft.server.storage.dir = [/data/metadata/scm-ha] (custom)
scm2_1      | 2023-01-06 03:33:51,877 [pool-16-thread-1] INFO server.RaftServerConfigKeys: raft.server.log.corruption.policy = EXCEPTION (default)
scm3_1      | 2023-01-06 03:34:06,539 [main] INFO grpc.GrpcConfigKeys: raft.grpc.client.host = null (fallback to raft.grpc.server.host)
recon_1     | 2023-01-06 03:33:51,068 [IPC Server handler 9 on default port 9891] WARN ipc.Server: IPC Server handler 9 on default port 9891, call Call#2 Retry#0 org.apache.hadoop.ozone.protocol.ReconDatanodeProtocol.submitRequest from 172.18.0.11:38022: output error
recon_1     | 2023-01-06 03:33:51,068 [IPC Server handler 4 on default port 9891] INFO ipc.Server: IPC Server handler 4 on default port 9891 caught an exception
recon_1     | java.nio.channels.ClosedChannelException
om3_1       | 2023-01-06 03:35:00,933 [pool-26-thread-1] INFO server.RaftServerConfigKeys: raft.server.threadpool.server.size = 0 (default)
om2_1       | 2023-01-06 03:35:16,780 [om2@group-D66704EFC61C-FollowerState] INFO impl.FollowerState: om2@group-D66704EFC61C-FollowerState: change to CANDIDATE, lastRpcElapsedTime:5037633951ns, electionTimeout:5014ms
om1_1       | 	at org.apache.hadoop.ozone.om.request.bucket.OMBucketCreateRequest.validateAndUpdateCache(OMBucketCreateRequest.java:206)
scm2_1      | 2023-01-06 03:33:51,878 [pool-16-thread-1] INFO server.RaftServerConfigKeys: raft.server.storage.free-space.min = 0MB (=0) (default)
scm2_1      | 2023-01-06 03:33:51,887 [pool-16-thread-1] INFO server.RaftServerConfigKeys: raft.server.notification.no-leader.timeout = 60s (default)
scm2_1      | 2023-01-06 03:33:51,891 [pool-16-thread-1] INFO server.RaftServerConfigKeys: raft.server.retrycache.expirytime = 60000ms (default)
scm2_1      | 2023-01-06 03:33:51,892 [pool-16-thread-1] INFO server.RaftServerConfigKeys: raft.server.retrycache.statistics.expirytime = 100?s (default)
scm2_1      | 2023-01-06 03:33:51,934 [pool-16-thread-1] INFO server.RaftServerConfigKeys: raft.server.log.appender.install.snapshot.enabled = false (custom)
datanode_2  | 	at org.apache.hadoop.ipc.Client$Connection.setupIOstreams(Client.java:833)
om2_1       | 2023-01-06 03:35:16,780 [om2@group-D66704EFC61C-FollowerState] INFO impl.RoleInfo: om2: shutdown om2@group-D66704EFC61C-FollowerState
om2_1       | 2023-01-06 03:35:16,781 [om2@group-D66704EFC61C-FollowerState] INFO server.RaftServer$Division: om2@group-D66704EFC61C: changes role from  FOLLOWER to CANDIDATE at term 1 for changeToCandidate
om1_1       | 	at org.apache.hadoop.ozone.protocolPB.OzoneManagerRequestHandler.handleWriteRequest(OzoneManagerRequestHandler.java:311)
scm3_1      | 2023-01-06 03:34:06,539 [main] INFO grpc.GrpcConfigKeys: raft.grpc.client.port = 9894 (fallback to raft.grpc.server.port)
scm3_1      | 2023-01-06 03:34:06,539 [main] INFO grpc.GrpcConfigKeys: raft.grpc.server.host = null (default)
om3_1       | 2023-01-06 03:35:00,937 [pool-26-thread-1] INFO server.RaftServerConfigKeys: raft.server.threadpool.client.cached = true (default)
om3_1       | 2023-01-06 03:35:00,940 [pool-26-thread-1] INFO server.RaftServerConfigKeys: raft.server.threadpool.client.size = 0 (default)
om3_1       | 2023-01-06 03:35:02,060 [main] INFO reflections.Reflections: Reflections took 1931 ms to scan 8 urls, producing 23 keys and 540 values [using 2 cores]
om3_1       | 2023-01-06 03:35:02,624 [main] INFO ipc.CallQueueManager: Using callQueue: class java.util.concurrent.LinkedBlockingQueue, queueCapacity: 10000, scheduler: class org.apache.hadoop.ipc.DefaultRpcScheduler, ipcBackoff: false.
datanode_3  | 2023-01-06 03:34:00,415 [EndpointStateMachine task thread for scm3/172.18.0.7:9861 - 0 ] INFO ipc.Client: Retrying connect to server: scm3/172.18.0.7:9861. Already tried 12 time(s); retry policy is RetryUpToMaximumCountWithFixedSleep(maxRetries=15, sleepTime=1000 MILLISECONDS)
datanode_3  | 2023-01-06 03:34:00,538 [EndpointStateMachine task thread for scm2/172.18.0.9:9861 - 0 ] INFO ozoneimpl.OzoneContainer: Ignore. OzoneContainer already started.
om2_1       | 2023-01-06 03:35:16,781 [om2@group-D66704EFC61C-FollowerState] INFO server.RaftServerConfigKeys: raft.server.leaderelection.pre-vote = false (custom)
om2_1       | 2023-01-06 03:35:16,781 [om2@group-D66704EFC61C-FollowerState] INFO impl.RoleInfo: om2: start om2@group-D66704EFC61C-LeaderElection2
om1_1       | 	at org.apache.hadoop.ozone.om.ratis.OzoneManagerStateMachine.runCommand(OzoneManagerStateMachine.java:533)
om1_1       | 	at org.apache.hadoop.ozone.om.ratis.OzoneManagerStateMachine.lambda$1(OzoneManagerStateMachine.java:324)
om1_1       | 	at java.base/java.util.concurrent.CompletableFuture$AsyncSupply.run(CompletableFuture.java:1700)
datanode_2  | 	at org.apache.hadoop.ipc.Client$Connection.access$3800(Client.java:414)
datanode_2  | 	at org.apache.hadoop.ipc.Client.getConnection(Client.java:1677)
datanode_2  | 	at org.apache.hadoop.ipc.Client.call(Client.java:1502)
datanode_2  | 	... 12 more
datanode_3  | 2023-01-06 03:34:01,415 [EndpointStateMachine task thread for scm3/172.18.0.7:9861 - 0 ] INFO ipc.Client: Retrying connect to server: scm3/172.18.0.7:9861. Already tried 13 time(s); retry policy is RetryUpToMaximumCountWithFixedSleep(maxRetries=15, sleepTime=1000 MILLISECONDS)
om2_1       | 2023-01-06 03:35:16,784 [om2@group-D66704EFC61C-LeaderElection2] INFO impl.LeaderElection: om2@group-D66704EFC61C-LeaderElection2 ELECTION round 0: submit vote requests at term 2 for -1: peers:[om1|rpc:om1:9872|priority:0|startupRole:FOLLOWER, om3|rpc:om3:9872|priority:0|startupRole:FOLLOWER, om2|rpc:om2:9872|priority:0|startupRole:FOLLOWER]|listeners:[], old=null
datanode_1  | 	at org.apache.hadoop.net.NetUtils.connect(NetUtils.java:586)
scm1_1      | 2023-01-06 03:33:19,840 [e7aac016-e09c-4f61-8703-a7105c36936c-impl-thread1] INFO server.RaftServerConfigKeys: raft.server.log.segment.size.max = 4194304 (custom)
scm3_1      | 2023-01-06 03:34:06,540 [main] INFO grpc.GrpcConfigKeys: raft.grpc.server.port = 9894 (custom)
om3_1       | 2023-01-06 03:35:02,683 [Socket Reader #1 for port 9862] INFO ipc.Server: Starting Socket Reader #1 for port 9862
om3_1       | 2023-01-06 03:35:04,506 [Listener at om3/9862] INFO impl.MetricsConfig: Loaded properties from hadoop-metrics2.properties
om3_1       | 2023-01-06 03:35:04,562 [Listener at om3/9862] INFO impl.MetricsSystemImpl: Scheduled Metric snapshot period at 10 second(s).
om3_1       | 2023-01-06 03:35:04,565 [Listener at om3/9862] INFO impl.MetricsSystemImpl: OzoneManager metrics system started
om3_1       | 2023-01-06 03:35:04,786 [Listener at om3/9862] INFO om.OzoneManager: OzoneManager RPC server is listening at om3/172.18.0.3:9862
om3_1       | 2023-01-06 03:35:04,787 [Listener at om3/9862] INFO ratis.OzoneManagerRatisServer: Starting OzoneManagerRatisServer om3 at port 9872
datanode_3  | 2023-01-06 03:34:02,416 [EndpointStateMachine task thread for scm3/172.18.0.7:9861 - 0 ] INFO ipc.Client: Retrying connect to server: scm3/172.18.0.7:9861. Already tried 14 time(s); retry policy is RetryUpToMaximumCountWithFixedSleep(maxRetries=15, sleepTime=1000 MILLISECONDS)
datanode_3  | 2023-01-06 03:34:03,418 [EndpointStateMachine task thread for scm3/172.18.0.7:9861 - 0 ] INFO ipc.Client: Retrying connect to server: scm3/172.18.0.7:9861. Already tried 0 time(s); retry policy is RetryUpToMaximumCountWithFixedSleep(maxRetries=15, sleepTime=1000 MILLISECONDS)
datanode_3  | 2023-01-06 03:34:04,419 [EndpointStateMachine task thread for scm3/172.18.0.7:9861 - 0 ] INFO ipc.Client: Retrying connect to server: scm3/172.18.0.7:9861. Already tried 1 time(s); retry policy is RetryUpToMaximumCountWithFixedSleep(maxRetries=15, sleepTime=1000 MILLISECONDS)
datanode_3  | 2023-01-06 03:34:05,421 [EndpointStateMachine task thread for scm3/172.18.0.7:9861 - 0 ] INFO ipc.Client: Retrying connect to server: scm3/172.18.0.7:9861. Already tried 2 time(s); retry policy is RetryUpToMaximumCountWithFixedSleep(maxRetries=15, sleepTime=1000 MILLISECONDS)
datanode_3  | 2023-01-06 03:34:06,422 [EndpointStateMachine task thread for scm3/172.18.0.7:9861 - 0 ] INFO ipc.Client: Retrying connect to server: scm3/172.18.0.7:9861. Already tried 3 time(s); retry policy is RetryUpToMaximumCountWithFixedSleep(maxRetries=15, sleepTime=1000 MILLISECONDS)
scm3_1      | 2023-01-06 03:34:06,540 [main] INFO server.GrpcService: raft.grpc.message.size.max = 32m (=33554432) (custom)
scm3_1      | 2023-01-06 03:34:06,543 [main] INFO server.RaftServerConfigKeys: raft.server.log.appender.buffer.byte-limit = 33554432 (custom)
scm3_1      | 2023-01-06 03:34:06,544 [main] INFO server.GrpcService: raft.grpc.flow.control.window = 1MB (=1048576) (default)
recon_1     | 	at java.base/sun.nio.ch.SocketChannelImpl.ensureOpenAndConnected(SocketChannelImpl.java:180)
recon_1     | 	at java.base/sun.nio.ch.SocketChannelImpl.write(SocketChannelImpl.java:452)
recon_1     | 	at org.apache.hadoop.ipc.Server.channelWrite(Server.java:3619)
recon_1     | 	at org.apache.hadoop.ipc.Server.access$1700(Server.java:144)
datanode_3  | 2023-01-06 03:34:07,423 [EndpointStateMachine task thread for scm3/172.18.0.7:9861 - 0 ] INFO ipc.Client: Retrying connect to server: scm3/172.18.0.7:9861. Already tried 4 time(s); retry policy is RetryUpToMaximumCountWithFixedSleep(maxRetries=15, sleepTime=1000 MILLISECONDS)
datanode_1  | 	at org.apache.hadoop.ipc.Client$Connection.setupConnection(Client.java:711)
datanode_1  | 	at org.apache.hadoop.ipc.Client$Connection.setupIOstreams(Client.java:833)
datanode_1  | 	at org.apache.hadoop.ipc.Client$Connection.access$3800(Client.java:414)
datanode_1  | 	at org.apache.hadoop.ipc.Client.getConnection(Client.java:1677)
datanode_2  | 2023-01-06 03:33:47,671 [EndpointStateMachine task thread for scm2/172.18.0.9:9861 - 0 ] WARN statemachine.EndpointStateMachine: Unable to communicate to SCM server at scm2:9861 for past 0 seconds.
datanode_2  | java.net.ConnectException: Call From 48535b3651ed/172.18.0.10 to scm2:9861 failed on connection exception: java.net.ConnectException: Connection refused; For more details see:  http://wiki.apache.org/hadoop/ConnectionRefused
recon_1     | 	at org.apache.hadoop.ipc.Server$Responder.processResponse(Server.java:1672)
recon_1     | 	at org.apache.hadoop.ipc.Server$Responder.doRespond(Server.java:1742)
recon_1     | 	at org.apache.hadoop.ipc.Server$Connection.sendResponse(Server.java:2847)
recon_1     | 	at org.apache.hadoop.ipc.Server$Connection.access$300(Server.java:1814)
recon_1     | 	at org.apache.hadoop.ipc.Server$RpcCall.doResponse(Server.java:1125)
datanode_3  | 2023-01-06 03:34:08,424 [EndpointStateMachine task thread for scm3/172.18.0.7:9861 - 0 ] INFO ipc.Client: Retrying connect to server: scm3/172.18.0.7:9861. Already tried 5 time(s); retry policy is RetryUpToMaximumCountWithFixedSleep(maxRetries=15, sleepTime=1000 MILLISECONDS)
datanode_1  | 	at org.apache.hadoop.ipc.Client.call(Client.java:1502)
om2_1       | 2023-01-06 03:35:16,801 [om2@group-D66704EFC61C-LeaderElection2] INFO server.RaftServerConfigKeys: raft.server.rpc.first-election.timeout.min = 5s (fallback to raft.server.rpc.timeout.min)
om2_1       | 2023-01-06 03:35:16,802 [om2@group-D66704EFC61C-LeaderElection2] INFO server.RaftServerConfigKeys: raft.server.rpc.first-election.timeout.max = 5200ms (fallback to raft.server.rpc.timeout.max)
om2_1       | 2023-01-06 03:35:16,824 [om2@group-D66704EFC61C-LeaderElection2] INFO impl.LeaderElection: om2@group-D66704EFC61C-LeaderElection2: ELECTION PASSED received 1 response(s) and 0 exception(s):
scm3_1      | 2023-01-06 03:34:06,545 [main] INFO server.RaftServerConfigKeys: raft.server.rpc.request.timeout = 30000ms (custom)
scm3_1      | 2023-01-06 03:34:06,561 [main] INFO grpc.GrpcConfigKeys: raft.grpc.server.heartbeat.channel = true (default)
datanode_2  | 	at java.base/jdk.internal.reflect.NativeConstructorAccessorImpl.newInstance0(Native Method)
datanode_2  | 	at java.base/jdk.internal.reflect.NativeConstructorAccessorImpl.newInstance(NativeConstructorAccessorImpl.java:62)
s3g_1       | 	at org.glassfish.jersey.server.model.MethodHandler$ClassBasedMethodHandler.getInstance(MethodHandler.java:260)
s3g_1       | 	at org.glassfish.jersey.server.internal.routing.PushMethodHandlerRouter.apply(PushMethodHandlerRouter.java:51)
s3g_1       | 	at org.glassfish.jersey.server.internal.routing.RoutingStage._apply(RoutingStage.java:86)
datanode_3  | 2023-01-06 03:34:09,425 [EndpointStateMachine task thread for scm3/172.18.0.7:9861 - 0 ] INFO ipc.Client: Retrying connect to server: scm3/172.18.0.7:9861. Already tried 6 time(s); retry policy is RetryUpToMaximumCountWithFixedSleep(maxRetries=15, sleepTime=1000 MILLISECONDS)
datanode_1  | 	... 12 more
datanode_1  | 2023-01-06 03:33:47,698 [EndpointStateMachine task thread for scm2/172.18.0.9:9861 - 0 ] INFO ipc.Client: Retrying connect to server: scm2/172.18.0.9:9861. Already tried 0 time(s); retry policy is RetryUpToMaximumCountWithFixedSleep(maxRetries=15, sleepTime=1000 MILLISECONDS)
datanode_1  | 2023-01-06 03:33:47,714 [EndpointStateMachine task thread for scm3/172.18.0.7:9861 - 0 ] INFO ipc.Client: Retrying connect to server: scm3/172.18.0.7:9861. Already tried 0 time(s); retry policy is RetryUpToMaximumCountWithFixedSleep(maxRetries=15, sleepTime=1000 MILLISECONDS)
scm1_1      | 2023-01-06 03:33:19,900 [e7aac016-e09c-4f61-8703-a7105c36936c-impl-thread1] INFO server.RaftServerConfigKeys: raft.server.log.segment.cache.num.max = 2 (custom)
scm3_1      | 2023-01-06 03:34:06,565 [main] INFO grpc.GrpcConfigKeys: raft.grpc.server.async.request.thread.pool.cached = true (default)
recon_1     | 	at org.apache.hadoop.ipc.Server$Call.doResponse(Server.java:917)
datanode_2  | 	at java.base/jdk.internal.reflect.DelegatingConstructorAccessorImpl.newInstance(DelegatingConstructorAccessorImpl.java:45)
s3g_1       | 	at org.glassfish.jersey.server.internal.routing.RoutingStage._apply(RoutingStage.java:89)
scm2_1      | 2023-01-06 03:33:51,934 [pool-16-thread-1] INFO server.RaftServerConfigKeys: raft.server.threadpool.server.cached = true (default)
scm2_1      | 2023-01-06 03:33:51,935 [pool-16-thread-1] INFO server.RaftServerConfigKeys: raft.server.threadpool.server.size = 0 (default)
scm2_1      | 2023-01-06 03:33:51,936 [pool-16-thread-1] INFO server.RaftServerConfigKeys: raft.server.threadpool.client.cached = true (default)
datanode_3  | 2023-01-06 03:34:10,426 [EndpointStateMachine task thread for scm3/172.18.0.7:9861 - 0 ] INFO ipc.Client: Retrying connect to server: scm3/172.18.0.7:9861. Already tried 7 time(s); retry policy is RetryUpToMaximumCountWithFixedSleep(maxRetries=15, sleepTime=1000 MILLISECONDS)
om2_1       | 2023-01-06 03:35:16,824 [om2@group-D66704EFC61C-LeaderElection2] INFO impl.LeaderElection:   Response 0: om2<-om1#0:OK-t2
om2_1       | 2023-01-06 03:35:16,824 [om2@group-D66704EFC61C-LeaderElection2] INFO impl.LeaderElection: om2@group-D66704EFC61C-LeaderElection2 ELECTION round 0: result PASSED
om2_1       | 2023-01-06 03:35:16,824 [om2@group-D66704EFC61C-LeaderElection2] INFO impl.RoleInfo: om2: shutdown om2@group-D66704EFC61C-LeaderElection2
scm3_1      | 2023-01-06 03:34:06,568 [main] INFO grpc.GrpcConfigKeys: raft.grpc.server.async.request.thread.pool.size = 32 (default)
scm3_1      | 2023-01-06 03:34:07,126 [main] INFO impl.DataStreamServerImpl: raft.datastream.type = NETTY (custom)
datanode_2  | 	at java.base/java.lang.reflect.Constructor.newInstance(Constructor.java:490)
s3g_1       | 	at org.glassfish.jersey.server.internal.routing.RoutingStage._apply(RoutingStage.java:89)
s3g_1       | 	at org.glassfish.jersey.server.internal.routing.RoutingStage._apply(RoutingStage.java:89)
s3g_1       | 	at org.glassfish.jersey.server.internal.routing.RoutingStage.apply(RoutingStage.java:69)
s3g_1       | 	at org.glassfish.jersey.server.internal.routing.RoutingStage.apply(RoutingStage.java:38)
datanode_3  | 2023-01-06 03:34:11,428 [EndpointStateMachine task thread for scm3/172.18.0.7:9861 - 0 ] INFO ipc.Client: Retrying connect to server: scm3/172.18.0.7:9861. Already tried 8 time(s); retry policy is RetryUpToMaximumCountWithFixedSleep(maxRetries=15, sleepTime=1000 MILLISECONDS)
scm3_1      | 2023-01-06 03:34:07,365 [main] INFO server.RaftServerConfigKeys: raft.server.data-stream.async.request.thread.pool.cached = false (default)
scm3_1      | 2023-01-06 03:34:07,366 [main] INFO server.RaftServerConfigKeys: raft.server.data-stream.async.request.thread.pool.size = 32 (default)
datanode_2  | 	at org.apache.hadoop.net.NetUtils.wrapWithMessage(NetUtils.java:913)
s3g_1       | 	at org.glassfish.jersey.process.internal.Stages.process(Stages.java:173)
s3g_1       | 	at org.glassfish.jersey.server.ServerRuntime$1.run(ServerRuntime.java:247)
om3_1       | 2023-01-06 03:35:04,799 [om3-impl-thread1] INFO storage.RaftStorageDirectory: The storage directory /data/metadata/ratis/5cb24680-b9e7-3c90-a862-d66704efc61c does not exist. Creating ...
om3_1       | 2023-01-06 03:35:04,811 [om3-impl-thread1] INFO storage.RaftStorageDirectory: Lock on /data/metadata/ratis/5cb24680-b9e7-3c90-a862-d66704efc61c/in_use.lock acquired by nodename 7@om3
datanode_3  | 2023-01-06 03:34:16,764 [EndpointStateMachine task thread for scm3/172.18.0.7:9861 - 0 ] INFO ozoneimpl.OzoneContainer: Ignore. OzoneContainer already started.
om3_1       | 2023-01-06 03:35:04,859 [om3-impl-thread1] INFO storage.RaftStorage: Storage directory /data/metadata/ratis/5cb24680-b9e7-3c90-a862-d66704efc61c has been successfully formatted.
scm1_1      | 2023-01-06 03:33:19,912 [e7aac016-e09c-4f61-8703-a7105c36936c-impl-thread1] INFO server.RaftServerConfigKeys: raft.server.log.segment.cache.size.max = 200MB (=209715200) (default)
scm1_1      | 2023-01-06 03:33:19,993 [e7aac016-e09c-4f61-8703-a7105c36936c-impl-thread1] INFO segmented.SegmentedRaftLogWorker: new e7aac016-e09c-4f61-8703-a7105c36936c@group-DB2037A6BA0C-SegmentedRaftLogWorker for RaftStorageImpl:Storage Directory /data/metadata/scm-ha/22702e03-29d0-413d-97c1-db2037a6ba0c
datanode_1  | 2023-01-06 03:33:48,699 [EndpointStateMachine task thread for scm2/172.18.0.9:9861 - 0 ] INFO ipc.Client: Retrying connect to server: scm2/172.18.0.9:9861. Already tried 1 time(s); retry policy is RetryUpToMaximumCountWithFixedSleep(maxRetries=15, sleepTime=1000 MILLISECONDS)
datanode_1  | 2023-01-06 03:33:48,715 [EndpointStateMachine task thread for scm3/172.18.0.7:9861 - 0 ] INFO ipc.Client: Retrying connect to server: scm3/172.18.0.7:9861. Already tried 1 time(s); retry policy is RetryUpToMaximumCountWithFixedSleep(maxRetries=15, sleepTime=1000 MILLISECONDS)
datanode_1  | 2023-01-06 03:33:49,700 [EndpointStateMachine task thread for scm2/172.18.0.9:9861 - 0 ] INFO ipc.Client: Retrying connect to server: scm2/172.18.0.9:9861. Already tried 2 time(s); retry policy is RetryUpToMaximumCountWithFixedSleep(maxRetries=15, sleepTime=1000 MILLISECONDS)
datanode_2  | 	at org.apache.hadoop.net.NetUtils.wrapException(NetUtils.java:828)
scm2_1      | 2023-01-06 03:33:51,936 [pool-16-thread-1] INFO server.RaftServerConfigKeys: raft.server.threadpool.client.size = 0 (default)
s3g_1       | 	at org.glassfish.jersey.internal.Errors$1.call(Errors.java:248)
om1_1       | 	at java.base/java.util.concurrent.ThreadPoolExecutor.runWorker(ThreadPoolExecutor.java:1128)
datanode_3  | 2023-01-06 03:34:16,764 [Datanode State Machine Daemon Thread] ERROR datanode.RunningDatanodeState: Error in executing end point task.
datanode_3  | java.util.concurrent.ExecutionException: java.util.concurrent.TimeoutException
scm1_1      | 2023-01-06 03:33:19,994 [e7aac016-e09c-4f61-8703-a7105c36936c-impl-thread1] INFO server.RaftServerConfigKeys: raft.server.log.queue.byte-limit = 64MB (=67108864) (default)
om2_1       | 2023-01-06 03:35:16,824 [om2@group-D66704EFC61C-LeaderElection2] INFO server.RaftServer$Division: om2@group-D66704EFC61C: changes role from CANDIDATE to LEADER at term 2 for changeToLeader
recon_1     | 	at org.apache.hadoop.ipc.Server$Call.sendResponse(Server.java:903)
recon_1     | 	at org.apache.hadoop.ipc.Server$RpcCall.run(Server.java:1060)
recon_1     | 	at org.apache.hadoop.ipc.Server$RpcCall.run(Server.java:971)
datanode_2  | 	at org.apache.hadoop.ipc.Client.getRpcResponse(Client.java:1616)
scm2_1      | 2023-01-06 03:33:51,937 [main] INFO ha.SCMSnapshotProvider: Initializing SCM Snapshot Provider
scm2_1      | 2023-01-06 03:33:51,938 [main] WARN server.ServerUtils: Storage directory for Ratis is not configured. It is a good idea to map this to an SSD disk. Falling back to ozone.metadata.dirs
om1_1       | 	at java.base/java.util.concurrent.ThreadPoolExecutor$Worker.run(ThreadPoolExecutor.java:628)
datanode_3  | 	at java.base/java.util.concurrent.FutureTask.report(FutureTask.java:122)
om3_1       | 2023-01-06 03:35:04,887 [om3-impl-thread1] INFO server.RaftServerConfigKeys: raft.server.log.use.memory = false (default)
scm1_1      | 2023-01-06 03:33:20,002 [e7aac016-e09c-4f61-8703-a7105c36936c-impl-thread1] INFO server.RaftServerConfigKeys: raft.server.log.queue.element-limit = 4096 (default)
scm1_1      | 2023-01-06 03:33:20,022 [e7aac016-e09c-4f61-8703-a7105c36936c-impl-thread1] INFO server.RaftServerConfigKeys: raft.server.log.segment.size.max = 4194304 (custom)
scm1_1      | 2023-01-06 03:33:20,029 [e7aac016-e09c-4f61-8703-a7105c36936c-impl-thread1] INFO server.RaftServerConfigKeys: raft.server.log.preallocated.size = 4194304 (custom)
scm1_1      | 2023-01-06 03:33:20,033 [e7aac016-e09c-4f61-8703-a7105c36936c-impl-thread1] INFO server.RaftServerConfigKeys: raft.server.log.force.sync.num = 128 (default)
om2_1       | 2023-01-06 03:35:16,826 [om2@group-D66704EFC61C-LeaderElection2] INFO server.RaftServer$Division: om2@group-D66704EFC61C: change Leader from null to om2 at term 2 for becomeLeader, leader elected after 18432ms
datanode_2  | 	at org.apache.hadoop.ipc.Client.call(Client.java:1558)
scm2_1      | 2023-01-06 03:33:51,938 [main] WARN ha.SCMHAUtils: SCM snapshot dir is not configured. Falling back to ozone.metadata.dirs config
s3g_1       | 	at org.glassfish.jersey.internal.Errors$1.call(Errors.java:244)
om1_1       | 	at java.base/java.lang.Thread.run(Thread.java:829)
datanode_3  | 	at java.base/java.util.concurrent.FutureTask.get(FutureTask.java:191)
om3_1       | 2023-01-06 03:35:04,918 [om3-impl-thread1] INFO server.RaftServerConfigKeys: raft.server.log.purge.gap = 1000000 (custom)
datanode_1  | 2023-01-06 03:33:49,717 [EndpointStateMachine task thread for scm3/172.18.0.7:9861 - 0 ] INFO ipc.Client: Retrying connect to server: scm3/172.18.0.7:9861. Already tried 2 time(s); retry policy is RetryUpToMaximumCountWithFixedSleep(maxRetries=15, sleepTime=1000 MILLISECONDS)
scm2_1      | 2023-01-06 03:33:51,953 [main] INFO upgrade.AbstractLayoutVersionManager: Initializing Layout version manager with metadata layout = DATANODE_SCHEMA_V3 (version = 4), software layout = DATANODE_SCHEMA_V3 (version = 4)
s3g_1       | 	at org.glassfish.jersey.internal.Errors.process(Errors.java:292)
om1_1       | 2023-01-06 03:42:47,468 [OM StateMachine ApplyTransaction Thread - 0] INFO bucket.OMBucketCreateRequest: created bucket: bucket-ozone-test-3689014249 of layout LEGACY in volume: s3v
datanode_3  | 	at org.apache.hadoop.ozone.container.common.states.datanode.RunningDatanodeState.computeNextContainerState(RunningDatanodeState.java:199)
om3_1       | 2023-01-06 03:35:04,919 [om3-impl-thread1] INFO server.RaftServerConfigKeys: raft.server.log.appender.buffer.byte-limit = 33554432 (custom)
scm1_1      | 2023-01-06 03:33:20,044 [e7aac016-e09c-4f61-8703-a7105c36936c-impl-thread1] INFO server.RaftServerConfigKeys: raft.server.log.statemachine.data.sync = true (default)
scm1_1      | 2023-01-06 03:33:20,052 [e7aac016-e09c-4f61-8703-a7105c36936c-impl-thread1] INFO server.RaftServerConfigKeys: raft.server.log.statemachine.data.sync.timeout = 10s (default)
recon_1     | 	at java.base/java.security.AccessController.doPrivileged(Native Method)
recon_1     | 	at java.base/javax.security.auth.Subject.doAs(Subject.java:423)
recon_1     | 	at org.apache.hadoop.security.UserGroupInformation.doAs(UserGroupInformation.java:1878)
recon_1     | 	at org.apache.hadoop.ipc.Server$Handler.run(Server.java:2976)
om3_1       | 2023-01-06 03:35:04,924 [om3-impl-thread1] INFO server.RaftServerConfigKeys: raft.server.log.statemachine.data.read.timeout = 1000ms (default)
om2_1       | 2023-01-06 03:35:16,844 [grpc-default-executor-1] INFO server.RaftServer$Division: om2@group-D66704EFC61C: receive requestVote(ELECTION, om3, group-D66704EFC61C, 2, (t:0, i:~))
om2_1       | 2023-01-06 03:35:16,855 [om2@group-D66704EFC61C-LeaderElection2] INFO server.RaftServerConfigKeys: raft.server.staging.catchup.gap = 1000 (default)
recon_1     | 2023-01-06 03:33:51,070 [IPC Server handler 9 on default port 9891] INFO ipc.Server: IPC Server handler 9 on default port 9891 caught an exception
recon_1     | java.nio.channels.ClosedChannelException
recon_1     | 	at java.base/sun.nio.ch.SocketChannelImpl.ensureOpenAndConnected(SocketChannelImpl.java:180)
recon_1     | 	at java.base/sun.nio.ch.SocketChannelImpl.write(SocketChannelImpl.java:452)
om1_1       | 2023-01-06 03:42:55,742 [OM StateMachine ApplyTransaction Thread - 0] INFO bucket.OMBucketCreateRequest: created bucket: bucket-ozone-test-9396120176 of layout LEGACY in volume: s3v
s3g_1       | 	at org.glassfish.jersey.internal.Errors.process(Errors.java:274)
datanode_3  | 	at org.apache.hadoop.ozone.container.common.states.datanode.RunningDatanodeState.await(RunningDatanodeState.java:239)
om3_1       | 2023-01-06 03:35:04,927 [om3-impl-thread1] INFO server.RaftServerConfigKeys: raft.server.log.purge.preservation.log.num = 0 (default)
om2_1       | 2023-01-06 03:35:16,862 [om2@group-D66704EFC61C-LeaderElection2] INFO server.RaftServerConfigKeys: raft.server.write.element-limit = 4096 (default)
scm1_1      | 2023-01-06 03:33:20,078 [e7aac016-e09c-4f61-8703-a7105c36936c-impl-thread1] INFO server.RaftServerConfigKeys: raft.server.log.statemachine.data.sync.timeout.retry = -1 (default)
recon_1     | 	at org.apache.hadoop.ipc.Server.channelWrite(Server.java:3619)
datanode_1  | 2023-01-06 03:33:50,701 [EndpointStateMachine task thread for scm2/172.18.0.9:9861 - 0 ] INFO ipc.Client: Retrying connect to server: scm2/172.18.0.9:9861. Already tried 3 time(s); retry policy is RetryUpToMaximumCountWithFixedSleep(maxRetries=15, sleepTime=1000 MILLISECONDS)
datanode_1  | 2023-01-06 03:33:50,717 [EndpointStateMachine task thread for scm3/172.18.0.7:9861 - 0 ] INFO ipc.Client: Retrying connect to server: scm3/172.18.0.7:9861. Already tried 3 time(s); retry policy is RetryUpToMaximumCountWithFixedSleep(maxRetries=15, sleepTime=1000 MILLISECONDS)
datanode_1  | 2023-01-06 03:33:51,702 [EndpointStateMachine task thread for scm2/172.18.0.9:9861 - 0 ] INFO ipc.Client: Retrying connect to server: scm2/172.18.0.9:9861. Already tried 4 time(s); retry policy is RetryUpToMaximumCountWithFixedSleep(maxRetries=15, sleepTime=1000 MILLISECONDS)
scm2_1      | 2023-01-06 03:33:52,470 [main] INFO reflections.Reflections: Reflections took 416 ms to scan 3 urls, producing 121 keys and 272 values 
om1_1       | 2023-01-06 03:42:56,708 [OM StateMachine ApplyTransaction Thread - 0] INFO bucket.OMBucketCreateRequest: created bucket: bucket-ozone-test-6642246427 of layout LEGACY in volume: s3v
om1_1       | 2023-01-06 03:42:58,514 [OM StateMachine ApplyTransaction Thread - 0] ERROR bucket.OMBucketDeleteRequest: Delete bucket failed for bucket:nosuchbucket-ozone-test-0917727436 in volume:s3v
s3g_1       | 	at org.glassfish.jersey.internal.Errors.process(Errors.java:244)
datanode_3  | 	at org.apache.hadoop.ozone.container.common.states.datanode.RunningDatanodeState.await(RunningDatanodeState.java:50)
om3_1       | 2023-01-06 03:35:04,936 [om3-impl-thread1] INFO server.RaftServerConfigKeys: raft.server.log.segment.size.max = 4194304 (custom)
om2_1       | 2023-01-06 03:35:16,862 [om2@group-D66704EFC61C-LeaderElection2] INFO server.RaftServerConfigKeys: raft.server.write.byte-limit = 64MB (=67108864) (default)
om2_1       | 2023-01-06 03:35:16,870 [om2@group-D66704EFC61C-LeaderElection2] INFO server.RaftServerConfigKeys: raft.server.watch.timeout = 10s (default)
recon_1     | 	at org.apache.hadoop.ipc.Server.access$1700(Server.java:144)
datanode_1  | 2023-01-06 03:33:51,718 [EndpointStateMachine task thread for scm3/172.18.0.7:9861 - 0 ] INFO ipc.Client: Retrying connect to server: scm3/172.18.0.7:9861. Already tried 4 time(s); retry policy is RetryUpToMaximumCountWithFixedSleep(maxRetries=15, sleepTime=1000 MILLISECONDS)
scm3_1      | 2023-01-06 03:34:07,366 [main] INFO server.RaftServerConfigKeys: raft.server.data-stream.async.write.thread.pool.size = 16 (default)
scm3_1      | 2023-01-06 03:34:07,368 [main] INFO server.RaftServerConfigKeys: raft.server.data-stream.client.pool.size = 10 (default)
scm3_1      | 2023-01-06 03:34:07,373 [main] INFO netty.NettyConfigKeys$DataStream: raft.netty.dataStream.server.use-epoll = false (default)
scm3_1      | 2023-01-06 03:34:07,375 [main] INFO netty.NettyConfigKeys$DataStream: raft.netty.dataStream.server.boss-group.size = 0 (default)
om3_1       | 2023-01-06 03:35:04,948 [om3-impl-thread1] INFO server.RaftServerConfigKeys: raft.server.log.segment.cache.num.max = 2 (custom)
om3_1       | 2023-01-06 03:35:04,950 [om3-impl-thread1] INFO server.RaftServerConfigKeys: raft.server.log.segment.cache.size.max = 200MB (=209715200) (default)
scm1_1      | 2023-01-06 03:33:20,234 [e7aac016-e09c-4f61-8703-a7105c36936c-impl-thread1] INFO server.RaftServerConfigKeys: raft.server.log.write.buffer.size = 64KB (=65536) (default)
recon_1     | 	at org.apache.hadoop.ipc.Server$Responder.processResponse(Server.java:1672)
datanode_1  | 2023-01-06 03:33:52,713 [EndpointStateMachine task thread for scm2/172.18.0.9:9861 - 0 ] INFO ipc.Client: Retrying connect to server: scm2/172.18.0.9:9861. Already tried 5 time(s); retry policy is RetryUpToMaximumCountWithFixedSleep(maxRetries=15, sleepTime=1000 MILLISECONDS)
scm3_1      | 2023-01-06 03:34:07,390 [main] INFO netty.NettyConfigKeys$DataStream: raft.netty.dataStream.server.worker-group.size = 0 (default)
scm3_1      | 2023-01-06 03:34:07,392 [main] INFO netty.NettyConfigKeys$DataStream: raft.netty.dataStream.server.tls.conf = null (default)
scm3_1      | 2023-01-06 03:34:07,396 [main] INFO netty.NettyConfigKeys$DataStream: raft.netty.dataStream.host = null (default)
scm2_1      | 2023-01-06 03:33:52,629 [main] INFO ha.SequenceIdGenerator: upgrade localId to 111677748019200000
datanode_3  | 	at org.apache.hadoop.ozone.container.common.statemachine.StateContext.execute(StateContext.java:661)
datanode_3  | 	at org.apache.hadoop.ozone.container.common.statemachine.DatanodeStateMachine.startStateMachineThread(DatanodeStateMachine.java:309)
om2_1       | 2023-01-06 03:35:16,870 [om2@group-D66704EFC61C-LeaderElection2] INFO server.RaftServerConfigKeys: raft.server.watch.timeout.denomination = 1s (default)
om2_1       | 2023-01-06 03:35:16,871 [om2@group-D66704EFC61C-LeaderElection2] INFO server.RaftServerConfigKeys: raft.server.watch.element-limit = 65536 (default)
om2_1       | 2023-01-06 03:35:16,880 [om2@group-D66704EFC61C-LeaderElection2] INFO server.RaftServerConfigKeys: raft.server.write.element-limit = 4096 (default)
recon_1     | 	at org.apache.hadoop.ipc.Server$Responder.doRespond(Server.java:1742)
datanode_1  | 2023-01-06 03:33:52,725 [EndpointStateMachine task thread for scm3/172.18.0.7:9861 - 0 ] INFO ipc.Client: Retrying connect to server: scm3/172.18.0.7:9861. Already tried 5 time(s); retry policy is RetryUpToMaximumCountWithFixedSleep(maxRetries=15, sleepTime=1000 MILLISECONDS)
datanode_2  | 	at org.apache.hadoop.ipc.Client.call(Client.java:1455)
datanode_2  | 	at org.apache.hadoop.ipc.ProtobufRpcEngine$Invoker.invoke(ProtobufRpcEngine.java:235)
datanode_2  | 	at org.apache.hadoop.ipc.ProtobufRpcEngine$Invoker.invoke(ProtobufRpcEngine.java:122)
scm2_1      | 2023-01-06 03:33:52,631 [main] INFO ha.SequenceIdGenerator: upgrade delTxnId to 0
scm2_1      | 2023-01-06 03:33:52,638 [main] INFO ha.SequenceIdGenerator: upgrade containerId to 0
s3g_1       | 	at org.glassfish.jersey.process.internal.RequestScope.runInScope(RequestScope.java:265)
datanode_3  | 	at org.apache.hadoop.ozone.container.common.statemachine.DatanodeStateMachine.lambda$startDaemon$0(DatanodeStateMachine.java:509)
datanode_3  | 	at java.base/java.lang.Thread.run(Thread.java:829)
scm1_1      | 2023-01-06 03:33:20,235 [e7aac016-e09c-4f61-8703-a7105c36936c-impl-thread1] INFO server.RaftServerConfigKeys: raft.server.log.appender.buffer.byte-limit = 33554432 (custom)
recon_1     | 	at org.apache.hadoop.ipc.Server$Connection.sendResponse(Server.java:2847)
