om2_1       | 2023-01-06 03:35:16,883 [om2@group-D66704EFC61C-LeaderElection2] INFO server.RaftServerConfigKeys: raft.server.write.follower.gap.ratio.max = -1.0 (default)
scm2_1      | 2023-01-06 03:33:52,645 [main] INFO ha.SequenceIdGenerator: Init the HA SequenceIdGenerator.
datanode_3  | Caused by: java.util.concurrent.TimeoutException
datanode_3  | 	at java.base/java.util.concurrent.FutureTask.get(FutureTask.java:204)
scm1_1      | 2023-01-06 03:33:20,401 [e7aac016-e09c-4f61-8703-a7105c36936c-impl-thread1] INFO server.RaftServerConfigKeys: raft.server.log.unsafe-flush.enabled = false (default)
recon_1     | 	at org.apache.hadoop.ipc.Server$Connection.access$300(Server.java:1814)
recon_1     | 	at org.apache.hadoop.ipc.Server$RpcCall.doResponse(Server.java:1125)
recon_1     | 	at org.apache.hadoop.ipc.Server$Call.doResponse(Server.java:917)
om2_1       | 2023-01-06 03:35:16,902 [om2@group-D66704EFC61C-LeaderElection2] INFO server.RaftServerConfigKeys: raft.server.log.appender.snapshot.chunk.size.max = 16MB (=16777216) (default)
om2_1       | 2023-01-06 03:35:16,903 [om2@group-D66704EFC61C-LeaderElection2] INFO server.RaftServerConfigKeys: raft.server.log.appender.buffer.byte-limit = 33554432 (custom)
om2_1       | 2023-01-06 03:35:16,904 [om2@group-D66704EFC61C-LeaderElection2] INFO server.RaftServerConfigKeys: raft.server.log.appender.buffer.element-limit = 1024 (custom)
scm3_1      | 2023-01-06 03:34:07,397 [main] INFO netty.NettyConfigKeys$DataStream: raft.netty.dataStream.port = 0 (default)
scm3_1      | 2023-01-06 03:34:07,519 [main] INFO server.RaftServerConfigKeys: raft.server.threadpool.proxy.cached = true (default)
scm2_1      | 2023-01-06 03:33:52,789 [main] INFO node.SCMNodeManager: Entering startup safe mode.
datanode_3  | 	at org.apache.hadoop.ozone.container.common.states.datanode.RunningDatanodeState.lambda$execute$0(RunningDatanodeState.java:157)
datanode_3  | 	at java.base/java.util.concurrent.FutureTask.run(FutureTask.java:264)
scm1_1      | 2023-01-06 03:33:20,416 [e7aac016-e09c-4f61-8703-a7105c36936c-impl-thread1] INFO server.RaftServerConfigKeys: raft.server.log.async-flush.enabled = false (default)
datanode_1  | 2023-01-06 03:33:53,714 [EndpointStateMachine task thread for scm2/172.18.0.9:9861 - 0 ] INFO ipc.Client: Retrying connect to server: scm2/172.18.0.9:9861. Already tried 6 time(s); retry policy is RetryUpToMaximumCountWithFixedSleep(maxRetries=15, sleepTime=1000 MILLISECONDS)
recon_1     | 	at org.apache.hadoop.ipc.Server$Call.sendResponse(Server.java:903)
recon_1     | 	at org.apache.hadoop.ipc.Server$RpcCall.run(Server.java:1060)
recon_1     | 	at org.apache.hadoop.ipc.Server$RpcCall.run(Server.java:971)
om1_1       | BUCKET_NOT_FOUND org.apache.hadoop.ozone.om.exceptions.OMException: Bucket not exists
scm3_1      | 2023-01-06 03:34:07,519 [main] INFO server.RaftServerConfigKeys: raft.server.threadpool.proxy.size = 0 (default)
scm3_1      | 2023-01-06 03:34:07,520 [main] INFO server.RaftServerConfigKeys: raft.server.rpc.slowness.timeout = 120000ms (custom)
om3_1       | 2023-01-06 03:35:04,960 [om3-impl-thread1] INFO segmented.SegmentedRaftLogWorker: new om3@group-D66704EFC61C-SegmentedRaftLogWorker for RaftStorageImpl:Storage Directory /data/metadata/ratis/5cb24680-b9e7-3c90-a862-d66704efc61c
datanode_3  | 	at java.base/java.util.concurrent.Executors$RunnableAdapter.call(Executors.java:515)
datanode_3  | 	at java.base/java.util.concurrent.FutureTask.run(FutureTask.java:264)
scm1_1      | 2023-01-06 03:33:20,430 [e7aac016-e09c-4f61-8703-a7105c36936c-impl-thread1] INFO server.RaftServerConfigKeys: raft.server.log.statemachine.data.caching.enabled = false (default)
datanode_1  | 2023-01-06 03:33:53,726 [EndpointStateMachine task thread for scm3/172.18.0.7:9861 - 0 ] INFO ipc.Client: Retrying connect to server: scm3/172.18.0.7:9861. Already tried 6 time(s); retry policy is RetryUpToMaximumCountWithFixedSleep(maxRetries=15, sleepTime=1000 MILLISECONDS)
datanode_2  | 	at com.sun.proxy.$Proxy41.submitRequest(Unknown Source)
datanode_2  | 	at org.apache.hadoop.ozone.protocolPB.StorageContainerDatanodeProtocolClientSideTranslatorPB.submitRequest(StorageContainerDatanodeProtocolClientSideTranslatorPB.java:117)
recon_1     | 	at java.base/java.security.AccessController.doPrivileged(Native Method)
om1_1       | 	at org.apache.hadoop.ozone.om.request.bucket.OMBucketDeleteRequest.validateAndUpdateCache(OMBucketDeleteRequest.java:129)
scm3_1      | 2023-01-06 03:34:07,521 [main] INFO server.RaftServerConfigKeys: raft.server.leaderelection.leader.step-down.wait-time = 10s (default)
scm3_1      | 2023-01-06 03:34:07,532 [main] INFO server.RaftServerConfigKeys: raft.server.storage.dir = [/data/metadata/scm-ha] (custom)
scm2_1      | 2023-01-06 03:33:52,846 [main] INFO algorithms.ContainerPlacementPolicyFactory: Create container placement policy of type org.apache.hadoop.hdds.scm.container.placement.algorithms.SCMContainerPlacementRandom
s3g_1       | 	at org.glassfish.jersey.server.ServerRuntime.process(ServerRuntime.java:234)
s3g_1       | 	at org.glassfish.jersey.server.ApplicationHandler.handle(ApplicationHandler.java:680)
scm1_1      | 2023-01-06 03:33:20,491 [e7aac016-e09c-4f61-8703-a7105c36936c-impl-thread1] INFO segmented.SegmentedRaftLogWorker: e7aac016-e09c-4f61-8703-a7105c36936c@group-DB2037A6BA0C-SegmentedRaftLogWorker: flushIndex: setUnconditionally 0 -> -1
datanode_1  | 2023-01-06 03:33:54,715 [EndpointStateMachine task thread for scm2/172.18.0.9:9861 - 0 ] INFO ipc.Client: Retrying connect to server: scm2/172.18.0.9:9861. Already tried 7 time(s); retry policy is RetryUpToMaximumCountWithFixedSleep(maxRetries=15, sleepTime=1000 MILLISECONDS)
datanode_1  | 2023-01-06 03:33:54,727 [EndpointStateMachine task thread for scm3/172.18.0.7:9861 - 0 ] INFO ipc.Client: Retrying connect to server: scm3/172.18.0.7:9861. Already tried 7 time(s); retry policy is RetryUpToMaximumCountWithFixedSleep(maxRetries=15, sleepTime=1000 MILLISECONDS)
datanode_1  | 2023-01-06 03:33:55,716 [EndpointStateMachine task thread for scm2/172.18.0.9:9861 - 0 ] INFO ipc.Client: Retrying connect to server: scm2/172.18.0.9:9861. Already tried 8 time(s); retry policy is RetryUpToMaximumCountWithFixedSleep(maxRetries=15, sleepTime=1000 MILLISECONDS)
recon_1     | 	at java.base/javax.security.auth.Subject.doAs(Subject.java:423)
om1_1       | 	at org.apache.hadoop.ozone.protocolPB.OzoneManagerRequestHandler.handleWriteRequest(OzoneManagerRequestHandler.java:311)
om1_1       | 	at org.apache.hadoop.ozone.om.ratis.OzoneManagerStateMachine.runCommand(OzoneManagerStateMachine.java:533)
om3_1       | 2023-01-06 03:35:04,963 [om3-impl-thread1] INFO server.RaftServerConfigKeys: raft.server.log.queue.byte-limit = 64MB (=67108864) (default)
scm2_1      | 2023-01-06 03:33:52,854 [main] INFO algorithms.ContainerPlacementPolicyFactory: Create container placement policy of type org.apache.hadoop.hdds.scm.container.placement.algorithms.SCMContainerPlacementRackScatter
s3g_1       | 	at org.glassfish.jersey.servlet.WebComponent.serviceImpl(WebComponent.java:394)
s3g_1       | 	at org.glassfish.jersey.servlet.WebComponent.service(WebComponent.java:346)
scm1_1      | 2023-01-06 03:33:20,502 [e7aac01