datanode_2  | 	at java.base/jdk.internal.reflect.DelegatingConstructorAccessorImpl.newInstance(DelegatingConstructorAccessorImpl.java:45)
datanode_2  | 	at java.base/java.lang.reflect.Constructor.newInstance(Constructor.java:490)
datanode_2  | 	at org.apache.hadoop.net.NetUtils.wrapWithMessage(NetUtils.java:913)
datanode_2  | 	at org.apache.hadoop.net.NetUtils.wrapException(NetUtils.java:828)
datanode_3  | 	at java.base/java.util.concurrent.ThreadPoolExecutor.runWorker(ThreadPoolExecutor.java:1128)
datanode_3  | 	at java.base/java.util.concurrent.ThreadPoolExecutor$Worker.run(ThreadPoolExecutor.java:628)
om1_1       | 2023-01-06 03:41:01,379 [OM StateMachine ApplyTransaction Thread - 0] INFO bucket.OMBucketCreateRequest: created bucket: bucket3 of layout LEGACY in volume: 93729-target
om1_1       | 2023-01-06 03:41:05,595 [OM StateMachine ApplyTransaction Thread - 0] ERROR bucket.OMBucketCreateRequest: Bucket creation failed for bucket:bucket3 in volume:93729-target
om2_1       | 2023-01-06 03:35:05,765 [Listener at om2/9862] INFO handler.ContextHandler: Started o.e.j.s.ServletContextHandler@7f53fc38{static,/static,jar:file:/opt/hadoop/share/ozone/lib/ozone-manager-1.4.0-SNAPSHOT.jar!/webapps/static,AVAILABLE}
om2_1       | 2023-01-06 03:35:06,213 [Listener at om2/9862] INFO handler.ContextHandler: Started o.e.j.w.WebAppContext@7b52b18a{ozoneManager,/,file:///tmp/jetty-0_0_0_0-9874-ozone-manager-1_4_0-SNAPSHOT_jar-_-any-17667368993686608004/webapp/,AVAILABLE}{jar:file:/opt/hadoop/share/ozone/lib/ozone-manager-1.4.0-SNAPSHOT.jar!/webapps/ozoneManager}
om2_1       | 2023-01-06 03:35:06,241 [Listener at om2/9862] INFO server.AbstractConnector: Started ServerConnector@cf9bd1e{HTTP/1.1, (http/1.1)}{0.0.0.0:9874}
datanode_2  | 	at org.apache.hadoop.ipc.Client.getRpcResponse(Client.java:1616)
scm2_1      | 2023-01-06 03:33:50,859 [main] INFO net.NodeSchemaLoader: Loading network topology layer schema file
datanode_3  | 	at java.base/java.lang.Thread.run(Thread.java:829)
om1_1       | BUCKET_ALREADY_EXISTS org.apache.hadoop.ozone.om.exceptions.OMException: Bucket already exist
om1_1       | 	at org.apache.hadoop.ozone.om.request.bucket.OMBucketCreateRequest.validateAndUpdateCache(OMBucketCreateRequest.java:206)
om1_1       | 	at org.apache.hadoop.ozone.protocolPB.OzoneManagerRequestHandler.handleWriteRequest(OzoneManagerRequestHandler.java:311)
scm1_1      | 2023-01-06 03:33:17,055 [main] INFO netty.NettyConfigKeys$DataStream: raft.netty.dataStream.server.boss-group.size = 0 (default)
scm3_1      | /************************************************************
scm3_1      | SHUTDOWN_MSG: Shutting down StorageContainerManager at cb173cbf05db/172.18.0.7
scm3_1      | ************************************************************/
datanode_1  | 	at java.base/java.util.concurrent.FutureTask.run(FutureTask.java:264)
datanode_2  | 	at org.apache.hadoop.ipc.Client.call(Client.java:1558)
datanode_2  | 	at org.apache.hadoop.ipc.Client.call(Client.java:1455)
datanode_3  | Caused by: java.net.ConnectException: Connection refused
scm3_1      | No '-XX:...' jvm parameters are set. Adding safer GC settings '-XX:ParallelGCThreads=8 -XX:+UseConcMarkSweepGC -XX:CMSInitiatingOccupancyFraction=70 -XX:+CMSParallelRemarkEnabled' to the OZONE_OPTS
s3g_1       | 	at org.jboss.weld.injection.producer.AbstractMemberProducer.produce(AbstractMemberProducer.java:161)
s3g_1       | 	at org.jboss.weld.bean.AbstractProducerBean.create(AbstractProducerBean.java:180)
s3g_1       | 	at org.jboss.weld.context.unbound.DependentContextImpl.get(DependentContextImpl.java:70)
datanode_1  | 	at java.base/java.util.concurrent.ThreadPoolExecutor.runWorker(ThreadPoolExecutor.java:1128)
scm2_1      | 2023-01-06 03:33:50,961 [main] INFO metrics.MetricRegistries: Loaded MetricRegistries class org.apache.ratis.metrics.impl.MetricRegistriesImpl
om2_1       | 2023-01-06 03:35:06,241 [Listener at om2/9862] INFO server.Server: Started @31325ms
om2_1       | 2023-01-06 03:35:06,249 [Listener at om2/9862] INFO impl.MetricsSinkAdapter: Sink prometheus started
om2_1       | 2023-01-06 03:35:06,250 [Listener at om2/9862] INFO impl.MetricsSystemImpl: Registered sink prometheus
om2_1       | 2023-01-06 03:35:06,253 [Listener at om2/9862] INFO http.BaseHttpServer: HTTP server of ozoneManager listening at http://0.0.0.0:9874
datanode_2  | 	at org.apache.hadoop.ipc.ProtobufRpcEngine$Invoker.invoke(ProtobufRpcEngine.java:235)
datanode_2  | 	at org.apache.hadoop.ipc.ProtobufRpcEngine$Invoker.invoke(ProtobufRpcEngine.java:122)
scm3_1      | OpenJDK 64-Bit Server VM warning: Option UseConcMarkSweepGC was deprecated in version 9.0 and will likely be removed in a future release.
om3_1       | 2023-01-06 03:34:59,708 [main] INFO server.RaftServerConfigKeys: raft.server.rpc.slowness.timeout = 120s (custom)
om3_1       | 2023-01-06 03:34:59,714 [main] INFO server.RaftServerConfigKeys: raft.server.leaderelection.leader.step-down.wait-time = 10s (default)
recon_1     | 2023-01-06 03:33:50,285 [Listener at 0.0.0.0/9891] INFO scm.ReconStorageContainerManagerFacade: Obtained 4 pipelines from SCM.
datanode_1  | 	at java.base/java.util.concurrent.ThreadPoolExecutor$Worker.run(ThreadPoolExecutor.java:628)
datanode_1  | 	at java.base/java.lang.Thread.run(Thread.java:829)
om2_1       | 2023-01-06 03:35:06,265 [IPC Server Responder] INFO ipc.Server: IPC Server Responder: starting
om2_1       | 2023-01-06 03:35:06,266 [IPC Server listener on 9862] INFO ipc.Server: IPC Server listener on 9862: starting
om2_1       | 2023-01-06 03:35:06,841 [Listener at om2/9862] INFO om.OzoneManager: Trash Interval set to 0. Files deleted won't move to trash
om2_1       | 2023-01-06 03:35:07,463 [Listener at om2/9862] INFO om.GrpcOzoneManagerServer: GrpcOzoneManagerServer is started using port 8981
datanode_3  | 	at java.base/sun.nio.ch.SocketChannelImpl.checkConnect(Native Method)
datanode_2  | 	at com.sun.proxy.$Proxy41.submitRequest(Unknown Source)
scm3_1      | 2023-01-06 03:34:03,842 [main] INFO server.StorageContainerManagerStarter: STARTUP_MSG: 
s3g_1       | 	at org.jboss.weld.bean.ContextualInstanceStrategy$DefaultContextualInstanceStrategy.get(ContextualInstanceStrategy.java:100)
s3g_1       | 	at org.jboss.weld.bean.ContextualInstance.get(ContextualInstance.java:50)
s3g_1       | 	at org.jboss.weld.manager.BeanManagerImpl.getReference(BeanManagerImpl.java:785)
datanode_1  | Caused by: java.net.ConnectException: Connection refused
recon_1     | 2023-01-06 03:33:50,285 [Listener at 0.0.0.0/9891] INFO scm.ReconPipelineManager: Recon has 0 pipelines in house.
recon_1     | 2023-01-06 03:33:50,287 [Listener at 0.0.0.0/9891] INFO scm.ReconPipelineManager: Adding new pipeline PipelineID=630d8f20-d7b3-4a0e-8ed5-e4b927435e6f from SCM.
om1_1       | 	at org.apache.hadoop.ozone.om.ratis.OzoneManagerStateMachine.runCommand(OzoneManagerStateMachine.java:533)
om1_1       | 	at org.apache.hadoop.ozone.om.ratis.OzoneManagerStateMachine.lambda$1(OzoneManagerStateMachine.java:324)
om1_1       | 	at java.base/java.util.concurrent.CompletableFuture$AsyncSupply.run(CompletableFuture.java:1700)
datanode_3  | 	at java.base/sun.nio.ch.SocketChannelImpl.finishConnect(SocketChannelImpl.java:777)
datanode_3  | 	at org.apache.hadoop.net.SocketIOWithTimeout.connect(SocketIOWithTimeout.java:205)
scm3_1      | /************************************************************
s3g_1       | 	at org.jboss.weld.manager.BeanManagerImpl.getInjectableReference(BeanManagerImpl.java:885)
s3g_1       | 	at org.jboss.weld.injection.FieldInjectionPoint.inject(FieldInjectionPoint.java:92)
datanode_1  | 	at java.base/sun.nio.ch.SocketChannelImpl.checkConnect(Native Method)
datanode_1  | 	at java.base/sun.nio.ch.SocketChannelImpl.finishConnect(SocketChannelImpl.java:777)
datanode_3  | 	at org.apache.hadoop.net.NetUtils.connect(NetUtils.java:586)
scm3_1      | STARTUP_MSG: Starting StorageContainerManager
scm3_1      | STARTUP_MSG:   host = cb173cbf05db/172.18.0.7
om3_1       | 2023-01-06 03:34:59,742 [main] INFO server.RaftServerConfigKeys: raft.server.storage.dir = [/data/metadata/ratis] (custom)
datanode_1  | 	at org.apache.hadoop.net.SocketIOWithTimeout.connect(SocketIOWithTimeout.java:205)
datanode_1  | 	at org.apache.hadoop.net.NetUtils.connect(NetUtils.java:586)
datanode_3  | 	at org.apache.hadoop.ipc.Client$Connection.setupConnection(Client.java:711)
s3g_1       | 	at org.jboss.weld.util.Beans.injectBoundFields(Beans.java:358)
s3g_1       | 	at org.jboss.weld.util.Beans.injectFieldsAndInitializers(Beans.java:369)
s3g_1       | 	at org.jboss.weld.injection.producer.ResourceInjector$1.proceed(ResourceInjector.java:70)
datanode_1  | 	at org.apache.hadoop.ipc.Client$Connection.setupConnection(Client.java:711)
datanode_1  | 	at org.apache.hadoop.ipc.Client$Connection.setupIOstreams(Client.java:833)
om1_1       | 	at java.base/java.util.concurrent.ThreadPoolExecutor.runWorker(ThreadPoolExecutor.java:1128)
om1_1       | 	at java.base/java.util.concurrent.ThreadPoolExecutor$Worker.run(ThreadPoolExecutor.java:628)
om1_1       | 	at java.base/java.lang.Thread.run(Thread.java:829)
datanode_3  | 	at org.apache.hadoop.ipc.Client$Connection.setupIOstreams(Client.java:833)
s3g_1       | 	at org.jboss.weld.injection.InjectionContextImpl.run(InjectionContextImpl.java:48)
s3g_1       | 	at org.jboss.weld.injection.producer.ResourceInjector.inject(ResourceInjector.java:72)
s3g_1       | 	at org.jboss.weld.injection.producer.BasicInjectionTarget.inject(BasicInjectionTarget.java:117)
datanode_1  | 	at org.apache.hadoop.ipc.Client$Connection.access$3800(Client.java:414)
om2_1       | 2023-01-06 03:35:07,537 [org.apache.hadoop.util.JvmPauseMonitor$Monitor@4470106b] INFO util.JvmPauseMonitor: Starting JVM pause monitor
scm1_1      | 2023-01-06 03:33:17,098 [main] INFO netty.NettyConfigKeys$DataStream: raft.netty.dataStream.server.worker-group.size = 0 (default)
scm2_1      | 2023-01-06 03:33:50,986 [main] INFO ha.SCMRatisServerImpl: starting Raft server for scm:529f8b1f-a243-44c9-9723-1883cc8f3ad7
om1_1       | 2023-01-06 03:41:09,340 [OM StateMachine ApplyTransaction Thread - 0] INFO bucket.OMBucketCreateRequest: created bucket: loop2 of layout LEGACY in volume: 93729-target
om1_1       | 2023-01-06 03:41:13,704 [OM StateMachine ApplyTransaction Thread - 0] INFO bucket.OMBucketCreateRequest: created bucket: loop3 of layout LEGACY in volume: 93729-target
recon_1     | 2023-01-06 03:33:50,422 [Listener at 0.0.0.0/9891] INFO pipeline.PipelineStateManagerImpl: Created pipeline Pipeline[ Id: 630d8f20-d7b3-4a0e-8ed5-e4b927435e6f, Nodes: 4230398d-a1bc-4ebc-b9f5-3bd8012f188b{ip: 172.18.0.10, host: ozone-ha_datanode_2.ozone-ha_default, ports: [REPLICATION=9886, RATIS=9858, RATIS_ADMIN=9857, RATIS_SERVER=9856, STANDALONE=9859], networkLocation: /default-rack, certSerialId: null, persistedOpState: IN_SERVICE, persistedOpStateExpiryEpochSec: 0}, ReplicationConfig: RATIS/ONE, State:ALLOCATED, leaderId:, CreationTimestamp2023-01-06T03:33:46.454Z[UTC]].
datanode_3  | 	at org.apache.hadoop.ipc.Client$Connection.access$3800(Client.java:414)
om3_1       | 2023-01-06 03:34:59,790 [om3-NettyServerStreamRpc-bossGroup--thread1] INFO logging.LoggingHandler: [id: 0xf3c8ecda] REGISTERED
om3_1       | 2023-01-06 03:34:59,804 [main] INFO server.RaftServer: om3: addNew group-D66704EFC61C:[om1|rpc:om1:9872|priority:0|startupRole:FOLLOWER, om3|rpc:om3:9872|priority:0|startupRole:FOLLOWER, om2|rpc:om2:9872|priority:0|startupRole:FOLLOWER] returns group-D66704EFC61C:java.util.concurrent.CompletableFuture@28a6e171[Not completed]
om3_1       | 2023-01-06 03:34:59,804 [main] INFO om.OzoneManager: OzoneManager Ratis server initialized at port 9872
datanode_1  | 	at org.apache.hadoop.ipc.Client.getConnection(Client.java:1677)
datanode_1  | 	at org.apache.hadoop.ipc.Client.call(Client.java:1502)
scm1_1      | 2023-01-06 03:33:17,100 [main] INFO netty.NettyConfigKeys$DataStream: raft.netty.dataStream.server.tls.conf = null (default)
om1_1       | 2023-01-06 03:41:18,719 [OM StateMachine ApplyTransaction Thread - 0] INFO bucket.OMBucketCreateRequest: created bucket: loop1 of layout LEGACY in volume: 93729-target
om1_1       | 2023-01-06 03:41:26,951 [OM StateMachine ApplyTransaction Thread - 0] INFO bucket.OMBucketCreateRequest: created bucket: link3 of layout LEGACY in volume: 93729-target
om1_1       | 2023-01-06 03:41:57,181 [OM StateMachine ApplyTransaction Thread - 0] INFO bucket.OMBucketCreateRequest: created bucket: link4 of layout LEGACY in volume: 93729-target
datanode_3  | 	at org.apache.hadoop.ipc.Client.getConnection(Client.java:1677)
scm3_1      | STARTUP_MSG:   args = []
scm3_1      | STARTUP_MSG:   version = 1.4.0-SNAPSHOT
scm3_1      | STARTUP_MSG:   classpath = /etc/hadoop:/opt/hadoop/share/ozone/lib/kerb-simplekdc-1.0.1.jar:/opt/hadoop/share/ozone/lib/netty-transport-4.1.77.Final.jar:/opt/hadoop/share/ozone/lib/slf4j-reload4j-1.7.36.jar:/opt/hadoop/share/ozone/lib/protobuf-java-2.5.0.jar:/opt/hadoop/share/ozone/lib/jaxb-core-2.3.0.1.jar:/opt/hadoop/share/ozone/lib/istack-commons-runtime-3.0.5.jar:/opt/hadoop/share/ozone/lib/commons-validator-1.6.jar:/opt/hadoop/share/ozone/lib/hdds-erasurecode-1.4.0-SNAPSHOT.jar:/opt/hadoop/share/ozone/lib/hdds-hadoop-dependency-server-1.4.0-SNAPSHOT.jar:/opt/hadoop/share/ozone/lib/bcpkix-jdk15on-1.67.jar:/opt/hadoop/share/ozone/lib/commons-net-3.9.0.jar:/opt/hadoop/share/ozone/lib/kerb-core-1.0.1.jar:/opt/hadoop/share/ozone/lib/hadoop-shaded-protobuf_3_7-1.1.1.jar:/opt/hadoop/share/ozone/lib/jsr305-3.0.0.jar:/opt/hadoop/share/ozone/lib/j2objc-annotations-1.3.jar:/opt/hadoop/share/ozone/lib/jetty-webapp-9.4.49.v20220914.jar:/opt/hadoop/share/ozone/lib/picocli-4.6.1.jar:/opt/hadoop/share/ozone/lib/javassist-3.21.0-GA.jar:/opt/hadoop/share/ozone/lib/jaxb-api-2.3.0.jar:/opt/hadoop/share/ozone/lib/hdds-interface-admin-1.4.0-SNAPSHOT.jar:/opt/hadoop/share/ozone/lib/commons-codec-1.15.jar:/opt/hadoop/share/ozone/lib/kerb-util-1.0.1.jar:/opt/hadoop/share/ozone/lib/hadoop-shaded-guava-1.1.1.jar:/opt/hadoop/share/ozone/lib/kotlin-stdlib-1.6.21.jar:/opt/hadoop/share/ozone/lib/log4j-core-2.17.1.jar:/opt/hadoop/share/ozone/lib/commons-logging-1.2.jar:/opt/hadoop/share/ozone/lib/ratis-thirdparty-misc-1.0.3.jar:/opt/hadoop/share/ozone/lib/jetty-security-9.4.49.v20220914.jar:/opt/hadoop/share/ozone/lib/accessors-smart-2.4.7.jar:/opt/hadoop/share/ozone/lib/kerby-xdr-1.0.1.jar:/opt/hadoop/share/ozone/lib/netty-handler-4.1.77.Final.jar:/opt/hadoop/share/ozone/lib/txw2-2.3.0.1.jar:/opt/hadoop/share/ozone/lib/httpcore-4.4.13.jar:/opt/hadoop/share/ozone/lib/hdds-container-service-1.4.0-SNAPSHOT.jar:/opt/hadoop/share/ozone/lib/guava-31.1-jre.jar:/opt/hadoop/share/ozone/lib/opentracing-tracerresolver-0.1.8.jar:/opt/hadoop/share/ozone/lib/ratis-grpc-2.4.2-8b8bdda-SNAPSHOT.jar:/opt/hadoop/share/ozone/lib/hadoop-auth-3.3.4.jar:/opt/hadoop/share/ozone/lib/libthrift-0.14.1.jar:/opt/hadoop/share/ozone/lib/stax-ex-1.7.8.jar:/opt/hadoop/share/ozone/lib/error_prone_annotations-2.2.0.jar:/opt/hadoop/share/ozone/lib/kotlin-stdlib-common-1.4.10.jar:/opt/hadoop/share/ozone/lib/hdds-hadoop-dependency-client-1.4.0-SNAPSHOT.jar:/opt/hadoop/share/ozone/lib/zstd-jni-1.5.2-5.jar:/opt/hadoop/share/ozone/lib/httpclient-4.5.13.jar:/opt/hadoop/share/ozone/lib/ratis-proto-2.4.2-8b8bdda-SNAPSHOT.jar:/opt/hadoop/share/ozone/lib/jaeger-client-1.6.0.jar:/opt/hadoop/share/ozone/lib/kerby-config-1.0.1.jar:/opt/hadoop/share/ozone/lib/jackson-annotations-2.13.4.jar:/opt/hadoop/share/ozone/lib/commons-io-2.11.0.jar:/opt/hadoop/share/ozone/lib/metrics-core-3.2.4.jar:/opt/hadoop/share/ozone/lib/hadoop-annotations-3.3.4.jar:/opt/hadoop/share/ozone/lib/kerby-pkix-1.0.1.jar:/opt/hadoop/share/ozone/lib/jetty-util-9.4.49.v20220914.jar:/opt/hadoop/share/ozone/lib/json-smart-2.4.7.jar:/opt/hadoop/share/ozone/lib/jetty-io-9.4.49.v20220914.jar:/opt/hadoop/share/ozone/lib/jsr311-api-1.1.1.jar:/opt/hadoop/share/ozone/lib/jetty-server-9.4.49.v20220914.jar:/opt/hadoop/share/ozone/lib/commons-beanutils-1.9.4.jar:/opt/hadoop/share/ozone/lib/javax.servlet-api-3.1.0.jar:/opt/hadoop/share/ozone/lib/kerb-server-1.0.1.jar:/opt/hadoop/share/ozone/lib/netty-resolver-4.1.77.Final.jar:/opt/hadoop/share/ozone/lib/kerb-client-1.0.1.jar:/opt/hadoop/share/ozone/lib/jetty-xml-9.4.49.v20220914.jar:/opt/hadoop/share/ozone/lib/hadoop-common-3.3.4.jar:/opt/hadoop/share/ozone/lib/disruptor-3.4.2.jar:/opt/hadoop/share/ozone/lib/reflections-0.9.11.jar:/opt/hadoop/share/ozone/lib/gson-2.9.0.jar:/opt/hadoop/share/ozone/lib/snakeyaml-1.33.jar:/opt/hadoop/share/ozone/lib/nimbus-jose-jwt-9.8.1.jar:/opt/hadoop/share/ozone/lib/hdds-client-1.4.0-SNAPSHOT.jar:/opt/hadoop/share/ozone/lib/ratis-common-2.4.2-8b8bdda-SNAPSHOT.jar:/opt/hadoop/share/ozone/lib/annotations-13.0.jar:/opt/hadoop/share/ozone/lib/simpleclient_common-0.7.0.jar:/opt/hadoop/share/ozone/lib/jaeger-thrift-1.6.0.jar:/opt/hadoop/share/ozone/lib/dnsjava-2.1.7.jar:/opt/hadoop/share/ozone/lib/rocksdbjni-7.7.3.jar:/opt/hadoop/share/ozone/lib/bcprov-jdk15on-1.67.jar:/opt/hadoop/share/ozone/lib/commons-configuration2-2.1.1.jar:/opt/hadoop/share/ozone/lib/token-provider-1.0.1.jar:/opt/hadoop/share/ozone/lib/commons-daemon-1.0.13.jar:/opt/hadoop/share/ozone/lib/listenablefuture-9999.0-empty-to-avoid-conflict-with-guava.jar:/opt/hadoop/share/ozone/lib/jaeger-tracerresolver-1.6.0.jar:/opt/hadoop/share/ozone/lib/slf4j-api-1.7.36.jar:/opt/hadoop/share/ozone/lib/commons-lang3-3.7.jar:/opt/hadoop/share/ozone/lib/re2j-1.1.jar:/opt/hadoop/share/ozone/lib/jackson-datatype-jsr310-2.13.4.jar:/opt/hadoop/share/ozone/lib/simpleclient_dropwizard-0.7.0.jar:/opt/hadoop/share/ozone/lib/simpleclient-0.7.0.jar:/opt/hadoop/share/ozone/lib/ratis-metrics-2.4.2-8b8bdda-SNAPSHOT.jar:/opt/hadoop/share/ozone/lib/asm-5.0.4.jar:/opt/hadoop/share/ozone/lib/kerby-util-1.0.1.jar:/opt/hadoop/share/ozone/lib/netty-codec-4.1.77.Final.jar:/opt/hadoop/share/ozone/lib/failureaccess-1.0.1.jar:/opt/hadoop/share/ozone/lib/jackson-databind-2.13.4.2.jar:/opt/hadoop/share/ozone/lib/okio-2.8.0.jar:/opt/hadoop/share/ozone/lib/jetty-servlet-9.4.49.v20220914.jar:/opt/hadoop/share/ozone/lib/jsp-api-2.1.jar:/opt/hadoop/share/ozone/lib/jsch-0.1.54.jar:/opt/hadoop/share/ozone/lib/jakarta.activation-api-1.2.1.jar:/opt/hadoop/share/ozone/lib/reload4j-1.2.22.jar:/opt/hadoop/share/ozone/lib/woodstox-core-5.4.0.jar:/opt/hadoop/share/ozone/lib/commons-pool2-2.6.0.jar:/opt/hadoop/share/ozone/lib/opentracing-api-0.33.0.jar:/opt/hadoop/share/ozone/lib/jcip-annotations-1.0-1.jar:/opt/hadoop/share/ozone/lib/kerb-admin-1.0.1.jar:/opt/hadoop/share/ozone/lib/jetty-util-ajax-9.4.49.v20220914.jar:/opt/hadoop/share/ozone/lib/netty-buffer-4.1.77.Final.jar:/opt/hadoop/share/ozone/lib/opentracing-noop-0.33.0.jar:/opt/hadoop/share/ozone/lib/hadoop-hdfs-client-3.3.4.jar:/opt/hadoop/share/ozone/lib/jersey-core-1.19.jar:/opt/hadoop/share/ozone/lib/commons-compress-1.21.jar:/opt/hadoop/share/ozone/lib/jaxb-runtime-2.3.0.1.jar:/opt/hadoop/share/ozone/lib/hadoop-hdfs-3.3.4.jar:/opt/hadoop/share/ozone/lib/jackson-core-2.13.4.jar:/opt/hadoop/share/ozone/lib/hdds-annotation-processing-1.4.0-SNAPSHOT.jar:/opt/hadoop/share/ozone/lib/opentracing-util-0.33.0.jar:/opt/hadoop/share/ozone/lib/stax2-api-4.2.1.jar:/opt/hadoop/share/ozone/lib/snappy-java-1.1.8.2.jar:/opt/hadoop/share/ozone/lib/ratis-netty-2.4.2-8b8bdda-SNAPSHOT.jar:/opt/hadoop/share/ozone/lib/hdds-config-1.4.0-SNAPSHOT.jar:/opt/hadoop/share/ozone/lib/commons-cli-1.2.jar:/opt/hadoop/share/ozone/lib/log4j-api-2.17.1.jar:/opt/hadoop/share/ozone/lib/javax.annotation-api-1.2.jar:/opt/hadoop/share/ozone/lib/ratis-server-api-2.4.2-8b8bdda-SNAPSHOT.jar:/opt/hadoop/share/ozone/lib/hdds-interface-client-1.4.0-SNAPSHOT.jar:/opt/hadoop/share/ozone/lib/kerby-asn1-1.0.1.jar:/opt/hadoop/share/ozone/lib/okhttp-4.9.3.jar:/opt/hadoop/share/ozone/lib/checker-qual-3.12.0.jar:/opt/hadoop/share/ozone/lib/hdds-interface-server-1.4.0-SNAPSHOT.jar:/opt/hadoop/share/ozone/lib/hdds-common-1.4.0-SNAPSHOT.jar:/opt/hadoop/share/ozone/lib/commons-digester-1.8.1.jar:/opt/hadoop/share/ozone/lib/commons-collections-3.2.2.jar:/opt/hadoop/share/ozone/lib/jaeger-core-1.6.0.jar:/opt/hadoop/share/ozone/lib/ratis-client-2.4.2-8b8bdda-SNAPSHOT.jar:/opt/hadoop/share/ozone/lib/commons-text-1.4.jar:/opt/hadoop/share/ozone/lib/jersey-servlet-1.19.jar:/opt/hadoop/share/ozone/lib/ratis-server-2.4.2-8b8bdda-SNAPSHOT.jar:/opt/hadoop/share/ozone/lib/jetty-http-9.4.49.v20220914.jar:/opt/hadoop/share/ozone/lib/kerb-identity-1.0.1.jar:/opt/hadoop/share/ozone/lib/FastInfoset-1.2.13.jar:/opt/hadoop/share/ozone/lib/kerb-common-1.0.1.jar:/opt/hadoop/share/ozone/lib/hdds-server-framework-1.4.0-SNAPSHOT.jar:/opt/hadoop/share/ozone/lib/jersey-server-1.19.jar:/opt/hadoop/share/ozone/lib/kerb-crypto-1.0.1.jar:/opt/hadoop/share/ozone/lib/netty-common-4.1.77.Final.jar:/opt/hadoop/share/ozone/web:/opt/hadoop/share/ozone/lib/hdds-server-scm-1.4.0-SNAPSHOT.jar
datanode_1  | 	... 12 more
om2_1       | 2023-01-06 03:35:09,807 [om2@group-D66704EFC61C-FollowerState] INFO impl.FollowerState: om2@group-D66704EFC61C-FollowerState: change to CANDIDATE, lastRpcElapsedTime:5151430068ns, electionTimeout:5115ms
scm1_1      | 2023-01-06 03:33:17,113 [main] INFO netty.NettyConfigKeys$DataStream: raft.netty.dataStream.host = null (default)
scm2_1      | 2023-01-06 03:33:51,151 [main] INFO server.RaftServer: raft.rpc.type = GRPC (default)
recon_1     | 2023-01-06 03:33:50,437 [Listener at 0.0.0.0/9891] INFO scm.ReconPipelineManager: Adding new pipeline PipelineID=0ed7c34e-8996-4661-a8cb-eba711f018b4 from SCM.
recon_1     | 2023-01-06 03:33:50,443 [Listener at 0.0.0.0/9891] INFO pipeline.PipelineStateManagerImpl: Created pipeline Pipeline[ Id: 0ed7c34e-8996-4661-a8cb-eba711f018b4, Nodes: 2523e88e-b30c-4126-acae-10dc0d57fffb{ip: 172.18.0.4, host: ozone-ha_datanode_3.ozone-ha_default, ports: [REPLICATION=9886, RATIS=9858, RATIS_ADMIN=9857, RATIS_SERVER=9856, STANDALONE=9859], networkLocation: /default-rack, certSerialId: null, persistedOpState: IN_SERVICE, persistedOpStateExpiryEpochSec: 0}d58c2887-f1c8-4b8a-bdd2-eb98f1753b1d{ip: 172.18.0.11, host: ozone-ha_datanode_1.ozone-ha_default, ports: [REPLICATION=9886, RATIS=9858, RATIS_ADMIN=9857, RATIS_SERVER=9856, STANDALONE=9859], networkLocation: /default-rack, certSerialId: null, persistedOpState: IN_SERVICE, persistedOpStateExpiryEpochSec: 0}4230398d-a1bc-4ebc-b9f5-3bd8012f188b{ip: 172.18.0.10, host: ozone-ha_datanode_2.ozone-ha_default, ports: [REPLICATION=9886, RATIS=9858, RATIS_ADMIN=9857, RATIS_SERVER=9856, STANDALONE=9859], networkLocation: /default-rack, certSerialId: null, persistedOpState: IN_SERVICE, persistedOpStateExpiryEpochSec: 0}, ReplicationConfig: RATIS/THREE, State:ALLOCATED, leaderId:, CreationTimestamp2023-01-06T03:33:47.599Z[UTC]].
recon_1     | 2023-01-06 03:33:50,443 [Listener at 0.0.0.0/9891] INFO scm.ReconPipelineManager: Adding new pipeline PipelineID=0f602122-5300-4a7b-8db3-7b7dfdb4a65a from SCM.
datanode_3  | 	at org.apache.hadoop.ipc.Client.call(Client.java:1502)
scm3_1      | STARTUP_MSG:   build = https://github.com/apache/ozone/9d30c9a7ce375cd614e86022850c7c128723df6b ; compiled by 'runner' on 2023-01-06T03:18Z
om3_1       | 2023-01-06 03:34:59,806 [om3-NettyServerStreamRpc-bossGroup--thread1] INFO logging.LoggingHandler: [id: 0xf3c8ecda] BIND: 0.0.0.0/0.0.0.0:0
om3_1       | 2023-01-06 03:34:59,814 [om3-NettyServerStreamRpc-bossGroup--thread1] INFO logging.LoggingHandler: [id: 0xf3c8ecda, L:/0.0.0.0:44167] ACTIVE
datanode_1  | 2023-01-06 03:33:46,713 [EndpointStateMachine task thread for scm3/172.18.0.7:9861 - 0 ] INFO ipc.Client: Retrying connect to server: scm3/172.18.0.7:9861. Already tried 14 time(s); retry policy is RetryUpToMaximumCountWithFixedSleep(maxRetries=15, sleepTime=1000 MILLISECONDS)
om2_1       | 2023-01-06 03:35:09,809 [om2@group-D66704EFC61C-FollowerState] INFO impl.RoleInfo: om2: shutdown om2@group-D66704EFC61C-FollowerState
om2_1       | 2023-01-06 03:35:09,810 [om2@group-D66704EFC61C-FollowerState] INFO server.RaftServer$Division: om2@group-D66704EFC61C: changes role from  FOLLOWER to CANDIDATE at term 0 for changeToCandidate
scm2_1      | 2023-01-06 03:33:51,246 [main] INFO grpc.GrpcConfigKeys: raft.grpc.admin.host = null (fallback to raft.grpc.server.host)
recon_1     | 2023-01-06 03:33:50,446 [Listener at 0.0.0.0/9891] INFO pipeline.PipelineStateManagerImpl: Created pipeline Pipeline[ Id: 0f602122-5300-4a7b-8db3-7b7dfdb4a65a, Nodes: d58c2887-f1c8-4b8a-bdd2-eb98f1753b1d{ip: 172.18.0.11, host: ozone-ha_datanode_1.ozone-ha_default, ports: [REPLICATION=9886, RATIS=9858, RATIS_ADMIN=9857, RATIS_SERVER=9856, STANDALONE=9859], networkLocation: /default-rack, certSerialId: null, persistedOpState: IN_SERVICE, persistedOpStateExpiryEpochSec: 0}, ReplicationConfig: RATIS/ONE, State:ALLOCATED, leaderId:, CreationTimestamp2023-01-06T03:33:47.572Z[UTC]].
recon_1     | 2023-01-06 03:33:50,447 [Listener at 0.0.0.0/9891] INFO scm.ReconPipelineManager: Adding new pipeline PipelineID=c73717fa-16a0-478e-99fd-79a03d2fa53c from SCM.
recon_1     | 2023-01-06 03:33:50,451 [Listener at 0.0.0.0/9891] INFO pipeline.PipelineStateManagerImpl: Created pipeline Pipeline[ Id: c73717fa-16a0-478e-99fd-79a03d2fa53c, Nodes: 2523e88e-b30c-4126-acae-10dc0d57fffb{ip: 172.18.0.4, host: ozone-ha_datanode_3.ozone-ha_default, ports: [REPLICATION=9886, RATIS=9858, RATIS_ADMIN=9857, RATIS_SERVER=9856, STANDALONE=9859], networkLocation: /default-rack, certSerialId: null, persistedOpState: IN_SERVICE, persistedOpStateExpiryEpochSec: 0}, ReplicationConfig: RATIS/ONE, State:ALLOCATED, leaderId:, CreationTimestamp2023-01-06T03:33:46.222Z[UTC]].
om1_1       | 2023-01-06 03:42:01,024 [OM StateMachine ApplyTransaction Thread - 0] ERROR bucket.OMBucketSetPropertyRequest: Setting bucket property failed for bucket:link4 in volume:93729-target
om1_1       | NOT_SUPPORTED_OPERATION org.apache.hadoop.ozone.om.exceptions.OMException: Cannot set property on link
om3_1       | 2023-01-06 03:34:59,955 [pool-26-thread-1] INFO server.RaftServer$Division: om3: new RaftServerImpl for group-D66704EFC61C:[om1|rpc:om1:9872|priority:0|startupRole:FOLLOWER, om3|rpc:om3:9872|priority:0|startupRole:FOLLOWER, om2|rpc:om2:9872|priority:0|startupRole:FOLLOWER] with OzoneManagerStateMachine:uninitialized
om3_1       | 2023-01-06 03:34:59,974 [main] INFO om.OzoneManager: Creating RPC Server
om3_1       | 2023-01-06 03:34:59,973 [pool-26-thread-1] INFO server.RaftServerConfigKeys: raft.server.rpc.timeout.min = 5s (custom)
datanode_1  | 2023-01-06 03:33:46,713 [EndpointStateMachine task thread for scm3/172.18.0.7:9861 - 0 ] WARN statemachine.EndpointStateMachine: Unable to communicate to SCM server at scm3:9861 for past 0 seconds.
om2_1       | 2023-01-06 03:35:09,814 [om2@group-D66704EFC61C-FollowerState] INFO server.RaftServerConfigKeys: raft.server.leaderelection.pre-vote = false (custom)
scm2_1      | 2023-01-06 03:33:51,248 [main] INFO grpc.GrpcConfigKeys: raft.grpc.admin.port = 9894 (fallback to raft.grpc.server.port)
datanode_3  | 	... 12 more
om3_1       | 2023-01-06 03:34:59,978 [pool-26-thread-1] INFO server.RaftServerConfigKeys: raft.server.rpc.timeout.max = 5200ms (custom)
om3_1       | 2023-01-06 03:34:59,978 [pool-26-thread-1] INFO server.RaftServerConfigKeys: raft.server.rpc.sleep.time = 25ms (default)
om3_1       | 2023-01-06 03:34:59,979 [pool-26-thread-1] INFO server.RaftServerConfigKeys: raft.server.rpc.slowness.timeout = 120s (custom)
om3_1       | 2023-01-06 03:34:59,980 [pool-26-thread-1] INFO server.RaftServerConfigKeys: raft.server.leaderelection.leader.step-down.wait-time = 10s (default)
datanode_1  | java.net.ConnectException: Call From 97aa3fdfa2b6/172.18.0.11 to scm3:9861 failed on connection exception: java.net.ConnectException: Connection refused; For more details see:  http://wiki.apache.org/hadoop/ConnectionRefused
om2_1       | 2023-01-06 03:35:09,814 [om2@group-D66704EFC61C-FollowerState] INFO impl.RoleInfo: om2: start om2@group-D66704EFC61C-LeaderElection1
scm2_1      | 2023-01-06 03:33:51,249 [main] INFO grpc.GrpcConfigKeys: raft.grpc.client.host = null (fallback to raft.grpc.server.host)
datanode_3  | 2023-01-06 03:33:48,384 [EndpointStateMachine task thread for scm2/172.18.0.9:9861 - 0 ] INFO ipc.Client: Retrying connect to server: scm2/172.18.0.9:9861. Already tried 0 time(s); retry policy is RetryUpToMaximumCountWithFixedSleep(maxRetries=15, sleepTime=1000 MILLISECONDS)
om3_1       | 2023-01-06 03:34:59,980 [pool-26-thread-1] INFO server.RaftServerConfigKeys: raft.server.sleep.deviation.threshold = 300ms (default)
scm1_1      | 2023-01-06 03:33:17,114 [main] INFO netty.NettyConfigKeys$DataStream: raft.netty.dataStream.port = 0 (default)
scm1_1      | 2023-01-06 03:33:18,029 [main] INFO server.RaftServerConfigKeys: raft.server.threadpool.proxy.cached = true (default)
scm1_1      | 2023-01-06 03:33:18,043 [main] INFO server.RaftServerConfigKeys: raft.server.threadpool.proxy.size = 0 (default)
datanode_1  | 	at java.base/jdk.internal.reflect.NativeConstructorAccessorImpl.newInstance0(Native Method)
om2_1       | 2023-01-06 03:35:09,829 [om2@group-D66704EFC61C-LeaderElection1] INFO impl.LeaderElection: om2@group-D66704EFC61C-LeaderElection1 ELECTION round 0: submit vote requests at term 1 for -1: peers:[om1|rpc:om1:9872|priority:0|startupRole:FOLLOWER, om3|rpc:om3:9872|priority:0|startupRole:FOLLOWER, om2|rpc:om2:9872|priority:0|startupRole:FOLLOWER]|listeners:[], old=null
scm2_1      | 2023-01-06 03:33:51,250 [main] INFO grpc.GrpcConfigKeys: raft.grpc.client.port = 9894 (fallback to raft.grpc.server.port)
datanode_3  | 2023-01-06 03:33:48,394 [EndpointStateMachine task thread for scm3/172.18.0.7:9861 - 0 ] INFO ipc.Client: Retrying connect to server: scm3/172.18.0.7:9861. Already tried 0 time(s); retry policy is RetryUpToMaximumCountWithFixedSleep(maxRetries=15, sleepTime=1000 MILLISECONDS)
scm1_1      | 2023-01-06 03:33:18,064 [main] INFO server.RaftServerConfigKeys: raft.server.rpc.slowness.timeout = 120000ms (custom)
scm1_1      | 2023-01-06 03:33:18,070 [main] INFO server.RaftServerConfigKeys: raft.server.leaderelection.leader.step-down.wait-time = 10s (default)
scm1_1      | 2023-01-06 03:33:18,120 [main] INFO server.RaftServerConfigKeys: raft.server.storage.dir = [/data/metadata/scm-ha] (custom)
scm1_1      | 2023-01-06 03:33:18,182 [e7aac016-e09c-4f61-8703-a7105c36936c-NettyServerStreamRpc-bossGroup--thread1] INFO logging.LoggingHandler: [id: 0x26137ca8] REGISTERED
datanode_1  | 	at java.base/jdk.internal.reflect.NativeConstructorAccessorImpl.newInstance(NativeConstructorAccessorImpl.java:62)
om2_1       | 2023-01-06 03:35:09,865 [om2@group-D66704EFC61C-LeaderElection1] INFO server.RaftServerConfigKeys: raft.server.rpc.first-election.timeout.min = 5s (fallback to raft.server.rpc.timeout.min)
scm2_1      | 2023-01-06 03:33:51,250 [main] INFO grpc.GrpcConfigKeys: raft.grpc.server.host = null (default)
datanode_3  | 2023-01-06 03:33:49,386 [EndpointStateMachine task thread for scm2/172.18.0.9:9861 - 0 ] INFO ipc.Client: Retrying connect to server: scm2/172.18.0.9:9861. Already tried 1 time(s); retry policy is RetryUpToMaximumCountWithFixedSleep(maxRetries=15, sleepTime=1000 MILLISECONDS)
scm1_1      | 2023-01-06 03:33:18,218 [e7aac016-e09c-4f61-8703-a7105c36936c-NettyServerStreamRpc-bossGroup--thread1] INFO logging.LoggingHandler: [id: 0x26137ca8] BIND: 0.0.0.0/0.0.0.0:0
scm1_1      | 2023-01-06 03:33:18,202 [main] INFO server.RaftServer: e7aac016-e09c-4f61-8703-a7105c36936c: addNew group-DB2037A6BA0C:[e7aac016-e09c-4f61-8703-a7105c36936c|rpc:scm1:9894|priority:0|startupRole:FOLLOWER] returns group-DB2037A6BA0C:java.util.concurrent.CompletableFuture@1c65121[Not completed]
scm1_1      | 2023-01-06 03:33:18,235 [e7aac016-e09c-4f61-8703-a7105c36936c-NettyServerStreamRpc-bossGroup--thread1] INFO logging.LoggingHandler: [id: 0x26137ca8, L:/0.0.0.0:34673] ACTIVE
scm1_1      | 2023-01-06 03:33:18,409 [pool-2-thread-1] INFO server.RaftServer$Division: e7aac016-e09c-4f61-8703-a7105c36936c: new RaftServerImpl for group-DB2037A6BA0C:[e7aac016-e09c-4f61-8703-a7105c36936c|rpc:scm1:9894|priority:0|startupRole:FOLLOWER] with SCMStateMachine:uninitialized
datanode_1  | 	at java.base/jdk.internal.reflect.DelegatingConstructorAccessorImpl.newInstance(DelegatingConstructorAccessorImpl.java:45)
om2_1       | 2023-01-06 03:35:09,866 [om2@group-D66704EFC61C-LeaderElection1] INFO server.RaftServerConfigKeys: raft.server.rpc.first-election.timeout.max = 5200ms (fallback to raft.server.rpc.timeout.max)
scm2_1      | 2023-01-06 03:33:51,250 [main] INFO grpc.GrpcConfigKeys: raft.grpc.server.port = 9894 (custom)
datanode_3  | 2023-01-06 03:33:49,395 [EndpointStateMachine task thread for scm3/172.18.0.7:9861 - 0 ] INFO ipc.Client: Retrying connect to server: scm3/172.18.0.7:9861. Already tried 1 time(s); retry policy is RetryUpToMaximumCountWithFixedSleep(maxRetries=15, sleepTime=1000 MILLISECONDS)
scm1_1      | 2023-01-06 03:33:18,467 [pool-2-thread-1] INFO server.RaftServerConfigKeys: raft.server.rpc.timeout.min = 5000ms (custom)
scm1_1      | 2023-01-06 03:33:18,477 [pool-2-thread-1] INFO server.RaftServerConfigKeys: raft.server.rpc.timeout.max = 5200ms (custom)
scm1_1      | 2023-01-06 03:33:18,477 [pool-2-thread-1] INFO server.RaftServerConfigKeys: raft.server.rpc.sleep.time = 25ms (default)
scm1_1      | 2023-01-06 03:33:18,478 [pool-2-thread-1] INFO server.RaftServerConfigKeys: raft.server.rpc.slowness.timeout = 120000ms (custom)
datanode_1  | 	at java.base/java.lang.reflect.Constructor.newInstance(Constructor.java:490)
s3g_1       | 	at org.glassfish.jersey.ext.cdi1x.internal.CdiComponentProvider$InjectionManagerInjectedCdiTarget.inject(CdiComponentProvider.java:665)
s3g_1       | 	at org.jboss.weld.bean.ManagedBean.create(ManagedBean.java:159)
scm2_1      | 2023-01-06 03:33:51,251 [main] INFO server.GrpcService: raft.grpc.message.size.max = 32m (=33554432) (custom)
scm2_1      | 2023-01-06 03:33:51,254 [main] INFO server.RaftServerConfigKeys: raft.server.log.appender.buffer.byte-limit = 33554432 (custom)
scm2_1      | 2023-01-06 03:33:51,255 [main] INFO server.GrpcService: raft.grpc.flow.control.window = 1MB (=1048576) (default)
datanode_3  | 2023-01-06 03:33:50,387 [EndpointStateMachine task thread for scm2/172.18.0.9:9861 - 0 ] INFO ipc.Client: Retrying connect to server: scm2/172.18.0.9:9861. Already tried 2 time(s); retry policy is RetryUpToMaximumCountWithFixedSleep(maxRetries=15, sleepTime=1000 MILLISECONDS)
datanode_2  | 	at org.apache.hadoop.ozone.protocolPB.StorageContainerDatanodeProtocolClientSideTranslatorPB.submitRequest(StorageContainerDatanodeProtocolClientSideTranslatorPB.java:117)
datanode_2  | 	at org.apache.hadoop.ozone.protocolPB.StorageContainerDatanodeProtocolClientSideTranslatorPB.getVersion(StorageContainerDatanodeProtocolClientSideTranslatorPB.java:133)
datanode_1  | 	at org.apache.hadoop.net.NetUtils.wrapWithMessage(NetUtils.java:913)
om2_1       | 2023-01-06 03:35:09,882 [om2@group-D66704EFC61C-LeaderElection1-2] INFO server.GrpcServerProtocolClient: Build channel for om3
scm1_1      | 2023-01-06 03:33:18,481 [pool-2-thread-1] INFO server.RaftServerConfigKeys: raft.server.leaderelection.leader.step-down.wait-time = 10s (default)
scm1_1      | 2023-01-06 03:33:18,488 [pool-2-thread-1] INFO server.RaftServerConfigKeys: raft.server.sleep.deviation.threshold = 300ms (default)
recon_1     | 2023-01-06 03:33:50,451 [Listener at 0.0.0.0/9891] INFO scm.ReconStorageContainerManagerFacade: SCM DB initialized
recon_1     | 2023-01-06 03:33:50,456 [Listener at 0.0.0.0/9891] INFO server.SCMDatanodeProtocolServer: ScmDatanodeProtocol RPC server for DataNodes is listening at /0.0.0.0:9891
recon_1     | 2023-01-06 03:33:50,461 [IPC Server Responder] INFO ipc.Server: IPC Server Responder: starting
recon_1     | 2023-01-06 03:33:50,471 [IPC Server listener on 9891] INFO ipc.Server: IPC Server listener on 9891: starting
datanode_3  | 2023-01-06 03:33:50,405 [EndpointStateMachine task thread for scm3/172.18.0.7:9861 - 0 ] INFO ipc.Client: Retrying connect to server: scm3/172.18.0.7:9861. Already tried 2 time(s); retry policy is RetryUpToMaximumCountWithFixedSleep(maxRetries=15, sleepTime=1000 MILLISECONDS)
datanode_2  | 	at org.apache.hadoop.ozone.container.common.states.endpoint.VersionEndpointTask.call(VersionEndpointTask.java:69)
datanode_2  | 	at org.apache.hadoop.ozone.container.common.states.endpoint.VersionEndpointTask.call(VersionEndpointTask.java:40)
datanode_1  | 	at org.apache.hadoop.net.NetUtils.wrapException(NetUtils.java:828)
datanode_1  | 	at org.apache.hadoop.ipc.Client.getRpcResponse(Client.java:1616)
scm1_1      | 2023-01-06 03:33:18,549 [pool-2-thread-1] INFO server.RaftServer$Division: e7aac016-e09c-4f61-8703-a7105c36936c@group-DB2037A6BA0C: ConfigurationManager, init=-1: peers:[e7aac016-e09c-4f61-8703-a7105c36936c|rpc:scm1:9894|priority:0|startupRole:FOLLOWER]|listeners:[], old=null, confs=<EMPTY_MAP>
scm3_1      | STARTUP_MSG:   java = 11.0.14.1
recon_1     | 2023-01-06 03:33:50,576 [Listener at 0.0.0.0/9891] INFO scm.ReconScmTask: Registered PipelineSyncTask task 
recon_1     | 2023-01-06 03:33:50,581 [Listener at 0.0.0.0/9891] INFO scm.ReconScmTask: Starting PipelineSyncTask Thread.
recon_1     | 2023-01-06 03:33:50,640 [PipelineSyncTask] INFO scm.ReconPipelineManager: Recon has 4 pipelines in house.
recon_1     | 2023-01-06 03:33:50,646 [Listener at 0.0.0.0/9891] INFO scm.ReconScmTask: Registered ContainerHealthTask task 
datanode_2  | 	at java.base/java.util.concurrent.FutureTask.run(FutureTask.java:264)
datanode_1  | 	at org.apache.hadoop.ipc.Client.call(Client.java:1558)
om2_1       | 2023-01-06 03:35:09,890 [om2@group-D66704EFC61C-LeaderElection1-1] INFO server.GrpcServerProtocolClient: Build channel for om1
om2_1       | 2023-01-06 03:35:11,599 [grpc-default-executor-1] INFO server.RaftServer$Division: om2@group-D66704EFC61C: receive requestVote(ELECTION, om1, group-D66704EFC61C, 1, (t:0, i:~))
scm1_1      | 2023-01-06 03:33:18,591 [pool-2-thread-1] INFO server.RaftServerConfigKeys: raft.server.storage.dir = [/data/metadata/scm-ha] (custom)
scm3_1      | ************************************************************/
scm3_1      | 2023-01-06 03:34:03,867 [main] INFO server.StorageContainerManagerStarter: registered UNIX signal handlers for [TERM, HUP, INT]
scm3_1      | 2023-01-06 03:34:04,016 [main] WARN server.ServerUtils: ozone.scm.db.dirs is not configured. We recommend adding this setting. Falling back to ozone.metadata.dirs instead.
scm3_1      | 2023-01-06 03:34:04,060 [main] INFO ha.SCMHANodeDetails: ServiceID for StorageContainerManager is null
scm3_1      | 2023-01-06 03:34:04,076 [main] INFO ha.SCMHANodeDetails: ozone.scm.default.service.id is not defined, falling back to ozone.scm.service.ids to find serviceID for StorageContainerManager if it is HA enabled cluster
om2_1       | 2023-01-06 03:35:11,603 [grpc-default-executor-0] INFO server.RaftServer$Division: om2@group-D66704EFC61C: receive requestVote(ELECTION, om3, group-D66704EFC61C, 1, (t:0, i:~))
om2_1       | 2023-01-06 03:35:11,606 [grpc-default-executor-0] INFO impl.VoteContext: om2@group-D66704EFC61C-CANDIDATE: reject ELECTION from om3: already has voted for om2 at current term 1
om2_1       | 2023-01-06 03:35:11,663 [grpc-default-executor-0] INFO server.RaftServer$Division: om2@group-D66704EFC61C replies to ELECTION vote request: om3<-om2#0:FAIL-t1. Peer's state: om2@group-D66704EFC61C:t1, leader=null, voted=om2, raftlog=Memoized:om2@group-D66704EFC61C-SegmentedRaftLog:OPENED:c-1, conf=-1: peers:[om1|rpc:om1:9872|priority:0|startupRole:FOLLOWER, om3|rpc:om3:9872|priority:0|startupRole:FOLLOWER, om2|rpc:om2:9872|priority:0|startupRole:FOLLOWER]|listeners:[], old=null
scm3_1      | 2023-01-06 03:34:04,159 [main] INFO ha.SCMHANodeDetails: Found matching SCM address with SCMServiceId: scmservice, SCMNodeId: scm3, RPC Address: scm3:9894 and Ratis port: 9894
scm3_1      | 2023-01-06 03:34:04,160 [main] INFO ha.SCMHANodeDetails: Setting configuration key ozone.scm.address with value of key ozone.scm.address.scmservice.scm3: scm3
scm3_1      | 2023-01-06 03:34:05,380 [main] WARN utils.HAUtils: ozone.scm.db.dirs is not configured. We recommend adding this setting. Falling back to ozone.metadata.dirs instead.
scm2_1      | 2023-01-06 03:33:51,256 [main] INFO server.RaftServerConfigKeys: raft.server.rpc.request.timeout = 30000ms (custom)
scm2_1      | 2023-01-06 03:33:51,268 [main] INFO grpc.GrpcConfigKeys: raft.grpc.server.heartbeat.channel = true (default)
scm2_1      | 2023-01-06 03:33:51,271 [main] INFO grpc.GrpcConfigKeys: raft.grpc.server.async.request.thread.pool.cached = true (default)
datanode_1  | 	at org.apache.hadoop.ipc.Client.call(Client.java:1455)
datanode_1  | 	at org.apache.hadoop.ipc.ProtobufRpcEngine$Invoker.invoke(ProtobufRpcEngine.java:235)
om2_1       | 2023-01-06 03:35:11,664 [grpc-default-executor-1] INFO impl.VoteContext: om2@group-D66704EFC61C-CANDIDATE: reject ELECTION from om1: already has voted for om2 at current term 1
om2_1       | 2023-01-06 03:35:11,670 [grpc-default-executor-1] INFO server.RaftServer$Division: om2@group-D66704EFC61C replies to ELECTION vote request: om1<-om2#0:FAIL-t1. Peer's state: om2@group-D66704EFC61C:t1, leader=null, voted=om2, raftlog=Memoized:om2@group-D66704EFC61C-SegmentedRaftLog:OPENED:c-1, conf=-1: peers:[om1|rpc:om1:9872|priority:0|startupRole:FOLLOWER, om3|rpc:om3:9872|priority:0|startupRole:FOLLOWER, om2|rpc:om2:9872|priority:0|startupRole:FOLLOWER]|listeners:[], old=null
scm1_1      | 2023-01-06 03:33:18,695 [pool-2-thread-1] INFO server.RaftServerConfigKeys: raft.server.log.corruption.policy = EXCEPTION (default)
scm1_1      | 2023-01-06 03:33:18,734 [pool-2-thread-1] INFO server.RaftServerConfigKeys: raft.server.storage.free-space.min = 0MB (=0) (default)
om1_1       | 	at org.apache.hadoop.ozone.om.request.bucket.OMBucketSetPropertyRequest.validateAndUpdateCache(OMBucketSetPropertyRequest.java:147)
om1_1       | 	at org.apache.hadoop.ozone.protocolPB.OzoneManagerRequestHandler.handleWriteRequest(OzoneManagerRequestHandler.java:311)
scm3_1      | 2023-01-06 03:34:05,718 [main] WARN db.DBStoreBuilder: ozone.scm.db.dirs is not configured. We recommend adding this setting. Falling back to ozone.metadata.dirs instead.
scm2_1      | 2023-01-06 03:33:51,272 [main] INFO grpc.GrpcConfigKeys: raft.grpc.server.async.request.thread.pool.size = 32 (default)
scm2_1      | 2023-01-06 03:33:51,583 [main] INFO impl.DataStreamServerImpl: raft.datastream.type = NETTY (custom)
scm2_1      | 2023-01-06 03:33:51,717 [main] INFO server.RaftServerConfigKeys: raft.server.data-stream.async.request.thread.pool.cached = false (default)
datanode_1  | 	at org.apache.hadoop.ipc.ProtobufRpcEngine$Invoker.invoke(ProtobufRpcEngine.java:122)
datanode_1  | 	at com.sun.proxy.$Proxy41.submitRequest(Unknown Source)
om3_1       | 2023-01-06 03:35:00,045 [pool-26-thread-1] INFO server.RaftServer$Division: om3@group-D66704EFC61C: ConfigurationManager, init=-1: peers:[om1|rpc:om1:9872|priority:0|startupRole:FOLLOWER, om3|rpc:om3:9872|priority:0|startupRole:FOLLOWER, om2|rpc:om2:9872|priority:0|startupRole:FOLLOWER]|listeners:[], old=null, confs=<EMPTY_MAP>
om3_1       | 2023-01-06 03:35:00,050 [pool-26-thread-1] INFO server.RaftServerConfigKeys: raft.server.storage.dir = [/data/metadata/ratis] (custom)
scm1_1      | 2023-01-06 03:33:18,865 [pool-2-thread-1] INFO server.RaftServerConfigKeys: raft.server.notification.no-leader.timeout = 60s (default)
scm1_1      | 2023-01-06 03:33:18,942 [pool-2-thread-1] INFO server.RaftServerConfigKeys: raft.server.retrycache.expirytime = 60000ms (default)
om1_1       | 	at org.apache.hadoop.ozone.om.ratis.OzoneManagerStateMachine.runCommand(OzoneManagerStateMachine.java:533)
s3g_1       | 	at org.jboss.weld.context.unbound.DependentContextImpl.get(DependentContextImpl.java:70)
s3g_1       | 	at org.jboss.weld.bean.ContextualInstanceStrategy$DefaultContextualInstanceStrategy.get(ContextualInstanceStrategy.java:100)
scm2_1      | 2023-01-06 03:33:51,718 [main] INFO server.RaftServerConfigKeys: raft.server.data-stream.async.request.thread.pool.size = 32 (default)
scm2_1      | 2023-01-06 03:33:51,718 [main] INFO server.RaftServerConfigKeys: raft.server.data-stream.async.write.thread.pool.size = 16 (default)
scm2_1      | 2023-01-06 03:33:51,719 [main] INFO server.RaftServerConfigKeys: raft.server.data-stream.client.pool.size = 10 (default)
datanode_1  | 	at org.apache.hadoop.ozone.protocolPB.StorageContainerDatanodeProtocolClientSideTranslatorPB.submitRequest(StorageContainerDatanodeProtocolClientSideTranslatorPB.java:117)
datanode_1  | 	at org.apache.hadoop.ozone.protocolPB.StorageContainerDatanodeProtocolClientSideTranslatorPB.getVersion(StorageContainerDatanodeProtocolClientSideTranslatorPB.java:133)
om3_1       | 2023-01-06 03:35:00,109 [pool-26-thread-1] INFO server.RaftServerConfigKeys: raft.server.log.corruption.policy = EXCEPTION (default)
om2_1       | 2023-01-06 03:35:11,738 [om2@group-D66704EFC61C-LeaderElection1] INFO impl.LeaderElection: om2@group-D66704EFC61C-LeaderElection1: ELECTION REJECTED received 2 response(s) and 0 exception(s):
om2_1       | 2023-01-06 03:35:11,738 [om2@group-D66704EFC61C-LeaderElection1] INFO impl.LeaderElection:   Response 0: om2<-om1#0:FAIL-t1
om1_1       | 	at org.apache.hadoop.ozone.om.ratis.OzoneManagerStateMachine.lambda$1(OzoneManagerStateMachine.java:324)
om1_1       | 	at java.base/java.util.concurrent.CompletableFuture$AsyncSupply.run(CompletableFuture.java:1700)
om1_1       | 	at java.base/java.util.concurrent.ThreadPoolExecutor.runWorker(ThreadPoolExecutor.java:1128)
om1_1       | 	at java.base/java.util.concurrent.ThreadPoolExecutor$Worker.run(ThreadPoolExecutor.java:628)
om1_1       | 	at java.base/java.lang.Thread.run(Thread.java:829)
scm3_1      | 2023-01-06 03:34:06,159 [main] INFO net.NodeSchemaLoader: Loading schema from [file:/etc/hadoop/network-topology-default.xml, jar:file:/opt/hadoop/share/ozone/lib/hdds-common-1.4.0-SNAPSHOT.jar!/network-topology-default.xml]
datanode_1  | 	at org.apache.hadoop.ozone.container.common.states.endpoint.VersionEndpointTask.call(VersionEndpointTask.java:69)
datanode_1  | 	at org.apache.hadoop.ozone.container.common.states.endpoint.VersionEndpointTask.call(VersionEndpointTask.java:40)
om3_1       | 2023-01-06 03:35:00,110 [pool-26-thread-1] INFO server.RaftServerConfigKeys: raft.server.storage.free-space.min = 0MB (=0) (default)
scm1_1      | 2023-01-06 03:33:18,943 [pool-2-thread-1] INFO server.RaftServerConfigKeys: raft.server.retrycache.statistics.expirytime = 100?s (default)
om2_1       | 2023-01-06 03:35:11,738 [om2@group-D66704EFC61C-LeaderElection1] INFO impl.LeaderElection:   Response 1: om2<-om3#0:FAIL-t1
om2_1       | 2023-01-06 03:35:11,738 [om2@group-D66704EFC61C-LeaderElection1] INFO impl.LeaderElection: om2@group-D66704EFC61C-LeaderElection1 ELECTION round 0: result REJECTED
om2_1       | 2023-01-06 03:35:11,740 [om2@group-D66704EFC61C-LeaderElection1] INFO server.RaftServer$Division: om2@group-D66704EFC61C: changes role from CANDIDATE to FOLLOWER at term 1 for REJECTED
om2_1       | 2023-01-06 03:35:11,742 [om2@group-D66704EFC61C-LeaderElection1] INFO impl.RoleInfo: om2: shutdown om2@group-D66704EFC61C-LeaderElection1
om2_1       | 2023-01-06 03:35:11,742 [om2@group-D66704EFC61C-LeaderElection1] INFO impl.RoleInfo: om2: start om2@group-D66704EFC61C-FollowerState
scm1_1      | 2023-01-06 03:33:19,497 [pool-2-thread-1] INFO server.RaftServerConfigKeys: raft.server.log.appender.install.snapshot.enabled = false (custom)
datanode_1  | 	at java.base/java.util.concurrent.FutureTask.run(FutureTask.java:264)
datanode_1  | 	at java.base/java.util.concurrent.ThreadPoolExecutor.runWorker(ThreadPoolExecutor.java:1128)
datanode_1  | 	at java.base/java.util.concurrent.ThreadPoolExecutor$Worker.run(ThreadPoolExecutor.java:628)
s3g_1       | 	at org.jboss.weld.bean.ContextualInstance.get(ContextualInstance.java:50)
s3g_1       | 	at org.jboss.weld.manager.BeanManagerImpl.getReference(BeanManagerImpl.java:785)
s3g_1       | 	at org.jboss.weld.manager.BeanManagerImpl.getReference(BeanManagerImpl.java:808)
datanode_3  | 2023-01-06 03:33:51,388 [EndpointStateMachine task thread for scm2/172.18.0.9:9861 - 0 ] INFO ipc.Client: Retrying connect to server: scm2/172.18.0.9:9861. Already tried 3 time(s); retry policy is RetryUpToMaximumCountWithFixedSleep(maxRetries=15, sleepTime=1000 MILLISECONDS)
datanode_3  | 2023-01-06 03:33:51,405 [EndpointStateMachine task thread for scm3/172.18.0.7:9861 - 0 ] INFO ipc.Client: Retrying connect to server: scm3/172.18.0.7:9861. Already tried 3 time(s); retry policy is RetryUpToMaximumCountWithFixedSleep(maxRetries=15, sleepTime=1000 MILLISECONDS)
datanode_3  | 2023-01-06 03:33:52,390 [EndpointStateMachine task thread for scm2/172.18.0.9:9861 - 0 ] INFO ipc.Client: Retrying connect to server: scm2/172.18.0.9:9861. Already tried 4 time(s); retry policy is RetryUpToMaximumCountWithFixedSleep(maxRetries=15, sleepTime=1000 MILLISECONDS)
scm3_1      | 2023-01-06 03:34:06,160 [main] INFO net.NodeSchemaLoader: Loading network topology layer schema file
scm3_1      | 2023-01-06 03:34:06,271 [main] INFO metrics.MetricRegistries: Loaded MetricRegistries class org.apache.ratis.metrics.impl.MetricRegistriesImpl
scm3_1      | 2023-01-06 03:34:06,311 [main] INFO ha.SCMRatisServerImpl: starting Raft server for scm:012a5dd0-63f4-4617-8c23-7af31b6b2448
scm3_1      | 2023-01-06 03:34:06,440 [main] INFO server.RaftServer: raft.rpc.type = GRPC (default)
recon_1     | 2023-01-06 03:33:50,646 [Listener at 0.0.0.0/9891] INFO scm.ReconScmTask: Starting ContainerHealthTask Thread.
datanode_1  | 	at java.base/java.lang.Thread.run(Thread.java:829)
s3g_1       | 	at org.jboss.weld.util.ForwardingBeanManager.getReference(ForwardingBeanManager.java:61)
s3g_1       | 	at org.jboss.weld.bean.builtin.BeanManagerProxy.getReference(BeanManagerProxy.java:85)
