Using Docker Compose v2
Executing test ozone/test-ec.sh
Using Docker Compose v2
Port 9860 is not available on scm yet
Port 9860 is not available on scm yet
Port 9860 is not available on scm yet
Port 9860 is not available on scm yet
Port 9860 is not available on scm yet
Port 9860 is not available on scm yet
Port 9860 is not available on scm yet
Port 9860 is not available on scm yet
Port 9860 is not available on scm yet
Port 9860 is not available on scm yet
Port 9860 is not available on scm yet
Port 9860 is not available on scm yet
Port 9860 is not available on scm yet
Port 9860 is not available on scm yet
Port 9860 is not available on scm yet
Port 9860 is not available on scm yet
Port 9860 is not available on scm yet
Port 9860 is not available on scm yet
Port 9860 is not available on scm yet
Port 9860 is not available on scm yet
Port 9860 is not available on scm yet
Port 9860 is not available on scm yet
Port 9860 is not available on scm yet
Port 9860 is not available on scm yet
Port 9860 is not available on scm yet
Port 9860 is not available on scm yet
Port 9860 is available on scm
SCM is in safe mode. Will retry in 1 sec. Remaining time (sec): 239
SCM is in safe mode. Will retry in 1 sec. Remaining time (sec): 238
SCM is in safe mode. Will retry in 1 sec. Remaining time (sec): 237
SCM is in safe mode. Will retry in 1 sec. Remaining time (sec): 236
SCM is in safe mode. Will retry in 1 sec. Remaining time (sec): 235
SCM is in safe mode. Will retry in 1 sec. Remaining time (sec): 234
SCM is in safe mode. Will retry in 1 sec. Remaining time (sec): 233
SCM is in safe mode. Will retry in 1 sec. Remaining time (sec): 232
SCM is in safe mode. Will retry in 1 sec. Remaining time (sec): 231
SCM is in safe mode. Will retry in 1 sec. Remaining time (sec): 230
SCM is in safe mode. Will retry in 1 sec. Remaining time (sec): 229
SCM is in safe mode. Will retry in 1 sec. Remaining time (sec): 228
SCM is in safe mode. Will retry in 1 sec. Remaining time (sec): 227
SCM is in safe mode. Will retry in 1 sec. Remaining time (sec): 226
SCM is in safe mode. Will retry in 1 sec. Remaining time (sec): 225
SCM is in safe mode. Will retry in 1 sec. Remaining time (sec): 224
SCM is in safe mode. Will retry in 1 sec. Remaining time (sec): 223
SCM is in safe mode. Will retry in 1 sec. Remaining time (sec): 222
SCM is in safe mode. Will retry in 1 sec. Remaining time (sec): 221
SCM is in safe mode. Will retry in 1 sec. Remaining time (sec): 220
SCM is in safe mode. Will retry in 1 sec. Remaining time (sec): 219
SCM is in safe mode. Will retry in 1 sec. Remaining time (sec): 218
SCM is in safe mode. Will retry in 1 sec. Remaining time (sec): 217
SCM is in safe mode. Will retry in 1 sec. Remaining time (sec): 216
SCM is in safe mode. Will retry in 1 sec. Remaining time (sec): 215
SCM is in safe mode. Will retry in 1 sec. Remaining time (sec): 214
SCM is in safe mode. Will retry in 1 sec. Remaining time (sec): 213
SCM is in safe mode. Will retry in 1 sec. Remaining time (sec): 212
SCM is in safe mode. Will retry in 1 sec. Remaining time (sec): 211
SCM is in safe mode. Will retry in 1 sec. Remaining time (sec): 210
SCM is in safe mode. Will retry in 1 sec. Remaining time (sec): 209
SCM is in safe mode. Will retry in 1 sec. Remaining time (sec): 208
SCM is in safe mode. Will retry in 1 sec. Remaining time (sec): 207
SCM is in safe mode. Will retry in 1 sec. Remaining time (sec): 206
SCM is in safe mode. Will retry in 1 sec. Remaining time (sec): 205
SCM is in safe mode. Will retry in 1 sec. Remaining time (sec): 204
SCM is in safe mode. Will retry in 1 sec. Remaining time (sec): 203
SCM is in safe mode. Will retry in 1 sec. Remaining time (sec): 201
SCM is in safe mode. Will retry in 1 sec. Remaining time (sec): 200
SCM is in safe mode. Will retry in 1 sec. Remaining time (sec): 199
SCM is in safe mode. Will retry in 1 sec. Remaining time (sec): 198
SCM is in safe mode. Will retry in 1 sec. Remaining time (sec): 197
SCM is in safe mode. Will retry in 1 sec. Remaining time (sec): 196
SCM is in safe mode. Will retry in 1 sec. Remaining time (sec): 195
SCM is in safe mode. Will retry in 1 sec. Remaining time (sec): 194
SCM is in safe mode. Will retry in 1 sec. Remaining time (sec): 193
SCM is in safe mode. Will retry in 1 sec. Remaining time (sec): 192
SCM is in safe mode. Will retry in 1 sec. Remaining time (sec): 191
SCM is in safe mode. Will retry in 1 sec. Remaining time (sec): 190
SCM is in safe mode. Will retry in 1 sec. Remaining time (sec): 189
SCM is in safe mode. Will retry in 1 sec. Remaining time (sec): 188
SCM is in safe mode. Will retry in 1 sec. Remaining time (sec): 187
SCM is in safe mode. Will retry in 1 sec. Remaining time (sec): 186
SCM is in safe mode. Will retry in 1 sec. Remaining time (sec): 185
SCM is in safe mode. Will retry in 1 sec. Remaining time (sec): 184
SCM is in safe mode. Will retry in 1 sec. Remaining time (sec): 183
SCM is in safe mode. Will retry in 1 sec. Remaining time (sec): 182
SCM is in safe mode. Will retry in 1 sec. Remaining time (sec): 181
SCM is in safe mode. Will retry in 1 sec. Remaining time (sec): 180
SCM is in safe mode. Will retry in 1 sec. Remaining time (sec): 179
SCM is in safe mode. Will retry in 1 sec. Remaining time (sec): 178
SCM is in safe mode. Will retry in 1 sec. Remaining time (sec): 177
SCM is in safe mode. Will retry in 1 sec. Remaining time (sec): 176
SCM is in safe mode. Will retry in 1 sec. Remaining time (sec): 175
SCM is in safe mode. Will retry in 1 sec. Remaining time (sec): 174
SCM is in safe mode. Will retry in 1 sec. Remaining time (sec): 173
SCM is in safe mode. Will retry in 1 sec. Remaining time (sec): 172
SCM is in safe mode. Will retry in 1 sec. Remaining time (sec): 171
SCM is in safe mode. Will retry in 1 sec. Remaining time (sec): 170
SCM is in safe mode. Will retry in 1 sec. Remaining time (sec): 169
SCM is in safe mode. Will retry in 1 sec. Remaining time (sec): 168
SCM is in safe mode. Will retry in 1 sec. Remaining time (sec): 167
SCM is in safe mode. Will retry in 1 sec. Remaining time (sec): 166
SCM is in safe mode. Will retry in 1 sec. Remaining time (sec): 165
SCM is in safe mode. Will retry in 1 sec. Remaining time (sec): 164
SCM is in safe mode. Will retry in 1 sec. Remaining time (sec): 163
SCM is in safe mode. Will retry in 1 sec. Remaining time (sec): 162
SCM is in safe mode. Will retry in 1 sec. Remaining time (sec): 161
SCM is in safe mode. Will retry in 1 sec. Remaining time (sec): 160
SCM is in safe mode. Will retry in 1 sec. Remaining time (sec): 159
SCM is in safe mode. Will retry in 1 sec. Remaining time (sec): 158
SCM is in safe mode. Will retry in 1 sec. Remaining time (sec): 157
SCM is in safe mode. Will retry in 1 sec. Remaining time (sec): 156
SCM is in safe mode. Will retry in 1 sec. Remaining time (sec): 155
SCM is in safe mode. Will retry in 1 sec. Remaining time (sec): 154
SCM is in safe mode. Will retry in 1 sec. Remaining time (sec): 153
SCM is in safe mode. Will retry in 1 sec. Remaining time (sec): 152
SCM is in safe mode. Will retry in 1 sec. Remaining time (sec): 151
SCM is in safe mode. Will retry in 1 sec. Remaining time (sec): 150
SCM is in safe mode. Will retry in 1 sec. Remaining time (sec): 149
SCM is in safe mode. Will retry in 1 sec. Remaining time (sec): 148
SCM is in safe mode. Will retry in 1 sec. Remaining time (sec): 147
SCM is in safe mode. Will retry in 1 sec. Remaining time (sec): 146
SCM is in safe mode. Will retry in 1 sec. Remaining time (sec): 145
SCM is in safe mode. Will retry in 1 sec. Remaining time (sec): 144
SCM is in safe mode. Will retry in 1 sec. Remaining time (sec): 143
SCM is in safe mode. Will retry in 1 sec. Remaining time (sec): 142
SCM is in safe mode. Will retry in 1 sec. Remaining time (sec): 141
SCM is in safe mode. Will retry in 1 sec. Remaining time (sec): 140
SCM is in safe mode. Will retry in 1 sec. Remaining time (sec): 139
SCM is in safe mode. Will retry in 1 sec. Remaining time (sec): 138
SCM is in safe mode. Will retry in 1 sec. Remaining time (sec): 137
SCM is in safe mode. Will retry in 1 sec. Remaining time (sec): 136
SCM is in safe mode. Will retry in 1 sec. Remaining time (sec): 135
SCM is in safe mode. Will retry in 1 sec. Remaining time (sec): 134
SCM is in safe mode. Will retry in 1 sec. Remaining time (sec): 133
SCM is in safe mode. Will retry in 1 sec. Remaining time (sec): 132
SCM is in safe mode. Will retry in 1 sec. Remaining time (sec): 131
SCM is in safe mode. Will retry in 1 sec. Remaining time (sec): 130
SCM is in safe mode. Will retry in 1 sec. Remaining time (sec): 129
SCM is in safe mode. Will retry in 1 sec. Remaining time (sec): 128
SCM is in safe mode. Will retry in 1 sec. Remaining time (sec): 127
SCM is in safe mode. Will retry in 1 sec. Remaining time (sec): 126
SCM is in safe mode. Will retry in 1 sec. Remaining time (sec): 125
SCM is in safe mode. Will retry in 1 sec. Remaining time (sec): 124
SCM is in safe mode. Will retry in 1 sec. Remaining time (sec): 123
SCM is in safe mode. Will retry in 1 sec. Remaining time (sec): 122
SCM is in safe mode. Will retry in 1 sec. Remaining time (sec): 121
SCM is in safe mode. Will retry in 1 sec. Remaining time (sec): 120
SCM is in safe mode. Will retry in 1 sec. Remaining time (sec): 119
SCM is in safe mode. Will retry in 1 sec. Remaining time (sec): 118
SCM is in safe mode. Will retry in 1 sec. Remaining time (sec): 117
SCM is in safe mode. Will retry in 1 sec. Remaining time (sec): 116
SCM is in safe mode. Will retry in 1 sec. Remaining time (sec): 115
SCM is in safe mode. Will retry in 1 sec. Remaining time (sec): 114
SCM is in safe mode. Will retry in 1 sec. Remaining time (sec): 113
SCM is in safe mode. Will retry in 1 sec. Remaining time (sec): 112
SCM is in safe mode. Will retry in 1 sec. Remaining time (sec): 111
SCM is in safe mode. Will retry in 1 sec. Remaining time (sec): 110
SCM is in safe mode. Will retry in 1 sec. Remaining time (sec): 109
SCM is in safe mode. Will retry in 1 sec. Remaining time (sec): 108
SCM is in safe mode. Will retry in 1 sec. Remaining time (sec): 107
SCM is in safe mode. Will retry in 1 sec. Remaining time (sec): 106
SCM is in safe mode. Will retry in 1 sec. Remaining time (sec): 105
SCM is in safe mode. Will retry in 1 sec. Remaining time (sec): 104
SCM is in safe mode. Will retry in 1 sec. Remaining time (sec): 103
SCM is in safe mode. Will retry in 1 sec. Remaining time (sec): 102
SCM is in safe mode. Will retry in 1 sec. Remaining time (sec): 101
SCM is in safe mode. Will retry in 1 sec. Remaining time (sec): 100
SCM is in safe mode. Will retry in 1 sec. Remaining time (sec): 99
SCM is in safe mode. Will retry in 1 sec. Remaining time (sec): 98
SCM is in safe mode. Will retry in 1 sec. Remaining time (sec): 97
SCM is in safe mode. Will retry in 1 sec. Remaining time (sec): 96
SCM is in safe mode. Will retry in 1 sec. Remaining time (sec): 95
SCM is in safe mode. Will retry in 1 sec. Remaining time (sec): 94
SCM is in safe mode. Will retry in 1 sec. Remaining time (sec): 93
SCM is in safe mode. Will retry in 1 sec. Remaining time (sec): 92
SCM is in safe mode. Will retry in 1 sec. Remaining time (sec): 91
SCM is in safe mode. Will retry in 1 sec. Remaining time (sec): 90
SCM is in safe mode. Will retry in 1 sec. Remaining time (sec): 89
SCM is in safe mode. Will retry in 1 sec. Remaining time (sec): 88
SCM is in safe mode. Will retry in 1 sec. Remaining time (sec): 87
SCM is in safe mode. Will retry in 1 sec. Remaining time (sec): 86
SCM is in safe mode. Will retry in 1 sec. Remaining time (sec): 85
SCM is in safe mode. Will retry in 1 sec. Remaining time (sec): 84
SCM is in safe mode. Will retry in 1 sec. Remaining time (sec): 83
SCM is in safe mode. Will retry in 1 sec. Remaining time (sec): 82
SCM is in safe mode. Will retry in 1 sec. Remaining time (sec): 81
SCM is in safe mode. Will retry in 1 sec. Remaining time (sec): 80
SCM is in safe mode. Will retry in 1 sec. Remaining time (sec): 79
SCM is in safe mode. Will retry in 1 sec. Remaining time (sec): 78
SCM is in safe mode. Will retry in 1 sec. Remaining time (sec): 77
SCM is in safe mode. Will retry in 1 sec. Remaining time (sec): 76
SCM is in safe mode. Will retry in 1 sec. Remaining time (sec): 75
SCM is in safe mode. Will retry in 1 sec. Remaining time (sec): 74
SCM is in safe mode. Will retry in 1 sec. Remaining time (sec): 73
SCM is in safe mode. Will retry in 1 sec. Remaining time (sec): 72
SCM is in safe mode. Will retry in 1 sec. Remaining time (sec): 71
SCM is in safe mode. Will retry in 1 sec. Remaining time (sec): 70
SCM is in safe mode. Will retry in 1 sec. Remaining time (sec): 69
SCM is in safe mode. Will retry in 1 sec. Remaining time (sec): 68
SCM is in safe mode. Will retry in 1 sec. Remaining time (sec): 67
SCM is in safe mode. Will retry in 1 sec. Remaining time (sec): 66
SCM is in safe mode. Will retry in 1 sec. Remaining time (sec): 65
SCM is in safe mode. Will retry in 1 sec. Remaining time (sec): 64
SCM is in safe mode. Will retry in 1 sec. Remaining time (sec): 63
SCM is in safe mode. Will retry in 1 sec. Remaining time (sec): 62
SCM is in safe mode. Will retry in 1 sec. Remaining time (sec): 61
SCM is in safe mode. Will retry in 1 sec. Remaining time (sec): 60
SCM is in safe mode. Will retry in 1 sec. Remaining time (sec): 59
SCM is in safe mode. Will retry in 1 sec. Remaining time (sec): 58
SCM is in safe mode. Will retry in 1 sec. Remaining time (sec): 57
SCM is in safe mode. Will retry in 1 sec. Remaining time (sec): 56
SCM is in safe mode. Will retry in 1 sec. Remaining time (sec): 55
SCM is in safe mode. Will retry in 1 sec. Remaining time (sec): 54
SCM is in safe mode. Will retry in 1 sec. Remaining time (sec): 53
SCM is in safe mode. Will retry in 1 sec. Remaining time (sec): 52
SCM is in safe mode. Will retry in 1 sec. Remaining time (sec): 51
SCM is in safe mode. Will retry in 1 sec. Remaining time (sec): 50
SCM is in safe mode. Will retry in 1 sec. Remaining time (sec): 49
SCM is in safe mode. Will retry in 1 sec. Remaining time (sec): 48
SCM is in safe mode. Will retry in 1 sec. Remaining time (sec): 47
SCM is in safe mode. Will retry in 1 sec. Remaining time (sec): 46
SCM is in safe mode. Will retry in 1 sec. Remaining time (sec): 45
SCM is in safe mode. Will retry in 1 sec. Remaining time (sec): 44
SCM is in safe mode. Will retry in 1 sec. Remaining time (sec): 43
SCM is in safe mode. Will retry in 1 sec. Remaining time (sec): 42
SCM is in safe mode. Will retry in 1 sec. Remaining time (sec): 41
SCM is in safe mode. Will retry in 1 sec. Remaining time (sec): 40
SCM is in safe mode. Will retry in 1 sec. Remaining time (sec): 39
SCM is in safe mode. Will retry in 1 sec. Remaining time (sec): 38
SCM is in safe mode. Will retry in 1 sec. Remaining time (sec): 37
SCM is in safe mode. Will retry in 1 sec. Remaining time (sec): 36
SCM is in safe mode. Will retry in 1 sec. Remaining time (sec): 35
SCM is in safe mode. Will retry in 1 sec. Remaining time (sec): 34
SCM is in safe mode. Will retry in 1 sec. Remaining time (sec): 33
SCM is in safe mode. Will retry in 1 sec. Remaining time (sec): 32
SCM is in safe mode. Will retry in 1 sec. Remaining time (sec): 31
SCM is in safe mode. Will retry in 1 sec. Remaining time (sec): 30
SCM is in safe mode. Will retry in 1 sec. Remaining time (sec): 29
SCM is in safe mode. Will retry in 1 sec. Remaining time (sec): 28
SCM is in safe mode. Will retry in 1 sec. Remaining time (sec): 27
SCM is in safe mode. Will retry in 1 sec. Remaining time (sec): 26
SCM is in safe mode. Will retry in 1 sec. Remaining time (sec): 25
SCM is in safe mode. Will retry in 1 sec. Remaining time (sec): 24
SCM is in safe mode. Will retry in 1 sec. Remaining time (sec): 23
SCM is in safe mode. Will retry in 1 sec. Remaining time (sec): 22
SCM is in safe mode. Will retry in 1 sec. Remaining time (sec): 21
SCM is in safe mode. Will retry in 1 sec. Remaining time (sec): 20
SCM is in safe mode. Will retry in 1 sec. Remaining time (sec): 19
SCM is in safe mode. Will retry in 1 sec. Remaining time (sec): 18
SCM is in safe mode. Will retry in 1 sec. Remaining time (sec): 17
SCM is in safe mode. Will retry in 1 sec. Remaining time (sec): 16
SCM is in safe mode. Will retry in 1 sec. Remaining time (sec): 15
SCM is in safe mode. Will retry in 1 sec. Remaining time (sec): 14
SCM is in safe mode. Will retry in 1 sec. Remaining time (sec): 13
SCM is in safe mode. Will retry in 1 sec. Remaining time (sec): 12
SCM is in safe mode. Will retry in 1 sec. Remaining time (sec): 11
SCM is in safe mode. Will retry in 1 sec. Remaining time (sec): 10
SCM is in safe mode. Will retry in 1 sec. Remaining time (sec): 9
SCM is in safe mode. Will retry in 1 sec. Remaining time (sec): 8
SCM is in safe mode. Will retry in 1 sec. Remaining time (sec): 7
SCM is in safe mode. Will retry in 1 sec. Remaining time (sec): 6
SCM is in safe mode. Will retry in 1 sec. Remaining time (sec): 5
SCM is in safe mode. Will retry in 1 sec. Remaining time (sec): 4
SCM is in safe mode. Will retry in 1 sec. Remaining time (sec): 3
SCM is in safe mode. Will retry in 1 sec. Remaining time (sec): 2
SCM is in safe mode. Will retry in 1 sec. Remaining time (sec): 1
SCM is in safe mode. No more retries.
Safe mode is not ended within the timeout period.
ERROR: Test execution of ozone/test-ec.sh is FAILED!!!!
mkdir: created directory '/home/runner/work/ozone/ozone/hadoop-ozone/dist/target/ozone-2.3.0-SNAPSHOT/compose/result/ozone'
mkdir: created directory '/home/runner/work/ozone/ozone/hadoop-ozone/dist/target/ozone-2.3.0-SNAPSHOT/compose/result/ozone/ec'
renamed 'ozone/result/dn-audit-1b74402ee5cf.log' -> '/home/runner/work/ozone/ozone/hadoop-ozone/dist/target/ozone-2.3.0-SNAPSHOT/compose/result/ozone/ec/dn-audit-1b74402ee5cf.log'
renamed 'ozone/result/dn-audit-2bf87a0aa4e1.log' -> '/home/runner/work/ozone/ozone/hadoop-ozone/dist/target/ozone-2.3.0-SNAPSHOT/compose/result/ozone/ec/dn-audit-2bf87a0aa4e1.log'
renamed 'ozone/result/dn-audit-7bbee2aaf056.log' -> '/home/runner/work/ozone/ozone/hadoop-ozone/dist/target/ozone-2.3.0-SNAPSHOT/compose/result/ozone/ec/dn-audit-7bbee2aaf056.log'
renamed 'ozone/result/dn-audit-dd81653892b0.log' -> '/home/runner/work/ozone/ozone/hadoop-ozone/dist/target/ozone-2.3.0-SNAPSHOT/compose/result/ozone/ec/dn-audit-dd81653892b0.log'
renamed 'ozone/result/dn-audit-fa18b567da06.log' -> '/home/runner/work/ozone/ozone/hadoop-ozone/dist/target/ozone-2.3.0-SNAPSHOT/compose/result/ozone/ec/dn-audit-fa18b567da06.log'
renamed 'ozone/result/docker-ozone-datanode-1.log' -> '/home/runner/work/ozone/ozone/hadoop-ozone/dist/target/ozone-2.3.0-SNAPSHOT/compose/result/ozone/ec/docker-ozone-datanode-1.log'
renamed 'ozone/result/docker-ozone-datanode-2.log' -> '/home/runner/work/ozone/ozone/hadoop-ozone/dist/target/ozone-2.3.0-SNAPSHOT/compose/result/ozone/ec/docker-ozone-datanode-2.log'
renamed 'ozone/result/docker-ozone-datanode-3.log' -> '/home/runner/work/ozone/ozone/hadoop-ozone/dist/target/ozone-2.3.0-SNAPSHOT/compose/result/ozone/ec/docker-ozone-datanode-3.log'
renamed 'ozone/result/docker-ozone-datanode-4.log' -> '/home/runner/work/ozone/ozone/hadoop-ozone/dist/target/ozone-2.3.0-SNAPSHOT/compose/result/ozone/ec/docker-ozone-datanode-4.log'
renamed 'ozone/result/docker-ozone-datanode-5.log' -> '/home/runner/work/ozone/ozone/hadoop-ozone/dist/target/ozone-2.3.0-SNAPSHOT/compose/result/ozone/ec/docker-ozone-datanode-5.log'
renamed 'ozone/result/docker-ozone-httpfs-1.log' -> '/home/runner/work/ozone/ozone/hadoop-ozone/dist/target/ozone-2.3.0-SNAPSHOT/compose/result/ozone/ec/docker-ozone-httpfs-1.log'
renamed 'ozone/result/docker-ozone-om-1.log' -> '/home/runner/work/ozone/ozone/hadoop-ozone/dist/target/ozone-2.3.0-SNAPSHOT/compose/result/ozone/ec/docker-ozone-om-1.log'
renamed 'ozone/result/docker-ozone-recon-1.log' -> '/home/runner/work/ozone/ozone/hadoop-ozone/dist/target/ozone-2.3.0-SNAPSHOT/compose/result/ozone/ec/docker-ozone-recon-1.log'
renamed 'ozone/result/docker-ozone-s3g-1.log' -> '/home/runner/work/ozone/ozone/hadoop-ozone/dist/target/ozone-2.3.0-SNAPSHOT/compose/result/ozone/ec/docker-ozone-s3g-1.log'
renamed 'ozone/result/docker-ozone-scm-1.log' -> '/home/runner/work/ozone/ozone/hadoop-ozone/dist/target/ozone-2.3.0-SNAPSHOT/compose/result/ozone/ec/docker-ozone-scm-1.log'
renamed 'ozone/result/om-audit-1bfdbfd4f3fd.log' -> '/home/runner/work/ozone/ozone/hadoop-ozone/dist/target/ozone-2.3.0-SNAPSHOT/compose/result/ozone/ec/om-audit-1bfdbfd4f3fd.log'
renamed 'ozone/result/om-sys-audit-1bfdbfd4f3fd.log' -> '/home/runner/work/ozone/ozone/hadoop-ozone/dist/target/ozone-2.3.0-SNAPSHOT/compose/result/ozone/ec/om-sys-audit-1bfdbfd4f3fd.log'
renamed 'ozone/result/s3g-audit-7d6c79eae9c3.log' -> '/home/runner/work/ozone/ozone/hadoop-ozone/dist/target/ozone-2.3.0-SNAPSHOT/compose/result/ozone/ec/s3g-audit-7d6c79eae9c3.log'
renamed 'ozone/result/scm-audit-1c1aef541142.log' -> '/home/runner/work/ozone/ozone/hadoop-ozone/dist/target/ozone-2.3.0-SNAPSHOT/compose/result/ozone/ec/scm-audit-1c1aef541142.log'
Executing test ozonesecure/test-ec.sh
Using Docker Compose v2
Port 88 is available on kdc
Port 9860 is not available on scm yet
Port 9860 is not available on scm yet
Port 9860 is not available on scm yet
Port 9860 is not available on scm yet
Port 9860 is not available on scm yet
Port 9860 is not available on scm yet
Port 9860 is not available on scm yet
Port 9860 is not available on scm yet
Port 9860 is not available on scm yet
Port 9860 is not available on scm yet
Port 9860 is not available on scm yet
Port 9860 is not available on scm yet
Port 9860 is not available on scm yet
Port 9860 is not available on scm yet
Port 9860 is not available on scm yet
Port 9860 is not available on scm yet
Port 9860 is not available on scm yet
Port 9860 is not available on scm yet
Port 9860 is not available on scm yet
Port 9860 is not available on scm yet
Port 9860 is not available on scm yet
Port 9860 is not available on scm yet
Port 9860 is not available on scm yet
Port 9860 is not available on scm yet
Port 9860 is not available on scm yet
Port 9860 is available on scm
SCM is in safe mode. Will retry in 1 sec. Remaining time (sec): 240
SCM is in safe mode. Will retry in 1 sec. Remaining time (sec): 239
SCM is in safe mode. Will retry in 1 sec. Remaining time (sec): 238
SCM is in safe mode. Will retry in 1 sec. Remaining time (sec): 237
SCM is in safe mode. Will retry in 1 sec. Remaining time (sec): 236
SCM is in safe mode. Will retry in 1 sec. Remaining time (sec): 235
SCM is in safe mode. Will retry in 1 sec. Remaining time (sec): 234
SCM is in safe mode. Will retry in 1 sec. Remaining time (sec): 233
SCM is in safe mode. Will retry in 1 sec. Remaining time (sec): 232
SCM is in safe mode. Will retry in 1 sec. Remaining time (sec): 231
SCM is in safe mode. Will retry in 1 sec. Remaining time (sec): 230
SCM is in safe mode. Will retry in 1 sec. Remaining time (sec): 229
SCM is in safe mode. Will retry in 1 sec. Remaining time (sec): 228
SCM is in safe mode. Will retry in 1 sec. Remaining time (sec): 227
SCM is in safe mode. Will retry in 1 sec. Remaining time (sec): 226
SCM is in safe mode. Will retry in 1 sec. Remaining time (sec): 225
SCM is in safe mode. Will retry in 1 sec. Remaining time (sec): 224
SCM is in safe mode. Will retry in 1 sec. Remaining time (sec): 223
SCM is in safe mode. Will retry in 1 sec. Remaining time (sec): 222
SCM is in safe mode. Will retry in 1 sec. Remaining time (sec): 221
SCM is in safe mode. Will retry in 1 sec. Remaining time (sec): 220
SCM is in safe mode. Will retry in 1 sec. Remaining time (sec): 218
SCM is in safe mode. Will retry in 1 sec. Remaining time (sec): 217
SCM is in safe mode. Will retry in 1 sec. Remaining time (sec): 216
SCM is in safe mode. Will retry in 1 sec. Remaining time (sec): 215
SCM is in safe mode. Will retry in 1 sec. Remaining time (sec): 214
SCM is in safe mode. Will retry in 1 sec. Remaining time (sec): 213
SCM is in safe mode. Will retry in 1 sec. Remaining time (sec): 212
SCM is in safe mode. Will retry in 1 sec. Remaining time (sec): 211
SCM is in safe mode. Will retry in 1 sec. Remaining time (sec): 210
SCM is in safe mode. Will retry in 1 sec. Remaining time (sec): 209
SCM is in safe mode. Will retry in 1 sec. Remaining time (sec): 208
SCM is out of safe mode.
No OM HA service, no need to wait
==============================================================================
S3                                                                            
==============================================================================
S3.Awss3 :: S3 gateway test with aws cli                                      
==============================================================================
File upload and directory list                                        | PASS |
------------------------------------------------------------------------------
File upload with special chars                                        | PASS |
------------------------------------------------------------------------------
S3.Awss3 :: S3 gateway test with aws cli                              | PASS |
2 tests, 2 passed, 0 failed
==============================================================================
S3.Boto3 :: S3 gateway test with Boto3 Client                                 
==============================================================================
Boto3 Client Test                                                     | PASS |
------------------------------------------------------------------------------
S3.Boto3 :: S3 gateway test with Boto3 Client                         | PASS |
1 test, 1 passed, 0 failed
==============================================================================
S3.Bucketcreate :: S3 gateway test with aws cli                               
==============================================================================
Create new bucket                                                     | PASS |
------------------------------------------------------------------------------
Create bucket which already exists                                    | PASS |
------------------------------------------------------------------------------
Create bucket with invalid bucket name                                | PASS |
------------------------------------------------------------------------------
Create new bucket and check default group ACL                         | PASS |
------------------------------------------------------------------------------
Test buckets named like web endpoints                                 | PASS |
------------------------------------------------------------------------------
Check bucket ownership verification                                   | PASS |
------------------------------------------------------------------------------
S3.Bucketcreate :: S3 gateway test with aws cli                       | PASS |
6 tests, 6 passed, 0 failed
==============================================================================
S3.Bucketdelete :: S3 gateway test with aws cli                               
==============================================================================
Delete existing bucket                                                | PASS |
------------------------------------------------------------------------------
Delete non-existent bucket                                            | PASS |
------------------------------------------------------------------------------
Delete bucket with incomplete multipart uploads                       | PASS |
------------------------------------------------------------------------------
Check bucket ownership verification                                   | PASS |
------------------------------------------------------------------------------
S3.Bucketdelete :: S3 gateway test with aws cli                       | PASS |
4 tests, 4 passed, 0 failed
==============================================================================
S3.Buckethead :: S3 gateway test with aws cli                                 
==============================================================================
Head Bucket                                                           | PASS |
------------------------------------------------------------------------------
Head Bucket not existent                                              | PASS |
------------------------------------------------------------------------------
Check bucket ownership verification                                   | PASS |
------------------------------------------------------------------------------
S3.Buckethead :: S3 gateway test with aws cli                         | PASS |
3 tests, 3 passed, 0 failed
==============================================================================
S3.Bucketlifecycle :: S3 gateway test with aws cli for bucket lifecycle       
==============================================================================
Set bucket lifecycle configuration                                    | PASS |
------------------------------------------------------------------------------
Get bucket lifecycle configuration                                    | PASS |
------------------------------------------------------------------------------
Delete bucket lifecycle configuration                                 | PASS |
------------------------------------------------------------------------------
Delete bucket lifecycle configuration when none exists                | PASS |
------------------------------------------------------------------------------
S3.Bucketlifecycle :: S3 gateway test with aws cli for bucket life... | PASS |
4 tests, 4 passed, 0 failed
==============================================================================
S3.Bucketlist :: S3 gateway test with aws cli                                 
==============================================================================
List buckets                                                          | PASS |
------------------------------------------------------------------------------
Get bucket info with Ozone Shell to check the owner field             | PASS |
------------------------------------------------------------------------------
List buckets with empty access id                                     | PASS |
------------------------------------------------------------------------------
S3.Bucketlist :: S3 gateway test with aws cli                         | PASS |
3 tests, 3 passed, 0 failed
==============================================================================
S3.Buckettagging :: S3 gateway bucket tagging tests with aws cli              
==============================================================================
Get bucket tagging without tags                                       | PASS |
------------------------------------------------------------------------------
Put bucket tagging                                                    | PASS |
------------------------------------------------------------------------------
Get bucket tagging                                                    | PASS |
------------------------------------------------------------------------------
Put bucket tagging overwrites existing tags                           | PASS |
------------------------------------------------------------------------------
Get bucket tagging after overwrite                                    | PASS |
------------------------------------------------------------------------------
Put bucket tagging on nonexistent bucket                              | PASS |
------------------------------------------------------------------------------
Delete bucket tagging                                                 | PASS |
------------------------------------------------------------------------------
Get bucket tagging after delete returns NoSuchTagSet                  | PASS |
------------------------------------------------------------------------------
Get bucket tagging on link bucket without tags                        | PASS |
------------------------------------------------------------------------------
Put bucket tagging on link bucket                                     | PASS |
------------------------------------------------------------------------------
Get bucket tagging on link bucket                                     | PASS |
------------------------------------------------------------------------------
Delete bucket tagging on link bucket                                  | PASS |
------------------------------------------------------------------------------
Get bucket tagging on link bucket after delete                        | PASS |
------------------------------------------------------------------------------
S3.Buckettagging :: S3 gateway bucket tagging tests with aws cli      | PASS |
13 tests, 13 passed, 0 failed
==============================================================================
S3.Conditionalput :: S3 Conditional Put (If-None-Match / If-Match) tests      
==============================================================================
Conditional Put If-None-Match Star Creates New Key :: If-None-Matc... | PASS |
------------------------------------------------------------------------------
Conditional Put If-None-Match Star Fails For Existing Key :: If-No... | PASS |
------------------------------------------------------------------------------
Conditional Put If-Match With Correct ETag Succeeds :: If-Match wi... | PASS |
------------------------------------------------------------------------------
Conditional Put If-Match With Wrong ETag Fails :: If-Match with wr... | PASS |
------------------------------------------------------------------------------
Conditional Put If-Match On Non-Existent Key Fails :: If-Match on ... | PASS |
------------------------------------------------------------------------------
S3.Conditionalput :: S3 Conditional Put (If-None-Match / If-Match)... | PASS |
5 tests, 5 passed, 0 failed
==============================================================================
S3.Freon :: S3 gateway test with aws cli                                      
==============================================================================
Run Freon S3BG                                                        | PASS |
------------------------------------------------------------------------------
Run Freon S3KG                                                        | PASS |
------------------------------------------------------------------------------
Run Freon S3KG MPU                                                    | PASS |
------------------------------------------------------------------------------
S3.Freon :: S3 gateway test with aws cli                              | PASS |
3 tests, 3 passed, 0 failed
==============================================================================
S3.MultipartUpload :: S3 gateway test with aws cli                            
==============================================================================
Test Multipart Upload With Adjusted Length                            | PASS |
------------------------------------------------------------------------------
Test Multipart Upload Complete With Chunked Transfer Encoding :: R... | PASS |
------------------------------------------------------------------------------
Overwrite Empty File                                                  | PASS |
------------------------------------------------------------------------------
Test Multipart Upload                                                 | PASS |
------------------------------------------------------------------------------
Test Multipart Upload Complete                                        | PASS |
------------------------------------------------------------------------------
Test Multipart Upload with user defined metadata size larger than ... | PASS |
------------------------------------------------------------------------------
Test Multipart Upload Complete Entity too small                       | PASS |
------------------------------------------------------------------------------
Test Multipart Upload Complete Invalid part errors and complete mp... | PASS |
------------------------------------------------------------------------------
Test abort Multipart upload                                           | PASS |
------------------------------------------------------------------------------
Test abort Multipart upload with invalid uploadId                     | PASS |
------------------------------------------------------------------------------
Upload part with Incorrect uploadID                                   | PASS |
------------------------------------------------------------------------------
Test list parts                                                       | PASS |
------------------------------------------------------------------------------
Test Multipart Upload with the simplified aws s3 cp API               | PASS |
------------------------------------------------------------------------------
Test Multipart Upload Put With Copy                                   | PASS |
------------------------------------------------------------------------------
Test Multipart Upload Put With Copy and range                         | PASS |
------------------------------------------------------------------------------
Test Multipart Upload Put With Copy and range with IfModifiedSince    | PASS |
------------------------------------------------------------------------------
Test Multipart Upload list                                            | PASS |
------------------------------------------------------------------------------
Check Bucket Ownership Verification                                   | PASS |
------------------------------------------------------------------------------
Test Multipart Upload Part with Content-MD5 header                    | PASS |
------------------------------------------------------------------------------
Test Multipart Upload Part with wrong Content-MD5 header              | PASS |
------------------------------------------------------------------------------
S3.MultipartUpload :: S3 gateway test with aws cli                    | PASS |
20 tests, 20 passed, 0 failed
==============================================================================
S3.Objectcopy :: S3 gateway test with aws cli                                 
==============================================================================
Copy Object Happy Scenario                                            | PASS |
------------------------------------------------------------------------------
Copy Object Where Bucket is not available                             | PASS |
------------------------------------------------------------------------------
Copy Object Where both source and dest are same with change to sto... | PASS |
------------------------------------------------------------------------------
Copy Object Where Key not available                                   | PASS |
------------------------------------------------------------------------------
Copy Object using an invalid copy directive                           | PASS |
------------------------------------------------------------------------------
Copy Object with user defined metadata size larger than 2 KB          | PASS |
------------------------------------------------------------------------------
Check Bucket Ownership Verification                                   | PASS |
------------------------------------------------------------------------------
S3.Objectcopy :: S3 gateway test with aws cli                         | PASS |
7 tests, 7 passed, 0 failed
==============================================================================
S3.Objectcopys3A :: S3 gateway test with aws cli                              
==============================================================================
Put object s3a simulation                                             | PASS |
------------------------------------------------------------------------------
S3.Objectcopys3A :: S3 gateway test with aws cli                      | PASS |
1 test, 1 passed, 0 failed
==============================================================================
S3.Objectdelete :: S3 gateway test with aws cli                               
==============================================================================
Delete file with s3api                                                | PASS |
------------------------------------------------------------------------------
Delete file with s3api, file doesn't exist                            | PASS |
------------------------------------------------------------------------------
Delete dir with s3api                                                 | PASS |
------------------------------------------------------------------------------
Delete file with s3api, file doesn't exist, prefix of a real file     | PASS |
------------------------------------------------------------------------------
Delete file with s3api, bucket doesn't exist                          | PASS |
------------------------------------------------------------------------------
Check Bucket Ownership Verification                                   | PASS |
------------------------------------------------------------------------------
S3.Objectdelete :: S3 gateway test with aws cli                       | PASS |
6 tests, 6 passed, 0 failed
==============================================================================
S3.Objecthead :: S3 gateway test with aws cli                                 
==============================================================================
Head existing object                                                  | PASS |
------------------------------------------------------------------------------
Head object in non existing bucket                                    | PASS |
------------------------------------------------------------------------------
Head object where path is a directory                                 | PASS |
------------------------------------------------------------------------------
Head directory objects                                                | PASS |
------------------------------------------------------------------------------
Head non existing key                                                 | PASS |
------------------------------------------------------------------------------
Check Bucket Ownership Verification                                   | PASS |
------------------------------------------------------------------------------
S3.Objecthead :: S3 gateway test with aws cli                         | PASS |
6 tests, 6 passed, 0 failed
==============================================================================
S3.Objectlist :: S3 max-keys validation test for negative and zero values     
==============================================================================
List objects with negative max-keys should fail                       | PASS |
------------------------------------------------------------------------------
List objects with zero max-keys should not fail                       | PASS |
------------------------------------------------------------------------------
List objects with max-keys exceeding config limit should not retur... | PASS |
------------------------------------------------------------------------------
List objects with max-keys less than config limit should return co... | PASS |
------------------------------------------------------------------------------
Check Bucket Ownership Verification                                   | PASS |
------------------------------------------------------------------------------
S3.Objectlist :: S3 max-keys validation test for negative and zero... | PASS |
5 tests, 5 passed, 0 failed
==============================================================================
S3.Objectmultidelete :: S3 gateway test with aws cli                          
==============================================================================
Delete file with multi delete                                         | PASS |
------------------------------------------------------------------------------
S3.Objectmultidelete :: S3 gateway test with aws cli                  | PASS |
1 test, 1 passed, 0 failed
==============================================================================
S3.Objectputget :: S3 gateway test with aws cli                               
==============================================================================
Put object to s3                                                      | PASS |
------------------------------------------------------------------------------
Get object from s3                                                    | PASS |
------------------------------------------------------------------------------
Get object with wrong signature                                       | PASS |
------------------------------------------------------------------------------
Get Partial object from s3 with both start and endoffset              | PASS |
------------------------------------------------------------------------------
Get Partial object from s3 with both start and endoffset(start off... | PASS |
------------------------------------------------------------------------------
Get Partial object from s3 with both start and endoffset(end offse... | PASS |
------------------------------------------------------------------------------
Get Partial object from s3 with only start offset                     | PASS |
------------------------------------------------------------------------------
Get Partial object from s3 with both start and endoffset which are... | PASS |
------------------------------------------------------------------------------
Get Partial object from s3 to get last n bytes                        | PASS |
------------------------------------------------------------------------------
Incorrect values for end and start offset                             | PASS |
------------------------------------------------------------------------------
Zero byte file                                                        | PASS |
------------------------------------------------------------------------------
Create file with user defined metadata and tags                       | PASS |
------------------------------------------------------------------------------
Create file with user defined metadata with gdpr enabled value in ... | PASS |
------------------------------------------------------------------------------
Create file with user defined metadata size larger than 2 KB          | PASS |
------------------------------------------------------------------------------
Create files invalid tags                                             | PASS |
------------------------------------------------------------------------------
Create files with too many tags                                       | PASS |
------------------------------------------------------------------------------
Create small file and expect ETag (MD5) in a reponse header           | PASS |
------------------------------------------------------------------------------
Download small file end expect ETag (MD5) in a response header        | PASS |
------------------------------------------------------------------------------
Create key with custom etag metadata and expect it won't conflict ... | PASS |
------------------------------------------------------------------------------
Create&Download big file by multipart upload and expect ETag in a ... | PASS |
------------------------------------------------------------------------------
Create key twice with different content and expect different ETags    | PASS |
------------------------------------------------------------------------------
Create&Download big file by multipart upload and get file via part... | PASS |
------------------------------------------------------------------------------
Create&Download big file by multipart upload and get file not exis... | PASS |
------------------------------------------------------------------------------
Check Bucket Ownership Verification                                   | PASS |
------------------------------------------------------------------------------
Put object with Content-MD5 header                                    | PASS |
------------------------------------------------------------------------------
Put object with wrong Content-MD5 header                              | PASS |
------------------------------------------------------------------------------
S3.Objectputget :: S3 gateway test with aws cli                       | PASS |
26 tests, 26 passed, 0 failed
==============================================================================
S3.Objecttagging :: S3 gateway test with aws cli                              
==============================================================================
Put object tagging                                                    | PASS |
------------------------------------------------------------------------------
Get object tagging                                                    | PASS |
------------------------------------------------------------------------------
Delete object tagging                                                 | PASS |
------------------------------------------------------------------------------
Check Bucket Ownership Verification                                   | PASS |
------------------------------------------------------------------------------
S3.Objecttagging :: S3 gateway test with aws cli                      | PASS |
4 tests, 4 passed, 0 failed
==============================================================================
S3.Presignedurl :: S3 gateway test with aws cli                               
==============================================================================
Presigned URL PUT Object :: Test presigned URL PUT object             | PASS |
------------------------------------------------------------------------------
Presigned URL PUT Object using wrong x-amz-content-sha256 :: Test ... | PASS |
------------------------------------------------------------------------------
S3.Presignedurl :: S3 gateway test with aws cli                       | PASS |
2 tests, 2 passed, 0 failed
==============================================================================
S3.Rclone :: S3 gateway test with rclone client                               
==============================================================================
Rclone Client Test                                                    | PASS |
------------------------------------------------------------------------------
S3.Rclone :: S3 gateway test with rclone client                       | PASS |
1 test, 1 passed, 0 failed
==============================================================================
S3.S3 Getsecret :: Test ozone s3 getsecret command                            
==============================================================================
Without OM service ID                                                 | PASS |
------------------------------------------------------------------------------
With OM service ID                                                    | PASS |
duplicate test in non-HA env.
------------------------------------------------------------------------------
S3.S3 Getsecret :: Test ozone s3 getsecret command                    | PASS |
2 tests, 2 passed, 0 failed
==============================================================================
S3.Secretgenerate :: S3 Secret Generate test                                  
==============================================================================
S3 Gateway Generate Secret                                            | PASS |
------------------------------------------------------------------------------
S3 Gateway Secret Already Exists                                      | PASS |
------------------------------------------------------------------------------
S3 Gateway Generate Secret By Username                                | PASS |
------------------------------------------------------------------------------
S3 Gateway Generate Secret By Username For Other User                 | PASS |
------------------------------------------------------------------------------
S3 Gateway Reject Secret Generation By Non-admin User                 | PASS |
------------------------------------------------------------------------------
S3.Secretgenerate :: S3 Secret Generate test                          | PASS |
5 tests, 5 passed, 0 failed
==============================================================================
S3.Secretrevoke :: S3 Secret Revoke test                                      
==============================================================================
S3 Gateway Revoke Secret                                              | PASS |
------------------------------------------------------------------------------
S3 Gateway Revoke Secret By Username                                  | PASS |
------------------------------------------------------------------------------
S3 Gateway Revoke Secret By Username For Other User                   | PASS |
------------------------------------------------------------------------------
S3 Gateway Reject Secret Revoke By Non-admin User                     | PASS |
------------------------------------------------------------------------------
S3.Secretrevoke :: S3 Secret Revoke test                              | PASS |
4 tests, 4 passed, 0 failed
==============================================================================
S3.Webui :: S3 gateway web ui test                                            
==============================================================================
Check web UI                                                          | PASS |
------------------------------------------------------------------------------
S3.Webui :: S3 gateway web ui test                                    | PASS |
1 test, 1 passed, 0 failed
==============================================================================
S3                                                                    | PASS |
135 tests, 135 passed, 0 failed
==============================================================================
Output:  /tmp/smoketest/ozonesecure/result/robot-001.xml
[ ERROR ] Error in file '/opt/hadoop/smoketest/ec/lib.resource' on line 21: Setting 'Suite Setup' is not allowed in resource file.
==============================================================================
Rewrite :: Test EC shell commands                                             
==============================================================================
Rewrite Multipart Key                                                 | PASS |
------------------------------------------------------------------------------
Rewrite :: Test EC shell commands                                     | PASS |
1 test, 1 passed, 0 failed
==============================================================================
Output:  /tmp/smoketest/ozonesecure/result/robot-002.xml
[ ERROR ] Error in file '/opt/hadoop/smoketest/ec/lib.resource' on line 21: Setting 'Suite Setup' is not allowed in resource file.
==============================================================================
Basic :: Test EC shell commands                                               
==============================================================================
Test Bucket Creation                                                  | PASS |
------------------------------------------------------------------------------
Create 1MB Key In EC Bucket                                           | PASS |
------------------------------------------------------------------------------
Create 2MB Key In EC Bucket                                           | PASS |
------------------------------------------------------------------------------
Create 3MB Key In EC Bucket                                           | PASS |
------------------------------------------------------------------------------
Create 100MB Key In EC Bucket                                         | PASS |
------------------------------------------------------------------------------
Create Key in Default Bucket                                          | PASS |
------------------------------------------------------------------------------
Create Key in Ratis Bucket                                            | PASS |
------------------------------------------------------------------------------
Create Ratis Key In EC Bucket                                         | PASS |
------------------------------------------------------------------------------
Create EC Key In Ratis Bucket                                         | PASS |
------------------------------------------------------------------------------
Test Invalid Replication Parameters                                   | PASS |
------------------------------------------------------------------------------
Invalid Replication With Misconfigured Client                         | PASS |
------------------------------------------------------------------------------
Check disk usage after create a file which uses EC replication type   | PASS |
------------------------------------------------------------------------------
Basic :: Test EC shell commands                                       | PASS |
12 tests, 12 passed, 0 failed
==============================================================================
Output:  /tmp/smoketest/ozonesecure/result/robot-003.xml
==============================================================================
read-4-datanodes :: Test reading EC keys                                      
==============================================================================
Read 1MB EC Key                                                       | PASS |
------------------------------------------------------------------------------
Read 2MB EC Key                                                       | PASS |
------------------------------------------------------------------------------
Read 3MB EC Key                                                       | PASS |
------------------------------------------------------------------------------
Read 100MB EC Key                                                     | PASS |
------------------------------------------------------------------------------
Read EC Key in Ratis Bucket                                           | PASS |
------------------------------------------------------------------------------
read-4-datanodes :: Test reading EC keys                              | PASS |
5 tests, 5 passed, 0 failed
==============================================================================
Output:  /tmp/smoketest/ozonesecure/result/robot-004.xml
==============================================================================
read-3-datanodes :: Test reading EC keys                                      
==============================================================================
Read 1MB EC Key                                                       | PASS |
------------------------------------------------------------------------------
Read 2MB EC Key                                                       | PASS |
------------------------------------------------------------------------------
Read 3MB EC Key                                                       | PASS |
------------------------------------------------------------------------------
Read 100MB EC Key                                                     | PASS |
------------------------------------------------------------------------------
Read EC Key in Ratis Bucket                                           | PASS |
------------------------------------------------------------------------------
read-3-datanodes :: Test reading EC keys                              | PASS |
5 tests, 5 passed, 0 failed
==============================================================================
Output:  /tmp/smoketest/ozonesecure/result/robot-005.xml
==============================================================================
EC-recovery :: Wait for replication to succeed                                
==============================================================================
Wait Until Container Replicated                                       | PASS |
------------------------------------------------------------------------------
EC-recovery :: Wait for replication to succeed                        | PASS |
1 test, 1 passed, 0 failed
==============================================================================
Output:  /tmp/smoketest/ozonesecure/result/robot-006.xml
[ ERROR ] Error in file '/opt/hadoop/smoketest/ec/lib.resource' on line 21: Setting 'Suite Setup' is not allowed in resource file.
==============================================================================
debug-ec6-3 :: Test ozone Debug CLI for EC(6,3) replicated keys               
==============================================================================
Test ozone debug replicas chunk-info single-block stripe              | PASS |
------------------------------------------------------------------------------
Test ozone debug replicas chunk-info full stripe                      | PASS |
------------------------------------------------------------------------------
Test ozone debug replicas chunk-info full stripe and partial-block... | PASS |
------------------------------------------------------------------------------
Test ozone debug replicas chunk-info multi-block stripe               | PASS |
------------------------------------------------------------------------------
debug-ec6-3 :: Test ozone Debug CLI for EC(6,3) replicated keys       | PASS |
4 tests, 4 passed, 0 failed
==============================================================================
Output:  /tmp/smoketest/ozonesecure/result/robot-007.xml
[ ERROR ] Error in file '/opt/hadoop/smoketest/ec/lib.resource' on line 21: Setting 'Suite Setup' is not allowed in resource file.
==============================================================================
S3-EC-Storage :: S3 gateway test with aws cli with STANDARD_IA storage class  
==============================================================================
Put Object with STANDARD_IA storage class                             | PASS |
------------------------------------------------------------------------------
Test multipart upload with STANDARD_IA storage                        | PASS |
------------------------------------------------------------------------------
Copy Object change storage class to STANDARD_IA                       | PASS |
------------------------------------------------------------------------------
S3-EC-Storage :: S3 gateway test with aws cli with STANDARD_IA sto... | PASS |
3 tests, 3 passed, 0 failed
==============================================================================
Output:  /tmp/smoketest/ozonesecure/result/robot-008.xml
To use Ozone please mount ozone folder to /opt/hadoop
Output:  /rebot-output/ozonesecure-ec.xml
renamed '/home/runner/work/ozone/ozone/hadoop-ozone/dist/target/ozone-2.3.0-SNAPSHOT/compose/result/rebot-7ngCGM/ozonesecure-ec.xml' -> '/home/runner/work/ozone/ozone/hadoop-ozone/dist/target/ozone-2.3.0-SNAPSHOT/compose/result/ozonesecure-ec.xml'
removed 'ozonesecure/result/robot-001.xml'
removed 'ozonesecure/result/robot-002.xml'
removed 'ozonesecure/result/robot-003.xml'
removed 'ozonesecure/result/robot-004.xml'
removed 'ozonesecure/result/robot-005.xml'
removed 'ozonesecure/result/robot-006.xml'
removed 'ozonesecure/result/robot-007.xml'
removed 'ozonesecure/result/robot-008.xml'
mkdir: created directory '/home/runner/work/ozone/ozone/hadoop-ozone/dist/target/ozone-2.3.0-SNAPSHOT/compose/result/ozonesecure'
mkdir: created directory '/home/runner/work/ozone/ozone/hadoop-ozone/dist/target/ozone-2.3.0-SNAPSHOT/compose/result/ozonesecure/ec'
renamed 'ozonesecure/result/dn-audit-dn.log' -> '/home/runner/work/ozone/ozone/hadoop-ozone/dist/target/ozone-2.3.0-SNAPSHOT/compose/result/ozonesecure/ec/dn-audit-dn.log'
renamed 'ozonesecure/result/docker-ozonesecure-datanode-1.log' -> '/home/runner/work/ozone/ozone/hadoop-ozone/dist/target/ozone-2.3.0-SNAPSHOT/compose/result/ozonesecure/ec/docker-ozonesecure-datanode-1.log'
renamed 'ozonesecure/result/docker-ozonesecure-datanode-2.log' -> '/home/runner/work/ozone/ozone/hadoop-ozone/dist/target/ozone-2.3.0-SNAPSHOT/compose/result/ozonesecure/ec/docker-ozonesecure-datanode-2.log'
renamed 'ozonesecure/result/docker-ozonesecure-datanode-3.log' -> '/home/runner/work/ozone/ozone/hadoop-ozone/dist/target/ozone-2.3.0-SNAPSHOT/compose/result/ozonesecure/ec/docker-ozonesecure-datanode-3.log'
renamed 'ozonesecure/result/docker-ozonesecure-datanode-4.log' -> '/home/runner/work/ozone/ozone/hadoop-ozone/dist/target/ozone-2.3.0-SNAPSHOT/compose/result/ozonesecure/ec/docker-ozonesecure-datanode-4.log'
renamed 'ozonesecure/result/docker-ozonesecure-datanode-5.log' -> '/home/runner/work/ozone/ozone/hadoop-ozone/dist/target/ozone-2.3.0-SNAPSHOT/compose/result/ozonesecure/ec/docker-ozonesecure-datanode-5.log'
renamed 'ozonesecure/result/docker-ozonesecure-datanode-6.log' -> '/home/runner/work/ozone/ozone/hadoop-ozone/dist/target/ozone-2.3.0-SNAPSHOT/compose/result/ozonesecure/ec/docker-ozonesecure-datanode-6.log'
renamed 'ozonesecure/result/docker-ozonesecure-datanode-7.log' -> '/home/runner/work/ozone/ozone/hadoop-ozone/dist/target/ozone-2.3.0-SNAPSHOT/compose/result/ozonesecure/ec/docker-ozonesecure-datanode-7.log'
renamed 'ozonesecure/result/docker-ozonesecure-datanode-8.log' -> '/home/runner/work/ozone/ozone/hadoop-ozone/dist/target/ozone-2.3.0-SNAPSHOT/compose/result/ozonesecure/ec/docker-ozonesecure-datanode-8.log'
renamed 'ozonesecure/result/docker-ozonesecure-datanode-9.log' -> '/home/runner/work/ozone/ozone/hadoop-ozone/dist/target/ozone-2.3.0-SNAPSHOT/compose/result/ozonesecure/ec/docker-ozonesecure-datanode-9.log'
renamed 'ozonesecure/result/docker-ozonesecure-httpfs-1.log' -> '/home/runner/work/ozone/ozone/hadoop-ozone/dist/target/ozone-2.3.0-SNAPSHOT/compose/result/ozonesecure/ec/docker-ozonesecure-httpfs-1.log'
renamed 'ozonesecure/result/docker-ozonesecure-kdc-1.log' -> '/home/runner/work/ozone/ozone/hadoop-ozone/dist/target/ozone-2.3.0-SNAPSHOT/compose/result/ozonesecure/ec/docker-ozonesecure-kdc-1.log'
renamed 'ozonesecure/result/docker-ozonesecure-kms-1.log' -> '/home/runner/work/ozone/ozone/hadoop-ozone/dist/target/ozone-2.3.0-SNAPSHOT/compose/result/ozonesecure/ec/docker-ozonesecure-kms-1.log'
renamed 'ozonesecure/result/docker-ozonesecure-om-1.log' -> '/home/runner/work/ozone/ozone/hadoop-ozone/dist/target/ozone-2.3.0-SNAPSHOT/compose/result/ozonesecure/ec/docker-ozonesecure-om-1.log'
renamed 'ozonesecure/result/docker-ozonesecure-recon-1.log' -> '/home/runner/work/ozone/ozone/hadoop-ozone/dist/target/ozone-2.3.0-SNAPSHOT/compose/result/ozonesecure/ec/docker-ozonesecure-recon-1.log'
renamed 'ozonesecure/result/docker-ozonesecure-s3g-1.log' -> '/home/runner/work/ozone/ozone/hadoop-ozone/dist/target/ozone-2.3.0-SNAPSHOT/compose/result/ozonesecure/ec/docker-ozonesecure-s3g-1.log'
renamed 'ozonesecure/result/docker-ozonesecure-scm-1.log' -> '/home/runner/work/ozone/ozone/hadoop-ozone/dist/target/ozone-2.3.0-SNAPSHOT/compose/result/ozonesecure/ec/docker-ozonesecure-scm-1.log'
renamed 'ozonesecure/result/kms-audit.log' -> '/home/runner/work/ozone/ozone/hadoop-ozone/dist/target/ozone-2.3.0-SNAPSHOT/compose/result/ozonesecure/ec/kms-audit.log'
renamed 'ozonesecure/result/om-audit-om.log' -> '/home/runner/work/ozone/ozone/hadoop-ozone/dist/target/ozone-2.3.0-SNAPSHOT/compose/result/ozonesecure/ec/om-audit-om.log'
renamed 'ozonesecure/result/om-sys-audit-om.log' -> '/home/runner/work/ozone/ozone/hadoop-ozone/dist/target/ozone-2.3.0-SNAPSHOT/compose/result/ozonesecure/ec/om-sys-audit-om.log'
renamed 'ozonesecure/result/s3g-audit-s3g.log' -> '/home/runner/work/ozone/ozone/hadoop-ozone/dist/target/ozone-2.3.0-SNAPSHOT/compose/result/ozonesecure/ec/s3g-audit-s3g.log'
renamed 'ozonesecure/result/scm-audit-scm.log' -> '/home/runner/work/ozone/ozone/hadoop-ozone/dist/target/ozone-2.3.0-SNAPSHOT/compose/result/ozonesecure/ec/scm-audit-scm.log'
To use Ozone please mount ozone folder to /opt/hadoop
Log:     /rebot-output/log.html
Report:  /rebot-output/report.html
renamed '/home/runner/work/ozone/ozone/hadoop-ozone/dist/target/ozone-2.3.0-SNAPSHOT/compose/result/rebot-2rcIpf/log.html' -> '/home/runner/work/ozone/ozone/hadoop-ozone/dist/target/ozone-2.3.0-SNAPSHOT/compose/result/log.html'
renamed '/home/runner/work/ozone/ozone/hadoop-ozone/dist/target/ozone-2.3.0-SNAPSHOT/compose/result/rebot-2rcIpf/report.html' -> '/home/runner/work/ozone/ozone/hadoop-ozone/dist/target/ozone-2.3.0-SNAPSHOT/compose/result/report.html'
removed directory '/tmp/robot-data-J0D7en'
