om2_1    | 2023-03-18 09:19:50,613 [om2@group-D66704EFC61C-FollowerState] INFO impl.FollowerState: om2@group-D66704EFC61C-FollowerState: change to CANDIDATE, lastRpcElapsedTime:5109632386ns, electionTimeout:5084ms
dn5_1    | 2023-03-18 09:19:23,732 [pool-38-thread-1] INFO server.RaftServerConfigKeys: raft.server.log.statemachine.data.sync.timeout = 10s (default)
om3_1    | 2023-03-18 09:19:45,465 [grpc-default-executor-1] INFO server.RaftServer$Division: om3@group-D66704EFC61C replies to ELECTION vote request: om2<-om3#0:FAIL-t5. Peer's state: om3@group-D66704EFC61C:t5, leader=null, voted=om3, raftlog=om3@group-D66704EFC61C-SegmentedRaftLog:OPENED:c67, conf=21: [om1|rpc:om1:9872|admin:|client:|dataStream:|priority:0, om3|rpc:om3:9872|admin:|client:|dataStream:|priority:0, om2|rpc:om2:9872|admin:|client:|dataStream:|priority:0], old=null
s3g_1    | 	at org.apache.hadoop.hdds.server.OzoneProtocolMessageDispatcher.processRequest(OzoneProtocolMessageDispatcher.java:87)
scm_1    | 2023-03-18 09:19:31,442 [EventQueue-NewNodeForNewNodeHandler] INFO pipeline.BackgroundPipelineCreator: trigger a one-shot run on RatisPipelineUtilsThread.
dn3_1    | 2023-03-18 09:19:22,088 [pool-38-thread-1] INFO server.RaftServer$Division: bae0cd8d-e50f-4d23-8974-b816860f8fc3@group-80313208139C: set configuration 5: [bae0cd8d-e50f-4d23-8974-b816860f8fc3|rpc:10.9.0.17:9856|admin:10.9.0.17:9857|client:10.9.0.17:9858|dataStream:|priority:1, 7c9e7a7d-2593-458c-8a46-0313d77c3278|rpc:10.9.0.18:9856|admin:10.9.0.18:9857|client:10.9.0.18:9858|dataStream:|priority:0, 04b88c83-026f-4630-aada-108e37835bee|rpc:10.9.0.19:9856|admin:10.9.0.19:9857|client:10.9.0.19:9858|dataStream:|priority:0], old=null
om1_1    | 2023-03-18 09:19:50,961 [grpc-default-executor-0] INFO segmented.SegmentedRaftLogWorker: om1@group-D66704EFC61C-SegmentedRaftLogWorker: Rolling segment log-21_68 to index:68
om1_1    | 2023-03-18 09:19:50,964 [om1@group-D66704EFC61C-SegmentedRaftLogWorker] INFO segmented.SegmentedRaftLogWorker: om1@group-D66704EFC61C-SegmentedRaftLogWorker: Rolled log segment from /data/metadata/ratis/5cb24680-b9e7-3c90-a862-d66704efc61c/current/log_inprogress_21 to /data/metadata/ratis/5cb24680-b9e7-3c90-a862-d66704efc61c/current/log_21-68
om1_1    | 2023-03-18 09:19:51,018 [om1@group-D66704EFC61C-SegmentedRaftLogWorker] INFO segmented.SegmentedRaftLogWorker: om1@group-D66704EFC61C-SegmentedRaftLogWorker: created new log segment /data/metadata/ratis/5cb24680-b9e7-3c90-a862-d66704efc61c/current/log_inprogress_69
om1_1    | 2023-03-18 09:19:51,235 [om1@group-D66704EFC61C-StateMachineUpdater] INFO ratis.OzoneManagerStateMachine: Received Configuration change notification from Ratis. New Peer list:
om1_1    | [id: "om1"
om1_1    | address: "om1:9872"
om1_1    | , id: "om3"
om1_1    | address: "om3:9872"
om1_1    | , id: "om2"
om1_1    | address: "om2:9872"
om1_1    | ]
s3g_1    | 	at org.apache.hadoop.ozone.protocolPB.OzoneManagerProtocolServerSideTranslatorPB.submitRequest(OzoneManagerProtocolServerSideTranslatorPB.java:123)
dn4_1    | 2023-03-18 09:19:21,508 [pool-38-thread-1] INFO ratis.ContainerStateMachine: group-8191D6D2324D: Setting the last applied index to (t:2, i:24)
om1_1    | 2023-03-18 09:20:21,973 [OM StateMachine ApplyTransaction Thread - 0] INFO volume.OMVolumeCreateRequest: created volume:old2-volume for user:hadoop
om1_1    | 2023-03-18 09:20:36,453 [OM StateMachine ApplyTransaction Thread - 0] ERROR bucket.OMBucketCreateRequest: Bucket creation failed for bucket:old2-bucket in volume:s3v
recon_1  | 	at org.apache.hadoop.ipc.Server.access$1700(Server.java:141)
recon_1  | 	at org.apache.hadoop.ipc.Server$Responder.processResponse(Server.java:1667)
om3_1    | 2023-03-18 09:19:45,505 [om3@group-D66704EFC61C-LeaderElection1] INFO impl.LeaderElection: om3@group-D66704EFC61C-LeaderElection1: ELECTION REJECTED received 2 response(s) and 0 exception(s):
dn5_1    | 2023-03-18 09:19:23,732 [pool-38-thread-1] INFO server.RaftServerConfigKeys: raft.server.log.statemachine.data.sync.timeout.retry = -1 (default)
s3g_1    | 	at org.apache.hadoop.ozone.protocol.proto.OzoneManagerProtocolProtos$OzoneManagerService$2.callBlockingMethod(OzoneManagerProtocolProtos.java)
dn3_1    | 2023-03-18 09:19:22,112 [pool-38-thread-1] INFO segmented.LogSegment: Successfully read 9 entries from segment file /data/metadata/ratis/e319c2ba-524b-42f7-8b03-80313208139c/current/log_inprogress_5
dn4_1    | 2023-03-18 09:19:21,514 [pool-38-thread-1] INFO server.RaftServer$Division: 7c9e7a7d-2593-458c-8a46-0313d77c3278@group-8191D6D2324D: set configuration 8: [bae0cd8d-e50f-4d23-8974-b816860f8fc3|rpc:10.9.0.17:9856|admin:10.9.0.17:9857|client:10.9.0.17:9858|dataStream:|priority:0, 7c9e7a7d-2593-458c-8a46-0313d77c3278|rpc:10.9.0.18:9856|admin:10.9.0.18:9857|client:10.9.0.18:9858|dataStream:|priority:0, 04b88c83-026f-4630-aada-108e37835bee|rpc:10.9.0.19:9856|admin:10.9.0.19:9857|client:10.9.0.19:9858|dataStream:|priority:1], old=null
om1_1    | BUCKET_ALREADY_EXISTS org.apache.hadoop.ozone.om.exceptions.OMException: Bucket already exist
scm_1    | 2023-03-18 09:19:31,451 [EventQueue-OpenPipelineForHealthyPipelineSafeModeRule] INFO safemode.SCMSafeModeManager: SCM in safe mode. Healthy pipelines reported count is 0, required healthy pipeline reported count is 1
recon_1  | 	at org.apache.hadoop.ipc.Server$Responder.doRespond(Server.java:1737)
om2_1    | 2023-03-18 09:19:50,614 [om2@group-D66704EFC61C-FollowerState] INFO impl.RoleInfo: om2: shutdown om2@group-D66704EFC61C-FollowerState
om3_1    | 2023-03-18 09:19:45,505 [om3@group-D66704EFC61C-LeaderElection1] INFO impl.LeaderElection:   Response 0: om3<-om1#0:FAIL-t5
dn5_1    | 2023-03-18 09:19:23,733 [pool-38-thread-1] INFO server.RaftServerConfigKeys: raft.server.log.write.buffer.size = 1048576 (custom)
s3g_1    | 	at org.apache.hadoop.ipc.ProtobufRpcEngine$Server.processCall(ProtobufRpcEngine.java:466)
dn3_1    | 2023-03-18 09:19:22,112 [pool-38-thread-1] INFO segmented.SegmentedRaftLogWorker: bae0cd8d-e50f-4d23-8974-b816860f8fc3@group-80313208139C-SegmentedRaftLogWorker: flushIndex: setUnconditionally 0 -> 13
dn4_1    | 2023-03-18 09:19:21,528 [pool-38-thread-1] INFO server.RaftServerConfigKeys: raft.server.notification.no-leader.timeout = 300s (custom)
om1_1    | 	at org.apache.hadoop.ozone.om.request.bucket.OMBucketCreateRequest.validateAndUpdateCache(OMBucketCreateRequest.java:193)
scm_1    | 2023-03-18 09:19:31,452 [EventQueue-OpenPipelineForHealthyPipelineSafeModeRule] INFO safemode.SCMSafeModeManager: SCM in safe mode. Healthy pipelines reported count is 1, required healthy pipeline reported count is 1
recon_1  | 	at org.apache.hadoop.ipc.Server$Connection.sendResponse(Server.java:2837)
om2_1    | 2023-03-18 09:19:50,614 [om2@group-D66704EFC61C-FollowerState] INFO server.RaftServer$Division: om2@group-D66704EFC61C: changes role from  FOLLOWER to CANDIDATE at term 5 for changeToCandidate
om3_1    | 2023-03-18 09:19:45,505 [om3@group-D66704EFC61C-LeaderElection1] INFO impl.LeaderElection:   Response 1: om3<-om2#0:FAIL-t5
dn5_1    | 2023-03-18 09:19:23,737 [pool-38-thread-1] INFO server.RaftServerConfigKeys: raft.server.log.statemachine.data.caching.enabled = true (custom)
s3g_1    | 	at org.apache.hadoop.ipc.ProtobufRpcEngine2$Server$ProtoBufRpcInvoker.call(ProtobufRpcEngine2.java:574)
dn3_1    | 2023-03-18 09:19:22,113 [pool-38-thread-1] INFO segmented.SegmentedRaftLogWorker: bae0cd8d-e50f-4d23-8974-b816860f8fc3@group-80313208139C-SegmentedRaftLogWorker: safeCacheEvictIndex: setUnconditionally 0 -> 4
dn4_1    | 2023-03-18 09:19:21,535 [pool-38-thread-1] INFO server.RaftServerConfigKeys: raft.server.log.use.memory = false (default)
om1_1    | 	at org.apache.hadoop.ozone.protocolPB.OzoneManagerRequestHandler.handleWriteRequest(OzoneManagerRequestHandler.java:248)
scm_1    | 2023-03-18 09:19:31,456 [EventQueue-OpenPipelineForHealthyPipelineSafeModeRule] INFO safemode.SCMSafeModeManager: HealthyPipelineSafeModeRule rule is successfully validated
recon_1  | 	at org.apache.hadoop.ipc.Server$Connection.access$300(Server.java:1809)
om2_1    | 2023-03-18 09:19:50,614 [om2@group-D66704EFC61C-FollowerState] INFO server.RaftServerConfigKeys: raft.server.leaderelection.pre-vote = false (custom)
om3_1    | 2023-03-18 09:19:45,505 [om3@group-D66704EFC61C-LeaderElection1] INFO impl.LeaderElection: om3@group-D66704EFC61C-LeaderElection1 ELECTION round 0: result REJECTED
dn5_1    | 2023-03-18 09:19:23,753 [pool-38-thread-1] INFO server.RaftServer$Division: 04b88c83-026f-4630-aada-108e37835bee@group-3212C22EDF58: set configuration 0: [04b88c83-026f-4630-aada-108e37835bee|rpc:10.9.0.19:9856|admin:10.9.0.19:9857|client:10.9.0.19:9858|dataStream:|priority:1], old=null
s3g_1    | 	at org.apache.hadoop.ipc.ProtobufRpcEngine2$Server$ProtoBufRpcInvoker.call(ProtobufRpcEngine2.java:552)
dn3_1    | 2023-03-18 09:19:22,123 [pool-38-thread-1] INFO raftlog.RaftLog: bae0cd8d-e50f-4d23-8974-b816860f8fc3@group-80313208139C-SegmentedRaftLog: commitIndex: updateToMax old=13, new=12, updated? false
dn4_1    | 2023-03-18 09:19:21,538 [pool-38-thread-1] INFO server.RaftServerConfigKeys: raft.server.log.purge.gap = 1000000 (custom)
om1_1    | 	at org.apache.hadoop.ozone.om.ratis.OzoneManagerStateMachine.runCommand(OzoneManagerStateMachine.java:502)
scm_1    | 2023-03-18 09:19:31,456 [EventQueue-OpenPipelineForHealthyPipelineSafeModeRule] INFO safemode.SCMSafeModeManager: ScmSafeModeManager, all rules are successfully validated
recon_1  | 	at org.apache.hadoop.ipc.Server$RpcCall.doResponse(Server.java:1117)
om2_1    | 2023-03-18 09:19:50,614 [om2@group-D66704EFC61C-FollowerState] INFO impl.RoleInfo: om2: start om2@group-D66704EFC61C-LeaderElection2
om3_1    | 2023-03-18 09:19:45,505 [om3@group-D66704EFC61C-LeaderElection1] INFO server.RaftServer$Division: om3@group-D66704EFC61C: changes role from CANDIDATE to FOLLOWER at term 5 for REJECTED
s3g_1    | 	at org.apache.hadoop.ipc.RPC$Server.call(RPC.java:1093)
dn5_1    | 2023-03-18 09:19:23,755 [pool-38-thread-1] INFO segmented.LogSegment: Successfully read 1 entries from segment file /data/metadata/ratis/b5ca130e-c58f-4d3d-8bda-3212c22edf58/current/log_0-0
dn3_1    | 2023-03-18 09:19:22,126 [pool-38-thread-1] INFO server.RaftServerConfigKeys: raft.server.snapshot.auto.trigger.enabled = true (custom)
dn4_1    | 2023-03-18 09:19:21,539 [pool-38-thread-1] INFO server.RaftServerConfigKeys: raft.server.log.appender.buffer.byte-limit = 33554432 (custom)
om1_1    | 	at org.apache.hadoop.ozone.om.ratis.OzoneManagerStateMachine.lambda$2(OzoneManagerStateMachine.java:312)
scm_1    | 2023-03-18 09:19:31,456 [EventQueue-OpenPipelineForHealthyPipelineSafeModeRule] INFO safemode.SCMSafeModeManager: SCM exiting safe mode.
recon_1  | 	at org.apache.hadoop.ipc.Server$Call.doResponse(Server.java:909)
om2_1    | 2023-03-18 09:19:50,616 [om2@group-D66704EFC61C-LeaderElection2] INFO impl.LeaderElection: om2@group-D66704EFC61C-LeaderElection2 ELECTION round 0: submit vote requests at term 6 for 21: [om1|rpc:om1:9872|admin:|client:|dataStream:|priority:0, om3|rpc:om3:9872|admin:|client:|dataStream:|priority:0, om2|rpc:om2:9872|admin:|client:|dataStream:|priority:0], old=null
om3_1    | 2023-03-18 09:19:45,505 [om3@group-D66704EFC61C-LeaderElection1] INFO impl.RoleInfo: om3: shutdown om3@group-D66704EFC61C-LeaderElection1
s3g_1    | 	at org.apache.hadoop.ipc.Server$RpcCall.run(Server.java:1035)
dn5_1    | 2023-03-18 09:19:23,775 [pool-38-thread-1] INFO server.RaftServer$Division: 04b88c83-026f-4630-aada-108e37835bee@group-3212C22EDF58: set configuration 1: [04b88c83-026f-4630-aada-108e37835bee|rpc:10.9.0.19:9856|admin:10.9.0.19:9857|client:10.9.0.19:9858|dataStream:|priority:1], old=null
dn3_1    | 2023-03-18 09:19:22,129 [pool-38-thread-1] INFO server.RaftServerConfigKeys: raft.server.snapshot.auto.trigger.threshold = 10000 (custom)
dn4_1    | 2023-03-18 09:19:21,539 [pool-38-thread-1] INFO server.RaftServerConfigKeys: raft.server.log.segment.size.max = 1048576 (custom)
om1_1    | 	at java.base/java.util.concurrent.CompletableFuture$AsyncSupply.run(CompletableFuture.java:1700)
scm_1    | 2023-03-18 09:19:31,456 [EventQueue-OpenPipelineForHealthyPipelineSafeModeRule] WARN events.EventQueue: No event handler registered for event TypedEvent{payloadType=SafeModeStatus, name='Safe mode status'}
recon_1  | 	at org.apache.hadoop.ipc.Server$Call.sendResponse(Server.java:895)
om2_1    | 2023-03-18 09:19:50,649 [om2@group-D66704EFC61C-LeaderElection2] INFO impl.LeaderElection: om2@group-D66704EFC61C-LeaderElection2: ELECTION PASSED received 1 response(s) and 0 exception(s):
om3_1    | 2023-03-18 09:19:45,506 [om3@group-D66704EFC61C-LeaderElection1] INFO impl.RoleInfo: om3: start om3@group-D66704EFC61C-FollowerState
s3g_1    | 	at org.apache.hadoop.ipc.Server$RpcCall.run(Server.java:963)
dn5_1    | 2023-03-18 09:19:23,775 [pool-38-thread-1] INFO segmented.LogSegment: Successfully read 2 entries from segment file /data/metadata/ratis/b5ca130e-c58f-4d3d-8bda-3212c22edf58/current/log_inprogress_1
dn3_1    | 2023-03-18 09:19:22,129 [pool-38-thread-1] INFO server.RaftServerConfigKeys: raft.server.snapshot.retention.file.num = 5 (custom)
dn4_1    | 2023-03-18 09:19:21,539 [pool-38-thread-1] INFO server.RaftServerConfigKeys: raft.server.log.segment.cache.num.max = 2 (custom)
om1_1    | 	at java.base/java.util.concurrent.ThreadPoolExecutor.runWorker(ThreadPoolExecutor.java:1128)
scm_1    | 2023-03-18 09:19:31,456 [EventQueue-OpenPipelineForHealthyPipelineSafeModeRule] INFO ha.SCMContext: Update SafeModeStatus from SafeModeStatus{safeModeStatus=true, preCheckPassed=true} to SafeModeStatus{safeModeStatus=false, preCheckPassed=true}.
recon_1  | 	at org.apache.hadoop.ipc.Server$RpcCall.run(Server.java:1052)
om2_1    | 2023-03-18 09:19:50,649 [om2@group-D66704EFC61C-LeaderElection2] INFO impl.LeaderElection:   Response 0: om2<-om3#0:OK-t6
om3_1    | 2023-03-18 09:19:50,620 [grpc-default-executor-0] INFO server.RaftServer$Division: om3@group-D66704EFC61C: receive requestVote(ELECTION, om2, group-D66704EFC61C, 6, (t:4, i:68))
s3g_1    | 	at java.base/java.security.AccessController.doPrivileged(Native Method)
dn5_1    | 2023-03-18 09:19:23,775 [pool-38-thread-1] INFO segmented.SegmentedRaftLogWorker: 04b88c83-026f-4630-aada-108e37835bee@group-3212C22EDF58-SegmentedRaftLogWorker: flushIndex: setUnconditionally 0 -> 2
dn3_1    | 2023-03-18 09:19:22,129 [pool-38-thread-1] INFO server.RaftServerConfigKeys: raft.server.log.purge.upto.snapshot.index = false (default)
dn4_1    | 2023-03-18 09:19:21,544 [pool-38-thread-1] INFO server.RaftServerConfigKeys: raft.server.log.segment.cache.size.max = 200MB (=209715200) (default)
om1_1    | 	at java.base/java.util.concurrent.ThreadPoolExecutor$Worker.run(ThreadPoolExecutor.java:628)
scm_1    | 2023-03-18 09:19:31,456 [EventQueue-OpenPipelineForHealthyPipelineSafeModeRule] INFO pipeline.BackgroundPipelineCreator: Service BackgroundPipelineCreator transitions to RUNNING.
recon_1  | 	at org.apache.hadoop.ipc.Server$RpcCall.run(Server.java:963)
om2_1    | 2023-03-18 09:19:50,650 [om2@group-D66704EFC61C-LeaderElection2] INFO impl.LeaderElection: om2@group-D66704EFC61C-LeaderElection2 ELECTION round 0: result PASSED
om3_1    | 2023-03-18 09:19:50,625 [grpc-default-executor-0] INFO impl.VoteContext: om3@group-D66704EFC61C-FOLLOWER: accept ELECTION from om2: our priority 0 <= candidate's priority 0
s3g_1    | 	at java.base/javax.security.auth.Subject.doAs(Subject.java:423)
dn5_1    | 2023-03-18 09:19:23,776 [pool-38-thread-1] INFO segmented.SegmentedRaftLogWorker: 04b88c83-026f-4630-aada-108e37835bee@group-3212C22EDF58-SegmentedRaftLogWorker: safeCacheEvictIndex: setUnconditionally 0 -> 0
dn3_1    | 2023-03-18 09:19:22,130 [pool-38-thread-1] INFO server.RaftServerConfigKeys: raft.server.retrycache.expirytime = 600000ms (custom)
dn4_1    | 2023-03-18 09:19:21,544 [pool-38-thread-1] INFO segmented.SegmentedRaftLogWorker: new 7c9e7a7d-2593-458c-8a46-0313d77c3278@group-8191D6D2324D-SegmentedRaftLogWorker for RaftStorageImpl:Storage Directory /data/metadata/ratis/97be11a2-1597-458e-9379-8191d6d2324d
om1_1    | 	at java.base/java.lang.Thread.run(Thread.java:829)
scm_1    | 2023-03-18 09:19:31,457 [EventQueue-OpenPipelineForHealthyPipelineSafeModeRule] INFO container.ReplicationManager: Service ReplicationManager transitions to RUNNING.
recon_1  | 	at java.base/java.security.AccessController.doPrivileged(Native Method)
om2_1    | 2023-03-18 09:19:50,650 [om2@group-D66704EFC61C-LeaderElection2] INFO impl.RoleInfo: om2: shutdown om2@group-D66704EFC61C-LeaderElection2
om3_1    | 2023-03-18 09:19:50,625 [grpc-default-executor-0] INFO server.RaftServer$Division: om3@group-D66704EFC61C: changes role from  FOLLOWER to FOLLOWER at term 6 for candidate:om2
s3g_1    | 	at org.apache.hadoop.security.UserGroupInformation.doAs(UserGroupInformation.java:1878)
dn5_1    | 2023-03-18 09:19:23,776 [pool-38-thread-1] INFO raftlog.RaftLog: 04b88c83-026f-4630-aada-108e37835bee@group-3212C22EDF58-SegmentedRaftLog: commitIndex: updateToMax old=2, new=1, updated? false
dn3_1    | 2023-03-18 09:19:22,130 [pool-38-thread-1] INFO server.RaftServerConfigKeys: raft.server.retrycache.statistics.expirytime = 100?s (default)
dn4_1    | 2023-03-18 09:19:21,545 [pool-38-thread-1] INFO server.RaftServerConfigKeys: raft.server.log.queue.byte-limit = 2147483647 (custom)
om1_1    | 2023-03-18 09:21:00,030 [OM StateMachine ApplyTransaction Thread - 0] ERROR bucket.OMBucketCreateRequest: Bucket creation failed for bucket:old1-bucket in volume:s3v
scm_1    | 2023-03-18 09:19:32,637 [Listener at 0.0.0.0/9860] INFO handler.ContextHandler: Started o.e.j.w.WebAppContext@5696c927{scm,/,file:///tmp/jetty-0_0_0_0-9876-hdds-server-scm-1_2_1_jar-_-any-13373478738244155091/webapp/,AVAILABLE}{jar:file:/opt/hadoop/share/ozone/lib/hdds-server-scm-1.2.1.jar!/webapps/scm}
recon_1  | 	at java.base/javax.security.auth.Subject.doAs(Subject.java:423)
om2_1    | 2023-03-18 09:19:50,650 [om2@group-D66704EFC61C-LeaderElection2] INFO server.RaftServer$Division: om2@group-D66704EFC61C: changes role from CANDIDATE to LEADER at term 6 for changeToLeader
om3_1    | 2023-03-18 09:19:50,625 [grpc-default-executor-0] INFO impl.RoleInfo: om3: shutdown om3@group-D66704EFC61C-FollowerState
s3g_1    | 	at org.apache.hadoop.ipc.Server$Handler.run(Server.java:2966)
dn5_1    | 2023-03-18 09:19:23,776 [pool-38-thread-1] INFO server.RaftServerConfigKeys: raft.server.snapshot.auto.trigger.enabled = true (custom)
dn3_1    | 2023-03-18 09:19:22,144 [pool-38-thread-1] INFO server.RaftServer$Division: bae0cd8d-e50f-4d23-8974-b816860f8fc3: new RaftServerImpl for group-8191D6D2324D:[] with ContainerStateMachine:uninitialized
dn4_1    | 2023-03-18 09:19:21,545 [pool-38-thread-1] INFO server.RaftServerConfigKeys: raft.server.log.queue.element-limit = 1024 (custom)
om1_1    | BUCKET_ALREADY_EXISTS org.apache.hadoop.ozone.om.exceptions.OMException: Bucket already exist
scm_1    | 2023-03-18 09:19:32,679 [Listener at 0.0.0.0/9860] INFO server.AbstractConnector: Started ServerConnector@4293e066{HTTP/1.1, (http/1.1)}{0.0.0.0:9876}
recon_1  | 	at org.apache.hadoop.security.UserGroupInformation.doAs(UserGroupInformation.java:1878)
om2_1    | 2023-03-18 09:19:50,650 [om2@group-D66704EFC61C-LeaderElection2] INFO server.RaftServer$Division: om2@group-D66704EFC61C: change Leader from null to om2 at term 6 for becomeLeader, leader elected after 13290ms
om3_1    | 2023-03-18 09:19:50,625 [grpc-default-executor-0] INFO impl.RoleInfo: om3: start om3@group-D66704EFC61C-FollowerState
s3g_1    | , while invoking $Proxy108.submitRequest over nodeId=om2,nodeAddress=om2:9862 after 1 failover attempts. Trying to failover immediately.
dn5_1    | 2023-03-18 09:19:23,781 [pool-38-thread-1] INFO server.RaftServerConfigKeys: raft.server.snapshot.auto.trigger.threshold = 10000 (custom)
dn3_1    | 2023-03-18 09:19:22,146 [pool-38-thread-1] INFO server.RaftServerConfigKeys: raft.server.rpc.timeout.min = 5s (custom)
dn4_1    | 2023-03-18 09:19:21,545 [pool-38-thread-1] INFO server.RaftServerConfigKeys: raft.server.log.segment.size.max = 1048576 (custom)
om1_1    | 	at org.apache.hadoop.ozone.om.request.bucket.OMBucketCreateRequest.validateAndUpdateCache(OMBucketCreateRequest.java:193)
scm_1    | 2023-03-18 09:19:32,680 [Listener at 0.0.0.0/9860] INFO server.Server: Started @50777ms
recon_1  | 	at org.apache.hadoop.ipc.Server$Handler.run(Server.java:2966)
om2_1    | 2023-03-18 09:19:50,661 [om2@group-D66704EFC61C-LeaderElection2] INFO server.RaftServerConfigKeys: raft.server.staging.catchup.gap = 1000 (default)
om3_1    | 2023-03-18 09:19:50,628 [grpc-default-executor-0] INFO server.RaftServer$Division: om3@group-D66704EFC61C replies to ELECTION vote request: om2<-om3#0:OK-t6. Peer's state: om3@group-D66704EFC61C:t6, leader=null, voted=om2, raftlog=om3@group-D66704EFC61C-SegmentedRaftLog:OPENED:c67, conf=21: [om1|rpc:om1:9872|admin:|client:|dataStream:|priority:0, om3|rpc:om3:9872|admin:|client:|dataStream:|priority:0, om2|rpc:om2:9872|admin:|client:|dataStream:|priority:0], old=null
s3g_1    | 2023-03-18 09:20:15,987 [qtp9797126-22] INFO retry.RetryInvocationHandler: com.google.protobuf.ServiceException: org.apache.hadoop.ipc.RemoteException(org.apache.hadoop.ozone.om.exceptions.OMNotLeaderException): OM:om2 is not the leader. Could not determine the leader node.
dn5_1    | 2023-03-18 09:19:23,782 [pool-38-thread-1] INFO server.RaftServerConfigKeys: raft.server.snapshot.retention.file.num = 5 (custom)
dn3_1    | 2023-03-18 09:19:22,146 [pool-38-thread-1] INFO server.RaftServerConfigKeys: raft.server.rpc.timeout.max = 5200ms (custom)
dn4_1    | 2023-03-18 09:19:21,548 [pool-38-thread-1] INFO server.RaftServerConfigKeys: raft.server.log.preallocated.size = 16384 (custom)
om1_1    | 	at org.apache.hadoop.ozone.protocolPB.OzoneManagerRequestHandler.handleWriteRequest(OzoneManagerRequestHandler.java:248)
scm_1    | 2023-03-18 09:19:32,682 [Listener at 0.0.0.0/9860] INFO impl.MetricsSinkAdapter: Sink prometheus started
recon_1  | 2023-03-18 09:19:32,919 [IPC Server handler 5 on default port 9891] INFO ipc.Server: IPC Server handler 5 on default port 9891 caught an exception
om2_1    | 2023-03-18 09:19:50,668 [om2@group-D66704EFC61C-LeaderElection2] INFO server.RaftServerConfigKeys: raft.server.write.element-limit = 4096 (default)
om3_1    | 2023-03-18 09:19:50,629 [om3@group-D66704EFC61C-FollowerState] INFO impl.FollowerState: om3@group-D66704EFC61C-FollowerState: change to CANDIDATE, lastRpcElapsedTime:5123367884ns, electionTimeout:5098ms
s3g_1    | 	at org.apache.hadoop.ozone.protocolPB.OzoneManagerProtocolServerSideTranslatorPB.createNotLeaderException(OzoneManagerProtocolServerSideTranslatorPB.java:187)
dn5_1    | 2023-03-18 09:19:23,782 [pool-38-thread-1] INFO server.RaftServerConfigKeys: raft.server.log.purge.upto.snapshot.index = false (default)
dn3_1    | 2023-03-18 09:19:22,146 [pool-38-thread-1] INFO server.RaftServerConfigKeys: raft.server.rpc.sleep.time = 25ms (default)
dn4_1    | 2023-03-18 09:19:21,548 [pool-38-thread-1] INFO server.RaftServerConfigKeys: raft.server.log.force.sync.num = 128 (default)
om1_1    | 	at org.apache.hadoop.ozone.om.ratis.OzoneManagerStateMachine.runCommand(OzoneManagerStateMachine.java:502)
scm_1    | 2023-03-18 09:19:32,682 [Listener at 0.0.0.0/9860] INFO impl.MetricsSystemImpl: Registered sink prometheus
recon_1  | java.nio.channels.ClosedChannelException
om2_1    | 2023-03-18 09:19:50,673 [grpc-default-executor-1] INFO server.RaftServer$Division: om2@group-D66704EFC61C: receive requestVote(ELECTION, om3, group-D66704EFC61C, 7, (t:4, i:68))
om3_1    | 2023-03-18 09:19:50,630 [om3@group-D66704EFC61C-FollowerState] INFO impl.RoleInfo: om3: shutdown om3@group-D66704EFC61C-FollowerState
s3g_1    | 	at org.apache.hadoop.ozone.protocolPB.OzoneManagerProtocolServerSideTranslatorPB.createLeaderErrorException(OzoneManagerProtocolServerSideTranslatorPB.java:174)
dn5_1    | 2023-03-18 09:19:23,782 [pool-38-thread-1] INFO server.RaftServerConfigKeys: raft.server.retrycache.expirytime = 600000ms (custom)
dn3_1    | 2023-03-18 09:19:22,146 [pool-38-thread-1] INFO server.RaftServerConfigKeys: raft.server.rpc.slowness.timeout = 300s (custom)
dn4_1    | 2023-03-18 09:19:21,548 [pool-38-thread-1] INFO server.RaftServerConfigKeys: raft.server.log.statemachine.data.sync = true (default)
om1_1    | 	at org.apache.hadoop.ozone.om.ratis.OzoneManagerStateMachine.lambda$2(OzoneManagerStateMachine.java:312)
scm_1    | 2023-03-18 09:19:32,688 [Listener at 0.0.0.0/9860] INFO http.BaseHttpServer: HTTP server of scm listening at http://0.0.0.0:9876
recon_1  | 	at java.base/sun.nio.ch.SocketChannelImpl.ensureOpenAndConnected(SocketChannelImpl.java:180)
om2_1    | 2023-03-18 09:19:50,674 [om2@group-D66704EFC61C-LeaderElection2] INFO server.RaftServerConfigKeys: raft.server.write.byte-limit = 64MB (=67108864) (default)
om3_1    | 2023-03-18 09:19:50,630 [om3@group-D66704EFC61C-FollowerState] INFO server.RaftServer$Division: om3@group-D66704EFC61C: changes role from  FOLLOWER to CANDIDATE at term 6 for changeToCandidate
s3g_1    | 	at org.apache.hadoop.ozone.protocolPB.OzoneManagerProtocolServerSideTranslatorPB.submitReadRequestToOM(OzoneManagerProtocolServerSideTranslatorPB.java:167)
dn5_1    | 2023-03-18 09:19:23,782 [pool-38-thread-1] INFO server.RaftServerConfigKeys: raft.server.retrycache.statistics.expirytime = 100?s (default)
dn3_1    | 2023-03-18 09:19:22,152 [pool-38-thread-1] INFO server.RaftServerConfigKeys: raft.server.leaderelection.leader.step-down.wait-time = 10s (default)
dn4_1    | 2023-03-18 09:19:21,548 [pool-38-thread-1] INFO server.RaftServerConfigKeys: raft.server.log.statemachine.data.sync.timeout = 10s (default)
om1_1    | 	at java.base/java.util.concurrent.CompletableFuture$AsyncSupply.run(CompletableFuture.java:1700)
scm_1    | 2023-03-18 09:20:26,150 [IPC Server handler 1 on default port 9863] WARN ha.SequenceIdGenerator: Failed to allocate a batch for localId, expected lastId is 0, actual lastId is 111677748019202000.
recon_1  | 	at java.base/sun.nio.ch.SocketChannelImpl.write(SocketChannelImpl.java:452)
om2_1    | 2023-03-18 09:19:50,690 [om2@group-D66704EFC61C-LeaderElection2] INFO server.RaftServerConfigKeys: raft.server.watch.timeout = 10s (default)
om3_1    | 2023-03-18 09:19:50,630 [om3@group-D66704EFC61C-FollowerState] INFO server.RaftServerConfigKeys: raft.server.leaderelection.pre-vote = false (custom)
s3g_1    | 	at org.apache.hadoop.ozone.protocolPB.OzoneManagerProtocolServerSideTranslatorPB.processRequest(OzoneManagerProtocolServerSideTranslatorPB.java:133)
dn5_1    | 2023-03-18 09:19:24,576 [main] INFO handler.ContextHandler: Started o.e.j.w.WebAppContext@7fe8c7db{hddsDatanode,/,file:///tmp/jetty-0_0_0_0-9882-hdds-container-service-1_2_1_jar-_-any-14517132797588275581/webapp/,AVAILABLE}{jar:file:/opt/hadoop/share/ozone/lib/hdds-container-service-1.2.1.jar!/webapps/hddsDatanode}
dn3_1    | 2023-03-18 09:19:22,153 [pool-38-thread-1] INFO server.RaftServerConfigKeys: raft.server.sleep.deviation.threshold = 300ms (default)
dn3_1    | 2023-03-18 09:19:22,153 [pool-38-thread-1] INFO server.RaftServerConfigKeys: raft.server.log.appender.install.snapshot.enabled = false (custom)
om1_1    | 	at java.base/java.util.concurrent.ThreadPoolExecutor.runWorker(ThreadPoolExecutor.java:1128)
om1_1    | 	at java.base/java.util.concurrent.ThreadPoolExecutor$Worker.run(ThreadPoolExecutor.java:628)
recon_1  | 	at org.apache.hadoop.ipc.Server.channelWrite(Server.java:3605)
om2_1    | 2023-03-18 09:19:50,690 [om2@group-D66704EFC61C-LeaderElection2] INFO server.RaftServerConfigKeys: raft.server.watch.timeout.denomination = 1s (default)
om3_1    | 2023-03-18 09:19:50,631 [om3@group-D66704EFC61C-FollowerState] INFO impl.RoleInfo: om3: start om3@group-D66704EFC61C-LeaderElection2
s3g_1    | 	at org.apache.hadoop.hdds.server.OzoneProtocolMessageDispatcher.processRequest(OzoneProtocolMessageDispatcher.java:87)
dn5_1    | 2023-03-18 09:19:24,594 [main] INFO server.AbstractConnector: Started ServerConnector@4fba8eec{HTTP/1.1, (http/1.1)}{0.0.0.0:9882}
dn3_1    | 2023-03-18 09:19:22,161 [pool-38-thread-1] INFO server.RaftServer$Division: bae0cd8d-e50f-4d23-8974-b816860f8fc3@group-8191D6D2324D: ConfigurationManager, init=-1: [], old=null, confs=<EMPTY_MAP>
scm_1    | 2023-03-18 09:20:26,151 [IPC Server handler 1 on default port 9863] INFO ha.SequenceIdGenerator: Allocate a batch for localId, change lastId from 111677748019202000 to 111677748019203000.
om1_1    | 	at java.base/java.lang.Thread.run(Thread.java:829)
dn4_1    | 2023-03-18 09:19:21,555 [pool-38-thread-1] INFO server.RaftServerConfigKeys: raft.server.log.statemachine.data.sync.timeout.retry = -1 (default)
recon_1  | 	at org.apache.hadoop.ipc.Server.access$1700(Server.java:141)
om2_1    | 2023-03-18 09:19:50,691 [om2@group-D66704EFC61C-LeaderElection2] INFO server.RaftServerConfigKeys: raft.server.watch.element-limit = 65536 (default)
om3_1    | 2023-03-18 09:19:50,645 [om3@group-D66704EFC61C-FollowerState] INFO impl.FollowerState: om3@group-D66704EFC61C-FollowerState was interrupted: {}
s3g_1    | 	at org.apache.hadoop.ozone.protocolPB.OzoneManagerProtocolServerSideTranslatorPB.submitRequest(OzoneManagerProtocolServerSideTranslatorPB.java:123)
dn5_1    | 2023-03-18 09:19:24,595 [main] INFO server.Server: Started @41706ms
dn3_1    | 2023-03-18 09:19:22,161 [pool-38-thread-1] INFO server.RaftServerConfigKeys: raft.server.storage.dir = [/data/metadata/ratis] (custom)
dn4_1    | 2023-03-18 09:19:21,556 [pool-38-thread-1] INFO server.RaftServerConfigKeys: raft.server.log.write.buffer.size = 1048576 (custom)
dn4_1    | 2023-03-18 09:19:21,558 [pool-38-thread-1] INFO server.RaftServerConfigKeys: raft.server.log.statemachine.data.caching.enabled = true (custom)
dn4_1    | 2023-03-18 09:19:21,576 [pool-38-thread-1] INFO server.RaftServer$Division: 7c9e7a7d-2593-458c-8a46-0313d77c3278@group-8191D6D2324D: set configuration 0: [bae0cd8d-e50f-4d23-8974-b816860f8fc3|rpc:10.9.0.17:9856|admin:10.9.0.17:9857|client:10.9.0.17:9858|dataStream:|priority:0, 7c9e7a7d-2593-458c-8a46-0313d77c3278|rpc:10.9.0.18:9856|admin:10.9.0.18:9857|client:10.9.0.18:9858|dataStream:|priority:0, 04b88c83-026f-4630-aada-108e37835bee|rpc:10.9.0.19:9856|admin:10.9.0.19:9857|client:10.9.0.19:9858|dataStream:|priority:1], old=null
om3_1    | java.lang.InterruptedException: sleep interrupted
s3g_1    | 	at org.apache.hadoop.ozone.protocol.proto.OzoneManagerProtocolProtos$OzoneManagerService$2.callBlockingMethod(OzoneManagerProtocolProtos.java)
dn5_1    | 2023-03-18 09:19:24,604 [main] INFO impl.MetricsSinkAdapter: Sink prometheus started
dn3_1    | 2023-03-18 09:19:22,161 [pool-38-thread-1] INFO server.RaftServerConfigKeys: raft.server.log.corruption.policy = EXCEPTION (default)
recon_1  | 	at org.apache.hadoop.ipc.Server$Responder.processResponse(Server.java:1667)
dn4_1    | 2023-03-18 09:19:21,620 [pool-38-thread-1] INFO segmented.LogSegment: Successfully read 8 entries from segment file /data/metadata/ratis/97be11a2-1597-458e-9379-8191d6d2324d/current/log_0-7
om2_1    | 2023-03-18 09:19:50,714 [om2@group-D66704EFC61C-LeaderElection2] INFO server.RaftServerConfigKeys: raft.server.write.element-limit = 4096 (default)
om3_1    | 	at java.base/java.lang.Thread.sleep(Native Method)
s3g_1    | 	at org.apache.hadoop.ipc.ProtobufRpcEngine$Server.processCall(ProtobufRpcEngine.java:466)
dn5_1    | 2023-03-18 09:19:24,604 [main] INFO impl.MetricsSystemImpl: Registered sink prometheus
dn3_1    | 2023-03-18 09:19:22,162 [pool-38-thread-1] INFO server.RaftServerConfigKeys: raft.server.storage.free-space.min = 0MB (=0) (default)
recon_1  | 	at org.apache.hadoop.ipc.Server$Responder.doRespond(Server.java:1737)
dn4_1    | 2023-03-18 09:19:21,645 [pool-38-thread-1] INFO server.RaftServer$Division: 7c9e7a7d-2593-458c-8a46-0313d77c3278@group-8191D6D2324D: set configuration 8: [bae0cd8d-e50f-4d23-8974-b816860f8fc3|rpc:10.9.0.17:9856|admin:10.9.0.17:9857|client:10.9.0.17:9858|dataStream:|priority:0, 7c9e7a7d-2593-458c-8a46-0313d77c3278|rpc:10.9.0.18:9856|admin:10.9.0.18:9857|client:10.9.0.18:9858|dataStream:|priority:0, 04b88c83-026f-4630-aada-108e37835bee|rpc:10.9.0.19:9856|admin:10.9.0.19:9857|client:10.9.0.19:9858|dataStream:|priority:1], old=null
om2_1    | 2023-03-18 09:19:50,721 [om2@group-D66704EFC61C-LeaderElection2] INFO server.RaftServerConfigKeys: raft.server.write.follower.gap.ratio.max = -1.0 (default)
om3_1    | 	at java.base/java.lang.Thread.sleep(Thread.java:334)
s3g_1    | 	at org.apache.hadoop.ipc.ProtobufRpcEngine2$Server$ProtoBufRpcInvoker.call(ProtobufRpcEngine2.java:574)
dn5_1    | 2023-03-18 09:19:24,606 [main] INFO http.BaseHttpServer: HTTP server of hddsDatanode listening at http://0.0.0.0:9882
dn3_1    | 2023-03-18 09:19:22,168 [pool-38-thread-1] INFO storage.RaftStorageDirectory: Lock on /data/metadata/ratis/97be11a2-1597-458e-9379-8191d6d2324d/in_use.lock acquired by nodename 7@8e7c452a033a
recon_1  | 	at org.apache.hadoop.ipc.Server$Connection.sendResponse(Server.java:2837)
dn4_1    | 2023-03-18 09:19:21,681 [pool-38-thread-1] INFO segmented.LogSegment: Successfully read 17 entries from segment file /data/metadata/ratis/97be11a2-1597-458e-9379-8191d6d2324d/current/log_inprogress_8
om2_1    | 2023-03-18 09:19:50,739 [om2@group-D66704EFC61C-LeaderElection2] INFO server.RaftServerConfigKeys: raft.server.log.appender.snapshot.chunk.size.max = 16MB (=16777216) (default)
om3_1    | 	at java.base/java.util.concurrent.TimeUnit.sleep(TimeUnit.java:446)
s3g_1    | 	at org.apache.hadoop.ipc.ProtobufRpcEngine2$Server$ProtoBufRpcInvoker.call(ProtobufRpcEngine2.java:552)
dn5_1    | 2023-03-18 09:19:24,632 [Datanode State Machine Thread - 0] INFO statemachine.DatanodeStateMachine: Ozone container server started.
dn3_1    | 2023-03-18 09:19:22,168 [pool-38-thread-1] INFO storage.RaftStorage: Read RaftStorageMetadata{term=2, votedFor=04b88c83-026f-4630-aada-108e37835bee} from /data/metadata/ratis/97be11a2-1597-458e-9379-8191d6d2324d/current/raft-meta
recon_1  | 	at org.apache.hadoop.ipc.Server$Connection.access$300(Server.java:1809)
dn4_1    | 2023-03-18 09:19:21,696 [pool-38-thread-1] INFO segmented.SegmentedRaftLogWorker: 7c9e7a7d-2593-458c-8a46-0313d77c3278@group-8191D6D2324D-SegmentedRaftLogWorker: flushIndex: setUnconditionally 0 -> 24
om2_1    | 2023-03-18 09:19:50,740 [om2@group-D66704EFC61C-LeaderElection2] INFO server.RaftServerConfigKeys: raft.server.log.appender.buffer.byte-limit = 33554432 (custom)
om3_1    | 	at org.apache.ratis.util.TimeDuration.sleep(TimeDuration.java:324)
s3g_1    | 	at org.apache.hadoop.ipc.RPC$Server.call(RPC.java:1093)
s3g_1    | 	at org.apache.hadoop.ipc.Server$RpcCall.run(Server.java:1035)
dn3_1    | 2023-03-18 09:19:22,171 [pool-38-thread-1] INFO ratis.ContainerStateMachine: group-8191D6D2324D: Setting the last applied index to (t:2, i:24)
dn4_1    | 2023-03-18 09:19:21,696 [pool-38-thread-1] INFO segmented.SegmentedRaftLogWorker: 7c9e7a7d-2593-458c-8a46-0313d77c3278@group-8191D6D2324D-SegmentedRaftLogWorker: safeCacheEvictIndex: setUnconditionally 0 -> 7
recon_1  | 	at org.apache.hadoop.ipc.Server$RpcCall.doResponse(Server.java:1117)
om2_1    | 2023-03-18 09:19:50,740 [om2@group-D66704EFC61C-LeaderElection2] INFO server.RaftServerConfigKeys: raft.server.log.appender.buffer.element-limit = 1024 (custom)
s3g_1    | 	at org.apache.hadoop.ipc.Server$RpcCall.run(Server.java:963)
dn5_1    | 2023-03-18 09:19:24,707 [org.apache.hadoop.util.JvmPauseMonitor$Monitor@128110ec] INFO util.JvmPauseMonitor: Starting JVM pause monitor
om3_1    | 	at org.apache.ratis.util.TimeDuration.sleep(TimeDuration.java:309)
dn3_1    | 2023-03-18 09:19:22,187 [pool-38-thread-1] INFO server.RaftServer$Division: bae0cd8d-e50f-4d23-8974-b816860f8fc3@group-8191D6D2324D: set configuration 8: [bae0cd8d-e50f-4d23-8974-b816860f8fc3|rpc:10.9.0.17:9856|admin:10.9.0.17:9857|client:10.9.0.17:9858|dataStream:|priority:0, 7c9e7a7d-2593-458c-8a46-0313d77c3278|rpc:10.9.0.18:9856|admin:10.9.0.18:9857|client:10.9.0.18:9858|dataStream:|priority:0, 04b88c83-026f-4630-aada-108e37835bee|rpc:10.9.0.19:9856|admin:10.9.0.19:9857|client:10.9.0.19:9858|dataStream:|priority:1], old=null
dn4_1    | 2023-03-18 09:19:21,716 [pool-38-thread-1] INFO raftlog.RaftLog: 7c9e7a7d-2593-458c-8a46-0313d77c3278@group-8191D6D2324D-SegmentedRaftLog: commitIndex: updateToMax old=24, new=23, updated? false
recon_1  | 	at org.apache.hadoop.ipc.Server$Call.doResponse(Server.java:909)
om2_1    | 2023-03-18 09:19:50,748 [om2@group-D66704EFC61C-LeaderElection2] INFO grpc.GrpcConfigKeys: raft.grpc.server.leader.outstanding.appends.max = 128 (default)
s3g_1    | 	at java.base/java.security.AccessController.doPrivileged(Native Method)
dn5_1    | 2023-03-18 09:19:24,880 [Datanode State Machine Task Thread - 0] INFO statemachine.SCMConnectionManager: Adding Recon Server : recon/10.9.0.20:9891
dn5_1    | 2023-03-18 09:19:28,647 [EndpointStateMachine task thread for scm/10.9.0.14:9861 - 0 ] INFO ozoneimpl.OzoneContainer: Attempting to start container services.
dn3_1    | 2023-03-18 09:19:22,190 [pool-38-thread-1] INFO server.RaftServerConfigKeys: raft.server.notification.no-leader.timeout = 300s (custom)
recon_1  | 	at org.apache.hadoop.ipc.Server$Call.sendResponse(Server.java:895)
dn4_1    | 2023-03-18 09:19:21,716 [pool-38-thread-1] INFO server.RaftServerConfigKeys: raft.server.snapshot.auto.trigger.enabled = true (custom)
om2_1    | 2023-03-18 09:19:50,749 [om2@group-D66704EFC61C-LeaderElection2] INFO server.RaftServerConfigKeys: raft.server.rpc.request.timeout = 3000ms (default)
dn5_1    | 2023-03-18 09:19:28,655 [EndpointStateMachine task thread for scm/10.9.0.14:9861 - 0 ] INFO ozoneimpl.OzoneContainer: Background container scanner has been disabled.
om3_1    | 	at org.apache.ratis.server.impl.FollowerState.run(FollowerState.java:118)
s3g_1    | 	at java.base/javax.security.auth.Subject.doAs(Subject.java:423)
dn3_1    | 2023-03-18 09:19:22,190 [pool-38-thread-1] INFO server.RaftServerConfigKeys: raft.server.log.use.memory = false (default)
recon_1  | 	at org.apache.hadoop.ipc.Server$RpcCall.run(Server.java:1052)
dn4_1    | 2023-03-18 09:19:21,722 [pool-38-thread-1] INFO server.RaftServerConfigKeys: raft.server.snapshot.auto.trigger.threshold = 10000 (custom)
dn4_1    | 2023-03-18 09:19:21,724 [pool-38-thread-1] INFO server.RaftServerConfigKeys: raft.server.snapshot.retention.file.num = 5 (custom)
dn5_1    | 2023-03-18 09:19:28,719 [Datanode State Machine Thread - 0] ERROR datanode.RunningDatanodeState: Error in executing end point task.
om3_1    | 2023-03-18 09:19:50,657 [om3@group-D66704EFC61C-LeaderElection2] INFO impl.LeaderElection: om3@group-D66704EFC61C-LeaderElection2 ELECTION round 0: submit vote requests at term 7 for 21: [om1|rpc:om1:9872|admin:|client:|dataStream:|priority:0, om3|rpc:om3:9872|admin:|client:|dataStream:|priority:0, om2|rpc:om2:9872|admin:|client:|dataStream:|priority:0], old=null
s3g_1    | 	at org.apache.hadoop.security.UserGroupInformation.doAs(UserGroupInformation.java:1878)
dn3_1    | 2023-03-18 09:19:22,191 [pool-38-thread-1] INFO server.RaftServerConfigKeys: raft.server.log.purge.gap = 1000000 (custom)
recon_1  | 	at org.apache.hadoop.ipc.Server$RpcCall.run(Server.java:963)
dn4_1    | 2023-03-18 09:19:21,729 [pool-38-thread-1] INFO server.RaftServerConfigKeys: raft.server.log.purge.upto.snapshot.index = false (default)
om2_1    | 2023-03-18 09:19:50,750 [om2@group-D66704EFC61C-LeaderElection2] INFO server.RaftServerConfigKeys: raft.server.log.appender.install.snapshot.enabled = false (custom)
dn5_1    | java.util.concurrent.ExecutionException: java.util.concurrent.TimeoutException
om3_1    | 2023-03-18 09:19:50,691 [om3@group-D66704EFC61C-LeaderElection2] INFO impl.LeaderElection: om3@group-D66704EFC61C-LeaderElection2: ELECTION PASSED received 1 response(s) and 0 exception(s):
s3g_1    | 	at org.apache.hadoop.ipc.Server$Handler.run(Server.java:2966)
dn3_1    | 2023-03-18 09:19:22,191 [pool-38-thread-1] INFO server.RaftServerConfigKeys: raft.server.log.appender.buffer.byte-limit = 33554432 (custom)
recon_1  | 	at java.base/java.security.AccessController.doPrivileged(Native Method)
dn4_1    | 2023-03-18 09:19:21,730 [pool-38-thread-1] INFO server.RaftServerConfigKeys: raft.server.retrycache.expirytime = 600000ms (custom)
om2_1    | 2023-03-18 09:19:50,776 [om2@group-D66704EFC61C-LeaderElection2] INFO server.RaftServerConfigKeys: raft.server.log.appender.snapshot.chunk.size.max = 16MB (=16777216) (default)
recon_1  | 	at java.base/javax.security.auth.Subject.doAs(Subject.java:423)
dn5_1    | 	at java.base/java.util.concurrent.FutureTask.report(FutureTask.java:122)
s3g_1    | , while invoking $Proxy108.submitRequest over nodeId=om2,nodeAddress=om2:9862 after 1 failover attempts. Trying to failover immediately.
om2_1    | 2023-03-18 09:19:50,779 [om2@group-D66704EFC61C-LeaderElection2] INFO server.RaftServerConfigKeys: raft.server.log.appender.buffer.byte-limit = 33554432 (custom)
dn3_1    | 2023-03-18 09:19:22,191 [pool-38-thread-1] INFO server.RaftServerConfigKeys: raft.server.log.segment.size.max = 1048576 (custom)
dn4_1    | 2023-03-18 09:19:21,733 [pool-38-thread-1] INFO server.RaftServerConfigKeys: raft.server.retrycache.statistics.expirytime = 100?s (default)
om3_1    | 2023-03-18 09:19:50,692 [om3@group-D66704EFC61C-LeaderElection2] INFO impl.LeaderElection:   Response 0: om3<-om1#0:OK-t7
recon_1  | 	at org.apache.hadoop.security.UserGroupInformation.doAs(UserGroupInformation.java:1878)
dn5_1    | 	at java.base/java.util.concurrent.FutureTask.get(FutureTask.java:191)
s3g_1    | 2023-03-18 09:20:36,408 [qtp9797126-18] INFO retry.RetryInvocationHandler: com.google.protobuf.ServiceException: org.apache.hadoop.ipc.RemoteException(org.apache.hadoop.ozone.om.exceptions.OMNotLeaderException): OM:om2 is not the leader. Could not determine the leader node.
om2_1    | 2023-03-18 09:19:50,782 [om2@group-D66704EFC61C-LeaderElection2] INFO server.RaftServerConfigKeys: raft.server.log.appender.buffer.element-limit = 1024 (custom)
dn3_1    | 2023-03-18 09:19:22,192 [pool-38-thread-1] INFO server.RaftServerConfigKeys: raft.server.log.segment.cache.num.max = 2 (custom)
dn4_1    | 2023-03-18 09:19:22,879 [main] INFO handler.ContextHandler: Started o.e.j.w.WebAppContext@5aa781f2{hddsDatanode,/,file:///tmp/jetty-0_0_0_0-9882-hdds-container-service-1_2_1_jar-_-any-12029666837209516807/webapp/,AVAILABLE}{jar:file:/opt/hadoop/share/ozone/lib/hdds-container-service-1.2.1.jar!/webapps/hddsDatanode}
om3_1    | 2023-03-18 09:19:50,693 [om3@group-D66704EFC61C-LeaderElection2] INFO impl.LeaderElection: om3@group-D66704EFC61C-LeaderElection2 ELECTION round 0: result PASSED
recon_1  | 	at org.apache.hadoop.ipc.Server$Handler.run(Server.java:2966)
dn5_1    | 	at org.apache.hadoop.ozone.container.common.states.datanode.RunningDatanodeState.computeNextContainerState(RunningDatanodeState.java:191)
s3g_1    | 	at org.apache.hadoop.ozone.protocolPB.OzoneManagerProtocolServerSideTranslatorPB.createNotLeaderException(OzoneManagerProtocolServerSideTranslatorPB.java:187)
om2_1    | 2023-03-18 09:19:50,782 [om2@group-D66704EFC61C-LeaderElection2] INFO grpc.GrpcConfigKeys: raft.grpc.server.leader.outstanding.appends.max = 128 (default)
dn3_1    | 2023-03-18 09:19:22,193 [pool-38-thread-1] INFO server.RaftServerConfigKeys: raft.server.log.segment.cache.size.max = 200MB (=209715200) (default)
dn4_1    | 2023-03-18 09:19:22,932 [main] INFO server.AbstractConnector: Started ServerConnector@2b6c7012{HTTP/1.1, (http/1.1)}{0.0.0.0:9882}
om3_1    | 2023-03-18 09:19:50,693 [om3@group-D66704EFC61C-LeaderElection2] INFO impl.RoleInfo: om3: shutdown om3@group-D66704EFC61C-LeaderElection2
recon_1  | 2023-03-18 09:19:32,919 [IPC Server handler 1 on default port 9891] INFO ipc.Server: IPC Server handler 1 on default port 9891 caught an exception
dn5_1    | 	at org.apache.hadoop.ozone.container.common.states.datanode.RunningDatanodeState.await(RunningDatanodeState.java:231)
s3g_1    | 	at org.apache.hadoop.ozone.protocolPB.OzoneManagerProtocolServerSideTranslatorPB.createLeaderErrorException(OzoneManagerProtocolServerSideTranslatorPB.java:174)
om2_1    | 2023-03-18 09:19:50,783 [om2@group-D66704EFC61C-LeaderElection2] INFO server.RaftServerConfigKeys: raft.server.rpc.request.timeout = 3000ms (default)
dn3_1    | 2023-03-18 09:19:22,193 [pool-38-thread-1] INFO segmented.SegmentedRaftLogWorker: new bae0cd8d-e50f-4d23-8974-b816860f8fc3@group-8191D6D2324D-SegmentedRaftLogWorker for RaftStorageImpl:Storage Directory /data/metadata/ratis/97be11a2-1597-458e-9379-8191d6d2324d
dn4_1    | 2023-03-18 09:19:22,945 [main] INFO server.Server: Started @40264ms
om3_1    | 2023-03-18 09:19:50,693 [om3@group-D66704EFC61C-LeaderElection2] INFO server.RaftServer$Division: om3@group-D66704EFC61C: changes role from CANDIDATE to LEADER at term 7 for changeToLeader
recon_1  | java.nio.channels.ClosedChannelException
dn5_1    | 	at org.apache.hadoop.ozone.container.common.states.datanode.RunningDatanodeState.await(RunningDatanodeState.java:50)
s3g_1    | 	at org.apache.hadoop.ozone.protocolPB.OzoneManagerProtocolServerSideTranslatorPB.submitReadRequestToOM(OzoneManagerProtocolServerSideTranslatorPB.java:167)
om2_1    | 2023-03-18 09:19:50,783 [om2@group-D66704EFC61C-LeaderElection2] INFO server.RaftServerConfigKeys: raft.server.log.appender.install.snapshot.enabled = false (custom)
dn3_1    | 2023-03-18 09:19:22,194 [pool-38-thread-1] INFO server.RaftServerConfigKeys: raft.server.log.queue.byte-limit = 2147483647 (custom)
dn4_1    | 2023-03-18 09:19:22,947 [main] INFO impl.MetricsSinkAdapter: Sink prometheus started
om3_1    | 2023-03-18 09:19:50,693 [om3@group-D66704EFC61C-LeaderElection2] INFO server.RaftServer$Division: om3@group-D66704EFC61C: change Leader from null to om3 at term 7 for becomeLeader, leader elected after 12867ms
recon_1  | 	at java.base/sun.nio.ch.SocketChannelImpl.ensureOpenAndConnected(SocketChannelImpl.java:180)
dn5_1    | 	at org.apache.hadoop.ozone.container.common.statemachine.StateContext.execute(StateContext.java:629)
s3g_1    | 	at org.apache.hadoop.ozone.protocolPB.OzoneManagerProtocolServerSideTranslatorPB.processRequest(OzoneManagerProtocolServerSideTranslatorPB.java:133)
om2_1    | 2023-03-18 09:19:50,790 [om2@group-D66704EFC61C-LeaderElection2] INFO impl.RoleInfo: om2: start om2@group-D66704EFC61C-LeaderStateImpl
dn3_1    | 2023-03-18 09:19:22,196 [pool-38-thread-1] INFO server.RaftServerConfigKeys: raft.server.log.queue.element-limit = 1024 (custom)
dn4_1    | 2023-03-18 09:19:22,952 [main] INFO impl.MetricsSystemImpl: Registered sink prometheus
om3_1    | 2023-03-18 09:19:50,705 [om3@group-D66704EFC61C-LeaderElection2] INFO server.RaftServerConfigKeys: raft.server.staging.catchup.gap = 1000 (default)
recon_1  | 	at java.base/sun.nio.ch.SocketChannelImpl.write(SocketChannelImpl.java:452)
dn5_1    | 	at org.apache.hadoop.ozone.container.common.statemachine.DatanodeStateMachine.start(DatanodeStateMachine.java:269)
s3g_1    | 	at org.apache.hadoop.hdds.server.OzoneProtocolMessageDispatcher.processRequest(OzoneProtocolMessageDispatcher.java:87)
om2_1    | 2023-03-18 09:19:50,801 [om2@group-D66704EFC61C-LeaderElection2] INFO segmented.SegmentedRaftLogWorker: om2@group-D66704EFC61C-SegmentedRaftLogWorker: Rolling segment log-21_68 to index:68
dn3_1    | 2023-03-18 09:19:22,196 [pool-38-thread-1] INFO server.RaftServerConfigKeys: raft.server.log.segment.size.max = 1048576 (custom)
dn4_1    | 2023-03-18 09:19:22,956 [main] INFO http.BaseHttpServer: HTTP server of hddsDatanode listening at http://0.0.0.0:9882
om3_1    | 2023-03-18 09:19:50,722 [om3@group-D66704EFC61C-LeaderElection2] INFO server.RaftServerConfigKeys: raft.server.write.element-limit = 4096 (default)
recon_1  | 	at org.apache.hadoop.ipc.Server.channelWrite(Server.java:3605)
dn5_1    | 	at org.apache.hadoop.ozone.container.common.statemachine.DatanodeStateMachine.lambda$startDaemon$0(DatanodeStateMachine.java:456)
s3g_1    | 	at org.apache.hadoop.ozone.protocolPB.OzoneManagerProtocolServerSideTranslatorPB.submitRequest(OzoneManagerProtocolServerSideTranslatorPB.java:123)
om2_1    | 2023-03-18 09:19:50,805 [om2@group-D66704EFC61C-SegmentedRaftLogWorker] INFO segmented.SegmentedRaftLogWorker: om2@group-D66704EFC61C-SegmentedRaftLogWorker: Rolled log segment from /data/metadata/ratis/5cb24680-b9e7-3c90-a862-d66704efc61c/current/log_inprogress_21 to /data/metadata/ratis/5cb24680-b9e7-3c90-a862-d66704efc61c/current/log_21-68
dn3_1    | 2023-03-18 09:19:22,200 [pool-38-thread-1] INFO server.RaftServerConfigKeys: raft.server.log.preallocated.size = 16384 (custom)
dn4_1    | 2023-03-18 09:19:22,970 [Datanode State Machine Thread - 0] INFO statemachine.DatanodeStateMachine: Ozone container server started.
om3_1    | 2023-03-18 09:19:50,723 [om3@group-D66704EFC61C-LeaderElection2] INFO server.RaftServerConfigKeys: raft.server.write.byte-limit = 64MB (=67108864) (default)
recon_1  | 	at org.apache.hadoop.ipc.Server.access$1700(Server.java:141)
dn5_1    | 	at java.base/java.lang.Thread.run(Thread.java:829)
s3g_1    | 	at org.apache.hadoop.ozone.protocol.proto.OzoneManagerProtocolProtos$OzoneManagerService$2.callBlockingMethod(OzoneManagerProtocolProtos.java)
om2_1    | 2023-03-18 09:19:50,824 [om2@group-D66704EFC61C-SegmentedRaftLogWorker] INFO segmented.SegmentedRaftLogWorker: om2@group-D66704EFC61C-SegmentedRaftLogWorker: created new log segment /data/metadata/ratis/5cb24680-b9e7-3c90-a862-d66704efc61c/current/log_inprogress_69
dn3_1    | 2023-03-18 09:19:22,200 [pool-38-thread-1] INFO server.RaftServerConfigKeys: raft.server.log.force.sync.num = 128 (default)
dn4_1    | 2023-03-18 09:19:23,123 [org.apache.hadoop.util.JvmPauseMonitor$Monitor@7050caae] INFO util.JvmPauseMonitor: Starting JVM pause monitor
om3_1    | 2023-03-18 09:19:50,740 [om3@group-D66704EFC61C-LeaderElection2] INFO server.RaftServerConfigKeys: raft.server.watch.timeout = 10s (default)
recon_1  | 	at org.apache.hadoop.ipc.Server$Responder.processResponse(Server.java:1667)
