dn5_1    | Caused by: java.util.concurrent.TimeoutException
s3g_1    | 	at org.apache.hadoop.ipc.ProtobufRpcEngine$Server.processCall(ProtobufRpcEngine.java:466)
om2_1    | 2023-03-18 09:19:50,844 [om2@group-D66704EFC61C-LeaderElection2] INFO server.RaftServer$Division: om2@group-D66704EFC61C: set configuration 69: [om1|rpc:om1:9872|admin:|client:|dataStream:|priority:0, om3|rpc:om3:9872|admin:|client:|dataStream:|priority:0, om2|rpc:om2:9872|admin:|client:|dataStream:|priority:0], old=null
dn3_1    | 2023-03-18 09:19:22,200 [pool-38-thread-1] INFO server.RaftServerConfigKeys: raft.server.log.statemachine.data.sync = true (default)
dn4_1    | 2023-03-18 09:19:23,775 [Datanode State Machine Task Thread - 0] INFO statemachine.SCMConnectionManager: Adding Recon Server : recon/10.9.0.20:9891
om3_1    | 2023-03-18 09:19:50,740 [om3@group-D66704EFC61C-LeaderElection2] INFO server.RaftServerConfigKeys: raft.server.watch.timeout.denomination = 1s (default)
recon_1  | 	at org.apache.hadoop.ipc.Server$Responder.doRespond(Server.java:1737)
dn5_1    | 	at java.base/java.util.concurrent.FutureTask.get(FutureTask.java:204)
s3g_1    | 	at org.apache.hadoop.ipc.ProtobufRpcEngine2$Server$ProtoBufRpcInvoker.call(ProtobufRpcEngine2.java:574)
om2_1    | 2023-03-18 09:19:50,846 [grpc-default-executor-1] INFO impl.VoteContext: om2@group-D66704EFC61C-LEADER: reject ELECTION from om3: our last entry (t:6, i:69) > candidate's last entry (t:4, i:68)
dn3_1    | 2023-03-18 09:19:22,208 [pool-38-thread-1] INFO server.RaftServerConfigKeys: raft.server.log.statemachine.data.sync.timeout = 10s (default)
dn4_1    | 2023-03-18 09:19:26,422 [EndpointStateMachine task thread for scm/10.9.0.14:9861 - 0 ] INFO ipc.Client: Retrying connect to server: scm/10.9.0.14:9861. Already tried 0 time(s); retry policy is RetryUpToMaximumCountWithFixedSleep(maxRetries=15, sleepTime=1000 MILLISECONDS)
om3_1    | 2023-03-18 09:19:50,740 [om3@group-D66704EFC61C-LeaderElection2] INFO server.RaftServerConfigKeys: raft.server.watch.element-limit = 65536 (default)
recon_1  | 	at org.apache.hadoop.ipc.Server$Connection.sendResponse(Server.java:2837)
dn5_1    | 	at org.apache.hadoop.ozone.container.common.states.datanode.RunningDatanodeState.lambda$execute$0(RunningDatanodeState.java:149)
s3g_1    | 	at org.apache.hadoop.ipc.ProtobufRpcEngine2$Server$ProtoBufRpcInvoker.call(ProtobufRpcEngine2.java:552)
om2_1    | 2023-03-18 09:19:50,846 [grpc-default-executor-1] INFO server.RaftServer$Division: om2@group-D66704EFC61C: change Leader from om2 to null at term 7 for updateCurrentTerm
dn3_1    | 2023-03-18 09:19:22,208 [pool-38-thread-1] INFO server.RaftServerConfigKeys: raft.server.log.statemachine.data.sync.timeout.retry = -1 (default)
dn4_1    | 2023-03-18 09:19:28,674 [EndpointStateMachine task thread for scm/10.9.0.14:9861 - 0 ] INFO ozoneimpl.OzoneContainer: Attempting to start container services.
om3_1    | 2023-03-18 09:19:50,748 [om3@group-D66704EFC61C-LeaderElection2] INFO server.RaftServerConfigKeys: raft.server.write.element-limit = 4096 (default)
recon_1  | 	at org.apache.hadoop.ipc.Server$Connection.access$300(Server.java:1809)
dn5_1    | 	at java.base/java.util.concurrent.FutureTask.run(FutureTask.java:264)
s3g_1    | 	at org.apache.hadoop.ipc.RPC$Server.call(RPC.java:1093)
om2_1    | 2023-03-18 09:19:50,847 [grpc-default-executor-1] INFO server.RaftServer$Division: om2@group-D66704EFC61C: changes role from    LEADER to FOLLOWER at term 7 for candidate:om3
dn3_1    | 2023-03-18 09:19:22,209 [pool-38-thread-1] INFO server.RaftServerConfigKeys: raft.server.log.write.buffer.size = 1048576 (custom)
dn4_1    | 2023-03-18 09:19:28,710 [EndpointStateMachine task thread for scm/10.9.0.14:9861 - 0 ] INFO ozoneimpl.OzoneContainer: Background container scanner has been disabled.
om3_1    | 2023-03-18 09:19:50,750 [om3@group-D66704EFC61C-LeaderElection2] INFO server.RaftServerConfigKeys: raft.server.write.follower.gap.ratio.max = -1.0 (default)
recon_1  | 	at org.apache.hadoop.ipc.Server$RpcCall.doResponse(Server.java:1117)
dn5_1    | 	at java.base/java.util.concurrent.Executors$RunnableAdapter.call(Executors.java:515)
s3g_1    | 	at org.apache.hadoop.ipc.Server$RpcCall.run(Server.java:1035)
om2_1    | 2023-03-18 09:19:50,848 [grpc-default-executor-1] INFO impl.RoleInfo: om2: shutdown om2@group-D66704EFC61C-LeaderStateImpl
dn3_1    | 2023-03-18 09:19:22,213 [pool-38-thread-1] INFO server.RaftServerConfigKeys: raft.server.log.statemachine.data.caching.enabled = true (custom)
dn4_1    | 2023-03-18 09:19:29,173 [Datanode State Machine Thread - 0] ERROR datanode.RunningDatanodeState: Error in executing end point task.
om3_1    | 2023-03-18 09:19:50,761 [om3@group-D66704EFC61C-LeaderElection2] INFO server.RaftServerConfigKeys: raft.server.log.appender.snapshot.chunk.size.max = 16MB (=16777216) (default)
recon_1  | 	at org.apache.hadoop.ipc.Server$Call.doResponse(Server.java:909)
dn5_1    | 	at java.base/java.util.concurrent.FutureTask.run(FutureTask.java:264)
s3g_1    | 	at org.apache.hadoop.ipc.Server$RpcCall.run(Server.java:963)
s3g_1    | 	at java.base/java.security.AccessController.doPrivileged(Native Method)
dn3_1    | 2023-03-18 09:19:22,237 [pool-38-thread-1] INFO server.RaftServer$Division: bae0cd8d-e50f-4d23-8974-b816860f8fc3@group-8191D6D2324D: set configuration 0: [bae0cd8d-e50f-4d23-8974-b816860f8fc3|rpc:10.9.0.17:9856|admin:10.9.0.17:9857|client:10.9.0.17:9858|dataStream:|priority:0, 7c9e7a7d-2593-458c-8a46-0313d77c3278|rpc:10.9.0.18:9856|admin:10.9.0.18:9857|client:10.9.0.18:9858|dataStream:|priority:0, 04b88c83-026f-4630-aada-108e37835bee|rpc:10.9.0.19:9856|admin:10.9.0.19:9857|client:10.9.0.19:9858|dataStream:|priority:1], old=null
dn4_1    | java.util.concurrent.ExecutionException: java.util.concurrent.TimeoutException
om3_1    | 2023-03-18 09:19:50,763 [om3@group-D66704EFC61C-LeaderElection2] INFO server.RaftServerConfigKeys: raft.server.log.appender.buffer.byte-limit = 33554432 (custom)
recon_1  | 	at org.apache.hadoop.ipc.Server$Call.sendResponse(Server.java:895)
dn5_1    | 	at java.base/java.util.concurrent.ThreadPoolExecutor.runWorker(ThreadPoolExecutor.java:1128)
s3g_1    | 	at java.base/javax.security.auth.Subject.doAs(Subject.java:423)
om2_1    | 2023-03-18 09:19:50,860 [grpc-default-executor-1] INFO impl.PendingRequests: om2@group-D66704EFC61C-PendingRequests: sendNotLeaderResponses
dn3_1    | 2023-03-18 09:19:22,238 [pool-38-thread-1] INFO segmented.LogSegment: Successfully read 8 entries from segment file /data/metadata/ratis/97be11a2-1597-458e-9379-8191d6d2324d/current/log_0-7
dn4_1    | 	at java.base/java.util.concurrent.FutureTask.report(FutureTask.java:122)
om3_1    | 2023-03-18 09:19:50,764 [om3@group-D66704EFC61C-LeaderElection2] INFO server.RaftServerConfigKeys: raft.server.log.appender.buffer.element-limit = 1024 (custom)
recon_1  | 	at org.apache.hadoop.ipc.Server$RpcCall.run(Server.java:1052)
dn5_1    | 	at java.base/java.util.concurrent.ThreadPoolExecutor$Worker.run(ThreadPoolExecutor.java:628)
s3g_1    | 	at org.apache.hadoop.security.UserGroupInformation.doAs(UserGroupInformation.java:1878)
om2_1    | 2023-03-18 09:19:50,862 [grpc-default-executor-1] INFO impl.RoleInfo: om2: start om2@group-D66704EFC61C-FollowerState
dn4_1    | 	at java.base/java.util.concurrent.FutureTask.get(FutureTask.java:191)
dn3_1    | 2023-03-18 09:19:22,259 [pool-38-thread-1] INFO server.RaftServer$Division: bae0cd8d-e50f-4d23-8974-b816860f8fc3@group-8191D6D2324D: set configuration 8: [bae0cd8d-e50f-4d23-8974-b816860f8fc3|rpc:10.9.0.17:9856|admin:10.9.0.17:9857|client:10.9.0.17:9858|dataStream:|priority:0, 7c9e7a7d-2593-458c-8a46-0313d77c3278|rpc:10.9.0.18:9856|admin:10.9.0.18:9857|client:10.9.0.18:9858|dataStream:|priority:0, 04b88c83-026f-4630-aada-108e37835bee|rpc:10.9.0.19:9856|admin:10.9.0.19:9857|client:10.9.0.19:9858|dataStream:|priority:1], old=null
om3_1    | 2023-03-18 09:19:50,768 [om3@group-D66704EFC61C-LeaderElection2] INFO grpc.GrpcConfigKeys: raft.grpc.server.leader.outstanding.appends.max = 128 (default)
recon_1  | 	at org.apache.hadoop.ipc.Server$RpcCall.run(Server.java:963)
dn5_1    | 	... 1 more
s3g_1    | 	at org.apache.hadoop.ipc.Server$Handler.run(Server.java:2966)
om2_1    | 2023-03-18 09:19:50,874 [grpc-default-executor-1] INFO server.RaftServer$Division: om2@group-D66704EFC61C replies to ELECTION vote request: om3<-om2#0:FAIL-t7. Peer's state: om2@group-D66704EFC61C:t7, leader=null, voted=null, raftlog=om2@group-D66704EFC61C-SegmentedRaftLog:OPENED:c67, conf=69: [om1|rpc:om1:9872|admin:|client:|dataStream:|priority:0, om3|rpc:om3:9872|admin:|client:|dataStream:|priority:0, om2|rpc:om2:9872|admin:|client:|dataStream:|priority:0], old=null
dn4_1    | 	at org.apache.hadoop.ozone.container.common.states.datanode.RunningDatanodeState.computeNextContainerState(RunningDatanodeState.java:191)
dn3_1    | 2023-03-18 09:19:22,260 [pool-38-thread-1] INFO segmented.LogSegment: Successfully read 17 entries from segment file /data/metadata/ratis/97be11a2-1597-458e-9379-8191d6d2324d/current/log_inprogress_8
om3_1    | 2023-03-18 09:19:50,768 [om3@group-D66704EFC61C-LeaderElection2] INFO server.RaftServerConfigKeys: raft.server.rpc.request.timeout = 3000ms (default)
recon_1  | 	at java.base/java.security.AccessController.doPrivileged(Native Method)
dn5_1    | 2023-03-18 09:19:28,757 [Datanode State Machine Thread - 0] ERROR datanode.RunningDatanodeState: Error in executing end point task.
s3g_1    | , while invoking $Proxy108.submitRequest over nodeId=om2,nodeAddress=om2:9862 after 1 failover attempts. Trying to failover immediately.
om2_1    | 2023-03-18 09:19:50,884 [grpc-default-executor-0] INFO server.RaftServer$Division: om2@group-D66704EFC61C: change Leader from null to om3 at term 7 for appendEntries, leader elected after 38ms
dn4_1    | 	at org.apache.hadoop.ozone.container.common.states.datanode.RunningDatanodeState.await(RunningDatanodeState.java:231)
dn3_1    | 2023-03-18 09:19:22,272 [pool-38-thread-1] INFO segmented.SegmentedRaftLogWorker: bae0cd8d-e50f-4d23-8974-b816860f8fc3@group-8191D6D2324D-SegmentedRaftLogWorker: flushIndex: setUnconditionally 0 -> 24
om3_1    | 2023-03-18 09:19:50,768 [om3@group-D66704EFC61C-LeaderElection2] INFO server.RaftServerConfigKeys: raft.server.log.appender.install.snapshot.enabled = false (custom)
recon_1  | 	at java.base/javax.security.auth.Subject.doAs(Subject.java:423)
dn5_1    | java.util.concurrent.ExecutionException: java.util.concurrent.TimeoutException
s3g_1    | 2023-03-18 09:20:36,432 [qtp9797126-18] INFO rpc.RpcClient: Creating Bucket: s3v/old2-bucket, with Versioning false and Storage Type set to DISK and Encryption set to false 
om2_1    | 2023-03-18 09:19:50,903 [grpc-default-executor-0] INFO server.GrpcLogAppender: om2@group-D66704EFC61C->om3-AppendLogResponseHandler: follower responses appendEntries COMPLETED
dn4_1    | 	at org.apache.hadoop.ozone.container.common.states.datanode.RunningDatanodeState.await(RunningDatanodeState.java:50)
dn3_1    | 2023-03-18 09:19:22,272 [pool-38-thread-1] INFO segmented.SegmentedRaftLogWorker: bae0cd8d-e50f-4d23-8974-b816860f8fc3@group-8191D6D2324D-SegmentedRaftLogWorker: safeCacheEvictIndex: setUnconditionally 0 -> 7
om3_1    | 2023-03-18 09:19:50,775 [om3@group-D66704EFC61C-LeaderElection2] INFO server.RaftServerConfigKeys: raft.server.log.appender.snapshot.chunk.size.max = 16MB (=16777216) (default)
recon_1  | 	at org.apache.hadoop.security.UserGroupInformation.doAs(UserGroupInformation.java:1878)
dn5_1    | 	at java.base/java.util.concurrent.FutureTask.report(FutureTask.java:122)
s3g_1    | 2023-03-18 09:20:36,455 [qtp9797126-18] INFO endpoint.BucketEndpoint: Location is /old2-bucket
om2_1    | 2023-03-18 09:19:50,906 [grpc-default-executor-0] INFO leader.FollowerInfo: om2@group-D66704EFC61C->om3: nextIndex: updateUnconditionally 69 -> 1
dn4_1    | 	at org.apache.hadoop.ozone.container.common.statemachine.StateContext.execute(StateContext.java:629)
dn3_1    | 2023-03-18 09:19:22,284 [pool-38-thread-1] INFO raftlog.RaftLog: bae0cd8d-e50f-4d23-8974-b816860f8fc3@group-8191D6D2324D-SegmentedRaftLog: commitIndex: updateToMax old=24, new=23, updated? false
om3_1    | 2023-03-18 09:19:50,777 [om3@group-D66704EFC61C-LeaderElection2] INFO server.RaftServerConfigKeys: raft.server.log.appender.buffer.byte-limit = 33554432 (custom)
recon_1  | 	at org.apache.hadoop.ipc.Server$Handler.run(Server.java:2966)
dn5_1    | 	at java.base/java.util.concurrent.FutureTask.get(FutureTask.java:191)
s3g_1    | 2023-03-18 09:20:36,892 [qtp9797126-22] INFO retry.RetryInvocationHandler: com.google.protobuf.ServiceException: org.apache.hadoop.ipc.RemoteException(org.apache.hadoop.ozone.om.exceptions.OMNotLeaderException): OM:om2 is not the leader. Could not determine the leader node.
om2_1    | 2023-03-18 09:19:50,949 [grpc-default-executor-0] INFO server.RaftServer$Division: om2@group-D66704EFC61C: set configuration 69: [om1|rpc:om1:9872|admin:|client:|dataStream:|priority:0, om3|rpc:om3:9872|admin:|client:|dataStream:|priority:0, om2|rpc:om2:9872|admin:|client:|dataStream:|priority:0], old=null
dn4_1    | 	at org.apache.hadoop.ozone.container.common.statemachine.DatanodeStateMachine.start(DatanodeStateMachine.java:269)
dn3_1    | 2023-03-18 09:19:22,284 [pool-38-thread-1] INFO server.RaftServerConfigKeys: raft.server.snapshot.auto.trigger.enabled = true (custom)
om3_1    | 2023-03-18 09:19:50,777 [om3@group-D66704EFC61C-LeaderElection2] INFO server.RaftServerConfigKeys: raft.server.log.appender.buffer.element-limit = 1024 (custom)
recon_1  | 2023-03-18 09:19:33,316 [ContainerHealthTask] INFO fsck.ContainerHealthTask: Container Health task thread took 1323 milliseconds for processing 4 containers.
dn5_1    | 	at org.apache.hadoop.ozone.container.common.states.datanode.RunningDatanodeState.computeNextContainerState(RunningDatanodeState.java:191)
s3g_1    | 	at org.apache.hadoop.ozone.protocolPB.OzoneManagerProtocolServerSideTranslatorPB.createNotLeaderException(OzoneManagerProtocolServerSideTranslatorPB.java:187)
om2_1    | 2023-03-18 09:19:50,955 [grpc-default-executor-0] INFO segmented.SegmentedRaftLogWorker: om2@group-D66704EFC61C-SegmentedRaftLogWorker: Truncating segments toTruncate: null
dn4_1    | 	at org.apache.hadoop.ozone.container.common.statemachine.DatanodeStateMachine.lambda$startDaemon$0(DatanodeStateMachine.java:456)
dn3_1    | 2023-03-18 09:19:22,287 [pool-38-thread-1] INFO server.RaftServerConfigKeys: raft.server.snapshot.auto.trigger.threshold = 10000 (custom)
om3_1    | 2023-03-18 09:19:50,777 [om3@group-D66704EFC61C-LeaderElection2] INFO grpc.GrpcConfigKeys: raft.grpc.server.leader.outstanding.appends.max = 128 (default)
recon_1  | 2023-03-18 09:19:33,653 [IPC Server handler 14 on default port 9891] INFO scm.ReconNodeManager: Updating nodeDB for ha_dn4_1.ha_net
dn5_1    | 	at org.apache.hadoop.ozone.container.common.states.datanode.RunningDatanodeState.await(RunningDatanodeState.java:231)
s3g_1    | 	at org.apache.hadoop.ozone.protocolPB.OzoneManagerProtocolServerSideTranslatorPB.createLeaderErrorException(OzoneManagerProtocolServerSideTranslatorPB.java:174)
om2_1    |   toDelete: [(69, 69) isOpen? true, length=0, newEndIndex=68], start index 69
om2_1    | 2023-03-18 09:19:50,957 [om2@group-D66704EFC61C-SegmentedRaftLogWorker] INFO segmented.SegmentedRaftLogWorker: om2@group-D66704EFC61C-SegmentedRaftLogWorker: Deleted log file /data/metadata/ratis/5cb24680-b9e7-3c90-a862-d66704efc61c/current/log_inprogress_69
dn3_1    | 2023-03-18 09:19:22,287 [pool-38-thread-1] INFO server.RaftServerConfigKeys: raft.server.snapshot.retention.file.num = 5 (custom)
om3_1    | 2023-03-18 09:19:50,777 [om3@group-D66704EFC61C-LeaderElection2] INFO server.RaftServerConfigKeys: raft.server.rpc.request.timeout = 3000ms (default)
recon_1  | 2023-03-18 09:19:34,433 [IPC Server handler 9 on default port 9891] INFO scm.ReconNodeManager: Updating nodeDB for ha_dn1_1.ha_net
dn5_1    | 	at org.apache.hadoop.ozone.container.common.states.datanode.RunningDatanodeState.await(RunningDatanodeState.java:50)
s3g_1    | 	at org.apache.hadoop.ozone.protocolPB.OzoneManagerProtocolServerSideTranslatorPB.submitReadRequestToOM(OzoneManagerProtocolServerSideTranslatorPB.java:167)
om2_1    | 2023-03-18 09:19:50,958 [om2@group-D66704EFC61C-SegmentedRaftLogWorker] INFO segmented.SegmentedRaftLogWorker: om2@group-D66704EFC61C-SegmentedRaftLogWorker: flushIndex: setUnconditionally 69 -> 68
dn4_1    | 	at java.base/java.lang.Thread.run(Thread.java:829)
dn3_1    | 2023-03-18 09:19:22,287 [pool-38-thread-1] INFO server.RaftServerConfigKeys: raft.server.log.purge.upto.snapshot.index = false (default)
om3_1    | 2023-03-18 09:19:50,777 [om3@group-D66704EFC61C-LeaderElection2] INFO server.RaftServerConfigKeys: raft.server.log.appender.install.snapshot.enabled = false (custom)
recon_1  | 2023-03-18 09:19:34,577 [IPC Server handler 10 on default port 9891] INFO scm.ReconNodeManager: Updating nodeDB for ha_dn5_1.ha_net
dn5_1    | 	at org.apache.hadoop.ozone.container.common.statemachine.StateContext.execute(StateContext.java:629)
s3g_1    | 	at org.apache.hadoop.ozone.protocolPB.OzoneManagerProtocolServerSideTranslatorPB.processRequest(OzoneManagerProtocolServerSideTranslatorPB.java:133)
om2_1    | 2023-03-18 09:19:50,958 [om2@group-D66704EFC61C-SegmentedRaftLogWorker] INFO segmented.SegmentedRaftLogWorker: om2@group-D66704EFC61C-SegmentedRaftLogWorker: safeCacheEvictIndex: setUnconditionally 68 -> 68
dn4_1    | Caused by: java.util.concurrent.TimeoutException
dn3_1    | 2023-03-18 09:19:22,288 [pool-38-thread-1] INFO server.RaftServerConfigKeys: raft.server.retrycache.expirytime = 600000ms (custom)
om3_1    | 2023-03-18 09:19:50,779 [om3@group-D66704EFC61C-LeaderElection2] INFO impl.RoleInfo: om3: start om3@group-D66704EFC61C-LeaderStateImpl
recon_1  | 2023-03-18 09:19:34,633 [IPC Server handler 11 on default port 9891] INFO scm.ReconNodeManager: Updating nodeDB for ha_dn2_1.ha_net
dn5_1    | 	at org.apache.hadoop.ozone.container.common.statemachine.DatanodeStateMachine.start(DatanodeStateMachine.java:269)
s3g_1    | 	at org.apache.hadoop.hdds.server.OzoneProtocolMessageDispatcher.processRequest(OzoneProtocolMessageDispatcher.java:87)
om2_1    | 2023-03-18 09:19:50,959 [grpc-default-executor-0] INFO segmented.SegmentedRaftLogWorker: om2@group-D66704EFC61C-SegmentedRaftLogWorker: Starting segment from index:69
om2_1    | 2023-03-18 09:19:50,969 [om2@group-D66704EFC61C-SegmentedRaftLogWorker] INFO segmented.SegmentedRaftLogWorker: om2@group-D66704EFC61C-SegmentedRaftLogWorker: created new log segment /data/metadata/ratis/5cb24680-b9e7-3c90-a862-d66704efc61c/current/log_inprogress_69
dn3_1    | 2023-03-18 09:19:22,288 [pool-38-thread-1] INFO server.RaftServerConfigKeys: raft.server.retrycache.statistics.expirytime = 100?s (default)
om3_1    | 2023-03-18 09:19:50,802 [om3@group-D66704EFC61C-LeaderElection2] INFO segmented.SegmentedRaftLogWorker: om3@group-D66704EFC61C-SegmentedRaftLogWorker: Rolling segment log-21_68 to index:68
recon_1  | 2023-03-18 09:19:34,931 [IPC Server handler 6 on default port 9891] INFO scm.ReconNodeManager: Updating nodeDB for ha_dn3_1.ha_net
dn5_1    | 	at org.apache.hadoop.ozone.container.common.statemachine.DatanodeStateMachine.lambda$startDaemon$0(DatanodeStateMachine.java:456)
s3g_1    | 	at org.apache.hadoop.ozone.protocolPB.OzoneManagerProtocolServerSideTranslatorPB.submitRequest(OzoneManagerProtocolServerSideTranslatorPB.java:123)
dn4_1    | 	at java.base/java.util.concurrent.FutureTask.get(FutureTask.java:204)
om2_1    | 2023-03-18 09:19:51,219 [om2@group-D66704EFC61C-StateMachineUpdater] INFO ratis.OzoneManagerStateMachine: Received Configuration change notification from Ratis. New Peer list:
dn3_1    | 2023-03-18 09:19:24,144 [main] INFO handler.ContextHandler: Started o.e.j.w.WebAppContext@195113de{hddsDatanode,/,file:///tmp/jetty-0_0_0_0-9882-hdds-container-service-1_2_1_jar-_-any-17722924659580414501/webapp/,AVAILABLE}{jar:file:/opt/hadoop/share/ozone/lib/hdds-container-service-1.2.1.jar!/webapps/hddsDatanode}
om3_1    | 2023-03-18 09:19:50,813 [om3@group-D66704EFC61C-SegmentedRaftLogWorker] INFO segmented.SegmentedRaftLogWorker: om3@group-D66704EFC61C-SegmentedRaftLogWorker: Rolled log segment from /data/metadata/ratis/5cb24680-b9e7-3c90-a862-d66704efc61c/current/log_inprogress_21 to /data/metadata/ratis/5cb24680-b9e7-3c90-a862-d66704efc61c/current/log_21-68
recon_1  | 2023-03-18 09:19:35,261 [IPC Server handler 9 on default port 9891] INFO scm.ReconNodeManager: Sending ReregisterCommand() for ha_dn4_1.ha_net
dn5_1    | 	at java.base/java.lang.Thread.run(Thread.java:829)
s3g_1    | 	at org.apache.hadoop.ozone.protocol.proto.OzoneManagerProtocolProtos$OzoneManagerService$2.callBlockingMethod(OzoneManagerProtocolProtos.java)
dn4_1    | 	at org.apache.hadoop.ozone.container.common.states.datanode.RunningDatanodeState.lambda$execute$0(RunningDatanodeState.java:149)
om2_1    | [id: "om1"
dn3_1    | 2023-03-18 09:19:24,200 [main] INFO server.AbstractConnector: Started ServerConnector@14d25b6e{HTTP/1.1, (http/1.1)}{0.0.0.0:9882}
om3_1    | 2023-03-18 09:19:50,844 [om3@group-D66704EFC61C-LeaderElection2] INFO server.RaftServer$Division: om3@group-D66704EFC61C: set configuration 69: [om1|rpc:om1:9872|admin:|client:|dataStream:|priority:0, om3|rpc:om3:9872|admin:|client:|dataStream:|priority:0, om2|rpc:om2:9872|admin:|client:|dataStream:|priority:0], old=null
recon_1  | 2023-03-18 09:19:47,946 [IPC Server handler 49 on default port 9891] INFO scm.ReconNodeManager: Sending ReregisterCommand() for ha_dn3_1.ha_net
dn5_1    | Caused by: java.util.concurrent.TimeoutException
s3g_1    | 	at org.apache.hadoop.ipc.ProtobufRpcEngine$Server.processCall(ProtobufRpcEngine.java:466)
dn4_1    | 	at java.base/java.util.concurrent.FutureTask.run(FutureTask.java:264)
om2_1    | address: "om1:9872"
dn3_1    | 2023-03-18 09:19:24,200 [main] INFO server.Server: Started @41224ms
om3_1    | 2023-03-18 09:19:50,882 [om3@group-D66704EFC61C-SegmentedRaftLogWorker] INFO segmented.SegmentedRaftLogWorker: om3@group-D66704EFC61C-SegmentedRaftLogWorker: created new log segment /data/metadata/ratis/5cb24680-b9e7-3c90-a862-d66704efc61c/current/log_inprogress_69
recon_1  | 2023-03-18 09:19:53,035 [IPC Server handler 97 on default port 9891] INFO scm.ReconNodeManager: Sending ReregisterCommand() for ha_dn5_1.ha_net
dn5_1    | 	at java.base/java.util.concurrent.FutureTask.get(FutureTask.java:204)
s3g_1    | 	at org.apache.hadoop.ipc.ProtobufRpcEngine2$Server$ProtoBufRpcInvoker.call(ProtobufRpcEngine2.java:574)
dn4_1    | 	at java.base/java.util.concurrent.Executors$RunnableAdapter.call(Executors.java:515)
om2_1    | , id: "om3"
dn3_1    | 2023-03-18 09:19:24,218 [main] INFO impl.MetricsSinkAdapter: Sink prometheus started
om3_1    | 2023-03-18 09:19:50,900 [grpc-default-executor-0] INFO server.GrpcServerProtocolService: om3: Completed APPEND_ENTRIES, lastRequest: null
recon_1  | 2023-03-18 09:20:04,339 [IPC Server handler 9 on default port 9891] INFO scm.ReconNodeManager: Sending ReregisterCommand() for ha_dn1_1.ha_net
dn5_1    | 	at org.apache.hadoop.ozone.container.common.states.datanode.RunningDatanodeState.lambda$execute$0(RunningDatanodeState.java:149)
s3g_1    | 	at org.apache.hadoop.ipc.ProtobufRpcEngine2$Server$ProtoBufRpcInvoker.call(ProtobufRpcEngine2.java:552)
dn4_1    | 	at java.base/java.util.concurrent.FutureTask.run(FutureTask.java:264)
om2_1    | address: "om3:9872"
dn3_1    | 2023-03-18 09:19:24,219 [main] INFO impl.MetricsSystemImpl: Registered sink prometheus
om3_1    | 2023-03-18 09:19:51,262 [om3@group-D66704EFC61C-StateMachineUpdater] INFO ratis.OzoneManagerStateMachine: Received Configuration change notification from Ratis. New Peer list:
recon_1  | 2023-03-18 09:20:04,587 [IPC Server handler 11 on default port 9891] INFO scm.ReconNodeManager: Sending ReregisterCommand() for ha_dn2_1.ha_net
dn5_1    | 	at java.base/java.util.concurrent.FutureTask.run(FutureTask.java:264)
s3g_1    | 	at org.apache.hadoop.ipc.RPC$Server.call(RPC.java:1093)
dn4_1    | 	at java.base/java.util.concurrent.ThreadPoolExecutor.runWorker(ThreadPoolExecutor.java:1128)
om2_1    | , id: "om2"
dn3_1    | 2023-03-18 09:19:24,228 [main] INFO http.BaseHttpServer: HTTP server of hddsDatanode listening at http://0.0.0.0:9882
om3_1    | [id: "om1"
recon_1  | 2023-03-18 09:20:05,052 [IPC Server handler 10 on default port 9891] INFO scm.ReconNodeManager: Updating nodeDB for ha_dn4_1.ha_net
dn5_1    | 	at java.base/java.util.concurrent.Executors$RunnableAdapter.call(Executors.java:515)
s3g_1    | 	at org.apache.hadoop.ipc.Server$RpcCall.run(Server.java:1035)
dn4_1    | 	at java.base/java.util.concurrent.ThreadPoolExecutor$Worker.run(ThreadPoolExecutor.java:628)
om2_1    | address: "om2:9872"
dn3_1    | 2023-03-18 09:19:24,248 [Datanode State Machine Thread - 0] INFO statemachine.DatanodeStateMachine: Ozone container server started.
om3_1    | address: "om1:9872"
recon_1  | 2023-03-18 09:20:17,923 [IPC Server handler 7 on default port 9891] INFO scm.ReconNodeManager: Updating nodeDB for ha_dn3_1.ha_net
dn5_1    | 	at java.base/java.util.concurrent.FutureTask.run(FutureTask.java:264)
s3g_1    | 	at org.apache.hadoop.ipc.Server$RpcCall.run(Server.java:963)
dn4_1    | 	... 1 more
om2_1    | ]
dn3_1    | 2023-03-18 09:19:24,381 [org.apache.hadoop.util.JvmPauseMonitor$Monitor@7bd7c5d8] INFO util.JvmPauseMonitor: Starting JVM pause monitor
om3_1    | , id: "om3"
recon_1  | 2023-03-18 09:20:23,026 [IPC Server handler 89 on default port 9891] INFO scm.ReconNodeManager: Updating nodeDB for ha_dn5_1.ha_net
dn5_1    | 	at java.base/java.util.concurrent.ThreadPoolExecutor.runWorker(ThreadPoolExecutor.java:1128)
s3g_1    | 	at java.base/java.security.AccessController.doPrivileged(Native Method)
dn4_1    | 2023-03-18 09:19:29,512 [EndpointStateMachine task thread for scm/10.9.0.14:9861 - 0 ] INFO ratis.XceiverServerRatis: Starting XceiverServerRatis 7c9e7a7d-2593-458c-8a46-0313d77c3278
om2_1    | 2023-03-18 09:20:21,981 [OM StateMachine ApplyTransaction Thread - 0] INFO volume.OMVolumeCreateRequest: created volume:old2-volume for user:hadoop
dn3_1    | 2023-03-18 09:19:24,709 [Datanode State Machine Task Thread - 0] INFO statemachine.SCMConnectionManager: Adding Recon Server : recon/10.9.0.20:9891
om3_1    | address: "om3:9872"
recon_1  | 2023-03-18 09:20:28,170 [pool-16-thread-1] INFO impl.OzoneManagerServiceProviderImpl: Syncing data from Ozone Manager.
dn5_1    | 	at java.base/java.util.concurrent.ThreadPoolExecutor$Worker.run(ThreadPoolExecutor.java:628)
s3g_1    | 	at java.base/javax.security.auth.Subject.doAs(Subject.java:423)
dn4_1    | 2023-03-18 09:19:29,575 [EndpointStateMachine task thread for scm/10.9.0.14:9861 - 0 ] INFO server.RaftServer$Division: 7c9e7a7d-2593-458c-8a46-0313d77c3278@group-8191D6D2324D: start as a follower, conf=8: [bae0cd8d-e50f-4d23-8974-b816860f8fc3|rpc:10.9.0.17:9856|admin:10.9.0.17:9857|client:10.9.0.17:9858|dataStream:|priority:0, 7c9e7a7d-2593-458c-8a46-0313d77c3278|rpc:10.9.0.18:9856|admin:10.9.0.18:9857|client:10.9.0.18:9858|dataStream:|priority:0, 04b88c83-026f-4630-aada-108e37835bee|rpc:10.9.0.19:9856|admin:10.9.0.19:9857|client:10.9.0.19:9858|dataStream:|priority:1], old=null
om2_1    | 2023-03-18 09:20:36,460 [OM StateMachine ApplyTransaction Thread - 0] ERROR bucket.OMBucketCreateRequest: Bucket creation failed for bucket:old2-bucket in volume:s3v
dn3_1    | 2023-03-18 09:19:28,400 [Datanode State Machine Thread - 0] ERROR datanode.RunningDatanodeState: Error in executing end point task.
om3_1    | , id: "om2"
recon_1  | 2023-03-18 09:20:28,173 [pool-16-thread-1] INFO codec.RepeatedOmKeyInfoCodec: RepeatedOmKeyInfoCodec ignorePipeline = true
dn5_1    | 	... 1 more
s3g_1    | 	at org.apache.hadoop.security.UserGroupInformation.doAs(UserGroupInformation.java:1878)
dn4_1    | 2023-03-18 09:19:29,575 [ForkJoinPool.commonPool-worker-3] INFO server.RaftServer$Division: 7c9e7a7d-2593-458c-8a46-0313d77c3278@group-40B9CE60BD6C: start as a follower, conf=1: [7c9e7a7d-2593-458c-8a46-0313d77c3278|rpc:10.9.0.18:9856|admin:10.9.0.18:9857|client:10.9.0.18:9858|dataStream:|priority:1], old=null
om2_1    | BUCKET_ALREADY_EXISTS org.apache.hadoop.ozone.om.exceptions.OMException: Bucket already exist
dn3_1    | java.util.concurrent.ExecutionException: java.util.concurrent.TimeoutException
om3_1    | address: "om2:9872"
recon_1  | 2023-03-18 09:20:28,173 [pool-16-thread-1] INFO codec.OmKeyInfoCodec: OmKeyInfoCodec ignorePipeline = true
s3g_1    | 	at org.apache.hadoop.ipc.Server$Handler.run(Server.java:2966)
dn5_1    | 2023-03-18 09:19:29,192 [EndpointStateMachine task thread for scm/10.9.0.14:9861 - 0 ] INFO ratis.XceiverServerRatis: Starting XceiverServerRatis 04b88c83-026f-4630-aada-108e37835bee
dn4_1    | 2023-03-18 09:19:29,592 [EndpointStateMachine task thread for scm/10.9.0.14:9861 - 0 ] INFO server.RaftServer$Division: 7c9e7a7d-2593-458c-8a46-0313d77c3278@group-8191D6D2324D: changes role from      null to FOLLOWER at term 2 for startAsFollower
om2_1    | 	at org.apache.hadoop.ozone.om.request.bucket.OMBucketCreateRequest.validateAndUpdateCache(OMBucketCreateRequest.java:193)
dn3_1    | 	at java.base/java.util.concurrent.FutureTask.report(FutureTask.java:122)
om3_1    | ]
recon_1  | 2023-03-18 09:20:28,174 [pool-16-thread-1] INFO codec.OmKeyInfoCodec: OmKeyInfoCodec ignorePipeline = true
s3g_1    | , while invoking $Proxy108.submitRequest over nodeId=om2,nodeAddress=om2:9862 after 1 failover attempts. Trying to failover immediately.
dn5_1    | 2023-03-18 09:19:29,198 [EndpointStateMachine task thread for scm/10.9.0.14:9861 - 0 ] INFO server.RaftServer$Division: 04b88c83-026f-4630-aada-108e37835bee@group-3212C22EDF58: start as a follower, conf=1: [04b88c83-026f-4630-aada-108e37835bee|rpc:10.9.0.19:9856|admin:10.9.0.19:9857|client:10.9.0.19:9858|dataStream:|priority:1], old=null
dn4_1    | 2023-03-18 09:19:29,596 [EndpointStateMachine task thread for scm/10.9.0.14:9861 - 0 ] INFO impl.RoleInfo: 7c9e7a7d-2593-458c-8a46-0313d77c3278: start 7c9e7a7d-2593-458c-8a46-0313d77c3278@group-8191D6D2324D-FollowerState
om2_1    | 	at org.apache.hadoop.ozone.protocolPB.OzoneManagerRequestHandler.handleWriteRequest(OzoneManagerRequestHandler.java:248)
dn3_1    | 	at java.base/java.util.concurrent.FutureTask.get(FutureTask.java:191)
om3_1    | 2023-03-18 09:20:21,695 [OM StateMachine ApplyTransaction Thread - 0] INFO volume.OMVolumeCreateRequest: created volume:old2-volume for user:hadoop
recon_1  | 2023-03-18 09:20:28,174 [pool-16-thread-1] INFO codec.OmKeyInfoCodec: OmKeyInfoCodec ignorePipeline = true
s3g_1    | 2023-03-18 09:20:37,068 [qtp9797126-22] INFO metrics.MetricRegistries: Loaded MetricRegistries class org.apache.ratis.metrics.impl.MetricRegistriesImpl
dn5_1    | 2023-03-18 09:19:29,205 [ForkJoinPool.commonPool-worker-3] INFO server.RaftServer$Division: 04b88c83-026f-4630-aada-108e37835bee@group-8191D6D2324D: start as a follower, conf=8: [bae0cd8d-e50f-4d23-8974-b816860f8fc3|rpc:10.9.0.17:9856|admin:10.9.0.17:9857|client:10.9.0.17:9858|dataStream:|priority:0, 7c9e7a7d-2593-458c-8a46-0313d77c3278|rpc:10.9.0.18:9856|admin:10.9.0.18:9857|client:10.9.0.18:9858|dataStream:|priority:0, 04b88c83-026f-4630-aada-108e37835bee|rpc:10.9.0.19:9856|admin:10.9.0.19:9857|client:10.9.0.19:9858|dataStream:|priority:1], old=null
dn4_1    | 2023-03-18 09:19:29,593 [ForkJoinPool.commonPool-worker-3] INFO server.RaftServer$Division: 7c9e7a7d-2593-458c-8a46-0313d77c3278@group-40B9CE60BD6C: changes role from      null to FOLLOWER at term 2 for startAsFollower
om2_1    | 	at org.apache.hadoop.ozone.om.ratis.OzoneManagerStateMachine.runCommand(OzoneManagerStateMachine.java:502)
om2_1    | 	at org.apache.hadoop.ozone.om.ratis.OzoneManagerStateMachine.lambda$2(OzoneManagerStateMachine.java:312)
om3_1    | 2023-03-18 09:20:28,419 [qtp11646065-54] INFO utils.DBCheckpointServlet: Received request to obtain DB checkpoint snapshot
recon_1  | 2023-03-18 09:20:28,174 [pool-16-thread-1] INFO codec.OmKeyInfoCodec: OmKeyInfoCodec ignorePipeline = true
s3g_1    | 2023-03-18 09:20:46,155 [qtp9797126-18] INFO retry.RetryInvocationHandler: com.google.protobuf.ServiceException: org.apache.hadoop.ipc.RemoteException(org.apache.hadoop.ozone.om.exceptions.OMNotLeaderException): OM:om2 is not the leader. Could not determine the leader node.
dn5_1    | 2023-03-18 09:19:29,229 [EndpointStateMachine task thread for scm/10.9.0.14:9861 - 0 ] INFO server.RaftServer$Division: 04b88c83-026f-4630-aada-108e37835bee@group-3212C22EDF58: changes role from      null to FOLLOWER at term 2 for startAsFollower
om2_1    | 	at java.base/java.util.concurrent.CompletableFuture$AsyncSupply.run(CompletableFuture.java:1700)
dn3_1    | 	at org.apache.hadoop.ozone.container.common.states.datanode.RunningDatanodeState.computeNextContainerState(RunningDatanodeState.java:191)
dn4_1    | 2023-03-18 09:19:29,608 [ForkJoinPool.commonPool-worker-3] INFO impl.RoleInfo: 7c9e7a7d-2593-458c-8a46-0313d77c3278: start 7c9e7a7d-2593-458c-8a46-0313d77c3278@group-40B9CE60BD6C-FollowerState
om3_1    | 2023-03-18 09:20:28,438 [qtp11646065-54] INFO db.RDBCheckpointManager: Created checkpoint at /data/metadata/db.checkpoints/om.db_checkpoint_1679131228420 in 17 milliseconds
recon_1  | 2023-03-18 09:20:28,174 [pool-16-thread-1] INFO codec.OmKeyInfoCodec: OmKeyInfoCodec ignorePipeline = true
s3g_1    | 	at org.apache.hadoop.ozone.protocolPB.OzoneManagerProtocolServerSideTranslatorPB.createNotLeaderException(OzoneManagerProtocolServerSideTranslatorPB.java:187)
dn5_1    | 2023-03-18 09:19:29,229 [ForkJoinPool.commonPool-worker-3] INFO server.RaftServer$Division: 04b88c83-026f-4630-aada-108e37835bee@group-8191D6D2324D: changes role from      null to FOLLOWER at term 2 for startAsFollower
om2_1    | 	at java.base/java.util.concurrent.ThreadPoolExecutor.runWorker(ThreadPoolExecutor.java:1128)
dn3_1    | 	at org.apache.hadoop.ozone.container.common.states.datanode.RunningDatanodeState.await(RunningDatanodeState.java:231)
dn4_1    | 2023-03-18 09:19:29,620 [EndpointStateMachine task thread for scm/10.9.0.14:9861 - 0 ] INFO util.JmxRegister: Successfully registered JMX Bean with object name Ratis:service=RaftServer,group=group-8191D6D2324D,id=7c9e7a7d-2593-458c-8a46-0313d77c3278
om3_1    | 2023-03-18 09:20:28,503 [qtp11646065-54] INFO utils.DBCheckpointServlet: Time taken to write the checkpoint to response output stream: 63 milliseconds
recon_1  | 2023-03-18 09:20:28,174 [pool-16-thread-1] INFO impl.OzoneManagerServiceProviderImpl: Obtaining delta updates from Ozone Manager
s3g_1    | 	at org.apache.hadoop.ozone.protocolPB.OzoneManagerProtocolServerSideTranslatorPB.createLeaderErrorException(OzoneManagerProtocolServerSideTranslatorPB.java:174)
dn5_1    | 2023-03-18 09:19:29,245 [EndpointStateMachine task thread for scm/10.9.0.14:9861 - 0 ] INFO impl.RoleInfo: 04b88c83-026f-4630-aada-108e37835bee: start 04b88c83-026f-4630-aada-108e37835bee@group-3212C22EDF58-FollowerState
om2_1    | 	at java.base/java.util.concurrent.ThreadPoolExecutor$Worker.run(ThreadPoolExecutor.java:628)
dn3_1    | 	at org.apache.hadoop.ozone.container.common.states.datanode.RunningDatanodeState.await(RunningDatanodeState.java:50)
dn4_1    | 2023-03-18 09:19:29,620 [ForkJoinPool.commonPool-worker-3] INFO util.JmxRegister: Successfully registered JMX Bean with object name Ratis:service=RaftServer,group=group-40B9CE60BD6C,id=7c9e7a7d-2593-458c-8a46-0313d77c3278
om3_1    | 2023-03-18 09:20:28,503 [qtp11646065-54] INFO db.RocksDBCheckpoint: Cleaning up RocksDB checkpoint at /data/metadata/db.checkpoints/om.db_checkpoint_1679131228420
recon_1  | 2023-03-18 09:20:28,209 [pool-16-thread-1] INFO retry.RetryInvocationHandler: com.google.protobuf.ServiceException: org.apache.hadoop.ipc.RemoteException(org.apache.hadoop.ozone.om.exceptions.OMNotLeaderException): OM:om2 is not the leader. Could not determine the leader node.
s3g_1    | 	at org.apache.hadoop.ozone.protocolPB.OzoneManagerProtocolServerSideTranslatorPB.submitReadRequestToOM(OzoneManagerProtocolServerSideTranslatorPB.java:167)
dn5_1    | 2023-03-18 09:19:29,246 [ForkJoinPool.commonPool-worker-3] INFO impl.RoleInfo: 04b88c83-026f-4630-aada-108e37835bee: start 04b88c83-026f-4630-aada-108e37835bee@group-8191D6D2324D-FollowerState
om2_1    | 	at java.base/java.lang.Thread.run(Thread.java:829)
dn3_1    | 	at org.apache.hadoop.ozone.container.common.statemachine.StateContext.execute(StateContext.java:629)
dn4_1    | 2023-03-18 09:19:29,640 [EndpointStateMachine task thread for scm/10.9.0.14:9861 - 0 ] INFO server.RaftServer$Division: 7c9e7a7d-2593-458c-8a46-0313d77c3278@group-80313208139C: start as a follower, conf=5: [bae0cd8d-e50f-4d23-8974-b816860f8fc3|rpc:10.9.0.17:9856|admin:10.9.0.17:9857|client:10.9.0.17:9858|dataStream:|priority:1, 7c9e7a7d-2593-458c-8a46-0313d77c3278|rpc:10.9.0.18:9856|admin:10.9.0.18:9857|client:10.9.0.18:9858|dataStream:|priority:0, 04b88c83-026f-4630-aada-108e37835bee|rpc:10.9.0.19:9856|admin:10.9.0.19:9857|client:10.9.0.19:9858|dataStream:|priority:0], old=null
om3_1    | 2023-03-18 09:20:36,452 [OM StateMachine ApplyTransaction Thread - 0] ERROR bucket.OMBucketCreateRequest: Bucket creation failed for bucket:old2-bucket in volume:s3v
recon_1  | 	at org.apache.hadoop.ozone.protocolPB.OzoneManagerProtocolServerSideTranslatorPB.createNotLeaderException(OzoneManagerProtocolServerSideTranslatorPB.java:187)
s3g_1    | 	at org.apache.hadoop.ozone.protocolPB.OzoneManagerProtocolServerSideTranslatorPB.processRequest(OzoneManagerProtocolServerSideTranslatorPB.java:133)
dn5_1    | 2023-03-18 09:19:29,259 [EndpointStateMachine task thread for scm/10.9.0.14:9861 - 0 ] INFO util.JmxRegister: Successfully registered JMX Bean with object name Ratis:service=RaftServer,group=group-3212C22EDF58,id=04b88c83-026f-4630-aada-108e37835bee
om2_1    | 2023-03-18 09:21:00,042 [OM StateMachine ApplyTransaction Thread - 0] ERROR bucket.OMBucketCreateRequest: Bucket creation failed for bucket:old1-bucket in volume:s3v
dn3_1    | 	at org.apache.hadoop.ozone.container.common.statemachine.DatanodeStateMachine.start(DatanodeStateMachine.java:269)
dn4_1    | 2023-03-18 09:19:29,640 [EndpointStateMachine task thread for scm/10.9.0.14:9861 - 0 ] INFO server.RaftServer$Division: 7c9e7a7d-2593-458c-8a46-0313d77c3278@group-80313208139C: changes role from      null to FOLLOWER at term 2 for startAsFollower
om3_1    | BUCKET_ALREADY_EXISTS org.apache.hadoop.ozone.om.exceptions.OMException: Bucket already exist
recon_1  | 	at org.apache.hadoop.ozone.protocolPB.OzoneManagerProtocolServerSideTranslatorPB.createLeaderErrorException(OzoneManagerProtocolServerSideTranslatorPB.java:174)
s3g_1    | 	at org.apache.hadoop.hdds.server.OzoneProtocolMessageDispatcher.processRequest(OzoneProtocolMessageDispatcher.java:87)
dn5_1    | 2023-03-18 09:19:29,264 [ForkJoinPool.commonPool-worker-3] INFO util.JmxRegister: Successfully registered JMX Bean with object name Ratis:service=RaftServer,group=group-8191D6D2324D,id=04b88c83-026f-4630-aada-108e37835bee
om2_1    | BUCKET_ALREADY_EXISTS org.apache.hadoop.ozone.om.exceptions.OMException: Bucket already exist
dn3_1    | 	at org.apache.hadoop.ozone.container.common.statemachine.DatanodeStateMachine.lambda$startDaemon$0(DatanodeStateMachine.java:456)
dn4_1    | 2023-03-18 09:19:29,640 [EndpointStateMachine task thread for scm/10.9.0.14:9861 - 0 ] INFO impl.RoleInfo: 7c9e7a7d-2593-458c-8a46-0313d77c3278: start 7c9e7a7d-2593-458c-8a46-0313d77c3278@group-80313208139C-FollowerState
om3_1    | 	at org.apache.hadoop.ozone.om.request.bucket.OMBucketCreateRequest.validateAndUpdateCache(OMBucketCreateRequest.java:193)
recon_1  | 	at org.apache.hadoop.ozone.protocolPB.OzoneManagerProtocolServerSideTranslatorPB.submitReadRequestToOM(OzoneManagerProtocolServerSideTranslatorPB.java:167)
s3g_1    | 	at org.apache.hadoop.ozone.protocolPB.OzoneManagerProtocolServerSideTranslatorPB.submitRequest(OzoneManagerProtocolServerSideTranslatorPB.java:123)
dn5_1    | 2023-03-18 09:19:29,276 [EndpointStateMachine task thread for scm/10.9.0.14:9861 - 0 ] INFO server.RaftServer$Division: 04b88c83-026f-4630-aada-108e37835bee@group-80313208139C: start as a follower, conf=5: [bae0cd8d-e50f-4d23-8974-b816860f8fc3|rpc:10.9.0.17:9856|admin:10.9.0.17:9857|client:10.9.0.17:9858|dataStream:|priority:1, 7c9e7a7d-2593-458c-8a46-0313d77c3278|rpc:10.9.0.18:9856|admin:10.9.0.18:9857|client:10.9.0.18:9858|dataStream:|priority:0, 04b88c83-026f-4630-aada-108e37835bee|rpc:10.9.0.19:9856|admin:10.9.0.19:9857|client:10.9.0.19:9858|dataStream:|priority:0], old=null
om2_1    | 	at org.apache.hadoop.ozone.om.request.bucket.OMBucketCreateRequest.validateAndUpdateCache(OMBucketCreateRequest.java:193)
dn3_1    | 	at java.base/java.lang.Thread.run(Thread.java:829)
dn4_1    | 2023-03-18 09:19:29,644 [EndpointStateMachine task thread for scm/10.9.0.14:9861 - 0 ] INFO util.JmxRegister: Successfully registered JMX Bean with object name Ratis:service=RaftServer,group=group-80313208139C,id=7c9e7a7d-2593-458c-8a46-0313d77c3278
om3_1    | 	at org.apache.hadoop.ozone.protocolPB.OzoneManagerRequestHandler.handleWriteRequest(OzoneManagerRequestHandler.java:248)
recon_1  | 	at org.apache.hadoop.ozone.protocolPB.OzoneManagerProtocolServerSideTranslatorPB.processRequest(OzoneManagerProtocolServerSideTranslatorPB.java:133)
s3g_1    | 	at org.apache.hadoop.ozone.protocol.proto.OzoneManagerProtocolProtos$OzoneManagerService$2.callBlockingMethod(OzoneManagerProtocolProtos.java)
dn5_1    | 2023-03-18 09:19:29,282 [EndpointStateMachine task thread for scm/10.9.0.14:9861 - 0 ] INFO server.RaftServer$Division: 04b88c83-026f-4630-aada-108e37835bee@group-80313208139C: changes role from      null to FOLLOWER at term 2 for startAsFollower
om2_1    | 	at org.apache.hadoop.ozone.protocolPB.OzoneManagerRequestHandler.handleWriteRequest(OzoneManagerRequestHandler.java:248)
dn3_1    | Caused by: java.util.concurrent.TimeoutException
dn4_1    | 2023-03-18 09:19:29,675 [EndpointStateMachine task thread for scm/10.9.0.14:9861 - 0 ] INFO server.RaftServer: 7c9e7a7d-2593-458c-8a46-0313d77c3278: start RPC server
om3_1    | 	at org.apache.hadoop.ozone.om.ratis.OzoneManagerStateMachine.runCommand(OzoneManagerStateMachine.java:502)
om3_1    | 	at org.apache.hadoop.ozone.om.ratis.OzoneManagerStateMachine.lambda$2(OzoneManagerStateMachine.java:312)
s3g_1    | 	at org.apache.hadoop.ipc.ProtobufRpcEngine$Server.processCall(ProtobufRpcEngine.java:466)
dn5_1    | 2023-03-18 09:19:29,282 [EndpointStateMachine task thread for scm/10.9.0.14:9861 - 0 ] INFO impl.RoleInfo: 04b88c83-026f-4630-aada-108e37835bee: start 04b88c83-026f-4630-aada-108e37835bee@group-80313208139C-FollowerState
om2_1    | 	at org.apache.hadoop.ozone.om.ratis.OzoneManagerStateMachine.runCommand(OzoneManagerStateMachine.java:502)
dn3_1    | 	at java.base/java.util.concurrent.FutureTask.get(FutureTask.java:204)
dn4_1    | 2023-03-18 09:19:29,692 [EndpointStateMachine task thread for scm/10.9.0.14:9861 - 0 ] INFO server.GrpcService: 7c9e7a7d-2593-458c-8a46-0313d77c3278: GrpcService started, listening on 9856
om3_1    | 	at java.base/java.util.concurrent.CompletableFuture$AsyncSupply.run(CompletableFuture.java:1700)
recon_1  | 	at org.apache.hadoop.hdds.server.OzoneProtocolMessageDispatcher.processRequest(OzoneProtocolMessageDispatcher.java:87)
s3g_1    | 	at org.apache.hadoop.ipc.ProtobufRpcEngine2$Server$ProtoBufRpcInvoker.call(ProtobufRpcEngine2.java:574)
dn5_1    | 2023-03-18 09:19:29,283 [EndpointStateMachine task thread for scm/10.9.0.14:9861 - 0 ] INFO util.JmxRegister: Successfully registered JMX Bean with object name Ratis:service=RaftServer,group=group-80313208139C,id=04b88c83-026f-4630-aada-108e37835bee
om2_1    | 	at org.apache.hadoop.ozone.om.ratis.OzoneManagerStateMachine.lambda$2(OzoneManagerStateMachine.java:312)
dn3_1    | 	at org.apache.hadoop.ozone.container.common.states.datanode.RunningDatanodeState.lambda$execute$0(RunningDatanodeState.java:149)
dn4_1    | 2023-03-18 09:19:29,694 [EndpointStateMachine task thread for scm/10.9.0.14:9861 - 0 ] INFO server.GrpcService: 7c9e7a7d-2593-458c-8a46-0313d77c3278: GrpcService started, listening on 9857
om3_1    | 	at java.base/java.util.concurrent.ThreadPoolExecutor.runWorker(ThreadPoolExecutor.java:1128)
recon_1  | 	at org.apache.hadoop.ozone.protocolPB.OzoneManagerProtocolServerSideTranslatorPB.submitRequest(OzoneManagerProtocolServerSideTranslatorPB.java:123)
s3g_1    | 	at org.apache.hadoop.ipc.ProtobufRpcEngine2$Server$ProtoBufRpcInvoker.call(ProtobufRpcEngine2.java:552)
dn5_1    | 2023-03-18 09:19:29,297 [EndpointStateMachine task thread for scm/10.9.0.14:9861 - 0 ] INFO server.RaftServer: 04b88c83-026f-4630-aada-108e37835bee: start RPC server
om2_1    | 	at java.base/java.util.concurrent.CompletableFuture$AsyncSupply.run(CompletableFuture.java:1700)
dn3_1    | 	at java.base/java.util.concurrent.FutureTask.run(FutureTask.java:264)
dn4_1    | 2023-03-18 09:19:29,705 [EndpointStateMachine task thread for scm/10.9.0.14:9861 - 0 ] INFO server.GrpcService: 7c9e7a7d-2593-458c-8a46-0313d77c3278: GrpcService started, listening on 9858
om3_1    | 	at java.base/java.util.concurrent.ThreadPoolExecutor$Worker.run(ThreadPoolExecutor.java:628)
recon_1  | 	at org.apache.hadoop.ozone.protocol.proto.OzoneManagerProtocolProtos$OzoneManagerService$2.callBlockingMethod(OzoneManagerProtocolProtos.java)
s3g_1    | 	at org.apache.hadoop.ipc.RPC$Server.call(RPC.java:1093)
dn5_1    | 2023-03-18 09:19:29,313 [EndpointStateMachine task thread for scm/10.9.0.14:9861 - 0 ] INFO server.GrpcService: 04b88c83-026f-4630-aada-108e37835bee: GrpcService started, listening on 9856
om2_1    | 	at java.base/java.util.concurrent.ThreadPoolExecutor.runWorker(ThreadPoolExecutor.java:1128)
dn3_1    | 	at java.base/java.util.concurrent.Executors$RunnableAdapter.call(Executors.java:515)
dn4_1    | 2023-03-18 09:19:29,723 [org.apache.ratis.util.JvmPauseMonitor$$Lambda$455/0x000000084055a840@422666ed] INFO util.JvmPauseMonitor: JvmPauseMonitor-7c9e7a7d-2593-458c-8a46-0313d77c3278: Started
om3_1    | 	at java.base/java.lang.Thread.run(Thread.java:829)
recon_1  | 	at org.apache.hadoop.ipc.ProtobufRpcEngine$Server.processCall(ProtobufRpcEngine.java:466)
s3g_1    | 	at org.apache.hadoop.ipc.Server$RpcCall.run(Server.java:1035)
dn5_1    | 2023-03-18 09:19:29,316 [EndpointStateMachine task thread for scm/10.9.0.14:9861 - 0 ] INFO server.GrpcService: 04b88c83-026f-4630-aada-108e37835bee: GrpcService started, listening on 9857
om2_1    | 	at java.base/java.util.concurrent.ThreadPoolExecutor$Worker.run(ThreadPoolExecutor.java:628)
dn3_1    | 	at java.base/java.util.concurrent.FutureTask.run(FutureTask.java:264)
dn4_1    | 2023-03-18 09:19:29,723 [EndpointStateMachine task thread for scm/10.9.0.14:9861 - 0 ] INFO ratis.XceiverServerRatis: XceiverServerRatis 7c9e7a7d-2593-458c-8a46-0313d77c3278 is started using port 9858 for RATIS
om3_1    | 2023-03-18 09:21:00,020 [OM StateMachine ApplyTransaction Thread - 0] ERROR bucket.OMBucketCreateRequest: Bucket creation failed for bucket:old1-bucket in volume:s3v
recon_1  | 	at org.apache.hadoop.ipc.ProtobufRpcEngine2$Server$ProtoBufRpcInvoker.call(ProtobufRpcEngine2.java:574)
s3g_1    | 	at org.apache.hadoop.ipc.Server$RpcCall.run(Server.java:963)
dn5_1    | 2023-03-18 09:19:29,318 [EndpointStateMachine task thread for scm/10.9.0.14:9861 - 0 ] INFO server.GrpcService: 04b88c83-026f-4630-aada-108e37835bee: GrpcService started, listening on 9858
om2_1    | 	at java.base/java.lang.Thread.run(Thread.java:829)
dn3_1    | 	at java.base/java.util.concurrent.ThreadPoolExecutor.runWorker(ThreadPoolExecutor.java:1128)
dn4_1    | 2023-03-18 09:19:29,730 [EndpointStateMachine task thread for scm/10.9.0.14:9861 - 0 ] INFO ratis.XceiverServerRatis: XceiverServerRatis 7c9e7a7d-2593-458c-8a46-0313d77c3278 is started using port 9857 for RATIS_ADMIN
om3_1    | BUCKET_ALREADY_EXISTS org.apache.hadoop.ozone.om.exceptions.OMException: Bucket already exist
recon_1  | 	at org.apache.hadoop.ipc.ProtobufRpcEngine2$Server$ProtoBufRpcInvoker.call(ProtobufRpcEngine2.java:552)
s3g_1    | 	at java.base/java.security.AccessController.doPrivileged(Native Method)
dn5_1    | 2023-03-18 09:19:29,345 [EndpointStateMachine task thread for scm/10.9.0.14:9861 - 0 ] INFO ratis.XceiverServerRatis: XceiverServerRatis 04b88c83-026f-4630-aada-108e37835bee is started using port 9858 for RATIS
dn3_1    | 	at java.base/java.util.concurrent.ThreadPoolExecutor$Worker.run(ThreadPoolExecutor.java:628)
dn3_1    | 	... 1 more
om3_1    | 	at org.apache.hadoop.ozone.om.request.bucket.OMBucketCreateRequest.validateAndUpdateCache(OMBucketCreateRequest.java:193)
recon_1  | 	at org.apache.hadoop.ipc.RPC$Server.call(RPC.java:1093)
s3g_1    | 	at java.base/javax.security.auth.Subject.doAs(Subject.java:423)
dn5_1    | 2023-03-18 09:19:29,348 [EndpointStateMachine task thread for scm/10.9.0.14:9861 - 0 ] INFO ratis.XceiverServerRatis: XceiverServerRatis 04b88c83-026f-4630-aada-108e37835bee is started using port 9857 for RATIS_ADMIN
dn4_1    | 2023-03-18 09:19:29,730 [EndpointStateMachine task thread for scm/10.9.0.14:9861 - 0 ] INFO ratis.XceiverServerRatis: XceiverServerRatis 7c9e7a7d-2593-458c-8a46-0313d77c3278 is started using port 9856 for RATIS_SERVER
dn3_1    | 2023-03-18 09:19:28,675 [EndpointStateMachine task thread for scm/10.9.0.14:9861 - 0 ] INFO ozoneimpl.OzoneContainer: Attempting to start container services.
om3_1    | 	at org.apache.hadoop.ozone.protocolPB.OzoneManagerRequestHandler.handleWriteRequest(OzoneManagerRequestHandler.java:248)
recon_1  | 	at org.apache.hadoop.ipc.Server$RpcCall.run(Server.java:1035)
s3g_1    | 	at org.apache.hadoop.security.UserGroupInformation.doAs(UserGroupInformation.java:1878)
dn5_1    | 2023-03-18 09:19:29,348 [EndpointStateMachine task thread for scm/10.9.0.14:9861 - 0 ] INFO ratis.XceiverServerRatis: XceiverServerRatis 04b88c83-026f-4630-aada-108e37835bee is started using port 9856 for RATIS_SERVER
