dn4_1    | 2023-03-18 09:19:15,520 [main] INFO server.RaftServer: 7c9e7a7d-2593-458c-8a46-0313d77c3278: found a subdirectory /data/metadata/ratis/e319c2ba-524b-42f7-8b03-80313208139c
dn5_1    | 2023-03-18 09:19:20,531 [pool-38-thread-1] INFO server.RaftServerConfigKeys: raft.server.notification.no-leader.timeout = 300s (custom)
scm_1    | STARTUP_MSG:   build = https://github.com/apache/ozone.git/76aa27e7c05196ae00cba540efce4bb7529e5d15 ; compiled by 'ethanrose' on 2021-12-15T22:27Z
dn2_1    | 	at java.base/java.util.concurrent.ThreadPoolExecutor$Worker.run(ThreadPoolExecutor.java:628)
s3g_1    | STARTUP_MSG:   args = []
om1_1    | 2023-03-18 09:19:36,605 [pool-23-thread-1] INFO server.RaftServerConfigKeys: raft.server.leaderelection.leader.step-down.wait-time = 10s (default)
recon_1  | 2023-03-18 09:18:58,749 [main] INFO db.RDBStore: Found the following extra column families in existing DB : [keyContainerTable, replica_history_v2]
dn1_1    | 	at java.base/java.util.concurrent.FutureTask.run(FutureTask.java:264)
dn3_1    | 2023-03-18 09:19:15,655 [main] INFO server.RaftServer: bae0cd8d-e50f-4d23-8974-b816860f8fc3: found a subdirectory /data/metadata/ratis/97be11a2-1597-458e-9379-8191d6d2324d
om2_1    | 2023-03-18 09:19:34,886 [main] INFO grpc.GrpcConfigKeys: raft.grpc.client.port = -1 (default)
dn4_1    | 2023-03-18 09:19:15,651 [main] INFO server.RaftServer: 7c9e7a7d-2593-458c-8a46-0313d77c3278: addNew group-80313208139C:[] returns group-80313208139C:java.util.concurrent.CompletableFuture@252744a1[Not completed]
dn4_1    | 2023-03-18 09:19:15,663 [main] INFO server.RaftServer: 7c9e7a7d-2593-458c-8a46-0313d77c3278: found a subdirectory /data/metadata/ratis/a2f44939-53c6-4b4c-afd2-40b9ce60bd6c
dn5_1    | 2023-03-18 09:19:20,537 [pool-38-thread-1] INFO server.RaftServerConfigKeys: raft.server.log.use.memory = false (default)
scm_1    | STARTUP_MSG:   java = 11.0.13
dn2_1    | 	... 1 more
s3g_1    | STARTUP_MSG:   version = 1.2.1
om1_1    | 2023-03-18 09:19:36,605 [pool-23-thread-1] INFO server.RaftServerConfigKeys: raft.server.sleep.deviation.threshold = 300ms (default)
recon_1  | 2023-03-18 09:18:58,947 [main] INFO persistence.DefaultDataSourceProvider: JDBC Url for Recon : jdbc:derby:/data/metadata/recon/ozone_recon_derby.db 
dn1_1    | 	at java.base/java.util.concurrent.Executors$RunnableAdapter.call(Executors.java:515)
dn3_1    | 2023-03-18 09:19:15,655 [main] INFO server.RaftServer: bae0cd8d-e50f-4d23-8974-b816860f8fc3: addNew group-8191D6D2324D:[] returns group-8191D6D2324D:java.util.concurrent.CompletableFuture@29f38091[Not completed]
dn4_1    | 2023-03-18 09:19:15,664 [main] INFO server.RaftServer: 7c9e7a7d-2593-458c-8a46-0313d77c3278: addNew group-40B9CE60BD6C:[] returns group-40B9CE60BD6C:java.util.concurrent.CompletableFuture@10e5bf9c[Not completed]
om3_1    | 2023-03-18 09:19:34,095 [main] INFO server.RaftServer: raft.rpc.type = GRPC (default)
om2_1    | 2023-03-18 09:19:34,888 [main] INFO grpc.GrpcConfigKeys: raft.grpc.server.port = 9872 (custom)
dn5_1    | 2023-03-18 09:19:20,710 [pool-38-thread-1] INFO server.RaftServerConfigKeys: raft.server.log.purge.gap = 1000000 (custom)
scm_1    | ************************************************************/
dn2_1    | 2023-03-18 09:19:34,415 [2b374f74-8596-4317-81ba-ce0a491ddd96@group-BF56057FF98F-FollowerState] INFO impl.FollowerState: 2b374f74-8596-4317-81ba-ce0a491ddd96@group-BF56057FF98F-FollowerState: change to CANDIDATE, lastRpcElapsedTime:5129241382ns, electionTimeout:5045ms
recon_1  | 2023-03-18 09:19:03,985 [main] INFO codegen.SqlDbUtils: Created derby database at jdbc:derby:/data/metadata/recon/ozone_recon_derby.db.
recon_1  | 2023-03-18 09:19:07,581 [main] INFO persistence.DefaultDataSourceProvider: JDBC Url for Recon : jdbc:derby:/data/metadata/recon/ozone_recon_derby.db 
dn1_1    | 	at java.base/java.util.concurrent.FutureTask.run(FutureTask.java:264)
dn3_1    | 2023-03-18 09:19:16,119 [pool-38-thread-1] INFO server.RaftServer$Division: bae0cd8d-e50f-4d23-8974-b816860f8fc3: new RaftServerImpl for group-D1111D92119B:[] with ContainerStateMachine:uninitialized
dn4_1    | 2023-03-18 09:19:15,668 [main] INFO server.RaftServer: 7c9e7a7d-2593-458c-8a46-0313d77c3278: found a subdirectory /data/metadata/ratis/97be11a2-1597-458e-9379-8191d6d2324d
om3_1    | 2023-03-18 09:19:34,480 [main] INFO grpc.GrpcConfigKeys: raft.grpc.admin.port = -1 (default)
om2_1    | 2023-03-18 09:19:34,888 [main] INFO grpc.GrpcConfigKeys: raft.grpc.server.port = 9872 (custom)
dn5_1    | 2023-03-18 09:19:20,744 [pool-38-thread-1] INFO server.RaftServerConfigKeys: raft.server.log.appender.buffer.byte-limit = 33554432 (custom)
scm_1    | 2023-03-18 09:18:57,868 [main] INFO server.StorageContainerManagerStarter: registered UNIX signal handlers for [TERM, HUP, INT]
dn2_1    | 2023-03-18 09:19:34,416 [2b374f74-8596-4317-81ba-ce0a491ddd96@group-BF56057FF98F-FollowerState] INFO impl.RoleInfo: 2b374f74-8596-4317-81ba-ce0a491ddd96: shutdown 2b374f74-8596-4317-81ba-ce0a491ddd96@group-BF56057FF98F-FollowerState
recon_1  | 2023-03-18 09:19:07,585 [main] INFO codegen.SqlDbUtils: Created derby database at jdbc:derby:/data/metadata/recon/ozone_recon_derby.db.
recon_1  | 2023-03-18 09:19:07,604 [main] INFO recon.ReconServer: Creating Recon Schema.
dn1_1    | 	at java.base/java.util.concurrent.ThreadPoolExecutor.runWorker(ThreadPoolExecutor.java:1128)
dn3_1    | 2023-03-18 09:19:16,183 [pool-38-thread-1] INFO server.RaftServerConfigKeys: raft.server.rpc.timeout.min = 5s (custom)
dn4_1    | 2023-03-18 09:19:15,668 [main] INFO server.RaftServer: 7c9e7a7d-2593-458c-8a46-0313d77c3278: addNew group-8191D6D2324D:[] returns group-8191D6D2324D:java.util.concurrent.CompletableFuture@68c9e023[Not completed]
om3_1    | 2023-03-18 09:19:34,481 [main] INFO grpc.GrpcConfigKeys: raft.grpc.server.port = 9872 (custom)
om2_1    | 2023-03-18 09:19:34,898 [main] INFO server.GrpcService: raft.grpc.message.size.max = 33554432 (custom)
dn5_1    | 2023-03-18 09:19:20,853 [main] INFO server.AuthenticationFilter: Unable to initialize FileSignerSecretProvider, falling back to use random secrets.
scm_1    | 2023-03-18 09:18:59,271 [main] INFO ha.SCMHANodeDetails: ServiceID for StorageContainerManager is null
dn2_1    | 2023-03-18 09:19:34,416 [2b374f74-8596-4317-81ba-ce0a491ddd96@group-BF56057FF98F-FollowerState] INFO server.RaftServer$Division: 2b374f74-8596-4317-81ba-ce0a491ddd96@group-BF56057FF98F: changes role from  FOLLOWER to CANDIDATE at term 2 for changeToCandidate
recon_1  | 2023-03-18 09:19:10,995 [main] INFO codegen.SqlDbUtils: GLOBAL_STATS table already exists, skipping creation.
recon_1  | 2023-03-18 09:19:11,074 [main] INFO codegen.SqlDbUtils: RECON_TASK_STATUS table already exists, skipping creation.
dn1_1    | 	at java.base/java.util.concurrent.ThreadPoolExecutor$Worker.run(ThreadPoolExecutor.java:628)
dn3_1    | 2023-03-18 09:19:16,224 [pool-38-thread-1] INFO server.RaftServerConfigKeys: raft.server.rpc.timeout.max = 5200ms (custom)
dn4_1    | 2023-03-18 09:19:16,107 [pool-38-thread-1] INFO server.RaftServer$Division: 7c9e7a7d-2593-458c-8a46-0313d77c3278: new RaftServerImpl for group-80313208139C:[] with ContainerStateMachine:uninitialized
om3_1    | 2023-03-18 09:19:34,497 [main] INFO grpc.GrpcConfigKeys: raft.grpc.client.port = -1 (default)
om2_1    | 2023-03-18 09:19:34,949 [main] INFO server.RaftServerConfigKeys: raft.server.log.appender.buffer.byte-limit = 33554432 (custom)
dn5_1    | 2023-03-18 09:19:20,914 [pool-38-thread-1] INFO server.RaftServerConfigKeys: raft.server.log.segment.size.max = 1048576 (custom)
scm_1    | 2023-03-18 09:18:59,290 [main] INFO ha.SCMHANodeDetails: ozone.scm.default.service.id is not defined, falling back to ozone.scm.service.ids to find serviceID for StorageContainerManager if it is HA enabled cluster
dn2_1    | 2023-03-18 09:19:34,418 [2b374f74-8596-4317-81ba-ce0a491ddd96@group-BF56057FF98F-FollowerState] INFO server.RaftServerConfigKeys: raft.server.leaderelection.pre-vote = false (custom)
dn2_1    | 2023-03-18 09:19:34,419 [2b374f74-8596-4317-81ba-ce0a491ddd96@group-BF56057FF98F-FollowerState] INFO impl.RoleInfo: 2b374f74-8596-4317-81ba-ce0a491ddd96: start 2b374f74-8596-4317-81ba-ce0a491ddd96@group-BF56057FF98F-LeaderElection1
om1_1    | 2023-03-18 09:19:36,606 [pool-23-thread-1] INFO server.RaftServerConfigKeys: raft.server.log.appender.install.snapshot.enabled = false (custom)
recon_1  | 2023-03-18 09:19:11,250 [main] INFO codegen.SqlDbUtils: UNHEALTHY_CONTAINERS table already exists, skipping creation.
recon_1  | 2023-03-18 09:19:13,468 [main] INFO codegen.SqlDbUtils: FILE_COUNT_BY_SIZE table already exists, skipping creation.
dn1_1    | 	... 1 more
dn3_1    | 2023-03-18 09:19:16,224 [pool-38-thread-1] INFO server.RaftServerConfigKeys: raft.server.rpc.sleep.time = 25ms (default)
dn4_1    | 2023-03-18 09:19:16,193 [pool-38-thread-1] INFO server.RaftServerConfigKeys: raft.server.rpc.timeout.min = 5s (custom)
om3_1    | 2023-03-18 09:19:34,498 [main] INFO grpc.GrpcConfigKeys: raft.grpc.server.port = 9872 (custom)
om2_1    | 2023-03-18 09:19:34,960 [main] INFO server.GrpcService: raft.grpc.flow.control.window = 1MB (=1048576) (default)
dn5_1    | 2023-03-18 09:19:21,018 [main] INFO http.HttpRequestLog: Http request log for http.requests.hddsDatanode is not defined
scm_1    | 2023-03-18 09:19:00,875 [main] WARN server.ServerUtils: ozone.scm.db.dirs is not configured. We recommend adding this setting. Falling back to ozone.metadata.dirs instead.
dn2_1    | 2023-03-18 09:19:34,562 [2b374f74-8596-4317-81ba-ce0a491ddd96@group-BF56057FF98F-LeaderElection1] INFO impl.LeaderElection: 2b374f74-8596-4317-81ba-ce0a491ddd96@group-BF56057FF98F-LeaderElection1 ELECTION round 0: submit vote requests at term 3 for 1: [2b374f74-8596-4317-81ba-ce0a491ddd96|rpc:10.9.0.16:9856|admin:10.9.0.16:9857|client:10.9.0.16:9858|dataStream:|priority:1], old=null
recon_1  | 2023-03-18 09:19:13,517 [main] INFO codegen.SqlDbUtils: CLUSTER_GROWTH_DAILY table already exists, skipping creation.
recon_1  | 2023-03-18 09:19:14,023 [main] INFO http.BaseHttpServer: Starting Web-server for recon at: http://0.0.0.0:9888
dn1_1    | 2023-03-18 09:19:34,272 [4ba198f1-a013-49ce-b059-f73788d69001@group-E43A5A79AB67-FollowerState] INFO impl.FollowerState: 4ba198f1-a013-49ce-b059-f73788d69001@group-E43A5A79AB67-FollowerState: change to CANDIDATE, lastRpcElapsedTime:5169457425ns, electionTimeout:5096ms
dn3_1    | 2023-03-18 09:19:16,225 [pool-38-thread-1] INFO server.RaftServerConfigKeys: raft.server.rpc.slowness.timeout = 300s (custom)
dn4_1    | 2023-03-18 09:19:16,205 [pool-38-thread-1] INFO server.RaftServerConfigKeys: raft.server.rpc.timeout.max = 5200ms (custom)
om3_1    | 2023-03-18 09:19:34,499 [main] INFO grpc.GrpcConfigKeys: raft.grpc.server.port = 9872 (custom)
om2_1    | 2023-03-18 09:19:34,984 [main] INFO server.RaftServerConfigKeys: raft.server.rpc.request.timeout = 3000ms (default)
dn5_1    | 2023-03-18 09:19:21,029 [pool-38-thread-1] INFO server.RaftServerConfigKeys: raft.server.log.segment.cache.num.max = 2 (custom)
scm_1    | 2023-03-18 09:19:01,243 [main] INFO upgrade.AbstractLayoutVersionManager: Initializing Layout version manager with metadata layout = SCM_HA (version = 2), software layout = SCM_HA (version = 2)
dn2_1    | 2023-03-18 09:19:34,564 [2b374f74-8596-4317-81ba-ce0a491ddd96@group-BF56057FF98F-LeaderElection1] INFO impl.LeaderElection: 2b374f74-8596-4317-81ba-ce0a491ddd96@group-BF56057FF98F-LeaderElection1 ELECTION round 0: result PASSED (term=3)
recon_1  | 2023-03-18 09:19:14,175 [main] INFO http.BaseHttpServer: Hadoop Security Enabled: false Ozone Security Enabled: false Ozone HTTP Security Enabled: false 
recon_1  | 2023-03-18 09:19:14,265 [main] INFO util.log: Logging initialized @32198ms to org.eclipse.jetty.util.log.Slf4jLog
dn1_1    | 2023-03-18 09:19:34,273 [4ba198f1-a013-49ce-b059-f73788d69001@group-E43A5A79AB67-FollowerState] INFO impl.RoleInfo: 4ba198f1-a013-49ce-b059-f73788d69001: shutdown 4ba198f1-a013-49ce-b059-f73788d69001@group-E43A5A79AB67-FollowerState
dn3_1    | 2023-03-18 09:19:16,228 [pool-38-thread-1] INFO server.RaftServerConfigKeys: raft.server.leaderelection.leader.step-down.wait-time = 10s (default)
dn3_1    | 2023-03-18 09:19:16,235 [pool-38-thread-1] INFO server.RaftServerConfigKeys: raft.server.sleep.deviation.threshold = 300ms (default)
dn3_1    | 2023-03-18 09:19:16,240 [pool-38-thread-1] INFO server.RaftServerConfigKeys: raft.server.log.appender.install.snapshot.enabled = false (custom)
om2_1    | 2023-03-18 09:19:36,412 [main] INFO impl.DataStreamServerImpl: raft.datastream.type = DISABLED (default)
dn5_1    | 2023-03-18 09:19:21,052 [pool-38-thread-1] INFO server.RaftServerConfigKeys: raft.server.log.segment.cache.size.max = 200MB (=209715200) (default)
scm_1    | 2023-03-18 09:19:06,681 [main] INFO reflections.Reflections: Reflections took 2637 ms to scan 3 urls, producing 103 keys and 211 values 
dn2_1    | 2023-03-18 09:19:34,568 [2b374f74-8596-4317-81ba-ce0a491ddd96@group-BF56057FF98F-LeaderElection1] INFO impl.RoleInfo: 2b374f74-8596-4317-81ba-ce0a491ddd96: shutdown 2b374f74-8596-4317-81ba-ce0a491ddd96@group-BF56057FF98F-LeaderElection1
recon_1  | 2023-03-18 09:19:14,888 [main] INFO server.AuthenticationFilter: Unable to initialize FileSignerSecretProvider, falling back to use random secrets.
recon_1  | 2023-03-18 09:19:14,905 [main] WARN http.HttpRequestLog: Jetty request log can only be enabled using Log4j
dn1_1    | 2023-03-18 09:19:34,273 [4ba198f1-a013-49ce-b059-f73788d69001@group-E43A5A79AB67-FollowerState] INFO server.RaftServer$Division: 4ba198f1-a013-49ce-b059-f73788d69001@group-E43A5A79AB67: changes role from  FOLLOWER to CANDIDATE at term 2 for changeToCandidate
dn3_1    | 2023-03-18 09:19:16,288 [pool-38-thread-1] INFO server.RaftServer$Division: bae0cd8d-e50f-4d23-8974-b816860f8fc3@group-D1111D92119B: ConfigurationManager, init=-1: [], old=null, confs=<EMPTY_MAP>
dn4_1    | 2023-03-18 09:19:16,205 [pool-38-thread-1] INFO server.RaftServerConfigKeys: raft.server.rpc.sleep.time = 25ms (default)
om3_1    | 2023-03-18 09:19:34,502 [main] INFO server.GrpcService: raft.grpc.message.size.max = 33554432 (custom)
om2_1    | 2023-03-18 09:19:36,414 [main] INFO server.RaftServerConfigKeys: raft.server.rpc.slowness.timeout = 120s (custom)
dn5_1    | 2023-03-18 09:19:21,078 [main] INFO http.HttpServer2: Added global filter 'safety' (class=org.apache.hadoop.hdds.server.http.HttpServer2$QuotingInputFilter)
scm_1    | 2023-03-18 09:19:15,521 [main] WARN utils.HAUtils: ozone.scm.db.dirs is not configured. We recommend adding this setting. Falling back to ozone.metadata.dirs instead.
dn2_1    | 2023-03-18 09:19:34,571 [2b374f74-8596-4317-81ba-ce0a491ddd96@group-BF56057FF98F-LeaderElection1] INFO server.RaftServer$Division: 2b374f74-8596-4317-81ba-ce0a491ddd96@group-BF56057FF98F: changes role from CANDIDATE to LEADER at term 3 for changeToLeader
recon_1  | 2023-03-18 09:19:14,952 [main] INFO http.HttpServer2: Added global filter 'safety' (class=org.apache.hadoop.hdds.server.http.HttpServer2$QuotingInputFilter)
recon_1  | 2023-03-18 09:19:14,954 [main] INFO http.HttpServer2: Added filter static_user_filter (class=org.apache.hadoop.http.lib.StaticUserWebFilter$StaticUserFilter) to context recon
dn1_1    | 2023-03-18 09:19:34,275 [4ba198f1-a013-49ce-b059-f73788d69001@group-E43A5A79AB67-FollowerState] INFO server.RaftServerConfigKeys: raft.server.leaderelection.pre-vote = false (custom)
dn4_1    | 2023-03-18 09:19:16,206 [pool-38-thread-1] INFO server.RaftServerConfigKeys: raft.server.rpc.slowness.timeout = 300s (custom)
dn4_1    | 2023-03-18 09:19:16,206 [pool-38-thread-1] INFO server.RaftServerConfigKeys: raft.server.leaderelection.leader.step-down.wait-time = 10s (default)
dn4_1    | 2023-03-18 09:19:16,206 [pool-38-thread-1] INFO server.RaftServerConfigKeys: raft.server.sleep.deviation.threshold = 300ms (default)
om2_1    | 2023-03-18 09:19:36,418 [main] INFO server.RaftServerConfigKeys: raft.server.leaderelection.leader.step-down.wait-time = 10s (default)
dn5_1    | 2023-03-18 09:19:21,103 [main] INFO http.HttpServer2: Added filter static_user_filter (class=org.apache.hadoop.http.lib.StaticUserWebFilter$StaticUserFilter) to context hddsDatanode
scm_1    | 2023-03-18 09:19:17,810 [main] WARN db.DBStoreBuilder: ozone.scm.db.dirs is not configured. We recommend adding this setting. Falling back to ozone.metadata.dirs instead.
dn2_1    | 2023-03-18 09:19:34,573 [2b374f74-8596-4317-81ba-ce0a491ddd96@group-BF56057FF98F-LeaderElection1] INFO ratis.XceiverServerRatis: Leader change notification received for group: group-BF56057FF98F with new leaderId: 2b374f74-8596-4317-81ba-ce0a491ddd96
recon_1  | 2023-03-18 09:19:14,954 [main] INFO http.HttpServer2: Added filter static_user_filter (class=org.apache.hadoop.http.lib.StaticUserWebFilter$StaticUserFilter) to context static
recon_1  | 2023-03-18 09:19:14,960 [main] INFO http.HttpServer2: Added filter static_user_filter (class=org.apache.hadoop.http.lib.StaticUserWebFilter$StaticUserFilter) to context logs
dn1_1    | 2023-03-18 09:19:34,275 [4ba198f1-a013-49ce-b059-f73788d69001@group-E43A5A79AB67-FollowerState] INFO impl.RoleInfo: 4ba198f1-a013-49ce-b059-f73788d69001: start 4ba198f1-a013-49ce-b059-f73788d69001@group-E43A5A79AB67-LeaderElection1
dn4_1    | 2023-03-18 09:19:16,207 [pool-38-thread-1] INFO server.RaftServerConfigKeys: raft.server.log.appender.install.snapshot.enabled = false (custom)
dn4_1    | 2023-03-18 09:19:16,242 [pool-38-thread-1] INFO server.RaftServer$Division: 7c9e7a7d-2593-458c-8a46-0313d77c3278@group-80313208139C: ConfigurationManager, init=-1: [], old=null, confs=<EMPTY_MAP>
dn4_1    | 2023-03-18 09:19:16,300 [pool-38-thread-1] INFO server.RaftServerConfigKeys: raft.server.storage.dir = [/data/metadata/ratis] (custom)
om2_1    | 2023-03-18 09:19:36,468 [main] INFO server.RaftServerConfigKeys: raft.server.storage.dir = [/data/metadata/ratis] (custom)
dn5_1    | 2023-03-18 09:19:21,103 [main] INFO http.HttpServer2: Added filter static_user_filter (class=org.apache.hadoop.http.lib.StaticUserWebFilter$StaticUserFilter) to context static
scm_1    | 2023-03-18 09:19:18,075 [main] INFO db.RDBStore: Found the following extra column families in existing DB : [meta, statefulServiceConfig]
dn2_1    | 2023-03-18 09:19:34,574 [2b374f74-8596-4317-81ba-ce0a491ddd96@group-BF56057FF98F-LeaderElection1] INFO server.RaftServer$Division: 2b374f74-8596-4317-81ba-ce0a491ddd96@group-BF56057FF98F: change Leader from null to 2b374f74-8596-4317-81ba-ce0a491ddd96 at term 3 for becomeLeader, leader elected after 14522ms
s3g_1    | STARTUP_MSG:   classpath = /opt/hadoop/etc/hadoop:/opt/hadoop/share/ozone/lib/jackson-annotations-2.12.1.jar:/opt/hadoop/share/ozone/lib/kerb-simplekdc-1.0.1.jar:/opt/hadoop/share/ozone/lib/hk2-utils-2.5.0.jar:/opt/hadoop/share/ozone/lib/jakarta.inject-2.6.1.jar:/opt/hadoop/share/ozone/lib/hk2-locator-2.6.1.jar:/opt/hadoop/share/ozone/lib/slf4j-log4j12-1.7.30.jar:/opt/hadoop/share/ozone/lib/protobuf-java-2.5.0.jar:/opt/hadoop/share/ozone/lib/jaxb-core-2.3.0.1.jar:/opt/hadoop/share/ozone/lib/istack-commons-runtime-3.0.5.jar:/opt/hadoop/share/ozone/lib/commons-validator-1.6.jar:/opt/hadoop/share/ozone/lib/aopalliance-repackaged-2.5.0.jar:/opt/hadoop/share/ozone/lib/bcpkix-jdk15on-1.67.jar:/opt/hadoop/share/ozone/lib/javax.interceptor-api-1.2.jar:/opt/hadoop/share/ozone/lib/jetty-security-9.4.43.v20210629.jar:/opt/hadoop/share/ozone/lib/rocksdbjni-6.20.3.jar:/opt/hadoop/share/ozone/lib/kerb-core-1.0.1.jar:/opt/hadoop/share/ozone/lib/hadoop-shaded-protobuf_3_7-1.1.1.jar:/opt/hadoop/share/ozone/lib/okhttp-4.9.0.jar:/opt/hadoop/share/ozone/lib/jsr305-3.0.0.jar:/opt/hadoop/share/ozone/lib/javax.el-api-3.0.0.jar:/opt/hadoop/share/ozone/lib/j2objc-annotations-1.3.jar:/opt/hadoop/share/ozone/lib/jakarta.ws.rs-api-2.1.6.jar:/opt/hadoop/share/ozone/lib/picocli-4.6.1.jar:/opt/hadoop/share/ozone/lib/javassist-3.21.0-GA.jar:/opt/hadoop/share/ozone/lib/jaxb-api-2.3.0.jar:/opt/hadoop/share/ozone/lib/htrace-core4-4.1.0-incubating.jar:/opt/hadoop/share/ozone/lib/commons-io-2.8.0.jar:/opt/hadoop/share/ozone/lib/kerb-util-1.0.1.jar:/opt/hadoop/share/ozone/lib/kotlin-stdlib-common-1.4.31.jar:/opt/hadoop/share/ozone/lib/jackson-dataformat-xml-2.12.1.jar:/opt/hadoop/share/ozone/lib/checker-qual-3.8.0.jar:/opt/hadoop/share/ozone/lib/hadoop-shaded-guava-1.1.1.jar:/opt/hadoop/share/ozone/lib/commons-logging-1.2.jar:/opt/hadoop/share/ozone/lib/kerby-xdr-1.0.1.jar:/opt/hadoop/share/ozone/lib/jersey-container-servlet-core-2.33.jar:/opt/hadoop/share/ozone/lib/hdds-interface-admin-1.2.1.jar:/opt/hadoop/share/ozone/lib/log4j-core-2.16.0.jar:/opt/hadoop/share/ozone/lib/txw2-2.3.0.1.jar:/opt/hadoop/share/ozone/lib/jackson-datatype-jsr310-2.12.1.jar:/opt/hadoop/share/ozone/lib/httpcore-4.4.13.jar:/opt/hadoop/share/ozone/lib/opentracing-tracerresolver-0.1.8.jar:/opt/hadoop/share/ozone/lib/commons-net-3.6.jar:/opt/hadoop/share/ozone/lib/libthrift-0.14.1.jar:/opt/hadoop/share/ozone/lib/snakeyaml-1.26.jar:/opt/hadoop/share/ozone/lib/stax-ex-1.7.8.jar:/opt/hadoop/share/ozone/lib/error_prone_annotations-2.2.0.jar:/opt/hadoop/share/ozone/lib/jetty-servlet-9.4.43.v20210629.jar:/opt/hadoop/share/ozone/lib/httpclient-4.5.13.jar:/opt/hadoop/share/ozone/lib/jaeger-client-1.6.0.jar:/opt/hadoop/share/ozone/lib/kerby-config-1.0.1.jar:/opt/hadoop/share/ozone/lib/ozone-interface-client-1.2.1.jar:/opt/hadoop/share/ozone/lib/metrics-core-3.2.4.jar:/opt/hadoop/share/ozone/lib/kerby-pkix-1.0.1.jar:/opt/hadoop/share/ozone/lib/cdi-api-1.2.jar:/opt/hadoop/share/ozone/lib/activation-1.1.1.jar:/opt/hadoop/share/ozone/lib/jetty-webapp-9.4.43.v20210629.jar:/opt/hadoop/share/ozone/lib/commons-beanutils-1.9.4.jar:/opt/hadoop/share/ozone/lib/hk2-api-2.5.0.jar:/opt/hadoop/share/ozone/lib/javax.inject-1.jar:/opt/hadoop/share/ozone/lib/kerb-server-1.0.1.jar:/opt/hadoop/share/ozone/lib/javax.servlet-api-3.1.0.jar:/opt/hadoop/share/ozone/lib/guava-30.1.1-jre.jar:/opt/hadoop/share/ozone/lib/jakarta.validation-api-2.0.2.jar:/opt/hadoop/share/ozone/lib/jackson-core-2.12.1.jar:/opt/hadoop/share/ozone/lib/kerb-client-1.0.1.jar:/opt/hadoop/share/ozone/lib/ratis-grpc-2.2.0.jar:/opt/hadoop/share/ozone/lib/ratis-common-2.2.0.jar:/opt/hadoop/share/ozone/lib/disruptor-3.4.2.jar:/opt/hadoop/share/ozone/lib/reflections-0.9.11.jar:/opt/hadoop/share/ozone/lib/hdds-hadoop-dependency-server-1.2.1.jar:/opt/hadoop/share/ozone/lib/jersey-client-2.33.jar:/opt/hadoop/share/ozone/lib/jetty-io-9.4.43.v20210629.jar:/opt/hadoop/share/ozone/lib/hadoop-hdfs-3.3.1.jar:/opt/hadoop/share/ozone/lib/ozone-common-1.2.1.jar:/opt/hadoop/share/ozone/lib/annotations-13.0.jar:/opt/hadoop/share/ozone/lib/jetty-server-9.4.43.v20210629.jar:/opt/hadoop/share/ozone/lib/simpleclient_common-0.7.0.jar:/opt/hadoop/share/ozone/lib/jackson-databind-2.12.1.jar:/opt/hadoop/share/ozone/lib/jaeger-thrift-1.6.0.jar:/opt/hadoop/share/ozone/lib/hadoop-common-3.3.1.jar:/opt/hadoop/share/ozone/lib/dnsjava-2.1.7.jar:/opt/hadoop/share/ozone/lib/bcprov-jdk15on-1.67.jar:/opt/hadoop/share/ozone/lib/jersey-hk2-2.33.jar:/opt/hadoop/share/ozone/lib/commons-configuration2-2.1.1.jar:/opt/hadoop/share/ozone/lib/ratis-proto-2.2.0.jar:/opt/hadoop/share/ozone/lib/ratis-client-2.2.0.jar:/opt/hadoop/share/ozone/lib/json-smart-2.3.jar:/opt/hadoop/share/ozone/lib/token-provider-1.0.1.jar:/opt/hadoop/share/ozone/lib/log4j-1.2.17.jar:/opt/hadoop/share/ozone/lib/commons-daemon-1.0.13.jar:/opt/hadoop/share/ozone/lib/listenablefuture-9999.0-empty-to-avoid-conflict-with-guava.jar:/opt/hadoop/share/ozone/lib/jaeger-tracerresolver-1.6.0.jar:/opt/hadoop/share/ozone/lib/jetty-xml-9.4.43.v20210629.jar:/opt/hadoop/share/ozone/lib/ratis-netty-2.2.0.jar:/opt/hadoop/share/ozone/lib/hdds-client-1.2.1.jar:/opt/hadoop/share/ozone/lib/jersey-media-jaxb-2.33.jar:/opt/hadoop/share/ozone/lib/hdds-interface-client-1.2.1.jar:/opt/hadoop/share/ozone/lib/commons-lang3-3.7.jar:/opt/hadoop/share/ozone/lib/accessors-smart-1.2.jar:/opt/hadoop/share/ozone/lib/re2j-1.1.jar:/opt/hadoop/share/ozone/lib/hdds-hadoop-dependency-client-1.2.1.jar:/opt/hadoop/share/ozone/lib/hdds-config-1.2.1.jar:/opt/hadoop/share/ozone/lib/jakarta.annotation-api-1.3.5.jar:/opt/hadoop/share/ozone/lib/commons-math3-3.1.1.jar:/opt/hadoop/share/ozone/lib/ratis-thirdparty-misc-0.7.0.jar:/opt/hadoop/share/ozone/lib/simpleclient_dropwizard-0.7.0.jar:/opt/hadoop/share/ozone/lib/jersey-server-2.33.jar:/opt/hadoop/share/ozone/lib/jersey-cdi1x-2.33.jar:/opt/hadoop/share/ozone/lib/simpleclient-0.7.0.jar:/opt/hadoop/share/ozone/lib/osgi-resource-locator-1.0.3.jar:/opt/hadoop/share/ozone/lib/asm-5.0.4.jar:/opt/hadoop/share/ozone/lib/kerby-util-1.0.1.jar:/opt/hadoop/share/ozone/lib/failureaccess-1.0.1.jar:/opt/hadoop/share/ozone/lib/okio-2.8.0.jar:/opt/hadoop/share/ozone/lib/jsp-api-2.1.jar:/opt/hadoop/share/ozone/lib/jetty-http-9.4.43.v20210629.jar:/opt/hadoop/share/ozone/lib/jsch-0.1.54.jar:/opt/hadoop/share/ozone/lib/jakarta.activation-api-1.2.1.jar:/opt/hadoop/share/ozone/lib/slf4j-api-1.7.30.jar:/opt/hadoop/share/ozone/lib/hadoop-hdfs-client-3.3.1.jar:/opt/hadoop/share/ozone/lib/nimbus-jose-jwt-7.9.jar:/opt/hadoop/share/ozone/lib/commons-codec-1.11.jar:/opt/hadoop/share/ozone/lib/commons-pool2-2.6.0.jar:/opt/hadoop/share/ozone/lib/jetty-util-9.4.43.v20210629.jar:/opt/hadoop/share/ozone/lib/gson-2.2.4.jar:/opt/hadoop/share/ozone/lib/opentracing-api-0.33.0.jar:/opt/hadoop/share/ozone/lib/jetty-util-ajax-9.4.43.v20210629.jar:/opt/hadoop/share/ozone/lib/jcip-annotations-1.0-1.jar:/opt/hadoop/share/ozone/lib/kerb-admin-1.0.1.jar:/opt/hadoop/share/ozone/lib/kotlin-stdlib-1.4.31.jar:/opt/hadoop/share/ozone/lib/opentracing-noop-0.33.0.jar:/opt/hadoop/share/ozone/lib/jackson-module-jaxb-annotations-2.12.1.jar:/opt/hadoop/share/ozone/lib/jaxb-runtime-2.3.0.1.jar:/opt/hadoop/share/ozone/lib/log4j-api-2.16.0.jar:/opt/hadoop/share/ozone/lib/ratis-metrics-2.2.0.jar:/opt/hadoop/share/ozone/lib/ratis-server-api-2.2.0.jar:/opt/hadoop/share/ozone/lib/opentracing-util-0.33.0.jar:/opt/hadoop/share/ozone/lib/snappy-java-1.1.8.2.jar:/opt/hadoop/share/ozone/lib/jakarta.xml.bind-api-2.3.2.jar:/opt/hadoop/share/ozone/lib/commons-cli-1.2.jar:/opt/hadoop/share/ozone/lib/woodstox-core-5.0.3.jar:/opt/hadoop/share/ozone/lib/javax.annotation-api-1.2.jar:/opt/hadoop/share/ozone/lib/kerby-asn1-1.0.1.jar:/opt/hadoop/share/ozone/lib/hadoop-annotations-3.3.1.jar:/opt/hadoop/share/ozone/lib/hdds-interface-server-1.2.1.jar:/opt/hadoop/share/ozone/lib/stax2-api-3.1.4.jar:/opt/hadoop/share/ozone/lib/commons-digester-1.8.1.jar:/opt/hadoop/share/ozone/lib/jaeger-core-1.6.0.jar:/opt/hadoop/share/ozone/lib/hdds-server-framework-1.2.1.jar:/opt/hadoop/share/ozone/lib/jersey-common-2.33.jar:/opt/hadoop/share/ozone/lib/commons-collections-3.2.2.jar:/opt/hadoop/share/ozone/lib/commons-text-1.4.jar:/opt/hadoop/share/ozone/lib/ozone-client-1.2.1.jar:/opt/hadoop/share/ozone/lib/ratis-server-2.2.0.jar:/opt/hadoop/share/ozone/lib/weld-servlet-2.4.7.Final.jar:/opt/hadoop/share/ozone/lib/hadoop-auth-3.3.1.jar:/opt/hadoop/share/ozone/lib/kerb-identity-1.0.1.jar:/opt/hadoop/share/ozone/lib/FastInfoset-1.2.13.jar:/opt/hadoop/share/ozone/lib/kerb-common-1.0.1.jar:/opt/hadoop/share/ozone/lib/commons-compress-1.20.jar:/opt/hadoop/share/ozone/lib/hdds-common-1.2.1.jar:/opt/hadoop/share/ozone/lib/kerb-crypto-1.0.1.jar:/opt/hadoop/share/ozone/web:/opt/hadoop/share/ozone/lib/ozone-s3gateway-1.2.1.jar
dn1_1    | 2023-03-18 09:19:34,318 [4ba198f1-a013-49ce-b059-f73788d69001@group-E43A5A79AB67-LeaderElection1] INFO impl.LeaderElection: 4ba198f1-a013-49ce-b059-f73788d69001@group-E43A5A79AB67-LeaderElection1 ELECTION round 0: submit vote requests at term 3 for 1: [4ba198f1-a013-49ce-b059-f73788d69001|rpc:10.9.0.15:9856|admin:10.9.0.15:9857|client:10.9.0.15:9858|dataStream:|priority:1], old=null
dn4_1    | 2023-03-18 09:19:16,302 [pool-38-thread-1] INFO server.RaftServerConfigKeys: raft.server.log.corruption.policy = EXCEPTION (default)
dn4_1    | 2023-03-18 09:19:16,387 [pool-38-thread-1] INFO server.RaftServerConfigKeys: raft.server.storage.free-space.min = 0MB (=0) (default)
dn4_1    | 2023-03-18 09:19:16,499 [pool-38-thread-1] INFO storage.RaftStorageDirectory: Lock on /data/metadata/ratis/e319c2ba-524b-42f7-8b03-80313208139c/in_use.lock acquired by nodename 6@a62ec00f1d75
om2_1    | 2023-03-18 09:19:36,480 [main] INFO server.RaftServer: om2: found a subdirectory /data/metadata/ratis/5cb24680-b9e7-3c90-a862-d66704efc61c
dn5_1    | 2023-03-18 09:19:21,107 [main] INFO http.HttpServer2: Added filter static_user_filter (class=org.apache.hadoop.http.lib.StaticUserWebFilter$StaticUserFilter) to context logs
scm_1    | 2023-03-18 09:19:19,471 [main] INFO net.NodeSchemaLoader: Loading schema from [file:/opt/hadoop/etc/hadoop/network-topology-default.xml, jar:file:/opt/hadoop/share/ozone/lib/hdds-common-1.2.1.jar!/network-topology-default.xml]
recon_1  | 2023-03-18 09:19:15,823 [main] INFO tasks.ReconTaskControllerImpl: Registered task ContainerKeyMapperTask with controller.
recon_1  | 2023-03-18 09:19:16,146 [main] INFO tasks.ReconTaskControllerImpl: Registered task FileSizeCountTask with controller.
recon_1  | 2023-03-18 09:19:16,186 [main] INFO tasks.ReconTaskControllerImpl: Registered task TableCountTask with controller.
dn1_1    | 2023-03-18 09:19:34,321 [4ba198f1-a013-49ce-b059-f73788d69001@group-E43A5A79AB67-LeaderElection1] INFO impl.LeaderElection: 4ba198f1-a013-49ce-b059-f73788d69001@group-E43A5A79AB67-LeaderElection1 ELECTION round 0: result PASSED (term=3)
dn4_1    | 2023-03-18 09:19:16,587 [pool-38-thread-1] INFO storage.RaftStorage: Read RaftStorageMetadata{term=2, votedFor=bae0cd8d-e50f-4d23-8974-b816860f8fc3} from /data/metadata/ratis/e319c2ba-524b-42f7-8b03-80313208139c/current/raft-meta
dn4_1    | 2023-03-18 09:19:16,901 [pool-38-thread-1] INFO ratis.ContainerStateMachine: group-80313208139C: Setting the last applied index to (t:2, i:13)
dn4_1    | 2023-03-18 09:19:16,927 [main] INFO http.BaseHttpServer: Starting Web-server for hddsDatanode at: http://0.0.0.0:9882
om2_1    | 2023-03-18 09:19:36,514 [main] INFO server.RaftServer: om2: addNew group-D66704EFC61C:[om1|rpc:om1:9872|priority:0, om3|rpc:om3:9872|priority:0, om2|rpc:om2:9872|priority:0] returns group-D66704EFC61C:java.util.concurrent.CompletableFuture@5d878b25[Not completed]
dn5_1    | 2023-03-18 09:19:21,107 [pool-38-thread-1] INFO segmented.SegmentedRaftLogWorker: new 04b88c83-026f-4630-aada-108e37835bee@group-80313208139C-SegmentedRaftLogWorker for RaftStorageImpl:Storage Directory /data/metadata/ratis/e319c2ba-524b-42f7-8b03-80313208139c
recon_1  | 2023-03-18 09:19:16,209 [main] INFO tasks.ReconTaskControllerImpl: Registered task NSSummaryTask with controller.
recon_1  | 2023-03-18 09:19:16,362 [main] INFO ozone.OmUtils: ozone.om.internal.service.id is not defined, falling back to ozone.om.service.ids to find serviceID for OzoneManager if it is HA enabled cluster
recon_1  | 2023-03-18 09:19:16,388 [main] INFO ozone.OmUtils: Using OzoneManager ServiceID 'omservice'.
dn1_1    | 2023-03-18 09:19:34,321 [4ba198f1-a013-49ce-b059-f73788d69001@group-E43A5A79AB67-LeaderElection1] INFO impl.RoleInfo: 4ba198f1-a013-49ce-b059-f73788d69001: shutdown 4ba198f1-a013-49ce-b059-f73788d69001@group-E43A5A79AB67-LeaderElection1
dn4_1    | 2023-03-18 09:19:17,193 [main] INFO http.BaseHttpServer: Hadoop Security Enabled: false Ozone Security Enabled: false Ozone HTTP Security Enabled: false 
dn4_1    | 2023-03-18 09:19:17,501 [main] INFO util.log: Logging initialized @34820ms to org.eclipse.jetty.util.log.Slf4jLog
dn4_1    | 2023-03-18 09:19:18,671 [pool-38-thread-1] INFO server.RaftServer$Division: 7c9e7a7d-2593-458c-8a46-0313d77c3278@group-80313208139C: set configuration 5: [bae0cd8d-e50f-4d23-8974-b816860f8fc3|rpc:10.9.0.17:9856|admin:10.9.0.17:9857|client:10.9.0.17:9858|dataStream:|priority:1, 7c9e7a7d-2593-458c-8a46-0313d77c3278|rpc:10.9.0.18:9856|admin:10.9.0.18:9857|client:10.9.0.18:9858|dataStream:|priority:0, 04b88c83-026f-4630-aada-108e37835bee|rpc:10.9.0.19:9856|admin:10.9.0.19:9857|client:10.9.0.19:9858|dataStream:|priority:0], old=null
om2_1    | 2023-03-18 09:19:36,515 [main] INFO om.OzoneManager: OzoneManager Ratis server initialized at port 9872
dn5_1    | 2023-03-18 09:19:21,112 [pool-38-thread-1] INFO server.RaftServerConfigKeys: raft.server.log.queue.byte-limit = 2147483647 (custom)
scm_1    | 2023-03-18 09:19:19,490 [main] INFO net.NodeSchemaLoader: Loading network topology layer schema file
recon_1  | 2023-03-18 09:19:18,991 [main] WARN recon.ReconUtils: ozone.recon.om.db.dir is not configured. We recommend adding this setting. Falling back to ozone.metadata.dirs instead.
recon_1  | 2023-03-18 09:19:20,007 [main] WARN recon.ReconUtils: ozone.recon.scm.db.dirs is not configured. We recommend adding this setting. Falling back to ozone.metadata.dirs instead.
recon_1  | 2023-03-18 09:19:20,167 [main] INFO net.NodeSchemaLoader: Loading schema from [file:/opt/hadoop/etc/hadoop/network-topology-default.xml, jar:file:/opt/hadoop/share/ozone/lib/hdds-common-1.2.1.jar!/network-topology-default.xml]
dn1_1    | 2023-03-18 09:19:34,322 [4ba198f1-a013-49ce-b059-f73788d69001@group-E43A5A79AB67-LeaderElection1] INFO server.RaftServer$Division: 4ba198f1-a013-49ce-b059-f73788d69001@group-E43A5A79AB67: changes role from CANDIDATE to LEADER at term 3 for changeToLeader
dn4_1    | 2023-03-18 09:19:18,711 [pool-38-thread-1] INFO server.RaftServerConfigKeys: raft.server.notification.no-leader.timeout = 300s (custom)
dn4_1    | 2023-03-18 09:19:18,713 [pool-38-thread-1] INFO server.RaftServerConfigKeys: raft.server.log.use.memory = false (default)
dn4_1    | 2023-03-18 09:19:18,833 [pool-38-thread-1] INFO server.RaftServerConfigKeys: raft.server.log.purge.gap = 1000000 (custom)
om2_1    | 2023-03-18 09:19:36,733 [pool-23-thread-1] INFO server.RaftServer$Division: om2: new RaftServerImpl for group-D66704EFC61C:[om1|rpc:om1:9872|priority:0, om3|rpc:om3:9872|priority:0, om2|rpc:om2:9872|priority:0] with OzoneManagerStateMachine:uninitialized
om1_1    | 2023-03-18 09:19:36,621 [pool-23-thread-1] INFO server.RaftServer$Division: om1@group-D66704EFC61C: ConfigurationManager, init=-1: [om1|rpc:om1:9872|priority:0, om3|rpc:om3:9872|priority:0, om2|rpc:om2:9872|priority:0], old=null, confs=<EMPTY_MAP>
dn5_1    | 2023-03-18 09:19:21,123 [pool-38-thread-1] INFO server.RaftServerConfigKeys: raft.server.log.queue.element-limit = 1024 (custom)
scm_1    | 2023-03-18 09:19:20,664 [main] INFO metrics.MetricRegistries: Loaded MetricRegistries class org.apache.ratis.metrics.impl.MetricRegistriesImpl
recon_1  | 2023-03-18 09:19:20,169 [main] INFO net.NodeSchemaLoader: Loading network topology layer schema file
recon_1  | 2023-03-18 09:19:20,712 [main] WARN db.DBStoreBuilder: ozone.recon.scm.db.dirs is not configured. We recommend adding this setting. Falling back to ozone.metadata.dirs instead.
recon_1  | 2023-03-18 09:19:20,780 [main] INFO db.RDBStore: Found the following extra column families in existing DB : [meta, statefulServiceConfig]
dn1_1    | 2023-03-18 09:19:34,322 [4ba198f1-a013-49ce-b059-f73788d69001@group-E43A5A79AB67-LeaderElection1] INFO ratis.XceiverServerRatis: Leader change notification received for group: group-E43A5A79AB67 with new leaderId: 4ba198f1-a013-49ce-b059-f73788d69001
dn4_1    | 2023-03-18 09:19:18,843 [pool-38-thread-1] INFO server.RaftServerConfigKeys: raft.server.log.appender.buffer.byte-limit = 33554432 (custom)
dn4_1    | 2023-03-18 09:19:18,966 [pool-38-thread-1] INFO server.RaftServerConfigKeys: raft.server.log.segment.size.max = 1048576 (custom)
dn4_1    | 2023-03-18 09:19:19,015 [main] INFO server.AuthenticationFilter: Unable to initialize FileSignerSecretProvider, falling back to use random secrets.
om2_1    | 2023-03-18 09:19:36,745 [pool-23-thread-1] INFO server.RaftServerConfigKeys: raft.server.rpc.timeout.min = 5s (custom)
om1_1    | 2023-03-18 09:19:36,636 [pool-23-thread-1] INFO server.RaftServerConfigKeys: raft.server.storage.dir = [/data/metadata/ratis] (custom)
dn5_1    | 2023-03-18 09:19:21,142 [pool-38-thread-1] INFO server.RaftServerConfigKeys: raft.server.log.segment.size.max = 1048576 (custom)
scm_1    | 2023-03-18 09:19:20,837 [main] INFO ha.SequenceIdGenerator: Init the HA SequenceIdGenerator.
recon_1  | 2023-03-18 09:19:21,045 [main] INFO upgrade.AbstractLayoutVersionManager: Initializing Layout version manager with metadata layout = SCM_HA (version = 2), software layout = SCM_HA (version = 2)
recon_1  | 2023-03-18 09:19:21,410 [main] INFO reflections.Reflections: Reflections took 330 ms to scan 3 urls, producing 103 keys and 211 values 
recon_1  | 2023-03-18 09:19:21,611 [main] INFO ha.SequenceIdGenerator: Init the HA SequenceIdGenerator.
dn1_1    | 2023-03-18 09:19:34,324 [Datanode State Machine Thread - 0] WARN statemachine.StateContext: No available thread in pool for past 30 seconds.
dn4_1    | 2023-03-18 09:19:19,049 [pool-38-thread-1] INFO server.RaftServerConfigKeys: raft.server.log.segment.cache.num.max = 2 (custom)
dn3_1    | 2023-03-18 09:19:16,360 [pool-38-thread-1] INFO server.RaftServerConfigKeys: raft.server.storage.dir = [/data/metadata/ratis] (custom)
dn3_1    | 2023-03-18 09:19:16,427 [pool-38-thread-1] INFO server.RaftServerConfigKeys: raft.server.log.corruption.policy = EXCEPTION (default)
om2_1    | 2023-03-18 09:19:36,757 [pool-23-thread-1] INFO server.RaftServerConfigKeys: raft.server.rpc.timeout.max = 5200ms (custom)
om1_1    | 2023-03-18 09:19:36,664 [Socket Reader #1 for port 9862] INFO ipc.Server: Starting Socket Reader #1 for port 9862
dn5_1    | 2023-03-18 09:19:21,164 [pool-38-thread-1] INFO server.RaftServerConfigKeys: raft.server.log.preallocated.size = 16384 (custom)
scm_1    | 2023-03-18 09:19:21,273 [main] INFO node.SCMNodeManager: Entering startup safe mode.
recon_1  | 2023-03-18 09:19:21,710 [main] INFO node.SCMNodeManager: Entering startup safe mode.
recon_1  | 2023-03-18 09:19:21,823 [main] INFO net.NetworkTopologyImpl: Added a new node: /default-rack/04b88c83-026f-4630-aada-108e37835bee
recon_1  | 2023-03-18 09:19:21,841 [main] INFO node.SCMNodeManager: Registered Data node : 04b88c83-026f-4630-aada-108e37835bee{ip: 10.9.0.19, host: 4b3fcb29ae61, ports: [REPLICATION=9886, RATIS=9858, RATIS_ADMIN=9857, RATIS_SERVER=9856, STANDALONE=9859], networkLocation: /default-rack, certSerialId: null, persistedOpState: IN_SERVICE, persistedOpStateExpiryEpochSec: 0}
recon_1  | 2023-03-18 09:19:21,860 [main] INFO net.NetworkTopologyImpl: Added a new node: /default-rack/2b374f74-8596-4317-81ba-ce0a491ddd96
dn1_1    | 2023-03-18 09:19:34,404 [4ba198f1-a013-49ce-b059-f73788d69001@group-E43A5A79AB67-LeaderElection1] INFO server.RaftServer$Division: 4ba198f1-a013-49ce-b059-f73788d69001@group-E43A5A79AB67: change Leader from null to 4ba198f1-a013-49ce-b059-f73788d69001 at term 3 for becomeLeader, leader elected after 15776ms
dn3_1    | 2023-03-18 09:19:16,448 [pool-38-thread-1] INFO server.RaftServerConfigKeys: raft.server.storage.free-space.min = 0MB (=0) (default)
om3_1    | 2023-03-18 09:19:34,513 [main] INFO server.RaftServerConfigKeys: raft.server.log.appender.buffer.byte-limit = 33554432 (custom)
om2_1    | 2023-03-18 09:19:36,757 [pool-23-thread-1] INFO server.RaftServerConfigKeys: raft.server.rpc.sleep.time = 25ms (default)
om1_1    | 2023-03-18 09:19:36,723 [pool-23-thread-1] INFO server.RaftServerConfigKeys: raft.server.log.corruption.policy = EXCEPTION (default)
dn5_1    | 2023-03-18 09:19:21,168 [pool-38-thread-1] INFO server.RaftServerConfigKeys: raft.server.log.force.sync.num = 128 (default)
scm_1    | 2023-03-18 09:19:21,444 [main] INFO algorithms.ContainerPlacementPolicyFactory: Create container placement policy of type org.apache.hadoop.hdds.scm.container.placement.algorithms.SCMContainerPlacementRandom
recon_1  | 2023-03-18 09:19:21,868 [main] INFO node.SCMNodeManager: Registered Data node : 2b374f74-8596-4317-81ba-ce0a491ddd96{ip: 10.9.0.16, host: ha_dn2_1.ha_net, ports: [REPLICATION=9886, RATIS=9858, RATIS_ADMIN=9857, RATIS_SERVER=9856, STANDALONE=9859], networkLocation: /default-rack, certSerialId: null, persistedOpState: IN_SERVICE, persistedOpStateExpiryEpochSec: 0}
recon_1  | 2023-03-18 09:19:21,868 [main] INFO net.NetworkTopologyImpl: Added a new node: /default-rack/4ba198f1-a013-49ce-b059-f73788d69001
recon_1  | 2023-03-18 09:19:21,876 [main] INFO node.SCMNodeManager: Registered Data node : 4ba198f1-a013-49ce-b059-f73788d69001{ip: 10.9.0.15, host: ha_dn1_1.ha_net, ports: [REPLICATION=9886, RATIS=9858, RATIS_ADMIN=9857, RATIS_SERVER=9856, STANDALONE=9859], networkLocation: /default-rack, certSerialId: null, persistedOpState: IN_SERVICE, persistedOpStateExpiryEpochSec: 0}
recon_1  | 2023-03-18 09:19:21,876 [main] INFO net.NetworkTopologyImpl: Added a new node: /default-rack/7c9e7a7d-2593-458c-8a46-0313d77c3278
dn1_1    | 2023-03-18 09:19:34,483 [4ba198f1-a013-49ce-b059-f73788d69001@group-E43A5A79AB67-LeaderElection1] INFO server.RaftServerConfigKeys: raft.server.staging.catchup.gap = 1000 (default)
dn3_1    | 2023-03-18 09:19:16,643 [pool-38-thread-1] INFO storage.RaftStorageDirectory: Lock on /data/metadata/ratis/d1279162-045f-45cf-95f2-d1111d92119b/in_use.lock acquired by nodename 7@8e7c452a033a
om3_1    | 2023-03-18 09:19:34,537 [main] INFO server.GrpcService: raft.grpc.flow.control.window = 1MB (=1048576) (default)
om2_1    | 2023-03-18 09:19:36,776 [pool-23-thread-1] INFO server.RaftServerConfigKeys: raft.server.rpc.slowness.timeout = 120s (custom)
om1_1    | 2023-03-18 09:19:36,723 [pool-23-thread-1] INFO server.RaftServerConfigKeys: raft.server.storage.free-space.min = 0MB (=0) (default)
dn5_1    | 2023-03-18 09:19:21,169 [pool-38-thread-1] INFO server.RaftServerConfigKeys: raft.server.log.statemachine.data.sync = true (default)
dn5_1    | 2023-03-18 09:19:21,191 [pool-38-thread-1] INFO server.RaftServerConfigKeys: raft.server.log.statemachine.data.sync.timeout = 10s (default)
dn2_1    | 2023-03-18 09:19:34,746 [2b374f74-8596-4317-81ba-ce0a491ddd96@group-BF56057FF98F-LeaderElection1] INFO server.RaftServerConfigKeys: raft.server.staging.catchup.gap = 1000 (default)
dn2_1    | 2023-03-18 09:19:34,788 [2b374f74-8596-4317-81ba-ce0a491ddd96@group-BF56057FF98F-LeaderElection1] INFO server.RaftServerConfigKeys: raft.server.write.element-limit = 1024 (custom)
dn2_1    | 2023-03-18 09:19:34,797 [2b374f74-8596-4317-81ba-ce0a491ddd96@group-BF56057FF98F-LeaderElection1] INFO server.RaftServerConfigKeys: raft.server.write.byte-limit = 1024 M (=1073741824) (custom)
dn2_1    | 2023-03-18 09:19:34,834 [2b374f74-8596-4317-81ba-ce0a491ddd96@group-BF56057FF98F-LeaderElection1] INFO server.RaftServerConfigKeys: raft.server.watch.timeout = 180s (custom)
dn1_1    | 2023-03-18 09:19:34,527 [4ba198f1-a013-49ce-b059-f73788d69001@group-E43A5A79AB67-LeaderElection1] INFO server.RaftServerConfigKeys: raft.server.write.element-limit = 1024 (custom)
dn3_1    | 2023-03-18 09:19:16,725 [pool-38-thread-1] INFO storage.RaftStorage: Read RaftStorageMetadata{term=2, votedFor=bae0cd8d-e50f-4d23-8974-b816860f8fc3} from /data/metadata/ratis/d1279162-045f-45cf-95f2-d1111d92119b/current/raft-meta
om3_1    | 2023-03-18 09:19:34,540 [main] INFO server.RaftServerConfigKeys: raft.server.rpc.request.timeout = 3000ms (default)
om2_1    | 2023-03-18 09:19:36,777 [pool-23-thread-1] INFO server.RaftServerConfigKeys: raft.server.leaderelection.leader.step-down.wait-time = 10s (default)
om1_1    | 2023-03-18 09:19:36,786 [pool-23-thread-1] INFO storage.RaftStorageDirectory: Lock on /data/metadata/ratis/5cb24680-b9e7-3c90-a862-d66704efc61c/in_use.lock acquired by nodename 7@3b9c69dfe5f5
dn5_1    | 2023-03-18 09:19:21,195 [pool-38-thread-1] INFO server.RaftServerConfigKeys: raft.server.log.statemachine.data.sync.timeout.retry = -1 (default)
dn5_1    | 2023-03-18 09:19:21,313 [pool-38-thread-1] INFO server.RaftServerConfigKeys: raft.server.log.write.buffer.size = 1048576 (custom)
dn2_1    | 2023-03-18 09:19:34,868 [2b374f74-8596-4317-81ba-ce0a491ddd96@group-BF56057FF98F-LeaderElection1] INFO server.RaftServerConfigKeys: raft.server.watch.timeout.denomination = 1s (default)
dn2_1    | 2023-03-18 09:19:34,883 [2b374f74-8596-4317-81ba-ce0a491ddd96@group-BF56057FF98F-LeaderElection1] INFO server.RaftServerConfigKeys: raft.server.watch.element-limit = 65536 (default)
dn2_1    | 2023-03-18 09:19:34,927 [2b374f74-8596-4317-81ba-ce0a491ddd96@group-BF56057FF98F-LeaderElection1] INFO server.RaftServerConfigKeys: raft.server.write.element-limit = 1024 (custom)
dn2_1    | 2023-03-18 09:19:34,948 [2b374f74-8596-4317-81ba-ce0a491ddd96@group-BF56057FF98F-LeaderElection1] INFO server.RaftServerConfigKeys: raft.server.write.follower.gap.ratio.max = -1.0 (default)
dn1_1    | 2023-03-18 09:19:34,528 [4ba198f1-a013-49ce-b059-f73788d69001@group-E43A5A79AB67-LeaderElection1] INFO server.RaftServerConfigKeys: raft.server.write.byte-limit = 1024 M (=1073741824) (custom)
dn3_1    | 2023-03-18 09:19:16,980 [main] INFO http.BaseHttpServer: Starting Web-server for hddsDatanode at: http://0.0.0.0:9882
om3_1    | 2023-03-18 09:19:36,472 [main] INFO impl.DataStreamServerImpl: raft.datastream.type = DISABLED (default)
om2_1    | 2023-03-18 09:19:36,777 [pool-23-thread-1] INFO server.RaftServerConfigKeys: raft.server.sleep.deviation.threshold = 300ms (default)
om1_1    | 2023-03-18 09:19:36,859 [pool-23-thread-1] INFO storage.RaftStorage: Read RaftStorageMetadata{term=4, votedFor=om3} from /data/metadata/ratis/5cb24680-b9e7-3c90-a862-d66704efc61c/current/raft-meta
dn5_1    | 2023-03-18 09:19:21,321 [pool-38-thread-1] INFO server.RaftServerConfigKeys: raft.server.log.statemachine.data.caching.enabled = true (custom)
dn5_1    | 2023-03-18 09:19:21,703 [main] INFO http.HttpServer2: Jetty bound to port 9882
recon_1  | 2023-03-18 09:19:21,876 [main] INFO node.SCMNodeManager: Registered Data node : 7c9e7a7d-2593-458c-8a46-0313d77c3278{ip: 10.9.0.18, host: 52785586567b, ports: [REPLICATION=9886, RATIS=9858, RATIS_ADMIN=9857, RATIS_SERVER=9856, STANDALONE=9859], networkLocation: /default-rack, certSerialId: null, persistedOpState: IN_SERVICE, persistedOpStateExpiryEpochSec: 0}
recon_1  | 2023-03-18 09:19:21,878 [main] INFO net.NetworkTopologyImpl: Added a new node: /default-rack/bae0cd8d-e50f-4d23-8974-b816860f8fc3
recon_1  | 2023-03-18 09:19:21,878 [main] INFO node.SCMNodeManager: Registered Data node : bae0cd8d-e50f-4d23-8974-b816860f8fc3{ip: 10.9.0.17, host: 692e5cec52a7, ports: [REPLICATION=9886, RATIS=9858, RATIS_ADMIN=9857, RATIS_SERVER=9856, STANDALONE=9859], networkLocation: /default-rack, certSerialId: null, persistedOpState: IN_SERVICE, persistedOpStateExpiryEpochSec: 0}
recon_1  | 2023-03-18 09:19:21,878 [main] INFO scm.ReconNodeManager: Loaded 5 nodes from node DB.
dn1_1    | 2023-03-18 09:19:34,557 [4ba198f1-a013-49ce-b059-f73788d69001@group-E43A5A79AB67-LeaderElection1] INFO server.RaftServerConfigKeys: raft.server.watch.timeout = 180s (custom)
dn3_1    | 2023-03-18 09:19:17,045 [pool-38-thread-1] INFO ratis.ContainerStateMachine: group-D1111D92119B: Setting the last applied index to (t:2, i:2)
dn3_1    | 2023-03-18 09:19:17,207 [main] INFO http.BaseHttpServer: Hadoop Security Enabled: false Ozone Security Enabled: false Ozone HTTP Security Enabled: false 
om2_1    | 2023-03-18 09:19:36,777 [pool-23-thread-1] INFO server.RaftServerConfigKeys: raft.server.log.appender.install.snapshot.enabled = false (custom)
om1_1    | 2023-03-18 09:19:37,116 [Listener at om1/9862] INFO om.OzoneManager: Configured ozone.om.metadata.layout=SIMPLE and disabled optimized OM FS operations
dn5_1    | 2023-03-18 09:19:21,743 [main] INFO server.Server: jetty-9.4.43.v20210629; built: 2021-06-30T11:07:22.254Z; git: 526006ecfa3af7f1a27ef3a288e2bef7ea9dd7e8; jvm 11.0.13+8-LTS
dn5_1    | 2023-03-18 09:19:21,830 [pool-38-thread-1] INFO server.RaftServer$Division: 04b88c83-026f-4630-aada-108e37835bee@group-80313208139C: set configuration 0: [bae0cd8d-e50f-4d23-8974-b816860f8fc3|rpc:10.9.0.17:9856|admin:10.9.0.17:9857|client:10.9.0.17:9858|dataStream:|priority:1, 7c9e7a7d-2593-458c-8a46-0313d77c3278|rpc:10.9.0.18:9856|admin:10.9.0.18:9857|client:10.9.0.18:9858|dataStream:|priority:0, 04b88c83-026f-4630-aada-108e37835bee|rpc:10.9.0.19:9856|admin:10.9.0.19:9857|client:10.9.0.19:9858|dataStream:|priority:0], old=null
recon_1  | 2023-03-18 09:19:21,904 [main] INFO algorithms.ContainerPlacementPolicyFactory: Create container placement policy of type org.apache.hadoop.hdds.scm.container.placement.algorithms.SCMContainerPlacementRandom
recon_1  | 2023-03-18 09:19:22,057 [main] INFO ipc.CallQueueManager: Using callQueue: class java.util.concurrent.LinkedBlockingQueue, queueCapacity: 10000, scheduler: class org.apache.hadoop.ipc.DefaultRpcScheduler, ipcBackoff: false.
recon_1  | 2023-03-18 09:19:22,348 [Socket Reader #1 for port 9891] INFO ipc.Server: Starting Socket Reader #1 for port 9891
recon_1  | 2023-03-18 09:19:22,944 [Listener at 0.0.0.0/9891] INFO recon.ReconServer: Recon server initialized successfully!
dn1_1    | 2023-03-18 09:19:34,557 [4ba198f1-a013-49ce-b059-f73788d69001@group-E43A5A79AB67-LeaderElection1] INFO server.RaftServerConfigKeys: raft.server.watch.timeout.denomination = 1s (default)
om3_1    | 2023-03-18 09:19:36,515 [main] INFO server.RaftServerConfigKeys: raft.server.rpc.slowness.timeout = 120s (custom)
om2_1    | 2023-03-18 09:19:36,821 [main] INFO ipc.CallQueueManager: Using callQueue: class java.util.concurrent.LinkedBlockingQueue, queueCapacity: 10000, scheduler: class org.apache.hadoop.ipc.DefaultRpcScheduler, ipcBackoff: false.
om1_1    | 2023-03-18 09:19:37,238 [pool-23-thread-1] INFO server.RaftServer$Division: om1@group-D66704EFC61C: set configuration 21: [om1|rpc:om1:9872|admin:|client:|dataStream:|priority:0, om3|rpc:om3:9872|admin:|client:|dataStream:|priority:0, om2|rpc:om2:9872|admin:|client:|dataStream:|priority:0], old=null
dn5_1    | 2023-03-18 09:19:21,889 [pool-38-thread-1] INFO segmented.LogSegment: Successfully read 5 entries from segment file /data/metadata/ratis/e319c2ba-524b-42f7-8b03-80313208139c/current/log_0-4
