scm_1    | 2023-03-18 09:19:29,458 [IPC Server handler 4 on default port 9861] INFO node.SCMNodeManager: Registered Data node : 4ba198f1-a013-49ce-b059-f73788d69001{ip: 10.9.0.15, host: ha_dn1_1.ha_net, ports: [REPLICATION=9886, RATIS=9858, RATIS_ADMIN=9857, RATIS_SERVER=9856, STANDALONE=9859], networkLocation: /default-rack, certSerialId: null, persistedOpState: IN_SERVICE, persistedOpStateExpiryEpochSec: 0}
recon_1  | 	at org.apache.hadoop.ipc.Server$Connection.sendResponse(Server.java:2837)
om3_1    | 2023-03-18 09:19:40,307 [Listener at om3/9862] INFO http.HttpRequestLog: Http request log for http.requests.ozoneManager is not defined
dn3_1    | 2023-03-18 09:19:21,944 [pool-38-thread-1] INFO server.RaftServerConfigKeys: raft.server.leaderelection.leader.step-down.wait-time = 10s (default)
dn5_1    | 2023-03-18 09:19:23,668 [pool-38-thread-1] INFO server.RaftServerConfigKeys: raft.server.log.purge.upto.snapshot.index = false (default)
om1_1    | 2023-03-18 09:19:45,473 [grpc-default-executor-0] INFO impl.VoteContext: om1@group-D66704EFC61C-CANDIDATE: reject ELECTION from om3: already has voted for om1 at current term 5
dn4_1    | 2023-03-18 09:19:21,360 [pool-38-thread-1] INFO server.RaftServerConfigKeys: raft.server.log.segment.size.max = 1048576 (custom)
s3g_1    | , while invoking $Proxy108.submitRequest over nodeId=om2,nodeAddress=om2:9862 after 1 failover attempts. Trying to failover immediately.
om2_1    | 2023-03-18 09:19:41,649 [Listener at om2/9862] INFO server.Server: Started @58761ms
scm_1    | 2023-03-18 09:19:29,692 [Listener at 0.0.0.0/9860] INFO http.HttpServer2: Jetty bound to port 9876
recon_1  | 	at org.apache.hadoop.ipc.Server$Connection.access$300(Server.java:1809)
om3_1    | 2023-03-18 09:19:40,321 [Listener at om3/9862] INFO http.HttpServer2: Added global filter 'safety' (class=org.apache.hadoop.hdds.server.http.HttpServer2$QuotingInputFilter)
dn3_1    | 2023-03-18 09:19:21,944 [pool-38-thread-1] INFO server.RaftServerConfigKeys: raft.server.sleep.deviation.threshold = 300ms (default)
dn5_1    | 2023-03-18 09:19:23,668 [pool-38-thread-1] INFO server.RaftServerConfigKeys: raft.server.retrycache.expirytime = 600000ms (custom)
om1_1    | 2023-03-18 09:19:45,473 [grpc-default-executor-0] INFO server.RaftServer$Division: om1@group-D66704EFC61C replies to ELECTION vote request: om3<-om1#0:FAIL-t5. Peer's state: om1@group-D66704EFC61C:t5, leader=null, voted=om1, raftlog=om1@group-D66704EFC61C-SegmentedRaftLog:OPENED:c67, conf=21: [om1|rpc:om1:9872|admin:|client:|dataStream:|priority:0, om3|rpc:om3:9872|admin:|client:|dataStream:|priority:0, om2|rpc:om2:9872|admin:|client:|dataStream:|priority:0], old=null
dn4_1    | 2023-03-18 09:19:21,363 [pool-38-thread-1] INFO server.RaftServerConfigKeys: raft.server.log.preallocated.size = 16384 (custom)
s3g_1    | 2023-03-18 09:20:05,190 [qtp9797126-19] INFO impl.MetricsConfig: Loaded properties from hadoop-metrics2.properties
om2_1    | 2023-03-18 09:19:41,660 [Listener at om2/9862] INFO impl.MetricsSinkAdapter: Sink prometheus started
scm_1    | 2023-03-18 09:19:29,695 [Listener at 0.0.0.0/9860] INFO server.Server: jetty-9.4.43.v20210629; built: 2021-06-30T11:07:22.254Z; git: 526006ecfa3af7f1a27ef3a288e2bef7ea9dd7e8; jvm 11.0.13+8-LTS
recon_1  | 	at org.apache.hadoop.ipc.Server$RpcCall.doResponse(Server.java:1117)
om3_1    | 2023-03-18 09:19:40,331 [Listener at om3/9862] INFO http.HttpServer2: Added filter static_user_filter (class=org.apache.hadoop.http.lib.StaticUserWebFilter$StaticUserFilter) to context ozoneManager
dn3_1    | 2023-03-18 09:19:21,944 [pool-38-thread-1] INFO server.RaftServerConfigKeys: raft.server.log.appender.install.snapshot.enabled = false (custom)
dn5_1    | 2023-03-18 09:19:23,674 [pool-38-thread-1] INFO server.RaftServerConfigKeys: raft.server.retrycache.statistics.expirytime = 100?s (default)
om1_1    | 2023-03-18 09:19:45,492 [om1@group-D66704EFC61C-LeaderElection1] INFO impl.LeaderElection: om1@group-D66704EFC61C-LeaderElection1: ELECTION REJECTED received 2 response(s) and 0 exception(s):
dn4_1    | 2023-03-18 09:19:21,363 [pool-38-thread-1] INFO server.RaftServerConfigKeys: raft.server.log.force.sync.num = 128 (default)
dn4_1    | 2023-03-18 09:19:21,364 [pool-38-thread-1] INFO server.RaftServerConfigKeys: raft.server.log.statemachine.data.sync = true (default)
om2_1    | 2023-03-18 09:19:41,661 [Listener at om2/9862] INFO impl.MetricsSystemImpl: Registered sink prometheus
scm_1    | 2023-03-18 09:19:29,722 [EventQueue-NodeRegistrationContainerReportForDataNodeSafeModeRule] INFO safemode.SCMSafeModeManager: SCM in safe mode. 1 DataNodes registered, 3 required.
recon_1  | 	at org.apache.hadoop.ipc.Server$Call.doResponse(Server.java:909)
om3_1    | 2023-03-18 09:19:40,335 [Listener at om3/9862] INFO http.HttpServer2: Added filter static_user_filter (class=org.apache.hadoop.http.lib.StaticUserWebFilter$StaticUserFilter) to context static
dn3_1    | 2023-03-18 09:19:21,944 [pool-38-thread-1] INFO server.RaftServer$Division: bae0cd8d-e50f-4d23-8974-b816860f8fc3@group-80313208139C: ConfigurationManager, init=-1: [], old=null, confs=<EMPTY_MAP>
dn5_1    | 2023-03-18 09:19:23,686 [pool-38-thread-1] INFO server.RaftServer$Division: 04b88c83-026f-4630-aada-108e37835bee: new RaftServerImpl for group-3212C22EDF58:[] with ContainerStateMachine:uninitialized
om1_1    | 2023-03-18 09:19:45,492 [om1@group-D66704EFC61C-LeaderElection1] INFO impl.LeaderElection:   Response 0: om1<-om3#0:FAIL-t5
dn4_1    | 2023-03-18 09:19:21,364 [pool-38-thread-1] INFO server.RaftServerConfigKeys: raft.server.log.statemachine.data.sync.timeout = 10s (default)
s3g_1    | 2023-03-18 09:20:05,234 [qtp9797126-19] INFO impl.MetricsSystemImpl: Scheduled Metric snapshot period at 10 second(s).
om2_1    | 2023-03-18 09:19:41,667 [Listener at om2/9862] INFO http.BaseHttpServer: HTTP server of ozoneManager listening at http://0.0.0.0:9874
scm_1    | 2023-03-18 09:19:29,729 [EventQueue-NodeRegistrationContainerReportForContainerSafeModeRule] INFO safemode.SCMSafeModeManager: ContainerSafeModeRule rule is successfully validated
recon_1  | 	at org.apache.hadoop.ipc.Server$Call.sendResponse(Server.java:895)
om3_1    | 2023-03-18 09:19:40,335 [Listener at om3/9862] INFO http.HttpServer2: Added filter static_user_filter (class=org.apache.hadoop.http.lib.StaticUserWebFilter$StaticUserFilter) to context logs
dn3_1    | 2023-03-18 09:19:21,945 [pool-38-thread-1] INFO server.RaftServerConfigKeys: raft.server.storage.dir = [/data/metadata/ratis] (custom)
dn5_1    | 2023-03-18 09:19:23,686 [pool-38-thread-1] INFO server.RaftServerConfigKeys: raft.server.rpc.timeout.min = 5s (custom)
om1_1    | 2023-03-18 09:19:45,492 [om1@group-D66704EFC61C-LeaderElection1] INFO impl.LeaderElection:   Response 1: om1<-om2#0:FAIL-t5
dn4_1    | 2023-03-18 09:19:21,367 [pool-38-thread-1] INFO server.RaftServerConfigKeys: raft.server.log.statemachine.data.sync.timeout.retry = -1 (default)
s3g_1    | 2023-03-18 09:20:05,234 [qtp9797126-19] INFO impl.MetricsSystemImpl: XceiverClientMetrics metrics system started
om2_1    | 2023-03-18 09:19:41,671 [IPC Server Responder] INFO ipc.Server: IPC Server Responder: starting
scm_1    | 2023-03-18 09:19:29,842 [EventQueue-PipelineReportForOneReplicaPipelineSafeModeRule] INFO safemode.SCMSafeModeManager: SCM in safe mode. Pipelines with at least one datanode reported count is 0, required at least one datanode reported per pipeline count is 2
scm_1    | 2023-03-18 09:19:29,773 [EventQueue-NewNodeForNewNodeHandler] INFO pipeline.BackgroundPipelineCreator: trigger a one-shot run on RatisPipelineUtilsThread.
scm_1    | 2023-03-18 09:19:29,987 [EventQueue-OpenPipelineForHealthyPipelineSafeModeRule] INFO safemode.SCMSafeModeManager: SCM in safe mode. Healthy pipelines reported count is 0, required healthy pipeline reported count is 1
scm_1    | 2023-03-18 09:19:30,017 [IPC Server handler 6 on default port 9861] INFO net.NetworkTopologyImpl: Added a new node: /default-rack/2b374f74-8596-4317-81ba-ce0a491ddd96
scm_1    | 2023-03-18 09:19:30,067 [IPC Server handler 6 on default port 9861] INFO node.SCMNodeManager: Registered Data node : 2b374f74-8596-4317-81ba-ce0a491ddd96{ip: 10.9.0.16, host: ha_dn2_1.ha_net, ports: [REPLICATION=9886, RATIS=9858, RATIS_ADMIN=9857, RATIS_SERVER=9856, STANDALONE=9859], networkLocation: /default-rack, certSerialId: null, persistedOpState: IN_SERVICE, persistedOpStateExpiryEpochSec: 0}
om1_1    | 2023-03-18 09:19:45,493 [om1@group-D66704EFC61C-LeaderElection1] INFO impl.LeaderElection: om1@group-D66704EFC61C-LeaderElection1 ELECTION round 0: result REJECTED
dn4_1    | 2023-03-18 09:19:21,368 [pool-38-thread-1] INFO server.RaftServerConfigKeys: raft.server.log.write.buffer.size = 1048576 (custom)
s3g_1    | 2023-03-18 09:20:05,251 [qtp9797126-19] INFO impl.MetricsSinkAdapter: Sink prometheus started
om2_1    | 2023-03-18 09:19:41,685 [IPC Server listener on 9862] INFO ipc.Server: IPC Server listener on 9862: starting
scm_1    | 2023-03-18 09:19:30,079 [EventQueue-NewNodeForNewNodeHandler] INFO pipeline.BackgroundPipelineCreator: trigger a one-shot run on RatisPipelineUtilsThread.
dn3_1    | 2023-03-18 09:19:21,945 [pool-38-thread-1] INFO server.RaftServerConfigKeys: raft.server.log.corruption.policy = EXCEPTION (default)
recon_1  | 	at org.apache.hadoop.ipc.Server$RpcCall.run(Server.java:1052)
om3_1    | 2023-03-18 09:19:40,457 [Listener at om3/9862] INFO http.HttpServer2: Jetty bound to port 9874
dn5_1    | 2023-03-18 09:19:23,688 [pool-38-thread-1] INFO server.RaftServerConfigKeys: raft.server.rpc.timeout.max = 5200ms (custom)
om1_1    | 2023-03-18 09:19:45,495 [om1@group-D66704EFC61C-LeaderElection1] INFO server.RaftServer$Division: om1@group-D66704EFC61C: changes role from CANDIDATE to FOLLOWER at term 5 for REJECTED
dn4_1    | 2023-03-18 09:19:21,371 [pool-38-thread-1] INFO server.RaftServerConfigKeys: raft.server.log.statemachine.data.caching.enabled = true (custom)
dn4_1    | 2023-03-18 09:19:21,400 [pool-38-thread-1] INFO server.RaftServer$Division: 7c9e7a7d-2593-458c-8a46-0313d77c3278@group-40B9CE60BD6C: set configuration 0: [7c9e7a7d-2593-458c-8a46-0313d77c3278|rpc:10.9.0.18:9856|admin:10.9.0.18:9857|client:10.9.0.18:9858|dataStream:|priority:1], old=null
scm_1    | 2023-03-18 09:19:30,228 [EventQueue-NodeRegistrationContainerReportForDataNodeSafeModeRule] INFO safemode.SCMSafeModeManager: SCM in safe mode. 2 DataNodes registered, 3 required.
om2_1    | 2023-03-18 09:19:41,735 [Listener at om2/9862] INFO om.OzoneManager: Trash Interval set to 0. Files deleted will not move to trash
dn3_1    | 2023-03-18 09:19:21,945 [pool-38-thread-1] INFO server.RaftServerConfigKeys: raft.server.storage.free-space.min = 0MB (=0) (default)
recon_1  | 	at org.apache.hadoop.ipc.Server$RpcCall.run(Server.java:963)
om3_1    | 2023-03-18 09:19:40,460 [Listener at om3/9862] INFO server.Server: jetty-9.4.43.v20210629; built: 2021-06-30T11:07:22.254Z; git: 526006ecfa3af7f1a27ef3a288e2bef7ea9dd7e8; jvm 11.0.13+8-LTS
dn5_1    | 2023-03-18 09:19:23,688 [pool-38-thread-1] INFO server.RaftServerConfigKeys: raft.server.rpc.sleep.time = 25ms (default)
om1_1    | 2023-03-18 09:19:45,496 [om1@group-D66704EFC61C-LeaderElection1] INFO impl.RoleInfo: om1: shutdown om1@group-D66704EFC61C-LeaderElection1
dn4_1    | 2023-03-18 09:19:21,403 [pool-38-thread-1] INFO segmented.LogSegment: Successfully read 1 entries from segment file /data/metadata/ratis/a2f44939-53c6-4b4c-afd2-40b9ce60bd6c/current/log_0-0
s3g_1    | 2023-03-18 09:20:05,251 [qtp9797126-19] INFO impl.MetricsSystemImpl: Registered sink prometheus
scm_1    | 2023-03-18 09:19:30,228 [EventQueue-PipelineReportForOneReplicaPipelineSafeModeRule] INFO safemode.SCMSafeModeManager: SCM in safe mode. Pipelines with at least one datanode reported count is 0, required at least one datanode reported per pipeline count is 2
om2_1    | 2023-03-18 09:19:41,781 [org.apache.hadoop.util.JvmPauseMonitor$Monitor@28989415] INFO util.JvmPauseMonitor: Starting JVM pause monitor
dn3_1    | 2023-03-18 09:19:21,962 [pool-38-thread-1] INFO storage.RaftStorageDirectory: Lock on /data/metadata/ratis/e319c2ba-524b-42f7-8b03-80313208139c/in_use.lock acquired by nodename 7@8e7c452a033a
recon_1  | 	at java.base/java.security.AccessController.doPrivileged(Native Method)
om3_1    | 2023-03-18 09:19:40,565 [Listener at om3/9862] INFO server.session: DefaultSessionIdManager workerName=node0
dn5_1    | 2023-03-18 09:19:23,688 [pool-38-thread-1] INFO server.RaftServerConfigKeys: raft.server.rpc.slowness.timeout = 300s (custom)
om1_1    | 2023-03-18 09:19:45,496 [om1@group-D66704EFC61C-LeaderElection1] INFO impl.RoleInfo: om1: start om1@group-D66704EFC61C-FollowerState
dn4_1    | 2023-03-18 09:19:21,403 [pool-38-thread-1] INFO server.RaftServer$Division: 7c9e7a7d-2593-458c-8a46-0313d77c3278@group-40B9CE60BD6C: set configuration 1: [7c9e7a7d-2593-458c-8a46-0313d77c3278|rpc:10.9.0.18:9856|admin:10.9.0.18:9857|client:10.9.0.18:9858|dataStream:|priority:1], old=null
s3g_1    | 2023-03-18 09:20:06,458 [qtp9797126-15] INFO retry.RetryInvocationHandler: com.google.protobuf.ServiceException: org.apache.hadoop.ipc.RemoteException(org.apache.hadoop.ozone.om.exceptions.OMNotLeaderException): OM:om2 is not the leader. Could not determine the leader node.
scm_1    | 2023-03-18 09:19:30,242 [EventQueue-OpenPipelineForHealthyPipelineSafeModeRule] INFO safemode.SCMSafeModeManager: SCM in safe mode. Healthy pipelines reported count is 0, required healthy pipeline reported count is 1
om2_1    | 2023-03-18 09:19:44,366 [om2@group-D66704EFC61C-FollowerState] INFO impl.FollowerState: om2@group-D66704EFC61C-FollowerState: change to CANDIDATE, lastRpcElapsedTime:5162896072ns, electionTimeout:5147ms
dn3_1    | 2023-03-18 09:19:21,964 [pool-38-thread-1] INFO storage.RaftStorage: Read RaftStorageMetadata{term=2, votedFor=bae0cd8d-e50f-4d23-8974-b816860f8fc3} from /data/metadata/ratis/e319c2ba-524b-42f7-8b03-80313208139c/current/raft-meta
recon_1  | 	at java.base/javax.security.auth.Subject.doAs(Subject.java:423)
om3_1    | 2023-03-18 09:19:40,565 [Listener at om3/9862] INFO server.session: No SessionScavenger set, using defaults
dn5_1    | 2023-03-18 09:19:23,688 [pool-38-thread-1] INFO server.RaftServerConfigKeys: raft.server.leaderelection.leader.step-down.wait-time = 10s (default)
om1_1    | 2023-03-18 09:19:50,621 [om1@group-D66704EFC61C-FollowerState] INFO impl.FollowerState: om1@group-D66704EFC61C-FollowerState: change to CANDIDATE, lastRpcElapsedTime:5124356887ns, electionTimeout:5108ms
s3g_1    | 	at org.apache.hadoop.ozone.protocolPB.OzoneManagerProtocolServerSideTranslatorPB.createNotLeaderException(OzoneManagerProtocolServerSideTranslatorPB.java:187)
dn4_1    | 2023-03-18 09:19:21,405 [pool-38-thread-1] INFO segmented.LogSegment: Successfully read 2 entries from segment file /data/metadata/ratis/a2f44939-53c6-4b4c-afd2-40b9ce60bd6c/current/log_inprogress_1
scm_1    | 2023-03-18 09:19:30,512 [IPC Server handler 6 on default port 9861] INFO net.NetworkTopologyImpl: Added a new node: /default-rack/bae0cd8d-e50f-4d23-8974-b816860f8fc3
om2_1    | 2023-03-18 09:19:44,367 [om2@group-D66704EFC61C-FollowerState] INFO impl.RoleInfo: om2: shutdown om2@group-D66704EFC61C-FollowerState
dn3_1    | 2023-03-18 09:19:21,965 [pool-38-thread-1] INFO ratis.ContainerStateMachine: group-80313208139C: Setting the last applied index to (t:2, i:13)
recon_1  | 	at org.apache.hadoop.security.UserGroupInformation.doAs(UserGroupInformation.java:1878)
om3_1    | 2023-03-18 09:19:40,568 [Listener at om3/9862] INFO server.session: node0 Scavenging every 600000ms
dn5_1    | 2023-03-18 09:19:23,689 [pool-38-thread-1] INFO server.RaftServerConfigKeys: raft.server.sleep.deviation.threshold = 300ms (default)
om1_1    | 2023-03-18 09:19:50,622 [om1@group-D66704EFC61C-FollowerState] INFO impl.RoleInfo: om1: shutdown om1@group-D66704EFC61C-FollowerState
s3g_1    | 	at org.apache.hadoop.ozone.protocolPB.OzoneManagerProtocolServerSideTranslatorPB.createLeaderErrorException(OzoneManagerProtocolServerSideTranslatorPB.java:174)
dn4_1    | 2023-03-18 09:19:21,406 [pool-38-thread-1] INFO segmented.SegmentedRaftLogWorker: 7c9e7a7d-2593-458c-8a46-0313d77c3278@group-40B9CE60BD6C-SegmentedRaftLogWorker: flushIndex: setUnconditionally 0 -> 2
scm_1    | 2023-03-18 09:19:30,516 [IPC Server handler 6 on default port 9861] INFO node.SCMNodeManager: Registered Data node : bae0cd8d-e50f-4d23-8974-b816860f8fc3{ip: 10.9.0.17, host: ha_dn3_1.ha_net, ports: [REPLICATION=9886, RATIS=9858, RATIS_ADMIN=9857, RATIS_SERVER=9856, STANDALONE=9859], networkLocation: /default-rack, certSerialId: null, persistedOpState: IN_SERVICE, persistedOpStateExpiryEpochSec: 0}
om2_1    | 2023-03-18 09:19:44,367 [om2@group-D66704EFC61C-FollowerState] INFO server.RaftServer$Division: om2@group-D66704EFC61C: changes role from  FOLLOWER to CANDIDATE at term 4 for changeToCandidate
dn3_1    | 2023-03-18 09:19:21,999 [pool-38-thread-1] INFO server.RaftServer$Division: bae0cd8d-e50f-4d23-8974-b816860f8fc3@group-80313208139C: set configuration 5: [bae0cd8d-e50f-4d23-8974-b816860f8fc3|rpc:10.9.0.17:9856|admin:10.9.0.17:9857|client:10.9.0.17:9858|dataStream:|priority:1, 7c9e7a7d-2593-458c-8a46-0313d77c3278|rpc:10.9.0.18:9856|admin:10.9.0.18:9857|client:10.9.0.18:9858|dataStream:|priority:0, 04b88c83-026f-4630-aada-108e37835bee|rpc:10.9.0.19:9856|admin:10.9.0.19:9857|client:10.9.0.19:9858|dataStream:|priority:0], old=null
recon_1  | 	at org.apache.hadoop.ipc.Server$Handler.run(Server.java:2966)
om3_1    | 2023-03-18 09:19:40,604 [Listener at om3/9862] INFO handler.ContextHandler: Started o.e.j.s.ServletContextHandler@40c8067{logs,/logs,file:///var/log/hadoop/,AVAILABLE}
dn5_1    | 2023-03-18 09:19:23,698 [pool-38-thread-1] INFO server.RaftServerConfigKeys: raft.server.log.appender.install.snapshot.enabled = false (custom)
om1_1    | 2023-03-18 09:19:50,622 [om1@group-D66704EFC61C-FollowerState] INFO server.RaftServer$Division: om1@group-D66704EFC61C: changes role from  FOLLOWER to CANDIDATE at term 5 for changeToCandidate
s3g_1    | 	at org.apache.hadoop.ozone.protocolPB.OzoneManagerProtocolServerSideTranslatorPB.submitReadRequestToOM(OzoneManagerProtocolServerSideTranslatorPB.java:167)
dn4_1    | 2023-03-18 09:19:21,407 [pool-38-thread-1] INFO segmented.SegmentedRaftLogWorker: 7c9e7a7d-2593-458c-8a46-0313d77c3278@group-40B9CE60BD6C-SegmentedRaftLogWorker: safeCacheEvictIndex: setUnconditionally 0 -> 0
scm_1    | 2023-03-18 09:19:30,516 [EventQueue-NewNodeForNewNodeHandler] INFO pipeline.BackgroundPipelineCreator: trigger a one-shot run on RatisPipelineUtilsThread.
om2_1    | 2023-03-18 09:19:44,370 [om2@group-D66704EFC61C-FollowerState] INFO server.RaftServerConfigKeys: raft.server.leaderelection.pre-vote = false (custom)
dn3_1    | 2023-03-18 09:19:21,999 [pool-38-thread-1] INFO server.RaftServerConfigKeys: raft.server.notification.no-leader.timeout = 300s (custom)
recon_1  | 2023-03-18 09:19:32,919 [IPC Server handler 4 on default port 9891] INFO ipc.Server: IPC Server handler 4 on default port 9891 caught an exception
om3_1    | 2023-03-18 09:19:40,605 [Listener at om3/9862] INFO handler.ContextHandler: Started o.e.j.s.ServletContextHandler@48499739{static,/static,jar:file:/opt/hadoop/share/ozone/lib/ozone-manager-1.2.1.jar!/webapps/static,AVAILABLE}
dn5_1    | 2023-03-18 09:19:23,699 [pool-38-thread-1] INFO server.RaftServer$Division: 04b88c83-026f-4630-aada-108e37835bee@group-3212C22EDF58: ConfigurationManager, init=-1: [], old=null, confs=<EMPTY_MAP>
dn5_1    | 2023-03-18 09:19:23,699 [pool-38-thread-1] INFO server.RaftServerConfigKeys: raft.server.storage.dir = [/data/metadata/ratis] (custom)
dn5_1    | 2023-03-18 09:19:23,699 [pool-38-thread-1] INFO server.RaftServerConfigKeys: raft.server.log.corruption.policy = EXCEPTION (default)
dn5_1    | 2023-03-18 09:19:23,699 [pool-38-thread-1] INFO server.RaftServerConfigKeys: raft.server.storage.free-space.min = 0MB (=0) (default)
om1_1    | 2023-03-18 09:19:50,622 [om1@group-D66704EFC61C-FollowerState] INFO server.RaftServerConfigKeys: raft.server.leaderelection.pre-vote = false (custom)
om1_1    | 2023-03-18 09:19:50,622 [om1@group-D66704EFC61C-FollowerState] INFO impl.RoleInfo: om1: start om1@group-D66704EFC61C-LeaderElection2
om1_1    | 2023-03-18 09:19:50,636 [grpc-default-executor-0] INFO server.RaftServer$Division: om1@group-D66704EFC61C: receive requestVote(ELECTION, om2, group-D66704EFC61C, 6, (t:4, i:68))
om1_1    | 2023-03-18 09:19:50,638 [grpc-default-executor-0] INFO impl.VoteContext: om1@group-D66704EFC61C-CANDIDATE: accept ELECTION from om2: our priority 0 <= candidate's priority 0
dn4_1    | 2023-03-18 09:19:21,432 [pool-38-thread-1] INFO raftlog.RaftLog: 7c9e7a7d-2593-458c-8a46-0313d77c3278@group-40B9CE60BD6C-SegmentedRaftLog: commitIndex: updateToMax old=2, new=1, updated? false
scm_1    | 2023-03-18 09:19:30,573 [EventQueue-NodeRegistrationContainerReportForDataNodeSafeModeRule] INFO safemode.SCMSafeModeManager: SCM in safe mode. 3 DataNodes registered, 3 required.
s3g_1    | 	at org.apache.hadoop.ozone.protocolPB.OzoneManagerProtocolServerSideTranslatorPB.processRequest(OzoneManagerProtocolServerSideTranslatorPB.java:133)
om1_1    | 2023-03-18 09:19:50,639 [grpc-default-executor-0] INFO server.RaftServer$Division: om1@group-D66704EFC61C: changes role from CANDIDATE to FOLLOWER at term 6 for candidate:om2
dn3_1    | 2023-03-18 09:19:22,009 [pool-38-thread-1] INFO server.RaftServerConfigKeys: raft.server.log.use.memory = false (default)
recon_1  | java.nio.channels.ClosedChannelException
om2_1    | 2023-03-18 09:19:44,370 [om2@group-D66704EFC61C-FollowerState] INFO impl.RoleInfo: om2: start om2@group-D66704EFC61C-LeaderElection1
dn5_1    | 2023-03-18 09:19:23,702 [pool-38-thread-1] INFO storage.RaftStorageDirectory: Lock on /data/metadata/ratis/b5ca130e-c58f-4d3d-8bda-3212c22edf58/in_use.lock acquired by nodename 6@7433e2f595dc
dn4_1    | 2023-03-18 09:19:21,432 [pool-38-thread-1] INFO server.RaftServerConfigKeys: raft.server.snapshot.auto.trigger.enabled = true (custom)
om3_1    | 2023-03-18 09:19:41,483 [Listener at om3/9862] INFO handler.ContextHandler: Started o.e.j.w.WebAppContext@5ebbde60{ozoneManager,/,file:///tmp/jetty-0_0_0_0-9874-ozone-manager-1_2_1_jar-_-any-1393685730376618106/webapp/,AVAILABLE}{jar:file:/opt/hadoop/share/ozone/lib/ozone-manager-1.2.1.jar!/webapps/ozoneManager}
scm_1    | 2023-03-18 09:19:30,573 [EventQueue-OpenPipelineForHealthyPipelineSafeModeRule] INFO safemode.SCMSafeModeManager: SCM in safe mode. Healthy pipelines reported count is 0, required healthy pipeline reported count is 1
s3g_1    | 	at org.apache.hadoop.hdds.server.OzoneProtocolMessageDispatcher.processRequest(OzoneProtocolMessageDispatcher.java:87)
om1_1    | 2023-03-18 09:19:50,639 [grpc-default-executor-0] INFO impl.RoleInfo: om1: shutdown om1@group-D66704EFC61C-LeaderElection2
dn3_1    | 2023-03-18 09:19:22,009 [pool-38-thread-1] INFO server.RaftServerConfigKeys: raft.server.log.purge.gap = 1000000 (custom)
recon_1  | 	at java.base/sun.nio.ch.SocketChannelImpl.ensureOpenAndConnected(SocketChannelImpl.java:180)
recon_1  | 	at java.base/sun.nio.ch.SocketChannelImpl.write(SocketChannelImpl.java:452)
dn5_1    | 2023-03-18 09:19:23,704 [pool-38-thread-1] INFO storage.RaftStorage: Read RaftStorageMetadata{term=2, votedFor=04b88c83-026f-4630-aada-108e37835bee} from /data/metadata/ratis/b5ca130e-c58f-4d3d-8bda-3212c22edf58/current/raft-meta
dn4_1    | 2023-03-18 09:19:21,434 [pool-38-thread-1] INFO server.RaftServerConfigKeys: raft.server.snapshot.auto.trigger.threshold = 10000 (custom)
om3_1    | 2023-03-18 09:19:41,509 [Listener at om3/9862] INFO server.AbstractConnector: Started ServerConnector@66713605{HTTP/1.1, (http/1.1)}{0.0.0.0:9874}
om3_1    | 2023-03-18 09:19:41,509 [Listener at om3/9862] INFO server.Server: Started @61466ms
om3_1    | 2023-03-18 09:19:41,519 [Listener at om3/9862] INFO impl.MetricsSinkAdapter: Sink prometheus started
om1_1    | 2023-03-18 09:19:50,639 [grpc-default-executor-0] INFO impl.RoleInfo: om1: start om1@group-D66704EFC61C-FollowerState
dn3_1    | 2023-03-18 09:19:22,010 [pool-38-thread-1] INFO server.RaftServerConfigKeys: raft.server.log.appender.buffer.byte-limit = 33554432 (custom)
recon_1  | 	at org.apache.hadoop.ipc.Server.channelWrite(Server.java:3605)
om2_1    | 2023-03-18 09:19:44,391 [om2@group-D66704EFC61C-LeaderElection1] INFO impl.LeaderElection: om2@group-D66704EFC61C-LeaderElection1 ELECTION round 0: submit vote requests at term 5 for 21: [om1|rpc:om1:9872|admin:|client:|dataStream:|priority:0, om3|rpc:om3:9872|admin:|client:|dataStream:|priority:0, om2|rpc:om2:9872|admin:|client:|dataStream:|priority:0], old=null
dn5_1    | 2023-03-18 09:19:23,705 [pool-38-thread-1] INFO ratis.ContainerStateMachine: group-3212C22EDF58: Setting the last applied index to (t:2, i:2)
dn4_1    | 2023-03-18 09:19:21,436 [pool-38-thread-1] INFO server.RaftServerConfigKeys: raft.server.snapshot.retention.file.num = 5 (custom)
om3_1    | 2023-03-18 09:19:41,519 [Listener at om3/9862] INFO impl.MetricsSystemImpl: Registered sink prometheus
scm_1    | 2023-03-18 09:19:30,573 [EventQueue-PipelineReportForOneReplicaPipelineSafeModeRule] INFO safemode.SCMSafeModeManager: SCM in safe mode. Pipelines with at least one datanode reported count is 2, required at least one datanode reported per pipeline count is 2
s3g_1    | 	at org.apache.hadoop.ozone.protocolPB.OzoneManagerProtocolServerSideTranslatorPB.submitRequest(OzoneManagerProtocolServerSideTranslatorPB.java:123)
s3g_1    | 	at org.apache.hadoop.ozone.protocol.proto.OzoneManagerProtocolProtos$OzoneManagerService$2.callBlockingMethod(OzoneManagerProtocolProtos.java)
dn3_1    | 2023-03-18 09:19:22,010 [pool-38-thread-1] INFO server.RaftServerConfigKeys: raft.server.log.segment.size.max = 1048576 (custom)
recon_1  | 	at org.apache.hadoop.ipc.Server.access$1700(Server.java:141)
om2_1    | 2023-03-18 09:19:45,245 [grpc-default-executor-1] INFO server.RaftServer$Division: om2@group-D66704EFC61C: receive requestVote(ELECTION, om1, group-D66704EFC61C, 5, (t:4, i:68))
dn5_1    | 2023-03-18 09:19:23,708 [pool-38-thread-1] INFO server.RaftServer$Division: 04b88c83-026f-4630-aada-108e37835bee@group-3212C22EDF58: set configuration 1: [04b88c83-026f-4630-aada-108e37835bee|rpc:10.9.0.19:9856|admin:10.9.0.19:9857|client:10.9.0.19:9858|dataStream:|priority:1], old=null
dn4_1    | 2023-03-18 09:19:21,436 [pool-38-thread-1] INFO server.RaftServerConfigKeys: raft.server.log.purge.upto.snapshot.index = false (default)
om3_1    | 2023-03-18 09:19:41,521 [Listener at om3/9862] INFO http.BaseHttpServer: HTTP server of ozoneManager listening at http://0.0.0.0:9874
s3g_1    | 	at org.apache.hadoop.ipc.ProtobufRpcEngine$Server.processCall(ProtobufRpcEngine.java:466)
om1_1    | 2023-03-18 09:19:50,647 [grpc-default-executor-0] INFO server.RaftServer$Division: om1@group-D66704EFC61C replies to ELECTION vote request: om2<-om1#0:OK-t6. Peer's state: om1@group-D66704EFC61C:t6, leader=null, voted=om2, raftlog=om1@group-D66704EFC61C-SegmentedRaftLog:OPENED:c67, conf=21: [om1|rpc:om1:9872|admin:|client:|dataStream:|priority:0, om3|rpc:om3:9872|admin:|client:|dataStream:|priority:0, om2|rpc:om2:9872|admin:|client:|dataStream:|priority:0], old=null
om1_1    | 2023-03-18 09:19:50,679 [grpc-default-executor-0] INFO server.RaftServer$Division: om1@group-D66704EFC61C: receive requestVote(ELECTION, om3, group-D66704EFC61C, 7, (t:4, i:68))
dn3_1    | 2023-03-18 09:19:22,020 [pool-38-thread-1] INFO server.RaftServerConfigKeys: raft.server.log.segment.cache.num.max = 2 (custom)
recon_1  | 	at org.apache.hadoop.ipc.Server$Responder.processResponse(Server.java:1667)
om2_1    | 2023-03-18 09:19:45,257 [grpc-default-executor-1] INFO impl.VoteContext: om2@group-D66704EFC61C-CANDIDATE: reject ELECTION from om1: already has voted for om2 at current term 5
dn5_1    | 2023-03-18 09:19:23,714 [pool-38-thread-1] INFO server.RaftServerConfigKeys: raft.server.notification.no-leader.timeout = 300s (custom)
dn4_1    | 2023-03-18 09:19:21,436 [pool-38-thread-1] INFO server.RaftServerConfigKeys: raft.server.retrycache.expirytime = 600000ms (custom)
om3_1    | 2023-03-18 09:19:41,566 [IPC Server listener on 9862] INFO ipc.Server: IPC Server listener on 9862: starting
s3g_1    | 	at org.apache.hadoop.ipc.ProtobufRpcEngine2$Server$ProtoBufRpcInvoker.call(ProtobufRpcEngine2.java:574)
om1_1    | 2023-03-18 09:19:50,679 [grpc-default-executor-0] INFO impl.VoteContext: om1@group-D66704EFC61C-FOLLOWER: accept ELECTION from om3: our priority 0 <= candidate's priority 0
scm_1    | 2023-03-18 09:19:30,616 [EventQueue-NodeRegistrationContainerReportForDataNodeSafeModeRule] INFO safemode.SCMSafeModeManager: DataNodeSafeModeRule rule is successfully validated
dn3_1    | 2023-03-18 09:19:22,020 [pool-38-thread-1] INFO server.RaftServerConfigKeys: raft.server.log.segment.cache.size.max = 200MB (=209715200) (default)
recon_1  | 	at org.apache.hadoop.ipc.Server$Responder.doRespond(Server.java:1737)
om2_1    | 2023-03-18 09:19:45,274 [grpc-default-executor-1] INFO server.RaftServer$Division: om2@group-D66704EFC61C replies to ELECTION vote request: om1<-om2#0:FAIL-t5. Peer's state: om2@group-D66704EFC61C:t5, leader=null, voted=om2, raftlog=om2@group-D66704EFC61C-SegmentedRaftLog:OPENED:c67, conf=21: [om1|rpc:om1:9872|admin:|client:|dataStream:|priority:0, om3|rpc:om3:9872|admin:|client:|dataStream:|priority:0, om2|rpc:om2:9872|admin:|client:|dataStream:|priority:0], old=null
dn5_1    | 2023-03-18 09:19:23,714 [pool-38-thread-1] INFO server.RaftServerConfigKeys: raft.server.log.use.memory = false (default)
dn4_1    | 2023-03-18 09:19:21,437 [pool-38-thread-1] INFO server.RaftServerConfigKeys: raft.server.retrycache.statistics.expirytime = 100?s (default)
om3_1    | 2023-03-18 09:19:41,540 [IPC Server Responder] INFO ipc.Server: IPC Server Responder: starting
s3g_1    | 	at org.apache.hadoop.ipc.ProtobufRpcEngine2$Server$ProtoBufRpcInvoker.call(ProtobufRpcEngine2.java:552)
om1_1    | 2023-03-18 09:19:50,680 [grpc-default-executor-0] INFO server.RaftServer$Division: om1@group-D66704EFC61C: changes role from  FOLLOWER to FOLLOWER at term 7 for candidate:om3
scm_1    | 2023-03-18 09:19:30,616 [EventQueue-NodeRegistrationContainerReportForDataNodeSafeModeRule] INFO safemode.SCMSafeModeManager: All SCM safe mode pre check rules have passed
dn3_1    | 2023-03-18 09:19:22,020 [pool-38-thread-1] INFO segmented.SegmentedRaftLogWorker: new bae0cd8d-e50f-4d23-8974-b816860f8fc3@group-80313208139C-SegmentedRaftLogWorker for RaftStorageImpl:Storage Directory /data/metadata/ratis/e319c2ba-524b-42f7-8b03-80313208139c
recon_1  | 	at org.apache.hadoop.ipc.Server$Connection.sendResponse(Server.java:2837)
recon_1  | 	at org.apache.hadoop.ipc.Server$Connection.access$300(Server.java:1809)
dn5_1    | 2023-03-18 09:19:23,715 [pool-38-thread-1] INFO server.RaftServerConfigKeys: raft.server.log.purge.gap = 1000000 (custom)
dn4_1    | 2023-03-18 09:19:21,439 [pool-38-thread-1] INFO server.RaftServer$Division: 7c9e7a7d-2593-458c-8a46-0313d77c3278: new RaftServerImpl for group-8191D6D2324D:[] with ContainerStateMachine:uninitialized
om3_1    | 2023-03-18 09:19:41,613 [Listener at om3/9862] INFO om.OzoneManager: Trash Interval set to 0. Files deleted will not move to trash
s3g_1    | 	at org.apache.hadoop.ipc.RPC$Server.call(RPC.java:1093)
om1_1    | 2023-03-18 09:19:50,680 [grpc-default-executor-0] INFO impl.RoleInfo: om1: shutdown om1@group-D66704EFC61C-FollowerState
scm_1    | 2023-03-18 09:19:30,617 [Listener at 0.0.0.0/9860] INFO server.session: DefaultSessionIdManager workerName=node0
dn3_1    | 2023-03-18 09:19:22,022 [pool-38-thread-1] INFO server.RaftServerConfigKeys: raft.server.log.queue.byte-limit = 2147483647 (custom)
recon_1  | 	at org.apache.hadoop.ipc.Server$RpcCall.doResponse(Server.java:1117)
om2_1    | 2023-03-18 09:19:45,466 [grpc-default-executor-1] INFO server.RaftServer$Division: om2@group-D66704EFC61C: receive requestVote(ELECTION, om3, group-D66704EFC61C, 5, (t:4, i:68))
dn5_1    | 2023-03-18 09:19:23,715 [pool-38-thread-1] INFO server.RaftServerConfigKeys: raft.server.log.appender.buffer.byte-limit = 33554432 (custom)
dn4_1    | 2023-03-18 09:19:21,456 [pool-38-thread-1] INFO server.RaftServerConfigKeys: raft.server.rpc.timeout.min = 5s (custom)
om3_1    | 2023-03-18 09:19:41,631 [org.apache.hadoop.util.JvmPauseMonitor$Monitor@7d66a126] INFO util.JvmPauseMonitor: Starting JVM pause monitor
s3g_1    | 	at org.apache.hadoop.ipc.Server$RpcCall.run(Server.java:1035)
om1_1    | 2023-03-18 09:19:50,681 [om1@group-D66704EFC61C-FollowerState] INFO impl.FollowerState: om1@group-D66704EFC61C-FollowerState was interrupted: {}
scm_1    | 2023-03-18 09:19:30,617 [Listener at 0.0.0.0/9860] INFO server.session: No SessionScavenger set, using defaults
dn3_1    | 2023-03-18 09:19:22,026 [pool-38-thread-1] INFO server.RaftServerConfigKeys: raft.server.log.queue.element-limit = 1024 (custom)
recon_1  | 	at org.apache.hadoop.ipc.Server$Call.doResponse(Server.java:909)
om2_1    | 2023-03-18 09:19:45,472 [grpc-default-executor-1] INFO impl.VoteContext: om2@group-D66704EFC61C-CANDIDATE: reject ELECTION from om3: already has voted for om2 at current term 5
dn5_1    | 2023-03-18 09:19:23,715 [pool-38-thread-1] INFO server.RaftServerConfigKeys: raft.server.log.segment.size.max = 1048576 (custom)
dn4_1    | 2023-03-18 09:19:21,466 [pool-38-thread-1] INFO server.RaftServerConfigKeys: raft.server.rpc.timeout.max = 5200ms (custom)
om3_1    | 2023-03-18 09:19:44,510 [om3@group-D66704EFC61C-FollowerState] INFO impl.FollowerState: om3@group-D66704EFC61C-FollowerState: change to CANDIDATE, lastRpcElapsedTime:5013808747ns, electionTimeout:5001ms
s3g_1    | 	at org.apache.hadoop.ipc.Server$RpcCall.run(Server.java:963)
om1_1    | java.lang.InterruptedException: sleep interrupted
scm_1    | 2023-03-18 09:19:30,616 [EventQueue-NodeRegistrationContainerReportForDataNodeSafeModeRule] WARN events.EventQueue: No event handler registered for event TypedEvent{payloadType=SafeModeStatus, name='Safe mode status'}
scm_1    | 2023-03-18 09:19:30,623 [EventQueue-NodeRegistrationContainerReportForDataNodeSafeModeRule] INFO ha.SCMContext: Update SafeModeStatus from SafeModeStatus{safeModeStatus=true, preCheckPassed=false} to SafeModeStatus{safeModeStatus=true, preCheckPassed=true}.
scm_1    | 2023-03-18 09:19:30,625 [EventQueue-NodeRegistrationContainerReportForDataNodeSafeModeRule] INFO pipeline.BackgroundPipelineCreator: trigger a one-shot run on RatisPipelineUtilsThread.
om2_1    | 2023-03-18 09:19:45,473 [grpc-default-executor-1] INFO server.RaftServer$Division: om2@group-D66704EFC61C replies to ELECTION vote request: om3<-om2#0:FAIL-t5. Peer's state: om2@group-D66704EFC61C:t5, leader=null, voted=om2, raftlog=om2@group-D66704EFC61C-SegmentedRaftLog:OPENED:c67, conf=21: [om1|rpc:om1:9872|admin:|client:|dataStream:|priority:0, om3|rpc:om3:9872|admin:|client:|dataStream:|priority:0, om2|rpc:om2:9872|admin:|client:|dataStream:|priority:0], old=null
dn5_1    | 2023-03-18 09:19:23,715 [pool-38-thread-1] INFO server.RaftServerConfigKeys: raft.server.log.segment.cache.num.max = 2 (custom)
dn4_1    | 2023-03-18 09:19:21,466 [pool-38-thread-1] INFO server.RaftServerConfigKeys: raft.server.rpc.sleep.time = 25ms (default)
om3_1    | 2023-03-18 09:19:44,512 [om3@group-D66704EFC61C-FollowerState] INFO impl.RoleInfo: om3: shutdown om3@group-D66704EFC61C-FollowerState
s3g_1    | 	at java.base/java.security.AccessController.doPrivileged(Native Method)
om1_1    | 	at java.base/java.lang.Thread.sleep(Native Method)
scm_1    | 2023-03-18 09:19:30,645 [EventQueue-PipelineReportForOneReplicaPipelineSafeModeRule] INFO safemode.SCMSafeModeManager: AtleastOneDatanodeReportedRule rule is successfully validated
dn3_1    | 2023-03-18 09:19:22,031 [pool-38-thread-1] INFO server.RaftServerConfigKeys: raft.server.log.segment.size.max = 1048576 (custom)
recon_1  | 	at org.apache.hadoop.ipc.Server$Call.sendResponse(Server.java:895)
recon_1  | 	at org.apache.hadoop.ipc.Server$RpcCall.run(Server.java:1052)
recon_1  | 	at org.apache.hadoop.ipc.Server$RpcCall.run(Server.java:963)
recon_1  | 	at java.base/java.security.AccessController.doPrivileged(Native Method)
om3_1    | 2023-03-18 09:19:44,512 [om3@group-D66704EFC61C-FollowerState] INFO server.RaftServer$Division: om3@group-D66704EFC61C: changes role from  FOLLOWER to CANDIDATE at term 4 for changeToCandidate
s3g_1    | 	at java.base/javax.security.auth.Subject.doAs(Subject.java:423)
om1_1    | 	at java.base/java.lang.Thread.sleep(Thread.java:334)
scm_1    | 2023-03-18 09:19:30,670 [Listener at 0.0.0.0/9860] INFO server.session: node0 Scavenging every 660000ms
dn3_1    | 2023-03-18 09:19:22,031 [pool-38-thread-1] INFO server.RaftServerConfigKeys: raft.server.log.preallocated.size = 16384 (custom)
dn3_1    | 2023-03-18 09:19:22,031 [pool-38-thread-1] INFO server.RaftServerConfigKeys: raft.server.log.force.sync.num = 128 (default)
dn4_1    | 2023-03-18 09:19:21,466 [pool-38-thread-1] INFO server.RaftServerConfigKeys: raft.server.rpc.slowness.timeout = 300s (custom)
om2_1    | 2023-03-18 09:19:45,493 [om2@group-D66704EFC61C-LeaderElection1] INFO impl.LeaderElection: om2@group-D66704EFC61C-LeaderElection1: ELECTION REJECTED received 2 response(s) and 0 exception(s):
dn5_1    | 2023-03-18 09:19:23,718 [pool-38-thread-1] INFO server.RaftServerConfigKeys: raft.server.log.segment.cache.size.max = 200MB (=209715200) (default)
om3_1    | 2023-03-18 09:19:44,515 [om3@group-D66704EFC61C-FollowerState] INFO server.RaftServerConfigKeys: raft.server.leaderelection.pre-vote = false (custom)
s3g_1    | 	at org.apache.hadoop.security.UserGroupInformation.doAs(UserGroupInformation.java:1878)
scm_1    | 2023-03-18 09:19:30,859 [Listener at 0.0.0.0/9860] INFO handler.ContextHandler: Started o.e.j.s.ServletContextHandler@61a2aeb7{logs,/logs,file:///var/log/hadoop/,AVAILABLE}
om1_1    | 	at java.base/java.util.concurrent.TimeUnit.sleep(TimeUnit.java:446)
dn3_1    | 2023-03-18 09:19:22,031 [pool-38-thread-1] INFO server.RaftServerConfigKeys: raft.server.log.statemachine.data.sync = true (default)
recon_1  | 	at java.base/javax.security.auth.Subject.doAs(Subject.java:423)
dn4_1    | 2023-03-18 09:19:21,466 [pool-38-thread-1] INFO server.RaftServerConfigKeys: raft.server.leaderelection.leader.step-down.wait-time = 10s (default)
dn4_1    | 2023-03-18 09:19:21,500 [pool-38-thread-1] INFO server.RaftServerConfigKeys: raft.server.sleep.deviation.threshold = 300ms (default)
dn5_1    | 2023-03-18 09:19:23,724 [pool-38-thread-1] INFO segmented.SegmentedRaftLogWorker: new 04b88c83-026f-4630-aada-108e37835bee@group-3212C22EDF58-SegmentedRaftLogWorker for RaftStorageImpl:Storage Directory /data/metadata/ratis/b5ca130e-c58f-4d3d-8bda-3212c22edf58
om3_1    | 2023-03-18 09:19:44,515 [om3@group-D66704EFC61C-FollowerState] INFO impl.RoleInfo: om3: start om3@group-D66704EFC61C-LeaderElection1
s3g_1    | 	at org.apache.hadoop.ipc.Server$Handler.run(Server.java:2966)
scm_1    | 2023-03-18 09:19:30,880 [Listener at 0.0.0.0/9860] INFO handler.ContextHandler: Started o.e.j.s.ServletContextHandler@da4cf09{static,/static,jar:file:/opt/hadoop/share/ozone/lib/hdds-server-scm-1.2.1.jar!/webapps/static,AVAILABLE}
om1_1    | 	at org.apache.ratis.util.TimeDuration.sleep(TimeDuration.java:324)
dn3_1    | 2023-03-18 09:19:22,031 [pool-38-thread-1] INFO server.RaftServerConfigKeys: raft.server.log.statemachine.data.sync.timeout = 10s (default)
recon_1  | 	at org.apache.hadoop.security.UserGroupInformation.doAs(UserGroupInformation.java:1878)
dn4_1    | 2023-03-18 09:19:21,500 [pool-38-thread-1] INFO server.RaftServerConfigKeys: raft.server.log.appender.install.snapshot.enabled = false (custom)
om2_1    | 2023-03-18 09:19:45,494 [om2@group-D66704EFC61C-LeaderElection1] INFO impl.LeaderElection:   Response 0: om2<-om1#0:FAIL-t5
dn5_1    | 2023-03-18 09:19:23,728 [pool-38-thread-1] INFO server.RaftServerConfigKeys: raft.server.log.queue.byte-limit = 2147483647 (custom)
om3_1    | 2023-03-18 09:19:44,560 [om3@group-D66704EFC61C-LeaderElection1] INFO impl.LeaderElection: om3@group-D66704EFC61C-LeaderElection1 ELECTION round 0: submit vote requests at term 5 for 21: [om1|rpc:om1:9872|admin:|client:|dataStream:|priority:0, om3|rpc:om3:9872|admin:|client:|dataStream:|priority:0, om2|rpc:om2:9872|admin:|client:|dataStream:|priority:0], old=null
s3g_1    | , while invoking $Proxy108.submitRequest over nodeId=om2,nodeAddress=om2:9862 after 1 failover attempts. Trying to failover immediately.
scm_1    | 2023-03-18 09:19:30,904 [IPC Server handler 7 on default port 9861] INFO net.NetworkTopologyImpl: Added a new node: /default-rack/04b88c83-026f-4630-aada-108e37835bee
om1_1    | 	at org.apache.ratis.util.TimeDuration.sleep(TimeDuration.java:309)
dn3_1    | 2023-03-18 09:19:22,032 [pool-38-thread-1] INFO server.RaftServerConfigKeys: raft.server.log.statemachine.data.sync.timeout.retry = -1 (default)
recon_1  | 	at org.apache.hadoop.ipc.Server$Handler.run(Server.java:2966)
dn4_1    | 2023-03-18 09:19:21,500 [pool-38-thread-1] INFO server.RaftServer$Division: 7c9e7a7d-2593-458c-8a46-0313d77c3278@group-8191D6D2324D: ConfigurationManager, init=-1: [], old=null, confs=<EMPTY_MAP>
om2_1    | 2023-03-18 09:19:45,494 [om2@group-D66704EFC61C-LeaderElection1] INFO impl.LeaderElection:   Response 1: om2<-om3#0:FAIL-t5
dn5_1    | 2023-03-18 09:19:23,728 [pool-38-thread-1] INFO server.RaftServerConfigKeys: raft.server.log.queue.element-limit = 1024 (custom)
om3_1    | 2023-03-18 09:19:45,437 [grpc-default-executor-0] INFO server.RaftServer$Division: om3@group-D66704EFC61C: receive requestVote(ELECTION, om1, group-D66704EFC61C, 5, (t:4, i:68))
s3g_1    | 2023-03-18 09:20:15,475 [qtp9797126-18] INFO retry.RetryInvocationHandler: com.google.protobuf.ServiceException: org.apache.hadoop.ipc.RemoteException(org.apache.hadoop.ozone.om.exceptions.OMNotLeaderException): OM:om2 is not the leader. Could not determine the leader node.
scm_1    | 2023-03-18 09:19:30,904 [IPC Server handler 7 on default port 9861] INFO node.SCMNodeManager: Registered Data node : 04b88c83-026f-4630-aada-108e37835bee{ip: 10.9.0.19, host: ha_dn5_1.ha_net, ports: [REPLICATION=9886, RATIS=9858, RATIS_ADMIN=9857, RATIS_SERVER=9856, STANDALONE=9859], networkLocation: /default-rack, certSerialId: null, persistedOpState: IN_SERVICE, persistedOpStateExpiryEpochSec: 0}
om1_1    | 	at org.apache.ratis.server.impl.FollowerState.run(FollowerState.java:118)
dn3_1    | 2023-03-18 09:19:22,032 [pool-38-thread-1] INFO server.RaftServerConfigKeys: raft.server.log.write.buffer.size = 1048576 (custom)
recon_1  | 2023-03-18 09:19:32,919 [IPC Server handler 2 on default port 9891] INFO ipc.Server: IPC Server handler 2 on default port 9891 caught an exception
dn4_1    | 2023-03-18 09:19:21,501 [pool-38-thread-1] INFO server.RaftServerConfigKeys: raft.server.storage.dir = [/data/metadata/ratis] (custom)
om2_1    | 2023-03-18 09:19:45,495 [om2@group-D66704EFC61C-LeaderElection1] INFO impl.LeaderElection: om2@group-D66704EFC61C-LeaderElection1 ELECTION round 0: result REJECTED
dn5_1    | 2023-03-18 09:19:23,730 [pool-38-thread-1] INFO server.RaftServerConfigKeys: raft.server.log.segment.size.max = 1048576 (custom)
om3_1    | 2023-03-18 09:19:45,441 [grpc-default-executor-0] INFO impl.VoteContext: om3@group-D66704EFC61C-CANDIDATE: reject ELECTION from om1: already has voted for om3 at current term 5
s3g_1    | 	at org.apache.hadoop.ozone.protocolPB.OzoneManagerProtocolServerSideTranslatorPB.createNotLeaderException(OzoneManagerProtocolServerSideTranslatorPB.java:187)
scm_1    | 2023-03-18 09:19:30,906 [EventQueue-NewNodeForNewNodeHandler] INFO pipeline.BackgroundPipelineCreator: trigger a one-shot run on RatisPipelineUtilsThread.
om1_1    | 2023-03-18 09:19:50,682 [grpc-default-executor-0] INFO impl.RoleInfo: om1: start om1@group-D66704EFC61C-FollowerState
dn3_1    | 2023-03-18 09:19:22,052 [pool-38-thread-1] INFO server.RaftServerConfigKeys: raft.server.log.statemachine.data.caching.enabled = true (custom)
recon_1  | java.nio.channels.ClosedChannelException
dn4_1    | 2023-03-18 09:19:21,501 [pool-38-thread-1] INFO server.RaftServerConfigKeys: raft.server.log.corruption.policy = EXCEPTION (default)
om2_1    | 2023-03-18 09:19:45,502 [om2@group-D66704EFC61C-LeaderElection1] INFO server.RaftServer$Division: om2@group-D66704EFC61C: changes role from CANDIDATE to FOLLOWER at term 5 for REJECTED
dn5_1    | 2023-03-18 09:19:23,731 [pool-38-thread-1] INFO server.RaftServerConfigKeys: raft.server.log.preallocated.size = 16384 (custom)
om3_1    | 2023-03-18 09:19:45,440 [grpc-default-executor-1] INFO server.RaftServer$Division: om3@group-D66704EFC61C: receive requestVote(ELECTION, om2, group-D66704EFC61C, 5, (t:4, i:68))
s3g_1    | 	at org.apache.hadoop.ozone.protocolPB.OzoneManagerProtocolServerSideTranslatorPB.createLeaderErrorException(OzoneManagerProtocolServerSideTranslatorPB.java:174)
scm_1    | 2023-03-18 09:19:30,945 [EventQueue-OpenPipelineForHealthyPipelineSafeModeRule] INFO safemode.SCMSafeModeManager: SCM in safe mode. Healthy pipelines reported count is 0, required healthy pipeline reported count is 1
om1_1    | 2023-03-18 09:19:50,684 [grpc-default-executor-0] INFO server.RaftServer$Division: om1@group-D66704EFC61C replies to ELECTION vote request: om3<-om1#0:OK-t7. Peer's state: om1@group-D66704EFC61C:t7, leader=null, voted=om3, raftlog=om1@group-D66704EFC61C-SegmentedRaftLog:OPENED:c67, conf=21: [om1|rpc:om1:9872|admin:|client:|dataStream:|priority:0, om3|rpc:om3:9872|admin:|client:|dataStream:|priority:0, om2|rpc:om2:9872|admin:|client:|dataStream:|priority:0], old=null
recon_1  | 	at java.base/sun.nio.ch.SocketChannelImpl.ensureOpenAndConnected(SocketChannelImpl.java:180)
dn4_1    | 2023-03-18 09:19:21,502 [pool-38-thread-1] INFO server.RaftServerConfigKeys: raft.server.storage.free-space.min = 0MB (=0) (default)
om2_1    | 2023-03-18 09:19:45,503 [om2@group-D66704EFC61C-LeaderElection1] INFO impl.RoleInfo: om2: shutdown om2@group-D66704EFC61C-LeaderElection1
dn5_1    | 2023-03-18 09:19:23,731 [pool-38-thread-1] INFO server.RaftServerConfigKeys: raft.server.log.force.sync.num = 128 (default)
om3_1    | 2023-03-18 09:19:45,463 [grpc-default-executor-0] INFO server.RaftServer$Division: om3@group-D66704EFC61C replies to ELECTION vote request: om1<-om3#0:FAIL-t5. Peer's state: om3@group-D66704EFC61C:t5, leader=null, voted=om3, raftlog=om3@group-D66704EFC61C-SegmentedRaftLog:OPENED:c67, conf=21: [om1|rpc:om1:9872|admin:|client:|dataStream:|priority:0, om3|rpc:om3:9872|admin:|client:|dataStream:|priority:0, om2|rpc:om2:9872|admin:|client:|dataStream:|priority:0], old=null
s3g_1    | 	at org.apache.hadoop.ozone.protocolPB.OzoneManagerProtocolServerSideTranslatorPB.submitReadRequestToOM(OzoneManagerProtocolServerSideTranslatorPB.java:167)
scm_1    | 2023-03-18 09:19:31,441 [IPC Server handler 0 on default port 9861] INFO net.NetworkTopologyImpl: Added a new node: /default-rack/7c9e7a7d-2593-458c-8a46-0313d77c3278
dn3_1    | 2023-03-18 09:19:22,055 [pool-38-thread-1] INFO server.RaftServer$Division: bae0cd8d-e50f-4d23-8974-b816860f8fc3@group-80313208139C: set configuration 0: [bae0cd8d-e50f-4d23-8974-b816860f8fc3|rpc:10.9.0.17:9856|admin:10.9.0.17:9857|client:10.9.0.17:9858|dataStream:|priority:1, 7c9e7a7d-2593-458c-8a46-0313d77c3278|rpc:10.9.0.18:9856|admin:10.9.0.18:9857|client:10.9.0.18:9858|dataStream:|priority:0, 04b88c83-026f-4630-aada-108e37835bee|rpc:10.9.0.19:9856|admin:10.9.0.19:9857|client:10.9.0.19:9858|dataStream:|priority:0], old=null
om1_1    | 2023-03-18 09:19:50,897 [grpc-default-executor-0] INFO server.RaftServer$Division: om1@group-D66704EFC61C: change Leader from null to om3 at term 7 for appendEntries, leader elected after 13648ms
recon_1  | 	at java.base/sun.nio.ch.SocketChannelImpl.write(SocketChannelImpl.java:452)
dn4_1    | 2023-03-18 09:19:21,505 [pool-38-thread-1] INFO storage.RaftStorageDirectory: Lock on /data/metadata/ratis/97be11a2-1597-458e-9379-8191d6d2324d/in_use.lock acquired by nodename 6@a62ec00f1d75
om2_1    | 2023-03-18 09:19:45,503 [om2@group-D66704EFC61C-LeaderElection1] INFO impl.RoleInfo: om2: start om2@group-D66704EFC61C-FollowerState
dn5_1    | 2023-03-18 09:19:23,731 [pool-38-thread-1] INFO server.RaftServerConfigKeys: raft.server.log.statemachine.data.sync = true (default)
om3_1    | 2023-03-18 09:19:45,463 [grpc-default-executor-1] INFO impl.VoteContext: om3@group-D66704EFC61C-CANDIDATE: reject ELECTION from om2: already has voted for om3 at current term 5
s3g_1    | 	at org.apache.hadoop.ozone.protocolPB.OzoneManagerProtocolServerSideTranslatorPB.processRequest(OzoneManagerProtocolServerSideTranslatorPB.java:133)
scm_1    | 2023-03-18 09:19:31,442 [IPC Server handler 0 on default port 9861] INFO node.SCMNodeManager: Registered Data node : 7c9e7a7d-2593-458c-8a46-0313d77c3278{ip: 10.9.0.18, host: ha_dn4_1.ha_net, ports: [REPLICATION=9886, RATIS=9858, RATIS_ADMIN=9857, RATIS_SERVER=9856, STANDALONE=9859], networkLocation: /default-rack, certSerialId: null, persistedOpState: IN_SERVICE, persistedOpStateExpiryEpochSec: 0}
dn3_1    | 2023-03-18 09:19:22,074 [pool-38-thread-1] INFO segmented.LogSegment: Successfully read 5 entries from segment file /data/metadata/ratis/e319c2ba-524b-42f7-8b03-80313208139c/current/log_0-4
om1_1    | 2023-03-18 09:19:50,957 [grpc-default-executor-0] INFO server.RaftServer$Division: om1@group-D66704EFC61C: set configuration 69: [om1|rpc:om1:9872|admin:|client:|dataStream:|priority:0, om3|rpc:om3:9872|admin:|client:|dataStream:|priority:0, om2|rpc:om2:9872|admin:|client:|dataStream:|priority:0], old=null
recon_1  | 	at org.apache.hadoop.ipc.Server.channelWrite(Server.java:3605)
dn4_1    | 2023-03-18 09:19:21,507 [pool-38-thread-1] INFO storage.RaftStorage: Read RaftStorageMetadata{term=2, votedFor=04b88c83-026f-4630-aada-108e37835bee} from /data/metadata/ratis/97be11a2-1597-458e-9379-8191d6d2324d/current/raft-meta
