2026-07-18 12:26:23,983 | INFO  | DNAudit | user=null | ip=null | op=READ_CONTAINER {"containerID":"3"} | ret=SUCCESS |  
2026-07-18 12:26:24,717 | INFO  | DNAudit | user=null | ip=null | op=READ_CONTAINER {"containerID":"3"} | ret=SUCCESS |  
2026-07-18 12:26:58,328 | INFO  | DNAudit | user=null | ip=null | op=READ_CONTAINER {"containerID":"3"} | ret=SUCCESS |  
2026-07-18 12:26:58,533 | INFO  | DNAudit | user=null | ip=null | op=READ_CONTAINER {"containerID":"3"} | ret=SUCCESS |  
2026-07-18 12:27:51,621 | INFO  | DNAudit | user=null | ip=null | op=CLOSE_CONTAINER {"containerID":"6"} | ret=SUCCESS |  
2026-07-18 12:27:52,170 | INFO  | DNAudit | user=null | ip=null | op=CLOSE_CONTAINER {"containerID":"3"} | ret=SUCCESS |  
2026-07-18 12:28:36,642 | INFO  | DNAudit | user=null | ip=null | op=READ_CONTAINER {"containerID":"3"} | ret=SUCCESS |  
2026-07-18 12:28:36,692 | INFO  | DNAudit | user=null | ip=null | op=READ_CONTAINER {"containerID":"3"} | ret=SUCCESS |  
2026-07-18 12:28:43,446 | INFO  | DNAudit | user=null | ip=null | op=READ_CONTAINER {"containerID":"3"} | ret=SUCCESS |  
2026-07-18 12:28:43,497 | INFO  | DNAudit | user=null | ip=null | op=READ_CONTAINER {"containerID":"3"} | ret=SUCCESS |  
2026-07-18 12:28:49,974 | INFO  | DNAudit | user=null | ip=null | op=READ_CONTAINER {"containerID":"3"} | ret=SUCCESS |  
2026-07-18 12:28:50,010 | INFO  | DNAudit | user=null | ip=null | op=READ_CONTAINER {"containerID":"3"} | ret=SUCCESS |  
2026-07-18 12:29:15,642 | INFO  | DNAudit | user=null | ip=null | op=READ_CONTAINER {"containerID":"8"} | ret=SUCCESS |  
2026-07-18 12:29:15,945 | ERROR | DNAudit | user=null | ip=null | op=GET_BLOCK {"blockData":"conID: 8 locID: 117883640217600108 bcsId: 0 replicaIndex: 2"} | ret=FAILURE | java.lang.Exception: Request is trying to write to node with uuid : 47c21964-a424-4553-9b22-42e496bccf87 but the current nodeId is: 93dacf94-8767-4fbc-bd5e-88d0d336169f .
	at org.apache.hadoop.ozone.container.common.impl.HddsDispatcher.dispatchRequest(HddsDispatcher.java:457)
	at org.apache.hadoop.ozone.container.common.impl.HddsDispatcher.lambda$dispatch$0(HddsDispatcher.java:197)
 
2026-07-18 12:29:15,969 | ERROR | DNAudit | user=null | ip=null | op=GET_BLOCK {"blockData":"conID: 8 locID: 117883640217600108 bcsId: 0 replicaIndex: 3"} | ret=FAILURE | java.lang.Exception: Request is trying to write to node with uuid : 122ad45f-175e-486b-bf6b-70fef3612a06 but the current nodeId is: 93dacf94-8767-4fbc-bd5e-88d0d336169f .
	at org.apache.hadoop.ozone.container.common.impl.HddsDispatcher.dispatchRequest(HddsDispatcher.java:457)
	at org.apache.hadoop.ozone.container.common.impl.HddsDispatcher.lambda$dispatch$0(HddsDispatcher.java:197)
 
2026-07-18 12:29:16,005 | ERROR | DNAudit | user=null | ip=null | op=GET_BLOCK {"blockData":"conID: 8 locID: 117883640217600108 bcsId: 0 replicaIndex: 4"} | ret=FAILURE | java.lang.Exception: Request is trying to write to node with uuid : bd16e727-b577-4bcf-a835-d0f2502d6833 but the current nodeId is: 93dacf94-8767-4fbc-bd5e-88d0d336169f .
	at org.apache.hadoop.ozone.container.common.impl.HddsDispatcher.dispatchRequest(HddsDispatcher.java:457)
	at org.apache.hadoop.ozone.container.common.impl.HddsDispatcher.lambda$dispatch$0(HddsDispatcher.java:197)
 
2026-07-18 12:29:16,048 | ERROR | DNAudit | user=null | ip=null | op=GET_BLOCK {"blockData":"conID: 8 locID: 117883640217600108 bcsId: 0 replicaIndex: 5"} | ret=FAILURE | java.lang.Exception: Request is trying to write to node with uuid : b41bc058-2163-41af-b9a1-6592609a8bd5 but the current nodeId is: 93dacf94-8767-4fbc-bd5e-88d0d336169f .
	at org.apache.hadoop.ozone.container.common.impl.HddsDispatcher.dispatchRequest(HddsDispatcher.java:457)
	at org.apache.hadoop.ozone.container.common.impl.HddsDispatcher.lambda$dispatch$0(HddsDispatcher.java:197)
 
2026-07-18 12:29:36,625 | INFO  | DNAudit | user=null | ip=null | op=READ_CONTAINER {"containerID":"8"} | ret=SUCCESS |  
2026-07-18 12:29:36,857 | ERROR | DNAudit | user=null | ip=null | op=GET_BLOCK {"blockData":"conID: 8 locID: 117883640217600109 bcsId: 0 replicaIndex: 2"} | ret=FAILURE | java.lang.Exception: Request is trying to write to node with uuid : 47c21964-a424-4553-9b22-42e496bccf87 but the current nodeId is: 93dacf94-8767-4fbc-bd5e-88d0d336169f .
	at org.apache.hadoop.ozone.container.common.impl.HddsDispatcher.dispatchRequest(HddsDispatcher.java:457)
	at org.apache.hadoop.ozone.container.common.impl.HddsDispatcher.lambda$dispatch$0(HddsDispatcher.java:197)
 
2026-07-18 12:29:36,874 | ERROR | DNAudit | user=null | ip=null | op=GET_BLOCK {"blockData":"conID: 8 locID: 117883640217600109 bcsId: 0 replicaIndex: 3"} | ret=FAILURE | java.lang.Exception: Request is trying to write to node with uuid : 122ad45f-175e-486b-bf6b-70fef3612a06 but the current nodeId is: 93dacf94-8767-4fbc-bd5e-88d0d336169f .
	at org.apache.hadoop.ozone.container.common.impl.HddsDispatcher.dispatchRequest(HddsDispatcher.java:457)
	at org.apache.hadoop.ozone.container.common.impl.HddsDispatcher.lambda$dispatch$0(HddsDispatcher.java:197)
 
2026-07-18 12:29:36,905 | ERROR | DNAudit | user=null | ip=null | op=GET_BLOCK {"blockData":"conID: 8 locID: 117883640217600109 bcsId: 0 replicaIndex: 4"} | ret=FAILURE | java.lang.Exception: Request is trying to write to node with uuid : bd16e727-b577-4bcf-a835-d0f2502d6833 but the current nodeId is: 93dacf94-8767-4fbc-bd5e-88d0d336169f .
	at org.apache.hadoop.ozone.container.common.impl.HddsDispatcher.dispatchRequest(HddsDispatcher.java:457)
	at org.apache.hadoop.ozone.container.common.impl.HddsDispatcher.lambda$dispatch$0(HddsDispatcher.java:197)
 
2026-07-18 12:29:36,962 | ERROR | DNAudit | user=null | ip=null | op=GET_BLOCK {"blockData":"conID: 8 locID: 117883640217600109 bcsId: 0 replicaIndex: 5"} | ret=FAILURE | java.lang.Exception: Request is trying to write to node with uuid : b41bc058-2163-41af-b9a1-6592609a8bd5 but the current nodeId is: 93dacf94-8767-4fbc-bd5e-88d0d336169f .
	at org.apache.hadoop.ozone.container.common.impl.HddsDispatcher.dispatchRequest(HddsDispatcher.java:457)
	at org.apache.hadoop.ozone.container.common.impl.HddsDispatcher.lambda$dispatch$0(HddsDispatcher.java:197)
 
2026-07-18 12:30:00,626 | INFO  | DNAudit | user=null | ip=null | op=READ_CONTAINER {"containerID":"8"} | ret=SUCCESS |  
2026-07-18 12:30:00,890 | ERROR | DNAudit | user=null | ip=null | op=GET_BLOCK {"blockData":"conID: 8 locID: 117883640217600110 bcsId: 0 replicaIndex: 2"} | ret=FAILURE | java.lang.Exception: Request is trying to write to node with uuid : 47c21964-a424-4553-9b22-42e496bccf87 but the current nodeId is: 93dacf94-8767-4fbc-bd5e-88d0d336169f .
	at org.apache.hadoop.ozone.container.common.impl.HddsDispatcher.dispatchRequest(HddsDispatcher.java:457)
	at org.apache.hadoop.ozone.container.common.impl.HddsDispatcher.lambda$dispatch$0(HddsDispatcher.java:197)
 
2026-07-18 12:30:00,908 | ERROR | DNAudit | user=null | ip=null | op=GET_BLOCK {"blockData":"conID: 8 locID: 117883640217600110 bcsId: 0 replicaIndex: 3"} | ret=FAILURE | java.lang.Exception: Request is trying to write to node with uuid : 122ad45f-175e-486b-bf6b-70fef3612a06 but the current nodeId is: 93dacf94-8767-4fbc-bd5e-88d0d336169f .
	at org.apache.hadoop.ozone.container.common.impl.HddsDispatcher.dispatchRequest(HddsDispatcher.java:457)
	at org.apache.hadoop.ozone.container.common.impl.HddsDispatcher.lambda$dispatch$0(HddsDispatcher.java:197)
 
2026-07-18 12:30:00,940 | ERROR | DNAudit | user=null | ip=null | op=GET_BLOCK {"blockData":"conID: 8 locID: 117883640217600110 bcsId: 0 replicaIndex: 4"} | ret=FAILURE | java.lang.Exception: Request is trying to write to node with uuid : bd16e727-b577-4bcf-a835-d0f2502d6833 but the current nodeId is: 93dacf94-8767-4fbc-bd5e-88d0d336169f .
	at org.apache.hadoop.ozone.container.common.impl.HddsDispatcher.dispatchRequest(HddsDispatcher.java:457)
	at org.apache.hadoop.ozone.container.common.impl.HddsDispatcher.lambda$dispatch$0(HddsDispatcher.java:197)
 
2026-07-18 12:30:00,975 | ERROR | DNAudit | user=null | ip=null | op=GET_BLOCK {"blockData":"conID: 8 locID: 117883640217600110 bcsId: 0 replicaIndex: 5"} | ret=FAILURE | java.lang.Exception: Request is trying to write to node with uuid : b41bc058-2163-41af-b9a1-6592609a8bd5 but the current nodeId is: 93dacf94-8767-4fbc-bd5e-88d0d336169f .
	at org.apache.hadoop.ozone.container.common.impl.HddsDispatcher.dispatchRequest(HddsDispatcher.java:457)
	at org.apache.hadoop.ozone.container.common.impl.HddsDispatcher.lambda$dispatch$0(HddsDispatcher.java:197)
 
2026-07-18 12:30:01,038 | INFO  | DNAudit | user=null | ip=null | op=READ_CONTAINER {"containerID":"8"} | ret=SUCCESS |  
2026-07-18 12:30:01,070 | ERROR | DNAudit | user=null | ip=null | op=GET_BLOCK {"blockData":"conID: 8 locID: 117883640217600111 bcsId: 0 replicaIndex: 2"} | ret=FAILURE | java.lang.Exception: Request is trying to write to node with uuid : 47c21964-a424-4553-9b22-42e496bccf87 but the current nodeId is: 93dacf94-8767-4fbc-bd5e-88d0d336169f .
	at org.apache.hadoop.ozone.container.common.impl.HddsDispatcher.dispatchRequest(HddsDispatcher.java:457)
	at org.apache.hadoop.ozone.container.common.impl.HddsDispatcher.lambda$dispatch$0(HddsDispatcher.java:197)
 
2026-07-18 12:30:01,088 | ERROR | DNAudit | user=null | ip=null | op=GET_BLOCK {"blockData":"conID: 8 locID: 117883640217600111 bcsId: 0 replicaIndex: 3"} | ret=FAILURE | java.lang.Exception: Request is trying to write to node with uuid : 122ad45f-175e-486b-bf6b-70fef3612a06 but the current nodeId is: 93dacf94-8767-4fbc-bd5e-88d0d336169f .
	at org.apache.hadoop.ozone.container.common.impl.HddsDispatcher.dispatchRequest(HddsDispatcher.java:457)
	at org.apache.hadoop.ozone.container.common.impl.HddsDispatcher.lambda$dispatch$0(HddsDispatcher.java:197)
 
2026-07-18 12:30:01,111 | ERROR | DNAudit | user=null | ip=null | op=GET_BLOCK {"blockData":"conID: 8 locID: 117883640217600111 bcsId: 0 replicaIndex: 4"} | ret=FAILURE | java.lang.Exception: Request is trying to write to node with uuid : bd16e727-b577-4bcf-a835-d0f2502d6833 but the current nodeId is: 93dacf94-8767-4fbc-bd5e-88d0d336169f .
	at org.apache.hadoop.ozone.container.common.impl.HddsDispatcher.dispatchRequest(HddsDispatcher.java:457)
	at org.apache.hadoop.ozone.container.common.impl.HddsDispatcher.lambda$dispatch$0(HddsDispatcher.java:197)
 
2026-07-18 12:30:01,151 | ERROR | DNAudit | user=null | ip=null | op=GET_BLOCK {"blockData":"conID: 8 locID: 117883640217600111 bcsId: 0 replicaIndex: 5"} | ret=FAILURE | java.lang.Exception: Request is trying to write to node with uuid : b41bc058-2163-41af-b9a1-6592609a8bd5 but the current nodeId is: 93dacf94-8767-4fbc-bd5e-88d0d336169f .
	at org.apache.hadoop.ozone.container.common.impl.HddsDispatcher.dispatchRequest(HddsDispatcher.java:457)
	at org.apache.hadoop.ozone.container.common.impl.HddsDispatcher.lambda$dispatch$0(HddsDispatcher.java:197)
 
2026-07-18 12:30:20,150 | INFO  | DNAudit | user=null | ip=null | op=READ_CONTAINER {"containerID":"8"} | ret=SUCCESS |  
2026-07-18 12:30:20,357 | ERROR | DNAudit | user=null | ip=null | op=GET_BLOCK {"blockData":"conID: 8 locID: 117883640217600112 bcsId: 0 replicaIndex: 2"} | ret=FAILURE | java.lang.Exception: Request is trying to write to node with uuid : 47c21964-a424-4553-9b22-42e496bccf87 but the current nodeId is: 93dacf94-8767-4fbc-bd5e-88d0d336169f .
	at org.apache.hadoop.ozone.container.common.impl.HddsDispatcher.dispatchRequest(HddsDispatcher.java:457)
	at org.apache.hadoop.ozone.container.common.impl.HddsDispatcher.lambda$dispatch$0(HddsDispatcher.java:197)
 
2026-07-18 12:30:20,371 | ERROR | DNAudit | user=null | ip=null | op=GET_BLOCK {"blockData":"conID: 8 locID: 117883640217600112 bcsId: 0 replicaIndex: 3"} | ret=FAILURE | java.lang.Exception: Request is trying to write to node with uuid : 122ad45f-175e-486b-bf6b-70fef3612a06 but the current nodeId is: 93dacf94-8767-4fbc-bd5e-88d0d336169f .
	at org.apache.hadoop.ozone.container.common.impl.HddsDispatcher.dispatchRequest(HddsDispatcher.java:457)
	at org.apache.hadoop.ozone.container.common.impl.HddsDispatcher.lambda$dispatch$0(HddsDispatcher.java:197)
 
2026-07-18 12:30:20,399 | ERROR | DNAudit | user=null | ip=null | op=GET_BLOCK {"blockData":"conID: 8 locID: 117883640217600112 bcsId: 0 replicaIndex: 4"} | ret=FAILURE | java.lang.Exception: Request is trying to write to node with uuid : bd16e727-b577-4bcf-a835-d0f2502d6833 but the current nodeId is: 93dacf94-8767-4fbc-bd5e-88d0d336169f .
	at org.apache.hadoop.ozone.container.common.impl.HddsDispatcher.dispatchRequest(HddsDispatcher.java:457)
	at org.apache.hadoop.ozone.container.common.impl.HddsDispatcher.lambda$dispatch$0(HddsDispatcher.java:197)
 
2026-07-18 12:30:20,443 | ERROR | DNAudit | user=null | ip=null | op=GET_BLOCK {"blockData":"conID: 8 locID: 117883640217600112 bcsId: 0 replicaIndex: 5"} | ret=FAILURE | java.lang.Exception: Request is trying to write to node with uuid : b41bc058-2163-41af-b9a1-6592609a8bd5 but the current nodeId is: 93dacf94-8767-4fbc-bd5e-88d0d336169f .
	at org.apache.hadoop.ozone.container.common.impl.HddsDispatcher.dispatchRequest(HddsDispatcher.java:457)
	at org.apache.hadoop.ozone.container.common.impl.HddsDispatcher.lambda$dispatch$0(HddsDispatcher.java:197)
 
