dn1_1    | 2023-06-12 10:15:52,201 [3c030830-a72e-4f6f-8f54-144518af6253@group-E4EF5B9B8C4A-FollowerState] INFO impl.RoleInfo: 3c030830-a72e-4f6f-8f54-144518af6253: shutdown 3c030830-a72e-4f6f-8f54-144518af6253@group-E4EF5B9B8C4A-FollowerState
dn1_1    | 2023-06-12 10:15:52,203 [3c030830-a72e-4f6f-8f54-144518af6253@group-E4EF5B9B8C4A-FollowerState] INFO server.RaftServer$Division: 3c030830-a72e-4f6f-8f54-144518af6253@group-E4EF5B9B8C4A: changes role from  FOLLOWER to CANDIDATE at term 2 for changeToCandidate
scm1_1   | 2023-06-12 10:15:12,541 [main] INFO net.NodeSchemaLoader: Loading network topology layer schema file
scm1_1   | 2023-06-12 10:15:13,871 [main] INFO metrics.MetricRegistries: Loaded MetricRegistries class org.apache.ratis.metrics.impl.MetricRegistriesImpl
scm2_1   | 2023-06-12 10:15:36,491 [main] INFO node.SCMNodeManager: Entering startup safe mode.
scm3_1   | 2023-06-12 10:15:43,556 [main] INFO ExpiredContainerReplicaOpScrubber: Starting ExpiredContainerReplicaOpScrubber Service.
recon_1  | 	at org.apache.hadoop.ipc.Server$RpcCall.run(Server.java:971)
dn3_1    | 	at java.base/java.io.BufferedInputStream.fill(BufferedInputStream.java:252)
dn3_1    | 	at java.base/java.io.BufferedInputStream.read(BufferedInputStream.java:271)
dn4_1    | 	at java.base/java.lang.Thread.run(Thread.java:829)
dn4_1    | Caused by: java.net.SocketTimeoutException: 5000 millis timeout while waiting for channel to be ready for read. ch : java.nio.channels.SocketChannel[connected local=/10.9.0.20:44600 remote=scm1/10.9.0.14:9861]
dn4_1    | 	at org.apache.hadoop.net.SocketIOWithTimeout.doIO(SocketIOWithTimeout.java:163)
dn4_1    | 	at org.apache.hadoop.net.SocketInputStream.read(SocketInputStream.java:161)
dn4_1    | 	at org.apache.hadoop.net.SocketInputStream.read(SocketInputStream.java:131)
dn4_1    | 	at java.base/java.io.FilterInputStream.read(FilterInputStream.java:133)
dn4_1    | 	at java.base/java.io.BufferedInputStream.fill(BufferedInputStream.java:252)
dn4_1    | 	at java.base/java.io.BufferedInputStream.read(BufferedInputStream.java:271)
dn4_1    | 	at java.base/java.io.FilterInputStream.read(FilterInputStream.java:83)
dn4_1    | 	at java.base/java.io.FilterInputStream.read(FilterInputStream.java:83)
dn4_1    | 	at org.apache.hadoop.ipc.Client$Connection$PingInputStream.read(Client.java:563)
scm1_1   | 2023-06-12 10:15:14,228 [main] INFO ha.SCMRatisServerImpl: starting Raft server for scm:9e54e886-87c9-472f-9b2f-e9a516e53bd2
dn5_1    | 2023-06-12 10:15:50,346 [EndpointStateMachine task thread for scm3/10.9.0.16:9861 - 0 ] INFO ipc.Client: Retrying connect to server: scm3/10.9.0.16:9861. Already tried 6 time(s); retry policy is RetryUpToMaximumCountWithFixedSleep(maxRetries=15, sleepTime=1000 MILLISECONDS)
dn1_1    | 2023-06-12 10:15:52,204 [3c030830-a72e-4f6f-8f54-144518af6253@group-E4EF5B9B8C4A-FollowerState] INFO server.RaftServerConfigKeys: raft.server.leaderelection.pre-vote = false (custom)
om3_1    | 2023-06-12 10:15:54,391 [pool-26-thread-1] INFO server.RaftServer$Division: om3@group-D66704EFC61C: ConfigurationManager, init=-1: peers:[om1|rpc:om1:9872|priority:0|startupRole:FOLLOWER, om3|rpc:om3:9872|priority:0|startupRole:FOLLOWER, om2|rpc:om2:9872|priority:0|startupRole:FOLLOWER]|listeners:[], old=null, confs=<EMPTY_MAP>
scm2_1   | 2023-06-12 10:15:36,505 [main] INFO algorithms.ContainerPlacementPolicyFactory: Create container placement policy of type org.apache.hadoop.hdds.scm.container.placement.algorithms.SCMContainerPlacementRandom
dn4_1    | 	at java.base/java.io.DataInputStream.readInt(DataInputStream.java:392)
om2_1    | 2023-06-12 10:15:55,861 [pool-26-thread-1] INFO server.RaftServerConfigKeys: raft.server.retrycache.statistics.expirytime = 100?s (default)
scm3_1   | 2023-06-12 10:15:43,591 [main] INFO ha.SCMServiceManager: Registering service ExpiredContainerReplicaOpScrubber.
dn3_1    | 	at java.base/java.io.FilterInputStream.read(FilterInputStream.java:83)
om1_1    | 2023-06-12 10:16:00,414 [om1-impl-thread1] INFO storage.RaftStorage: Read RaftStorageMetadata{term=3, votedFor=om2} from /data/metadata/ratis/5cb24680-b9e7-3c90-a862-d66704efc61c/current/raft-meta
scm1_1   | 2023-06-12 10:15:15,565 [main] INFO server.RaftServer: raft.rpc.type = GRPC (default)
recon_1  | 	at java.base/java.security.AccessController.doPrivileged(Native Method)
dn5_1    | 2023-06-12 10:15:51,472 [d7cb11b5-fdfc-4a25-a96f-ccccb7dedae3@group-EA217032BE5C-FollowerState] INFO impl.FollowerState: d7cb11b5-fdfc-4a25-a96f-ccccb7dedae3@group-EA217032BE5C-FollowerState: change to CANDIDATE, lastRpcElapsedTime:5151066616ns, electionTimeout:5107ms
dn1_1    | 2023-06-12 10:15:52,215 [3c030830-a72e-4f6f-8f54-144518af6253@group-E4EF5B9B8C4A-FollowerState] INFO impl.RoleInfo: 3c030830-a72e-4f6f-8f54-144518af6253: start 3c030830-a72e-4f6f-8f54-144518af6253@group-E4EF5B9B8C4A-LeaderElection3
om3_1    | 2023-06-12 10:15:54,456 [pool-26-thread-1] INFO server.RaftServerConfigKeys: raft.server.storage.dir = [/data/metadata/ratis] (custom)
scm2_1   | 2023-06-12 10:15:36,506 [main] INFO algorithms.ContainerPlacementPolicyFactory: Create container placement policy of type org.apache.hadoop.hdds.scm.container.placement.algorithms.SCMContainerPlacementRackScatter
dn4_1    | 	at org.apache.hadoop.ipc.Client$IpcStreams.readResponse(Client.java:1922)
om2_1    | 2023-06-12 10:15:56,788 [pool-26-thread-1] INFO server.RaftServerConfigKeys: raft.server.log.appender.install.snapshot.enabled = false (custom)
scm3_1   | 2023-06-12 10:15:43,912 [main] INFO algorithms.PipelineChoosePolicyFactory: Create pipeline choose policy of type org.apache.hadoop.hdds.scm.pipeline.choose.algorithms.RandomPipelineChoosePolicy
dn3_1    | 	at java.base/java.io.FilterInputStream.read(FilterInputStream.java:83)
om1_1    | 2023-06-12 10:16:00,560 [om1-impl-thread1] INFO server.RaftServer$Division: om1@group-D66704EFC61C: set configuration 25: peers:[om1|rpc:om1:9872|admin:|client:|dataStream:|priority:0|startupRole:FOLLOWER, om3|rpc:om3:9872|admin:|client:|dataStream:|priority:0|startupRole:FOLLOWER, om2|rpc:om2:9872|admin:|client:|dataStream:|priority:0|startupRole:FOLLOWER]|listeners:[], old=null
scm1_1   | 2023-06-12 10:15:16,963 [main] INFO grpc.GrpcConfigKeys: raft.grpc.admin.host = null (fallback to raft.grpc.server.host)
recon_1  | 	at java.base/javax.security.auth.Subject.doAs(Subject.java:423)
dn5_1    | 2023-06-12 10:15:51,473 [d7cb11b5-fdfc-4a25-a96f-ccccb7dedae3@group-EA217032BE5C-FollowerState] INFO impl.RoleInfo: d7cb11b5-fdfc-4a25-a96f-ccccb7dedae3: shutdown d7cb11b5-fdfc-4a25-a96f-ccccb7dedae3@group-EA217032BE5C-FollowerState
dn1_1    | 2023-06-12 10:15:52,385 [3c030830-a72e-4f6f-8f54-144518af6253@group-DD6E9427813E-LeaderElection2] INFO impl.LeaderElection: 3c030830-a72e-4f6f-8f54-144518af6253@group-DD6E9427813E-LeaderElection2 ELECTION round 0: submit vote requests at term 3 for 1: peers:[3c030830-a72e-4f6f-8f54-144518af6253|rpc:10.9.0.17:9856|admin:10.9.0.17:9857|client:10.9.0.17:9858|dataStream:|priority:1|startupRole:FOLLOWER]|listeners:[], old=null
om3_1    | 2023-06-12 10:15:54,520 [pool-26-thread-1] INFO server.RaftServerConfigKeys: raft.server.log.corruption.policy = EXCEPTION (default)
scm2_1   | 2023-06-12 10:15:36,594 [main] INFO algorithms.LeaderChoosePolicyFactory: Create leader choose policy of type org.apache.hadoop.hdds.scm.pipeline.leader.choose.algorithms.MinLeaderCountChoosePolicy
scm2_1   | 2023-06-12 10:15:36,596 [main] INFO algorithms.ContainerPlacementPolicyFactory: Create container placement policy of type org.apache.hadoop.hdds.scm.container.placement.algorithms.SCMContainerPlacementRackScatter
om2_1    | 2023-06-12 10:15:56,792 [pool-26-thread-1] INFO server.RaftServerConfigKeys: raft.server.threadpool.server.cached = true (default)
scm3_1   | 2023-06-12 10:15:44,077 [main] INFO ha.SCMServiceManager: Registering service SCMBlockDeletingService.
dn3_1    | 	at org.apache.hadoop.ipc.Client$Connection$PingInputStream.read(Client.java:563)
om1_1    | 2023-06-12 10:16:00,569 [om1-impl-thread1] INFO server.RaftServerConfigKeys: raft.server.log.use.memory = false (default)
scm1_1   | 2023-06-12 10:15:17,010 [main] INFO grpc.GrpcConfigKeys: raft.grpc.admin.port = 9894 (fallback to raft.grpc.server.port)
recon_1  | 	at org.apache.hadoop.security.UserGroupInformation.doAs(UserGroupInformation.java:1878)
dn5_1    | 2023-06-12 10:15:51,474 [d7cb11b5-fdfc-4a25-a96f-ccccb7dedae3@group-EA217032BE5C-FollowerState] INFO server.RaftServer$Division: d7cb11b5-fdfc-4a25-a96f-ccccb7dedae3@group-EA217032BE5C: changes role from  FOLLOWER to CANDIDATE at term 2 for changeToCandidate
dn1_1    | 2023-06-12 10:15:52,386 [3c030830-a72e-4f6f-8f54-144518af6253@group-DD6E9427813E-LeaderElection2] INFO impl.LeaderElection: 3c030830-a72e-4f6f-8f54-144518af625