dn4_1    | 	at org.apache.hadoop.ipc.Client.call(Client.java:1558)
om1_1    | 2023-06-12 10:15:50,119 [main] INFO om.OzoneManager: S3 Multi-Tenancy is disabled
om1_1    | 2023-06-12 10:15:50,189 [main] WARN om.OzoneManager: Prepare marker file index 70 does not match DB prepare index 69. Writing DB index to prepare file and maintaining prepared state.
om1_1    | 2023-06-12 10:15:50,201 [main] INFO om.OzoneManagerPrepareState: Prepare marker file written with log index 69 to file /data/metadata/current/prepareMarker
dn1_1    | 2023-06-12 10:15:46,915 [3c030830-a72e-4f6f-8f54-144518af6253-impl-thread2] INFO impl.RoleInfo: 3c030830-a72e-4f6f-8f54-144518af6253: start 3c030830-a72e-4f6f-8f54-144518af6253@group-E4EF5B9B8C4A-FollowerState
dn3_1    | 	at org.apache.hadoop.ipc.Client$Connection.receiveRpcResponse(Client.java:1238)
dn3_1    | 	at org.apache.hadoop.ipc.Client$Connection.run(Client.java:1134)
dn3_1    | 2023-06-12 10:15:35,218 [EndpointStateMachine task thread for scm3/10.9.0.16:9861 - 0 ] INFO ipc.Client: Retrying connect to server: scm3/10.9.0.16:9861. Already tried 5 time(s); retry policy is RetryUpToMaximumCountWithFixedSleep(maxRetries=15, sleepTime=1000 MILLISECONDS)
dn3_1    | 2023-06-12 10:15:35,220 [EndpointStateMachine task thread for scm2/10.9.0.15:9861 - 0 ] INFO ipc.Client: Retrying connect to server: scm2/10.9.0.15:9861. Already tried 5 time(s); retry policy is RetryUpToMaximumCountWithFixedSleep(maxRetries=15, sleepTime=1000 MILLISECONDS)
recon_1  | 2023-06-12 10:15:27,596 [main] INFO algorithms.ContainerPlacementPolicyFactory: Create container placement policy of type org.apache.hadoop.hdds.scm.container.placement.algorithms.SCMContainerPlacementRandom
dn4_1    | 	at org.apache.hadoop.ipc.Client.call(Client.java:1455)
dn4_1    | 	at org.apache.hadoop.ipc.ProtobufRpcEngine$Invoker.invoke(ProtobufRpcEngine.java:235)
dn2_1    | 2023-06-12 10:15:47,531 [EndpointStateMachine task thread for scm3/10.9.0.16:9861 - 0 ] INFO ipc.Client: Retrying connect to server: scm3/10.9.0.16:9861. Already tried 1 time(s); retry policy is RetryUpToMaximumCountWithFixedSleep(maxRetries=15, sleepTime=1000 MILLISECONDS)
dn2_1    | 2023-06-12 10:15:48,532 [EndpointStateMachine task thread for scm3/10.9.0.16:9861 - 0 ] INFO ipc.Client: Retrying connect to server: scm3/10.9.0.16:9861. Already tried 2 time(s); retry policy is RetryUpToMaximumCountWithFixedSleep(maxRetries=15, sleepTime=1000 MILLISECONDS)
dn2_1    | 2023-06-12 10:15:49,533 [EndpointStateMachine task thread for scm3/10.9.0.16:9861 - 0 ] INFO ipc.Client: Retrying connect to server: scm3/10.9.0.16:9861. Already tried 3 time(s); retry policy is RetryUpToMaximumCountWithFixedSleep(maxRetries=15, sleepTime=1000 MILLISECONDS)
dn1_1    | 2023-06-12 10:15:46,919 [3c030830-a72e-4f6f-8f54-144518af6253@group-4675AE3D33CA-FollowerState] INFO server.RaftServerConfigKeys: raft.server.rpc.first-election.timeout.min = 5s (fallback to raft.server.rpc.timeout.min)
dn3_1    | 2023-06-12 10:15:36,219 [EndpointStateMachine task thread for scm3/10.9.0.16:9861 - 0 ] INFO ipc.Client: Retrying connect to server: scm3/10.9.0.16:9861. Already tried 6 time(s); retry policy is RetryUpToMaximumCountWithFixedSleep(maxRetries=15, sleepTime=1000 MILLISECONDS)
dn5_1    | 	at java.base/java.util.concurrent.ThreadPoolExecutor$Worker.run(ThreadPoolExecutor.java:628)
dn5_1    | 	... 1 more
dn5_1    | 2023-06-12 10:15:44,155 [EndpointStateMachine task thread for scm1/10.9.0.14:9861 - 0 ] INFO ratis.XceiverServerRatis: Starting XceiverServerRatis d7cb11b5-fdfc-4a25-a96f-ccccb7dedae3
recon_1  | 2023-06-12 10:15:27,722 [main] INFO audit.AuditLogger: Refresh DebugCmdSet for SCMAudit to [].
dn4_1    | 	at org.apache.hadoop.ipc.ProtobufRpcEngine$Invoker.invoke(ProtobufRpcEngine.java:122)
dn4_1    | 	at com.sun.proxy.$Proxy39.submitRequest(Unknown Source)
dn2_1    | 2023-06-12 10:15:50,533 [EndpointStateMachine task thread for scm3/10.9.0.16:9861 - 0 ] INFO ipc.Client: Retrying connect to server: scm3/10.9.0.16:9861. Already tried 4 time(s); retry policy is RetryUpToMaximumCountWithFixedSleep(maxRetries=15, sleepTime=1000 MILLISECONDS)
dn2_1    | 2023-06-12 10:15:52,131 [4e75acb7-ab47-4e4e-b8a9-bad2ecf80c29@group-6EC5452C34DB-FollowerState] INFO impl.FollowerState: 4e75acb7-ab47-4e4e-b8a9-bad2ecf80c29@group-6EC5452C34DB-FollowerState: change to CANDIDATE, lastRpcElapsedTime:5223584938ns, electionTimeout:5179ms
dn2_1    | 2023-06-12 10:15:52,132 [4e75acb7-ab47-4e4e-b8a9-bad2ecf80c29@group-6EC5452C34DB-FollowerState] INFO impl.RoleInfo: 4e75acb7-ab47-4e4e-b8a9-bad2ecf80c29: shutdown 4e75acb7-ab47-4e4e-b8a9-bad2ecf80c29@group-6EC5452C34DB-FollowerState
dn2_1    | 2023-06-12 10:15:52,143 [4e75acb7-ab47-4e4e-b8a9-bad2ecf80c29@group-6EC5452C34DB-FollowerState] INFO server.RaftServer$Division: 4e75acb7-ab47-4e4e-b8a9-bad2ecf80c29@group-6EC5452C34DB: changes role from  FOLLOWER to CANDIDATE at term 2 for changeToCandidate
dn2_1    | 2023-06-12 10:15:52,149 [4e75acb7-ab47-4e4e-b8a9-bad2ecf80c29@group-6EC5452C34DB-FollowerState] INFO server.RaftServerConfigKeys: raft.server.leaderelection.pre-vote = false (custom)
dn2_1    | 2023-06-12 10:15:52,164 [4e75acb7-ab47-4e4e-b8a9-bad2ecf80c29@group-6EC5452C34DB-FollowerState] INFO impl.RoleInfo: 4e75acb7-ab47-4e4e-b8a9-bad2ecf80c29: start 4e75acb7-ab47-4e4e-b8a9-bad2ecf80c29@group-6EC5452C34DB-LeaderElection1
dn2_1    | 2023-06-12 10:15:52,289 [4e75acb7-ab47-4e4e-b8a9-bad2ecf80c29@group-6EC5452C34DB-LeaderElection1] INFO impl.LeaderElection: 4e75acb7-ab47-4e4e-b8a9-bad2ecf80c29@group-6EC5452C34DB-LeaderElection1 ELECTION round 0: submit vote requests at term 3 for 1: peers:[4e75acb7-ab47-4e4e-b8a9-bad2ecf80c29|rpc:10.9.0.18:9856|admin:10.9.0.18:9857|client:10.9.0.18:9858|dataStream:|priority:1|startupRole:FOLLOWER]|listeners:[], old=null
dn2_1    | 2023-06-12 10:15:52,296 [4e75acb7-ab47-4e4e-b8a9-bad2ecf80c29@group-6EC5452C34DB-LeaderElection1] INFO impl.LeaderElection: 4e75acb7-ab47-4e4e-b8a9-bad2ecf80c29@group-6EC5452C34DB-LeaderElection1 ELECTION round 0: result PASSED (term=3)
dn2_1    | 2023-06-12 10:15:52,317 [4e75acb7-ab47-4e4e-b8a9-bad2ecf80c29@group-6EC5452C34DB-LeaderElection1] INFO impl.RoleInfo: 4e75acb7-ab47-4e4e-b8a9-bad2ecf80c29: shutdown 4e75acb7-ab47-4e4e-b8a9-bad2ecf80c29@group-6EC5452C34DB-LeaderElection1
dn2_1    | 2023-06-12 10:15:52,317 [4e75acb7-ab47-4e4e-b8a9-bad2ecf80c29@group-6EC5452C34DB-LeaderElection1] INFO server.RaftServer$Division: 4e75acb7-ab47-4e4e-b8a9-bad2ecf80c29@group-6EC5452C34DB: changes role from CANDIDATE to LEADER at term 3 for changeToLeader
dn2_1    | 2023-06-12 10:15:52,317 [4e75acb7-ab47-4e4e-b8a9-bad2ecf80c29@group-6EC5452C34DB-LeaderElection1] INFO ratis.XceiverServerRatis: Leader change notification received for group: group-6EC5452C34DB with new leaderId: 4e75acb7-ab47-4e4e-b8a9-bad2ecf80c29
dn2_1    | 2023-06-12 10:15:52,342 [4e75acb7-ab47-4e4e-b8a9-bad2ecf80c29@group-6EC5452C34DB-LeaderElection1] INFO server.RaftServer$Division: 4e75acb7-ab47-4e4e-b8a9-bad2ecf80c29@group-6EC5452C34DB: change Leader from null to 4e75acb7-ab47-4e4e-b8a9-bad2ecf80c29 at term 3 for becomeLeader, leader elected after 30617ms
dn2_1    | 2023-06-12 10:15:52,501 [4e75acb7-ab47-4e4e-b8a9-bad2ecf80c29@group-6EC5452C34DB-LeaderElection1] INFO server.RaftServerConfigKeys: raft.server.staging.catchup.gap = 1000 (default)
dn2_1    | 2023-06-12 10:15:52,532 [4e75acb7-ab47-4e4e-b8a9-bad2ecf80c29@group-6EC5452C34DB-LeaderElection1] INFO server.RaftServerConfigKeys: raft.server.write.element-limit = 1024 (custom)
dn2_1    | 2023-06-12 10:15:52,549 [4e75acb7-ab47-4e4e-b8a9-bad2ecf80c29@group-6EC5452C34DB-LeaderElection1] INFO server.RaftServerConfigKeys: raft.server.write.byte-limit = 1024 M (=1073741824) (custom)
dn5_1    | 2023-06-12 10:15:44,314 [EndpointStateMachine task thread for scm3/10.9.0.16:9861 - 0 ] INFO ipc.Client: Retrying connect to server: scm3/10.9.0.16:9861. Already tried 0 time(s); retry policy is RetryUpToMaximumCountWithFixedSleep(maxRetries=15, sleepTime=1000 MILLISECONDS)
dn5_1    | 2023-06-12 10:15:44,328 [d7cb11b5-fdfc-4a25-a96f-ccccb7dedae3-impl-thread1] INFO storage.RaftStorageDirectory: Lock on /data/metadata/ratis/f8f43c49-46f2-454a-ba47-ea217032be5c/in_use.lock acquired by nodename 7@441b55d9b959
dn5_1    | 2023-06-12 10:15:44,351 [d7cb11b5-fdfc-4a25-a96f-ccccb7dedae3-impl-thread1] INFO storage.RaftStorage: Read RaftStorageMetadata{term=2, votedFor=d7cb11b5-fdfc-4a25-a96f-ccccb7dedae3} from /data/metadata/ratis/f8f43c49-46f2-454a-ba47-ea217032be5c/current/raft-meta
dn5_1    | 2023-06-12 10:15:44,535 [d7cb11b5-fdfc-4a25-a96f-ccccb7dedae3-impl-thread1] INFO server.RaftServer$Division: d7cb11b5-fdfc-4a25-a96f-ccccb7dedae3@group-EA217032BE5C: set configuration 1: peers:[d7cb11b5-fdfc-4a25-a96f-ccccb7dedae3|rpc:10.9.0.21:9856|admin:10.9.0.21:9857|client:10.9.0.21:9858|dataStream:|priority:1|startupRole:FOLLOWER]|listeners:[], old=null
om3_1    | 	at org.apache.hadoop.hdds.scm.protocol.ScmBlockLocationProtocolServerSideTranslatorPB.send(ScmBlockLocationProtocolServerSideTranslatorPB.java:109)
om3_1    | 	at org.apache.hadoop.hdds.protocol.proto.ScmBlockLocationProtocolProtos$ScmBlockLocationProtocolService$2.callBlockingMethod(ScmBlockLocationProtocolProtos.java:14202)
om3_1    | 	at org.apache.hadoop.ipc.ProtobufRpcEngine$Server.processCall(ProtobufRpcEngine.java:465)
om3_1    | 	at org.apache.hadoop.ipc.ProtobufRpcEngine2$Server$ProtoBufRpcInvoker.call(ProtobufRpcEngine2.java:578)
om3_1    | 	at org.apache.hadoop.ipc.ProtobufRpcEngine2$Server$ProtoBufRpcInvoker.call(ProtobufRpcEngine2.java:556)
om3_1    | 	at org.apache.hadoop.ipc.RPC$Server.call(RPC.java:1093)
om3_1    | 	at org.apache.hadoop.ipc.Server$RpcCall.run(Server.java:1043)
om3_1    | 	at org.apache.hadoop.ipc.Server$RpcCall.run(Server.java:971)
dn5_1    | 2023-06-12 10:15:44,652 [d7cb11b5-fdfc-4a25-a96f-ccccb7dedae3-impl-thread1] INFO ratis.ContainerStateMachine: group-EA217032BE5C: Setting the last applied index to (t:2, i:2)
dn5_1    | 2023-06-12 10:15:45,204 [d7cb11b5-fdfc-4a25-a96f-ccccb7dedae3-impl-thread1] INFO server.RaftServerConfigKeys: raft.server.log.use.memory = false (default)
dn5_1    | 2023-06-12 10:15:45,307 [d7cb11b5-fdfc-4a25-a96f-ccccb7dedae3-impl-thread1] INFO server.RaftServerConfigKeys: raft.server.log.purge.gap = 1000000 (custom)
dn5_1    | 2023-06-12 10:15:45,309 [d7cb11b5-fdfc-4a25-a96f-ccccb7dedae3-impl-thread1] INFO server.RaftServerConfigKeys: raft.server.log.appender.buffer.byte-limit = 33554432 (custom)
dn5_1    | 2023-06-12 10:15:45,325 [d7cb11b5-fdfc-4a25-a96f-ccccb7dedae3-impl-thread1] INFO server.RaftServerConfigKeys: raft.server.log.statemachine.data.read.timeout = 1000ms (default)
dn5_1    | 2023-06-12 10:15:45,325 [EndpointStateMachine task thread for scm3/10.9.0.16:9861 - 0 ] INFO ipc.Client: Retrying connect to server: scm3/10.9.0.16:9861. Already tried 1 time(s); retry policy is RetryUpToMaximumCountWithFixedSleep(maxRetries=15, sleepTime=1000 MILLISECONDS)
dn5_1    | 2023-06-12 10:15:45,344 [d7cb11b5-fdfc-4a25-a96f-ccccb7dedae3-impl-thread1] INFO server.RaftServerConfigKeys: raft.server.log.purge.preservation.log.num = 0 (default)
dn5_1    | 2023-06-12 10:15:45,376 [d7cb11b5-fdfc-4a25-a96f-ccccb7dedae3-impl-thread1] INFO server.RaftServerConfigKeys: raft.server.log.segment.size.max = 1048576 (custom)
scm3_1   | 2023-06-12 10:15:41,831 [main] INFO grpc.GrpcConfigKeys: raft.grpc.server.async.request.thread.pool.size = 32 (default)
scm3_1   | 2023-06-12 10:15:42,054 [main] INFO impl.DataStreamServerImpl: raft.datastream.type = DISABLED (default)
scm3_1   | 2023-06-12 10:15:42,056 [main] INFO server.RaftServerConfigKeys: raft.server.threadpool.proxy.cached = true (default)
scm3_1   | 2023-06-12 10:15:42,056 [main] INFO server.RaftServerConfigKeys: raft.server.threadpool.proxy.size = 0 (default)
scm3_1   | 2023-06-12 10:15:42,057 [main] INFO server.RaftServerConfigKeys: raft.server.rpc.slowness.timeout = 120000ms (custom)
scm3_1   | 2023-06-12 10:15:42,057 [main] INFO server.RaftServerConfigKeys: raft.server.leaderelection.leader.step-down.wait-time = 10s (default)
scm3_1   | 2023-06-12 10:15:42,060 [main] INFO server.RaftServerConfigKeys: raft.server.storage.dir = [/data/metadata/scm-ha] (custom)
scm3_1   | 2023-06-12 10:15:42,065 [c790b820-4c4f-44e6-aba9-08b18fc50228-impl-thread1] INFO server.RaftServer: c790b820-4c4f-44e6-aba9-08b18fc50228: found a subdirectory /data/metadata/scm-ha/53a3d7a4-8139-4d99-87ad-fbbf2ab68244
scm3_1   | 2023-06-12 10:15:42,073 [main] INFO server.RaftServer: c790b820-4c4f-44e6-aba9-08b18fc50228: addNew group-FBBF2AB68244:[] returns group-FBBF2AB68244:java.util.concurrent.CompletableFuture@47d7bfb3[Not completed]
scm2_1   | 2023-06-12 10:15:35,654 [main] INFO grpc.GrpcConfigKeys: raft.grpc.client.port = 9894 (fallback to raft.grpc.server.port)
om3_1    | 	at java.base/java.security.AccessController.doPrivileged(Native Method)
om3_1    | 	at java.base/javax.security.auth.Subject.doAs(Subject.java:423)
om3_1    | 	at org.apache.hadoop.security.UserGroupInformation.doAs(UserGroupInformation.java:1878)
om3_1    | 	at org.apache.hadoop.ipc.Server$Handler.run(Server.java:2976)
om3_1    | , while invoking $Proxy33.send over nodeId=scm2,nodeAddress=scm2/10.9.0.15:9863 after 13 failover attempts. Trying to failover after sleeping for 2000ms.
om3_1    | 2023-06-12 10:15:41,574 [main] INFO retry.RetryInvocationHandler: com.google.protobuf.ServiceException: java.net.ConnectException: Call From 6c15770a2510/10.9.0.13 to scm3:9863 failed on connection exception: java.net.ConnectException: Connection refused; For more details see:  http://wiki.apache.org/hadoop/ConnectionRefused, while invoking $Proxy33.send over nodeId=scm3,nodeAddress=scm3/10.9.0.16:9863 after 14 failover attempts. Trying to failover after sleeping for 2000ms.
scm3_1   | 2023-06-12 10:15:42,109 [pool-16-thread-1] INFO ha.SCMStateMachine: Updated lastAppliedTermIndex 3#60 with transactionInfo term andIndex
scm3_1   | 2023-06-12 10:15:42,112 [pool-16-thread-1] INFO server.RaftServer$Division: c790b820-4c4f-44e6-aba9-08b18fc50228: new RaftServerImpl for group-FBBF2AB68244:[] with SCMStateMachine:uninitialized
scm2_1   | 2023-06-12 10:15:35,655 [main] INFO grpc.GrpcConfigKeys: raft.grpc.server.host = null (default)
om3_1    | 2023-06-12 10:15:47,782 [main] WARN server.ServerUtils: ozone.om.db.dirs is not configured. We recommend adding this setting. Falling back to ozone.metadata.dirs instead.
om3_1    | 2023-06-12 10:15:48,853 [main] INFO codec.OmKeyInfoCodec: OmKeyInfoCodec ignorePipeline = true
om3_1    | 2023-06-12 10:15:48,859 [main] INFO codec.RepeatedOmKeyInfoCodec: RepeatedOmKeyInfoCodec ignorePipeline = true
om3_1    | 2023-06-12 10:15:49,952 [main] INFO om.OzoneManager: S3 Multi-Tenancy is disabled
om3_1    | 2023-06-12 10:15:50,096 [main] WARN om.OzoneManager: Prepare marker file index 70 does not match DB prepare index 69. Writing DB index to prepare file and maintaining prepared state.
om3_1    | 2023-06-12 10:15:50,097 [main] INFO om.OzoneManagerPrepareState: Prepare marker file written with log index 69 to file /data/metadata/current/prepareMarker
om1_1    | 2023-06-12 10:15:50,425 [main] WARN server.ServerUtils: Storage directory for Ratis is not configured. It is a good idea to map this to an SSD disk. Falling back to ozone.metadata.dirs
scm1_1   | STARTUP_MSG: Starting StorageContainerManager
scm3_1   | 2023-06-12 10:15:42,116 [pool-16-thread-1] INFO server.RaftServerConfigKeys: raft.server.rpc.timeout.min = 5000ms (custom)
om2_1    | 2023-06-12 10:15:50,221 [main] INFO om.OzoneManagerPrepareState: Prepare marker file written with log index 69 to file /data/metadata/current/prepareMarker
om2_1    | 2023-06-12 10:15:50,334 [main] WARN server.ServerUtils: Storage directory for Ratis is not configured. It is a good idea to map this to an SSD disk. Falling back to ozone.metadata.dirs
dn5_1    | 2023-06-12 10:15:45,410 [d7cb11b5-fdfc-4a25-a96f-ccccb7dedae3-impl-thread1] INFO server.RaftServerConfigKeys: raft.server.log.segment.cache.num.max = 2 (custom)
dn5_1    | 2023-06-12 10:15:45,411 [d7cb11b5-fdfc-4a25-a96f-ccccb7dedae3-impl-thread1] INFO server.RaftServerConfigKeys: raft.server.log.segment.cache.size.max = 200MB (=209715200) (default)
dn5_1    | 2023-06-12 10:15:45,430 [d7cb11b5-fdfc-4a25-a96f-ccccb7dedae3-impl-thread1] INFO segmented.SegmentedRaftLogWorker: new d7cb11b5-fdfc-4a25-a96f-ccccb7dedae3@group-EA217032BE5C-SegmentedRaftLogWorker for RaftStorageImpl:Storage Directory /data/metadata/ratis/f8f43c49-46f2-454a-ba47-ea217032be5c
dn5_1    | 2023-06-12 10:15:45,444 [d7cb11b5-fdfc-4a25-a96f-ccccb7dedae3-impl-thread1] INFO server.RaftServerConfigKeys: raft.server.log.queue.byte-limit = 4294967296 (custom)
om1_1    | 2023-06-12 10:15:50,458 [main] WARN utils.OzoneManagerRatisUtils: ozone.om.ratis.snapshot.dir is not configured. Falling back to ozone.metadata.dirs config
om3_1    | 2023-06-12 10:15:50,231 [main] WARN server.ServerUtils: Storage directory for Ratis is not configured. It is a good idea to map this to an SSD disk. Falling back to ozone.metadata.dirs
om3_1    | 2023-06-12 10:15:50,245 [main] WARN utils.OzoneManagerRatisUtils: ozone.om.ratis.snapshot.dir is not configured. Falling back to ozone.metadata.dirs config
scm3_1   | 2023-06-12 10:15:42,117 [pool-16-thread-1] INFO server.RaftServerConfigKeys: raft.server.rpc.timeout.max = 5200ms (custom)
om2_1    | 2023-06-12 10:15:50,335 [main] WARN utils.OzoneManagerRatisUtils: ozone.om.ratis.snapshot.dir is not configured. Falling back to ozone.metadata.dirs config
om2_1    | 2023-06-12 10:15:50,455 [main] INFO snapshot.OzoneManagerSnapshotProvider: Initializing OM Snapshot Provider
dn5_1    | 2023-06-12 10:15:45,451 [d7cb11b5-fdfc-4a25-a96f-ccccb7dedae3-impl-thread1] INFO server.RaftServerConfigKeys: raft.server.log.queue.element-limit = 1024 (custom)
dn5_1    | 2023-06-12 10:15:45,457 [d7cb11b5-fdfc-4a25-a96f-ccccb7dedae3-impl-thread1] INFO server.RaftServerConfigKeys: raft.server.log.segment.size.max = 1048576 (custom)
dn5_1    | 2023-06-12 10:15:45,459 [d7cb11b5-fdfc-4a25-a96f-ccccb7dedae3-impl-thread1] INFO server.RaftServerConfigKeys: raft.server.log.preallocated.size = 16384 (custom)
dn5_1    | 2023-06-12 10:15:45,459 [d7cb11b5-fdfc-4a25-a96f-ccccb7dedae3-impl-thread1] INFO server.RaftServerConfigKeys: raft.server.log.force.sync.num = 128 (default)
om1_1    | 2023-06-12 10:15:50,537 [main] INFO snapshot.OzoneManagerSnapshotProvider: Initializing OM Snapshot Provider
om3_1    | 2023-06-12 10:15:50,298 [main] INFO snapshot.OzoneManagerSnapshotProvider: Initializing OM Snapshot Provider
om3_1    | 2023-06-12 10:15:51,026 [main] INFO metrics.MetricRegistries: Loaded MetricRegistries class org.apache.ratis.metrics.impl.MetricRegistriesImpl
scm3_1   | 2023-06-12 10:15:42,117 [pool-16-thread-1] INFO server.RaftServerConfigKeys: raft.server.rpc.sleep.time = 25ms (default)
om2_1    | 2023-06-12 10:15:51,318 [Finalizer] WARN managed.ManagedRocksObjectUtils: ManagedColumnFamilyOptions is not closed properly
om2_1    | 2023-06-12 10:15:51,322 [Finalizer] WARN managed.ManagedRocksObjectUtils: ManagedColumnFamilyOptions is not closed properly
dn5_1    | 2023-06-12 10:15:45,460 [d7cb11b5-fdfc-4a25-a96f-ccccb7dedae3-impl-thread1] INFO server.RaftServerConfigKeys: raft.server.log.statemachine.data.sync = true (default)
dn5_1    | 2023-06-12 10:15:45,461 [d7cb11b5-fdfc-4a25-a96f-ccccb7dedae3-impl-thread1] INFO server.RaftServerConfigKeys: raft.server.log.statemachine.data.sync.timeout = 10s (default)
dn5_1    | 2023-06-12 10:15:45,470 [d7cb11b5-fdfc-4a25-a96f-ccccb7dedae3-impl-thread1] INFO server.RaftServerConfigKeys: raft.server.log.statemachine.data.sync.timeout.retry = -1 (default)
dn5_1    | 2023-06-12 10:15:45,568 [d7cb11b5-fdfc-4a25-a96f-ccccb7dedae3-impl-thread1] INFO server.RaftServerConfigKeys: raft.server.log.write.buffer.size = 1048576 (custom)
om1_1    | 2023-06-12 10:15:51,421 [main] INFO metrics.MetricRegistries: Loaded MetricRegistries class org.apache.ratis.metrics.impl.MetricRegistriesImpl
scm1_1   | STARTUP_MSG:   host = c807fcacba57/10.9.0.14
scm3_1   | 2023-06-12 10:15:42,118 [pool-16-thread-1] INFO server.RaftServerConfigKeys: raft.server.rpc.slowness.timeout = 120000ms (custom)
om2_1    | 2023-06-12 10:15:51,326 [main] INFO metrics.MetricRegistries: Loaded MetricRegistries class org.apache.ratis.metrics.impl.MetricRegistriesImpl
om2_1    | 2023-06-12 10:15:51,396 [main] WARN server.ServerUtils: Storage directory for Ratis is not configured. It is a good idea to map this to an SSD disk. Falling back to ozone.metadata.dirs
om2_1    | 2023-06-12 10:15:51,677 [main] INFO ratis.OzoneManagerRatisServer: Instantiating OM Ratis server with groupID: omservice and peers: om2:9872, om1:9872, om3:9872
om2_1    | 2023-06-12 10:15:51,807 [main] INFO ratis.OzoneManagerStateMachine: LastAppliedIndex is set from TransactionInfo from OM DB as (t:3, i:70)
om2_1    | 2023-06-12 10:15:52,480 [main] INFO server.RaftServer: raft.rpc.type = GRPC (default)
om2_1    | 2023-06-12 10:15:53,081 [main] INFO grpc.GrpcConfigKeys: raft.grpc.admin.host = null (fallback to raft.grpc.server.host)
om1_1    | 2023-06-12 10:15:51,476 [main] WARN server.ServerUtils: Storage directory for Ratis is not configured. It is a good idea to map this to an SSD disk. Falling back to ozone.metadata.dirs
scm1_1   | STARTUP_MSG:   args = []
scm3_1   | 2023-06-12 10:15:42,118 [pool-16-thread-1] INFO server.RaftServerConfigKeys: raft.server.leaderelection.leader.step-down.wait-time = 10s (default)
om2_1    | 2023-06-12 10:15:53,138 [main] INFO grpc.GrpcConfigKeys: raft.grpc.admin.port = 9872 (fallback to raft.grpc.server.port)
recon_1  | 2023-06-12 10:15:27,782 [main] INFO ipc.CallQueueManager: Using callQueue: class java.util.concurrent.LinkedBlockingQueue, queueCapacity: 10000, scheduler: class org.apache.hadoop.ipc.DefaultRpcScheduler, ipcBackoff: false.
recon_1  | 2023-06-12 10:15:27,924 [Socket Reader #1 for port 9891] INFO ipc.Server: Starting Socket Reader #1 for port 9891
recon_1  | 2023-06-12 10:15:28,369 [Listener at 0.0.0.0/9891] INFO recon.ReconServer: Recon server initialized successfully!
scm2_1   | 2023-06-12 10:15:35,655 [main] INFO grpc.GrpcConfigKeys: raft.grpc.server.port = 9894 (custom)
dn3_1    | 2023-06-12 10:15:36,221 [EndpointStateMachine task thread for scm1/10.9.0.14:9861 - 0 ] WARN statemachine.EndpointStateMachine: Unable to communicate to SCM server at scm1:9861 for past 0 seconds.
om1_1    | 2023-06-12 10:15:52,111 [main] INFO ratis.OzoneManagerRatisServer: Instantiating OM Ratis server with groupID: omservice and peers: om1:9872, om3:9872, om2:9872
scm1_1   | STARTUP_MSG:   version = 1.3.0
scm3_1   | 2023-06-12 10:15:42,118 [pool-16-thread-1] INFO server.RaftServerConfigKeys: raft.server.sleep.deviation.threshold = 300ms (default)
om2_1    | 2023-06-12 10:15:53,149 [main] INFO grpc.GrpcConfigKeys: raft.grpc.client.host = null (fallback to raft.grpc.server.host)
recon_1  | 2023-06-12 10:15:28,377 [Listener at 0.0.0.0/9891] INFO recon.ReconServer: Starting Recon server
recon_1  | 2023-06-12 10:15:28,529 [Listener at 0.0.0.0/9891] INFO impl.MetricsConfig: Loaded properties from hadoop-metrics2.properties
recon_1  | 2023-06-12 10:15:28,558 [Listener at 0.0.0.0/9891] INFO impl.MetricsSystemImpl: Scheduled Metric snapshot period at 10 second(s).
scm2_1   | 2023-06-12 10:15:35,655 [main] INFO server.GrpcService: raft.grpc.message.size.max = 32m (=33554432) (custom)
dn3_1    | java.net.SocketTimeoutException: Call From 45322110668e/10.9.0.19 to scm1:9861 failed on socket timeout exception: java.net.SocketTimeoutException: 5000 millis timeout while waiting for channel to be ready for read. ch : java.nio.channels.SocketChannel[connected local=/10.9.0.19:59360 remote=scm1/10.9.0.14:9861]; For more details see:  http://wiki.apache.org/hadoop/SocketTimeout
om1_1    | 2023-06-12 10:15:52,460 [main] INFO ratis.OzoneManagerStateMachine: LastAppliedIndex is set from TransactionInfo from OM DB as (t:3, i:70)
om1_1    | 2023-06-12 10:15:52,538 [Finalizer] WARN managed.ManagedRocksObjectUtils: ManagedColumnFamilyOptions is not closed properly
scm1_1   | STARTUP_MSG:   classpath = /etc/hadoop:/opt/hadoop/share/ozone/lib/kerb-simplekdc-1.0.1.jar:/opt/hadoop/share/ozone/lib/slf4j-reload4j-1.7.36.jar:/opt/hadoop/share/ozone/lib/protobuf-java-2.5.0.jar:/opt/hadoop/share/ozone/lib/jaxb-core-2.3.0.1.jar:/opt/hadoop/share/ozone/lib/istack-commons-runtime-3.0.5.jar:/opt/hadoop/share/ozone/lib/netty-handler-4.1.79.Final.jar:/opt/hadoop/share/ozone/lib/commons-validator-1.6.jar:/opt/hadoop/share/ozone/lib/bcpkix-jdk15on-1.67.jar:/opt/hadoop/share/ozone/lib/kerb-core-1.0.1.jar:/opt/hadoop/share/ozone/lib/hadoop-shaded-protobuf_3_7-1.1.1.jar:/opt/hadoop/share/ozone/lib/netty-common-4.1.79.Final.jar:/opt/hadoop/share/ozone/lib/ratis-thirdparty-misc-1.0.2.jar:/opt/hadoop/share/ozone/lib/jsr305-3.0.0.jar:/opt/hadoop/share/ozone/lib/j2objc-annotations-1.3.jar:/opt/hadoop/share/ozone/lib/jetty-webapp-9.4.49.v20220914.jar:/opt/hadoop/share/ozone/lib/picocli-4.6.1.jar:/opt/hadoop/share/ozone/lib/javassist-3.21.0-GA.jar:/opt/hadoop/share/ozone/lib/jaxb-api-2.3.0.jar:/opt/hadoop/share/ozone/lib/kerb-util-1.0.1.jar:/opt/hadoop/share/ozone/lib/ratis-common-2.4.0.jar:/opt/hadoop/share/ozone/lib/hadoop-shaded-guava-1.1.1.jar:/opt/hadoop/share/ozone/lib/kotlin-stdlib-1.6.21.jar:/opt/hadoop/share/ozone/lib/hdds-annotation-processing-1.3.0.jar:/opt/hadoop/share/ozone/lib/log4j-core-2.17.1.jar:/opt/hadoop/share/ozone/lib/commons-logging-1.2.jar:/opt/hadoop/share/ozone/lib/jetty-security-9.4.49.v20220914.jar:/opt/hadoop/share/ozone/lib/accessors-smart-2.4.7.jar:/opt/hadoop/share/ozone/lib/kerby-xdr-1.0.1.jar:/opt/hadoop/share/ozone/lib/ratis-metrics-2.4.0.jar:/opt/hadoop/share/ozone/lib/txw2-2.3.0.1.jar:/opt/hadoop/share/ozone/lib/ratis-grpc-2.4.0.jar:/opt/hadoop/share/ozone/lib/httpcore-4.4.13.jar:/opt/hadoop/share/ozone/lib/hdds-common-1.3.0.jar:/opt/hadoop/share/ozone/lib/guava-31.1-jre.jar:/opt/hadoop/share/ozone/lib/opentracing-tracerresolver-0.1.8.jar:/opt/hadoop/share/ozone/lib/commons-net-3.6.jar:/opt/hadoop/share/ozone/lib/netty-transport-4.1.79.Final.jar:/opt/hadoop/share/ozone/lib/hadoop-auth-3.3.4.jar:/opt/hadoop/share/ozone/lib/libthrift-0.14.1.jar:/opt/hadoop/share/ozone/lib/stax-ex-1.7.8.jar:/opt/hadoop/share/ozone/lib/error_prone_annotations-2.2.0.jar:/opt/hadoop/share/ozone/lib/kotlin-stdlib-common-1.4.10.jar:/opt/hadoop/share/ozone/lib/httpclient-4.5.13.jar:/opt/hadoop/share/ozone/lib/jaeger-client-1.6.0.jar:/opt/hadoop/share/ozone/lib/kerby-config-1.0.1.jar:/opt/hadoop/share/ozone/lib/hdds-client-1.3.0.jar:/opt/hadoop/share/ozone/lib/jackson-annotations-2.13.4.jar:/opt/hadoop/share/ozone/lib/commons-io-2.11.0.jar:/opt/hadoop/share/ozone/lib/metrics-core-3.2.4.jar:/opt/hadoop/share/ozone/lib/hadoop-annotations-3.3.4.jar:/opt/hadoop/share/ozone/lib/kerby-pkix-1.0.1.jar:/opt/hadoop/share/ozone/lib/jetty-util-9.4.49.v20220914.jar:/opt/hadoop/share/ozone/lib/hdds-hadoop-dependency-client-1.3.0.jar:/opt/hadoop/share/ozone/lib/ratis-proto-2.4.0.jar:/opt/hadoop/share/ozone/lib/json-smart-2.4.7.jar:/opt/hadoop/share/ozone/lib/snakeyaml-1.32.jar:/opt/hadoop/share/ozone/lib/jetty-io-9.4.49.v20220914.jar:/opt/hadoop/share/ozone/lib/jsr311-api-1.1.1.jar:/opt/hadoop/share/ozone/lib/jetty-server-9.4.49.v20220914.jar:/opt/hadoop/share/ozone/lib/commons-beanutils-1.9.4.jar:/opt/hadoop/share/ozone/lib/javax.servlet-api-3.1.0.jar:/opt/hadoop/share/ozone/lib/kerb-server-1.0.1.jar:/opt/hadoop/share/ozone/lib/rocksdbjni-7.4.5.jar:/opt/hadoop/share/ozone/lib/kerb-client-1.0.1.jar:/opt/hadoop/share/ozone/lib/jetty-xml-9.4.49.v20220914.jar:/opt/hadoop/share/ozone/lib/hadoop-common-3.3.4.jar:/opt/hadoop/share/ozone/lib/disruptor-3.4.2.jar:/opt/hadoop/share/ozone/lib/reflections-0.9.11.jar:/opt/hadoop/share/ozone/lib/gson-2.9.0.jar:/opt/hadoop/share/ozone/lib/annotations-13.0.jar:/opt/hadoop/share/ozone/lib/simpleclient_common-0.7.0.jar:/opt/hadoop/share/ozone/lib/jaeger-thrift-1.6.0.jar:/opt/hadoop/share/ozone/lib/dnsjava-2.1.7.jar:/opt/hadoop/share/ozone/lib/bcprov-jdk15on-1.67.jar:/opt/hadoop/share/ozone/lib/commons-configuration2-2.1.1.jar:/opt/hadoop/share/ozone/lib/token-provider-1.0.1.jar:/opt/hadoop/share/ozone/lib/commons-daemon-1.0.13.jar:/opt/hadoop/share/ozone/lib/listenablefuture-9999.0-empty-to-avoid-conflict-with-guava.jar:/opt/hadoop/share/ozone/lib/netty-buffer-4.1.79.Final.jar:/opt/hadoop/share/ozone/lib/jaeger-tracerresolver-1.6.0.jar:/opt/hadoop/share/ozone/lib/hdds-container-service-1.3.0.jar:/opt/hadoop/share/ozone/lib/slf4j-api-1.7.36.jar:/opt/hadoop/share/ozone/lib/commons-lang3-3.7.jar:/opt/hadoop/share/ozone/lib/re2j-1.1.jar:/opt/hadoop/share/ozone/lib/jackson-datatype-jsr310-2.13.4.jar:/opt/hadoop/share/ozone/lib/simpleclient_dropwizard-0.7.0.jar:/opt/hadoop/share/ozone/lib/simpleclient-0.7.0.jar:/opt/hadoop/share/ozone/lib/asm-5.0.4.jar:/opt/hadoop/share/ozone/lib/kerby-util-1.0.1.jar:/opt/hadoop/share/ozone/lib/netty-codec-4.1.79.Final.jar:/opt/hadoop/share/ozone/lib/hdds-interface-server-1.3.0.jar:/opt/hadoop/share/ozone/lib/failureaccess-1.0.1.jar:/opt/hadoop/share/ozone/lib/ratis-server-2.4.0.jar:/opt/hadoop/share/ozone/lib/jackson-databind-2.13.4.2.jar:/opt/hadoop/share/ozone/lib/ratis-server-api-2.4.0.jar:/opt/hadoop/share/ozone/lib/okio-2.8.0.jar:/opt/hadoop/share/ozone/lib/jetty-servlet-9.4.49.v20220914.jar:/opt/hadoop/share/ozone/lib/hdds-server-framework-1.3.0.jar:/opt/hadoop/share/ozone/lib/jsp-api-2.1.jar:/opt/hadoop/share/ozone/lib/jsch-0.1.54.jar:/opt/hadoop/share/ozone/lib/jakarta.activation-api-1.2.1.jar:/opt/hadoop/share/ozone/lib/reload4j-1.2.22.jar:/opt/hadoop/share/ozone/lib/nimbus-jose-jwt-7.9.jar:/opt/hadoop/share/ozone/lib/woodstox-core-5.4.0.jar:/opt/hadoop/share/ozone/lib/commons-codec-1.11.jar:/opt/hadoop/share/ozone/lib/hdds-hadoop-dependency-server-1.3.0.jar:/opt/hadoop/share/ozone/lib/commons-pool2-2.6.0.jar:/opt/hadoop/share/ozone/lib/netty-resolver-4.1.79.Final.jar:/opt/hadoop/share/ozone/lib/hdds-erasurecode-1.3.0.jar:/opt/hadoop/share/ozone/lib/opentracing-api-0.33.0.jar:/opt/hadoop/share/ozone/lib/jcip-annotations-1.0-1.jar:/opt/hadoop/share/ozone/lib/kerb-admin-1.0.1.jar:/opt/hadoop/share/ozone/lib/jetty-util-ajax-9.4.49.v20220914.jar:/opt/hadoop/share/ozone/lib/opentracing-noop-0.33.0.jar:/opt/hadoop/share/ozone/lib/netty-transport-native-unix-common-4.1.79.Final.jar:/opt/hadoop/share/ozone/lib/hadoop-hdfs-client-3.3.4.jar:/opt/hadoop/share/ozone/lib/jersey-core-1.19.jar:/opt/hadoop/share/ozone/lib/commons-compress-1.21.jar:/opt/hadoop/share/ozone/lib/jaxb-runtime-2.3.0.1.jar:/opt/hadoop/share/ozone/lib/hadoop-hdfs-3.3.4.jar:/opt/hadoop/share/ozone/lib/jackson-core-2.13.4.jar:/opt/hadoop/share/ozone/lib/opentracing-util-0.33.0.jar:/opt/hadoop/share/ozone/lib/ratis-client-2.4.0.jar:/opt/hadoop/share/ozone/lib/hdds-interface-client-1.3.0.jar:/opt/hadoop/share/ozone/lib/snappy-java-1.1.8.2.jar:/opt/hadoop/share/ozone/lib/commons-cli-1.2.jar:/opt/hadoop/share/ozone/lib/log4j-api-2.17.1.jar:/opt/hadoop/share/ozone/lib/javax.annotation-api-1.2.jar:/opt/hadoop/share/ozone/lib/kerby-asn1-1.0.1.jar:/opt/hadoop/share/ozone/lib/okhttp-4.9.3.jar:/opt/hadoop/share/ozone/lib/checker-qual-3.12.0.jar:/opt/hadoop/share/ozone/lib/hdds-config-1.3.0.jar:/opt/hadoop/share/ozone/lib/stax2-api-3.1.4.jar:/opt/hadoop/share/ozone/lib/commons-digester-1.8.1.jar:/opt/hadoop/share/ozone/lib/commons-collections-3.2.2.jar:/opt/hadoop/share/ozone/lib/jaeger-core-1.6.0.jar:/opt/hadoop/share/ozone/lib/commons-text-1.4.jar:/opt/hadoop/share/ozone/lib/jersey-servlet-1.19.jar:/opt/hadoop/share/ozone/lib/jetty-http-9.4.49.v20220914.jar:/opt/hadoop/share/ozone/lib/kerb-identity-1.0.1.jar:/opt/hadoop/share/ozone/lib/ratis-netty-2.4.0.jar:/opt/hadoop/share/ozone/lib/FastInfoset-1.2.13.jar:/opt/hadoop/share/ozone/lib/hdds-interface-admin-1.3.0.jar:/opt/hadoop/share/ozone/lib/kerb-common-1.0.1.jar:/opt/hadoop/share/ozone/lib/jersey-server-1.19.jar:/opt/hadoop/share/ozone/lib/kerb-crypto-1.0.1.jar:/opt/hadoop/share/ozone/web:/opt/hadoop/share/ozone/lib/hdds-server-scm-1.3.0.jar
om2_1    | 2023-06-12 10:15:53,153 [main] INFO grpc.GrpcConfigKeys: raft.grpc.client.port = 9872 (fallback to raft.grpc.server.port)
recon_1  | 2023-06-12 10:15:28,559 [Listener at 0.0.0.0/9891] INFO impl.MetricsSystemImpl: Recon metrics system started
recon_1  | 2023-06-12 10:15:29,203 [Listener at 0.0.0.0/9891] INFO http.HttpServer2: Jetty bound to port 9888
recon_1  | 2023-06-12 10:15:29,210 [Listener at 0.0.0.0/9891] INFO server.Server: jetty-9.4.49.v20220914; built: 2022-09-14T01:07:36.601Z; git: 4231a3b2e4cb8548a412a789936d640a97b1aa0a; jvm 11.0.14.1+1-LTS
scm2_1   | 2023-06-12 10:15:35,659 [main] INFO server.RaftServerConfigKeys: raft.server.log.appender.buffer.byte-limit = 33554432 (custom)
dn3_1    | 	at java.base/jdk.internal.reflect.NativeConstructorAccessorImpl.newInstance0(Native Method)
om1_1    | 2023-06-12 10:15:52,626 [Finalizer] WARN managed.ManagedRocksObjectUtils: ManagedColumnFamilyOptions is not closed properly
om3_1    | 2023-06-12 10:15:51,063 [main] WARN server.ServerUtils: Storage directory for Ratis is not configured. It is a good idea to map this to an SSD disk. Falling back to ozone.metadata.dirs
om3_1    | 2023-06-12 10:15:51,303 [Finalizer] WARN managed.ManagedRocksObjectUtils: ManagedColumnFamilyOptions is not closed properly
om3_1    | 2023-06-12 10:15:51,306 [Finalizer] WARN managed.ManagedRocksObjectUtils: ManagedColumnFamilyOptions is not closed properly
recon_1  | 2023-06-12 10:15:29,352 [Listener at 0.0.0.0/9891] INFO server.session: DefaultSessionIdManager workerName=node0
recon_1  | 2023-06-12 10:15:29,352 [Listener at 0.0.0.0/9891] INFO server.session: No SessionScavenger set, using defaults
recon_1  | 2023-06-12 10:15:29,354 [Listener at 0.0.0.0/9891] INFO server.session: node0 Scavenging every 600000ms
scm2_1   | 2023-06-12 10:15:35,660 [main] INFO server.GrpcService: raft.grpc.flow.control.window = 1MB (=1048576) (default)
dn3_1    | 	at java.base/jdk.internal.reflect.NativeConstructorAccessorImpl.newInstance(NativeConstructorAccessorImpl.java:62)
om1_1    | 2023-06-12 10:15:52,861 [main] INFO server.RaftServer: raft.rpc.type = GRPC (default)
om1_1    | 2023-06-12 10:15:53,466 [main] INFO grpc.GrpcConfigKeys: raft.grpc.admin.host = null (fallback to raft.grpc.server.host)
om3_1    | 2023-06-12 10:15:51,400 [main] INFO ratis.OzoneManagerRatisServer: Instantiating OM Ratis server with groupID: omservice and peers: om3:9872, om1:9872, om2:9872
om2_1    | 2023-06-12 10:15:53,153 [main] INFO grpc.GrpcConfigKeys: raft.grpc.server.host = null (default)
om2_1    | 2023-06-12 10:15:53,153 [main] INFO grpc.GrpcConfigKeys: raft.grpc.server.port = 9872 (custom)
recon_1  | 2023-06-12 10:15:29,378 [Listener at 0.0.0.0/9891] INFO handler.ContextHandler: Started o.e.j.s.ServletContextHandler@31efacad{logs,/logs,file:///var/log/hadoop/,AVAILABLE}
recon_1  | 2023-06-12 10:15:29,382 [Listener at 0.0.0.0/9891] INFO handler.ContextHandler: Started o.e.j.s.ServletContextHandler@5d124d29{static,/static,jar:file:/opt/hadoop/share/ozone/lib/ozone-recon-1.3.0.jar!/webapps/static,AVAILABLE}
recon_1  | 2023-06-12 10:15:32,504 [Listener at 0.0.0.0/9891] INFO handler.ContextHandler: Started o.e.j.w.WebAppContext@2f8b48c3{recon,/,file:///tmp/jetty-0_0_0_0-9888-ozone-recon-1_3_0_jar-_-any-13600867214114766161/webapp/,AVAILABLE}{jar:file:/opt/hadoop/share/ozone/lib/ozone-recon-1.3.0.jar!/webapps/recon}
scm2_1   | 2023-06-12 10:15:35,661 [main] INFO server.RaftServerConfigKeys: raft.server.rpc.request.timeout = 30000ms (custom)
dn3_1    | 	at java.base/jdk.internal.reflect.DelegatingConstructorAccessorImpl.newInstance(DelegatingConstructorAccessorImpl.java:45)
dn1_1    | 2023-06-12 10:15:46,948 [3c030830-a72e-4f6f-8f54-144518af6253@group-4675AE3D33CA-FollowerState] INFO server.RaftServerConfigKeys: raft.server.rpc.first-election.timeout.max = 5200ms (fallback to raft.server.rpc.timeout.max)
dn1_1    | 2023-06-12 10:15:46,945 [3c030830-a72e-4f6f-8f54-144518af6253@group-DD6E9427813E-FollowerState] INFO server.RaftServerConfigKeys: raft.server.rpc.first-election.timeout.min = 5s (fallback to raft.server.rpc.timeout.min)
om1_1    | 2023-06-12 10:15:53,477 [main] INFO grpc.GrpcConfigKeys: raft.grpc.admin.port = 9872 (fallback to raft.grpc.server.port)
om1_1    | 2023-06-12 10:15:53,482 [main] INFO grpc.GrpcConfigKeys: raft.grpc.client.host = null (fallback to raft.grpc.server.host)
recon_1  | 2023-06-12 10:15:32,525 [Listener at 0.0.0.0/9891] INFO server.AbstractConnector: Started ServerConnector@3830b06c{HTTP/1.1, (http/1.1)}{0.0.0.0:9888}
recon_1  | 2023-06-12 10:15:32,526 [Listener at 0.0.0.0/9891] INFO server.Server: Started @53420ms
recon_1  | 2023-06-12 10:15:32,530 [Listener at 0.0.0.0/9891] INFO impl.MetricsSinkAdapter: Sink prometheus started
scm2_1   | 2023-06-12 10:15:35,673 [main] INFO grpc.GrpcConfigKeys: raft.grpc.server.heartbeat.channel = true (default)
dn3_1    | 	at java.base/java.lang.reflect.Constructor.newInstance(Constructor.java:490)
dn1_1    | 2023-06-12 10:15:46,931 [3c030830-a72e-4f6f-8f54-144518af6253-impl-thread1] INFO util.JmxRegister: Successfully registered JMX Bean with object name Ratis:service=RaftServer,group=group-DD6E9427813E,id=3c030830-a72e-4f6f-8f54-144518af6253
dn1_1    | 2023-06-12 10:15:46,951 [3c030830-a72e-4f6f-8f54-144518af6253-impl-thread1] INFO server.RaftServerConfigKeys: raft.server.snapshot.auto.trigger.enabled = true (custom)
om1_1    | 2023-06-12 10:15:53,483 [main] INFO grpc.GrpcConfigKeys: raft.grpc.client.port = 9872 (fallback to raft.grpc.server.port)
om1_1    | 2023-06-12 10:15:53,484 [main] INFO grpc.GrpcConfigKeys: raft.grpc.server.host = null (default)
recon_1  | 2023-06-12 10:15:32,532 [Listener at 0.0.0.0/9891] INFO impl.MetricsSystemImpl: Registered sink prometheus
recon_1  | 2023-06-12 10:15:32,534 [Listener at 0.0.0.0/9891] INFO http.BaseHttpServer: HTTP server of recon listening at http://0.0.0.0:9888
recon_1  | 2023-06-12 10:15:32,534 [Listener at 0.0.0.0/9891] INFO impl.OzoneManagerServiceProviderImpl: Starting Ozone Manager Service Provider.
scm2_1   | 2023-06-12 10:15:35,675 [main] INFO grpc.GrpcConfigKeys: raft.grpc.server.async.request.thread.pool.cached = true (default)
dn3_1    | 	at org.apache.hadoop.net.NetUtils.wrapWithMessage(NetUtils.java:913)
dn1_1    | 2023-06-12 10:15:46,956 [3c030830-a72e-4f6f-8f54-144518af6253-impl-thread1] INFO server.RaftServerConfigKeys: raft.server.snapshot.auto.trigger.threshold = 10000 (custom)
dn1_1    | 2023-06-12 10:15:46,969 [3c030830-a72e-4f6f-8f54-144518af6253-impl-thread1] INFO server.RaftServerConfigKeys: raft.server.snapshot.retention.file.num = 5 (custom)
om1_1    | 2023-06-12 10:15:53,484 [main] INFO grpc.GrpcConfigKeys: raft.grpc.server.port = 9872 (custom)
om1_1    | 2023-06-12 10:15:53,485 [main] INFO server.GrpcService: raft.grpc.message.size.max = 33554432 (custom)
recon_1  | 2023-06-12 10:15:32,548 [Listener at 0.0.0.0/9891] INFO recovery.ReconOmMetadataManagerImpl: Starting ReconOMMetadataManagerImpl
recon_1  | 2023-06-12 10:15:32,548 [Listener at 0.0.0.0/9891] WARN recon.ReconUtils: ozone.recon.om.db.dir is not configured. We recommend adding this setting. Falling back to ozone.metadata.dirs instead.
recon_1  | 2023-06-12 10:15:32,549 [Listener at 0.0.0.0/9891] INFO recovery.ReconOmMetadataManagerImpl: Last known snapshot for OM : /data/metadata/om.snapshot.db_1686564478359
scm2_1   | 2023-06-12 10:15:35,675 [main] INFO grpc.GrpcConfigKeys: raft.grpc.server.async.request.thread.pool.size = 32 (default)
dn3_1    | 	at org.apache.hadoop.net.NetUtils.wrapException(NetUtils.java:848)
dn4_1    | 	at org.apache.hadoop.ozone.protocolPB.StorageContainerDatanodeProtocolClientSideTranslatorPB.submitRequest(StorageContainerDatanodeProtocolClientSideTranslatorPB.java:117)
dn4_1    | 	at org.apache.hadoop.ozone.protocolPB.StorageContainerDatanodeProtocolClientSideTranslatorPB.getVersion(StorageContainerDatanodeProtocolClientSideTranslatorPB.java:133)
om1_1    | 2023-06-12 10:15:53,505 [main] INFO server.RaftServerConfigKeys: raft.server.log.appender.buffer.byte-limit = 33554432 (custom)
om1_1    | 2023-06-12 10:15:53,512 [main] INFO server.GrpcService: raft.grpc.flow.control.window = 1MB (=1048576) (default)
recon_1  | 2023-06-12 10:15:32,552 [Listener at 0.0.0.0/9891] INFO codec.OmKeyInfoCodec: OmKeyInfoCodec ignorePipeline = true
recon_1  | 2023-06-12 10:15:32,553 [Listener at 0.0.0.0/9891] INFO codec.RepeatedOmKeyInfoCodec: RepeatedOmKeyInfoCodec ignorePipeline = true
recon_1  | 2023-06-12 10:15:32,650 [Listener at 0.0.0.0/9891] INFO recovery.ReconOmMetadataManagerImpl: Created OM DB handle from snapshot at /data/metadata/om.snapshot.db_1686564478359.
scm2_1   | 2023-06-12 10:15:35,923 [main] INFO impl.DataStreamServerImpl: raft.datastream.type = DISABLED (default)
scm2_1   | 2023-06-12 10:15:35,925 [main] INFO server.RaftServerConfigKeys: raft.server.threadpool.proxy.cached = true (default)
dn4_1    | 	at org.apache.hadoop.ozone.container.common.states.endpoint.VersionEndpointTask.call(VersionEndpointTask.java:69)
dn4_1    | 	at org.apache.hadoop.ozone.container.common.states.endpoint.VersionEndpointTask.call(VersionEndpointTask.java:40)
om1_1    | 2023-06-12 10:15:53,513 [main] INFO server.RaftServerConfigKeys: raft.server.rpc.request.timeout = 3000ms (default)
om1_1    | 2023-06-12 10:15:53,592 [main] INFO grpc.GrpcConfigKeys: raft.grpc.server.heartbeat.channel = true (default)
recon_1  | 2023-06-12 10:15:32,671 [Listener at 0.0.0.0/9891] INFO tasks.ReconTaskControllerImpl: Starting Recon Task Controller.
recon_1  | 2023-06-12 10:15:32,677 [Listener at 0.0.0.0/9891] INFO scm.ReconStorageContainerManagerFacade: Recon ScmDatanodeProtocol RPC server is listening at /0.0.0.0:9891
recon_1  | 2023-06-12 10:15:35,376 [Listener at 0.0.0.0/9891] INFO retry.RetryInvocationHandler: com.google.protobuf.ServiceException: java.net.ConnectException: Call From 3021e9c45c15/10.9.0.22 to scm2:9860 failed on connection exception: java.net.ConnectException: Connection refused; For more details see:  http://wiki.apache.org/hadoop/ConnectionRefused, while invoking $Proxy43.submitRequest over nodeId=scm2,nodeAddress=scm2/10.9.0.15:9860 after 1 failover attempts. Trying to failover after sleeping for 2000ms.
scm2_1   | 2023-06-12 10:15:35,925 [main] INFO server.RaftServerConfigKeys: raft.server.threadpool.proxy.size = 0 (default)
dn3_1    | 	at org.apache.hadoop.ipc.Client.getRpcResponse(Client.java:1616)
dn4_1    | 	at java.base/java.util.concurrent.FutureTask.run(FutureTask.java:264)
dn4_1    | 	at java.base/java.util.concurrent.ThreadPoolExecutor.runWorker(ThreadPoolExecutor.java:1128)
om1_1    | 2023-06-12 10:15:53,641 [main] INFO grpc.GrpcConfigKeys: raft.grpc.server.async.request.thread.pool.cached = true (default)
om1_1    | 2023-06-12 10:15:53,661 [main] INFO grpc.GrpcConfigKeys: raft.grpc.server.async.request.thread.pool.size = 32 (default)
om2_1    | 2023-06-12 10:15:53,154 [main] INFO server.GrpcService: raft.grpc.message.size.max = 33554432 (custom)
om3_1    | 2023-06-12 10:15:51,438 [main] INFO ratis.OzoneManagerStateMachine: LastAppliedIndex is set from TransactionInfo from OM DB as (t:3, i:70)
om3_1    | 2023-06-12 10:15:51,917 [main] INFO server.RaftServer: raft.rpc.type = GRPC (default)
recon_1  | 2023-06-12 10:15:37,377 [Listener at 0.0.0.0/9891] INFO retry.RetryInvocationHandler: com.google.protobuf.ServiceException: java.net.ConnectException: Call From 3021e9c45c15/10.9.0.22 to scm3:9860 failed on connection exception: java.net.ConnectException: Connection refused; For more details see:  http://wiki.apache.org/hadoop/ConnectionRefused, while invoking $Proxy43.submitRequest over nodeId=scm3,nodeAddress=scm3/10.9.0.16:9860 after 2 failover attempts. Trying to failover after sleeping for 2000ms.
recon_1  | 2023-06-12 10:15:39,381 [Listener at 0.0.0.0/9891] INFO retry.RetryInvocationHandler: com.google.protobuf.ServiceException: org.apache.hadoop.ipc.RemoteException(org.apache.hadoop.hdds.ratis.ServerNotLeaderException): Server:9e54e886-87c9-472f-9b2f-e9a516e53bd2 is not the leader. Could not determine the leader node.
recon_1  | 	at org.apache.hadoop.hdds.ratis.ServerNotLeaderException.convertToNotLeaderException(ServerNotLeaderException.java:109)
scm2_1   | 2023-06-12 10:15:35,925 [main] INFO server.RaftServerConfigKeys: raft.server.rpc.slowness.timeout = 120000ms (custom)
dn3_1    | 	at org.apache.hadoop.ipc.Client.call(Client.java:1558)
dn4_1    | 	at java.base/java.util.concurrent.ThreadPoolExecutor$Worker.run(ThreadPoolExecutor.java:628)
dn4_1    | 	at java.base/java.lang.Thread.run(Thread.java:829)
scm3_1   | 2023-06-12 10:15:42,130 [pool-16-thread-1] INFO server.RaftServer$Division: c790b820-4c4f-44e6-aba9-08b18fc50228@group-FBBF2AB68244: ConfigurationManager, init=-1: peers:[]|listeners:[], old=null, confs=<EMPTY_MAP>
scm3_1   | 2023-06-12 10:15:42,131 [pool-16-thread-1] INFO server.RaftServerConfigKeys: raft.server.storage.dir = [/data/metadata/scm-ha] (custom)
recon_1  | 	at org.apache.hadoop.hdds.scm.ha.RatisUtil.checkRatisException(RatisUtil.java:246)
recon_1  | 	at org.apache.hadoop.hdds.scm.protocol.StorageContainerLocationProtocolServerSideTranslatorPB.submitRequest(StorageContainerLocationProtocolServerSideTranslatorPB.java:193)
recon_1  | 	at org.apache.hadoop.hdds.protocol.proto.StorageContainerLocationProtocolProtos$StorageContainerLocationProtocolService$2.callBlockingMethod(StorageContainerLocationProtocolProtos.java:62732)
scm2_1   | 2023-06-12 10:15:35,926 [main] INFO server.RaftServerConfigKeys: raft.server.leaderelection.leader.step-down.wait-time = 10s (default)
dn3_1    | 	at org.apache.hadoop.ipc.Client.call(Client.java:1455)
dn4_1    | Caused by: java.net.SocketTimeoutException: 5000 millis timeout while waiting for channel to be ready for read. ch : java.nio.channels.SocketChannel[connected local=/10.9.0.20:51702 remote=recon/10.9.0.22:9891]
dn4_1    | 	at org.apache.hadoop.net.SocketIOWithTimeout.doIO(SocketIOWithTimeout.java:163)
scm3_1   | 2023-06-12 10:15:42,136 [pool-16-thread-1] INFO server.RaftServerConfigKeys: raft.server.log.corruption.policy = EXCEPTION (default)
scm3_1   | 2023-06-12 10:15:42,138 [pool-16-thread-1] INFO server.RaftServerConfigKeys: raft.server.storage.free-space.min = 0MB (=0) (default)
recon_1  | 	at org.apache.hadoop.ipc.ProtobufRpcEngine$Server.processCall(ProtobufRpcEngine.java:465)
recon_1  | 	at org.apache.hadoop.ipc.ProtobufRpcEngine2$Server$ProtoBufRpcInvoker.call(ProtobufRpcEngine2.java:578)
recon_1  | 	at org.apache.hadoop.ipc.ProtobufRpcEngine2$Server$ProtoBufRpcInvoker.call(ProtobufRpcEngine2.java:556)
scm2_1   | 2023-06-12 10:15:35,928 [main] INFO server.RaftServerConfigKeys: raft.server.storage.dir = [/data/metadata/scm-ha] (custom)
dn3_1    | 	at org.apache.hadoop.ipc.ProtobufRpcEngine$Invoker.invoke(ProtobufRpcEngine.java:235)
dn4_1    | 	at org.apache.hadoop.net.SocketInputStream.read(SocketInputStream.java:161)
dn4_1    | 	at org.apache.hadoop.net.SocketInputStream.read(SocketInputStream.java:131)
scm3_1   | 2023-06-12 10:15:42,155 [pool-16-thread-1] INFO server.RaftServerConfigKeys: raft.server.notification.no-leader.timeout = 60s (default)
scm3_1   | 2023-06-12 10:15:42,161 [pool-16-thread-1] INFO server.RaftServerConfigKeys: raft.server.retrycache.expirytime = 60000ms (default)
recon_1  | 	at org.apache.hadoop.ipc.RPC$Server.call(RPC.java:1093)
recon_1  | 	at org.apache.hadoop.ipc.Server$RpcCall.run(Server.java:1043)
dn2_1    | 2023-06-12 10:15:52,556 [4e75acb7-ab47-4e4e-b8a9-bad2ecf80c29@group-6EC5452C34DB-LeaderElection1] INFO server.RaftServerConfigKeys: raft.server.watch.timeout = 180s (custom)
scm2_1   | 2023-06-12 10:15:35,933 [7740519e-fe5b-4936-af00-27e2eba71ce5-impl-thread1] INFO server.RaftServer: 7740519e-fe5b-4936-af00-27e2eba71ce5: found a subdirectory /data/metadata/scm-ha/53a3d7a4-8139-4d99-87ad-fbbf2ab68244
dn3_1    | 	at org.apache.hadoop.ipc.ProtobufRpcEngine$Invoker.invoke(ProtobufRpcEngine.java:122)
dn4_1    | 	at java.base/java.io.FilterInputStream.read(FilterInputStream.java:133)
dn4_1    | 	at java.base/java.io.BufferedInputStream.fill(BufferedInputStream.java:252)
scm3_1   | 2023-06-12 10:15:42,162 [pool-16-thread-1] INFO server.RaftServerConfigKeys: raft.server.retrycache.statistics.expirytime = 100?s (default)
scm3_1   | 2023-06-12 10:15:42,508 [pool-16-thread-1] INFO server.RaftServerConfigKeys: raft.server.log.appender.install.snapshot.enabled = false (custom)
dn5_1    | 2023-06-12 10:15:45,572 [d7cb11b5-fdfc-4a25-a96f-ccccb7dedae3-impl-thread1] INFO server.RaftServerConfigKeys: raft.server.log.unsafe-flush.enabled = false (default)
dn5_1    | 2023-06-12 10:15:45,596 [d7cb11b5-fdfc-4a25-a96f-ccccb7dedae3-impl-thread1] INFO server.RaftServerConfigKeys: raft.server.log.async-flush.enabled = false (default)
dn2_1    | 2023-06-12 10:15:52,574 [4e75acb7-ab47-4e4e-b8a9-bad2ecf80c29@group-6EC5452C34DB-LeaderElection1] INFO server.RaftServerConfigKeys: raft.server.watch.timeout.denomination = 1s (default)
scm2_1   | 2023-06-12 10:15:35,941 [main] INFO server.RaftServer: 7740519e-fe5b-4936-af00-27e2eba71ce5: addNew group-FBBF2AB68244:[] returns group-FBBF2AB68244:java.util.concurrent.CompletableFuture@770b3be0[Not completed]
dn3_1    | 	at com.sun.proxy.$Proxy38.submitRequest(Unknown Source)
dn4_1    | 	at java.base/java.io.BufferedInputStream.read(BufferedInputStream.java:271)
dn1_1    | 2023-06-12 10:15:46,931 [3c030830-a72e-4f6f-8f54-144518af6253-impl-thread2] INFO util.JmxRegister: Successfully registered JMX Bean with object name Ratis:service=RaftServer,group=group-E4EF5B9B8C4A,id=3c030830-a72e-4f6f-8f54-144518af6253
scm3_1   | 2023-06-12 10:15:42,514 [pool-16-thread-1] INFO server.RaftServerConfigKeys: raft.server.threadpool.server.cached = true (default)
scm3_1   | 2023-06-12 10:15:42,524 [pool-16-thread-1] INFO server.RaftServerConfigKeys: raft.server.threadpool.server.size = 0 (default)
