scm3_1   | 2023-06-12 10:15:42,529 [pool-16-thread-1] INFO server.RaftServerConfigKeys: raft.server.threadpool.client.cached = true (default)
om2_1    | 2023-06-12 10:15:53,161 [main] INFO server.RaftServerConfigKeys: raft.server.log.appender.buffer.byte-limit = 33554432 (custom)
om2_1    | 2023-06-12 10:15:53,174 [main] INFO server.GrpcService: raft.grpc.flow.control.window = 1MB (=1048576) (default)
om2_1    | 2023-06-12 10:15:53,183 [main] INFO server.RaftServerConfigKeys: raft.server.rpc.request.timeout = 3000ms (default)
dn5_1    | 2023-06-12 10:15:45,596 [d7cb11b5-fdfc-4a25-a96f-ccccb7dedae3-impl-thread1] INFO server.RaftServerConfigKeys: raft.server.log.statemachine.data.caching.enabled = true (custom)
dn5_1    | 2023-06-12 10:15:45,830 [d7cb11b5-fdfc-4a25-a96f-ccccb7dedae3-impl-thread1] INFO server.RaftServer$Division: d7cb11b5-fdfc-4a25-a96f-ccccb7dedae3@group-EA217032BE5C: set configuration 0: peers:[d7cb11b5-fdfc-4a25-a96f-ccccb7dedae3|rpc:10.9.0.21:9856|admin:10.9.0.21:9857|client:10.9.0.21:9858|dataStream:|priority:1|startupRole:FOLLOWER]|listeners:[], old=null
dn5_1    | 2023-06-12 10:15:45,838 [d7cb11b5-fdfc-4a25-a96f-ccccb7dedae3-impl-thread1] INFO segmented.LogSegment: Successfully read 1 entries from segment file /data/metadata/ratis/f8f43c49-46f2-454a-ba47-ea217032be5c/current/log_0-0
scm2_1   | 2023-06-12 10:15:35,997 [pool-16-thread-1] INFO ha.SCMStateMachine: Updated lastAppliedTermIndex 3#60 with transactionInfo term andIndex
scm2_1   | 2023-06-12 10:15:35,999 [pool-16-thread-1] INFO server.RaftServer$Division: 7740519e-fe5b-4936-af00-27e2eba71ce5: new RaftServerImpl for group-FBBF2AB68244:[] with SCMStateMachine:uninitialized
scm2_1   | 2023-06-12 10:15:36,000 [pool-16-thread-1] INFO server.RaftServerConfigKeys: raft.server.rpc.timeout.min = 5000ms (custom)
dn1_1    | 2023-06-12 10:15:46,970 [3c030830-a72e-4f6f-8f54-144518af6253-impl-thread2] INFO server.RaftServerConfigKeys: raft.server.snapshot.auto.trigger.enabled = true (custom)
scm3_1   | 2023-06-12 10:15:42,529 [pool-16-thread-1] INFO server.RaftServerConfigKeys: raft.server.threadpool.client.size = 0 (default)
om1_1    | 2023-06-12 10:15:55,836 [main] INFO impl.DataStreamServerImpl: raft.datastream.type = DISABLED (default)
dn5_1    | 2023-06-12 10:15:45,845 [d7cb11b5-fdfc-4a25-a96f-ccccb7dedae3-impl-thread1] INFO server.RaftServer$Division: d7cb11b5-fdfc-4a25-a96f-ccccb7dedae3@group-EA217032BE5C: set configuration 1: peers:[d7cb11b5-fdfc-4a25-a96f-ccccb7dedae3|rpc:10.9.0.21:9856|admin:10.9.0.21:9857|client:10.9.0.21:9858|dataStream:|priority:1|startupRole:FOLLOWER]|listeners:[], old=null
dn5_1    | 2023-06-12 10:15:45,865 [d7cb11b5-fdfc-4a25-a96f-ccccb7dedae3-impl-thread1] INFO segmented.LogSegment: Successfully read 2 entries from segment file /data/metadata/ratis/f8f43c49-46f2-454a-ba47-ea217032be5c/current/log_inprogress_1
dn5_1    | 2023-06-12 10:15:45,879 [d7cb11b5-fdfc-4a25-a96f-ccccb7dedae3-impl-thread1] INFO segmented.SegmentedRaftLogWorker: d7cb11b5-fdfc-4a25-a96f-ccccb7dedae3@group-EA217032BE5C-SegmentedRaftLogWorker: flushIndex: setUnconditionally 0 -> 2
dn5_1    | 2023-06-12 10:15:45,879 [d7cb11b5-fdfc-4a25-a96f-ccccb7dedae3-impl-thread1] INFO segmented.SegmentedRaftLogWorker: d7cb11b5-fdfc-4a25-a96f-ccccb7dedae3@group-EA217032BE5C-SegmentedRaftLogWorker: safeCacheEvictIndex: setUnconditionally 0 -> 0
dn4_1    | 	at java.base/java.io.FilterInputStream.read(FilterInputStream.java:83)
dn4_1    | 	at java.base/java.io.FilterInputStream.read(FilterInputStream.java:83)
scm2_1   | 2023-06-12 10:15:36,001 [pool-16-thread-1] INFO server.RaftServerConfigKeys: raft.server.rpc.timeout.max = 5200ms (custom)
scm2_1   | 2023-06-12 10:15:36,001 [pool-16-thread-1] INFO server.RaftServerConfigKeys: raft.server.rpc.sleep.time = 25ms (default)
scm2_1   | 2023-06-12 10:15:36,001 [pool-16-thread-1] INFO server.RaftServerConfigKeys: raft.server.rpc.slowness.timeout = 120000ms (custom)
dn5_1    | 2023-06-12 10:15:46,305 [d7cb11b5-fdfc-4a25-a96f-ccccb7dedae3-impl-thread1] INFO raftlog.RaftLog: d7cb11b5-fdfc-4a25-a96f-ccccb7dedae3@group-EA217032BE5C-SegmentedRaftLog: commitIndex: updateToMax old=2, new=1, updated? false
dn5_1    | 2023-06-12 10:15:46,310 [d7cb11b5-fdfc-4a25-a96f-ccccb7dedae3-impl-thread1] INFO server.RaftServer$Division: d7cb11b5-fdfc-4a25-a96f-ccccb7dedae3@group-EA217032BE5C: start as a follower, conf=1: peers:[d7cb11b5-fdfc-4a25-a96f-ccccb7dedae3|rpc:10.9.0.21:9856|admin:10.9.0.21:9857|client:10.9.0.21:9858|dataStream:|priority:1|startupRole:FOLLOWER]|listeners:[], old=null
dn5_1    | 2023-06-12 10:15:46,313 [d7cb11b5-fdfc-4a25-a96f-ccccb7dedae3-impl-thread1] INFO server.RaftServer$Division: d7cb11b5-fdfc-4a25-a96f-ccccb7dedae3@group-EA217032BE5C: changes role from      null to FOLLOWER at term 2 for startAsFollower
dn5_1    | 2023-06-12 10:15:46,321 [d7cb11b5-fdfc-4a25-a96f-ccccb7dedae3-impl-thread1] INFO impl.RoleInfo: d7cb11b5-fdfc-4a25-a96f-ccccb7dedae3: start d7cb11b5-fdfc-4a25-a96f-ccccb7dedae3@group-EA217032BE5C-FollowerState
dn4_1    | 	at org.apache.hadoop.ipc.Client$Connection$PingInputStream.read(Client.java:563)
dn4_1    | 	at java.base/java.io.DataInputStream.readInt(DataInputStream.java:392)
scm2_1   | 2023-06-12 10:15:36,001 [pool-16-thread-1] INFO server.RaftServerConfigKeys: raft.server.leaderelection.leader.step-down.wait-time = 10s (default)
scm2_1   | 2023-06-12 10:15:36,001 [pool-16-thread-1] INFO server.RaftServerConfigKeys: raft.server.sleep.deviation.threshold = 300ms (default)
scm2_1   | 2023-06-12 10:15:36,010 [pool-16-thread-1] INFO server.RaftServer$Division: 7740519e-fe5b-4936-af00-27e2eba71ce5@group-FBBF2AB68244: ConfigurationManager, init=-1: peers:[]|listeners:[], old=null, confs=<EMPTY_MAP>
dn5_1    | 2023-06-12 10:15:46,326 [EndpointStateMachine task thread for scm3/10.9.0.16:9861 - 0 ] INFO ipc.Client: Retrying connect to server: scm3/10.9.0.16:9861. Already tried 2 time(s); retry policy is RetryUpToMaximumCountWithFixedSleep(maxRetries=15, sleepTime=1000 MILLISECONDS)
dn5_1    | 2023-06-12 10:15:46,360 [d7cb11b5-fdfc-4a25-a96f-ccccb7dedae3-impl-thread1] INFO util.JmxRegister: Successfully registered JMX Bean with object name Ratis:service=RaftServer,group=group-EA217032BE5C,id=d7cb11b5-fdfc-4a25-a96f-ccccb7dedae3
dn5_1    | 2023-06-12 10:15:46,361 [d7cb11b5-fdfc-4a25-a96f-ccccb7dedae3@group-EA217032BE5C-FollowerState] INFO server.RaftServerConfigKeys: raft.server.rpc.first-election.timeout.min = 5s (fallback to raft.server.rpc.timeout.min)
dn5_1    | 2023-06-12 10:15:46,364 [d7cb11b5-fdfc-4a25-a96f-ccccb7dedae3@group-EA217032BE5C-FollowerState] INFO server.RaftServerConfigKeys: raft.server.rpc.first-election.timeout.max = 5200ms (fallback to raft.server.rpc.timeout.max)
dn4_1    | 	at org.apache.hadoop.ipc.Client$IpcStreams.readResponse(Client.java:1922)
dn4_1    | 	at org.apache.hadoop.ipc.Client$Connection.receiveRpcResponse(Client.java:1238)
scm2_1   | 2023-06-12 10:15:36,011 [pool-16-thread-1] INFO server.RaftServerConfigKeys: raft.server.storage.dir = [/data/metadata/scm-ha] (custom)
om1_1    | 2023-06-12 10:15:55,838 [main] INFO server.RaftServerConfigKeys: raft.server.threadpool.proxy.cached = true (default)
om1_1    | 2023-06-12 10:15:55,883 [main] INFO server.RaftServerConfigKeys: raft.server.threadpool.proxy.size = 0 (default)
dn5_1    | 2023-06-12 10:15:46,378 [d7cb11b5-fdfc-4a25-a96f-ccccb7dedae3-impl-thread1] INFO server.RaftServerConfigKeys: raft.server.snapshot.auto.trigger.enabled = true (custom)
dn5_1    | 2023-06-12 10:15:46,382 [d7cb11b5-fdfc-4a25-a96f-ccccb7dedae3-impl-thread1] INFO server.RaftServerConfigKeys: raft.server.snapshot.auto.trigger.threshold = 10000 (custom)
dn4_1    | 	at org.apache.hadoop.ipc.Client$Connection.run(Client.java:1134)
dn1_1    | 2023-06-12 10:15:46,971 [3c030830-a72e-4f6f-8f54-144518af6253-impl-thread2] INFO server.RaftServerConfigKeys: raft.server.snapshot.auto.trigger.threshold = 10000 (custom)
dn1_1    | 2023-06-12 10:15:46,971 [3c030830-a72e-4f6f-8f54-144518af6253-impl-thread2] INFO server.RaftServerConfigKeys: raft.server.snapshot.retention.file.num = 5 (custom)
dn1_1    | 2023-06-12 10:15:46,974 [3c030830-a72e-4f6f-8f54-144518af6253-impl-thread2] INFO server.RaftServerConfigKeys: raft.server.log.purge.upto.snapshot.index = false (default)
scm2_1   | 2023-06-12 10:15:36,015 [pool-16-thread-1] INFO server.RaftServerConfigKeys: raft.server.log.corruption.policy = EXCEPTION (default)
om1_1    | 2023-06-12 10:15:55,883 [main] INFO server.RaftServerConfigKeys: raft.server.rpc.slowness.timeout = 120s (custom)
om1_1    | 2023-06-12 10:15:55,883 [main] INFO server.RaftServerConfigKeys: raft.server.leaderelection.leader.step-down.wait-time = 10s (default)
dn5_1    | 2023-06-12 10:15:46,386 [d7cb11b5-fdfc-4a25-a96f-ccccb7dedae3-impl-thread1] INFO server.RaftServerConfigKeys: raft.server.snapshot.retention.file.num = 5 (custom)
dn5_1    | 2023-06-12 10:15:46,394 [d7cb11b5-fdfc-4a25-a96f-ccccb7dedae3-impl-thread1] INFO server.RaftServerConfigKeys: raft.server.log.purge.upto.snapshot.index = false (default)
dn4_1    | 2023-06-12 10:15:34,882 [EndpointStateMachine task thread for scm2/10.9.0.15:9861 - 0 ] INFO ipc.Client: Retrying connect to server: scm2/10.9.0.15:9861. Already tried 5 time(s); retry policy is RetryUpToMaximumCountWithFixedSleep(maxRetries=15, sleepTime=1000 MILLISECONDS)
dn1_1    | 2023-06-12 10:15:46,931 [3c030830-a72e-4f6f-8f54-144518af6253-impl-thread3] INFO util.JmxRegister: Successfully registered JMX Bean with object name Ratis:service=RaftServer,group=group-4675AE3D33CA,id=3c030830-a72e-4f6f-8f54-144518af6253
dn1_1    | 2023-06-12 10:15:46,977 [3c030830-a72e-4f6f-8f54-144518af6253-impl-thread3] INFO server.RaftServerConfigKeys: raft.server.snapshot.auto.trigger.enabled = true (custom)
dn1_1    | 2023-06-12 10:15:46,987 [3c030830-a72e-4f6f-8f54-144518af6253-impl-thread3] INFO server.RaftServerConfigKeys: raft.server.snapshot.auto.trigger.threshold = 10000 (custom)
scm2_1   | 2023-06-12 10:15:36,016 [pool-16-thread-1] INFO server.RaftServerConfigKeys: raft.server.storage.free-space.min = 0MB (=0) (default)
om1_1    | 2023-06-12 10:15:55,921 [main] INFO server.RaftServerConfigKeys: raft.server.storage.dir = [/data/metadata/ratis] (custom)
om1_1    | 2023-06-12 10:15:55,984 [om1-impl-thread1] INFO server.RaftServer: om1: found a subdirectory /data/metadata/ratis/5cb24680-b9e7-3c90-a862-d66704efc61c
dn2_1    | 2023-06-12 10:15:52,575 [4e75acb7-ab47-4e4e-b8a9-bad2ecf80c29@group-6EC5452C34DB-LeaderElection1] INFO server.RaftServerConfigKeys: raft.server.watch.element-limit = 65536 (default)
dn2_1    | 2023-06-12 10:15:52,609 [4e75acb7-ab47-4e4e-b8a9-bad2ecf80c29@group-6EC5452C34DB-LeaderElection1] INFO server.RaftServerConfigKeys: raft.server.write.element-limit = 1024 (custom)
dn4_1    | 2023-06-12 10:15:34,886 [EndpointStateMachine task thread for scm3/10.9.0.16:9861 - 0 ] INFO ipc.Client: Retrying connect to server: scm3/10.9.0.16:9861. Already tried 5 time(s); retry policy is RetryUpToMaximumCountWithFixedSleep(maxRetries=15, sleepTime=1000 MILLISECONDS)
dn1_1    | 2023-06-12 10:15:46,987 [3c030830-a72e-4f6f-8f54-144518af6253-impl-thread3] INFO server.RaftServerConfigKeys: raft.server.snapshot.retention.file.num = 5 (custom)
dn1_1    | 2023-06-12 10:15:46,988 [3c030830-a72e-4f6f-8f54-144518af6253-impl-thread3] INFO server.RaftServerConfigKeys: raft.server.log.purge.upto.snapshot.index = false (default)
dn1_1    | 2023-06-12 10:15:46,996 [3c030830-a72e-4f6f-8f54-144518af6253-impl-thread1] INFO server.RaftServerConfigKeys: raft.server.log.purge.upto.snapshot.index = false (default)
scm2_1   | 2023-06-12 10:15:36,028 [pool-16-thread-1] INFO server.RaftServerConfigKeys: raft.server.notification.no-leader.timeout = 60s (default)
dn3_1    | 	at org.apache.hadoop.ozone.protocolPB.StorageContainerDatanodeProtocolClientSideTranslatorPB.submitRequest(StorageContainerDatanodeProtocolClientSideTranslatorPB.java:117)
dn3_1    | 	at org.apache.hadoop.ozone.protocolPB.StorageContainerDatanodeProtocolClientSideTranslatorPB.getVersion(StorageContainerDatanodeProtocolClientSideTranslatorPB.java:133)
om3_1    | 2023-06-12 10:15:52,640 [main] INFO grpc.GrpcConfigKeys: raft.grpc.admin.host = null (fallback to raft.grpc.server.host)
om3_1    | 2023-06-12 10:15:52,644 [main] INFO grpc.GrpcConfigKeys: raft.grpc.admin.port = 9872 (fallback to raft.grpc.server.port)
om3_1    | 2023-06-12 10:15:52,664 [main] INFO grpc.GrpcConfigKeys: raft.grpc.client.host = null (fallback to raft.grpc.server.host)
dn2_1    | 2023-06-12 10:15:52,612 [4e75acb7-ab47-4e4e-b8a9-bad2ecf80c29@group-6EC5452C34DB-LeaderElection1] INFO server.RaftServerConfigKeys: raft.server.write.follower.gap.ratio.max = -1.0 (default)
dn2_1    | 2023-06-12 10:15:52,652 [4e75acb7-ab47-4e4e-b8a9-bad2ecf80c29@group-6EC5452C34DB-LeaderElection1] INFO impl.RoleInfo: 4e75acb7-ab47-4e4e-b8a9-bad2ecf80c29: start 4e75acb7-ab47-4e4e-b8a9-bad2ecf80c29@group-6EC5452C34DB-LeaderStateImpl
dn4_1    | 2023-06-12 10:15:35,882 [EndpointStateMachine task thread for scm2/10.9.0.15:9861 - 0 ] INFO ipc.Client: Retrying connect to server: scm2/10.9.0.15:9861. Already tried 6 time(s); retry policy is RetryUpToMaximumCountWithFixedSleep(maxRetries=15, sleepTime=1000 MILLISECONDS)
dn1_1    | 2023-06-12 10:15:47,015 [3c030830-a72e-4f6f-8f54-144518af6253@group-DD6E9427813E-FollowerState] INFO server.RaftServerConfigKeys: raft.server.rpc.first-election.timeout.max = 5200ms (fallback to raft.server.rpc.timeout.max)
dn1_1    | 2023-06-12 10:15:46,919 [3c030830-a72e-4f6f-8f54-144518af6253@group-E4EF5B9B8C4A-FollowerState] INFO server.RaftServerConfigKeys: raft.server.rpc.first-election.timeout.min = 5s (fallback to raft.server.rpc.timeout.min)
dn1_1    | 2023-06-12 10:15:46,969 [EndpointStateMachine task thread for scm3/10.9.0.16:9861 - 0 ] INFO ipc.Client: Retrying connect to server: scm3/10.9.0.16:9861. Already tried 1 time(s); retry policy is RetryUpToMaximumCountWithFixedSleep(maxRetries=15, sleepTime=1000 MILLISECONDS)
dn1_1    | 2023-06-12 10:15:47,021 [3c030830-a72e-4f6f-8f54-144518af6253@group-E4EF5B9B8C4A-FollowerState] INFO server.RaftServerConfigKeys: raft.server.rpc.first-election.timeout.max = 5200ms (fallback to raft.server.rpc.timeout.max)
dn1_1    | 2023-06-12 10:15:47,054 [EndpointStateMachine task thread for scm1/10.9.0.14:9861 - 0 ] INFO server.RaftServer: 3c030830-a72e-4f6f-8f54-144518af6253: start RPC server
scm2_1   | 2023-06-12 10:15:36,030 [pool-16-thread-1] INFO server.RaftServerConfigKeys: raft.server.retrycache.expirytime = 60000ms (default)
om3_1    | 2023-06-12 10:15:52,666 [main] INFO grpc.GrpcConfigKeys: raft.grpc.client.port = 9872 (fallback to raft.grpc.server.port)
om3_1    | 2023-06-12 10:15:52,671 [main] INFO grpc.GrpcConfigKeys: raft.grpc.server.host = null (default)
om3_1    | 2023-06-12 10:15:52,671 [main] INFO grpc.GrpcConfigKeys: raft.grpc.server.port = 9872 (custom)
dn4_1    | 2023-06-12 10:15:35,885 [EndpointStateMachine task thread for scm1/10.9.0.14:9861 - 0 ] WARN statemachine.EndpointStateMachine: Unable to communicate to SCM server at scm1:9861 for past 0 seconds.
dn1_1    | 2023-06-12 10:15:47,056 [EndpointStateMachine task thread for scm1/10.9.0.14:9861 - 0 ] INFO server.GrpcService: 3c030830-a72e-4f6f-8f54-144518af6253: GrpcService started, listening on 9858
dn1_1    | 2023-06-12 10:15:47,072 [EndpointStateMachine task thread for scm1/10.9.0.14:9861 - 0 ] INFO server.GrpcService: 3c030830-a72e-4f6f-8f54-144518af6253: GrpcService started, listening on 9856
dn1_1    | 2023-06-12 10:15:47,090 [EndpointStateMachine task thread for scm1/10.9.0.14:9861 - 0 ] INFO server.GrpcService: 3c030830-a72e-4f6f-8f54-144518af6253: GrpcService started, listening on 9857
dn1_1    | 2023-06-12 10:15:47,100 [EndpointStateMachine task thread for scm1/10.9.0.14:9861 - 0 ] INFO ratis.XceiverServerRatis: XceiverServerRatis 3c030830-a72e-4f6f-8f54-144518af6253 is started using port 9858 for RATIS
dn1_1    | 2023-06-12 10:15:47,104 [EndpointStateMachine task thread for scm1/10.9.0.14:9861 - 0 ] INFO ratis.XceiverServerRatis: XceiverServerRatis 3c030830-a72e-4f6f-8f54-144518af6253 is started using port 9857 for RATIS_ADMIN
om3_1    | 2023-06-12 10:15:52,671 [main] INFO server.GrpcService: raft.grpc.message.size.max = 33554432 (custom)
om3_1    | 2023-06-12 10:15:52,674 [main] INFO server.RaftServerConfigKeys: raft.server.log.appender.buffer.byte-limit = 33554432 (custom)
om3_1    | 2023-06-12 10:15:52,689 [main] INFO server.GrpcService: raft.grpc.flow.control.window = 1MB (=1048576) (default)
om3_1    | 2023-06-12 10:15:52,689 [main] INFO server.RaftServerConfigKeys: raft.server.rpc.request.timeout = 3000ms (default)
dn4_1    | java.net.SocketTimeoutException: Call From d21a90328fda/10.9.0.20 to scm1:9861 failed on socket timeout exception: java.net.SocketTimeoutException: 5000 millis timeout while waiting for channel to be ready for read. ch : java.nio.channels.SocketChannel[connected local=/10.9.0.20:44600 remote=scm1/10.9.0.14:9861]; For more details see:  http://wiki.apache.org/hadoop/SocketTimeout
dn1_1    | 2023-06-12 10:15:47,104 [EndpointStateMachine task thread for scm1/10.9.0.14:9861 - 0 ] INFO ratis.XceiverServerRatis: XceiverServerRatis 3c030830-a72e-4f6f-8f54-144518af6253 is started using port 9856 for RATIS_SERVER
dn1_1    | 2023-06-12 10:15:47,109 [JvmPauseMonitor0] INFO util.JvmPauseMonitor: JvmPauseMonitor-3c030830-a72e-4f6f-8f54-144518af6253: Started
dn1_1    | 2023-06-12 10:15:47,149 [EndpointStateMachine task thread for scm2/10.9.0.15:9861 - 0 ] INFO ozoneimpl.OzoneContainer: Ignore. OzoneContainer already started.
dn1_1    | 2023-06-12 10:15:48,021 [EndpointStateMachine task thread for scm3/10.9.0.16:9861 - 0 ] INFO ipc.Client: Retrying connect to server: scm3/10.9.0.16:9861. Already tried 2 time(s); retry policy is RetryUpToMaximumCountWithFixedSleep(maxRetries=15, sleepTime=1000 MILLISECONDS)
dn1_1    | 2023-06-12 10:15:49,022 [EndpointStateMachine task thread for scm3/10.9.0.16:9861 - 0 ] INFO ipc.Client: Retrying connect to server: scm3/10.9.0.16:9861. Already tried 3 time(s); retry policy is RetryUpToMaximumCountWithFixedSleep(maxRetries=15, sleepTime=1000 MILLISECONDS)
om3_1    | 2023-06-12 10:15:52,754 [main] INFO grpc.GrpcConfigKeys: raft.grpc.server.heartbeat.channel = true (default)
om3_1    | 2023-06-12 10:15:52,774 [main] INFO grpc.GrpcConfigKeys: raft.grpc.server.async.request.thread.pool.cached = true (default)
om3_1    | 2023-06-12 10:15:52,801 [main] INFO grpc.GrpcConfigKeys: raft.grpc.server.async.request.thread.pool.size = 32 (default)
om3_1    | 2023-06-12 10:15:53,986 [main] INFO impl.DataStreamServerImpl: raft.datastream.type = DISABLED (default)
dn4_1    | 	at java.base/jdk.internal.reflect.NativeConstructorAccessorImpl.newInstance0(Native Method)
om1_1    | 2023-06-12 10:15:55,996 [main] INFO server.RaftServer: om1: addNew group-D66704EFC61C:[om1|rpc:om1:9872|priority:0|startupRole:FOLLOWER, om3|rpc:om3:9872|priority:0|startupRole:FOLLOWER, om2|rpc:om2:9872|priority:0|startupRole:FOLLOWER] returns group-D66704EFC61C:java.util.concurrent.CompletableFuture@15c6027d[Not completed]
om1_1    | 2023-06-12 10:15:55,996 [main] INFO om.OzoneManager: OzoneManager Ratis server initialized at port 9872
om1_1    | 2023-06-12 10:15:56,176 [pool-26-thread-1] INFO server.RaftServer$Division: om1: new RaftServerImpl for group-D66704EFC61C:[om1|rpc:om1:9872|priority:0|startupRole:FOLLOWER, om3|rpc:om3:9872|priority:0|startupRole:FOLLOWER, om2|rpc:om2:9872|priority:0|startupRole:FOLLOWER] with OzoneManagerStateMachine:uninitialized
om3_1    | 2023-06-12 10:15:54,005 [main] INFO server.RaftServerConfigKeys: raft.server.threadpool.proxy.cached = true (default)
om3_1    | 2023-06-12 10:15:54,018 [main] INFO server.RaftServerConfigKeys: raft.server.threadpool.proxy.size = 0 (default)
om3_1    | 2023-06-12 10:15:54,020 [main] INFO server.RaftServerConfigKeys: raft.server.rpc.slowness.timeout = 120s (custom)
om3_1    | 2023-06-12 10:15:54,027 [main] INFO server.RaftServerConfigKeys: raft.server.leaderelection.leader.step-down.wait-time = 10s (default)
dn4_1    | 	at java.base/jdk.internal.reflect.NativeConstructorAccessorImpl.newInstance(NativeConstructorAccessorImpl.java:62)
om1_1    | 2023-06-12 10:15:56,179 [main] INFO om.OzoneManager: Creating RPC Server
om1_1    | 2023-06-12 10:15:56,191 [pool-26-thread-1] INFO server.RaftServerConfigKeys: raft.server.rpc.timeout.min = 5s (custom)
om1_1    | 2023-06-12 10:15:56,201 [pool-26-thread-1] INFO server.RaftServerConfigKeys: raft.server.rpc.timeout.max = 5200ms (custom)
om2_1    | 2023-06-12 10:15:53,270 [main] INFO grpc.GrpcConfigKeys: raft.grpc.server.heartbeat.channel = true (default)
om2_1    | 2023-06-12 10:15:53,321 [main] INFO grpc.GrpcConfigKeys: raft.grpc.server.async.request.thread.pool.cached = true (default)
om2_1    | 2023-06-12 10:15:53,330 [main] INFO grpc.GrpcConfigKeys: raft.grpc.server.async.request.thread.pool.size = 32 (default)
om2_1    | 2023-06-12 10:15:54,666 [main] INFO impl.DataStreamServerImpl: raft.datastream.type = DISABLED (default)
dn4_1    | 	at java.base/jdk.internal.reflect.DelegatingConstructorAccessorImpl.newInstance(DelegatingConstructorAccessorImpl.java:45)
om1_1    | 2023-06-12 10:15:56,201 [pool-26-thread-1] INFO server.RaftServerConfigKeys: raft.server.rpc.sleep.time = 25ms (default)
om1_1    | 2023-06-12 10:15:56,202 [pool-26-thread-1] INFO server.RaftServerConfigKeys: raft.server.rpc.slowness.timeout = 120s (custom)
om1_1    | 2023-06-12 10:15:56,202 [pool-26-thread-1] INFO server.RaftServerConfigKeys: raft.server.leaderelection.leader.step-down.wait-time = 10s (default)
om2_1    | 2023-06-12 10:15:54,693 [main] INFO server.RaftServerConfigKeys: raft.server.threadpool.proxy.cached = true (default)
om2_1    | 2023-06-12 10:15:54,697 [main] INFO server.RaftServerConfigKeys: raft.server.threadpool.proxy.size = 0 (default)
om2_1    | 2023-06-12 10:15:54,701 [main] INFO server.RaftServerConfigKeys: raft.server.rpc.slowness.timeout = 120s (custom)
om2_1    | 2023-06-12 10:15:54,702 [main] INFO server.RaftServerConfigKeys: raft.server.leaderelection.leader.step-down.wait-time = 10s (default)
dn4_1    | 	at java.base/java.lang.reflect.Constructor.newInstance(Constructor.java:490)
om1_1    | 2023-06-12 10:15:56,202 [pool-26-thread-1] INFO server.RaftServerConfigKeys: raft.server.sleep.deviation.threshold = 300ms (default)
om1_1    | 2023-06-12 10:15:56,262 [pool-26-thread-1] INFO server.RaftServer$Division: om1@group-D66704EFC61C: ConfigurationManager, init=-1: peers:[om1|rpc:om1:9872|priority:0|startupRole:FOLLOWER, om3|rpc:om3:9872|priority:0|startupRole:FOLLOWER, om2|rpc:om2:9872|priority:0|startupRole:FOLLOWER]|listeners:[], old=null, confs=<EMPTY_MAP>
om1_1    | 2023-06-12 10:15:56,263 [pool-26-thread-1] INFO server.RaftServerConfigKeys: raft.server.storage.dir = [/data/metadata/ratis] (custom)
om2_1    | 2023-06-12 10:15:54,733 [main] INFO server.RaftServerConfigKeys: raft.server.storage.dir = [/data/metadata/ratis] (custom)
om2_1    | 2023-06-12 10:15:54,802 [om2-impl-thread1] INFO server.RaftServer: om2: found a subdirectory /data/metadata/ratis/5cb24680-b9e7-3c90-a862-d66704efc61c
om2_1    | 2023-06-12 10:15:54,816 [main] INFO server.RaftServer: om2: addNew group-D66704EFC61C:[om1|rpc:om1:9872|priority:0|startupRole:FOLLOWER, om3|rpc:om3:9872|priority:0|startupRole:FOLLOWER, om2|rpc:om2:9872|priority:0|startupRole:FOLLOWER] returns group-D66704EFC61C:java.util.concurrent.CompletableFuture@5927f904[Not completed]
om2_1    | 2023-06-12 10:15:54,817 [main] INFO om.OzoneManager: OzoneManager Ratis server initialized at port 9872
dn4_1    | 	at org.apache.hadoop.net.NetUtils.wrapWithMessage(NetUtils.java:913)
om1_1    | 2023-06-12 10:15:56,357 [pool-26-thread-1] INFO server.RaftServerConfigKeys: raft.server.log.corruption.policy = EXCEPTION (default)
om1_1    | 2023-06-12 10:15:56,357 [pool-26-thread-1] INFO server.RaftServerConfigKeys: raft.server.storage.free-space.min = 0MB (=0) (default)
om1_1    | 2023-06-12 10:15:56,635 [pool-26-thread-1] INFO server.RaftServerConfigKeys: raft.server.notification.no-leader.timeout = 120s (custom)
om2_1    | 2023-06-12 10:15:54,991 [main] INFO om.OzoneManager: Creating RPC Server
om2_1    | 2023-06-12 10:15:55,016 [pool-26-thread-1] INFO server.RaftServer$Division: om2: new RaftServerImpl for group-D66704EFC61C:[om1|rpc:om1:9872|priority:0|startupRole:FOLLOWER, om3|rpc:om3:9872|priority:0|startupRole:FOLLOWER, om2|rpc:om2:9872|priority:0|startupRole:FOLLOWER] with OzoneManagerStateMachine:uninitialized
om2_1    | 2023-06-12 10:15:55,134 [pool-26-thread-1] INFO server.RaftServerConfigKeys: raft.server.rpc.timeout.min = 5s (custom)
scm1_1   | STARTUP_MSG:   build = https://github.com/apache/ozone.git/d0d18a3bff64b90f5f0755edb6003301049ffb32 ; compiled by 'micahzhao' on 2022-12-10T13:23Z
dn2_1    | 2023-06-12 10:15:52,762 [4e75acb7-ab47-4e4e-b8a9-bad2ecf80c29@group-6EC5452C34DB-LeaderElection1] INFO segmented.SegmentedRaftLogWorker: 4e75acb7-ab47-4e4e-b8a9-bad2ecf80c29@group-6EC5452C34DB-SegmentedRaftLogWorker: Rolling segment log-1_2 to index:2
dn2_1    | 2023-06-12 10:15:52,894 [4e75acb7-ab47-4e4e-b8a9-bad2ecf80c29@group-6EC5452C34DB-LeaderElection1] INFO server.RaftServer$Division: 4e75acb7-ab47-4e4e-b8a9-bad2ecf80c29@group-6EC5452C34DB: set configuration 3: peers:[4e75acb7-ab47-4e4e-b8a9-bad2ecf80c29|rpc:10.9.0.18:9856|admin:10.9.0.18:9857|client:10.9.0.18:9858|dataStream:|priority:1|startupRole:FOLLOWER]|listeners:[], old=null
dn2_1    | 2023-06-12 10:15:52,899 [4e75acb7-ab47-4e4e-b8a9-bad2ecf80c29@group-6EC5452C34DB-SegmentedRaftLogWorker] INFO segmented.SegmentedRaftLogWorker: 4e75acb7-ab47-4e4e-b8a9-bad2ecf80c29@group-6EC5452C34DB-SegmentedRaftLogWorker: Rolled log segment from /data/metadata/ratis/e44c9ee0-8daa-4eef-b191-6ec5452c34db/current/log_inprogress_1 to /data/metadata/ratis/e44c9ee0-8daa-4eef-b191-6ec5452c34db/current/log_1-2
dn2_1    | 2023-06-12 10:15:52,975 [4e75acb7-ab47-4e4e-b8a9-bad2ecf80c29@group-6EC5452C34DB-SegmentedRaftLogWorker] INFO segmented.SegmentedRaftLogWorker: 4e75acb7-ab47-4e4e-b8a9-bad2ecf80c29@group-6EC5452C34DB-SegmentedRaftLogWorker: created new log segment /data/metadata/ratis/e44c9ee0-8daa-4eef-b191-6ec5452c34db/current/log_inprogress_3
dn4_1    | 	at org.apache.hadoop.net.NetUtils.wrapException(NetUtils.java:848)
om1_1    | 2023-06-12 10:15:56,666 [pool-26-thread-1] INFO server.RaftServerConfigKeys: raft.server.retrycache.expirytime = 300s (custom)
om1_1    | 2023-06-12 10:15:56,677 [pool-26-thread-1] INFO server.RaftServerConfigKeys: raft.server.retrycache.statistics.expirytime = 100?s (default)
om1_1    | 2023-06-12 10:15:57,430 [pool-26-thread-1] INFO server.RaftServerConfigKeys: raft.server.log.appender.install.snapshot.enabled = false (custom)
om2_1    | 2023-06-12 10:15:55,175 [pool-26-thread-1] INFO server.RaftServerConfigKeys: raft.server.rpc.timeout.max = 5200ms (custom)
scm1_1   | STARTUP_MSG:   java = 11.0.14.1
om3_1    | 2023-06-12 10:15:54,031 [main] INFO server.RaftServerConfigKeys: raft.server.storage.dir = [/data/metadata/ratis] (custom)
scm2_1   | 2023-06-12 10:15:36,031 [pool-16-thread-1] INFO server.RaftServerConfigKeys: raft.server.retrycache.statistics.expirytime = 100?s (default)
dn2_1    | 2023-06-12 10:16:00,193 [EndpointStateMachine task thread for scm3/10.9.0.16:9861 - 0 ] INFO ozoneimpl.OzoneContainer: Ignore. OzoneContainer already started.
scm3_1   | 2023-06-12 10:15:42,543 [main] INFO ha.SCMSnapshotProvider: Initializing SCM Snapshot Provider
scm3_1   | 2023-06-12 10:15:42,543 [main] WARN server.ServerUtils: Storage directory for Ratis is not configured. It is a good idea to map this to an SSD disk. Falling back to ozone.metadata.dirs
scm3_1   | 2023-06-12 10:15:42,544 [main] WARN ha.SCMHAUtils: SCM snapshot dir is not configured. Falling back to ozone.metadata.dirs config
dn4_1    | 	at org.apache.hadoop.ipc.Client.getRpcResponse(Client.java:1616)
dn3_1    | 	at org.apache.hadoop.ozone.container.common.states.endpoint.VersionEndpointTask.call(VersionEndpointTask.java:69)
om1_1    | 2023-06-12 10:15:57,441 [pool-26-thread-1] INFO server.RaftServerConfigKeys: raft.server.threadpool.server.cached = true (default)
recon_1  | 	at org.apache.hadoop.ipc.Server$RpcCall.run(Server.java:971)
om2_1    | 2023-06-12 10:15:55,175 [pool-26-thread-1] INFO server.RaftServerConfigKeys: raft.server.rpc.sleep.time = 25ms (default)
scm1_1   | ************************************************************/
om3_1    | 2023-06-12 10:15:54,075 [om3-impl-thread1] INFO server.RaftServer: om3: found a subdirectory /data/metadata/ratis/5cb24680-b9e7-3c90-a862-d66704efc61c
scm2_1   | 2023-06-12 10:15:36,232 [pool-16-thread-1] INFO server.RaftServerConfigKeys: raft.server.log.appender.install.snapshot.enabled = false (custom)
scm3_1   | 2023-06-12 10:15:42,625 [main] INFO upgrade.AbstractLayoutVersionManager: Initializing Layout version manager with metadata layout = DATANODE_SCHEMA_V3 (version = 4), software layout = DATANODE_SCHEMA_V3 (version = 4)
dn1_1    | 2023-06-12 10:15:50,023 [EndpointStateMachine task thread for scm3/10.9.0.16:9861 - 0 ] INFO ipc.Client: Retrying connect to server: scm3/10.9.0.16:9861. Already tried 4 time(s); retry policy is RetryUpToMaximumCountWithFixedSleep(maxRetries=15, sleepTime=1000 MILLISECONDS)
dn5_1    | 2023-06-12 10:15:46,417 [EndpointStateMachine task thread for scm1/10.9.0.14:9861 - 0 ] INFO server.RaftServer: d7cb11b5-fdfc-4a25-a96f-ccccb7dedae3: start RPC server
dn4_1    | 	at org.apache.hadoop.ipc.Client.call(Client.java:1558)
dn4_1    | 	at org.apache.hadoop.ipc.Client.call(Client.java:1455)
om1_1    | 2023-06-12 10:15:57,443 [pool-26-thread-1] INFO server.RaftServerConfigKeys: raft.server.threadpool.server.size = 0 (default)
recon_1  | 	at java.base/java.security.AccessController.doPrivileged(Native Method)
om2_1    | 2023-06-12 10:15:55,176 [pool-26-thread-1] INFO server.RaftServerConfigKeys: raft.server.rpc.slowness.timeout = 120s (custom)
scm1_1   | 2023-06-12 10:14:52,014 [main] INFO server.StorageContainerManagerStarter: registered UNIX signal handlers for [TERM, HUP, INT]
om3_1    | 2023-06-12 10:15:54,090 [main] INFO server.RaftServer: om3: addNew group-D66704EFC61C:[om1|rpc:om1:9872|priority:0|startupRole:FOLLOWER, om3|rpc:om3:9872|priority:0|startupRole:FOLLOWER, om2|rpc:om2:9872|priority:0|startupRole:FOLLOWER] returns group-D66704EFC61C:java.util.concurrent.CompletableFuture@413d2cd1[Not completed]
scm2_1   | 2023-06-12 10:15:36,237 [pool-16-thread-1] INFO server.RaftServerConfigKeys: raft.server.threadpool.server.cached = true (default)
scm3_1   | 2023-06-12 10:15:43,039 [main] INFO reflections.Reflections: Reflections took 329 ms to scan 3 urls, producing 112 keys and 252 values 
dn1_1    | 2023-06-12 10:15:51,024 [EndpointStateMachine task thread for scm3/10.9.0.16:9861 - 0 ] INFO ipc.Client: Retrying connect to server: scm3/10.9.0.16:9861. Already tried 5 time(s); retry policy is RetryUpToMaximumCountWithFixedSleep(maxRetries=15, sleepTime=1000 MILLISECONDS)
dn1_1    | 2023-06-12 10:15:52,009 [3c030830-a72e-4f6f-8f54-144518af6253@group-4675AE3D33CA-FollowerState] INFO impl.FollowerState: 3c030830-a72e-4f6f-8f54-144518af6253@group-4675AE3D33CA-FollowerState: change to CANDIDATE, lastRpcElapsedTime:5111007556ns, electionTimeout:5059ms
dn1_1    | 2023-06-12 10:15:52,010 [3c030830-a72e-4f6f-8f54-144518af6253@group-4675AE3D33CA-FollowerState] INFO impl.RoleInfo: 3c030830-a72e-4f6f-8f54-144518af6253: shutdown 3c030830-a72e-4f6f-8f54-144518af6253@group-4675AE3D33CA-FollowerState
dn3_1    | 	at org.apache.hadoop.ozone.container.common.states.endpoint.VersionEndpointTask.call(VersionEndpointTask.java:40)
om1_1    | 2023-06-12 10:15:57,461 [pool-26-thread-1] INFO server.RaftServerConfigKeys: raft.server.threadpool.client.cached = true (default)
recon_1  | 	at java.base/javax.security.auth.Subject.doAs(Subject.java:423)
recon_1  | 	at org.apache.hadoop.security.UserGroupInformation.doAs(UserGroupInformation.java:1878)
recon_1  | 	at org.apache.hadoop.ipc.Server$Handler.run(Server.java:2976)
recon_1  | , while invoking $Proxy43.submitRequest over nodeId=scm1,nodeAddress=scm1/10.9.0.14:9860 after 3 failover attempts. Trying to failover after sleeping for 2000ms.
recon_1  | 2023-06-12 10:15:41,499 [Listener at 0.0.0.0/9891] INFO retry.RetryInvocationHandler: com.google.protobuf.ServiceException: org.apache.hadoop.ipc.RemoteException(org.apache.hadoop.hdds.ratis.ServerNotLeaderException): Server:7740519e-fe5b-4936-af00-27e2eba71ce5 is not the leader. Could not determine the leader node.
scm3_1   | 2023-06-12 10:15:43,170 [main] INFO ha.SequenceIdGenerator: Init the HA SequenceIdGenerator.
dn5_1    | 2023-06-12 10:15:46,445 [EndpointStateMachine task thread for scm1/10.9.0.14:9861 - 0 ] INFO server.GrpcService: d7cb11b5-fdfc-4a25-a96f-ccccb7dedae3: GrpcService started, listening on 9858
dn1_1    | 2023-06-12 10:15:52,010 [3c030830-a72e-4f6f-8f54-144518af6253@group-4675AE3D33CA-FollowerState] INFO server.RaftServer$Division: 3c030830-a72e-4f6f-8f54-144518af6253@group-4675AE3D33CA: changes role from  FOLLOWER to CANDIDATE at term 2 for changeToCandidate
dn4_1    | 	at org.apache.hadoop.ipc.ProtobufRpcEngine$Invoker.invoke(ProtobufRpcEngine.java:235)
dn3_1    | 	at java.base/java.util.concurrent.FutureTask.run(FutureTask.java:264)
recon_1  | 	at org.apache.hadoop.hdds.ratis.ServerNotLeaderException.convertToNotLeaderException(ServerNotLeaderException.java:109)
scm1_1   | 2023-06-12 10:14:52,937 [main] WARN server.ServerUtils: ozone.scm.db.dirs is not configured. We recommend adding this setting. Falling back to ozone.metadata.dirs instead.
om2_1    | 2023-06-12 10:15:55,176 [pool-26-thread-1] INFO server.RaftServerConfigKeys: raft.server.leaderelection.leader.step-down.wait-time = 10s (default)
om3_1    | 2023-06-12 10:15:54,091 [main] INFO om.OzoneManager: OzoneManager Ratis server initialized at port 9872
scm2_1   | 2023-06-12 10:15:36,237 [pool-16-thread-1] INFO server.RaftServerConfigKeys: raft.server.threadpool.server.size = 0 (default)
scm3_1   | 2023-06-12 10:15:43,256 [main] INFO node.SCMNodeManager: Entering startup safe mode.
om1_1    | 2023-06-12 10:15:57,463 [pool-26-thread-1] INFO server.RaftServerConfigKeys: raft.server.threadpool.client.size = 0 (default)
dn5_1    | 2023-06-12 10:15:46,446 [EndpointStateMachine task thread for scm1/10.9.0.14:9861 - 0 ] INFO server.GrpcService: d7cb11b5-fdfc-4a25-a96f-ccccb7dedae3: GrpcService started, listening on 9856
dn5_1    | 2023-06-12 10:15:46,447 [EndpointStateMachine task thread for scm1/10.9.0.14:9861 - 0 ] INFO server.GrpcService: d7cb11b5-fdfc-4a25-a96f-ccccb7dedae3: GrpcService started, listening on 9857
dn4_1    | 	at org.apache.hadoop.ipc.ProtobufRpcEngine$Invoker.invoke(ProtobufRpcEngine.java:122)
dn3_1    | 	at java.base/java.util.concurrent.ThreadPoolExecutor.runWorker(ThreadPoolExecutor.java:1128)
recon_1  | 	at org.apache.hadoop.hdds.scm.ha.RatisUtil.checkRatisException(RatisUtil.java:246)
recon_1  | 	at org.apache.hadoop.hdds.scm.protocol.StorageContainerLocationProtocolServerSideTranslatorPB.submitRequest(StorageContainerLocationProtocolServerSideTranslatorPB.java:193)
scm1_1   | 2023-06-12 10:14:53,541 [main] INFO ha.SCMHANodeDetails: ServiceID for StorageContainerManager is null
om3_1    | 2023-06-12 10:15:54,273 [main] INFO om.OzoneManager: Creating RPC Server
scm2_1   | 2023-06-12 10:15:36,239 [pool-16-thread-1] INFO server.RaftServerConfigKeys: raft.server.threadpool.client.cached = true (default)
scm3_1   | 2023-06-12 10:15:43,302 [main] INFO algorithms.ContainerPlacementPolicyFactory: Create container placement policy of type org.apache.hadoop.hdds.scm.container.placement.algorithms.SCMContainerPlacementRandom
om1_1    | 2023-06-12 10:15:58,848 [main] INFO reflections.Reflections: Reflections took 2454 ms to scan 8 urls, producing 23 keys and 521 values [using 2 cores]
dn5_1    | 2023-06-12 10:15:46,487 [EndpointStateMachine task thread for scm1/10.9.0.14:9861 - 0 ] INFO ratis.XceiverServerRatis: XceiverServerRatis d7cb11b5-fdfc-4a25-a96f-ccccb7dedae3 is started using port 9858 for RATIS
dn1_1    | 2023-06-12 10:15:52,012 [3c030830-a72e-4f6f-8f54-144518af6253@group-4675AE3D33CA-FollowerState] INFO server.RaftServerConfigKeys: raft.server.leaderelection.pre-vote = false (custom)
dn4_1    | 	at com.sun.proxy.$Proxy38.submitRequest(Unknown Source)
dn3_1    | 	at java.base/java.util.concurrent.ThreadPoolExecutor$Worker.run(ThreadPoolExecutor.java:628)
recon_1  | 	at org.apache.hadoop.hdds.protocol.proto.StorageContainerLocationProtocolProtos$StorageContainerLocationProtocolService$2.callBlockingMethod(StorageContainerLocationProtocolProtos.java:62732)
om2_1    | 2023-06-12 10:15:55,176 [pool-26-thread-1] INFO server.RaftServerConfigKeys: raft.server.sleep.deviation.threshold = 300ms (default)
scm1_1   | 2023-06-12 10:14:53,769 [main] INFO ha.SCMHANodeDetails: ozone.scm.default.service.id is not defined, falling back to ozone.scm.service.ids to find serviceID for StorageContainerManager if it is HA enabled cluster
om3_1    | 2023-06-12 10:15:54,275 [pool-26-thread-1] INFO server.RaftServer$Division: om3: new RaftServerImpl for group-D66704EFC61C:[om1|rpc:om1:9872|priority:0|startupRole:FOLLOWER, om3|rpc:om3:9872|priority:0|startupRole:FOLLOWER, om2|rpc:om2:9872|priority:0|startupRole:FOLLOWER] with OzoneManagerStateMachine:uninitialized
scm2_1   | 2023-06-12 10:15:36,239 [pool-16-thread-1] INFO server.RaftServerConfigKeys: raft.server.threadpool.client.size = 0 (default)
scm3_1   | 2023-06-12 10:15:43,307 [main] INFO algorithms.ContainerPlacementPolicyFactory: Create container placement policy of type org.apache.hadoop.hdds.scm.container.placement.algorithms.SCMContainerPlacementRackScatter
om1_1    | 2023-06-12 10:15:59,376 [main] INFO ipc.CallQueueManager: Using callQueue: class java.util.concurrent.LinkedBlockingQueue, queueCapacity: 10000, scheduler: class org.apache.hadoop.ipc.DefaultRpcScheduler, ipcBackoff: false.
dn5_1    | 2023-06-12 10:15:46,487 [EndpointStateMachine task thread for scm1/10.9.0.14:9861 - 0 ] INFO ratis.XceiverServerRatis: XceiverServerRatis d7cb11b5-fdfc-4a25-a96f-ccccb7dedae3 is started using port 9857 for RATIS_ADMIN
dn1_1    | 2023-06-12 10:15:52,013 [3c030830-a72e-4f6f-8f54-144518af6253@group-4675AE3D33CA-FollowerState] INFO impl.RoleInfo: 3c030830-a72e-4f6f-8f54-144518af6253: start 3c030830-a72e-4f6f-8f54-144518af6253@group-4675AE3D33CA-LeaderElection1
dn4_1    | 	at org.apache.hadoop.ozone.protocolPB.StorageContainerDatanodeProtocolClientSideTranslatorPB.submitRequest(StorageContainerDatanodeProtocolClientSideTranslatorPB.java:117)
dn3_1    | 	at java.base/java.lang.Thread.run(Thread.java:829)
recon_1  | 	at org.apache.hadoop.ipc.ProtobufRpcEngine$Server.processCall(ProtobufRpcEngine.java:465)
om2_1    | 2023-06-12 10:15:55,378 [pool-26-thread-1] INFO server.RaftServer$Division: om2@group-D66704EFC61C: ConfigurationManager, init=-1: peers:[om1|rpc:om1:9872|priority:0|startupRole:FOLLOWER, om3|rpc:om3:9872|priority:0|startupRole:FOLLOWER, om2|rpc:om2:9872|priority:0|startupRole:FOLLOWER]|listeners:[], old=null, confs=<EMPTY_MAP>
scm1_1   | 2023-06-12 10:14:54,477 [main] INFO ha.SCMHANodeDetails: Found matching SCM address with SCMServiceId: scmservice, SCMNodeId: scm1, RPC Address: scm1:9894 and Ratis port: 9894
om3_1    | 2023-06-12 10:15:54,320 [pool-26-thread-1] INFO server.RaftServerConfigKeys: raft.server.rpc.timeout.min = 5s (custom)
scm2_1   | 2023-06-12 10:15:36,244 [main] INFO ha.SCMSnapshotProvider: Initializing SCM Snapshot Provider
scm3_1   | 2023-06-12 10:15:43,442 [main] INFO algorithms.LeaderChoosePolicyFactory: Create leader choose policy of type org.apache.hadoop.hdds.scm.pipeline.leader.choose.algorithms.MinLeaderCountChoosePolicy
om1_1    | 2023-06-12 10:15:59,403 [Socket Reader #1 for port 9862] INFO ipc.Server: Starting Socket Reader #1 for port 9862
dn5_1    | 2023-06-12 10:15:46,487 [EndpointStateMachine task thread for scm1/10.9.0.14:9861 - 0 ] INFO ratis.XceiverServerRatis: XceiverServerRatis d7cb11b5-fdfc-4a25-a96f-ccccb7dedae3 is started using port 9856 for RATIS_SERVER
dn1_1    | 2023-06-12 10:15:52,126 [3c030830-a72e-4f6f-8f54-144518af6253@group-4675AE3D33CA-LeaderElection1] INFO impl.LeaderElection: 3c030830-a72e-4f6f-8f54-144518af6253@group-4675AE3D33CA-LeaderElection1 ELECTION round 0: submit vote requests at term 3 for 8: peers:[3c030830-a72e-4f6f-8f54-144518af6253|rpc:10.9.0.17:9856|admin:10.9.0.17:9857|client:10.9.0.17:9858|dataStream:|priority:0|startupRole:FOLLOWER, 78f8fca8-1c45-4717-8e79-22872958dcce|rpc:10.9.0.20:9856|admin:10.9.0.20:9857|client:10.9.0.20:9858|dataStream:|priority:0|startupRole:FOLLOWER, d6f449c5-6fac-4083-a27e-b83edf3e8b1c|rpc:10.9.0.19:9856|admin:10.9.0.19:9857|client:10.9.0.19:9858|dataStream:|priority:1|startupRole:FOLLOWER]|listeners:[], old=null
dn4_1    | 	at org.apache.hadoop.ozone.protocolPB.StorageContainerDatanodeProtocolClientSideTranslatorPB.getVersion(StorageContainerDatanodeProtocolClientSideTranslatorPB.java:133)
dn3_1    | Caused by: java.net.SocketTimeoutException: 5000 millis timeout while waiting for channel to be ready for read. ch : java.nio.channels.SocketChannel[connected local=/10.9.0.19:59360 remote=scm1/10.9.0.14:9861]
recon_1  | 	at org.apache.hadoop.ipc.ProtobufRpcEngine2$Server$ProtoBufRpcInvoker.call(ProtobufRpcEngine2.java:578)
om2_1    | 2023-06-12 10:15:55,389 [pool-26-thread-1] INFO server.RaftServerConfigKeys: raft.server.storage.dir = [/data/metadata/ratis] (custom)
scm1_1   | 2023-06-12 10:14:54,479 [main] INFO ha.SCMHANodeDetails: Setting configuration key ozone.scm.address with value of key ozone.scm.address.scmservice.scm1: scm1
om3_1    | 2023-06-12 10:15:54,344 [pool-26-thread-1] INFO server.RaftServerConfigKeys: raft.server.rpc.timeout.max = 5200ms (custom)
scm2_1   | 2023-06-12 10:15:36,245 [main] WARN server.ServerUtils: Storage directory for Ratis is not configured. It is a good idea to map this to an SSD disk. Falling back to ozone.metadata.dirs
scm3_1   | 2023-06-12 10:15:43,442 [main] INFO algorithms.ContainerPlacementPolicyFactory: Create container placement policy of type org.apache.hadoop.hdds.scm.container.placement.algorithms.SCMContainerPlacementRackScatter
om1_1    | 2023-06-12 10:15:59,588 [Listener at om1/9862] INFO om.OzoneManagerPrepareState: Deleted prepare marker file: /data/metadata/current/prepareMarker
dn5_1    | 2023-06-12 10:15:46,576 [EndpointStateMachine task thread for scm2/10.9.0.15:9861 - 0 ] INFO ozoneimpl.OzoneContainer: Ignore. OzoneContainer already started.
dn1_1    | 2023-06-12 10:15:52,120 [3c030830-a72e-4f6f-8f54-144518af6253@group-DD6E9427813E-FollowerState] INFO impl.FollowerState: 3c030830-a72e-4f6f-8f54-144518af6253@group-DD6E9427813E-FollowerState: change to CANDIDATE, lastRpcElapsedTime:5209538243ns, electionTimeout:5098ms
dn4_1    | 	at org.apache.hadoop.ozone.container.common.states.endpoint.VersionEndpointTask.call(VersionEndpointTask.java:69)
om2_1    | 2023-06-12 10:15:55,536 [pool-26-thread-1] INFO server.RaftServerConfigKeys: raft.server.log.corruption.policy = EXCEPTION (default)
om2_1    | 2023-06-12 10:15:55,541 [pool-26-thread-1] INFO server.RaftServerConfigKeys: raft.server.storage.free-space.min = 0MB (=0) (default)
om3_1    | 2023-06-12 10:15:54,344 [pool-26-thread-1] INFO server.RaftServerConfigKeys: raft.server.rpc.sleep.time = 25ms (default)
scm2_1   | 2023-06-12 10:15:36,245 [main] WARN ha.SCMHAUtils: SCM snapshot dir is not configured. Falling back to ozone.metadata.dirs config
scm3_1   | 2023-06-12 10:15:43,459 [main] INFO ha.SCMServiceManager: Registering service BackgroundPipelineCreator.
om1_1    | 2023-06-12 10:16:00,092 [Listener at om1/9862] INFO impl.MetricsConfig: Loaded properties from hadoop-metrics2.properties
om1_1    | 2023-06-12 10:16:00,149 [Listener at om1/9862] INFO impl.MetricsSystemImpl: Scheduled Metric snapshot period at 10 second(s).
om1_1    | 2023-06-12 10:16:00,149 [Listener at om1/9862] INFO impl.MetricsSystemImpl: OzoneManager metrics system started
om1_1    | 2023-06-12 10:16:00,366 [Listener at om1/9862] INFO om.OzoneManager: OzoneManager RPC server is listening at om1/10.9.0.11:9862
dn1_1    | 2023-06-12 10:15:52,160 [3c030830-a72e-4f6f-8f54-144518af6253@group-DD6E9427813E-FollowerState] INFO impl.RoleInfo: 3c030830-a72e-4f6f-8f54-144518af6253: shutdown 3c030830-a72e-4f6f-8f54-144518af6253@group-DD6E9427813E-FollowerState
dn1_1    | 2023-06-12 10:15:52,161 [3c030830-a72e-4f6f-8f54-144518af6253@group-DD6E9427813E-FollowerState] INFO server.RaftServer$Division: 3c030830-a72e-4f6f-8f54-144518af6253@group-DD6E9427813E: changes role from  FOLLOWER to CANDIDATE at term 2 for changeToCandidate
dn1_1    | 2023-06-12 10:15:52,161 [3c030830-a72e-4f6f-8f54-144518af6253@group-DD6E9427813E-FollowerState] INFO server.RaftServerConfigKeys: raft.server.leaderelection.pre-vote = false (custom)
dn5_1    | 2023-06-12 10:15:46,580 [JvmPauseMonitor0] INFO util.JvmPauseMonitor: JvmPauseMonitor-d7cb11b5-fdfc-4a25-a96f-ccccb7dedae3: Started
scm1_1   | 2023-06-12 10:15:05,873 [main] WARN utils.HAUtils: ozone.scm.db.dirs is not configured. We recommend adding this setting. Falling back to ozone.metadata.dirs instead.
om3_1    | 2023-06-12 10:15:54,352 [pool-26-thread-1] INFO server.RaftServerConfigKeys: raft.server.rpc.slowness.timeout = 120s (custom)
scm2_1   | 2023-06-12 10:15:36,256 [main] INFO upgrade.AbstractLayoutVersionManager: Initializing Layout version manager with metadata layout = DATANODE_SCHEMA_V3 (version = 4), software layout = DATANODE_SCHEMA_V3 (version = 4)
scm3_1   | 2023-06-12 10:15:43,465 [main] INFO pipeline.BackgroundPipelineCreator: Starting RatisPipelineUtilsThread.
recon_1  | 	at org.apache.hadoop.ipc.ProtobufRpcEngine2$Server$ProtoBufRpcInvoker.call(ProtobufRpcEngine2.java:556)
dn3_1    | 	at org.apache.hadoop.net.SocketIOWithTimeout.doIO(SocketIOWithTimeout.java:163)
om1_1    | 2023-06-12 10:16:00,366 [Listener at om1/9862] INFO ratis.OzoneManagerRatisServer: Starting OzoneManagerRatisServer om1 at port 9872
dn1_1    | 2023-06-12 10:15:52,161 [3c030830-a72e-4f6f-8f54-144518af6253@group-DD6E9427813E-FollowerState] INFO impl.RoleInfo: 3c030830-a72e-4f6f-8f54-144518af6253: start 3c030830-a72e-4f6f-8f54-144518af6253@group-DD6E9427813E-LeaderElection2
dn4_1    | 	at org.apache.hadoop.ozone.container.common.states.endpoint.VersionEndpointTask.call(VersionEndpointTask.java:40)
dn4_1    | 	at java.base/java.util.concurrent.FutureTask.run(FutureTask.java:264)
dn5_1    | 2023-06-12 10:15:47,328 [EndpointStateMachine task thread for scm3/10.9.0.16:9861 - 0 ] INFO ipc.Client: Retrying connect to server: scm3/10.9.0.16:9861. Already tried 3 time(s); retry policy is RetryUpToMaximumCountWithFixedSleep(maxRetries=15, sleepTime=1000 MILLISECONDS)
dn5_1    | 2023-06-12 10:15:48,329 [EndpointStateMachine task thread for scm3/10.9.0.16:9861 - 0 ] INFO ipc.Client: Retrying connect to server: scm3/10.9.0.16:9861. Already tried 4 time(s); retry policy is RetryUpToMaximumCountWithFixedSleep(maxRetries=15, sleepTime=1000 MILLISECONDS)
scm1_1   | 2023-06-12 10:15:09,604 [main] WARN db.DBStoreBuilder: ozone.scm.db.dirs is not configured. We recommend adding this setting. Falling back to ozone.metadata.dirs instead.
om3_1    | 2023-06-12 10:15:54,352 [pool-26-thread-1] INFO server.RaftServerConfigKeys: raft.server.leaderelection.leader.step-down.wait-time = 10s (default)
scm2_1   | 2023-06-12 10:15:36,412 [main] INFO reflections.Reflections: Reflections took 121 ms to scan 3 urls, producing 112 keys and 252 values 
scm3_1   | 2023-06-12 10:15:43,486 [main] INFO BackgroundPipelineScrubber: Starting BackgroundPipelineScrubber Service.
recon_1  | 	at org.apache.hadoop.ipc.RPC$Server.call(RPC.java:1093)
dn3_1    | 	at org.apache.hadoop.net.SocketInputStream.read(SocketInputStream.java:161)
dn3_1    | 	at org.apache.hadoop.net.SocketInputStream.read(SocketInputStream.java:131)
dn4_1    | 	at java.base/java.util.concurrent.ThreadPoolExecutor.runWorker(ThreadPoolExecutor.java:1128)
om2_1    | 2023-06-12 10:15:55,725 [pool-26-thread-1] INFO server.RaftServerConfigKeys: raft.server.notification.no-leader.timeout = 120s (custom)
dn1_1    | 2023-06-12 10:15:52,172 [3c030830-a72e-4f6f-8f54-144518af6253@group-E4EF5B9B8C4A-FollowerState] INFO impl.FollowerState: 3c030830-a72e-4f6f-8f54-144518af6253@group-E4EF5B9B8C4A-FollowerState: change to CANDIDATE, lastRpcElapsedTime:5257359355ns, electionTimeout:5144ms
dn5_1    | 2023-06-12 10:15:49,345 [EndpointStateMachine task thread for scm3/10.9.0.16:9861 - 0 ] INFO ipc.Client: Retrying connect to server: scm3/10.9.0.16:9861. Already tried 5 time(s); retry policy is RetryUpToMaximumCountWithFixedSleep(maxRetries=15, sleepTime=1000 MILLISECONDS)
scm1_1   | 2023-06-12 10:15:12,396 [main] INFO net.NodeSchemaLoader: Loading schema from [file:/etc/hadoop/network-topology-default.xml, jar:file:/opt/hadoop/share/ozone/lib/hdds-common-1.3.0.jar!/network-topology-default.xml]
om3_1    | 2023-06-12 10:15:54,353 [pool-26-thread-1] INFO server.RaftServerConfigKeys: raft.server.sleep.deviation.threshold = 300ms (default)
scm2_1   | 2023-06-12 10:15:36,464 [main] INFO ha.SequenceIdGenerator: Init the HA SequenceIdGenerator.
scm3_1   | 2023-06-12 10:15:43,490 [main] INFO ha.SCMServiceManager: Registering service BackgroundPipelineScrubber.
recon_1  | 	at org.apache.hadoop.ipc.Server$RpcCall.run(Server.java:1043)
dn3_1    | 	at java.base/java.io.FilterInputStream.read(FilterInputStream.java:133)
om1_1    | 2023-06-12 10:16:00,390 [om1-impl-thread1] INFO storage.RaftStorageDirectory: Lock on /data/metadata/ratis/5cb24680-b9e7-3c90-a862-d66704efc61c/in_use.lock acquired by nodename 6@183ac6fa18e0
dn4_1    | 	at java.base/java.util.concurrent.ThreadPoolExecutor$Worker.run(ThreadPoolExecutor.java:628)
om2_1    | 2023-06-12 10:15:55,861 [pool-26-thread-1] INFO server.RaftServerConfigKeys: raft.server.retrycache.expirytime = 300s (custom)
