scm_1    | 2023-03-10 22:48:14,105 [main] INFO server.StorageContainerManagerStarter: registered UNIX signal handlers for [TERM, HUP, INT]
scm_1    | 2023-03-10 22:48:15,535 [main] INFO ha.SCMHANodeDetails: ServiceID for StorageContainerManager is null
scm_1    | 2023-03-10 22:48:15,613 [main] INFO ha.SCMHANodeDetails: ozone.scm.default.service.id is not defined, falling back to ozone.scm.service.ids to find serviceID for StorageContainerManager if it is HA enabled cluster
om2_1    | address: "om1:9872"
dn4_1    | 2023-03-10 22:48:43,718 [pool-34-thread-1] INFO server.RaftServer$Division: e78c5ce1-46ab-4889-a0cd-5903ae46614d@group-D98E5419B7A9: set configuration 1: [e78c5ce1-46ab-4889-a0cd-5903ae46614d|rpc:10.9.0.18:9856|admin:10.9.0.18:9857|client:10.9.0.18:9858|dataStream:|priority:1], old=null
dn4_1    | 2023-03-10 22:48:43,749 [pool-34-thread-1] INFO segmented.LogSegment: Successfully read 2 entries from segment file /data/metadata/ratis/8581ae3d-c50a-4a49-9d70-d98e5419b7a9/current/log_inprogress_1
om3_1    | 2023-03-10 22:48:59,842 [main] INFO snapshot.OzoneManagerSnapshotProvider: Initializing OM Snapshot Provider
s3g_1    | 2023-03-10 22:48:09,029 [main] INFO server.session: No SessionScavenger set, using defaults
recon_1  | 2023-03-10 22:48:45,355 [main] INFO net.NetworkTopologyImpl: Added a new node: /default-rack/1a6d358d-6662-4447-914c-d709a67ff716
recon_1  | 2023-03-10 22:48:45,355 [main] INFO node.SCMNodeManager: Registered Data node : 1a6d358d-6662-4447-914c-d709a67ff716{ip: 10.9.0.17, host: f82e350e81c9, ports: [REPLICATION=9886], networkLocation: /default-rack, certSerialId: null, persistedOpState: IN_SERVICE, persistedOpStateExpiryEpochSec: 0}
om2_1    | , id: "om3"
om1_1    | 2023-03-10 22:49:00,291 [main] INFO ratis.OzoneManagerRatisServer: Instantiating OM Ratis server with groupID: omservice and peers: om1:9872, om3:9872, om2:9872
om1_1    | 2023-03-10 22:49:00,320 [main] INFO ratis.OzoneManagerStateMachine: LastAppliedIndex is set from TransactionInfo from OM DB as (t:3, i:65)
om3_1    | 2023-03-10 22:49:00,955 [main] INFO metrics.MetricRegistries: Loaded MetricRegistries class org.apache.ratis.metrics.impl.MetricRegistriesImpl
s3g_1    | 2023-03-10 22:48:09,063 [main] INFO server.session: node0 Scavenging every 660000ms
recon_1  | 2023-03-10 22:48:45,355 [main] INFO net.NetworkTopologyImpl: Added a new node: /default-rack/3892a4e1-c878-42af-adb7-db66a90d61f4
scm_1    | 2023-03-10 22:48:17,656 [main] WARN server.ServerUtils: ozone.scm.db.dirs is not configured. We recommend adding this setting. Falling back to ozone.metadata.dirs instead.
om2_1    | address: "om3:9872"
om1_1    | 2023-03-10 22:49:00,469 [main] INFO server.RaftServer: raft.rpc.type = GRPC (default)
om1_1    | 2023-03-10 22:49:01,212 [main] INFO grpc.GrpcConfigKeys: raft.grpc.admin.port = -1 (default)
dn2_1    | 2023-03-10 22:49:00,731 [3892a4e1-c878-42af-adb7-db66a90d61f4@group-5B98FDC36F00-FollowerState] INFO impl.RoleInfo: 3892a4e1-c878-42af-adb7-db66a90d61f4: start 3892a4e1-c878-42af-adb7-db66a90d61f4@group-5B98FDC36F00-LeaderElection3
dn2_1    | 2023-03-10 22:49:00,769 [3892a4e1-c878-42af-adb7-db66a90d61f4@group-CBC13A60F575-FollowerState] INFO impl.RoleInfo: 3892a4e1-c878-42af-adb7-db66a90d61f4: start 3892a4e1-c878-42af-adb7-db66a90d61f4@group-CBC13A60F575-LeaderElection2
dn2_1    | 2023-03-10 22:49:00,839 [3892a4e1-c878-42af-adb7-db66a90d61f4@group-676BAB171C02-LeaderElection1] INFO server.RaftServerConfigKeys: raft.server.write.element-limit = 1024 (custom)
om3_1    | 2023-03-10 22:49:01,084 [main] WARN server.ServerUtils: Storage directory for Ratis is not configured. It is a good idea to map this to an SSD disk. Falling back to ozone.metadata.dirs
scm_1    | 2023-03-10 22:48:18,207 [main] INFO upgrade.AbstractLayoutVersionManager: Initializing Layout version manager with metadata layout = SCM_HA (version = 2), software layout = SCM_HA (version = 2)
recon_1  | 2023-03-10 22:48:45,357 [main] INFO node.SCMNodeManager: Registered Data node : 3892a4e1-c878-42af-adb7-db66a90d61f4{ip: 10.9.0.16, host: 432fd6672e7e, ports: [REPLICATION=9886, RATIS=9858, RATIS_ADMIN=9857, RATIS_SERVER=9856, STANDALONE=9859], networkLocation: /default-rack, certSerialId: null, persistedOpState: IN_SERVICE, persistedOpStateExpiryEpochSec: 0}
om2_1    | , id: "om2"
om1_1    | 2023-03-10 22:49:01,214 [main] INFO grpc.GrpcConfigKeys: raft.grpc.server.port = 9872 (custom)
dn4_1    | 2023-03-10 22:48:43,764 [pool-34-thread-1] INFO segmented.SegmentedRaftLogWorker: e78c5ce1-46ab-4889-a0cd-5903ae46614d@group-D98E5419B7A9-SegmentedRaftLogWorker: flushIndex: setUnconditionally 0 -> 2
dn3_1    | 	at org.apache.hadoop.ipc.Client.getRpcResponse(Client.java:1577)
dn3_1    | 	at org.apache.hadoop.ipc.Client.call(Client.java:1519)
dn3_1    | 	at org.apache.hadoop.ipc.Client.call(Client.java:1416)
om3_1    | 2023-03-10 22:49:01,527 [main] INFO ratis.OzoneManagerRatisServer: Instantiating OM Ratis server with groupID: omservice and peers: om3:9872, om1:9872, om2:9872
scm_1    | 2023-03-10 22:48:25,250 [main] INFO reflections.Reflections: Reflections took 3012 ms to scan 3 urls, producing 103 keys and 211 values 
s3g_1    | 2023-03-10 22:48:09,211 [main] INFO handler.ContextHandler: Started o.e.j.s.ServletContextHandler@407a7f2a{logs,/logs,file:///var/log/hadoop/,AVAILABLE}
om2_1    | address: "om2:9872"
om1_1    | 2023-03-10 22:49:01,257 [main] INFO grpc.GrpcConfigKeys: raft.grpc.client.port = -1 (default)
dn4_1    | 2023-03-10 22:48:43,773 [pool-34-thread-1] INFO segmented.SegmentedRaftLogWorker: e78c5ce1-46ab-4889-a0cd-5903ae46614d@group-D98E5419B7A9-SegmentedRaftLogWorker: safeCacheEvictIndex: setUnconditionally 0 -> 0
dn3_1    | 	at org.apache.hadoop.ipc.ProtobufRpcEngine$Invoker.invoke(ProtobufRpcEngine.java:236)
dn3_1    | 	at org.apache.hadoop.ipc.ProtobufRpcEngine$Invoker.invoke(ProtobufRpcEngine.java:123)
dn3_1    | 	at com.sun.proxy.$Proxy39.submitRequest(Unknown Source)
om3_1    | 2023-03-10 22:49:01,632 [main] INFO ratis.OzoneManagerStateMachine: LastAppliedIndex is set from TransactionInfo from OM DB as (t:3, i:65)
om3_1    | 2023-03-10 22:49:01,861 [main] INFO server.RaftServer: raft.rpc.type = GRPC (default)
recon_1  | 2023-03-10 22:48:45,358 [main] INFO net.NetworkTopologyImpl: Added a new node: /default-rack/e3e4587c-aa42-4e86-ae9a-d3e448365275
om2_1    | ]
om1_1    | 2023-03-10 22:49:01,257 [main] INFO grpc.GrpcConfigKeys: raft.grpc.server.port = 9872 (custom)
dn4_1    | 2023-03-10 22:48:43,864 [main] INFO http.HttpServer2: Jetty bound to port 9882
dn3_1    | 	at org.apache.hadoop.ozone.protocolPB.StorageContainerDatanodeProtocolClientSideTranslatorPB.submitRequest(StorageContainerDatanodeProtocolClientSideTranslatorPB.java:117)
dn3_1    | 	at org.apache.hadoop.ozone.protocolPB.StorageContainerDatanodeProtocolClientSideTranslatorPB.getVersion(StorageContainerDatanodeProtocolClientSideTranslatorPB.java:133)
dn3_1    | 	at org.apache.hadoop.ozone.container.common.states.endpoint.VersionEndpointTask.call(VersionEndpointTask.java:71)
om3_1    | 2023-03-10 22:49:02,517 [main] INFO grpc.GrpcConfigKeys: raft.grpc.admin.port = -1 (default)
om3_1    | 2023-03-10 22:49:02,521 [main] INFO grpc.GrpcConfigKeys: raft.grpc.server.port = 9872 (custom)
recon_1  | 2023-03-10 22:48:45,358 [main] INFO node.SCMNodeManager: Registered Data node : e3e4587c-aa42-4e86-ae9a-d3e448365275{ip: 10.9.0.15, host: d87e3542167e, ports: [REPLICATION=9886], networkLocation: /default-rack, certSerialId: null, persistedOpState: IN_SERVICE, persistedOpStateExpiryEpochSec: 0}
om2_1    | 2023-03-10 22:49:51,106 [OM StateMachine ApplyTransaction Thread - 0] INFO volume.OMVolumeCreateRequest: created volume:old2-volume for user:hadoop
om1_1    | 2023-03-10 22:49:01,258 [main] INFO grpc.GrpcConfigKeys: raft.grpc.server.port = 9872 (custom)
dn4_1    | 2023-03-10 22:48:43,890 [main] INFO server.Server: jetty-9.4.43.v20210629; built: 2021-06-30T11:07:22.254Z; git: 526006ecfa3af7f1a27ef3a288e2bef7ea9dd7e8; jvm 11.0.13+8-LTS
dn3_1    | 	at org.apache.hadoop.ozone.container.common.states.endpoint.VersionEndpointTask.call(VersionEndpointTask.java:42)
dn3_1    | 	at java.base/java.util.concurrent.FutureTask.run(FutureTask.java:264)
dn3_1    | 	at java.base/java.util.concurrent.ThreadPoolExecutor.runWorker(ThreadPoolExecutor.java:1128)
om3_1    | 2023-03-10 22:49:02,543 [main] INFO grpc.GrpcConfigKeys: raft.grpc.client.port = -1 (default)
om3_1    | 2023-03-10 22:49:02,552 [main] INFO grpc.GrpcConfigKeys: raft.grpc.server.port = 9872 (custom)
s3g_1    | 2023-03-10 22:48:09,226 [main] INFO handler.ContextHandler: Started o.e.j.s.ServletContextHandler@5f0fd5a0{static,/static,jar:file:/opt/hadoop/share/ozone/lib/ozone-s3gateway-1.2.1.jar!/webapps/static,AVAILABLE}
recon_1  | 2023-03-10 22:48:45,388 [main] INFO net.NetworkTopologyImpl: Added a new node: /default-rack/e78c5ce1-46ab-4889-a0cd-5903ae46614d
om2_1    | 2023-03-10 22:50:09,921 [OM StateMachine ApplyTransaction Thread - 0] ERROR bucket.OMBucketCreateRequest: Bucket creation failed for bucket:old2-bucket in volume:s3v
om1_1    | 2023-03-10 22:49:01,263 [main] INFO server.GrpcService: raft.grpc.message.size.max = 33554432 (custom)
om1_1    | 2023-03-10 22:49:01,296 [main] INFO server.RaftServerConfigKeys: raft.server.log.appender.buffer.byte-limit = 33554432 (custom)
dn3_1    | 	at java.base/java.util.concurrent.ThreadPoolExecutor$Worker.run(ThreadPoolExecutor.java:628)
dn3_1    | 	at java.base/java.lang.Thread.run(Thread.java:829)
dn3_1    | Caused by: java.net.SocketTimeoutException: 5000 millis timeout while waiting for channel to be ready for read. ch : java.nio.channels.SocketChannel[connected local=/10.9.0.17:50138 remote=recon/10.9.0.20:9891]
om3_1    | 2023-03-10 22:49:02,557 [main] INFO grpc.GrpcConfigKeys: raft.grpc.server.port = 9872 (custom)
scm_1    | 2023-03-10 22:48:36,292 [main] WARN utils.HAUtils: ozone.scm.db.dirs is not configured. We recommend adding this setting. Falling back to ozone.metadata.dirs instead.
s3g_1    | WARNING: An illegal reflective access operation has occurred
recon_1  | 2023-03-10 22:48:45,390 [main] INFO node.SCMNodeManager: Registered Data node : e78c5ce1-46ab-4889-a0cd-5903ae46614d{ip: 10.9.0.18, host: 89aafcd18c73, ports: [REPLICATION=9886], networkLocation: /default-rack, certSerialId: null, persistedOpState: IN_SERVICE, persistedOpStateExpiryEpochSec: 0}
om2_1    | BUCKET_ALREADY_EXISTS org.apache.hadoop.ozone.om.exceptions.OMException: Bucket already exist
om2_1    | 	at org.apache.hadoop.ozone.om.request.bucket.OMBucketCreateRequest.validateAndUpdateCache(OMBucketCreateRequest.java:193)
om1_1    | 2023-03-10 22:49:01,300 [main] INFO server.GrpcService: raft.grpc.flow.control.window = 1MB (=1048576) (default)
om1_1    | 2023-03-10 22:49:01,322 [main] INFO server.RaftServerConfigKeys: raft.server.rpc.request.timeout = 3000ms (default)
dn4_1    | 2023-03-10 22:48:44,279 [main] INFO server.session: DefaultSessionIdManager workerName=node0
dn3_1    | 	at org.apache.hadoop.net.SocketIOWithTimeout.doIO(SocketIOWithTimeout.java:164)
om3_1    | 2023-03-10 22:49:02,569 [main] INFO server.GrpcService: raft.grpc.message.size.max = 33554432 (custom)
dn5_1    | 2023-03-10 22:48:10,855 [main] INFO impl.MetricsConfig: Loaded properties from hadoop-metrics2.properties
scm_1    | 2023-03-10 22:48:38,634 [main] WARN db.DBStoreBuilder: ozone.scm.db.dirs is not configured. We recommend adding this setting. Falling back to ozone.metadata.dirs instead.
s3g_1    | WARNING: Illegal reflective access by org.jboss.weld.util.reflection.Formats (file:/opt/hadoop/share/ozone/lib/weld-servlet-2.4.7.Final.jar) to constructor com.sun.org.apache.bcel.internal.classfile.ClassParser(java.io.InputStream,java.lang.String)
recon_1  | 2023-03-10 22:48:45,390 [main] INFO scm.ReconNodeManager: Loaded 5 nodes from node DB.
om2_1    | 	at org.apache.hadoop.ozone.protocolPB.OzoneManagerRequestHandler.handleWriteRequest(OzoneManagerRequestHandler.java:248)
om2_1    | 	at org.apache.hadoop.ozone.om.ratis.OzoneManagerStateMachine.runCommand(OzoneManagerStateMachine.java:502)
dn2_1    | 2023-03-10 22:49:00,838 [3892a4e1-c878-42af-adb7-db66a90d61f4@group-5B98FDC36F00-LeaderElection3] INFO impl.LeaderElection: 3892a4e1-c878-42af-adb7-db66a90d61f4@group-5B98FDC36F00-LeaderElection3 ELECTION round 0: submit vote requests at term 6 for 9: [178b30e1-b74d-4f4d-a142-c930eee71455|rpc:10.9.0.19:9856|admin:10.9.0.19:9857|client:10.9.0.19:9858|dataStream:|priority:0, 3892a4e1-c878-42af-adb7-db66a90d61f4|rpc:10.9.0.16:9856|admin:10.9.0.16:9857|client:10.9.0.16:9858|dataStream:|priority:1, 1a6d358d-6662-4447-914c-d709a67ff716|rpc:10.9.0.17:9856|admin:10.9.0.17:9857|client:10.9.0.17:9858|dataStream:|priority:0], old=null
om1_1    | 2023-03-10 22:49:03,479 [main] INFO impl.DataStreamServerImpl: raft.datastream.type = DISABLED (default)
dn4_1    | 2023-03-10 22:48:44,279 [main] INFO server.session: No SessionScavenger set, using defaults
dn3_1    | 	at org.apache.hadoop.net.SocketInputStream.read(SocketInputStream.java:161)
om3_1    | 2023-03-10 22:49:02,622 [main] INFO server.RaftServerConfigKeys: raft.server.log.appender.buffer.byte-limit = 33554432 (custom)
dn5_1    | 2023-03-10 22:48:12,458 [main] INFO impl.MetricsSystemImpl: Scheduled Metric snapshot period at 10 second(s).
scm_1    | 2023-03-10 22:48:38,980 [main] INFO db.RDBStore: Found the following extra column families in existing DB : [meta, statefulServiceConfig]
s3g_1    | WARNING: Please consider reporting this to the maintainers of org.jboss.weld.util.reflection.Formats
recon_1  | 2023-03-10 22:48:45,403 [main] INFO algorithms.ContainerPlacementPolicyFactory: Create container placement policy of type org.apache.hadoop.hdds.scm.container.placement.algorithms.SCMContainerPlacementRandom
om2_1    | 	at org.apache.hadoop.ozone.om.ratis.OzoneManagerStateMachine.lambda$2(OzoneManagerStateMachine.java:312)
dn2_1    | 2023-03-10 22:49:00,839 [3892a4e1-c878-42af-adb7-db66a90d61f4@group-CBC13A60F575-LeaderElection2] INFO impl.LeaderElection: 3892a4e1-c878-42af-adb7-db66a90d61f4@group-CBC13A60F575-LeaderElection2 ELECTION round 0: submit vote requests at term 4 for 3: [e3e4587c-aa42-4e86-ae9a-d3e448365275|rpc:10.9.0.15:9856|admin:10.9.0.15:9857|client:10.9.0.15:9858|dataStream:|priority:0, e78c5ce1-46ab-4889-a0cd-5903ae46614d|rpc:10.9.0.18:9856|admin:10.9.0.18:9857|client:10.9.0.18:9858|dataStream:|priority:1, 3892a4e1-c878-42af-adb7-db66a90d61f4|rpc:10.9.0.16:9856|admin:10.9.0.16:9857|client:10.9.0.16:9858|dataStream:|priority:0], old=null
om1_1    | 2023-03-10 22:49:03,482 [main] INFO server.RaftServerConfigKeys: raft.server.rpc.slowness.timeout = 120s (custom)
om1_1    | 2023-03-10 22:49:03,482 [main] INFO server.RaftServerConfigKeys: raft.server.leaderelection.leader.step-down.wait-time = 10s (default)
dn3_1    | 	at org.apache.hadoop.net.SocketInputStream.read(SocketInputStream.java:131)
om3_1    | 2023-03-10 22:49:02,630 [main] INFO server.GrpcService: raft.grpc.flow.control.window = 1MB (=1048576) (default)
dn5_1    | 2023-03-10 22:48:12,477 [main] INFO impl.MetricsSystemImpl: HddsDatanode metrics system started
scm_1    | 2023-03-10 22:48:41,320 [main] INFO net.NodeSchemaLoader: Loading schema from [file:/opt/hadoop/etc/hadoop/network-topology-default.xml, jar:file:/opt/hadoop/share/ozone/lib/hdds-common-1.2.1.jar!/network-topology-default.xml]
s3g_1    | WARNING: Use --illegal-access=warn to enable warnings of further illegal reflective access operations
recon_1  | 2023-03-10 22:48:45,533 [main] INFO ipc.CallQueueManager: Using callQueue: class java.util.concurrent.LinkedBlockingQueue, queueCapacity: 10000, scheduler: class org.apache.hadoop.ipc.DefaultRpcScheduler, ipcBackoff: false.
om2_1    | 	at java.base/java.util.concurrent.CompletableFuture$AsyncSupply.run(CompletableFuture.java:1700)
dn2_1    | 2023-03-10 22:49:00,845 [3892a4e1-c878-42af-adb7-db66a90d61f4@group-676BAB171C02-LeaderElection1] INFO server.RaftServerConfigKeys: raft.server.write.byte-limit = 1024 M (=1073741824) (custom)
om1_1    | 2023-03-10 22:49:03,559 [main] INFO server.RaftServerConfigKeys: raft.server.storage.dir = [/data/metadata/ratis] (custom)
om1_1    | 2023-03-10 22:49:03,572 [main] INFO server.RaftServer: om1: found a subdirectory /data/metadata/ratis/5cb24680-b9e7-3c90-a862-d66704efc61c
dn3_1    | 	at java.base/java.io.FilterInputStream.read(FilterInputStream.java:133)
om3_1    | 2023-03-10 22:49:02,631 [main] INFO server.RaftServerConfigKeys: raft.server.rpc.request.timeout = 3000ms (default)
om3_1    | 2023-03-10 22:49:04,037 [main] INFO impl.DataStreamServerImpl: raft.datastream.type = DISABLED (default)
scm_1    | 2023-03-10 22:48:41,339 [main] INFO net.NodeSchemaLoader: Loading network topology layer schema file
s3g_1    | WARNING: All illegal access operations will be denied in a future release
recon_1  | 2023-03-10 22:48:45,805 [Socket Reader #1 for port 9891] INFO ipc.Server: Starting Socket Reader #1 for port 9891
s3g_1    | Mar 10, 2023 10:48:43 PM org.glassfish.jersey.internal.Errors logErrors
dn2_1    | 2023-03-10 22:49:00,990 [3892a4e1-c878-42af-adb7-db66a90d61f4@group-676BAB171C02-LeaderElection1] INFO server.RaftServerConfigKeys: raft.server.watch.timeout = 180s (custom)
om1_1    | 2023-03-10 22:49:03,602 [main] INFO server.RaftServer: om1: addNew group-D66704EFC61C:[om1|rpc:om1:9872|priority:0, om3|rpc:om3:9872|priority:0, om2|rpc:om2:9872|priority:0] returns group-D66704EFC61C:java.util.concurrent.CompletableFuture@384fda47[Not completed]
dn4_1    | 2023-03-10 22:48:44,343 [main] INFO server.session: node0 Scavenging every 660000ms
dn3_1    | 	at java.base/java.io.BufferedInputStream.fill(BufferedInputStream.java:252)
om3_1    | 2023-03-10 22:49:04,067 [main] INFO server.RaftServerConfigKeys: raft.server.rpc.slowness.timeout = 120s (custom)
dn5_1    | 2023-03-10 22:48:14,675 [main] INFO ozone.HddsDatanodeService: HddsDatanodeService host:47108a081c6a ip:10.9.0.19
scm_1    | 2023-03-10 22:48:42,716 [main] INFO metrics.MetricRegistries: Loaded MetricRegistries class org.apache.ratis.metrics.impl.MetricRegistriesImpl
om2_1    | 	at java.base/java.util.concurrent.ThreadPoolExecutor.runWorker(ThreadPoolExecutor.java:1128)
recon_1  | 2023-03-10 22:48:46,465 [Listener at 0.0.0.0/9891] INFO recon.ReconServer: Recon server initialized successfully!
s3g_1    | WARNING: The following warnings have been detected: WARNING: A HTTP GET method, public javax.ws.rs.core.Response org.apache.hadoop.ozone.s3.endpoint.ObjectEndpoint.get(java.lang.String,java.lang.String,java.lang.String,int,java.lang.String,java.io.InputStream) throws java.io.IOException,org.apache.hadoop.ozone.s3.exception.OS3Exception, should not consume any entity.
dn2_1    | 2023-03-10 22:49:00,997 [3892a4e1-c878-42af-adb7-db66a90d61f4@group-676BAB171C02-LeaderElection1] INFO server.RaftServerConfigKeys: raft.server.watch.timeout.denomination = 1s (default)
om1_1    | 2023-03-10 22:49:03,602 [main] INFO om.OzoneManager: OzoneManager Ratis server initialized at port 9872
dn4_1    | 2023-03-10 22:48:44,527 [main] INFO handler.ContextHandler: Started o.e.j.s.ServletContextHandler@2f79f192{logs,/logs,file:///var/log/hadoop/,AVAILABLE}
dn3_1    | 	at java.base/java.io.BufferedInputStream.read(BufferedInputStream.java:271)
om3_1    | 2023-03-10 22:49:04,067 [main] INFO server.RaftServerConfigKeys: raft.server.leaderelection.leader.step-down.wait-time = 10s (default)
om3_1    | 2023-03-10 22:49:04,187 [main] INFO server.RaftServerConfigKeys: raft.server.storage.dir = [/data/metadata/ratis] (custom)
scm_1    | 2023-03-10 22:48:42,974 [main] INFO ha.SequenceIdGenerator: Init the HA SequenceIdGenerator.
om2_1    | 	at java.base/java.util.concurrent.ThreadPoolExecutor$Worker.run(ThreadPoolExecutor.java:628)
recon_1  | 2023-03-10 22:48:46,465 [Listener at 0.0.0.0/9891] INFO recon.ReconServer: Starting Recon server
s3g_1    | 
dn2_1    | 2023-03-10 22:49:00,998 [3892a4e1-c878-42af-adb7-db66a90d61f4@group-676BAB171C02-LeaderElection1] INFO server.RaftServerConfigKeys: raft.server.watch.element-limit = 65536 (default)
om1_1    | 2023-03-10 22:49:03,877 [pool-23-thread-1] INFO server.RaftServer$Division: om1: new RaftServerImpl for group-D66704EFC61C:[om1|rpc:om1:9872|priority:0, om3|rpc:om3:9872|priority:0, om2|rpc:om2:9872|priority:0] with OzoneManagerStateMachine:uninitialized
dn4_1    | 2023-03-10 22:48:44,551 [main] INFO handler.ContextHandler: Started o.e.j.s.ServletContextHandler@7d42404e{static,/static,jar:file:/opt/hadoop/share/ozone/lib/hdds-container-service-1.2.1.jar!/webapps/static,AVAILABLE}
dn3_1    | 	at java.base/java.io.FilterInputStream.read(FilterInputStream.java:83)
om3_1    | 2023-03-10 22:49:04,190 [main] INFO server.RaftServer: om3: found a subdirectory /data/metadata/ratis/5cb24680-b9e7-3c90-a862-d66704efc61c
om3_1    | 2023-03-10 22:49:04,224 [main] INFO server.RaftServer: om3: addNew group-D66704EFC61C:[om1|rpc:om1:9872|priority:0, om3|rpc:om3:9872|priority:0, om2|rpc:om2:9872|priority:0] returns group-D66704EFC61C:java.util.concurrent.CompletableFuture@3663d0ba[Not completed]
om2_1    | 	at java.base/java.lang.Thread.run(Thread.java:829)
recon_1  | 2023-03-10 22:48:46,951 [Listener at 0.0.0.0/9891] INFO impl.MetricsConfig: Loaded properties from hadoop-metrics2.properties
s3g_1    | 2023-03-10 22:48:43,372 [main] INFO handler.ContextHandler: Started o.e.j.w.WebAppContext@544e3679{s3gateway,/,file:///tmp/jetty-0_0_0_0-9878-ozone-s3gateway-1_2_1_jar-_-any-806404852228919473/webapp/,AVAILABLE}{jar:file:/opt/hadoop/share/ozone/lib/ozone-s3gateway-1.2.1.jar!/webapps/s3gateway}
dn2_1    | 2023-03-10 22:49:01,133 [3892a4e1-c878-42af-adb7-db66a90d61f4@group-676BAB171C02-LeaderElection1] INFO server.RaftServerConfigKeys: raft.server.write.element-limit = 1024 (custom)
om1_1    | 2023-03-10 22:49:03,917 [pool-23-thread-1] INFO server.RaftServerConfigKeys: raft.server.rpc.timeout.min = 5s (custom)
dn4_1    | 2023-03-10 22:48:45,087 [pool-34-thread-1] INFO raftlog.RaftLog: e78c5ce1-46ab-4889-a0cd-5903ae46614d@group-D98E5419B7A9-SegmentedRaftLog: commitIndex: updateToMax old=2, new=1, updated? false
om3_1    | 2023-03-10 22:49:04,224 [main] INFO om.OzoneManager: OzoneManager Ratis server initialized at port 9872
dn5_1    | 2023-03-10 22:48:16,409 [main] INFO upgrade.AbstractLayoutVersionManager: Initializing Layout version manager with metadata layout = SCM_HA (version = 2), software layout = SCM_HA (version = 2)
dn3_1    | 	at java.base/java.io.FilterInputStream.read(FilterInputStream.java:83)
scm_1    | 2023-03-10 22:48:43,594 [main] INFO node.SCMNodeManager: Entering startup safe mode.
om2_1    | 2023-03-10 22:50:40,386 [OM StateMachine ApplyTransaction Thread - 0] ERROR bucket.OMBucketCreateRequest: Bucket creation failed for bucket:old1-bucket in volume:s3v
recon_1  | 2023-03-10 22:48:47,050 [Listener at 0.0.0.0/9891] INFO impl.MetricsSystemImpl: Scheduled Metric snapshot period at 10 second(s).
recon_1  | 2023-03-10 22:48:47,050 [Listener at 0.0.0.0/9891] INFO impl.MetricsSystemImpl: Recon metrics system started
recon_1  | 2023-03-10 22:48:48,802 [Listener at 0.0.0.0/9891] INFO http.HttpServer2: Jetty bound to port 9888
s3g_1    | 2023-03-10 22:48:43,488 [main] INFO server.AbstractConnector: Started ServerConnector@2a225dd7{HTTP/1.1, (http/1.1)}{0.0.0.0:9878}
dn4_1    | 2023-03-10 22:48:45,171 [pool-34-thread-1] INFO server.RaftServerConfigKeys: raft.server.snapshot.auto.trigger.enabled = true (custom)
om3_1    | 2023-03-10 22:49:04,439 [pool-23-thread-1] INFO server.RaftServer$Division: om3: new RaftServerImpl for group-D66704EFC61C:[om1|rpc:om1:9872|priority:0, om3|rpc:om3:9872|priority:0, om2|rpc:om2:9872|priority:0] with OzoneManagerStateMachine:uninitialized
om3_1    | 2023-03-10 22:49:04,479 [pool-23-thread-1] INFO server.RaftServerConfigKeys: raft.server.rpc.timeout.min = 5s (custom)
dn3_1    | 	at org.apache.hadoop.ipc.Client$Connection$PingInputStream.read(Client.java:563)
scm_1    | 2023-03-10 22:48:43,974 [main] INFO algorithms.ContainerPlacementPolicyFactory: Create container placement policy of type org.apache.hadoop.hdds.scm.container.placement.algorithms.SCMContainerPlacementRandom
dn2_1    | 2023-03-10 22:49:01,139 [3892a4e1-c878-42af-adb7-db66a90d61f4@group-676BAB171C02-LeaderElection1] INFO server.RaftServerConfigKeys: raft.server.write.follower.gap.ratio.max = -1.0 (default)
om1_1    | 2023-03-10 22:49:03,921 [pool-23-thread-1] INFO server.RaftServerConfigKeys: raft.server.rpc.timeout.max = 5200ms (custom)
recon_1  | 2023-03-10 22:48:48,804 [Listener at 0.0.0.0/9891] INFO server.Server: jetty-9.4.43.v20210629; built: 2021-06-30T11:07:22.254Z; git: 526006ecfa3af7f1a27ef3a288e2bef7ea9dd7e8; jvm 11.0.13+8-LTS
s3g_1    | 2023-03-10 22:48:43,497 [main] INFO server.Server: Started @49187ms
om3_1    | 2023-03-10 22:49:04,501 [pool-23-thread-1] INFO server.RaftServerConfigKeys: raft.server.rpc.timeout.max = 5200ms (custom)
dn5_1    | 2023-03-10 22:48:18,068 [main] INFO reflections.Reflections: Reflections took 1324 ms to scan 2 urls, producing 84 keys and 167 values 
dn4_1    | 2023-03-10 22:48:45,203 [pool-34-thread-1] INFO server.RaftServerConfigKeys: raft.server.snapshot.auto.trigger.threshold = 10000 (custom)
dn3_1    | 	at java.base/java.io.DataInputStream.readInt(DataInputStream.java:392)
scm_1    | 2023-03-10 22:48:44,684 [main] INFO algorithms.LeaderChoosePolicyFactory: Create leader choose policy of type org.apache.hadoop.hdds.scm.pipeline.leader.choose.algorithms.MinLeaderCountChoosePolicy
dn2_1    | 2023-03-10 22:49:01,251 [3892a4e1-c878-42af-adb7-db66a90d61f4@group-676BAB171C02-LeaderElection1] INFO impl.RoleInfo: 3892a4e1-c878-42af-adb7-db66a90d61f4: start 3892a4e1-c878-42af-adb7-db66a90d61f4@group-676BAB171C02-LeaderStateImpl
om1_1    | 2023-03-10 22:49:03,937 [pool-23-thread-1] INFO server.RaftServerConfigKeys: raft.server.rpc.sleep.time = 25ms (default)
recon_1  | 2023-03-10 22:48:49,034 [Listener at 0.0.0.0/9891] INFO server.session: DefaultSessionIdManager workerName=node0
s3g_1    | 2023-03-10 22:48:43,499 [main] INFO http.BaseHttpServer: HTTP server of s3gateway listening at http://0.0.0.0:9878
om3_1    | 2023-03-10 22:49:04,501 [pool-23-thread-1] INFO server.RaftServerConfigKeys: raft.server.rpc.sleep.time = 25ms (default)
dn5_1    | 2023-03-10 22:48:20,627 [main] INFO fs.SaveSpaceUsageToFile: Cached usage info found in /data/hdds/scmUsed: 8192 at 2023-03-10T22:47:44.716Z
dn4_1    | 2023-03-10 22:48:45,211 [pool-34-thread-1] INFO server.RaftServerConfigKeys: raft.server.snapshot.retention.file.num = 5 (custom)
dn3_1    | 	at org.apache.hadoop.ipc.Client$IpcStreams.readResponse(Client.java:1892)
scm_1    | 2023-03-10 22:48:44,773 [main] INFO ha.SCMServiceManager: Registering service BackgroundPipelineCreator.
dn2_1    | 2023-03-10 22:49:01,640 [3892a4e1-c878-42af-adb7-db66a90d61f4@group-676BAB171C02-LeaderElection1] INFO segmented.SegmentedRaftLogWorker: 3892a4e1-c878-42af-adb7-db66a90d61f4@group-676BAB171C02-SegmentedRaftLogWorker: Rolling segment log-1_2 to index:2
om1_1    | 2023-03-10 22:49:03,939 [pool-23-thread-1] INFO server.RaftServerConfigKeys: raft.server.rpc.slowness.timeout = 120s (custom)
recon_1  | 2023-03-10 22:48:49,034 [Listener at 0.0.0.0/9891] INFO server.session: No SessionScavenger set, using defaults
s3g_1    | 2023-03-10 22:49:30,541 [qtp844112759-20] INFO impl.MetricsConfig: Loaded properties from hadoop-metrics2.properties
om3_1    | 2023-03-10 22:49:04,501 [pool-23-thread-1] INFO server.RaftServerConfigKeys: raft.server.rpc.slowness.timeout = 120s (custom)
dn5_1    | 2023-03-10 22:48:20,700 [main] INFO volume.HddsVolume: Creating HddsVolume: /data/hdds/hdds of storage type : DISK capacity : 89297309696
dn4_1    | 2023-03-10 22:48:45,214 [pool-34-thread-1] INFO server.RaftServerConfigKeys: raft.server.log.purge.upto.snapshot.index = false (default)
dn3_1    | 	at org.apache.hadoop.ipc.Client$Connection.receiveRpcResponse(Client.java:1202)
scm_1    | 2023-03-10 22:48:44,773 [main] INFO pipeline.BackgroundPipelineCreator: Starting RatisPipelineUtilsThread.
dn2_1    | 2023-03-10 22:49:01,751 [3892a4e1-c878-42af-adb7-db66a90d61f4@group-676BAB171C02-SegmentedRaftLogWorker] INFO segmented.SegmentedRaftLogWorker: 3892a4e1-c878-42af-adb7-db66a90d61f4@group-676BAB171C02-SegmentedRaftLogWorker: Rolled log segment from /data/metadata/ratis/2d4f1397-2cdc-4336-a562-676bab171c02/current/log_inprogress_1 to /data/metadata/ratis/2d4f1397-2cdc-4336-a562-676bab171c02/current/log_1-2
om1_1    | 2023-03-10 22:49:03,940 [pool-23-thread-1] INFO server.RaftServerConfigKeys: raft.server.leaderelection.leader.step-down.wait-time = 10s (default)
recon_1  | 2023-03-10 22:48:49,043 [Listener at 0.0.0.0/9891] INFO server.session: node0 Scavenging every 600000ms
s3g_1    | 2023-03-10 22:49:30,558 [qtp844112759-20] INFO impl.MetricsSystemImpl: Scheduled Metric snapshot period at 10 second(s).
om3_1    | 2023-03-10 22:49:04,501 [pool-23-thread-1] INFO server.RaftServerConfigKeys: raft.server.leaderelection.leader.step-down.wait-time = 10s (default)
dn5_1    | 2023-03-10 22:48:20,764 [main] INFO volume.MutableVolumeSet: Added Volume : /data/hdds/hdds to VolumeSet
dn4_1    | 2023-03-10 22:48:45,228 [pool-34-thread-1] INFO server.RaftServerConfigKeys: raft.server.retrycache.expirytime = 600000ms (custom)
dn3_1    | 	at org.apache.hadoop.ipc.Client$Connection.run(Client.java:1098)
scm_1    | 2023-03-10 22:48:45,103 [main] INFO algorithms.PipelineChoosePolicyFactory: Create pipeline choose policy of type org.apache.hadoop.hdds.scm.pipeline.choose.algorithms.RandomPipelineChoosePolicy
om2_1    | BUCKET_ALREADY_EXISTS org.apache.hadoop.ozone.om.exceptions.OMException: Bucket already exist
om1_1    | 2023-03-10 22:49:03,940 [pool-23-thread-1] INFO server.RaftServerConfigKeys: raft.server.sleep.deviation.threshold = 300ms (default)
recon_1  | 2023-03-10 22:48:49,090 [Listener at 0.0.0.0/9891] INFO handler.ContextHandler: Started o.e.j.s.ServletContextHandler@35bfa1bb{logs,/logs,file:///var/log/hadoop/,AVAILABLE}
s3g_1    | 2023-03-10 22:49:30,558 [qtp844112759-20] INFO impl.MetricsSystemImpl: XceiverClientMetrics metrics system started
om3_1    | 2023-03-10 22:49:04,501 [pool-23-thread-1] INFO server.RaftServerConfigKeys: raft.server.sleep.deviation.threshold = 300ms (default)
dn5_1    | 2023-03-10 22:48:20,769 [main] INFO volume.ThrottledAsyncChecker: Scheduling a check for /data/hdds/hdds
dn4_1    | 2023-03-10 22:48:45,258 [pool-34-thread-1] INFO server.RaftServerConfigKeys: raft.server.retrycache.statistics.expirytime = 100?s (default)
dn3_1    | 2023-03-10 22:48:55,417 [EndpointStateMachine task thread for scm/10.9.0.14:9861 - 0 ] INFO ratis.XceiverServerRatis: Starting XceiverServerRatis 1a6d358d-6662-4447-914c-d709a67ff716
scm_1    | 2023-03-10 22:48:45,320 [main] INFO ha.SCMServiceManager: Registering service SCMBlockDeletingService.
scm_1    | 2023-03-10 22:48:45,491 [main] INFO ha.SCMServiceManager: Registering service ReplicationManager.
om2_1    | 	at org.apache.hadoop.ozone.om.request.bucket.OMBucketCreateRequest.validateAndUpdateCache(OMBucketCreateRequest.java:193)
om1_1    | 2023-03-10 22:49:03,942 [pool-23-thread-1] INFO server.RaftServerConfigKeys: raft.server.log.appender.install.snapshot.enabled = false (custom)
recon_1  | 2023-03-10 22:48:49,094 [Listener at 0.0.0.0/9891] INFO handler.ContextHandler: Started o.e.j.s.ServletContextHandler@5ba90d8a{static,/static,jar:file:/opt/hadoop/share/ozone/lib/ozone-recon-1.2.1.jar!/webapps/static,AVAILABLE}
s3g_1    | 2023-03-10 22:49:30,562 [qtp844112759-20] INFO impl.MetricsSinkAdapter: Sink prometheus started
om3_1    | 2023-03-10 22:49:04,502 [pool-23-thread-1] INFO server.RaftServerConfigKeys: raft.server.log.appender.install.snapshot.enabled = false (custom)
dn5_1    | 2023-03-10 22:48:20,923 [main] INFO volume.StorageVolumeChecker: Scheduled health check for volume /data/hdds/hdds
dn4_1    | 2023-03-10 22:48:45,737 [pool-34-thread-1] INFO server.RaftServer$Division: e78c5ce1-46ab-4889-a0cd-5903ae46614d: new RaftServerImpl for group-0049FBBC23B3:[] with ContainerStateMachine:uninitialized
dn3_1    | 2023-03-10 22:48:55,540 [EndpointStateMachine task thread for scm/10.9.0.14:9861 - 0 ] INFO server.RaftServer$Division: 1a6d358d-6662-4447-914c-d709a67ff716@group-5B98FDC36F00: start as a follower, conf=9: [178b30e1-b74d-4f4d-a142-c930eee71455|rpc:10.9.0.19:9856|admin:10.9.0.19:9857|client:10.9.0.19:9858|dataStream:|priority:0, 3892a4e1-c878-42af-adb7-db66a90d61f4|rpc:10.9.0.16:9856|admin:10.9.0.16:9857|client:10.9.0.16:9858|dataStream:|priority:1, 1a6d358d-6662-4447-914c-d709a67ff716|rpc:10.9.0.17:9856|admin:10.9.0.17:9857|client:10.9.0.17:9858|dataStream:|priority:0], old=null
scm_1    | 2023-03-10 22:48:45,525 [main] INFO container.ReplicationManager: Starting Replication Monitor Thread.
scm_1    | 2023-03-10 22:48:45,938 [ReplicationMonitor] INFO container.ReplicationManager: Replication Monitor Thread took 349 milliseconds for processing 4 containers.
om2_1    | 	at org.apache.hadoop.ozone.protocolPB.OzoneManagerRequestHandler.handleWriteRequest(OzoneManagerRequestHandler.java:248)
om1_1    | 2023-03-10 22:49:03,997 [pool-23-thread-1] INFO server.RaftServer$Division: om1@group-D66704EFC61C: ConfigurationManager, init=-1: [om1|rpc:om1:9872|priority:0, om3|rpc:om3:9872|priority:0, om2|rpc:om2:9872|priority:0], old=null, confs=<EMPTY_MAP>
recon_1  | 2023-03-10 22:48:54,003 [Listener at 0.0.0.0/9891] INFO handler.ContextHandler: Started o.e.j.w.WebAppContext@7f584d0c{recon,/,file:///tmp/jetty-0_0_0_0-9888-ozone-recon-1_2_1_jar-_-any-10981935474735568821/webapp/,AVAILABLE}{jar:file:/opt/hadoop/share/ozone/lib/ozone-recon-1.2.1.jar!/webapps/recon}
s3g_1    | 2023-03-10 22:49:30,562 [qtp844112759-20] INFO impl.MetricsSystemImpl: Registered sink prometheus
om3_1    | 2023-03-10 22:49:04,588 [pool-23-thread-1] INFO server.RaftServer$Division: om3@group-D66704EFC61C: ConfigurationManager, init=-1: [om1|rpc:om1:9872|priority:0, om3|rpc:om3:9872|priority:0, om2|rpc:om2:9872|priority:0], old=null, confs=<EMPTY_MAP>
dn5_1    | 2023-03-10 22:48:21,227 [main] WARN server.ServerUtils: Storage directory for Ratis is not configured. It is a good idea to map this to an SSD disk. Falling back to ozone.metadata.dirs
dn4_1    | 2023-03-10 22:48:45,738 [pool-34-thread-1] INFO server.RaftServerConfigKeys: raft.server.rpc.timeout.min = 5s (custom)
dn3_1    | 2023-03-10 22:48:55,540 [ForkJoinPool.commonPool-worker-3] INFO server.RaftServer$Division: 1a6d358d-6662-4447-914c-d709a67ff716@group-0049FBBC23B3: start as a follower, conf=4: [e78c5ce1-46ab-4889-a0cd-5903ae46614d|rpc:10.9.0.18:9856|admin:10.9.0.18:9857|client:10.9.0.18:9858|dataStream:|priority:0, e3e4587c-aa42-4e86-ae9a-d3e448365275|rpc:10.9.0.15:9856|admin:10.9.0.15:9857|client:10.9.0.15:9858|dataStream:|priority:1, 1a6d358d-6662-4447-914c-d709a67ff716|rpc:10.9.0.17:9856|admin:10.9.0.17:9857|client:10.9.0.17:9858|dataStream:|priority:0], old=null
scm_1    | 2023-03-10 22:48:46,079 [main] INFO safemode.ContainerSafeModeRule: containers with one replica threshold count 0
scm_1    | 2023-03-10 22:48:46,132 [main] INFO safemode.HealthyPipelineSafeModeRule: Total pipeline count is 3, healthy pipeline threshold count is 1
om2_1    | 	at org.apache.hadoop.ozone.om.ratis.OzoneManagerStateMachine.runCommand(OzoneManagerStateMachine.java:502)
om1_1    | 2023-03-10 22:49:04,018 [main] INFO ipc.CallQueueManager: Using callQueue: class java.util.concurrent.LinkedBlockingQueue, queueCapacity: 10000, scheduler: class org.apache.hadoop.ipc.DefaultRpcScheduler, ipcBackoff: false.
om1_1    | 2023-03-10 22:49:04,041 [pool-23-thread-1] INFO server.RaftServerConfigKeys: raft.server.storage.dir = [/data/metadata/ratis] (custom)
recon_1  | 2023-03-10 22:48:54,014 [Listener at 0.0.0.0/9891] INFO server.AbstractConnector: Started ServerConnector@198536f6{HTTP/1.1, (http/1.1)}{0.0.0.0:9888}
s3g_1    | 2023-03-10 22:50:09,870 [qtp844112759-19] INFO rpc.RpcClient: Creating Bucket: s3v/old2-bucket, with Versioning false and Storage Type set to DISK and Encryption set to false 
s3g_1    | 2023-03-10 22:50:09,908 [qtp844112759-19] INFO endpoint.BucketEndpoint: Location is /old2-bucket
dn4_1    | 2023-03-10 22:48:45,738 [pool-34-thread-1] INFO server.RaftServerConfigKeys: raft.server.rpc.timeout.max = 5200ms (custom)
dn3_1    | 2023-03-10 22:48:55,558 [EndpointStateMachine task thread for scm/10.9.0.14:9861 - 0 ] INFO server.RaftServer$Division: 1a6d358d-6662-4447-914c-d709a67ff716@group-5B98FDC36F00: changes role from      null to FOLLOWER at term 5 for startAsFollower
scm_1    | 2023-03-10 22:48:46,147 [main] INFO safemode.OneReplicaPipelineSafeModeRule: Total pipeline count is 3, pipeline's with at least one datanode reported threshold count is 3
scm_1    | 2023-03-10 22:48:51,718 [main] INFO ipc.CallQueueManager: Using callQueue: class java.util.concurrent.LinkedBlockingQueue, queueCapacity: 10000, scheduler: class org.apache.hadoop.ipc.DefaultRpcScheduler, ipcBackoff: false.
om2_1    | 	at org.apache.hadoop.ozone.om.ratis.OzoneManagerStateMachine.lambda$2(OzoneManagerStateMachine.java:312)
om1_1    | 2023-03-10 22:49:04,079 [pool-23-thread-1] INFO server.RaftServerConfigKeys: raft.server.log.corruption.policy = EXCEPTION (default)
om1_1    | 2023-03-10 22:49:04,102 [pool-23-thread-1] INFO server.RaftServerConfigKeys: raft.server.storage.free-space.min = 0MB (=0) (default)
om1_1    | 2023-03-10 22:49:04,203 [Socket Reader #1 for port 9862] INFO ipc.Server: Starting Socket Reader #1 for port 9862
dn4_1    | 2023-03-10 22:48:45,741 [pool-34-thread-1] INFO server.RaftServerConfigKeys: raft.server.rpc.sleep.time = 25ms (default)
dn3_1    | 2023-03-10 22:48:55,559 [ForkJoinPool.commonPool-worker-3] INFO server.RaftServer$Division: 1a6d358d-6662-4447-914c-d709a67ff716@group-0049FBBC23B3: changes role from      null to FOLLOWER at term 5 for startAsFollower
scm_1    | 2023-03-10 22:48:51,894 [Socket Reader #1 for port 9861] INFO ipc.Server: Starting Socket Reader #1 for port 9861
scm_1    | 2023-03-10 22:48:51,998 [Listener at 0.0.0.0/9861] INFO ipc.CallQueueManager: Using callQueue: class java.util.concurrent.LinkedBlockingQueue, queueCapacity: 10000, scheduler: class org.apache.hadoop.ipc.DefaultRpcScheduler, ipcBackoff: false.
om2_1    | 	at java.base/java.util.concurrent.CompletableFuture$AsyncSupply.run(CompletableFuture.java:1700)
om1_1    | 2023-03-10 22:49:04,361 [pool-23-thread-1] INFO storage.RaftStorageDirectory: Lock on /data/metadata/ratis/5cb24680-b9e7-3c90-a862-d66704efc61c/in_use.lock acquired by nodename 7@dc4b70cc1eb5
om1_1    | 2023-03-10 22:49:04,442 [pool-23-thread-1] INFO storage.RaftStorage: Read RaftStorageMetadata{term=3, votedFor=om2} from /data/metadata/ratis/5cb24680-b9e7-3c90-a862-d66704efc61c/current/raft-meta
om1_1    | 2023-03-10 22:49:04,837 [pool-23-thread-1] INFO server.RaftServer$Division: om1@group-D66704EFC61C: set configuration 21: [om1|rpc:om1:9872|admin:|client:|dataStream:|priority:0, om3|rpc:om3:9872|admin:|client:|dataStream:|priority:0, om2|rpc:om2:9872|admin:|client:|dataStream:|priority:0], old=null
dn4_1    | 2023-03-10 22:48:45,742 [pool-34-thread-1] INFO server.RaftServerConfigKeys: raft.server.rpc.slowness.timeout = 300s (custom)
dn3_1    | 2023-03-10 22:48:55,570 [ForkJoinPool.commonPool-worker-3] INFO impl.RoleInfo: 1a6d358d-6662-4447-914c-d709a67ff716: start 1a6d358d-6662-4447-914c-d709a67ff716@group-0049FBBC23B3-FollowerState
scm_1    | 2023-03-10 22:48:51,999 [Socket Reader #1 for port 9863] INFO ipc.Server: Starting Socket Reader #1 for port 9863
scm_1    | 2023-03-10 22:48:52,025 [Listener at 0.0.0.0/9863] INFO ipc.CallQueueManager: Using callQueue: class java.util.concurrent.LinkedBlockingQueue, queueCapacity: 10000, scheduler: class org.apache.hadoop.ipc.DefaultRpcScheduler, ipcBackoff: false.
om2_1    | 	at java.base/java.util.concurrent.ThreadPoolExecutor.runWorker(ThreadPoolExecutor.java:1128)
om1_1    | 2023-03-10 22:49:04,888 [Listener at om1/9862] INFO om.OzoneManager: Configured ozone.om.metadata.layout=SIMPLE and disabled optimized OM FS operations
om1_1    | 2023-03-10 22:49:04,918 [pool-23-thread-1] INFO server.RaftServerConfigKeys: raft.server.notification.no-leader.timeout = 120s (custom)
om1_1    | 2023-03-10 22:49:04,920 [pool-23-thread-1] INFO server.RaftServerConfigKeys: raft.server.log.use.memory = false (default)
dn4_1    | 2023-03-10 22:48:45,742 [pool-34-thread-1] INFO server.RaftServerConfigKeys: raft.server.leaderelection.leader.step-down.wait-time = 10s (default)
dn3_1    | 2023-03-10 22:48:55,571 [EndpointStateMachine task thread for scm/10.9.0.14:9861 - 0 ] INFO impl.RoleInfo: 1a6d358d-6662-4447-914c-d709a67ff716: start 1a6d358d-6662-4447-914c-d709a67ff716@group-5B98FDC36F00-FollowerState
scm_1    | 2023-03-10 22:48:52,040 [Socket Reader #1 for port 9860] INFO ipc.Server: Starting Socket Reader #1 for port 9860
scm_1    | 2023-03-10 22:48:52,173 [Listener at 0.0.0.0/9860] INFO algorithms.ContainerPlacementPolicyFactory: Create container placement policy of type org.apache.hadoop.hdds.scm.container.placement.algorithms.SCMContainerPlacementRandom
om2_1    | 	at java.base/java.util.concurrent.ThreadPoolExecutor$Worker.run(ThreadPoolExecutor.java:628)
om1_1    | 2023-03-10 22:49:04,970 [pool-23-thread-1] INFO server.RaftServerConfigKeys: raft.server.log.purge.gap = 1000000 (custom)
om1_1    | 2023-03-10 22:49:04,972 [pool-23-thread-1] INFO server.RaftServerConfigKeys: raft.server.log.appender.buffer.byte-limit = 33554432 (custom)
om1_1    | 2023-03-10 22:49:05,036 [pool-23-thread-1] INFO server.RaftServerConfigKeys: raft.server.log.segment.size.max = 4194304 (custom)
dn4_1    | 2023-03-10 22:48:45,742 [pool-34-thread-1] INFO server.RaftServerConfigKeys: raft.server.sleep.deviation.threshold = 300ms (default)
dn3_1    | 2023-03-10 22:48:55,634 [EndpointStateMachine task thread for scm/10.9.0.14:9861 - 0 ] INFO util.JmxRegister: Successfully registered JMX Bean with object name Ratis:service=RaftServer,group=group-5B98FDC36F00,id=1a6d358d-6662-4447-914c-d709a67ff716
scm_1    | 2023-03-10 22:48:52,202 [Listener at 0.0.0.0/9860] INFO server.StorageContainerManager: 
dn2_1    | 2023-03-10 22:49:01,828 [3892a4e1-c878-42af-adb7-db66a90d61f4@group-676BAB171C02-SegmentedRaftLogWorker] INFO segmented.SegmentedRaftLogWorker: 3892a4e1-c878-42af-adb7-db66a90d61f4@group-676BAB171C02-SegmentedRaftLogWorker: created new log segment /data/metadata/ratis/2d4f1397-2cdc-4336-a562-676bab171c02/current/log_inprogress_3
om2_1    | 	at java.base/java.lang.Thread.run(Thread.java:829)
om1_1    | 2023-03-10 22:49:05,086 [pool-23-thread-1] INFO server.RaftServerConfigKeys: raft.server.log.segment.cache.num.max = 2 (custom)
om3_1    | 2023-03-10 22:49:04,588 [pool-23-thread-1] INFO server.RaftServerConfigKeys: raft.server.storage.dir = [/data/metadata/ratis] (custom)
recon_1  | 2023-03-10 22:48:54,017 [Listener at 0.0.0.0/9891] INFO server.Server: Started @59662ms
s3g_1    | 2023-03-10 22:50:10,664 [qtp844112759-22] INFO metrics.MetricRegistries: Loaded MetricRegistries class org.apache.ratis.metrics.impl.MetricRegistriesImpl
dn5_1    | 2023-03-10 22:48:21,249 [main] INFO fs.SaveSpaceUsageToFile: Cached usage info found in /data/metadata/ratis/scmUsed: 4096 at 2023-03-10T22:47:44.751Z
dn4_1    | 2023-03-10 22:48:45,742 [pool-34-thread-1] INFO server.RaftServerConfigKeys: raft.server.log.appender.install.snapshot.enabled = false (custom)
dn4_1    | 2023-03-10 22:48:45,743 [pool-34-thread-1] INFO server.RaftServer$Division: e78c5ce1-46ab-4889-a0cd-5903ae46614d@group-0049FBBC23B3: ConfigurationManager, init=-1: [], old=null, confs=<EMPTY_MAP>
scm_1    | Container Balancer status:
dn2_1    | 2023-03-10 22:49:01,831 [3892a4e1-c878-42af-adb7-db66a90d61f4@group-676BAB171C02-LeaderElection1] INFO server.RaftServer$Division: 3892a4e1-c878-42af-adb7-db66a90d61f4@group-676BAB171C02: set configuration 3: [3892a4e1-c878-42af-adb7-db66a90d61f4|rpc:10.9.0.16:9856|admin:10.9.0.16:9857|client:10.9.0.16:9858|dataStream:|priority:1], old=null
dn2_1    | 2023-03-10 22:49:04,563 [grpc-default-executor-1] INFO server.RaftServer$Division: 3892a4e1-c878-42af-adb7-db66a90d61f4@group-CBC13A60F575: receive requestVote(ELECTION, e3e4587c-aa42-4e86-ae9a-d3e448365275, group-CBC13A60F575, 4, (t:3, i:11))
om1_1    | 2023-03-10 22:49:05,086 [pool-23-thread-1] INFO server.RaftServerConfigKeys: raft.server.log.segment.cache.size.max = 200MB (=209715200) (default)
recon_1  | 2023-03-10 22:48:54,023 [Listener at 0.0.0.0/9891] INFO impl.MetricsSinkAdapter: Sink prometheus started
s3g_1    | 2023-03-10 22:50:40,348 [qtp844112759-19] INFO rpc.RpcClient: Creating Bucket: s3v/old1-bucket, with Versioning false and Storage Type set to DISK and Encryption set to false 
dn5_1    | 2023-03-10 22:48:21,300 [main] INFO volume.MutableVolumeSet: Added Volume : /data/metadata/ratis to VolumeSet
dn4_1    | 2023-03-10 22:48:45,744 [pool-34-thread-1] INFO server.RaftServerConfigKeys: raft.server.storage.dir = [/data/metadata/ratis] (custom)
dn3_1    | 2023-03-10 22:48:55,639 [ForkJoinPool.commonPool-worker-3] INFO util.JmxRegister: Successfully registered JMX Bean with object name Ratis:service=RaftServer,group=group-0049FBBC23B3,id=1a6d358d-6662-4447-914c-d709a67ff716
scm_1    | Key                            Value
dn2_1    | 2023-03-10 22:49:04,566 [grpc-default-executor-1] INFO impl.VoteContext: 3892a4e1-c878-42af-adb7-db66a90d61f4@group-CBC13A60F575-CANDIDATE: reject ELECTION from e3e4587c-aa42-4e86-ae9a-d3e448365275: already has voted for 3892a4e1-c878-42af-adb7-db66a90d61f4 at current term 4
om3_1    | 2023-03-10 22:49:04,601 [main] INFO ipc.CallQueueManager: Using callQueue: class java.util.concurrent.LinkedBlockingQueue, queueCapacity: 10000, scheduler: class org.apache.hadoop.ipc.DefaultRpcScheduler, ipcBackoff: false.
om1_1    | 2023-03-10 22:49:05,133 [pool-23-thread-1] INFO segmented.SegmentedRaftLogWorker: new om1@group-D66704EFC61C-SegmentedRaftLogWorker for RaftStorageImpl:Storage Directory /data/metadata/ratis/5cb24680-b9e7-3c90-a862-d66704efc61c
recon_1  | 2023-03-10 22:48:54,023 [Listener at 0.0.0.0/9891] INFO impl.MetricsSystemImpl: Registered sink prometheus
s3g_1    | 2023-03-10 22:50:40,371 [qtp844112759-19] INFO endpoint.BucketEndpoint: Location is /old1-bucket
dn5_1    | 2023-03-10 22:48:21,317 [main] INFO volume.ThrottledAsyncChecker: Scheduling a check for /data/metadata/ratis
dn4_1    | 2023-03-10 22:48:45,745 [pool-34-thread-1] INFO server.RaftServerConfigKeys: raft.server.log.corruption.policy = EXCEPTION (default)
dn3_1    | 2023-03-10 22:48:55,650 [EndpointStateMachine task thread for scm/10.9.0.14:9861 - 0 ] INFO server.RaftServer$Division: 1a6d358d-6662-4447-914c-d709a67ff716@group-5C511402A23E: start as a follower, conf=1: [1a6d358d-6662-4447-914c-d709a67ff716|rpc:10.9.0.17:9856|admin:10.9.0.17:9857|client:10.9.0.17:9858|dataStream:|priority:1], old=null
scm_1    | Running                        false
dn2_1    | 2023-03-10 22:49:04,622 [grpc-default-executor-0] INFO server.RaftServer$Division: 3892a4e1-c878-42af-adb7-db66a90d61f4@group-CBC13A60F575: receive requestVote(ELECTION, e78c5ce1-46ab-4889-a0cd-5903ae46614d, group-CBC13A60F575, 4, (t:3, i:11))
om3_1    | 2023-03-10 22:49:04,629 [pool-23-thread-1] INFO server.RaftServerConfigKeys: raft.server.log.corruption.policy = EXCEPTION (default)
om1_1    | 2023-03-10 22:49:05,134 [pool-23-thread-1] INFO server.RaftServerConfigKeys: raft.server.log.queue.byte-limit = 64MB (=67108864) (default)
recon_1  | 2023-03-10 22:48:54,026 [Listener at 0.0.0.0/9891] INFO http.BaseHttpServer: HTTP server of recon listening at http://0.0.0.0:9888
dn5_1    | 2023-03-10 22:48:21,334 [main] INFO volume.StorageVolumeChecker: Scheduled health check for volume /data/metadata/ratis
dn5_1    | 2023-03-10 22:48:21,529 [Thread-3] INFO ozoneimpl.ContainerReader: Start to verify containers on volume /data/hdds/hdds
scm_1    | Container Balancer Configuration values:
dn2_1    | 2023-03-10 22:49:04,623 [grpc-default-executor-1] INFO server.RaftServer$Division: 3892a4e1-c878-42af-adb7-db66a90d61f4@group-CBC13A60F575 replies to ELECTION vote request: e3e4587c-aa42-4e86-ae9a-d3e448365275<-3892a4e1-c878-42af-adb7-db66a90d61f4#0:FAIL-t4. Peer's state: 3892a4e1-c878-42af-adb7-db66a90d61f4@group-CBC13A60F575:t4, leader=null, voted=3892a4e1-c878-42af-adb7-db66a90d61f4, raftlog=3892a4e1-c878-42af-adb7-db66a90d61f4@group-CBC13A60F575-SegmentedRaftLog:OPENED:c11, conf=3: [e3e4587c-aa42-4e86-ae9a-d3e448365275|rpc:10.9.0.15:9856|admin:10.9.0.15:9857|client:10.9.0.15:9858|dataStream:|priority:0, e78c5ce1-46ab-4889-a0cd-5903ae46614d|rpc:10.9.0.18:9856|admin:10.9.0.18:9857|client:10.9.0.18:9858|dataStream:|priority:1, 3892a4e1-c878-42af-adb7-db66a90d61f4|rpc:10.9.0.16:9856|admin:10.9.0.16:9857|client:10.9.0.16:9858|dataStream:|priority:0], old=null
om3_1    | 2023-03-10 22:49:04,629 [pool-23-thread-1] INFO server.RaftServerConfigKeys: raft.server.storage.free-space.min = 0MB (=0) (default)
om1_1    | 2023-03-10 22:49:05,134 [pool-23-thread-1] INFO server.RaftServerConfigKeys: raft.server.log.queue.element-limit = 4096 (default)
recon_1  | 2023-03-10 22:48:54,026 [Listener at 0.0.0.0/9891] INFO impl.OzoneManagerServiceProviderImpl: Starting Ozone Manager Service Provider.
dn5_1    | 2023-03-10 22:48:22,213 [Thread-3] INFO ozoneimpl.ContainerReader: Finish verifying containers on volume /data/hdds/hdds
dn4_1    | 2023-03-10 22:48:45,746 [pool-34-thread-1] INFO server.RaftServerConfigKeys: raft.server.storage.free-space.min = 0MB (=0) (default)
dn3_1    | 2023-03-10 22:48:55,689 [EndpointStateMachine task thread for scm/10.9.0.14:9861 - 0 ] INFO server.RaftServer$Division: 1a6d358d-6662-4447-914c-d709a67ff716@group-5C511402A23E: changes role from      null to FOLLOWER at term 2 for startAsFollower
scm_1    | Key                                                Value
