scm_1    | 2023-03-10 22:48:56,305 [Listener at 0.0.0.0/9860] INFO http.HttpServer2: Jetty bound to port 9876
dn4_1    | 2023-03-10 22:48:46,101 [pool-34-thread-1] INFO server.RaftServerConfigKeys: raft.server.snapshot.auto.trigger.threshold = 10000 (custom)
om1_1    | 2023-03-10 22:49:07,118 [Listener at om1/9862] INFO om.OzoneManager: Version File has different layout version (0) than OM DB (null). That is expected if this OM has never been finalized to a newer layout version.
dn5_1    | 2023-03-10 22:48:41,116 [main] INFO http.BaseHttpServer: Hadoop Security Enabled: false Ozone Security Enabled: false Ozone HTTP Security Enabled: false 
dn3_1    | 2023-03-10 22:49:00,867 [1a6d358d-6662-4447-914c-d709a67ff716@group-5C511402A23E-LeaderElection3] INFO impl.RoleInfo: 1a6d358d-6662-4447-914c-d709a67ff716: shutdown 1a6d358d-6662-4447-914c-d709a67ff716@group-5C511402A23E-LeaderElection3
recon_1  | 2023-03-10 22:48:57,172 [PipelineSyncTask] INFO ha.SCMHAInvocationHandler: Invoking method public abstract void org.apache.hadoop.hdds.scm.pipeline.PipelineStateManager.updatePipelineState(org.apache.hadoop.hdds.protocol.proto.HddsProtos$PipelineID,org.apache.hadoop.hdds.protocol.proto.HddsProtos$PipelineState) throws java.io.IOException on target org.apache.hadoop.hdds.scm.ha.MockSCMHAManager$MockRatisServer@2b9615cb, cost 440.401us
dn2_1    | 	at org.apache.ratis.util.TimeDuration.sleep(TimeDuration.java:324)
om3_1    | 2023-03-10 22:49:06,268 [Listener at om3/9862] INFO om.OzoneManager: OzoneManager RPC server is listening at om3/10.9.0.13:9862
scm_1    | 2023-03-10 22:48:56,315 [Listener at 0.0.0.0/9860] INFO server.Server: jetty-9.4.43.v20210629; built: 2021-06-30T11:07:22.254Z; git: 526006ecfa3af7f1a27ef3a288e2bef7ea9dd7e8; jvm 11.0.13+8-LTS
dn4_1    | 2023-03-10 22:48:46,101 [pool-34-thread-1] INFO server.RaftServerConfigKeys: raft.server.snapshot.retention.file.num = 5 (custom)
om1_1    | 2023-03-10 22:49:07,129 [org.apache.ratis.util.JvmPauseMonitor$$Lambda$408/0x0000000840538040@7e5efcab] INFO util.JvmPauseMonitor: JvmPauseMonitor-om1: Started
dn5_1    | 2023-03-10 22:48:41,674 [main] INFO util.log: Logging initialized @44933ms to org.eclipse.jetty.util.log.Slf4jLog
dn3_1    | 2023-03-10 22:49:00,868 [1a6d358d-6662-4447-914c-d709a67ff716@group-5C511402A23E-LeaderElection3] INFO server.RaftServer$Division: 1a6d358d-6662-4447-914c-d709a67ff716@group-5C511402A23E: changes role from CANDIDATE to LEADER at term 3 for changeToLeader
recon_1  | 2023-03-10 22:48:57,196 [PipelineSyncTask] INFO ha.SCMHAInvocationHandler: Invoking method public abstract void org.apache.hadoop.hdds.scm.pipeline.PipelineStateManager.updatePipelineState(org.apache.hadoop.hdds.protocol.proto.HddsProtos$PipelineID,org.apache.hadoop.hdds.protocol.proto.HddsProtos$PipelineState) throws java.io.IOException on target org.apache.hadoop.hdds.scm.ha.MockSCMHAManager$MockRatisServer@2b9615cb, cost 555.101us
dn2_1    | 	at org.apache.ratis.util.TimeDuration.sleep(TimeDuration.java:309)
scm_1    | 2023-03-10 22:48:56,324 [IPC Server handler 90 on default port 9861] INFO node.SCMNodeManager: Registered Data node : e78c5ce1-46ab-4889-a0cd-5903ae46614d{ip: 10.9.0.18, host: ha_dn4_1.ha_net, ports: [REPLICATION=9886, RATIS=9858, RATIS_ADMIN=9857, RATIS_SERVER=9856, STANDALONE=9859], networkLocation: /default-rack, certSerialId: null, persistedOpState: IN_SERVICE, persistedOpStateExpiryEpochSec: 0}
dn4_1    | 2023-03-10 22:48:46,101 [pool-34-thread-1] INFO server.RaftServerConfigKeys: raft.server.log.purge.upto.snapshot.index = false (default)
om1_1    | 2023-03-10 22:49:07,329 [Listener at om1/9862] INFO http.BaseHttpServer: Starting Web-server for ozoneManager at: http://0.0.0.0:9874
dn5_1    | 2023-03-10 22:48:42,429 [pool-26-thread-1] INFO server.RaftServer$Division: 178b30e1-b74d-4f4d-a142-c930eee71455@group-5B98FDC36F00: set configuration 9: [178b30e1-b74d-4f4d-a142-c930eee71455|rpc:10.9.0.19:9856|admin:10.9.0.19:9857|client:10.9.0.19:9858|dataStream:|priority:0, 3892a4e1-c878-42af-adb7-db66a90d61f4|rpc:10.9.0.16:9856|admin:10.9.0.16:9857|client:10.9.0.16:9858|dataStream:|priority:1, 1a6d358d-6662-4447-914c-d709a67ff716|rpc:10.9.0.17:9856|admin:10.9.0.17:9857|client:10.9.0.17:9858|dataStream:|priority:0], old=null
dn3_1    | 2023-03-10 22:49:00,978 [1a6d358d-6662-4447-914c-d709a67ff716@group-5B98FDC36F00-LeaderElection2] INFO impl.LeaderElection: 1a6d358d-6662-4447-914c-d709a67ff716@group-5B98FDC36F00-LeaderElection2 ELECTION round 0: submit vote requests at term 6 for 9: [178b30e1-b74d-4f4d-a142-c930eee71455|rpc:10.9.0.19:9856|admin:10.9.0.19:9857|client:10.9.0.19:9858|dataStream:|priority:0, 3892a4e1-c878-42af-adb7-db66a90d61f4|rpc:10.9.0.16:9856|admin:10.9.0.16:9857|client:10.9.0.16:9858|dataStream:|priority:1, 1a6d358d-6662-4447-914c-d709a67ff716|rpc:10.9.0.17:9856|admin:10.9.0.17:9857|client:10.9.0.17:9858|dataStream:|priority:0], old=null
om3_1    | 2023-03-10 22:49:06,290 [Listener at om3/9862] INFO ratis.OzoneManagerRatisServer: Starting OzoneManagerRatisServer om3 at port 9872
dn2_1    | 	at org.apache.ratis.server.impl.FollowerState.run(FollowerState.java:118)
recon_1  | 2023-03-10 22:48:57,295 [PipelineSyncTask] INFO ha.SCMHAInvocationHandler: Invoking method public abstract void org.apache.hadoop.hdds.scm.pipeline.PipelineStateManager.updatePipelineState(org.apache.hadoop.hdds.protocol.proto.HddsProtos$PipelineID,org.apache.hadoop.hdds.protocol.proto.HddsProtos$PipelineState) throws java.io.IOException on target org.apache.hadoop.hdds.scm.ha.MockSCMHAManager$MockRatisServer@2b9615cb, cost 25416.078us
scm_1    | 2023-03-10 22:48:56,503 [EventQueue-NodeRegistrationContainerReportForContainerSafeModeRule] INFO safemode.SCMSafeModeManager: ContainerSafeModeRule rule is successfully validated
dn4_1    | 2023-03-10 22:48:46,102 [pool-34-thread-1] INFO server.RaftServerConfigKeys: raft.server.retrycache.expirytime = 600000ms (custom)
om1_1    | 2023-03-10 22:49:07,330 [Listener at om1/9862] INFO http.BaseHttpServer: Hadoop Security Enabled: false Ozone Security Enabled: false Ozone HTTP Security Enabled: false 
dn5_1    | 2023-03-10 22:48:42,458 [pool-26-thread-1] INFO server.RaftServerConfigKeys: raft.server.notification.no-leader.timeout = 300s (custom)
dn3_1    | 2023-03-10 22:49:00,868 [1a6d358d-6662-4447-914c-d709a67ff716@group-5C511402A23E-LeaderElection3] INFO ratis.XceiverServerRatis: Leader change notification received for group: group-5C511402A23E with new leaderId: 1a6d358d-6662-4447-914c-d709a67ff716
om3_1    | 2023-03-10 22:49:06,346 [pool-23-thread-1] INFO segmented.LogSegment: Successfully read 46 entries from segment file /data/metadata/ratis/5cb24680-b9e7-3c90-a862-d66704efc61c/current/log_inprogress_21
om3_1    | 2023-03-10 22:49:06,379 [pool-23-thread-1] INFO segmented.SegmentedRaftLogWorker: om3@group-D66704EFC61C-SegmentedRaftLogWorker: flushIndex: setUnconditionally 0 -> 66
om3_1    | 2023-03-10 22:49:06,379 [pool-23-thread-1] INFO segmented.SegmentedRaftLogWorker: om3@group-D66704EFC61C-SegmentedRaftLogWorker: safeCacheEvictIndex: setUnconditionally 0 -> 20
recon_1  | 2023-03-10 22:48:57,333 [PipelineSyncTask] INFO ha.SCMHAInvocationHandler: Invoking method public abstract void org.apache.hadoop.hdds.scm.pipeline.PipelineStateManager.updatePipelineState(org.apache.hadoop.hdds.protocol.proto.HddsProtos$PipelineID,org.apache.hadoop.hdds.protocol.proto.HddsProtos$PipelineState) throws java.io.IOException on target org.apache.hadoop.hdds.scm.ha.MockSCMHAManager$MockRatisServer@2b9615cb, cost 37429.514us
scm_1    | 2023-03-10 22:48:56,462 [EventQueue-NewNodeForNewNodeHandler] INFO pipeline.BackgroundPipelineCreator: trigger a one-shot run on RatisPipelineUtilsThread.
dn4_1    | 2023-03-10 22:48:46,102 [pool-34-thread-1] INFO server.RaftServerConfigKeys: raft.server.retrycache.statistics.expirytime = 100?s (default)
om1_1    | 2023-03-10 22:49:07,444 [Listener at om1/9862] INFO util.log: Logging initialized @71821ms to org.eclipse.jetty.util.log.Slf4jLog
dn5_1    | 2023-03-10 22:48:42,469 [pool-26-thread-1] INFO server.RaftServerConfigKeys: raft.server.log.use.memory = false (default)
dn3_1    | 2023-03-10 22:49:00,983 [1a6d358d-6662-4447-914c-d709a67ff716@group-5C511402A23E-LeaderElection3] INFO server.RaftServer$Division: 1a6d358d-6662-4447-914c-d709a67ff716@group-5C511402A23E: change Leader from null to 1a6d358d-6662-4447-914c-d709a67ff716 at term 3 for becomeLeader, leader elected after 14837ms
dn2_1    | 2023-03-10 22:49:09,836 [grpc-default-executor-1] INFO server.RaftServer$Division: 3892a4e1-c878-42af-adb7-db66a90d61f4@group-CBC13A60F575 replies to ELECTION vote request: e3e4587c-aa42-4e86-ae9a-d3e448365275<-3892a4e1-c878-42af-adb7-db66a90d61f4#0:OK-t5. Peer's state: 3892a4e1-c878-42af-adb7-db66a90d61f4@group-CBC13A60F575:t5, leader=null, voted=e3e4587c-aa42-4e86-ae9a-d3e448365275, raftlog=3892a4e1-c878-42af-adb7-db66a90d61f4@group-CBC13A60F575-SegmentedRaftLog:OPENED:c11, conf=3: [e3e4587c-aa42-4e86-ae9a-d3e448365275|rpc:10.9.0.15:9856|admin:10.9.0.15:9857|client:10.9.0.15:9858|dataStream:|priority:0, e78c5ce1-46ab-4889-a0cd-5903ae46614d|rpc:10.9.0.18:9856|admin:10.9.0.18:9857|client:10.9.0.18:9858|dataStream:|priority:1, 3892a4e1-c878-42af-adb7-db66a90d61f4|rpc:10.9.0.16:9856|admin:10.9.0.16:9857|client:10.9.0.16:9858|dataStream:|priority:0], old=null
recon_1  | 2023-03-10 22:48:57,335 [PipelineSyncTask] INFO ha.SCMHAInvocationHandler: Invoking method public abstract void org.apache.hadoop.hdds.scm.pipeline.PipelineStateManager.updatePipelineState(org.apache.hadoop.hdds.protocol.proto.HddsProtos$PipelineID,org.apache.hadoop.hdds.protocol.proto.HddsProtos$PipelineState) throws java.io.IOException on target org.apache.hadoop.hdds.scm.ha.MockSCMHAManager$MockRatisServer@2b9615cb, cost 1111.903us
om3_1    | 2023-03-10 22:49:06,699 [pool-23-thread-1] INFO raftlog.RaftLog: om3@group-D66704EFC61C-SegmentedRaftLog: commitIndex: updateToMax old=65, new=65, updated? false
scm_1    | 2023-03-10 22:48:56,590 [EventQueue-PipelineReportForOneReplicaPipelineSafeModeRule] INFO safemode.SCMSafeModeManager: SCM in safe mode. Pipelines with at least one datanode reported count is 2, required at least one datanode reported per pipeline count is 3
dn4_1    | 2023-03-10 22:48:46,176 [pool-34-thread-1] INFO server.RaftServer$Division: e78c5ce1-46ab-4889-a0cd-5903ae46614d: new RaftServerImpl for group-CBC13A60F575:[] with ContainerStateMachine:uninitialized
om1_1    | 2023-03-10 22:49:07,935 [Listener at om1/9862] INFO server.AuthenticationFilter: Unable to initialize FileSignerSecretProvider, falling back to use random secrets.
dn5_1    | 2023-03-10 22:48:42,559 [pool-26-thread-1] INFO server.RaftServerConfigKeys: raft.server.log.purge.gap = 1000000 (custom)
dn3_1    | 2023-03-10 22:49:00,984 [Datanode State Machine Thread - 0] WARN statemachine.StateContext: No available thread in pool for past 30 seconds.
dn2_1    | 2023-03-10 22:49:10,039 [grpc-default-executor-1] INFO server.RaftServer$Division: 3892a4e1-c878-42af-adb7-db66a90d61f4@group-5B98FDC36F00: receive requestVote(ELECTION, 1a6d358d-6662-4447-914c-d709a67ff716, group-5B98FDC36F00, 7, (t:5, i:10))
recon_1  | 2023-03-10 22:48:57,385 [PipelineSyncTask] INFO scm.PipelineSyncTask: Pipeline sync Thread took 464 milliseconds.
om3_1    | 2023-03-10 22:49:06,726 [pool-23-thread-1] INFO server.RaftServerConfigKeys: raft.server.snapshot.auto.trigger.enabled = true (custom)
scm_1    | 2023-03-10 22:48:56,555 [IPC Server handler 1 on default port 9861] INFO net.NetworkTopologyImpl: Added a new node: /default-rack/e3e4587c-aa42-4e86-ae9a-d3e448365275
dn4_1    | 2023-03-10 22:48:46,184 [pool-34-thread-1] INFO server.RaftServerConfigKeys: raft.server.rpc.timeout.min = 5s (custom)
om1_1    | 2023-03-10 22:49:07,943 [Listener at om1/9862] INFO http.HttpRequestLog: Http request log for http.requests.ozoneManager is not defined
dn5_1    | 2023-03-10 22:48:42,598 [pool-26-thread-1] INFO server.RaftServerConfigKeys: raft.server.log.appender.buffer.byte-limit = 33554432 (custom)
dn3_1    | 2023-03-10 22:49:01,201 [1a6d358d-6662-4447-914c-d709a67ff716@group-5C511402A23E-LeaderElection3] INFO server.RaftServerConfigKeys: raft.server.staging.catchup.gap = 1000 (default)
dn2_1    | 2023-03-10 22:49:10,039 [grpc-default-executor-1] INFO impl.VoteContext: 3892a4e1-c878-42af-adb7-db66a90d61f4@group-5B98FDC36F00-FOLLOWER: reject ELECTION from 1a6d358d-6662-4447-914c-d709a67ff716: our priority 1 > candidate's priority 0
recon_1  | 2023-03-10 22:48:57,752 [ContainerHealthTask] INFO fsck.ContainerHealthTask: Container Health task thread took 820 milliseconds to process 0 existing database records.
om3_1    | 2023-03-10 22:49:06,729 [pool-23-thread-1] INFO server.RaftServerConfigKeys: raft.server.snapshot.auto.trigger.threshold = 400000 (default)
scm_1    | 2023-03-10 22:48:56,711 [IPC Server handler 1 on default port 9861] INFO node.SCMNodeManager: Registered Data node : e3e4587c-aa42-4e86-ae9a-d3e448365275{ip: 10.9.0.15, host: ha_dn1_1.ha_net, ports: [REPLICATION=9886, RATIS=9858, RATIS_ADMIN=9857, RATIS_SERVER=9856, STANDALONE=9859], networkLocation: /default-rack, certSerialId: null, persistedOpState: IN_SERVICE, persistedOpStateExpiryEpochSec: 0}
dn4_1    | 2023-03-10 22:48:46,189 [pool-34-thread-1] INFO server.RaftServerConfigKeys: raft.server.rpc.timeout.max = 5200ms (custom)
om1_1    | 2023-03-10 22:49:07,973 [Listener at om1/9862] INFO http.HttpServer2: Added global filter 'safety' (class=org.apache.hadoop.hdds.server.http.HttpServer2$QuotingInputFilter)
dn5_1    | 2023-03-10 22:48:42,967 [pool-26-thread-1] INFO server.RaftServerConfigKeys: raft.server.log.segment.size.max = 1048576 (custom)
dn3_1    | 2023-03-10 22:49:01,350 [1a6d358d-6662-4447-914c-d709a67ff716@group-5C511402A23E-LeaderElection3] INFO server.RaftServerConfigKeys: raft.server.write.element-limit = 1024 (custom)
dn2_1    | 2023-03-10 22:49:10,040 [grpc-default-executor-1] INFO server.RaftServer$Division: 3892a4e1-c878-42af-adb7-db66a90d61f4@group-5B98FDC36F00: changes role from  FOLLOWER to FOLLOWER at term 7 for candidate:1a6d358d-6662-4447-914c-d709a67ff716
recon_1  | 2023-03-10 22:48:58,602 [IPC Server handler 9 on default port 9891] WARN ipc.Server: IPC Server handler 9 on default port 9891, call Call#0 Retry#0 org.apache.hadoop.ozone.protocol.ReconDatanodeProtocol.submitRequest from 10.9.0.16:49886: output error
om3_1    | 2023-03-10 22:49:06,743 [pool-23-thread-1] INFO server.RaftServerConfigKeys: raft.server.snapshot.retention.file.num = -1 (default)
scm_1    | 2023-03-10 22:48:56,532 [EventQueue-NodeRegistrationContainerReportForDataNodeSafeModeRule] INFO safemode.SCMSafeModeManager: SCM in safe mode. 1 DataNodes registered, 3 required.
dn4_1    | 2023-03-10 22:48:46,193 [pool-34-thread-1] INFO server.RaftServerConfigKeys: raft.server.rpc.sleep.time = 25ms (default)
om1_1    | 2023-03-10 22:49:07,986 [Listener at om1/9862] INFO http.HttpServer2: Added filter static_user_filter (class=org.apache.hadoop.http.lib.StaticUserWebFilter$StaticUserFilter) to context ozoneManager
dn5_1    | 2023-03-10 22:48:43,219 [pool-26-thread-1] INFO server.RaftServerConfigKeys: raft.server.log.segment.cache.num.max = 2 (custom)
dn3_1    | 2023-03-10 22:49:01,350 [1a6d358d-6662-4447-914c-d709a67ff716@group-5C511402A23E-LeaderElection3] INFO server.RaftServerConfigKeys: raft.server.write.byte-limit = 1024 M (=1073741824) (custom)
dn2_1    | 2023-03-10 22:49:10,040 [grpc-default-executor-1] INFO impl.RoleInfo: 3892a4e1-c878-42af-adb7-db66a90d61f4: shutdown 3892a4e1-c878-42af-adb7-db66a90d61f4@group-5B98FDC36F00-FollowerState
recon_1  | 2023-03-10 22:48:58,603 [IPC Server handler 5 on default port 9891] WARN ipc.Server: IPC Server handler 5 on default port 9891, call Call#1 Retry#0 org.apache.hadoop.ozone.protocol.ReconDatanodeProtocol.submitRequest from 10.9.0.17:50138: output error
om3_1    | 2023-03-10 22:49:06,744 [pool-23-thread-1] INFO server.RaftServerConfigKeys: raft.server.log.purge.upto.snapshot.index = true (custom)
scm_1    | 2023-03-10 22:48:56,713 [EventQueue-NewNodeForNewNodeHandler] INFO pipeline.BackgroundPipelineCreator: trigger a one-shot run on RatisPipelineUtilsThread.
dn4_1    | 2023-03-10 22:48:46,194 [pool-34-thread-1] INFO server.RaftServerConfigKeys: raft.server.rpc.slowness.timeout = 300s (custom)
om1_1    | 2023-03-10 22:49:07,989 [Listener at om1/9862] INFO http.HttpServer2: Added filter static_user_filter (class=org.apache.hadoop.http.lib.StaticUserWebFilter$StaticUserFilter) to context static
dn5_1    | 2023-03-10 22:48:43,223 [pool-26-thread-1] INFO server.RaftServerConfigKeys: raft.server.log.segment.cache.size.max = 200MB (=209715200) (default)
dn3_1    | 2023-03-10 22:49:01,412 [1a6d358d-6662-4447-914c-d709a67ff716@group-5C511402A23E-LeaderElection3] INFO server.RaftServerConfigKeys: raft.server.watch.timeout = 180s (custom)
dn2_1    | 2023-03-10 22:49:10,040 [grpc-default-executor-1] INFO impl.RoleInfo: 3892a4e1-c878-42af-adb7-db66a90d61f4: start 3892a4e1-c878-42af-adb7-db66a90d61f4@group-5B98FDC36F00-FollowerState
recon_1  | 2023-03-10 22:48:58,609 [IPC Server handler 4 on default port 9891] WARN ipc.Server: IPC Server handler 4 on default port 9891, call Call#0 Retry#0 org.apache.hadoop.ozone.protocol.ReconDatanodeProtocol.submitRequest from 10.9.0.19:59288: output error
om3_1    | 2023-03-10 22:49:06,753 [pool-23-thread-1] INFO server.RaftServerConfigKeys: raft.server.retrycache.expirytime = 300s (custom)
scm_1    | 2023-03-10 22:48:56,732 [EventQueue-NodeRegistrationContainerReportForDataNodeSafeModeRule] INFO safemode.SCMSafeModeManager: SCM in safe mode. 2 DataNodes registered, 3 required.
dn4_1    | 2023-03-10 22:48:46,195 [pool-34-thread-1] INFO server.RaftServerConfigKeys: raft.server.leaderelection.leader.step-down.wait-time = 10s (default)
dn4_1    | 2023-03-10 22:48:46,197 [pool-34-thread-1] INFO server.RaftServerConfigKeys: raft.server.sleep.deviation.threshold = 300ms (default)
dn5_1    | 2023-03-10 22:48:43,306 [pool-26-thread-1] INFO segmented.SegmentedRaftLogWorker: new 178b30e1-b74d-4f4d-a142-c930eee71455@group-5B98FDC36F00-SegmentedRaftLogWorker for RaftStorageImpl:Storage Directory /data/metadata/ratis/54b523a6-4d1d-4f07-a057-5b98fdc36f00
dn5_1    | 2023-03-10 22:48:43,315 [pool-26-thread-1] INFO server.RaftServerConfigKeys: raft.server.log.queue.byte-limit = 2147483647 (custom)
dn2_1    | 2023-03-10 22:49:10,041 [3892a4e1-c878-42af-adb7-db66a90d61f4@group-5B98FDC36F00-FollowerState] INFO impl.FollowerState: 3892a4e1-c878-42af-adb7-db66a90d61f4@group-5B98FDC36F00-FollowerState was interrupted: {}
recon_1  | 2023-03-10 22:48:58,609 [IPC Server handler 3 on default port 9891] WARN ipc.Server: IPC Server handler 3 on default port 9891, call Call#0 Retry#0 org.apache.hadoop.ozone.protocol.ReconDatanodeProtocol.submitRequest from 10.9.0.18:41530: output error
om3_1    | 2023-03-10 22:49:06,753 [pool-23-thread-1] INFO server.RaftServerConfigKeys: raft.server.retrycache.statistics.expirytime = 100?s (default)
scm_1    | 2023-03-10 22:48:56,732 [EventQueue-PipelineReportForOneReplicaPipelineSafeModeRule] INFO safemode.SCMSafeModeManager: SCM in safe mode. Pipelines with at least one datanode reported count is 2, required at least one datanode reported per pipeline count is 3
dn4_1    | 2023-03-10 22:48:46,204 [pool-34-thread-1] INFO server.RaftServerConfigKeys: raft.server.log.appender.install.snapshot.enabled = false (custom)
om1_1    | 2023-03-10 22:49:07,990 [Listener at om1/9862] INFO http.HttpServer2: Added filter static_user_filter (class=org.apache.hadoop.http.lib.StaticUserWebFilter$StaticUserFilter) to context logs
dn5_1    | 2023-03-10 22:48:43,332 [pool-26-thread-1] INFO server.RaftServerConfigKeys: raft.server.log.queue.element-limit = 1024 (custom)
dn3_1    | 2023-03-10 22:49:01,433 [1a6d358d-6662-4447-914c-d709a67ff716@group-5C511402A23E-LeaderElection3] INFO server.RaftServerConfigKeys: raft.server.watch.timeout.denomination = 1s (default)
dn2_1    | java.lang.InterruptedException: sleep interrupted
recon_1  | 2023-03-10 22:48:58,617 [IPC Server handler 7 on default port 9891] WARN ipc.Server: IPC Server handler 7 on default port 9891, call Call#0 Retry#0 org.apache.hadoop.ozone.protocol.ReconDatanodeProtocol.submitRequest from 10.9.0.15:59040: output error
om3_1    | 2023-03-10 22:49:07,193 [Listener at om3/9862] INFO server.RaftServer$Division: om3@group-D66704EFC61C: start as a follower, conf=21: [om1|rpc:om1:9872|admin:|client:|dataStream:|priority:0, om3|rpc:om3:9872|admin:|client:|dataStream:|priority:0, om2|rpc:om2:9872|admin:|client:|dataStream:|priority:0], old=null
scm_1    | 2023-03-10 22:48:56,797 [EventQueue-OpenPipelineForHealthyPipelineSafeModeRule] INFO safemode.SCMSafeModeManager: SCM in safe mode. Healthy pipelines reported count is 0, required healthy pipeline reported count is 1
dn4_1    | 2023-03-10 22:48:46,210 [pool-34-thread-1] INFO server.RaftServer$Division: e78c5ce1-46ab-4889-a0cd-5903ae46614d@group-CBC13A60F575: ConfigurationManager, init=-1: [], old=null, confs=<EMPTY_MAP>
om1_1    | 2023-03-10 22:49:08,215 [Listener at om1/9862] INFO http.HttpServer2: Jetty bound to port 9874
dn5_1    | 2023-03-10 22:48:43,349 [pool-26-thread-1] INFO server.RaftServerConfigKeys: raft.server.log.segment.size.max = 1048576 (custom)
dn3_1    | 2023-03-10 22:49:01,447 [1a6d358d-6662-4447-914c-d709a67ff716@group-5C511402A23E-LeaderElection3] INFO server.RaftServerConfigKeys: raft.server.watch.element-limit = 65536 (default)
recon_1  | 2023-03-10 22:48:58,617 [IPC Server handler 9 on default port 9891] INFO ipc.Server: IPC Server handler 9 on default port 9891 caught an exception
om3_1    | 2023-03-10 22:49:07,197 [Listener at om3/9862] INFO server.RaftServer$Division: om3@group-D66704EFC61C: changes role from      null to FOLLOWER at term 3 for startAsFollower
scm_1    | 2023-03-10 22:48:56,797 [EventQueue-OpenPipelineForHealthyPipelineSafeModeRule] INFO safemode.SCMSafeModeManager: SCM in safe mode. Healthy pipelines reported count is 0, required healthy pipeline reported count is 1
dn4_1    | 2023-03-10 22:48:46,210 [pool-34-thread-1] INFO server.RaftServerConfigKeys: raft.server.storage.dir = [/data/metadata/ratis] (custom)
om1_1    | 2023-03-10 22:49:08,232 [Listener at om1/9862] INFO server.Server: jetty-9.4.43.v20210629; built: 2021-06-30T11:07:22.254Z; git: 526006ecfa3af7f1a27ef3a288e2bef7ea9dd7e8; jvm 11.0.13+8-LTS
dn5_1    | 2023-03-10 22:48:43,369 [pool-26-thread-1] INFO server.RaftServerConfigKeys: raft.server.log.preallocated.size = 16384 (custom)
dn2_1    | 	at java.base/java.lang.Thread.sleep(Native Method)
dn3_1    | 2023-03-10 22:49:01,684 [1a6d358d-6662-4447-914c-d709a67ff716@group-5C511402A23E-LeaderElection3] INFO server.RaftServerConfigKeys: raft.server.write.element-limit = 1024 (custom)
recon_1  | java.nio.channels.ClosedChannelException
recon_1  | 	at java.base/sun.nio.ch.SocketChannelImpl.ensureOpenAndConnected(SocketChannelImpl.java:180)
om3_1    | 2023-03-10 22:49:07,200 [Listener at om3/9862] INFO impl.RoleInfo: om3: start om3@group-D66704EFC61C-FollowerState
dn4_1    | 2023-03-10 22:48:46,211 [pool-34-thread-1] INFO server.RaftServerConfigKeys: raft.server.log.corruption.policy = EXCEPTION (default)
om1_1    | 2023-03-10 22:49:08,393 [Listener at om1/9862] INFO server.session: DefaultSessionIdManager workerName=node0
dn5_1    | 2023-03-10 22:48:43,415 [pool-26-thread-1] INFO server.RaftServerConfigKeys: raft.server.log.force.sync.num = 128 (default)
dn2_1    | 	at java.base/java.lang.Thread.sleep(Thread.java:334)
recon_1  | 	at java.base/sun.nio.ch.SocketChannelImpl.write(SocketChannelImpl.java:452)
scm_1    | 2023-03-10 22:48:56,798 [Listener at 0.0.0.0/9860] INFO server.session: DefaultSessionIdManager workerName=node0
om3_1    | 2023-03-10 22:49:07,222 [Listener at om3/9862] INFO util.JmxRegister: Successfully registered JMX Bean with object name Ratis:service=RaftServer,group=group-D66704EFC61C,id=om3
dn4_1    | 2023-03-10 22:48:46,214 [pool-34-thread-1] INFO server.RaftServerConfigKeys: raft.server.storage.free-space.min = 0MB (=0) (default)
om1_1    | 2023-03-10 22:49:08,394 [Listener at om1/9862] INFO server.session: No SessionScavenger set, using defaults
dn5_1    | 2023-03-10 22:48:43,417 [pool-26-thread-1] INFO server.RaftServerConfigKeys: raft.server.log.statemachine.data.sync = true (default)
dn3_1    | 2023-03-10 22:49:01,685 [1a6d358d-6662-4447-914c-d709a67ff716@group-5C511402A23E-LeaderElection3] INFO server.RaftServerConfigKeys: raft.server.write.follower.gap.ratio.max = -1.0 (default)
dn2_1    | 	at java.base/java.util.concurrent.TimeUnit.sleep(TimeUnit.java:446)
recon_1  | 	at org.apache.hadoop.ipc.Server.channelWrite(Server.java:3605)
scm_1    | 2023-03-10 22:48:56,856 [Listener at 0.0.0.0/9860] INFO server.session: No SessionScavenger set, using defaults
om3_1    | 2023-03-10 22:49:07,243 [Listener at om3/9862] INFO server.RaftServer: om3: start RPC server
dn4_1    | 2023-03-10 22:48:46,220 [pool-34-thread-1] INFO storage.RaftStorageDirectory: Lock on /data/metadata/ratis/78b03a88-75c1-4060-9962-cbc13a60f575/in_use.lock acquired by nodename 6@2fcb222ba8e8
om1_1    | 2023-03-10 22:49:08,395 [Listener at om1/9862] INFO server.session: node0 Scavenging every 660000ms
dn5_1    | 2023-03-10 22:48:43,428 [pool-26-thread-1] INFO server.RaftServerConfigKeys: raft.server.log.statemachine.data.sync.timeout = 10s (default)
dn3_1    | 2023-03-10 22:49:01,715 [1a6d358d-6662-4447-914c-d709a67ff716@group-5C511402A23E-LeaderElection3] INFO impl.RoleInfo: 1a6d358d-6662-4447-914c-d709a67ff716: start 1a6d358d-6662-4447-914c-d709a67ff716@group-5C511402A23E-LeaderStateImpl
dn2_1    | 	at org.apache.ratis.util.TimeDuration.sleep(TimeDuration.java:324)
recon_1  | 	at org.apache.hadoop.ipc.Server.access$1700(Server.java:141)
scm_1    | 2023-03-10 22:48:56,861 [Listener at 0.0.0.0/9860] INFO server.session: node0 Scavenging every 660000ms
om3_1    | 2023-03-10 22:49:07,544 [Listener at om3/9862] INFO server.GrpcService: om3: GrpcService started, listening on 9872
dn4_1    | 2023-03-10 22:48:46,233 [pool-34-thread-1] INFO storage.RaftStorage: Read RaftStorageMetadata{term=3, votedFor=e78c5ce1-46ab-4889-a0cd-5903ae46614d} from /data/metadata/ratis/78b03a88-75c1-4060-9962-cbc13a60f575/current/raft-meta
om1_1    | 2023-03-10 22:49:08,454 [Listener at om1/9862] INFO handler.ContextHandler: Started o.e.j.s.ServletContextHandler@5763a655{logs,/logs,file:///var/log/hadoop/,AVAILABLE}
dn5_1    | 2023-03-10 22:48:43,429 [pool-26-thread-1] INFO server.RaftServerConfigKeys: raft.server.log.statemachine.data.sync.timeout.retry = -1 (default)
dn3_1    | 2023-03-10 22:49:01,923 [1a6d358d-6662-4447-914c-d709a67ff716@group-5C511402A23E-LeaderElection3] INFO segmented.SegmentedRaftLogWorker: 1a6d358d-6662-4447-914c-d709a67ff716@group-5C511402A23E-SegmentedRaftLogWorker: Rolling segment log-1_2 to index:2
dn2_1    | 	at org.apache.ratis.util.TimeDuration.sleep(TimeDuration.java:309)
scm_1    | 2023-03-10 22:48:56,901 [IPC Server handler 5 on default port 9861] INFO net.NetworkTopologyImpl: Added a new node: /default-rack/178b30e1-b74d-4f4d-a142-c930eee71455
om3_1    | 2023-03-10 22:49:07,555 [Listener at om3/9862] INFO om.OzoneManager: Version File has different layout version (0) than OM DB (null). That is expected if this OM has never been finalized to a newer layout version.
dn4_1    | 2023-03-10 22:48:46,237 [pool-34-thread-1] INFO ratis.ContainerStateMachine: group-CBC13A60F575: Setting the last applied index to (t:3, i:11)
dn4_1    | 2023-03-10 22:48:46,367 [pool-34-thread-1] INFO server.RaftServer$Division: e78c5ce1-46ab-4889-a0cd-5903ae46614d@group-CBC13A60F575: set configuration 3: [e3e4587c-aa42-4e86-ae9a-d3e448365275|rpc:10.9.0.15:9856|admin:10.9.0.15:9857|client:10.9.0.15:9858|dataStream:|priority:0, e78c5ce1-46ab-4889-a0cd-5903ae46614d|rpc:10.9.0.18:9856|admin:10.9.0.18:9857|client:10.9.0.18:9858|dataStream:|priority:1, 3892a4e1-c878-42af-adb7-db66a90d61f4|rpc:10.9.0.16:9856|admin:10.9.0.16:9857|client:10.9.0.16:9858|dataStream:|priority:0], old=null
dn5_1    | 2023-03-10 22:48:43,615 [pool-26-thread-1] INFO server.RaftServerConfigKeys: raft.server.log.write.buffer.size = 1048576 (custom)
dn3_1    | 2023-03-10 22:49:01,970 [1a6d358d-6662-4447-914c-d709a67ff716@group-5C511402A23E-SegmentedRaftLogWorker] INFO segmented.SegmentedRaftLogWorker: 1a6d358d-6662-4447-914c-d709a67ff716@group-5C511402A23E-SegmentedRaftLogWorker: Rolled log segment from /data/metadata/ratis/7572f4a9-8e86-407b-b624-5c511402a23e/current/log_inprogress_1 to /data/metadata/ratis/7572f4a9-8e86-407b-b624-5c511402a23e/current/log_1-2
dn2_1    | 	at org.apache.ratis.server.impl.FollowerState.run(FollowerState.java:118)
recon_1  | 	at org.apache.hadoop.ipc.Server$Responder.processResponse(Server.java:1667)
scm_1    | 2023-03-10 22:48:56,904 [IPC Server handler 5 on default port 9861] INFO node.SCMNodeManager: Registered Data node : 178b30e1-b74d-4f4d-a142-c930eee71455{ip: 10.9.0.19, host: ha_dn5_1.ha_net, ports: [REPLICATION=9886, RATIS=9858, RATIS_ADMIN=9857, RATIS_SERVER=9856, STANDALONE=9859], networkLocation: /default-rack, certSerialId: null, persistedOpState: IN_SERVICE, persistedOpStateExpiryEpochSec: 0}
om3_1    | 2023-03-10 22:49:07,586 [org.apache.ratis.util.JvmPauseMonitor$$Lambda$408/0x0000000840540040@3db65c0d] INFO util.JvmPauseMonitor: JvmPauseMonitor-om3: Started
dn4_1    | 2023-03-10 22:48:46,376 [pool-34-thread-1] INFO server.RaftServerConfigKeys: raft.server.notification.no-leader.timeout = 300s (custom)
om1_1    | 2023-03-10 22:49:08,455 [Listener at om1/9862] INFO handler.ContextHandler: Started o.e.j.s.ServletContextHandler@629075f4{static,/static,jar:file:/opt/hadoop/share/ozone/lib/ozone-manager-1.2.1.jar!/webapps/static,AVAILABLE}
dn5_1    | 2023-03-10 22:48:43,620 [pool-26-thread-1] INFO server.RaftServerConfigKeys: raft.server.log.statemachine.data.caching.enabled = true (custom)
dn3_1    | 2023-03-10 22:49:02,033 [1a6d358d-6662-4447-914c-d709a67ff716@group-5C511402A23E-SegmentedRaftLogWorker] INFO segmented.SegmentedRaftLogWorker: 1a6d358d-6662-4447-914c-d709a67ff716@group-5C511402A23E-SegmentedRaftLogWorker: created new log segment /data/metadata/ratis/7572f4a9-8e86-407b-b624-5c511402a23e/current/log_inprogress_3
dn2_1    | 2023-03-10 22:49:10,050 [grpc-default-executor-1] INFO server.RaftServer$Division: 3892a4e1-c878-42af-adb7-db66a90d61f4@group-5B98FDC36F00 replies to ELECTION vote request: 1a6d358d-6662-4447-914c-d709a67ff716<-3892a4e1-c878-42af-adb7-db66a90d61f4#0:FAIL-t7. Peer's state: 3892a4e1-c878-42af-adb7-db66a90d61f4@group-5B98FDC36F00:t7, leader=null, voted=null, raftlog=3892a4e1-c878-42af-adb7-db66a90d61f4@group-5B98FDC36F00-SegmentedRaftLog:OPENED:c10, conf=9: [178b30e1-b74d-4f4d-a142-c930eee71455|rpc:10.9.0.19:9856|admin:10.9.0.19:9857|client:10.9.0.19:9858|dataStream:|priority:0, 3892a4e1-c878-42af-adb7-db66a90d61f4|rpc:10.9.0.16:9856|admin:10.9.0.16:9857|client:10.9.0.16:9858|dataStream:|priority:1, 1a6d358d-6662-4447-914c-d709a67ff716|rpc:10.9.0.17:9856|admin:10.9.0.17:9857|client:10.9.0.17:9858|dataStream:|priority:0], old=null
recon_1  | 	at org.apache.hadoop.ipc.Server$Responder.doRespond(Server.java:1737)
scm_1    | 2023-03-10 22:48:56,905 [EventQueue-NewNodeForNewNodeHandler] INFO pipeline.BackgroundPipelineCreator: trigger a one-shot run on RatisPipelineUtilsThread.
om3_1    | 2023-03-10 22:49:07,777 [Listener at om3/9862] INFO http.BaseHttpServer: Starting Web-server for ozoneManager at: http://0.0.0.0:9874
dn4_1    | 2023-03-10 22:48:46,376 [pool-34-thread-1] INFO server.RaftServerConfigKeys: raft.server.log.use.memory = false (default)
dn5_1    | 2023-03-10 22:48:43,695 [main] INFO server.AuthenticationFilter: Unable to initialize FileSignerSecretProvider, falling back to use random secrets.
dn5_1    | 2023-03-10 22:48:43,788 [main] INFO http.HttpRequestLog: Http request log for http.requests.hddsDatanode is not defined
dn5_1    | 2023-03-10 22:48:43,831 [main] INFO http.HttpServer2: Added global filter 'safety' (class=org.apache.hadoop.hdds.server.http.HttpServer2$QuotingInputFilter)
dn5_1    | 2023-03-10 22:48:43,904 [main] INFO http.HttpServer2: Added filter static_user_filter (class=org.apache.hadoop.http.lib.StaticUserWebFilter$StaticUserFilter) to context hddsDatanode
dn5_1    | 2023-03-10 22:48:43,904 [main] INFO http.HttpServer2: Added filter static_user_filter (class=org.apache.hadoop.http.lib.StaticUserWebFilter$StaticUserFilter) to context logs
dn5_1    | 2023-03-10 22:48:43,945 [main] INFO http.HttpServer2: Added filter static_user_filter (class=org.apache.hadoop.http.lib.StaticUserWebFilter$StaticUserFilter) to context static
dn5_1    | 2023-03-10 22:48:44,131 [pool-26-thread-1] INFO server.RaftServer$Division: 178b30e1-b74d-4f4d-a142-c930eee71455@group-5B98FDC36F00: set configuration 0: [178b30e1-b74d-4f4d-a142-c930eee71455|rpc:10.9.0.19:9856|admin:10.9.0.19:9857|client:10.9.0.19:9858|dataStream:|priority:0, 3892a4e1-c878-42af-adb7-db66a90d61f4|rpc:10.9.0.16:9856|admin:10.9.0.16:9857|client:10.9.0.16:9858|dataStream:|priority:1, 1a6d358d-6662-4447-914c-d709a67ff716|rpc:10.9.0.17:9856|admin:10.9.0.17:9857|client:10.9.0.17:9858|dataStream:|priority:0], old=null
dn5_1    | 2023-03-10 22:48:44,190 [pool-26-thread-1] INFO segmented.LogSegment: Successfully read 9 entries from segment file /data/metadata/ratis/54b523a6-4d1d-4f07-a057-5b98fdc36f00/current/log_0-8
dn5_1    | 2023-03-10 22:48:44,261 [pool-26-thread-1] INFO server.RaftServer$Division: 178b30e1-b74d-4f4d-a142-c930eee71455@group-5B98FDC36F00: set configuration 9: [178b30e1-b74d-4f4d-a142-c930eee71455|rpc:10.9.0.19:9856|admin:10.9.0.19:9857|client:10.9.0.19:9858|dataStream:|priority:0, 3892a4e1-c878-42af-adb7-db66a90d61f4|rpc:10.9.0.16:9856|admin:10.9.0.16:9857|client:10.9.0.16:9858|dataStream:|priority:1, 1a6d358d-6662-4447-914c-d709a67ff716|rpc:10.9.0.17:9856|admin:10.9.0.17:9857|client:10.9.0.17:9858|dataStream:|priority:0], old=null
dn5_1    | 2023-03-10 22:48:44,273 [pool-26-thread-1] INFO segmented.LogSegment: Successfully read 2 entries from segment file /data/metadata/ratis/54b523a6-4d1d-4f07-a057-5b98fdc36f00/current/log_inprogress_9
dn5_1    | 2023-03-10 22:48:44,374 [pool-26-thread-1] INFO segmented.SegmentedRaftLogWorker: 178b30e1-b74d-4f4d-a142-c930eee71455@group-5B98FDC36F00-SegmentedRaftLogWorker: flushIndex: setUnconditionally 0 -> 10
dn5_1    | 2023-03-10 22:48:44,387 [pool-26-thread-1] INFO segmented.SegmentedRaftLogWorker: 178b30e1-b74d-4f4d-a142-c930eee71455@group-5B98FDC36F00-SegmentedRaftLogWorker: safeCacheEvictIndex: setUnconditionally 0 -> 8
dn5_1    | 2023-03-10 22:48:45,066 [main] INFO http.HttpServer2: Jetty bound to port 9882
dn5_1    | 2023-03-10 22:48:45,144 [main] INFO server.Server: jetty-9.4.43.v20210629; built: 2021-06-30T11:07:22.254Z; git: 526006ecfa3af7f1a27ef3a288e2bef7ea9dd7e8; jvm 11.0.13+8-LTS
dn5_1    | 2023-03-10 22:48:45,529 [main] INFO server.session: DefaultSessionIdManager workerName=node0
dn5_1    | 2023-03-10 22:48:45,529 [main] INFO server.session: No SessionScavenger set, using defaults
dn5_1    | 2023-03-10 22:48:45,571 [main] INFO server.session: node0 Scavenging every 660000ms
dn5_1    | 2023-03-10 22:48:45,728 [main] INFO handler.ContextHandler: Started o.e.j.s.ServletContextHandler@d325518{logs,/logs,file:///var/log/hadoop/,AVAILABLE}
dn5_1    | 2023-03-10 22:48:45,748 [main] INFO handler.ContextHandler: Started o.e.j.s.ServletContextHandler@3fcbc766{static,/static,jar:file:/opt/hadoop/share/ozone/lib/hdds-container-service-1.2.1.jar!/webapps/static,AVAILABLE}
dn5_1    | 2023-03-10 22:48:45,915 [pool-26-thread-1] INFO raftlog.RaftLog: 178b30e1-b74d-4f4d-a142-c930eee71455@group-5B98FDC36F00-SegmentedRaftLog: commitIndex: updateToMax old=10, new=9, updated? false
dn5_1    | 2023-03-10 22:48:45,954 [pool-26-thread-1] INFO server.RaftServerConfigKeys: raft.server.snapshot.auto.trigger.enabled = true (custom)
dn5_1    | 2023-03-10 22:48:45,955 [pool-26-thread-1] INFO server.RaftServerConfigKeys: raft.server.snapshot.auto.trigger.threshold = 10000 (custom)
dn5_1    | 2023-03-10 22:48:45,955 [pool-26-thread-1] INFO server.RaftServerConfigKeys: raft.server.snapshot.retention.file.num = 5 (custom)
dn5_1    | 2023-03-10 22:48:45,956 [pool-26-thread-1] INFO server.RaftServerConfigKeys: raft.server.log.purge.upto.snapshot.index = false (default)
dn5_1    | 2023-03-10 22:48:46,029 [pool-26-thread-1] INFO server.RaftServerConfigKeys: raft.server.retrycache.expirytime = 600000ms (custom)
dn5_1    | 2023-03-10 22:48:46,031 [pool-26-thread-1] INFO server.RaftServerConfigKeys: raft.server.retrycache.statistics.expirytime = 100?s (default)
dn5_1    | 2023-03-10 22:48:46,582 [pool-26-thread-1] INFO server.RaftServer$Division: 178b30e1-b74d-4f4d-a142-c930eee71455: new RaftServerImpl for group-8E287CACCC68:[] with ContainerStateMachine:uninitialized
dn5_1    | 2023-03-10 22:48:46,582 [pool-26-thread-1] INFO server.RaftServerConfigKeys: raft.server.rpc.timeout.min = 5s (custom)
dn5_1    | 2023-03-10 22:48:46,583 [pool-26-thread-1] INFO server.RaftServerConfigKeys: raft.server.rpc.timeout.max = 5200ms (custom)
dn5_1    | 2023-03-10 22:48:46,583 [pool-26-thread-1] INFO server.RaftServerConfigKeys: raft.server.rpc.sleep.time = 25ms (default)
dn5_1    | 2023-03-10 22:48:46,586 [pool-26-thread-1] INFO server.RaftServerConfigKeys: raft.server.rpc.slowness.timeout = 300s (custom)
dn5_1    | 2023-03-10 22:48:46,587 [pool-26-thread-1] INFO server.RaftServerConfigKeys: raft.server.leaderelection.leader.step-down.wait-time = 10s (default)
scm_1    | 2023-03-10 22:48:56,964 [EventQueue-NodeRegistrationContainerReportForDataNodeSafeModeRule] INFO safemode.SCMSafeModeManager: SCM in safe mode. 3 DataNodes registered, 3 required.
om1_1    | 2023-03-10 22:49:09,536 [Listener at om1/9862] INFO handler.ContextHandler: Started o.e.j.w.WebAppContext@2a04ab05{ozoneManager,/,file:///tmp/jetty-0_0_0_0-9874-ozone-manager-1_2_1_jar-_-any-15658989164680808189/webapp/,AVAILABLE}{jar:file:/opt/hadoop/share/ozone/lib/ozone-manager-1.2.1.jar!/webapps/ozoneManager}
dn2_1    | 2023-03-10 22:49:14,956 [grpc-default-executor-1] INFO server.RaftServer$Division: 3892a4e1-c878-42af-adb7-db66a90d61f4@group-CBC13A60F575: receive requestVote(ELECTION, e78c5ce1-46ab-4889-a0cd-5903ae46614d, group-CBC13A60F575, 6, (t:3, i:11))
dn5_1    | 2023-03-10 22:48:46,587 [pool-26-thread-1] INFO server.RaftServerConfigKeys: raft.server.sleep.deviation.threshold = 300ms (default)
dn4_1    | 2023-03-10 22:48:46,381 [pool-34-thread-1] INFO server.RaftServerConfigKeys: raft.server.log.purge.gap = 1000000 (custom)
recon_1  | 	at org.apache.hadoop.ipc.Server$Connection.sendResponse(Server.java:2837)
recon_1  | 	at org.apache.hadoop.ipc.Server$Connection.access$300(Server.java:1809)
recon_1  | 	at org.apache.hadoop.ipc.Server$RpcCall.doResponse(Server.java:1117)
scm_1    | 2023-03-10 22:48:56,966 [EventQueue-OpenPipelineForHealthyPipelineSafeModeRule] INFO safemode.SCMSafeModeManager: SCM in safe mode. Healthy pipelines reported count is 0, required healthy pipeline reported count is 1
om1_1    | 2023-03-10 22:49:09,570 [Listener at om1/9862] INFO server.AbstractConnector: Started ServerConnector@374ccb9{HTTP/1.1, (http/1.1)}{0.0.0.0:9874}
dn2_1    | 2023-03-10 22:49:14,957 [grpc-default-executor-1] INFO impl.VoteContext: 3892a4e1-c878-42af-adb7-db66a90d61f4@group-CBC13A60F575-FOLLOWER: accept ELECTION from e78c5ce1-46ab-4889-a0cd-5903ae46614d: our priority 0 <= candidate's priority 1
dn5_1    | 2023-03-10 22:48:46,587 [pool-26-thread-1] INFO server.RaftServerConfigKeys: raft.server.log.appender.install.snapshot.enabled = false (custom)
dn4_1    | 2023-03-10 22:48:46,382 [pool-34-thread-1] INFO server.RaftServerConfigKeys: raft.server.log.appender.buffer.byte-limit = 33554432 (custom)
recon_1  | 	at org.apache.hadoop.ipc.Server$Call.doResponse(Server.java:909)
recon_1  | 	at org.apache.hadoop.ipc.Server$Call.sendResponse(Server.java:895)
recon_1  | 	at org.apache.hadoop.ipc.Server$RpcCall.run(Server.java:1052)
om1_1    | 2023-03-10 22:49:09,572 [Listener at om1/9862] INFO server.Server: Started @73949ms
scm_1    | 2023-03-10 22:48:56,965 [EventQueue-PipelineReportForOneReplicaPipelineSafeModeRule] INFO safemode.SCMSafeModeManager: SCM in safe mode. Pipelines with at least one datanode reported count is 3, required at least one datanode reported per pipeline count is 3
dn2_1    | 2023-03-10 22:49:14,958 [grpc-default-executor-1] INFO server.RaftServer$Division: 3892a4e1-c878-42af-adb7-db66a90d61f4@group-CBC13A60F575: changes role from  FOLLOWER to FOLLOWER at term 6 for candidate:e78c5ce1-46ab-4889-a0cd-5903ae46614d
dn5_1    | 2023-03-10 22:48:46,588 [pool-26-thread-1] INFO server.RaftServer$Division: 178b30e1-b74d-4f4d-a142-c930eee71455@group-8E287CACCC68: ConfigurationManager, init=-1: [], old=null, confs=<EMPTY_MAP>
dn4_1    | 2023-03-10 22:48:46,384 [pool-34-thread-1] INFO server.RaftServerConfigKeys: raft.server.log.segment.size.max = 1048576 (custom)
recon_1  | 	at org.apache.hadoop.ipc.Server$RpcCall.run(Server.java:963)
recon_1  | 	at java.base/java.security.AccessController.doPrivileged(Native Method)
recon_1  | 	at java.base/javax.security.auth.Subject.doAs(Subject.java:423)
om1_1    | 2023-03-10 22:49:09,595 [Listener at om1/9862] INFO impl.MetricsSinkAdapter: Sink prometheus started
scm_1    | 2023-03-10 22:48:57,017 [EventQueue-NodeRegistrationContainerReportForDataNodeSafeModeRule] INFO safemode.SCMSafeModeManager: DataNodeSafeModeRule rule is successfully validated
dn5_1    | 2023-03-10 22:48:46,617 [pool-26-thread-1] INFO server.RaftServerConfigKeys: raft.server.storage.dir = [/data/metadata/ratis] (custom)
dn4_1    | 2023-03-10 22:48:46,389 [pool-34-thread-1] INFO server.RaftServerConfigKeys: raft.server.log.segment.cache.num.max = 2 (custom)
recon_1  | 	at org.apache.hadoop.security.UserGroupInformation.doAs(UserGroupInformation.java:1878)
recon_1  | 	at org.apache.hadoop.ipc.Server$Handler.run(Server.java:2966)
recon_1  | 2023-03-10 22:48:58,626 [IPC Server handler 3 on default port 9891] INFO ipc.Server: IPC Server handler 3 on default port 9891 caught an exception
om1_1    | 2023-03-10 22:49:09,595 [Listener at om1/9862] INFO impl.MetricsSystemImpl: Registered sink prometheus
scm_1    | 2023-03-10 22:48:57,021 [EventQueue-NodeRegistrationContainerReportForDataNodeSafeModeRule] INFO safemode.SCMSafeModeManager: All SCM safe mode pre check rules have passed
dn5_1    | 2023-03-10 22:48:46,617 [pool-26-thread-1] INFO server.RaftServerConfigKeys: raft.server.log.corruption.policy = EXCEPTION (default)
dn4_1    | 2023-03-10 22:48:46,395 [pool-34-thread-1] INFO server.RaftServerConfigKeys: raft.server.log.segment.cache.size.max = 200MB (=209715200) (default)
recon_1  | java.nio.channels.ClosedChannelException
recon_1  | 	at java.base/sun.nio.ch.SocketChannelImpl.ensureOpenAndConnected(SocketChannelImpl.java:180)
recon_1  | 	at java.base/sun.nio.ch.SocketChannelImpl.write(SocketChannelImpl.java:452)
om1_1    | 2023-03-10 22:49:09,597 [Listener at om1/9862] INFO http.BaseHttpServer: HTTP server of ozoneManager listening at http://0.0.0.0:9874
scm_1    | 2023-03-10 22:48:57,021 [EventQueue-NodeRegistrationContainerReportForDataNodeSafeModeRule] WARN events.EventQueue: No event handler registered for event TypedEvent{payloadType=SafeModeStatus, name='Safe mode status'}
dn5_1    | 2023-03-10 22:48:46,629 [pool-26-thread-1] INFO server.RaftServerConfigKeys: raft.server.storage.free-space.min = 0MB (=0) (default)
dn4_1    | 2023-03-10 22:48:46,395 [pool-34-thread-1] INFO segmented.SegmentedRaftLogWorker: new e78c5ce1-46ab-4889-a0cd-5903ae46614d@group-CBC13A60F575-SegmentedRaftLogWorker for RaftStorageImpl:Storage Directory /data/metadata/ratis/78b03a88-75c1-4060-9962-cbc13a60f575
recon_1  | 	at org.apache.hadoop.ipc.Server.channelWrite(Server.java:3605)
recon_1  | 	at org.apache.hadoop.ipc.Server.access$1700(Server.java:141)
recon_1  | 	at org.apache.hadoop.ipc.Server$Responder.processResponse(Server.java:1667)
om1_1    | 2023-03-10 22:49:09,605 [IPC Server Responder] INFO ipc.Server: IPC Server Responder: starting
scm_1    | 2023-03-10 22:48:57,043 [EventQueue-NodeRegistrationContainerReportForDataNodeSafeModeRule] INFO ha.SCMContext: Update SafeModeStatus from SafeModeStatus{safeModeStatus=true, preCheckPassed=false} to SafeModeStatus{safeModeStatus=true, preCheckPassed=true}.
dn5_1    | 2023-03-10 22:48:46,667 [pool-26-thread-1] INFO storage.RaftStorageDirectory: Lock on /data/metadata/ratis/b1358d3e-7575-4e13-af6d-8e287caccc68/in_use.lock acquired by nodename 7@47108a081c6a
dn4_1    | 2023-03-10 22:48:46,396 [pool-34-thread-1] INFO server.RaftServerConfigKeys: raft.server.log.queue.byte-limit = 2147483647 (custom)
recon_1  | 	at org.apache.hadoop.ipc.Server$Responder.doRespond(Server.java:1737)
recon_1  | 	at org.apache.hadoop.ipc.Server$Connection.sendResponse(Server.java:2837)
recon_1  | 	at org.apache.hadoop.ipc.Server$Connection.access$300(Server.java:1809)
om1_1    | 2023-03-10 22:49:09,608 [IPC Server listener on 9862] INFO ipc.Server: IPC Server listener on 9862: starting
scm_1    | 2023-03-10 22:48:57,044 [EventQueue-NodeRegistrationContainerReportForDataNodeSafeModeRule] INFO pipeline.BackgroundPipelineCreator: trigger a one-shot run on RatisPipelineUtilsThread.
dn5_1    | 2023-03-10 22:48:46,669 [pool-26-thread-1] INFO storage.RaftStorage: Read RaftStorageMetadata{term=2, votedFor=178b30e1-b74d-4f4d-a142-c930eee71455} from /data/metadata/ratis/b1358d3e-7575-4e13-af6d-8e287caccc68/current/raft-meta
dn4_1    | 2023-03-10 22:48:46,401 [pool-34-thread-1] INFO server.RaftServerConfigKeys: raft.server.log.queue.element-limit = 1024 (custom)
recon_1  | 	at org.apache.hadoop.ipc.Server$RpcCall.doResponse(Server.java:1117)
recon_1  | 	at org.apache.hadoop.ipc.Server$Call.doResponse(Server.java:909)
recon_1  | 	at org.apache.hadoop.ipc.Server$Call.sendResponse(Server.java:895)
om1_1    | 2023-03-10 22:49:09,701 [Listener at om1/9862] INFO om.OzoneManager: Trash Interval set to 0. Files deleted will not move to trash
scm_1    | 2023-03-10 22:48:57,044 [EventQueue-PipelineReportForOneReplicaPipelineSafeModeRule] INFO safemode.SCMSafeModeManager: AtleastOneDatanodeReportedRule rule is successfully validated
dn5_1    | 2023-03-10 22:48:46,670 [pool-26-thread-1] INFO ratis.ContainerStateMachine: group-8E287CACCC68: Setting the last applied index to (t:2, i:2)
dn4_1    | 2023-03-10 22:48:46,401 [pool-34-thread-1] INFO server.RaftServerConfigKeys: raft.server.log.segment.size.max = 1048576 (custom)
dn4_1    | 2023-03-10 22:48:46,402 [pool-34-thread-1] INFO server.RaftServerConfigKeys: raft.server.log.preallocated.size = 16384 (custom)
dn4_1    | 2023-03-10 22:48:46,405 [pool-34-thread-1] INFO server.RaftServerConfigKeys: raft.server.log.force.sync.num = 128 (default)
dn4_1    | 2023-03-10 22:48:46,405 [pool-34-thread-1] INFO server.RaftServerConfigKeys: raft.server.log.statemachine.data.sync = true (default)
dn4_1    | 2023-03-10 22:48:46,406 [pool-34-thread-1] INFO server.RaftServerConfigKeys: raft.server.log.statemachine.data.sync.timeout = 10s (default)
dn4_1    | 2023-03-10 22:48:46,408 [pool-34-thread-1] INFO server.RaftServerConfigKeys: raft.server.log.statemachine.data.sync.timeout.retry = -1 (default)
dn4_1    | 2023-03-10 22:48:46,413 [pool-34-thread-1] INFO server.RaftServerConfigKeys: raft.server.log.write.buffer.size = 1048576 (custom)
dn4_1    | 2023-03-10 22:48:46,417 [pool-34-thread-1] INFO server.RaftServerConfigKeys: raft.server.log.statemachine.data.caching.enabled = true (custom)
dn4_1    | 2023-03-10 22:48:46,428 [pool-34-thread-1] INFO server.RaftServer$Division: e78c5ce1-46ab-4889-a0cd-5903ae46614d@group-CBC13A60F575: set configuration 0: [e3e4587c-aa42-4e86-ae9a-d3e448365275|rpc:10.9.0.15:9856|admin:10.9.0.15:9857|client:10.9.0.15:9858|dataStream:|priority:0, e78c5ce1-46ab-4889-a0cd-5903ae46614d|rpc:10.9.0.18:9856|admin:10.9.0.18:9857|client:10.9.0.18:9858|dataStream:|priority:1, 3892a4e1-c878-42af-adb7-db66a90d61f4|rpc:10.9.0.16:9856|admin:10.9.0.16:9857|client:10.9.0.16:9858|dataStream:|priority:0], old=null
dn4_1    | 2023-03-10 22:48:46,445 [pool-34-thread-1] INFO segmented.LogSegment: Successfully read 1 entries from segment file /data/metadata/ratis/78b03a88-75c1-4060-9962-cbc13a60f575/current/log_0-0
dn4_1    | 2023-03-10 22:48:46,454 [pool-34-thread-1] INFO server.RaftServer$Division: e78c5ce1-46ab-4889-a0cd-5903ae46614d@group-CBC13A60F575: set configuration 1: [e3e4587c-aa42-4e86-ae9a-d3e448365275|rpc:10.9.0.15:9856|admin:10.9.0.15:9857|client:10.9.0.15:9858|dataStream:|priority:0, e78c5ce1-46ab-4889-a0cd-5903ae46614d|rpc:10.9.0.18:9856|admin:10.9.0.18:9857|client:10.9.0.18:9858|dataStream:|priority:1, 3892a4e1-c878-42af-adb7-db66a90d61f4|rpc:10.9.0.16:9856|admin:10.9.0.16:9857|client:10.9.0.16:9858|dataStream:|priority:0], old=null
dn4_1    | 2023-03-10 22:48:46,457 [pool-34-thread-1] INFO segmented.LogSegment: Successfully read 2 entries from segment file /data/metadata/ratis/78b03a88-75c1-4060-9962-cbc13a60f575/current/log_1-2
dn4_1    | 2023-03-10 22:48:46,461 [pool-34-thread-1] INFO server.RaftServer$Division: e78c5ce1-46ab-4889-a0cd-5903ae46614d@group-CBC13A60F575: set configuration 3: [e3e4587c-aa42-4e86-ae9a-d3e448365275|rpc:10.9.0.15:9856|admin:10.9.0.15:9857|client:10.9.0.15:9858|dataStream:|priority:0, e78c5ce1-46ab-4889-a0cd-5903ae46614d|rpc:10.9.0.18:9856|admin:10.9.0.18:9857|client:10.9.0.18:9858|dataStream:|priority:1, 3892a4e1-c878-42af-adb7-db66a90d61f4|rpc:10.9.0.16:9856|admin:10.9.0.16:9857|client:10.9.0.16:9858|dataStream:|priority:0], old=null
dn4_1    | 2023-03-10 22:48:46,467 [pool-34-thread-1] INFO segmented.LogSegment: Successfully read 9 entries from segment file /data/metadata/ratis/78b03a88-75c1-4060-9962-cbc13a60f575/current/log_inprogress_3
dn4_1    | 2023-03-10 22:48:46,486 [pool-34-thread-1] INFO segmented.SegmentedRaftLogWorker: e78c5ce1-46ab-4889-a0cd-5903ae46614d@group-CBC13A60F575-SegmentedRaftLogWorker: flushIndex: setUnconditionally 0 -> 11
