datanode_3  | 2023-03-09 19:51:00,926 [pool-22-thread-1] INFO server.RaftServerConfigKeys: raft.server.log.force.sync.num = 128 (default)
datanode_1  | 2023-03-09 19:50:56,819 [pool-22-thread-1] INFO server.RaftServer$Division: 6e2e3d54-1ce8-4925-96a2-b914e39e6169@group-8B8128488138: changes role from      null to FOLLOWER at term 0 for startAsFollower
datanode_1  | 2023-03-09 19:50:56,821 [pool-22-thread-1] INFO impl.RoleInfo: 6e2e3d54-1ce8-4925-96a2-b914e39e6169: start 6e2e3d54-1ce8-4925-96a2-b914e39e6169@group-8B8128488138-FollowerState
datanode_1  | 2023-03-09 19:50:56,845 [pool-22-thread-1] INFO util.JmxRegister: Successfully registered JMX Bean with object name Ratis:service=RaftServer,group=group-8B8128488138,id=6e2e3d54-1ce8-4925-96a2-b914e39e6169
datanode_1  | 2023-03-09 19:50:56,846 [pool-22-thread-1] INFO server.RaftServerConfigKeys: raft.server.snapshot.auto.trigger.enabled = true (custom)
datanode_2  | 2023-03-09 19:51:06,422 [39aa56bc-4a3b-4279-aa5f-df6ce4eba4b4@group-0647716F34BC-FollowerState] INFO impl.FollowerState: 39aa56bc-4a3b-4279-aa5f-df6ce4eba4b4@group-0647716F34BC-FollowerState: change to CANDIDATE, lastRpcElapsedTime:5154485972ns, electionTimeout:5023ms
om_1        | 2023-03-09 19:51:10,309 [om1-impl-thread1] INFO server.RaftServerConfigKeys: raft.server.log.preallocated.size = 4194304 (custom)
datanode_3  | 2023-03-09 19:51:00,927 [pool-22-thread-1] INFO server.RaftServerConfigKeys: raft.server.log.statemachine.data.sync = true (default)
datanode_1  | 2023-03-09 19:50:56,846 [pool-22-thread-1] INFO server.RaftServerConfigKeys: raft.server.snapshot.auto.trigger.threshold = 10000 (custom)
datanode_1  | 2023-03-09 19:50:56,846 [pool-22-thread-1] INFO server.RaftServerConfigKeys: raft.server.snapshot.retention.file.num = 5 (custom)
datanode_1  | 2023-03-09 19:50:56,846 [pool-22-thread-1] INFO server.RaftServerConfigKeys: raft.server.log.purge.upto.snapshot.index = false (default)
datanode_1  | 2023-03-09 19:50:56,847 [6e2e3d54-1ce8-4925-96a2-b914e39e6169@group-8B8128488138-FollowerState] INFO server.RaftServerConfigKeys: raft.server.rpc.first-election.timeout.min = 5s (fallback to raft.server.rpc.timeout.min)
datanode_2  | 2023-03-09 19:51:06,423 [39aa56bc-4a3b-4279-aa5f-df6ce4eba4b4@group-0647716F34BC-FollowerState] INFO impl.RoleInfo: 39aa56bc-4a3b-4279-aa5f-df6ce4eba4b4: shutdown 39aa56bc-4a3b-4279-aa5f-df6ce4eba4b4@group-0647716F34BC-FollowerState
datanode_2  | 2023-03-09 19:51:06,423 [39aa56bc-4a3b-4279-aa5f-df6ce4eba4b4@group-0647716F34BC-FollowerState] INFO server.RaftServer$Division: 39aa56bc-4a3b-4279-aa5f-df6ce4eba4b4@group-0647716F34BC: changes role from  FOLLOWER to CANDIDATE at term 0 for changeToCandidate
datanode_3  | 2023-03-09 19:51:00,927 [pool-22-thread-1] INFO server.RaftServerConfigKeys: raft.server.log.statemachine.data.sync.timeout = 10s (default)
datanode_1  | 2023-03-09 19:50:56,880 [6e2e3d54-1ce8-4925-96a2-b914e39e6169@group-8B8128488138-FollowerState] INFO server.RaftServerConfigKeys: raft.server.rpc.first-election.timeout.max = 5200ms (fallback to raft.server.rpc.timeout.max)
rm_1        | 2023-03-09 19:50:23 INFO  Server:1149 - IPC Server listener on 8031: starting
rm_1        | 2023-03-09 19:50:23 INFO  JvmPauseMonitor:188 - Starting JVM pause monitor
rm_1        | 2023-03-09 19:50:23 INFO  CallQueueManager:84 - Using callQueue: class java.util.concurrent.LinkedBlockingQueue queueCapacity: 5000 scheduler: class org.apache.hadoop.ipc.DefaultRpcScheduler
datanode_2  | 2023-03-09 19:51:06,424 [39aa56bc-4a3b-4279-aa5f-df6ce4eba4b4@group-0647716F34BC-FollowerState] INFO server.RaftServerConfigKeys: raft.server.leaderelection.pre-vote = true (default)
datanode_2  | 2023-03-09 19:51:06,424 [39aa56bc-4a3b-4279-aa5f-df6ce4eba4b4@group-0647716F34BC-FollowerState] INFO impl.RoleInfo: 39aa56bc-4a3b-4279-aa5f-df6ce4eba4b4: start 39aa56bc-4a3b-4279-aa5f-df6ce4eba4b4@group-0647716F34BC-LeaderElection2
datanode_3  | 2023-03-09 19:51:00,927 [pool-22-thread-1] INFO server.RaftServerConfigKeys: raft.server.log.statemachine.data.sync.timeout.retry = -1 (default)
datanode_3  | 2023-03-09 19:51:00,928 [pool-22-thread-1] INFO server.RaftServerConfigKeys: raft.server.log.write.buffer.size = 1048576 (custom)
rm_1        | 2023-03-09 19:50:23 INFO  Server:1070 - Starting Socket Reader #1 for port 8030
rm_1        | 2023-03-09 19:50:23 INFO  RpcServerFactoryPBImpl:173 - Adding protocol org.apache.hadoop.yarn.api.ApplicationMasterProtocolPB to the server
rm_1        | 2023-03-09 19:50:23 INFO  Server:1310 - IPC Server Responder: starting
datanode_2  | 2023-03-09 19:51:06,431 [39aa56bc-4a3b-4279-aa5f-df6ce4eba4b4@group-0647716F34BC-LeaderElection2] INFO impl.LeaderElection: 39aa56bc-4a3b-4279-aa5f-df6ce4eba4b4@group-0647716F34BC-LeaderElection2 PRE_VOTE round 0: submit vote requests at term 0 for -1: peers:[a0c989c8-8b73-45e0-a78b-4fe811a0b7f1|rpc:172.19.0.7:9856|admin:172.19.0.7:9857|client:172.19.0.7:9858|dataStream:172.19.0.7:9858|priority:0|startupRole:FOLLOWER, 39aa56bc-4a3b-4279-aa5f-df6ce4eba4b4|rpc:172.19.0.9:9856|admin:172.19.0.9:9857|client:172.19.0.9:9858|dataStream:172.19.0.9:9858|priority:0|startupRole:FOLLOWER, 6e2e3d54-1ce8-4925-96a2-b914e39e6169|rpc:172.19.0.6:9856|admin:172.19.0.6:9857|client:172.19.0.6:9858|dataStream:172.19.0.6:9858|priority:1|startupRole:FOLLOWER]|listeners:[], old=null
om_1        | 2023-03-09 19:51:10,311 [om1-impl-thread1] INFO server.RaftServerConfigKeys: raft.server.log.force.sync.num = 128 (default)
datanode_1  | 2023-03-09 19:50:56,880 [Command processor thread] INFO ratis.XceiverServerRatis: Created group PipelineID=eb1ee976-6a79-45bb-9dea-8b8128488138
datanode_3  | 2023-03-09 19:51:00,940 [pool-22-thread-1] INFO server.RaftServerConfigKeys: raft.server.log.appender.buffer.byte-limit = 33554432 (custom)
rm_1        | 2023-03-09 19:50:23 INFO  Server:1149 - IPC Server listener on 8030: starting
rm_1        | 2023-03-09 19:50:24 INFO  CallQueueManager:84 - Using callQueue: class java.util.concurrent.LinkedBlockingQueue queueCapacity: 5000 scheduler: class org.apache.hadoop.ipc.DefaultRpcScheduler
rm_1        | 2023-03-09 19:50:24 INFO  Server:1070 - Starting Socket Reader #1 for port 8032
datanode_2  | 2023-03-09 19:51:06,461 [39aa56bc-4a3b-4279-aa5f-df6ce4eba4b4@group-0647716F34BC-LeaderElection2] INFO server.RaftServerConfigKeys: raft.server.rpc.first-election.timeout.min = 5s (fallback to raft.server.rpc.timeout.min)
om_1        | 2023-03-09 19:51:10,315 [om1-impl-thread1] INFO server.RaftServerConfigKeys: raft.server.log.statemachine.data.sync = true (default)
datanode_1  | 2023-03-09 19:51:00,792 [Command processor thread] INFO commandhandler.CreatePipelineCommandHandler: Created Pipeline RATIS THREE PipelineID=eb1ee976-6a79-45bb-9dea-8b8128488138.
datanode_3  | 2023-03-09 19:51:01,360 [pool-22-thread-1] INFO server.RaftServerConfigKeys: raft.server.log.unsafe-flush.enabled = false (default)
rm_1        | 2023-03-09 19:50:24 INFO  RpcServerFactoryPBImpl:173 - Adding protocol org.apache.hadoop.yarn.api.ApplicationClientProtocolPB to the server
rm_1        | 2023-03-09 19:50:24 INFO  Server:1310 - IPC Server Responder: starting
rm_1        | 2023-03-09 19:50:24 INFO  Server:1149 - IPC Server listener on 8032: starting
datanode_2  | 2023-03-09 19:51:06,474 [39aa56bc-4a3b-4279-aa5f-df6ce4eba4b4@group-0647716F34BC-LeaderElection2] INFO server.RaftServerConfigKeys: raft.server.rpc.first-election.timeout.max = 5200ms (fallback to raft.server.rpc.timeout.max)
om_1        | 2023-03-09 19:51:10,315 [om1-impl-thread1] INFO server.RaftServerConfigKeys: raft.server.log.statemachine.data.sync.timeout = 10s (default)
datanode_1  | 2023-03-09 19:51:00,809 [pool-22-thread-1] INFO server.RaftServer$Division: 6e2e3d54-1ce8-4925-96a2-b914e39e6169: new RaftServerImpl for group-0647716F34BC:[a0c989c8-8b73-45e0-a78b-4fe811a0b7f1|rpc:172.19.0.7:9856|admin:172.19.0.7:9857|client:172.19.0.7:9858|dataStream:172.19.0.7:9858|priority:0|startupRole:FOLLOWER, 39aa56bc-4a3b-4279-aa5f-df6ce4eba4b4|rpc:172.19.0.9:9856|admin:172.19.0.9:9857|client:172.19.0.9:9858|dataStream:172.19.0.9:9858|priority:0|startupRole:FOLLOWER, 6e2e3d54-1ce8-4925-96a2-b914e39e6169|rpc:172.19.0.6:9856|admin:172.19.0.6:9857|client:172.19.0.6:9858|dataStream:172.19.0.6:9858|priority:1|startupRole:FOLLOWER] with ContainerStateMachine:uninitialized
datanode_3  | 2023-03-09 19:51:01,360 [pool-22-thread-1] INFO server.RaftServerConfigKeys: raft.server.log.async-flush.enabled = false (default)
rm_1        | 2023-03-09 19:50:24 INFO  ResourceManager:1279 - Transitioned to active state
rm_1        | 2023-03-09 19:50:36 INFO  ResourceTrackerService:495 - NodeManager from node nm(cmPort: 42885 httpPort: 8042) registered with capability: <memory:8192, vCores:8>, assigned nodeId nm:42885
rm_1        | 2023-03-09 19:50:36 INFO  RMNodeImpl:671 - nm:42885 Node Transitioned from NEW to RUNNING
datanode_2  | 2023-03-09 19:51:06,474 [39aa56bc-4a3b-4279-aa5f-df6ce4eba4b4@group-0647716F34BC-LeaderElection2-1] INFO server.GrpcServerProtocolClient: Build channel for a0c989c8-8b73-45e0-a78b-4fe811a0b7f1
datanode_2  | 2023-03-09 19:51:06,477 [39aa56bc-4a3b-4279-aa5f-df6ce4eba4b4@group-0647716F34BC-LeaderElection2-2] INFO server.GrpcServerProtocolClient: Build channel for 6e2e3d54-1ce8-4925-96a2-b914e39e6169
datanode_2  | 2023-03-09 19:51:06,615 [grpc-default-executor-0] INFO server.RaftServer$Division: 39aa56bc-4a3b-4279-aa5f-df6ce4eba4b4@group-0647716F34BC: receive requestVote(PRE_VOTE, 6e2e3d54-1ce8-4925-96a2-b914e39e6169, group-0647716F34BC, 0, (t:0, i:0))
datanode_3  | 2023-03-09 19:51:01,360 [pool-22-thread-1] INFO server.RaftServerConfigKeys: raft.server.log.statemachine.data.caching.enabled = true (custom)
rm_1        | 2023-03-09 19:50:36 INFO  CapacityScheduler:1866 - Added node nm:42885 clusterResource: <memory:8192, vCores:8>
nm_1        | 2023-03-09 19:50:34 INFO  Server:419 - Started @22878ms
nm_1        | 2023-03-09 19:50:34 INFO  WebApps:440 - Web app node started at 8042
nm_1        | 2023-03-09 19:50:34 INFO  NodeStatusUpdaterImpl:250 - Node ID assigned is : nm:42885
datanode_2  | 2023-03-09 19:51:06,620 [grpc-default-executor-0] INFO impl.VoteContext: 39aa56bc-4a3b-4279-aa5f-df6ce4eba4b4@group-0647716F34BC-CANDIDATE: accept PRE_VOTE from 6e2e3d54-1ce8-4925-96a2-b914e39e6169: our priority 0 <= candidate's priority 1
om_1        | 2023-03-09 19:51:10,325 [om1-impl-thread1] INFO server.RaftServerConfigKeys: raft.server.log.statemachine.data.sync.timeout.retry = -1 (default)
om_1        | 2023-03-09 19:51:10,368 [om1-impl-thread1] INFO server.RaftServerConfigKeys: raft.server.log.write.buffer.size = 64KB (=65536) (default)
om_1        | 2023-03-09 19:51:10,369 [om1-impl-thread1] INFO server.RaftServerConfigKeys: raft.server.log.appender.buffer.byte-limit = 33554432 (custom)
rm_1        | 2023-03-09 19:52:37 INFO  ClientRMService:341 - Allocated new applicationId: 1
datanode_2  | 2023-03-09 19:51:06,620 [grpc-default-executor-0] INFO server.RaftServer$Division: 39aa56bc-4a3b-4279-aa5f-df6ce4eba4b4@group-0647716F34BC replies to PRE_VOTE vote request: 6e2e3d54-1ce8-4925-96a2-b914e39e6169<-39aa56bc-4a3b-4279-aa5f-df6ce4eba4b4#0:OK-t0. Peer's state: 39aa56bc-4a3b-4279-aa5f-df6ce4eba4b4@group-0647716F34BC:t0, leader=null, voted=, raftlog=Memoized:39aa56bc-4a3b-4279-aa5f-df6ce4eba4b4@group-0647716F34BC-SegmentedRaftLog:OPENED:c-1, conf=-1: peers:[a0c989c8-8b73-45e0-a78b-4fe811a0b7f1|rpc:172.19.0.7:9856|admin:172.19.0.7:9857|client:172.19.0.7:9858|dataStream:172.19.0.7:9858|priority:0|startupRole:FOLLOWER, 39aa56bc-4a3b-4279-aa5f-df6ce4eba4b4|rpc:172.19.0.9:9856|admin:172.19.0.9:9857|client:172.19.0.9:9858|dataStream:172.19.0.9:9858|priority:0|startupRole:FOLLOWER, 6e2e3d54-1ce8-4925-96a2-b914e39e6169|rpc:172.19.0.6:9856|admin:172.19.0.6:9857|client:172.19.0.6:9858|dataStream:172.19.0.6:9858|priority:1|startupRole:FOLLOWER]|listeners:[], old=null
om_1        | 2023-03-09 19:51:10,422 [om1-impl-thread1] INFO server.RaftServerConfigKeys: raft.server.log.unsafe-flush.enabled = false (default)
datanode_1  | 2023-03-09 19:51:00,810 [pool-22-thread-1] INFO server.RaftServerConfigKeys: raft.server.rpc.timeout.min = 5s (custom)
datanode_1  | 2023-03-09 19:51:00,811 [pool-22-thread-1] INFO server.RaftServerConfigKeys: raft.server.rpc.timeout.max = 5200ms (custom)
datanode_2  | 2023-03-09 19:51:06,672 [grpc-default-executor-0] INFO server.RaftServer$Division: 39aa56bc-4a3b-4279-aa5f-df6ce4eba4b4@group-0647716F34BC: receive requestVote(ELECTION, 6e2e3d54-1ce8-4925-96a2-b914e39e6169, group-0647716F34BC, 1, (t:0, i:0))
scm_1       | 2023-03-09 19:50:29,924 [e5c9474a-9d3c-4750-bd09-ecf7e656cad8-impl-thread1] INFO server.RaftServerConfigKeys: raft.server.log.statemachine.data.sync.timeout = 10s (default)
scm_1       | 2023-03-09 19:50:29,933 [e5c9474a-9d3c-4750-bd09-ecf7e656cad8-impl-thread1] INFO server.RaftServerConfigKeys: raft.server.log.statemachine.data.sync.timeout.retry = -1 (default)
om_1        | 2023-03-09 19:51:10,424 [om1-impl-thread1] INFO server.RaftServerConfigKeys: raft.server.log.async-flush.enabled = false (default)
om_1        | 2023-03-09 19:51:10,424 [om1-impl-thread1] INFO server.RaftServerConfigKeys: raft.server.log.statemachine.data.caching.enabled = false (default)
datanode_2  | 2023-03-09 19:51:06,673 [grpc-default-executor-0] INFO impl.VoteContext: 39aa56bc-4a3b-4279-aa5f-df6ce4eba4b4@group-0647716F34BC-CANDIDATE: accept ELECTION from 6e2e3d54-1ce8-4925-96a2-b914e39e6169: our priority 0 <= candidate's priority 1
scm_1       | 2023-03-09 19:50:30,070 [e5c9474a-9d3c-4750-bd09-ecf7e656cad8-impl-thread1] INFO server.RaftServerConfigKeys: raft.server.log.write.buffer.size = 64KB (=65536) (default)
scm_1       | 2023-03-09 19:50:30,144 [e5c9474a-9d3c-4750-bd09-ecf7e656cad8-impl-thread1] INFO server.RaftServerConfigKeys: raft.server.log.appender.buffer.byte-limit = 33554432 (custom)
om_1        | 2023-03-09 19:51:10,463 [om1-impl-thread1] INFO segmented.SegmentedRaftLogWorker: om1@group-C5BA1605619E-SegmentedRaftLogWorker: flushIndex: setUnconditionally 0 -> -1
nm_1        | 2023-03-09 19:50:34 INFO  JvmPauseMonitor:188 - Starting JVM pause monitor
nm_1        | 2023-03-09 19:50:34 INFO  RMProxy:133 - Connecting to ResourceManager at rm/172.19.0.2:8031
nm_1        | 2023-03-09 19:50:35 INFO  NodeStatusUpdaterImpl:641 - Sending out 0 NM container statuses: []
datanode_2  | 2023-03-09 19:51:06,673 [grpc-default-executor-0] INFO server.RaftServer$Division: 39aa56bc-4a3b-4279-aa5f-df6ce4eba4b4@group-0647716F34BC: changes role from CANDIDATE to FOLLOWER at term 1 for candidate:6e2e3d54-1ce8-4925-96a2-b914e39e6169
om_1        | 2023-03-09 19:51:10,463 [om1-impl-thread1] INFO segmented.SegmentedRaftLogWorker: om1@group-C5BA1605619E-SegmentedRaftLogWorker: safeCacheEvictIndex: setUnconditionally 0 -> -1
om_1        | 2023-03-09 19:51:10,478 [om1-impl-thread1] INFO server.RaftServer$Division: om1@group-C5BA1605619E: start as a follower, conf=-1: peers:[om1|rpc:om:9872|priority:0|startupRole:FOLLOWER]|listeners:[], old=null
nm_1        | 2023-03-09 19:50:35 INFO  NodeStatusUpdaterImpl:382 - Registering with RM using containers :[]
nm_1        | 2023-03-09 19:50:36 INFO  NMContainerTokenSecretManager:143 - Rolling master-key for container-tokens, got key with id 284347171
datanode_1  | 2023-03-09 19:51:00,811 [pool-22-thread-1] INFO server.RaftServerConfigKeys: raft.server.rpc.sleep.time = 25ms (default)
datanode_2  | 2023-03-09 19:51:06,673 [grpc-default-executor-0] INFO impl.RoleInfo: 39aa56bc-4a3b-4279-aa5f-df6ce4eba4b4: shutdown 39aa56bc-4a3b-4279-aa5f-df6ce4eba4b4@group-0647716F34BC-LeaderElection2
scm_1       | 2023-03-09 19:50:30,331 [e5c9474a-9d3c-4750-bd09-ecf7e656cad8-impl-thread1] INFO server.RaftServerConfigKeys: raft.server.log.unsafe-flush.enabled = false (default)
scm_1       | 2023-03-09 19:50:30,356 [e5c9474a-9d3c-4750-bd09-ecf7e656cad8-impl-thread1] INFO server.RaftServerConfigKeys: raft.server.log.async-flush.enabled = false (default)
datanode_3  | 2023-03-09 19:51:01,367 [pool-22-thread-1] INFO segmented.SegmentedRaftLogWorker: a0c989c8-8b73-45e0-a78b-4fe811a0b7f1@group-0647716F34BC-SegmentedRaftLogWorker: flushIndex: setUnconditionally 0 -> -1
nm_1        | 2023-03-09 19:50:36 INFO  NMTokenSecretManagerInNM:143 - Rolling master-key for container-tokens, got key with id 1599108590
datanode_1  | 2023-03-09 19:51:00,811 [pool-22-thread-1] INFO server.RaftServerConfigKeys: raft.server.rpc.slowness.timeout = 300s (custom)
rm_1        | 2023-03-09 19:52:38 INFO  CapacityScheduler:2500 - Application 'application_1678391422769_0001' is submitted without priority hence considering default queue/cluster priority: 0
datanode_2  | 2023-03-09 19:51:06,676 [grpc-default-executor-0] INFO impl.RoleInfo: 39aa56bc-4a3b-4279-aa5f-df6ce4eba4b4: start 39aa56bc-4a3b-4279-aa5f-df6ce4eba4b4@group-0647716F34BC-FollowerState
scm_1       | 2023-03-09 19:50:30,364 [e5c9474a-9d3c-4750-bd09-ecf7e656cad8-impl-thread1] INFO server.RaftServerConfigKeys: raft.server.log.statemachine.data.caching.enabled = false (default)
om_1        | 2023-03-09 19:51:10,479 [om1-impl-thread1] INFO server.RaftServer$Division: om1@group-C5BA1605619E: changes role from      null to FOLLOWER at term 0 for startAsFollower
datanode_3  | 2023-03-09 19:51:01,367 [pool-22-thread-1] INFO segmented.SegmentedRaftLogWorker: a0c989c8-8b73-45e0-a78b-4fe811a0b7f1@group-0647716F34BC-SegmentedRaftLogWorker: safeCacheEvictIndex: setUnconditionally 0 -> -1
nm_1        | 2023-03-09 19:50:36 INFO  NodeStatusUpdaterImpl:466 - Registered with ResourceManager as nm:42885 with total resource of <memory:8192, vCores:8>
datanode_1  | 2023-03-09 19:51:00,812 [pool-22-thread-1] INFO server.RaftServerConfigKeys: raft.server.leaderelection.leader.step-down.wait-time = 10s (default)
rm_1        | 2023-03-09 19:52:38 INFO  CapacityScheduler:2521 - Priority '0' is acceptable in queue : default for application: application_1678391422769_0001
datanode_2  | 2023-03-09 19:51:06,716 [39aa56bc-4a3b-4279-aa5f-df6ce4eba4b4@group-0647716F34BC-LeaderElection2] INFO impl.LeaderElection: 39aa56bc-4a3b-4279-aa5f-df6ce4eba4b4@group-0647716F34BC-LeaderElection2: PRE_VOTE DISCOVERED_A_NEW_TERM (term=1) received 2 response(s) and 0 exception(s):
scm_1       | 2023-03-09 19:50:30,452 [e5c9474a-9d3c-4750-bd09-ecf7e656cad8-impl-thread1] INFO segmented.SegmentedRaftLogWorker: e5c9474a-9d3c-4750-bd09-ecf7e656cad8@group-D444CD2B554A-SegmentedRaftLogWorker: flushIndex: setUnconditionally 0 -> -1
om_1        | 2023-03-09 19:51:10,483 [om1-impl-thread1] INFO impl.RoleInfo: om1: start om1@group-C5BA1605619E-FollowerState
datanode_3  | 2023-03-09 19:51:01,369 [pool-22-thread-1] INFO server.RaftServer$Division: a0c989c8-8b73-45e0-a78b-4fe811a0b7f1@group-0647716F34BC: start as a follower, conf=-1: peers:[a0c989c8-8b73-45e0-a78b-4fe811a0b7f1|rpc:172.19.0.7:9856|admin:172.19.0.7:9857|client:172.19.0.7:9858|dataStream:172.19.0.7:9858|priority:0|startupRole:FOLLOWER, 39aa56bc-4a3b-4279-aa5f-df6ce4eba4b4|rpc:172.19.0.9:9856|admin:172.19.0.9:9857|client:172.19.0.9:9858|dataStream:172.19.0.9:9858|priority:0|startupRole:FOLLOWER, 6e2e3d54-1ce8-4925-96a2-b914e39e6169|rpc:172.19.0.6:9856|admin:172.19.0.6:9857|client:172.19.0.6:9858|dataStream:172.19.0.6:9858|priority:1|startupRole:FOLLOWER]|listeners:[], old=null
nm_1        | 2023-03-09 19:52:39 INFO  Server:1845 - Auth successful for appattempt_1678391422769_0001_000001 (auth:SIMPLE)
datanode_1  | 2023-03-09 19:51:00,812 [pool-22-thread-1] INFO server.RaftServerConfigKeys: raft.server.sleep.deviation.threshold = 300ms (default)
rm_1        | 2023-03-09 19:52:38 INFO  ClientRMService:650 - Application with id 1 submitted by user hadoop
datanode_2  | 2023-03-09 19:51:06,739 [39aa56bc-4a3b-4279-aa5f-df6ce4eba4b4@group-0647716F34BC-LeaderElection2] INFO impl.LeaderElection:   Response 0: 39aa56bc-4a3b-4279-aa5f-df6ce4eba4b4<-a0c989c8-8b73-45e0-a78b-4fe811a0b7f1#0:OK-t0
datanode_2  | 2023-03-09 19:51:06,739 [39aa56bc-4a3b-4279-aa5f-df6ce4eba4b4@group-0647716F34BC-LeaderElection2] INFO impl.LeaderElection:   Response 1: 39aa56bc-4a3b-4279-aa5f-df6ce4eba4b4<-6e2e3d54-1ce8-4925-96a2-b914e39e6169#0:FAIL-t1
om_1        | 2023-03-09 19:51:10,491 [om1@group-C5BA1605619E-FollowerState] INFO server.RaftServerConfigKeys: raft.server.rpc.first-election.timeout.min = 5s (fallback to raft.server.rpc.timeout.min)
datanode_3  | 2023-03-09 19:51:01,370 [pool-22-thread-1] INFO server.RaftServer$Division: a0c989c8-8b73-45e0-a78b-4fe811a0b7f1@group-0647716F34BC: changes role from      null to FOLLOWER at term 0 for startAsFollower
nm_1        | 2023-03-09 19:52:39 INFO  ContainerManagerImpl:1070 - Start request for container_1678391422769_0001_01_000001 by user hadoop
datanode_1  | 2023-03-09 19:51:00,812 [pool-22-thread-1] INFO server.RaftServer$Division: 6e2e3d54-1ce8-4925-96a2-b914e39e6169@group-0647716F34BC: ConfigurationManager, init=-1: peers:[a0c989c8-8b73-45e0-a78b-4fe811a0b7f1|rpc:172.19.0.7:9856|admin:172.19.0.7:9857|client:172.19.0.7:9858|dataStream:172.19.0.7:9858|priority:0|startupRole:FOLLOWER, 39aa56bc-4a3b-4279-aa5f-df6ce4eba4b4|rpc:172.19.0.9:9856|admin:172.19.0.9:9857|client:172.19.0.9:9858|dataStream:172.19.0.9:9858|priority:0|startupRole:FOLLOWER, 6e2e3d54-1ce8-4925-96a2-b914e39e6169|rpc:172.19.0.6:9856|admin:172.19.0.6:9857|client:172.19.0.6:9858|dataStream:172.19.0.6:9858|priority:1|startupRole:FOLLOWER]|listeners:[], old=null, confs=<EMPTY_MAP>
datanode_1  | 2023-03-09 19:51:00,814 [pool-22-thread-1] INFO server.RaftServerConfigKeys: raft.server.storage.dir = [/data/metadata/ratis] (custom)
rm_1        | 2023-03-09 19:52:38 INFO  RMAppImpl:1259 - Storing application with id application_1678391422769_0001
datanode_2  | 2023-03-09 19:51:06,740 [39aa56bc-4a3b-4279-aa5f-df6ce4eba4b4@group-0647716F34BC-LeaderElection2] INFO impl.LeaderElection: 39aa56bc-4a3b-4279-aa5f-df6ce4eba4b4@group-0647716F34BC-LeaderElection2 PRE_VOTE round 0: result DISCOVERED_A_NEW_TERM (term=1)
om_1        | 2023-03-09 19:51:10,491 [om1@group-C5BA1605619E-FollowerState] INFO server.RaftServerConfigKeys: raft.server.rpc.first-election.timeout.max = 5200ms (fallback to raft.server.rpc.timeout.max)
datanode_3  | 2023-03-09 19:51:01,398 [pool-22-thread-1] INFO impl.RoleInfo: a0c989c8-8b73-45e0-a78b-4fe811a0b7f1: start a0c989c8-8b73-45e0-a78b-4fe811a0b7f1@group-0647716F34BC-FollowerState
nm_1        | 2023-03-09 19:52:39 INFO  ContainerManagerImpl:1122 - Creating a new application reference for app application_1678391422769_0001
datanode_1  | 2023-03-09 19:51:00,815 [pool-22-thread-1] INFO server.RaftServerConfigKeys: raft.server.log.corruption.policy = EXCEPTION (default)
scm_1       | 2023-03-09 19:50:30,464 [e5c9474a-9d3c-4750-bd09-ecf7e656cad8-impl-thread1] INFO segmented.SegmentedRaftLogWorker: e5c9474a-9d3c-4750-bd09-ecf7e656cad8@group-D444CD2B554A-SegmentedRaftLogWorker: safeCacheEvictIndex: setUnconditionally 0 -> -1
rm_1        | 2023-03-09 19:52:38 INFO  RMAuditLogger:310 - USER=hadoop	IP=172.19.0.2	OPERATION=Submit Application Request	TARGET=ClientRMService	RESULT=SUCCESS	APPID=application_1678391422769_0001	CALLERCONTEXT=CLI	QUEUENAME=default
datanode_2  | 2023-03-09 19:51:06,760 [39aa56bc-4a3b-4279-aa5f-df6ce4eba4b4@group-0647716F34BC-FollowerState] INFO server.RaftServerConfigKeys: raft.server.rpc.first-election.timeout.min = 5s (fallback to raft.server.rpc.timeout.min)
om_1        | 2023-03-09 19:51:10,505 [om1-impl-thread1] INFO util.JmxRegister: Successfully registered JMX Bean with object name Ratis:service=RaftServer,group=group-C5BA1605619E,id=om1
datanode_3  | 2023-03-09 19:51:01,436 [pool-22-thread-1] INFO util.JmxRegister: Successfully registered JMX Bean with object name Ratis:service=RaftServer,group=group-0647716F34BC,id=a0c989c8-8b73-45e0-a78b-4fe811a0b7f1
nm_1        | 2023-03-09 19:52:40 INFO  ApplicationImpl:655 - Application application_1678391422769_0001 transitioned from NEW to INITING
datanode_1  | 2023-03-09 19:51:00,817 [pool-22-thread-1] INFO server.RaftServerConfigKeys: raft.server.storage.free-space.min = 0MB (=0) (default)
scm_1       | 2023-03-09 19:50:30,516 [e5c9474a-9d3c-4750-bd09-ecf7e656cad8-impl-thread1] INFO server.RaftServer$Division: e5c9474a-9d3c-4750-bd09-ecf7e656cad8@group-D444CD2B554A: start as a follower, conf=-1: peers:[e5c9474a-9d3c-4750-bd09-ecf7e656cad8|rpc:scm:9894|priority:0|startupRole:FOLLOWER]|listeners:[], old=null
rm_1        | 2023-03-09 19:52:38 INFO  RMStateStore:222 - Storing info for app: application_1678391422769_0001
datanode_2  | 2023-03-09 19:51:06,763 [39aa56bc-4a3b-4279-aa5f-df6ce4eba4b4@group-0647716F34BC-FollowerState] INFO server.RaftServerConfigKeys: raft.server.rpc.first-election.timeout.max = 5200ms (fallback to raft.server.rpc.timeout.max)
om_1        | 2023-03-09 19:51:10,529 [om1-impl-thread1] INFO server.RaftServerConfigKeys: raft.server.snapshot.auto.trigger.enabled = true (custom)
om_1        | 2023-03-09 19:51:10,530 [om1-impl-thread1] INFO server.RaftServerConfigKeys: raft.server.snapshot.auto.trigger.threshold = 400000 (default)
nm_1        | 2023-03-09 19:52:40 INFO  ApplicationImpl:463 - Adding container_1678391422769_0001_01_000001 to application application_1678391422769_0001
datanode_1  | 2023-03-09 19:51:00,817 [pool-22-thread-1] INFO server.RaftServerConfigKeys: raft.server.notification.no-leader.timeout = 300s (custom)
rm_1        | 2023-03-09 19:52:38 INFO  RMAppImpl:912 - application_1678391422769_0001 State change from NEW to NEW_SAVING on event = START
scm_1       | 2023-03-09 19:50:30,519 [e5c9474a-9d3c-4750-bd09-ecf7e656cad8-impl-thread1] INFO server.RaftServer$Division: e5c9474a-9d3c-4750-bd09-ecf7e656cad8@group-D444CD2B554A: changes role from      null to FOLLOWER at term 0 for startAsFollower
om_1        | 2023-03-09 19:51:10,534 [om1-impl-thread1] INFO server.RaftServerConfigKeys: raft.server.snapshot.retention.file.num = -1 (default)
datanode_3  | 2023-03-09 19:51:01,442 [pool-22-thread-1] INFO server.RaftServerConfigKeys: raft.server.snapshot.auto.trigger.enabled = true (custom)
datanode_2  | 2023-03-09 19:51:06,762 [grpc-default-executor-0] INFO server.RaftServer$Division: 39aa56bc-4a3b-4279-aa5f-df6ce4eba4b4@group-0647716F34BC replies to ELECTION vote request: 6e2e3d54-1ce8-4925-96a2-b914e39e6169<-39aa56bc-4a3b-4279-aa5f-df6ce4eba4b4#0:OK-t1. Peer's state: 39aa56bc-4a3b-4279-aa5f-df6ce4eba4b4@group-0647716F34BC:t1, leader=null, voted=6e2e3d54-1ce8-4925-96a2-b914e39e6169, raftlog=Memoized:39aa56bc-4a3b-4279-aa5f-df6ce4eba4b4@group-0647716F34BC-SegmentedRaftLog:OPENED:c-1, conf=-1: peers:[a0c989c8-8b73-45e0-a78b-4fe811a0b7f1|rpc:172.19.0.7:9856|admin:172.19.0.7:9857|client:172.19.0.7:9858|dataStream:172.19.0.7:9858|priority:0|startupRole:FOLLOWER, 39aa56bc-4a3b-4279-aa5f-df6ce4eba4b4|rpc:172.19.0.9:9856|admin:172.19.0.9:9857|client:172.19.0.9:9858|dataStream:172.19.0.9:9858|priority:0|startupRole:FOLLOWER, 6e2e3d54-1ce8-4925-96a2-b914e39e6169|rpc:172.19.0.6:9856|admin:172.19.0.6:9857|client:172.19.0.6:9858|dataStream:172.19.0.6:9858|priority:1|startupRole:FOLLOWER]|listeners:[], old=null
nm_1        | 2023-03-09 19:52:40 INFO  NMAuditLogger:94 - USER=hadoop	IP=172.19.0.2	OPERATION=Start Container Request	TARGET=ContainerManageImpl	RESULT=SUCCESS	APPID=application_1678391422769_0001	CONTAINERID=container_1678391422769_0001_01_000001
datanode_1  | 2023-03-09 19:51:00,818 [pool-22-thread-1] INFO server.RaftServerConfigKeys: raft.server.retrycache.expirytime = 600000ms (custom)
rm_1        | 2023-03-09 19:52:38 INFO  RMAppImpl:912 - application_1678391422769_0001 State change from NEW_SAVING to SUBMITTED on event = APP_NEW_SAVED
scm_1       | 2023-03-09 19:50:30,521 [e5c9474a-9d3c-4750-bd09-ecf7e656cad8-impl-thread1] INFO impl.RoleInfo: e5c9474a-9d3c-4750-bd09-ecf7e656cad8: start e5c9474a-9d3c-4750-bd09-ecf7e656cad8@group-D444CD2B554A-FollowerState
om_1        | 2023-03-09 19:51:10,538 [om1-impl-thread1] INFO server.RaftServerConfigKeys: raft.server.log.purge.upto.snapshot.index = true (custom)
om_1        | 2023-03-09 19:51:10,562 [Listener at om/9862] INFO server.RaftServer: om1: start RPC server
datanode_2  | 2023-03-09 19:51:06,984 [39aa56bc-4a3b-4279-aa5f-df6ce4eba4b4-server-thread1] INFO ratis.XceiverServerRatis: Leader change notification received for group: group-0647716F34BC with new leaderId: 6e2e3d54-1ce8-4925-96a2-b914e39e6169
nm_1        | 2023-03-09 19:52:40 INFO  ApplicationImpl:655 - Application application_1678391422769_0001 transitioned from INITING to RUNNING
datanode_1  | 2023-03-09 19:51:00,818 [pool-22-thread-1] INFO server.RaftServerConfigKeys: raft.server.retrycache.statistics.expirytime = 100?s (default)
rm_1        | 2023-03-09 19:52:38 INFO  ParentQueue:494 - Application added - appId: application_1678391422769_0001 user: hadoop leaf-queue of parent: root #applications: 1
scm_1       | 2023-03-09 19:50:30,541 [e5c9474a-9d3c-4750-bd09-ecf7e656cad8@group-D444CD2B554A-FollowerState] INFO server.RaftServerConfigKeys: raft.server.rpc.first-election.timeout.min = 5000ms (fallback to raft.server.rpc.timeout.min)
om_1        | 2023-03-09 19:51:10,782 [Listener at om/9862] INFO server.GrpcService: om1: GrpcService started, listening on 9872
datanode_3  | 2023-03-09 19:51:01,443 [pool-22-thread-1] INFO server.RaftServerConfigKeys: raft.server.snapshot.auto.trigger.threshold = 10000 (custom)
datanode_2  | 2023-03-09 19:51:06,984 [39aa56bc-4a3b-4279-aa5f-df6ce4eba4b4-server-thread1] INFO server.RaftServer$Division: 39aa56bc-4a3b-4279-aa5f-df6ce4eba4b4@group-0647716F34BC: change Leader from null to 6e2e3d54-1ce8-4925-96a2-b914e39e6169 at term 1 for appendEntries, leader elected after 6308ms
nm_1        | 2023-03-09 19:52:40 INFO  ContainerImpl:2126 - Container container_1678391422769_0001_01_000001 transitioned from NEW to LOCALIZING
datanode_1  | 2023-03-09 19:51:00,810 [Command processor thread] INFO server.RaftServer: 6e2e3d54-1ce8-4925-96a2-b914e39e6169: addNew group-0647716F34BC:[a0c989c8-8b73-45e0-a78b-4fe811a0b7f1|rpc:172.19.0.7:9856|admin:172.19.0.7:9857|client:172.19.0.7:9858|dataStream:172.19.0.7:9858|priority:0|startupRole:FOLLOWER, 39aa56bc-4a3b-4279-aa5f-df6ce4eba4b4|rpc:172.19.0.9:9856|admin:172.19.0.9:9857|client:172.19.0.9:9858|dataStream:172.19.0.9:9858|priority:0|startupRole:FOLLOWER, 6e2e3d54-1ce8-4925-96a2-b914e39e6169|rpc:172.19.0.6:9856|admin:172.19.0.6:9857|client:172.19.0.6:9858|dataStream:172.19.0.6:9858|priority:1|startupRole:FOLLOWER] returns group-0647716F34BC:java.util.concurrent.CompletableFuture@13fa7d20[Not completed]
rm_1        | 2023-03-09 19:52:38 INFO  CapacityScheduler:954 - Accepted application application_1678391422769_0001 from user: hadoop, in queue: default
scm_1       | 2023-03-09 19:50:30,565 [e5c9474a-9d3c-4750-bd09-ecf7e656cad8@group-D444CD2B554A-FollowerState] INFO server.RaftServerConfigKeys: raft.server.rpc.first-election.timeout.max = 5200ms (fallback to raft.server.rpc.timeout.max)
om_1        | 2023-03-09 19:51:10,813 [Listener at om/9862] INFO om.OzoneManager: Version File has different layout version (3) than OM DB (null). That is expected if this OM has never been finalized to a newer layout version.
datanode_3  | 2023-03-09 19:51:01,443 [pool-22-thread-1] INFO server.RaftServerConfigKeys: raft.server.snapshot.retention.file.num = 5 (custom)
datanode_2  | 2023-03-09 19:51:07,014 [39aa56bc-4a3b-4279-aa5f-df6ce4eba4b4-server-thread2] INFO server.RaftServer$Division: 39aa56bc-4a3b-4279-aa5f-df6ce4eba4b4@group-0647716F34BC: set configuration 0: peers:[a0c989c8-8b73-45e0-a78b-4fe811a0b7f1|rpc:172.19.0.7:9856|admin:172.19.0.7:9857|client:172.19.0.7:9858|dataStream:172.19.0.7:9858|priority:0|startupRole:FOLLOWER, 39aa56bc-4a3b-4279-aa5f-df6ce4eba4b4|rpc:172.19.0.9:9856|admin:172.19.0.9:9857|client:172.19.0.9:9858|dataStream:172.19.0.9:9858|priority:0|startupRole:FOLLOWER, 6e2e3d54-1ce8-4925-96a2-b914e39e6169|rpc:172.19.0.6:9856|admin:172.19.0.6:9857|client:172.19.0.6:9858|dataStream:172.19.0.6:9858|priority:1|startupRole:FOLLOWER]|listeners:[], old=null
nm_1        | 2023-03-09 19:52:40 INFO  AuxServices:350 - Got event CONTAINER_INIT for appId application_1678391422769_0001
rm_1        | 2023-03-09 19:52:38 INFO  RMAppImpl:912 - application_1678391422769_0001 State change from SUBMITTED to ACCEPTED on event = APP_ACCEPTED
datanode_1  | 2023-03-09 19:51:00,814 [6e2e3d54-1ce8-4925-96a2-b914e39e6169@group-262B391C9290-FollowerState] INFO impl.FollowerState: 6e2e3d54-1ce8-4925-96a2-b914e39e6169@group-262B391C9290-FollowerState: change to CANDIDATE, lastRpcElapsedTime:5055564794ns, electionTimeout:5011ms
scm_1       | 2023-03-09 19:50:30,571 [e5c9474a-9d3c-4750-bd09-ecf7e656cad8-impl-thread1] INFO util.JmxRegister: Successfully registered JMX Bean with object name Ratis:service=RaftServer,group=group-D444CD2B554A,id=e5c9474a-9d3c-4750-bd09-ecf7e656cad8
om_1        | 2023-03-09 19:51:10,820 [JvmPauseMonitor0] INFO util.JvmPauseMonitor: JvmPauseMonitor-om1: Started
datanode_3  | 2023-03-09 19:51:01,444 [pool-22-thread-1] INFO server.RaftServerConfigKeys: raft.server.log.purge.upto.snapshot.index = false (default)
datanode_2  | 2023-03-09 19:51:07,024 [39aa56bc-4a3b-4279-aa5f-df6ce4eba4b4-server-thread2] INFO segmented.SegmentedRaftLogWorker: 39aa56bc-4a3b-4279-aa5f-df6ce4eba4b4@group-0647716F34BC-SegmentedRaftLogWorker: Starting segment from index:0
nm_1        | 2023-03-09 19:52:40 INFO  ResourceLocalizationService:801 - Created localizer for container_1678391422769_0001_01_000001
rm_1        | 2023-03-09 19:52:38 INFO  ApplicationMasterService:479 - Registering app attempt : appattempt_1678391422769_0001_000001
datanode_1  | 2023-03-09 19:51:00,820 [6e2e3d54-1ce8-4925-96a2-b914e39e6169@group-262B391C9290-FollowerState] INFO impl.RoleInfo: 6e2e3d54-1ce8-4925-96a2-b914e39e6169: shutdown 6e2e3d54-1ce8-4925-96a2-b914e39e6169@group-262B391C9290-FollowerState
datanode_1  | 2023-03-09 19:51:00,820 [6e2e3d54-1ce8-4925-96a2-b914e39e6169@group-262B391C9290-FollowerState] INFO server.RaftServer$Division: 6e2e3d54-1ce8-4925-96a2-b914e39e6169@group-262B391C9290: changes role from  FOLLOWER to CANDIDATE at term 0 for changeToCandidate
datanode_1  | 2023-03-09 19:51:00,830 [6e2e3d54-1ce8-4925-96a2-b914e39e6169@group-262B391C9290-FollowerState] INFO server.RaftServerConfigKeys: raft.server.leaderelection.pre-vote = true (default)
datanode_1  | 2023-03-09 19:51:00,831 [6e2e3d54-1ce8-4925-96a2-b914e39e6169@group-262B391C9290-FollowerState] INFO impl.RoleInfo: 6e2e3d54-1ce8-4925-96a2-b914e39e6169: start 6e2e3d54-1ce8-4925-96a2-b914e39e6169@group-262B391C9290-LeaderElection1
rm_1        | 2023-03-09 19:52:38 INFO  RMAppAttemptImpl:927 - appattempt_1678391422769_0001_000001 State change from NEW to SUBMITTED on event = START
datanode_1  | 2023-03-09 19:51:00,832 [pool-22-thread-1] INFO server.RaftServerConfigKeys: raft.server.log.appender.install.snapshot.enabled = false (custom)
om_1        | 2023-03-09 19:51:10,953 [Listener at om/9862] INFO http.BaseHttpServer: Starting Web-server for ozoneManager at: http://0.0.0.0:9874
scm_1       | 2023-03-09 19:50:30,575 [e5c9474a-9d3c-4750-bd09-ecf7e656cad8-impl-thread1] INFO server.RaftServerConfigKeys: raft.server.snapshot.auto.trigger.enabled = true (custom)
datanode_3  | 2023-03-09 19:51:01,437 [a0c989c8-8b73-45e0-a78b-4fe811a0b7f1@group-0647716F34BC-FollowerState] INFO server.RaftServerConfigKeys: raft.server.rpc.first-election.timeout.min = 5s (fallback to raft.server.rpc.timeout.min)
nm_1        | 2023-03-09 19:52:40 INFO  ResourceLocalizationService:1331 - Writing credentials to the nmPrivate file /tmp/hadoop-hadoop/nm-local-dir/nmPrivate/container_1678391422769_0001_01_000001.tokens
datanode_2  | 2023-03-09 19:51:07,033 [39aa56bc-4a3b-4279-aa5f-df6ce4eba4b4@group-0647716F34BC-SegmentedRaftLogWorker] INFO segmented.SegmentedRaftLogWorker: 39aa56bc-4a3b-4279-aa5f-df6ce4eba4b4@group-0647716F34BC-SegmentedRaftLogWorker: created new log segment /data/metadata/ratis/ecfaf976-64ea-4172-b4cc-0647716f34bc/current/log_inprogress_0
rm_1        | 2023-03-09 19:52:38 WARN  LeafQueue:846 - maximum-am-resource-percent is insufficient to start a single application in queue, it is likely set too low. skipping enforcement to allow at least one application to start
datanode_1  | 2023-03-09 19:51:00,843 [pool-22-thread-1] INFO server.RaftServerConfigKeys: raft.server.threadpool.server.cached = true (default)
om_1        | 2023-03-09 19:51:10,953 [Listener at om/9862] INFO http.BaseHttpServer: Hadoop Security Enabled: false Ozone Security Enabled: false Ozone HTTP Security Enabled: false 
scm_1       | 2023-03-09 19:50:30,592 [e5c9474a-9d3c-4750-bd09-ecf7e656cad8-impl-thread1] INFO server.RaftServerConfigKeys: raft.server.snapshot.auto.trigger.threshold = 1000 (custom)
datanode_3  | 2023-03-09 19:51:01,452 [a0c989c8-8b73-45e0-a78b-4fe811a0b7f1@group-0647716F34BC-FollowerState] INFO server.RaftServerConfigKeys: raft.server.rpc.first-election.timeout.max = 5200ms (fallback to raft.server.rpc.timeout.max)
nm_1        | 2023-03-09 19:52:40 INFO  DefaultContainerExecutor:836 - Initializing user hadoop
datanode_2  | 2023-03-09 19:51:50,572 [BlockDeletingService#0] INFO interfaces.ContainerDeletionChoosingPolicyTemplate: Chosen 0/5000 blocks from 0 candidate containers.
rm_1        | 2023-03-09 19:52:38 WARN  LeafQueue:882 - maximum-am-resource-percent is insufficient to start a single application in queue for user, it is likely set too low. skipping enforcement to allow at least one application to start
datanode_1  | 2023-03-09 19:51:00,843 [pool-22-thread-1] INFO server.RaftServerConfigKeys: raft.server.threadpool.server.size = 0 (default)
datanode_1  | 2023-03-09 19:51:00,844 [pool-22-thread-1] INFO server.RaftServerConfigKeys: raft.server.threadpool.client.cached = true (default)
scm_1       | 2023-03-09 19:50:30,594 [e5c9474a-9d3c-4750-bd09-ecf7e656cad8-impl-thread1] INFO server.RaftServerConfigKeys: raft.server.snapshot.retention.file.num = -1 (default)
datanode_3  | 2023-03-09 19:51:01,450 [Command processor thread] INFO ratis.XceiverServerRatis: Created group PipelineID=ecfaf976-64ea-4172-b4cc-0647716f34bc
nm_1        | 2023-03-09 19:52:40 INFO  DefaultContainerExecutor:166 - Copying from /tmp/hadoop-hadoop/nm-local-dir/nmPrivate/container_1678391422769_0001_01_000001.tokens to /tmp/hadoop-hadoop/nm-local-dir/usercache/hadoop/appcache/application_1678391422769_0001/container_1678391422769_0001_01_000001.tokens
datanode_2  | 2023-03-09 19:52:50,573 [BlockDeletingService#1] INFO interfaces.ContainerDeletionChoosingPolicyTemplate: Chosen 0/5000 blocks from 0 candidate containers.
om_1        | 2023-03-09 19:51:11,039 [Listener at om/9862] INFO util.log: Logging initialized @20043ms to org.eclipse.jetty.util.log.Slf4jLog
datanode_1  | 2023-03-09 19:51:00,844 [pool-22-thread-1] INFO server.RaftServerConfigKeys: raft.server.threadpool.client.size = 0 (default)
rm_1        | 2023-03-09 19:52:38 INFO  LeafQueue:911 - Application application_1678391422769_0001 from user: hadoop activated in queue: default
scm_1       | 2023-03-09 19:50:30,599 [e5c9474a-9d3c-4750-bd09-ecf7e656cad8-impl-thread1] INFO server.RaftServerConfigKeys: raft.server.log.purge.upto.snapshot.index = false (default)
datanode_3  | 2023-03-09 19:51:01,874 [a0c989c8-8b73-45e0-a78b-4fe811a0b7f1@group-3B314CCCAF8B-FollowerState] INFO impl.FollowerState: a0c989c8-8b73-45e0-a78b-4fe811a0b7f1@group-3B314CCCAF8B-FollowerState: change to CANDIDATE, lastRpcElapsedTime:5107584402ns, electionTimeout:5064ms
nm_1        | 2023-03-09 19:52:40 INFO  DefaultContainerExecutor:174 - Localizer CWD set to /tmp/hadoop-hadoop/nm-local-dir/usercache/hadoop/appcache/application_1678391422769_0001 = file:/tmp/hadoop-hadoop/nm-local-dir/usercache/hadoop/appcache/application_1678391422769_0001
datanode_2  | 2023-03-09 19:53:50,574 [BlockDeletingService#0] INFO interfaces.ContainerDeletionChoosingPolicyTemplate: Chosen 0/5000 blocks from 0 candidate containers.
om_1        | 2023-03-09 19:51:11,500 [Listener at om/9862] WARN server.AuthenticationFilter: Unable to initialize FileSignerSecretProvider, falling back to use random secrets. Reason: Could not read signature secret file: /opt/hadoop/hadoop-http-auth-signature-secret
datanode_1  | 2023-03-09 19:51:00,844 [pool-22-thread-1] INFO storage.RaftStorageDirectory: The storage directory /data/metadata/ratis/ecfaf976-64ea-4172-b4cc-0647716f34bc does not exist. Creating ...
rm_1        | 2023-03-09 19:52:38 INFO  LeafQueue:941 - Application added - appId: application_1678391422769_0001 user: hadoop, leaf-queue: default #user-pending-applications: 0 #user-active-applications: 1 #queue-pending-applications: 0 #queue-active-applications: 1
scm_1       | 2023-03-09 19:50:30,671 [main] INFO server.RaftServer: e5c9474a-9d3c-4750-bd09-ecf7e656cad8: start RPC server
datanode_3  | 2023-03-09 19:51:01,875 [a0c989c8-8b73-45e0-a78b-4fe811a0b7f1@group-3B314CCCAF8B-FollowerState] INFO impl.RoleInfo: a0c989c8-8b73-45e0-a78b-4fe811a0b7f1: shutdown a0c989c8-8b73-45e0-a78b-4fe811a0b7f1@group-3B314CCCAF8B-FollowerState
nm_1        | 2023-03-09 19:52:40 INFO  ContainerLocalizer:139 - Disk Validator: yarn.nodemanager.disk-validator is loaded.
nm_1        | 2023-03-09 19:52:40 INFO  Configuration:3318 - Removed undeclared tags:
nm_1        | 2023-03-09 19:52:41 WARN  MetricsSystemImpl:151 - NodeManager metrics system already initialized!
nm_1        | 2023-03-09 19:52:43 INFO  ContainerImpl:2126 - Container container_1678391422769_0001_01_000001 transitioned from LOCALIZING to SCHEDULED
rm_1        | 2023-03-09 19:52:38 INFO  CapacityScheduler:1000 - Added Application Attempt appattempt_1678391422769_0001_000001 to scheduler from user hadoop in queue default
scm_1       | 2023-03-09 19:50:31,482 [main] INFO server.GrpcService: e5c9474a-9d3c-4750-bd09-ecf7e656cad8: GrpcService started, listening on 9894
om_1        | 2023-03-09 19:51:11,557 [Listener at om/9862] INFO http.HttpRequestLog: Http request log for http.requests.ozoneManager is not defined
nm_1        | 2023-03-09 19:52:43 INFO  ContainerScheduler:511 - Starting container [container_1678391422769_0001_01_000001]
datanode_2  | 2023-03-09 19:54:50,575 [BlockDeletingService#2] INFO interfaces.ContainerDeletionChoosingPolicyTemplate: Chosen 0/5000 blocks from 0 candidate containers.
datanode_1  | 2023-03-09 19:51:00,846 [pool-22-thread-1] INFO storage.RaftStorageDirectory: Lock on /data/metadata/ratis/ecfaf976-64ea-4172-b4cc-0647716f34bc/in_use.lock acquired by nodename 8@af3a03608447
rm_1        | 2023-03-09 19:52:38 INFO  RMAppAttemptImpl:927 - appattempt_1678391422769_0001_000001 State change from SUBMITTED to SCHEDULED on event = ATTEMPT_ADDED
scm_1       | 2023-03-09 19:50:31,536 [JvmPauseMonitor0] INFO util.JvmPauseMonitor: JvmPauseMonitor-e5c9474a-9d3c-4750-bd09-ecf7e656cad8: Started
om_1        | 2023-03-09 19:51:11,621 [L