scm_1       | 2023-03-09 19:50:24,931 [main] INFO server.RaftServerConfigKeys: raft.server.storage.dir = [/data/metadata/scm-ha] (custom)
datanode_2  | 2023-03-09 19:51:01,734 [39aa56bc-4a3b-4279-aa5f-df6ce4eba4b4@group-ABBE5F123CD0-FollowerState] INFO impl.RoleInfo: 39aa56bc-4a3b-4279-aa5f-df6ce4eba4b4: shutdown 39aa56bc-4a3b-4279-aa5f-df6ce4eba4b4@group-ABBE5F123CD0-FollowerState
rm_1        | 2023-03-09 19:50:10 INFO  AbstractDelegationTokenSecretManager:347 - Updating the current master key for generating delegation tokens
rm_1        | 2023-03-09 19:50:10 INFO  AbstractDelegationTokenSecretManager:679 - Starting expired delegation token remover thread, tokenRemoverScanInterval=60 min(s)
rm_1        | 2023-03-09 19:50:10 INFO  AbstractDelegationTokenSecretManager:347 - Updating the current master key for generating delegation tokens
rm_1        | 2023-03-09 19:50:10 INFO  ContextHandler:781 - Started o.e.j.s.ServletContextHandler@59cba5a{/logs,file:///opt/hadoop/logs/,AVAILABLE}
scm_1       | 2023-03-09 19:50:25,032 [main] INFO server.RaftServer: e5c9474a-9d3c-4750-bd09-ecf7e656cad8: addNew group-D444CD2B554A:[e5c9474a-9d3c-4750-bd09-ecf7e656cad8|rpc:scm:9894|priority:0|startupRole:FOLLOWER] returns group-D444CD2B554A:java.util.concurrent.CompletableFuture@5cc126dc[Not completed]
datanode_2  | 2023-03-09 19:51:01,744 [39aa56bc-4a3b-4279-aa5f-df6ce4eba4b4@group-ABBE5F123CD0-FollowerState] INFO server.RaftServer$Division: 39aa56bc-4a3b-4279-aa5f-df6ce4eba4b4@group-ABBE5F123CD0: changes role from  FOLLOWER to CANDIDATE at term 0 for changeToCandidate
rm_1        | 2023-03-09 19:50:10 INFO  ContextHandler:781 - Started o.e.j.s.ServletContextHandler@71329995{/static,jar:file:/opt/hadoop/share/hadoop/yarn/hadoop-yarn-common-3.1.2.jar!/webapps/static,AVAILABLE}
om_1        | 2023-03-09 19:51:07,463 [pool-29-thread-1] INFO server.RaftServerConfigKeys: raft.server.retrycache.statistics.expirytime = 100?s (default)
datanode_3  | 2023-03-09 19:51:00,805 [pool-22-thread-1] INFO server.RaftServerConfigKeys: raft.server.rpc.timeout.max = 5200ms (custom)
datanode_1  | 2023-03-09 19:50:55,990 [pool-22-thread-1] INFO storage.RaftStorageDirectory: The storage directory /data/metadata/ratis/eb1ee976-6a79-45bb-9dea-8b8128488138 does not exist. Creating ...
scm_1       | 2023-03-09 19:50:25,409 [pool-2-thread-1] INFO server.RaftServer$Division: e5c9474a-9d3c-4750-bd09-ecf7e656cad8: new RaftServerImpl for group-D444CD2B554A:[e5c9474a-9d3c-4750-bd09-ecf7e656cad8|rpc:scm:9894|priority:0|startupRole:FOLLOWER] with SCMStateMachine:uninitialized
nm_1        | 2023-03-09 19:50:24 INFO  Server:1310 - IPC Server Responder: starting
datanode_2  | 2023-03-09 19:51:01,796 [39aa56bc-4a3b-4279-aa5f-df6ce4eba4b4@group-ABBE5F123CD0-FollowerState] INFO server.RaftServerConfigKeys: raft.server.leaderelection.pre-vote = true (default)
rm_1        | Mar 09, 2023 7:50:12 PM com.sun.jersey.guice.spi.container.GuiceComponentProviderFactory register
om_1        | 2023-03-09 19:51:07,783 [pool-29-thread-1] INFO server.RaftServerConfigKeys: raft.server.log.appender.install.snapshot.enabled = false (custom)
datanode_3  | 2023-03-09 19:51:00,802 [Command processor thread] INFO server.RaftServer: a0c989c8-8b73-45e0-a78b-4fe811a0b7f1: addNew group-0647716F34BC:[a0c989c8-8b73-45e0-a78b-4fe811a0b7f1|rpc:172.19.0.7:9856|admin:172.19.0.7:9857|client:172.19.0.7:9858|dataStream:172.19.0.7:9858|priority:0|startupRole:FOLLOWER, 39aa56bc-4a3b-4279-aa5f-df6ce4eba4b4|rpc:172.19.0.9:9856|admin:172.19.0.9:9857|client:172.19.0.9:9858|dataStream:172.19.0.9:9858|priority:0|startupRole:FOLLOWER, 6e2e3d54-1ce8-4925-96a2-b914e39e6169|rpc:172.19.0.6:9856|admin:172.19.0.6:9857|client:172.19.0.6:9858|dataStream:172.19.0.6:9858|priority:1|startupRole:FOLLOWER] returns group-0647716F34BC:java.util.concurrent.CompletableFuture@407eeaac[Not completed]
datanode_1  | 2023-03-09 19:50:55,993 [pool-22-thread-1] INFO storage.RaftStorageDirectory: Lock on /data/metadata/ratis/eb1ee976-6a79-45bb-9dea-8b8128488138/in_use.lock acquired by nodename 8@af3a03608447
scm_1       | 2023-03-09 19:50:25,443 [pool-2-thread-1] INFO server.RaftServerConfigKeys: raft.server.rpc.timeout.min = 5000ms (custom)
datanode_2  | 2023-03-09 19:51:01,807 [39aa56bc-4a3b-4279-aa5f-df6ce4eba4b4@group-ABBE5F123CD0-FollowerState] INFO impl.RoleInfo: 39aa56bc-4a3b-4279-aa5f-df6ce4eba4b4: start 39aa56bc-4a3b-4279-aa5f-df6ce4eba4b4@group-ABBE5F123CD0-LeaderElection1
nm_1        | 2023-03-09 19:50:24 INFO  Server:1149 - IPC Server listener on 8040: starting
rm_1        | INFO: Registering org.apache.hadoop.yarn.server.resourcemanager.webapp.JAXBContextResolver as a provider class
om_1        | 2023-03-09 19:51:07,785 [pool-29-thread-1] INFO server.RaftServerConfigKeys: raft.server.threadpool.server.cached = true (default)
om_1        | 2023-03-09 19:51:07,786 [pool-29-thread-1] INFO server.RaftServerConfigKeys: raft.server.threadpool.server.size = 0 (default)
datanode_1  | 2023-03-09 19:50:55,997 [pool-22-thread-1] INFO storage.RaftStorage: Storage directory /data/metadata/ratis/eb1ee976-6a79-45bb-9dea-8b8128488138 has been successfully formatted.
scm_1       | 2023-03-09 19:50:25,443 [pool-2-thread-1] INFO server.RaftServerConfigKeys: raft.server.rpc.timeout.max = 5200ms (custom)
datanode_2  | 2023-03-09 19:51:01,833 [39aa56bc-4a3b-4279-aa5f-df6ce4eba4b4@group-ABBE5F123CD0-LeaderElection1] INFO impl.LeaderElection: 39aa56bc-4a3b-4279-aa5f-df6ce4eba4b4@group-ABBE5F123CD0-LeaderElection1 PRE_VOTE round 0: submit vote requests at term 0 for -1: peers:[39aa56bc-4a3b-4279-aa5f-df6ce4eba4b4|rpc:172.19.0.9:9856|admin:172.19.0.9:9857|client:172.19.0.9:9858|dataStream:172.19.0.9:9858|priority:1|startupRole:FOLLOWER]|listeners:[], old=null
datanode_2  | 2023-03-09 19:51:01,862 [39aa56bc-4a3b-4279-aa5f-df6ce4eba4b4@group-ABBE5F123CD0-LeaderElection1] INFO impl.LeaderElection: 39aa56bc-4a3b-4279-aa5f-df6ce4eba4b4@group-ABBE5F123CD0-LeaderElection1 PRE_VOTE round 0: result PASSED (term=0)
rm_1        | Mar 09, 2023 7:50:12 PM com.sun.jersey.guice.spi.container.GuiceComponentProviderFactory register
om_1        | 2023-03-09 19:51:07,788 [pool-29-thread-1] INFO server.RaftServerConfigKeys: raft.server.threadpool.client.cached = true (default)
datanode_3  | 2023-03-09 19:51:00,824 [pool-22-thread-1] INFO server.RaftServerConfigKeys: raft.server.rpc.sleep.time = 25ms (default)
datanode_1  | 2023-03-09 19:50:56,005 [pool-22-thread-1] INFO ratis.ContainerStateMachine: group-8B8128488138: The snapshot info is null. Setting the last applied indexto:(t:0, i:~)
scm_1       | 2023-03-09 19:50:25,524 [pool-2-thread-1] INFO server.RaftServerConfigKeys: raft.server.rpc.sleep.time = 25ms (default)
datanode_2  | 2023-03-09 19:51:01,889 [39aa56bc-4a3b-4279-aa5f-df6ce4eba4b4@group-ABBE5F123CD0-LeaderElection1] INFO impl.LeaderElection: 39aa56bc-4a3b-4279-aa5f-df6ce4eba4b4@group-ABBE5F123CD0-LeaderElection1 ELECTION round 0: submit vote requests at term 1 for -1: peers:[39aa56bc-4a3b-4279-aa5f-df6ce4eba4b4|rpc:172.19.0.9:9856|admin:172.19.0.9:9857|client:172.19.0.9:9858|dataStream:172.19.0.9:9858|priority:1|startupRole:FOLLOWER]|listeners:[], old=null
datanode_2  | 2023-03-09 19:51:01,891 [39aa56bc-4a3b-4279-aa5f-df6ce4eba4b4@group-ABBE5F123CD0-LeaderElection1] INFO impl.LeaderElection: 39aa56bc-4a3b-4279-aa5f-df6ce4eba4b4@group-ABBE5F123CD0-LeaderElection1 ELECTION round 0: result PASSED (term=1)
rm_1        | INFO: Registering org.apache.hadoop.yarn.server.resourcemanager.webapp.RMWebServices as a root resource class
om_1        | 2023-03-09 19:51:07,792 [pool-29-thread-1] INFO server.RaftServerConfigKeys: raft.server.threadpool.client.size = 0 (default)
datanode_3  | 2023-03-09 19:51:00,824 [pool-22-thread-1] INFO server.RaftServerConfigKeys: raft.server.rpc.slowness.timeout = 300s (custom)
datanode_1  | 2023-03-09 19:50:56,005 [pool-22-thread-1] INFO server.RaftServerConfigKeys: raft.server.log.use.memory = false (default)
datanode_2  | 2023-03-09 19:51:01,892 [39aa56bc-4a3b-4279-aa5f-df6ce4eba4b4@group-ABBE5F123CD0-LeaderElection1] INFO impl.RoleInfo: 39aa56bc-4a3b-4279-aa5f-df6ce4eba4b4: shutdown 39aa56bc-4a3b-4279-aa5f-df6ce4eba4b4@group-ABBE5F123CD0-LeaderElection1
nm_1        | 2023-03-09 19:50:24 INFO  ResourceLocalizationService:395 - Localizer started on port 8040
scm_1       | 2023-03-09 19:50:25,526 [pool-2-thread-1] INFO server.RaftServerConfigKeys: raft.server.rpc.slowness.timeout = 120000ms (custom)
rm_1        | Mar 09, 2023 7:50:12 PM com.sun.jersey.guice.spi.container.GuiceComponentProviderFactory register
om_1        | 2023-03-09 19:51:08,680 [main] INFO reflections.Reflections: Reflections took 1503 ms to scan 8 urls, producing 23 keys and 581 values [using 2 cores]
datanode_3  | 2023-03-09 19:51:00,824 [pool-22-thread-1] INFO server.RaftServerConfigKeys: raft.server.leaderelection.leader.step-down.wait-time = 10s (default)
datanode_1  | 2023-03-09 19:50:56,006 [pool-22-thread-1] INFO server.RaftServerConfigKeys: raft.server.log.purge.gap = 1000000 (custom)
datanode_2  | 2023-03-09 19:51:01,923 [39aa56bc-4a3b-4279-aa5f-df6ce4eba4b4@group-ABBE5F123CD0-LeaderElection1] INFO server.RaftServer$Division: 39aa56bc-4a3b-4279-aa5f-df6ce4eba4b4@group-ABBE5F123CD0: changes role from CANDIDATE to LEADER at term 1 for changeToLeader
nm_1        | 2023-03-09 19:50:24 INFO  IndexCache:47 - IndexCache created with max memory = 10485760
scm_1       | 2023-03-09 19:50:25,527 [pool-2-thread-1] INFO server.RaftServerConfigKeys: raft.server.leaderelection.leader.step-down.wait-time = 10s (default)
rm_1        | INFO: Registering org.apache.hadoop.yarn.webapp.GenericExceptionHandler as a provider class
om_1        | 2023-03-09 19:51:08,930 [main] INFO ipc.CallQueueManager: Using callQueue: class java.util.concurrent.LinkedBlockingQueue, queueCapacity: 10000, scheduler: class org.apache.hadoop.ipc.DefaultRpcScheduler, ipcBackoff: false.
datanode_3  | 2023-03-09 19:51:00,824 [pool-22-thread-1] INFO server.RaftServerConfigKeys: raft.server.sleep.deviation.threshold = 300ms (default)
datanode_1  | 2023-03-09 19:50:56,006 [pool-22-thread-1] INFO server.RaftServerConfigKeys: raft.server.log.appender.buffer.byte-limit = 33554432 (custom)
datanode_2  | 2023-03-09 19:51:01,928 [39aa56bc-4a3b-4279-aa5f-df6ce4eba4b4@group-ABBE5F123CD0-LeaderElection1] INFO ratis.XceiverServerRatis: Leader change notification received for group: group-ABBE5F123CD0 with new leaderId: 39aa56bc-4a3b-4279-aa5f-df6ce4eba4b4
nm_1        | 2023-03-09 19:50:24 INFO  ShuffleHandler:549 - mapreduce_shuffle listening on port 13562
scm_1       | 2023-03-09 19:50:25,527 [pool-2-thread-1] INFO server.RaftServerConfigKeys: raft.server.sleep.deviation.threshold = 300ms (default)
rm_1        | Mar 09, 2023 7:50:12 PM com.sun.jersey.server.impl.application.WebApplicationImpl _initiate
om_1        | 2023-03-09 19:51:08,943 [Socket Reader #1 for port 9862] INFO ipc.Server: Starting Socket Reader #1 for port 9862
datanode_3  | 2023-03-09 19:51:00,825 [pool-22-thread-1] INFO server.RaftServer$Division: a0c989c8-8b73-45e0-a78b-4fe811a0b7f1@group-0647716F34BC: ConfigurationManager, init=-1: peers:[a0c989c8-8b73-45e0-a78b-4fe811a0b7f1|rpc:172.19.0.7:9856|admin:172.19.0.7:9857|client:172.19.0.7:9858|dataStream:172.19.0.7:9858|priority:0|startupRole:FOLLOWER, 39aa56bc-4a3b-4279-aa5f-df6ce4eba4b4|rpc:172.19.0.9:9856|admin:172.19.0.9:9857|client:172.19.0.9:9858|dataStream:172.19.0.9:9858|priority:0|startupRole:FOLLOWER, 6e2e3d54-1ce8-4925-96a2-b914e39e6169|rpc:172.19.0.6:9856|admin:172.19.0.6:9857|client:172.19.0.6:9858|dataStream:172.19.0.6:9858|priority:1|startupRole:FOLLOWER]|listeners:[], old=null, confs=<EMPTY_MAP>
datanode_1  | 2023-03-09 19:50:56,007 [pool-22-thread-1] INFO server.RaftServerConfigKeys: raft.server.log.statemachine.data.read.timeout = 1000ms (default)
nm_1        | 2023-03-09 19:50:24 INFO  ContainerManagerImpl:666 - ContainerManager started at nm/172.19.0.5:42885
nm_1        | 2023-03-09 19:50:24 INFO  ContainerManagerImpl:667 - ContainerManager bound to 0.0.0.0/0.0.0.0:0
rm_1        | INFO: Initiating Jersey application, version 'Jersey: 1.19 02/11/2015 03:25 AM'
om_1        | 2023-03-09 19:51:09,383 [Listener at om/9862] INFO impl.MetricsConfig: Loaded properties from hadoop-metrics2.properties
datanode_3  | 2023-03-09 19:51:00,825 [pool-22-thread-1] INFO server.RaftServerConfigKeys: raft.server.storage.dir = [/data/metadata/ratis] (custom)
datanode_1  | 2023-03-09 19:50:56,015 [pool-22-thread-1] INFO server.RaftServerConfigKeys: raft.server.log.purge.preservation.log.num = 0 (default)
datanode_2  | 2023-03-09 19:51:01,930 [39aa56bc-4a3b-4279-aa5f-df6ce4eba4b4@group-ABBE5F123CD0-LeaderElection1] INFO server.RaftServer$Division: 39aa56bc-4a3b-4279-aa5f-df6ce4eba4b4@group-ABBE5F123CD0: change Leader from null to 39aa56bc-4a3b-4279-aa5f-df6ce4eba4b4 at term 1 for becomeLeader, leader elected after 6180ms
nm_1        | 2023-03-09 19:50:24 WARN  NMLogAggregationStatusTracker:96 - Log Aggregation is disabled.So is the LogAggregationStatusTracker.
scm_1       | 2023-03-09 19:50:25,635 [pool-2-thread-1] INFO server.RaftServer$Division: e5c9474a-9d3c-4750-bd09-ecf7e656cad8@group-D444CD2B554A: ConfigurationManager, init=-1: peers:[e5c9474a-9d3c-4750-bd09-ecf7e656cad8|rpc:scm:9894|priority:0|startupRole:FOLLOWER]|listeners:[], old=null, confs=<EMPTY_MAP>
rm_1        | Mar 09, 2023 7:50:12 PM com.sun.jersey.guice.spi.container.GuiceComponentProviderFactory getComponentProvider
om_1        | 2023-03-09 19:51:09,435 [Listener at om/9862] INFO impl.MetricsSystemImpl: Scheduled Metric snapshot period at 10 second(s).
datanode_3  | 2023-03-09 19:51:00,831 [pool-22-thread-1] INFO server.RaftServerConfigKeys: raft.server.log.corruption.policy = EXCEPTION (default)
datanode_1  | 2023-03-09 19:50:56,017 [pool-22-thread-1] INFO server.RaftServerConfigKeys: raft.server.log.segment.size.max = 1048576 (custom)
datanode_2  | 2023-03-09 19:51:02,019 [39aa56bc-4a3b-4279-aa5f-df6ce4eba4b4@group-ABBE5F123CD0-LeaderElection1] INFO server.RaftServerConfigKeys: raft.server.staging.catchup.gap = 1000 (default)
nm_1        | 2023-03-09 19:50:24 INFO  WebServer:99 - Instantiating NMWebApp at 0.0.0.0:8042
scm_1       | 2023-03-09 19:50:25,656 [pool-2-thread-1] INFO server.RaftServerConfigKeys: raft.server.storage.dir = [/data/metadata/scm-ha] (custom)
rm_1        | INFO: Binding org.apache.hadoop.yarn.server.resourcemanager.webapp.JAXBContextResolver to GuiceManagedComponentProvider with the scope "Singleton"
om_1        | 2023-03-09 19:51:09,436 [Listener at om/9862] INFO impl.MetricsSystemImpl: OzoneManager metrics system started
datanode_3  | 2023-03-09 19:51:00,832 [pool-22-thread-1] INFO server.RaftServerConfigKeys: raft.server.storage.free-space.min = 0MB (=0) (default)
datanode_1  | 2023-03-09 19:50:56,018 [pool-22-thread-1] INFO server.RaftServerConfigKeys: raft.server.log.segment.cache.num.max = 2 (custom)
datanode_2  | 2023-03-09 19:51:02,077 [Command processor thread] INFO commandhandler.CreatePipelineCommandHandler: Created Pipeline RATIS THREE PipelineID=ecfaf976-64ea-4172-b4cc-0647716f34bc.
datanode_2  | 2023-03-09 19:51:02,240 [39aa56bc-4a3b-4279-aa5f-df6ce4eba4b4@group-ABBE5F123CD0-LeaderElection1] INFO server.RaftServerConfigKeys: raft.server.write.element-limit = 1024 (custom)
scm_1       | 2023-03-09 19:50:25,807 [pool-2-thread-1] INFO server.RaftServerConfigKeys: raft.server.log.corruption.policy = EXCEPTION (default)
rm_1        | Mar 09, 2023 7:50:16 PM com.sun.jersey.guice.spi.container.GuiceComponentProviderFactory getComponentProvider
om_1        | 2023-03-09 19:51:09,896 [Listener at om/9862] INFO om.OzoneManager: OzoneManager RPC server is listening at om/172.19.0.3:9862
datanode_3  | 2023-03-09 19:51:00,832 [pool-22-thread-1] INFO server.RaftServerConfigKeys: raft.server.notification.no-leader.timeout = 300s (custom)
datanode_3  | 2023-03-09 19:51:00,837 [pool-22-thread-1] INFO server.RaftServerConfigKeys: raft.server.retrycache.expirytime = 600000ms (custom)
nm_1        | 2023-03-09 19:50:25 INFO  log:192 - Logging initialized @13072ms
datanode_2  | 2023-03-09 19:51:02,242 [39aa56bc-4a3b-4279-aa5f-df6ce4eba4b4@group-ABBE5F123CD0-LeaderElection1] INFO server.RaftServerConfigKeys: raft.server.write.byte-limit = 1024 M (=1073741824) (custom)
scm_1       | 2023-03-09 19:50:25,816 [pool-2-thread-1] INFO server.RaftServerConfigKeys: raft.server.storage.free-space.min = 0MB (=0) (default)
rm_1        | INFO: Binding org.apache.hadoop.yarn.webapp.GenericExceptionHandler to GuiceManagedComponentProvider with the scope "Singleton"
om_1        | 2023-03-09 19:51:09,896 [Listener at om/9862] INFO ratis.OzoneManagerRatisServer: Starting OzoneManagerRatisServer om1 at port 9872
datanode_3  | 2023-03-09 19:51:00,842 [pool-22-thread-1] INFO server.RaftServerConfigKeys: raft.server.retrycache.statistics.expirytime = 100?s (default)
nm_1        | 2023-03-09 19:50:25 INFO  AuthenticationFilter:240 - Unable to initialize FileSignerSecretProvider, falling back to use random secrets.
datanode_1  | 2023-03-09 19:50:56,020 [pool-22-thread-1] INFO server.RaftServerConfigKeys: raft.server.log.segment.cache.size.max = 200MB (=209715200) (default)
datanode_2  | 2023-03-09 19:51:02,269 [grpc-default-executor-0] INFO server.RaftServer$Division: 39aa56bc-4a3b-4279-aa5f-df6ce4eba4b4@group-8B8128488138: receive requestVote(PRE_VOTE, 6e2e3d54-1ce8-4925-96a2-b914e39e6169, group-8B8128488138, 0, (t:0, i:0))
scm_1       | 2023-03-09 19:50:26,363 [pool-2-thread-1] INFO server.RaftServerConfigKeys: raft.server.notification.no-leader.timeout = 60s (default)
rm_1        | Mar 09, 2023 7:50:20 PM com.sun.jersey.guice.spi.container.GuiceComponentProviderFactory getComponentProvider
om_1        | 2023-03-09 19:51:09,933 [om1-impl-thread1] INFO storage.RaftStorageDirectory: The storage directory /data/metadata/ratis/bf265839-605b-3f16-9796-c5ba1605619e does not exist. Creating ...
datanode_3  | 2023-03-09 19:51:00,856 [pool-22-thread-1] INFO server.RaftServerConfigKeys: raft.server.log.appender.install.snapshot.enabled = false (custom)
nm_1        | 2023-03-09 19:50:25 INFO  HttpRequestLog:81 - Http request log for http.requests.nodemanager is not defined
datanode_1  | 2023-03-09 19:50:56,021 [pool-22-thread-1] INFO segmented.SegmentedRaftLogWorker: new 6e2e3d54-1ce8-4925-96a2-b914e39e6169@group-8B8128488138-SegmentedRaftLogWorker for RaftStorageImpl:Storage Directory /data/metadata/ratis/eb1ee976-6a79-45bb-9dea-8b8128488138
datanode_2  | 2023-03-09 19:51:02,306 [39aa56bc-4a3b-4279-aa5f-df6ce4eba4b4@group-ABBE5F123CD0-LeaderElection1] INFO server.RaftServerConfigKeys: raft.server.watch.timeout = 180s (custom)
scm_1       | 2023-03-09 19:50:26,483 [pool-2-thread-1] INFO server.RaftServerConfigKeys: raft.server.retrycache.expirytime = 60000ms (default)
rm_1        | INFO: Binding org.apache.hadoop.yarn.server.resourcemanager.webapp.RMWebServices to GuiceManagedComponentProvider with the scope "Singleton"
om_1        | 2023-03-09 19:51:09,958 [om1-impl-thread1] INFO storage.RaftStorageDirectory: Lock on /data/metadata/ratis/bf265839-605b-3f16-9796-c5ba1605619e/in_use.lock acquired by nodename 6@om
datanode_3  | 2023-03-09 19:51:00,857 [pool-22-thread-1] INFO server.RaftServerConfigKeys: raft.server.threadpool.server.cached = true (default)
nm_1        | 2023-03-09 19:50:25 INFO  HttpServer2:970 - Added global filter 'safety' (class=org.apache.hadoop.http.HttpServer2$QuotingInputFilter)
datanode_1  | 2023-03-09 19:50:56,024 [pool-22-thread-1] INFO server.RaftServerConfigKeys: raft.server.log.queue.byte-limit = 4294967296 (custom)
datanode_2  | 2023-03-09 19:51:02,308 [39aa56bc-4a3b-4279-aa5f-df6ce4eba4b4@group-ABBE5F123CD0-LeaderElection1] INFO server.RaftServerConfigKeys: raft.server.watch.timeout.denomination = 1s (default)
scm_1       | 2023-03-09 19:50:26,515 [pool-2-thread-1] INFO server.RaftServerConfigKeys: raft.server.retrycache.statistics.expirytime = 100?s (default)
scm_1       | 2023-03-09 19:50:26,962 [pool-2-thread-1] INFO metrics.MetricRegistries: Loaded MetricRegistries class org.apache.ratis.metrics.impl.MetricRegistriesImpl
om_1        | 2023-03-09 19:51:10,045 [om1-impl-thread1] INFO storage.RaftStorage: Storage directory /data/metadata/ratis/bf265839-605b-3f16-9796-c5ba1605619e has been successfully formatted.
datanode_1  | 2023-03-09 19:50:56,027 [pool-22-thread-1] INFO server.RaftServerConfigKeys: raft.server.log.queue.element-limit = 1024 (custom)
nm_1        | 2023-03-09 19:50:25 INFO  HttpServer2:943 - Added filter static_user_filter (class=org.apache.hadoop.http.lib.StaticUserWebFilter$StaticUserFilter) to context node
scm_1       | 2023-03-09 19:50:28,997 [pool-2-thread-1] INFO server.RaftServerConfigKeys: raft.server.log.appender.install.snapshot.enabled = false (custom)
rm_1        | 2023-03-09 19:50:20 INFO  ContextHandler:781 - Started o.e.j.w.WebAppContext@2b329bbd{/,file:///tmp/jetty-rm-8088-cluster-_-any-3465345070738439593.dir/webapp/,AVAILABLE}{/cluster}
om_1        | 2023-03-09 19:51:10,082 [om1-impl-thread1] INFO server.RaftServerConfigKeys: raft.server.log.use.memory = false (default)
datanode_3  | 2023-03-09 19:51:00,857 [pool-22-thread-1] INFO server.RaftServerConfigKeys: raft.server.threadpool.server.size = 0 (default)
datanode_2  | 2023-03-09 19:51:02,334 [grpc-default-executor-0] INFO impl.VoteContext: 39aa56bc-4a3b-4279-aa5f-df6ce4eba4b4@group-8B8128488138-FOLLOWER: accept PRE_VOTE from 6e2e3d54-1ce8-4925-96a2-b914e39e6169: our priority 0 <= candidate's priority 0
datanode_1  | 2023-03-09 19:50:56,027 [pool-22-thread-1] INFO server.RaftServerConfigKeys: raft.server.log.segment.size.max = 1048576 (custom)
nm_1        | 2023-03-09 19:50:25 INFO  HttpServer2:953 - Added filter static_user_filter (class=org.apache.hadoop.http.lib.StaticUserWebFilter$StaticUserFilter) to context static
scm_1       | 2023-03-09 19:50:29,006 [pool-2-thread-1] INFO server.RaftServerConfigKeys: raft.server.threadpool.server.cached = true (default)
rm_1        | 2023-03-09 19:50:20 INFO  AbstractConnector:278 - Started ServerConnector@30a7c98f{HTTP/1.1,[http/1.1]}{rm:8088}
om_1        | 2023-03-09 19:51:10,154 [om1-impl-thread1] INFO server.RaftServerConfigKeys: raft.server.log.purge.gap = 1000000 (custom)
datanode_3  | 2023-03-09 19:51:00,857 [pool-22-thread-1] INFO server.RaftServerConfigKeys: raft.server.threadpool.client.cached = true (default)
datanode_2  | 2023-03-09 19:51:02,337 [39aa56bc-4a3b-4279-aa5f-df6ce4eba4b4@group-ABBE5F123CD0-LeaderElection1] INFO server.RaftServerConfigKeys: raft.server.watch.element-limit = 65536 (default)
datanode_1  | 2023-03-09 19:50:56,027 [pool-22-thread-1] INFO server.RaftServerConfigKeys: raft.server.log.preallocated.size = 16384 (custom)
datanode_1  | 2023-03-09 19:50:56,028 [pool-22-thread-1] INFO server.RaftServerConfigKeys: raft.server.log.force.sync.num = 128 (default)
scm_1       | 2023-03-09 19:50:29,008 [pool-2-thread-1] INFO server.RaftServerConfigKeys: raft.server.threadpool.server.size = 0 (default)
rm_1        | 2023-03-09 19:50:20 INFO  Server:419 - Started @22630ms
om_1        | 2023-03-09 19:51:10,155 [om1-impl-thread1] INFO server.RaftServerConfigKeys: raft.server.log.appender.buffer.byte-limit = 33554432 (custom)
datanode_3  | 2023-03-09 19:51:00,858 [pool-22-thread-1] INFO server.RaftServerConfigKeys: raft.server.threadpool.client.size = 0 (default)
datanode_2  | 2023-03-09 19:51:02,420 [39aa56bc-4a3b-4279-aa5f-df6ce4eba4b4@group-ABBE5F123CD0-LeaderElection1] INFO server.RaftServerConfigKeys: raft.server.write.element-limit = 1024 (custom)
datanode_1  | 2023-03-09 19:50:56,030 [pool-22-thread-1] INFO server.RaftServerConfigKeys: raft.server.log.statemachine.data.sync = true (default)
datanode_1  | 2023-03-09 19:50:56,030 [pool-22-thread-1] INFO server.RaftServerConfigKeys: raft.server.log.statemachine.data.sync.timeout = 10s (default)
datanode_1  | 2023-03-09 19:50:56,030 [pool-22-thread-1] INFO server.RaftServerConfigKeys: raft.server.log.statemachine.data.sync.timeout.retry = -1 (default)
rm_1        | 2023-03-09 19:50:20 INFO  WebApps:440 - Web app cluster started at 8088
om_1        | 2023-03-09 19:51:10,161 [om1-impl-thread1] INFO server.RaftServerConfigKeys: raft.server.log.statemachine.data.read.timeout = 1000ms (default)
datanode_3  | 2023-03-09 19:51:00,860 [pool-22-thread-1] INFO storage.RaftStorageDirectory: The storage directory /data/metadata/ratis/ecfaf976-64ea-4172-b4cc-0647716f34bc does not exist. Creating ...
datanode_3  | 2023-03-09 19:51:00,865 [pool-22-thread-1] INFO storage.RaftStorageDirectory: Lock on /data/metadata/ratis/ecfaf976-64ea-4172-b4cc-0647716f34bc/in_use.lock acquired by nodename 8@35a70c751bbe
datanode_3  | 2023-03-09 19:51:00,874 [pool-22-thread-1] INFO storage.RaftStorage: Storage directory /data/metadata/ratis/ecfaf976-64ea-4172-b4cc-0647716f34bc has been successfully formatted.
datanode_3  | 2023-03-09 19:51:00,877 [pool-22-thread-1] INFO ratis.ContainerStateMachine: group-0647716F34BC: The snapshot info is null. Setting the last applied indexto:(t:0, i:~)
datanode_3  | 2023-03-09 19:51:00,902 [pool-22-thread-1] INFO server.RaftServerConfigKeys: raft.server.log.use.memory = false (default)
datanode_3  | 2023-03-09 19:51:00,902 [pool-22-thread-1] INFO server.RaftServerConfigKeys: raft.server.log.purge.gap = 1000000 (custom)
datanode_3  | 2023-03-09 19:51:00,908 [pool-22-thread-1] INFO server.RaftServerConfigKeys: raft.server.log.appender.buffer.byte-limit = 33554432 (custom)
datanode_3  | 2023-03-09 19:51:00,910 [pool-22-thread-1] INFO server.RaftServerConfigKeys: raft.server.log.statemachine.data.read.timeout = 1000ms (default)
datanode_3  | 2023-03-09 19:51:00,914 [pool-22-thread-1] INFO server.RaftServerConfigKeys: raft.server.log.purge.preservation.log.num = 0 (default)
datanode_3  | 2023-03-09 19:51:00,914 [pool-22-thread-1] INFO server.RaftServerConfigKeys: raft.server.log.segment.size.max = 1048576 (custom)
datanode_3  | 2023-03-09 19:51:00,915 [pool-22-thread-1] INFO server.RaftServerConfigKeys: raft.server.log.segment.cache.num.max = 2 (custom)
datanode_3  | 2023-03-09 19:51:00,915 [pool-22-thread-1] INFO server.RaftServerConfigKeys: raft.server.log.segment.cache.size.max = 200MB (=209715200) (default)
nm_1        | 2023-03-09 19:50:25 INFO  HttpServer2:953 - Added filter static_user_filter (class=org.apache.hadoop.http.lib.StaticUserWebFilter$StaticUserFilter) to context logs
scm_1       | 2023-03-09 19:50:29,044 [pool-2-thread-1] INFO server.RaftServerConfigKeys: raft.server.threadpool.client.cached = true (default)
scm_1       | 2023-03-09 19:50:29,045 [pool-2-thread-1] INFO server.RaftServerConfigKeys: raft.server.threadpool.client.size = 0 (default)
datanode_2  | 2023-03-09 19:51:02,449 [39aa56bc-4a3b-4279-aa5f-df6ce4eba4b4@group-ABBE5F123CD0-LeaderElection1] INFO server.RaftServerConfigKeys: raft.server.write.follower.gap.ratio.max = -1.0 (default)
om_1        | 2023-03-09 19:51:10,163 [om1-impl-thread1] INFO server.RaftServerConfigKeys: raft.server.log.purge.preservation.log.num = 0 (default)
nm_1        | 2023-03-09 19:50:25 INFO  HttpServer2:943 - Added filter authentication (class=org.apache.hadoop.security.authentication.server.AuthenticationFilter) to context node
nm_1        | 2023-03-09 19:50:25 INFO  HttpServer2:953 - Added filter authentication (class=org.apache.hadoop.security.authentication.server.AuthenticationFilter) to context static
nm_1        | 2023-03-09 19:50:25 INFO  HttpServer2:953 - Added filter authentication (class=org.apache.hadoop.security.authentication.server.AuthenticationFilter) to context logs
rm_1        | 2023-03-09 19:50:21 INFO  CallQueueManager:84 - Using callQueue: class java.util.concurrent.LinkedBlockingQueue queueCapacity: 100 scheduler: class org.apache.hadoop.ipc.DefaultRpcScheduler
rm_1        | 2023-03-09 19:50:21 INFO  Server:1070 - Starting Socket Reader #1 for port 8033
nm_1        | 2023-03-09 19:50:25 INFO  HttpServer2:608 - adding path spec: /node/*
nm_1        | 2023-03-09 19:50:25 INFO  HttpServer2:608 - adding path spec: /ws/*
datanode_2  | 2023-03-09 19:51:02,454 [grpc-default-executor-0] INFO server.RaftServer$Division: 39aa56bc-4a3b-4279-aa5f-df6ce4eba4b4@group-8B8128488138 replies to PRE_VOTE vote request: 6e2e3d54-1ce8-4925-96a2-b914e39e6169<-39aa56bc-4a3b-4279-aa5f-df6ce4eba4b4#0:OK-t0. Peer's state: 39aa56bc-4a3b-4279-aa5f-df6ce4eba4b4@group-8B8128488138:t0, leader=null, voted=, raftlog=Memoized:39aa56bc-4a3b-4279-aa5f-df6ce4eba4b4@group-8B8128488138-SegmentedRaftLog:OPENED:c-1, conf=-1: peers:[a0c989c8-8b73-45e0-a78b-4fe811a0b7f1|rpc:172.19.0.7:9856|admin:172.19.0.7:9857|client:172.19.0.7:9858|dataStream:172.19.0.7:9858|priority:1|startupRole:FOLLOWER, 39aa56bc-4a3b-4279-aa5f-df6ce4eba4b4|rpc:172.19.0.9:9856|admin:172.19.0.9:9857|client:172.19.0.9:9858|dataStream:172.19.0.9:9858|priority:0|startupRole:FOLLOWER, 6e2e3d54-1ce8-4925-96a2-b914e39e6169|rpc:172.19.0.6:9856|admin:172.19.0.6:9857|client:172.19.0.6:9858|dataStream:172.19.0.6:9858|priority:0|startupRole:FOLLOWER]|listeners:[], old=null
datanode_2  | 2023-03-09 19:51:02,487 [39aa56bc-4a3b-4279-aa5f-df6ce4eba4b4@group-ABBE5F123CD0-LeaderElection1] INFO impl.RoleInfo: 39aa56bc-4a3b-4279-aa5f-df6ce4eba4b4: start 39aa56bc-4a3b-4279-aa5f-df6ce4eba4b4@group-ABBE5F123CD0-LeaderStateImpl
datanode_2  | 2023-03-09 19:51:02,523 [39aa56bc-4a3b-4279-aa5f-df6ce4eba4b4@group-8B8128488138-FollowerState] INFO server.RaftServerConfigKeys: raft.server.rpc.first-election.timeout.min = 5s (fallback to raft.server.rpc.timeout.min)
om_1        | 2023-03-09 19:51:10,194 [om1-impl-thread1] INFO server.RaftServerConfigKeys: raft.server.log.segment.size.max = 4194304 (custom)
nm_1        | 2023-03-09 19:50:27 INFO  WebApps:395 - Registered webapp guice modules
nm_1        | 2023-03-09 19:50:28 INFO  HttpServer2:1186 - Jetty bound to port 8042
nm_1        | 2023-03-09 19:50:28 INFO  Server:351 - jetty-9.3.24.v20180605, build timestamp: 2018-06-05T17:11:56Z, git hash: 84205aa28f11a4f31f2a3b86d1bba2cc8ab69827
rm_1        | 2023-03-09 19:50:22 INFO  RpcServerFactoryPBImpl:173 - Adding protocol org.apache.hadoop.yarn.server.api.ResourceManagerAdministrationProtocolPB to the server
rm_1        | 2023-03-09 19:50:22 INFO  ResourceManager:1263 - Transitioning to active state
datanode_2  | 2023-03-09 19:51:02,525 [39aa56bc-4a3b-4279-aa5f-df6ce4eba4b4@group-8B8128488138-FollowerState] INFO server.RaftServerConfigKeys: raft.server.rpc.first-election.timeout.max = 5200ms (fallback to raft.server.rpc.timeout.max)
om_1        | 2023-03-09 19:51:10,224 [om1-impl-thread1] INFO server.RaftServerConfigKeys: raft.server.log.segment.cache.num.max = 2 (custom)
nm_1        | 2023-03-09 19:50:28 INFO  AuthenticationFilter:240 - Unable to initialize FileSignerSecretProvider, falling back to use random secrets.
nm_1        | 2023-03-09 19:50:28 INFO  ContextHandler:781 - Started o.e.j.s.ServletContextHandler@7fc6de5b{/logs,file:///opt/hadoop/logs/,AVAILABLE}
nm_1        | 2023-03-09 19:50:28 INFO  ContextHandler:781 - Started o.e.j.s.ServletContextHandler@29df4d43{/static,jar:file:/opt/hadoop/share/hadoop/yarn/hadoop-yarn-common-3.1.2.jar!/webapps/static,AVAILABLE}
nm_1        | Mar 09, 2023 7:50:29 PM com.sun.jersey.guice.spi.container.GuiceComponentProviderFactory register
nm_1        | INFO: Registering org.apache.hadoop.yarn.server.nodemanager.webapp.NMWebServices as a root resource class
datanode_2  | 2023-03-09 19:51:02,614 [39aa56bc-4a3b-4279-aa5f-df6ce4eba4b4@group-ABBE5F123CD0-LeaderElection1] INFO segmented.SegmentedRaftLogWorker: 39aa56bc-4a3b-4279-aa5f-df6ce4eba4b4@group-ABBE5F123CD0-SegmentedRaftLogWorker: Starting segment from index:0
om_1        | 2023-03-09 19:51:10,226 [om1-impl-thread1] INFO server.RaftServerConfigKeys: raft.server.log.segment.cache.size.max = 200MB (=209715200) (default)
nm_1        | Mar 09, 2023 7:50:29 PM com.sun.jersey.guice.spi.container.GuiceComponentProviderFactory register
nm_1        | INFO: Registering org.apache.hadoop.yarn.webapp.GenericExceptionHandler as a provider class
nm_1        | Mar 09, 2023 7:50:29 PM com.sun.jersey.guice.spi.container.GuiceComponentProviderFactory register
nm_1        | INFO: Registering org.apache.hadoop.yarn.server.nodemanager.webapp.JAXBContextResolver as a provider class
nm_1        | Mar 09, 2023 7:50:29 PM com.sun.jersey.server.impl.application.WebApplicationImpl _initiate
datanode_2  | 2023-03-09 19:51:02,834 [39aa56bc-4a3b-4279-aa5f-df6ce4eba4b4@group-ABBE5F123CD0-LeaderElection1] INFO server.RaftServer$Division: 39aa56bc-4a3b-4279-aa5f-df6ce4eba4b4@group-ABBE5F123CD0: set configuration 0: peers:[39aa56bc-4a3b-4279-aa5f-df6ce4eba4b4|rpc:172.19.0.9:9856|admin:172.19.0.9:9857|client:172.19.0.9:9858|dataStream:172.19.0.9:9858|priority:1|startupRole:FOLLOWER]|listeners:[], old=null
datanode_2  | 2023-03-09 19:51:03,127 [39aa56bc-4a3b-4279-aa5f-df6ce4eba4b4@group-ABBE5F123CD0-SegmentedRaftLogWorker] INFO segmented.SegmentedRaftLogWorker: 39aa56bc-4a3b-4279-aa5f-df6ce4eba4b4@group-ABBE5F123CD0-SegmentedRaftLogWorker: created new log segment /data/metadata/ratis/f9ffbc3d-4566-408f-a72d-abbe5f123cd0/current/log_inprogress_0
datanode_2  | 2023-03-09 19:51:03,165 [grpc-default-executor-0] INFO server.RaftServer$Division: 39aa56bc-4a3b-4279-aa5f-df6ce4eba4b4@group-8B8128488138: receive requestVote(PRE_VOTE, a0c989c8-8b73-45e0-a78b-4fe811a0b7f1, group-8B8128488138, 0, (t:0, i:0))
nm_1        | INFO: Initiating Jersey application, version 'Jersey: 1.19 02/11/2015 03:25 AM'
datanode_1  | 2023-03-09 19:50:56,032 [pool-22-thread-1] INFO server.RaftServerConfigKeys: raft.server.log.write.buffer.size = 1048576 (custom)
datanode_1  | 2023-03-09 19:50:56,048 [pool-22-thread-1] INFO server.RaftServerConfigKeys: raft.server.log.appender.buffer.byte-limit = 33554432 (custom)
datanode_1  | 2023-03-09 19:50:56,758 [JvmPauseMonitor0] WARN util.JvmPauseMonitor: JvmPauseMonitor-6e2e3d54-1ce8-4925-96a2-b914e39e6169: Detected pause in JVM or host machine (eg GC): pause of approximately 676445686ns.
datanode_1  | GC pool 'ParNew' had collection(s): count=1 time=74ms
datanode_2  | 2023-03-09 19:51:03,166 [grpc-default-executor-0] INFO impl.VoteContext: 39aa56bc-4a3b-4279-aa5f-df6ce4eba4b4@group-8B8128488138-FOLLOWER: accept PRE_VOTE from a0c989c8-8b73-45e0-a78b-4fe811a0b7f1: our priority 0 <= candidate's priority 1
datanode_2  | 2023-03-09 19:51:03,169 [grpc-default-executor-0] INFO server.RaftServer$Division: 39aa56bc-4a3b-4279-aa5f-df6ce4eba4b4@group-8B8128488138 replies to PRE_VOTE vote request: a0c989c8-8b73-45e0-a78b-4fe811a0b7f1<-39aa56bc-4a3b-4279-aa5f-df6ce4eba4b4#0:OK-t0. Peer's state: 39aa56bc-4a3b-4279-aa5f-df6ce4eba4b4@group-8B8128488138:t0, leader=null, voted=, raftlog=Memoized:39aa56bc-4a3b-4279-aa5f-df6ce4eba4b4@group-8B8128488138-SegmentedRaftLog:OPENED:c-1, conf=-1: peers:[a0c989c8-8b73-45e0-a78b-4fe811a0b7f1|rpc:172.19.0.7:9856|admin:172.19.0.7:9857|client:172.19.0.7:9858|dataStream:172.19.0.7:9858|priority:1|startupRole:FOLLOWER, 39aa56bc-4a3b-4279-aa5f-df6ce4eba4b4|rpc:172.19.0.9:9856|admin:172.19.0.9:9857|client:172.19.0.9:9858|dataStream:172.19.0.9:9858|priority:0|startupRole:FOLLOWER, 6e2e3d54-1ce8-4925-96a2-b914e39e6169|rpc:172.19.0.6:9856|admin:172.19.0.6:9857|client:172.19.0.6:9858|dataStream:172.19.0.6:9858|priority:0|startupRole:FOLLOWER]|listeners:[], old=null
datanode_2  | 2023-03-09 19:51:03,224 [grpc-default-executor-0] INFO server.RaftServer$Division: 39aa56bc-4a3b-4279-aa5f-df6ce4eba4b4@group-8B8128488138: receive requestVote(ELECTION, a0c989c8-8b73-45e0-a78b-4fe811a0b7f1, group-8B8128488138, 1, (t:0, i:0))
nm_1        | Mar 09, 2023 7:50:30 PM com.sun.jersey.guice.spi.container.GuiceComponentProviderFactory getComponentProvider
nm_1        | INFO: Binding org.apache.hadoop.yarn.server.nodemanager.webapp.JAXBContextResolver to GuiceManagedComponentProvider with the scope "Singleton"
rm_1        | 2023-03-09 19:50:22 INFO  Server:1149 - IPC Server listener on 8033: starting
rm_1        | 2023-03-09 19:50:22 INFO  Server:1310 - IPC Server Responder: starting
rm_1        | 2023-03-09 19:50:22 INFO  RMStateStore:549 - Updating AMRMToken
datanode_2  | 2023-03-09 19:51:03,232 [grpc-default-executor-0] INFO impl.VoteContext: 39aa56bc-4a3b-4279-aa5f-df6ce4eba4b4@group-8B8128488138-FOLLOWER: accept ELECTION from a0c989c8-8b73-45e0-a78b-4fe811a0b7f1: our priority 0 <= candidate's priority 1
datanode_2  | 2023-03-09 19:51:03,232 [grpc-default-executor-0] INFO server.RaftServer$Division: 39aa56bc-4a3b-4279-aa5f-df6ce4eba4b4@group-8B8128488138: changes role from  FOLLOWER to FOLLOWER at term 1 for candidate:a0c989c8-8b73-45e0-a78b-4fe811a0b7f1
datanode_2  | 2023-03-09 19:51:03,233 [grpc-default-executor-0] INFO impl.RoleInfo: 39aa56bc-4a3b-4279-aa5f-df6ce4eba4b4: shutdown 39aa56bc-4a3b-4279-aa5f-df6ce4eba4b4@group-8B8128488138-FollowerState
datanode_1  | GC pool 'ConcurrentMarkSweep' had collection(s): count=1 time=621ms
nm_1        | Mar 09, 2023 7:50:31 PM com.sun.jersey.guice.spi.container.GuiceComponentProviderFactory getComponentProvider
scm_1       | 2023-03-09 19:50:29,064 [e5c9474a-9d3c-4750-bd09-ecf7e656cad8-impl-thread1] INFO storage.RaftStorageDirectory: The storage directory /data/metadata/scm-ha/722b5ed1-018a-4af2-98e2-d444cd2b554a does not exist. Creating ...
scm_1       | 2023-03-09 19:50:29,120 [e5c9474a-9d3c-4750-bd09-ecf7e656cad8-impl-thread1] INFO storage.RaftStorageDirectory: Lock on /data/metadata/scm-ha/722b5ed1-018a-4af2-98e2-d444cd2b554a/in_use.lock acquired by nodename 13@scm
scm_1       | 2023-03-09 19:50:29,216 [e5c9474a-9d3c-4750-bd09-ecf7e656cad8-impl-thread1] INFO storage.RaftStorage: Storage directory /data/metadata/scm-ha/722b5ed1-018a-4af2-98e2-d444cd2b554a has been successfully formatted.
datanode_2  | 2023-03-09 19:51:03,233 [grpc-default-executor-0] INFO impl.RoleInfo: 39aa56bc-4a3b-4279-aa5f-df6ce4eba4b4: start 39aa56bc-4a3b-4279-aa5f-df6ce4eba4b4@group-8B8128488138-FollowerState
datanode_2  | 2023-03-09 19:51:03,241 [39aa56bc-4a3b-4279-aa5f-df6ce4eba4b4@group-8B8128488138-FollowerState] INFO impl.FollowerState: 39aa56bc-4a3b-4279-aa5f-df6ce4eba4b4@group-8B8128488138-FollowerState was interrupted
datanode_2  | 2023-03-09 19:51:03,261 [grpc-default-executor-0] INFO server.RaftServer$Division: 39aa56bc-4a3b-4279-aa5f-df6ce4eba4b4@group-8B8128488138 replies to ELECTION vote request: a0c989c8-8b73-45e0-a78b-4fe811a0b7f1<-39aa56bc-4a3b-4279-aa5f-df6ce4eba4b4#0:OK-t1. Peer's state: 39aa56bc-4a3b-4279-aa5f-df6ce4eba4b4@group-8B8128488138:t1, leader=null, voted=a0c989c8-8b73-45e0-a78b-4fe811a0b7f1, raftlog=Memoized:39aa56bc-4a3b-4279-aa5f-df6ce4eba4b4@group-8B8128488138-SegmentedRaftLog:OPENED:c-1, conf=-1: peers:[a0c989c8-8b73-45e0-a78b-4fe811a0b7f1|rpc:172.19.0.7:9856|admin:172.19.0.7:9857|client:172.19.0.7:9858|dataStream:172.19.0.7:9858|priority:1|startupRole:FOLLOWER, 39aa56bc-4a3b-4279-aa5f-df6ce4eba4b4|rpc:172.19.0.9:9856|admin:172.19.0.9:9857|client:172.19.0.9:9858|dataStream:172.19.0.9:9858|priority:0|startupRole:FOLLOWER, 6e2e3d54-1ce8-4925-96a2-b914e39e6169|rpc:172.19.0.6:9856|admin:172.19.0.6:9857|client:172.19.0.6:9858|dataStream:172.19.0.6:9858|priority:0|startupRole:FOLLOWER]|listeners:[], old=null
datanode_1  | 2023-03-09 19:50:56,800 [pool-22-thread-1] INFO server.RaftServerConfigKeys: raft.server.log.unsafe-flush.enabled = false (default)
nm_1        | INFO: Binding org.apache.hadoop.yarn.webapp.GenericExceptionHandler to GuiceManagedComponentProvider with the scope "Singleton"
scm_1       | 2023-03-09 19:50:29,312 [e5c9474a-9d3c-4750-bd09-ecf7e656cad8-impl-thread1] INFO server.RaftServerConfigKeys: raft.server.log.use.memory = false (default)
scm_1       | 2023-03-09 19:50:29,461 [e5c9474a-9d3c-4750-bd09-ecf7e656cad8-impl-thread1] INFO server.RaftServerConfigKeys: raft.server.log.purge.gap = 1000000 (custom)
scm_1       | 2023-03-09 19:50:29,468 [e5c9474a-9d3c-4750-bd09-ecf7e656cad8-impl-thread1] INFO server.RaftServerConfigKeys: raft.server.log.appender.buffer.byte-limit = 33554432 (custom)
datanode_2  | 2023-03-09 19:51:03,271 [39aa56bc-4a3b-4279-aa5f-df6ce4eba4b4@group-8B8128488138-FollowerState] INFO server.RaftServerConfigKeys: raft.server.rpc.first-election.timeout.min = 5s (fallback to raft.server.rpc.timeout.min)
datanode_1  | 2023-03-09 19:50:56,807 [pool-22-thread-1] INFO server.RaftServerConfigKeys: raft.server.log.async-flush.enabled = false (default)
nm_1        | Mar 09, 2023 7:50:34 PM com.sun.jersey.guice.spi.container.GuiceComponentProviderFactory getComponentProvider
scm_1       | 2023-03-09 19:50:29,520 [e5c9474a-9d3c-4750-bd09-ecf7e656cad8-impl-thread1] INFO server.RaftServerConfigKeys: raft.server.log.statemachine.data.read.timeout = 1000ms (default)
scm_1       | 2023-03-09 19:50:29,564 [e5c9474a-9d3c-4750-bd09-ecf7e656cad8-impl-thread1] INFO server.RaftServerConfigKeys: raft.server.log.purge.preservation.log.num = 0 (default)
scm_1       | 2023-03-09 19:50:29,572 [e5c9474a-9d3c-4750-bd09-ecf7e656cad8-impl-thread1] INFO server.RaftServerConfigKeys: raft.server.log.segment.size.max = 4194304 (custom)
datanode_2  | 2023-03-09 19:51:03,272 [39aa56bc-4a3b-4279-aa5f-df6ce4eba4b4@group-8B8128488138-FollowerState] INFO server.RaftServerConfigKeys: raft.server.rpc.first-election.timeout.max = 5200ms (fallback to raft.server.rpc.timeout.max)
datanode_2  | 2023-03-09 19:51:03,768 [39aa56bc-4a3b-4279-aa5f-df6ce4eba4b4-server-thread1] INFO ratis.XceiverServerRatis: Leader change notification received for group: group-8B8128488138 with new leaderId: a0c989c8-8b73-45e0-a78b-4fe811a0b7f1
nm_1        | INFO: Binding org.apache.hadoop.yarn.server.nodemanager.webapp.NMWebServices to GuiceManagedComponentProvider with the scope "Singleton"
scm_1       | 2023-03-09 19:50:29,693 [e5c9474a-9d3c-4750-bd09-ecf7e656cad8-impl-thread1] INFO server.RaftServerConfigKeys: raft.server.log.segment.cache.num.max = 2 (custom)
scm_1       | 2023-03-09 19:50:29,708 [e5c9474a-9d3c-4750-bd09-ecf7e656cad8-impl-thread1] INFO server.RaftServerConfigKeys: raft.server.log.segment.cache.size.max = 200MB (=209715200) (default)
scm_1       | 2023-03-09 19:50:29,795 [e5c9474a-9d3c-4750-bd09-ecf7e656cad8-impl-thread1] INFO segmented.SegmentedRaftLogWorker: new e5c9474a-9d3c-4750-bd09-ecf7e656cad8@group-D444CD2B554A-SegmentedRaftLogWorker for RaftStorageImpl:Storage Directory /data/metadata/scm-ha/722b5ed1-018a-4af2-98e2-d444cd2b554a
datanode_1  | 2023-03-09 19:50:56,807 [pool-22-thread-1] INFO server.RaftServerConfigKeys: raft.server.log.statemachine.data.caching.enabled = true (custom)
datanode_2  | 2023-03-09 19:51:03,829 [39aa56bc-4a3b-4279-aa5f-df6ce4eba4b4-server-thread1] INFO server.RaftServer$Division: 39aa56bc-4a3b-4279-aa5f-df6ce4eba4b4@group-8B8128488138: change Leader from null to a0c989c8-8b73-45e0-a78b-4fe811a0b7f1 at term 1 for appendEntries, leader elected after 7087ms
nm_1        | 2023-03-09 19:50:34 INFO  ContextHandler:781 - Started o.e.j.w.WebAppContext@21c7208d{/,file:///tmp/jetty-0.0.0.0-8042-node-_-any-7775490791451873552.dir/webapp/,AVAILABLE}{/node}
scm_1       | 2023-03-09 19:50:29,833 [e5c9474a-9d3c-4750-bd09-ecf7e656cad8-impl-thread1] INFO server.RaftServerConfigKeys: raft.server.log.queue.byte-limit = 64MB (=67108864) (default)
rm_1        | 2023-03-09 19:50:22 INFO  RMContainerTokenSecretManager:109 - Rolling master-key for container-tokens
rm_1        | 2023-03-09 19:50:22 INFO  NMTokenSecretManagerInRM:95 - Rolling master-key for nm-tokens
rm_1        | 2023-03-09 19:50:22 INFO  AbstractDelegationTokenSecretManager:347 - Updating the current master key for generating delegation tokens
rm_1        | 2023-03-09 19:50:22 INFO  RMDelegationTokenSecretManager:92 - storing master key with keyID 1
rm_1        | 2023-03-09 19:50:22 INFO  RMStateStore:500 - Storing RMDTMasterKey.
datanode_1  | 2023-03-09 19:50:56,813 [pool-22-thread-1] INFO segmented.SegmentedRaftLogWorker: 6e2e3d54-1ce8-4925-96a2-b914e39e6169@group-8B8128488138-SegmentedRaftLogWorker: flushIndex: setUnconditionally 0 -> -1
rm_1        | 2023-03-09 19:50:22 INFO  AbstractDelegationTokenSecretManager:679 - Starting expired delegation token remover thread, tokenRemoverScanInterval=60 min(s)
datanode_1  | 2023-03-09 19:50:56,813 [pool-22-thread-1] INFO segmented.SegmentedRaftLogWorker: 6e2e3d54-1ce8-4925-96a2-b914e39e6169@group-8B8128488138-SegmentedRaftLogWorker: safeCacheEvictIndex: setUnconditionally 0 -> -1
om_1        | 2023-03-09 19:51:10,251 [om1-impl-thread1] INFO segmented.SegmentedRaftLogWorker: new om1@group-C5BA1605619E-SegmentedRaftLogWorker for RaftStorageImpl:Storage Directory /data/metadata/ratis/bf265839-605b-3f16-9796-c5ba1605619e
rm_1        | 2023-03-09 19:50:22 INFO  AbstractDelegationTokenSecretManager:347 - Updating the current master key for generating delegation tokens
rm_1        | 2023-03-09 19:50:22 INFO  AsyncDispatcher:223 - Registering class org.apache.hadoop.yarn.nodelabels.event.NodeLabelsStoreEventType for class org.apache.hadoop.yarn.nodelabels.CommonNodeLabelsManager$ForwardingEventHandler
rm_1        | 2023-03-09 19:50:22 INFO  RMDelegationTokenSecretManager:92 - storing master key with keyID 2
scm_1       | 2023-03-09 19:50:29,853 [e5c9474a-9d3c-4750-bd09-ecf7e656cad8-impl-thread1] INFO server.RaftServerConfigKeys: raft.server.log.queue.element-limit = 4096 (default)
nm_1        | 2023-03-09 19:50:34 INFO  AbstractConnector:278 - Started ServerConnector@74708366{HTTP/1.1,[http/1.1]}{0.0.0.0:8042}
datanode_2  | 2023-03-09 19:51:03,849 [39aa56bc-4a3b-4279-aa5f-df6ce4eba4b4-server-thread1] INFO server.RaftServer$Division: 39aa56bc-4a3b-4279-aa5f-df6ce4eba4b4@group-8B8128488138: set configuration 0: peers:[a0c989c8-8b73-45e0-a78b-4fe811a0b7f1|rpc:172.19.0.7:9856|admin:172.19.0.7:9857|client:172.19.0.7:9858|dataStream:172.19.0.7:9858|priority:1|startupRole:FOLLOWER, 39aa56bc-4a3b-4279-aa5f-df6ce4eba4b4|rpc:172.19.0.9:9856|admin:172.19.0.9:9857|client:172.19.0.9:9858|dataStream:172.19.0.9:9858|priority:0|startupRole:FOLLOWER, 6e2e3d54-1ce8-4925-96a2-b914e39e6169|rpc:172.19.0.6:9856|admin:172.19.0.6:9857|client:172.19.0.6:9858|dataStream:172.19.0.6:9858|priority:0|startupRole:FOLLOWER]|listeners:[], old=null
rm_1        | 2023-03-09 19:50:22 INFO  RMStateStore:500 - Storing RMDTMasterKey.
rm_1        | 2023-03-09 19:50:23 INFO  CallQueueManager:84 - Using callQueue: class java.util.concurrent.LinkedBlockingQueue queueCapacity: 5000 scheduler: class org.apache.hadoop.ipc.DefaultRpcScheduler
rm_1        | 2023-03-09 19:50:23 INFO  Server:1070 - Starting Socket Reader #1 for port 8031
rm_1        | 2023-03-09 19:50:23 INFO  RpcServerFactoryPBImpl:173 - Adding protocol org.apache.hadoop.yarn.server.api.ResourceTrackerPB to the server
rm_1        | 2023-03-09 19:50:23 INFO  Server:1310 - IPC Server Responder: starting
om_1        | 2023-03-09 19:51:10,299 [om1-impl-thread1] INFO server.RaftServerConfigKeys: raft.server.log.queue.byte-limit = 64MB (=67108864) (default)
scm_1       | 2023-03-09 19:50:29,879 [e5c9474a-9d3c-4750-bd09-ecf7e656cad8-impl-thread1] INFO server.RaftServerConfigKeys: raft.server.log.segment.size.max = 4194304 (custom)
scm_1       | 2023-03-09 19:50:29,880 [e5c9474a-9d3c-4750-bd09-ecf7e656cad8-impl-thread1] INFO server.RaftServerConfigKeys: raft.server.log.preallocated.size = 4194304 (custom)
scm_1       | 2023-03-09 19:50:29,904 [e5c9474a-9d3c-4750-bd09-ecf7e656cad8-impl-thread1] INFO server.RaftServerConfigKeys: raft.server.log.force.sync.num = 128 (default)
scm_1       | 2023-03-09 19:50:29,919 [e5c9474a-9d3c-4750-bd09-ecf7e656cad8-impl-thread1] INFO server.RaftServerConfigKeys: raft.server.log.statemachine.data.sync = true (default)
datanode_1  | 2023-03-09 19:50:56,814 [pool-22-thread-1] INFO server.RaftServer$Division: 6e2e3d54-1ce8-4925-96a2-b914e39e6169@group-8B8128488138: start as a follower, conf=-1: peers:[a0c989c8-8b73-45e0-a78b-4fe811a0b7f1|rpc:172.19.0.7:9856|admin:172.19.0.7:9857|client:172.19.0.7:9858|dataStream:172.19.0.7:9858|priority:1|startupRole:FOLLOWER, 39aa56bc-4a3b-4279-aa5f-df6ce4eba4b4|rpc:172.19.0.9:9856|admin:172.19.0.9:9857|client:172.19.0.9:9858|dataStream:172.19.0.9:9858|priority:0|startupRole:FOLLOWER, 6e2e3d54-1ce8-4925-96a2-b914e39e6169|rpc:172.19.0.6:9856|admin:172.19.0.6:9857|client:172.19.0.6:9858|dataStream:172.19.0.6:9858|priority:0|startupRole:FOLLOWER]|listeners:[], old=null
datanode_2  | 2023-03-09 19:51:03,852 [39aa56bc-4a3b-4279-aa5f-df6ce4eba4b4-server-thread1] INFO segmented.SegmentedRaftLogWorker: 39aa56bc-4a3b-4279-aa5f-df6ce4eba4b4@group-8B8128488138-SegmentedRaftLogWorker: Starting segment from index:0
om_1        | 2023-03-09 19:51:10,301 [om1-impl-thread1] INFO server.RaftServerConfigKeys: raft.server.log.queue.element-limit = 4096 (default)
datanode_3  | 2023-03-09 19:51:00,918 [pool-22-thread-1] INFO segmented.SegmentedRaftLogWorker: new a0c989c8-8b73-45e0-a78b-4fe811a0b7f1@group-0647716F34BC-SegmentedRaftLogWorker for RaftStorageImpl:Storage Directory /data/metadata/ratis/ecfaf976-64ea-4172-b4cc-0647716f34bc
datanode_3  | 2023-03-09 19:51:00,919 [pool-22-thread-1] INFO server.RaftServerConfigKeys: raft.server.log.queue.byte-limit = 4294967296 (custom)
datanode_3  | 2023-03-09 19:51:00,920 [pool-22-thread-1] INFO server.RaftServerConfigKeys: raft.server.log.queue.element-limit = 1024 (custom)
datanode_3  | 2023-03-09 19:51:00,924 [pool-22-thread-1] INFO server.RaftServerConfigKeys: raft.server.log.segment.size.max = 1048576 (custom)
datanode_3  | 2023-03-09 19:51:00,926 [pool-22-thread-1] INFO server.RaftServerConfigKeys: raft.server.log.preallocated.size = 16384 (custom)
datanode_2  | 2023-03-09 19:51:03,859 [39aa56bc-4a3b-4279-aa5f-df6ce4eba4b4@group-8B8128488138-SegmentedRaftLogWorker] INFO segmented.SegmentedRaftLogWorker: 39aa56bc-4a3b-4279-aa5f-df6ce4eba4b4@group-8B8128488138-SegmentedRaftLogWorker: created new log segment /data/metadata/ratis/eb1ee976-6a79-45bb-9dea-8b8128488138/current/log_inprogress_0
om_1        | 2023-03-09 19:51:10,305 [om1-impl-thread1] INFO server.RaftServerConfigKeys: raft.server.log.segment.size.max = 4194304 (custom)
