rm: cannot remove '/home/runner/work/ozone/ozone/hadoop-ozone/dist/target/ozone-2.3.0-SNAPSHOT/kubernetes/examples/result/*': No such file or directory

#### Executing tests of ozone #####


**** Modifying Kubernetes resources file for test ****

   (mounting current Ozone directory to the containers, scheduling containers to one node, ...)

WARNING: this test can be executed only with local Kubernetes cluster
   (source dir should be available from K8s nodes)


**** Deleting existing k8s resources ****

No resources found
No resources found
No resources found
service "kubernetes" deleted from default namespace
configmap "kube-root-ca.crt" deleted from default namespace
No resources found
No resources found
No resources found

**** Applying k8s resources from ozone ****

configmap/config created
service/datanode created
service/httpfs created
service/om created
service/recon created
service/s3g created
service/scm created
statefulset.apps/datanode created
statefulset.apps/httpfs created
statefulset.apps/om created
statefulset.apps/recon created
statefulset.apps/s3g created
statefulset.apps/scm created

**** Waiting until the k8s cluster is running ****

No resources found in default namespace.
0 pods are running. Waiting for more.
1 'all_pods_are_running' is failed...
No resources found in default namespace.
0 pods are running. Waiting for more.
2 'all_pods_are_running' is failed...
No resources found in default namespace.
0 pods are running. Waiting for more.
3 'all_pods_are_running' is failed...
No resources found in default namespace.
0 pods are running. Waiting for more.
4 'all_pods_are_running' is failed...
No resources found in default namespace.
0 pods are running. Waiting for more.
5 'all_pods_are_running' is failed...
No resources found in default namespace.
0 pods are running. Waiting for more.
6 'all_pods_are_running' is failed...
No resources found in default namespace.
0 pods are running. Waiting for more.
7 'all_pods_are_running' is failed...
No resources found in default namespace.
0 pods are running. Waiting for more.
8 'all_pods_are_running' is failed...
5 / 7 pods are running
9 'all_pods_are_running' is failed...
5 / 7 pods are running
10 'all_pods_are_running' is failed...
6 / 8 pods are running
11 'all_pods_are_running' is failed...
7 / 8 pods are running
12 'all_pods_are_running' is failed...
Defaulted container "scm" out of: scm, init (init)
1 'grep_log scm-0 SCM exiting safe mode.' is failed...
Defaulted container "scm" out of: scm, init (init)
2 'grep_log scm-0 SCM exiting safe mode.' is failed...
Defaulted container "scm" out of: scm, init (init)
3 'grep_log scm-0 SCM exiting safe mode.' is failed...
Defaulted container "scm" out of: scm, init (init)
4 'grep_log scm-0 SCM exiting safe mode.' is failed...
Defaulted container "scm" out of: scm, init (init)
5 'grep_log scm-0 SCM exiting safe mode.' is failed...
Defaulted container "scm" out of: scm, init (init)
6 'grep_log scm-0 SCM exiting safe mode.' is failed...
Defaulted container "scm" out of: scm, init (init)
7 'grep_log scm-0 SCM exiting safe mode.' is failed...
Defaulted container "scm" out of: scm, init (init)
2026-10-10 09:07:49 INFO  SCMSafeModeManager:218 - SCM exiting safe mode.
2026-10-10 09:07:38 INFO  BaseHttpServer:397 - HTTP server of ozoneManager listening at http://om-0:9874

**** Cluster is up and running ****


**** Executing robot tests scm-0 ****

Defaulted container "scm" out of: scm, init (init)
Unable to use a TTY - input is not a terminal or the right kind of file
Defaulted container "scm" out of: scm, init (init)
Unable to use a TTY - input is not a terminal or the right kind of file
Defaulted container "scm" out of: scm, init (init)
Unable to use a TTY - input is not a terminal or the right kind of file
==============================================================================
Generate :: Test freon data generation commands                               
==============================================================================
Ozone Client Key Generator                                            | PASS |
------------------------------------------------------------------------------
OM Key Generator                                                      | PASS |
------------------------------------------------------------------------------
OM Bucket Generator                                                   | PASS |
------------------------------------------------------------------------------
Generate :: Test freon data generation commands                       | PASS |
3 tests, 3 passed, 0 failed
==============================================================================
Output:  /tmp/report/output.xml
Log:     /tmp/report/log.html
Report:  /tmp/report/report.html
Defaulted container "scm" out of: scm, init (init)
tar: Removing leading `/' from member names

**** Executing robot tests scm-0 ****

Defaulted container "scm" out of: scm, init (init)
Unable to use a TTY - input is not a terminal or the right kind of file
Defaulted container "scm" out of: scm, init (init)
Unable to use a TTY - input is not a terminal or the right kind of file
Defaulted container "scm" out of: scm, init (init)
Unable to use a TTY - input is not a terminal or the right kind of file
==============================================================================
Validate :: Test freon data validation commands                               
==============================================================================
Ozone Client Key Validator                                            | PASS |
------------------------------------------------------------------------------
Validate :: Test freon data validation commands                       | PASS |
1 test, 1 passed, 0 failed
==============================================================================
Output:  /tmp/report/output.xml
Log:     /tmp/report/log.html
Report:  /tmp/report/report.html
Defaulted container "scm" out of: scm, init (init)
tar: Removing leading `/' from member names
pod "datanode-0" deleted from default namespace
pod "datanode-1" deleted from default namespace
pod "datanode-2" deleted from default namespace

**** Waiting until the k8s cluster is running ****

5 / 6 pods are running
1 'all_pods_are_running' is failed...
Defaulted container "scm" out of: scm, init (init)
2026-10-10 09:07:49 INFO  SCMSafeModeManager:218 - SCM exiting safe mode.
2026-10-10 09:07:38 INFO  BaseHttpServer:397 - HTTP server of ozoneManager listening at http://om-0:9874

**** Cluster is up and running ****

Defaulted container "scm" out of: scm, init (init)

**** Executing robot tests scm-0 ****

Defaulted container "scm" out of: scm, init (init)
Unable to use a TTY - input is not a terminal or the right kind of file
Defaulted container "scm" out of: scm, init (init)
Unable to use a TTY - input is not a terminal or the right kind of file
Defaulted container "scm" out of: scm, init (init)
Unable to use a TTY - input is not a terminal or the right kind of file
==============================================================================
Validate :: Test freon data validation commands                               
==============================================================================
Ozone Client Key Validator                                            | PASS |
------------------------------------------------------------------------------
Validate :: Test freon data validation commands                       | PASS |
1 test, 1 passed, 0 failed
==============================================================================
Output:  /tmp/report/output.xml
Log:     /tmp/report/log.html
Report:  /tmp/report/report.html
Defaulted container "scm" out of: scm, init (init)
tar: Removing leading `/' from member names

**** Executing robot tests scm-0 ****

Defaulted container "scm" out of: scm, init (init)
Unable to use a TTY - input is not a terminal or the right kind of file
Defaulted container "scm" out of: scm, init (init)
Unable to use a TTY - input is not a terminal or the right kind of file
Defaulted container "scm" out of: scm, init (init)
Unable to use a TTY - input is not a terminal or the right kind of file
==============================================================================
Generate :: Test freon data generation commands                               
==============================================================================
Ozone Client Key Generator                                            | FAIL |
255 != 0
------------------------------------------------------------------------------
OM Key Generator                                                      | PASS |
------------------------------------------------------------------------------
OM Bucket Generator                                                   | PASS |
------------------------------------------------------------------------------
Generate :: Test freon data generation commands                       | FAIL |
3 tests, 2 passed, 1 failed
==============================================================================
Output:  /tmp/report/output.xml
Log:     /tmp/report/log.html
Report:  /tmp/report/report.html
Defaulted container "scm" out of: scm, init (init)
tar: Removing leading `/' from member names

**** Executing robot tests scm-0 ****

Defaulted container "scm" out of: scm, init (init)
Unable to use a TTY - input is not a terminal or the right kind of file
Defaulted container "scm" out of: scm, init (init)
Unable to use a TTY - input is not a terminal or the right kind of file
Defaulted container "scm" out of: scm, init (init)
Unable to use a TTY - input is not a terminal or the right kind of file
==============================================================================
Validate :: Test freon data validation commands                               
==============================================================================
Ozone Client Key Validator                                            | FAIL |
255 != 0
------------------------------------------------------------------------------
Validate :: Test freon data validation commands                       | FAIL |
1 test, 0 passed, 1 failed
==============================================================================
Output:  /tmp/report/output.xml
Log:     /tmp/report/log.html
Report:  /tmp/report/report.html
Defaulted container "scm" out of: scm, init (init)
tar: Removing leading `/' from member names
Unable to find image 'ghcr.io/apache/ozone-runner:20260922-1-jdk25' locally
20260922-1-jdk25: Pulling from apache/ozone-runner
99c753a880cc: Pulling fs layer
14eaa2593e8a: Pulling fs layer
b274cb37003f: Pulling fs layer
0c8b7e72bcda: Pulling fs layer
7f9ff3b2c248: Pulling fs layer
c5a8daab57c8: Pulling fs layer
96b35aff0557: Pulling fs layer
1d1815fbc466: Pulling fs layer
19f2bf29b86d: Pulling fs layer
8c366db3ee18: Pulling fs layer
b4186ce5dc74: Pulling fs layer
e00ef601583a: Pulling fs layer
eeff93e86ae1: Pulling fs layer
b7507e0bc400: Pulling fs layer
3117d6bb4270: Pulling fs layer
837aa246bf20: Pulling fs layer
de3571f7668d: Pulling fs layer
00aa1837d72b: Pulling fs layer
3c4ebd9963c2: Pulling fs layer
fd9f28d7cd55: Pulling fs layer
a1a0a90b0d83: Pulling fs layer
5d90a6a97011: Pulling fs layer
4f4fb700ef54: Pulling fs layer
0c8b7e72bcda: Waiting
837aa246bf20: Waiting
3117d6bb4270: Waiting
fd9f28d7cd55: Waiting
de3571f7668d: Waiting
7f9ff3b2c248: Waiting
a1a0a90b0d83: Waiting
5d90a6a97011: Waiting
c5a8daab57c8: Waiting
4f4fb700ef54: Waiting
96b35aff0557: Waiting
1d1815fbc466: Waiting
19f2bf29b86d: Waiting
8c366db3ee18: Waiting
00aa1837d72b: Waiting
b4186ce5dc74: Waiting
e00ef601583a: Waiting
3c4ebd9963c2: Waiting
eeff93e86ae1: Waiting
b7507e0bc400: Waiting
b274cb37003f: Verifying Checksum
b274cb37003f: Download complete
14eaa2593e8a: Verifying Checksum
14eaa2593e8a: Download complete
0c8b7e72bcda: Verifying Checksum
0c8b7e72bcda: Download complete
99c753a880cc: Verifying Checksum
99c753a880cc: Download complete
96b35aff0557: Verifying Checksum
96b35aff0557: Download complete
c5a8daab57c8: Verifying Checksum
c5a8daab57c8: Download complete
7f9ff3b2c248: Verifying Checksum
7f9ff3b2c248: Download complete
19f2bf29b86d: Verifying Checksum
19f2bf29b86d: Download complete
8c366db3ee18: Verifying Checksum
8c366db3ee18: Download complete
b4186ce5dc74: Verifying Checksum
b4186ce5dc74: Download complete
1d1815fbc466: Download complete
eeff93e86ae1: Download complete
b7507e0bc400: Verifying Checksum
b7507e0bc400: Download complete
837aa246bf20: Download complete
3117d6bb4270: Verifying Checksum
3117d6bb4270: Download complete
00aa1837d72b: Verifying Checksum
00aa1837d72b: Download complete
de3571f7668d: Verifying Checksum
de3571f7668d: Download complete
fd9f28d7cd55: Verifying Checksum
fd9f28d7cd55: Download complete
3c4ebd9963c2: Download complete
a1a0a90b0d83: Verifying Checksum
a1a0a90b0d83: Download complete
5d90a6a97011: Verifying Checksum
5d90a6a97011: Download complete
e00ef601583a: Verifying Checksum
e00ef601583a: Download complete
4f4fb700ef54: Verifying Checksum
4f4fb700ef54: Download complete
99c753a880cc: Pull complete
14eaa2593e8a: Pull complete
b274cb37003f: Pull complete
0c8b7e72bcda: Pull complete
7f9ff3b2c248: Pull complete
c5a8daab57c8: Pull complete
96b35aff0557: Pull complete
1d1815fbc466: Pull complete
19f2bf29b86d: Pull complete
8c366db3ee18: Pull complete
b4186ce5dc74: Pull complete
e00ef601583a: Pull complete
eeff93e86ae1: Pull complete
b7507e0bc400: Pull complete
3117d6bb4270: Pull complete
837aa246bf20: Pull complete
de3571f7668d: Pull complete
00aa1837d72b: Pull complete
3c4ebd9963c2: Pull complete
fd9f28d7cd55: Pull complete
a1a0a90b0d83: Pull complete
5d90a6a97011: Pull complete
4f4fb700ef54: Pull complete
Digest: sha256:78fdd833387290d931aad516ba6bb3606d5978e1159d6803b91507f7b7ccf682
Status: Downloaded newer image for ghcr.io/apache/ozone-runner:20260922-1-jdk25
Output:  /rebot-output/output.xml
Log:     /rebot-output/log.html
Report:  /rebot-output/report.html
renamed '/home/runner/work/ozone/ozone/hadoop-ozone/dist/target/ozone-2.3.0-SNAPSHOT/kubernetes/examples/ozone/result/rebot-tpRrHh/log.html' -> '/home/runner/work/ozone/ozone/hadoop-ozone/dist/target/ozone-2.3.0-SNAPSHOT/kubernetes/examples/ozone/result/log.html'
renamed '/home/runner/work/ozone/ozone/hadoop-ozone/dist/target/ozone-2.3.0-SNAPSHOT/kubernetes/examples/ozone/result/rebot-tpRrHh/output.xml' -> '/home/runner/work/ozone/ozone/hadoop-ozone/dist/target/ozone-2.3.0-SNAPSHOT/kubernetes/examples/ozone/result/output.xml'
renamed '/home/runner/work/ozone/ozone/hadoop-ozone/dist/target/ozone-2.3.0-SNAPSHOT/kubernetes/examples/ozone/result/rebot-tpRrHh/report.html' -> '/home/runner/work/ozone/ozone/hadoop-ozone/dist/target/ozone-2.3.0-SNAPSHOT/kubernetes/examples/ozone/result/report.html'

**** Collecting container logs ****

Defaulted container "scm" out of: scm, init (init)

**** Deleting k8s resources ****

configmap "config" deleted from default namespace
service "datanode" deleted from default namespace
service "httpfs" deleted from default namespace
service "om" deleted from default namespace
service "recon" deleted from default namespace
service "s3g" deleted from default namespace
service "scm" deleted from default namespace
statefulset.apps "datanode" deleted from default namespace
statefulset.apps "httpfs" deleted from default namespace
statefulset.apps "om" deleted from default namespace
statefulset.apps "recon" deleted from default namespace
statefulset.apps "s3g" deleted from default namespace
statefulset.apps "scm" deleted from default namespace

**** Regenerating original Kubernetes resource files ****

Log:     /rebot-output/log.html
Report:  /rebot-output/report.html
renamed '/home/runner/work/ozone/ozone/hadoop-ozone/dist/target/ozone-2.3.0-SNAPSHOT/kubernetes/examples/result/rebot-2XiBe7/log.html' -> '/home/runner/work/ozone/ozone/hadoop-ozone/dist/target/ozone-2.3.0-SNAPSHOT/kubernetes/examples/result/log.html'
renamed '/home/runner/work/ozone/ozone/hadoop-ozone/dist/target/ozone-2.3.0-SNAPSHOT/kubernetes/examples/result/rebot-2XiBe7/report.html' -> '/home/runner/work/ozone/ozone/hadoop-ozone/dist/target/ozone-2.3.0-SNAPSHOT/kubernetes/examples/result/report.html'
