scm_1       | 2023-02-27 11:59:56,095 [48c49273-e72d-4256-8823-58871ba8e14e-impl-thread1] INFO server.RaftServerConfigKeys: raft.server.log.purge.upto.snapshot.index = false (default)
rm_1        | 2023-02-27 11:59:46 INFO  Server:1255 - Starting Socket Reader #1 for port 8033
nm_1        | 2023-02-27 11:59:59 INFO  ContextHandler:824 - Started o.e.j.w.WebAppContext@3bfc6a5e{node,/,file:///tmp/jetty-0_0_0_0-8042-_-any-7741185763601906708.dir/webapp/,AVAILABLE}{jar:file:/opt/hadoop/share/hadoop/yarn/hadoop-yarn-common-3.2.2.jar!/webapps/node}
nm_1        | 2023-02-27 11:59:59 INFO  AbstractConnector:293 - Started ServerConnector@61884cb1{HTTP/1.1,[http/1.1]}{0.0.0.0:8042}
scm_1       | 2023-02-27 11:59:56,142 [main] INFO server.RaftServer: 48c49273-e72d-4256-8823-58871ba8e14e: start RPC server
rm_1        | 2023-02-27 11:59:48 INFO  RpcServerFactoryPBImpl:173 - Adding protocol org.apache.hadoop.yarn.server.api.ResourceManagerAdministrationProtocolPB to the server
nm_1        | 2023-02-27 11:59:59 INFO  Server:399 - Started @23445ms
nm_1        | 2023-02-27 11:59:59 INFO  WebApps:450 - Web app node started at 8042
nm_1        | 2023-02-27 11:59:59 INFO  NodeStatusUpdaterImpl:265 - Node ID assigned is : nm:45559
datanode_3  | 2023-02-27 12:00:24,191 [pool-22-thread-1] INFO server.RaftServerConfigKeys: raft.server.log.segment.size.max = 1048576 (custom)
rm_1        | 2023-02-27 11:59:48 INFO  ResourceManager:1313 - Transitioning to active state
rm_1        | 2023-02-27 11:59:48 INFO  Server:1497 - IPC Server Responder: starting
om_1        | 2023-02-27 12:00:44,682 [om1-impl-thread1] INFO server.RaftServerConfigKeys: raft.server.log.unsafe-flush.enabled = false (default)
scm_1       | 2023-02-27 11:59:56,940 [main] INFO server.GrpcService: 48c49273-e72d-4256-8823-58871ba8e14e: GrpcService started, listening on 9894
datanode_3  | 2023-02-27 12:00:24,191 [pool-22-thread-1] INFO server.RaftServerConfigKeys: raft.server.log.preallocated.size = 16384 (custom)
rm_1        | 2023-02-27 11:59:48 INFO  Server:1334 - IPC Server listener on 8033: starting
nm_1        | 2023-02-27 11:59:59 INFO  RMProxy:134 - Connecting to ResourceManager at rm/172.20.0.3:8031
om_1        | 2023-02-27 12:00:44,683 [om1-impl-thread1] INFO server.RaftServerConfigKeys: raft.server.log.async-flush.enabled = false (default)
scm_1       | 2023-02-27 11:59:56,996 [JvmPauseMonitor0] INFO util.JvmPauseMonitor: JvmPauseMonitor-48c49273-e72d-4256-8823-58871ba8e14e: Started
datanode_3  | 2023-02-27 12:00:24,191 [pool-22-thread-1] INFO server.RaftServerConfigKeys: raft.server.log.force.sync.num = 128 (default)
rm_1        | 2023-02-27 11:59:48 INFO  RMStateStore:551 - Updating AMRMToken
rm_1        | 2023-02-27 11:59:48 INFO  RMContainerTokenSecretManager:109 - Rolling master-key for container-tokens
om_1        | 2023-02-27 12:00:44,684 [om1-impl-thread1] INFO server.RaftServerConfigKeys: raft.server.log.statemachine.data.caching.enabled = false (default)
scm_1       | 2023-02-27 12:00:01,160 [48c49273-e72d-4256-8823-58871ba8e14e@group-226B8735DA33-FollowerState] INFO impl.FollowerState: 48c49273-e72d-4256-8823-58871ba8e14e@group-226B8735DA33-FollowerState: change to CANDIDATE, lastRpcElapsedTime:5172940168ns, electionTimeout:5094ms
datanode_3  | 2023-02-27 12:00:24,191 [pool-22-thread-1] INFO server.RaftServerConfigKeys: raft.server.log.statemachine.data.sync = true (default)
rm_1        | 2023-02-27 11:59:48 INFO  NMTokenSecretManagerInRM:95 - Rolling master-key for nm-tokens
nm_1        | 2023-02-27 11:59:59 INFO  JvmPauseMonitor:188 - Starting JVM pause monitor
om_1        | 2023-02-27 12:00:44,693 [om1-impl-thread1] INFO segmented.SegmentedRaftLogWorker: om1@group-C5BA1605619E-SegmentedRaftLogWorker: flushIndex: setUnconditionally 0 -> -1
scm_1       | 2023-02-27 12:00:01,177 [48c49273-e72d-4256-8823-58871ba8e14e@group-226B8735DA33-FollowerState] INFO impl.RoleInfo: 48c49273-e72d-4256-8823-58871ba8e14e: shutdown 48c49273-e72d-4256-8823-58871ba8e14e@group-226B8735DA33-FollowerState
datanode_3  | 2023-02-27 12:00:24,198 [pool-22-thread-1] INFO server.RaftServerConfigKeys: raft.server.log.statemachine.data.sync.timeout = 10s (default)
rm_1        | 2023-02-27 11:59:48 INFO  AbstractDelegationTokenSecretManager:347 - Updating the current master key for generating delegation tokens
nm_1        | 2023-02-27 12:00:00 INFO  NodeStatusUpdaterImpl:400 - Registering with RM using containers :[]
om_1        | 2023-02-27 12:00:44,693 [om1-impl-thread1] INFO segmented.SegmentedRaftLogWorker: om1@group-C5BA1605619E-SegmentedRaftLogWorker: safeCacheEvictIndex: setUnconditionally 0 -> -1
scm_1       | 2023-02-27 12:00:01,179 [48c49273-e72d-4256-8823-58871ba8e14e@group-226B8735DA33-FollowerState] INFO server.RaftServer$Division: 48c49273-e72d-4256-8823-58871ba8e14e@group-226B8735DA33: changes role from  FOLLOWER to CANDIDATE at term 0 for changeToCandidate
datanode_3  | 2023-02-27 12:00:24,198 [pool-22-thread-1] INFO server.RaftServerConfigKeys: raft.server.log.statemachine.data.sync.timeout.retry = -1 (default)
rm_1        | 2023-02-27 11:59:48 INFO  RMDelegationTokenSecretManager:92 - storing master key with keyID 1
nm_1        | 2023-02-27 12:00:01 INFO  NMContainerTokenSecretManager:143 - Rolling master-key for container-tokens, got key with id 826474860
nm_1        | 2023-02-27 12:00:01 INFO  NMTokenSecretManagerInNM:143 - Rolling master-key for container-tokens, got key with id -730791764
scm_1       | 2023-02-27 12:00:01,216 [48c49273-e72d-4256-8823-58871ba8e14e@group-226B8735DA33-FollowerState] INFO server.RaftServerConfigKeys: raft.server.leaderelection.pre-vote = true (default)
datanode_3  | 2023-02-27 12:00:24,199 [pool-22-thread-1] INFO server.RaftServerConfigKeys: raft.server.log.write.buffer.size = 1048576 (custom)
rm_1        | 2023-02-27 11:59:48 INFO  RMStateStore:502 - Storing RMDTMasterKey.
nm_1        | 2023-02-27 12:00:01 INFO  NodeStatusUpdaterImpl:484 - Registered with ResourceManager as nm:45559 with total resource of <memory:8192, vCores:8>
om_1        | 2023-02-27 12:00:44,695 [om1-impl-thread1] INFO server.RaftServer$Division: om1@group-C5BA1605619E: start as a follower, conf=-1: peers:[om1|rpc:om:9872|priority:0|startupRole:FOLLOWER]|listeners:[], old=null
om_1        | 2023-02-27 12:00:44,699 [om1-impl-thread1] INFO server.RaftServer$Division: om1@group-C5BA1605619E: changes role from      null to FOLLOWER at term 0 for startAsFollower
datanode_3  | 2023-02-27 12:00:24,208 [pool-22-thread-1] INFO server.RaftServerConfigKeys: raft.server.log.appender.buffer.byte-limit = 33554432 (custom)
rm_1        | 2023-02-27 11:59:48 INFO  AbstractDelegationTokenSecretManager:679 - Starting expired delegation token remover thread, tokenRemoverScanInterval=60 min(s)
nm_1        | 2023-02-27 12:02:34 INFO  Server:2051 - Auth successful for appattempt_1677499188536_0001_000001 (auth:SIMPLE) from 172.20.0.3:40298
om_1        | 2023-02-27 12:00:44,702 [om1-impl-thread1] INFO impl.RoleInfo: om1: start om1@group-C5BA1605619E-FollowerState
scm_1       | 2023-02-27 12:00:01,217 [48c49273-e72d-4256-8823-58871ba8e14e@group-226B8735DA33-FollowerState] INFO impl.RoleInfo: 48c49273-e72d-4256-8823-58871ba8e14e: start 48c49273-e72d-4256-8823-58871ba8e14e@group-226B8735DA33-LeaderElection1
datanode_3  | 2023-02-27 12:00:24,908 [JvmPauseMonitor0] WARN util.JvmPauseMonitor: JvmPauseMonitor-6ed14347-cdfe-4d28-8d68-3fe77e2211e8: Detected pause in JVM or host machine (eg GC): pause of approximately 277147047ns.
rm_1        | 2023-02-27 11:59:48 INFO  AbstractDelegationTokenSecretManager:347 - Updating the current master key for generating delegation tokens
nm_1        | 2023-02-27 12:02:35 INFO  ContainerManagerImpl:1087 - Start request for container_1677499188536_0001_01_000001 by user hadoop
scm_1       | 2023-02-27 12:00:01,240 [48c49273-e72d-4256-8823-58871ba8e14e@group-226B8735DA33-LeaderElection1] INFO impl.LeaderElection: 48c49273-e72d-4256-8823-58871ba8e14e@group-226B8735DA33-LeaderElection1 PRE_VOTE round 0: submit vote requests at term 0 for -1: peers:[48c49273-e72d-4256-8823-58871ba8e14e|rpc:scm:9894|priority:0|startupRole:FOLLOWER]|listeners:[], old=null
datanode_3  | GC pool 'ParNew' had collection(s): count=1 time=109ms
rm_1        | 2023-02-27 11:59:48 INFO  AsyncDispatcher:245 - Registering class org.apache.hadoop.yarn.nodelabels.event.NodeLabelsStoreEventType for class org.apache.hadoop.yarn.nodelabels.CommonNodeLabelsManager$ForwardingEventHandler
nm_1        | 2023-02-27 12:02:35 INFO  ContainerManagerImpl:1139 - Creating a new application reference for app application_1677499188536_0001
om_1        | 2023-02-27 12:00:44,708 [om1-impl-thread1] INFO util.JmxRegister: Successfully registered JMX Bean with object name Ratis:service=RaftServer,group=group-C5BA1605619E,id=om1
om_1        | 2023-02-27 12:00:44,710 [om1-impl-thread1] INFO server.RaftServerConfigKeys: raft.server.snapshot.auto.trigger.enabled = true (custom)
datanode_3  | GC pool 'ConcurrentMarkSweep' had collection(s): count=1 time=589ms
scm_1       | 2023-02-27 12:00:01,245 [48c49273-e72d-4256-8823-58871ba8e14e@group-226B8735DA33-LeaderElection1] INFO impl.LeaderElection: 48c49273-e72d-4256-8823-58871ba8e14e@group-226B8735DA33-LeaderElection1 PRE_VOTE round 0: result PASSED (term=0)
om_1        | 2023-02-27 12:00:44,711 [om1-impl-thread1] INFO server.RaftServerConfigKeys: raft.server.snapshot.auto.trigger.threshold = 400000 (default)
rm_1        | 2023-02-27 11:59:48 INFO  RMDelegationTokenSecretManager:92 - storing master key with keyID 2
nm_1        | 2023-02-27 12:02:35 INFO  ApplicationImpl:655 - Application application_1677499188536_0001 transitioned from NEW to INITING
datanode_3  | 2023-02-27 12:00:24,952 [pool-22-thread-1] INFO server.RaftServerConfigKeys: raft.server.log.unsafe-flush.enabled = false (default)
scm_1       | 2023-02-27 12:00:01,261 [48c49273-e72d-4256-8823-58871ba8e14e@group-226B8735DA33-LeaderElection1] INFO impl.LeaderElection: 48c49273-e72d-4256-8823-58871ba8e14e@group-226B8735DA33-LeaderElection1 ELECTION round 0: submit vote requests at term 1 for -1: peers:[48c49273-e72d-4256-8823-58871ba8e14e|rpc:scm:9894|priority:0|startupRole:FOLLOWER]|listeners:[], old=null
om_1        | 2023-02-27 12:00:44,711 [om1-impl-thread1] INFO server.RaftServerConfigKeys: raft.server.snapshot.retention.file.num = -1 (default)
rm_1        | 2023-02-27 11:59:48 INFO  RMStateStore:502 - Storing RMDTMasterKey.
nm_1        | 2023-02-27 12:02:35 INFO  ApplicationImpl:463 - Adding container_1677499188536_0001_01_000001 to application application_1677499188536_0001
om_1        | 2023-02-27 12:00:44,712 [om1-impl-thread1] INFO server.RaftServerConfigKeys: raft.server.log.purge.upto.snapshot.index = true (custom)
scm_1       | 2023-02-27 12:00:01,262 [48c49273-e72d-4256-8823-58871ba8e14e@group-226B8735DA33-LeaderElection1] INFO impl.LeaderElection: 48c49273-e72d-4256-8823-58871ba8e14e@group-226B8735DA33-LeaderElection1 ELECTION round 0: result PASSED (term=1)
rm_1        | 2023-02-27 11:59:49 INFO  AbstractFSNodeStore:67 - Created store directory :file:/tmp/hadoop-yarn-hadoop/node-attribute
nm_1        | 2023-02-27 12:02:35 INFO  NMAuditLogger:94 - USER=hadoop	IP=172.20.0.3	OPERATION=Start Container Request	TARGET=ContainerManageImpl	RESULT=SUCCESS	APPID=application_1677499188536_0001	CONTAINERID=container_1677499188536_0001_01_000001
datanode_3  | 2023-02-27 12:00:24,955 [pool-22-thread-1] INFO server.RaftServerConfigKeys: raft.server.log.async-flush.enabled = false (default)
om_1        | 2023-02-27 12:00:44,716 [om1@group-C5BA1605619E-FollowerState] INFO server.RaftServerConfigKeys: raft.server.rpc.first-election.timeout.min = 5s (fallback to raft.server.rpc.timeout.min)
scm_1       | 2023-02-27 12:00:01,271 [48c49273-e72d-4256-8823-58871ba8e14e@group-226B8735DA33-LeaderElection1] INFO impl.RoleInfo: 48c49273-e72d-4256-8823-58871ba8e14e: shutdown 48c49273-e72d-4256-8823-58871ba8e14e@group-226B8735DA33-LeaderElection1
rm_1        | 2023-02-27 11:59:49 INFO  AbstractFSNodeStore:181 - Finished write mirror at:file:/tmp/hadoop-yarn-hadoop/node-attribute/nodeattribute.mirror
nm_1        | 2023-02-27 12:02:35 INFO  ApplicationImpl:655 - Application application_1677499188536_0001 transitioned from INITING to RUNNING
datanode_3  | 2023-02-27 12:00:24,955 [pool-22-thread-1] INFO server.RaftServerConfigKeys: raft.server.log.statemachine.data.caching.enabled = true (custom)
om_1        | 2023-02-27 12:00:44,724 [om1@group-C5BA1605619E-FollowerState] INFO server.RaftServerConfigKeys: raft.server.rpc.first-election.timeout.max = 5200ms (fallback to raft.server.rpc.timeout.max)
scm_1       | 2023-02-27 12:00:01,272 [48c49273-e72d-4256-8823-58871ba8e14e@group-226B8735DA33-LeaderElection1] INFO server.RaftServer$Division: 48c49273-e72d-4256-8823-58871ba8e14e@group-226B8735DA33: changes role from CANDIDATE to LEADER at term 1 for changeToLeader
rm_1        | 2023-02-27 11:59:49 INFO  AbstractFSNodeStore:182 - Finished create editlog file at:file:/tmp/hadoop-yarn-hadoop/node-attribute/nodeattribute.editlog
nm_1        | 2023-02-27 12:02:35 INFO  ContainerImpl:2175 - Container container_1677499188536_0001_01_000001 transitioned from NEW to LOCALIZING
datanode_3  | 2023-02-27 12:00:24,957 [pool-22-thread-1] INFO segmented.SegmentedRaftLogWorker: 6ed14347-cdfe-4d28-8d68-3fe77e2211e8@group-9226256B5D1C-SegmentedRaftLogWorker: flushIndex: setUnconditionally 0 -> -1
om_1        | 2023-02-27 12:00:44,730 [Listener at om/9862] INFO server.RaftServer: om1: start RPC server
scm_1       | 2023-02-27 12:00:01,273 [48c49273-e72d-4256-8823-58871ba8e14e@group-226B8735DA33-LeaderElection1] INFO server.RaftServer$Division: 48c49273-e72d-4256-8823-58871ba8e14e@group-226B8735DA33: change Leader from null to 48c49273-e72d-4256-8823-58871ba8e14e at term 1 for becomeLeader, leader elected after 9522ms
rm_1        | 2023-02-27 11:59:49 INFO  AsyncDispatcher:245 - Registering class org.apache.hadoop.yarn.server.resourcemanager.nodelabels.NodeAttributesStoreEventType for class org.apache.hadoop.yarn.server.resourcemanager.nodelabels.NodeAttributesManagerImpl$ForwardingEventHandler
nm_1        | 2023-02-27 12:02:35 INFO  AuxServices:350 - Got event CONTAINER_INIT for appId application_1677499188536_0001
datanode_3  | 2023-02-27 12:00:24,960 [pool-22-thread-1] INFO segmented.SegmentedRaftLogWorker: 6ed14347-cdfe-4d28-8d68-3fe77e2211e8@group-9226256B5D1C-SegmentedRaftLogWorker: safeCacheEvictIndex: setUnconditionally 0 -> -1
om_1        | 2023-02-27 12:00:44,871 [Listener at om/9862] INFO server.GrpcService: om1: GrpcService started, listening on 9872
om_1        | 2023-02-27 12:00:44,884 [Listener at om/9862] INFO om.OzoneManager: Version File has different layout version (3) than OM DB (null). That is expected if this OM has never been finalized to a newer layout version.
scm_1       | 2023-02-27 12:00:01,291 [48c49273-e72d-4256-8823-58871ba8e14e@group-226B8735DA33-LeaderElection1] INFO server.RaftServerConfigKeys: raft.server.staging.catchup.gap = 1000 (default)
nm_1        | 2023-02-27 12:02:35 INFO  ResourceLocalizationService:798 - Created localizer for container_1677499188536_0001_01_000001
datanode_3  | 2023-02-27 12:00:24,961 [pool-22-thread-1] INFO server.RaftServer$Division: 6ed14347-cdfe-4d28-8d68-3fe77e2211e8@group-9226256B5D1C: start as a follower, conf=-1: peers:[6ed14347-cdfe-4d28-8d68-3fe77e2211e8|rpc:172.20.0.7:9856|admin:172.20.0.7:9857|client:172.20.0.7:9858|dataStream:172.20.0.7:9858|priority:0|startupRole:FOLLOWER, b9966605-4ab6-4dce-aad8-e52714a2e061|rpc:172.20.0.4:9856|admin:172.20.0.4:9857|client:172.20.0.4:9858|dataStream:172.20.0.4:9858|priority:0|startupRole:FOLLOWER, 31ebf80a-1171-493a-bb36-ca0ed5a2ede2|rpc:172.20.0.6:9856|admin:172.20.0.6:9857|client:172.20.0.6:9858|dataStream:172.20.0.6:9858|priority:1|startupRole:FOLLOWER]|listeners:[], old=null
om_1        | 2023-02-27 12:00:44,886 [JvmPauseMonitor0] INFO util.JvmPauseMonitor: JvmPauseMonitor-om1: Started
rm_1        | 2023-02-27 11:59:49 INFO  MultiNodeSortingManager:66 - Starting NodeSortingService=MultiNodeSortingManager
scm_1       | 2023-02-27 12:00:01,301 [48c49273-e72d-4256-8823-58871ba8e14e@group-226B8735DA33-LeaderElection1] INFO server.RaftServerConfigKeys: raft.server.write.element-limit = 4096 (default)
nm_1        | 2023-02-27 12:02:35 INFO  ResourceLocalizationService:1330 - Writing credentials to the nmPrivate file /tmp/hadoop-hadoop/nm-local-dir/nmPrivate/container_1677499188536_0001_01_00000118692c0d06a.tokens
datanode_3  | 2023-02-27 12:00:24,964 [pool-22-thread-1] INFO server.RaftServer$Division: 6ed14347-cdfe-4d28-8d68-3fe77e2211e8@group-9226256B5D1C: changes role from      null to FOLLOWER at term 0 for startAsFollower
datanode_3  | 2023-02-27 12:00:24,965 [pool-22-thread-1] INFO impl.RoleInfo: 6ed14347-cdfe-4d28-8d68-3fe77e2211e8: start 6ed14347-cdfe-4d28-8d68-3fe77e2211e8@group-9226256B5D1C-FollowerState
rm_1        | 2023-02-27 11:59:49 INFO  CallQueueManager:85 - Using callQueue: class java.util.concurrent.LinkedBlockingQueue, queueCapacity: 5000, scheduler: class org.apache.hadoop.ipc.DefaultRpcScheduler, ipcBackoff: false.
scm_1       | 2023-02-27 12:00:01,302 [48c49273-e72d-4256-8823-58871ba8e14e@group-226B8735DA33-LeaderElection1] INFO server.RaftServerConfigKeys: raft.server.write.byte-limit = 64MB (=67108864) (default)
nm_1        | 2023-02-27 12:02:35 INFO  DefaultContainerExecutor:836 - Initializing user hadoop
datanode_3  | 2023-02-27 12:00:24,966 [pool-22-thread-1] INFO util.JmxRegister: Successfully registered JMX Bean with object name Ratis:service=RaftServer,group=group-9226256B5D1C,id=6ed14347-cdfe-4d28-8d68-3fe77e2211e8
om_1        | 2023-02-27 12:00:45,000 [Listener at om/9862] INFO http.BaseHttpServer: Starting Web-server for ozoneManager at: http://0.0.0.0:9874
rm_1        | 2023-02-27 11:59:49 INFO  Server:1255 - Starting Socket Reader #1 for port 8031
scm_1       | 2023-02-27 12:00:01,353 [48c49273-e72d-4256-8823-58871ba8e14e@group-226B8735DA33-LeaderElection1] INFO server.RaftServerConfigKeys: raft.server.watch.timeout = 10s (default)
nm_1        | 2023-02-27 12:02:35 INFO  DefaultContainerExecutor:165 - Copying from /tmp/hadoop-hadoop/nm-local-dir/nmPrivate/container_1677499188536_0001_01_00000118692c0d06a.tokens to /tmp/hadoop-hadoop/nm-local-dir/usercache/hadoop/appcache/application_1677499188536_0001/container_1677499188536_0001_01_000001.tokens
datanode_3  | 2023-02-27 12:00:24,973 [pool-22-thread-1] INFO server.RaftServerConfigKeys: raft.server.snapshot.auto.trigger.enabled = true (custom)
om_1        | 2023-02-27 12:00:45,000 [Listener at om/9862] INFO http.BaseHttpServer: Hadoop Security Enabled: false Ozone Security Enabled: false Ozone HTTP Security Enabled: false 
rm_1        | 2023-02-27 11:59:49 INFO  RpcServerFactoryPBImpl:173 - Adding protocol org.apache.hadoop.yarn.server.api.ResourceTrackerPB to the server
scm_1       | 2023-02-27 12:00:01,353 [48c49273-e72d-4256-8823-58871ba8e14e@group-226B8735DA33-LeaderElection1] INFO server.RaftServerConfigKeys: raft.server.watch.timeout.denomination = 1s (default)
nm_1        | 2023-02-27 12:02:35 INFO  DefaultContainerExecutor:173 - Localizer CWD set to /tmp/hadoop-hadoop/nm-local-dir/usercache/hadoop/appcache/application_1677499188536_0001 = file:/tmp/hadoop-hadoop/nm-local-dir/usercache/hadoop/appcache/application_1677499188536_0001
datanode_3  | 2023-02-27 12:00:24,973 [pool-22-thread-1] INFO server.RaftServerConfigKeys: raft.server.snapshot.auto.trigger.threshold = 10000 (custom)
om_1        | 2023-02-27 12:00:45,149 [Listener at om/9862] INFO util.log: Logging initialized @24786ms to org.eclipse.jetty.util.log.Slf4jLog
scm_1       | 2023-02-27 12:00:01,388 [48c49273-e72d-4256-8823-58871ba8e14e@group-226B8735DA33-LeaderElection1] INFO server.RaftServerConfigKeys: raft.server.watch.element-limit = 65536 (default)
nm_1        | 2023-02-27 12:02:36 WARN  MetricsSystemImpl:151 - NodeManager metrics system already initialized!
datanode_3  | 2023-02-27 12:00:24,973 [pool-22-thread-1] INFO server.RaftServerConfigKeys: raft.server.snapshot.retention.file.num = 5 (custom)
om_1        | 2023-02-27 12:00:45,430 [Listener at om/9862] WARN server.AuthenticationFilter: Unable to initialize FileSignerSecretProvider, falling back to use random secrets. Reason: Could not read signature secret file: /opt/hadoop/hadoop-http-auth-signature-secret
rm_1        | 2023-02-27 11:59:49 INFO  Server:1497 - IPC Server Responder: starting
scm_1       | 2023-02-27 12:00:01,429 [48c49273-e72d-4256-8823-58871ba8e14e@group-226B8735DA33-LeaderElection1] INFO server.RaftServerConfigKeys: raft.server.write.element-limit = 4096 (default)
nm_1        | 2023-02-27 12:02:39 INFO  ContainerImpl:2175 - Container container_1677499188536_0001_01_000001 transitioned from LOCALIZING to SCHEDULED
datanode_3  | 2023-02-27 12:00:24,978 [pool-22-thread-1] INFO server.RaftServerConfigKeys: raft.server.log.purge.upto.snapshot.index = false (default)
om_1        | 2023-02-27 12:00:45,444 [Listener at om/9862] INFO http.HttpRequestLog: Http request log for http.requests.ozoneManager is not defined
rm_1        | 2023-02-27 11:59:49 INFO  Server:1334 - IPC Server listener on 8031: starting
scm_1       | 2023-02-27 12:00:01,446 [48c49273-e72d-4256-8823-58871ba8e14e@group-226B8735DA33-LeaderElection1] INFO server.RaftServerConfigKeys: raft.server.write.follower.gap.ratio.max = -1.0 (default)
nm_1        | 2023-02-27 12:02:39 INFO  ContainerScheduler:542 - Starting container [container_1677499188536_0001_01_000001]
datanode_3  | 2023-02-27 12:00:24,974 [6ed14347-cdfe-4d28-8d68-3fe77e2211e8@group-9226256B5D1C-FollowerState] INFO server.RaftServerConfigKeys: raft.server.rpc.first-election.timeout.min = 5s (fallback to raft.server.rpc.timeout.min)
om_1        | 2023-02-27 12:00:45,474 [Listener at om/9862] INFO http.HttpServer2: Added global filter 'safety' (class=org.apache.hadoop.hdds.server.http.HttpServer2$QuotingInputFilter)
rm_1        | 2023-02-27 11:59:50 INFO  JvmPauseMonitor:188 - Starting JVM pause monitor
scm_1       | 2023-02-27 12:00:01,477 [48c49273-e72d-4256-8823-58871ba8e14e@group-226B8735DA33-LeaderElection1] INFO impl.RoleInfo: 48c49273-e72d-4256-8823-58871ba8e14e: start 48c49273-e72d-4256-8823-58871ba8e14e@group-226B8735DA33-LeaderStateImpl
nm_1        | 2023-02-27 12:02:39 INFO  ContainerImpl:2175 - Container container_1677499188536_0001_01_000001 transitioned from SCHEDULED to RUNNING
datanode_3  | 2023-02-27 12:00:24,980 [6ed14347-cdfe-4d28-8d68-3fe77e2211e8@group-9226256B5D1C-FollowerState] INFO server.RaftServerConfigKeys: raft.server.rpc.first-election.timeout.max = 5200ms (fallback to raft.server.rpc.timeout.max)
om_1        | 2023-02-27 12:00:45,479 [Listener at om/9862] INFO http.HttpServer2: Added filter static_user_filter (class=org.apache.hadoop.http.lib.StaticUserWebFilter$StaticUserFilter) to context ozoneManager
rm_1        | 2023-02-27 11:59:50 INFO  CallQueueManager:85 - Using callQueue: class java.util.concurrent.LinkedBlockingQueue, queueCapacity: 5000, scheduler: class org.apache.hadoop.ipc.DefaultRpcScheduler, ipcBackoff: false.
rm_1        | 2023-02-27 11:59:50 INFO  Server:1255 - Starting Socket Reader #1 for port 8030
nm_1        | 2023-02-27 12:02:39 INFO  ContainersMonitorImpl:1121 - Starting resource-monitoring for container_1677499188536_0001_01_000001
datanode_3  | 2023-02-27 12:00:24,981 [Command processor thread] INFO ratis.XceiverServerRatis: Created group PipelineID=2b0a8999-8a41-492c-b72b-9226256b5d1c
om_1        | 2023-02-27 12:00:45,480 [Listener at om/9862] INFO http.HttpServer2: Added filter static_user_filter (class=org.apache.hadoop.http.lib.StaticUserWebFilter$StaticUserFilter) to context static
rm_1        | 2023-02-27 11:59:50 INFO  RpcServerFactoryPBImpl:173 - Adding protocol org.apache.hadoop.yarn.api.ApplicationMasterProtocolPB to the server
scm_1       | 2023-02-27 12:00:01,828 [48c49273-e72d-4256-8823-58871ba8e14e@group-226B8735DA33-LeaderElection1] INFO segmented.SegmentedRaftLogWorker: 48c49273-e72d-4256-8823-58871ba8e14e@group-226B8735DA33-SegmentedRaftLogWorker: Starting segment from index:0
nm_1        | 2023-02-27 12:02:39 INFO  DefaultContainerExecutor:370 - launchContainer: [bash, /tmp/hadoop-hadoop/nm-local-dir/usercache/hadoop/appcache/application_1677499188536_0001/container_1677499188536_0001_01_000001/default_container_executor.sh]
datanode_3  | 2023-02-27 12:00:28,262 [Command processor thread] INFO commandhandler.CreatePipelineCommandHandler: Created Pipeline RATIS THREE PipelineID=2b0a8999-8a41-492c-b72b-9226256b5d1c.
om_1        | 2023-02-27 12:00:45,481 [Listener at om/9862] INFO http.HttpServer2: Added filter static_user_filter (class=org.apache.hadoop.http.lib.StaticUserWebFilter$StaticUserFilter) to context logs
rm_1        | 2023-02-27 11:59:50 INFO  Server:1497 - IPC Server Responder: starting
scm_1       | 2023-02-27 12:00:02,015 [48c49273-e72d-4256-8823-58871ba8e14e@group-226B8735DA33-LeaderElection1] INFO server.RaftServer$Division: 48c49273-e72d-4256-8823-58871ba8e14e@group-226B8735DA33: set configuration 0: peers:[48c49273-e72d-4256-8823-58871ba8e14e|rpc:scm:9894|admin:|client:|dataStream:|priority:0|startupRole:FOLLOWER]|listeners:[], old=null
nm_1        | 2023-02-27 12:02:39 INFO  ContainersMonitorImpl:650 - container_1677499188536_0001_01_000001's ip = 172.20.0.9, and hostname = nm
datanode_3  | 2023-02-27 12:00:28,262 [Command processor thread] INFO server.RaftServer: 6ed14347-cdfe-4d28-8d68-3fe77e2211e8: addNew group-B58C9C226EAF:[6ed14347-cdfe-4d28-8d68-3fe77e2211e8|rpc:172.20.0.7:9856|admin:172.20.0.7:9857|client:172.20.0.7:9858|dataStream:172.20.0.7:9858|priority:0|startupRole:FOLLOWER, b9966605-4ab6-4dce-aad8-e52714a2e061|rpc:172.20.0.4:9856|admin:172.20.0.4:9857|client:172.20.0.4:9858|dataStream:172.20.0.4:9858|priority:1|startupRole:FOLLOWER, 31ebf80a-1171-493a-bb36-ca0ed5a2ede2|rpc:172.20.0.6:9856|admin:172.20.0.6:9857|client:172.20.0.6:9858|dataStream:172.20.0.6:9858|priority:0|startupRole:FOLLOWER] returns group-B58C9C226EAF:java.util.concurrent.CompletableFuture@160b8f50[Not completed]
om_1        | 2023-02-27 12:00:45,573 [Listener at om/9862] INFO http.HttpServer2: Jetty bound to port 9874
rm_1        | 2023-02-27 11:59:50 INFO  Server:1334 - IPC Server listener on 8030: starting
scm_1       | 2023-02-27 12:00:02,126 [48c49273-e72d-4256-8823-58871ba8e14e@group-226B8735DA33-SegmentedRaftLogWorker] INFO segmented.SegmentedRaftLogWorker: 48c49273-e72d-4256-8823-58871ba8e14e@group-226B8735DA33-SegmentedRaftLogWorker: created new log segment /data/metadata/scm-ha/617df0af-633e-4399-afc3-226b8735da33/current/log_inprogress_0
scm_1       | 2023-02-27 12:00:03,016 [main] INFO server.RaftServer: 48c49273-e72d-4256-8823-58871ba8e14e: close
datanode_3  | 2023-02-27 12:00:28,316 [pool-22-thread-1] INFO server.RaftServer$Division: 6ed14347-cdfe-4d28-8d68-3fe77e2211e8: new RaftServerImpl for group-B58C9C226EAF:[6ed14347-cdfe-4d28-8d68-3fe77e2211e8|rpc:172.20.0.7:9856|admin:172.20.0.7:9857|client:172.20.0.7:9858|dataStream:172.20.0.7:9858|priority:0|startupRole:FOLLOWER, b9966605-4ab6-4dce-aad8-e52714a2e061|rpc:172.20.0.4:9856|admin:172.20.0.4:9857|client:172.20.0.4:9858|dataStream:172.20.0.4:9858|priority:1|startupRole:FOLLOWER, 31ebf80a-1171-493a-bb36-ca0ed5a2ede2|rpc:172.20.0.6:9856|admin:172.20.0.6:9857|client:172.20.0.6:9858|dataStream:172.20.0.6:9858|priority:0|startupRole:FOLLOWER] with ContainerStateMachine:uninitialized
om_1        | 2023-02-27 12:00:45,575 [Listener at om/9862] INFO server.Server: jetty-9.4.49.v20220914; built: 2022-09-14T01:07:36.601Z; git: 4231a3b2e4cb8548a412a789936d640a97b1aa0a; jvm 11.0.14.1+1-LTS
rm_1        | 2023-02-27 11:59:50 INFO  CallQueueManager:85 - Using callQueue: class java.util.concurrent.LinkedBlockingQueue, queueCapacity: 5000, scheduler: class org.apache.hadoop.ipc.DefaultRpcScheduler, ipcBackoff: false.
scm_1       | 2023-02-27 12:00:03,017 [main] INFO server.GrpcService: 48c49273-e72d-4256-8823-58871ba8e14e: shutdown server GrpcServerProtocolService now
nm_1        | 2023-02-27 12:02:40 INFO  ContainersMonitorImpl:551 - Skipping monitoring container container_1677499188536_0001_01_000001 since CPU usage is not yet available.
datanode_3  | 2023-02-27 12:00:28,330 [pool-22-thread-1] INFO server.RaftServerConfigKeys: raft.server.rpc.timeout.min = 5s (custom)
om_1        | 2023-02-27 12:00:45,674 [Listener at om/9862] INFO server.session: DefaultSessionIdManager workerName=node0
rm_1        | 2023-02-27 11:59:50 INFO  Server:1255 - Starting Socket Reader #1 for port 8032
scm_1       | 2023-02-27 12:00:03,018 [48c49273-e72d-4256-8823-58871ba8e14e-impl-thread1] INFO server.RaftServer$Division: 48c49273-e72d-4256-8823-58871ba8e14e@group-226B8735DA33: shutdown
nm_1        | 2023-02-27 12:02:51 INFO  Server:2051 - Auth successful for appattempt_1677499188536_0001_000001 (auth:SIMPLE) from 172.20.0.9:38178
datanode_3  | 2023-02-27 12:00:28,331 [pool-22-thread-1] INFO server.RaftServerConfigKeys: raft.server.rpc.timeout.max = 5200ms (custom)
om_1        | 2023-02-27 12:00:45,674 [Listener at om/9862] INFO server.session: No SessionScavenger set, using defaults
rm_1        | 2023-02-27 11:59:50 INFO  RpcServerFactoryPBImpl:173 - Adding protocol org.apache.hadoop.yarn.api.ApplicationClientProtocolPB to the server
scm_1       | 2023-02-27 12:00:03,019 [48c49273-e72d-4256-8823-58871ba8e14e-impl-thread1] INFO util.JmxRegister: Successfully un-registered JMX Bean with object name Ratis:service=RaftServer,group=group-226B8735DA33,id=48c49273-e72d-4256-8823-58871ba8e14e
nm_1        | 2023-02-27 12:02:51 INFO  ContainerManagerImpl:1087 - Start request for container_1677499188536_0001_01_000002 by user hadoop
datanode_3  | 2023-02-27 12:00:28,331 [pool-22-thread-1] INFO server.RaftServerConfigKeys: raft.server.rpc.sleep.time = 25ms (default)
om_1        | 2023-02-27 12:00:45,686 [Listener at om/9862] INFO server.session: node0 Scavenging every 600000ms
rm_1        | 2023-02-27 11:59:50 INFO  Server:1497 - IPC Server Responder: starting
scm_1       | 2023-02-27 12:00:03,019 [48c49273-e72d-4256-8823-58871ba8e14e-impl-thread1] INFO impl.RoleInfo: 48c49273-e72d-4256-8823-58871ba8e14e: shutdown 48c49273-e72d-4256-8823-58871ba8e14e@group-226B8735DA33-LeaderStateImpl
nm_1        | 2023-02-27 12:02:51 INFO  ApplicationImpl:463 - Adding container_1677499188536_0001_01_000002 to application application_1677499188536_0001
datanode_3  | 2023-02-27 12:00:28,331 [pool-22-thread-1] INFO server.RaftServerConfigKeys: raft.server.rpc.slowness.timeout = 300s (custom)
om_1        | 2023-02-27 12:00:45,751 [Listener at om/9862] INFO handler.ContextHandler: Started o.e.j.s.ServletContextHandler@4a3d0660{logs,/logs,file:///var/log/hadoop/,AVAILABLE}
rm_1        | 2023-02-27 11:59:50 INFO  Server:1334 - IPC Server listener on 8032: starting
scm_1       | 2023-02-27 12:00:03,039 [48c49273-e72d-4256-8823-58871ba8e14e-impl-thread1] INFO impl.PendingRequests: 48c49273-e72d-4256-8823-58871ba8e14e@group-226B8735DA33-PendingRequests: sendNotLeaderResponses
nm_1        | 2023-02-27 12:02:51 INFO  NMAuditLogger:94 - USER=hadoop	IP=172.20.0.9	OPERATION=Start Container Request	TARGET=ContainerManageImpl	RESULT=SUCCESS	APPID=application_1677499188536_0001	CONTAINERID=container_1677499188536_0001_01_000002
datanode_3  | 2023-02-27 12:00:28,331 [pool-22-thread-1] INFO server.RaftServerConfigKeys: raft.server.leaderelection.leader.step-down.wait-time = 10s (default)
om_1        | 2023-02-27 12:00:45,754 [Listener at om/9862] INFO handler.ContextHandler: Started o.e.j.s.ServletContextHandler@54497a5{static,/static,jar:file:/opt/hadoop/share/ozone/lib/ozone-manager-1.4.0-SNAPSHOT.jar!/webapps/static,AVAILABLE}
rm_1        | 2023-02-27 11:59:51 INFO  ResourceManager:1329 - Transitioned to active state
scm_1       | 2023-02-27 12:00:03,066 [main] INFO server.GrpcService: 48c49273-e72d-4256-8823-58871ba8e14e: shutdown server GrpcServerProtocolService successfully
nm_1        | 2023-02-27 12:02:51 INFO  ContainerImpl:2175 - Container container_1677499188536_0001_01_000002 transitioned from NEW to LOCALIZING
datanode_3  | 2023-02-27 12:00:28,339 [pool-22-thread-1] INFO server.RaftServerConfigKeys: raft.server.sleep.deviation.threshold = 300ms (default)
om_1        | 2023-02-27 12:00:46,218 [Listener at om/9862] INFO handler.ContextHandler: Started o.e.j.w.WebAppContext@4ba6b5eb{ozoneManager,/,file:///tmp/jetty-0_0_0_0-9874-ozone-manager-1_4_0-SNAPSHOT_jar-_-any-4865383764435100655/webapp/,AVAILABLE}{jar:file:/opt/hadoop/share/ozone/lib/ozone-manager-1.4.0-SNAPSHOT.jar!/webapps/ozoneManager}
rm_1        | 2023-02-27 12:00:01 INFO  ResourceTrackerService:600 - NodeManager from node nm(cmPort: 45559 httpPort: 8042) registered with capability: <memory:8192, vCores:8>, assigned nodeId nm:45559
scm_1       | 2023-02-27 12:00:03,068 [48c49273-e72d-4256-8823-58871ba8e14e-impl-thread1] INFO impl.StateMachineUpdater: 48c49273-e72d-4256-8823-58871ba8e14e@group-226B8735DA33-StateMachineUpdater: set stopIndex = 0
nm_1        | 2023-02-27 12:02:51 INFO  AuxServices:350 - Got event CONTAINER_INIT for appId application_1677499188536_0001
datanode_3  | 2023-02-27 12:00:28,369 [pool-22-thread-1] INFO server.RaftServer$Division: 6ed14347-cdfe-4d28-8d68-3fe77e2211e8@group-B58C9C226EAF: ConfigurationManager, init=-1: peers:[6ed14347-cdfe-4d28-8d68-3fe77e2211e8|rpc:172.20.0.7:9856|admin:172.20.0.7:9857|client:172.20.0.7:9858|dataStream:172.20.0.7:9858|priority:0|startupRole:FOLLOWER, b9966605-4ab6-4dce-aad8-e52714a2e061|rpc:172.20.0.4:9856|admin:172.20.0.4:9857|client:172.20.0.4:9858|dataStream:172.20.0.4:9858|priority:1|startupRole:FOLLOWER, 31ebf80a-1171-493a-bb36-ca0ed5a2ede2|rpc:172.20.0.6:9856|admin:172.20.0.6:9857|client:172.20.0.6:9858|dataStream:172.20.0.6:9858|priority:0|startupRole:FOLLOWER]|listeners:[], old=null, confs=<EMPTY_MAP>
om_1        | 2023-02-27 12:00:46,259 [Listener at om/9862] INFO server.AbstractConnector: Started ServerConnector@4a9e4be7{HTTP/1.1, (http/1.1)}{0.0.0.0:9874}
rm_1        | 2023-02-27 12:00:01 INFO  RMNodeImpl:755 - nm:45559 Node Transitioned from NEW to RUNNING
scm_1       | 2023-02-27 12:00:03,068 [48c49273-e72d-4256-8823-58871ba8e14e@group-226B8735DA33-StateMachineUpdater] INFO impl.StateMachineUpdater: 48c49273-e72d-4256-8823-58871ba8e14e@group-226B8735DA33-StateMachineUpdater: Took a snapshot at index 0
datanode_3  | 2023-02-27 12:00:28,370 [pool-22-thread-1] INFO server.RaftServerConfigKeys: raft.server.storage.dir = [/data/metadata/ratis] (custom)
om_1        | 2023-02-27 12:00:46,259 [Listener at om/9862] INFO server.Server: Started @25898ms
rm_1        | 2023-02-27 12:00:01 INFO  CapacityScheduler:2007 - Added node nm:45559 clusterResource: <memory:8192, vCores:8>
scm_1       | 2023-02-27 12:00:03,070 [48c49273-e72d-4256-8823-58871ba8e14e@group-226B8735DA33-StateMachineUpdater] INFO impl.StateMachineUpdater: 48c49273-e72d-4256-8823-58871ba8e14e@group-226B8735DA33-StateMachineUpdater: snapshotIndex: updateIncreasingly -1 -> 0
nm_1        | 2023-02-27 12:02:51 INFO  AuxServices:350 - Got event APPLICATION_INIT for appId application_1677499188536_0001
datanode_3  | 2023-02-27 12:00:28,371 [pool-22-thread-1] INFO server.RaftServerConfigKeys: raft.server.log.corruption.policy = EXCEPTION (default)
om_1        | 2023-02-27 12:00:46,283 [Listener at om/9862] INFO impl.MetricsSinkAdapter: Sink prometheus started
rm_1        | 2023-02-27 12:02:32 INFO  ClientRMService:380 - Allocated new applicationId: 1
scm_1       | 2023-02-27 12:00:03,077 [48c49273-e72d-4256-8823-58871ba8e14e-impl-thread1] INFO server.RaftServer$Division: 48c49273-e72d-4256-8823-58871ba8e14e@group-226B8735DA33: closes. applyIndex: 0
nm_1        | 2023-02-27 12:02:51 INFO  AuxServices:354 - Got APPLICATION_INIT for service mapreduce_shuffle
datanode_3  | 2023-02-27 12:00:28,420 [pool-22-thread-1] INFO server.RaftServerConfigKeys: raft.server.storage.free-space.min = 0MB (=0) (default)
om_1        | 2023-02-27 12:00:46,284 [Listener at om/9862] INFO impl.MetricsSystemImpl: Registered sink prometheus
om_1        | 2023-02-27 12:00:46,287 [Listener at om/9862] INFO http.BaseHttpServer: HTTP server of ozoneManager listening at http://0.0.0.0:9874
rm_1        | 2023-02-27 12:02:33 INFO  CapacityScheduler:2653 - Application 'application_1677499188536_0001' is submitted without priority hence considering default queue/cluster priority: 0
scm_1       | 2023-02-27 12:00:03,078 [48c49273-e72d-4256-8823-58871ba8e14e@group-226B8735DA33-SegmentedRaftLogWorker] INFO segmented.SegmentedRaftLogWorker: 48c49273-e72d-4256-8823-58871ba8e14e@group-226B8735DA33-SegmentedRaftLogWorker was interrupted, exiting. There are 0 tasks remaining in the queue.
nm_1        | 2023-02-27 12:02:51 INFO  ShuffleHandler:719 - Added token for job_1677499188536_0001
nm_1        | 2023-02-27 12:02:51 INFO  ContainerImpl:2175 - Container container_1677499188536_0001_01_000002 transitioned from LOCALIZING to SCHEDULED
om_1        | 2023-02-27 12:00:46,287 [IPC Server Responder] INFO ipc.Server: IPC Server Responder: starting
rm_1        | 2023-02-27 12:02:33 INFO  CapacityScheduler:2674 - Priority '0' is acceptable in queue : default for application: application_1677499188536_0001
datanode_3  | 2023-02-27 12:00:28,420 [pool-22-thread-1] INFO server.RaftServerConfigKeys: raft.server.notification.no-leader.timeout = 300s (custom)
scm_1       | 2023-02-27 12:00:03,082 [48c49273-e72d-4256-8823-58871ba8e14e-impl-thread1] INFO segmented.SegmentedRaftLogWorker: 48c49273-e72d-4256-8823-58871ba8e14e@group-226B8735DA33-SegmentedRaftLogWorker close()
om_1        | 2023-02-27 12:00:46,321 [IPC Server listener on 9862] INFO ipc.Server: IPC Server listener on 9862: starting
nm_1        | 2023-02-27 12:02:51 INFO  ContainerScheduler:542 - Starting container [container_1677499188536_0001_01_000002]
rm_1        | 2023-02-27 12:02:33 INFO  ClientRMService:696 - Application with id 1 submitted by user hadoop
datanode_3  | 2023-02-27 12:00:28,429 [pool-22-thread-1] INFO server.RaftServerConfigKeys: raft.server.retrycache.expirytime = 600000ms (custom)
scm_1       | 2023-02-27 12:00:03,084 [JvmPauseMonitor0] INFO util.JvmPauseMonitor: JvmPauseMonitor-48c49273-e72d-4256-8823-58871ba8e14e: Stopped
om_1        | 2023-02-27 12:00:46,414 [Listener at om/9862] INFO om.OzoneManager: Trash Interval set to 0. Files deleted won't move to trash
nm_1        | 2023-02-27 12:02:51 INFO  ContainerImpl:2175 - Container container_1677499188536_0001_01_000002 transitioned from SCHEDULED to RUNNING
rm_1        | 2023-02-27 12:02:33 INFO  RMAppImpl:1269 - Storing application with id application_1677499188536_0001
datanode_3  | 2023-02-27 12:00:28,432 [pool-22-thread-1] INFO server.RaftServerConfigKeys: raft.server.retrycache.statistics.expirytime = 100?s (default)
scm_1       | 2023-02-27 12:00:03,084 [main] WARN server.ServerUtils: ozone.scm.db.dirs is not configured. We recommend adding this setting. Falling back to ozone.metadata.dirs instead.
om_1        | 2023-02-27 12:00:46,498 [org.apache.hadoop.util.JvmPauseMonitor$Monitor@726aaaf0] INFO util.JvmPauseMonitor: Starting JVM pause monitor
nm_1        | 2023-02-27 12:02:51 INFO  ContainersMonitorImpl:1121 - Starting resource-monitoring for container_1677499188536_0001_01_000002
nm_1        | 2023-02-27 12:02:51 INFO  DefaultContainerExecutor:370 - launchContainer: [bash, /tmp/hadoop-hadoop/nm-local-dir/usercache/hadoop/appcache/application_1677499188536_0001/container_1677499188536_0001_01_000002/default_container_executor.sh]
rm_1        | 2023-02-27 12:02:33 INFO  RMAuditLogger:283 - USER=hadoop	IP=172.20.0.3	OPERATION=Submit Application Request	TARGET=ClientRMService	RESULT=SUCCESS	APPID=application_1677499188536_0001	CALLERCONTEXT=CLI	QUEUENAME=default
datanode_3  | 2023-02-27 12:00:28,434 [pool-22-thread-1] INFO server.RaftServerConfigKeys: raft.server.log.appender.install.snapshot.enabled = false (custom)
scm_1       | 2023-02-27 12:00:03,090 [main] INFO server.StorageContainerManager: SCM initialization succeeded. Current cluster id for sd=/data/metadata/scm; cid=CID-617df0af-633e-4399-afc3-226b8735da33; layoutVersion=4; scmId=48c49273-e72d-4256-8823-58871ba8e14e
om_1        | 2023-02-27 12:00:49,885 [om1@group-C5BA1605619E-FollowerState] INFO impl.FollowerState: om1@group-C5BA1605619E-FollowerState: change to CANDIDATE, lastRpcElapsedTime:5184157963ns, electionTimeout:5159ms
nm_1        | 2023-02-27 12:02:52 INFO  ContainersMonitorImpl:650 - container_1677499188536_0001_01_000002's ip = 172.20.0.9, and hostname = nm
rm_1        | 2023-02-27 12:02:33 INFO  RMStateStore:224 - Storing info for app: application_1677499188536_0001
scm_1       | 2023-02-27 12:00:03,118 [shutdown-hook-0] INFO server.StorageContainerManagerStarter: SHUTDOWN_MSG: 
om_1        | 2023-02-27 12:00:49,887 [om1@group-C5BA1605619E-FollowerState] INFO impl.RoleInfo: om1: shutdown om1@group-C5BA1605619E-FollowerState
nm_1        | 2023-02-27 12:02:52 INFO  ContainersMonitorImpl:551 - Skipping monitoring container container_1677499188536_0001_01_000002 since CPU usage is not yet available.
nm_1        | 2023-02-27 12:02:57 INFO  ContainerLaunch:596 - Container container_1677499188536_0001_01_000002 succeeded 
nm_1        | 2023-02-27 12:02:57 INFO  ContainerImpl:2175 - Container container_1677499188536_0001_01_000002 transitioned from RUNNING to EXITED_WITH_SUCCESS
rm_1        | 2023-02-27 12:02:33 INFO  RMAppImpl:903 - application_1677499188536_0001 State change from NEW to NEW_SAVING on event = START
scm_1       | /************************************************************
om_1        | 2023-02-27 12:00:49,888 [om1@group-C5BA1605619E-FollowerState] INFO server.RaftServer$Division: om1@group-C5BA1605619E: changes role from  FOLLOWER to CANDIDATE at term 0 for changeToCandidate
nm_1        | 2023-02-27 12:02:57 INFO  ContainerCleanup:87 - Cleaning up container container_1677499188536_0001_01_000002
rm_1        | 2023-02-27 12:02:33 INFO  RMAppImpl:903 - application_1677499188536_0001 State change from NEW_SAVING to SUBMITTED on event = APP_NEW_SAVED
scm_1       | SHUTDOWN_MSG: Shutting down StorageContainerManager at scm/172.20.0.2
om_1        | 2023-02-27 12:00:49,891 [om1@group-C5BA1605619E-FollowerState] INFO server.RaftServerConfigKeys: raft.server.leaderelection.pre-vote = true (default)
rm_1        | 2023-02-27 12:02:33 INFO  ParentQueue:495 - Application added - appId: application_1677499188536_0001 user: hadoop leaf-queue of parent: root #applications: 1
scm_1       | ************************************************************/
om_1        | 2023-02-27 12:00:49,901 [om1@group-C5BA1605619E-FollowerState] INFO impl.RoleInfo: om1: start om1@group-C5BA1605619E-LeaderElection1
datanode_3  | 2023-02-27 12:00:28,434 [pool-22-thread-1] INFO server.RaftServerConfigKeys: raft.server.threadpool.server.cached = true (default)
scm_1       | No '-XX:...' jvm parameters are set. Adding safer GC settings '-XX:ParallelGCThreads=8 -XX:+UseConcMarkSweepGC -XX:CMSInitiatingOccupancyFraction=70 -XX:+CMSParallelRemarkEnabled' to the OZONE_OPTS
om_1        | 2023-02-27 12:00:49,931 [om1@group-C5BA1605619E-LeaderElection1] INFO impl.LeaderElection: om1@group-C5BA1605619E-LeaderElection1 PRE_VOTE round 0: submit vote requests at term 0 for -1: peers:[om1|rpc:om:9872|priority:0|startupRole:FOLLOWER]|listeners:[], old=null
nm_1        | 2023-02-27 12:02:57 INFO  NMAuditLogger:94 - USER=hadoop	OPERATION=Container Finished - Succeeded	TARGET=ContainerImpl	RESULT=SUCCESS	APPID=application_1677499188536_0001	CONTAINERID=container_1677499188536_0001_01_000002
rm_1        | 2023-02-27 12:02:33 INFO  CapacityScheduler:1006 - Accepted application application_1677499188536_0001 from user: hadoop, in queue: default
datanode_3  | 2023-02-27 12:00:28,435 [pool-22-thread-1] INFO server.RaftServerConfigKeys: raft.server.threadpool.server.size = 0 (default)
scm_1       | OpenJDK 64-Bit Server VM warning: Option UseConcMarkSweepGC was deprecated in version 9.0 and will likely be removed in a future release.
om_1        | 2023-02-27 12:00:49,932 [om1@group-C5BA1605619E-LeaderElection1] INFO impl.LeaderElection: om1@group-C5BA1605619E-LeaderElection1 PRE_VOTE round 0: result PASSED (term=0)
nm_1        | 2023-02-27 12:02:57 INFO  ContainerImpl:2175 - Container container_1677499188536_0001_01_000002 transitioned from EXITED_WITH_SUCCESS to DONE
rm_1        | 2023-02-27 12:02:33 INFO  RMAppImpl:903 - application_1677499188536_0001 State change from SUBMITTED to ACCEPTED on event = APP_ACCEPTED
datanode_3  | 2023-02-27 12:00:28,435 [pool-22-thread-1] INFO server.RaftServerConfigKeys: raft.server.threadpool.client.cached = true (default)
scm_1       | 2023-02-27 12:00:05,281 [main] INFO server.StorageContainerManagerStarter: STARTUP_MSG: 
scm_1       | /************************************************************
nm_1        | 2023-02-27 12:02:57 INFO  ApplicationImpl:512 - Removing container_1677499188536_0001_01_000002 from application application_1677499188536_0001
rm_1        | 2023-02-27 12:02:33 INFO  ApplicationMasterService:480 - Registering app attempt : appattempt_1677499188536_0001_000001
datanode_3  | 2023-02-27 12:00:28,435 [pool-22-thread-1] INFO server.RaftServerConfigKeys: raft.server.threadpool.client.size = 0 (default)
om_1        | 2023-02-27 12:00:49,937 [om1@group-C5BA1605619E-LeaderElection1] INFO impl.LeaderElection: om1@group-C5BA1605619E-LeaderElection1 ELECTION round 0: submit vote requests at term 1 for -1: peers:[om1|rpc:om:9872|priority:0|startupRole:FOLLOWER]|listeners:[], old=null
scm_1       | STARTUP_MSG: Starting StorageContainerManager
scm_1       | STARTUP_MSG:   host = scm/172.20.0.2
rm_1        | 2023-02-27 12:02:33 INFO  RMAppAttemptImpl:931 - appattempt_1677499188536_0001_000001 State change from NEW to SUBMITTED on event = START
datanode_3  | 2023-02-27 12:00:28,439 [pool-22-thread-1] INFO storage.RaftStorageDirectory: The storage directory /data/metadata/ratis/3a29bdd5-29e8-426d-866d-b58c9c226eaf does not exist. Creating ...
om_1        | 2023-02-27 12:00:49,937 [om1@group-C5BA1605619E-LeaderElection1] INFO impl.LeaderElection: om1@group-C5BA1605619E-LeaderElection1 ELECTION round 0: result PASSED (term=1)
scm_1       | STARTUP_MSG:   args = []
scm_1       | STARTUP_MSG:   version = 1.4.0-SNAPSHOT
datanode_3  | 2023-02-27 12:00:28,464 [pool-22-thread-1] INFO storage.RaftStorageDirectory: Lock on /data/metadata/ratis/3a29bdd5-29e8-426d-866d-b58c9c226eaf/in_use.lock acquired by nodename 7@cc65bfad7835
om_1        | 2023-02-27 12:00:49,937 [om1@group-C5BA1605619E-LeaderElection1] INFO impl.RoleInfo: om1: shutdown om1@group-C5BA1605619E-LeaderElection1
rm_1        | 2023-02-27 12:02:34 WARN  LeafQueue:839 - maximum-am-resource-percent is insufficient to start a single application in queue, it is likely set too low. skipping enforcement to allow at least one application to start
nm_1        | 2023-02-27 12:02:57 INFO  ContainersMonitorImpl:1112 - Stopping resource-monitoring for container_1677499188536_0001_01_000002
datanode_3  | 2023-02-27 12:00:28,506 [pool-22-thread-1] INFO storage.RaftStorage: Storage directory /data/metadata/ratis/3a29bdd5-29e8-426d-866d-b58c9c226eaf has been successfully formatted.
om_1        | 2023-02-27 12:00:49,943 [om1@group-C5BA1605619E-LeaderElection1] INFO server.RaftServer$Division: om1@group-C5BA1605619E: changes role from CANDIDATE to LEADER at term 1 for changeToLeader
om_1        | 2023-02-27 12:00:49,945 [om1@group-C5BA1605619E-LeaderElection1] INFO server.RaftServer$Division: om1@group-C5BA1605619E: change Leader from null to om1 at term 1 for becomeLeader, leader elected after 8878ms
nm_1        | 2023-02-27 12:02:57 INFO  AuxServices:350 - Got event CONTAINER_STOP for appId application_1677499188536_0001
datanode_3  | 2023-02-27 12:00:28,507 [pool-22-thread-1] INFO ratis.ContainerStateMachine: group-B58C9C226EAF: The snapshot info is null. Setting the last applied indexto:(t:0, i:~)
