datanode_3  | 2023-02-27 12:00:23,649 [pool-22-thread-1] INFO server.RaftServerConfigKeys: raft.server.log.statemachine.data.sync.timeout = 10s (default)
datanode_1  | 2023-02-27 12:00:35,013 [b9966605-4ab6-4dce-aad8-e52714a2e061@group-B58C9C226EAF-LeaderElection2] INFO server.RaftServer$Division: b9966605-4ab6-4dce-aad8-e52714a2e061@group-B58C9C226EAF: set configuration 0: peers:[6ed14347-cdfe-4d28-8d68-3fe77e2211e8|rpc:172.20.0.7:9856|admin:172.20.0.7:9857|client:172.20.0.7:9858|dataStream:172.20.0.7:9858|priority:0|startupRole:FOLLOWER, b9966605-4ab6-4dce-aad8-e52714a2e061|rpc:172.20.0.4:9856|admin:172.20.0.4:9857|client:172.20.0.4:9858|dataStream:172.20.0.4:9858|priority:1|startupRole:FOLLOWER, 31ebf80a-1171-493a-bb36-ca0ed5a2ede2|rpc:172.20.0.6:9856|admin:172.20.0.6:9857|client:172.20.0.6:9858|dataStream:172.20.0.6:9858|priority:0|startupRole:FOLLOWER]|listeners:[], old=null
nm_1        | 2023-02-27 11:59:48 INFO  RpcServerFactoryPBImpl:173 - Adding protocol org.apache.hadoop.yarn.api.ContainerManagementProtocolPB to the server
nm_1        | 2023-02-27 11:59:48 INFO  Server:1497 - IPC Server Responder: starting
datanode_2  | 2023-02-27 12:00:35,221 [31ebf80a-1171-493a-bb36-ca0ed5a2ede2-server-thread3] INFO server.RaftServer$Division: 31ebf80a-1171-493a-bb36-ca0ed5a2ede2@group-B58C9C226EAF: set configuration 0: peers:[6ed14347-cdfe-4d28-8d68-3fe77e2211e8|rpc:172.20.0.7:9856|admin:172.20.0.7:9857|client:172.20.0.7:9858|dataStream:172.20.0.7:9858|priority:0|startupRole:FOLLOWER, b9966605-4ab6-4dce-aad8-e52714a2e061|rpc:172.20.0.4:9856|admin:172.20.0.4:9857|client:172.20.0.4:9858|dataStream:172.20.0.4:9858|priority:1|startupRole:FOLLOWER, 31ebf80a-1171-493a-bb36-ca0ed5a2ede2|rpc:172.20.0.6:9856|admin:172.20.0.6:9857|client:172.20.0.6:9858|dataStream:172.20.0.6:9858|priority:0|startupRole:FOLLOWER]|listeners:[], old=null
rm_1        | 2023-02-27 11:59:31 INFO  HttpServer2:976 - Added filter static_user_filter (class=org.apache.hadoop.http.lib.StaticUserWebFilter$StaticUserFilter) to context cluster
scm_1       | 2023-02-27 11:59:51,096 [pool-2-thread-1] INFO server.RaftServerConfigKeys: raft.server.sleep.deviation.threshold = 300ms (default)
datanode_3  | 2023-02-27 12:00:23,650 [pool-22-thread-1] INFO server.RaftServerConfigKeys: raft.server.log.statemachine.data.sync.timeout.retry = -1 (default)
datanode_1  | 2023-02-27 12:00:36,452 [b9966605-4ab6-4dce-aad8-e52714a2e061@group-70FF8FC83F34-FollowerState] INFO impl.FollowerState: b9966605-4ab6-4dce-aad8-e52714a2e061@group-70FF8FC83F34-FollowerState: change to CANDIDATE, lastRpcElapsedTime:5229256210ns, electionTimeout:5129ms
datanode_1  | 2023-02-27 12:00:36,452 [b9966605-4ab6-4dce-aad8-e52714a2e061@group-70FF8FC83F34-FollowerState] INFO impl.RoleInfo: b9966605-4ab6-4dce-aad8-e52714a2e061: shutdown b9966605-4ab6-4dce-aad8-e52714a2e061@group-70FF8FC83F34-FollowerState
datanode_1  | 2023-02-27 12:00:36,452 [b9966605-4ab6-4dce-aad8-e52714a2e061@group-70FF8FC83F34-FollowerState] INFO server.RaftServer$Division: b9966605-4ab6-4dce-aad8-e52714a2e061@group-70FF8FC83F34: changes role from  FOLLOWER to CANDIDATE at term 0 for changeToCandidate
datanode_2  | 2023-02-27 12:00:35,226 [31ebf80a-1171-493a-bb36-ca0ed5a2ede2-server-thread3] INFO segmented.SegmentedRaftLogWorker: 31ebf80a-1171-493a-bb36-ca0ed5a2ede2@group-B58C9C226EAF-SegmentedRaftLogWorker: Starting segment from index:0
rm_1        | 2023-02-27 11:59:31 INFO  HttpServer2:986 - Added filter static_user_filter (class=org.apache.hadoop.http.lib.StaticUserWebFilter$StaticUserFilter) to context static
scm_1       | 2023-02-27 11:59:51,228 [pool-2-thread-1] INFO server.RaftServer$Division: 48c49273-e72d-4256-8823-58871ba8e14e@group-226B8735DA33: ConfigurationManager, init=-1: peers:[48c49273-e72d-4256-8823-58871ba8e14e|rpc:scm:9894|priority:0|startupRole:FOLLOWER]|listeners:[], old=null, confs=<EMPTY_MAP>
scm_1       | 2023-02-27 11:59:51,256 [pool-2-thread-1] INFO server.RaftServerConfigKeys: raft.server.storage.dir = [/data/metadata/scm-ha] (custom)
datanode_3  | 2023-02-27 12:00:23,723 [pool-22-thread-1] INFO server.RaftServerConfigKeys: raft.server.log.write.buffer.size = 1048576 (custom)
om_1        | 2023-02-27 12:00:40,938 [pool-28-thread-1] INFO server.RaftServerConfigKeys: raft.server.storage.dir = [/data/metadata/ratis] (custom)
datanode_1  | 2023-02-27 12:00:36,453 [b9966605-4ab6-4dce-aad8-e52714a2e061@group-70FF8FC83F34-FollowerState] INFO server.RaftServerConfigKeys: raft.server.leaderelection.pre-vote = true (default)
datanode_2  | 2023-02-27 12:00:35,240 [31ebf80a-1171-493a-bb36-ca0ed5a2ede2@group-B58C9C226EAF-SegmentedRaftLogWorker] INFO segmented.SegmentedRaftLogWorker: 31ebf80a-1171-493a-bb36-ca0ed5a2ede2@group-B58C9C226EAF-SegmentedRaftLogWorker: created new log segment /data/metadata/ratis/3a29bdd5-29e8-426d-866d-b58c9c226eaf/current/log_inprogress_0
rm_1        | 2023-02-27 11:59:31 INFO  HttpServer2:986 - Added filter static_user_filter (class=org.apache.hadoop.http.lib.StaticUserWebFilter$StaticUserFilter) to context logs
scm_1       | 2023-02-27 11:59:51,344 [pool-2-thread-1] INFO server.RaftServerConfigKeys: raft.server.log.corruption.policy = EXCEPTION (default)
scm_1       | 2023-02-27 11:59:51,380 [pool-2-thread-1] INFO server.RaftServerConfigKeys: raft.server.storage.free-space.min = 0MB (=0) (default)
datanode_3  | 2023-02-27 12:00:23,725 [pool-22-thread-1] INFO server.RaftServerConfigKeys: raft.server.log.appender.buffer.byte-limit = 33554432 (custom)
datanode_2  | 2023-02-27 12:00:36,480 [JvmPauseMonitor0] WARN util.JvmPauseMonitor: JvmPauseMonitor-31ebf80a-1171-493a-bb36-ca0ed5a2ede2: Detected pause in JVM or host machine (eg GC): pause of approximately 105871546ns. No GCs detected.
datanode_2  | 2023-02-27 12:01:17,647 [BlockDeletingService#0] INFO interfaces.ContainerDeletionChoosingPolicyTemplate: Chosen 0/5000 blocks from 0 candidate containers.
datanode_2  | 2023-02-27 12:02:17,649 [BlockDeletingService#1] INFO interfaces.ContainerDeletionChoosingPolicyTemplate: Chosen 0/5000 blocks from 0 candidate containers.
datanode_2  | 2023-02-27 12:03:17,650 [BlockDeletingService#0] INFO interfaces.ContainerDeletionChoosingPolicyTemplate: Chosen 0/5000 blocks from 0 candidate containers.
datanode_2  | 2023-02-27 12:04:17,651 [BlockDeletingService#2] INFO interfaces.ContainerDeletionChoosingPolicyTemplate: Chosen 0/5000 blocks from 0 candidate containers.
datanode_2  | 2023-02-27 12:05:17,652 [BlockDeletingService#1] INFO interfaces.ContainerDeletionChoosingPolicyTemplate: Chosen 0/5000 blocks from 0 candidate containers.
datanode_2  | 2023-02-27 12:06:17,652 [BlockDeletingService#3] INFO interfaces.ContainerDeletionChoosingPolicyTemplate: Chosen 0/5000 blocks from 0 candidate containers.
nm_1        | 2023-02-27 11:59:48 INFO  Server:1334 - IPC Server listener on 0: starting
nm_1        | 2023-02-27 11:59:48 INFO  NMContainerTokenSecretManager:265 - Updating node address : nm:45559
scm_1       | 2023-02-27 11:59:51,751 [pool-2-thread-1] INFO server.RaftServerConfigKeys: raft.server.notification.no-leader.timeout = 60s (default)
scm_1       | 2023-02-27 11:59:51,793 [pool-2-thread-1] INFO server.RaftServerConfigKeys: raft.server.retrycache.expirytime = 60000ms (default)
om_1        | 2023-02-27 12:00:40,974 [pool-28-thread-1] INFO server.RaftServerConfigKeys: raft.server.log.corruption.policy = EXCEPTION (default)
rm_1        | 2023-02-27 11:59:31 INFO  HttpServer2:634 - adding path spec: /cluster/*
datanode_1  | 2023-02-27 12:00:36,454 [b9966605-4ab6-4dce-aad8-e52714a2e061@group-70FF8FC83F34-FollowerState] INFO impl.RoleInfo: b9966605-4ab6-4dce-aad8-e52714a2e061: start b9966605-4ab6-4dce-aad8-e52714a2e061@group-70FF8FC83F34-LeaderElection3
nm_1        | 2023-02-27 11:59:48 INFO  CallQueueManager:85 - Using callQueue: class java.util.concurrent.LinkedBlockingQueue, queueCapacity: 500, scheduler: class org.apache.hadoop.ipc.DefaultRpcScheduler, ipcBackoff: false.
nm_1        | 2023-02-27 11:59:48 INFO  Server:1255 - Starting Socket Reader #1 for port 8040
nm_1        | 2023-02-27 11:59:48 INFO  RpcServerFactoryPBImpl:173 - Adding protocol org.apache.hadoop.yarn.server.nodemanager.api.LocalizationProtocolPB to the server
nm_1        | 2023-02-27 11:59:48 INFO  Server:1497 - IPC Server Responder: starting
nm_1        | 2023-02-27 11:59:48 INFO  ResourceLocalizationService:392 - Localizer started on port 8040
nm_1        | 2023-02-27 11:59:48 INFO  Server:1334 - IPC Server listener on 8040: starting
nm_1        | 2023-02-27 11:59:48 INFO  IndexCache:47 - IndexCache created with max memory = 10485760
nm_1        | 2023-02-27 11:59:48 INFO  ShuffleHandler:549 - mapreduce_shuffle listening on port 13562
nm_1        | 2023-02-27 11:59:48 INFO  ContainerManagerImpl:683 - ContainerManager started at nm/172.20.0.9:45559
nm_1        | 2023-02-27 11:59:48 INFO  ContainerManagerImpl:684 - ContainerManager bound to 0.0.0.0/0.0.0.0:0
nm_1        | 2023-02-27 11:59:48 WARN  NMLogAggregationStatusTracker:96 - Log Aggregation is disabled.So is the LogAggregationStatusTracker.
scm_1       | 2023-02-27 11:59:51,802 [pool-2-thread-1] INFO server.RaftServerConfigKeys: raft.server.retrycache.statistics.expirytime = 100?s (default)
scm_1       | 2023-02-27 11:59:52,156 [pool-2-thread-1] INFO metrics.MetricRegistries: Loaded MetricRegistries class org.apache.ratis.metrics.impl.MetricRegistriesImpl
datanode_3  | 2023-02-27 12:00:23,785 [pool-22-thread-1] INFO server.RaftServerConfigKeys: raft.server.log.unsafe-flush.enabled = false (default)
om_1        | 2023-02-27 12:00:40,974 [pool-28-thread-1] INFO server.RaftServerConfigKeys: raft.server.storage.free-space.min = 0MB (=0) (default)
om_1        | 2023-02-27 12:00:41,065 [pool-28-thread-1] INFO server.RaftServerConfigKeys: raft.server.notification.no-leader.timeout = 120s (custom)
om_1        | 2023-02-27 12:00:41,070 [pool-28-thread-1] INFO server.RaftServerConfigKeys: raft.server.retrycache.expirytime = 300s (custom)
rm_1        | 2023-02-27 11:59:31 INFO  HttpServer2:634 - adding path spec: /ws/*
datanode_3  | 2023-02-27 12:00:23,786 [pool-22-thread-1] INFO server.RaftServerConfigKeys: raft.server.log.async-flush.enabled = false (default)
scm_1       | 2023-02-27 11:59:54,577 [pool-2-thread-1] INFO server.RaftServerConfigKeys: raft.server.log.appender.install.snapshot.enabled = false (custom)
rm_1        | 2023-02-27 11:59:31 INFO  HttpServer2:634 - adding path spec: /app/*
nm_1        | 2023-02-27 11:59:48 INFO  WebServer:99 - Instantiating NMWebApp at 0.0.0.0:8042
scm_1       | 2023-02-27 11:59:54,598 [pool-2-thread-1] INFO server.RaftServerConfigKeys: raft.server.threadpool.server.cached = true (default)
om_1        | 2023-02-27 12:00:41,071 [pool-28-thread-1] INFO server.RaftServerConfigKeys: raft.server.retrycache.statistics.expirytime = 100?s (default)
om_1        | 2023-02-27 12:00:41,667 [pool-28-thread-1] INFO server.RaftServerConfigKeys: raft.server.log.appender.install.snapshot.enabled = false (custom)
rm_1        | 2023-02-27 11:59:35 INFO  WebApps:405 - Registered webapp guice modules
datanode_3  | 2023-02-27 12:00:23,789 [pool-22-thread-1] INFO server.RaftServerConfigKeys: raft.server.log.statemachine.data.caching.enabled = true (custom)
scm_1       | 2023-02-27 11:59:54,613 [pool-2-thread-1] INFO server.RaftServerConfigKeys: raft.server.threadpool.server.size = 0 (default)
om_1        | 2023-02-27 12:00:41,678 [pool-28-thread-1] INFO server.RaftServerConfigKeys: raft.server.threadpool.server.cached = true (default)
om_1        | 2023-02-27 12:00:41,678 [pool-28-thread-1] INFO server.RaftServerConfigKeys: raft.server.threadpool.server.size = 0 (default)
rm_1        | 2023-02-27 11:59:35 INFO  HttpServer2:1219 - Jetty bound to port 8088
datanode_3  | 2023-02-27 12:00:23,842 [pool-22-thread-1] INFO segmented.SegmentedRaftLogWorker: 6ed14347-cdfe-4d28-8d68-3fe77e2211e8@group-AE1C411A737C-SegmentedRaftLogWorker: flushIndex: setUnconditionally 0 -> -1
datanode_3  | 2023-02-27 12:00:23,842 [pool-22-thread-1] INFO segmented.SegmentedRaftLogWorker: 6ed14347-cdfe-4d28-8d68-3fe77e2211e8@group-AE1C411A737C-SegmentedRaftLogWorker: safeCacheEvictIndex: setUnconditionally 0 -> -1
datanode_3  | 2023-02-27 12:00:23,871 [pool-22-thread-1] INFO server.RaftServer$Division: 6ed14347-cdfe-4d28-8d68-3fe77e2211e8@group-AE1C411A737C: start as a follower, conf=-1: peers:[6ed14347-cdfe-4d28-8d68-3fe77e2211e8|rpc:172.20.0.7:9856|admin:172.20.0.7:9857|client:172.20.0.7:9858|dataStream:172.20.0.7:9858|priority:1|startupRole:FOLLOWER]|listeners:[], old=null
scm_1       | 2023-02-27 11:59:54,642 [pool-2-thread-1] INFO server.RaftServerConfigKeys: raft.server.threadpool.client.cached = true (default)
om_1        | 2023-02-27 12:00:41,679 [pool-28-thread-1] INFO server.RaftServerConfigKeys: raft.server.threadpool.client.cached = true (default)
datanode_1  | 2023-02-27 12:00:36,456 [b9966605-4ab6-4dce-aad8-e52714a2e061@group-70FF8FC83F34-LeaderElection3] INFO impl.LeaderElection: b9966605-4ab6-4dce-aad8-e52714a2e061@group-70FF8FC83F34-LeaderElection3 PRE_VOTE round 0: submit vote requests at term 0 for -1: peers:[b9966605-4ab6-4dce-aad8-e52714a2e061|rpc:172.20.0.4:9856|admin:172.20.0.4:9857|client:172.20.0.4:9858|dataStream:172.20.0.4:9858|priority:1|startupRole:FOLLOWER]|listeners:[], old=null
rm_1        | 2023-02-27 11:59:35 INFO  Server:359 - jetty-9.4.20.v20190813; built: 2019-08-13T21:28:18.144Z; git: 84700530e645e812b336747464d6fbbf370c9a20; jvm 1.8.0_272-b10
datanode_3  | 2023-02-27 12:00:23,873 [pool-22-thread-1] INFO server.RaftServer$Division: 6ed14347-cdfe-4d28-8d68-3fe77e2211e8@group-AE1C411A737C: changes role from      null to FOLLOWER at term 0 for startAsFollower
scm_1       | 2023-02-27 11:59:54,642 [pool-2-thread-1] INFO server.RaftServerConfigKeys: raft.server.threadpool.client.size = 0 (default)
om_1        | 2023-02-27 12:00:41,679 [pool-28-thread-1] INFO server.RaftServerConfigKeys: raft.server.threadpool.client.size = 0 (default)
datanode_1  | 2023-02-27 12:00:36,457 [b9966605-4ab6-4dce-aad8-e52714a2e061@group-70FF8FC83F34-LeaderElection3] INFO impl.LeaderElection: b9966605-4ab6-4dce-aad8-e52714a2e061@group-70FF8FC83F34-LeaderElection3 PRE_VOTE round 0: result PASSED (term=0)
rm_1        | 2023-02-27 11:59:35 INFO  session:333 - DefaultSessionIdManager workerName=node0
datanode_3  | 2023-02-27 12:00:23,875 [pool-22-thread-1] INFO impl.RoleInfo: 6ed14347-cdfe-4d28-8d68-3fe77e2211e8: start 6ed14347-cdfe-4d28-8d68-3fe77e2211e8@group-AE1C411A737C-FollowerState
datanode_3  | 2023-02-27 12:00:23,919 [6ed14347-cdfe-4d28-8d68-3fe77e2211e8@group-AE1C411A737C-FollowerState] INFO server.RaftServerConfigKeys: raft.server.rpc.first-election.timeout.min = 5s (fallback to raft.server.rpc.timeout.min)
datanode_3  | 2023-02-27 12:00:23,921 [pool-22-thread-1] INFO util.JmxRegister: Successfully registered JMX Bean with object name Ratis:service=RaftServer,group=group-AE1C411A737C,id=6ed14347-cdfe-4d28-8d68-3fe77e2211e8
datanode_1  | 2023-02-27 12:00:36,460 [b9966605-4ab6-4dce-aad8-e52714a2e061@group-70FF8FC83F34-LeaderElection3] INFO impl.LeaderElection: b9966605-4ab6-4dce-aad8-e52714a2e061@group-70FF8FC83F34-LeaderElection3 ELECTION round 0: submit vote requests at term 1 for -1: peers:[b9966605-4ab6-4dce-aad8-e52714a2e061|rpc:172.20.0.4:9856|admin:172.20.0.4:9857|client:172.20.0.4:9858|dataStream:172.20.0.4:9858|priority:1|startupRole:FOLLOWER]|listeners:[], old=null
rm_1        | 2023-02-27 11:59:35 INFO  session:338 - No SessionScavenger set, using defaults
nm_1        | 2023-02-27 11:59:49 INFO  log:169 - Logging initialized @13143ms to org.eclipse.jetty.util.log.Slf4jLog
datanode_3  | 2023-02-27 12:00:23,925 [6ed14347-cdfe-4d28-8d68-3fe77e2211e8@group-AE1C411A737C-FollowerState] INFO server.RaftServerConfigKeys: raft.server.rpc.first-election.timeout.max = 5200ms (fallback to raft.server.rpc.timeout.max)
datanode_3  | 2023-02-27 12:00:23,933 [pool-22-thread-1] INFO server.RaftServerConfigKeys: raft.server.snapshot.auto.trigger.enabled = true (custom)
om_1        | 2023-02-27 12:00:42,975 [main] INFO reflections.Reflections: Reflections took 1768 ms to scan 8 urls, producing 23 keys and 578 values [using 2 cores]
om_1        | 2023-02-27 12:00:43,860 [main] INFO ipc.CallQueueManager: Using callQueue: class java.util.concurrent.LinkedBlockingQueue, queueCapacity: 10000, scheduler: class org.apache.hadoop.ipc.DefaultRpcScheduler, ipcBackoff: false.
om_1        | 2023-02-27 12:00:43,894 [Socket Reader #1 for port 9862] INFO ipc.Server: Starting Socket Reader #1 for port 9862
rm_1        | 2023-02-27 11:59:35 INFO  session:140 - node0 Scavenging every 600000ms
nm_1        | 2023-02-27 11:59:50 INFO  AuthenticationFilter:240 - Unable to initialize FileSignerSecretProvider, falling back to use random secrets.
datanode_3  | 2023-02-27 12:00:23,937 [pool-22-thread-1] INFO server.RaftServerConfigKeys: raft.server.snapshot.auto.trigger.threshold = 10000 (custom)
datanode_3  | 2023-02-27 12:00:23,939 [pool-22-thread-1] INFO server.RaftServerConfigKeys: raft.server.snapshot.retention.file.num = 5 (custom)
om_1        | 2023-02-27 12:00:44,267 [Listener at om/9862] INFO impl.MetricsConfig: Loaded properties from hadoop-metrics2.properties
rm_1        | 2023-02-27 11:59:35 INFO  AuthenticationFilter:240 - Unable to initialize FileSignerSecretProvider, falling back to use random secrets.
nm_1        | 2023-02-27 11:59:50 INFO  HttpRequestLog:82 - Http request log for http.requests.nodemanager is not defined
scm_1       | 2023-02-27 11:59:54,644 [48c49273-e72d-4256-8823-58871ba8e14e-impl-thread1] INFO storage.RaftStorageDirectory: The storage directory /data/metadata/scm-ha/617df0af-633e-4399-afc3-226b8735da33 does not exist. Creating ...
datanode_3  | 2023-02-27 12:00:23,940 [pool-22-thread-1] INFO server.RaftServerConfigKeys: raft.server.log.purge.upto.snapshot.index = false (default)
datanode_3  | 2023-02-27 12:00:24,031 [Command processor thread] INFO ratis.XceiverServerRatis: Created group PipelineID=833533c4-7628-468c-bbc7-ae1c411a737c
datanode_3  | 2023-02-27 12:00:24,033 [Command processor thread] INFO commandhandler.CreatePipelineCommandHandler: Created Pipeline RATIS ONE PipelineID=833533c4-7628-468c-bbc7-ae1c411a737c.
rm_1        | 2023-02-27 11:59:35 INFO  AbstractDelegationTokenSecretManager:347 - Updating the current master key for generating delegation tokens
rm_1        | 2023-02-27 11:59:35 INFO  AbstractDelegationTokenSecretManager:679 - Starting expired delegation token remover thread, tokenRemoverScanInterval=60 min(s)
rm_1        | 2023-02-27 11:59:35 INFO  AbstractDelegationTokenSecretManager:347 - Updating the current master key for generating delegation tokens
datanode_3  | 2023-02-27 12:00:24,034 [Command processor thread] INFO server.RaftServer: 6ed14347-cdfe-4d28-8d68-3fe77e2211e8: addNew group-9226256B5D1C:[6ed14347-cdfe-4d28-8d68-3fe77e2211e8|rpc:172.20.0.7:9856|admin:172.20.0.7:9857|client:172.20.0.7:9858|dataStream:172.20.0.7:9858|priority:0|startupRole:FOLLOWER, b9966605-4ab6-4dce-aad8-e52714a2e061|rpc:172.20.0.4:9856|admin:172.20.0.4:9857|client:172.20.0.4:9858|dataStream:172.20.0.4:9858|priority:0|startupRole:FOLLOWER, 31ebf80a-1171-493a-bb36-ca0ed5a2ede2|rpc:172.20.0.6:9856|admin:172.20.0.6:9857|client:172.20.0.6:9858|dataStream:172.20.0.6:9858|priority:1|startupRole:FOLLOWER] returns group-9226256B5D1C:java.util.concurrent.CompletableFuture@360873f2[Not completed]
om_1        | 2023-02-27 12:00:44,299 [Listener at om/9862] INFO impl.MetricsSystemImpl: Scheduled Metric snapshot period at 10 second(s).
om_1        | 2023-02-27 12:00:44,299 [Listener at om/9862] INFO impl.MetricsSystemImpl: OzoneManager metrics system started
om_1        | 2023-02-27 12:00:44,431 [Listener at om/9862] INFO om.OzoneManager: OzoneManager RPC server is listening at om/172.20.0.8:9862
om_1        | 2023-02-27 12:00:44,431 [Listener at om/9862] INFO ratis.OzoneManagerRatisServer: Starting OzoneManagerRatisServer om1 at port 9872
scm_1       | 2023-02-27 11:59:54,672 [48c49273-e72d-4256-8823-58871ba8e14e-impl-thread1] INFO storage.RaftStorageDirectory: Lock on /data/metadata/scm-ha/617df0af-633e-4399-afc3-226b8735da33/in_use.lock acquired by nodename 12@scm
scm_1       | 2023-02-27 11:59:54,775 [48c49273-e72d-4256-8823-58871ba8e14e-impl-thread1] INFO storage.RaftStorage: Storage directory /data/metadata/scm-ha/617df0af-633e-4399-afc3-226b8735da33 has been successfully formatted.
om_1        | 2023-02-27 12:00:44,444 [om1-impl-thread1] INFO storage.RaftStorageDirectory: The storage directory /data/metadata/ratis/bf265839-605b-3f16-9796-c5ba1605619e does not exist. Creating ...
nm_1        | 2023-02-27 11:59:50 INFO  HttpServer2:1003 - Added global filter 'safety' (class=org.apache.hadoop.http.HttpServer2$QuotingInputFilter)
datanode_1  | 2023-02-27 12:00:36,460 [b9966605-4ab6-4dce-aad8-e52714a2e061@group-70FF8FC83F34-LeaderElection3] INFO impl.LeaderElection: b9966605-4ab6-4dce-aad8-e52714a2e061@group-70FF8FC83F34-LeaderElection3 ELECTION round 0: result PASSED (term=1)
datanode_3  | 2023-02-27 12:00:24,061 [pool-22-thread-1] INFO server.RaftServer$Division: 6ed14347-cdfe-4d28-8d68-3fe77e2211e8: new RaftServerImpl for group-9226256B5D1C:[6ed14347-cdfe-4d28-8d68-3fe77e2211e8|rpc:172.20.0.7:9856|admin:172.20.0.7:9857|client:172.20.0.7:9858|dataStream:172.20.0.7:9858|priority:0|startupRole:FOLLOWER, b9966605-4ab6-4dce-aad8-e52714a2e061|rpc:172.20.0.4:9856|admin:172.20.0.4:9857|client:172.20.0.4:9858|dataStream:172.20.0.4:9858|priority:0|startupRole:FOLLOWER, 31ebf80a-1171-493a-bb36-ca0ed5a2ede2|rpc:172.20.0.6:9856|admin:172.20.0.6:9857|client:172.20.0.6:9858|dataStream:172.20.0.6:9858|priority:1|startupRole:FOLLOWER] with ContainerStateMachine:uninitialized
scm_1       | 2023-02-27 11:59:54,858 [48c49273-e72d-4256-8823-58871ba8e14e-impl-thread1] INFO server.RaftServerConfigKeys: raft.server.log.use.memory = false (default)
scm_1       | 2023-02-27 11:59:55,011 [48c49273-e72d-4256-8823-58871ba8e14e-impl-thread1] INFO server.RaftServerConfigKeys: raft.server.log.purge.gap = 1000000 (custom)
nm_1        | 2023-02-27 11:59:50 INFO  HttpServer2:976 - Added filter static_user_filter (class=org.apache.hadoop.http.lib.StaticUserWebFilter$StaticUserFilter) to context node
datanode_1  | 2023-02-27 12:00:36,460 [b9966605-4ab6-4dce-aad8-e52714a2e061@group-70FF8FC83F34-LeaderElection3] INFO impl.RoleInfo: b9966605-4ab6-4dce-aad8-e52714a2e061: shutdown b9966605-4ab6-4dce-aad8-e52714a2e061@group-70FF8FC83F34-LeaderElection3
datanode_3  | 2023-02-27 12:00:24,061 [pool-22-thread-1] INFO server.RaftServerConfigKeys: raft.server.rpc.timeout.min = 5s (custom)
scm_1       | 2023-02-27 11:59:55,050 [48c49273-e72d-4256-8823-58871ba8e14e-impl-thread1] INFO server.RaftServerConfigKeys: raft.server.log.appender.buffer.byte-limit = 33554432 (custom)
scm_1       | 2023-02-27 11:59:55,063 [48c49273-e72d-4256-8823-58871ba8e14e-impl-thread1] INFO server.RaftServerConfigKeys: raft.server.log.statemachine.data.read.timeout = 1000ms (default)
om_1        | 2023-02-27 12:00:44,463 [om1-impl-thread1] INFO storage.RaftStorageDirectory: Lock on /data/metadata/ratis/bf265839-605b-3f16-9796-c5ba1605619e/in_use.lock acquired by nodename 6@om
nm_1        | 2023-02-27 11:59:50 INFO  HttpServer2:986 - Added filter static_user_filter (class=org.apache.hadoop.http.lib.StaticUserWebFilter$StaticUserFilter) to context static
datanode_3  | 2023-02-27 12:00:24,062 [pool-22-thread-1] INFO server.RaftServerConfigKeys: raft.server.rpc.timeout.max = 5200ms (custom)
datanode_3  | 2023-02-27 12:00:24,063 [pool-22-thread-1] INFO server.RaftServerConfigKeys: raft.server.rpc.sleep.time = 25ms (default)
datanode_3  | 2023-02-27 12:00:24,066 [pool-22-thread-1] INFO server.RaftServerConfigKeys: raft.server.rpc.slowness.timeout = 300s (custom)
om_1        | 2023-02-27 12:00:44,494 [om1-impl-thread1] INFO storage.RaftStorage: Storage directory /data/metadata/ratis/bf265839-605b-3f16-9796-c5ba1605619e has been successfully formatted.
nm_1        | 2023-02-27 11:59:50 INFO  HttpServer2:986 - Added filter static_user_filter (class=org.apache.hadoop.http.lib.StaticUserWebFilter$StaticUserFilter) to context logs
scm_1       | 2023-02-27 11:59:55,110 [48c49273-e72d-4256-8823-58871ba8e14e-impl-thread1] INFO server.RaftServerConfigKeys: raft.server.log.purge.preservation.log.num = 0 (default)
scm_1       | 2023-02-27 11:59:55,116 [48c49273-e72d-4256-8823-58871ba8e14e-impl-thread1] INFO server.RaftServerConfigKeys: raft.server.log.segment.size.max = 4194304 (custom)
datanode_3  | 2023-02-27 12:00:24,067 [pool-22-thread-1] INFO server.RaftServerConfigKeys: raft.server.leaderelection.leader.step-down.wait-time = 10s (default)
datanode_3  | 2023-02-27 12:00:24,067 [pool-22-thread-1] INFO server.RaftServerConfigKeys: raft.server.sleep.deviation.threshold = 300ms (default)
nm_1        | 2023-02-27 11:59:50 INFO  HttpServer2:976 - Added filter authentication (class=org.apache.hadoop.security.authentication.server.AuthenticationFilter) to context node
scm_1       | 2023-02-27 11:59:55,289 [48c49273-e72d-4256-8823-58871ba8e14e-impl-thread1] INFO server.RaftServerConfigKeys: raft.server.log.segment.cache.num.max = 2 (custom)
scm_1       | 2023-02-27 11:59:55,292 [48c49273-e72d-4256-8823-58871ba8e14e-impl-thread1] INFO server.RaftServerConfigKeys: raft.server.log.segment.cache.size.max = 200MB (=209715200) (default)
datanode_3  | 2023-02-27 12:00:24,067 [pool-22-thread-1] INFO server.RaftServer$Division: 6ed14347-cdfe-4d28-8d68-3fe77e2211e8@group-9226256B5D1C: ConfigurationManager, init=-1: peers:[6ed14347-cdfe-4d28-8d68-3fe77e2211e8|rpc:172.20.0.7:9856|admin:172.20.0.7:9857|client:172.20.0.7:9858|dataStream:172.20.0.7:9858|priority:0|startupRole:FOLLOWER, b9966605-4ab6-4dce-aad8-e52714a2e061|rpc:172.20.0.4:9856|admin:172.20.0.4:9857|client:172.20.0.4:9858|dataStream:172.20.0.4:9858|priority:0|startupRole:FOLLOWER, 31ebf80a-1171-493a-bb36-ca0ed5a2ede2|rpc:172.20.0.6:9856|admin:172.20.0.6:9857|client:172.20.0.6:9858|dataStream:172.20.0.6:9858|priority:1|startupRole:FOLLOWER]|listeners:[], old=null, confs=<EMPTY_MAP>
datanode_3  | 2023-02-27 12:00:24,068 [pool-22-thread-1] INFO server.RaftServerConfigKeys: raft.server.storage.dir = [/data/metadata/ratis] (custom)
nm_1        | 2023-02-27 11:59:50 INFO  HttpServer2:986 - Added filter authentication (class=org.apache.hadoop.security.authentication.server.AuthenticationFilter) to context static
datanode_1  | 2023-02-27 12:00:36,460 [b9966605-4ab6-4dce-aad8-e52714a2e061@group-70FF8FC83F34-LeaderElection3] INFO server.RaftServer$Division: b9966605-4ab6-4dce-aad8-e52714a2e061@group-70FF8FC83F34: changes role from CANDIDATE to LEADER at term 1 for changeToLeader
scm_1       | 2023-02-27 11:59:55,403 [48c49273-e72d-4256-8823-58871ba8e14e-impl-thread1] INFO segmented.SegmentedRaftLogWorker: new 48c49273-e72d-4256-8823-58871ba8e14e@group-226B8735DA33-SegmentedRaftLogWorker for RaftStorageImpl:Storage Directory /data/metadata/scm-ha/617df0af-633e-4399-afc3-226b8735da33
rm_1        | 2023-02-27 11:59:35 INFO  ContextHandler:824 - Started o.e.j.s.ServletContextHandler@1a72a540{logs,/logs,file:///opt/hadoop/logs/,AVAILABLE}
datanode_3  | 2023-02-27 12:00:24,069 [pool-22-thread-1] INFO server.RaftServerConfigKeys: raft.server.log.corruption.policy = EXCEPTION (default)
datanode_3  | 2023-02-27 12:00:24,072 [pool-22-thread-1] INFO server.RaftServerConfigKeys: raft.server.storage.free-space.min = 0MB (=0) (default)
nm_1        | 2023-02-27 11:59:50 INFO  HttpServer2:986 - Added filter authentication (class=org.apache.hadoop.security.authentication.server.AuthenticationFilter) to context logs
datanode_1  | 2023-02-27 12:00:36,461 [b9966605-4ab6-4dce-aad8-e52714a2e061@group-70FF8FC83F34-LeaderElection3] INFO ratis.XceiverServerRatis: Leader change notification received for group: group-70FF8FC83F34 with new leaderId: b9966605-4ab6-4dce-aad8-e52714a2e061
scm_1       | 2023-02-27 11:59:55,416 [48c49273-e72d-4256-8823-58871ba8e14e-impl-thread1] INFO server.RaftServerConfigKeys: raft.server.log.queue.byte-limit = 64MB (=67108864) (default)
rm_1        | 2023-02-27 11:59:35 INFO  ContextHandler:824 - Started o.e.j.s.ServletContextHandler@5117dd67{static,/static,jar:file:/opt/hadoop/share/hadoop/yarn/hadoop-yarn-common-3.2.2.jar!/webapps/static,AVAILABLE}
datanode_3  | 2023-02-27 12:00:24,073 [pool-22-thread-1] INFO server.RaftServerConfigKeys: raft.server.notification.no-leader.timeout = 300s (custom)
om_1        | 2023-02-27 12:00:44,497 [om1-impl-thread1] INFO server.RaftServerConfigKeys: raft.server.log.use.memory = false (default)
nm_1        | 2023-02-27 11:59:50 INFO  HttpServer2:634 - adding path spec: /node/*
datanode_1  | 2023-02-27 12:00:36,461 [b9966605-4ab6-4dce-aad8-e52714a2e061@group-70FF8FC83F34-LeaderElection3] INFO server.RaftServer$Division: b9966605-4ab6-4dce-aad8-e52714a2e061@group-70FF8FC83F34: change Leader from null to b9966605-4ab6-4dce-aad8-e52714a2e061 at term 1 for becomeLeader, leader elected after 5798ms
scm_1       | 2023-02-27 11:59:55,420 [48c49273-e72d-4256-8823-58871ba8e14e-impl-thread1] INFO server.RaftServerConfigKeys: raft.server.log.queue.element-limit = 4096 (default)
rm_1        | 2023-02-27 11:59:35 WARN  WebInfConfiguration:794 - Can't generate resourceBase as part of webapp tmp dir name: java.lang.NullPointerException
datanode_3  | 2023-02-27 12:00:24,073 [pool-22-thread-1] INFO server.RaftServerConfigKeys: raft.server.retrycache.expirytime = 600000ms (custom)
om_1        | 2023-02-27 12:00:44,528 [om1-impl-thread1] INFO server.RaftServerConfigKeys: raft.server.log.purge.gap = 1000000 (custom)
nm_1        | 2023-02-27 11:59:50 INFO  HttpServer2:634 - adding path spec: /ws/*
datanode_1  | 2023-02-27 12:00:36,461 [b9966605-4ab6-4dce-aad8-e52714a2e061@group-70FF8FC83F34-LeaderElection3] INFO server.RaftServerConfigKeys: raft.server.staging.catchup.gap = 1000 (default)
datanode_1  | 2023-02-27 12:00:36,462 [b9966605-4ab6-4dce-aad8-e52714a2e061@group-70FF8FC83F34-LeaderElection3] INFO server.RaftServerConfigKeys: raft.server.write.element-limit = 1024 (custom)
rm_1        | 2023-02-27 11:59:36 INFO  TypeUtil:201 - JVM Runtime does not support Modules
datanode_3  | 2023-02-27 12:00:24,074 [pool-22-thread-1] INFO server.RaftServerConfigKeys: raft.server.retrycache.statistics.expirytime = 100?s (default)
om_1        | 2023-02-27 12:00:44,538 [om1-impl-thread1] INFO server.RaftServerConfigKeys: raft.server.log.appender.buffer.byte-limit = 33554432 (custom)
nm_1        | 2023-02-27 11:59:52 INFO  WebApps:405 - Registered webapp guice modules
datanode_1  | 2023-02-27 12:00:36,462 [b9966605-4ab6-4dce-aad8-e52714a2e061@group-70FF8FC83F34-LeaderElection3] INFO server.RaftServerConfigKeys: raft.server.write.byte-limit = 1024 M (=1073741824) (custom)
scm_1       | 2023-02-27 11:59:55,475 [48c49273-e72d-4256-8823-58871ba8e14e-impl-thread1] INFO server.RaftServerConfigKeys: raft.server.log.segment.size.max = 4194304 (custom)
rm_1        | Feb 27, 2023 11:59:37 AM com.sun.jersey.guice.spi.container.GuiceComponentProviderFactory register
datanode_3  | 2023-02-27 12:00:24,088 [pool-22-thread-1] INFO server.RaftServerConfigKeys: raft.server.log.appender.install.snapshot.enabled = false (custom)
om_1        | 2023-02-27 12:00:44,555 [om1-impl-thread1] INFO server.RaftServerConfigKeys: raft.server.log.statemachine.data.read.timeout = 1000ms (default)
nm_1        | 2023-02-27 11:59:52 INFO  HttpServer2:1219 - Jetty bound to port 8042
nm_1        | 2023-02-27 11:59:52 INFO  Server:359 - jetty-9.4.20.v20190813; built: 2019-08-13T21:28:18.144Z; git: 84700530e645e812b336747464d6fbbf370c9a20; jvm 1.8.0_272-b10
scm_1       | 2023-02-27 11:59:55,476 [48c49273-e72d-4256-8823-58871ba8e14e-impl-thread1] INFO server.RaftServerConfigKeys: raft.server.log.preallocated.size = 4194304 (custom)
rm_1        | INFO: Registering org.apache.hadoop.yarn.server.resourcemanager.webapp.JAXBContextResolver as a provider class
datanode_3  | 2023-02-27 12:00:24,102 [pool-22-thread-1] INFO server.RaftServerConfigKeys: raft.server.threadpool.server.cached = true (default)
nm_1        | 2023-02-27 11:59:52 INFO  session:333 - DefaultSessionIdManager workerName=node0
datanode_1  | 2023-02-27 12:00:36,463 [b9966605-4ab6-4dce-aad8-e52714a2e061@group-70FF8FC83F34-LeaderElection3] INFO server.RaftServerConfigKeys: raft.server.watch.timeout = 180s (custom)
datanode_1  | 2023-02-27 12:00:36,463 [b9966605-4ab6-4dce-aad8-e52714a2e061@group-70FF8FC83F34-LeaderElection3] INFO server.RaftServerConfigKeys: raft.server.watch.timeout.denomination = 1s (default)
rm_1        | Feb 27, 2023 11:59:37 AM com.sun.jersey.guice.spi.container.GuiceComponentProviderFactory register
datanode_3  | 2023-02-27 12:00:24,104 [pool-22-thread-1] INFO server.RaftServerConfigKeys: raft.server.threadpool.server.size = 0 (default)
om_1        | 2023-02-27 12:00:44,557 [om1-impl-thread1] INFO server.RaftServerConfigKeys: raft.server.log.purge.preservation.log.num = 0 (default)
nm_1        | 2023-02-27 11:59:52 INFO  session:338 - No SessionScavenger set, using defaults
datanode_1  | 2023-02-27 12:00:36,463 [b9966605-4ab6-4dce-aad8-e52714a2e061@group-70FF8FC83F34-LeaderElection3] INFO server.RaftServerConfigKeys: raft.server.watch.element-limit = 65536 (default)
scm_1       | 2023-02-27 11:59:55,495 [48c49273-e72d-4256-8823-58871ba8e14e-impl-thread1] INFO server.RaftServerConfigKeys: raft.server.log.force.sync.num = 128 (default)
rm_1        | INFO: Registering org.apache.hadoop.yarn.server.resourcemanager.webapp.RMWebServices as a root resource class
datanode_3  | 2023-02-27 12:00:24,109 [pool-22-thread-1] INFO server.RaftServerConfigKeys: raft.server.threadpool.client.cached = true (default)
om_1        | 2023-02-27 12:00:44,568 [om1-impl-thread1] INFO server.RaftServerConfigKeys: raft.server.log.segment.size.max = 4194304 (custom)
nm_1        | 2023-02-27 11:59:53 INFO  session:140 - node0 Scavenging every 600000ms
datanode_1  | 2023-02-27 12:00:36,464 [b9966605-4ab6-4dce-aad8-e52714a2e061@group-70FF8FC83F34-LeaderElection3] INFO server.RaftServerConfigKeys: raft.server.write.element-limit = 1024 (custom)
scm_1       | 2023-02-27 11:59:55,497 [48c49273-e72d-4256-8823-58871ba8e14e-impl-thread1] INFO server.RaftServerConfigKeys: raft.server.log.statemachine.data.sync = true (default)
rm_1        | Feb 27, 2023 11:59:37 AM com.sun.jersey.guice.spi.container.GuiceComponentProviderFactory register
datanode_3  | 2023-02-27 12:00:24,116 [pool-22-thread-1] INFO server.RaftServerConfigKeys: raft.server.threadpool.client.size = 0 (default)
om_1        | 2023-02-27 12:00:44,617 [om1-impl-thread1] INFO server.RaftServerConfigKeys: raft.server.log.segment.cache.num.max = 2 (custom)
nm_1        | 2023-02-27 11:59:53 INFO  AuthenticationFilter:240 - Unable to initialize FileSignerSecretProvider, falling back to use random secrets.
datanode_1  | 2023-02-27 12:00:36,464 [b9966605-4ab6-4dce-aad8-e52714a2e061@group-70FF8FC83F34-LeaderElection3] INFO server.RaftServerConfigKeys: raft.server.write.follower.gap.ratio.max = -1.0 (default)
scm_1       | 2023-02-27 11:59:55,497 [48c49273-e72d-4256-8823-58871ba8e14e-impl-thread1] INFO server.RaftServerConfigKeys: raft.server.log.statemachine.data.sync.timeout = 10s (default)
rm_1        | INFO: Registering org.apache.hadoop.yarn.webapp.GenericExceptionHandler as a provider class
datanode_3  | 2023-02-27 12:00:24,117 [pool-22-thread-1] INFO storage.RaftStorageDirectory: The storage directory /data/metadata/ratis/2b0a8999-8a41-492c-b72b-9226256b5d1c does not exist. Creating ...
om_1        | 2023-02-27 12:00:44,628 [om1-impl-thread1] INFO server.RaftServerConfigKeys: raft.server.log.segment.cache.size.max = 200MB (=209715200) (default)
nm_1        | 2023-02-27 11:59:53 INFO  ContextHandler:824 - Started o.e.j.s.ServletContextHandler@7c209437{logs,/logs,file:///opt/hadoop/logs/,AVAILABLE}
scm_1       | 2023-02-27 11:59:55,508 [48c49273-e72d-4256-8823-58871ba8e14e-impl-thread1] INFO server.RaftServerConfigKeys: raft.server.log.statemachine.data.sync.timeout.retry = -1 (default)
datanode_1  | 2023-02-27 12:00:36,464 [b9966605-4ab6-4dce-aad8-e52714a2e061@group-70FF8FC83F34-LeaderElection3] INFO impl.RoleInfo: b9966605-4ab6-4dce-aad8-e52714a2e061: start b9966605-4ab6-4dce-aad8-e52714a2e061@group-70FF8FC83F34-LeaderStateImpl
rm_1        | Feb 27, 2023 11:59:37 AM com.sun.jersey.server.impl.application.WebApplicationImpl _initiate
rm_1        | INFO: Initiating Jersey application, version 'Jersey: 1.19 02/11/2015 03:25 AM'
om_1        | 2023-02-27 12:00:44,644 [om1-impl-thread1] INFO segmented.SegmentedRaftLogWorker: new om1@group-C5BA1605619E-SegmentedRaftLogWorker for RaftStorageImpl:Storage Directory /data/metadata/ratis/bf265839-605b-3f16-9796-c5ba1605619e
nm_1        | 2023-02-27 11:59:53 INFO  ContextHandler:824 - Started o.e.j.s.ServletContextHandler@788fcafb{static,/static,jar:file:/opt/hadoop/share/hadoop/yarn/hadoop-yarn-common-3.2.2.jar!/webapps/static,AVAILABLE}
scm_1       | 2023-02-27 11:59:55,690 [48c49273-e72d-4256-8823-58871ba8e14e-impl-thread1] INFO server.RaftServerConfigKeys: raft.server.log.write.buffer.size = 64KB (=65536) (default)
datanode_1  | 2023-02-27 12:00:36,465 [b9966605-4ab6-4dce-aad8-e52714a2e061@group-70FF8FC83F34-LeaderElection3] INFO segmented.SegmentedRaftLogWorker: b9966605-4ab6-4dce-aad8-e52714a2e061@group-70FF8FC83F34-SegmentedRaftLogWorker: Starting segment from index:0
rm_1        | Feb 27, 2023 11:59:37 AM com.sun.jersey.guice.spi.container.GuiceComponentProviderFactory getComponentProvider
datanode_3  | 2023-02-27 12:00:24,123 [pool-22-thread-1] INFO storage.RaftStorageDirectory: Lock on /data/metadata/ratis/2b0a8999-8a41-492c-b72b-9226256b5d1c/in_use.lock acquired by nodename 7@cc65bfad7835
om_1        | 2023-02-27 12:00:44,646 [om1-impl-thread1] INFO server.RaftServerConfigKeys: raft.server.log.queue.byte-limit = 64MB (=67108864) (default)
nm_1        | 2023-02-27 11:59:53 WARN  WebInfConfiguration:794 - Can't generate resourceBase as part of webapp tmp dir name: java.lang.NullPointerException
nm_1        | 2023-02-27 11:59:54 INFO  TypeUtil:201 - JVM Runtime does not support Modules
datanode_1  | 2023-02-27 12:00:36,480 [b9966605-4ab6-4dce-aad8-e52714a2e061@group-70FF8FC83F34-SegmentedRaftLogWorker] INFO segmented.SegmentedRaftLogWorker: b9966605-4ab6-4dce-aad8-e52714a2e061@group-70FF8FC83F34-SegmentedRaftLogWorker: created new log segment /data/metadata/ratis/c014e518-3d1b-4f5f-b409-70ff8fc83f34/current/log_inprogress_0
rm_1        | INFO: Binding org.apache.hadoop.yarn.server.resourcemanager.webapp.JAXBContextResolver to GuiceManagedComponentProvider with the scope "Singleton"
datanode_3  | 2023-02-27 12:00:24,127 [pool-22-thread-1] INFO storage.RaftStorage: Storage directory /data/metadata/ratis/2b0a8999-8a41-492c-b72b-9226256b5d1c has been successfully formatted.
om_1        | 2023-02-27 12:00:44,648 [om1-impl-thread1] INFO server.RaftServerConfigKeys: raft.server.log.queue.element-limit = 4096 (default)
scm_1       | 2023-02-27 11:59:55,711 [48c49273-e72d-4256-8823-58871ba8e14e-impl-thread1] INFO server.RaftServerConfigKeys: raft.server.log.appender.buffer.byte-limit = 33554432 (custom)
nm_1        | Feb 27, 2023 11:59:54 AM com.sun.jersey.guice.spi.container.GuiceComponentProviderFactory register
datanode_1  | 2023-02-27 12:00:36,518 [b9966605-4ab6-4dce-aad8-e52714a2e061@group-70FF8FC83F34-LeaderElection3] INFO server.RaftServer$Division: b9966605-4ab6-4dce-aad8-e52714a2e061@group-70FF8FC83F34: set configuration 0: peers:[b9966605-4ab6-4dce-aad8-e52714a2e061|rpc:172.20.0.4:9856|admin:172.20.0.4:9857|client:172.20.0.4:9858|dataStream:172.20.0.4:9858|priority:1|startupRole:FOLLOWER]|listeners:[], old=null
rm_1        | Feb 27, 2023 11:59:42 AM com.sun.jersey.guice.spi.container.GuiceComponentProviderFactory getComponentProvider
rm_1        | INFO: Binding org.apache.hadoop.yarn.webapp.GenericExceptionHandler to GuiceManagedComponentProvider with the scope "Singleton"
datanode_3  | 2023-02-27 12:00:24,128 [pool-22-thread-1] INFO ratis.ContainerStateMachine: group-9226256B5D1C: The snapshot info is null. Setting the last applied indexto:(t:0, i:~)
om_1        | 2023-02-27 12:00:44,649 [om1-impl-thread1] INFO server.RaftServerConfigKeys: raft.server.log.segment.size.max = 4194304 (custom)
scm_1       | 2023-02-27 11:59:55,854 [48c49273-e72d-4256-8823-58871ba8e14e-impl-thread1] INFO server.RaftServerConfigKeys: raft.server.log.unsafe-flush.enabled = false (default)
nm_1        | INFO: Registering org.apache.hadoop.yarn.server.nodemanager.webapp.NMWebServices as a root resource class
nm_1        | Feb 27, 2023 11:59:54 AM com.sun.jersey.guice.spi.container.GuiceComponentProviderFactory register
datanode_1  | 2023-02-27 12:01:17,789 [BlockDeletingService#0] INFO interfaces.ContainerDeletionChoosingPolicyTemplate: Chosen 0/5000 blocks from 0 candidate containers.
datanode_3  | 2023-02-27 12:00:24,129 [pool-22-thread-1] INFO server.RaftServerConfigKeys: raft.server.log.use.memory = false (default)
om_1        | 2023-02-27 12:00:44,649 [om1-impl-thread1] INFO server.RaftServerConfigKeys: raft.server.log.preallocated.size = 4194304 (custom)
scm_1       | 2023-02-27 11:59:55,855 [48c49273-e72d-4256-8823-58871ba8e14e-impl-thread1] INFO server.RaftServerConfigKeys: raft.server.log.async-flush.enabled = false (default)
rm_1        | Feb 27, 2023 11:59:45 AM com.sun.jersey.guice.spi.container.GuiceComponentProviderFactory getComponentProvider
nm_1        | INFO: Registering org.apache.hadoop.yarn.webapp.GenericExceptionHandler as a provider class
datanode_1  | 2023-02-27 12:02:17,797 [BlockDeletingService#1] INFO interfaces.ContainerDeletionChoosingPolicyTemplate: Chosen 0/5000 blocks from 0 candidate containers.
om_1        | 2023-02-27 12:00:44,650 [om1-impl-thread1] INFO server.RaftServerConfigKeys: raft.server.log.force.sync.num = 128 (default)
scm_1       | 2023-02-27 11:59:55,860 [48c49273-e72d-4256-8823-58871ba8e14e-impl-thread1] INFO server.RaftServerConfigKeys: raft.server.log.statemachine.data.caching.enabled = false (default)
scm_1       | 2023-02-27 11:59:55,909 [48c49273-e72d-4256-8823-58871ba8e14e-impl-thread1] INFO segmented.SegmentedRaftLogWorker: 48c49273-e72d-4256-8823-58871ba8e14e@group-226B8735DA33-SegmentedRaftLogWorker: flushIndex: setUnconditionally 0 -> -1
scm_1       | 2023-02-27 11:59:55,924 [48c49273-e72d-4256-8823-58871ba8e14e-impl-thread1] INFO segmented.SegmentedRaftLogWorker: 48c49273-e72d-4256-8823-58871ba8e14e@group-226B8735DA33-SegmentedRaftLogWorker: safeCacheEvictIndex: setUnconditionally 0 -> -1
nm_1        | Feb 27, 2023 11:59:54 AM com.sun.jersey.guice.spi.container.GuiceComponentProviderFactory register
datanode_3  | 2023-02-27 12:00:24,129 [pool-22-thread-1] INFO server.RaftServerConfigKeys: raft.server.log.purge.gap = 1000000 (custom)
om_1        | 2023-02-27 12:00:44,652 [om1-impl-thread1] INFO server.RaftServerConfigKeys: raft.server.log.statemachine.data.sync = true (default)
scm_1       | 2023-02-27 11:59:55,936 [48c49273-e72d-4256-8823-58871ba8e14e-impl-thread1] INFO server.RaftServer$Division: 48c49273-e72d-4256-8823-58871ba8e14e@group-226B8735DA33: start as a follower, conf=-1: peers:[48c49273-e72d-4256-8823-58871ba8e14e|rpc:scm:9894|priority:0|startupRole:FOLLOWER]|listeners:[], old=null
datanode_1  | 2023-02-27 12:03:17,801 [BlockDeletingService#0] INFO interfaces.ContainerDeletionChoosingPolicyTemplate: Chosen 0/5000 blocks from 0 candidate containers.
nm_1        | INFO: Registering org.apache.hadoop.yarn.server.nodemanager.webapp.JAXBContextResolver as a provider class
datanode_3  | 2023-02-27 12:00:24,142 [pool-22-thread-1] INFO server.RaftServerConfigKeys: raft.server.log.appender.buffer.byte-limit = 33554432 (custom)
om_1        | 2023-02-27 12:00:44,653 [om1-impl-thread1] INFO server.RaftServerConfigKeys: raft.server.log.statemachine.data.sync.timeout = 10s (default)
scm_1       | 2023-02-27 11:59:55,985 [48c49273-e72d-4256-8823-58871ba8e14e-impl-thread1] INFO server.RaftServer$Division: 48c49273-e72d-4256-8823-58871ba8e14e@group-226B8735DA33: changes role from      null to FOLLOWER at term 0 for startAsFollower
datanode_1  | 2023-02-27 12:04:17,801 [BlockDeletingService#2] INFO interfaces.ContainerDeletionChoosingPolicyTemplate: Chosen 0/5000 blocks from 0 candidate containers.
nm_1        | Feb 27, 2023 11:59:54 AM com.sun.jersey.server.impl.application.WebApplicationImpl _initiate
datanode_3  | 2023-02-27 12:00:24,142 [pool-22-thread-1] INFO server.RaftServerConfigKeys: raft.server.log.statemachine.data.read.timeout = 1000ms (default)
om_1        | 2023-02-27 12:00:44,655 [om1-impl-thread1] INFO server.RaftServerConfigKeys: raft.server.log.statemachine.data.sync.timeout.retry = -1 (default)
rm_1        | INFO: Binding org.apache.hadoop.yarn.server.resourcemanager.webapp.RMWebServices to GuiceManagedComponentProvider with the scope "Singleton"
scm_1       | 2023-02-27 11:59:55,987 [48c49273-e72d-4256-8823-58871ba8e14e-impl-thread1] INFO impl.RoleInfo: 48c49273-e72d-4256-8823-58871ba8e14e: start 48c49273-e72d-4256-8823-58871ba8e14e@group-226B8735DA33-FollowerState
nm_1        | INFO: Initiating Jersey application, version 'Jersey: 1.19 02/11/2015 03:25 AM'
datanode_3  | 2023-02-27 12:00:24,143 [pool-22-thread-1] INFO server.RaftServerConfigKeys: raft.server.log.purge.preservation.log.num = 0 (default)
om_1        | 2023-02-27 12:00:44,667 [om1-impl-thread1] INFO server.RaftServerConfigKeys: raft.server.log.write.buffer.size = 64KB (=65536) (default)
rm_1        | 2023-02-27 11:59:46 INFO  ContextHandler:824 - Started o.e.j.w.WebAppContext@41bf79da{cluster,/,file:///tmp/jetty-rm-8088-_-any-2992127636989009355.dir/webapp/,AVAILABLE}{jar:file:/opt/hadoop/share/hadoop/yarn/hadoop-yarn-common-3.2.2.jar!/webapps/cluster}
scm_1       | 2023-02-27 11:59:56,044 [48c49273-e72d-4256-8823-58871ba8e14e@group-226B8735DA33-FollowerState] INFO server.RaftServerConfigKeys: raft.server.rpc.first-election.timeout.min = 5000ms (fallback to raft.server.rpc.timeout.min)
nm_1        | Feb 27, 2023 11:59:55 AM com.sun.jersey.guice.spi.container.GuiceComponentProviderFactory getComponentProvider
datanode_3  | 2023-02-27 12:00:24,143 [pool-22-thread-1] INFO server.RaftServerConfigKeys: raft.server.log.segment.size.max = 1048576 (custom)
datanode_3  | 2023-02-27 12:00:24,178 [pool-22-thread-1] INFO server.RaftServerConfigKeys: raft.server.log.segment.cache.num.max = 2 (custom)
rm_1        | 2023-02-27 11:59:46 INFO  AbstractConnector:293 - Started ServerConnector@436c81a3{HTTP/1.1,[http/1.1]}{rm:8088}
scm_1       | 2023-02-27 11:59:56,058 [48c49273-e72d-4256-8823-58871ba8e14e@group-226B8735DA33-FollowerState] INFO server.RaftServerConfigKeys: raft.server.rpc.first-election.timeout.max = 5200ms (fallback to raft.server.rpc.timeout.max)
scm_1       | 2023-02-27 11:59:56,045 [48c49273-e72d-4256-8823-58871ba8e14e-impl-thread1] INFO util.JmxRegister: Successfully registered JMX Bean with object name Ratis:service=RaftServer,group=group-226B8735DA33,id=48c49273-e72d-4256-8823-58871ba8e14e
nm_1        | INFO: Binding org.apache.hadoop.yarn.server.nodemanager.webapp.JAXBContextResolver to GuiceManagedComponentProvider with the scope "Singleton"
datanode_3  | 2023-02-27 12:00:24,186 [pool-22-thread-1] INFO server.RaftServerConfigKeys: raft.server.log.segment.cache.size.max = 200MB (=209715200) (default)
datanode_3  | 2023-02-27 12:00:24,190 [pool-22-thread-1] INFO segmented.SegmentedRaftLogWorker: new 6ed14347-cdfe-4d28-8d68-3fe77e2211e8@group-9226256B5D1C-SegmentedRaftLogWorker for RaftStorageImpl:Storage Directory /data/metadata/ratis/2b0a8999-8a41-492c-b72b-9226256b5d1c
rm_1        | 2023-02-27 11:59:46 INFO  Server:399 - Started @25717ms
scm_1       | 2023-02-27 11:59:56,075 [48c49273-e72d-4256-8823-58871ba8e14e-impl-thread1] INFO server.RaftServerConfigKeys: raft.server.snapshot.auto.trigger.enabled = true (custom)
datanode_1  | 2023-02-27 12:05:17,802 [BlockDeletingService#1] INFO interfaces.ContainerDeletionChoosingPolicyTemplate: Chosen 0/5000 blocks from 0 candidate containers.
nm_1        | Feb 27, 2023 11:59:56 AM com.sun.jersey.guice.spi.container.GuiceComponentProviderFactory getComponentProvider
datanode_3  | 2023-02-27 12:00:24,190 [pool-22-thread-1] INFO server.RaftServerConfigKeys: raft.server.log.queue.byte-limit = 4294967296 (custom)
om_1        | 2023-02-27 12:00:44,668 [om1-impl-thread1] INFO server.RaftServerConfigKeys: raft.server.log.appender.buffer.byte-limit = 33554432 (custom)
scm_1       | 2023-02-27 11:59:56,083 [48c49273-e72d-4256-8823-58871ba8e14e-impl-thread1] INFO server.RaftServerConfigKeys: raft.server.snapshot.auto.trigger.threshold = 1000 (custom)
rm_1        | 2023-02-27 11:59:46 INFO  WebApps:450 - Web app cluster started at 8088
rm_1        | 2023-02-27 11:59:46 INFO  CallQueueManager:85 - Using callQueue: class java.util.concurrent.LinkedBlockingQueue, queueCapacity: 100, scheduler: class org.apache.hadoop.ipc.DefaultRpcScheduler, ipcBackoff: false.
nm_1        | INFO: Binding org.apache.hadoop.yarn.webapp.GenericExceptionHandler to GuiceManagedComponentProvider with the scope "Singleton"
nm_1        | Feb 27, 2023 11:59:59 AM com.sun.jersey.guice.spi.container.GuiceComponentProviderFactory getComponentProvider
datanode_3  | 2023-02-27 12:00:24,190 [pool-22-thread-1] INFO server.RaftServerConfigKeys: raft.server.log.queue.element-limit = 1024 (custom)
scm_1       | 2023-02-27 11:59:56,084 [48c49273-e72d-4256-8823-58871ba8e14e-impl-thread1] INFO server.RaftServerConfigKeys: raft.server.snapshot.retention.file.num = -1 (default)
nm_1        | INFO: Binding org.apache.hadoop.yarn.server.nodemanager.webapp.NMWebServices to GuiceManagedComponentProvider with the scope "Singleton"
datanode_1  | 2023-02-27 12:06:17,803 [BlockDeletingService#3] INFO interfaces.ContainerDeletionChoosingPolicyTemplate: Chosen 0/5000 blocks from 0 candidate containers.
