datanode_3  | 2022-12-05 15:11:49,806 [main] INFO retry.RetryInvocationHandler: com.google.protobuf.ServiceException: java.net.ConnectException: Call From 4d6a75e1ed3e/172.18.0.5 to scm:9961 failed on connection exception: java.net.ConnectException: Connection refused; For more details see:  http://wiki.apache.org/hadoop/ConnectionRefused, while invoking $Proxy18.submitRequest over nodeId=scmNodeId,nodeAddress=scm/172.18.0.2:9961 after 9 failover attempts. Trying to failover after sleeping for 2000ms.
datanode_3  | 2022-12-05 15:11:56,210 [main] INFO retry.RetryInvocationHandler: com.google.protobuf.ServiceException: org.apache.hadoop.ipc.RemoteException(org.apache.hadoop.hdds.ratis.ServerNotLeaderException): Server:27ba5b76-bc39-4767-95a2-50286e2bcfd3 is not the leader. Could not determine the leader node.
datanode_3  | 	at org.apache.hadoop.hdds.ratis.ServerNotLeaderException.convertToNotLeaderException(ServerNotLeaderException.java:109)
datanode_3  | 	at org.apache.hadoop.hdds.scm.ha.RatisUtil.checkRatisException(RatisUtil.java:246)
datanode_3  | 	at org.apache.hadoop.hdds.scm.protocol.SCMSecurityProtocolServerSideTranslatorPB.submitRequest(SCMSecurityProtocolServerSideTranslatorPB.java:93)
scm_1       | STARTUP_MSG:   classpath = /etc/hadoop:/opt/hadoop/share/ozone/lib/kerb-simplekdc-1.0.1.jar:/opt/hadoop/share/ozone/lib/netty-transport-4.1.77.Final.jar:/opt/hadoop/share/ozone/lib/slf4j-reload4j-1.7.36.jar:/opt/hadoop/share/ozone/lib/protobuf-java-2.5.0.jar:/opt/hadoop/share/ozone/lib/jaxb-core-2.3.0.1.jar:/opt/hadoop/share/ozone/lib/istack-commons-runtime-3.0.5.jar:/opt/hadoop/share/ozone/lib/commons-validator-1.6.jar:/opt/hadoop/share/ozone/lib/bcpkix-jdk15on-1.67.jar:/opt/hadoop/share/ozone/lib/hdds-interface-admin-1.3.0-SNAPSHOT.jar:/opt/hadoop/share/ozone/lib/kerb-core-1.0.1.jar:/opt/hadoop/share/ozone/lib/hadoop-shaded-protobuf_3_7-1.1.1.jar:/opt/hadoop/share/ozone/lib/hdds-container-service-1.3.0-SNAPSHOT.jar:/opt/hadoop/share/ozone/lib/jsr305-3.0.0.jar:/opt/hadoop/share/ozone/lib/j2objc-annotations-1.3.jar:/opt/hadoop/share/ozone/lib/jetty-webapp-9.4.49.v20220914.jar:/opt/hadoop/share/ozone/lib/picocli-4.6.1.jar:/opt/hadoop/share/ozone/lib/javassist-3.21.0-GA.jar:/opt/hadoop/share/ozone/lib/jaxb-api-2.3.0.jar:/opt/hadoop/share/ozone/lib/commons-codec-1.15.jar:/opt/hadoop/share/ozone/lib/kerb-util-1.0.1.jar:/opt/hadoop/share/ozone/lib/hadoop-shaded-guava-1.1.1.jar:/opt/hadoop/share/ozone/lib/kotlin-stdlib-1.6.21.jar:/opt/hadoop/share/ozone/lib/log4j-core-2.17.1.jar:/opt/hadoop/share/ozone/lib/commons-logging-1.2.jar:/opt/hadoop/share/ozone/lib/ratis-thirdparty-misc-1.0.3.jar:/opt/hadoop/share/ozone/lib/jetty-security-9.4.49.v20220914.jar:/opt/hadoop/share/ozone/lib/accessors-smart-2.4.7.jar:/opt/hadoop/share/ozone/lib/kerby-xdr-1.0.1.jar:/opt/hadoop/share/ozone/lib/netty-handler-4.1.77.Final.jar:/opt/hadoop/share/ozone/lib/txw2-2.3.0.1.jar:/opt/hadoop/share/ozone/lib/httpcore-4.4.13.jar:/opt/hadoop/share/ozone/lib/guava-31.1-jre.jar:/opt/hadoop/share/ozone/lib/opentracing-tracerresolver-0.1.8.jar:/opt/hadoop/share/ozone/lib/commons-net-3.6.jar:/opt/hadoop/share/ozone/lib/ratis-grpc-2.4.2-8b8bdda-SNAPSHOT.jar:/opt/hadoop/share/ozone/lib/hadoop-auth-3.3.4.jar:/opt/hadoop/share/ozone/lib/libthrift-0.14.1.jar:/opt/hadoop/share/ozone/lib/stax-ex-1.7.8.jar:/opt/hadoop/share/ozone/lib/error_prone_annotations-2.2.0.jar:/opt/hadoop/share/ozone/lib/kotlin-stdlib-common-1.4.10.jar:/opt/hadoop/share/ozone/lib/httpclient-4.5.13.jar:/opt/hadoop/share/ozone/lib/ratis-proto-2.4.2-8b8bdda-SNAPSHOT.jar:/opt/hadoop/share/ozone/lib/jaeger-client-1.6.0.jar:/opt/hadoop/share/ozone/lib/kerby-config-1.0.1.jar:/opt/hadoop/share/ozone/lib/jackson-annotations-2.13.4.jar:/opt/hadoop/share/ozone/lib/commons-io-2.11.0.jar:/opt/hadoop/share/ozone/lib/metrics-core-3.2.4.jar:/opt/hadoop/share/ozone/lib/hadoop-annotations-3.3.4.jar:/opt/hadoop/share/ozone/lib/kerby-pkix-1.0.1.jar:/opt/hadoop/share/ozone/lib/jetty-util-9.4.49.v20220914.jar:/opt/hadoop/share/ozone/lib/json-smart-2.4.7.jar:/opt/hadoop/share/ozone/lib/hdds-interface-client-1.3.0-SNAPSHOT.jar:/opt/hadoop/share/ozone/lib/jetty-io-9.4.49.v20220914.jar:/opt/hadoop/share/ozone/lib/jsr311-api-1.1.1.jar:/opt/hadoop/share/ozone/lib/hdds-annotation-processing-1.3.0-SNAPSHOT.jar:/opt/hadoop/share/ozone/lib/jetty-server-9.4.49.v20220914.jar:/opt/hadoop/share/ozone/lib/commons-beanutils-1.9.4.jar:/opt/hadoop/share/ozone/lib/hdds-server-framework-1.3.0-SNAPSHOT.jar:/opt/hadoop/share/ozone/lib/javax.servlet-api-3.1.0.jar:/opt/hadoop/share/ozone/lib/kerb-server-1.0.1.jar:/opt/hadoop/share/ozone/lib/netty-resolver-4.1.77.Final.jar:/opt/hadoop/share/ozone/lib/hdds-common-1.3.0-SNAPSHOT.jar:/opt/hadoop/share/ozone/lib/kerb-client-1.0.1.jar:/opt/hadoop/share/ozone/lib/jetty-xml-9.4.49.v20220914.jar:/opt/hadoop/share/ozone/lib/hadoop-common-3.3.4.jar:/opt/hadoop/share/ozone/lib/disruptor-3.4.2.jar:/opt/hadoop/share/ozone/lib/reflections-0.9.11.jar:/opt/hadoop/share/ozone/lib/gson-2.9.0.jar:/opt/hadoop/share/ozone/lib/snakeyaml-1.33.jar:/opt/hadoop/share/ozone/lib/hdds-erasurecode-1.3.0-SNAPSHOT.jar:/opt/hadoop/share/ozone/lib/nimbus-jose-jwt-9.8.1.jar:/opt/hadoop/share/ozone/lib/hdds-interface-server-1.3.0-SNAPSHOT.jar:/opt/hadoop/share/ozone/lib/ratis-common-2.4.2-8b8bdda-SNAPSHOT.jar:/opt/hadoop/share/ozone/lib/annotations-13.0.jar:/opt/hadoop/share/ozone/lib/simpleclient_common-0.7.0.jar:/opt/hadoop/share/ozone/lib/jaeger-thrift-1.6.0.jar:/opt/hadoop/share/ozone/lib/dnsjava-2.1.7.jar:/opt/hadoop/share/ozone/lib/rocksdbjni-7.7.3.jar:/opt/hadoop/share/ozone/lib/bcprov-jdk15on-1.67.jar:/opt/hadoop/share/ozone/lib/commons-configuration2-2.1.1.jar:/opt/hadoop/share/ozone/lib/token-provider-1.0.1.jar:/opt/hadoop/share/ozone/lib/commons-daemon-1.0.13.jar:/opt/hadoop/share/ozone/lib/listenablefuture-9999.0-empty-to-avoid-conflict-with-guava.jar:/opt/hadoop/share/ozone/lib/jaeger-tracerresolver-1.6.0.jar:/opt/hadoop/share/ozone/lib/slf4j-api-1.7.36.jar:/opt/hadoop/share/ozone/lib/commons-lang3-3.7.jar:/opt/hadoop/share/ozone/lib/re2j-1.1.jar:/opt/hadoop/share/ozone/lib/jackson-datatype-jsr310-2.13.4.jar:/opt/hadoop/share/ozone/lib/simpleclient_dropwizard-0.7.0.jar:/opt/hadoop/share/ozone/lib/simpleclient-0.7.0.jar:/opt/hadoop/share/ozone/lib/ratis-metrics-2.4.2-8b8bdda-SNAPSHOT.jar:/opt/hadoop/share/ozone/lib/asm-5.0.4.jar:/opt/hadoop/share/ozone/lib/kerby-util-1.0.1.jar:/opt/hadoop/share/ozone/lib/netty-codec-4.1.77.Final.jar:/opt/hadoop/share/ozone/lib/failureaccess-1.0.1.jar:/opt/hadoop/share/ozone/lib/jackson-databind-2.13.4.2.jar:/opt/hadoop/share/ozone/lib/okio-2.8.0.jar:/opt/hadoop/share/ozone/lib/jetty-servlet-9.4.49.v20220914.jar:/opt/hadoop/share/ozone/lib/hdds-config-1.3.0-SNAPSHOT.jar:/opt/hadoop/share/ozone/lib/jsp-api-2.1.jar:/opt/hadoop/share/ozone/lib/jsch-0.1.54.jar:/opt/hadoop/share/ozone/lib/jakarta.activation-api-1.2.1.jar:/opt/hadoop/share/ozone/lib/reload4j-1.2.22.jar:/opt/hadoop/share/ozone/lib/woodstox-core-5.4.0.jar:/opt/hadoop/share/ozone/lib/commons-pool2-2.6.0.jar:/opt/hadoop/share/ozone/lib/opentracing-api-0.33.0.jar:/opt/hadoop/share/ozone/lib/jcip-annotations-1.0-1.jar:/opt/hadoop/share/ozone/lib/kerb-admin-1.0.1.jar:/opt/hadoop/share/ozone/lib/jetty-util-ajax-9.4.49.v20220914.jar:/opt/hadoop/share/ozone/lib/netty-buffer-4.1.77.Final.jar:/opt/hadoop/share/ozone/lib/opentracing-noop-0.33.0.jar:/opt/hadoop/share/ozone/lib/hadoop-hdfs-client-3.3.4.jar:/opt/hadoop/share/ozone/lib/jersey-core-1.19.jar:/opt/hadoop/share/ozone/lib/commons-compress-1.21.jar:/opt/hadoop/share/ozone/lib/jaxb-runtime-2.3.0.1.jar:/opt/hadoop/share/ozone/lib/hadoop-hdfs-3.3.4.jar:/opt/hadoop/share/ozone/lib/jackson-core-2.13.4.jar:/opt/hadoop/share/ozone/lib/opentracing-util-0.33.0.jar:/opt/hadoop/share/ozone/lib/hdds-client-1.3.0-SNAPSHOT.jar:/opt/hadoop/share/ozone/lib/stax2-api-4.2.1.jar:/opt/hadoop/share/ozone/lib/hdds-hadoop-dependency-client-1.3.0-SNAPSHOT.jar:/opt/hadoop/share/ozone/lib/snappy-java-1.1.8.2.jar:/opt/hadoop/share/ozone/lib/ratis-netty-2.4.2-8b8bdda-SNAPSHOT.jar:/opt/hadoop/share/ozone/lib/commons-cli-1.2.jar:/opt/hadoop/share/ozone/lib/log4j-api-2.17.1.jar:/opt/hadoop/share/ozone/lib/javax.annotation-api-1.2.jar:/opt/hadoop/share/ozone/lib/ratis-server-api-2.4.2-8b8bdda-SNAPSHOT.jar:/opt/hadoop/share/ozone/lib/kerby-asn1-1.0.1.jar:/opt/hadoop/share/ozone/lib/okhttp-4.9.3.jar:/opt/hadoop/share/ozone/lib/checker-qual-3.12.0.jar:/opt/hadoop/share/ozone/lib/commons-digester-1.8.1.jar:/opt/hadoop/share/ozone/lib/commons-collections-3.2.2.jar:/opt/hadoop/share/ozone/lib/jaeger-core-1.6.0.jar:/opt/hadoop/share/ozone/lib/ratis-client-2.4.2-8b8bdda-SNAPSHOT.jar:/opt/hadoop/share/ozone/lib/commons-text-1.4.jar:/opt/hadoop/share/ozone/lib/jersey-servlet-1.19.jar:/opt/hadoop/share/ozone/lib/ratis-server-2.4.2-8b8bdda-SNAPSHOT.jar:/opt/hadoop/share/ozone/lib/jetty-http-9.4.49.v20220914.jar:/opt/hadoop/share/ozone/lib/kerb-identity-1.0.1.jar:/opt/hadoop/share/ozone/lib/FastInfoset-1.2.13.jar:/opt/hadoop/share/ozone/lib/kerb-common-1.0.1.jar:/opt/hadoop/share/ozone/lib/jersey-server-1.19.jar:/opt/hadoop/share/ozone/lib/hdds-hadoop-dependency-server-1.3.0-SNAPSHOT.jar:/opt/hadoop/share/ozone/lib/kerb-crypto-1.0.1.jar:/opt/hadoop/share/ozone/lib/netty-common-4.1.77.Final.jar:/opt/hadoop/share/ozone/web:/opt/hadoop/share/ozone/lib/hdds-server-scm-1.3.0-SNAPSHOT.jar
recon_1     | 2022-12-05 15:11:22,613 [main] INFO recon.ReconServer: Ozone security is enabled. Attempting login for Recon service. Principal: recon/recon@EXAMPLE.COM, keytab: /etc/security/keytabs/recon.keytab
datanode_1  | 	at org.apache.hadoop.ozone.container.common.states.datanode.RunningDatanodeState.await(RunningDatanodeState.java:239)
datanode_3  | 	at org.apache.hadoop.hdds.protocol.proto.SCMSecurityProtocolProtos$SCMSecurityProtocolService$2.callBlockingMethod(SCMSecurityProtocolProtos.java:16080)
datanode_3  | 	at org.apache.hadoop.ipc.ProtobufRpcEngine$Server.processCall(ProtobufRpcEngine.java:465)
datanode_3  | 	at org.apache.hadoop.ipc.ProtobufRpcEngine2$Server$ProtoBufRpcInvoker.call(ProtobufRpcEngine2.java:578)
datanode_3  | 	at org.apache.hadoop.ipc.ProtobufRpcEngine2$Server$ProtoBufRpcInvoker.call(ProtobufRpcEngine2.java:556)
datanode_3  | 	at org.apache.hadoop.ipc.RPC$Server.call(RPC.java:1093)
datanode_2  | 2022-12-05 15:12:40,655 [grpc-default-executor-0] INFO server.RaftServer$Division: aeadc4fa-8da6-4243-a7df-a1dec33ca96a@group-4B6C77AD8CE7: receive requestVote(ELECTION, acd3abac-158e-457f-9a75-9b0827873f1c, group-4B6C77AD8CE7, 1, (t:0, i:0))
scm_1       | STARTUP_MSG:   build = https://github.com/apache/ozone/a1bc9b86dee0bc94a426f8b844268ed84f94b0fa ; compiled by 'runner' on 2022-12-05T14:57Z
recon_1     | 2022-12-05 15:11:24,437 [main] INFO security.UserGroupInformation: Login successful for user recon/recon@EXAMPLE.COM using keytab file recon.keytab. Keytab auto renewal enabled : false
datanode_1  | 	at org.apache.hadoop.ozone.container.common.states.datanode.RunningDatanodeState.await(RunningDatanodeState.java:50)
datanode_3  | 	at org.apache.hadoop.ipc.Server$RpcCall.run(Server.java:1043)
datanode_3  | 	at org.apache.hadoop.ipc.Server$RpcCall.run(Server.java:971)
datanode_3  | 	at java.base/java.security.AccessController.doPrivileged(Native Method)
datanode_3  | 	at java.base/javax.security.auth.Subject.doAs(Subject.java:423)
datanode_3  | 	at org.apache.hadoop.security.UserGroupInformation.doAs(UserGroupInformation.java:1878)
datanode_2  | 2022-12-05 15:12:40,664 [grpc-default-executor-0] INFO impl.VoteContext: aeadc4fa-8da6-4243-a7df-a1dec33ca96a@group-4B6C77AD8CE7-FOLLOWER: accept ELECTION from acd3abac-158e-457f-9a75-9b0827873f1c: our priority 0 <= candidate's priority 0
scm_1       | STARTUP_MSG:   java = 11.0.14.1
scm_1       | ************************************************************/
scm_1       | 2022-12-05 15:11:17,918 [main] INFO server.StorageContainerManagerStarter: registered UNIX signal handlers for [TERM, HUP, INT]
scm_1       | 2022-12-05 15:11:19,159 [main] WARN server.ServerUtils: ozone.scm.db.dirs is not configured. We recommend adding this setting. Falling back to ozone.metadata.dirs instead.
om_1        | 2022-12-05 15:11:46,237 [main] INFO retry.RetryInvocationHandler: com.google.protobuf.ServiceException: java.net.ConnectException: Call From om/172.18.0.10 to scm:9863 failed on connection exception: java.net.ConnectException: Connection refused; For more details see:  http://wiki.apache.org/hadoop/ConnectionRefused, while invoking $Proxy31.send over nodeId=scmNodeId,nodeAddress=scm/172.18.0.2:9863 after 10 failover attempts. Trying to failover after sleeping for 2000ms.
kdc_1       | Dec 05 15:17:35 kdc krb5kdc[6](info): AS_REQ (8 etypes {aes256-cts-hmac-sha1-96(18), aes128-cts-hmac-sha1-96(17), aes256-cts-hmac-sha384-192(20), aes128-cts-hmac-sha256-128(19), DEPRECATED:des3-cbc-sha1(16), DEPRECATED:arcfour-hmac(23), camellia128-cts-cmac(25), camellia256-cts-cmac(26)}) 172.18.0.2: ISSUE: authtime 1670253455, etypes {rep=aes256-cts-hmac-sha1-96(18), tkt=aes256-cts-hmac-sha1-96(18), ses=aes256-cts-hmac-sha1-96(18)}, testuser/scm@EXAMPLE.COM for krbtgt/EXAMPLE.COM@EXAMPLE.COM
kdc_1       | Dec 05 15:17:35 kdc krb5kdc[6](info): AS_REQ (8 etypes {aes256-cts-hmac-sha1-96(18), aes128-cts-hmac-sha1-96(17), aes256-cts-hmac-sha384-192(20), aes128-cts-hmac-sha256-128(19), DEPRECATED:des3-cbc-sha1(16), DEPRECATED:arcfour-hmac(23), camellia128-cts-cmac(25), camellia256-cts-cmac(26)}) 172.18.0.2: ISSUE: authtime 1670253455, etypes {rep=aes256-cts-hmac-sha1-96(18), tkt=aes256-cts-hmac-sha1-96(18), ses=aes256-cts-hmac-sha1-96(18)}, testuser2/scm@EXAMPLE.COM for krbtgt/EXAMPLE.COM@EXAMPLE.COM
kdc_1       | Dec 05 15:17:39 kdc krb5kdc[6](info): TGS_REQ (6 etypes {aes256-cts-hmac-sha1-96(18), aes128-cts-hmac-sha1-96(17), aes256-cts-hmac-sha384-192(20), aes128-cts-hmac-sha256-128(19), DEPRECATED:des3-cbc-sha1(16), DEPRECATED:arcfour-hmac(23)}) 172.18.0.2: ISSUE: authtime 1670253455, etypes {rep=aes256-cts-hmac-sha1-96(18), tkt=aes256-cts-hmac-sha1-96(18), ses=aes256-cts-hmac-sha1-96(18)}, testuser2/scm@EXAMPLE.COM for om/om@EXAMPLE.COM
datanode_2  | 2022-12-05 15:12:40,674 [grpc-default-executor-0] INFO server.RaftServer$Division: aeadc4fa-8da6-4243-a7df-a1dec33ca96a@group-4B6C77AD8CE7: changes role from  FOLLOWER to FOLLOWER at term 1 for candidate:acd3abac-158e-457f-9a75-9b0827873f1c
datanode_3  | 	at org.apache.hadoop.ipc.Server$Handler.run(Server.java:2976)
datanode_1  | 	at org.apache.hadoop.ozone.container.common.statemachine.StateContext.execute(StateContext.java:661)
recon_1     | 2022-12-05 15:11:24,437 [main] INFO recon.ReconServer: Recon login successful.
om_1        | 2022-12-05 15:11:48,241 [main] INFO retry.RetryInvocationHandler: com.google.protobuf.ServiceException: java.net.ConnectException: Call From om/172.18.0.10 to scm:9863 failed on connection exception: java.net.ConnectException: Connection refused; For more details see:  http://wiki.apache.org/hadoop/ConnectionRefused, while invoking $Proxy31.send over nodeId=scmNodeId,nodeAddress=scm/172.18.0.2:9863 after 11 failover attempts. Trying to failover after sleeping for 2000ms.
om_1        | 2022-12-05 15:11:50,243 [main] INFO retry.RetryInvocationHandler: com.google.protobuf.ServiceException: java.net.ConnectException: Call From om/172.18.0.10 to scm:9863 failed on connection exception: java.net.ConnectException: Connection refused; For more details see:  http://wiki.apache.org/hadoop/ConnectionRefused, while invoking $Proxy31.send over nodeId=scmNodeId,nodeAddress=scm/172.18.0.2:9863 after 12 failover attempts. Trying to failover after sleeping for 2000ms.
om_1        | 2022-12-05 15:11:52,245 [main] INFO retry.RetryInvocationHandler: com.google.protobuf.ServiceException: java.net.ConnectException: Call From om/172.18.0.10 to scm:9863 failed on connection exception: java.net.ConnectException: Connection refused; For more details see:  http://wiki.apache.org/hadoop/ConnectionRefused, while invoking $Proxy31.send over nodeId=scmNodeId,nodeAddress=scm/172.18.0.2:9863 after 13 failover attempts. Trying to failover after sleeping for 2000ms.
om_1        | 2022-12-05 15:11:56,208 [main] INFO retry.RetryInvocationHandler: com.google.protobuf.ServiceException: org.apache.hadoop.ipc.RemoteException(org.apache.hadoop.hdds.ratis.ServerNotLeaderException): Server:27ba5b76-bc39-4767-95a2-50286e2bcfd3 is not the leader. Could not determine the leader node.
scm_1       | 2022-12-05 15:11:19,864 [main] INFO ha.SCMHANodeDetails: ServiceID for StorageContainerManager is null
datanode_2  | 2022-12-05 15:12:40,689 [grpc-default-executor-0] INFO impl.RoleInfo: aeadc4fa-8da6-4243-a7df-a1dec33ca96a: shutdown aeadc4fa-8da6-4243-a7df-a1dec33ca96a@group-4B6C77AD8CE7-FollowerState
datanode_2  | 2022-12-05 15:12:40,698 [grpc-default-executor-0] INFO impl.RoleInfo: aeadc4fa-8da6-4243-a7df-a1dec33ca96a: start aeadc4fa-8da6-4243-a7df-a1dec33ca96a@group-4B6C77AD8CE7-FollowerState
datanode_1  | 	at org.apache.hadoop.ozone.container.common.statemachine.DatanodeStateMachine.startStateMachineThread(DatanodeStateMachine.java:306)
om_1        | 	at org.apache.hadoop.hdds.ratis.ServerNotLeaderException.convertToNotLeaderException(ServerNotLeaderException.java:109)
om_1        | 	at org.apache.hadoop.hdds.scm.ha.RatisUtil.checkRatisException(RatisUtil.java:246)
om_1        | 	at org.apache.hadoop.hdds.scm.protocol.ScmBlockLocationProtocolServerSideTranslatorPB.send(ScmBlockLocationProtocolServerSideTranslatorPB.java:109)
om_1        | 	at org.apache.hadoop.hdds.protocol.proto.ScmBlockLocationProtocolProtos$ScmBlockLocationProtocolService$2.callBlockingMethod(ScmBlockLocationProtocolProtos.java:14202)
kdc_1       | Dec 05 15:17:40 kdc krb5kdc[6](info): AS_REQ (8 etypes {aes256-cts-hmac-sha1-96(18), aes128-cts-hmac-sha1-96(17), aes256-cts-hmac-sha384-192(20), aes128-cts-hmac-sha256-128(19), DEPRECATED:des3-cbc-sha1(16), DEPRECATED:arcfour-hmac(23), camellia128-cts-cmac(25), camellia256-cts-cmac(26)}) 172.18.0.2: ISSUE: authtime 1670253460, etypes {rep=aes256-cts-hmac-sha1-96(18), tkt=aes256-cts-hmac-sha1-96(18), ses=aes256-cts-hmac-sha1-96(18)}, testuser/scm@EXAMPLE.COM for krbtgt/EXAMPLE.COM@EXAMPLE.COM
scm_1       | 2022-12-05 15:11:20,214 [main] INFO ha.SCMHANodeDetails: ozone.scm.default.service.id is not defined, falling back to ozone.scm.service.ids to find serviceID for StorageContainerManager if it is HA enabled cluster
datanode_2  | 2022-12-05 15:12:40,702 [aeadc4fa-8da6-4243-a7df-a1dec33ca96a@group-4B6C77AD8CE7-FollowerState] INFO impl.FollowerState: aeadc4fa-8da6-4243-a7df-a1dec33ca96a@group-4B6C77AD8CE7-FollowerState was interrupted
datanode_2  | 2022-12-05 15:12:40,753 [aeadc4fa-8da6-4243-a7df-a1dec33ca96a@group-4B6C77AD8CE7-FollowerState] INFO server.RaftServerConfigKeys: raft.server.rpc.first-election.timeout.min = 5s (fallback to raft.server.rpc.timeout.min)
s3g_1       | 2022-12-05 15:11:20,624 [main] INFO handler.ContextHandler: Started o.e.j.s.ServletContextHandler@7bf9b098{logs,/logs,file:///var/log/hadoop/,AVAILABLE}
s3g_1       | 2022-12-05 15:11:20,625 [main] INFO handler.ContextHandler: Started o.e.j.s.ServletContextHandler@209775a9{static,/static,jar:file:/opt/hadoop/share/ozone/lib/ozone-s3gateway-1.3.0-SNAPSHOT.jar!/webapps/static,AVAILABLE}
s3g_1       | WARNING: An illegal reflective access operation has occurred
s3g_1       | WARNING: Illegal reflective access by org.jboss.weld.util.reflection.Formats (file:/opt/hadoop/share/ozone/lib/weld-servlet-2.4.7.Final.jar) to constructor com.sun.org.apache.bcel.internal.classfile.ClassParser(java.io.InputStream,java.lang.String)
datanode_1  | 	at org.apache.hadoop.ozone.container.common.statemachine.DatanodeStateMachine.lambda$startDaemon$0(DatanodeStateMachine.java:506)
recon_1     | 2022-12-05 15:11:24,522 [main] INFO recon.ReconServer: ReconStorageConfig initialized.Initializing certificate.
scm_1       | 2022-12-05 15:11:21,463 [main] INFO ha.HASecurityUtils: Initializing secure StorageContainerManager.
datanode_3  | , while invoking $Proxy18.submitRequest over nodeId=scmNodeId,nodeAddress=scm/172.18.0.2:9961 after 10 failover attempts. Trying to failover after sleeping for 2000ms.
datanode_3  | 2022-12-05 15:11:58,218 [main] INFO retry.RetryInvocationHandler: com.google.protobuf.ServiceException: org.apache.hadoop.ipc.RemoteException(org.apache.hadoop.hdds.ratis.ServerNotLeaderException): Server:27ba5b76-bc39-4767-95a2-50286e2bcfd3 is not the leader. Could not determine the leader node.
datanode_3  | 	at org.apache.hadoop.hdds.ratis.ServerNotLeaderException.convertToNotLeaderException(ServerNotLeaderException.java:109)
datanode_3  | 	at org.apache.hadoop.hdds.scm.ha.RatisUtil.checkRatisException(RatisUtil.java:246)
datanode_3  | 	at org.apache.hadoop.hdds.scm.protocol.SCMSecurityProtocolServerSideTranslatorPB.submitRequest(SCMSecurityProtocolServerSideTranslatorPB.java:93)
kdc_1       | Dec 05 15:17:40 kdc krb5kdc[6](info): AS_REQ (8 etypes {aes256-cts-hmac-sha1-96(18), aes128-cts-hmac-sha1-96(17), aes256-cts-hmac-sha384-192(20), aes128-cts-hmac-sha256-128(19), DEPRECATED:des3-cbc-sha1(16), DEPRECATED:arcfour-hmac(23), camellia128-cts-cmac(25), camellia256-cts-cmac(26)}) 172.18.0.2: ISSUE: authtime 1670253460, etypes {rep=aes256-cts-hmac-sha1-96(18), tkt=aes256-cts-hmac-sha1-96(18), ses=aes256-cts-hmac-sha1-96(18)}, testuser2/scm@EXAMPLE.COM for krbtgt/EXAMPLE.COM@EXAMPLE.COM
kdc_1       | Dec 05 15:17:45 kdc krb5kdc[6](info): TGS_REQ (6 etypes {aes256-cts-hmac-sha1-96(18), aes128-cts-hmac-sha1-96(17), aes256-cts-hmac-sha384-192(20), aes128-cts-hmac-sha256-128(19), DEPRECATED:des3-cbc-sha1(16), DEPRECATED:arcfour-hmac(23)}) 172.18.0.2: ISSUE: authtime 1670253460, etypes {rep=aes256-cts-hmac-sha1-96(18), tkt=aes256-cts-hmac-sha1-96(18), ses=aes256-cts-hmac-sha1-96(18)}, testuser2/scm@EXAMPLE.COM for om/om@EXAMPLE.COM
kdc_1       | Dec 05 15:17:50 kdc krb5kdc[6](info): TGS_REQ (6 etypes {aes256-cts-hmac-sha1-96(18), aes128-cts-hmac-sha1-96(17), aes256-cts-hmac-sha384-192(20), aes128-cts-hmac-sha256-128(19), DEPRECATED:des3-cbc-sha1(16), DEPRECATED:arcfour-hmac(23)}) 172.18.0.2: ISSUE: authtime 1670253460, etypes {rep=aes256-cts-hmac-sha1-96(18), tkt=aes256-cts-hmac-sha1-96(18), ses=aes256-cts-hmac-sha1-96(18)}, testuser2/scm@EXAMPLE.COM for om/om@EXAMPLE.COM
scm_1       | 2022-12-05 15:11:30,013 [main] ERROR client.SCMCertificateClient: Default certificate serial id is not set. Can't locate the default certificate for this client.
om_1        | 	at org.apache.hadoop.ipc.ProtobufRpcEngine$Server.processCall(ProtobufRpcEngine.java:465)
om_1        | 	at org.apache.hadoop.ipc.ProtobufRpcEngine2$Server$ProtoBufRpcInvoker.call(ProtobufRpcEngine2.java:578)
om_1        | 	at org.apache.hadoop.ipc.ProtobufRpcEngine2$Server$ProtoBufRpcInvoker.call(ProtobufRpcEngine2.java:556)
om_1        | 	at org.apache.hadoop.ipc.RPC$Server.call(RPC.java:1093)
om_1        | 	at org.apache.hadoop.ipc.Server$RpcCall.run(Server.java:1043)
om_1        | 	at org.apache.hadoop.ipc.Server$RpcCall.run(Server.java:971)
datanode_1  | 	at java.base/java.lang.Thread.run(Thread.java:829)
recon_1     | 2022-12-05 15:11:24,524 [main] INFO recon.ReconServer: Initializing secure Recon.
scm_1       | 2022-12-05 15:11:30,079 [main] INFO client.SCMCertificateClient: Certificate client init case: 0
om_1        | 	at java.base/java.security.AccessController.doPrivileged(Native Method)
om_1        | 	at java.base/javax.security.auth.Subject.doAs(Subject.java:423)
om_1        | 	at org.apache.hadoop.security.UserGroupInformation.doAs(UserGroupInformation.java:1878)
om_1        | 	at org.apache.hadoop.ipc.Server$Handler.run(Server.java:2976)
om_1        | , while invoking $Proxy31.send over nodeId=scmNodeId,nodeAddress=scm/172.18.0.2:9863 after 14 failover attempts. Trying to failover after sleeping for 2000ms.
om_1        | 2022-12-05 15:11:58,216 [main] INFO retry.RetryInvocationHandler: com.google.protobuf.ServiceException: org.apache.hadoop.ipc.RemoteException(org.apache.hadoop.hdds.ratis.ServerNotLeaderException): Server:27ba5b76-bc39-4767-95a2-50286e2bcfd3 is not the leader. Could not determine the leader node.
datanode_2  | 2022-12-05 15:12:40,753 [aeadc4fa-8da6-4243-a7df-a1dec33ca96a@group-4B6C77AD8CE7-FollowerState] INFO server.RaftServerConfigKeys: raft.server.rpc.first-election.timeout.max = 5200ms (fallback to raft.server.rpc.timeout.max)
recon_1     | 2022-12-05 15:11:27,624 [main] ERROR client.ReconCertificateClient: Default certificate serial id is not set. Can't locate the default certificate for this client.
recon_1     | 2022-12-05 15:11:27,633 [main] INFO client.ReconCertificateClient: Certificate client init case: 0
recon_1     | 2022-12-05 15:11:27,642 [main] INFO client.ReconCertificateClient: Creating keypair for client as keypair and certificate not found.
s3g_1       | WARNING: Please consider reporting this to the maintainers of org.jboss.weld.util.reflection.Formats
s3g_1       | WARNING: Use --illegal-access=warn to enable warnings of further illegal reflective access operations
s3g_1       | WARNING: All illegal access operations will be denied in a future release
kdc_1       | Dec 05 15:17:52 kdc krb5kdc[6](info): AS_REQ (8 etypes {aes256-cts-hmac-sha1-96(18), aes128-cts-hmac-sha1-96(17), aes256-cts-hmac-sha384-192(20), aes128-cts-hmac-sha256-128(19), DEPRECATED:des3-cbc-sha1(16), DEPRECATED:arcfour-hmac(23), camellia128-cts-cmac(25), camellia256-cts-cmac(26)}) 172.18.0.2: ISSUE: authtime 1670253472, etypes {rep=aes256-cts-hmac-sha1-96(18), tkt=aes256-cts-hmac-sha1-96(18), ses=aes256-cts-hmac-sha1-96(18)}, testuser/scm@EXAMPLE.COM for krbtgt/EXAMPLE.COM@EXAMPLE.COM
kdc_1       | Dec 05 15:17:56 kdc krb5kdc[6](info): TGS_REQ (6 etypes {aes256-cts-hmac-sha1-96(18), aes128-cts-hmac-sha1-96(17), aes256-cts-hmac-sha384-192(20), aes128-cts-hmac-sha256-128(19), DEPRECATED:des3-cbc-sha1(16), DEPRECATED:arcfour-hmac(23)}) 172.18.0.2: ISSUE: authtime 1670253472, etypes {rep=aes256-cts-hmac-sha1-96(18), tkt=aes256-cts-hmac-sha1-96(18), ses=aes256-cts-hmac-sha1-96(18)}, testuser/scm@EXAMPLE.COM for om/om@EXAMPLE.COM
kdc_1       | Dec 05 15:18:02 kdc krb5kdc[6](info): TGS_REQ (6 etypes {aes256-cts-hmac-sha1-96(18), aes128-cts-hmac-sha1-96(17), aes256-cts-hmac-sha384-192(20), aes128-cts-hmac-sha256-128(19), DEPRECATED:des3-cbc-sha1(16), DEPRECATED:arcfour-hmac(23)}) 172.18.0.2: ISSUE: authtime 1670253472, etypes {rep=aes256-cts-hmac-sha1-96(18), tkt=aes256-cts-hmac-sha1-96(18), ses=aes256-cts-hmac-sha1-96(18)}, testuser/scm@EXAMPLE.COM for om/om@EXAMPLE.COM
scm_1       | 2022-12-05 15:11:30,140 [main] INFO client.SCMCertificateClient: Creating keypair for client as keypair and certificate not found.
recon_1     | 2022-12-05 15:11:32,310 [main] INFO recon.ReconServer: Init response: GETCERT
datanode_2  | 2022-12-05 15:12:40,776 [grpc-default-executor-0] INFO server.RaftServer$Division: aeadc4fa-8da6-4243-a7df-a1dec33ca96a@group-4B6C77AD8CE7 replies to ELECTION vote request: acd3abac-158e-457f-9a75-9b0827873f1c<-aeadc4fa-8da6-4243-a7df-a1dec33ca96a#0:OK-t1. Peer's state: aeadc4fa-8da6-4243-a7df-a1dec33ca96a@group-4B6C77AD8CE7:t1, leader=null, voted=acd3abac-158e-457f-9a75-9b0827873f1c, raftlog=Memoized:aeadc4fa-8da6-4243-a7df-a1dec33ca96a@group-4B6C77AD8CE7-SegmentedRaftLog:OPENED:c-1, conf=-1: peers:[6627d792-809e-46c9-b23f-cd11238dfcb9|rpc:172.18.0.8:9856|admin:172.18.0.8:9857|client:172.18.0.8:9858|dataStream:|priority:1|startupRole:FOLLOWER, acd3abac-158e-457f-9a75-9b0827873f1c|rpc:172.18.0.5:9856|admin:172.18.0.5:9857|client:172.18.0.5:9858|dataStream:|priority:0|startupRole:FOLLOWER, aeadc4fa-8da6-4243-a7df-a1dec33ca96a|rpc:172.18.0.4:9856|admin:172.18.0.4:9857|client:172.18.0.4:9858|dataStream:|priority:0|startupRole:FOLLOWER]|listeners:[], old=null
s3g_1       | 2022-12-05 15:11:33,971 [main] INFO server.KerberosAuthenticationHandler: Using keytab /etc/security/keytabs/s3g.keytab, for principal HTTP/s3g@EXAMPLE.COM
s3g_1       | Dec 05, 2022 3:11:37 PM org.glassfish.jersey.internal.Errors logErrors
s3g_1       | WARNING: The following warnings have been detected: WARNING: A HTTP GET method, public javax.ws.rs.core.Response org.apache.hadoop.ozone.s3.endpoint.ObjectEndpoint.get(java.lang.String,java.lang.String,java.lang.String,int,java.lang.String,java.io.InputStream) throws java.io.IOException,org.apache.hadoop.ozone.s3.exception.OS3Exception, should not consume any entity.
s3g_1       | 
scm_1       | 2022-12-05 15:11:35,724 [main] INFO ha.HASecurityUtils: Init response: GETCERT
recon_1     | 2022-12-05 15:11:32,367 [main] INFO ozone.OzoneSecurityUtil: Adding ip:172.18.0.9,host:recon
datanode_2  | 2022-12-05 15:12:42,802 [aeadc4fa-8da6-4243-a7df-a1dec33ca96a-server-thread1] INFO ratis.XceiverServerRatis: Leader change notification received for group: group-4B6C77AD8CE7 with new leaderId: acd3abac-158e-457f-9a75-9b0827873f1c
kdc_1       | Dec 05 15:18:07 kdc krb5kdc[6](info): TGS_REQ (6 etypes {aes256-cts-hmac-sha1-96(18), aes128-cts-hmac-sha1-96(17), aes256-cts-hmac-sha384-192(20), aes128-cts-hmac-sha256-128(19), DEPRECATED:des3-cbc-sha1(16), DEPRECATED:arcfour-hmac(23)}) 172.18.0.2: ISSUE: authtime 1670253472, etypes {rep=aes256-cts-hmac-sha1-96(18), tkt=aes256-cts-hmac-sha1-96(18), ses=aes256-cts-hmac-sha1-96(18)}, testuser/scm@EXAMPLE.COM for om/om@EXAMPLE.COM
kdc_1       | Dec 05 15:18:12 kdc krb5kdc[6](info): TGS_REQ (6 etypes {aes256-cts-hmac-sha1-96(18), aes128-cts-hmac-sha1-96(17), aes256-cts-hmac-sha384-192(20), aes128-cts-hmac-sha256-128(19), DEPRECATED:des3-cbc-sha1(16), DEPRECATED:arcfour-hmac(23)}) 172.18.0.2: ISSUE: authtime 1670253472, etypes {rep=aes256-cts-hmac-sha1-96(18), tkt=aes256-cts-hmac-sha1-96(18), ses=aes256-cts-hmac-sha1-96(18)}, testuser/scm@EXAMPLE.COM for om/om@EXAMPLE.COM
kdc_1       | Dec 05 15:18:13 kdc krb5kdc[6](info): AS_REQ (8 etypes {aes256-cts-hmac-sha1-96(18), aes128-cts-hmac-sha1-96(17), aes256-cts-hmac-sha384-192(20), aes128-cts-hmac-sha256-128(19), DEPRECATED:des3-cbc-sha1(16), DEPRECATED:arcfour-hmac(23), camellia128-cts-cmac(25), camellia256-cts-cmac(26)}) 172.18.0.2: ISSUE: authtime 1670253493, etypes {rep=aes256-cts-hmac-sha1-96(18), tkt=aes256-cts-hmac-sha1-96(18), ses=aes256-cts-hmac-sha1-96(18)}, testuser/scm@EXAMPLE.COM for krbtgt/EXAMPLE.COM@EXAMPLE.COM
kdc_1       | Dec 05 15:18:17 kdc krb5kdc[6](info): TGS_REQ (6 etypes {aes256-cts-hmac-sha1-96(18), aes128-cts-hmac-sha1-96(17), aes256-cts-hmac-sha384-192(20), aes128-cts-hmac-sha256-128(19), DEPRECATED:des3-cbc-sha1(16), DEPRECATED:arcfour-hmac(23)}) 172.18.0.2: ISSUE: authtime 1670253493, etypes {rep=aes256-cts-hmac-sha1-96(18), tkt=aes256-cts-hmac-sha1-96(18), ses=aes256-cts-hmac-sha1-96(18)}, testuser/scm@EXAMPLE.COM for om/om@EXAMPLE.COM
kdc_1       | Dec 05 15:18:23 kdc krb5kdc[6](info): TGS_REQ (6 etypes {aes256-cts-hmac-sha1-96(18), aes128-cts-hmac-sha1-96(17), aes256-cts-hmac-sha384-192(20), aes128-cts-hmac-sha256-128(19), DEPRECATED:des3-cbc-sha1(16), DEPRECATED:arcfour-hmac(23)}) 172.18.0.2: ISSUE: authtime 1670253493, etypes {rep=aes256-cts-hmac-sha1-96(18), tkt=aes256-cts-hmac-sha1-96(18), ses=aes256-cts-hmac-sha1-96(18)}, testuser/scm@EXAMPLE.COM for om/om@EXAMPLE.COM
kdc_1       | Dec 05 15:18:31 kdc krb5kdc[6](info): TGS_REQ (6 etypes {aes256-cts-hmac-sha1-96(18), aes128-cts-hmac-sha1-96(17), aes256-cts-hmac-sha384-192(20), aes128-cts-hmac-sha256-128(19), DEPRECATED:des3-cbc-sha1(16), DEPRECATED:arcfour-hmac(23)}) 172.18.0.2: ISSUE: authtime 1670253493, etypes {rep=aes256-cts-hmac-sha1-96(18), tkt=aes256-cts-hmac-sha1-96(18), ses=aes256-cts-hmac-sha1-96(18)}, testuser/scm@EXAMPLE.COM for om/om@EXAMPLE.COM
scm_1       | 2022-12-05 15:11:37,163 [main] INFO ozone.OzoneSecurityUtil: Adding ip:172.18.0.2,host:scm
recon_1     | 2022-12-05 15:11:32,367 [main] INFO ozone.OzoneSecurityUtil: ip:127.0.0.1 not returned.
datanode_2  | 2022-12-05 15:12:42,803 [aeadc4fa-8da6-4243-a7df-a1dec33ca96a-server-thread1] INFO server.RaftServer$Division: aeadc4fa-8da6-4243-a7df-a1dec33ca96a@group-4B6C77AD8CE7: change Leader from null to acd3abac-158e-457f-9a75-9b0827873f1c at term 1 for appendEntries, leader elected after 5669ms
kdc_1       | Dec 05 15:18:35 kdc krb5kdc[6](info): AS_REQ (8 etypes {aes256-cts-hmac-sha1-96(18), aes128-cts-hmac-sha1-96(17), aes256-cts-hmac-sha384-192(20), aes128-cts-hmac-sha256-128(19), DEPRECATED:des3-cbc-sha1(16), DEPRECATED:arcfour-hmac(23), camellia128-cts-cmac(25), camellia256-cts-cmac(26)}) 172.18.0.2: ISSUE: authtime 1670253515, etypes {rep=aes256-cts-hmac-sha1-96(18), tkt=aes256-cts-hmac-sha1-96(18), ses=aes256-cts-hmac-sha1-96(18)}, testuser/scm@EXAMPLE.COM for krbtgt/EXAMPLE.COM@EXAMPLE.COM
kdc_1       | Dec 05 15:18:39 kdc krb5kdc[6](info): TGS_REQ (6 etypes {aes256-cts-hmac-sha1-96(18), aes128-cts-hmac-sha1-96(17), aes256-cts-hmac-sha384-192(20), aes128-cts-hmac-sha256-128(19), DEPRECATED:des3-cbc-sha1(16), DEPRECATED:arcfour-hmac(23)}) 172.18.0.2: ISSUE: authtime 1670253515, etypes {rep=aes256-cts-hmac-sha1-96(18), tkt=aes256-cts-hmac-sha1-96(18), ses=aes256-cts-hmac-sha1-96(18)}, testuser/scm@EXAMPLE.COM for om/om@EXAMPLE.COM
kdc_1       | Dec 05 15:18:44 kdc krb5kdc[6](info): TGS_REQ (6 etypes {aes256-cts-hmac-sha1-96(18), aes128-cts-hmac-sha1-96(17), aes256-cts-hmac-sha384-192(20), aes128-cts-hmac-sha256-128(19), DEPRECATED:des3-cbc-sha1(16), DEPRECATED:arcfour-hmac(23)}) 172.18.0.2: ISSUE: authtime 1670253515, etypes {rep=aes256-cts-hmac-sha1-96(18), tkt=aes256-cts-hmac-sha1-96(18), ses=aes256-cts-hmac-sha1-96(18)}, testuser/scm@EXAMPLE.COM for om/om@EXAMPLE.COM
kdc_1       | Dec 05 15:18:50 kdc krb5kdc[6](info): TGS_REQ (6 etypes {aes256-cts-hmac-sha1-96(18), aes128-cts-hmac-sha1-96(17), aes256-cts-hmac-sha384-192(20), aes128-cts-hmac-sha256-128(19), DEPRECATED:des3-cbc-sha1(16), DEPRECATED:arcfour-hmac(23)}) 172.18.0.2: ISSUE: authtime 1670253515, etypes {rep=aes256-cts-hmac-sha1-96(18), tkt=aes256-cts-hmac-sha1-96(18), ses=aes256-cts-hmac-sha1-96(18)}, testuser/scm@EXAMPLE.COM for om/om@EXAMPLE.COM
kdc_1       | Dec 05 15:18:51 kdc krb5kdc[6](info): AS_REQ (8 etypes {aes256-cts-hmac-sha1-96(18), aes128-cts-hmac-sha1-96(17), aes256-cts-hmac-sha384-192(20), aes128-cts-hmac-sha256-128(19), DEPRECATED:des3-cbc-sha1(16), DEPRECATED:arcfour-hmac(23), camellia128-cts-cmac(25), camellia256-cts-cmac(26)}) 172.18.0.2: ISSUE: authtime 1670253531, etypes {rep=aes256-cts-hmac-sha1-96(18), tkt=aes256-cts-hmac-sha1-96(18), ses=aes256-cts-hmac-sha1-96(18)}, testuser/scm@EXAMPLE.COM for krbtgt/EXAMPLE.COM@EXAMPLE.COM
kdc_1       | Dec 05 15:18:55 kdc krb5kdc[6](info): TGS_REQ (6 etypes {aes256-cts-hmac-sha1-96(18), aes128-cts-hmac-sha1-96(17), aes256-cts-hmac-sha384-192(20), aes128-cts-hmac-sha256-128(19), DEPRECATED:des3-cbc-sha1(16), DEPRECATED:arcfour-hmac(23)}) 172.18.0.2: ISSUE: authtime 1670253531, etypes {rep=aes256-cts-hmac-sha1-96(18), tkt=aes256-cts-hmac-sha1-96(18), ses=aes256-cts-hmac-sha1-96(18)}, testuser/scm@EXAMPLE.COM for om/om@EXAMPLE.COM
scm_1       | 2022-12-05 15:11:37,167 [main] INFO ozone.OzoneSecurityUtil: ip:127.0.0.1 not returned.
recon_1     | 2022-12-05 15:11:32,396 [main] ERROR client.ReconCertificateClient: Invalid domain recon
recon_1     | 2022-12-05 15:11:33,084 [main] INFO recon.ReconServer: Creating CSR for Recon.
datanode_2  | 2022-12-05 15:12:42,825 [aeadc4fa-8da6-4243-a7df-a1dec33ca96a-server-thread1] INFO server.RaftServer$Division: aeadc4fa-8da6-4243-a7df-a1dec33ca96a@group-4B6C77AD8CE7: set configuration 0: peers:[6627d792-809e-46c9-b23f-cd11238dfcb9|rpc:172.18.0.8:9856|admin:172.18.0.8:9857|client:172.18.0.8:9858|dataStream:|priority:1|startupRole:FOLLOWER, acd3abac-158e-457f-9a75-9b0827873f1c|rpc:172.18.0.5:9856|admin:172.18.0.5:9857|client:172.18.0.5:9858|dataStream:|priority:0|startupRole:FOLLOWER, aeadc4fa-8da6-4243-a7df-a1dec33ca96a|rpc:172.18.0.4:9856|admin:172.18.0.4:9857|client:172.18.0.4:9858|dataStream:|priority:0|startupRole:FOLLOWER]|listeners:[], old=null
om_1        | 	at org.apache.hadoop.hdds.ratis.ServerNotLeaderException.convertToNotLeaderException(ServerNotLeaderException.java:109)
om_1        | 	at org.apache.hadoop.hdds.scm.ha.RatisUtil.checkRatisException(RatisUtil.java:246)
om_1        | 	at org.apache.hadoop.hdds.scm.protocol.ScmBlockLocationProtocolServerSideTranslatorPB.send(ScmBlockLocationProtocolServerSideTranslatorPB.java:109)
om_1        | 	at org.apache.hadoop.hdds.protocol.proto.ScmBlockLocationProtocolProtos$ScmBlockLocationProtocolService$2.callBlockingMethod(ScmBlockLocationProtocolProtos.java:14202)
om_1        | 	at org.apache.hadoop.ipc.ProtobufRpcEngine$Server.processCall(ProtobufRpcEngine.java:465)
om_1        | 	at org.apache.hadoop.ipc.ProtobufRpcEngine2$Server$ProtoBufRpcInvoker.call(ProtobufRpcEngine2.java:578)
scm_1       | 2022-12-05 15:11:37,591 [main] INFO utils.SelfSignedCertificate: Certificate 1 is issued by CN=scm@scm,OU=27ba5b76-bc39-4767-95a2-50286e2bcfd3,O=CID-1950c178-9bbf-4de8-bc57-c86c416cd4b3 to CN=scm@scm,OU=27ba5b76-bc39-4767-95a2-50286e2bcfd3,O=CID-1950c178-9bbf-4de8-bc57-c86c416cd4b3, valid from Mon Dec 05 00:00:00 UTC 2022 to Thu Jan 13 00:00:00 UTC 2028
datanode_2  | 2022-12-05 15:12:42,906 [aeadc4fa-8da6-4243-a7df-a1dec33ca96a-server-thread1] INFO segmented.SegmentedRaftLogWorker: aeadc4fa-8da6-4243-a7df-a1dec33ca96a@group-4B6C77AD8CE7-SegmentedRaftLogWorker: Starting segment from index:0
kdc_1       | Dec 05 15:19:01 kdc krb5kdc[6](info): TGS_REQ (6 etypes {aes256-cts-hmac-sha1-96(18), aes128-cts-hmac-sha1-96(17), aes256-cts-hmac-sha384-192(20), aes128-cts-hmac-sha256-128(19), DEPRECATED:des3-cbc-sha1(16), DEPRECATED:arcfour-hmac(23)}) 172.18.0.2: ISSUE: authtime 1670253531, etypes {rep=aes256-cts-hmac-sha1-96(18), tkt=aes256-cts-hmac-sha1-96(18), ses=aes256-cts-hmac-sha1-96(18)}, testuser/scm@EXAMPLE.COM for om/om@EXAMPLE.COM
kdc_1       | Dec 05 15:19:06 kdc krb5kdc[6](info): TGS_REQ (6 etypes {aes256-cts-hmac-sha1-96(18), aes128-cts-hmac-sha1-96(17), aes256-cts-hmac-sha384-192(20), aes128-cts-hmac-sha256-128(19), DEPRECATED:des3-cbc-sha1(16), DEPRECATED:arcfour-hmac(23)}) 172.18.0.2: ISSUE: authtime 1670253531, etypes {rep=aes256-cts-hmac-sha1-96(18), tkt=aes256-cts-hmac-sha1-96(18), ses=aes256-cts-hmac-sha1-96(18)}, testuser/scm@EXAMPLE.COM for om/om@EXAMPLE.COM
kdc_1       | Dec 05 15:19:12 kdc krb5kdc[6](info): TGS_REQ (6 etypes {aes256-cts-hmac-sha1-96(18), aes128-cts-hmac-sha1-96(17), aes256-cts-hmac-sha384-192(20), aes128-cts-hmac-sha256-128(19), DEPRECATED:des3-cbc-sha1(16), DEPRECATED:arcfour-hmac(23)}) 172.18.0.2: ISSUE: authtime 1670253531, etypes {rep=aes256-cts-hmac-sha1-96(18), tkt=aes256-cts-hmac-sha1-96(18), ses=aes256-cts-hmac-sha1-96(18)}, testuser/scm@EXAMPLE.COM for om/om@EXAMPLE.COM
kdc_1       | Dec 05 15:19:18 kdc krb5kdc[6](info): TGS_REQ (6 etypes {aes256-cts-hmac-sha1-96(18), aes128-cts-hmac-sha1-96(17), aes256-cts-hmac-sha384-192(20), aes128-cts-hmac-sha256-128(19), DEPRECATED:des3-cbc-sha1(16), DEPRECATED:arcfour-hmac(23)}) 172.18.0.2: ISSUE: authtime 1670253531, etypes {rep=aes256-cts-hmac-sha1-96(18), tkt=aes256-cts-hmac-sha1-96(18), ses=aes256-cts-hmac-sha1-96(18)}, testuser/scm@EXAMPLE.COM for om/om@EXAMPLE.COM
kdc_1       | Dec 05 15:19:23 kdc krb5kdc[6](info): TGS_REQ (6 etypes {aes256-cts-hmac-sha1-96(18), aes128-cts-hmac-sha1-96(17), aes256-cts-hmac-sha384-192(20), aes128-cts-hmac-sha256-128(19), DEPRECATED:des3-cbc-sha1(16), DEPRECATED:arcfour-hmac(23)}) 172.18.0.2: ISSUE: authtime 1670253531, etypes {rep=aes256-cts-hmac-sha1-96(18), tkt=aes256-cts-hmac-sha1-96(18), ses=aes256-cts-hmac-sha1-96(18)}, testuser/scm@EXAMPLE.COM for om/om@EXAMPLE.COM
kdc_1       | Dec 05 15:19:30 kdc krb5kdc[6](info): TGS_REQ (6 etypes {aes256-cts-hmac-sha1-96(18), aes128-cts-hmac-sha1-96(17), aes256-cts-hmac-sha384-192(20), aes128-cts-hmac-sha256-128(19), DEPRECATED:des3-cbc-sha1(16), DEPRECATED:arcfour-hmac(23)}) 172.18.0.2: ISSUE: authtime 1670253531, etypes {rep=aes256-cts-hmac-sha1-96(18), tkt=aes256-cts-hmac-sha1-96(18), ses=aes256-cts-hmac-sha1-96(18)}, testuser/scm@EXAMPLE.COM for om/om@EXAMPLE.COM
kdc_1       | Dec 05 15:19:35 kdc krb5kdc[6](info): TGS_REQ (6 etypes {aes256-cts-hmac-sha1-96(18), aes128-cts-hmac-sha1-96(17), aes256-cts-hmac-sha384-192(20), aes128-cts-hmac-sha256-128(19), DEPRECATED:des3-cbc-sha1(16), DEPRECATED:arcfour-hmac(23)}) 172.18.0.2: ISSUE: authtime 1670253531, etypes {rep=aes256-cts-hmac-sha1-96(18), tkt=aes256-cts-hmac-sha1-96(18), ses=aes256-cts-hmac-sha1-96(18)}, testuser/scm@EXAMPLE.COM for om/om@EXAMPLE.COM
kdc_1       | Dec 05 15:19:41 kdc krb5kdc[6](info): TGS_REQ (6 etypes {aes256-cts-hmac-sha1-96(18), aes128-cts-hmac-sha1-96(17), aes256-cts-hmac-sha384-192(20), aes128-cts-hmac-sha256-128(19), DEPRECATED:des3-cbc-sha1(16), DEPRECATED:arcfour-hmac(23)}) 172.18.0.2: ISSUE: authtime 1670253531, etypes {rep=aes256-cts-hmac-sha1-96(18), tkt=aes256-cts-hmac-sha1-96(18), ses=aes256-cts-hmac-sha1-96(18)}, testuser/scm@EXAMPLE.COM for om/om@EXAMPLE.COM
kdc_1       | Dec 05 15:19:47 kdc krb5kdc[6](info): TGS_REQ (6 etypes {aes256-cts-hmac-sha1-96(18), aes128-cts-hmac-sha1-96(17), aes256-cts-hmac-sha384-192(20), aes128-cts-hmac-sha256-128(19), DEPRECATED:des3-cbc-sha1(16), DEPRECATED:arcfour-hmac(23)}) 172.18.0.2: ISSUE: authtime 1670253531, etypes {rep=aes256-cts-hmac-sha1-96(18), tkt=aes256-cts-hmac-sha1-96(18), ses=aes256-cts-hmac-sha1-96(18)}, testuser/scm@EXAMPLE.COM for om/om@EXAMPLE.COM
kdc_1       | Dec 05 15:19:52 kdc krb5kdc[6](info): TGS_REQ (6 etypes {aes256-cts-hmac-sha1-96(18), aes128-cts-hmac-sha1-96(17), aes256-cts-hmac-sha384-192(20), aes128-cts-hmac-sha256-128(19), DEPRECATED:des3-cbc-sha1(16), DEPRECATED:arcfour-hmac(23)}) 172.18.0.2: ISSUE: authtime 1670253531, etypes {rep=aes256-cts-hmac-sha1-96(18), tkt=aes256-cts-hmac-sha1-96(18), ses=aes256-cts-hmac-sha1-96(18)}, testuser/scm@EXAMPLE.COM for om/om@EXAMPLE.COM
kdc_1       | Dec 05 15:19:58 kdc krb5kdc[6](info): TGS_REQ (6 etypes {aes256-cts-hmac-sha1-96(18), aes128-cts-hmac-sha1-96(17), aes256-cts-hmac-sha384-192(20), aes128-cts-hmac-sha256-128(19), DEPRECATED:des3-cbc-sha1(16), DEPRECATED:arcfour-hmac(23)}) 172.18.0.2: ISSUE: authtime 1670253531, etypes {rep=aes256-cts-hmac-sha1-96(18), tkt=aes256-cts-hmac-sha1-96(18), ses=aes256-cts-hmac-sha1-96(18)}, testuser/scm@EXAMPLE.COM for om/om@EXAMPLE.COM
kdc_1       | Dec 05 15:20:04 kdc krb5kdc[6](info): TGS_REQ (6 etypes {aes256-cts-hmac-sha1-96(18), aes128-cts-hmac-sha1-96(17), aes256-cts-hmac-sha384-192(20), aes128-cts-hmac-sha256-128(19), DEPRECATED:des3-cbc-sha1(16), DEPRECATED:arcfour-hmac(23)}) 172.18.0.2: ISSUE: authtime 1670253531, etypes {rep=aes256-cts-hmac-sha1-96(18), tkt=aes256-cts-hmac-sha1-96(18), ses=aes256-cts-hmac-sha1-96(18)}, testuser/scm@EXAMPLE.COM for om/om@EXAMPLE.COM
kdc_1       | Dec 05 15:20:09 kdc krb5kdc[6](info): TGS_REQ (6 etypes {aes256-cts-hmac-sha1-96(18), aes128-cts-hmac-sha1-96(17), aes256-cts-hmac-sha384-192(20), aes128-cts-hmac-sha256-128(19), DEPRECATED:des3-cbc-sha1(16), DEPRECATED:arcfour-hmac(23)}) 172.18.0.2: ISSUE: authtime 1670253531, etypes {rep=aes256-cts-hmac-sha1-96(18), tkt=aes256-cts-hmac-sha1-96(18), ses=aes256-cts-hmac-sha1-96(18)}, testuser/scm@EXAMPLE.COM for om/om@EXAMPLE.COM
kdc_1       | Dec 05 15:20:15 kdc krb5kdc[6](info): TGS_REQ (6 etypes {aes256-cts-hmac-sha1-96(18), aes128-cts-hmac-sha1-96(17), aes256-cts-hmac-sha384-192(20), aes128-cts-hmac-sha256-128(19), DEPRECATED:des3-cbc-sha1(16), DEPRECATED:arcfour-hmac(23)}) 172.18.0.2: ISSUE: authtime 1670253531, etypes {rep=aes256-cts-hmac-sha1-96(18), tkt=aes256-cts-hmac-sha1-96(18), ses=aes256-cts-hmac-sha1-96(18)}, testuser/scm@EXAMPLE.COM for om/om@EXAMPLE.COM
kdc_1       | Dec 05 15:20:21 kdc krb5kdc[6](info): TGS_REQ (6 etypes {aes256-cts-hmac-sha1-96(18), aes128-cts-hmac-sha1-96(17), aes256-cts-hmac-sha384-192(20), aes128-cts-hmac-sha256-128(19), DEPRECATED:des3-cbc-sha1(16), DEPRECATED:arcfour-hmac(23)}) 172.18.0.2: ISSUE: authtime 1670253531, etypes {rep=aes256-cts-hmac-sha1-96(18), tkt=aes256-cts-hmac-sha1-96(18), ses=aes256-cts-hmac-sha1-96(18)}, testuser/scm@EXAMPLE.COM for om/om@EXAMPLE.COM
kdc_1       | Dec 05 15:20:26 kdc krb5kdc[6](info): TGS_REQ (6 etypes {aes256-cts-hmac-sha1-96(18), aes128-cts-hmac-sha1-96(17), aes256-cts-hmac-sha384-192(20), aes128-cts-hmac-sha256-128(19), DEPRECATED:des3-cbc-sha1(16), DEPRECATED:arcfour-hmac(23)}) 172.18.0.2: ISSUE: authtime 1670253531, etypes {rep=aes256-cts-hmac-sha1-96(18), tkt=aes256-cts-hmac-sha1-96(18), ses=aes256-cts-hmac-sha1-96(18)}, testuser/scm@EXAMPLE.COM for om/om@EXAMPLE.COM
kdc_1       | Dec 05 15:20:32 kdc krb5kdc[6](info): TGS_REQ (6 etypes {aes256-cts-hmac-sha1-96(18), aes128-cts-hmac-sha1-96(17), aes256-cts-hmac-sha384-192(20), aes128-cts-hmac-sha256-128(19), DEPRECATED:des3-cbc-sha1(16), DEPRECATED:arcfour-hmac(23)}) 172.18.0.2: ISSUE: authtime 1670253531, etypes {rep=aes256-cts-hmac-sha1-96(18), tkt=aes256-cts-hmac-sha1-96(18), ses=aes256-cts-hmac-sha1-96(18)}, testuser/scm@EXAMPLE.COM for om/om@EXAMPLE.COM
kdc_1       | Dec 05 15:20:40 kdc krb5kdc[6](info): TGS_REQ (6 etypes {aes256-cts-hmac-sha1-96(18), aes128-cts-hmac-sha1-96(17), aes256-cts-hmac-sha384-192(20), aes128-cts-hmac-sha256-128(19), DEPRECATED:des3-cbc-sha1(16), DEPRECATED:arcfour-hmac(23)}) 172.18.0.2: ISSUE: authtime 1670253531, etypes {rep=aes256-cts-hmac-sha1-96(18), tkt=aes256-cts-hmac-sha1-96(18), ses=aes256-cts-hmac-sha1-96(18)}, testuser/scm@EXAMPLE.COM for om/om@EXAMPLE.COM
kdc_1       | Dec 05 15:20:48 kdc krb5kdc[6](info): TGS_REQ (6 etypes {aes256-cts-hmac-sha1-96(18), aes128-cts-hmac-sha1-96(17), aes256-cts-hmac-sha384-192(20), aes128-cts-hmac-sha256-128(19), DEPRECATED:des3-cbc-sha1(16), DEPRECATED:arcfour-hmac(23)}) 172.18.0.2: ISSUE: authtime 1670253531, etypes {rep=aes256-cts-hmac-sha1-96(18), tkt=aes256-cts-hmac-sha1-96(18), ses=aes256-cts-hmac-sha1-96(18)}, testuser/scm@EXAMPLE.COM for om/om@EXAMPLE.COM
kdc_1       | Dec 05 15:20:57 kdc krb5kdc[6](info): TGS_REQ (6 etypes {aes256-cts-hmac-sha1-96(18), aes128-cts-hmac-sha1-96(17), aes256-cts-hmac-sha384-192(20), aes128-cts-hmac-sha256-128(19), DEPRECATED:des3-cbc-sha1(16), DEPRECATED:arcfour-hmac(23)}) 172.18.0.2: ISSUE: authtime 1670253531, etypes {rep=aes256-cts-hmac-sha1-96(18), tkt=aes256-cts-hmac-sha1-96(18), ses=aes256-cts-hmac-sha1-96(18)}, testuser/scm@EXAMPLE.COM for om/om@EXAMPLE.COM
kdc_1       | Dec 05 15:21:05 kdc krb5kdc[6](info): TGS_REQ (6 etypes {aes256-cts-hmac-sha1-96(18), aes128-cts-hmac-sha1-96(17), aes256-cts-hmac-sha384-192(20), aes128-cts-hmac-sha256-128(19), DEPRECATED:des3-cbc-sha1(16), DEPRECATED:arcfour-hmac(23)}) 172.18.0.2: ISSUE: authtime 1670253531, etypes {rep=aes256-cts-hmac-sha1-96(18), tkt=aes256-cts-hmac-sha1-96(18), ses=aes256-cts-hmac-sha1-96(18)}, testuser/scm@EXAMPLE.COM for om/om@EXAMPLE.COM
kdc_1       | Dec 05 15:21:11 kdc krb5kdc[6](info): TGS_REQ (6 etypes {aes256-cts-hmac-sha1-96(18), aes128-cts-hmac-sha1-96(17), aes256-cts-hmac-sha384-192(20), aes128-cts-hmac-sha256-128(19), DEPRECATED:des3-cbc-sha1(16), DEPRECATED:arcfour-hmac(23)}) 172.18.0.2: ISSUE: authtime 1670253531, etypes {rep=aes256-cts-hmac-sha1-96(18), tkt=aes256-cts-hmac-sha1-96(18), ses=aes256-cts-hmac-sha1-96(18)}, testuser/scm@EXAMPLE.COM for om/om@EXAMPLE.COM
kdc_1       | Dec 05 15:21:16 kdc krb5kdc[6](info): TGS_REQ (6 etypes {aes256-cts-hmac-sha1-96(18), aes128-cts-hmac-sha1-96(17), aes256-cts-hmac-sha384-192(20), aes128-cts-hmac-sha256-128(19), DEPRECATED:des3-cbc-sha1(16), DEPRECATED:arcfour-hmac(23)}) 172.18.0.2: ISSUE: authtime 1670253531, etypes {rep=aes256-cts-hmac-sha1-96(18), tkt=aes256-cts-hmac-sha1-96(18), ses=aes256-cts-hmac-sha1-96(18)}, testuser/scm@EXAMPLE.COM for om/om@EXAMPLE.COM
s3g_1       | 2022-12-05 15:11:37,250 [main] INFO handler.ContextHandler: Started o.e.j.w.WebAppContext@15914bb5{s3gateway,/,file:///tmp/jetty-0_0_0_0-9878-ozone-s3gateway-1_3_0-SNAPSHOT_jar-_-any-16746636644384518027/webapp/,AVAILABLE}{jar:file:/opt/hadoop/share/ozone/lib/ozone-s3gateway-1.3.0-SNAPSHOT.jar!/webapps/s3gateway}
s3g_1       | 2022-12-05 15:11:37,264 [main] INFO server.AbstractConnector: Started ServerConnector@18cc679e{HTTP/1.1, (http/1.1)}{0.0.0.0:9878}
s3g_1       | 2022-12-05 15:11:37,264 [main] INFO server.Server: Started @36380ms
s3g_1       | 2022-12-05 15:11:37,267 [main] INFO impl.MetricsSinkAdapter: Sink prometheus started
s3g_1       | 2022-12-05 15:11:37,267 [main] INFO impl.MetricsSystemImpl: Registered sink prometheus
s3g_1       | 2022-12-05 15:11:37,273 [main] INFO http.BaseHttpServer: HTTP server of s3gateway listening at http://0.0.0.0:9878
om_1        | 	at org.apache.hadoop.ipc.ProtobufRpcEngine2$Server$ProtoBufRpcInvoker.call(ProtobufRpcEngine2.java:556)
om_1        | 	at org.apache.hadoop.ipc.RPC$Server.call(RPC.java:1093)
om_1        | 	at org.apache.hadoop.ipc.Server$RpcCall.run(Server.java:1043)
om_1        | 	at org.apache.hadoop.ipc.Server$RpcCall.run(Server.java:971)
om_1        | 	at java.base/java.security.AccessController.doPrivileged(Native Method)
om_1        | 	at java.base/javax.security.auth.Subject.doAs(Subject.java:423)
om_1        | 	at org.apache.hadoop.security.UserGroupInformation.doAs(UserGroupInformation.java:1878)
om_1        | 	at org.apache.hadoop.ipc.Server$Handler.run(Server.java:2976)
om_1        | , while invoking $Proxy31.send over nodeId=scmNodeId,nodeAddress=scm/172.18.0.2:9863 after 15 failover attempts. Trying to failover after sleeping for 2000ms.
om_1        | OM initialization succeeded.Current cluster id for sd=/data/metadata/om;cid=CID-1950c178-9bbf-4de8-bc57-c86c416cd4b3;layoutVersion=3
om_1        | 2022-12-05 15:12:00,333 [main] INFO om.OzoneManager: OM storage initialized. Initializing security
om_1        | 2022-12-05 15:12:00,333 [main] INFO om.OzoneManager: Initializing secure OzoneManager.
datanode_3  | 	at org.apache.hadoop.hdds.protocol.proto.SCMSecurityProtocolProtos$SCMSecurityProtocolService$2.callBlockingMethod(SCMSecurityProtocolProtos.java:16080)
