kdc_1       | Dec 05 15:23:15 kdc krb5kdc[6](info): TGS_REQ (6 etypes {aes256-cts-hmac-sha1-96(18), aes128-cts-hmac-sha1-96(17), aes256-cts-hmac-sha384-192(20), aes128-cts-hmac-sha256-128(19), DEPRECATED:des3-cbc-sha1(16), DEPRECATED:arcfour-hmac(23)}) 172.18.0.2: ISSUE: authtime 1670253531, etypes {rep=aes256-cts-hmac-sha1-96(18), tkt=aes256-cts-hmac-sha1-96(18), ses=aes256-cts-hmac-sha1-96(18)}, testuser/scm@EXAMPLE.COM for om/om@EXAMPLE.COM
kdc_1       | Dec 05 15:23:20 kdc krb5kdc[6](info): TGS_REQ (6 etypes {aes256-cts-hmac-sha1-96(18), aes128-cts-hmac-sha1-96(17), aes256-cts-hmac-sha384-192(20), aes128-cts-hmac-sha256-128(19), DEPRECATED:des3-cbc-sha1(16), DEPRECATED:arcfour-hmac(23)}) 172.18.0.2: ISSUE: authtime 1670253531, etypes {rep=aes256-cts-hmac-sha1-96(18), tkt=aes256-cts-hmac-sha1-96(18), ses=aes256-cts-hmac-sha1-96(18)}, testuser/scm@EXAMPLE.COM for om/om@EXAMPLE.COM
kdc_1       | Dec 05 15:23:25 kdc krb5kdc[6](info): TGS_REQ (6 etypes {aes256-cts-hmac-sha1-96(18), aes128-cts-hmac-sha1-96(17), aes256-cts-hmac-sha384-192(20), aes128-cts-hmac-sha256-128(19), DEPRECATED:des3-cbc-sha1(16), DEPRECATED:arcfour-hmac(23)}) 172.18.0.2: ISSUE: authtime 1670253531, etypes {rep=aes256-cts-hmac-sha1-96(18), tkt=aes256-cts-hmac-sha1-96(18), ses=aes256-cts-hmac-sha1-96(18)}, testuser/scm@EXAMPLE.COM for om/om@EXAMPLE.COM
kdc_1       | Dec 05 15:23:31 kdc krb5kdc[6](info): TGS_REQ (6 etypes {aes256-cts-hmac-sha1-96(18), aes128-cts-hmac-sha1-96(17), aes256-cts-hmac-sha384-192(20), aes128-cts-hmac-sha256-128(19), DEPRECATED:des3-cbc-sha1(16), DEPRECATED:arcfour-hmac(23)}) 172.18.0.2: ISSUE: authtime 1670253531, etypes {rep=aes256-cts-hmac-sha1-96(18), tkt=aes256-cts-hmac-sha1-96(18), ses=aes256-cts-hmac-sha1-96(18)}, testuser/scm@EXAMPLE.COM for om/om@EXAMPLE.COM
kdc_1       | Dec 05 15:23:36 kdc krb5kdc[6](info): TGS_REQ (6 etypes {aes256-cts-hmac-sha1-96(18), aes128-cts-hmac-sha1-96(17), aes256-cts-hmac-sha384-192(20), aes128-cts-hmac-sha256-128(19), DEPRECATED:des3-cbc-sha1(16), DEPRECATED:arcfour-hmac(23)}) 172.18.0.2: ISSUE: authtime 1670253531, etypes {rep=aes256-cts-hmac-sha1-96(18), tkt=aes256-cts-hmac-sha1-96(18), ses=aes256-cts-hmac-sha1-96(18)}, testuser/scm@EXAMPLE.COM for om/om@EXAMPLE.COM
kdc_1       | Dec 05 15:23:42 kdc krb5kdc[6](info): TGS_REQ (6 etypes {aes256-cts-hmac-sha1-96(18), aes128-cts-hmac-sha1-96(17), aes256-cts-hmac-sha384-192(20), aes128-cts-hmac-sha256-128(19), DEPRECATED:des3-cbc-sha1(16), DEPRECATED:arcfour-hmac(23)}) 172.18.0.2: ISSUE: authtime 1670253531, etypes {rep=aes256-cts-hmac-sha1-96(18), tkt=aes256-cts-hmac-sha1-96(18), ses=aes256-cts-hmac-sha1-96(18)}, testuser/scm@EXAMPLE.COM for om/om@EXAMPLE.COM
datanode_2  | 2022-12-05 15:12:51,038 [aeadc4fa-8da6-4243-a7df-a1dec33ca96a@group-4B6C77AD8CE7-SegmentedRaftLogWorker] INFO segmented.SegmentedRaftLogWorker: aeadc4fa-8da6-4243-a7df-a1dec33ca96a@group-4B6C77AD8CE7-SegmentedRaftLogWorker: created new log segment /data/metadata/ratis/d830d74d-9cc7-4708-90da-4b6c77ad8ce7/current/log_inprogress_1
datanode_2  | 2022-12-05 15:12:51,282 [grpc-default-executor-2] INFO server.GrpcServerProtocolService: aeadc4fa-8da6-4243-a7df-a1dec33ca96a: Completed APPEND_ENTRIES, lastRequest: acd3abac-158e-457f-9a75-9b0827873f1c->aeadc4fa-8da6-4243-a7df-a1dec33ca96a#1-t1,previous=(t:0, i:0),leaderCommit=-1,initializing? true,entries: size=1, first=(t:1, i:0), CONFIGURATIONENTRY(current:id: "6627d792-809e-46c9-b23f-cd11238dfcb9"
recon_1     | 	at org.apache.hadoop.ipc.RPC$Server.call(RPC.java:1093)
scm_1       | 2022-12-05 15:11:38,335 [main] INFO grpc.GrpcConfigKeys: raft.grpc.server.async.request.thread.pool.size = 32 (default)
scm_1       | 2022-12-05 15:11:38,904 [main] INFO impl.DataStreamServerImpl: raft.datastream.type = DISABLED (default)
scm_1       | 2022-12-05 15:11:38,909 [main] INFO server.RaftServerConfigKeys: raft.server.threadpool.proxy.cached = true (default)
scm_1       | 2022-12-05 15:11:38,909 [main] INFO server.RaftServerConfigKeys: raft.server.threadpool.proxy.size = 0 (default)
scm_1       | 2022-12-05 15:11:38,910 [main] INFO server.RaftServerConfigKeys: raft.server.rpc.slowness.timeout = 120000ms (custom)
scm_1       | 2022-12-05 15:11:38,910 [main] INFO server.RaftServerConfigKeys: raft.server.leaderelection.leader.step-down.wait-time = 10s (default)
datanode_2  | address: "172.18.0.8:9856"
datanode_2  | priority: 1
scm_1       | 2022-12-05 15:11:38,925 [main] INFO server.RaftServerConfigKeys: raft.server.storage.dir = [/data/metadata/scm-ha] (custom)
recon_1     | 	at org.apache.hadoop.ipc.Server$RpcCall.run(Server.java:1043)
datanode_1  | 	at org.apache.hadoop.ipc.Client$Connection.setupIOstreams(Client.java:856)
datanode_1  | 	at org.apache.hadoop.ipc.Client$Connection.access$3800(Client.java:414)
datanode_1  | 	at org.apache.hadoop.ipc.Client.getConnection(Client.java:1677)
datanode_1  | 	at org.apache.hadoop.ipc.Client.call(Client.java:1502)
datanode_1  | 	... 12 more
datanode_1  | Caused by: java.net.SocketTimeoutException: 5000 millis timeout while waiting for channel to be ready for read. ch : java.nio.channels.SocketChannel[connected local=/172.18.0.8:47902 remote=recon/172.18.0.9:9891]
recon_1     | 	at org.apache.hadoop.ipc.Server$RpcCall.run(Server.java:971)
recon_1     | 	at java.base/java.security.AccessController.doPrivileged(Native Method)
datanode_1  | 	at org.apache.hadoop.net.SocketIOWithTimeout.doIO(SocketIOWithTimeout.java:163)
datanode_1  | 	at org.apache.hadoop.net.SocketInputStream.read(SocketInputStream.java:161)
datanode_1  | 	at org.apache.hadoop.net.SocketInputStream.read(SocketInputStream.java:131)
datanode_1  | 	at java.base/java.io.FilterInputStream.read(FilterInputStream.java:133)
datanode_1  | 	at java.base/java.io.BufferedInputStream.fill(BufferedInputStream.java:252)
datanode_1  | 	at java.base/java.io.BufferedInputStream.read(BufferedInputStream.java:271)
recon_1     | 	at java.base/javax.security.auth.Subject.doAs(Subject.java:423)
recon_1     | 	at org.apache.hadoop.security.UserGroupInformation.doAs(UserGroupInformation.java:1878)
datanode_1  | 	at java.base/java.io.DataInputStream.readInt(DataInputStream.java:392)
datanode_1  | 	at org.apache.hadoop.ipc.Client$IpcStreams.readResponse(Client.java:1922)
datanode_1  | 	at org.apache.hadoop.security.SaslRpcClient.saslConnect(SaslRpcClient.java:367)
datanode_1  | 	at org.apache.hadoop.ipc.Client$Connection.setupSaslConnection(Client.java:623)
datanode_1  | 	at org.apache.hadoop.ipc.Client$Connection.access$2300(Client.java:414)
datanode_1  | 	at org.apache.hadoop.ipc.Client$Connection$2.run(Client.java:843)
datanode_2  | clientAddress: "172.18.0.8:9858"
datanode_2  | adminAddress: "172.18.0.8:9857"
kdc_1       | Dec 05 15:23:48 kdc krb5kdc[6](info): TGS_REQ (6 etypes {aes256-cts-hmac-sha1-96(18), aes128-cts-hmac-sha1-96(17), aes256-cts-hmac-sha384-192(20), aes128-cts-hmac-sha256-128(19), DEPRECATED:des3-cbc-sha1(16), DEPRECATED:arcfour-hmac(23)}) 172.18.0.2: ISSUE: authtime 1670253531, etypes {rep=aes256-cts-hmac-sha1-96(18), tkt=aes256-cts-hmac-sha1-96(18), ses=aes256-cts-hmac-sha1-96(18)}, testuser/scm@EXAMPLE.COM for om/om@EXAMPLE.COM
kdc_1       | Dec 05 15:23:53 kdc krb5kdc[6](info): TGS_REQ (6 etypes {aes256-cts-hmac-sha1-96(18), aes128-cts-hmac-sha1-96(17), aes256-cts-hmac-sha384-192(20), aes128-cts-hmac-sha256-128(19), DEPRECATED:des3-cbc-sha1(16), DEPRECATED:arcfour-hmac(23)}) 172.18.0.2: ISSUE: authtime 1670253531, etypes {rep=aes256-cts-hmac-sha1-96(18), tkt=aes256-cts-hmac-sha1-96(18), ses=aes256-cts-hmac-sha1-96(18)}, testuser/scm@EXAMPLE.COM for om/om@EXAMPLE.COM
kdc_1       | Dec 05 15:23:54 kdc krb5kdc[6](info): AS_REQ (8 etypes {aes256-cts-hmac-sha1-96(18), aes128-cts-hmac-sha1-96(17), aes256-cts-hmac-sha384-192(20), aes128-cts-hmac-sha256-128(19), DEPRECATED:des3-cbc-sha1(16), DEPRECATED:arcfour-hmac(23), camellia128-cts-cmac(25), camellia256-cts-cmac(26)}) 172.18.0.2: ISSUE: authtime 1670253834, etypes {rep=aes256-cts-hmac-sha1-96(18), tkt=aes256-cts-hmac-sha1-96(18), ses=aes256-cts-hmac-sha1-96(18)}, testuser/scm@EXAMPLE.COM for krbtgt/EXAMPLE.COM@EXAMPLE.COM
kdc_1       | Dec 05 15:23:59 kdc krb5kdc[6](info): TGS_REQ (6 etypes {aes256-cts-hmac-sha1-96(18), aes128-cts-hmac-sha1-96(17), aes256-cts-hmac-sha384-192(20), aes128-cts-hmac-sha256-128(19), DEPRECATED:des3-cbc-sha1(16), DEPRECATED:arcfour-hmac(23)}) 172.18.0.2: ISSUE: authtime 1670253834, etypes {rep=aes256-cts-hmac-sha1-96(18), tkt=aes256-cts-hmac-sha1-96(18), ses=aes256-cts-hmac-sha1-96(18)}, testuser/scm@EXAMPLE.COM for om/om@EXAMPLE.COM
kdc_1       | Dec 05 15:24:04 kdc krb5kdc[6](info): TGS_REQ (6 etypes {aes256-cts-hmac-sha1-96(18), aes128-cts-hmac-sha1-96(17), aes256-cts-hmac-sha384-192(20), aes128-cts-hmac-sha256-128(19), DEPRECATED:des3-cbc-sha1(16), DEPRECATED:arcfour-hmac(23)}) 172.18.0.2: ISSUE: authtime 1670253834, etypes {rep=aes256-cts-hmac-sha1-96(18), tkt=aes256-cts-hmac-sha1-96(18), ses=aes256-cts-hmac-sha1-96(18)}, testuser/scm@EXAMPLE.COM for om/om@EXAMPLE.COM
kdc_1       | Dec 05 15:24:10 kdc krb5kdc[6](info): TGS_REQ (6 etypes {aes256-cts-hmac-sha1-96(18), aes128-cts-hmac-sha1-96(17), aes256-cts-hmac-sha384-192(20), aes128-cts-hmac-sha256-128(19), DEPRECATED:des3-cbc-sha1(16), DEPRECATED:arcfour-hmac(23)}) 172.18.0.2: ISSUE: authtime 1670253834, etypes {rep=aes256-cts-hmac-sha1-96(18), tkt=aes256-cts-hmac-sha1-96(18), ses=aes256-cts-hmac-sha1-96(18)}, testuser/scm@EXAMPLE.COM for om/om@EXAMPLE.COM
datanode_2  | startupRole: FOLLOWER
recon_1     | 	at org.apache.hadoop.ipc.Server$Handler.run(Server.java:2976)
kdc_1       | Dec 05 15:24:16 kdc krb5kdc[6](info): TGS_REQ (6 etypes {aes256-cts-hmac-sha1-96(18), aes128-cts-hmac-sha1-96(17), aes256-cts-hmac-sha384-192(20), aes128-cts-hmac-sha256-128(19), DEPRECATED:des3-cbc-sha1(16), DEPRECATED:arcfour-hmac(23)}) 172.18.0.2: ISSUE: authtime 1670253834, etypes {rep=aes256-cts-hmac-sha1-96(18), tkt=aes256-cts-hmac-sha1-96(18), ses=aes256-cts-hmac-sha1-96(18)}, testuser/scm@EXAMPLE.COM for om/om@EXAMPLE.COM
scm_1       | 2022-12-05 15:11:38,969 [main] INFO server.RaftServer: 27ba5b76-bc39-4767-95a2-50286e2bcfd3: addNew group-C86C416CD4B3:[27ba5b76-bc39-4767-95a2-50286e2bcfd3|rpc:scm:9894|priority:0|startupRole:FOLLOWER] returns group-C86C416CD4B3:java.util.concurrent.CompletableFuture@6f2e1024[Not completed]
scm_1       | 2022-12-05 15:11:39,062 [pool-2-thread-1] INFO server.RaftServer$Division: 27ba5b76-bc39-4767-95a2-50286e2bcfd3: new RaftServerImpl for group-C86C416CD4B3:[27ba5b76-bc39-4767-95a2-50286e2bcfd3|rpc:scm:9894|priority:0|startupRole:FOLLOWER] with SCMStateMachine:uninitialized
scm_1       | 2022-12-05 15:11:39,073 [pool-2-thread-1] INFO server.RaftServerConfigKeys: raft.server.rpc.timeout.min = 5000ms (custom)
scm_1       | 2022-12-05 15:11:39,074 [pool-2-thread-1] INFO server.RaftServerConfigKeys: raft.server.rpc.timeout.max = 5200ms (custom)
scm_1       | 2022-12-05 15:11:39,074 [pool-2-thread-1] INFO server.RaftServerConfigKeys: raft.server.rpc.sleep.time = 25ms (default)
datanode_2  | ,id: "acd3abac-158e-457f-9a75-9b0827873f1c"
datanode_2  | address: "172.18.0.5:9856"
kdc_1       | Dec 05 15:24:22 kdc krb5kdc[6](info): TGS_REQ (6 etypes {aes256-cts-hmac-sha1-96(18), aes128-cts-hmac-sha1-96(17), aes256-cts-hmac-sha384-192(20), aes128-cts-hmac-sha256-128(19), DEPRECATED:des3-cbc-sha1(16), DEPRECATED:arcfour-hmac(23)}) 172.18.0.2: ISSUE: authtime 1670253834, etypes {rep=aes256-cts-hmac-sha1-96(18), tkt=aes256-cts-hmac-sha1-96(18), ses=aes256-cts-hmac-sha1-96(18)}, testuser/scm@EXAMPLE.COM for om/om@EXAMPLE.COM
kdc_1       | Dec 05 15:24:27 kdc krb5kdc[6](info): TGS_REQ (6 etypes {aes256-cts-hmac-sha1-96(18), aes128-cts-hmac-sha1-96(17), aes256-cts-hmac-sha384-192(20), aes128-cts-hmac-sha256-128(19), DEPRECATED:des3-cbc-sha1(16), DEPRECATED:arcfour-hmac(23)}) 172.18.0.2: ISSUE: authtime 1670253834, etypes {rep=aes256-cts-hmac-sha1-96(18), tkt=aes256-cts-hmac-sha1-96(18), ses=aes256-cts-hmac-sha1-96(18)}, testuser/scm@EXAMPLE.COM for om/om@EXAMPLE.COM
om_1        | 2022-12-05 15:12:23,866 [main] INFO ha.OMHANodeDetails: OM Service ID is not set. Setting it to the default ID: omServiceIdDefault
om_1        | 2022-12-05 15:12:23,870 [main] INFO ha.OMHANodeDetails: OM Node ID is not set. Setting it to the default ID: om1
om_1        | 2022-12-05 15:12:23,969 [main] WARN server.ServerUtils: ozone.om.db.dirs is not configured. We recommend adding this setting. Falling back to ozone.metadata.dirs instead.
om_1        | 2022-12-05 15:12:24,111 [main] INFO upgrade.AbstractLayoutVersionManager: Initializing Layout version manager with metadata layout = MULTITENANCY_SCHEMA (version = 3), software layout = MULTITENANCY_SCHEMA (version = 3)
datanode_2  | clientAddress: "172.18.0.5:9858"
recon_1     | , while invoking $Proxy39.submitRequest over nodeId=scmNodeId,nodeAddress=scm/172.18.0.2:9961 after 10 failover attempts. Trying to failover after sleeping for 2000ms.
recon_1     | 2022-12-05 15:12:01,358 [main] INFO recon.ReconServer: Successfully stored SCM signed certificate, case:GETCERT.
scm_1       | 2022-12-05 15:11:39,075 [pool-2-thread-1] INFO server.RaftServerConfigKeys: raft.server.rpc.slowness.timeout = 120000ms (custom)
om_1        | 2022-12-05 15:12:25,670 [main] INFO reflections.Reflections: Reflections took 1279 ms to scan 1 urls, producing 114 keys and 335 values [using 2 cores]
om_1        | 2022-12-05 15:12:26,757 [main] INFO security.UserGroupInformation: Login successful for user om/om@EXAMPLE.COM using keytab file om.keytab. Keytab auto renewal enabled : false
om_1        | 2022-12-05 15:12:26,760 [main] INFO om.OzoneManager: Ozone Manager login successful.
om_1        | 2022-12-05 15:12:26,760 [main] WARN server.ServerUtils: ozone.om.db.dirs is not configured. We recommend adding this setting. Falling back to ozone.metadata.dirs instead.
datanode_2  | adminAddress: "172.18.0.5:9857"
datanode_2  | startupRole: FOLLOWER
recon_1     | 2022-12-05 15:12:03,181 [main] INFO persistence.DefaultDataSourceProvider: JDBC Url for Recon : jdbc:derby:/data/metadata/recon/ozone_recon_derby.db 
scm_1       | 2022-12-05 15:11:39,075 [pool-2-thread-1] INFO server.RaftServerConfigKeys: raft.server.leaderelection.leader.step-down.wait-time = 10s (default)
scm_1       | 2022-12-05 15:11:39,075 [pool-2-thread-1] INFO server.RaftServerConfigKeys: raft.server.sleep.deviation.threshold = 300ms (default)
scm_1       | 2022-12-05 15:11:39,112 [pool-2-thread-1] INFO server.RaftServer$Division: 27ba5b76-bc39-4767-95a2-50286e2bcfd3@group-C86C416CD4B3: ConfigurationManager, init=-1: peers:[27ba5b76-bc39-4767-95a2-50286e2bcfd3|rpc:scm:9894|priority:0|startupRole:FOLLOWER]|listeners:[], old=null, confs=<EMPTY_MAP>
scm_1       | 2022-12-05 15:11:39,113 [pool-2-thread-1] INFO server.RaftServerConfigKeys: raft.server.storage.dir = [/data/metadata/scm-ha] (custom)
scm_1       | 2022-12-05 15:11:39,130 [pool-2-thread-1] INFO server.RaftServerConfigKeys: raft.server.log.corruption.policy = EXCEPTION (default)
datanode_2  | ,id: "aeadc4fa-8da6-4243-a7df-a1dec33ca96a"
datanode_2  | address: "172.18.0.4:9856"
datanode_2  | clientAddress: "172.18.0.4:9858"
kdc_1       | Dec 05 15:24:33 kdc krb5kdc[6](info): TGS_REQ (6 etypes {aes256-cts-hmac-sha1-96(18), aes128-cts-hmac-sha1-96(17), aes256-cts-hmac-sha384-192(20), aes128-cts-hmac-sha256-128(19), DEPRECATED:des3-cbc-sha1(16), DEPRECATED:arcfour-hmac(23)}) 172.18.0.2: ISSUE: authtime 1670253834, etypes {rep=aes256-cts-hmac-sha1-96(18), tkt=aes256-cts-hmac-sha1-96(18), ses=aes256-cts-hmac-sha1-96(18)}, testuser/scm@EXAMPLE.COM for om/om@EXAMPLE.COM
datanode_3  | 2022-12-05 15:12:23,326 [main] INFO http.HttpRequestLog: Http request log for http.requests.hddsDatanode is not defined
datanode_1  | 	at org.apache.hadoop.ipc.Client$Connection$2.run(Client.java:839)
recon_1     | 2022-12-05 15:12:08,873 [main] INFO codegen.SqlDbUtils: Created derby database at jdbc:derby:/data/metadata/recon/ozone_recon_derby.db.
datanode_2  | adminAddress: "172.18.0.4:9857"
datanode_2  | startupRole: FOLLOWER
datanode_2  | , old:)
datanode_2  | 2022-12-05 15:13:01,535 [Command processor thread] INFO server.RaftServer: aeadc4fa-8da6-4243-a7df-a1dec33ca96a: addNew group-343CCE2A33A1:[aeadc4fa-8da6-4243-a7df-a1dec33ca96a|rpc:172.18.0.4:9856|admin:172.18.0.4:9857|client:172.18.0.4:9858|priority:1|startupRole:FOLLOWER] returns group-343CCE2A33A1:java.util.concurrent.CompletableFuture@7d7c1700[Not completed]
datanode_2  | 2022-12-05 15:13:01,542 [pool-23-thread-1] INFO server.RaftServer$Division: aeadc4fa-8da6-4243-a7df-a1dec33ca96a: new RaftServerImpl for group-343CCE2A33A1:[aeadc4fa-8da6-4243-a7df-a1dec33ca96a|rpc:172.18.0.4:9856|admin:172.18.0.4:9857|client:172.18.0.4:9858|priority:1|startupRole:FOLLOWER] with ContainerStateMachine:uninitialized
kdc_1       | Dec 05 15:24:38 kdc krb5kdc[6](info): TGS_REQ (6 etypes {aes256-cts-hmac-sha1-96(18), aes128-cts-hmac-sha1-96(17), aes256-cts-hmac-sha384-192(20), aes128-cts-hmac-sha256-128(19), DEPRECATED:des3-cbc-sha1(16), DEPRECATED:arcfour-hmac(23)}) 172.18.0.2: ISSUE: authtime 1670253834, etypes {rep=aes256-cts-hmac-sha1-96(18), tkt=aes256-cts-hmac-sha1-96(18), ses=aes256-cts-hmac-sha1-96(18)}, testuser/scm@EXAMPLE.COM for om/om@EXAMPLE.COM
datanode_1  | 	at java.base/java.security.AccessController.doPrivileged(Native Method)
recon_1     | WARNING: An illegal reflective access operation has occurred
datanode_2  | 2022-12-05 15:13:01,544 [pool-23-thread-1] INFO server.RaftServerConfigKeys: raft.server.rpc.timeout.min = 5s (custom)
datanode_2  | 2022-12-05 15:13:01,545 [pool-23-thread-1] INFO server.RaftServerConfigKeys: raft.server.rpc.timeout.max = 5200ms (custom)
kdc_1       | Dec 05 15:24:44 kdc krb5kdc[6](info): TGS_REQ (6 etypes {aes256-cts-hmac-sha1-96(18), aes128-cts-hmac-sha1-96(17), aes256-cts-hmac-sha384-192(20), aes128-cts-hmac-sha256-128(19), DEPRECATED:des3-cbc-sha1(16), DEPRECATED:arcfour-hmac(23)}) 172.18.0.2: ISSUE: authtime 1670253834, etypes {rep=aes256-cts-hmac-sha1-96(18), tkt=aes256-cts-hmac-sha1-96(18), ses=aes256-cts-hmac-sha1-96(18)}, testuser/scm@EXAMPLE.COM for om/om@EXAMPLE.COM
recon_1     | WARNING: Illegal reflective access by org.jooq.tools.reflect.Reflect (file:/opt/hadoop/share/ozone/lib/jooq-3.11.10.jar) to constructor java.lang.invoke.MethodHandles$Lookup(java.lang.Class)
scm_1       | 2022-12-05 15:11:39,130 [pool-2-thread-1] INFO server.RaftServerConfigKeys: raft.server.storage.free-space.min = 0MB (=0) (default)
scm_1       | 2022-12-05 15:11:39,169 [pool-2-thread-1] INFO server.RaftServerConfigKeys: raft.server.notification.no-leader.timeout = 60s (default)
scm_1       | 2022-12-05 15:11:39,172 [pool-2-thread-1] INFO server.RaftServerConfigKeys: raft.server.retrycache.expirytime = 60000ms (default)
om_1        | 2022-12-05 15:12:27,837 [main] INFO proxy.SCMBlockLocationFailoverProxyProvider: Created block location fail-over proxy with 1 nodes: [nodeId=scmNodeId,nodeAddress=scm/172.18.0.2:9863]
datanode_1  | 	at java.base/javax.security.auth.Subject.doAs(Subject.java:423)
datanode_2  | 2022-12-05 15:13:01,546 [pool-23-thread-1] INFO server.RaftServerConfigKeys: raft.server.rpc.sleep.time = 25ms (default)
kdc_1       | Dec 05 15:24:51 kdc krb5kdc[6](info): TGS_REQ (6 etypes {aes256-cts-hmac-sha1-96(18), aes128-cts-hmac-sha1-96(17), aes256-cts-hmac-sha384-192(20), aes128-cts-hmac-sha256-128(19), DEPRECATED:des3-cbc-sha1(16), DEPRECATED:arcfour-hmac(23)}) 172.18.0.2: ISSUE: authtime 1670253834, etypes {rep=aes256-cts-hmac-sha1-96(18), tkt=aes256-cts-hmac-sha1-96(18), ses=aes256-cts-hmac-sha1-96(18)}, testuser/scm@EXAMPLE.COM for om/om@EXAMPLE.COM
recon_1     | WARNING: Please consider reporting this to the maintainers of org.jooq.tools.reflect.Reflect
scm_1       | 2022-12-05 15:11:39,172 [pool-2-thread-1] INFO server.RaftServerConfigKeys: raft.server.retrycache.statistics.expirytime = 100?s (default)
scm_1       | 2022-12-05 15:11:39,230 [pool-2-thread-1] INFO metrics.MetricRegistries: Loaded MetricRegistries class org.apache.ratis.metrics.impl.MetricRegistriesImpl
datanode_2  | 2022-12-05 15:13:01,546 [pool-23-thread-1] INFO server.RaftServerConfigKeys: raft.server.rpc.slowness.timeout = 300s (custom)
datanode_2  | 2022-12-05 15:13:01,547 [pool-23-thread-1] INFO server.RaftServerConfigKeys: raft.server.leaderelection.leader.step-down.wait-time = 10s (default)
datanode_3  | 2022-12-05 15:12:23,375 [main] INFO http.HttpServer2: Added global filter 'safety' (class=org.apache.hadoop.hdds.server.http.HttpServer2$QuotingInputFilter)
om_1        | 2022-12-05 15:12:28,186 [main] INFO proxy.SCMBlockLocationFailoverProxyProvider: Created block location fail-over proxy with 1 nodes: [nodeId=scmNodeId,nodeAddress=scm/172.18.0.2:9863]
om_1        | 2022-12-05 15:12:31,924 [main] INFO client.OMCertificateClient: Loading certificate from location:/data/metadata/om/certs.
scm_1       | 2022-12-05 15:11:39,472 [pool-2-thread-1] INFO server.RaftServerConfigKeys: raft.server.log.appender.install.snapshot.enabled = false (custom)
scm_1       | 2022-12-05 15:11:39,473 [pool-2-thread-1] INFO server.RaftServerConfigKeys: raft.server.threadpool.server.cached = true (default)
datanode_2  | 2022-12-05 15:13:01,547 [pool-23-thread-1] INFO server.RaftServerConfigKeys: raft.server.sleep.deviation.threshold = 300ms (default)
kdc_1       | Dec 05 15:24:57 kdc krb5kdc[6](info): TGS_REQ (6 etypes {aes256-cts-hmac-sha1-96(18), aes128-cts-hmac-sha1-96(17), aes256-cts-hmac-sha384-192(20), aes128-cts-hmac-sha256-128(19), DEPRECATED:des3-cbc-sha1(16), DEPRECATED:arcfour-hmac(23)}) 172.18.0.2: ISSUE: authtime 1670253834, etypes {rep=aes256-cts-hmac-sha1-96(18), tkt=aes256-cts-hmac-sha1-96(18), ses=aes256-cts-hmac-sha1-96(18)}, testuser/scm@EXAMPLE.COM for om/om@EXAMPLE.COM
datanode_3  | 2022-12-05 15:12:23,383 [main] INFO http.HttpServer2: Added filter authentication (class=org.apache.hadoop.security.authentication.server.AuthenticationFilter) to context hddsDatanode
om_1        | 2022-12-05 15:12:32,553 [main] INFO client.OMCertificateClient: Added certificate from file:/data/metadata/om/certs/459029270071.crt.
recon_1     | WARNING: Use --illegal-access=warn to enable warnings of further illegal reflective access operations
recon_1     | WARNING: All illegal access operations will be denied in a future release
scm_1       | 2022-12-05 15:11:39,474 [pool-2-thread-1] INFO server.RaftServerConfigKeys: raft.server.threadpool.server.size = 0 (default)
datanode_2  | 2022-12-05 15:13:01,548 [pool-23-thread-1] INFO server.RaftServer$Division: aeadc4fa-8da6-4243-a7df-a1dec33ca96a@group-343CCE2A33A1: ConfigurationManager, init=-1: peers:[aeadc4fa-8da6-4243-a7df-a1dec33ca96a|rpc:172.18.0.4:9856|admin:172.18.0.4:9857|client:172.18.0.4:9858|priority:1|startupRole:FOLLOWER]|listeners:[], old=null, confs=<EMPTY_MAP>
kdc_1       | Dec 05 15:25:03 kdc krb5kdc[6](info): TGS_REQ (6 etypes {aes256-cts-hmac-sha1-96(18), aes128-cts-hmac-sha1-96(17), aes256-cts-hmac-sha384-192(20), aes128-cts-hmac-sha256-128(19), DEPRECATED:des3-cbc-sha1(16), DEPRECATED:arcfour-hmac(23)}) 172.18.0.2: ISSUE: authtime 1670253834, etypes {rep=aes256-cts-hmac-sha1-96(18), tkt=aes256-cts-hmac-sha1-96(18), ses=aes256-cts-hmac-sha1-96(18)}, testuser/scm@EXAMPLE.COM for om/om@EXAMPLE.COM
datanode_3  | 2022-12-05 15:12:23,393 [main] INFO http.HttpServer2: Added filter authentication (class=org.apache.hadoop.security.authentication.server.AuthenticationFilter) to context static
om_1        | 2022-12-05 15:12:32,592 [main] INFO client.OMCertificateClient: Added certificate from file:/data/metadata/om/certs/ROOTCA-1.crt.
om_1        | 2022-12-05 15:12:32,622 [main] INFO client.OMCertificateClient: Added certificate from file:/data/metadata/om/certs/CA-429402035504.crt.
recon_1     | 2022-12-05 15:12:10,833 [main] INFO impl.ReconContainerMetadataManagerImpl: KEY_CONTAINER Table is empty, initializing from CONTAINER_KEY Table ...
scm_1       | 2022-12-05 15:11:39,475 [pool-2-thread-1] INFO server.RaftServerConfigKeys: raft.server.threadpool.client.cached = true (default)
datanode_2  | 2022-12-05 15:13:01,549 [pool-23-thread-1] INFO server.RaftServerConfigKeys: raft.server.storage.dir = [/data/metadata/ratis] (custom)
kdc_1       | Dec 05 15:25:09 kdc krb5kdc[6](info): TGS_REQ (6 etypes {aes256-cts-hmac-sha1-96(18), aes128-cts-hmac-sha1-96(17), aes256-cts-hmac-sha384-192(20), aes128-cts-hmac-sha256-128(19), DEPRECATED:des3-cbc-sha1(16), DEPRECATED:arcfour-hmac(23)}) 172.18.0.2: ISSUE: authtime 1670253834, etypes {rep=aes256-cts-hmac-sha1-96(18), tkt=aes256-cts-hmac-sha1-96(18), ses=aes256-cts-hmac-sha1-96(18)}, testuser/scm@EXAMPLE.COM for om/om@EXAMPLE.COM
datanode_3  | 2022-12-05 15:12:23,393 [main] INFO http.HttpServer2: Added filter authentication (class=org.apache.hadoop.security.authentication.server.AuthenticationFilter) to context logs
datanode_3  | 2022-12-05 15:12:23,397 [main] INFO http.HttpServer2: Initialize spnego with host: 0.0.0.0 userKey: hdds.datanode.http.auth.kerberos.principal keytabKey: hdds.datanode.http.auth.kerberos.keytab
recon_1     | 2022-12-05 15:12:10,838 [main] INFO impl.ReconContainerMetadataManagerImpl: It took 0.0 seconds to initialized 0 records to KEY_CONTAINER table
om_1        | 2022-12-05 15:12:32,761 [main] WARN server.ServerUtils: ozone.om.db.dirs is not configured. We recommend adding this setting. Falling back to ozone.metadata.dirs instead.
om_1        | 2022-12-05 15:12:33,293 [main] INFO codec.OmKeyInfoCodec: OmKeyInfoCodec ignorePipeline = true
datanode_2  | 2022-12-05 15:13:01,550 [pool-23-thread-1] INFO server.RaftServerConfigKeys: raft.server.log.corruption.policy = EXCEPTION (default)
datanode_2  | 2022-12-05 15:13:01,551 [pool-23-thread-1] INFO server.RaftServerConfigKeys: raft.server.storage.free-space.min = 0MB (=0) (default)
recon_1     | 2022-12-05 15:12:10,852 [main] INFO persistence.DefaultDataSourceProvider: JDBC Url for Recon : jdbc:derby:/data/metadata/recon/ozone_recon_derby.db 
om_1        | 2022-12-05 15:12:33,300 [main] INFO codec.RepeatedOmKeyInfoCodec: RepeatedOmKeyInfoCodec ignorePipeline = true
om_1        | 2022-12-05 15:12:34,211 [main] INFO om.OzoneManager: S3 Multi-Tenancy is enabled
kdc_1       | Dec 05 15:25:15 kdc krb5kdc[6](info): TGS_REQ (6 etypes {aes256-cts-hmac-sha1-96(18), aes128-cts-hmac-sha1-96(17), aes256-cts-hmac-sha384-192(20), aes128-cts-hmac-sha256-128(19), DEPRECATED:des3-cbc-sha1(16), DEPRECATED:arcfour-hmac(23)}) 172.18.0.2: ISSUE: authtime 1670253834, etypes {rep=aes256-cts-hmac-sha1-96(18), tkt=aes256-cts-hmac-sha1-96(18), ses=aes256-cts-hmac-sha1-96(18)}, testuser/scm@EXAMPLE.COM for om/om@EXAMPLE.COM
datanode_2  | 2022-12-05 15:13:01,551 [pool-23-thread-1] INFO server.RaftServerConfigKeys: raft.server.notification.no-leader.timeout = 300s (custom)
recon_1     | 2022-12-05 15:12:10,950 [main] INFO codegen.SqlDbUtils: Created derby database at jdbc:derby:/data/metadata/recon/ozone_recon_derby.db.
om_1        | 2022-12-05 15:12:34,230 [main] INFO om.OMMultiTenantManagerImpl: Loaded 0 tenants and 0 tenant users from the database
kdc_1       | Dec 05 15:25:21 kdc krb5kdc[6](info): TGS_REQ (6 etypes {aes256-cts-hmac-sha1-96(18), aes128-cts-hmac-sha1-96(17), aes256-cts-hmac-sha384-192(20), aes128-cts-hmac-sha256-128(19), DEPRECATED:des3-cbc-sha1(16), DEPRECATED:arcfour-hmac(23)}) 172.18.0.2: ISSUE: authtime 1670253834, etypes {rep=aes256-cts-hmac-sha1-96(18), tkt=aes256-cts-hmac-sha1-96(18), ses=aes256-cts-hmac-sha1-96(18)}, testuser/scm@EXAMPLE.COM for om/om@EXAMPLE.COM
scm_1       | 2022-12-05 15:11:39,475 [pool-2-thread-1] INFO server.RaftServerConfigKeys: raft.server.threadpool.client.size = 0 (default)
datanode_2  | 2022-12-05 15:13:01,553 [pool-23-thread-1] INFO server.RaftServerConfigKeys: raft.server.retrycache.expirytime = 600000ms (custom)
recon_1     | 2022-12-05 15:12:10,960 [main] INFO recon.ReconServer: Creating Recon Schema.
om_1        | 2022-12-05 15:12:34,320 [main] INFO security.OzoneSecretStore: Loaded 0 tokens
kdc_1       | Dec 05 15:25:30 kdc krb5kdc[6](info): TGS_REQ (6 etypes {aes256-cts-hmac-sha1-96(18), aes128-cts-hmac-sha1-96(17), aes256-cts-hmac-sha384-192(20), aes128-cts-hmac-sha256-128(19), DEPRECATED:des3-cbc-sha1(16), DEPRECATED:arcfour-hmac(23)}) 172.18.0.2: ISSUE: authtime 1670253834, etypes {rep=aes256-cts-hmac-sha1-96(18), tkt=aes256-cts-hmac-sha1-96(18), ses=aes256-cts-hmac-sha1-96(18)}, testuser/scm@EXAMPLE.COM for om/om@EXAMPLE.COM
scm_1       | 2022-12-05 15:11:39,477 [27ba5b76-bc39-4767-95a2-50286e2bcfd3-impl-thread1] INFO storage.RaftStorageDirectory: The storage directory /data/metadata/scm-ha/1950c178-9bbf-4de8-bc57-c86c416cd4b3 does not exist. Creating ...
datanode_2  | 2022-12-05 15:13:01,553 [pool-23-thread-1] INFO server.RaftServerConfigKeys: raft.server.retrycache.statistics.expirytime = 100?s (default)
recon_1     | 2022-12-05 15:12:16,720 [main] INFO http.BaseHttpServer: Starting Web-server for recon at: http://0.0.0.0:9888
om_1        | 2022-12-05 15:12:34,320 [main] INFO security.OzoneDelegationTokenSecretManager: Loading token state into token manager.
kdc_1       | Dec 05 15:25:39 kdc krb5kdc[6](info): TGS_REQ (6 etypes {aes256-cts-hmac-sha1-96(18), aes128-cts-hmac-sha1-96(17), aes256-cts-hmac-sha384-192(20), aes128-cts-hmac-sha256-128(19), DEPRECATED:des3-cbc-sha1(16), DEPRECATED:arcfour-hmac(23)}) 172.18.0.2: ISSUE: authtime 1670253834, etypes {rep=aes256-cts-hmac-sha1-96(18), tkt=aes256-cts-hmac-sha1-96(18), ses=aes256-cts-hmac-sha1-96(18)}, testuser/scm@EXAMPLE.COM for om/om@EXAMPLE.COM
scm_1       | 2022-12-05 15:11:39,483 [27ba5b76-bc39-4767-95a2-50286e2bcfd3-impl-thread1] INFO storage.RaftStorageDirectory: Lock on /data/metadata/scm-ha/1950c178-9bbf-4de8-bc57-c86c416cd4b3/in_use.lock acquired by nodename 13@scm
datanode_2  | 2022-12-05 15:13:01,557 [pool-23-thread-1] INFO server.RaftServerConfigKeys: raft.server.log.appender.install.snapshot.enabled = false (custom)
recon_1     | 2022-12-05 15:12:16,720 [main] INFO http.BaseHttpServer: Hadoop Security Enabled: true Ozone Security Enabled: true Ozone HTTP Security Enabled: true 
om_1        | 2022-12-05 15:12:34,380 [OMRangerBGSyncService#0] WARN service.OMRangerBGSyncService: OzoneManagerRatisServer is not initialized yet
kdc_1       | Dec 05 15:25:48 kdc krb5kdc[6](info): TGS_REQ (6 etypes {aes256-cts-hmac-sha1-96(18), aes128-cts-hmac-sha1-96(17), aes256-cts-hmac-sha384-192(20), aes128-cts-hmac-sha256-128(19), DEPRECATED:des3-cbc-sha1(16), DEPRECATED:arcfour-hmac(23)}) 172.18.0.2: ISSUE: authtime 1670253834, etypes {rep=aes256-cts-hmac-sha1-96(18), tkt=aes256-cts-hmac-sha1-96(18), ses=aes256-cts-hmac-sha1-96(18)}, testuser/scm@EXAMPLE.COM for om/om@EXAMPLE.COM
kdc_1       | Dec 05 15:25:58 kdc krb5kdc[6](info): TGS_REQ (6 etypes {aes256-cts-hmac-sha1-96(18), aes128-cts-hmac-sha1-96(17), aes256-cts-hmac-sha384-192(20), aes128-cts-hmac-sha256-128(19), DEPRECATED:des3-cbc-sha1(16), DEPRECATED:arcfour-hmac(23)}) 172.18.0.2: ISSUE: authtime 1670253834, etypes {rep=aes256-cts-hmac-sha1-96(18), tkt=aes256-cts-hmac-sha1-96(18), ses=aes256-cts-hmac-sha1-96(18)}, testuser/scm@EXAMPLE.COM for om/om@EXAMPLE.COM
datanode_2  | 2022-12-05 15:13:01,559 [pool-23-thread-1] INFO server.RaftServerConfigKeys: raft.server.threadpool.server.cached = true (default)
recon_1     | 2022-12-05 15:12:16,720 [main] INFO http.BaseHttpServer: HttpAuthType: ozone.recon.http.auth.type = kerberos
datanode_1  | 	at org.apache.hadoop.security.UserGroupInformation.doAs(UserGroupInformation.java:1878)
kdc_1       | Dec 05 15:26:03 kdc krb5kdc[6](info): TGS_REQ (6 etypes {aes256-cts-hmac-sha1-96(18), aes128-cts-hmac-sha1-96(17), aes256-cts-hmac-sha384-192(20), aes128-cts-hmac-sha256-128(19), DEPRECATED:des3-cbc-sha1(16), DEPRECATED:arcfour-hmac(23)}) 172.18.0.2: ISSUE: authtime 1670253834, etypes {rep=aes256-cts-hmac-sha1-96(18), tkt=aes256-cts-hmac-sha1-96(18), ses=aes256-cts-hmac-sha1-96(18)}, testuser/scm@EXAMPLE.COM for om/om@EXAMPLE.COM
scm_1       | 2022-12-05 15:11:39,492 [27ba5b76-bc39-4767-95a2-50286e2bcfd3-impl-thread1] INFO storage.RaftStorage: Storage directory /data/metadata/scm-ha/1950c178-9bbf-4de8-bc57-c86c416cd4b3 has been successfully formatted.
datanode_2  | 2022-12-05 15:13:01,560 [pool-23-thread-1] INFO server.RaftServerConfigKeys: raft.server.threadpool.server.size = 0 (default)
datanode_3  | 2022-12-05 15:12:23,630 [main] INFO http.HttpServer2: Jetty bound to port 9882
datanode_3  | 2022-12-05 15:12:23,648 [main] INFO server.Server: jetty-9.4.49.v20220914; built: 2022-09-14T01:07:36.601Z; git: 4231a3b2e4cb8548a412a789936d640a97b1aa0a; jvm 11.0.14.1+1-LTS
recon_1     | 2022-12-05 15:12:16,795 [main] INFO util.log: Logging initialized @76273ms to org.eclipse.jetty.util.log.Slf4jLog
kdc_1       | Dec 05 15:26:10 kdc krb5kdc[6](info): TGS_REQ (6 etypes {aes256-cts-hmac-sha1-96(18), aes128-cts-hmac-sha1-96(17), aes256-cts-hmac-sha384-192(20), aes128-cts-hmac-sha256-128(19), DEPRECATED:des3-cbc-sha1(16), DEPRECATED:arcfour-hmac(23)}) 172.18.0.2: ISSUE: authtime 1670253834, etypes {rep=aes256-cts-hmac-sha1-96(18), tkt=aes256-cts-hmac-sha1-96(18), ses=aes256-cts-hmac-sha1-96(18)}, testuser/scm@EXAMPLE.COM for om/om@EXAMPLE.COM
scm_1       | 2022-12-05 15:11:39,496 [27ba5b76-bc39-4767-95a2-50286e2bcfd3-impl-thread1] INFO server.RaftServerConfigKeys: raft.server.log.use.memory = false (default)
datanode_2  | 2022-12-05 15:13:01,562 [pool-23-thread-1] INFO server.RaftServerConfigKeys: raft.server.threadpool.client.cached = true (default)
datanode_3  | 2022-12-05 15:12:23,825 [main] INFO server.session: DefaultSessionIdManager workerName=node0
datanode_3  | 2022-12-05 15:12:23,825 [main] INFO server.session: No SessionScavenger set, using defaults
recon_1     | 2022-12-05 15:12:17,633 [main] WARN http.HttpRequestLog: Jetty request log can only be enabled using Log4j
kdc_1       | Dec 05 15:26:19 kdc krb5kdc[6](info): TGS_REQ (6 etypes {aes256-cts-hmac-sha1-96(18), aes128-cts-hmac-sha1-96(17), aes256-cts-hmac-sha384-192(20), aes128-cts-hmac-sha256-128(19), DEPRECATED:des3-cbc-sha1(16), DEPRECATED:arcfour-hmac(23)}) 172.18.0.2: ISSUE: authtime 1670253834, etypes {rep=aes256-cts-hmac-sha1-96(18), tkt=aes256-cts-hmac-sha1-96(18), ses=aes256-cts-hmac-sha1-96(18)}, testuser/scm@EXAMPLE.COM for om/om@EXAMPLE.COM
scm_1       | 2022-12-05 15:11:39,504 [27ba5b76-bc39-4767-95a2-50286e2bcfd3-impl-thread1] INFO server.RaftServerConfigKeys: raft.server.log.purge.gap = 1000000 (custom)
datanode_2  | 2022-12-05 15:13:01,562 [pool-23-thread-1] INFO server.RaftServerConfigKeys: raft.server.threadpool.client.size = 0 (default)
datanode_3  | 2022-12-05 15:12:23,836 [main] INFO server.session: node0 Scavenging every 660000ms
datanode_3  | 2022-12-05 15:12:24,005 [main] INFO server.KerberosAuthenticationHandler: Using keytab /etc/security/keytabs/dn.keytab, for principal HTTP/dn@EXAMPLE.COM
datanode_3  | 2022-12-05 15:12:24,008 [main] INFO handler.ContextHandler: Started o.e.j.s.ServletContextHandler@3de507af{logs,/logs,file:///var/log/hadoop/,AVAILABLE}
datanode_3  | 2022-12-05 15:12:24,032 [main] INFO handler.ContextHandler: Started o.e.j.s.ServletContextHandler@5fbb2e1c{static,/static,jar:file:/opt/hadoop/share/ozone/lib/hdds-container-service-1.3.0-SNAPSHOT.jar!/webapps/static,AVAILABLE}
datanode_3  | 2022-12-05 15:12:24,537 [main] INFO server.KerberosAuthenticationHandler: Using keytab /etc/security/keytabs/dn.keytab, for principal HTTP/dn@EXAMPLE.COM
kdc_1       | Dec 05 15:26:27 kdc krb5kdc[6](info): TGS_REQ (6 etypes {aes256-cts-hmac-sha1-96(18), aes128-cts-hmac-sha1-96(17), aes256-cts-hmac-sha384-192(20), aes128-cts-hmac-sha256-128(19), DEPRECATED:des3-cbc-sha1(16), DEPRECATED:arcfour-hmac(23)}) 172.18.0.2: ISSUE: authtime 1670253834, etypes {rep=aes256-cts-hmac-sha1-96(18), tkt=aes256-cts-hmac-sha1-96(18), ses=aes256-cts-hmac-sha1-96(18)}, testuser/scm@EXAMPLE.COM for om/om@EXAMPLE.COM
scm_1       | 2022-12-05 15:11:39,505 [27ba5b76-bc39-4767-95a2-50286e2bcfd3-impl-thread1] INFO server.RaftServerConfigKeys: raft.server.log.appender.buffer.byte-limit = 33554432 (custom)
datanode_2  | 2022-12-05 15:13:01,563 [pool-23-thread-1] INFO storage.RaftStorageDirectory: The storage directory /data/metadata/ratis/7560408f-20ee-45ca-96dd-343cce2a33a1 does not exist. Creating ...
datanode_3  | 2022-12-05 15:12:24,577 [main] INFO handler.ContextHandler: Started o.e.j.w.WebAppContext@3d306fd5{hddsDatanode,/,file:///tmp/jetty-0_0_0_0-9882-hdds-container-service-1_3_0-SNAPSHOT_jar-_-any-5371889061319607626/webapp/,AVAILABLE}{jar:file:/opt/hadoop/share/ozone/lib/hdds-container-service-1.3.0-SNAPSHOT.jar!/webapps/hddsDatanode}
datanode_3  | 2022-12-05 15:12:24,669 [main] INFO server.AbstractConnector: Started ServerConnector@6b5fdbd0{HTTP/1.1, (http/1.1)}{0.0.0.0:9882}
datanode_3  | 2022-12-05 15:12:24,670 [main] INFO server.Server: Started @83745ms
datanode_3  | 2022-12-05 15:12:24,683 [main] INFO impl.MetricsSinkAdapter: Sink prometheus started
recon_1     | 2022-12-05 15:12:17,678 [main] INFO http.HttpServer2: Added global filter 'safety' (class=org.apache.hadoop.hdds.server.http.HttpServer2$QuotingInputFilter)
kdc_1       | Dec 05 15:26:33 kdc krb5kdc[6](info): TGS_REQ (6 etypes {aes256-cts-hmac-sha1-96(18), aes128-cts-hmac-sha1-96(17), aes256-cts-hmac-sha384-192(20), aes128-cts-hmac-sha256-128(19), DEPRECATED:des3-cbc-sha1(16), DEPRECATED:arcfour-hmac(23)}) 172.18.0.2: ISSUE: authtime 1670253834, etypes {rep=aes256-cts-hmac-sha1-96(18), tkt=aes256-cts-hmac-sha1-96(18), ses=aes256-cts-hmac-sha1-96(18)}, testuser/scm@EXAMPLE.COM for om/om@EXAMPLE.COM
kdc_1       | Dec 05 15:26:38 kdc krb5kdc[6](info): TGS_REQ (6 etypes {aes256-cts-hmac-sha1-96(18), aes128-cts-hmac-sha1-96(17), aes256-cts-hmac-sha384-192(20), aes128-cts-hmac-sha256-128(19), DEPRECATED:des3-cbc-sha1(16), DEPRECATED:arcfour-hmac(23)}) 172.18.0.2: ISSUE: authtime 1670253834, etypes {rep=aes256-cts-hmac-sha1-96(18), tkt=aes256-cts-hmac-sha1-96(18), ses=aes256-cts-hmac-sha1-96(18)}, testuser/scm@EXAMPLE.COM for om/om@EXAMPLE.COM
datanode_2  | 2022-12-05 15:13:01,566 [pool-23-thread-1] INFO storage.RaftStorageDirectory: Lock on /data/metadata/ratis/7560408f-20ee-45ca-96dd-343cce2a33a1/in_use.lock acquired by nodename 7@b5144621bf04
datanode_3  | 2022-12-05 15:12:24,684 [main] INFO impl.MetricsSystemImpl: Registered sink prometheus
recon_1     | 2022-12-05 15:12:17,687 [main] INFO http.HttpServer2: Added filter authentication (class=org.apache.hadoop.security.authentication.server.AuthenticationFilter) to context recon
datanode_2  | 2022-12-05 15:13:01,569 [pool-23-thread-1] INFO storage.RaftStorage: Storage directory /data/metadata/ratis/7560408f-20ee-45ca-96dd-343cce2a33a1 has been successfully formatted.
datanode_2  | 2022-12-05 15:13:01,570 [pool-23-thread-1] INFO ratis.ContainerStateMachine: group-343CCE2A33A1: The snapshot info is null. Setting the last applied indexto:(t:0, i:~)
datanode_2  | 2022-12-05 15:13:01,570 [pool-23-thread-1] INFO server.RaftServerConfigKeys: raft.server.log.use.memory = false (default)
om_1        | 2022-12-05 15:12:34,575 [main] INFO om.OzoneManager: Created Volume s3v With Owner om required for S3Gateway operations.
om_1        | 2022-12-05 15:12:34,658 [main] WARN server.ServerUtils: Storage directory for Ratis is not configured. It is a good idea to map this to an SSD disk. Falling back to ozone.metadata.dirs
om_1        | 2022-12-05 15:12:34,659 [main] WARN utils.OzoneManagerRatisUtils: ozone.om.ratis.snapshot.dir is not configured. Falling back to ozone.metadata.dirs config
om_1        | 2022-12-05 15:12:34,736 [main] INFO metrics.MetricRegistries: Loaded MetricRegistries class org.apache.ratis.metrics.impl.MetricRegistriesImpl
om_1        | 2022-12-05 15:12:34,778 [main] WARN server.ServerUtils: Storage directory for Ratis is not configured. It is a good idea to map this to an SSD disk. Falling back to ozone.metadata.dirs
om_1        | 2022-12-05 15:12:34,861 [main] INFO ratis.OzoneManagerRatisServer: Instantiating OM Ratis server with groupID: omServiceIdDefault and peers: om:9872
recon_1     | 2022-12-05 15:12:17,687 [main] INFO http.HttpServer2: Added filter authentication (class=org.apache.hadoop.security.authentication.server.AuthenticationFilter) to context logs
datanode_2  | 2022-12-05 15:13:01,570 [pool-23-thread-1] INFO server.RaftServerConfigKeys: raft.server.log.purge.gap = 1000000 (custom)
datanode_2  | 2022-12-05 15:13:01,571 [pool-23-thread-1] INFO server.RaftServerConfigKeys: raft.server.log.appender.buffer.byte-limit = 33554432 (custom)
datanode_2  | 2022-12-05 15:13:01,571 [pool-23-thread-1] INFO server.RaftServerConfigKeys: raft.server.log.statemachine.data.read.timeout = 1000ms (default)
datanode_1  | 	at org.apache.hadoop.ipc.Client$Connection.setupIOstreams(Client.java:839)
datanode_1  | 	... 15 more
datanode_1  | 2022-12-05 15:12:41,599 [grpc-default-executor-1] WARN server.GrpcServerProtocolService: 6627d792-809e-46c9-b23f-cd11238dfcb9: Failed requestVote acd3abac-158e-457f-9a75-9b0827873f1c->6627d792-809e-46c9-b23f-cd11238dfcb9#0
datanode_1  | org.apache.ratis.protocol.exceptions.GroupMismatchException: 6627d792-809e-46c9-b23f-cd11238dfcb9: group-4B6C77AD8CE7 not found.
recon_1     | 2022-12-05 15:12:17,687 [main] INFO http.HttpServer2: Added filter authentication (class=org.apache.hadoop.security.authentication.server.AuthenticationFilter) to context static
datanode_2  | 2022-12-05 15:13:01,571 [pool-23-thread-1] INFO server.RaftServerConfigKeys: raft.server.log.purge.preservation.log.num = 0 (default)
datanode_1  | 	at org.apache.ratis.server.impl.RaftServerProxy$ImplMap.get(RaftServerProxy.java:150)
datanode_1  | 	at org.apache.ratis.server.impl.RaftServerProxy.getImplFuture(RaftServerProxy.java:351)
datanode_1  | 	at org.apache.ratis.server.impl.RaftServerProxy.getImpl(RaftServerProxy.java:360)
datanode_1  | 	at org.apache.ratis.server.impl.RaftServerProxy.getImpl(RaftServerProxy.java:355)
recon_1     | 2022-12-05 15:12:17,703 [main] INFO http.HttpServer2: Initialize spnego with host: 0.0.0.0 userKey: ozone.recon.http.auth.kerberos.principal keytabKey: ozone.recon.http.auth.kerberos.keytab
datanode_2  | 2022-12-05 15:13:01,572 [pool-23-thread-1] INFO server.RaftServerConfigKeys: raft.server.log.segment.size.max = 1048576 (custom)
datanode_1  | 	at org.apache.ratis.server.impl.RaftServerProxy.requestVote(RaftServerProxy.java:618)
kdc_1       | Dec 05 15:26:47 kdc krb5kdc[6](info): TGS_REQ (6 etypes {aes256-cts-hmac-sha1-96(18), aes128-cts-hmac-sha1-96(17), aes256-cts-hmac-sha384-192(20), aes128-cts-hmac-sha256-128(19), DEPRECATED:des3-cbc-sha1(16), DEPRECATED:arcfour-hmac(23)}) 172.18.0.2: ISSUE: authtime 1670253834, etypes {rep=aes256-cts-hmac-sha1-96(18), tkt=aes256-cts-hmac-sha1-96(18), ses=aes256-cts-hmac-sha1-96(18)}, testuser/scm@EXAMPLE.COM for om/om@EXAMPLE.COM
kdc_1       | Dec 05 15:26:53 kdc krb5kdc[6](info): TGS_REQ (6 etypes {aes256-cts-hmac-sha1-96(18), aes128-cts-hmac-sha1-96(17), aes256-cts-hmac-sha384-192(20), aes128-cts-hmac-sha256-128(19), DEPRECATED:des3-cbc-sha1(16), DEPRECATED:arcfour-hmac(23)}) 172.18.0.2: ISSUE: authtime 1670253834, etypes {rep=aes256-cts-hmac-sha1-96(18), tkt=aes256-cts-hmac-sha1-96(18), ses=aes256-cts-hmac-sha1-96(18)}, testuser/scm@EXAMPLE.COM for om/om@EXAMPLE.COM
kdc_1       | Dec 05 15:27:00 kdc krb5kdc[6](info): TGS_REQ (6 etypes {aes256-cts-hmac-sha1-96(18), aes128-cts-hmac-sha1-96(17), aes256-cts-hmac-sha384-192(20), aes128-cts-hmac-sha256-128(19), DEPRECATED:des3-cbc-sha1(16), DEPRECATED:arcfour-hmac(23)}) 172.18.0.2: ISSUE: authtime 1670253834, etypes {rep=aes256-cts-hmac-sha1-96(18), tkt=aes256-cts-hmac-sha1-96(18), ses=aes256-cts-hmac-sha1-96(18)}, testuser/scm@EXAMPLE.COM for om/om@EXAMPLE.COM
kdc_1       | Dec 05 15:27:05 kdc krb5kdc[6](info): TGS_REQ (6 etypes {aes256-cts-hmac-sha1-96(18), aes128-cts-hmac-sha1-96(17), aes256-cts-hmac-sha384-192(20), aes128-cts-hmac-sha256-128(19), DEPRECATED:des3-cbc-sha1(16), DEPRECATED:arcfour-hmac(23)}) 172.18.0.2: ISSUE: authtime 1670253834, etypes {rep=aes256-cts-hmac-sha1-96(18), tkt=aes256-cts-hmac-sha1-96(18), ses=aes256-cts-hmac-sha1-96(18)}, testuser/scm@EXAMPLE.COM for om/om@EXAMPLE.COM
kdc_1       | Dec 05 15:27:12 kdc krb5kdc[6](info): TGS_REQ (6 etypes {aes256-cts-hmac-sha1-96(18), aes128-cts-hmac-sha1-96(17), aes256-cts-hmac-sha384-192(20), aes128-cts-hmac-sha256-128(19), DEPRECATED:des3-cbc-sha1(16), DEPRECATED:arcfour-hmac(23)}) 172.18.0.2: ISSUE: authtime 1670253834, etypes {rep=aes256-cts-hmac-sha1-96(18), tkt=aes256-cts-hmac-sha1-96(18), ses=aes256-cts-hmac-sha1-96(18)}, testuser/scm@EXAMPLE.COM for om/om@EXAMPLE.COM
datanode_2  | 2022-12-05 15:13:01,572 [pool-23-thread-1] INFO server.RaftServerConfigKeys: raft.server.log.segment.cache.num.max = 2 (custom)
kdc_1       | Dec 05 15:27:18 kdc krb5kdc[6](info): TGS_REQ (6 etypes {aes256-cts-hmac-sha1-96(18), aes128-cts-hmac-sha1-96(17), aes256-cts-hmac-sha384-192(20), aes128-cts-hmac-sha256-128(19), DEPRECATED:des3-cbc-sha1(16), DEPRECATED:arcfour-hmac(23)}) 172.18.0.2: ISSUE: authtime 1670253834, etypes {rep=aes256-cts-hmac-sha1-96(18), tkt=aes256-cts-hmac-sha1-96(18), ses=aes256-cts-hmac-sha1-96(18)}, testuser/scm@EXAMPLE.COM for om/om@EXAMPLE.COM
kdc_1       | Dec 05 15:27:24 kdc krb5kdc[6](info): TGS_REQ (6 etypes {aes256-cts-hmac-sha1-96(18), aes128-cts-hmac-sha1-96(17), aes256-cts-hmac-sha384-192(20), aes128-cts-hmac-sha256-128(19), DEPRECATED:des3-cbc-sha1(16), DEPRECATED:arcfour-hmac(23)}) 172.18.0.2: ISSUE: authtime 1670253834, etypes {rep=aes256-cts-hmac-sha1-96(18), tkt=aes256-cts-hmac-sha1-96(18), ses=aes256-cts-hmac-sha1-96(18)}, testuser/scm@EXAMPLE.COM for om/om@EXAMPLE.COM
kdc_1       | Dec 05 15:27:30 kdc krb5kdc[6](info): TGS_REQ (6 etypes {aes256-cts-hmac-sha1-96(18), aes128-cts-hmac-sha1-96(17), aes256-cts-hmac-sha384-192(20), aes128-cts-hmac-sha256-128(19), DEPRECATED:des3-cbc-sha1(16), DEPRECATED:arcfour-hmac(23)}) 172.18.0.2: ISSUE: authtime 1670253834, etypes {rep=aes256-cts-hmac-sha1-96(18), tkt=aes256-cts-hmac-sha1-96(18), ses=aes256-cts-hmac-sha1-96(18)}, testuser/scm@EXAMPLE.COM for om/om@EXAMPLE.COM
kdc_1       | Dec 05 15:27:36 kdc krb5kdc[6](info): TGS_REQ (6 etypes {aes256-cts-hmac-sha1-96(18), aes128-cts-hmac-sha1-96(17), aes256-cts-hmac-sha384-192(20), aes128-cts-hmac-sha256-128(19), DEPRECATED:des3-cbc-sha1(16), DEPRECATED:arcfour-hmac(23)}) 172.18.0.2: ISSUE: authtime 1670253834, etypes {rep=aes256-cts-hmac-sha1-96(18), tkt=aes256-cts-hmac-sha1-96(18), ses=aes256-cts-hmac-sha1-96(18)}, testuser/scm@EXAMPLE.COM for om/om@EXAMPLE.COM
recon_1     | 2022-12-05 15:12:18,262 [main] INFO tasks.ReconTaskControllerImpl: Registered task ContainerKeyMapperTask with controller.
datanode_2  | 2022-12-05 15:13:01,573 [pool-23-thread-1] INFO server.RaftServerConfigKeys: raft.server.log.segment.cache.size.max = 200MB (=209715200) (default)
datanode_1  | 	at org.apache.ratis.grpc.server.GrpcServerProtocolService.requestVote(GrpcServerProtocolService.java:175)
datanode_1  | 	at org.apache.ratis.proto.grpc.RaftServerProtocolServiceGrpc$MethodHandlers.invoke(RaftServerProtocolServiceGrpc.java:382)
scm_1       | 2022-12-05 15:11:39,506 [27ba5b76-bc39-4767-95a2-50286e2bcfd3-impl-thread1] INFO server.RaftServerConfigKeys: raft.server.log.statemachine.data.read.timeout = 1000ms (default)
scm_1       | 2022-12-05 15:11:39,509 [27ba5b76-bc39-4767-95a2-50286e2bcfd3-impl-thread1] INFO server.RaftServerConfigKeys: raft.server.log.purge.preservation.log.num = 0 (default)
scm_1       | 2022-12-05 15:11:39,511 [27ba5b76-bc39-4767-95a2-50286e2bcfd3-impl-thread1] INFO server.RaftServerConfigKeys: raft.server.log.segment.size.max = 4194304 (custom)
recon_1     | 2022-12-05 15:12:19,623 [main] INFO tasks.ReconTaskControllerImpl: Registered task FileSizeCountTask with controller.
datanode_2  | 2022-12-05 15:13:01,573 [pool-23-thread-1] INFO segmented.SegmentedRaftLogWorker: new aeadc4fa-8da6-4243-a7df-a1dec33ca96a@group-343CCE2A33A1-SegmentedRaftLogWorker for RaftStorageImpl:Storage Directory /data/metadata/ratis/7560408f-20ee-45ca-96dd-343cce2a33a1
kdc_1       | Dec 05 15:27:42 kdc krb5kdc[6](info): TGS_REQ (6 etypes {aes256-cts-hmac-sha1-96(18), aes128-cts-hmac-sha1-96(17), aes256-cts-hmac-sha384-192(20), aes128-cts-hmac-sha256-128(19), DEPRECATED:des3-cbc-sha1(16), DEPRECATED:arcfour-hmac(23)}) 172.18.0.2: ISSUE: authtime 1670253834, etypes {rep=aes256-cts-hmac-sha1-96(18), tkt=aes256-cts-hmac-sha1-96(18), ses=aes256-cts-hmac-sha1-96(18)}, testuser/scm@EXAMPLE.COM for om/om@EXAMPLE.COM
datanode_1  | 	at org.apache.ratis.thirdparty.io.grpc.stub.ServerCalls$UnaryServerCallHandler$UnaryServerCallListener.onHalfClose(ServerCalls.java:182)
scm_1       | 2022-12-05 15:11:39,517 [27ba5b76-bc39-4767-95a2-50286e2bcfd3-impl-thread1] INFO server.RaftServerConfigKeys: raft.server.log.segment.cache.num.max = 2 (custom)
scm_1       | 2022-12-05 15:11:39,518 [27ba5b76-bc39-4767-95a2-50286e2bcfd3-impl-thread1] INFO server.RaftServerConfigKeys: raft.server.log.segment.cache.size.max = 200MB (=209715200) (default)
scm_1       | 2022-12-05 15:11:39,524 [27ba5b76-bc39-4767-95a2-50286e2bcfd3-impl-thread1] INFO segmented.SegmentedRaftLogWorker: new 27ba5b76-bc39-4767-95a2-50286e2bcfd3@group-C86C416CD4B3-SegmentedRaftLogWorker for RaftStorageImpl:Storage Directory /data/metadata/scm-ha/1950c178-9bbf-4de8-bc57-c86c416cd4b3
recon_1     | 2022-12-05 15:12:19,666 [main] INFO tasks.ReconTaskControllerImpl: Registered task TableCountTask with controller.
datanode_2  | 2022-12-05 15:13:01,578 [pool-23-thread-1] INFO server.RaftServerConfigKeys: raft.server.log.queue.byte-limit = 4294967296 (custom)
