kdc_1       | Dec 05 15:27:49 kdc krb5kdc[6](info): TGS_REQ (6 etypes {aes256-cts-hmac-sha1-96(18), aes128-cts-hmac-sha1-96(17), aes256-cts-hmac-sha384-192(20), aes128-cts-hmac-sha256-128(19), DEPRECATED:des3-cbc-sha1(16), DEPRECATED:arcfour-hmac(23)}) 172.18.0.2: ISSUE: authtime 1670253834, etypes {rep=aes256-cts-hmac-sha1-96(18), tkt=aes256-cts-hmac-sha1-96(18), ses=aes256-cts-hmac-sha1-96(18)}, testuser/scm@EXAMPLE.COM for om/om@EXAMPLE.COM
datanode_1  | 	at org.apache.ratis.thirdparty.io.grpc.PartialForwardingServerCallListener.onHalfClose(PartialForwardingServerCallListener.java:35)
scm_1       | 2022-12-05 15:11:39,525 [27ba5b76-bc39-4767-95a2-50286e2bcfd3-impl-thread1] INFO server.RaftServerConfigKeys: raft.server.log.queue.byte-limit = 64MB (=67108864) (default)
scm_1       | 2022-12-05 15:11:39,525 [27ba5b76-bc39-4767-95a2-50286e2bcfd3-impl-thread1] INFO server.RaftServerConfigKeys: raft.server.log.queue.element-limit = 4096 (default)
scm_1       | 2022-12-05 15:11:39,536 [27ba5b76-bc39-4767-95a2-50286e2bcfd3-impl-thread1] INFO server.RaftServerConfigKeys: raft.server.log.segment.size.max = 4194304 (custom)
recon_1     | 2022-12-05 15:12:19,706 [main] INFO tasks.ReconTaskControllerImpl: Registered task NSSummaryTask with controller.
recon_1     | 2022-12-05 15:12:19,835 [main] INFO ozone.OmUtils: ozone.om.internal.service.id is not defined, falling back to ozone.om.service.ids to find serviceID for OzoneManager if it is HA enabled cluster
datanode_1  | 	at org.apache.ratis.thirdparty.io.grpc.ForwardingServerCallListener.onHalfClose(ForwardingServerCallListener.java:23)
scm_1       | 2022-12-05 15:11:39,537 [27ba5b76-bc39-4767-95a2-50286e2bcfd3-impl-thread1] INFO server.RaftServerConfigKeys: raft.server.log.preallocated.size = 4194304 (custom)
scm_1       | 2022-12-05 15:11:39,537 [27ba5b76-bc39-4767-95a2-50286e2bcfd3-impl-thread1] INFO server.RaftServerConfigKeys: raft.server.log.force.sync.num = 128 (default)
scm_1       | 2022-12-05 15:11:39,543 [27ba5b76-bc39-4767-95a2-50286e2bcfd3-impl-thread1] INFO server.RaftServerConfigKeys: raft.server.log.statemachine.data.sync = true (default)
datanode_2  | 2022-12-05 15:13:01,580 [pool-23-thread-1] INFO server.RaftServerConfigKeys: raft.server.log.queue.element-limit = 1024 (custom)
datanode_2  | 2022-12-05 15:13:01,584 [pool-23-thread-1] INFO server.RaftServerConfigKeys: raft.server.log.segment.size.max = 1048576 (custom)
datanode_2  | 2022-12-05 15:13:01,585 [pool-23-thread-1] INFO server.RaftServerConfigKeys: raft.server.log.preallocated.size = 16384 (custom)
datanode_2  | 2022-12-05 15:13:01,588 [pool-23-thread-1] INFO server.RaftServerConfigKeys: raft.server.log.force.sync.num = 128 (default)
datanode_1  | 	at org.apache.ratis.thirdparty.io.grpc.internal.ServerCallImpl$ServerStreamListenerImpl.halfClosed(ServerCallImpl.java:354)
om_1        | 2022-12-05 15:12:34,903 [main] INFO ratis.OzoneManagerStateMachine: LastAppliedIndex is set from TransactionInfo from OM DB as (t:0, i:~)
om_1        | 2022-12-05 15:12:35,191 [main] INFO server.RaftServer: raft.rpc.type = GRPC (default)
datanode_2  | 2022-12-05 15:13:01,588 [pool-23-thread-1] INFO server.RaftServerConfigKeys: raft.server.log.statemachine.data.sync = true (default)
datanode_2  | 2022-12-05 15:13:01,589 [pool-23-thread-1] INFO server.RaftServerConfigKeys: raft.server.log.statemachine.data.sync.timeout = 10s (default)
datanode_3  | 2022-12-05 15:12:24,687 [main] INFO http.BaseHttpServer: HTTP server of hddsDatanode listening at http://0.0.0.0:9882
datanode_3  | 2022-12-05 15:12:24,701 [Datanode State Machine Daemon Thread] INFO statemachine.DatanodeStateMachine: Ozone container server started.
datanode_3  | 2022-12-05 15:12:24,957 [org.apache.hadoop.util.JvmPauseMonitor$Monitor@6df33d1d] INFO util.JvmPauseMonitor: Starting JVM pause monitor
om_1        | 2022-12-05 15:12:35,428 [main] INFO grpc.GrpcConfigKeys: raft.grpc.admin.host = null (fallback to raft.grpc.server.host)
om_1        | 2022-12-05 15:12:35,439 [main] INFO grpc.GrpcConfigKeys: raft.grpc.admin.port = 9872 (fallback to raft.grpc.server.port)
om_1        | 2022-12-05 15:12:35,440 [main] INFO grpc.GrpcConfigKeys: raft.grpc.client.host = null (fallback to raft.grpc.server.host)
recon_1     | 2022-12-05 15:12:19,846 [main] INFO ozone.OmUtils: No OzoneManager ServiceID configured.
datanode_3  | 2022-12-05 15:12:25,461 [Datanode State Machine Task Thread - 0] INFO statemachine.SCMConnectionManager: Adding Recon Server : recon/172.18.0.9:9891
datanode_1  | 	at org.apache.ratis.thirdparty.io.grpc.internal.ServerImpl$JumpToApplicationThreadServerStreamListener$1HalfClosed.runInContext(ServerImpl.java:866)
kdc_1       | Dec 05 15:27:55 kdc krb5kdc[6](info): TGS_REQ (6 etypes {aes256-cts-hmac-sha1-96(18), aes128-cts-hmac-sha1-96(17), aes256-cts-hmac-sha384-192(20), aes128-cts-hmac-sha256-128(19), DEPRECATED:des3-cbc-sha1(16), DEPRECATED:arcfour-hmac(23)}) 172.18.0.2: ISSUE: authtime 1670253834, etypes {rep=aes256-cts-hmac-sha1-96(18), tkt=aes256-cts-hmac-sha1-96(18), ses=aes256-cts-hmac-sha1-96(18)}, testuser/scm@EXAMPLE.COM for om/om@EXAMPLE.COM
kdc_1       | Dec 05 15:28:02 kdc krb5kdc[6](info): TGS_REQ (6 etypes {aes256-cts-hmac-sha1-96(18), aes128-cts-hmac-sha1-96(17), aes256-cts-hmac-sha384-192(20), aes128-cts-hmac-sha256-128(19), DEPRECATED:des3-cbc-sha1(16), DEPRECATED:arcfour-hmac(23)}) 172.18.0.2: ISSUE: authtime 1670253834, etypes {rep=aes256-cts-hmac-sha1-96(18), tkt=aes256-cts-hmac-sha1-96(18), ses=aes256-cts-hmac-sha1-96(18)}, testuser/scm@EXAMPLE.COM for om/om@EXAMPLE.COM
kdc_1       | Dec 05 15:28:08 kdc krb5kdc[6](info): TGS_REQ (6 etypes {aes256-cts-hmac-sha1-96(18), aes128-cts-hmac-sha1-96(17), aes256-cts-hmac-sha384-192(20), aes128-cts-hmac-sha256-128(19), DEPRECATED:des3-cbc-sha1(16), DEPRECATED:arcfour-hmac(23)}) 172.18.0.2: ISSUE: authtime 1670253834, etypes {rep=aes256-cts-hmac-sha1-96(18), tkt=aes256-cts-hmac-sha1-96(18), ses=aes256-cts-hmac-sha1-96(18)}, testuser/scm@EXAMPLE.COM for om/om@EXAMPLE.COM
kdc_1       | Dec 05 15:28:13 kdc krb5kdc[6](info): TGS_REQ (6 etypes {aes256-cts-hmac-sha1-96(18), aes128-cts-hmac-sha1-96(17), aes256-cts-hmac-sha384-192(20), aes128-cts-hmac-sha256-128(19), DEPRECATED:des3-cbc-sha1(16), DEPRECATED:arcfour-hmac(23)}) 172.18.0.2: ISSUE: authtime 1670253834, etypes {rep=aes256-cts-hmac-sha1-96(18), tkt=aes256-cts-hmac-sha1-96(18), ses=aes256-cts-hmac-sha1-96(18)}, testuser/scm@EXAMPLE.COM for om/om@EXAMPLE.COM
datanode_3  | 2022-12-05 15:12:25,537 [Datanode State Machine Task Thread - 0] INFO datanode.InitDatanodeState: DatanodeDetails is persisted to /data/datanode.id
datanode_1  | 	at org.apache.ratis.thirdparty.io.grpc.internal.ContextRunnable.run(ContextRunnable.java:37)
kdc_1       | Dec 05 15:28:19 kdc krb5kdc[6](info): TGS_REQ (6 etypes {aes256-cts-hmac-sha1-96(18), aes128-cts-hmac-sha1-96(17), aes256-cts-hmac-sha384-192(20), aes128-cts-hmac-sha256-128(19), DEPRECATED:des3-cbc-sha1(16), DEPRECATED:arcfour-hmac(23)}) 172.18.0.2: ISSUE: authtime 1670253834, etypes {rep=aes256-cts-hmac-sha1-96(18), tkt=aes256-cts-hmac-sha1-96(18), ses=aes256-cts-hmac-sha1-96(18)}, testuser/scm@EXAMPLE.COM for om/om@EXAMPLE.COM
kdc_1       | Dec 05 15:28:25 kdc krb5kdc[6](info): TGS_REQ (6 etypes {aes256-cts-hmac-sha1-96(18), aes128-cts-hmac-sha1-96(17), aes256-cts-hmac-sha384-192(20), aes128-cts-hmac-sha256-128(19), DEPRECATED:des3-cbc-sha1(16), DEPRECATED:arcfour-hmac(23)}) 172.18.0.2: ISSUE: authtime 1670253834, etypes {rep=aes256-cts-hmac-sha1-96(18), tkt=aes256-cts-hmac-sha1-96(18), ses=aes256-cts-hmac-sha1-96(18)}, testuser/scm@EXAMPLE.COM for om/om@EXAMPLE.COM
kdc_1       | Dec 05 15:28:31 kdc krb5kdc[6](info): TGS_REQ (6 etypes {aes256-cts-hmac-sha1-96(18), aes128-cts-hmac-sha1-96(17), aes256-cts-hmac-sha384-192(20), aes128-cts-hmac-sha256-128(19), DEPRECATED:des3-cbc-sha1(16), DEPRECATED:arcfour-hmac(23)}) 172.18.0.2: ISSUE: authtime 1670253834, etypes {rep=aes256-cts-hmac-sha1-96(18), tkt=aes256-cts-hmac-sha1-96(18), ses=aes256-cts-hmac-sha1-96(18)}, testuser/scm@EXAMPLE.COM for om/om@EXAMPLE.COM
kdc_1       | Dec 05 15:28:37 kdc krb5kdc[6](info): TGS_REQ (6 etypes {aes256-cts-hmac-sha1-96(18), aes128-cts-hmac-sha1-96(17), aes256-cts-hmac-sha384-192(20), aes128-cts-hmac-sha256-128(19), DEPRECATED:des3-cbc-sha1(16), DEPRECATED:arcfour-hmac(23)}) 172.18.0.2: ISSUE: authtime 1670253834, etypes {rep=aes256-cts-hmac-sha1-96(18), tkt=aes256-cts-hmac-sha1-96(18), ses=aes256-cts-hmac-sha1-96(18)}, testuser/scm@EXAMPLE.COM for om/om@EXAMPLE.COM
kdc_1       | Dec 05 15:28:42 kdc krb5kdc[6](info): TGS_REQ (6 etypes {aes256-cts-hmac-sha1-96(18), aes128-cts-hmac-sha1-96(17), aes256-cts-hmac-sha384-192(20), aes128-cts-hmac-sha256-128(19), DEPRECATED:des3-cbc-sha1(16), DEPRECATED:arcfour-hmac(23)}) 172.18.0.2: ISSUE: authtime 1670253834, etypes {rep=aes256-cts-hmac-sha1-96(18), tkt=aes256-cts-hmac-sha1-96(18), ses=aes256-cts-hmac-sha1-96(18)}, testuser/scm@EXAMPLE.COM for om/om@EXAMPLE.COM
kdc_1       | Dec 05 15:28:48 kdc krb5kdc[6](info): TGS_REQ (6 etypes {aes256-cts-hmac-sha1-96(18), aes128-cts-hmac-sha1-96(17), aes256-cts-hmac-sha384-192(20), aes128-cts-hmac-sha256-128(19), DEPRECATED:des3-cbc-sha1(16), DEPRECATED:arcfour-hmac(23)}) 172.18.0.2: ISSUE: authtime 1670253834, etypes {rep=aes256-cts-hmac-sha1-96(18), tkt=aes256-cts-hmac-sha1-96(18), ses=aes256-cts-hmac-sha1-96(18)}, testuser/scm@EXAMPLE.COM for om/om@EXAMPLE.COM
om_1        | 2022-12-05 15:12:35,459 [main] INFO grpc.GrpcConfigKeys: raft.grpc.client.port = 9872 (fallback to raft.grpc.server.port)
om_1        | 2022-12-05 15:12:35,459 [main] INFO grpc.GrpcConfigKeys: raft.grpc.server.host = null (default)
om_1        | 2022-12-05 15:12:35,459 [main] INFO grpc.GrpcConfigKeys: raft.grpc.server.port = 9872 (custom)
om_1        | 2022-12-05 15:12:35,460 [main] INFO server.GrpcService: raft.grpc.message.size.max = 33554432 (custom)
om_1        | 2022-12-05 15:12:35,472 [main] INFO server.RaftServerConfigKeys: raft.server.log.appender.buffer.byte-limit = 33554432 (custom)
recon_1     | 2022-12-05 15:12:24,095 [main] WARN recon.ReconUtils: ozone.recon.om.db.dir is not configured. We recommend adding this setting. Falling back to ozone.metadata.dirs instead.
datanode_1  | 	at org.apache.ratis.thirdparty.io.grpc.internal.SerializingExecutor.run(SerializingExecutor.java:133)
om_1        | 2022-12-05 15:12:35,487 [main] INFO server.GrpcService: raft.grpc.flow.control.window = 1MB (=1048576) (default)
om_1        | 2022-12-05 15:12:35,493 [main] INFO server.RaftServerConfigKeys: raft.server.rpc.request.timeout = 3000ms (default)
om_1        | 2022-12-05 15:12:35,523 [main] INFO grpc.GrpcConfigKeys: raft.grpc.server.heartbeat.channel = true (default)
om_1        | 2022-12-05 15:12:35,541 [main] INFO grpc.GrpcConfigKeys: raft.grpc.server.async.request.thread.pool.cached = true (default)
om_1        | 2022-12-05 15:12:35,544 [main] INFO grpc.GrpcConfigKeys: raft.grpc.server.async.request.thread.pool.size = 32 (default)
recon_1     | 2022-12-05 15:12:25,500 [main] WARN recon.ReconUtils: ozone.recon.scm.db.dirs is not configured. We recommend adding this setting. Falling back to ozone.metadata.dirs instead.
datanode_1  | 	at java.base/java.util.concurrent.ThreadPoolExecutor.runWorker(ThreadPoolExecutor.java:1128)
om_1        | 2022-12-05 15:12:38,356 [main] INFO impl.DataStreamServerImpl: raft.datastream.type = DISABLED (default)
om_1        | 2022-12-05 15:12:38,371 [main] INFO server.RaftServerConfigKeys: raft.server.threadpool.proxy.cached = true (default)
om_1        | 2022-12-05 15:12:38,372 [main] INFO server.RaftServerConfigKeys: raft.server.threadpool.proxy.size = 0 (default)
om_1        | 2022-12-05 15:12:38,372 [main] INFO server.RaftServerConfigKeys: raft.server.rpc.slowness.timeout = 120s (custom)
om_1        | 2022-12-05 15:12:38,373 [main] INFO server.RaftServerConfigKeys: raft.server.leaderelection.leader.step-down.wait-time = 10s (default)
om_1        | 2022-12-05 15:12:38,400 [main] INFO server.RaftServerConfigKeys: raft.server.storage.dir = [/data/metadata/ratis] (custom)
om_1        | 2022-12-05 15:12:38,455 [main] INFO server.RaftServer: om1: addNew group-C5BA1605619E:[om1|rpc:om:9872|priority:0|startupRole:FOLLOWER] returns group-C5BA1605619E:java.util.concurrent.CompletableFuture@6d874695[Not completed]
datanode_1  | 	at java.base/java.util.concurrent.ThreadPoolExecutor$Worker.run(ThreadPoolExecutor.java:628)
recon_1     | 2022-12-05 15:12:26,064 [main] INFO net.NodeSchemaLoader: Loading schema from [file:/etc/hadoop/network-topology-default.xml, jar:file:/opt/hadoop/share/ozone/lib/hdds-common-1.3.0-SNAPSHOT.jar!/network-topology-default.xml]
recon_1     | 2022-12-05 15:12:26,084 [main] INFO net.NodeSchemaLoader: Loading network topology layer schema file
recon_1     | 2022-12-05 15:12:26,499 [main] WARN db.DBStoreBuilder: ozone.recon.scm.db.dirs is not configured. We recommend adding this setting. Falling back to ozone.metadata.dirs instead.
recon_1     | 2022-12-05 15:12:27,128 [main] INFO upgrade.AbstractLayoutVersionManager: Initializing Layout version manager with metadata layout = DATANODE_SCHEMA_V3 (version = 4), software layout = DATANODE_SCHEMA_V3 (version = 4)
recon_1     | 2022-12-05 15:12:27,877 [main] INFO reflections.Reflections: Reflections took 683 ms to scan 3 urls, producing 116 keys and 266 values 
recon_1     | 2022-12-05 15:12:28,318 [main] INFO ha.SequenceIdGenerator: Init the HA SequenceIdGenerator.
recon_1     | 2022-12-05 15:12:28,534 [main] WARN server.ServerUtils: ozone.scm.stale.node.interval value = 30000 is smaller than min = 90000 based on the key value of hdds.heartbeat.interval, reset to the min value 90000.
datanode_1  | 	at java.base/java.lang.Thread.run(Thread.java:829)
recon_1     | 2022-12-05 15:12:28,536 [main] WARN server.ServerUtils: ozone.scm.stale.node.interval value = 30000 is smaller than min = 90000 based on the key value of hdds.heartbeat.interval, reset to the min value 90000.
datanode_3  | 2022-12-05 15:12:27,948 [EndpointStateMachine task thread for scm/172.18.0.2:9861 - 0 ] INFO utils.DatanodeStoreCache: Added db /data/hdds/hdds/CID-1950c178-9bbf-4de8-bc57-c86c416cd4b3/DS-ebcfe8b7-46fb-4824-afb3-1e2483088ad4/container.db to cache
datanode_3  | 2022-12-05 15:12:27,952 [EndpointStateMachine task thread for scm/172.18.0.2:9861 - 0 ] INFO volume.HddsVolume: SchemaV3 db is created and loaded at /data/hdds/hdds/CID-1950c178-9bbf-4de8-bc57-c86c416cd4b3/DS-ebcfe8b7-46fb-4824-afb3-1e2483088ad4/container.db for volume DS-ebcfe8b7-46fb-4824-afb3-1e2483088ad4
datanode_3  | 2022-12-05 15:12:27,962 [EndpointStateMachine task thread for scm/172.18.0.2:9861 - 0 ] INFO ozoneimpl.OzoneContainer: Attempting to start container services.
datanode_3  | 2022-12-05 15:12:27,970 [EndpointStateMachine task thread for scm/172.18.0.2:9861 - 0 ] INFO ozoneimpl.OzoneContainer: Scheduled background container scanners and the on-demand container scanner have been disabled.
datanode_3  | 2022-12-05 15:12:28,132 [EndpointStateMachine task thread for recon/172.18.0.9:9891 - 0 ] INFO ipc.Client: Retrying connect to server: recon/172.18.0.9:9891. Already tried 0 time(s); retry policy is RetryUpToMaximumCountWithFixedSleep(maxRetries=15, sleepTime=1000 MILLISECONDS)
datanode_3  | 2022-12-05 15:12:28,263 [EndpointStateMachine task thread for scm/172.18.0.2:9861 - 0 ] INFO ratis.XceiverServerRatis: Starting XceiverServerRatis acd3abac-158e-457f-9a75-9b0827873f1c
datanode_3  | 2022-12-05 15:12:28,427 [EndpointStateMachine task thread for scm/172.18.0.2:9861 - 0 ] INFO server.RaftServer: acd3abac-158e-457f-9a75-9b0827873f1c: start RPC server
datanode_3  | 2022-12-05 15:12:28,432 [EndpointStateMachine task thread for scm/172.18.0.2:9861 - 0 ] INFO server.GrpcService: acd3abac-158e-457f-9a75-9b0827873f1c: GrpcService started, listening on 9858
datanode_1  | 2022-12-05 15:12:41,869 [grpc-default-executor-0] INFO server.RaftServer: 6627d792-809e-46c9-b23f-cd11238dfcb9: addNew group-4B6C77AD8CE7:[6627d792-809e-46c9-b23f-cd11238dfcb9|rpc:172.18.0.8:9856|admin:172.18.0.8:9857|client:172.18.0.8:9858|dataStream:|priority:1|startupRole:FOLLOWER, acd3abac-158e-457f-9a75-9b0827873f1c|rpc:172.18.0.5:9856|admin:172.18.0.5:9857|client:172.18.0.5:9858|dataStream:|priority:0|startupRole:FOLLOWER, aeadc4fa-8da6-4243-a7df-a1dec33ca96a|rpc:172.18.0.4:9856|admin:172.18.0.4:9857|client:172.18.0.4:9858|dataStream:|priority:0|startupRole:FOLLOWER] returns group-4B6C77AD8CE7:java.util.concurrent.CompletableFuture@10ae84d6[Not completed]
datanode_1  | 2022-12-05 15:12:41,979 [pool-23-thread-1] INFO server.RaftServer$Division: 6627d792-809e-46c9-b23f-cd11238dfcb9: new RaftServerImpl for group-4B6C77AD8CE7:[6627d792-809e-46c9-b23f-cd11238dfcb9|rpc:172.18.0.8:9856|admin:172.18.0.8:9857|client:172.18.0.8:9858|dataStream:|priority:1|startupRole:FOLLOWER, acd3abac-158e-457f-9a75-9b0827873f1c|rpc:172.18.0.5:9856|admin:172.18.0.5:9857|client:172.18.0.5:9858|dataStream:|priority:0|startupRole:FOLLOWER, aeadc4fa-8da6-4243-a7df-a1dec33ca96a|rpc:172.18.0.4:9856|admin:172.18.0.4:9857|client:172.18.0.4:9858|dataStream:|priority:0|startupRole:FOLLOWER] with ContainerStateMachine:uninitialized
datanode_1  | 2022-12-05 15:12:41,987 [pool-23-thread-1] INFO server.RaftServerConfigKeys: raft.server.rpc.timeout.min = 5s (custom)
scm_1       | 2022-12-05 15:11:39,544 [27ba5b76-bc39-4767-95a2-50286e2bcfd3-impl-thread1] INFO server.RaftServerConfigKeys: raft.server.log.statemachine.data.sync.timeout = 10s (default)
scm_1       | 2022-12-05 15:11:39,545 [27ba5b76-bc39-4767-95a2-50286e2bcfd3-impl-thread1] INFO server.RaftServerConfigKeys: raft.server.log.statemachine.data.sync.timeout.retry = -1 (default)
scm_1       | 2022-12-05 15:11:39,564 [27ba5b76-bc39-4767-95a2-50286e2bcfd3-impl-thread1] INFO server.RaftServerConfigKeys: raft.server.log.write.buffer.size = 64KB (=65536) (default)
scm_1       | 2022-12-05 15:11:39,564 [27ba5b76-bc39-4767-95a2-50286e2bcfd3-impl-thread1] INFO server.RaftServerConfigKeys: raft.server.log.appender.buffer.byte-limit = 33554432 (custom)
scm_1       | 2022-12-05 15:11:39,586 [27ba5b76-bc39-4767-95a2-50286e2bcfd3-impl-thread1] INFO server.RaftServerConfigKeys: raft.server.log.unsafe-flush.enabled = false (default)
scm_1       | 2022-12-05 15:11:39,587 [27ba5b76-bc39-4767-95a2-50286e2bcfd3-impl-thread1] INFO server.RaftServerConfigKeys: raft.server.log.async-flush.enabled = false (default)
scm_1       | 2022-12-05 15:11:39,587 [27ba5b76-bc39-4767-95a2-50286e2bcfd3-impl-thread1] INFO server.RaftServerConfigKeys: raft.server.log.statemachine.data.caching.enabled = false (default)
scm_1       | 2022-12-05 15:11:39,593 [27ba5b76-bc39-4767-95a2-50286e2bcfd3-impl-thread1] INFO segmented.SegmentedRaftLogWorker: 27ba5b76-bc39-4767-95a2-50286e2bcfd3@group-C86C416CD4B3-SegmentedRaftLogWorker: flushIndex: setUnconditionally 0 -> -1
scm_1       | 2022-12-05 15:11:39,594 [27ba5b76-bc39-4767-95a2-50286e2bcfd3-impl-thread1] INFO segmented.SegmentedRaftLogWorker: 27ba5b76-bc39-4767-95a2-50286e2bcfd3@group-C86C416CD4B3-SegmentedRaftLogWorker: safeCacheEvictIndex: setUnconditionally 0 -> -1
scm_1       | 2022-12-05 15:11:39,596 [27ba5b76-bc39-4767-95a2-50286e2bcfd3-impl-thread1] INFO server.RaftServer$Division: 27ba5b76-bc39-4767-95a2-50286e2bcfd3@group-C86C416CD4B3: start as a follower, conf=-1: peers:[27ba5b76-bc39-4767-95a2-50286e2bcfd3|rpc:scm:9894|priority:0|startupRole:FOLLOWER]|listeners:[], old=null
datanode_3  | 2022-12-05 15:12:28,439 [EndpointStateMachine task thread for scm/172.18.0.2:9861 - 0 ] INFO server.GrpcService: acd3abac-158e-457f-9a75-9b0827873f1c: GrpcService started, listening on 9856
datanode_3  | 2022-12-05 15:12:28,440 [EndpointStateMachine task thread for scm/172.18.0.2:9861 - 0 ] INFO server.GrpcService: acd3abac-158e-457f-9a75-9b0827873f1c: GrpcService started, listening on 9857
datanode_3  | 2022-12-05 15:12:28,462 [EndpointStateMachine task thread for scm/172.18.0.2:9861 - 0 ] INFO ratis.XceiverServerRatis: XceiverServerRatis acd3abac-158e-457f-9a75-9b0827873f1c is started using port 9858 for RATIS
datanode_3  | 2022-12-05 15:12:28,471 [EndpointStateMachine task thread for scm/172.18.0.2:9861 - 0 ] INFO ratis.XceiverServerRatis: XceiverServerRatis acd3abac-158e-457f-9a75-9b0827873f1c is started using port 9857 for RATIS_ADMIN
datanode_2  | 2022-12-05 15:13:01,589 [pool-23-thread-1] INFO server.RaftServerConfigKeys: raft.server.log.statemachine.data.sync.timeout.retry = -1 (default)
datanode_2  | 2022-12-05 15:13:01,626 [pool-23-thread-1] INFO server.RaftServerConfigKeys: raft.server.log.write.buffer.size = 1048576 (custom)
datanode_2  | 2022-12-05 15:13:01,631 [pool-23-thread-1] INFO server.RaftServerConfigKeys: raft.server.log.appender.buffer.byte-limit = 33554432 (custom)
datanode_2  | 2022-12-05 15:13:01,706 [pool-23-thread-1] INFO server.RaftServerConfigKeys: raft.server.log.unsafe-flush.enabled = false (default)
datanode_2  | 2022-12-05 15:13:01,710 [pool-23-thread-1] INFO server.RaftServerConfigKeys: raft.server.log.async-flush.enabled = false (default)
datanode_2  | 2022-12-05 15:13:01,711 [pool-23-thread-1] INFO server.RaftServerConfigKeys: raft.server.log.statemachine.data.caching.enabled = true (custom)
datanode_2  | 2022-12-05 15:13:01,711 [pool-23-thread-1] INFO segmented.SegmentedRaftLogWorker: aeadc4fa-8da6-4243-a7df-a1dec33ca96a@group-343CCE2A33A1-SegmentedRaftLogWorker: flushIndex: setUnconditionally 0 -> -1
datanode_2  | 2022-12-05 15:13:01,711 [pool-23-thread-1] INFO segmented.SegmentedRaftLogWorker: aeadc4fa-8da6-4243-a7df-a1dec33ca96a@group-343CCE2A33A1-SegmentedRaftLogWorker: safeCacheEvictIndex: setUnconditionally 0 -> -1
datanode_2  | 2022-12-05 15:13:01,712 [pool-23-thread-1] INFO server.RaftServer$Division: aeadc4fa-8da6-4243-a7df-a1dec33ca96a@group-343CCE2A33A1: start as a follower, conf=-1: peers:[aeadc4fa-8da6-4243-a7df-a1dec33ca96a|rpc:172.18.0.4:9856|admin:172.18.0.4:9857|client:172.18.0.4:9858|priority:1|startupRole:FOLLOWER]|listeners:[], old=null
datanode_2  | 2022-12-05 15:13:01,712 [pool-23-thread-1] INFO server.RaftServer$Division: aeadc4fa-8da6-4243-a7df-a1dec33ca96a@group-343CCE2A33A1: changes role from      null to FOLLOWER at term 0 for startAsFollower
datanode_2  | 2022-12-05 15:13:01,712 [pool-23-thread-1] INFO impl.RoleInfo: aeadc4fa-8da6-4243-a7df-a1dec33ca96a: start aeadc4fa-8da6-4243-a7df-a1dec33ca96a@group-343CCE2A33A1-FollowerState
datanode_2  | 2022-12-05 15:13:01,756 [aeadc4fa-8da6-4243-a7df-a1dec33ca96a@group-343CCE2A33A1-FollowerState] INFO server.RaftServerConfigKeys: raft.server.rpc.first-election.timeout.min = 5s (fallback to raft.server.rpc.timeout.min)
datanode_2  | 2022-12-05 15:13:01,756 [aeadc4fa-8da6-4243-a7df-a1dec33ca96a@group-343CCE2A33A1-FollowerState] INFO server.RaftServerConfigKeys: raft.server.rpc.first-election.timeout.max = 5200ms (fallback to raft.server.rpc.timeout.max)
datanode_3  | 2022-12-05 15:12:28,474 [EndpointStateMachine task thread for scm/172.18.0.2:9861 - 0 ] INFO ratis.XceiverServerRatis: XceiverServerRatis acd3abac-158e-457f-9a75-9b0827873f1c is started using port 9856 for RATIS_SERVER
datanode_3  | 2022-12-05 15:12:28,475 [JvmPauseMonitor0] INFO util.JvmPauseMonitor: JvmPauseMonitor-acd3abac-158e-457f-9a75-9b0827873f1c: Started
datanode_3  | 2022-12-05 15:12:29,156 [EndpointStateMachine task thread for recon/172.18.0.9:9891 - 0 ] INFO ipc.Client: Retrying connect to server: recon/172.18.0.9:9891. Already tried 1 time(s); retry policy is RetryUpToMaximumCountWithFixedSleep(maxRetries=15, sleepTime=1000 MILLISECONDS)
datanode_3  | 2022-12-05 15:12:30,172 [EndpointStateMachine task thread for recon/172.18.0.9:9891 - 0 ] INFO ipc.Client: Retrying connect to server: recon/172.18.0.9:9891. Already tried 2 time(s); retry policy is RetryUpToMaximumCountWithFixedSleep(maxRetries=15, sleepTime=1000 MILLISECONDS)
datanode_3  | 2022-12-05 15:12:32,291 [Command processor thread] INFO server.RaftServer: acd3abac-158e-457f-9a75-9b0827873f1c: addNew group-4B6C77AD8CE7:[6627d792-809e-46c9-b23f-cd11238dfcb9|rpc:172.18.0.8:9856|admin:172.18.0.8:9857|client:172.18.0.8:9858|priority:1|startupRole:FOLLOWER, acd3abac-158e-457f-9a75-9b0827873f1c|rpc:172.18.0.5:9856|admin:172.18.0.5:9857|client:172.18.0.5:9858|priority:0|startupRole:FOLLOWER, aeadc4fa-8da6-4243-a7df-a1dec33ca96a|rpc:172.18.0.4:9856|admin:172.18.0.4:9857|client:172.18.0.4:9858|priority:0|startupRole:FOLLOWER] returns group-4B6C77AD8CE7:java.util.concurrent.CompletableFuture@7e3d1c2b[Not completed]
datanode_3  | 2022-12-05 15:12:32,611 [pool-23-thread-1] INFO server.RaftServer$Division: acd3abac-158e-457f-9a75-9b0827873f1c: new RaftServerImpl for group-4B6C77AD8CE7:[6627d792-809e-46c9-b23f-cd11238dfcb9|rpc:172.18.0.8:9856|admin:172.18.0.8:9857|client:172.18.0.8:9858|priority:1|startupRole:FOLLOWER, acd3abac-158e-457f-9a75-9b0827873f1c|rpc:172.18.0.5:9856|admin:172.18.0.5:9857|client:172.18.0.5:9858|priority:0|startupRole:FOLLOWER, aeadc4fa-8da6-4243-a7df-a1dec33ca96a|rpc:172.18.0.4:9856|admin:172.18.0.4:9857|client:172.18.0.4:9858|priority:0|startupRole:FOLLOWER] with ContainerStateMachine:uninitialized
datanode_3  | 2022-12-05 15:12:32,627 [pool-23-thread-1] INFO server.RaftServerConfigKeys: raft.server.rpc.timeout.min = 5s (custom)
datanode_3  | 2022-12-05 15:12:32,632 [pool-23-thread-1] INFO server.RaftServerConfigKeys: raft.server.rpc.timeout.max = 5200ms (custom)
datanode_3  | 2022-12-05 15:12:32,632 [pool-23-thread-1] INFO server.RaftServerConfigKeys: raft.server.rpc.sleep.time = 25ms (default)
datanode_3  | 2022-12-05 15:12:32,632 [pool-23-thread-1] INFO server.RaftServerConfigKeys: raft.server.rpc.slowness.timeout = 300s (custom)
datanode_3  | 2022-12-05 15:12:32,633 [pool-23-thread-1] INFO server.RaftServerConfigKeys: raft.server.leaderelection.leader.step-down.wait-time = 10s (default)
datanode_3  | 2022-12-05 15:12:32,633 [pool-23-thread-1] INFO server.RaftServerConfigKeys: raft.server.sleep.deviation.threshold = 300ms (default)
datanode_3  | 2022-12-05 15:12:32,688 [pool-23-thread-1] INFO server.RaftServer$Division: acd3abac-158e-457f-9a75-9b0827873f1c@group-4B6C77AD8CE7: ConfigurationManager, init=-1: peers:[6627d792-809e-46c9-b23f-cd11238dfcb9|rpc:172.18.0.8:9856|admin:172.18.0.8:9857|client:172.18.0.8:9858|priority:1|startupRole:FOLLOWER, acd3abac-158e-457f-9a75-9b0827873f1c|rpc:172.18.0.5:9856|admin:172.18.0.5:9857|client:172.18.0.5:9858|priority:0|startupRole:FOLLOWER, aeadc4fa-8da6-4243-a7df-a1dec33ca96a|rpc:172.18.0.4:9856|admin:172.18.0.4:9857|client:172.18.0.4:9858|priority:0|startupRole:FOLLOWER]|listeners:[], old=null, confs=<EMPTY_MAP>
kdc_1       | Dec 05 15:28:54 kdc krb5kdc[6](info): AS_REQ (8 etypes {aes256-cts-hmac-sha1-96(18), aes128-cts-hmac-sha1-96(17), aes256-cts-hmac-sha384-192(20), aes128-cts-hmac-sha256-128(19), DEPRECATED:des3-cbc-sha1(16), DEPRECATED:arcfour-hmac(23), camellia128-cts-cmac(25), camellia256-cts-cmac(26)}) 172.18.0.2: ISSUE: authtime 1670254134, etypes {rep=aes256-cts-hmac-sha1-96(18), tkt=aes256-cts-hmac-sha1-96(18), ses=aes256-cts-hmac-sha1-96(18)}, testuser/scm@EXAMPLE.COM for krbtgt/EXAMPLE.COM@EXAMPLE.COM
kdc_1       | Dec 05 15:28:55 kdc krb5kdc[6](info): TGS_REQ (6 etypes {aes256-cts-hmac-sha1-96(18), aes128-cts-hmac-sha1-96(17), aes256-cts-hmac-sha384-192(20), aes128-cts-hmac-sha256-128(19), DEPRECATED:des3-cbc-sha1(16), DEPRECATED:arcfour-hmac(23)}) 172.18.0.2: ISSUE: authtime 1670253834, etypes {rep=aes256-cts-hmac-sha1-96(18), tkt=aes256-cts-hmac-sha1-96(18), ses=aes256-cts-hmac-sha1-96(18)}, testuser/scm@EXAMPLE.COM for om/om@EXAMPLE.COM
kdc_1       | Dec 05 15:29:01 kdc krb5kdc[6](info): TGS_REQ (6 etypes {aes256-cts-hmac-sha1-96(18), aes128-cts-hmac-sha1-96(17), aes256-cts-hmac-sha384-192(20), aes128-cts-hmac-sha256-128(19), DEPRECATED:des3-cbc-sha1(16), DEPRECATED:arcfour-hmac(23)}) 172.18.0.2: ISSUE: authtime 1670254134, etypes {rep=aes256-cts-hmac-sha1-96(18), tkt=aes256-cts-hmac-sha1-96(18), ses=aes256-cts-hmac-sha1-96(18)}, testuser/scm@EXAMPLE.COM for om/om@EXAMPLE.COM
kdc_1       | Dec 05 15:29:06 kdc krb5kdc[6](info): TGS_REQ (6 etypes {aes256-cts-hmac-sha1-96(18), aes128-cts-hmac-sha1-96(17), aes256-cts-hmac-sha384-192(20), aes128-cts-hmac-sha256-128(19), DEPRECATED:des3-cbc-sha1(16), DEPRECATED:arcfour-hmac(23)}) 172.18.0.2: ISSUE: authtime 1670254134, etypes {rep=aes256-cts-hmac-sha1-96(18), tkt=aes256-cts-hmac-sha1-96(18), ses=aes256-cts-hmac-sha1-96(18)}, testuser/scm@EXAMPLE.COM for om/om@EXAMPLE.COM
kdc_1       | Dec 05 15:29:12 kdc krb5kdc[6](info): TGS_REQ (6 etypes {aes256-cts-hmac-sha1-96(18), aes128-cts-hmac-sha1-96(17), aes256-cts-hmac-sha384-192(20), aes128-cts-hmac-sha256-128(19), DEPRECATED:des3-cbc-sha1(16), DEPRECATED:arcfour-hmac(23)}) 172.18.0.2: ISSUE: authtime 1670254134, etypes {rep=aes256-cts-hmac-sha1-96(18), tkt=aes256-cts-hmac-sha1-96(18), ses=aes256-cts-hmac-sha1-96(18)}, testuser/scm@EXAMPLE.COM for om/om@EXAMPLE.COM
kdc_1       | Dec 05 15:29:21 kdc krb5kdc[6](info): TGS_REQ (6 etypes {aes256-cts-hmac-sha1-96(18), aes128-cts-hmac-sha1-96(17), aes256-cts-hmac-sha384-192(20), aes128-cts-hmac-sha256-128(19), DEPRECATED:des3-cbc-sha1(16), DEPRECATED:arcfour-hmac(23)}) 172.18.0.2: ISSUE: authtime 1670254134, etypes {rep=aes256-cts-hmac-sha1-96(18), tkt=aes256-cts-hmac-sha1-96(18), ses=aes256-cts-hmac-sha1-96(18)}, testuser/scm@EXAMPLE.COM for om/om@EXAMPLE.COM
kdc_1       | Dec 05 15:29:27 kdc krb5kdc[6](info): TGS_REQ (6 etypes {aes256-cts-hmac-sha1-96(18), aes128-cts-hmac-sha1-96(17), aes256-cts-hmac-sha384-192(20), aes128-cts-hmac-sha256-128(19), DEPRECATED:des3-cbc-sha1(16), DEPRECATED:arcfour-hmac(23)}) 172.18.0.2: ISSUE: authtime 1670254134, etypes {rep=aes256-cts-hmac-sha1-96(18), tkt=aes256-cts-hmac-sha1-96(18), ses=aes256-cts-hmac-sha1-96(18)}, testuser/scm@EXAMPLE.COM for om/om@EXAMPLE.COM
kdc_1       | Dec 05 15:29:37 kdc krb5kdc[6](info): TGS_REQ (6 etypes {aes256-cts-hmac-sha1-96(18), aes128-cts-hmac-sha1-96(17), aes256-cts-hmac-sha384-192(20), aes128-cts-hmac-sha256-128(19), DEPRECATED:des3-cbc-sha1(16), DEPRECATED:arcfour-hmac(23)}) 172.18.0.2: ISSUE: authtime 1670254134, etypes {rep=aes256-cts-hmac-sha1-96(18), tkt=aes256-cts-hmac-sha1-96(18), ses=aes256-cts-hmac-sha1-96(18)}, testuser/scm@EXAMPLE.COM for om/om@EXAMPLE.COM
kdc_1       | Dec 05 15:29:42 kdc krb5kdc[6](info): TGS_REQ (6 etypes {aes256-cts-hmac-sha1-96(18), aes128-cts-hmac-sha1-96(17), aes256-cts-hmac-sha384-192(20), aes128-cts-hmac-sha256-128(19), DEPRECATED:des3-cbc-sha1(16), DEPRECATED:arcfour-hmac(23)}) 172.18.0.2: ISSUE: authtime 1670254134, etypes {rep=aes256-cts-hmac-sha1-96(18), tkt=aes256-cts-hmac-sha1-96(18), ses=aes256-cts-hmac-sha1-96(18)}, testuser/scm@EXAMPLE.COM for om/om@EXAMPLE.COM
kdc_1       | Dec 05 15:29:43 kdc krb5kdc[6](info): AS_REQ (8 etypes {aes256-cts-hmac-sha1-96(18), aes128-cts-hmac-sha1-96(17), aes256-cts-hmac-sha384-192(20), aes128-cts-hmac-sha256-128(19), DEPRECATED:des3-cbc-sha1(16), DEPRECATED:arcfour-hmac(23), camellia128-cts-cmac(25), camellia256-cts-cmac(26)}) 172.18.0.2: ISSUE: authtime 1670254183, etypes {rep=aes256-cts-hmac-sha1-96(18), tkt=aes256-cts-hmac-sha1-96(18), ses=aes256-cts-hmac-sha1-96(18)}, testuser/scm@EXAMPLE.COM for krbtgt/EXAMPLE.COM@EXAMPLE.COM
kdc_1       | Dec 05 15:29:48 kdc krb5kdc[6](info): TGS_REQ (6 etypes {aes256-cts-hmac-sha1-96(18), aes128-cts-hmac-sha1-96(17), aes256-cts-hmac-sha384-192(20), aes128-cts-hmac-sha256-128(19), DEPRECATED:des3-cbc-sha1(16), DEPRECATED:arcfour-hmac(23)}) 172.18.0.2: ISSUE: authtime 1670254183, etypes {rep=aes256-cts-hmac-sha1-96(18), tkt=aes256-cts-hmac-sha1-96(18), ses=aes256-cts-hmac-sha1-96(18)}, testuser/scm@EXAMPLE.COM for om/om@EXAMPLE.COM
kdc_1       | Dec 05 15:29:53 kdc krb5kdc[6](info): TGS_REQ (6 etypes {aes256-cts-hmac-sha1-96(18), aes128-cts-hmac-sha1-96(17), aes256-cts-hmac-sha384-192(20), aes128-cts-hmac-sha256-128(19), DEPRECATED:des3-cbc-sha1(16), DEPRECATED:arcfour-hmac(23)}) 172.18.0.2: ISSUE: authtime 1670254183, etypes {rep=aes256-cts-hmac-sha1-96(18), tkt=aes256-cts-hmac-sha1-96(18), ses=aes256-cts-hmac-sha1-96(18)}, testuser/scm@EXAMPLE.COM for om/om@EXAMPLE.COM
kdc_1       | Dec 05 15:29:59 kdc krb5kdc[6](info): TGS_REQ (6 etypes {aes256-cts-hmac-sha1-96(18), aes128-cts-hmac-sha1-96(17), aes256-cts-hmac-sha384-192(20), aes128-cts-hmac-sha256-128(19), DEPRECATED:des3-cbc-sha1(16), DEPRECATED:arcfour-hmac(23)}) 172.18.0.2: ISSUE: authtime 1670254183, etypes {rep=aes256-cts-hmac-sha1-96(18), tkt=aes256-cts-hmac-sha1-96(18), ses=aes256-cts-hmac-sha1-96(18)}, testuser/scm@EXAMPLE.COM for om/om@EXAMPLE.COM
kdc_1       | Dec 05 15:30:05 kdc krb5kdc[6](info): TGS_REQ (6 etypes {aes256-cts-hmac-sha1-96(18), aes128-cts-hmac-sha1-96(17), aes256-cts-hmac-sha384-192(20), aes128-cts-hmac-sha256-128(19), DEPRECATED:des3-cbc-sha1(16), DEPRECATED:arcfour-hmac(23)}) 172.18.0.2: ISSUE: authtime 1670254183, etypes {rep=aes256-cts-hmac-sha1-96(18), tkt=aes256-cts-hmac-sha1-96(18), ses=aes256-cts-hmac-sha1-96(18)}, testuser/scm@EXAMPLE.COM for om/om@EXAMPLE.COM
kdc_1       | Dec 05 15:30:12 kdc krb5kdc[6](info): TGS_REQ (6 etypes {aes256-cts-hmac-sha1-96(18), aes128-cts-hmac-sha1-96(17), aes256-cts-hmac-sha384-192(20), aes128-cts-hmac-sha256-128(19), DEPRECATED:des3-cbc-sha1(16), DEPRECATED:arcfour-hmac(23)}) 172.18.0.2: ISSUE: authtime 1670254183, etypes {rep=aes256-cts-hmac-sha1-96(18), tkt=aes256-cts-hmac-sha1-96(18), ses=aes256-cts-hmac-sha1-96(18)}, testuser/scm@EXAMPLE.COM for om/om@EXAMPLE.COM
kdc_1       | Dec 05 15:30:18 kdc krb5kdc[6](info): TGS_REQ (6 etypes {aes256-cts-hmac-sha1-96(18), aes128-cts-hmac-sha1-96(17), aes256-cts-hmac-sha384-192(20), aes128-cts-hmac-sha256-128(19), DEPRECATED:des3-cbc-sha1(16), DEPRECATED:arcfour-hmac(23)}) 172.18.0.2: ISSUE: authtime 1670254183, etypes {rep=aes256-cts-hmac-sha1-96(18), tkt=aes256-cts-hmac-sha1-96(18), ses=aes256-cts-hmac-sha1-96(18)}, testuser/scm@EXAMPLE.COM for om/om@EXAMPLE.COM
kdc_1       | Dec 05 15:30:24 kdc krb5kdc[6](info): TGS_REQ (6 etypes {aes256-cts-hmac-sha1-96(18), aes128-cts-hmac-sha1-96(17), aes256-cts-hmac-sha384-192(20), aes128-cts-hmac-sha256-128(19), DEPRECATED:des3-cbc-sha1(16), DEPRECATED:arcfour-hmac(23)}) 172.18.0.2: ISSUE: authtime 1670254183, etypes {rep=aes256-cts-hmac-sha1-96(18), tkt=aes256-cts-hmac-sha1-96(18), ses=aes256-cts-hmac-sha1-96(18)}, testuser/scm@EXAMPLE.COM for om/om@EXAMPLE.COM
kdc_1       | Dec 05 15:30:30 kdc krb5kdc[6](info): TGS_REQ (6 etypes {aes256-cts-hmac-sha1-96(18), aes128-cts-hmac-sha1-96(17), aes256-cts-hmac-sha384-192(20), aes128-cts-hmac-sha256-128(19), DEPRECATED:des3-cbc-sha1(16), DEPRECATED:arcfour-hmac(23)}) 172.18.0.2: ISSUE: authtime 1670254183, etypes {rep=aes256-cts-hmac-sha1-96(18), tkt=aes256-cts-hmac-sha1-96(18), ses=aes256-cts-hmac-sha1-96(18)}, testuser/scm@EXAMPLE.COM for om/om@EXAMPLE.COM
scm_1       | 2022-12-05 15:11:39,596 [27ba5b76-bc39-4767-95a2-50286e2bcfd3-impl-thread1] INFO server.RaftServer$Division: 27ba5b76-bc39-4767-95a2-50286e2bcfd3@group-C86C416CD4B3: changes role from      null to FOLLOWER at term 0 for startAsFollower
scm_1       | 2022-12-05 15:11:39,598 [27ba5b76-bc39-4767-95a2-50286e2bcfd3-impl-thread1] INFO impl.RoleInfo: 27ba5b76-bc39-4767-95a2-50286e2bcfd3: start 27ba5b76-bc39-4767-95a2-50286e2bcfd3@group-C86C416CD4B3-FollowerState
scm_1       | 2022-12-05 15:11:39,601 [27ba5b76-bc39-4767-95a2-50286e2bcfd3@group-C86C416CD4B3-FollowerState] INFO server.RaftServerConfigKeys: raft.server.rpc.first-election.timeout.min = 5000ms (fallback to raft.server.rpc.timeout.min)
scm_1       | 2022-12-05 15:11:39,601 [27ba5b76-bc39-4767-95a2-50286e2bcfd3@group-C86C416CD4B3-FollowerState] INFO server.RaftServerConfigKeys: raft.server.rpc.first-election.timeout.max = 5200ms (fallback to raft.server.rpc.timeout.max)
scm_1       | 2022-12-05 15:11:39,601 [27ba5b76-bc39-4767-95a2-50286e2bcfd3-impl-thread1] INFO util.JmxRegister: Successfully registered JMX Bean with object name Ratis:service=RaftServer,group=group-C86C416CD4B3,id=27ba5b76-bc39-4767-95a2-50286e2bcfd3
scm_1       | 2022-12-05 15:11:39,603 [27ba5b76-bc39-4767-95a2-50286e2bcfd3-impl-thread1] INFO server.RaftServerConfigKeys: raft.server.snapshot.auto.trigger.enabled = true (custom)
scm_1       | 2022-12-05 15:11:39,604 [27ba5b76-bc39-4767-95a2-50286e2bcfd3-impl-thread1] INFO server.RaftServerConfigKeys: raft.server.snapshot.auto.trigger.threshold = 1000 (custom)
scm_1       | 2022-12-05 15:11:39,604 [27ba5b76-bc39-4767-95a2-50286e2bcfd3-impl-thread1] INFO server.RaftServerConfigKeys: raft.server.snapshot.retention.file.num = -1 (default)
scm_1       | 2022-12-05 15:11:39,605 [27ba5b76-bc39-4767-95a2-50286e2bcfd3-impl-thread1] INFO server.RaftServerConfigKeys: raft.server.log.purge.upto.snapshot.index = false (default)
scm_1       | 2022-12-05 15:11:39,607 [main] INFO server.RaftServer: 27ba5b76-bc39-4767-95a2-50286e2bcfd3: start RPC server
scm_1       | 2022-12-05 15:11:39,658 [main] INFO server.GrpcService: 27ba5b76-bc39-4767-95a2-50286e2bcfd3: GrpcService started, listening on 9894
scm_1       | 2022-12-05 15:11:39,661 [JvmPauseMonitor0] INFO util.JvmPauseMonitor: JvmPauseMonitor-27ba5b76-bc39-4767-95a2-50286e2bcfd3: Started
scm_1       | 2022-12-05 15:11:44,758 [27ba5b76-bc39-4767-95a2-50286e2bcfd3@group-C86C416CD4B3-FollowerState] INFO impl.FollowerState: 27ba5b76-bc39-4767-95a2-50286e2bcfd3@group-C86C416CD4B3-FollowerState: change to CANDIDATE, lastRpcElapsedTime:5160045630ns, electionTimeout:5155ms
scm_1       | 2022-12-05 15:11:44,759 [27ba5b76-bc39-4767-95a2-50286e2bcfd3@group-C86C416CD4B3-FollowerState] INFO impl.RoleInfo: 27ba5b76-bc39-4767-95a2-50286e2bcfd3: shutdown 27ba5b76-bc39-4767-95a2-50286e2bcfd3@group-C86C416CD4B3-FollowerState
scm_1       | 2022-12-05 15:11:44,759 [27ba5b76-bc39-4767-95a2-50286e2bcfd3@group-C86C416CD4B3-FollowerState] INFO server.RaftServer$Division: 27ba5b76-bc39-4767-95a2-50286e2bcfd3@group-C86C416CD4B3: changes role from  FOLLOWER to CANDIDATE at term 0 for changeToCandidate
om_1        | 2022-12-05 15:12:38,455 [main] INFO om.OzoneManager: OzoneManager Ratis server initialized at port 9872
om_1        | 2022-12-05 15:12:38,602 [main] INFO om.OzoneManager: Creating RPC Server
om_1        | 2022-12-05 15:12:38,605 [pool-27-thread-1] INFO server.RaftServer$Division: om1: new RaftServerImpl for group-C5BA1605619E:[om1|rpc:om:9872|priority:0|startupRole:FOLLOWER] with OzoneManagerStateMachine:uninitialized
om_1        | 2022-12-05 15:12:38,636 [pool-27-thread-1] INFO server.RaftServerConfigKeys: raft.server.rpc.timeout.min = 5s (custom)
om_1        | 2022-12-05 15:12:38,636 [pool-27-thread-1] INFO server.RaftServerConfigKeys: raft.server.rpc.timeout.max = 5200ms (custom)
om_1        | 2022-12-05 15:12:38,644 [pool-27-thread-1] INFO server.RaftServerConfigKeys: raft.server.rpc.sleep.time = 25ms (default)
om_1        | 2022-12-05 15:12:38,644 [pool-27-thread-1] INFO server.RaftServerConfigKeys: raft.server.rpc.slowness.timeout = 120s (custom)
om_1        | 2022-12-05 15:12:38,651 [pool-27-thread-1] INFO server.RaftServerConfigKeys: raft.server.leaderelection.leader.step-down.wait-time = 10s (default)
om_1        | 2022-12-05 15:12:38,651 [pool-27-thread-1] INFO server.RaftServerConfigKeys: raft.server.sleep.deviation.threshold = 300ms (default)
om_1        | 2022-12-05 15:12:38,717 [pool-27-thread-1] INFO server.RaftServer$Division: om1@group-C5BA1605619E: ConfigurationManager, init=-1: peers:[om1|rpc:om:9872|priority:0|startupRole:FOLLOWER]|listeners:[], old=null, confs=<EMPTY_MAP>
om_1        | 2022-12-05 15:12:38,791 [pool-27-thread-1] INFO server.RaftServerConfigKeys: raft.server.storage.dir = [/data/metadata/ratis] (custom)
om_1        | 2022-12-05 15:12:38,864 [pool-27-thread-1] INFO server.RaftServerConfigKeys: raft.server.log.corruption.policy = EXCEPTION (default)
om_1        | 2022-12-05 15:12:38,864 [pool-27-thread-1] INFO server.RaftServerConfigKeys: raft.server.storage.free-space.min = 0MB (=0) (default)
om_1        | 2022-12-05 15:12:39,128 [pool-27-thread-1] INFO server.RaftServerConfigKeys: raft.server.notification.no-leader.timeout = 120s (custom)
datanode_2  | 2022-12-05 15:13:01,757 [pool-23-thread-1] INFO util.JmxRegister: Successfully registered JMX Bean with object name Ratis:service=RaftServer,group=group-343CCE2A33A1,id=aeadc4fa-8da6-4243-a7df-a1dec33ca96a
datanode_2  | 2022-12-05 15:13:01,757 [pool-23-thread-1] INFO server.RaftServerConfigKeys: raft.server.snapshot.auto.trigger.enabled = true (custom)
datanode_2  | 2022-12-05 15:13:01,757 [pool-23-thread-1] INFO server.RaftServerConfigKeys: raft.server.snapshot.auto.trigger.threshold = 10000 (custom)
datanode_2  | 2022-12-05 15:13:01,758 [pool-23-thread-1] INFO server.RaftServerConfigKeys: raft.server.snapshot.retention.file.num = 5 (custom)
datanode_2  | 2022-12-05 15:13:01,766 [pool-23-thread-1] INFO server.RaftServerConfigKeys: raft.server.log.purge.upto.snapshot.index = false (default)
datanode_2  | 2022-12-05 15:13:01,784 [Command processor thread] INFO ratis.XceiverServerRatis: Created group PipelineID=7560408f-20ee-45ca-96dd-343cce2a33a1
datanode_2  | 2022-12-05 15:13:01,785 [Command processor thread] INFO commandhandler.CreatePipelineCommandHandler: Created Pipeline RATIS ONE PipelineID=7560408f-20ee-45ca-96dd-343cce2a33a1.
datanode_2  | 2022-12-05 15:13:06,801 [aeadc4fa-8da6-4243-a7df-a1dec33ca96a@group-343CCE2A33A1-FollowerState] INFO impl.FollowerState: aeadc4fa-8da6-4243-a7df-a1dec33ca96a@group-343CCE2A33A1-FollowerState: change to CANDIDATE, lastRpcElapsedTime:5088616929ns, electionTimeout:5042ms
datanode_2  | 2022-12-05 15:13:06,801 [aeadc4fa-8da6-4243-a7df-a1dec33ca96a@group-343CCE2A33A1-FollowerState] INFO impl.RoleInfo: aeadc4fa-8da6-4243-a7df-a1dec33ca96a: shutdown aeadc4fa-8da6-4243-a7df-a1dec33ca96a@group-343CCE2A33A1-FollowerState
datanode_2  | 2022-12-05 15:13:06,801 [aeadc4fa-8da6-4243-a7df-a1dec33ca96a@group-343CCE2A33A1-FollowerState] INFO server.RaftServer$Division: aeadc4fa-8da6-4243-a7df-a1dec33ca96a@group-343CCE2A33A1: changes role from  FOLLOWER to CANDIDATE at term 0 for changeToCandidate
datanode_2  | 2022-12-05 15:13:06,816 [aeadc4fa-8da6-4243-a7df-a1dec33ca96a@group-343CCE2A33A1-FollowerState] INFO server.RaftServerConfigKeys: raft.server.leaderelection.pre-vote = false (custom)
datanode_2  | 2022-12-05 15:13:06,816 [aeadc4fa-8da6-4243-a7df-a1dec33ca96a@group-343CCE2A33A1-FollowerState] INFO impl.RoleInfo: aeadc4fa-8da6-4243-a7df-a1dec33ca96a: start aeadc4fa-8da6-4243-a7df-a1dec33ca96a@group-343CCE2A33A1-LeaderElection1
recon_1     | 2022-12-05 15:12:28,536 [main] WARN server.ServerUtils: ozone.scm.dead.node.interval value = 45000 is smaller than min = 180000 based on the key value of ozone.scm.stale.node.interval, reset to the min value 180000.
recon_1     | 2022-12-05 15:12:28,547 [main] INFO node.SCMNodeManager: Entering startup safe mode.
recon_1     | 2022-12-05 15:12:28,572 [main] INFO scm.ReconNodeManager: Loaded 0 nodes from node DB.
recon_1     | 2022-12-05 15:12:28,607 [main] INFO algorithms.ContainerPlacementPolicyFactory: Create container placement policy of type org.apache.hadoop.hdds.scm.container.placement.algorithms.SCMContainerPlacementRandom
recon_1     | 2022-12-05 15:12:28,973 [main] INFO audit.AuditLogger: Refresh DebugCmdSet for SCMAudit to [].
datanode_3  | 2022-12-05 15:12:32,721 [pool-23-thread-1] INFO server.RaftServerConfigKeys: raft.server.storage.dir = [/data/metadata/ratis] (custom)
datanode_3  | 2022-12-05 15:12:32,753 [pool-23-thread-1] INFO server.RaftServerConfigKeys: raft.server.log.corruption.policy = EXCEPTION (default)
datanode_3  | 2022-12-05 15:12:32,755 [pool-23-thread-1] INFO server.RaftServerConfigKeys: raft.server.storage.free-space.min = 0MB (=0) (default)
datanode_1  | 2022-12-05 15:12:42,003 [pool-23-thread-1] INFO server.RaftServerConfigKeys: raft.server.rpc.timeout.max = 5200ms (custom)
datanode_1  | 2022-12-05 15:12:42,007 [pool-23-thread-1] INFO server.RaftServerConfigKeys: raft.server.rpc.sleep.time = 25ms (default)
datanode_1  | 2022-12-05 15:12:42,013 [pool-23-thread-1] INFO server.RaftServerConfigKeys: raft.server.rpc.slowness.timeout = 300s (custom)
datanode_1  | 2022-12-05 15:12:42,014 [pool-23-thread-1] INFO server.RaftServerConfigKeys: raft.server.leaderelection.leader.step-down.wait-time = 10s (default)
datanode_1  | 2022-12-05 15:12:42,014 [pool-23-thread-1] INFO server.RaftServerConfigKeys: raft.server.sleep.deviation.threshold = 300ms (default)
datanode_1  | 2022-12-05 15:12:42,068 [pool-23-thread-1] INFO server.RaftServer$Division: 6627d792-809e-46c9-b23f-cd11238dfcb9@group-4B6C77AD8CE7: ConfigurationManager, init=-1: peers:[6627d792-809e-46c9-b23f-cd11238dfcb9|rpc:172.18.0.8:9856|admin:172.18.0.8:9857|client:172.18.0.8:9858|dataStream:|priority:1|startupRole:FOLLOWER, acd3abac-158e-457f-9a75-9b0827873f1c|rpc:172.18.0.5:9856|admin:172.18.0.5:9857|client:172.18.0.5:9858|dataStream:|priority:0|startupRole:FOLLOWER, aeadc4fa-8da6-4243-a7df-a1dec33ca96a|rpc:172.18.0.4:9856|admin:172.18.0.4:9857|client:172.18.0.4:9858|dataStream:|priority:0|startupRole:FOLLOWER]|listeners:[], old=null, confs=<EMPTY_MAP>
datanode_1  | 2022-12-05 15:12:42,070 [pool-23-thread-1] INFO server.RaftServerConfigKeys: raft.server.storage.dir = [/data/metadata/ratis] (custom)
datanode_1  | 2022-12-05 15:12:42,109 [pool-23-thread-1] INFO server.RaftServerConfigKeys: raft.server.log.corruption.policy = EXCEPTION (default)
datanode_1  | 2022-12-05 15:12:42,117 [pool-23-thread-1] INFO server.RaftServerConfigKeys: raft.server.storage.free-space.min = 0MB (=0) (default)
datanode_1  | 2022-12-05 15:12:42,187 [pool-23-thread-1] INFO server.RaftServerConfigKeys: raft.server.notification.no-leader.timeout = 300s (custom)
datanode_1  | 2022-12-05 15:12:42,221 [pool-23-thread-1] INFO server.RaftServerConfigKeys: raft.server.retrycache.expirytime = 600000ms (custom)
datanode_1  | 2022-12-05 15:12:42,222 [pool-23-thread-1] INFO server.RaftServerConfigKeys: raft.server.retrycache.statistics.expirytime = 100?s (default)
datanode_1  | 2022-12-05 15:12:42,458 [pool-23-thread-1] INFO server.RaftServerConfigKeys: raft.server.log.appender.install.snapshot.enabled = false (custom)
recon_1     | 2022-12-05 15:12:29,217 [main] INFO ipc.CallQueueManager: Using callQueue: class java.util.concurrent.LinkedBlockingQueue, queueCapacity: 10000, scheduler: class org.apache.hadoop.ipc.DefaultRpcScheduler, ipcBackoff: false.
recon_1     | 2022-12-05 15:12:29,276 [Socket Reader #1 for port 9891] INFO ipc.Server: Starting Socket Reader #1 for port 9891
recon_1     | 2022-12-05 15:12:29,560 [Listener at 0.0.0.0/9891] INFO pipeline.PipelineStateManagerImpl: No pipeline exists in current db
recon_1     | 2022-12-05 15:12:30,201 [Listener at 0.0.0.0/9891] INFO recon.ReconServer: Recon server initialized successfully!
recon_1     | 2022-12-05 15:12:30,204 [Listener at 0.0.0.0/9891] INFO recon.ReconServer: Starting Recon server
recon_1     | 2022-12-05 15:12:31,116 [Listener at 0.0.0.0/9891] INFO impl.MetricsConfig: Loaded properties from hadoop-metrics2.properties
recon_1     | 2022-12-05 15:12:31,274 [Listener at 0.0.0.0/9891] INFO impl.MetricsSystemImpl: Scheduled Metric snapshot period at 10 second(s).
recon_1     | 2022-12-05 15:12:31,274 [Listener at 0.0.0.0/9891] INFO impl.MetricsSystemImpl: Recon metrics system started
recon_1     | 2022-12-05 15:12:33,049 [Listener at 0.0.0.0/9891] INFO http.HttpServer2: Jetty bound to port 9888
recon_1     | 2022-12-05 15:12:33,057 [Listener at 0.0.0.0/9891] INFO server.Server: jetty-9.4.49.v20220914; built: 2022-09-14T01:07:36.601Z; git: 4231a3b2e4cb8548a412a789936d640a97b1aa0a; jvm 11.0.14.1+1-LTS
recon_1     | 2022-12-05 15:12:33,236 [Listener at 0.0.0.0/9891] INFO server.session: DefaultSessionIdManager workerName=node0
recon_1     | 2022-12-05 15:12:33,241 [Listener at 0.0.0.0/9891] INFO server.session: No SessionScavenger set, using defaults
scm_1       | 2022-12-05 15:11:44,764 [27ba5b76-bc39-4767-95a2-50286e2bcfd3@group-C86C416CD4B3-FollowerState] INFO server.RaftServerConfigKeys: raft.server.leaderelection.pre-vote = false (custom)
scm_1       | 2022-12-05 15:11:44,764 [27ba5b76-bc39-4767-95a2-50286e2bcfd3@group-C86C416CD4B3-FollowerState] INFO impl.RoleInfo: 27ba5b76-bc39-4767-95a2-50286e2bcfd3: start 27ba5b76-bc39-4767-95a2-50286e2bcfd3@group-C86C416CD4B3-LeaderElection1
scm_1       | 2022-12-05 15:11:44,774 [27ba5b76-bc39-4767-95a2-50286e2bcfd3@group-C86C416CD4B3-LeaderElection1] INFO impl.LeaderElection: 27ba5b76-bc39-4767-95a2-50286e2bcfd3@group-C86C416CD4B3-LeaderElection1 ELECTION round 0: submit vote requests at term 1 for -1: peers:[27ba5b76-bc39-4767-95a2-50286e2bcfd3|rpc:scm:9894|priority:0|startupRole:FOLLOWER]|listeners:[], old=null
scm_1       | 2022-12-05 15:11:44,776 [27ba5b76-bc39-4767-95a2-50286e2bcfd3@group-C86C416CD4B3-LeaderElection1] INFO impl.LeaderElection: 27ba5b76-bc39-4767-95a2-50286e2bcfd3@group-C86C416CD4B3-LeaderElection1 ELECTION round 0: result PASSED (term=1)
scm_1       | 2022-12-05 15:11:44,776 [27ba5b76-bc39-4767-95a2-50286e2bcfd3@group-C86C416CD4B3-LeaderElection1] INFO impl.RoleInfo: 27ba5b76-bc39-4767-95a2-50286e2bcfd3: shutdown 27ba5b76-bc39-4767-95a2-50286e2bcfd3@group-C86C416CD4B3-LeaderElection1
scm_1       | 2022-12-05 15:11:44,777 [27ba5b76-bc39-4767-95a2-50286e2bcfd3@group-C86C416CD4B3-LeaderElection1] INFO server.RaftServer$Division: 27ba5b76-bc39-4767-95a2-50286e2bcfd3@group-C86C416CD4B3: changes role from CANDIDATE to LEADER at term 1 for changeToLeader
scm_1       | 2022-12-05 15:11:44,778 [27ba5b76-bc39-4767-95a2-50286e2bcfd3@group-C86C416CD4B3-LeaderElection1] INFO server.RaftServer$Division: 27ba5b76-bc39-4767-95a2-50286e2bcfd3@group-C86C416CD4B3: change Leader from null to 27ba5b76-bc39-4767-95a2-50286e2bcfd3 at term 1 for becomeLeader, leader elected after 5608ms
scm_1       | 2022-12-05 15:11:44,783 [27ba5b76-bc39-4767-95a2-50286e2bcfd3@group-C86C416CD4B3-LeaderElection1] INFO server.RaftServerConfigKeys: raft.server.staging.catchup.gap = 1000 (default)
