datanode_3  | 2023-01-31 07:47:25,507 [main] INFO retry.RetryInvocationHandler: com.google.protobuf.ServiceException: org.apache.hadoop.ipc.RemoteException(org.apache.hadoop.hdds.ratis.ServerNotLeaderException): Server:6dfb726e-350e-430b-835b-cf79da791979 is not the leader. Could not determine the leader node.
recon_1     | 2023-01-31 07:46:53,442 [main] ERROR client.ReconCertificateClient: Default certificate serial id is not set. Can't locate the default certificate for this client.
datanode_1  | 	at org.apache.hadoop.security.UserGroupInformation.doAs(UserGroupInformation.java:1878)
datanode_1  | 	at org.apache.hadoop.ipc.Server$Handler.run(Server.java:2976)
datanode_3  | 	at org.apache.hadoop.hdds.ratis.ServerNotLeaderException.convertToNotLeaderException(ServerNotLeaderException.java:109)
datanode_2  |   Signature Algorithm: SHA256withRSA, OID = 1.2.840.113549.1.1.11
datanode_2  | 
recon_1     | 2023-01-31 07:46:53,459 [main] INFO client.ReconCertificateClient: Certificate client init case: 0
s3g_1       | ************************************************************/
datanode_2  |   Key:  Sun RSA public key, 2048 bits
datanode_2  |   params: null
recon_1     | 2023-01-31 07:46:53,470 [main] INFO client.ReconCertificateClient: Creating keypair for client as keypair and certificate not found.
scm_1       | 2023-01-31 07:46:57,764 [main] INFO client.SCMCertificateClient: Creating keypair for client as keypair and certificate not found.
scm_1       | 2023-01-31 07:47:03,429 [main] INFO ha.HASecurityUtils: Init response: GETCERT
s3g_1       | 2023-01-31 07:46:41,862 [main] INFO s3.Gateway: registered UNIX signal handlers for [TERM, HUP, INT]
datanode_2  |   modulus: 27949283793865716631542614476488057423619801288601389609725685668768679494291677125832701649778406624313138094468880425344625587538226191253799410426687454380078378602729072287569542893330802324059586889697235696056629022888200356741036975246327881704561644186261796415738726138546873623645172815347468730214528067201639081044373209423185383663132486892257850520949360361567171676467451843931380520612944041212030120095594216300091130743184185030807465263128912362033638820318201393016110510906398314590453824309504294113703995680977838266049371814427890513965205303408294767473769933392113468237520531080194371359179
datanode_2  |   public exponent: 65537
datanode_2  |   Validity: [From: Tue Jan 31 00:00:00 UTC 2023,
kdc_1       | Jan 31 07:52:09 kdc krb5kdc[7](info): TGS_REQ (6 etypes {aes256-cts-hmac-sha1-96(18), aes128-cts-hmac-sha1-96(17), aes256-cts-hmac-sha384-192(20), aes128-cts-hmac-sha256-128(19), DEPRECATED:des3-cbc-sha1(16), DEPRECATED:arcfour-hmac(23)}) 172.18.0.4: ISSUE: authtime 1675151511, etypes {rep=aes256-cts-hmac-sha1-96(18), tkt=aes256-cts-hmac-sha1-96(18), ses=aes256-cts-hmac-sha1-96(18)}, testuser/scm@EXAMPLE.COM for om/om@EXAMPLE.COM
recon_1     | 2023-01-31 07:46:58,216 [main] INFO recon.ReconServer: Init response: GETCERT
recon_1     | 2023-01-31 07:46:58,225 [main] INFO client.ReconCertificateClient: Creating CSR for Recon.
scm_1       | 2023-01-31 07:47:05,620 [main] INFO ozone.OzoneSecurityUtil: Adding ip:172.18.0.4,host:scm
s3g_1       | 2023-01-31 07:46:42,036 [main] INFO s3.Gateway: Starting Ozone S3 gateway
datanode_2  |                To: Wed Jan 31 00:00:00 UTC 2024]
datanode_2  |   Issuer: O=CID-5128c6ec-f311-4d77-b590-370d3e099e21, OU=6dfb726e-350e-430b-835b-cf79da791979, CN=scm-sub@scm
datanode_2  |   SerialNumber: [    71c45569 b5]
kdc_1       | Jan 31 07:52:18 kdc krb5kdc[7](info): TGS_REQ (6 etypes {aes256-cts-hmac-sha1-96(18), aes128-cts-hmac-sha1-96(17), aes256-cts-hmac-sha384-192(20), aes128-cts-hmac-sha256-128(19), DEPRECATED:des3-cbc-sha1(16), DEPRECATED:arcfour-hmac(23)}) 172.18.0.4: ISSUE: authtime 1675151511, etypes {rep=aes256-cts-hmac-sha1-96(18), tkt=aes256-cts-hmac-sha1-96(18), ses=aes256-cts-hmac-sha1-96(18)}, testuser/scm@EXAMPLE.COM for om/om@EXAMPLE.COM
datanode_3  | 	at org.apache.hadoop.hdds.scm.ha.RatisUtil.checkRatisException(RatisUtil.java:246)
datanode_3  | 	at org.apache.hadoop.hdds.scm.protocol.SCMSecurityProtocolServerSideTranslatorPB.submitRequest(SCMSecurityProtocolServerSideTranslatorPB.java:93)
s3g_1       | 2023-01-31 07:46:42,971 [main] INFO impl.MetricsConfig: Loaded properties from hadoop-metrics2.properties
datanode_2  | 
datanode_2  | Certificate Extensions: 2
datanode_2  | [1]: ObjectId: 2.5.29.15 Criticality=true
kdc_1       | Jan 31 07:52:23 kdc krb5kdc[7](info): AS_REQ (8 etypes {aes256-cts-hmac-sha1-96(18), aes128-cts-hmac-sha1-96(17), aes256-cts-hmac-sha384-192(20), aes128-cts-hmac-sha256-128(19), DEPRECATED:des3-cbc-sha1(16), DEPRECATED:arcfour-hmac(23), camellia128-cts-cmac(25), camellia256-cts-cmac(26)}) 172.18.0.4: ISSUE: authtime 1675151543, etypes {rep=aes256-cts-hmac-sha1-96(18), tkt=aes256-cts-hmac-sha1-96(18), ses=aes256-cts-hmac-sha1-96(18)}, testuser/scm@EXAMPLE.COM for krbtgt/EXAMPLE.COM@EXAMPLE.COM
datanode_3  | 	at org.apache.hadoop.hdds.protocol.proto.SCMSecurityProtocolProtos$SCMSecurityProtocolService$2.callBlockingMethod(SCMSecurityProtocolProtos.java:16080)
scm_1       | 2023-01-31 07:47:05,621 [main] INFO ozone.OzoneSecurityUtil: ip:127.0.0.1 not returned.
scm_1       | 2023-01-31 07:47:05,818 [main] INFO utils.SelfSignedCertificate: Certificate 1 is issued by CN=scm@scm,OU=6dfb726e-350e-430b-835b-cf79da791979,O=CID-5128c6ec-f311-4d77-b590-370d3e099e21 to CN=scm@scm,OU=6dfb726e-350e-430b-835b-cf79da791979,O=CID-5128c6ec-f311-4d77-b590-370d3e099e21, valid from Tue Jan 31 00:00:00 UTC 2023 to Fri Mar 10 00:00:00 UTC 2028
scm_1       | 2023-01-31 07:47:05,903 [main] INFO ozone.OzoneSecurityUtil: Adding ip:172.18.0.4,host:scm
scm_1       | 2023-01-31 07:47:05,903 [main] INFO ozone.OzoneSecurityUtil: ip:127.0.0.1 not returned.
scm_1       | 2023-01-31 07:47:05,904 [main] ERROR client.SCMCertificateClient: Invalid domain scm
kdc_1       | Jan 31 07:52:28 kdc krb5kdc[7](info): TGS_REQ (6 etypes {aes256-cts-hmac-sha1-96(18), aes128-cts-hmac-sha1-96(17), aes256-cts-hmac-sha384-192(20), aes128-cts-hmac-sha256-128(19), DEPRECATED:des3-cbc-sha1(16), DEPRECATED:arcfour-hmac(23)}) 172.18.0.4: ISSUE: authtime 1675151543, etypes {rep=aes256-cts-hmac-sha1-96(18), tkt=aes256-cts-hmac-sha1-96(18), ses=aes256-cts-hmac-sha1-96(18)}, testuser/scm@EXAMPLE.COM for om/om@EXAMPLE.COM
datanode_3  | 	at org.apache.hadoop.ipc.ProtobufRpcEngine$Server.processCall(ProtobufRpcEngine.java:465)
scm_1       | 2023-01-31 07:47:05,905 [main] INFO ha.HASecurityUtils: Creating csr for SCM->hostName:scm,scmId:6dfb726e-350e-430b-835b-cf79da791979,clusterId:CID-5128c6ec-f311-4d77-b590-370d3e099e21,subject:scm-sub@scm
scm_1       | 2023-01-31 07:47:06,081 [main] INFO ha.HASecurityUtils: Successfully stored SCM signed certificate.
scm_1       | 2023-01-31 07:47:06,263 [main] INFO server.RaftServer: raft.rpc.type = GRPC (default)
s3g_1       | 2023-01-31 07:46:44,121 [main] INFO impl.MetricsSystemImpl: Scheduled Metric snapshot period at 10 second(s).
datanode_1  | , while invoking $Proxy18.submitRequest over nodeId=scmNodeId,nodeAddress=scm/172.18.0.4:9961 after 12 failover attempts. Trying to failover after sleeping for 2000ms.
kdc_1       | Jan 31 07:52:38 kdc krb5kdc[7](info): TGS_REQ (6 etypes {aes256-cts-hmac-sha1-96(18), aes128-cts-hmac-sha1-96(17), aes256-cts-hmac-sha384-192(20), aes128-cts-hmac-sha256-128(19), DEPRECATED:des3-cbc-sha1(16), DEPRECATED:arcfour-hmac(23)}) 172.18.0.4: ISSUE: authtime 1675151543, etypes {rep=aes256-cts-hmac-sha1-96(18), tkt=aes256-cts-hmac-sha1-96(18), ses=aes256-cts-hmac-sha1-96(18)}, testuser/scm@EXAMPLE.COM for om/om@EXAMPLE.COM
datanode_3  | 	at org.apache.hadoop.ipc.ProtobufRpcEngine2$Server$ProtoBufRpcInvoker.call(ProtobufRpcEngine2.java:578)
scm_1       | 2023-01-31 07:47:06,397 [main] INFO grpc.GrpcConfigKeys: raft.grpc.admin.host = null (fallback to raft.grpc.server.host)
datanode_2  | KeyUsage [
datanode_2  |   DigitalSignature
s3g_1       | 2023-01-31 07:46:44,121 [main] INFO impl.MetricsSystemImpl: S3Gateway metrics system started
datanode_1  | 2023-01-31 07:47:27,523 [main] INFO retry.RetryInvocationHandler: com.google.protobuf.ServiceException: org.apache.hadoop.ipc.RemoteException(org.apache.hadoop.hdds.ratis.ServerNotLeaderException): Server:6dfb726e-350e-430b-835b-cf79da791979 is not the leader. Could not determine the leader node.
kdc_1       | Jan 31 07:52:42 kdc krb5kdc[7](info): AS_REQ (8 etypes {aes256-cts-hmac-sha1-96(18), aes128-cts-hmac-sha1-96(17), aes256-cts-hmac-sha384-192(20), aes128-cts-hmac-sha256-128(19), DEPRECATED:des3-cbc-sha1(16), DEPRECATED:arcfour-hmac(23), camellia128-cts-cmac(25), camellia256-cts-cmac(26)}) 172.18.0.4: ISSUE: authtime 1675151562, etypes {rep=aes256-cts-hmac-sha1-96(18), tkt=aes256-cts-hmac-sha1-96(18), ses=aes256-cts-hmac-sha1-96(18)}, testuser/scm@EXAMPLE.COM for krbtgt/EXAMPLE.COM@EXAMPLE.COM
datanode_3  | 	at org.apache.hadoop.ipc.ProtobufRpcEngine2$Server$ProtoBufRpcInvoker.call(ProtobufRpcEngine2.java:556)
scm_1       | 2023-01-31 07:47:06,399 [main] INFO grpc.GrpcConfigKeys: raft.grpc.admin.port = 9894 (fallback to raft.grpc.server.port)
datanode_2  |   Key_Encipherment
datanode_2  |   Data_Encipherment
om_1        | 2023-01-31 07:46:49,036 [main] INFO security.UserGroupInformation: Login successful for user om/om@EXAMPLE.COM using keytab file om.keytab. Keytab auto renewal enabled : false
om_1        | 2023-01-31 07:46:49,054 [main] INFO om.OzoneManager: Ozone Manager login successful.
kdc_1       | Jan 31 07:52:48 kdc krb5kdc[7](info): TGS_REQ (6 etypes {aes256-cts-hmac-sha1-96(18), aes128-cts-hmac-sha1-96(17), aes256-cts-hmac-sha384-192(20), aes128-cts-hmac-sha256-128(19), DEPRECATED:des3-cbc-sha1(16), DEPRECATED:arcfour-hmac(23)}) 172.18.0.4: ISSUE: authtime 1675151562, etypes {rep=aes256-cts-hmac-sha1-96(18), tkt=aes256-cts-hmac-sha1-96(18), ses=aes256-cts-hmac-sha1-96(18)}, testuser/scm@EXAMPLE.COM for om/om@EXAMPLE.COM
datanode_3  | 	at org.apache.hadoop.ipc.RPC$Server.call(RPC.java:1093)
scm_1       | 2023-01-31 07:47:06,400 [main] INFO grpc.GrpcConfigKeys: raft.grpc.client.host = null (fallback to raft.grpc.server.host)
scm_1       | 2023-01-31 07:47:06,401 [main] INFO grpc.GrpcConfigKeys: raft.grpc.client.port = 9894 (fallback to raft.grpc.server.port)
scm_1       | 2023-01-31 07:47:06,401 [main] INFO grpc.GrpcConfigKeys: raft.grpc.server.host = null (default)
scm_1       | 2023-01-31 07:47:06,401 [main] INFO grpc.GrpcConfigKeys: raft.grpc.server.port = 9894 (custom)
s3g_1       | 2023-01-31 07:46:44,373 [main] INFO http.HttpServer2: Jetty bound to port 9878
kdc_1       | Jan 31 07:52:55 kdc krb5kdc[7](info): TGS_REQ (6 etypes {aes256-cts-hmac-sha1-96(18), aes128-cts-hmac-sha1-96(17), aes256-cts-hmac-sha384-192(20), aes128-cts-hmac-sha256-128(19), DEPRECATED:des3-cbc-sha1(16), DEPRECATED:arcfour-hmac(23)}) 172.18.0.4: ISSUE: authtime 1675151562, etypes {rep=aes256-cts-hmac-sha1-96(18), tkt=aes256-cts-hmac-sha1-96(18), ses=aes256-cts-hmac-sha1-96(18)}, testuser/scm@EXAMPLE.COM for om/om@EXAMPLE.COM
kdc_1       | Jan 31 07:52:56 kdc krb5kdc[7](info): AS_REQ (8 etypes {aes256-cts-hmac-sha1-96(18), aes128-cts-hmac-sha1-96(17), aes256-cts-hmac-sha384-192(20), aes128-cts-hmac-sha256-128(19), DEPRECATED:des3-cbc-sha1(16), DEPRECATED:arcfour-hmac(23), camellia128-cts-cmac(25), camellia256-cts-cmac(26)}) 172.18.0.4: ISSUE: authtime 1675151576, etypes {rep=aes256-cts-hmac-sha1-96(18), tkt=aes256-cts-hmac-sha1-96(18), ses=aes256-cts-hmac-sha1-96(18)}, testuser/scm@EXAMPLE.COM for krbtgt/EXAMPLE.COM@EXAMPLE.COM
datanode_2  |   Key_Agreement
datanode_2  | ]
s3g_1       | 2023-01-31 07:46:44,378 [main] INFO server.Server: jetty-9.4.49.v20220914; built: 2022-09-14T01:07:36.601Z; git: 4231a3b2e4cb8548a412a789936d640a97b1aa0a; jvm 11.0.14.1+1-LTS
datanode_3  | 	at org.apache.hadoop.ipc.Server$RpcCall.run(Server.java:1043)
scm_1       | 2023-01-31 07:47:06,403 [main] INFO server.GrpcService: raft.grpc.message.size.max = 32m (=33554432) (custom)
kdc_1       | Jan 31 07:53:01 kdc krb5kdc[7](info): TGS_REQ (6 etypes {aes256-cts-hmac-sha1-96(18), aes128-cts-hmac-sha1-96(17), aes256-cts-hmac-sha384-192(20), aes128-cts-hmac-sha256-128(19), DEPRECATED:des3-cbc-sha1(16), DEPRECATED:arcfour-hmac(23)}) 172.18.0.4: ISSUE: authtime 1675151576, etypes {rep=aes256-cts-hmac-sha1-96(18), tkt=aes256-cts-hmac-sha1-96(18), ses=aes256-cts-hmac-sha1-96(18)}, testuser/scm@EXAMPLE.COM for om/om@EXAMPLE.COM
kdc_1       | Jan 31 07:53:07 kdc krb5kdc[7](info): TGS_REQ (6 etypes {aes256-cts-hmac-sha1-96(18), aes128-cts-hmac-sha1-96(17), aes256-cts-hmac-sha384-192(20), aes128-cts-hmac-sha256-128(19), DEPRECATED:des3-cbc-sha1(16), DEPRECATED:arcfour-hmac(23)}) 172.18.0.4: ISSUE: authtime 1675151576, etypes {rep=aes256-cts-hmac-sha1-96(18), tkt=aes256-cts-hmac-sha1-96(18), ses=aes256-cts-hmac-sha1-96(18)}, testuser/scm@EXAMPLE.COM for om/om@EXAMPLE.COM
kdc_1       | Jan 31 07:53:09 kdc krb5kdc[7](info): AS_REQ (8 etypes {aes256-cts-hmac-sha1-96(18), aes128-cts-hmac-sha1-96(17), aes256-cts-hmac-sha384-192(20), aes128-cts-hmac-sha256-128(19), DEPRECATED:des3-cbc-sha1(16), DEPRECATED:arcfour-hmac(23), camellia128-cts-cmac(25), camellia256-cts-cmac(26)}) 172.18.0.4: ISSUE: authtime 1675151589, etypes {rep=aes256-cts-hmac-sha1-96(18), tkt=aes256-cts-hmac-sha1-96(18), ses=aes256-cts-hmac-sha1-96(18)}, testuser/scm@EXAMPLE.COM for krbtgt/EXAMPLE.COM@EXAMPLE.COM
kdc_1       | Jan 31 07:53:14 kdc krb5kdc[7](info): TGS_REQ (6 etypes {aes256-cts-hmac-sha1-96(18), aes128-cts-hmac-sha1-96(17), aes256-cts-hmac-sha384-192(20), aes128-cts-hmac-sha256-128(19), DEPRECATED:des3-cbc-sha1(16), DEPRECATED:arcfour-hmac(23)}) 172.18.0.4: ISSUE: authtime 1675151589, etypes {rep=aes256-cts-hmac-sha1-96(18), tkt=aes256-cts-hmac-sha1-96(18), ses=aes256-cts-hmac-sha1-96(18)}, testuser/scm@EXAMPLE.COM for om/om@EXAMPLE.COM
s3g_1       | 2023-01-31 07:46:45,020 [main] INFO server.session: DefaultSessionIdManager workerName=node0
scm_1       | 2023-01-31 07:47:06,405 [main] INFO server.RaftServerConfigKeys: raft.server.log.appender.buffer.byte-limit = 33554432 (custom)
kdc_1       | Jan 31 07:53:16 kdc krb5kdc[7](info): AS_REQ (8 etypes {aes256-cts-hmac-sha1-96(18), aes128-cts-hmac-sha1-96(17), aes256-cts-hmac-sha384-192(20), aes128-cts-hmac-sha256-128(19), DEPRECATED:des3-cbc-sha1(16), DEPRECATED:arcfour-hmac(23), camellia128-cts-cmac(25), camellia256-cts-cmac(26)}) 172.18.0.4: ISSUE: authtime 1675151596, etypes {rep=aes256-cts-hmac-sha1-96(18), tkt=aes256-cts-hmac-sha1-96(18), ses=aes256-cts-hmac-sha1-96(18)}, testuser/scm@EXAMPLE.COM for krbtgt/EXAMPLE.COM@EXAMPLE.COM
kdc_1       | Jan 31 07:53:21 kdc krb5kdc[7](info): TGS_REQ (6 etypes {aes256-cts-hmac-sha1-96(18), aes128-cts-hmac-sha1-96(17), aes256-cts-hmac-sha384-192(20), aes128-cts-hmac-sha256-128(19), DEPRECATED:des3-cbc-sha1(16), DEPRECATED:arcfour-hmac(23)}) 172.18.0.4: ISSUE: authtime 1675151596, etypes {rep=aes256-cts-hmac-sha1-96(18), tkt=aes256-cts-hmac-sha1-96(18), ses=aes256-cts-hmac-sha1-96(18)}, testuser/scm@EXAMPLE.COM for om/om@EXAMPLE.COM
kdc_1       | Jan 31 07:53:23 kdc krb5kdc[7](info): AS_REQ (8 etypes {aes256-cts-hmac-sha1-96(18), aes128-cts-hmac-sha1-96(17), aes256-cts-hmac-sha384-192(20), aes128-cts-hmac-sha256-128(19), DEPRECATED:des3-cbc-sha1(16), DEPRECATED:arcfour-hmac(23), camellia128-cts-cmac(25), camellia256-cts-cmac(26)}) 172.18.0.4: ISSUE: authtime 1675151603, etypes {rep=aes256-cts-hmac-sha1-96(18), tkt=aes256-cts-hmac-sha1-96(18), ses=aes256-cts-hmac-sha1-96(18)}, testuser/scm@EXAMPLE.COM for krbtgt/EXAMPLE.COM@EXAMPLE.COM
kdc_1       | Jan 31 07:53:28 kdc krb5kdc[7](info): TGS_REQ (6 etypes {aes256-cts-hmac-sha1-96(18), aes128-cts-hmac-sha1-96(17), aes256-cts-hmac-sha384-192(20), aes128-cts-hmac-sha256-128(19), DEPRECATED:des3-cbc-sha1(16), DEPRECATED:arcfour-hmac(23)}) 172.18.0.4: ISSUE: authtime 1675151603, etypes {rep=aes256-cts-hmac-sha1-96(18), tkt=aes256-cts-hmac-sha1-96(18), ses=aes256-cts-hmac-sha1-96(18)}, testuser/scm@EXAMPLE.COM for om/om@EXAMPLE.COM
recon_1     | 2023-01-31 07:46:58,271 [main] INFO ozone.OzoneSecurityUtil: Adding ip:172.18.0.3,host:recon
recon_1     | 2023-01-31 07:46:58,285 [main] INFO ozone.OzoneSecurityUtil: ip:127.0.0.1 not returned.
recon_1     | 2023-01-31 07:46:58,306 [main] ERROR client.ReconCertificateClient: Invalid domain recon
recon_1     | 2023-01-31 07:47:02,137 [main] INFO retry.RetryInvocationHandler: com.google.protobuf.ServiceException: java.net.ConnectException: Call From recon/172.18.0.3 to scm:9961 failed on connection exception: java.net.ConnectException: Connection refused; For more details see:  http://wiki.apache.org/hadoop/ConnectionRefused, while invoking $Proxy39.submitRequest over nodeId=scmNodeId,nodeAddress=scm/172.18.0.4:9961 after 1 failover attempts. Trying to failover after sleeping for 2000ms.
datanode_3  | 	at org.apache.hadoop.ipc.Server$RpcCall.run(Server.java:971)
s3g_1       | 2023-01-31 07:46:45,068 [main] INFO server.session: No SessionScavenger set, using defaults
scm_1       | 2023-01-31 07:47:06,406 [main] INFO server.GrpcService: raft.grpc.flow.control.window = 1MB (=1048576) (default)
kdc_1       | Jan 31 07:53:34 kdc krb5kdc[7](info): TGS_REQ (6 etypes {aes256-cts-hmac-sha1-96(18), aes128-cts-hmac-sha1-96(17), aes256-cts-hmac-sha384-192(20), aes128-cts-hmac-sha256-128(19), DEPRECATED:des3-cbc-sha1(16), DEPRECATED:arcfour-hmac(23)}) 172.18.0.4: ISSUE: authtime 1675151603, etypes {rep=aes256-cts-hmac-sha1-96(18), tkt=aes256-cts-hmac-sha1-96(18), ses=aes256-cts-hmac-sha1-96(18)}, testuser/scm@EXAMPLE.COM for om/om@EXAMPLE.COM
recon_1     | 2023-01-31 07:47:04,141 [main] INFO retry.RetryInvocationHandler: com.google.protobuf.ServiceException: java.net.ConnectException: Call From recon/172.18.0.3 to scm:9961 failed on connection exception: java.net.ConnectException: Connection refused; For more details see:  http://wiki.apache.org/hadoop/ConnectionRefused, while invoking $Proxy39.submitRequest over nodeId=scmNodeId,nodeAddress=scm/172.18.0.4:9961 after 2 failover attempts. Trying to failover after sleeping for 2000ms.
datanode_3  | 	at java.base/java.security.AccessController.doPrivileged(Native Method)
datanode_3  | 	at java.base/javax.security.auth.Subject.doAs(Subject.java:423)
scm_1       | 2023-01-31 07:47:06,407 [main] INFO server.RaftServerConfigKeys: raft.server.rpc.request.timeout = 30000ms (custom)
kdc_1       | Jan 31 07:53:41 kdc krb5kdc[7](info): TGS_REQ (6 etypes {aes256-cts-hmac-sha1-96(18), aes128-cts-hmac-sha1-96(17), aes256-cts-hmac-sha384-192(20), aes128-cts-hmac-sha256-128(19), DEPRECATED:des3-cbc-sha1(16), DEPRECATED:arcfour-hmac(23)}) 172.18.0.4: ISSUE: authtime 1675151603, etypes {rep=aes256-cts-hmac-sha1-96(18), tkt=aes256-cts-hmac-sha1-96(18), ses=aes256-cts-hmac-sha1-96(18)}, testuser/scm@EXAMPLE.COM for om/om@EXAMPLE.COM
recon_1     | 2023-01-31 07:47:06,143 [main] INFO retry.RetryInvocationHandler: com.google.protobuf.ServiceException: java.net.ConnectException: Call From recon/172.18.0.3 to scm:9961 failed on connection exception: java.net.ConnectException: Connection refused; For more details see:  http://wiki.apache.org/hadoop/ConnectionRefused, while invoking $Proxy39.submitRequest over nodeId=scmNodeId,nodeAddress=scm/172.18.0.4:9961 after 3 failover attempts. Trying to failover after sleeping for 2000ms.
datanode_3  | 	at org.apache.hadoop.security.UserGroupInformation.doAs(UserGroupInformation.java:1878)
datanode_3  | 	at org.apache.hadoop.ipc.Server$Handler.run(Server.java:2976)
scm_1       | 2023-01-31 07:47:06,422 [main] INFO grpc.GrpcConfigKeys: raft.grpc.server.heartbeat.channel = true (default)
kdc_1       | Jan 31 07:53:48 kdc krb5kdc[7](info): TGS_REQ (6 etypes {aes256-cts-hmac-sha1-96(18), aes128-cts-hmac-sha1-96(17), aes256-cts-hmac-sha384-192(20), aes128-cts-hmac-sha256-128(19), DEPRECATED:des3-cbc-sha1(16), DEPRECATED:arcfour-hmac(23)}) 172.18.0.4: ISSUE: authtime 1675151603, etypes {rep=aes256-cts-hmac-sha1-96(18), tkt=aes256-cts-hmac-sha1-96(18), ses=aes256-cts-hmac-sha1-96(18)}, testuser/scm@EXAMPLE.COM for om/om@EXAMPLE.COM
kdc_1       | Jan 31 07:53:53 kdc krb5kdc[7](info): TGS_REQ (6 etypes {aes256-cts-hmac-sha1-96(18), aes128-cts-hmac-sha1-96(17), aes256-cts-hmac-sha384-192(20), aes128-cts-hmac-sha256-128(19), DEPRECATED:des3-cbc-sha1(16), DEPRECATED:arcfour-hmac(23)}) 172.18.0.4: ISSUE: authtime 1675151603, etypes {rep=aes256-cts-hmac-sha1-96(18), tkt=aes256-cts-hmac-sha1-96(18), ses=aes256-cts-hmac-sha1-96(18)}, testuser/scm@EXAMPLE.COM for om/om@EXAMPLE.COM
s3g_1       | 2023-01-31 07:46:45,118 [main] INFO server.session: node0 Scavenging every 600000ms
s3g_1       | 2023-01-31 07:46:45,258 [main] INFO server.KerberosAuthenticationHandler: Using keytab /etc/security/keytabs/s3g.keytab, for principal HTTP/s3g@EXAMPLE.COM
scm_1       | 2023-01-31 07:47:06,427 [main] INFO grpc.GrpcConfigKeys: raft.grpc.server.async.request.thread.pool.cached = true (default)
kdc_1       | Jan 31 07:53:59 kdc krb5kdc[7](info): TGS_REQ (6 etypes {aes256-cts-hmac-sha1-96(18), aes128-cts-hmac-sha1-96(17), aes256-cts-hmac-sha384-192(20), aes128-cts-hmac-sha256-128(19), DEPRECATED:des3-cbc-sha1(16), DEPRECATED:arcfour-hmac(23)}) 172.18.0.4: ISSUE: authtime 1675151603, etypes {rep=aes256-cts-hmac-sha1-96(18), tkt=aes256-cts-hmac-sha1-96(18), ses=aes256-cts-hmac-sha1-96(18)}, testuser/scm@EXAMPLE.COM for om/om@EXAMPLE.COM
kdc_1       | Jan 31 07:54:01 kdc krb5kdc[7](info): AS_REQ (8 etypes {aes256-cts-hmac-sha1-96(18), aes128-cts-hmac-sha1-96(17), aes256-cts-hmac-sha384-192(20), aes128-cts-hmac-sha256-128(19), DEPRECATED:des3-cbc-sha1(16), DEPRECATED:arcfour-hmac(23), camellia128-cts-cmac(25), camellia256-cts-cmac(26)}) 172.18.0.4: ISSUE: authtime 1675151641, etypes {rep=aes256-cts-hmac-sha1-96(18), tkt=aes256-cts-hmac-sha1-96(18), ses=aes256-cts-hmac-sha1-96(18)}, testuser/scm@EXAMPLE.COM for krbtgt/EXAMPLE.COM@EXAMPLE.COM
s3g_1       | 2023-01-31 07:46:45,312 [main] INFO handler.ContextHandler: Started o.e.j.s.ServletContextHandler@b672aa8{logs,/logs,file:///var/log/hadoop/,AVAILABLE}
s3g_1       | 2023-01-31 07:46:45,313 [main] INFO handler.ContextHandler: Started o.e.j.s.ServletContextHandler@460f76a6{static,/static,jar:file:/opt/hadoop/share/ozone/lib/ozone-s3gateway-1.4.0-SNAPSHOT.jar!/webapps/static,AVAILABLE}
scm_1       | 2023-01-31 07:47:06,427 [main] INFO grpc.GrpcConfigKeys: raft.grpc.server.async.request.thread.pool.size = 32 (default)
datanode_2  | 
s3g_1       | WARNING: An illegal reflective access operation has occurred
s3g_1       | WARNING: Illegal reflective access by org.jboss.weld.util.reflection.Formats (file:/opt/hadoop/share/ozone/lib/weld-servlet-2.4.7.Final.jar) to constructor com.sun.org.apache.bcel.internal.classfile.ClassParser(java.io.InputStream,java.lang.String)
om_1        | 2023-01-31 07:46:49,092 [main] WARN server.ServerUtils: ozone.om.db.dirs is not configured. We recommend adding this setting. Falling back to ozone.metadata.dirs instead.
om_1        | 2023-01-31 07:46:49,953 [main] INFO proxy.SCMBlockLocationFailoverProxyProvider: Created block location fail-over proxy with 1 nodes: [nodeId=scmNodeId,nodeAddress=scm/172.18.0.4:9863]
om_1        | 2023-01-31 07:46:53,611 [main] INFO retry.RetryInvocationHandler: com.google.protobuf.ServiceException: java.net.ConnectException: Call From om/172.18.0.8 to scm:9863 failed on connection exception: java.net.ConnectException: Connection refused; For more details see:  http://wiki.apache.org/hadoop/ConnectionRefused, while invoking $Proxy31.send over nodeId=scmNodeId,nodeAddress=scm/172.18.0.4:9863 after 1 failover attempts. Trying to failover after sleeping for 2000ms.
recon_1     | 2023-01-31 07:47:08,145 [main] INFO retry.RetryInvocationHandler: com.google.protobuf.ServiceException: java.net.ConnectException: Call From recon/172.18.0.3 to scm:9961 failed on connection exception: java.net.ConnectException: Connection refused; For more details see:  http://wiki.apache.org/hadoop/ConnectionRefused, while invoking $Proxy39.submitRequest over nodeId=scmNodeId,nodeAddress=scm/172.18.0.4:9961 after 4 failover attempts. Trying to failover after sleeping for 2000ms.
recon_1     | 2023-01-31 07:47:10,147 [main] INFO retry.RetryInvocationHandler: com.google.protobuf.ServiceException: java.net.ConnectException: Call From recon/172.18.0.3 to scm:9961 failed on connection exception: java.net.ConnectException: Connection refused; For more details see:  http://wiki.apache.org/hadoop/ConnectionRefused, while invoking $Proxy39.submitRequest over nodeId=scmNodeId,nodeAddress=scm/172.18.0.4:9961 after 5 failover attempts. Trying to failover after sleeping for 2000ms.
datanode_2  | [2]: ObjectId: 2.5.29.17 Criticality=false
s3g_1       | WARNING: Please consider reporting this to the maintainers of org.jboss.weld.util.reflection.Formats
s3g_1       | WARNING: Use --illegal-access=warn to enable warnings of further illegal reflective access operations
om_1        | 2023-01-31 07:46:55,613 [main] INFO retry.RetryInvocationHandler: com.google.protobuf.ServiceException: java.net.ConnectException: Call From om/172.18.0.8 to scm:9863 failed on connection exception: java.net.ConnectException: Connection refused; For more details see:  http://wiki.apache.org/hadoop/ConnectionRefused, while invoking $Proxy31.send over nodeId=scmNodeId,nodeAddress=scm/172.18.0.4:9863 after 2 failover attempts. Trying to failover after sleeping for 2000ms.
om_1        | 2023-01-31 07:46:57,615 [main] INFO retry.RetryInvocationHandler: com.google.protobuf.ServiceException: java.net.ConnectException: Call From om/172.18.0.8 to scm:9863 failed on connection exception: java.net.ConnectException: Connection refused; For more details see:  http://wiki.apache.org/hadoop/ConnectionRefused, while invoking $Proxy31.send over nodeId=scmNodeId,nodeAddress=scm/172.18.0.4:9863 after 3 failover attempts. Trying to failover after sleeping for 2000ms.
recon_1     | 2023-01-31 07:47:12,149 [main] INFO retry.RetryInvocationHandler: com.google.protobuf.ServiceException: java.net.ConnectException: Call From recon/172.18.0.3 to scm:9961 failed on connection exception: java.net.ConnectException: Connection refused; For more details see:  http://wiki.apache.org/hadoop/ConnectionRefused, while invoking $Proxy39.submitRequest over nodeId=scmNodeId,nodeAddress=scm/172.18.0.4:9961 after 6 failover attempts. Trying to failover after sleeping for 2000ms.
kdc_1       | Jan 31 07:54:07 kdc krb5kdc[7](info): TGS_REQ (6 etypes {aes256-cts-hmac-sha1-96(18), aes128-cts-hmac-sha1-96(17), aes256-cts-hmac-sha384-192(20), aes128-cts-hmac-sha256-128(19), DEPRECATED:des3-cbc-sha1(16), DEPRECATED:arcfour-hmac(23)}) 172.18.0.4: ISSUE: authtime 1675151641, etypes {rep=aes256-cts-hmac-sha1-96(18), tkt=aes256-cts-hmac-sha1-96(18), ses=aes256-cts-hmac-sha1-96(18)}, testuser/scm@EXAMPLE.COM for om/om@EXAMPLE.COM
scm_1       | 2023-01-31 07:47:06,751 [main] INFO impl.DataStreamServerImpl: raft.datastream.type = NETTY (custom)
datanode_2  | SubjectAlternativeName [
datanode_1  | 	at org.apache.hadoop.hdds.ratis.ServerNotLeaderException.convertToNotLeaderException(ServerNotLeaderException.java:109)
datanode_1  | 	at org.apache.hadoop.hdds.scm.ha.RatisUtil.checkRatisException(RatisUtil.java:246)
datanode_1  | 	at org.apache.hadoop.hdds.scm.protocol.SCMSecurityProtocolServerSideTranslatorPB.submitRequest(SCMSecurityProtocolServerSideTranslatorPB.java:93)
om_1        | 2023-01-31 07:46:59,616 [main] INFO retry.RetryInvocationHandler: com.google.protobuf.ServiceException: java.net.ConnectException: Call From om/172.18.0.8 to scm:9863 failed on connection exception: java.net.ConnectException: Connection refused; For more details see:  http://wiki.apache.org/hadoop/ConnectionRefused, while invoking $Proxy31.send over nodeId=scmNodeId,nodeAddress=scm/172.18.0.4:9863 after 4 failover attempts. Trying to failover after sleeping for 2000ms.
scm_1       | 2023-01-31 07:47:06,766 [main] INFO metrics.MetricRegistries: Loaded MetricRegistries class org.apache.ratis.metrics.impl.MetricRegistriesImpl
datanode_2  |   IPAddress: 172.18.0.9
datanode_3  | , while invoking $Proxy18.submitRequest over nodeId=scmNodeId,nodeAddress=scm/172.18.0.4:9961 after 12 failover attempts. Trying to failover after sleeping for 2000ms.
datanode_3  | 2023-01-31 07:47:27,512 [main] INFO retry.RetryInvocationHandler: com.google.protobuf.ServiceException: org.apache.hadoop.ipc.RemoteException(org.apache.hadoop.hdds.ratis.ServerNotLeaderException): Server:6dfb726e-350e-430b-835b-cf79da791979 is not the leader. Could not determine the leader node.
datanode_1  | 	at org.apache.hadoop.hdds.protocol.proto.SCMSecurityProtocolProtos$SCMSecurityProtocolService$2.callBlockingMethod(SCMSecurityProtocolProtos.java:16080)
om_1        | 2023-01-31 07:47:01,618 [main] INFO retry.RetryInvocationHandler: com.google.protobuf.ServiceException: java.net.ConnectException: Call From om/172.18.0.8 to scm:9863 failed on connection exception: java.net.ConnectException: Connection refused; For more details see:  http://wiki.apache.org/hadoop/ConnectionRefused, while invoking $Proxy31.send over nodeId=scmNodeId,nodeAddress=scm/172.18.0.4:9863 after 5 failover attempts. Trying to failover after sleeping for 2000ms.
recon_1     | 2023-01-31 07:47:14,151 [main] INFO retry.RetryInvocationHandler: com.google.protobuf.ServiceException: java.net.ConnectException: Call From recon/172.18.0.3 to scm:9961 failed on connection exception: java.net.ConnectException: Connection refused; For more details see:  http://wiki.apache.org/hadoop/ConnectionRefused, while invoking $Proxy39.submitRequest over nodeId=scmNodeId,nodeAddress=scm/172.18.0.4:9961 after 7 failover attempts. Trying to failover after sleeping for 2000ms.
recon_1     | 2023-01-31 07:47:16,153 [main] INFO retry.RetryInvocationHandler: com.google.protobuf.ServiceException: java.net.ConnectException: Call From recon/172.18.0.3 to scm:9961 failed on connection exception: java.net.ConnectException: Connection refused; For more details see:  http://wiki.apache.org/hadoop/ConnectionRefused, while invoking $Proxy39.submitRequest over nodeId=scmNodeId,nodeAddress=scm/172.18.0.4:9961 after 8 failover attempts. Trying to failover after sleeping for 2000ms.
scm_1       | 2023-01-31 07:47:06,908 [main] INFO server.RaftServerConfigKeys: raft.server.data-stream.async.request.thread.pool.cached = false (default)
datanode_2  | ]
datanode_3  | 	at org.apache.hadoop.hdds.ratis.ServerNotLeaderException.convertToNotLeaderException(ServerNotLeaderException.java:109)
datanode_3  | 	at org.apache.hadoop.hdds.scm.ha.RatisUtil.checkRatisException(RatisUtil.java:246)
datanode_1  | 	at org.apache.hadoop.ipc.ProtobufRpcEngine$Server.processCall(ProtobufRpcEngine.java:465)
om_1        | 2023-01-31 07:47:03,626 [main] INFO retry.RetryInvocationHandler: com.google.protobuf.ServiceException: java.net.ConnectException: Call From om/172.18.0.8 to scm:9863 failed on connection exception: java.net.ConnectException: Connection refused; For more details see:  http://wiki.apache.org/hadoop/ConnectionRefused, while invoking $Proxy31.send over nodeId=scmNodeId,nodeAddress=scm/172.18.0.4:9863 after 6 failover attempts. Trying to failover after sleeping for 2000ms.
recon_1     | 2023-01-31 07:47:18,155 [main] INFO retry.RetryInvocationHandler: com.google.protobuf.ServiceException: java.net.ConnectException: Call From recon/172.18.0.3 to scm:9961 failed on connection exception: java.net.ConnectException: Connection refused; For more details see:  http://wiki.apache.org/hadoop/ConnectionRefused, while invoking $Proxy39.submitRequest over nodeId=scmNodeId,nodeAddress=scm/172.18.0.4:9961 after 9 failover attempts. Trying to failover after sleeping for 2000ms.
kdc_1       | Jan 31 07:54:14 kdc krb5kdc[7](info): TGS_REQ (6 etypes {aes256-cts-hmac-sha1-96(18), aes128-cts-hmac-sha1-96(17), aes256-cts-hmac-sha384-192(20), aes128-cts-hmac-sha256-128(19), DEPRECATED:des3-cbc-sha1(16), DEPRECATED:arcfour-hmac(23)}) 172.18.0.4: ISSUE: authtime 1675151641, etypes {rep=aes256-cts-hmac-sha1-96(18), tkt=aes256-cts-hmac-sha1-96(18), ses=aes256-cts-hmac-sha1-96(18)}, testuser/scm@EXAMPLE.COM for om/om@EXAMPLE.COM
scm_1       | 2023-01-31 07:47:06,915 [main] INFO server.RaftServerConfigKeys: raft.server.data-stream.async.request.thread.pool.size = 32 (default)
datanode_2  | 
datanode_3  | 	at org.apache.hadoop.hdds.scm.protocol.SCMSecurityProtocolServerSideTranslatorPB.submitRequest(SCMSecurityProtocolServerSideTranslatorPB.java:93)
s3g_1       | WARNING: All illegal access operations will be denied in a future release
datanode_1  | 	at org.apache.hadoop.ipc.ProtobufRpcEngine2$Server$ProtoBufRpcInvoker.call(ProtobufRpcEngine2.java:578)
datanode_1  | 	at org.apache.hadoop.ipc.ProtobufRpcEngine2$Server$ProtoBufRpcInvoker.call(ProtobufRpcEngine2.java:556)
kdc_1       | Jan 31 07:54:20 kdc krb5kdc[7](info): TGS_REQ (6 etypes {aes256-cts-hmac-sha1-96(18), aes128-cts-hmac-sha1-96(17), aes256-cts-hmac-sha384-192(20), aes128-cts-hmac-sha256-128(19), DEPRECATED:des3-cbc-sha1(16), DEPRECATED:arcfour-hmac(23)}) 172.18.0.4: ISSUE: authtime 1675151641, etypes {rep=aes256-cts-hmac-sha1-96(18), tkt=aes256-cts-hmac-sha1-96(18), ses=aes256-cts-hmac-sha1-96(18)}, testuser/scm@EXAMPLE.COM for om/om@EXAMPLE.COM
scm_1       | 2023-01-31 07:47:06,918 [main] INFO server.RaftServerConfigKeys: raft.server.data-stream.async.write.thread.pool.size = 16 (default)
datanode_2  | ]
datanode_3  | 	at org.apache.hadoop.hdds.protocol.proto.SCMSecurityProtocolProtos$SCMSecurityProtocolService$2.callBlockingMethod(SCMSecurityProtocolProtos.java:16080)
datanode_1  | 	at org.apache.hadoop.ipc.RPC$Server.call(RPC.java:1093)
recon_1     | 2023-01-31 07:47:20,157 [main] INFO retry.RetryInvocationHandler: com.google.protobuf.ServiceException: java.net.ConnectException: Call From recon/172.18.0.3 to scm:9961 failed on connection exception: java.net.ConnectException: Connection refused; For more details see:  http://wiki.apache.org/hadoop/ConnectionRefused, while invoking $Proxy39.submitRequest over nodeId=scmNodeId,nodeAddress=scm/172.18.0.4:9961 after 10 failover attempts. Trying to failover after sleeping for 2000ms.
s3g_1       | 2023-01-31 07:47:00,460 [main] INFO server.KerberosAuthenticationHandler: Using keytab /etc/security/keytabs/s3g.keytab, for principal HTTP/s3g@EXAMPLE.COM
kdc_1       | Jan 31 07:54:26 kdc krb5kdc[7](info): TGS_REQ (6 etypes {aes256-cts-hmac-sha1-96(18), aes128-cts-hmac-sha1-96(17), aes256-cts-hmac-sha384-192(20), aes128-cts-hmac-sha256-128(19), DEPRECATED:des3-cbc-sha1(16), DEPRECATED:arcfour-hmac(23)}) 172.18.0.4: ISSUE: authtime 1675151641, etypes {rep=aes256-cts-hmac-sha1-96(18), tkt=aes256-cts-hmac-sha1-96(18), ses=aes256-cts-hmac-sha1-96(18)}, testuser/scm@EXAMPLE.COM for om/om@EXAMPLE.COM
om_1        | 2023-01-31 07:47:05,629 [main] INFO retry.RetryInvocationHandler: com.google.protobuf.ServiceException: java.net.ConnectException: Call From om/172.18.0.8 to scm:9863 failed on connection exception: java.net.ConnectException: Connection refused; For more details see:  http://wiki.apache.org/hadoop/ConnectionRefused, while invoking $Proxy31.send over nodeId=scmNodeId,nodeAddress=scm/172.18.0.4:9863 after 7 failover attempts. Trying to failover after sleeping for 2000ms.
om_1        | 2023-01-31 07:47:07,632 [main] INFO retry.RetryInvocationHandler: com.google.protobuf.ServiceException: java.net.ConnectException: Call From om/172.18.0.8 to scm:9863 failed on connection exception: java.net.ConnectException: Connection refused; For more details see:  http://wiki.apache.org/hadoop/ConnectionRefused, while invoking $Proxy31.send over nodeId=scmNodeId,nodeAddress=scm/172.18.0.4:9863 after 8 failover attempts. Trying to failover after sleeping for 2000ms.
om_1        | 2023-01-31 07:47:09,634 [main] INFO retry.RetryInvocationHandler: com.google.protobuf.ServiceException: java.net.ConnectException: Call From om/172.18.0.8 to scm:9863 failed on connection exception: java.net.ConnectException: Connection refused; For more details see:  http://wiki.apache.org/hadoop/ConnectionRefused, while invoking $Proxy31.send over nodeId=scmNodeId,nodeAddress=scm/172.18.0.4:9863 after 9 failover attempts. Trying to failover after sleeping for 2000ms.
s3g_1       | Jan 31, 2023 7:47:03 AM org.glassfish.jersey.internal.Errors logErrors
datanode_2  |   Algorithm: [SHA256withRSA]
datanode_2  |   Signature:
datanode_3  | 	at org.apache.hadoop.ipc.ProtobufRpcEngine$Server.processCall(ProtobufRpcEngine.java:465)
kdc_1       | Jan 31 07:54:28 kdc krb5kdc[7](info): AS_REQ (8 etypes {aes256-cts-hmac-sha1-96(18), aes128-cts-hmac-sha1-96(17), aes256-cts-hmac-sha384-192(20), aes128-cts-hmac-sha256-128(19), DEPRECATED:des3-cbc-sha1(16), DEPRECATED:arcfour-hmac(23), camellia128-cts-cmac(25), camellia256-cts-cmac(26)}) 172.18.0.4: ISSUE: authtime 1675151668, etypes {rep=aes256-cts-hmac-sha1-96(18), tkt=aes256-cts-hmac-sha1-96(18), ses=aes256-cts-hmac-sha1-96(18)}, testuser/scm@EXAMPLE.COM for krbtgt/EXAMPLE.COM@EXAMPLE.COM
om_1        | 2023-01-31 07:47:11,635 [main] INFO retry.RetryInvocationHandler: com.google.protobuf.ServiceException: java.net.ConnectException: Call From om/172.18.0.8 to scm:9863 failed on connection exception: java.net.ConnectException: Connection refused; For more details see:  http://wiki.apache.org/hadoop/ConnectionRefused, while invoking $Proxy31.send over nodeId=scmNodeId,nodeAddress=scm/172.18.0.4:9863 after 10 failover attempts. Trying to failover after sleeping for 2000ms.
om_1        | 2023-01-31 07:47:13,637 [main] INFO retry.RetryInvocationHandler: com.google.protobuf.ServiceException: java.net.ConnectException: Call From om/172.18.0.8 to scm:9863 failed on connection exception: java.net.ConnectException: Connection refused; For more details see:  http://wiki.apache.org/hadoop/ConnectionRefused, while invoking $Proxy31.send over nodeId=scmNodeId,nodeAddress=scm/172.18.0.4:9863 after 11 failover attempts. Trying to failover after sleeping for 2000ms.
om_1        | 2023-01-31 07:47:15,640 [main] INFO retry.RetryInvocationHandler: com.google.protobuf.ServiceException: java.net.ConnectException: Call From om/172.18.0.8 to scm:9863 failed on connection exception: java.net.ConnectException: Connection refused; For more details see:  http://wiki.apache.org/hadoop/ConnectionRefused, while invoking $Proxy31.send over nodeId=scmNodeId,nodeAddress=scm/172.18.0.4:9863 after 12 failover attempts. Trying to failover after sleeping for 2000ms.
s3g_1       | WARNING: The following warnings have been detected: WARNING: A HTTP GET method, public javax.ws.rs.core.Response org.apache.hadoop.ozone.s3.endpoint.ObjectEndpoint.get(java.lang.String,java.lang.String,java.lang.String,int,java.lang.String,java.io.InputStream) throws java.io.IOException,org.apache.hadoop.ozone.s3.exception.OS3Exception, should not consume any entity.
datanode_2  | 0000: 94 90 AB C1 11 43 0F F1   C6 07 18 31 EB B8 63 A2  .....C.....1..c.
datanode_2  | 0010: E6 F4 79 7C CF 77 73 FA   9A FC 9D A3 BC AC D5 40  ..y..ws........@
datanode_3  | 	at org.apache.hadoop.ipc.ProtobufRpcEngine2$Server$ProtoBufRpcInvoker.call(ProtobufRpcEngine2.java:578)
kdc_1       | Jan 31 07:54:28 kdc krb5kdc[7](info): AS_REQ (8 etypes {aes256-cts-hmac-sha1-96(18), aes128-cts-hmac-sha1-96(17), aes256-cts-hmac-sha384-192(20), aes128-cts-hmac-sha256-128(19), DEPRECATED:des3-cbc-sha1(16), DEPRECATED:arcfour-hmac(23), camellia128-cts-cmac(25), camellia256-cts-cmac(26)}) 172.18.0.4: ISSUE: authtime 1675151668, etypes {rep=aes256-cts-hmac-sha1-96(18), tkt=aes256-cts-hmac-sha1-96(18), ses=aes256-cts-hmac-sha1-96(18)}, testuser2/scm@EXAMPLE.COM for krbtgt/EXAMPLE.COM@EXAMPLE.COM
kdc_1       | Jan 31 07:54:34 kdc krb5kdc[7](info): TGS_REQ (6 etypes {aes256-cts-hmac-sha1-96(18), aes128-cts-hmac-sha1-96(17), aes256-cts-hmac-sha384-192(20), aes128-cts-hmac-sha256-128(19), DEPRECATED:des3-cbc-sha1(16), DEPRECATED:arcfour-hmac(23)}) 172.18.0.4: ISSUE: authtime 1675151668, etypes {rep=aes256-cts-hmac-sha1-96(18), tkt=aes256-cts-hmac-sha1-96(18), ses=aes256-cts-hmac-sha1-96(18)}, testuser2/scm@EXAMPLE.COM for om/om@EXAMPLE.COM
kdc_1       | Jan 31 07:54:35 kdc krb5kdc[7](info): AS_REQ (8 etypes {aes256-cts-hmac-sha1-96(18), aes128-cts-hmac-sha1-96(17), aes256-cts-hmac-sha384-192(20), aes128-cts-hmac-sha256-128(19), DEPRECATED:des3-cbc-sha1(16), DEPRECATED:arcfour-hmac(23), camellia128-cts-cmac(25), camellia256-cts-cmac(26)}) 172.18.0.4: ISSUE: authtime 1675151675, etypes {rep=aes256-cts-hmac-sha1-96(18), tkt=aes256-cts-hmac-sha1-96(18), ses=aes256-cts-hmac-sha1-96(18)}, testuser/scm@EXAMPLE.COM for krbtgt/EXAMPLE.COM@EXAMPLE.COM
kdc_1       | Jan 31 07:54:35 kdc krb5kdc[7](info): AS_REQ (8 etypes {aes256-cts-hmac-sha1-96(18), aes128-cts-hmac-sha1-96(17), aes256-cts-hmac-sha384-192(20), aes128-cts-hmac-sha256-128(19), DEPRECATED:des3-cbc-sha1(16), DEPRECATED:arcfour-hmac(23), camellia128-cts-cmac(25), camellia256-cts-cmac(26)}) 172.18.0.4: ISSUE: authtime 1675151675, etypes {rep=aes256-cts-hmac-sha1-96(18), tkt=aes256-cts-hmac-sha1-96(18), ses=aes256-cts-hmac-sha1-96(18)}, testuser2/scm@EXAMPLE.COM for krbtgt/EXAMPLE.COM@EXAMPLE.COM
recon_1     | 2023-01-31 07:47:25,554 [main] INFO retry.RetryInvocationHandler: com.google.protobuf.ServiceException: org.apache.hadoop.ipc.RemoteException(org.apache.hadoop.hdds.ratis.ServerNotLeaderException): Server:6dfb726e-350e-430b-835b-cf79da791979 is not the leader. Could not determine the leader node.
recon_1     | 	at org.apache.hadoop.hdds.ratis.ServerNotLeaderException.convertToNotLeaderException(ServerNotLeaderException.java:109)
recon_1     | 	at org.apache.hadoop.hdds.scm.ha.RatisUtil.checkRatisException(RatisUtil.java:246)
recon_1     | 	at org.apache.hadoop.hdds.scm.protocol.SCMSecurityProtocolServerSideTranslatorPB.submitRequest(SCMSecurityProtocolServerSideTranslatorPB.java:93)
datanode_1  | 	at org.apache.hadoop.ipc.Server$RpcCall.run(Server.java:1043)
s3g_1       | 
om_1        | 2023-01-31 07:47:17,642 [main] INFO retry.RetryInvocationHandler: com.google.protobuf.ServiceException: java.net.ConnectException: Call From om/172.18.0.8 to scm:9863 failed on connection exception: java.net.ConnectException: Connection refused; For more details see:  http://wiki.apache.org/hadoop/ConnectionRefused, while invoking $Proxy31.send over nodeId=scmNodeId,nodeAddress=scm/172.18.0.4:9863 after 13 failover attempts. Trying to failover after sleeping for 2000ms.
om_1        | 2023-01-31 07:47:19,644 [main] INFO retry.RetryInvocationHandler: com.google.protobuf.ServiceException: java.net.ConnectException: Call From om/172.18.0.8 to scm:9863 failed on connection exception: java.net.ConnectException: Connection refused; For more details see:  http://wiki.apache.org/hadoop/ConnectionRefused, while invoking $Proxy31.send over nodeId=scmNodeId,nodeAddress=scm/172.18.0.4:9863 after 14 failover attempts. Trying to failover after sleeping for 2000ms.
om_1        | 2023-01-31 07:47:21,652 [main] INFO retry.RetryInvocationHandler: com.google.protobuf.ServiceException: java.net.ConnectException: Call From om/172.18.0.8 to scm:9863 failed on connection exception: java.net.ConnectException: Connection refused; For more details see:  http://wiki.apache.org/hadoop/ConnectionRefused, while invoking $Proxy31.send over nodeId=scmNodeId,nodeAddress=scm/172.18.0.4:9863 after 15 failover attempts. Trying to failover after sleeping for 2000ms.
om_1        | 2023-01-31 07:47:25,456 [main] INFO retry.RetryInvocationHandler: com.google.protobuf.ServiceException: org.apache.hadoop.ipc.RemoteException(org.apache.hadoop.hdds.ratis.ServerNotLeaderException): Server:6dfb726e-350e-430b-835b-cf79da791979 is not the leader. Could not determine the leader node.
datanode_3  | 	at org.apache.hadoop.ipc.ProtobufRpcEngine2$Server$ProtoBufRpcInvoker.call(ProtobufRpcEngine2.java:556)
scm_1       | 2023-01-31 07:47:06,924 [main] INFO server.RaftServerConfigKeys: raft.server.data-stream.client.pool.size = 10 (default)
kdc_1       | Jan 31 07:54:41 kdc krb5kdc[7](info): TGS_REQ (6 etypes {aes256-cts-hmac-sha1-96(18), aes128-cts-hmac-sha1-96(17), aes256-cts-hmac-sha384-192(20), aes128-cts-hmac-sha256-128(19), DEPRECATED:des3-cbc-sha1(16), DEPRECATED:arcfour-hmac(23)}) 172.18.0.4: ISSUE: authtime 1675151675, etypes {rep=aes256-cts-hmac-sha1-96(18), tkt=aes256-cts-hmac-sha1-96(18), ses=aes256-cts-hmac-sha1-96(18)}, testuser2/scm@EXAMPLE.COM for om/om@EXAMPLE.COM
s3g_1       | 2023-01-31 07:47:03,516 [main] INFO handler.ContextHandler: Started o.e.j.w.WebAppContext@60a4e619{s3gateway,/,file:///tmp/jetty-0_0_0_0-9878-ozone-s3gateway-1_4_0-SNAPSHOT_jar-_-any-475647158404517589/webapp/,AVAILABLE}{jar:file:/opt/hadoop/share/ozone/lib/ozone-s3gateway-1.4.0-SNAPSHOT.jar!/webapps/s3gateway}
recon_1     | 	at org.apache.hadoop.hdds.protocol.proto.SCMSecurityProtocolProtos$SCMSecurityProtocolService$2.callBlockingMethod(SCMSecurityProtocolProtos.java:16080)
datanode_3  | 	at org.apache.hadoop.ipc.RPC$Server.call(RPC.java:1093)
scm_1       | 2023-01-31 07:47:06,934 [main] INFO netty.NettyConfigKeys$DataStream: raft.netty.dataStream.server.use-epoll = false (default)
kdc_1       | Jan 31 07:54:42 kdc krb5kdc[7](info): AS_REQ (8 etypes {aes256-cts-hmac-sha1-96(18), aes128-cts-hmac-sha1-96(17), aes256-cts-hmac-sha384-192(20), aes128-cts-hmac-sha256-128(19), DEPRECATED:des3-cbc-sha1(16), DEPRECATED:arcfour-hmac(23), camellia128-cts-cmac(25), camellia256-cts-cmac(26)}) 172.18.0.4: ISSUE: authtime 1675151682, etypes {rep=aes256-cts-hmac-sha1-96(18), tkt=aes256-cts-hmac-sha1-96(18), ses=aes256-cts-hmac-sha1-96(18)}, testuser/scm@EXAMPLE.COM for krbtgt/EXAMPLE.COM@EXAMPLE.COM
s3g_1       | 2023-01-31 07:47:03,605 [main] INFO server.AbstractConnector: Started ServerConnector@5398edd0{HTTP/1.1, (http/1.1)}{0.0.0.0:9878}
scm_1       | 2023-01-31 07:47:06,937 [main] INFO netty.NettyConfigKeys$DataStream: raft.netty.dataStream.server.boss-group.size = 0 (default)
kdc_1       | Jan 31 07:54:42 kdc krb5kdc[7](info): AS_REQ (8 etypes {aes256-cts-hmac-sha1-96(18), aes128-cts-hmac-sha1-96(17), aes256-cts-hmac-sha384-192(20), aes128-cts-hmac-sha256-128(19), DEPRECATED:des3-cbc-sha1(16), DEPRECATED:arcfour-hmac(23), camellia128-cts-cmac(25), camellia256-cts-cmac(26)}) 172.18.0.4: ISSUE: authtime 1675151682, etypes {rep=aes256-cts-hmac-sha1-96(18), tkt=aes256-cts-hmac-sha1-96(18), ses=aes256-cts-hmac-sha1-96(18)}, testuser2/scm@EXAMPLE.COM for krbtgt/EXAMPLE.COM@EXAMPLE.COM
datanode_3  | 	at org.apache.hadoop.ipc.Server$RpcCall.run(Server.java:1043)
datanode_3  | 	at org.apache.hadoop.ipc.Server$RpcCall.run(Server.java:971)
scm_1       | 2023-01-31 07:47:06,945 [main] INFO netty.NettyConfigKeys$DataStream: raft.netty.dataStream.server.worker-group.size = 0 (default)
kdc_1       | Jan 31 07:54:47 kdc krb5kdc[7](info): TGS_REQ (6 etypes {aes256-cts-hmac-sha1-96(18), aes128-cts-hmac-sha1-96(17), aes256-cts-hmac-sha384-192(20), aes128-cts-hmac-sha256-128(19), DEPRECATED:des3-cbc-sha1(16), DEPRECATED:arcfour-hmac(23)}) 172.18.0.4: ISSUE: authtime 1675151682, etypes {rep=aes256-cts-hmac-sha1-96(18), tkt=aes256-cts-hmac-sha1-96(18), ses=aes256-cts-hmac-sha1-96(18)}, testuser2/scm@EXAMPLE.COM for om/om@EXAMPLE.COM
s3g_1       | 2023-01-31 07:47:03,607 [main] INFO server.Server: Started @41623ms
s3g_1       | 2023-01-31 07:47:03,613 [main] INFO impl.MetricsSinkAdapter: Sink prometheus started
scm_1       | 2023-01-31 07:47:06,949 [main] INFO netty.NettyConfigKeys$DataStream: raft.netty.dataStream.server.tls.conf = null (default)
kdc_1       | Jan 31 07:54:54 kdc krb5kdc[7](info): TGS_REQ (6 etypes {aes256-cts-hmac-sha1-96(18), aes128-cts-hmac-sha1-96(17), aes256-cts-hmac-sha384-192(20), aes128-cts-hmac-sha256-128(19), DEPRECATED:des3-cbc-sha1(16), DEPRECATED:arcfour-hmac(23)}) 172.18.0.4: ISSUE: authtime 1675151682, etypes {rep=aes256-cts-hmac-sha1-96(18), tkt=aes256-cts-hmac-sha1-96(18), ses=aes256-cts-hmac-sha1-96(18)}, testuser2/scm@EXAMPLE.COM for om/om@EXAMPLE.COM
datanode_3  | 	at java.base/java.security.AccessController.doPrivileged(Native Method)
s3g_1       | 2023-01-31 07:47:03,613 [main] INFO impl.MetricsSystemImpl: Registered sink prometheus
s3g_1       | 2023-01-31 07:47:03,615 [main] INFO http.BaseHttpServer: HTTP server of s3gateway listening at http://0.0.0.0:9878
datanode_1  | 	at org.apache.hadoop.ipc.Server$RpcCall.run(Server.java:971)
datanode_1  | 	at java.base/java.security.AccessController.doPrivileged(Native Method)
datanode_1  | 	at java.base/javax.security.auth.Subject.doAs(Subject.java:423)
datanode_1  | 	at org.apache.hadoop.security.UserGroupInformation.doAs(UserGroupInformation.java:1878)
kdc_1       | Jan 31 07:54:55 kdc krb5kdc[7](info): AS_REQ (8 etypes {aes256-cts-hmac-sha1-96(18), aes128-cts-hmac-sha1-96(17), aes256-cts-hmac-sha384-192(20), aes128-cts-hmac-sha256-128(19), DEPRECATED:des3-cbc-sha1(16), DEPRECATED:arcfour-hmac(23), camellia128-cts-cmac(25), camellia256-cts-cmac(26)}) 172.18.0.4: ISSUE: authtime 1675151695, etypes {rep=aes256-cts-hmac-sha1-96(18), tkt=aes256-cts-hmac-sha1-96(18), ses=aes256-cts-hmac-sha1-96(18)}, testuser/scm@EXAMPLE.COM for krbtgt/EXAMPLE.COM@EXAMPLE.COM
datanode_3  | 	at java.base/javax.security.auth.Subject.doAs(Subject.java:423)
scm_1       | 2023-01-31 07:47:06,951 [main] INFO netty.NettyConfigKeys$DataStream: raft.netty.dataStream.host = null (default)
datanode_2  | 0020: EA E8 8C 8B 49 AF 4D FF   10 F4 3B 30 35 40 E7 96  ....I.M...;05@..
datanode_2  | 0030: 7E 74 A2 BD CB C9 75 95   35 71 48 96 FA CD 79 A5  .t....u.5qH...y.
datanode_2  | 0040: E1 56 80 90 CA 59 50 19   11 7E E8 B4 2E 7C E8 A2  .V...YP.........
