kdc_1       | Jan 31 07:55:00 kdc krb5kdc[7](info): TGS_REQ (6 etypes {aes256-cts-hmac-sha1-96(18), aes128-cts-hmac-sha1-96(17), aes256-cts-hmac-sha384-192(20), aes128-cts-hmac-sha256-128(19), DEPRECATED:des3-cbc-sha1(16), DEPRECATED:arcfour-hmac(23)}) 172.18.0.4: ISSUE: authtime 1675151695, etypes {rep=aes256-cts-hmac-sha1-96(18), tkt=aes256-cts-hmac-sha1-96(18), ses=aes256-cts-hmac-sha1-96(18)}, testuser/scm@EXAMPLE.COM for om/om@EXAMPLE.COM
datanode_3  | 	at org.apache.hadoop.security.UserGroupInformation.doAs(UserGroupInformation.java:1878)
datanode_1  | 	at org.apache.hadoop.ipc.Server$Handler.run(Server.java:2976)
scm_1       | 2023-01-31 07:47:06,951 [main] INFO netty.NettyConfigKeys$DataStream: raft.netty.dataStream.port = 0 (default)
datanode_2  | 0050: 6C 75 1A 13 6D 39 DD 76   DC 45 AF 0B 98 3A 7E 5B  lu..m9.v.E...:.[
datanode_2  | 0060: C2 E5 8B 34 B0 40 CA D4   7A 65 E8 90 30 B2 C4 5F  ...4.@..ze..0.._
datanode_2  | 0070: CA 5B C8 79 A0 BA 2C A5   F1 D6 93 8A 6B 8C 49 DE  .[.y..,.....k.I.
kdc_1       | Jan 31 07:55:08 kdc krb5kdc[7](info): TGS_REQ (6 etypes {aes256-cts-hmac-sha1-96(18), aes128-cts-hmac-sha1-96(17), aes256-cts-hmac-sha384-192(20), aes128-cts-hmac-sha256-128(19), DEPRECATED:des3-cbc-sha1(16), DEPRECATED:arcfour-hmac(23)}) 172.18.0.4: ISSUE: authtime 1675151695, etypes {rep=aes256-cts-hmac-sha1-96(18), tkt=aes256-cts-hmac-sha1-96(18), ses=aes256-cts-hmac-sha1-96(18)}, testuser/scm@EXAMPLE.COM for om/om@EXAMPLE.COM
kdc_1       | Jan 31 07:55:14 kdc krb5kdc[7](info): TGS_REQ (6 etypes {aes256-cts-hmac-sha1-96(18), aes128-cts-hmac-sha1-96(17), aes256-cts-hmac-sha384-192(20), aes128-cts-hmac-sha256-128(19), DEPRECATED:des3-cbc-sha1(16), DEPRECATED:arcfour-hmac(23)}) 172.18.0.4: ISSUE: authtime 1675151695, etypes {rep=aes256-cts-hmac-sha1-96(18), tkt=aes256-cts-hmac-sha1-96(18), ses=aes256-cts-hmac-sha1-96(18)}, testuser/scm@EXAMPLE.COM for om/om@EXAMPLE.COM
kdc_1       | Jan 31 07:55:20 kdc krb5kdc[7](info): TGS_REQ (6 etypes {aes256-cts-hmac-sha1-96(18), aes128-cts-hmac-sha1-96(17), aes256-cts-hmac-sha384-192(20), aes128-cts-hmac-sha256-128(19), DEPRECATED:des3-cbc-sha1(16), DEPRECATED:arcfour-hmac(23)}) 172.18.0.4: ISSUE: authtime 1675151695, etypes {rep=aes256-cts-hmac-sha1-96(18), tkt=aes256-cts-hmac-sha1-96(18), ses=aes256-cts-hmac-sha1-96(18)}, testuser/scm@EXAMPLE.COM for om/om@EXAMPLE.COM
datanode_1  | , while invoking $Proxy18.submitRequest over nodeId=scmNodeId,nodeAddress=scm/172.18.0.4:9961 after 13 failover attempts. Trying to failover after sleeping for 2000ms.
scm_1       | 2023-01-31 07:47:07,025 [main] INFO server.RaftServerConfigKeys: raft.server.threadpool.proxy.cached = true (default)
datanode_2  | 0080: A1 A8 5A 5E 1C 61 E0 55   7D 8C DC 58 8C EA 41 85  ..Z^.a.U...X..A.
om_1        | 	at org.apache.hadoop.hdds.ratis.ServerNotLeaderException.convertToNotLeaderException(ServerNotLeaderException.java:109)
recon_1     | 	at org.apache.hadoop.ipc.ProtobufRpcEngine$Server.processCall(ProtobufRpcEngine.java:465)
scm_1       | 2023-01-31 07:47:07,027 [main] INFO server.RaftServerConfigKeys: raft.server.threadpool.proxy.size = 0 (default)
datanode_2  | 0090: 5E 80 9C 2E 66 31 09 D4   17 79 FF 5D 7F 0D D3 B8  ^...f1...y.]....
datanode_2  | 00A0: 1A 6A 8B BA 91 8B B8 DB   50 33 C9 FA 0E F5 16 F3  .j......P3......
datanode_2  | 00B0: 37 4E 84 47 B6 42 12 2A   0A EA 50 04 84 5E 16 14  7N.G.B.*..P..^..
datanode_2  | 00C0: 12 D3 66 B8 E8 5C 63 5F   17 FC AD EF C9 EB C0 80  ..f..\c_........
datanode_2  | 00D0: 1B BF 63 EF 37 B6 9A 0A   4E 85 92 BC 49 E4 35 7F  ..c.7...N...I.5.
datanode_3  | 	at org.apache.hadoop.ipc.Server$Handler.run(Server.java:2976)
kdc_1       | Jan 31 07:55:21 kdc krb5kdc[7](info): AS_REQ (8 etypes {aes256-cts-hmac-sha1-96(18), aes128-cts-hmac-sha1-96(17), aes256-cts-hmac-sha384-192(20), aes128-cts-hmac-sha256-128(19), DEPRECATED:des3-cbc-sha1(16), DEPRECATED:arcfour-hmac(23), camellia128-cts-cmac(25), camellia256-cts-cmac(26)}) 172.18.0.4: ISSUE: authtime 1675151721, etypes {rep=aes256-cts-hmac-sha1-96(18), tkt=aes256-cts-hmac-sha1-96(18), ses=aes256-cts-hmac-sha1-96(18)}, testuser/scm@EXAMPLE.COM for krbtgt/EXAMPLE.COM@EXAMPLE.COM
scm_1       | 2023-01-31 07:47:07,027 [main] INFO server.RaftServerConfigKeys: raft.server.rpc.slowness.timeout = 120000ms (custom)
datanode_2  | 00E0: 98 3D B8 B2 4D 41 71 5C   08 08 68 3D DA EB 69 BD  .=..MAq\..h=..i.
datanode_2  | 00F0: 84 7D 35 C6 D1 AE FD 7A   BB D4 10 08 24 AF 37 63  ..5....z....$.7c
datanode_2  | 
datanode_2  | ] from file:/data/metadata/dn/certs/488625236405.crt.
datanode_2  | 2023-01-31 07:47:31,579 [main] INFO client.DNCertificateClient: Added certificate [
datanode_3  | , while invoking $Proxy18.submitRequest over nodeId=scmNodeId,nodeAddress=scm/172.18.0.4:9961 after 13 failover attempts. Trying to failover after sleeping for 2000ms.
kdc_1       | Jan 31 07:55:25 kdc krb5kdc[7](info): TGS_REQ (6 etypes {aes256-cts-hmac-sha1-96(18), aes128-cts-hmac-sha1-96(17), aes256-cts-hmac-sha384-192(20), aes128-cts-hmac-sha256-128(19), DEPRECATED:des3-cbc-sha1(16), DEPRECATED:arcfour-hmac(23)}) 172.18.0.4: ISSUE: authtime 1675151721, etypes {rep=aes256-cts-hmac-sha1-96(18), tkt=aes256-cts-hmac-sha1-96(18), ses=aes256-cts-hmac-sha1-96(18)}, testuser/scm@EXAMPLE.COM for om/om@EXAMPLE.COM
scm_1       | 2023-01-31 07:47:07,027 [main] INFO server.RaftServerConfigKeys: raft.server.leaderelection.leader.step-down.wait-time = 10s (default)
datanode_2  | [
datanode_2  |   Version: V3
datanode_2  |   Subject: O=CID-5128c6ec-f311-4d77-b590-370d3e099e21, OU=6dfb726e-350e-430b-835b-cf79da791979, CN=scm-sub@scm
datanode_2  |   Signature Algorithm: SHA256withRSA, OID = 1.2.840.113549.1.1.11
datanode_2  | 
datanode_3  | 2023-01-31 07:47:30,894 [main] INFO client.DNCertificateClient: Loading certificate from location:/data/metadata/dn/certs.
kdc_1       | Jan 31 07:55:32 kdc krb5kdc[7](info): TGS_REQ (6 etypes {aes256-cts-hmac-sha1-96(18), aes128-cts-hmac-sha1-96(17), aes256-cts-hmac-sha384-192(20), aes128-cts-hmac-sha256-128(19), DEPRECATED:des3-cbc-sha1(16), DEPRECATED:arcfour-hmac(23)}) 172.18.0.4: ISSUE: authtime 1675151721, etypes {rep=aes256-cts-hmac-sha1-96(18), tkt=aes256-cts-hmac-sha1-96(18), ses=aes256-cts-hmac-sha1-96(18)}, testuser/scm@EXAMPLE.COM for om/om@EXAMPLE.COM
scm_1       | 2023-01-31 07:47:07,037 [main] INFO server.RaftServerConfigKeys: raft.server.storage.dir = [/data/metadata/scm-ha] (custom)
datanode_2  |   Key:  Sun RSA public key, 2048 bits
datanode_3  | 2023-01-31 07:47:30,970 [main] INFO client.DNCertificateClient: Added certificate [
datanode_3  | [
datanode_3  |   Version: V3
recon_1     | 	at org.apache.hadoop.ipc.ProtobufRpcEngine2$Server$ProtoBufRpcInvoker.call(ProtobufRpcEngine2.java:578)
recon_1     | 	at org.apache.hadoop.ipc.ProtobufRpcEngine2$Server$ProtoBufRpcInvoker.call(ProtobufRpcEngine2.java:556)
recon_1     | 	at org.apache.hadoop.ipc.RPC$Server.call(RPC.java:1093)
recon_1     | 	at org.apache.hadoop.ipc.Server$RpcCall.run(Server.java:1043)
recon_1     | 	at org.apache.hadoop.ipc.Server$RpcCall.run(Server.java:971)
datanode_3  |   Subject: O=CID-5128c6ec-f311-4d77-b590-370d3e099e21, OU=6dfb726e-350e-430b-835b-cf79da791979, CN=scm@scm
scm_1       | 2023-01-31 07:47:07,053 [6dfb726e-350e-430b-835b-cf79da791979-NettyServerStreamRpc-bossGroup--thread1] INFO logging.LoggingHandler: [id: 0x11921b72] REGISTERED
recon_1     | 	at java.base/java.security.AccessController.doPrivileged(Native Method)
om_1        | 	at org.apache.hadoop.hdds.scm.ha.RatisUtil.checkRatisException(RatisUtil.java:246)
om_1        | 	at org.apache.hadoop.hdds.scm.protocol.ScmBlockLocationProtocolServerSideTranslatorPB.send(ScmBlockLocationProtocolServerSideTranslatorPB.java:109)
datanode_3  |   Signature Algorithm: SHA256withRSA, OID = 1.2.840.113549.1.1.11
datanode_2  |   params: null
kdc_1       | Jan 31 07:55:41 kdc krb5kdc[7](info): TGS_REQ (6 etypes {aes256-cts-hmac-sha1-96(18), aes128-cts-hmac-sha1-96(17), aes256-cts-hmac-sha384-192(20), aes128-cts-hmac-sha256-128(19), DEPRECATED:des3-cbc-sha1(16), DEPRECATED:arcfour-hmac(23)}) 172.18.0.4: ISSUE: authtime 1675151721, etypes {rep=aes256-cts-hmac-sha1-96(18), tkt=aes256-cts-hmac-sha1-96(18), ses=aes256-cts-hmac-sha1-96(18)}, testuser/scm@EXAMPLE.COM for om/om@EXAMPLE.COM
scm_1       | 2023-01-31 07:47:07,061 [6dfb726e-350e-430b-835b-cf79da791979-NettyServerStreamRpc-bossGroup--thread1] INFO logging.LoggingHandler: [id: 0x11921b72] BIND: 0.0.0.0/0.0.0.0:0
recon_1     | 	at java.base/javax.security.auth.Subject.doAs(Subject.java:423)
recon_1     | 	at org.apache.hadoop.security.UserGroupInformation.doAs(UserGroupInformation.java:1878)
recon_1     | 	at org.apache.hadoop.ipc.Server$Handler.run(Server.java:2976)
datanode_3  | 
datanode_2  |   modulus: 21839311498419451799433876903294052256117987518486748454425344509701319626060443054483593088214991524142839748338920791686728974018049225065317137235161680219333048021725533961054801273753044216325584875209393757958336911466534467598973117739939090025889161761364484331917543565376987818102646101618742624221922139462478240903980211528392124818767343209865282148575638299705707953189878866510751533355076734455084748058816891331236509420602490956071064271595190837734857306463923270847678378935598367816595968671034414744254962577523006139113115930489491729442469612162892236627521860724497123436434383248602133906293
kdc_1       | Jan 31 07:55:45 kdc krb5kdc[7](info): AS_REQ (8 etypes {aes256-cts-hmac-sha1-96(18), aes128-cts-hmac-sha1-96(17), aes256-cts-hmac-sha384-192(20), aes128-cts-hmac-sha256-128(19), DEPRECATED:des3-cbc-sha1(16), DEPRECATED:arcfour-hmac(23), camellia128-cts-cmac(25), camellia256-cts-cmac(26)}) 172.18.0.4: ISSUE: authtime 1675151745, etypes {rep=aes256-cts-hmac-sha1-96(18), tkt=aes256-cts-hmac-sha1-96(18), ses=aes256-cts-hmac-sha1-96(18)}, testuser/scm@EXAMPLE.COM for krbtgt/EXAMPLE.COM@EXAMPLE.COM
scm_1       | 2023-01-31 07:47:07,063 [main] INFO server.RaftServer: 6dfb726e-350e-430b-835b-cf79da791979: addNew group-370D3E099E21:[6dfb726e-350e-430b-835b-cf79da791979|rpc:scm:9894|priority:0|startupRole:FOLLOWER] returns group-370D3E099E21:java.util.concurrent.CompletableFuture@20a967fe[Not completed]
scm_1       | 2023-01-31 07:47:07,068 [6dfb726e-350e-430b-835b-cf79da791979-NettyServerStreamRpc-bossGroup--thread1] INFO logging.LoggingHandler: [id: 0x11921b72, L:/0.0.0.0:38771] ACTIVE
datanode_1  | 2023-01-31 07:47:31,804 [main] INFO client.DNCertificateClient: Loading certificate from location:/data/metadata/dn/certs.
datanode_1  | 2023-01-31 07:47:31,930 [main] INFO client.DNCertificateClient: Added certificate [
datanode_1  | [
datanode_1  |   Version: V3
datanode_1  |   Subject: O=CID-5128c6ec-f311-4d77-b590-370d3e099e21, OU=6dfb726e-350e-430b-835b-cf79da791979, CN=scm@scm
datanode_1  |   Signature Algorithm: SHA256withRSA, OID = 1.2.840.113549.1.1.11
datanode_1  | 
datanode_1  |   Key:  Sun RSA public key, 2048 bits
datanode_1  |   params: null
datanode_1  |   modulus: 25676308339770250972219436590984425646136236434047221822595011132161233968037993034350491579435918386240707377161976826322160646191473048400368941488234131435849149435679797560506687778467673432563319990491122370230542241955795045376436638063903171948344576341952124074410237013895540216288607458660302565144570139667838403315341858368899581424615666040027512718084905608021622161381528589575068134853393147619255635769481431178194714733898872750115001908286617077411139407275626202967161338165440275783306528399726402541949190654747896983468163650149286860456712986952478232505752835748759510783908172297771387257797
datanode_1  |   public exponent: 65537
datanode_1  |   Validity: [From: Tue Jan 31 00:00:00 UTC 2023,
datanode_1  |                To: Fri Mar 10 00:00:00 UTC 2028]
datanode_1  |   Issuer: O=CID-5128c6ec-f311-4d77-b590-370d3e099e21, OU=6dfb726e-350e-430b-835b-cf79da791979, CN=scm@scm
datanode_1  |   SerialNumber: [    01]
datanode_1  | 
datanode_1  | Certificate Extensions: 3
datanode_1  | [1]: ObjectId: 2.5.29.19 Criticality=true
datanode_1  | BasicConstraints:[
datanode_1  |   CA:true
datanode_1  |   PathLen:2147483647
datanode_1  | ]
datanode_1  | 
datanode_1  | [2]: ObjectId: 2.5.29.15 Criticality=true
datanode_3  |   Key:  Sun RSA public key, 2048 bits
datanode_3  |   params: null
datanode_3  |   modulus: 25676308339770250972219436590984425646136236434047221822595011132161233968037993034350491579435918386240707377161976826322160646191473048400368941488234131435849149435679797560506687778467673432563319990491122370230542241955795045376436638063903171948344576341952124074410237013895540216288607458660302565144570139667838403315341858368899581424615666040027512718084905608021622161381528589575068134853393147619255635769481431178194714733898872750115001908286617077411139407275626202967161338165440275783306528399726402541949190654747896983468163650149286860456712986952478232505752835748759510783908172297771387257797
datanode_3  |   public exponent: 65537
datanode_3  |   Validity: [From: Tue Jan 31 00:00:00 UTC 2023,
datanode_3  |                To: Fri Mar 10 00:00:00 UTC 2028]
datanode_3  |   Issuer: O=CID-5128c6ec-f311-4d77-b590-370d3e099e21, OU=6dfb726e-350e-430b-835b-cf79da791979, CN=scm@scm
datanode_3  |   SerialNumber: [    01]
datanode_3  | 
datanode_1  | KeyUsage [
datanode_1  |   Key_CertSign
om_1        | 	at org.apache.hadoop.hdds.protocol.proto.ScmBlockLocationProtocolProtos$ScmBlockLocationProtocolService$2.callBlockingMethod(ScmBlockLocationProtocolProtos.java:14202)
datanode_3  | Certificate Extensions: 3
datanode_1  |   Crl_Sign
datanode_1  | ]
kdc_1       | Jan 31 07:55:51 kdc krb5kdc[7](info): TGS_REQ (6 etypes {aes256-cts-hmac-sha1-96(18), aes128-cts-hmac-sha1-96(17), aes256-cts-hmac-sha384-192(20), aes128-cts-hmac-sha256-128(19), DEPRECATED:des3-cbc-sha1(16), DEPRECATED:arcfour-hmac(23)}) 172.18.0.4: ISSUE: authtime 1675151745, etypes {rep=aes256-cts-hmac-sha1-96(18), tkt=aes256-cts-hmac-sha1-96(18), ses=aes256-cts-hmac-sha1-96(18)}, testuser/scm@EXAMPLE.COM for om/om@EXAMPLE.COM
om_1        | 	at org.apache.hadoop.ipc.ProtobufRpcEngine$Server.processCall(ProtobufRpcEngine.java:465)
datanode_3  | [1]: ObjectId: 2.5.29.19 Criticality=true
recon_1     | , while invoking $Proxy39.submitRequest over nodeId=scmNodeId,nodeAddress=scm/172.18.0.4:9961 after 11 failover attempts. Trying to failover after sleeping for 2000ms.
recon_1     | 2023-01-31 07:47:27,564 [main] INFO retry.RetryInvocationHandler: com.google.protobuf.ServiceException: org.apache.hadoop.ipc.RemoteException(org.apache.hadoop.hdds.ratis.ServerNotLeaderException): Server:6dfb726e-350e-430b-835b-cf79da791979 is not the leader. Could not determine the leader node.
scm_1       | 2023-01-31 07:47:07,123 [pool-2-thread-1] INFO server.RaftServer$Division: 6dfb726e-350e-430b-835b-cf79da791979: new RaftServerImpl for group-370D3E099E21:[6dfb726e-350e-430b-835b-cf79da791979|rpc:scm:9894|priority:0|startupRole:FOLLOWER] with SCMStateMachine:uninitialized
scm_1       | 2023-01-31 07:47:07,130 [pool-2-thread-1] INFO server.RaftServerConfigKeys: raft.server.rpc.timeout.min = 5000ms (custom)
kdc_1       | Jan 31 07:55:56 kdc krb5kdc[7](info): TGS_REQ (6 etypes {aes256-cts-hmac-sha1-96(18), aes128-cts-hmac-sha1-96(17), aes256-cts-hmac-sha384-192(20), aes128-cts-hmac-sha256-128(19), DEPRECATED:des3-cbc-sha1(16), DEPRECATED:arcfour-hmac(23)}) 172.18.0.4: ISSUE: authtime 1675151745, etypes {rep=aes256-cts-hmac-sha1-96(18), tkt=aes256-cts-hmac-sha1-96(18), ses=aes256-cts-hmac-sha1-96(18)}, testuser/scm@EXAMPLE.COM for om/om@EXAMPLE.COM
kdc_1       | Jan 31 07:56:02 kdc krb5kdc[7](info): TGS_REQ (6 etypes {aes256-cts-hmac-sha1-96(18), aes128-cts-hmac-sha1-96(17), aes256-cts-hmac-sha384-192(20), aes128-cts-hmac-sha256-128(19), DEPRECATED:des3-cbc-sha1(16), DEPRECATED:arcfour-hmac(23)}) 172.18.0.4: ISSUE: authtime 1675151745, etypes {rep=aes256-cts-hmac-sha1-96(18), tkt=aes256-cts-hmac-sha1-96(18), ses=aes256-cts-hmac-sha1-96(18)}, testuser/scm@EXAMPLE.COM for om/om@EXAMPLE.COM
recon_1     | 	at org.apache.hadoop.hdds.ratis.ServerNotLeaderException.convertToNotLeaderException(ServerNotLeaderException.java:109)
datanode_3  | BasicConstraints:[
datanode_3  |   CA:true
datanode_3  |   PathLen:2147483647
kdc_1       | Jan 31 07:56:04 kdc krb5kdc[7](info): AS_REQ (8 etypes {aes256-cts-hmac-sha1-96(18), aes128-cts-hmac-sha1-96(17), aes256-cts-hmac-sha384-192(20), aes128-cts-hmac-sha256-128(19), DEPRECATED:des3-cbc-sha1(16), DEPRECATED:arcfour-hmac(23), camellia128-cts-cmac(25), camellia256-cts-cmac(26)}) 172.18.0.4: ISSUE: authtime 1675151764, etypes {rep=aes256-cts-hmac-sha1-96(18), tkt=aes256-cts-hmac-sha1-96(18), ses=aes256-cts-hmac-sha1-96(18)}, testuser/scm@EXAMPLE.COM for krbtgt/EXAMPLE.COM@EXAMPLE.COM
om_1        | 	at org.apache.hadoop.ipc.ProtobufRpcEngine2$Server$ProtoBufRpcInvoker.call(ProtobufRpcEngine2.java:578)
scm_1       | 2023-01-31 07:47:07,131 [pool-2-thread-1] INFO server.RaftServerConfigKeys: raft.server.rpc.timeout.max = 5200ms (custom)
scm_1       | 2023-01-31 07:47:07,131 [pool-2-thread-1] INFO server.RaftServerConfigKeys: raft.server.rpc.sleep.time = 25ms (default)
recon_1     | 	at org.apache.hadoop.hdds.scm.ha.RatisUtil.checkRatisException(RatisUtil.java:246)
recon_1     | 	at org.apache.hadoop.hdds.scm.protocol.SCMSecurityProtocolServerSideTranslatorPB.submitRequest(SCMSecurityProtocolServerSideTranslatorPB.java:93)
datanode_3  | ]
datanode_3  | 
om_1        | 	at org.apache.hadoop.ipc.ProtobufRpcEngine2$Server$ProtoBufRpcInvoker.call(ProtobufRpcEngine2.java:556)
om_1        | 	at org.apache.hadoop.ipc.RPC$Server.call(RPC.java:1093)
recon_1     | 	at org.apache.hadoop.hdds.protocol.proto.SCMSecurityProtocolProtos$SCMSecurityProtocolService$2.callBlockingMethod(SCMSecurityProtocolProtos.java:16080)
recon_1     | 	at org.apache.hadoop.ipc.ProtobufRpcEngine$Server.processCall(ProtobufRpcEngine.java:465)
datanode_3  | [2]: ObjectId: 2.5.29.15 Criticality=true
datanode_3  | KeyUsage [
scm_1       | 2023-01-31 07:47:07,131 [pool-2-thread-1] INFO server.RaftServerConfigKeys: raft.server.rpc.slowness.timeout = 120000ms (custom)
om_1        | 	at org.apache.hadoop.ipc.Server$RpcCall.run(Server.java:1043)
om_1        | 	at org.apache.hadoop.ipc.Server$RpcCall.run(Server.java:971)
recon_1     | 	at org.apache.hadoop.ipc.ProtobufRpcEngine2$Server$ProtoBufRpcInvoker.call(ProtobufRpcEngine2.java:578)
recon_1     | 	at org.apache.hadoop.ipc.ProtobufRpcEngine2$Server$ProtoBufRpcInvoker.call(ProtobufRpcEngine2.java:556)
datanode_3  |   Key_CertSign
datanode_3  |   Crl_Sign
scm_1       | 2023-01-31 07:47:07,132 [pool-2-thread-1] INFO server.RaftServerConfigKeys: raft.server.leaderelection.leader.step-down.wait-time = 10s (default)
scm_1       | 2023-01-31 07:47:07,132 [pool-2-thread-1] INFO server.RaftServerConfigKeys: raft.server.sleep.deviation.threshold = 300ms (default)
om_1        | 	at java.base/java.security.AccessController.doPrivileged(Native Method)
om_1        | 	at java.base/javax.security.auth.Subject.doAs(Subject.java:423)
recon_1     | 	at org.apache.hadoop.ipc.RPC$Server.call(RPC.java:1093)
recon_1     | 	at org.apache.hadoop.ipc.Server$RpcCall.run(Server.java:1043)
datanode_3  | ]
kdc_1       | Jan 31 07:56:08 kdc krb5kdc[7](info): TGS_REQ (6 etypes {aes256-cts-hmac-sha1-96(18), aes128-cts-hmac-sha1-96(17), aes256-cts-hmac-sha384-192(20), aes128-cts-hmac-sha256-128(19), DEPRECATED:des3-cbc-sha1(16), DEPRECATED:arcfour-hmac(23)}) 172.18.0.4: ISSUE: authtime 1675151764, etypes {rep=aes256-cts-hmac-sha1-96(18), tkt=aes256-cts-hmac-sha1-96(18), ses=aes256-cts-hmac-sha1-96(18)}, testuser/scm@EXAMPLE.COM for om/om@EXAMPLE.COM
kdc_1       | Jan 31 07:56:14 kdc krb5kdc[7](info): TGS_REQ (6 etypes {aes256-cts-hmac-sha1-96(18), aes128-cts-hmac-sha1-96(17), aes256-cts-hmac-sha384-192(20), aes128-cts-hmac-sha256-128(19), DEPRECATED:des3-cbc-sha1(16), DEPRECATED:arcfour-hmac(23)}) 172.18.0.4: ISSUE: authtime 1675151764, etypes {rep=aes256-cts-hmac-sha1-96(18), tkt=aes256-cts-hmac-sha1-96(18), ses=aes256-cts-hmac-sha1-96(18)}, testuser/scm@EXAMPLE.COM for om/om@EXAMPLE.COM
om_1        | 	at org.apache.hadoop.security.UserGroupInformation.doAs(UserGroupInformation.java:1878)
om_1        | 	at org.apache.hadoop.ipc.Server$Handler.run(Server.java:2976)
recon_1     | 	at org.apache.hadoop.ipc.Server$RpcCall.run(Server.java:971)
datanode_3  | 
datanode_2  |   public exponent: 65537
kdc_1       | Jan 31 07:56:20 kdc krb5kdc[7](info): TGS_REQ (6 etypes {aes256-cts-hmac-sha1-96(18), aes128-cts-hmac-sha1-96(17), aes256-cts-hmac-sha384-192(20), aes128-cts-hmac-sha256-128(19), DEPRECATED:des3-cbc-sha1(16), DEPRECATED:arcfour-hmac(23)}) 172.18.0.4: ISSUE: authtime 1675151764, etypes {rep=aes256-cts-hmac-sha1-96(18), tkt=aes256-cts-hmac-sha1-96(18), ses=aes256-cts-hmac-sha1-96(18)}, testuser/scm@EXAMPLE.COM for om/om@EXAMPLE.COM
scm_1       | 2023-01-31 07:47:07,147 [pool-2-thread-1] INFO server.RaftServer$Division: 6dfb726e-350e-430b-835b-cf79da791979@group-370D3E099E21: ConfigurationManager, init=-1: peers:[6dfb726e-350e-430b-835b-cf79da791979|rpc:scm:9894|priority:0|startupRole:FOLLOWER]|listeners:[], old=null, confs=<EMPTY_MAP>
om_1        | , while invoking $Proxy31.send over nodeId=scmNodeId,nodeAddress=scm/172.18.0.4:9863 after 16 failover attempts. Trying to failover after sleeping for 2000ms.
om_1        | 2023-01-31 07:47:27,465 [main] INFO retry.RetryInvocationHandler: com.google.protobuf.ServiceException: org.apache.hadoop.ipc.RemoteException(org.apache.hadoop.hdds.ratis.ServerNotLeaderException): Server:6dfb726e-350e-430b-835b-cf79da791979 is not the leader. Could not determine the leader node.
datanode_3  | [3]: ObjectId: 2.5.29.17 Criticality=false
datanode_2  |   Validity: [From: Tue Jan 31 00:00:00 UTC 2023,
kdc_1       | Jan 31 07:56:27 kdc krb5kdc[7](info): TGS_REQ (6 etypes {aes256-cts-hmac-sha1-96(18), aes128-cts-hmac-sha1-96(17), aes256-cts-hmac-sha384-192(20), aes128-cts-hmac-sha256-128(19), DEPRECATED:des3-cbc-sha1(16), DEPRECATED:arcfour-hmac(23)}) 172.18.0.4: ISSUE: authtime 1675151764, etypes {rep=aes256-cts-hmac-sha1-96(18), tkt=aes256-cts-hmac-sha1-96(18), ses=aes256-cts-hmac-sha1-96(18)}, testuser/scm@EXAMPLE.COM for om/om@EXAMPLE.COM
scm_1       | 2023-01-31 07:47:07,148 [pool-2-thread-1] INFO server.RaftServerConfigKeys: raft.server.storage.dir = [/data/metadata/scm-ha] (custom)
datanode_1  | 
om_1        | 	at org.apache.hadoop.hdds.ratis.ServerNotLeaderException.convertToNotLeaderException(ServerNotLeaderException.java:109)
om_1        | 	at org.apache.hadoop.hdds.scm.ha.RatisUtil.checkRatisException(RatisUtil.java:246)
om_1        | 	at org.apache.hadoop.hdds.scm.protocol.ScmBlockLocationProtocolServerSideTranslatorPB.send(ScmBlockLocationProtocolServerSideTranslatorPB.java:109)
datanode_3  | SubjectAlternativeName [
datanode_2  |                To: Fri Mar 10 00:00:00 UTC 2028]
kdc_1       | Jan 31 07:56:33 kdc krb5kdc[7](info): TGS_REQ (6 etypes {aes256-cts-hmac-sha1-96(18), aes128-cts-hmac-sha1-96(17), aes256-cts-hmac-sha384-192(20), aes128-cts-hmac-sha256-128(19), DEPRECATED:des3-cbc-sha1(16), DEPRECATED:arcfour-hmac(23)}) 172.18.0.4: ISSUE: authtime 1675151764, etypes {rep=aes256-cts-hmac-sha1-96(18), tkt=aes256-cts-hmac-sha1-96(18), ses=aes256-cts-hmac-sha1-96(18)}, testuser/scm@EXAMPLE.COM for om/om@EXAMPLE.COM
scm_1       | 2023-01-31 07:47:07,160 [pool-2-thread-1] INFO server.RaftServerConfigKeys: raft.server.log.corruption.policy = EXCEPTION (default)
datanode_1  | [3]: ObjectId: 2.5.29.17 Criticality=false
om_1        | 	at org.apache.hadoop.hdds.protocol.proto.ScmBlockLocationProtocolProtos$ScmBlockLocationProtocolService$2.callBlockingMethod(ScmBlockLocationProtocolProtos.java:14202)
recon_1     | 	at java.base/java.security.AccessController.doPrivileged(Native Method)
recon_1     | 	at java.base/javax.security.auth.Subject.doAs(Subject.java:423)
recon_1     | 	at org.apache.hadoop.security.UserGroupInformation.doAs(UserGroupInformation.java:1878)
kdc_1       | Jan 31 07:56:38 kdc krb5kdc[7](info): TGS_REQ (6 etypes {aes256-cts-hmac-sha1-96(18), aes128-cts-hmac-sha1-96(17), aes256-cts-hmac-sha384-192(20), aes128-cts-hmac-sha256-128(19), DEPRECATED:des3-cbc-sha1(16), DEPRECATED:arcfour-hmac(23)}) 172.18.0.4: ISSUE: authtime 1675151764, etypes {rep=aes256-cts-hmac-sha1-96(18), tkt=aes256-cts-hmac-sha1-96(18), ses=aes256-cts-hmac-sha1-96(18)}, testuser/scm@EXAMPLE.COM for om/om@EXAMPLE.COM
scm_1       | 2023-01-31 07:47:07,160 [pool-2-thread-1] INFO server.RaftServerConfigKeys: raft.server.storage.free-space.min = 0MB (=0) (default)
datanode_1  | SubjectAlternativeName [
om_1        | 	at org.apache.hadoop.ipc.ProtobufRpcEngine$Server.processCall(ProtobufRpcEngine.java:465)
om_1        | 	at org.apache.hadoop.ipc.ProtobufRpcEngine2$Server$ProtoBufRpcInvoker.call(ProtobufRpcEngine2.java:578)
datanode_3  |   IPAddress: 172.18.0.4
datanode_2  |   Issuer: O=CID-5128c6ec-f311-4d77-b590-370d3e099e21, OU=6dfb726e-350e-430b-835b-cf79da791979, CN=scm@scm
datanode_2  |   SerialNumber: [    6c0d0934 9f]
kdc_1       | Jan 31 07:56:45 kdc krb5kdc[7](info): TGS_REQ (6 etypes {aes256-cts-hmac-sha1-96(18), aes128-cts-hmac-sha1-96(17), aes256-cts-hmac-sha384-192(20), aes128-cts-hmac-sha256-128(19), DEPRECATED:des3-cbc-sha1(16), DEPRECATED:arcfour-hmac(23)}) 172.18.0.4: ISSUE: authtime 1675151764, etypes {rep=aes256-cts-hmac-sha1-96(18), tkt=aes256-cts-hmac-sha1-96(18), ses=aes256-cts-hmac-sha1-96(18)}, testuser/scm@EXAMPLE.COM for om/om@EXAMPLE.COM
scm_1       | 2023-01-31 07:47:07,185 [pool-2-thread-1] INFO server.RaftServerConfigKeys: raft.server.notification.no-leader.timeout = 60s (default)
datanode_1  |   IPAddress: 172.18.0.4
om_1        | 	at org.apache.hadoop.ipc.ProtobufRpcEngine2$Server$ProtoBufRpcInvoker.call(ProtobufRpcEngine2.java:556)
om_1        | 	at org.apache.hadoop.ipc.RPC$Server.call(RPC.java:1093)
datanode_3  | ]
datanode_2  | 
datanode_2  | Certificate Extensions: 3
kdc_1       | Jan 31 07:56:51 kdc krb5kdc[7](info): TGS_REQ (6 etypes {aes256-cts-hmac-sha1-96(18), aes128-cts-hmac-sha1-96(17), aes256-cts-hmac-sha384-192(20), aes128-cts-hmac-sha256-128(19), DEPRECATED:des3-cbc-sha1(16), DEPRECATED:arcfour-hmac(23)}) 172.18.0.4: ISSUE: authtime 1675151764, etypes {rep=aes256-cts-hmac-sha1-96(18), tkt=aes256-cts-hmac-sha1-96(18), ses=aes256-cts-hmac-sha1-96(18)}, testuser/scm@EXAMPLE.COM for om/om@EXAMPLE.COM
scm_1       | 2023-01-31 07:47:07,191 [pool-2-thread-1] INFO server.RaftServerConfigKeys: raft.server.retrycache.expirytime = 60000ms (default)
datanode_1  | ]
om_1        | 	at org.apache.hadoop.ipc.Server$RpcCall.run(Server.java:1043)
om_1        | 	at org.apache.hadoop.ipc.Server$RpcCall.run(Server.java:971)
datanode_2  | [1]: ObjectId: 2.5.29.19 Criticality=true
recon_1     | 	at org.apache.hadoop.ipc.Server$Handler.run(Server.java:2976)
kdc_1       | Jan 31 07:56:57 kdc krb5kdc[7](info): TGS_REQ (6 etypes {aes256-cts-hmac-sha1-96(18), aes128-cts-hmac-sha1-96(17), aes256-cts-hmac-sha384-192(20), aes128-cts-hmac-sha256-128(19), DEPRECATED:des3-cbc-sha1(16), DEPRECATED:arcfour-hmac(23)}) 172.18.0.4: ISSUE: authtime 1675151764, etypes {rep=aes256-cts-hmac-sha1-96(18), tkt=aes256-cts-hmac-sha1-96(18), ses=aes256-cts-hmac-sha1-96(18)}, testuser/scm@EXAMPLE.COM for om/om@EXAMPLE.COM
scm_1       | 2023-01-31 07:47:07,192 [pool-2-thread-1] INFO server.RaftServerConfigKeys: raft.server.retrycache.statistics.expirytime = 100?s (default)
datanode_1  | 
datanode_3  | 
om_1        | 	at java.base/java.security.AccessController.doPrivileged(Native Method)
datanode_2  | BasicConstraints:[
recon_1     | , while invoking $Proxy39.submitRequest over nodeId=scmNodeId,nodeAddress=scm/172.18.0.4:9961 after 12 failover attempts. Trying to failover after sleeping for 2000ms.
kdc_1       | Jan 31 07:57:03 kdc krb5kdc[7](info): TGS_REQ (6 etypes {aes256-cts-hmac-sha1-96(18), aes128-cts-hmac-sha1-96(17), aes256-cts-hmac-sha384-192(20), aes128-cts-hmac-sha256-128(19), DEPRECATED:des3-cbc-sha1(16), DEPRECATED:arcfour-hmac(23)}) 172.18.0.4: ISSUE: authtime 1675151764, etypes {rep=aes256-cts-hmac-sha1-96(18), tkt=aes256-cts-hmac-sha1-96(18), ses=aes256-cts-hmac-sha1-96(18)}, testuser/scm@EXAMPLE.COM for om/om@EXAMPLE.COM
scm_1       | 2023-01-31 07:47:07,284 [pool-2-thread-1] INFO server.RaftServerConfigKeys: raft.server.log.appender.install.snapshot.enabled = false (custom)
datanode_1  | ]
datanode_3  | ]
om_1        | 	at java.base/javax.security.auth.Subject.doAs(Subject.java:423)
om_1        | 	at org.apache.hadoop.security.UserGroupInformation.doAs(UserGroupInformation.java:1878)
om_1        | 	at org.apache.hadoop.ipc.Server$Handler.run(Server.java:2976)
recon_1     | 2023-01-31 07:47:31,658 [main] INFO client.ReconCertificateClient: Loading certificate from location:/data/metadata/recon/certs.
recon_1     | 2023-01-31 07:47:31,779 [main] INFO client.ReconCertificateClient: Added certificate [
datanode_1  |   Algorithm: [SHA256withRSA]
datanode_3  |   Algorithm: [SHA256withRSA]
datanode_3  |   Signature:
datanode_3  | 0000: 3D F0 C1 E6 19 F1 BB 7E   32 E7 0A 0F 9E 12 C6 DB  =.......2.......
datanode_3  | 0010: E8 7A 2C 40 A8 0B E3 56   D6 1D FA CF 7A C4 E4 2D  .z,@...V....z..-
datanode_3  | 0020: 33 CB 07 51 78 DB 2A E1   AE 96 9D 88 BF 67 68 90  3..Qx.*......gh.
datanode_3  | 0030: 31 A4 66 1A 82 AC A0 20   45 7C 43 43 BE 32 58 E2  1.f.... E.CC.2X.
datanode_3  | 0040: 4C 7F 95 0F 9A 58 2B E2   A8 85 EB 65 FC D0 BB 85  L....X+....e....
datanode_3  | 0050: 38 D2 D0 54 E8 EC E9 F5   16 BF C8 AF C5 9C F4 05  8..T............
datanode_3  | 0060: 0C CE 63 56 10 95 B6 38   11 C4 BE EB 98 9C 6F 2A  ..cV...8......o*
datanode_3  | 0070: 2C E3 2E 13 70 E7 1E 3D   CE 34 69 7B 69 A0 20 12  ,...p..=.4i.i. .
datanode_3  | 0080: C9 3D C8 37 CA 9E 29 8D   F8 78 3D 10 07 5D 4C BD  .=.7..)..x=..]L.
scm_1       | 2023-01-31 07:47:07,291 [pool-2-thread-1] INFO server.RaftServerConfigKeys: raft.server.threadpool.server.cached = true (default)
datanode_1  |   Signature:
datanode_1  | 0000: 3D F0 C1 E6 19 F1 BB 7E   32 E7 0A 0F 9E 12 C6 DB  =.......2.......
datanode_1  | 0010: E8 7A 2C 40 A8 0B E3 56   D6 1D FA CF 7A C4 E4 2D  .z,@...V....z..-
datanode_1  | 0020: 33 CB 07 51 78 DB 2A E1   AE 96 9D 88 BF 67 68 90  3..Qx.*......gh.
datanode_1  | 0030: 31 A4 66 1A 82 AC A0 20   45 7C 43 43 BE 32 58 E2  1.f.... E.CC.2X.
datanode_1  | 0040: 4C 7F 95 0F 9A 58 2B E2   A8 85 EB 65 FC D0 BB 85  L....X+....e....
datanode_1  | 0050: 38 D2 D0 54 E8 EC E9 F5   16 BF C8 AF C5 9C F4 05  8..T............
datanode_1  | 0060: 0C CE 63 56 10 95 B6 38   11 C4 BE EB 98 9C 6F 2A  ..cV...8......o*
datanode_1  | 0070: 2C E3 2E 13 70 E7 1E 3D   CE 34 69 7B 69 A0 20 12  ,...p..=.4i.i. .
datanode_1  | 0080: C9 3D C8 37 CA 9E 29 8D   F8 78 3D 10 07 5D 4C BD  .=.7..)..x=..]L.
datanode_3  | 0090: 9D 47 6A B0 C9 3E 90 07   FD 41 DD 7C CC 5D 4A F9  .Gj..>...A...]J.
scm_1       | 2023-01-31 07:47:07,292 [pool-2-thread-1] INFO server.RaftServerConfigKeys: raft.server.threadpool.server.size = 0 (default)
scm_1       | 2023-01-31 07:47:07,292 [pool-2-thread-1] INFO server.RaftServerConfigKeys: raft.server.threadpool.client.cached = true (default)
scm_1       | 2023-01-31 07:47:07,293 [pool-2-thread-1] INFO server.RaftServerConfigKeys: raft.server.threadpool.client.size = 0 (default)
scm_1       | 2023-01-31 07:47:07,294 [6dfb726e-350e-430b-835b-cf79da791979-impl-thread1] INFO storage.RaftStorageDirectory: The storage directory /data/metadata/scm-ha/5128c6ec-f311-4d77-b590-370d3e099e21 does not exist. Creating ...
datanode_1  | 0090: 9D 47 6A B0 C9 3E 90 07   FD 41 DD 7C CC 5D 4A F9  .Gj..>...A...]J.
datanode_3  | 00A0: DA 37 F0 76 47 A6 F4 92   94 2C 7A 08 7D 36 B2 88  .7.vG....,z..6..
datanode_1  | 00A0: DA 37 F0 76 47 A6 F4 92   94 2C 7A 08 7D 36 B2 88  .7.vG....,z..6..
datanode_1  | 00B0: 0E 01 C9 63 EF D1 58 C4   E3 52 94 15 50 59 6A F1  ...c..X..R..PYj.
datanode_1  | 00C0: E8 4F 91 C6 79 66 81 27   CE 9F A0 D0 84 E5 F9 81  .O..yf.'........
datanode_1  | 00D0: 30 52 64 1C C4 0E 99 C9   2B 12 81 C4 24 1C E4 F4  0Rd.....+...$...
om_1        | , while invoking $Proxy31.send over nodeId=scmNodeId,nodeAddress=scm/172.18.0.4:9863 after 17 failover attempts. Trying to failover after sleeping for 2000ms.
datanode_1  | 00E0: EF F9 05 A0 68 31 A5 F3   3F 4A 28 05 78 20 C0 51  ....h1..?J(.x .Q
kdc_1       | Jan 31 07:57:10 kdc krb5kdc[7](info): TGS_REQ (6 etypes {aes256-cts-hmac-sha1-96(18), aes128-cts-hmac-sha1-96(17), aes256-cts-hmac-sha384-192(20), aes128-cts-hmac-sha256-128(19), DEPRECATED:des3-cbc-sha1(16), DEPRECATED:arcfour-hmac(23)}) 172.18.0.4: ISSUE: authtime 1675151764, etypes {rep=aes256-cts-hmac-sha1-96(18), tkt=aes256-cts-hmac-sha1-96(18), ses=aes256-cts-hmac-sha1-96(18)}, testuser/scm@EXAMPLE.COM for om/om@EXAMPLE.COM
datanode_1  | 00F0: 75 00 D6 6B B7 EC 76 66   02 A9 21 F4 19 07 F4 C9  u..k..vf..!.....
kdc_1       | Jan 31 07:57:16 kdc krb5kdc[7](info): TGS_REQ (6 etypes {aes256-cts-hmac-sha1-96(18), aes128-cts-hmac-sha1-96(17), aes256-cts-hmac-sha384-192(20), aes128-cts-hmac-sha256-128(19), DEPRECATED:des3-cbc-sha1(16), DEPRECATED:arcfour-hmac(23)}) 172.18.0.4: ISSUE: authtime 1675151764, etypes {rep=aes256-cts-hmac-sha1-96(18), tkt=aes256-cts-hmac-sha1-96(18), ses=aes256-cts-hmac-sha1-96(18)}, testuser/scm@EXAMPLE.COM for om/om@EXAMPLE.COM
scm_1       | 2023-01-31 07:47:07,300 [6dfb726e-350e-430b-835b-cf79da791979-impl-thread1] INFO storage.RaftStorageDirectory: Lock on /data/metadata/scm-ha/5128c6ec-f311-4d77-b590-370d3e099e21/in_use.lock acquired by nodename 13@scm
scm_1       | 2023-01-31 07:47:07,309 [6dfb726e-350e-430b-835b-cf79da791979-impl-thread1] INFO storage.RaftStorage: Storage directory /data/metadata/scm-ha/5128c6ec-f311-4d77-b590-370d3e099e21 has been successfully formatted.
scm_1       | 2023-01-31 07:47:07,314 [6dfb726e-350e-430b-835b-cf79da791979-impl-thread1] INFO server.RaftServerConfigKeys: raft.server.log.use.memory = false (default)
scm_1       | 2023-01-31 07:47:07,322 [6dfb726e-350e-430b-835b-cf79da791979-impl-thread1] INFO server.RaftServerConfigKeys: raft.server.log.purge.gap = 1000000 (custom)
kdc_1       | Jan 31 07:57:22 kdc krb5kdc[7](info): TGS_REQ (6 etypes {aes256-cts-hmac-sha1-96(18), aes128-cts-hmac-sha1-96(17), aes256-cts-hmac-sha384-192(20), aes128-cts-hmac-sha256-128(19), DEPRECATED:des3-cbc-sha1(16), DEPRECATED:arcfour-hmac(23)}) 172.18.0.4: ISSUE: authtime 1675151764, etypes {rep=aes256-cts-hmac-sha1-96(18), tkt=aes256-cts-hmac-sha1-96(18), ses=aes256-cts-hmac-sha1-96(18)}, testuser/scm@EXAMPLE.COM for om/om@EXAMPLE.COM
scm_1       | 2023-01-31 07:47:07,323 [6dfb726e-350e-430b-835b-cf79da791979-impl-thread1] INFO server.RaftServerConfigKeys: raft.server.log.appender.buffer.byte-limit = 33554432 (custom)
scm_1       | 2023-01-31 07:47:07,325 [6dfb726e-350e-430b-835b-cf79da791979-impl-thread1] INFO server.RaftServerConfigKeys: raft.server.log.statemachine.data.read.timeout = 1000ms (default)
scm_1       | 2023-01-31 07:47:07,326 [6dfb726e-350e-430b-835b-cf79da791979-impl-thread1] INFO server.RaftServerConfigKeys: raft.server.log.purge.preservation.log.num = 0 (default)
om_1        | OM initialization succeeded.Current cluster id for sd=/data/metadata/om;cid=CID-5128c6ec-f311-4d77-b590-370d3e099e21;layoutVersion=3
datanode_3  | 00B0: 0E 01 C9 63 EF D1 58 C4   E3 52 94 15 50 59 6A F1  ...c..X..R..PYj.
kdc_1       | Jan 31 07:57:29 kdc krb5kdc[7](info): TGS_REQ (6 etypes {aes256-cts-hmac-sha1-96(18), aes128-cts-hmac-sha1-96(17), aes256-cts-hmac-sha384-192(20), aes128-cts-hmac-sha256-128(19), DEPRECATED:des3-cbc-sha1(16), DEPRECATED:arcfour-hmac(23)}) 172.18.0.4: ISSUE: authtime 1675151764, etypes {rep=aes256-cts-hmac-sha1-96(18), tkt=aes256-cts-hmac-sha1-96(18), ses=aes256-cts-hmac-sha1-96(18)}, testuser/scm@EXAMPLE.COM for om/om@EXAMPLE.COM
kdc_1       | Jan 31 07:57:35 kdc krb5kdc[7](info): TGS_REQ (6 etypes {aes256-cts-hmac-sha1-96(18), aes128-cts-hmac-sha1-96(17), aes256-cts-hmac-sha384-192(20), aes128-cts-hmac-sha256-128(19), DEPRECATED:des3-cbc-sha1(16), DEPRECATED:arcfour-hmac(23)}) 172.18.0.4: ISSUE: authtime 1675151764, etypes {rep=aes256-cts-hmac-sha1-96(18), tkt=aes256-cts-hmac-sha1-96(18), ses=aes256-cts-hmac-sha1-96(18)}, testuser/scm@EXAMPLE.COM for om/om@EXAMPLE.COM
kdc_1       | Jan 31 07:57:42 kdc krb5kdc[7](info): TGS_REQ (6 etypes {aes256-cts-hmac-sha1-96(18), aes128-cts-hmac-sha1-96(17), aes256-cts-hmac-sha384-192(20), aes128-cts-hmac-sha256-128(19), DEPRECATED:des3-cbc-sha1(16), DEPRECATED:arcfour-hmac(23)}) 172.18.0.4: ISSUE: authtime 1675151764, etypes {rep=aes256-cts-hmac-sha1-96(18), tkt=aes256-cts-hmac-sha1-96(18), ses=aes256-cts-hmac-sha1-96(18)}, testuser/scm@EXAMPLE.COM for om/om@EXAMPLE.COM
scm_1       | 2023-01-31 07:47:07,328 [6dfb726e-350e-430b-835b-cf79da791979-impl-thread1] INFO server.RaftServerConfigKeys: raft.server.log.segment.size.max = 4194304 (custom)
scm_1       | 2023-01-31 07:47:07,335 [6dfb726e-350e-430b-835b-cf79da791979-impl-thread1] INFO server.RaftServerConfigKeys: raft.server.log.segment.cache.num.max = 2 (custom)
datanode_2  |   CA:true
om_1        | 2023-01-31 07:47:29,604 [main] INFO om.OzoneManager: OM storage initialized. Initializing security
datanode_3  | 00C0: E8 4F 91 C6 79 66 81 27   CE 9F A0 D0 84 E5 F9 81  .O..yf.'........
kdc_1       | Jan 31 07:57:48 kdc krb5kdc[7](info): TGS_REQ (6 etypes {aes256-cts-hmac-sha1-96(18), aes128-cts-hmac-sha1-96(17), aes256-cts-hmac-sha384-192(20), aes128-cts-hmac-sha256-128(19), DEPRECATED:des3-cbc-sha1(16), DEPRECATED:arcfour-hmac(23)}) 172.18.0.4: ISSUE: authtime 1675151764, etypes {rep=aes256-cts-hmac-sha1-96(18), tkt=aes256-cts-hmac-sha1-96(18), ses=aes256-cts-hmac-sha1-96(18)}, testuser/scm@EXAMPLE.COM for om/om@EXAMPLE.COM
kdc_1       | Jan 31 07:57:55 kdc krb5kdc[7](info): TGS_REQ (6 etypes {aes256-cts-hmac-sha1-96(18), aes128-cts-hmac-sha1-96(17), aes256-cts-hmac-sha384-192(20), aes128-cts-hmac-sha256-128(19), DEPRECATED:des3-cbc-sha1(16), DEPRECATED:arcfour-hmac(23)}) 172.18.0.4: ISSUE: authtime 1675151764, etypes {rep=aes256-cts-hmac-sha1-96(18), tkt=aes256-cts-hmac-sha1-96(18), ses=aes256-cts-hmac-sha1-96(18)}, testuser/scm@EXAMPLE.COM for om/om@EXAMPLE.COM
datanode_1  | 
recon_1     | [
recon_1     |   Version: V3
recon_1     |   Subject: O=CID-5128c6ec-f311-4d77-b590-370d3e099e21, OU=6dfb726e-350e-430b-835b-cf79da791979, CN=scm@scm
om_1        | 2023-01-31 07:47:29,604 [main] INFO om.OzoneManager: Initializing secure OzoneManager.
datanode_3  | 00D0: 30 52 64 1C C4 0E 99 C9   2B 12 81 C4 24 1C E4 F4  0Rd.....+...$...
datanode_2  |   PathLen:2147483647
datanode_2  | ]
datanode_2  | 
om_1        | 2023-01-31 07:47:31,019 [main] INFO om.OzoneManager: OzoneManager ports added:[name: "RPC"
datanode_3  | 00E0: EF F9 05 A0 68 31 A5 F3   3F 4A 28 05 78 20 C0 51  ....h1..?J(.x .Q
datanode_1  | ] from file:/data/metadata/dn/certs/ROOTCA-1.crt.
datanode_1  | 2023-01-31 07:47:31,973 [main] INFO client.DNCertificateClient: Added certificate [
datanode_2  | [2]: ObjectId: 2.5.29.15 Criticality=true
datanode_2  | KeyUsage [
scm_1       | 2023-01-31 07:47:07,336 [6dfb726e-350e-430b-835b-cf79da791979-impl-thread1] INFO server.RaftServerConfigKeys: raft.server.log.segment.cache.size.max = 200MB (=209715200) (default)
om_1        | value: 9862
datanode_3  | 00F0: 75 00 D6 6B B7 EC 76 66   02 A9 21 F4 19 07 F4 C9  u..k..vf..!.....
recon_1     |   Signature Algorithm: SHA256withRSA, OID = 1.2.840.113549.1.1.11
recon_1     | 
recon_1     |   Key:  Sun RSA public key, 2048 bits
om_1        | ]
om_1        | 2023-01-31 07:47:31,040 [main] ERROR security.OMCertificateClient: Default certificate serial id is not set. Can't locate the default certificate for this client.
datanode_1  | [
datanode_1  |   Version: V3
recon_1     |   params: null
recon_1     |   modulus: 25676308339770250972219436590984425646136236434047221822595011132161233968037993034350491579435918386240707377161976826322160646191473048400368941488234131435849149435679797560506687778467673432563319990491122370230542241955795045376436638063903171948344576341952124074410237013895540216288607458660302565144570139667838403315341858368899581424615666040027512718084905608021622161381528589575068134853393147619255635769481431178194714733898872750115001908286617077411139407275626202967161338165440275783306528399726402541949190654747896983468163650149286860456712986952478232505752835748759510783908172297771387257797
scm_1       | 2023-01-31 07:47:07,342 [6dfb726e-350e-430b-835b-cf79da791979-impl-thread1] INFO segmented.SegmentedRaftLogWorker: new 6dfb726e-350e-430b-835b-cf79da791979@group-370D3E099E21-SegmentedRaftLogWorker for RaftStorageImpl:Storage Directory /data/metadata/scm-ha/5128c6ec-f311-4d77-b590-370d3e099e21
om_1        | 2023-01-31 07:47:31,049 [main] INFO security.OMCertificateClient: Certificate client init case: 0
datanode_3  | 
datanode_1  |   Subject: O=CID-5128c6ec-f311-4d77-b590-370d3e099e21, OU=6dfb726e-350e-430b-835b-cf79da791979, CN=dn@6b0ee5ff6668
datanode_1  |   Signature Algorithm: SHA256withRSA, OID = 1.2.840.113549.1.1.11
datanode_2  |   DigitalSignature
recon_1     |   public exponent: 65537
recon_1     |   Validity: [From: Tue Jan 31 00:00:00 UTC 2023,
recon_1     |                To: Fri Mar 10 00:00:00 UTC 2028]
om_1        | 2023-01-31 07:47:31,050 [main] INFO security.OMCertificateClient: Creating keypair for client as keypair and certificate not found.
datanode_3  | ] from file:/data/metadata/dn/certs/ROOTCA-1.crt.
kdc_1       | Jan 31 07:58:05 kdc krb5kdc[7](info): TGS_REQ (6 etypes {aes256-cts-hmac-sha1-96(18), aes128-cts-hmac-sha1-96(17), aes256-cts-hmac-sha384-192(20), aes128-cts-hmac-sha256-128(19), DEPRECATED:des3-cbc-sha1(16), DEPRECATED:arcfour-hmac(23)}) 172.18.0.4: ISSUE: authtime 1675151764, etypes {rep=aes256-cts-hmac-sha1-96(18), tkt=aes256-cts-hmac-sha1-96(18), ses=aes256-cts-hmac-sha1-96(18)}, testuser/scm@EXAMPLE.COM for om/om@EXAMPLE.COM
datanode_2  |   Key_Encipherment
datanode_2  |   Data_Encipherment
scm_1       | 2023-01-31 07:47:07,342 [6dfb726e-350e-430b-835b-cf79da791979-impl-thread1] INFO server.RaftServerConfigKeys: raft.server.log.queue.byte-limit = 64MB (=67108864) (default)
scm_1       | 2023-01-31 07:47:07,343 [6dfb726e-350e-430b-835b-cf79da791979-impl-thread1] INFO server.RaftServerConfigKeys: raft.server.log.queue.element-limit = 4096 (default)
om_1        | 2023-01-31 07:47:35,225 [main] INFO om.OzoneManager: Init response: GETCERT
datanode_3  | 2023-01-31 07:47:31,000 [main] INFO client.DNCertificateClient: Added certificate [
datanode_2  |   Key_Agreement
datanode_2  |   Key_CertSign
datanode_2  |   Crl_Sign
scm_1       | 2023-01-31 07:47:07,344 [6dfb726e-350e-430b-835b-cf79da791979-impl-thread1] INFO server.RaftServerConfigKeys: raft.server.log.segment.size.max = 4194304 (custom)
scm_1       | 2023-01-31 07:47:07,345 [6dfb726e-350e-430b-835b-cf79da791979-impl-thread1] INFO server.RaftServerConfigKeys: raft.server.log.preallocated.size = 4194304 (custom)
om_1        | 2023-01-31 07:47:35,429 [main] INFO ozone.OzoneSecurityUtil: Adding ip:172.18.0.8,host:om
om_1        | 2023-01-31 07:47:35,434 [main] INFO ozone.OzoneSecurityUtil: ip:127.0.0.1 not returned.
datanode_3  | [
datanode_2  | ]
datanode_2  | 
datanode_2  | [3]: ObjectId: 2.5.29.17 Criticality=false
scm_1       | 2023-01-31 07:47:07,345 [6dfb726e-350e-430b-835b-cf79da791979-impl-thread1] INFO server.RaftServerConfigKeys: raft.server.log.force.sync.num = 128 (default)
scm_1       | 2023-01-31 07:47:07,346 [6dfb726e-350e-430b-835b-cf79da791979-impl-thread1] INFO server.RaftServerConfigKeys: raft.server.log.statemachine.data.sync = true (default)
om_1        | 2023-01-31 07:47:35,463 [main] ERROR security.OMCertificateClient: Invalid domain om
om_1        | 2023-01-31 07:47:35,468 [main] INFO ha.OMHANodeDetails: ozone.om.internal.service.id is not defined, falling back to ozone.om.service.ids to find serviceID for OzoneManager if it is HA enabled cluster
datanode_3  |   Version: V3
datanode_2  | SubjectAlternativeName [
datanode_2  |   IPAddress: 172.18.0.4
datanode_2  | ]
scm_1       | 2023-01-31 07:47:07,347 [6dfb726e-350e-430b-835b-cf79da791979-impl-thread1] INFO server.RaftServerConfigKeys: raft.server.log.statemachine.data.sync.timeout = 10s (default)
scm_1       | 2023-01-31 07:47:07,347 [6dfb726e-350e-430b-835b-cf79da791979-impl-thread1] INFO server.RaftServerConfigKeys: raft.server.log.statemachine.data.sync.timeout.retry = -1 (default)
datanode_3  |   Subject: O=CID-5128c6ec-f311-4d77-b590-370d3e099e21, OU=6dfb726e-350e-430b-835b-cf79da791979, CN=dn@f206954d6d35
datanode_2  | 
datanode_2  | ]
datanode_2  |   Algorithm: [SHA256withRSA]
scm_1       | 2023-01-31 07:47:07,358 [6dfb726e-350e-430b-835b-cf79da791979-impl-thread1] INFO server.RaftServerConfigKeys: raft.server.log.write.buffer.size = 64KB (=65536) (default)
scm_1       | 2023-01-31 07:47:07,358 [6dfb726e-350e-430b-835b-cf79da791979-impl-thread1] INFO server.RaftServerConfigKeys: raft.server.log.appender.buffer.byte-limit = 33554432 (custom)
datanode_3  |   Signature Algorithm: SHA256withRSA, OID = 1.2.840.113549.1.1.11
datanode_2  |   Signature:
datanode_2  | 0000: C5 2D 72 5B 08 D0 A2 57   15 24 FA B6 02 5C 7B CC  .-r[...W.$...\..
datanode_2  | 0010: 86 78 67 BB 53 B7 A4 D7   5F 3C 17 0D 5D CB A1 FA  .xg.S..._<..]...
scm_1       | 2023-01-31 07:47:07,386 [6dfb726e-350e-430b-835b-cf79da791979-impl-thread1] INFO server.RaftServerConfigKeys: raft.server.log.unsafe-flush.enabled = false (default)
scm_1       | 2023-01-31 07:47:07,389 [6dfb726e-350e-430b-835b-cf79da791979-impl-thread1] INFO server.RaftServerConfigKeys: raft.server.log.async-flush.enabled = false (default)
scm_1       | 2023-01-31 07:47:07,389 [6dfb726e-350e-430b-835b-cf79da791979-impl-thread1] INFO server.RaftServerConfigKeys: raft.server.log.statemachine.data.caching.enabled = false (default)
recon_1     |   Issuer: O=CID-5128c6ec-f311-4d77-b590-370d3e099e21, OU=6dfb726e-350e-430b-835b-cf79da791979, CN=scm@scm
recon_1     |   SerialNumber: [    01]
scm_1       | 2023-01-31 07:47:07,398 [6dfb726e-350e-430b-835b-cf79da791979-impl-thread1] INFO segmented.SegmentedRaftLogWorker: 6dfb726e-350e-430b-835b-cf79da791979@group-370D3E099E21-SegmentedRaftLogWorker: flushIndex: setUnconditionally 0 -> -1
datanode_1  | 
datanode_3  | 
datanode_2  | 0020: B6 0D 4D 8C A4 C3 25 87   5C BC E9 C2 EE 49 95 69  ..M...%.\....I.i
datanode_2  | 0030: 95 48 3B F5 BB A0 D5 63   DA FD F7 43 2A E7 FF 39  .H;....c...C*..9
kdc_1       | Jan 31 07:58:14 kdc krb5kdc[7](info): TGS_REQ (6 etypes {aes256-cts-hmac-sha1-96(18), aes128-cts-hmac-sha1-96(17), aes256-cts-hmac-sha384-192(20), aes128-cts-hmac-sha256-128(19), DEPRECATED:des3-cbc-sha1(16), DEPRECATED:arcfour-hmac(23)}) 172.18.0.4: ISSUE: authtime 1675151764, etypes {rep=aes256-cts-hmac-sha1-96(18), tkt=aes256-cts-hmac-sha1-96(18), ses=aes256-cts-hmac-sha1-96(18)}, testuser/scm@EXAMPLE.COM for om/om@EXAMPLE.COM
scm_1       | 2023-01-31 07:47:07,398 [6dfb726e-350e-430b-835b-cf79da791979-impl-thread1] INFO segmented.SegmentedRaftLogWorker: 6dfb726e-350e-430b-835b-cf79da791979@group-370D3E099E21-SegmentedRaftLogWorker: safeCacheEvictIndex: setUnconditionally 0 -> -1
scm_1       | 2023-01-31 07:47:07,400 [6dfb726e-350e-430b-835b-cf79da791979-impl-thread1] INFO server.RaftServer$Division: 6dfb726e-350e-430b-835b-cf79da791979@group-370D3E099E21: start as a follower, conf=-1: peers:[6dfb726e-350e-430b-835b-cf79da791979|rpc:scm:9894|priority:0|startupRole:FOLLOWER]|listeners:[], old=null
datanode_3  |   Key:  Sun RSA public key, 2048 bits
recon_1     | 
recon_1     | Certificate Extensions: 3
recon_1     | [1]: ObjectId: 2.5.29.19 Criticality=true
datanode_1  |   Key:  Sun RSA public key, 2048 bits
kdc_1       | Jan 31 07:58:26 kdc krb5kdc[7](info): TGS_REQ (6 etypes {aes256-cts-hmac-sha1-96(18), aes128-cts-hmac-sha1-96(17), aes256-cts-hmac-sha384-192(20), aes128-cts-hmac-sha256-128(19), DEPRECATED:des3-cbc-sha1(16), DEPRECATED:arcfour-hmac(23)}) 172.18.0.4: ISSUE: authtime 1675151764, etypes {rep=aes256-cts-hmac-sha1-96(18), tkt=aes256-cts-hmac-sha1-96(18), ses=aes256-cts-hmac-sha1-96(18)}, testuser/scm@EXAMPLE.COM for om/om@EXAMPLE.COM
kdc_1       | Jan 31 07:58:36 kdc krb5kdc[7](info): TGS_REQ (6 etypes {aes256-cts-hmac-sha1-96(18), aes128-cts-hmac-sha1-96(17), aes256-cts-hmac-sha384-192(20), aes128-cts-hmac-sha256-128(19), DEPRECATED:des3-cbc-sha1(16), DEPRECATED:arcfour-hmac(23)}) 172.18.0.4: ISSUE: authtime 1675151764, etypes {rep=aes256-cts-hmac-sha1-96(18), tkt=aes256-cts-hmac-sha1-96(18), ses=aes256-cts-hmac-sha1-96(18)}, testuser/scm@EXAMPLE.COM for om/om@EXAMPLE.COM
datanode_2  | 0040: DB FB 6A C3 25 33 73 BA   30 10 E2 A4 76 BF 99 9F  ..j.%3s.0...v...
datanode_3  |   params: null
datanode_3  |   modulus: 25986194431737750900062441816091149898800854158327090969281968705583366967449298734223937732595354331292371168583200276761728354508823668482888837644483436393937268366436774725485810659613666300990218696939736213867407917457243765852751426955378884831766007699107787663993021192578514595391835479081487529457168489088582414115275041316294119780578984386575065767531890881935906724718827932274872625184776715369926771415058573642146416284199672476699398706067257822603839162725716322026264951148171957644419286268308605536692539052548507858230205826535521435025940033059100291410470325955785102919926198913365352880631
datanode_3  |   public exponent: 65537
datanode_3  |   Validity: [From: Tue Jan 31 00:00:00 UTC 2023,
om_1        | 2023-01-31 07:47:35,469 [main] INFO ha.OMHANodeDetails: Configuration does not have ozone.om.address set. Falling back to the default OM address om/172.18.0.8:9862
scm_1       | 2023-01-31 07:47:07,401 [6dfb726e-350e-430b-835b-cf79da791979-impl-thread1] INFO server.RaftServer$Division: 6dfb726e-350e-430b-835b-cf79da791979@group-370D3E099E21: changes role from      null to FOLLOWER at term 0 for startAsFollower
datanode_2  | 0050: 21 AD EC 9A F0 4B 27 1C   A9 56 E0 79 D6 BF 78 40  !....K'..V.y..x@
