om_1        | 2023-01-31 07:47:58,032 [main] INFO reflections.Reflections: Reflections took 1393 ms to scan 1 urls, producing 115 keys and 335 values [using 2 cores]
kdc_1       | Jan 31 08:02:54 kdc krb5kdc[7](info): TGS_REQ (6 etypes {aes256-cts-hmac-sha1-96(18), aes128-cts-hmac-sha1-96(17), aes256-cts-hmac-sha384-192(20), aes128-cts-hmac-sha256-128(19), DEPRECATED:des3-cbc-sha1(16), DEPRECATED:arcfour-hmac(23)}) 172.18.0.4: ISSUE: authtime 1675152082, etypes {rep=aes256-cts-hmac-sha1-96(18), tkt=aes256-cts-hmac-sha1-96(18), ses=aes256-cts-hmac-sha1-96(18)}, testuser/scm@EXAMPLE.COM for om/om@EXAMPLE.COM
kdc_1       | Jan 31 08:03:01 kdc krb5kdc[7](info): TGS_REQ (6 etypes {aes256-cts-hmac-sha1-96(18), aes128-cts-hmac-sha1-96(17), aes256-cts-hmac-sha384-192(20), aes128-cts-hmac-sha256-128(19), DEPRECATED:des3-cbc-sha1(16), DEPRECATED:arcfour-hmac(23)}) 172.18.0.4: ISSUE: authtime 1675152082, etypes {rep=aes256-cts-hmac-sha1-96(18), tkt=aes256-cts-hmac-sha1-96(18), ses=aes256-cts-hmac-sha1-96(18)}, testuser/scm@EXAMPLE.COM for om/om@EXAMPLE.COM
datanode_3  | 00D0: 32 40 1A 30 27 48 02 CF   97 B3 55 D6 53 4F 7C 32  2@.0'H....U.SO.2
datanode_3  | 00E0: AF 2F 5D 3D 4E 94 5D 87   AA 71 87 47 C9 2C 75 AB  ./]=N.]..q.G.,u.
scm_1       | 2023-01-31 07:47:12,617 [6dfb726e-350e-430b-835b-cf79da791979@group-370D3E099E21-SegmentedRaftLogWorker] INFO segmented.SegmentedRaftLogWorker: 6dfb726e-350e-430b-835b-cf79da791979@group-370D3E099E21-SegmentedRaftLogWorker: created new log segment /data/metadata/scm-ha/5128c6ec-f311-4d77-b590-370d3e099e21/current/log_inprogress_0
datanode_2  | 2023-01-31 07:47:43,381 [main] INFO grpc.GrpcConfigKeys: raft.grpc.server.async.request.thread.pool.size = 32 (default)
om_1        | 2023-01-31 07:47:59,163 [main] INFO security.UserGroupInformation: Login successful for user om/om@EXAMPLE.COM using keytab file om.keytab. Keytab auto renewal enabled : false
recon_1     |   Version: V3
kdc_1       | Jan 31 08:03:11 kdc krb5kdc[7](info): TGS_REQ (6 etypes {aes256-cts-hmac-sha1-96(18), aes128-cts-hmac-sha1-96(17), aes256-cts-hmac-sha384-192(20), aes128-cts-hmac-sha256-128(19), DEPRECATED:des3-cbc-sha1(16), DEPRECATED:arcfour-hmac(23)}) 172.18.0.4: ISSUE: authtime 1675152082, etypes {rep=aes256-cts-hmac-sha1-96(18), tkt=aes256-cts-hmac-sha1-96(18), ses=aes256-cts-hmac-sha1-96(18)}, testuser/scm@EXAMPLE.COM for om/om@EXAMPLE.COM
datanode_1  | 0060: F3 DE E9 5B F6 CE 93 DC   F7 18 2B E3 61 8C 6A AB  ...[......+.a.j.
datanode_1  | 0070: 1B 33 F7 7A 47 EC 78 9A   C4 DA 87 AB BF 2F DE FF  .3.zG.x....../..
datanode_1  | 0080: C2 89 3D C1 05 91 C0 4E   42 56 90 39 FB 45 7B F2  ..=....NBV.9.E..
scm_1       | 2023-01-31 07:47:13,458 [main] INFO server.RaftServer: 6dfb726e-350e-430b-835b-cf79da791979: close
datanode_2  | 2023-01-31 07:47:49,060 [main] INFO impl.DataStreamServerImpl: raft.datastream.type = NETTY (custom)
om_1        | 2023-01-31 07:47:59,176 [main] INFO om.OzoneManager: Ozone Manager login successful.
recon_1     |   Subject: O=CID-5128c6ec-f311-4d77-b590-370d3e099e21, OU=6dfb726e-350e-430b-835b-cf79da791979, CN=recon@recon
kdc_1       | Jan 31 08:03:20 kdc krb5kdc[7](info): TGS_REQ (6 etypes {aes256-cts-hmac-sha1-96(18), aes128-cts-hmac-sha1-96(17), aes256-cts-hmac-sha384-192(20), aes128-cts-hmac-sha256-128(19), DEPRECATED:des3-cbc-sha1(16), DEPRECATED:arcfour-hmac(23)}) 172.18.0.4: ISSUE: authtime 1675152082, etypes {rep=aes256-cts-hmac-sha1-96(18), tkt=aes256-cts-hmac-sha1-96(18), ses=aes256-cts-hmac-sha1-96(18)}, testuser/scm@EXAMPLE.COM for om/om@EXAMPLE.COM
datanode_1  | 0090: DC 9A 7E E0 0F D1 42 DC   4E 80 14 53 CD DF 89 F1  ......B.N..S....
datanode_1  | 00A0: 9C 94 36 59 50 1C 37 7C   3E E3 C8 32 72 B2 6F 11  ..6YP.7.>..2r.o.
datanode_1  | 00B0: 35 BA 3C 3B 5E BE 31 53   8E 34 09 23 97 5C 89 FB  5.<;^.1S.4.#.\..
scm_1       | 2023-01-31 07:47:13,459 [main] INFO server.GrpcService: 6dfb726e-350e-430b-835b-cf79da791979: shutdown server GrpcServerProtocolService now
datanode_2  | 2023-01-31 07:47:49,218 [main] INFO server.RaftServerConfigKeys: raft.server.data-stream.async.request.thread.pool.cached = false (default)
om_1        | 2023-01-31 07:47:59,177 [main] WARN server.ServerUtils: ozone.om.db.dirs is not configured. We recommend adding this setting. Falling back to ozone.metadata.dirs instead.
recon_1     |   Signature Algorithm: SHA256withRSA, OID = 1.2.840.113549.1.1.11
recon_1     | 
recon_1     |   Key:  Sun RSA public key, 2048 bits
recon_1     |   params: null
recon_1     |   modulus: 23036491351279151275289552169512011445576235969947737285795603626053255674345415665911264295441618643374093808132554213265852610808954313875728282743492954427693619046254688291826444767439082070711866954329782456801119280112307335082214381566714044974419038715145108183546452534704016989346346552820753747886282395823038375039490873349851381950610461844127615409701611638591461441941425760517093777744931182283397530420737226021760729842378922097505581566589797408354076882324620924040496718808343878297715405879532931488377281055811727799438110251714027235301099819820339650262093221912867540240238448097777797715979
recon_1     |   public exponent: 65537
recon_1     |   Validity: [From: Tue Jan 31 00:00:00 UTC 2023,
recon_1     |                To: Wed Jan 31 00:00:00 UTC 2024]
recon_1     |   Issuer: O=CID-5128c6ec-f311-4d77-b590-370d3e099e21, OU=6dfb726e-350e-430b-835b-cf79da791979, CN=scm-sub@scm
datanode_1  | 00C0: 84 F1 E0 22 F9 B5 0F 4D   53 CD B8 C8 87 A7 C6 00  ..."...MS.......
datanode_1  | 00D0: 14 59 92 E4 09 70 34 5F   F6 3A 36 35 EA BE 89 4F  .Y...p4_.:65...O
datanode_3  | 00F0: 15 49 DC 0A 5D 73 52 71   24 93 F9 48 0D 06 74 D1  .I..]sRq$..H..t.
kdc_1       | Jan 31 08:03:30 kdc krb5kdc[7](info): TGS_REQ (6 etypes {aes256-cts-hmac-sha1-96(18), aes128-cts-hmac-sha1-96(17), aes256-cts-hmac-sha384-192(20), aes128-cts-hmac-sha256-128(19), DEPRECATED:des3-cbc-sha1(16), DEPRECATED:arcfour-hmac(23)}) 172.18.0.4: ISSUE: authtime 1675152082, etypes {rep=aes256-cts-hmac-sha1-96(18), tkt=aes256-cts-hmac-sha1-96(18), ses=aes256-cts-hmac-sha1-96(18)}, testuser/scm@EXAMPLE.COM for om/om@EXAMPLE.COM
kdc_1       | Jan 31 08:03:40 kdc krb5kdc[7](info): TGS_REQ (6 etypes {aes256-cts-hmac-sha1-96(18), aes128-cts-hmac-sha1-96(17), aes256-cts-hmac-sha384-192(20), aes128-cts-hmac-sha256-128(19), DEPRECATED:des3-cbc-sha1(16), DEPRECATED:arcfour-hmac(23)}) 172.18.0.4: ISSUE: authtime 1675152082, etypes {rep=aes256-cts-hmac-sha1-96(18), tkt=aes256-cts-hmac-sha1-96(18), ses=aes256-cts-hmac-sha1-96(18)}, testuser/scm@EXAMPLE.COM for om/om@EXAMPLE.COM
datanode_2  | 2023-01-31 07:47:49,218 [main] INFO server.RaftServerConfigKeys: raft.server.data-stream.async.request.thread.pool.size = 20 (custom)
om_1        | 2023-01-31 07:48:00,632 [main] INFO proxy.SCMBlockLocationFailoverProxyProvider: Created block location fail-over proxy with 1 nodes: [nodeId=scmNodeId,nodeAddress=scm/172.18.0.4:9863]
datanode_3  | 
kdc_1       | Jan 31 08:03:46 kdc krb5kdc[7](info): TGS_REQ (6 etypes {aes256-cts-hmac-sha1-96(18), aes128-cts-hmac-sha1-96(17), aes256-cts-hmac-sha384-192(20), aes128-cts-hmac-sha256-128(19), DEPRECATED:des3-cbc-sha1(16), DEPRECATED:arcfour-hmac(23)}) 172.18.0.4: ISSUE: authtime 1675152082, etypes {rep=aes256-cts-hmac-sha1-96(18), tkt=aes256-cts-hmac-sha1-96(18), ses=aes256-cts-hmac-sha1-96(18)}, testuser/scm@EXAMPLE.COM for om/om@EXAMPLE.COM
kdc_1       | Jan 31 08:03:52 kdc krb5kdc[7](info): TGS_REQ (6 etypes {aes256-cts-hmac-sha1-96(18), aes128-cts-hmac-sha1-96(17), aes256-cts-hmac-sha384-192(20), aes128-cts-hmac-sha256-128(19), DEPRECATED:des3-cbc-sha1(16), DEPRECATED:arcfour-hmac(23)}) 172.18.0.4: ISSUE: authtime 1675152082, etypes {rep=aes256-cts-hmac-sha1-96(18), tkt=aes256-cts-hmac-sha1-96(18), ses=aes256-cts-hmac-sha1-96(18)}, testuser/scm@EXAMPLE.COM for om/om@EXAMPLE.COM
datanode_2  | 2023-01-31 07:47:49,219 [main] INFO server.RaftServerConfigKeys: raft.server.data-stream.async.write.thread.pool.size = 16 (default)
om_1        | 2023-01-31 07:48:00,915 [main] INFO proxy.SCMBlockLocationFailoverProxyProvider: Created block location fail-over proxy with 1 nodes: [nodeId=scmNodeId,nodeAddress=scm/172.18.0.4:9863]
datanode_3  | ] from file:/data/metadata/dn/certs/488015668949.crt.
kdc_1       | Jan 31 08:04:02 kdc krb5kdc[7](info): TGS_REQ (6 etypes {aes256-cts-hmac-sha1-96(18), aes128-cts-hmac-sha1-96(17), aes256-cts-hmac-sha384-192(20), aes128-cts-hmac-sha256-128(19), DEPRECATED:des3-cbc-sha1(16), DEPRECATED:arcfour-hmac(23)}) 172.18.0.4: ISSUE: authtime 1675152082, etypes {rep=aes256-cts-hmac-sha1-96(18), tkt=aes256-cts-hmac-sha1-96(18), ses=aes256-cts-hmac-sha1-96(18)}, testuser/scm@EXAMPLE.COM for om/om@EXAMPLE.COM
kdc_1       | Jan 31 08:04:12 kdc krb5kdc[7](info): TGS_REQ (6 etypes {aes256-cts-hmac-sha1-96(18), aes128-cts-hmac-sha1-96(17), aes256-cts-hmac-sha384-192(20), aes128-cts-hmac-sha256-128(19), DEPRECATED:des3-cbc-sha1(16), DEPRECATED:arcfour-hmac(23)}) 172.18.0.4: ISSUE: authtime 1675152082, etypes {rep=aes256-cts-hmac-sha1-96(18), tkt=aes256-cts-hmac-sha1-96(18), ses=aes256-cts-hmac-sha1-96(18)}, testuser/scm@EXAMPLE.COM for om/om@EXAMPLE.COM
datanode_2  | 2023-01-31 07:47:49,220 [main] INFO server.RaftServerConfigKeys: raft.server.data-stream.client.pool.size = 10 (default)
datanode_2  | 2023-01-31 07:47:49,267 [main] INFO netty.NettyConfigKeys$DataStream: raft.netty.dataStream.server.use-epoll = false (default)
scm_1       | 2023-01-31 07:47:13,459 [6dfb726e-350e-430b-835b-cf79da791979-impl-thread1] INFO server.RaftServer$Division: 6dfb726e-350e-430b-835b-cf79da791979@group-370D3E099E21: shutdown
datanode_3  | 2023-01-31 07:47:31,035 [main] INFO client.DNCertificateClient: Added certificate [
datanode_3  | [
datanode_3  |   Version: V3
datanode_3  |   Subject: O=CID-5128c6ec-f311-4d77-b590-370d3e099e21, OU=6dfb726e-350e-430b-835b-cf79da791979, CN=scm-sub@scm
kdc_1       | Jan 31 08:04:18 kdc krb5kdc[7](info): TGS_REQ (6 etypes {aes256-cts-hmac-sha1-96(18), aes128-cts-hmac-sha1-96(17), aes256-cts-hmac-sha384-192(20), aes128-cts-hmac-sha256-128(19), DEPRECATED:des3-cbc-sha1(16), DEPRECATED:arcfour-hmac(23)}) 172.18.0.4: ISSUE: authtime 1675152082, etypes {rep=aes256-cts-hmac-sha1-96(18), tkt=aes256-cts-hmac-sha1-96(18), ses=aes256-cts-hmac-sha1-96(18)}, testuser/scm@EXAMPLE.COM for om/om@EXAMPLE.COM
scm_1       | 2023-01-31 07:47:13,460 [6dfb726e-350e-430b-835b-cf79da791979-impl-thread1] INFO util.JmxRegister: Successfully un-registered JMX Bean with object name Ratis:service=RaftServer,group=group-370D3E099E21,id=6dfb726e-350e-430b-835b-cf79da791979
scm_1       | 2023-01-31 07:47:13,460 [6dfb726e-350e-430b-835b-cf79da791979-impl-thread1] INFO impl.RoleInfo: 6dfb726e-350e-430b-835b-cf79da791979: shutdown 6dfb726e-350e-430b-835b-cf79da791979@group-370D3E099E21-LeaderStateImpl
datanode_3  |   Signature Algorithm: SHA256withRSA, OID = 1.2.840.113549.1.1.11
datanode_3  | 
datanode_3  |   Key:  Sun RSA public key, 2048 bits
datanode_1  | 00E0: 86 6E 2C 76 69 20 A7 DA   4E 95 4F F2 8F AA 84 5C  .n,vi ..N.O....\
datanode_1  | 00F0: CA FA 84 4A B6 18 EE 53   EB 13 E4 6D 1E EC E9 B7  ...J...S...m....
datanode_1  | 
kdc_1       | Jan 31 08:04:25 kdc krb5kdc[7](info): TGS_REQ (6 etypes {aes256-cts-hmac-sha1-96(18), aes128-cts-hmac-sha1-96(17), aes256-cts-hmac-sha384-192(20), aes128-cts-hmac-sha256-128(19), DEPRECATED:des3-cbc-sha1(16), DEPRECATED:arcfour-hmac(23)}) 172.18.0.4: ISSUE: authtime 1675152082, etypes {rep=aes256-cts-hmac-sha1-96(18), tkt=aes256-cts-hmac-sha1-96(18), ses=aes256-cts-hmac-sha1-96(18)}, testuser/scm@EXAMPLE.COM for om/om@EXAMPLE.COM
om_1        | 2023-01-31 07:48:04,215 [main] INFO om.OzoneManager: OzoneManager ports added:[name: "RPC"
datanode_1  | ] from file:/data/metadata/dn/certs/488772207169.crt.
scm_1       | 2023-01-31 07:47:13,472 [6dfb726e-350e-430b-835b-cf79da791979-impl-thread1] INFO impl.PendingRequests: 6dfb726e-350e-430b-835b-cf79da791979@group-370D3E099E21-PendingRequests: sendNotLeaderResponses
om_1        | value: 9862
datanode_1  | 2023-01-31 07:47:31,999 [main] INFO client.DNCertificateClient: Added certificate [
scm_1       | 2023-01-31 07:47:13,482 [main] INFO server.GrpcService: 6dfb726e-350e-430b-835b-cf79da791979: shutdown server GrpcServerProtocolService successfully
kdc_1       | Jan 31 08:04:34 kdc krb5kdc[7](info): TGS_REQ (6 etypes {aes256-cts-hmac-sha1-96(18), aes128-cts-hmac-sha1-96(17), aes256-cts-hmac-sha384-192(20), aes128-cts-hmac-sha256-128(19), DEPRECATED:des3-cbc-sha1(16), DEPRECATED:arcfour-hmac(23)}) 172.18.0.4: ISSUE: authtime 1675152082, etypes {rep=aes256-cts-hmac-sha1-96(18), tkt=aes256-cts-hmac-sha1-96(18), ses=aes256-cts-hmac-sha1-96(18)}, testuser/scm@EXAMPLE.COM for om/om@EXAMPLE.COM
om_1        | ]
recon_1     |   SerialNumber: [    71daa753 51]
scm_1       | 2023-01-31 07:47:13,483 [6dfb726e-350e-430b-835b-cf79da791979-NettyServerStreamRpc-bossGroup--thread1] INFO logging.LoggingHandler: [id: 0x11921b72, L:/0.0.0.0:38771] CLOSE
kdc_1       | Jan 31 08:04:42 kdc krb5kdc[7](info): TGS_REQ (6 etypes {aes256-cts-hmac-sha1-96(18), aes128-cts-hmac-sha1-96(17), aes256-cts-hmac-sha384-192(20), aes128-cts-hmac-sha256-128(19), DEPRECATED:des3-cbc-sha1(16), DEPRECATED:arcfour-hmac(23)}) 172.18.0.4: ISSUE: authtime 1675152082, etypes {rep=aes256-cts-hmac-sha1-96(18), tkt=aes256-cts-hmac-sha1-96(18), ses=aes256-cts-hmac-sha1-96(18)}, testuser/scm@EXAMPLE.COM for om/om@EXAMPLE.COM
datanode_2  | 2023-01-31 07:47:49,268 [main] INFO netty.NettyConfigKeys$DataStream: raft.netty.dataStream.server.boss-group.size = 0 (default)
datanode_2  | 2023-01-31 07:47:49,347 [main] INFO netty.NettyConfigKeys$DataStream: raft.netty.dataStream.server.worker-group.size = 0 (default)
om_1        | 2023-01-31 07:48:04,233 [main] INFO security.OMCertificateClient: Loading certificate from location:/data/metadata/om/certs.
datanode_1  | [
datanode_1  |   Version: V3
scm_1       | 2023-01-31 07:47:13,484 [6dfb726e-350e-430b-835b-cf79da791979-NettyServerStreamRpc-bossGroup--thread1] INFO logging.LoggingHandler: [id: 0x11921b72, L:/0.0.0.0:38771] INACTIVE
kdc_1       | Jan 31 08:04:49 kdc krb5kdc[7](info): TGS_REQ (6 etypes {aes256-cts-hmac-sha1-96(18), aes128-cts-hmac-sha1-96(17), aes256-cts-hmac-sha384-192(20), aes128-cts-hmac-sha256-128(19), DEPRECATED:des3-cbc-sha1(16), DEPRECATED:arcfour-hmac(23)}) 172.18.0.4: ISSUE: authtime 1675152082, etypes {rep=aes256-cts-hmac-sha1-96(18), tkt=aes256-cts-hmac-sha1-96(18), ses=aes256-cts-hmac-sha1-96(18)}, testuser/scm@EXAMPLE.COM for om/om@EXAMPLE.COM
datanode_2  | 2023-01-31 07:47:49,349 [main] INFO netty.NettyConfigKeys$DataStream: raft.netty.dataStream.server.tls.conf = GrpcTlsConfig0- (custom)
datanode_2  | 2023-01-31 07:47:49,623 [main] INFO netty.NettyConfigKeys$DataStream: raft.netty.dataStream.host = null (default)
om_1        | 2023-01-31 07:48:04,738 [main] INFO security.OMCertificateClient: Added certificate [
recon_1     | 
datanode_1  |   Subject: O=CID-5128c6ec-f311-4d77-b590-370d3e099e21, OU=6dfb726e-350e-430b-835b-cf79da791979, CN=scm-sub@scm
scm_1       | 2023-01-31 07:47:13,484 [6dfb726e-350e-430b-835b-cf79da791979-NettyServerStreamRpc-bossGroup--thread1] INFO logging.LoggingHandler: [id: 0x11921b72, L:/0.0.0.0:38771] UNREGISTERED
kdc_1       | Jan 31 08:04:55 kdc krb5kdc[7](info): TGS_REQ (6 etypes {aes256-cts-hmac-sha1-96(18), aes128-cts-hmac-sha1-96(17), aes256-cts-hmac-sha384-192(20), aes128-cts-hmac-sha256-128(19), DEPRECATED:des3-cbc-sha1(16), DEPRECATED:arcfour-hmac(23)}) 172.18.0.4: ISSUE: authtime 1675152082, etypes {rep=aes256-cts-hmac-sha1-96(18), tkt=aes256-cts-hmac-sha1-96(18), ses=aes256-cts-hmac-sha1-96(18)}, testuser/scm@EXAMPLE.COM for om/om@EXAMPLE.COM
om_1        | [
recon_1     | Certificate Extensions: 2
recon_1     | [1]: ObjectId: 2.5.29.15 Criticality=true
scm_1       | 2023-01-31 07:47:13,486 [6dfb726e-350e-430b-835b-cf79da791979@group-370D3E099E21-StateMachineUpdater] INFO impl.StateMachineUpdater: 6dfb726e-350e-430b-835b-cf79da791979@group-370D3E099E21-StateMachineUpdater: Took a snapshot at index 0
kdc_1       | Jan 31 08:05:02 kdc krb5kdc[7](info): TGS_REQ (6 etypes {aes256-cts-hmac-sha1-96(18), aes128-cts-hmac-sha1-96(17), aes256-cts-hmac-sha384-192(20), aes128-cts-hmac-sha256-128(19), DEPRECATED:des3-cbc-sha1(16), DEPRECATED:arcfour-hmac(23)}) 172.18.0.4: ISSUE: authtime 1675152082, etypes {rep=aes256-cts-hmac-sha1-96(18), tkt=aes256-cts-hmac-sha1-96(18), ses=aes256-cts-hmac-sha1-96(18)}, testuser/scm@EXAMPLE.COM for om/om@EXAMPLE.COM
kdc_1       | Jan 31 08:05:09 kdc krb5kdc[7](info): TGS_REQ (6 etypes {aes256-cts-hmac-sha1-96(18), aes128-cts-hmac-sha1-96(17), aes256-cts-hmac-sha384-192(20), aes128-cts-hmac-sha256-128(19), DEPRECATED:des3-cbc-sha1(16), DEPRECATED:arcfour-hmac(23)}) 172.18.0.4: ISSUE: authtime 1675152082, etypes {rep=aes256-cts-hmac-sha1-96(18), tkt=aes256-cts-hmac-sha1-96(18), ses=aes256-cts-hmac-sha1-96(18)}, testuser/scm@EXAMPLE.COM for om/om@EXAMPLE.COM
kdc_1       | Jan 31 08:05:15 kdc krb5kdc[7](info): TGS_REQ (6 etypes {aes256-cts-hmac-sha1-96(18), aes128-cts-hmac-sha1-96(17), aes256-cts-hmac-sha384-192(20), aes128-cts-hmac-sha256-128(19), DEPRECATED:des3-cbc-sha1(16), DEPRECATED:arcfour-hmac(23)}) 172.18.0.4: ISSUE: authtime 1675152082, etypes {rep=aes256-cts-hmac-sha1-96(18), tkt=aes256-cts-hmac-sha1-96(18), ses=aes256-cts-hmac-sha1-96(18)}, testuser/scm@EXAMPLE.COM for om/om@EXAMPLE.COM
kdc_1       | Jan 31 08:05:21 kdc krb5kdc[7](info): TGS_REQ (6 etypes {aes256-cts-hmac-sha1-96(18), aes128-cts-hmac-sha1-96(17), aes256-cts-hmac-sha384-192(20), aes128-cts-hmac-sha256-128(19), DEPRECATED:des3-cbc-sha1(16), DEPRECATED:arcfour-hmac(23)}) 172.18.0.4: ISSUE: authtime 1675152082, etypes {rep=aes256-cts-hmac-sha1-96(18), tkt=aes256-cts-hmac-sha1-96(18), ses=aes256-cts-hmac-sha1-96(18)}, testuser/scm@EXAMPLE.COM for om/om@EXAMPLE.COM
kdc_1       | Jan 31 08:05:27 kdc krb5kdc[7](info): TGS_REQ (6 etypes {aes256-cts-hmac-sha1-96(18), aes128-cts-hmac-sha1-96(17), aes256-cts-hmac-sha384-192(20), aes128-cts-hmac-sha256-128(19), DEPRECATED:des3-cbc-sha1(16), DEPRECATED:arcfour-hmac(23)}) 172.18.0.4: ISSUE: authtime 1675152082, etypes {rep=aes256-cts-hmac-sha1-96(18), tkt=aes256-cts-hmac-sha1-96(18), ses=aes256-cts-hmac-sha1-96(18)}, testuser/scm@EXAMPLE.COM for om/om@EXAMPLE.COM
recon_1     | KeyUsage [
recon_1     |   DigitalSignature
scm_1       | 2023-01-31 07:47:13,486 [6dfb726e-350e-430b-835b-cf79da791979@group-370D3E099E21-StateMachineUpdater] INFO impl.StateMachineUpdater: 6dfb726e-350e-430b-835b-cf79da791979@group-370D3E099E21-StateMachineUpdater: snapshotIndex: updateIncreasingly -1 -> 0
om_1        |   Version: V3
kdc_1       | Jan 31 08:05:34 kdc krb5kdc[7](info): TGS_REQ (6 etypes {aes256-cts-hmac-sha1-96(18), aes128-cts-hmac-sha1-96(17), aes256-cts-hmac-sha384-192(20), aes128-cts-hmac-sha256-128(19), DEPRECATED:des3-cbc-sha1(16), DEPRECATED:arcfour-hmac(23)}) 172.18.0.4: ISSUE: authtime 1675152082, etypes {rep=aes256-cts-hmac-sha1-96(18), tkt=aes256-cts-hmac-sha1-96(18), ses=aes256-cts-hmac-sha1-96(18)}, testuser/scm@EXAMPLE.COM for om/om@EXAMPLE.COM
kdc_1       | Jan 31 08:05:40 kdc krb5kdc[7](info): TGS_REQ (6 etypes {aes256-cts-hmac-sha1-96(18), aes128-cts-hmac-sha1-96(17), aes256-cts-hmac-sha384-192(20), aes128-cts-hmac-sha256-128(19), DEPRECATED:des3-cbc-sha1(16), DEPRECATED:arcfour-hmac(23)}) 172.18.0.4: ISSUE: authtime 1675152082, etypes {rep=aes256-cts-hmac-sha1-96(18), tkt=aes256-cts-hmac-sha1-96(18), ses=aes256-cts-hmac-sha1-96(18)}, testuser/scm@EXAMPLE.COM for om/om@EXAMPLE.COM
kdc_1       | Jan 31 08:05:46 kdc krb5kdc[7](info): TGS_REQ (6 etypes {aes256-cts-hmac-sha1-96(18), aes128-cts-hmac-sha1-96(17), aes256-cts-hmac-sha384-192(20), aes128-cts-hmac-sha256-128(19), DEPRECATED:des3-cbc-sha1(16), DEPRECATED:arcfour-hmac(23)}) 172.18.0.4: ISSUE: authtime 1675152082, etypes {rep=aes256-cts-hmac-sha1-96(18), tkt=aes256-cts-hmac-sha1-96(18), ses=aes256-cts-hmac-sha1-96(18)}, testuser/scm@EXAMPLE.COM for om/om@EXAMPLE.COM
kdc_1       | Jan 31 08:05:53 kdc krb5kdc[7](info): TGS_REQ (6 etypes {aes256-cts-hmac-sha1-96(18), aes128-cts-hmac-sha1-96(17), aes256-cts-hmac-sha384-192(20), aes128-cts-hmac-sha256-128(19), DEPRECATED:des3-cbc-sha1(16), DEPRECATED:arcfour-hmac(23)}) 172.18.0.4: ISSUE: authtime 1675152082, etypes {rep=aes256-cts-hmac-sha1-96(18), tkt=aes256-cts-hmac-sha1-96(18), ses=aes256-cts-hmac-sha1-96(18)}, testuser/scm@EXAMPLE.COM for om/om@EXAMPLE.COM
recon_1     |   Key_Encipherment
recon_1     |   Data_Encipherment
scm_1       | 2023-01-31 07:47:13,489 [6dfb726e-350e-430b-835b-cf79da791979-impl-thread1] INFO impl.StateMachineUpdater: 6dfb726e-350e-430b-835b-cf79da791979@group-370D3E099E21-StateMachineUpdater: set stopIndex = 0
scm_1       | 2023-01-31 07:47:13,496 [6dfb726e-350e-430b-835b-cf79da791979-impl-thread1] INFO server.RaftServer$Division: 6dfb726e-350e-430b-835b-cf79da791979@group-370D3E099E21: closes. applyIndex: 0
kdc_1       | Jan 31 08:06:00 kdc krb5kdc[7](info): TGS_REQ (6 etypes {aes256-cts-hmac-sha1-96(18), aes128-cts-hmac-sha1-96(17), aes256-cts-hmac-sha384-192(20), aes128-cts-hmac-sha256-128(19), DEPRECATED:des3-cbc-sha1(16), DEPRECATED:arcfour-hmac(23)}) 172.18.0.4: ISSUE: authtime 1675152082, etypes {rep=aes256-cts-hmac-sha1-96(18), tkt=aes256-cts-hmac-sha1-96(18), ses=aes256-cts-hmac-sha1-96(18)}, testuser/scm@EXAMPLE.COM for om/om@EXAMPLE.COM
kdc_1       | Jan 31 08:06:06 kdc krb5kdc[7](info): TGS_REQ (6 etypes {aes256-cts-hmac-sha1-96(18), aes128-cts-hmac-sha1-96(17), aes256-cts-hmac-sha384-192(20), aes128-cts-hmac-sha256-128(19), DEPRECATED:des3-cbc-sha1(16), DEPRECATED:arcfour-hmac(23)}) 172.18.0.4: ISSUE: authtime 1675152082, etypes {rep=aes256-cts-hmac-sha1-96(18), tkt=aes256-cts-hmac-sha1-96(18), ses=aes256-cts-hmac-sha1-96(18)}, testuser/scm@EXAMPLE.COM for om/om@EXAMPLE.COM
kdc_1       | Jan 31 08:06:11 kdc krb5kdc[7](info): TGS_REQ (6 etypes {aes256-cts-hmac-sha1-96(18), aes128-cts-hmac-sha1-96(17), aes256-cts-hmac-sha384-192(20), aes128-cts-hmac-sha256-128(19), DEPRECATED:des3-cbc-sha1(16), DEPRECATED:arcfour-hmac(23)}) 172.18.0.4: ISSUE: authtime 1675152082, etypes {rep=aes256-cts-hmac-sha1-96(18), tkt=aes256-cts-hmac-sha1-96(18), ses=aes256-cts-hmac-sha1-96(18)}, testuser/scm@EXAMPLE.COM for om/om@EXAMPLE.COM
kdc_1       | Jan 31 08:06:18 kdc krb5kdc[7](info): TGS_REQ (6 etypes {aes256-cts-hmac-sha1-96(18), aes128-cts-hmac-sha1-96(17), aes256-cts-hmac-sha384-192(20), aes128-cts-hmac-sha256-128(19), DEPRECATED:des3-cbc-sha1(16), DEPRECATED:arcfour-hmac(23)}) 172.18.0.4: ISSUE: authtime 1675152082, etypes {rep=aes256-cts-hmac-sha1-96(18), tkt=aes256-cts-hmac-sha1-96(18), ses=aes256-cts-hmac-sha1-96(18)}, testuser/scm@EXAMPLE.COM for om/om@EXAMPLE.COM
recon_1     |   Key_Agreement
recon_1     | ]
scm_1       | 2023-01-31 07:47:13,503 [6dfb726e-350e-430b-835b-cf79da791979@group-370D3E099E21-SegmentedRaftLogWorker] INFO segmented.SegmentedRaftLogWorker: 6dfb726e-350e-430b-835b-cf79da791979@group-370D3E099E21-SegmentedRaftLogWorker was interrupted, exiting. There are 0 tasks remaining in the queue.
om_1        |   Subject: O=CID-5128c6ec-f311-4d77-b590-370d3e099e21, OU=6dfb726e-350e-430b-835b-cf79da791979, CN=scm@scm
kdc_1       | Jan 31 08:06:22 kdc krb5kdc[7](info): AS_REQ (8 etypes {aes256-cts-hmac-sha1-96(18), aes128-cts-hmac-sha1-96(17), aes256-cts-hmac-sha384-192(20), aes128-cts-hmac-sha256-128(19), DEPRECATED:des3-cbc-sha1(16), DEPRECATED:arcfour-hmac(23), camellia128-cts-cmac(25), camellia256-cts-cmac(26)}) 172.18.0.4: ISSUE: authtime 1675152382, etypes {rep=aes256-cts-hmac-sha1-96(18), tkt=aes256-cts-hmac-sha1-96(18), ses=aes256-cts-hmac-sha1-96(18)}, testuser/scm@EXAMPLE.COM for krbtgt/EXAMPLE.COM@EXAMPLE.COM
datanode_1  |   Signature Algorithm: SHA256withRSA, OID = 1.2.840.113549.1.1.11
datanode_1  | 
scm_1       | 2023-01-31 07:47:13,517 [6dfb726e-350e-430b-835b-cf79da791979-impl-thread1] INFO segmented.SegmentedRaftLogWorker: 6dfb726e-350e-430b-835b-cf79da791979@group-370D3E099E21-SegmentedRaftLogWorker close()
om_1        |   Signature Algorithm: SHA256withRSA, OID = 1.2.840.113549.1.1.11
kdc_1       | Jan 31 08:06:26 kdc krb5kdc[7](info): TGS_REQ (6 etypes {aes256-cts-hmac-sha1-96(18), aes128-cts-hmac-sha1-96(17), aes256-cts-hmac-sha384-192(20), aes128-cts-hmac-sha256-128(19), DEPRECATED:des3-cbc-sha1(16), DEPRECATED:arcfour-hmac(23)}) 172.18.0.4: ISSUE: authtime 1675152382, etypes {rep=aes256-cts-hmac-sha1-96(18), tkt=aes256-cts-hmac-sha1-96(18), ses=aes256-cts-hmac-sha1-96(18)}, testuser/scm@EXAMPLE.COM for om/om@EXAMPLE.COM
datanode_3  |   params: null
recon_1     | 
recon_1     | [2]: ObjectId: 2.5.29.17 Criticality=false
scm_1       | 2023-01-31 07:47:13,520 [JvmPauseMonitor0] INFO util.JvmPauseMonitor: JvmPauseMonitor-6dfb726e-350e-430b-835b-cf79da791979: Stopped
om_1        | 
kdc_1       | Jan 31 08:06:31 kdc krb5kdc[7](info): TGS_REQ (6 etypes {aes256-cts-hmac-sha1-96(18), aes128-cts-hmac-sha1-96(17), aes256-cts-hmac-sha384-192(20), aes128-cts-hmac-sha256-128(19), DEPRECATED:des3-cbc-sha1(16), DEPRECATED:arcfour-hmac(23)}) 172.18.0.4: ISSUE: authtime 1675152382, etypes {rep=aes256-cts-hmac-sha1-96(18), tkt=aes256-cts-hmac-sha1-96(18), ses=aes256-cts-hmac-sha1-96(18)}, testuser/scm@EXAMPLE.COM for om/om@EXAMPLE.COM
kdc_1       | Jan 31 08:06:37 kdc krb5kdc[7](info): TGS_REQ (6 etypes {aes256-cts-hmac-sha1-96(18), aes128-cts-hmac-sha1-96(17), aes256-cts-hmac-sha384-192(20), aes128-cts-hmac-sha256-128(19), DEPRECATED:des3-cbc-sha1(16), DEPRECATED:arcfour-hmac(23)}) 172.18.0.4: ISSUE: authtime 1675152382, etypes {rep=aes256-cts-hmac-sha1-96(18), tkt=aes256-cts-hmac-sha1-96(18), ses=aes256-cts-hmac-sha1-96(18)}, testuser/scm@EXAMPLE.COM for om/om@EXAMPLE.COM
datanode_2  | 2023-01-31 07:47:49,627 [main] INFO netty.NettyConfigKeys$DataStream: raft.netty.dataStream.port = 9855 (custom)
datanode_2  | 2023-01-31 07:47:50,079 [main] INFO server.RaftServerConfigKeys: raft.server.threadpool.proxy.cached = true (default)
recon_1     | SubjectAlternativeName [
recon_1     |   IPAddress: 172.18.0.3
scm_1       | 2023-01-31 07:47:13,521 [main] WARN server.ServerUtils: ozone.scm.db.dirs is not configured. We recommend adding this setting. Falling back to ozone.metadata.dirs instead.
om_1        |   Key:  Sun RSA public key, 2048 bits
datanode_3  |   modulus: 21839311498419451799433876903294052256117987518486748454425344509701319626060443054483593088214991524142839748338920791686728974018049225065317137235161680219333048021725533961054801273753044216325584875209393757958336911466534467598973117739939090025889161761364484331917543565376987818102646101618742624221922139462478240903980211528392124818767343209865282148575638299705707953189878866510751533355076734455084748058816891331236509420602490956071064271595190837734857306463923270847678378935598367816595968671034414744254962577523006139113115930489491729442469612162892236627521860724497123436434383248602133906293
datanode_3  |   public exponent: 65537
datanode_3  |   Validity: [From: Tue Jan 31 00:00:00 UTC 2023,
datanode_3  |                To: Fri Mar 10 00:00:00 UTC 2028]
recon_1     | ]
recon_1     | 
scm_1       | 2023-01-31 07:47:13,527 [main] INFO server.StorageContainerManager: SCM initialization succeeded. Current cluster id for sd=/data/metadata/scm; cid=CID-5128c6ec-f311-4d77-b590-370d3e099e21; layoutVersion=4; scmId=6dfb726e-350e-430b-835b-cf79da791979
om_1        |   params: null
om_1        |   modulus: 25676308339770250972219436590984425646136236434047221822595011132161233968037993034350491579435918386240707377161976826322160646191473048400368941488234131435849149435679797560506687778467673432563319990491122370230542241955795045376436638063903171948344576341952124074410237013895540216288607458660302565144570139667838403315341858368899581424615666040027512718084905608021622161381528589575068134853393147619255635769481431178194714733898872750115001908286617077411139407275626202967161338165440275783306528399726402541949190654747896983468163650149286860456712986952478232505752835748759510783908172297771387257797
recon_1     | ]
recon_1     |   Algorithm: [SHA256withRSA]
scm_1       | 2023-01-31 07:47:14,521 [shutdown-hook-0] INFO server.StorageContainerManagerStarter: SHUTDOWN_MSG: 
datanode_3  |   Issuer: O=CID-5128c6ec-f311-4d77-b590-370d3e099e21, OU=6dfb726e-350e-430b-835b-cf79da791979, CN=scm@scm
datanode_3  |   SerialNumber: [    6c0d0934 9f]
datanode_3  | 
om_1        |   public exponent: 65537
om_1        |   Validity: [From: Tue Jan 31 00:00:00 UTC 2023,
om_1        |                To: Fri Mar 10 00:00:00 UTC 2028]
recon_1     |   Signature:
om_1        |   Issuer: O=CID-5128c6ec-f311-4d77-b590-370d3e099e21, OU=6dfb726e-350e-430b-835b-cf79da791979, CN=scm@scm
datanode_1  |   Key:  Sun RSA public key, 2048 bits
recon_1     | 0000: AA 9A 3F DA 01 2D 50 B2   86 CB 9A A7 0A 8C 03 C7  ..?..-P.........
om_1        |   SerialNumber: [    01]
datanode_1  |   params: null
recon_1     | 0010: FE D8 0E CE EF 35 40 51   1A 0D 85 DE 42 FC F0 ED  .....5@Q....B...
om_1        | 
datanode_1  |   modulus: 21839311498419451799433876903294052256117987518486748454425344509701319626060443054483593088214991524142839748338920791686728974018049225065317137235161680219333048021725533961054801273753044216325584875209393757958336911466534467598973117739939090025889161761364484331917543565376987818102646101618742624221922139462478240903980211528392124818767343209865282148575638299705707953189878866510751533355076734455084748058816891331236509420602490956071064271595190837734857306463923270847678378935598367816595968671034414744254962577523006139113115930489491729442469612162892236627521860724497123436434383248602133906293
datanode_2  | 2023-01-31 07:47:50,080 [main] INFO server.RaftServerConfigKeys: raft.server.threadpool.proxy.size = 0 (default)
datanode_2  | 2023-01-31 07:47:50,085 [main] INFO server.RaftServerConfigKeys: raft.server.rpc.slowness.timeout = 300s (custom)
datanode_2  | 2023-01-31 07:47:50,085 [main] INFO server.RaftServerConfigKeys: raft.server.leaderelection.leader.step-down.wait-time = 10s (default)
datanode_2  | 2023-01-31 07:47:50,147 [main] INFO server.RaftServerConfigKeys: raft.server.storage.dir = [/data/metadata/ratis] (custom)
recon_1     | 0020: BD F2 8C 2C E4 D8 56 BA   0B 02 13 69 79 B1 7D 23  ...,..V....iy..#
om_1        | Certificate Extensions: 3
datanode_1  |   public exponent: 65537
recon_1     | 0030: EE F2 BA AE BF 5B 96 B2   61 66 70 39 57 4F 81 6A  .....[..afp9WO.j
recon_1     | 0040: 88 24 A5 46 07 B9 51 94   A1 C9 8E 37 82 72 63 70  .$.F..Q....7.rcp
datanode_1  |   Validity: [From: Tue Jan 31 00:00:00 UTC 2023,
datanode_1  |                To: Fri Mar 10 00:00:00 UTC 2028]
datanode_3  | Certificate Extensions: 3
datanode_3  | [1]: ObjectId: 2.5.29.19 Criticality=true
datanode_3  | BasicConstraints:[
datanode_3  |   CA:true
datanode_1  |   Issuer: O=CID-5128c6ec-f311-4d77-b590-370d3e099e21, OU=6dfb726e-350e-430b-835b-cf79da791979, CN=scm@scm
datanode_2  | 2023-01-31 07:47:50,330 [1e69a4e3-5301-4460-8965-9fee5bf32e29-NettyServerStreamRpc-bossGroup--thread1] INFO logging.LoggingHandler: [id: 0x729fdab6] REGISTERED
datanode_2  | 2023-01-31 07:47:50,362 [1e69a4e3-5301-4460-8965-9fee5bf32e29-NettyServerStreamRpc-bossGroup--thread1] INFO logging.LoggingHandler: [id: 0x729fdab6] BIND: 0.0.0.0/0.0.0.0:9855
datanode_3  |   PathLen:2147483647
datanode_3  | ]
datanode_3  | 
datanode_3  | [2]: ObjectId: 2.5.29.15 Criticality=true
datanode_3  | KeyUsage [
datanode_2  | 2023-01-31 07:47:50,367 [1e69a4e3-5301-4460-8965-9fee5bf32e29-NettyServerStreamRpc-bossGroup--thread1] INFO logging.LoggingHandler: [id: 0x729fdab6, L:/0.0.0.0:9855] ACTIVE
datanode_2  | 2023-01-31 07:47:50,885 [main] INFO ssl.PemFileBasedKeyStoresFactory: SERVER KeyStore reloading at 60000 millis.
datanode_3  |   DigitalSignature
recon_1     | 0050: CE 1D 41 FC FD BC B7 69   D1 E8 48 D2 5B C6 09 3F  ..A....i..H.[..?
kdc_1       | Jan 31 08:06:43 kdc krb5kdc[7](info): TGS_REQ (6 etypes {aes256-cts-hmac-sha1-96(18), aes128-cts-hmac-sha1-96(17), aes256-cts-hmac-sha384-192(20), aes128-cts-hmac-sha256-128(19), DEPRECATED:des3-cbc-sha1(16), DEPRECATED:arcfour-hmac(23)}) 172.18.0.4: ISSUE: authtime 1675152382, etypes {rep=aes256-cts-hmac-sha1-96(18), tkt=aes256-cts-hmac-sha1-96(18), ses=aes256-cts-hmac-sha1-96(18)}, testuser/scm@EXAMPLE.COM for om/om@EXAMPLE.COM
kdc_1       | Jan 31 08:06:53 kdc krb5kdc[7](info): TGS_REQ (6 etypes {aes256-cts-hmac-sha1-96(18), aes128-cts-hmac-sha1-96(17), aes256-cts-hmac-sha384-192(20), aes128-cts-hmac-sha256-128(19), DEPRECATED:des3-cbc-sha1(16), DEPRECATED:arcfour-hmac(23)}) 172.18.0.4: ISSUE: authtime 1675152382, etypes {rep=aes256-cts-hmac-sha1-96(18), tkt=aes256-cts-hmac-sha1-96(18), ses=aes256-cts-hmac-sha1-96(18)}, testuser/scm@EXAMPLE.COM for om/om@EXAMPLE.COM
kdc_1       | Jan 31 08:07:00 kdc krb5kdc[7](info): TGS_REQ (6 etypes {aes256-cts-hmac-sha1-96(18), aes128-cts-hmac-sha1-96(17), aes256-cts-hmac-sha384-192(20), aes128-cts-hmac-sha256-128(19), DEPRECATED:des3-cbc-sha1(16), DEPRECATED:arcfour-hmac(23)}) 172.18.0.4: ISSUE: authtime 1675152382, etypes {rep=aes256-cts-hmac-sha1-96(18), tkt=aes256-cts-hmac-sha1-96(18), ses=aes256-cts-hmac-sha1-96(18)}, testuser/scm@EXAMPLE.COM for om/om@EXAMPLE.COM
datanode_1  |   SerialNumber: [    6c0d0934 9f]
scm_1       | /************************************************************
scm_1       | SHUTDOWN_MSG: Shutting down StorageContainerManager at scm/172.18.0.4
kdc_1       | Jan 31 08:07:09 kdc krb5kdc[7](info): TGS_REQ (6 etypes {aes256-cts-hmac-sha1-96(18), aes128-cts-hmac-sha1-96(17), aes256-cts-hmac-sha384-192(20), aes128-cts-hmac-sha256-128(19), DEPRECATED:des3-cbc-sha1(16), DEPRECATED:arcfour-hmac(23)}) 172.18.0.4: ISSUE: authtime 1675152382, etypes {rep=aes256-cts-hmac-sha1-96(18), tkt=aes256-cts-hmac-sha1-96(18), ses=aes256-cts-hmac-sha1-96(18)}, testuser/scm@EXAMPLE.COM for om/om@EXAMPLE.COM
datanode_2  | 2023-01-31 07:47:50,933 [main] INFO ssl.PemFileBasedKeyStoresFactory: SERVER TrustStore reloading at 60000 millis.
om_1        | [1]: ObjectId: 2.5.29.19 Criticality=true
datanode_1  | 
scm_1       | ************************************************************/
scm_1       | No '-XX:...' jvm parameters are set. Adding safer GC settings '-XX:ParallelGCThreads=8 -XX:+UseConcMarkSweepGC -XX:CMSInitiatingOccupancyFraction=70 -XX:+CMSParallelRemarkEnabled' to the OZONE_OPTS
kdc_1       | Jan 31 08:07:15 kdc krb5kdc[7](info): TGS_REQ (6 etypes {aes256-cts-hmac-sha1-96(18), aes128-cts-hmac-sha1-96(17), aes256-cts-hmac-sha384-192(20), aes128-cts-hmac-sha256-128(19), DEPRECATED:des3-cbc-sha1(16), DEPRECATED:arcfour-hmac(23)}) 172.18.0.4: ISSUE: authtime 1675152382, etypes {rep=aes256-cts-hmac-sha1-96(18), tkt=aes256-cts-hmac-sha1-96(18), ses=aes256-cts-hmac-sha1-96(18)}, testuser/scm@EXAMPLE.COM for om/om@EXAMPLE.COM
datanode_2  | 2023-01-31 07:47:50,974 [main] INFO server.XceiverServerGrpc: GrpcServer channel type EpollServerSocketChannel
datanode_2  | 2023-01-31 07:47:52,114 [main] INFO token.OzoneBlockTokenSecretManager: Updating current master key for generating tokens. Cert id 488625236405
datanode_1  | Certificate Extensions: 3
scm_1       | OpenJDK 64-Bit Server VM warning: Option UseConcMarkSweepGC was deprecated in version 9.0 and will likely be removed in a future release.
scm_1       | 2023-01-31 07:47:16,319 [main] INFO server.StorageContainerManagerStarter: STARTUP_MSG: 
kdc_1       | Jan 31 08:07:16 kdc krb5kdc[7](info): AS_REQ (8 etypes {aes256-cts-hmac-sha1-96(18), aes128-cts-hmac-sha1-96(17), aes256-cts-hmac-sha384-192(20), aes128-cts-hmac-sha256-128(19), DEPRECATED:des3-cbc-sha1(16), DEPRECATED:arcfour-hmac(23), camellia128-cts-cmac(25), camellia256-cts-cmac(26)}) 172.18.0.4: ISSUE: authtime 1675152436, etypes {rep=aes256-cts-hmac-sha1-96(18), tkt=aes256-cts-hmac-sha1-96(18), ses=aes256-cts-hmac-sha1-96(18)}, testuser/scm@EXAMPLE.COM for krbtgt/EXAMPLE.COM@EXAMPLE.COM
datanode_2  | 2023-01-31 07:47:52,133 [main] INFO token.ContainerTokenSecretManager: Updating current master key for generating tokens. Cert id 488625236405
om_1        | BasicConstraints:[
datanode_1  | [1]: ObjectId: 2.5.29.19 Criticality=true
scm_1       | /************************************************************
scm_1       | STARTUP_MSG: Starting StorageContainerManager
kdc_1       | Jan 31 08:07:22 kdc krb5kdc[7](info): TGS_REQ (6 etypes {aes256-cts-hmac-sha1-96(18), aes128-cts-hmac-sha1-96(17), aes256-cts-hmac-sha384-192(20), aes128-cts-hmac-sha256-128(19), DEPRECATED:des3-cbc-sha1(16), DEPRECATED:arcfour-hmac(23)}) 172.18.0.4: ISSUE: authtime 1675152436, etypes {rep=aes256-cts-hmac-sha1-96(18), tkt=aes256-cts-hmac-sha1-96(18), ses=aes256-cts-hmac-sha1-96(18)}, testuser/scm@EXAMPLE.COM for om/om@EXAMPLE.COM
datanode_2  | 2023-01-31 07:47:52,561 [main] INFO http.BaseHttpServer: Starting Web-server for hddsDatanode at: http://0.0.0.0:9882
om_1        |   CA:true
datanode_1  | BasicConstraints:[
scm_1       | STARTUP_MSG:   host = scm/172.18.0.4
scm_1       | STARTUP_MSG:   args = []
kdc_1       | Jan 31 08:07:28 kdc krb5kdc[7](info): TGS_REQ (6 etypes {aes256-cts-hmac-sha1-96(18), aes128-cts-hmac-sha1-96(17), aes256-cts-hmac-sha384-192(20), aes128-cts-hmac-sha256-128(19), DEPRECATED:des3-cbc-sha1(16), DEPRECATED:arcfour-hmac(23)}) 172.18.0.4: ISSUE: authtime 1675152436, etypes {rep=aes256-cts-hmac-sha1-96(18), tkt=aes256-cts-hmac-sha1-96(18), ses=aes256-cts-hmac-sha1-96(18)}, testuser/scm@EXAMPLE.COM for om/om@EXAMPLE.COM
datanode_2  | 2023-01-31 07:47:52,561 [main] INFO http.BaseHttpServer: Hadoop Security Enabled: true Ozone Security Enabled: true Ozone HTTP Security Enabled: true 
om_1        |   PathLen:2147483647
datanode_1  |   CA:true
scm_1       | STARTUP_MSG:   version = 1.4.0-SNAPSHOT
scm_1       | STARTUP_MSG:   classpath = /etc/hadoop:/opt/hadoop/share/ozone/lib/kerb-simplekdc-1.0.1.jar:/opt/hadoop/share/ozone/lib/slf4j-reload4j-1.7.36.jar:/opt/hadoop/share/ozone/lib/netty-resolver-4.1.86.Final.jar:/opt/hadoop/share/ozone/lib/protobuf-java-2.5.0.jar:/opt/hadoop/share/ozone/lib/jaxb-core-2.3.0.1.jar:/opt/hadoop/share/ozone/lib/istack-commons-runtime-3.0.5.jar:/opt/hadoop/share/ozone/lib/commons-validator-1.6.jar:/opt/hadoop/share/ozone/lib/hdds-erasurecode-1.4.0-SNAPSHOT.jar:/opt/hadoop/share/ozone/lib/hdds-hadoop-dependency-server-1.4.0-SNAPSHOT.jar:/opt/hadoop/share/ozone/lib/bcpkix-jdk15on-1.67.jar:/opt/hadoop/share/ozone/lib/netty-codec-4.1.86.Final.jar:/opt/hadoop/share/ozone/lib/commons-net-3.9.0.jar:/opt/hadoop/share/ozone/lib/kerb-core-1.0.1.jar:/opt/hadoop/share/ozone/lib/hadoop-shaded-protobuf_3_7-1.1.1.jar:/opt/hadoop/share/ozone/lib/jsr305-3.0.0.jar:/opt/hadoop/share/ozone/lib/j2objc-annotations-1.3.jar:/opt/hadoop/share/ozone/lib/jetty-webapp-9.4.49.v20220914.jar:/opt/hadoop/share/ozone/lib/picocli-4.6.1.jar:/opt/hadoop/share/ozone/lib/javassist-3.21.0-GA.jar:/opt/hadoop/share/ozone/lib/jaxb-api-2.3.0.jar:/opt/hadoop/share/ozone/lib/hdds-interface-admin-1.4.0-SNAPSHOT.jar:/opt/hadoop/share/ozone/lib/commons-codec-1.15.jar:/opt/hadoop/share/ozone/lib/kerb-util-1.0.1.jar:/opt/hadoop/share/ozone/lib/hadoop-shaded-guava-1.1.1.jar:/opt/hadoop/share/ozone/lib/kotlin-stdlib-1.6.21.jar:/opt/hadoop/share/ozone/lib/log4j-core-2.17.1.jar:/opt/hadoop/share/ozone/lib/commons-logging-1.2.jar:/opt/hadoop/share/ozone/lib/ratis-thirdparty-misc-1.0.3.jar:/opt/hadoop/share/ozone/lib/jetty-security-9.4.49.v20220914.jar:/opt/hadoop/share/ozone/lib/accessors-smart-2.4.7.jar:/opt/hadoop/share/ozone/lib/kerby-xdr-1.0.1.jar:/opt/hadoop/share/ozone/lib/txw2-2.3.0.1.jar:/opt/hadoop/share/ozone/lib/httpcore-4.4.13.jar:/opt/hadoop/share/ozone/lib/hdds-container-service-1.4.0-SNAPSHOT.jar:/opt/hadoop/share/ozone/lib/guava-31.1-jre.jar:/opt/hadoop/share/ozone/lib/opentracing-tracerresolver-0.1.8.jar:/opt/hadoop/share/ozone/lib/ratis-grpc-2.4.2-8b8bdda-SNAPSHOT.jar:/opt/hadoop/share/ozone/lib/hadoop-auth-3.3.4.jar:/opt/hadoop/share/ozone/lib/libthrift-0.14.1.jar:/opt/hadoop/share/ozone/lib/stax-ex-1.7.8.jar:/opt/hadoop/share/ozone/lib/error_prone_annotations-2.2.0.jar:/opt/hadoop/share/ozone/lib/hdds-hadoop-dependency-client-1.4.0-SNAPSHOT.jar:/opt/hadoop/share/ozone/lib/zstd-jni-1.5.2-5.jar:/opt/hadoop/share/ozone/lib/httpclient-4.5.13.jar:/opt/hadoop/share/ozone/lib/ratis-proto-2.4.2-8b8bdda-SNAPSHOT.jar:/opt/hadoop/share/ozone/lib/jaeger-client-1.6.0.jar:/opt/hadoop/share/ozone/lib/kerby-config-1.0.1.jar:/opt/hadoop/share/ozone/lib/jackson-annotations-2.13.4.jar:/opt/hadoop/share/ozone/lib/commons-io-2.11.0.jar:/opt/hadoop/share/ozone/lib/metrics-core-3.2.4.jar:/opt/hadoop/share/ozone/lib/hadoop-annotations-3.3.4.jar:/opt/hadoop/share/ozone/lib/kerby-pkix-1.0.1.jar:/opt/hadoop/share/ozone/lib/netty-buffer-4.1.86.Final.jar:/opt/hadoop/share/ozone/lib/jetty-util-9.4.49.v20220914.jar:/opt/hadoop/share/ozone/lib/json-smart-2.4.7.jar:/opt/hadoop/share/ozone/lib/jetty-io-9.4.49.v20220914.jar:/opt/hadoop/share/ozone/lib/jsr311-api-1.1.1.jar:/opt/hadoop/share/ozone/lib/jetty-server-9.4.49.v20220914.jar:/opt/hadoop/share/ozone/lib/commons-beanutils-1.9.4.jar:/opt/hadoop/share/ozone/lib/javax.servlet-api-3.1.0.jar:/opt/hadoop/share/ozone/lib/kerb-server-1.0.1.jar:/opt/hadoop/share/ozone/lib/kerb-client-1.0.1.jar:/opt/hadoop/share/ozone/lib/jetty-xml-9.4.49.v20220914.jar:/opt/hadoop/share/ozone/lib/hadoop-common-3.3.4.jar:/opt/hadoop/share/ozone/lib/disruptor-3.4.2.jar:/opt/hadoop/share/ozone/lib/reflections-0.9.11.jar:/opt/hadoop/share/ozone/lib/gson-2.9.0.jar:/opt/hadoop/share/ozone/lib/snakeyaml-1.33.jar:/opt/hadoop/share/ozone/lib/nimbus-jose-jwt-9.8.1.jar:/opt/hadoop/share/ozone/lib/hdds-client-1.4.0-SNAPSHOT.jar:/opt/hadoop/share/ozone/lib/ratis-common-2.4.2-8b8bdda-SNAPSHOT.jar:/opt/hadoop/share/ozone/lib/annotations-13.0.jar:/opt/hadoop/share/ozone/lib/simpleclient_common-0.7.0.jar:/opt/hadoop/share/ozone/lib/jaeger-thrift-1.6.0.jar:/opt/hadoop/share/ozone/lib/dnsjava-2.1.7.jar:/opt/hadoop/share/ozone/lib/rocksdbjni-7.7.3.jar:/opt/hadoop/share/ozone/lib/bcprov-jdk15on-1.67.jar:/opt/hadoop/share/ozone/lib/commons-configuration2-2.1.1.jar:/opt/hadoop/share/ozone/lib/token-provider-1.0.1.jar:/opt/hadoop/share/ozone/lib/commons-daemon-1.0.13.jar:/opt/hadoop/share/ozone/lib/listenablefuture-9999.0-empty-to-avoid-conflict-with-guava.jar:/opt/hadoop/share/ozone/lib/jaeger-tracerresolver-1.6.0.jar:/opt/hadoop/share/ozone/lib/slf4j-api-1.7.36.jar:/opt/hadoop/share/ozone/lib/commons-lang3-3.7.jar:/opt/hadoop/share/ozone/lib/re2j-1.1.jar:/opt/hadoop/share/ozone/lib/jackson-datatype-jsr310-2.13.4.jar:/opt/hadoop/share/ozone/lib/netty-transport-native-unix-common-4.1.86.Final.jar:/opt/hadoop/share/ozone/lib/simpleclient_dropwizard-0.7.0.jar:/opt/hadoop/share/ozone/lib/netty-transport-4.1.86.Final.jar:/opt/hadoop/share/ozone/lib/simpleclient-0.7.0.jar:/opt/hadoop/share/ozone/lib/ratis-metrics-2.4.2-8b8bdda-SNAPSHOT.jar:/opt/hadoop/share/ozone/lib/jakarta.activation-api-1.2.2.jar:/opt/hadoop/share/ozone/lib/asm-5.0.4.jar:/opt/hadoop/share/ozone/lib/netty-handler-4.1.86.Final.jar:/opt/hadoop/share/ozone/lib/kerby-util-1.0.1.jar:/opt/hadoop/share/ozone/lib/failureaccess-1.0.1.jar:/opt/hadoop/share/ozone/lib/jackson-databind-2.13.4.2.jar:/opt/hadoop/share/ozone/lib/okio-2.8.0.jar:/opt/hadoop/share/ozone/lib/jetty-servlet-9.4.49.v20220914.jar:/opt/hadoop/share/ozone/lib/jsp-api-2.1.jar:/opt/hadoop/share/ozone/lib/jsch-0.1.54.jar:/opt/hadoop/share/ozone/lib/reload4j-1.2.22.jar:/opt/hadoop/share/ozone/lib/woodstox-core-5.4.0.jar:/opt/hadoop/share/ozone/lib/commons-pool2-2.6.0.jar:/opt/hadoop/share/ozone/lib/opentracing-api-0.33.0.jar:/opt/hadoop/share/ozone/lib/jcip-annotations-1.0-1.jar:/opt/hadoop/share/ozone/lib/kerb-admin-1.0.1.jar:/opt/hadoop/share/ozone/lib/jetty-util-ajax-9.4.49.v20220914.jar:/opt/hadoop/share/ozone/lib/opentracing-noop-0.33.0.jar:/opt/hadoop/share/ozone/lib/hadoop-hdfs-client-3.3.4.jar:/opt/hadoop/share/ozone/lib/kotlin-stdlib-common-1.6.21.jar:/opt/hadoop/share/ozone/lib/jersey-core-1.19.jar:/opt/hadoop/share/ozone/lib/commons-compress-1.21.jar:/opt/hadoop/share/ozone/lib/jaxb-runtime-2.3.0.1.jar:/opt/hadoop/share/ozone/lib/hadoop-hdfs-3.3.4.jar:/opt/hadoop/share/ozone/lib/jackson-core-2.13.4.jar:/opt/hadoop/share/ozone/lib/hdds-annotation-processing-1.4.0-SNAPSHOT.jar:/opt/hadoop/share/ozone/lib/opentracing-util-0.33.0.jar:/opt/hadoop/share/ozone/lib/stax2-api-4.2.1.jar:/opt/hadoop/share/ozone/lib/netty-common-4.1.86.Final.jar:/opt/hadoop/share/ozone/lib/snappy-java-1.1.8.2.jar:/opt/hadoop/share/ozone/lib/ratis-netty-2.4.2-8b8bdda-SNAPSHOT.jar:/opt/hadoop/share/ozone/lib/hdds-config-1.4.0-SNAPSHOT.jar:/opt/hadoop/share/ozone/lib/commons-cli-1.2.jar:/opt/hadoop/share/ozone/lib/log4j-api-2.17.1.jar:/opt/hadoop/share/ozone/lib/javax.annotation-api-1.2.jar:/opt/hadoop/share/ozone/lib/ratis-server-api-2.4.2-8b8bdda-SNAPSHOT.jar:/opt/hadoop/share/ozone/lib/hdds-interface-client-1.4.0-SNAPSHOT.jar:/opt/hadoop/share/ozone/lib/kerby-asn1-1.0.1.jar:/opt/hadoop/share/ozone/lib/okhttp-4.9.3.jar:/opt/hadoop/share/ozone/lib/checker-qual-3.12.0.jar:/opt/hadoop/share/ozone/lib/hdds-interface-server-1.4.0-SNAPSHOT.jar:/opt/hadoop/share/ozone/lib/hdds-common-1.4.0-SNAPSHOT.jar:/opt/hadoop/share/ozone/lib/commons-digester-1.8.1.jar:/opt/hadoop/share/ozone/lib/commons-collections-3.2.2.jar:/opt/hadoop/share/ozone/lib/jaeger-core-1.6.0.jar:/opt/hadoop/share/ozone/lib/ratis-client-2.4.2-8b8bdda-SNAPSHOT.jar:/opt/hadoop/share/ozone/lib/commons-text-1.4.jar:/opt/hadoop/share/ozone/lib/jersey-servlet-1.19.jar:/opt/hadoop/share/ozone/lib/ratis-server-2.4.2-8b8bdda-SNAPSHOT.jar:/opt/hadoop/share/ozone/lib/jetty-http-9.4.49.v20220914.jar:/opt/hadoop/share/ozone/lib/kerb-identity-1.0.1.jar:/opt/hadoop/share/ozone/lib/FastInfoset-1.2.13.jar:/opt/hadoop/share/ozone/lib/kerb-common-1.0.1.jar:/opt/hadoop/share/ozone/lib/hdds-server-framework-1.4.0-SNAPSHOT.jar:/opt/hadoop/share/ozone/lib/jersey-server-1.19.jar:/opt/hadoop/share/ozone/lib/kerb-crypto-1.0.1.jar:/opt/hadoop/share/ozone/web:/opt/hadoop/share/ozone/lib/hdds-server-scm-1.4.0-SNAPSHOT.jar
scm_1       | STARTUP_MSG:   build = https://github.com/apache/ozone/3393354472a02da9364dbf4f0da34f127eb4895d ; compiled by 'runner' on 2023-01-31T07:31Z
recon_1     | 0060: B8 C5 24 E6 A0 CC B2 35   11 9A DB 42 55 8F 16 70  ..$....5...BU..p
kdc_1       | Jan 31 08:07:34 kdc krb5kdc[7](info): TGS_REQ (6 etypes {aes256-cts-hmac-sha1-96(18), aes128-cts-hmac-sha1-96(17), aes256-cts-hmac-sha384-192(20), aes128-cts-hmac-sha256-128(19), DEPRECATED:des3-cbc-sha1(16), DEPRECATED:arcfour-hmac(23)}) 172.18.0.4: ISSUE: authtime 1675152436, etypes {rep=aes256-cts-hmac-sha1-96(18), tkt=aes256-cts-hmac-sha1-96(18), ses=aes256-cts-hmac-sha1-96(18)}, testuser/scm@EXAMPLE.COM for om/om@EXAMPLE.COM
datanode_2  | 2023-01-31 07:47:52,561 [main] INFO http.BaseHttpServer: HttpAuthType: hdds.datanode.http.auth.type = kerberos
om_1        | ]
datanode_1  |   PathLen:2147483647
scm_1       | STARTUP_MSG:   java = 11.0.14.1
datanode_3  |   Key_Encipherment
recon_1     | 0070: 39 69 79 B1 9F 87 73 6D   02 6C A8 7E 83 E9 43 64  9iy...sm.l....Cd
kdc_1       | Jan 31 08:07:40 kdc krb5kdc[7](info): TGS_REQ (6 etypes {aes256-cts-hmac-sha1-96(18), aes128-cts-hmac-sha1-96(17), aes256-cts-hmac-sha384-192(20), aes128-cts-hmac-sha256-128(19), DEPRECATED:des3-cbc-sha1(16), DEPRECATED:arcfour-hmac(23)}) 172.18.0.4: ISSUE: authtime 1675152436, etypes {rep=aes256-cts-hmac-sha1-96(18), tkt=aes256-cts-hmac-sha1-96(18), ses=aes256-cts-hmac-sha1-96(18)}, testuser/scm@EXAMPLE.COM for om/om@EXAMPLE.COM
datanode_2  | 2023-01-31 07:47:52,755 [main] INFO util.log: Logging initialized @90825ms to org.eclipse.jetty.util.log.Slf4jLog
om_1        | 
datanode_1  | ]
scm_1       | ************************************************************/
datanode_3  |   Data_Encipherment
kdc_1       | Jan 31 08:07:47 kdc krb5kdc[7](info): TGS_REQ (6 etypes {aes256-cts-hmac-sha1-96(18), aes128-cts-hmac-sha1-96(17), aes256-cts-hmac-sha384-192(20), aes128-cts-hmac-sha256-128(19), DEPRECATED:des3-cbc-sha1(16), DEPRECATED:arcfour-hmac(23)}) 172.18.0.4: ISSUE: authtime 1675152436, etypes {rep=aes256-cts-hmac-sha1-96(18), tkt=aes256-cts-hmac-sha1-96(18), ses=aes256-cts-hmac-sha1-96(18)}, testuser/scm@EXAMPLE.COM for om/om@EXAMPLE.COM
datanode_2  | 2023-01-31 07:47:53,713 [main] INFO http.HttpRequestLog: Http request log for http.requests.hddsDatanode is not defined
datanode_2  | 2023-01-31 07:47:53,779 [main] INFO http.HttpServer2: Added global filter 'safety' (class=org.apache.hadoop.hdds.server.http.HttpServer2$QuotingInputFilter)
datanode_1  | 
scm_1       | 2023-01-31 07:47:16,341 [main] INFO server.StorageContainerManagerStarter: registered UNIX signal handlers for [TERM, HUP, INT]
scm_1       | 2023-01-31 07:47:16,433 [main] WARN server.ServerUtils: ozone.scm.db.dirs is not configured. We recommend adding this setting. Falling back to ozone.metadata.dirs instead.
kdc_1       | Jan 31 08:07:53 kdc krb5kdc[7](info): TGS_REQ (6 etypes {aes256-cts-hmac-sha1-96(18), aes128-cts-hmac-sha1-96(17), aes256-cts-hmac-sha384-192(20), aes128-cts-hmac-sha256-128(19), DEPRECATED:des3-cbc-sha1(16), DEPRECATED:arcfour-hmac(23)}) 172.18.0.4: ISSUE: authtime 1675152436, etypes {rep=aes256-cts-hmac-sha1-96(18), tkt=aes256-cts-hmac-sha1-96(18), ses=aes256-cts-hmac-sha1-96(18)}, testuser/scm@EXAMPLE.COM for om/om@EXAMPLE.COM
datanode_2  | 2023-01-31 07:47:53,799 [main] INFO http.HttpServer2: Added filter authentication (class=org.apache.hadoop.security.authentication.server.AuthenticationFilter) to context hddsDatanode
om_1        | [2]: ObjectId: 2.5.29.15 Criticality=true
datanode_1  | [2]: ObjectId: 2.5.29.15 Criticality=true
datanode_3  |   Key_Agreement
datanode_3  |   Key_CertSign
