om_1        | 00A0: DA 37 F0 76 47 A6 F4 92   94 2C 7A 08 7D 36 B2 88  .7.vG....,z..6..
om_1        | 00B0: 0E 01 C9 63 EF D1 58 C4   E3 52 94 15 50 59 6A F1  ...c..X..R..PYj.
datanode_2  | 	at org.apache.hadoop.ipc.Client.call(Client.java:1455)
scm_1       | KeyUsage [
scm_1       |   Key_CertSign
scm_1       |   Crl_Sign
om_1        | 00C0: E8 4F 91 C6 79 66 81 27   CE 9F A0 D0 84 E5 F9 81  .O..yf.'........
om_1        | 00D0: 30 52 64 1C C4 0E 99 C9   2B 12 81 C4 24 1C E4 F4  0Rd.....+...$...
kdc_1       | Jan 31 08:13:51 kdc krb5kdc[7](info): TGS_REQ (6 etypes {aes256-cts-hmac-sha1-96(18), aes128-cts-hmac-sha1-96(17), aes256-cts-hmac-sha384-192(20), aes128-cts-hmac-sha256-128(19), DEPRECATED:des3-cbc-sha1(16), DEPRECATED:arcfour-hmac(23)}) 172.18.0.4: ISSUE: authtime 1675152645, etypes {rep=aes256-cts-hmac-sha1-96(18), tkt=aes256-cts-hmac-sha1-96(18), ses=aes256-cts-hmac-sha1-96(18)}, testuser/scm@EXAMPLE.COM for om/om@EXAMPLE.COM
datanode_2  | 	at org.apache.hadoop.ipc.ProtobufRpcEngine$Invoker.invoke(ProtobufRpcEngine.java:235)
datanode_3  | 2023-01-31 07:47:42,637 [main] INFO grpc.GrpcConfigKeys: raft.grpc.client.host = null (fallback to raft.grpc.server.host)
datanode_3  | 2023-01-31 07:47:42,638 [main] INFO grpc.GrpcConfigKeys: raft.grpc.client.port = 9858 (custom)
kdc_1       | Jan 31 08:13:57 kdc krb5kdc[7](info): TGS_REQ (6 etypes {aes256-cts-hmac-sha1-96(18), aes128-cts-hmac-sha1-96(17), aes256-cts-hmac-sha384-192(20), aes128-cts-hmac-sha256-128(19), DEPRECATED:des3-cbc-sha1(16), DEPRECATED:arcfour-hmac(23)}) 172.18.0.4: ISSUE: authtime 1675152645, etypes {rep=aes256-cts-hmac-sha1-96(18), tkt=aes256-cts-hmac-sha1-96(18), ses=aes256-cts-hmac-sha1-96(18)}, testuser/scm@EXAMPLE.COM for om/om@EXAMPLE.COM
kdc_1       | Jan 31 08:14:04 kdc krb5kdc[7](info): TGS_REQ (6 etypes {aes256-cts-hmac-sha1-96(18), aes128-cts-hmac-sha1-96(17), aes256-cts-hmac-sha384-192(20), aes128-cts-hmac-sha256-128(19), DEPRECATED:des3-cbc-sha1(16), DEPRECATED:arcfour-hmac(23)}) 172.18.0.4: ISSUE: authtime 1675152645, etypes {rep=aes256-cts-hmac-sha1-96(18), tkt=aes256-cts-hmac-sha1-96(18), ses=aes256-cts-hmac-sha1-96(18)}, testuser/scm@EXAMPLE.COM for om/om@EXAMPLE.COM
datanode_2  | 	at org.apache.hadoop.ipc.ProtobufRpcEngine$Invoker.invoke(ProtobufRpcEngine.java:122)
scm_1       | ]
scm_1       | 
recon_1     |   Key_CertSign
datanode_3  | 2023-01-31 07:47:42,640 [main] INFO grpc.GrpcConfigKeys: raft.grpc.server.host = null (default)
datanode_3  | 2023-01-31 07:47:42,640 [main] INFO grpc.GrpcConfigKeys: raft.grpc.server.port = 9856 (custom)
kdc_1       | Jan 31 08:14:11 kdc krb5kdc[7](info): TGS_REQ (6 etypes {aes256-cts-hmac-sha1-96(18), aes128-cts-hmac-sha1-96(17), aes256-cts-hmac-sha384-192(20), aes128-cts-hmac-sha256-128(19), DEPRECATED:des3-cbc-sha1(16), DEPRECATED:arcfour-hmac(23)}) 172.18.0.4: ISSUE: authtime 1675152645, etypes {rep=aes256-cts-hmac-sha1-96(18), tkt=aes256-cts-hmac-sha1-96(18), ses=aes256-cts-hmac-sha1-96(18)}, testuser/scm@EXAMPLE.COM for om/om@EXAMPLE.COM
datanode_2  | 	at com.sun.proxy.$Proxy44.submitRequest(Unknown Source)
datanode_2  | 	at org.apache.hadoop.ozone.protocolPB.StorageContainerDatanodeProtocolClientSideTranslatorPB.submitRequest(StorageContainerDatanodeProtocolClientSideTranslatorPB.java:117)
datanode_2  | 	at org.apache.hadoop.ozone.protocolPB.StorageContainerDatanodeProtocolClientSideTranslatorPB.getVersion(StorageContainerDatanodeProtocolClientSideTranslatorPB.java:133)
datanode_2  | 	at org.apache.hadoop.ozone.container.common.states.endpoint.VersionEndpointTask.call(VersionEndpointTask.java:69)
datanode_3  | 2023-01-31 07:47:42,641 [main] INFO server.GrpcService: raft.grpc.message.size.max = 32MB (=33554432) (custom)
om_1        | 00E0: EF F9 05 A0 68 31 A5 F3   3F 4A 28 05 78 20 C0 51  ....h1..?J(.x .Q
kdc_1       | Jan 31 08:14:18 kdc krb5kdc[7](info): TGS_REQ (6 etypes {aes256-cts-hmac-sha1-96(18), aes128-cts-hmac-sha1-96(17), aes256-cts-hmac-sha384-192(20), aes128-cts-hmac-sha256-128(19), DEPRECATED:des3-cbc-sha1(16), DEPRECATED:arcfour-hmac(23)}) 172.18.0.4: ISSUE: authtime 1675152645, etypes {rep=aes256-cts-hmac-sha1-96(18), tkt=aes256-cts-hmac-sha1-96(18), ses=aes256-cts-hmac-sha1-96(18)}, testuser/scm@EXAMPLE.COM for om/om@EXAMPLE.COM
scm_1       | [3]: ObjectId: 2.5.29.17 Criticality=false
recon_1     |   Crl_Sign
recon_1     | ]
datanode_2  | 	at org.apache.hadoop.ozone.container.common.states.endpoint.VersionEndpointTask.call(VersionEndpointTask.java:40)
datanode_3  | 2023-01-31 07:47:42,644 [main] INFO server.RaftServerConfigKeys: raft.server.log.appender.buffer.byte-limit = 33554432 (custom)
datanode_3  | 2023-01-31 07:47:42,668 [main] INFO server.GrpcService: raft.grpc.flow.control.window = 5MB (=5242880) (custom)
kdc_1       | Jan 31 08:14:23 kdc krb5kdc[7](info): TGS_REQ (6 etypes {aes256-cts-hmac-sha1-96(18), aes128-cts-hmac-sha1-96(17), aes256-cts-hmac-sha384-192(20), aes128-cts-hmac-sha256-128(19), DEPRECATED:des3-cbc-sha1(16), DEPRECATED:arcfour-hmac(23)}) 172.18.0.4: ISSUE: authtime 1675152645, etypes {rep=aes256-cts-hmac-sha1-96(18), tkt=aes256-cts-hmac-sha1-96(18), ses=aes256-cts-hmac-sha1-96(18)}, testuser/scm@EXAMPLE.COM for om/om@EXAMPLE.COM
kdc_1       | Jan 31 08:14:29 kdc krb5kdc[7](info): TGS_REQ (6 etypes {aes256-cts-hmac-sha1-96(18), aes128-cts-hmac-sha1-96(17), aes256-cts-hmac-sha384-192(20), aes128-cts-hmac-sha256-128(19), DEPRECATED:des3-cbc-sha1(16), DEPRECATED:arcfour-hmac(23)}) 172.18.0.4: ISSUE: authtime 1675152645, etypes {rep=aes256-cts-hmac-sha1-96(18), tkt=aes256-cts-hmac-sha1-96(18), ses=aes256-cts-hmac-sha1-96(18)}, testuser/scm@EXAMPLE.COM for om/om@EXAMPLE.COM
recon_1     | 
datanode_1  | 
datanode_3  | 2023-01-31 07:47:42,671 [main] INFO server.RaftServerConfigKeys: raft.server.rpc.request.timeout = 60s (custom)
datanode_3  | 2023-01-31 07:47:42,806 [main] INFO grpc.GrpcConfigKeys: raft.grpc.server.heartbeat.channel = true (default)
datanode_2  | 	at java.base/java.util.concurrent.FutureTask.run(FutureTask.java:264)
kdc_1       | Jan 31 08:14:34 kdc krb5kdc[7](info): TGS_REQ (6 etypes {aes256-cts-hmac-sha1-96(18), aes128-cts-hmac-sha1-96(17), aes256-cts-hmac-sha384-192(20), aes128-cts-hmac-sha256-128(19), DEPRECATED:des3-cbc-sha1(16), DEPRECATED:arcfour-hmac(23)}) 172.18.0.4: ISSUE: authtime 1675152645, etypes {rep=aes256-cts-hmac-sha1-96(18), tkt=aes256-cts-hmac-sha1-96(18), ses=aes256-cts-hmac-sha1-96(18)}, testuser/scm@EXAMPLE.COM for om/om@EXAMPLE.COM
scm_1       | SubjectAlternativeName [
scm_1       |   IPAddress: 172.18.0.4
datanode_1  | ] from file:/data/metadata/dn/certs/CA-464075175071.crt.
datanode_3  | 2023-01-31 07:47:42,877 [main] INFO grpc.GrpcConfigKeys: raft.grpc.server.async.request.thread.pool.cached = true (default)
om_1        | 00F0: 75 00 D6 6B B7 EC 76 66   02 A9 21 F4 19 07 F4 C9  u..k..vf..!.....
datanode_2  | 	at java.base/java.util.concurrent.ThreadPoolExecutor.runWorker(ThreadPoolExecutor.java:1128)
kdc_1       | Jan 31 08:14:40 kdc krb5kdc[7](info): TGS_REQ (6 etypes {aes256-cts-hmac-sha1-96(18), aes128-cts-hmac-sha1-96(17), aes256-cts-hmac-sha384-192(20), aes128-cts-hmac-sha256-128(19), DEPRECATED:des3-cbc-sha1(16), DEPRECATED:arcfour-hmac(23)}) 172.18.0.4: ISSUE: authtime 1675152645, etypes {rep=aes256-cts-hmac-sha1-96(18), tkt=aes256-cts-hmac-sha1-96(18), ses=aes256-cts-hmac-sha1-96(18)}, testuser/scm@EXAMPLE.COM for om/om@EXAMPLE.COM
scm_1       | ]
recon_1     | [3]: ObjectId: 2.5.29.17 Criticality=false
recon_1     | SubjectAlternativeName [
datanode_3  | 2023-01-31 07:47:42,878 [main] INFO grpc.GrpcConfigKeys: raft.grpc.server.async.request.thread.pool.size = 32 (default)
datanode_3  | 2023-01-31 07:47:49,581 [main] INFO impl.DataStreamServerImpl: raft.datastream.type = NETTY (custom)
datanode_2  | 	at java.base/java.util.concurrent.ThreadPoolExecutor$Worker.run(ThreadPoolExecutor.java:628)
kdc_1       | Jan 31 08:14:46 kdc krb5kdc[7](info): TGS_REQ (6 etypes {aes256-cts-hmac-sha1-96(18), aes128-cts-hmac-sha1-96(17), aes256-cts-hmac-sha384-192(20), aes128-cts-hmac-sha256-128(19), DEPRECATED:des3-cbc-sha1(16), DEPRECATED:arcfour-hmac(23)}) 172.18.0.4: ISSUE: authtime 1675152645, etypes {rep=aes256-cts-hmac-sha1-96(18), tkt=aes256-cts-hmac-sha1-96(18), ses=aes256-cts-hmac-sha1-96(18)}, testuser/scm@EXAMPLE.COM for om/om@EXAMPLE.COM
scm_1       | 
scm_1       | ]
scm_1       |   Algorithm: [SHA256withRSA]
datanode_3  | 2023-01-31 07:47:49,716 [main] INFO server.RaftServerConfigKeys: raft.server.data-stream.async.request.thread.pool.cached = false (default)
om_1        | 
datanode_2  | 	at java.base/java.lang.Thread.run(Thread.java:829)
kdc_1       | Jan 31 08:14:53 kdc krb5kdc[7](info): TGS_REQ (6 etypes {aes256-cts-hmac-sha1-96(18), aes128-cts-hmac-sha1-96(17), aes256-cts-hmac-sha384-192(20), aes128-cts-hmac-sha256-128(19), DEPRECATED:des3-cbc-sha1(16), DEPRECATED:arcfour-hmac(23)}) 172.18.0.4: ISSUE: authtime 1675152645, etypes {rep=aes256-cts-hmac-sha1-96(18), tkt=aes256-cts-hmac-sha1-96(18), ses=aes256-cts-hmac-sha1-96(18)}, testuser/scm@EXAMPLE.COM for om/om@EXAMPLE.COM
scm_1       |   Signature:
scm_1       | 0000: 3D F0 C1 E6 19 F1 BB 7E   32 E7 0A 0F 9E 12 C6 DB  =.......2.......
scm_1       | 0010: E8 7A 2C 40 A8 0B E3 56   D6 1D FA CF 7A C4 E4 2D  .z,@...V....z..-
datanode_3  | 2023-01-31 07:47:49,735 [main] INFO server.RaftServerConfigKeys: raft.server.data-stream.async.request.thread.pool.size = 20 (custom)
om_1        | ] from file:/data/metadata/om/certs/ROOTCA-1.crt.
kdc_1       | Jan 31 08:14:59 kdc krb5kdc[7](info): TGS_REQ (6 etypes {aes256-cts-hmac-sha1-96(18), aes128-cts-hmac-sha1-96(17), aes256-cts-hmac-sha384-192(20), aes128-cts-hmac-sha256-128(19), DEPRECATED:des3-cbc-sha1(16), DEPRECATED:arcfour-hmac(23)}) 172.18.0.4: ISSUE: authtime 1675152645, etypes {rep=aes256-cts-hmac-sha1-96(18), tkt=aes256-cts-hmac-sha1-96(18), ses=aes256-cts-hmac-sha1-96(18)}, testuser/scm@EXAMPLE.COM for om/om@EXAMPLE.COM
datanode_1  | 2023-01-31 07:47:32,015 [main] INFO client.DNCertificateClient: CertificateLifetimeMonitor for dn is started with first delay 29088747991 ms and interval 86400000 ms.
datanode_1  | 2023-01-31 07:47:32,025 [main] INFO ozone.HddsDatanodeService: Successfully stored SCM signed certificate, case:GETCERT.
recon_1     |   IPAddress: 172.18.0.4
datanode_3  | 2023-01-31 07:47:49,741 [main] INFO server.RaftServerConfigKeys: raft.server.data-stream.async.write.thread.pool.size = 16 (default)
datanode_3  | 2023-01-31 07:47:49,746 [main] INFO server.RaftServerConfigKeys: raft.server.data-stream.client.pool.size = 10 (default)
kdc_1       | Jan 31 08:15:05 kdc krb5kdc[7](info): TGS_REQ (6 etypes {aes256-cts-hmac-sha1-96(18), aes128-cts-hmac-sha1-96(17), aes256-cts-hmac-sha384-192(20), aes128-cts-hmac-sha256-128(19), DEPRECATED:des3-cbc-sha1(16), DEPRECATED:arcfour-hmac(23)}) 172.18.0.4: ISSUE: authtime 1675152645, etypes {rep=aes256-cts-hmac-sha1-96(18), tkt=aes256-cts-hmac-sha1-96(18), ses=aes256-cts-hmac-sha1-96(18)}, testuser/scm@EXAMPLE.COM for om/om@EXAMPLE.COM
datanode_3  | 2023-01-31 07:47:49,769 [main] INFO netty.NettyConfigKeys$DataStream: raft.netty.dataStream.server.use-epoll = false (default)
datanode_3  | 2023-01-31 07:47:49,783 [main] INFO netty.NettyConfigKeys$DataStream: raft.netty.dataStream.server.boss-group.size = 0 (default)
datanode_2  | Caused by: java.io.IOException: java.net.SocketTimeoutException: 5000 millis timeout while waiting for channel to be ready for read. ch : java.nio.channels.SocketChannel[connected local=/172.18.0.9:55936 remote=recon/172.18.0.3:9891]
kdc_1       | Jan 31 08:15:12 kdc krb5kdc[7](info): TGS_REQ (6 etypes {aes256-cts-hmac-sha1-96(18), aes128-cts-hmac-sha1-96(17), aes256-cts-hmac-sha384-192(20), aes128-cts-hmac-sha256-128(19), DEPRECATED:des3-cbc-sha1(16), DEPRECATED:arcfour-hmac(23)}) 172.18.0.4: ISSUE: authtime 1675152645, etypes {rep=aes256-cts-hmac-sha1-96(18), tkt=aes256-cts-hmac-sha1-96(18), ses=aes256-cts-hmac-sha1-96(18)}, testuser/scm@EXAMPLE.COM for om/om@EXAMPLE.COM
datanode_1  | 2023-01-31 07:47:32,201 [main] INFO upgrade.AbstractLayoutVersionManager: Initializing Layout version manager with metadata layout = DATANODE_SCHEMA_V3 (version = 4), software layout = DATANODE_SCHEMA_V3 (version = 4)
recon_1     | ]
recon_1     | 
om_1        | 2023-01-31 07:48:04,763 [main] INFO security.OMCertificateClient: Added certificate [
datanode_3  | 2023-01-31 07:47:49,842 [main] INFO netty.NettyConfigKeys$DataStream: raft.netty.dataStream.server.worker-group.size = 0 (default)
datanode_3  | 2023-01-31 07:47:49,855 [main] INFO netty.NettyConfigKeys$DataStream: raft.netty.dataStream.server.tls.conf = GrpcTlsConfig0- (custom)
kdc_1       | Jan 31 08:15:19 kdc krb5kdc[7](info): TGS_REQ (6 etypes {aes256-cts-hmac-sha1-96(18), aes128-cts-hmac-sha1-96(17), aes256-cts-hmac-sha384-192(20), aes128-cts-hmac-sha256-128(19), DEPRECATED:des3-cbc-sha1(16), DEPRECATED:arcfour-hmac(23)}) 172.18.0.4: ISSUE: authtime 1675152645, etypes {rep=aes256-cts-hmac-sha1-96(18), tkt=aes256-cts-hmac-sha1-96(18), ses=aes256-cts-hmac-sha1-96(18)}, testuser/scm@EXAMPLE.COM for om/om@EXAMPLE.COM
datanode_1  | 2023-01-31 07:47:33,267 [main] INFO reflections.Reflections: Reflections took 835 ms to scan 2 urls, producing 100 keys and 224 values 
recon_1     | ]
recon_1     |   Algorithm: [SHA256withRSA]
om_1        | [
datanode_3  | 2023-01-31 07:47:50,331 [main] INFO netty.NettyConfigKeys$DataStream: raft.netty.dataStream.host = null (default)
datanode_3  | 2023-01-31 07:47:50,337 [main] INFO netty.NettyConfigKeys$DataStream: raft.netty.dataStream.port = 9855 (custom)
kdc_1       | Jan 31 08:15:25 kdc krb5kdc[7](info): TGS_REQ (6 etypes {aes256-cts-hmac-sha1-96(18), aes128-cts-hmac-sha1-96(17), aes256-cts-hmac-sha384-192(20), aes128-cts-hmac-sha256-128(19), DEPRECATED:des3-cbc-sha1(16), DEPRECATED:arcfour-hmac(23)}) 172.18.0.4: ISSUE: authtime 1675152645, etypes {rep=aes256-cts-hmac-sha1-96(18), tkt=aes256-cts-hmac-sha1-96(18), ses=aes256-cts-hmac-sha1-96(18)}, testuser/scm@EXAMPLE.COM for om/om@EXAMPLE.COM
datanode_1  | 2023-01-31 07:47:33,890 [main] INFO statemachine.DatanodeStateMachine: Datanode State Machine Task Thread Pool size 2
scm_1       | 0020: 33 CB 07 51 78 DB 2A E1   AE 96 9D 88 BF 67 68 90  3..Qx.*......gh.
scm_1       | 0030: 31 A4 66 1A 82 AC A0 20   45 7C 43 43 BE 32 58 E2  1.f.... E.CC.2X.
om_1        |   Version: V3
datanode_3  | 2023-01-31 07:47:50,635 [main] INFO server.RaftServerConfigKeys: raft.server.threadpool.proxy.cached = true (default)
datanode_3  | 2023-01-31 07:47:50,646 [main] INFO server.RaftServerConfigKeys: raft.server.threadpool.proxy.size = 0 (default)
kdc_1       | Jan 31 08:15:31 kdc krb5kdc[7](info): TGS_REQ (6 etypes {aes256-cts-hmac-sha1-96(18), aes128-cts-hmac-sha1-96(17), aes256-cts-hmac-sha384-192(20), aes128-cts-hmac-sha256-128(19), DEPRECATED:des3-cbc-sha1(16), DEPRECATED:arcfour-hmac(23)}) 172.18.0.4: ISSUE: authtime 1675152645, etypes {rep=aes256-cts-hmac-sha1-96(18), tkt=aes256-cts-hmac-sha1-96(18), ses=aes256-cts-hmac-sha1-96(18)}, testuser/scm@EXAMPLE.COM for om/om@EXAMPLE.COM
datanode_1  | 2023-01-31 07:47:35,016 [main] INFO fs.SaveSpaceUsageToFile: Cached usage info file /data/hdds/scmUsed not found
datanode_1  | 2023-01-31 07:47:35,124 [main] INFO volume.HddsVolume: Creating HddsVolume: /data/hdds/hdds of storage type : DISK capacity : 89297309696
datanode_1  | 2023-01-31 07:47:35,141 [main] INFO volume.MutableVolumeSet: Added Volume : /data/hdds/hdds to VolumeSet
datanode_3  | 2023-01-31 07:47:50,647 [main] INFO server.RaftServerConfigKeys: raft.server.rpc.slowness.timeout = 300s (custom)
om_1        |   Subject: O=CID-5128c6ec-f311-4d77-b590-370d3e099e21, OU=6dfb726e-350e-430b-835b-cf79da791979, CN=om
om_1        |   Signature Algorithm: SHA256withRSA, OID = 1.2.840.113549.1.1.11
recon_1     |   Signature:
scm_1       | 0040: 4C 7F 95 0F 9A 58 2B E2   A8 85 EB 65 FC D0 BB 85  L....X+....e....
datanode_1  | 2023-01-31 07:47:35,149 [main] INFO volume.ThrottledAsyncChecker: Scheduling a check for /data/hdds/hdds
datanode_3  | 2023-01-31 07:47:50,647 [main] INFO server.RaftServerConfigKeys: raft.server.leaderelection.leader.step-down.wait-time = 10s (default)
datanode_3  | 2023-01-31 07:47:50,668 [main] INFO server.RaftServerConfigKeys: raft.server.storage.dir = [/data/metadata/ratis] (custom)
om_1        | 
om_1        |   Key:  Sun RSA public key, 2048 bits
datanode_1  | 2023-01-31 07:47:35,383 [main] INFO volume.StorageVolumeChecker: Scheduled health check for volume /data/hdds/hdds
datanode_3  | 2023-01-31 07:47:50,724 [14b917d5-325a-4f29-a0e8-e34b223e06de-NettyServerStreamRpc-bossGroup--thread1] INFO logging.LoggingHandler: [id: 0xdedfecd0] REGISTERED
datanode_3  | 2023-01-31 07:47:50,779 [14b917d5-325a-4f29-a0e8-e34b223e06de-NettyServerStreamRpc-bossGroup--thread1] INFO logging.LoggingHandler: [id: 0xdedfecd0] BIND: 0.0.0.0/0.0.0.0:9855
om_1        |   params: null
om_1        |   modulus: 18969088594558932160383780303281992195982964607395532507925810480316228822173607637831947499006983336189162806242726429873391856944987543944453743060763189131453845463676514153767076569517618364254921834393492744412047196254294994912789169515544027025136341086731442599174246295869418027486554807573851163703809435788389442871504613912171718503826639546537519217681935068168489228000465364598940789255756811954736328773500769346283992918503679608899583551492478470823282486834241359361942345410550345935977028266648736423203715266046038396392387790008913273572971664804294636227203076374284011751032378255405768418937
datanode_1  | 2023-01-31 07:47:35,545 [main] WARN server.ServerUtils: Storage directory for Ratis is not configured. It is a good idea to map this to an SSD disk. Falling back to ozone.metadata.dirs
datanode_3  | 2023-01-31 07:47:50,818 [14b917d5-325a-4f29-a0e8-e34b223e06de-NettyServerStreamRpc-bossGroup--thread1] INFO logging.LoggingHandler: [id: 0xdedfecd0, L:/0.0.0.0:9855] ACTIVE
datanode_3  | 2023-01-31 07:47:51,018 [main] INFO ssl.PemFileBasedKeyStoresFactory: SERVER KeyStore reloading at 60000 millis.
om_1        |   public exponent: 65537
datanode_2  | 	at org.apache.hadoop.ipc.Client$Connection$1.run(Client.java:798)
recon_1     | 0000: C5 2D 72 5B 08 D0 A2 57   15 24 FA B6 02 5C 7B CC  .-r[...W.$...\..
scm_1       | 0050: 38 D2 D0 54 E8 EC E9 F5   16 BF C8 AF C5 9C F4 05  8..T............
datanode_1  | 2023-01-31 07:47:35,558 [main] INFO fs.SaveSpaceUsageToFile: Cached usage info file /data/metadata/ratis/scmUsed not found
datanode_3  | 2023-01-31 07:47:51,186 [main] INFO ssl.PemFileBasedKeyStoresFactory: SERVER TrustStore reloading at 60000 millis.
om_1        |   Validity: [From: Tue Jan 31 00:00:00 UTC 2023,
kdc_1       | Jan 31 08:15:38 kdc krb5kdc[7](info): TGS_REQ (6 etypes {aes256-cts-hmac-sha1-96(18), aes128-cts-hmac-sha1-96(17), aes256-cts-hmac-sha384-192(20), aes128-cts-hmac-sha256-128(19), DEPRECATED:des3-cbc-sha1(16), DEPRECATED:arcfour-hmac(23)}) 172.18.0.4: ISSUE: authtime 1675152645, etypes {rep=aes256-cts-hmac-sha1-96(18), tkt=aes256-cts-hmac-sha1-96(18), ses=aes256-cts-hmac-sha1-96(18)}, testuser/scm@EXAMPLE.COM for om/om@EXAMPLE.COM
datanode_2  | 	at java.base/java.security.AccessController.doPrivileged(Native Method)
datanode_2  | 	at java.base/javax.security.auth.Subject.doAs(Subject.java:423)
scm_1       | 0060: 0C CE 63 56 10 95 B6 38   11 C4 BE EB 98 9C 6F 2A  ..cV...8......o*
datanode_1  | 2023-01-31 07:47:35,566 [main] INFO volume.MutableVolumeSet: Added Volume : /data/metadata/ratis to VolumeSet
om_1        |                To: Wed Jan 31 00:00:00 UTC 2024]
om_1        |   Issuer: O=CID-5128c6ec-f311-4d77-b590-370d3e099e21, OU=6dfb726e-350e-430b-835b-cf79da791979, CN=scm-sub@scm
kdc_1       | Jan 31 08:15:44 kdc krb5kdc[7](info): TGS_REQ (6 etypes {aes256-cts-hmac-sha1-96(18), aes128-cts-hmac-sha1-96(17), aes256-cts-hmac-sha384-192(20), aes128-cts-hmac-sha256-128(19), DEPRECATED:des3-cbc-sha1(16), DEPRECATED:arcfour-hmac(23)}) 172.18.0.4: ISSUE: authtime 1675152645, etypes {rep=aes256-cts-hmac-sha1-96(18), tkt=aes256-cts-hmac-sha1-96(18), ses=aes256-cts-hmac-sha1-96(18)}, testuser/scm@EXAMPLE.COM for om/om@EXAMPLE.COM
recon_1     | 0010: 86 78 67 BB 53 B7 A4 D7   5F 3C 17 0D 5D CB A1 FA  .xg.S..._<..]...
recon_1     | 0020: B6 0D 4D 8C A4 C3 25 87   5C BC E9 C2 EE 49 95 69  ..M...%.\....I.i
recon_1     | 0030: 95 48 3B F5 BB A0 D5 63   DA FD F7 43 2A E7 FF 39  .H;....c...C*..9
om_1        |   SerialNumber: [    73441fc4 0e]
om_1        | 
datanode_1  | 2023-01-31 07:47:35,572 [main] INFO volume.ThrottledAsyncChecker: Scheduling a check for /data/metadata/ratis
kdc_1       | Jan 31 08:15:45 kdc krb5kdc[7](info): AS_REQ (8 etypes {aes256-cts-hmac-sha1-96(18), aes128-cts-hmac-sha1-96(17), aes256-cts-hmac-sha384-192(20), aes128-cts-hmac-sha256-128(19), DEPRECATED:des3-cbc-sha1(16), DEPRECATED:arcfour-hmac(23), camellia128-cts-cmac(25), camellia256-cts-cmac(26)}) 172.18.0.4: ISSUE: authtime 1675152945, etypes {rep=aes256-cts-hmac-sha1-96(18), tkt=aes256-cts-hmac-sha1-96(18), ses=aes256-cts-hmac-sha1-96(18)}, testuser/scm@EXAMPLE.COM for krbtgt/EXAMPLE.COM@EXAMPLE.COM
scm_1       | 0070: 2C E3 2E 13 70 E7 1E 3D   CE 34 69 7B 69 A0 20 12  ,...p..=.4i.i. .
scm_1       | 0080: C9 3D C8 37 CA 9E 29 8D   F8 78 3D 10 07 5D 4C BD  .=.7..)..x=..]L.
scm_1       | 0090: 9D 47 6A B0 C9 3E 90 07   FD 41 DD 7C CC 5D 4A F9  .Gj..>...A...]J.
om_1        | Certificate Extensions: 2
om_1        | [1]: ObjectId: 2.5.29.15 Criticality=true
recon_1     | 0040: DB FB 6A C3 25 33 73 BA   30 10 E2 A4 76 BF 99 9F  ..j.%3s.0...v...
datanode_2  | 	at org.apache.hadoop.security.UserGroupInformation.doAs(UserGroupInformation.java:1878)
kdc_1       | Jan 31 08:15:50 kdc krb5kdc[7](info): TGS_REQ (6 etypes {aes256-cts-hmac-sha1-96(18), aes128-cts-hmac-sha1-96(17), aes256-cts-hmac-sha384-192(20), aes128-cts-hmac-sha256-128(19), DEPRECATED:des3-cbc-sha1(16), DEPRECATED:arcfour-hmac(23)}) 172.18.0.4: ISSUE: authtime 1675152945, etypes {rep=aes256-cts-hmac-sha1-96(18), tkt=aes256-cts-hmac-sha1-96(18), ses=aes256-cts-hmac-sha1-96(18)}, testuser/scm@EXAMPLE.COM for om/om@EXAMPLE.COM
kdc_1       | Jan 31 08:16:01 kdc krb5kdc[7](info): TGS_REQ (6 etypes {aes256-cts-hmac-sha1-96(18), aes128-cts-hmac-sha1-96(17), aes256-cts-hmac-sha384-192(20), aes128-cts-hmac-sha256-128(19), DEPRECATED:des3-cbc-sha1(16), DEPRECATED:arcfour-hmac(23)}) 172.18.0.4: ISSUE: authtime 1675152945, etypes {rep=aes256-cts-hmac-sha1-96(18), tkt=aes256-cts-hmac-sha1-96(18), ses=aes256-cts-hmac-sha1-96(18)}, testuser/scm@EXAMPLE.COM for om/om@EXAMPLE.COM
om_1        | KeyUsage [
datanode_1  | 2023-01-31 07:47:35,573 [main] INFO volume.StorageVolumeChecker: Scheduled health check for volume /data/metadata/ratis
datanode_1  | 2023-01-31 07:47:35,974 [Thread-20] INFO ozoneimpl.ContainerReader: Finish verifying containers on volume /data/hdds/hdds
datanode_1  | 2023-01-31 07:47:36,033 [main] INFO ozoneimpl.OzoneContainer: Build ContainerSet costs 0s
recon_1     | 0050: 21 AD EC 9A F0 4B 27 1C   A9 56 E0 79 D6 BF 78 40  !....K'..V.y..x@
datanode_2  | 	at org.apache.hadoop.ipc.Client$Connection.handleSaslConnectionFailure(Client.java:752)
datanode_3  | 2023-01-31 07:47:51,250 [main] INFO server.XceiverServerGrpc: GrpcServer channel type EpollServerSocketChannel
datanode_3  | 2023-01-31 07:47:52,403 [main] INFO token.OzoneBlockTokenSecretManager: Updating current master key for generating tokens. Cert id 488015668949
datanode_3  | 2023-01-31 07:47:52,460 [main] INFO token.ContainerTokenSecretManager: Updating current master key for generating tokens. Cert id 488015668949
om_1        |   DigitalSignature
scm_1       | 00A0: DA 37 F0 76 47 A6 F4 92   94 2C 7A 08 7D 36 B2 88  .7.vG....,z..6..
om_1        |   Key_Encipherment
om_1        |   Data_Encipherment
om_1        |   Key_Agreement
datanode_2  | 	at org.apache.hadoop.ipc.Client$Connection.setupIOstreams(Client.java:856)
scm_1       | 00B0: 0E 01 C9 63 EF D1 58 C4   E3 52 94 15 50 59 6A F1  ...c..X..R..PYj.
scm_1       | 00C0: E8 4F 91 C6 79 66 81 27   CE 9F A0 D0 84 E5 F9 81  .O..yf.'........
om_1        | ]
om_1        | 
recon_1     | 0060: 65 74 E8 95 79 59 E8 82   2C B8 F7 DA 3D 10 96 31  et..yY..,...=..1
datanode_2  | 	at org.apache.hadoop.ipc.Client$Connection.access$3800(Client.java:414)
scm_1       | 00D0: 30 52 64 1C C4 0E 99 C9   2B 12 81 C4 24 1C E4 F4  0Rd.....+...$...
om_1        | [2]: ObjectId: 2.5.29.17 Criticality=false
om_1        | SubjectAlternativeName [
recon_1     | 0070: 43 99 A0 06 DF 12 9B 0C   A8 8D 1A B4 26 5B FD 57  C...........&[.W
recon_1     | 0080: 62 28 0E D7 C0 3E 46 4E   40 CC 7E 55 42 66 DD 89  b(...>FN@..UBf..
datanode_3  | 2023-01-31 07:47:52,773 [main] INFO http.BaseHttpServer: Starting Web-server for hddsDatanode at: http://0.0.0.0:9882
datanode_2  | 	at org.apache.hadoop.ipc.Client.getConnection(Client.java:1677)
scm_1       | 00E0: EF F9 05 A0 68 31 A5 F3   3F 4A 28 05 78 20 C0 51  ....h1..?J(.x .Q
scm_1       | 00F0: 75 00 D6 6B B7 EC 76 66   02 A9 21 F4 19 07 F4 C9  u..k..vf..!.....
om_1        |   IPAddress: 172.18.0.8
recon_1     | 0090: 2A 0A 99 5F 7D F2 7B 38   A3 98 3A DC 57 BC A6 29  *.._...8..:.W..)
recon_1     | 00A0: 78 33 17 0D CE DE 6C F9   DE 2D CF EC FA 66 A9 39  x3....l..-...f.9
datanode_3  | 2023-01-31 07:47:52,773 [main] INFO http.BaseHttpServer: Hadoop Security Enabled: true Ozone Security Enabled: true Ozone HTTP Security Enabled: true 
datanode_2  | 	at org.apache.hadoop.ipc.Client.call(Client.java:1502)
datanode_1  | 2023-01-31 07:47:41,475 [main] INFO audit.AuditLogger: Refresh DebugCmdSet for DNAudit to [].
datanode_1  | 2023-01-31 07:47:42,278 [main] INFO netty.NettyConfigKeys$DataStream: setTlsConf GrpcTlsConfig0-
om_1        |   Other-Name: Unrecognized ObjectIdentifier: 2.16.840.1.113730.3.1.34
om_1        | ]
om_1        | 
datanode_3  | 2023-01-31 07:47:52,773 [main] INFO http.BaseHttpServer: HttpAuthType: hdds.datanode.http.auth.type = kerberos
datanode_2  | 	... 12 more
datanode_1  | 2023-01-31 07:47:42,419 [main] INFO netty.NettyConfigKeys$DataStream: setTlsConf GrpcTlsConfig1-
scm_1       | 
recon_1     | 00B0: B5 F9 0E A9 AE 5B C2 76   E4 38 D4 7D 51 61 80 B2  .....[.v.8..Qa..
datanode_3  | 2023-01-31 07:47:52,918 [main] INFO util.log: Logging initialized @90802ms to org.eclipse.jetty.util.log.Slf4jLog
datanode_2  | Caused by: java.net.SocketTimeoutException: 5000 millis timeout while waiting for channel to be ready for read. ch : java.nio.channels.SocketChannel[connected local=/172.18.0.9:55936 remote=recon/172.18.0.3:9891]
datanode_1  | 2023-01-31 07:47:43,211 [main] WARN server.ServerUtils: Storage directory for Ratis is not configured. It is a good idea to map this to an SSD disk. Falling back to ozone.metadata.dirs
scm_1       | ] from file:/data/metadata/scm/sub-ca/certs/CA-1.crt.
om_1        | ]
recon_1     | 00C0: 3B 89 BF 0F F1 60 1B 89   84 DD D9 FE 91 71 74 53  ;....`.......qtS
datanode_2  | 	at org.apache.hadoop.net.SocketIOWithTimeout.doIO(SocketIOWithTimeout.java:163)
datanode_1  | 2023-01-31 07:47:43,600 [main] INFO server.RaftServer: raft.rpc.type = GRPC (default)
datanode_3  | 2023-01-31 07:47:53,839 [main] INFO http.HttpRequestLog: Http request log for http.requests.hddsDatanode is not defined
scm_1       | 2023-01-31 07:47:17,328 [main] INFO client.SCMCertificateClient: Added certificate [
om_1        |   Algorithm: [SHA256withRSA]
recon_1     | 00D0: EA 5D 28 C0 2F D6 A6 EF   94 2D 5F FF C3 90 A1 EA  .](./....-_.....
recon_1     | 00E0: 00 5A D6 A5 4A 07 4D ED   92 9F 64 3A C4 62 15 82  .Z..J.M...d:.b..
datanode_1  | 2023-01-31 07:47:44,063 [main] INFO grpc.GrpcConfigKeys: raft.grpc.admin.host = null (fallback to raft.grpc.server.host)
datanode_3  | 2023-01-31 07:47:53,912 [main] INFO http.HttpServer2: Added global filter 'safety' (class=org.apache.hadoop.hdds.server.http.HttpServer2$QuotingInputFilter)
scm_1       | [
om_1        |   Signature:
recon_1     | 00F0: C2 CF E7 26 7A 20 FA 1D   3E 74 86 6C E3 4D 81 17  ...&z ..>t.l.M..
datanode_2  | 	at org.apache.hadoop.net.SocketInputStream.read(SocketInputStream.java:161)
datanode_1  | 2023-01-31 07:47:44,070 [main] INFO grpc.GrpcConfigKeys: raft.grpc.admin.port = 9857 (custom)
datanode_1  | 2023-01-31 07:47:44,072 [main] INFO grpc.GrpcConfigKeys: raft.grpc.client.host = null (fallback to raft.grpc.server.host)
datanode_1  | 2023-01-31 07:47:44,074 [main] INFO grpc.GrpcConfigKeys: raft.grpc.client.port = 9858 (custom)
datanode_1  | 2023-01-31 07:47:44,077 [main] INFO grpc.GrpcConfigKeys: raft.grpc.server.host = null (default)
datanode_2  | 	at org.apache.hadoop.net.SocketInputStream.read(SocketInputStream.java:131)
om_1        | 0000: 31 13 81 4C 38 15 D2 E0   76 43 9D D0 24 B1 6E 82  1..L8...vC..$.n.
om_1        | 0010: 86 33 D6 03 71 68 DC D8   56 A3 BA 4B C8 03 69 66  .3..qh..V..K..if
datanode_3  | 2023-01-31 07:47:53,926 [main] INFO http.HttpServer2: Added filter authentication (class=org.apache.hadoop.security.authentication.server.AuthenticationFilter) to context hddsDatanode
datanode_3  | 2023-01-31 07:47:53,927 [main] INFO http.HttpServer2: Added filter authentication (class=org.apache.hadoop.security.authentication.server.AuthenticationFilter) to context logs
scm_1       |   Version: V3
datanode_2  | 	at java.base/java.io.FilterInputStream.read(FilterInputStream.java:133)
om_1        | 0020: 54 85 00 BC 78 DC 51 36   43 E0 F5 4A 29 6F EE 39  T...x.Q6C..J)o.9
recon_1     | 
datanode_3  | 2023-01-31 07:47:53,932 [main] INFO http.HttpServer2: Added filter authentication (class=org.apache.hadoop.security.authentication.server.AuthenticationFilter) to context static
datanode_1  | 2023-01-31 07:47:44,077 [main] INFO grpc.GrpcConfigKeys: raft.grpc.server.port = 9856 (custom)
scm_1       |   Subject: O=CID-5128c6ec-f311-4d77-b590-370d3e099e21, OU=6dfb726e-350e-430b-835b-cf79da791979, CN=scm-sub@scm
datanode_2  | 	at java.base/java.io.BufferedInputStream.fill(BufferedInputStream.java:252)
om_1        | 0030: 9C 52 22 D5 B6 48 4A 58   63 17 D3 0A E6 35 81 79  .R"..HJXc....5.y
datanode_3  | 2023-01-31 07:47:53,972 [main] INFO http.HttpServer2: Initialize spnego with host: 0.0.0.0 userKey: hdds.datanode.http.auth.kerberos.principal keytabKey: hdds.datanode.http.auth.kerberos.keytab
datanode_1  | 2023-01-31 07:47:44,079 [main] INFO server.GrpcService: raft.grpc.message.size.max = 32MB (=33554432) (custom)
scm_1       |   Signature Algorithm: SHA256withRSA, OID = 1.2.840.113549.1.1.11
datanode_2  | 	at java.base/java.io.BufferedInputStream.read(BufferedInputStream.java:271)
recon_1     | ] from file:/data/metadata/recon/certs/CA-464075175071.crt.
om_1        | 0040: 2A 5D 4E 38 B9 70 A9 C1   91 B5 12 92 3D 2B 9B 8B  *]N8.p......=+..
datanode_3  | 2023-01-31 07:47:54,396 [main] INFO http.HttpServer2: Jetty bound to port 9882
datanode_1  | 2023-01-31 07:47:44,092 [main] INFO server.RaftServerConfigKeys: raft.server.log.appender.buffer.byte-limit = 33554432 (custom)
scm_1       | 
datanode_2  | 	at java.base/java.io.DataInputStream.readInt(DataInputStream.java:392)
om_1        | 0050: 0B 30 2E 62 80 8A E7 E6   02 87 AF E6 1B F5 92 4E  .0.b...........N
datanode_3  | 2023-01-31 07:47:54,405 [main] INFO server.Server: jetty-9.4.49.v20220914; built: 2022-09-14T01:07:36.601Z; git: 4231a3b2e4cb8548a412a789936d640a97b1aa0a; jvm 11.0.14.1+1-LTS
datanode_1  | 2023-01-31 07:47:44,096 [main] INFO server.GrpcService: raft.grpc.flow.control.window = 5MB (=5242880) (custom)
scm_1       |   Key:  Sun RSA public key, 2048 bits
datanode_2  | 	at org.apache.hadoop.ipc.Client$IpcStreams.readResponse(Client.java:1922)
recon_1     | 2023-01-31 07:47:31,932 [main] INFO client.ReconCertificateClient: CertificateLifetimeMonitor for recon is started with first delay 29088748103 ms and interval 86400000 ms.
om_1        | 0060: 3C 38 EA 53 64 FB E8 A7   CF 47 2F 55 39 AB 8A 92  <8.Sd....G/U9...
datanode_3  | 2023-01-31 07:47:54,710 [main] INFO server.session: DefaultSessionIdManager workerName=node0
datanode_1  | 2023-01-31 07:47:44,099 [main] INFO server.RaftServerConfigKeys: raft.server.rpc.request.timeout = 60s (custom)
scm_1       |   params: null
datanode_2  | 	at org.apache.hadoop.security.SaslRpcClient.saslConnect(SaslRpcClient.java:367)
recon_1     | 2023-01-31 07:47:31,932 [main] INFO recon.ReconServer: Successfully stored SCM signed certificate, case:GETCERT.
om_1        | 0070: 4B 03 5F DC 23 38 F2 B4   FB 72 59 E0 B4 A5 50 E8  K._.#8...rY...P.
datanode_3  | 2023-01-31 07:47:54,710 [main] INFO server.session: No SessionScavenger set, using defaults
datanode_1  | 2023-01-31 07:47:44,147 [main] INFO grpc.GrpcConfigKeys: raft.grpc.server.heartbeat.channel = true (default)
scm_1       |   modulus: 21839311498419451799433876903294052256117987518486748454425344509701319626060443054483593088214991524142839748338920791686728974018049225065317137235161680219333048021725533961054801273753044216325584875209393757958336911466534467598973117739939090025889161761364484331917543565376987818102646101618742624221922139462478240903980211528392124818767343209865282148575638299705707953189878866510751533355076734455084748058816891331236509420602490956071064271595190837734857306463923270847678378935598367816595968671034414744254962577523006139113115930489491729442469612162892236627521860724497123436434383248602133906293
scm_1       |   public exponent: 65537
recon_1     | 2023-01-31 07:47:34,425 [main] INFO persistence.DefaultDataSourceProvider: JDBC Url for Recon : jdbc:derby:/data/metadata/recon/ozone_recon_derby.db 
om_1        | 0080: 55 B0 D0 6B 04 06 59 05   F3 1B 44 4D 89 B0 87 8D  U..k..Y...DM....
datanode_3  | 2023-01-31 07:47:54,735 [main] INFO server.session: node0 Scavenging every 660000ms
datanode_1  | 2023-01-31 07:47:44,177 [main] INFO grpc.GrpcConfigKeys: raft.grpc.server.async.request.thread.pool.cached = true (default)
datanode_2  | 	at org.apache.hadoop.ipc.Client$Connection.setupSaslConnection(Client.java:623)
scm_1       |   Validity: [From: Tue Jan 31 00:00:00 UTC 2023,
recon_1     | 2023-01-31 07:47:41,443 [main] INFO codegen.SqlDbUtils: Created derby database at jdbc:derby:/data/metadata/recon/ozone_recon_derby.db.
om_1        | 0090: 20 5C E5 03 66 64 9C D2   BC 15 D1 00 18 B4 9A 8F   \..fd..........
datanode_3  | 2023-01-31 07:47:54,935 [main] INFO server.KerberosAuthenticationHandler: Using keytab /etc/security/keytabs/dn.keytab, for principal HTTP/dn@EXAMPLE.COM
datanode_1  | 2023-01-31 07:47:44,191 [main] INFO grpc.GrpcConfigKeys: raft.grpc.server.async.request.thread.pool.size = 32 (default)
datanode_2  | 	at org.apache.hadoop.ipc.Client$Connection.access$2300(Client.java:414)
scm_1       |                To: Fri Mar 10 00:00:00 UTC 2028]
recon_1     | WARNING: An illegal reflective access operation has occurred
om_1        | 00A0: 9D E4 54 7C AE 86 79 75   7D FD 14 F5 F1 2F 2C C1  ..T...yu...../,.
datanode_3  | 2023-01-31 07:47:54,951 [main] INFO handler.ContextHandler: Started o.e.j.s.ServletContextHandler@1435feb6{logs,/logs,file:///var/log/hadoop/,AVAILABLE}
datanode_1  | 2023-01-31 07:47:49,589 [main] INFO impl.DataStreamServerImpl: raft.datastream.type = NETTY (custom)
datanode_2  | 	at org.apache.hadoop.ipc.Client$Connection$2.run(Client.java:843)
scm_1       |   Issuer: O=CID-5128c6ec-f311-4d77-b590-370d3e099e21, OU=6dfb726e-350e-430b-835b-cf79da791979, CN=scm@scm
recon_1     | WARNING: Illegal reflective access by org.jooq.tools.reflect.Reflect (file:/opt/hadoop/share/ozone/lib/jooq-3.11.10.jar) to constructor java.lang.invoke.MethodHandles$Lookup(java.lang.Class)
om_1        | 00B0: CE 21 DE A2 F8 57 CF 96   AB 19 4E 01 30 76 17 C4  .!...W....N.0v..
datanode_3  | 2023-01-31 07:47:54,968 [main] INFO handler.ContextHandler: Started o.e.j.s.ServletContextHandler@3de8e614{static,/static,jar:file:/opt/hadoop/share/ozone/lib/hdds-container-service-1.4.0-SNAPSHOT.jar!/webapps/static,AVAILABLE}
datanode_1  | 2023-01-31 07:47:49,757 [main] INFO server.RaftServerConfigKeys: raft.server.data-stream.async.request.thread.pool.cached = false (default)
datanode_2  | 	at org.apache.hadoop.ipc.Client$Connection$2.run(Client.java:839)
scm_1       |   SerialNumber: [    6c0d0934 9f]
recon_1     | WARNING: Please consider reporting this to the maintainers of org.jooq.tools.reflect.Reflect
om_1        | 00C0: 68 E2 0D 4F 4E 48 D3 26   7C 20 96 D2 45 D4 2B 67  h..ONH.&. ..E.+g
datanode_3  | 2023-01-31 07:47:55,787 [main] INFO server.KerberosAuthenticationHandler: Using keytab /etc/security/keytabs/dn.keytab, for principal HTTP/dn@EXAMPLE.COM
datanode_1  | 2023-01-31 07:47:49,758 [main] INFO server.RaftServerConfigKeys: raft.server.data-stream.async.request.thread.pool.size = 20 (custom)
datanode_2  | 	at java.base/java.security.AccessController.doPrivileged(Native Method)
scm_1       | 
recon_1     | WARNING: Use --illegal-access=warn to enable warnings of further illegal reflective access operations
recon_1     | WARNING: All illegal access operations will be denied in a future release
datanode_3  | 2023-01-31 07:47:55,985 [main] INFO handler.ContextHandler: Started o.e.j.w.WebAppContext@53f67af6{hddsDatanode,/,file:///tmp/jetty-0_0_0_0-9882-hdds-container-service-1_4_0-SNAPSHOT_jar-_-any-4226722775489148568/webapp/,AVAILABLE}{jar:file:/opt/hadoop/share/ozone/lib/hdds-container-service-1.4.0-SNAPSHOT.jar!/webapps/hddsDatanode}
datanode_2  | 	at java.base/javax.security.auth.Subject.doAs(Subject.java:423)
scm_1       | Certificate Extensions: 3
recon_1     | 2023-01-31 07:47:43,829 [main] INFO impl.ReconContainerMetadataManagerImpl: KEY_CONTAINER Table is empty, initializing from CONTAINER_KEY Table ...
om_1        | 00D0: 9A 5C 4A 11 96 E5 91 2E   26 55 65 5B 2F F8 4E F0  .\J.....&Ue[/.N.
datanode_3  | 2023-01-31 07:47:56,051 [main] INFO server.AbstractConnector: Started ServerConnector@6ce365b7{HTTP/1.1, (http/1.1)}{0.0.0.0:9882}
datanode_1  | 2023-01-31 07:47:49,758 [main] INFO server.RaftServerConfigKeys: raft.server.data-stream.async.write.thread.pool.size = 16 (default)
datanode_2  | 	at org.apache.hadoop.security.UserGroupInformation.doAs(UserGroupInformation.java:1878)
scm_1       | [1]: ObjectId: 2.5.29.19 Criticality=true
recon_1     | 2023-01-31 07:47:43,831 [main] INFO impl.ReconContainerMetadataManagerImpl: It took 0.001 seconds to initialized 0 records to KEY_CONTAINER table
om_1        | 00E0: F2 16 24 56 92 51 66 52   D2 2C 98 DD 3D B8 EC 0B  ..$V.QfR.,..=...
datanode_3  | 2023-01-31 07:47:56,069 [main] INFO server.Server: Started @93956ms
datanode_1  | 2023-01-31 07:47:49,775 [main] INFO server.RaftServerConfigKeys: raft.server.data-stream.client.pool.size = 10 (default)
datanode_2  | 	at org.apache.hadoop.ipc.Client$Connection.setupIOstreams(Client.java:839)
scm_1       | BasicConstraints:[
recon_1     | 2023-01-31 07:47:43,880 [main] INFO persistence.DefaultDataSourceProvider: JDBC Url for Recon : jdbc:derby:/data/metadata/recon/ozone_recon_derby.db 
om_1        | 00F0: 8F 5E 11 D8 3A 79 4F 46   E0 73 3E D1 C3 C2 E2 23  .^..:yOF.s>....#
datanode_3  | 2023-01-31 07:47:56,096 [main] INFO impl.MetricsSinkAdapter: Sink prometheus started
datanode_1  | 2023-01-31 07:47:49,796 [main] INFO netty.NettyConfigKeys$DataStream: raft.netty.dataStream.server.use-epoll = false (default)
datanode_2  | 	... 15 more
datanode_3  | 2023-01-31 07:47:56,097 [main] INFO impl.MetricsSystemImpl: Registered sink prometheus
om_1        | 
scm_1       |   CA:true
recon_1     | 2023-01-31 07:47:44,018 [main] INFO codegen.SqlDbUtils: Created derby database at jdbc:derby:/data/metadata/recon/ozone_recon_derby.db.
datanode_1  | 2023-01-31 07:47:49,796 [main] INFO netty.NettyConfigKeys$DataStream: raft.netty.dataStream.server.boss-group.size = 0 (default)
datanode_3  | 2023-01-31 07:47:56,101 [main] INFO http.BaseHttpServer: HTTP server of hddsDatanode listening at http://0.0.0.0:9882
datanode_2  | 2023-01-31 07:48:35,300 [Command processor thread] INFO server.RaftServer: 1e69a4e3-5301-4460-8965-9fee5bf32e29: addNew group-95A0187A7678:[ee1a73fb-90e8-4573-a632-4d493b4c1d75|rpc:172.18.0.10:9856|admin:172.18.0.10:9857|client:172.18.0.10:9858|dataStream:172.18.0.10:9855|priority:0|startupRole:FOLLOWER, 14b917d5-325a-4f29-a0e8-e34b223e06de|rpc:172.18.0.6:9856|admin:172.18.0.6:9857|client:172.18.0.6:9858|dataStream:172.18.0.6:9855|priority:0|startupRole:FOLLOWER, 1e69a4e3-5301-4460-8965-9fee5bf32e29|rpc:172.18.0.9:9856|admin:172.18.0.9:9857|client:172.18.0.9:9858|dataStream:172.18.0.9:9855|priority:1|startupRole:FOLLOWER] returns group-95A0187A7678:java.util.concurrent.CompletableFuture@5048fa4e[Not completed]
om_1        | ] from file:/data/metadata/om/certs/495064171534.crt.
scm_1       |   PathLen:2147483647
recon_1     | 2023-01-31 07:47:44,034 [main] INFO recon.ReconServer: Creating Recon Schema.
datanode_1  | 2023-01-31 07:47:49,830 [main] INFO netty.NettyConfigKeys$DataStream: raft.netty.dataStream.server.worker-group.size = 0 (default)
datanode_3  | 2023-01-31 07:47:56,132 [Datanode State Machine Daemon Thread] INFO statemachine.DatanodeStateMachine: Ozone container server started.
datanode_3  | 2023-01-31 07:47:56,452 [org.apache.hadoop.util.JvmPauseMonitor$Monitor@29e3ecc] INFO util.JvmPauseMonitor: Starting JVM pause monitor
om_1        | 2023-01-31 07:48:04,793 [main] INFO security.OMCertificateClient: Added certificate [
scm_1       | ]
recon_1     | 2023-01-31 07:47:50,354 [main] INFO http.BaseHttpServer: Starting Web-server for recon at: http://0.0.0.0:9888
datanode_1  | 2023-01-31 07:47:49,864 [main] INFO netty.NettyConfigKeys$DataStream: raft.netty.dataStream.server.tls.conf = GrpcTlsConfig0- (custom)
om_1        | [
datanode_3  | 2023-01-31 07:47:56,806 [Datanode State Machine Task Thread - 0] INFO statemachine.SCMConnectionManager: Adding Recon Server : recon/172.18.0.3:9891
recon_1     | 2023-01-31 07:47:50,358 [main] INFO http.BaseHttpServer: Hadoop Security Enabled: true Ozone Security Enabled: true Ozone HTTP Security Enabled: true 
datanode_1  | 2023-01-31 07:47:50,175 [main] INFO netty.NettyConfigKeys$DataStream: raft.netty.dataStream.host = null (default)
datanode_1  | 2023-01-31 07:47:50,176 [main] INFO netty.NettyConfigKeys$DataStream: raft.netty.dataStream.port = 9855 (custom)
scm_1       | 
om_1        |   Version: V3
recon_1     | 2023-01-31 07:47:50,359 [main] INFO http.BaseHttpServer: HttpAuthType: ozone.recon.http.auth.type = kerberos
datanode_1  | 2023-01-31 07:47:50,521 [main] INFO server.RaftServerConfigKeys: raft.server.threadpool.proxy.cached = true (default)
datanode_2  | 2023-01-31 07:48:35,347 [pool-24-thread-1] INFO server.RaftServer$Division: 1e69a4e3-5301-4460-8965-9fee5bf32e29: new RaftServerImpl for group-95A0187A7678:[ee1a73fb-90e8-4573-a632-4d493b4c1d75|rpc:172.18.0.10:9856|admin:172.18.0.10:9857|client:172.18.0.10:9858|dataStream:172.18.0.10:9855|priority:0|startupRole:FOLLOWER, 14b917d5-325a-4f29-a0e8-e34b223e06de|rpc:172.18.0.6:9856|admin:172.18.0.6:9857|client:172.18.0.6:9858|dataStream:172.18.0.6:9855|priority:0|startupRole:FOLLOWER, 1e69a4e3-5301-4460-8965-9fee5bf32e29|rpc:172.18.0.9:9856|admin:172.18.0.9:9857|client:172.18.0.9:9858|dataStream:172.18.0.9:9855|priority:1|startupRole:FOLLOWER] with ContainerStateMachine:uninitialized
scm_1       | [2]: ObjectId: 2.5.29.15 Criticality=true
om_1        |   Subject: O=CID-5128c6ec-f311-4d77-b590-370d3e099e21, OU=6dfb726e-350e-430b-835b-cf79da791979, CN=scm-sub@scm
scm_1       | KeyUsage [
om_1        |   Signature Algorithm: SHA256withRSA, OID = 1.2.840.113549.1.1.11
recon_1     | 2023-01-31 07:47:50,395 [main] INFO util.log: Logging initialized @90919ms to org.eclipse.jetty.util.log.Slf4jLog
scm_1       |   DigitalSignature
om_1        | 
om_1        |   Key:  Sun RSA public key, 2048 bits
datanode_1  | 2023-01-31 07:47:50,623 [main] INFO server.RaftServerConfigKeys: raft.server.threadpool.proxy.size = 0 (default)
datanode_2  | 2023-01-31 07:48:35,348 [pool-24-thread-1] INFO server.RaftServerConfigKeys: raft.server.rpc.timeout.min = 5s (custom)
datanode_2  | 2023-01-31 07:48:35,353 [pool-24-thread-1] INFO server.RaftServerConfigKeys: raft.server.rpc.timeout.max = 5200ms (custom)
scm_1       |   Key_Encipherment
datanode_1  | 2023-01-31 07:47:50,632 [main] INFO server.RaftServerConfigKeys: raft.server.rpc.slowness.timeout = 300s (custom)
datanode_1  | 2023-01-31 07:47:50,636 [main] INFO server.RaftServerConfigKeys: raft.server.leaderelection.leader.step-down.wait-time = 10s (default)
datanode_3  | 2023-01-31 07:47:56,866 [Datanode State Machine Task Thread - 0] INFO datanode.InitDatanodeState: DatanodeDetails is persisted to /data/datanode.id
recon_1     | 2023-01-31 07:47:51,156 [main] WARN http.HttpRequestLog: Jetty request log can only be enabled using Log4j
recon_1     | 2023-01-31 07:47:51,286 [main] INFO http.HttpServer2: Added global filter 'safety' (class=org.apache.hadoop.hdds.server.http.HttpServer2$QuotingInputFilter)
scm_1       |   Data_Encipherment
datanode_2  | 2023-01-31 07:48:35,353 [pool-24-thread-1] INFO server.RaftServerConfigKeys: raft.server.rpc.sleep.time = 25ms (default)
datanode_2  | 2023-01-31 07:48:35,353 [pool-24-thread-1] INFO server.RaftServerConfigKeys: raft.server.rpc.slowness.timeout = 300s (custom)
datanode_3  | 2023-01-31 07:47:59,607 [EndpointStateMachine task thread for recon/172.18.0.3:9891 - 0 ] INFO ipc.Client: Retrying connect to server: recon/172.18.0.3:9891. Already tried 0 time(s); retry policy is RetryUpToMaximumCountWithFixedSleep(maxRetries=15, sleepTime=1000 MILLISECONDS)
datanode_3  | 2023-01-31 07:48:00,156 [EndpointStateMachine task thread for scm/172.18.0.4:9861 - 0 ] INFO utils.DatanodeStoreCache: Added db /data/hdds/hdds/CID-5128c6ec-f311-4d77-b590-370d3e099e21/DS-77b43bb3-aedf-4b47-9873-e07d31d92cbe/container.db to cache
datanode_3  | 2023-01-31 07:48:00,160 [EndpointStateMachine task thread for scm/172.18.0.4:9861 - 0 ] INFO volume.HddsVolume: SchemaV3 db is created and loaded at /data/hdds/hdds/CID-5128c6ec-f311-4d77-b590-370d3e099e21/DS-77b43bb3-aedf-4b47-9873-e07d31d92cbe/container.db for volume DS-77b43bb3-aedf-4b47-9873-e07d31d92cbe
recon_1     | 2023-01-31 07:47:51,308 [main] INFO http.HttpServer2: Added filter authentication (class=org.apache.hadoop.security.authentication.server.AuthenticationFilter) to context recon
datanode_1  | 2023-01-31 07:47:50,721 [main] INFO server.RaftServerConfigKeys: raft.server.storage.dir = [/data/metadata/ratis] (custom)
datanode_2  | 2023-01-31 07:48:35,353 [pool-24-thread-1] INFO server.RaftServerConfigKeys: raft.server.leaderelection.leader.step-down.wait-time = 10s (default)
om_1        |   params: null
datanode_3  | 2023-01-31 07:48:00,176 [EndpointStateMachine task thread for scm/172.18.0.4:9861 - 0 ] INFO ozoneimpl.OzoneContainer: Attempting to start container services.
scm_1       |   Key_Agreement
datanode_2  | 2023-01-31 07:48:35,353 [pool-24-thread-1] INFO server.RaftServerConfigKeys: raft.server.sleep.deviation.threshold = 300ms (default)
om_1        |   modulus: 21839311498419451799433876903294052256117987518486748454425344509701319626060443054483593088214991524142839748338920791686728974018049225065317137235161680219333048021725533961054801273753044216325584875209393757958336911466534467598973117739939090025889161761364484331917543565376987818102646101618742624221922139462478240903980211528392124818767343209865282148575638299705707953189878866510751533355076734455084748058816891331236509420602490956071064271595190837734857306463923270847678378935598367816595968671034414744254962577523006139113115930489491729442469612162892236627521860724497123436434383248602133906293
datanode_3  | 2023-01-31 07:48:00,199 [EndpointStateMachine task thread for scm/172.18.0.4:9861 - 0 ] INFO ozoneimpl.OzoneContainer: Scheduled background container scanners and the on-demand container scanner have been disabled.
datanode_3  | 2023-01-31 07:48:00,310 [EndpointStateMachine task thread for scm/172.18.0.4:9861 - 0 ] INFO replication.ReplicationServer: ReplicationServer is started using port 9886
recon_1     | 2023-01-31 07:47:51,312 [main] INFO http.HttpServer2: Added filter authentication (class=org.apache.hadoop.security.authentication.server.AuthenticationFilter) to context logs
datanode_1  | 2023-01-31 07:47:50,728 [ee1a73fb-90e8-4573-a632-4d493b4c1d75-NettyServerStreamRpc-bossGroup--thread1] INFO logging.LoggingHandler: [id: 0x38db6b93] REGISTERED
datanode_2  | 2023-01-31 07:48:35,371 [pool-24-thread-1] INFO server.RaftServer$Division: 1e69a4e3-5301-4460-8965-9fee5bf32e29@group-95A0187A7678: ConfigurationManager, init=-1: peers:[ee1a73fb-90e8-4573-a632-4d493b4c1d75|rpc:172.18.0.10:9856|admin:172.18.0.10:9857|client:172.18.0.10:9858|dataStream:172.18.0.10:9855|priority:0|startupRole:FOLLOWER, 14b917d5-325a-4f29-a0e8-e34b223e06de|rpc:172.18.0.6:9856|admin:172.18.0.6:9857|client:172.18.0.6:9858|dataStream:172.18.0.6:9855|priority:0|startupRole:FOLLOWER, 1e69a4e3-5301-4460-8965-9fee5bf32e29|rpc:172.18.0.9:9856|admin:172.18.0.9:9857|client:172.18.0.9:9858|dataStream:172.18.0.9:9855|priority:1|startupRole:FOLLOWER]|listeners:[], old=null, confs=<EMPTY_MAP>
scm_1       |   Key_CertSign
scm_1       |   Crl_Sign
recon_1     | 2023-01-31 07:47:51,313 [main] INFO http.HttpServer2: Added filter authentication (class=org.apache.hadoop.security.authentication.server.AuthenticationFilter) to context static
datanode_1  | 2023-01-31 07:47:50,755 [ee1a73fb-90e8-4573-a632-4d493b4c1d75-NettyServerStreamRpc-bossGroup--thread1] INFO logging.LoggingHandler: [id: 0x38db6b93] BIND: 0.0.0.0/0.0.0.0:9855
datanode_2  | 2023-01-31 07:48:35,371 [pool-24-thread-1] INFO server.RaftServerConfigKeys: raft.server.storage.dir = [/data/metadata/ratis] (custom)
scm_1       | ]
scm_1       | 
recon_1     | 2023-01-31 07:47:51,342 [main] INFO http.HttpServer2: Initialize spnego with host: 0.0.0.0 userKey: ozone.recon.http.auth.kerberos.principal keytabKey: ozone.recon.http.auth.kerberos.keytab
datanode_1  | 2023-01-31 07:47:50,763 [ee1a73fb-90e8-4573-a632-4d493b4c1d75-NettyServerStreamRpc-bossGroup--thread1] INFO logging.LoggingHandler: [id: 0x38db6b93, L:/0.0.0.0:9855] ACTIVE
