2026-08-08 08:03:29,633 | INFO  | DNAudit | user=null | ip=null | op=CLOSE_CONTAINER {"containerID":"5"} | ret=SUCCESS |  
2026-08-08 08:04:50,039 | INFO  | DNAudit | user=null | ip=null | op=READ_CONTAINER {"containerID":"7"} | ret=SUCCESS |  
2026-08-08 08:04:50,242 | ERROR | DNAudit | user=null | ip=null | op=GET_BLOCK {"blockData":"conID: 7 locID: 117883640217600108 bcsId: 0 replicaIndex: 2"} | ret=FAILURE | java.lang.Exception: Request is trying to write to node with uuid : fdfa47ce-9ece-442d-8b65-9fbb8c903a4b but the current nodeId is: e63267ea-62c7-41fa-b0e9-5d0bf14d5d4f .
	at org.apache.hadoop.ozone.container.common.impl.HddsDispatcher.dispatchRequest(HddsDispatcher.java:459)
	at org.apache.hadoop.ozone.container.common.impl.HddsDispatcher.lambda$dispatch$0(HddsDispatcher.java:198)
 
2026-08-08 08:04:50,266 | ERROR | DNAudit | user=null | ip=null | op=GET_BLOCK {"blockData":"conID: 7 locID: 117883640217600108 bcsId: 0 replicaIndex: 3"} | ret=FAILURE | java.lang.Exception: Request is trying to write to node with uuid : 87464268-7fdf-4c4c-b9f2-c3b360eebcc5 but the current nodeId is: e63267ea-62c7-41fa-b0e9-5d0bf14d5d4f .
	at org.apache.hadoop.ozone.container.common.impl.HddsDispatcher.dispatchRequest(HddsDispatcher.java:459)
	at org.apache.hadoop.ozone.container.common.impl.HddsDispatcher.lambda$dispatch$0(HddsDispatcher.java:198)
 
2026-08-08 08:04:50,294 | ERROR | DNAudit | user=null | ip=null | op=GET_BLOCK {"blockData":"conID: 7 locID: 117883640217600108 bcsId: 0 replicaIndex: 4"} | ret=FAILURE | java.lang.Exception: Request is trying to write to node with uuid : 6a74170b-e629-45fa-986d-0005e8b9cd33 but the current nodeId is: e63267ea-62c7-41fa-b0e9-5d0bf14d5d4f .
	at org.apache.hadoop.ozone.container.common.impl.HddsDispatcher.dispatchRequest(HddsDispatcher.java:459)
	at org.apache.hadoop.ozone.container.common.impl.HddsDispatcher.lambda$dispatch$0(HddsDispatcher.java:198)
 
2026-08-08 08:04:50,358 | ERROR | DNAudit | user=null | ip=null | op=GET_BLOCK {"blockData":"conID: 7 locID: 117883640217600108 bcsId: 0 replicaIndex: 5"} | ret=FAILURE | java.lang.Exception: Request is trying to write to node with uuid : 5338ac2b-7079-47f5-9733-e077704cc44e but the current nodeId is: e63267ea-62c7-41fa-b0e9-5d0bf14d5d4f .
	at org.apache.hadoop.ozone.container.common.impl.HddsDispatcher.dispatchRequest(HddsDispatcher.java:459)
	at org.apache.hadoop.ozone.container.common.impl.HddsDispatcher.lambda$dispatch$0(HddsDispatcher.java:198)
 
2026-08-08 08:05:05,856 | INFO  | DNAudit | user=null | ip=null | op=READ_CONTAINER {"containerID":"7"} | ret=SUCCESS |  
2026-08-08 08:05:06,056 | ERROR | DNAudit | user=null | ip=null | op=GET_BLOCK {"blockData":"conID: 7 locID: 117883640217600109 bcsId: 0 replicaIndex: 2"} | ret=FAILURE | java.lang.Exception: Request is trying to write to node with uuid : fdfa47ce-9ece-442d-8b65-9fbb8c903a4b but the current nodeId is: e63267ea-62c7-41fa-b0e9-5d0bf14d5d4f .
	at org.apache.hadoop.ozone.container.common.impl.HddsDispatcher.dispatchRequest(HddsDispatcher.java:459)
	at org.apache.hadoop.ozone.container.common.impl.HddsDispatcher.lambda$dispatch$0(HddsDispatcher.java:198)
 
2026-08-08 08:05:06,072 | ERROR | DNAudit | user=null | ip=null | op=GET_BLOCK {"blockData":"conID: 7 locID: 117883640217600109 bcsId: 0 replicaIndex: 3"} | ret=FAILURE | java.lang.Exception: Request is trying to write to node with uuid : 87464268-7fdf-4c4c-b9f2-c3b360eebcc5 but the current nodeId is: e63267ea-62c7-41fa-b0e9-5d0bf14d5d4f .
	at org.apache.hadoop.ozone.container.common.impl.HddsDispatcher.dispatchRequest(HddsDispatcher.java:459)
	at org.apache.hadoop.ozone.container.common.impl.HddsDispatcher.lambda$dispatch$0(HddsDispatcher.java:198)
 
2026-08-08 08:05:06,092 | ERROR | DNAudit | user=null | ip=null | op=GET_BLOCK {"blockData":"conID: 7 locID: 117883640217600109 bcsId: 0 replicaIndex: 4"} | ret=FAILURE | java.lang.Exception: Request is trying to write to node with uuid : 6a74170b-e629-45fa-986d-0005e8b9cd33 but the current nodeId is: e63267ea-62c7-41fa-b0e9-5d0bf14d5d4f .
	at org.apache.hadoop.ozone.container.common.impl.HddsDispatcher.dispatchRequest(HddsDispatcher.java:459)
	at org.apache.hadoop.ozone.container.common.impl.HddsDispatcher.lambda$dispatch$0(HddsDispatcher.java:198)
 
2026-08-08 08:05:06,119 | ERROR | DNAudit | user=null | ip=null | op=GET_BLOCK {"blockData":"conID: 7 locID: 117883640217600109 bcsId: 0 replicaIndex: 5"} | ret=FAILURE | java.lang.Exception: Request is trying to write to node with uuid : 5338ac2b-7079-47f5-9733-e077704cc44e but the current nodeId is: e63267ea-62c7-41fa-b0e9-5d0bf14d5d4f .
	at org.apache.hadoop.ozone.container.common.impl.HddsDispatcher.dispatchRequest(HddsDispatcher.java:459)
	at org.apache.hadoop.ozone.container.common.impl.HddsDispatcher.lambda$dispatch$0(HddsDispatcher.java:198)
 
2026-08-08 08:05:23,077 | INFO  | DNAudit | user=null | ip=null | op=READ_CONTAINER {"containerID":"7"} | ret=SUCCESS |  
2026-08-08 08:05:23,267 | ERROR | DNAudit | user=null | ip=null | op=GET_BLOCK {"blockData":"conID: 7 locID: 117883640217600110 bcsId: 0 replicaIndex: 2"} | ret=FAILURE | java.lang.Exception: Request is trying to write to node with uuid : fdfa47ce-9ece-442d-8b65-9fbb8c903a4b but the current nodeId is: e63267ea-62c7-41fa-b0e9-5d0bf14d5d4f .
	at org.apache.hadoop.ozone.container.common.impl.HddsDispatcher.dispatchRequest(HddsDispatcher.java:459)
	at org.apache.hadoop.ozone.container.common.impl.HddsDispatcher.lambda$dispatch$0(HddsDispatcher.java:198)
 
2026-08-08 08:05:23,295 | ERROR | DNAudit | user=null | ip=null | op=GET_BLOCK {"blockData":"conID: 7 locID: 117883640217600110 bcsId: 0 replicaIndex: 3"} | ret=FAILURE | java.lang.Exception: Request is trying to write to node with uuid : 87464268-7fdf-4c4c-b9f2-c3b360eebcc5 but the current nodeId is: e63267ea-62c7-41fa-b0e9-5d0bf14d5d4f .
	at org.apache.hadoop.ozone.container.common.impl.HddsDispatcher.dispatchRequest(HddsDispatcher.java:459)
	at org.apache.hadoop.ozone.container.common.impl.HddsDispatcher.lambda$dispatch$0(HddsDispatcher.java:198)
 
2026-08-08 08:05:23,319 | ERROR | DNAudit | user=null | ip=null | op=GET_BLOCK {"blockData":"conID: 7 locID: 117883640217600110 bcsId: 0 replicaIndex: 4"} | ret=FAILURE | java.lang.Exception: Request is trying to write to node with uuid : 6a74170b-e629-45fa-986d-0005e8b9cd33 but the current nodeId is: e63267ea-62c7-41fa-b0e9-5d0bf14d5d4f .
	at org.apache.hadoop.ozone.container.common.impl.HddsDispatcher.dispatchRequest(HddsDispatcher.java:459)
	at org.apache.hadoop.ozone.container.common.impl.HddsDispatcher.lambda$dispatch$0(HddsDispatcher.java:198)
 
2026-08-08 08:05:23,348 | ERROR | DNAudit | user=null | ip=null | op=GET_BLOCK {"blockData":"conID: 7 locID: 117883640217600110 bcsId: 0 replicaIndex: 5"} | ret=FAILURE | java.lang.Exception: Request is trying to write to node with uuid : 5338ac2b-7079-47f5-9733-e077704cc44e but the current nodeId is: e63267ea-62c7-41fa-b0e9-5d0bf14d5d4f .
	at org.apache.hadoop.ozone.container.common.impl.HddsDispatcher.dispatchRequest(HddsDispatcher.java:459)
	at org.apache.hadoop.ozone.container.common.impl.HddsDispatcher.lambda$dispatch$0(HddsDispatcher.java:198)
 
2026-08-08 08:05:23,398 | INFO  | DNAudit | user=null | ip=null | op=READ_CONTAINER {"containerID":"7"} | ret=SUCCESS |  
2026-08-08 08:05:23,423 | ERROR | DNAudit | user=null | ip=null | op=GET_BLOCK {"blockData":"conID: 7 locID: 117883640217600111 bcsId: 0 replicaIndex: 2"} | ret=FAILURE | java.lang.Exception: Request is trying to write to node with uuid : fdfa47ce-9ece-442d-8b65-9fbb8c903a4b but the current nodeId is: e63267ea-62c7-41fa-b0e9-5d0bf14d5d4f .
	at org.apache.hadoop.ozone.container.common.impl.HddsDispatcher.dispatchRequest(HddsDispatcher.java:459)
	at org.apache.hadoop.ozone.container.common.impl.HddsDispatcher.lambda$dispatch$0(HddsDispatcher.java:198)
 
2026-08-08 08:05:23,436 | ERROR | DNAudit | user=null | ip=null | op=GET_BLOCK {"blockData":"conID: 7 locID: 117883640217600111 bcsId: 0 replicaIndex: 3"} | ret=FAILURE | java.lang.Exception: Request is trying to write to node with uuid : 87464268-7fdf-4c4c-b9f2-c3b360eebcc5 but the current nodeId is: e63267ea-62c7-41fa-b0e9-5d0bf14d5d4f .
	at org.apache.hadoop.ozone.container.common.impl.HddsDispatcher.dispatchRequest(HddsDispatcher.java:459)
	at org.apache.hadoop.ozone.container.common.impl.HddsDispatcher.lambda$dispatch$0(HddsDispatcher.java:198)
 
2026-08-08 08:05:23,456 | ERROR | DNAudit | user=null | ip=null | op=GET_BLOCK {"blockData":"conID: 7 locID: 117883640217600111 bcsId: 0 replicaIndex: 4"} | ret=FAILURE | java.lang.Exception: Request is trying to write to node with uuid : 6a74170b-e629-45fa-986d-0005e8b9cd33 but the current nodeId is: e63267ea-62c7-41fa-b0e9-5d0bf14d5d4f .
	at org.apache.hadoop.ozone.container.common.impl.HddsDispatcher.dispatchRequest(HddsDispatcher.java:459)
	at org.apache.hadoop.ozone.container.common.impl.HddsDispatcher.lambda$dispatch$0(HddsDispatcher.java:198)
 
2026-08-08 08:05:23,489 | ERROR | DNAudit | user=null | ip=null | op=GET_BLOCK {"blockData":"conID: 7 locID: 117883640217600111 bcsId: 0 replicaIndex: 5"} | ret=FAILURE | java.lang.Exception: Request is trying to write to node with uuid : 5338ac2b-7079-47f5-9733-e077704cc44e but the current nodeId is: e63267ea-62c7-41fa-b0e9-5d0bf14d5d4f .
	at org.apache.hadoop.ozone.container.common.impl.HddsDispatcher.dispatchRequest(HddsDispatcher.java:459)
	at org.apache.hadoop.ozone.container.common.impl.HddsDispatcher.lambda$dispatch$0(HddsDispatcher.java:198)
 
2026-08-08 08:05:37,517 | INFO  | DNAudit | user=null | ip=null | op=READ_CONTAINER {"containerID":"7"} | ret=SUCCESS |  
2026-08-08 08:05:37,770 | ERROR | DNAudit | user=null | ip=null | op=GET_BLOCK {"blockData":"conID: 7 locID: 117883640217600112 bcsId: 0 replicaIndex: 2"} | ret=FAILURE | java.lang.Exception: Request is trying to write to node with uuid : fdfa47ce-9ece-442d-8b65-9fbb8c903a4b but the current nodeId is: e63267ea-62c7-41fa-b0e9-5d0bf14d5d4f .
	at org.apache.hadoop.ozone.container.common.impl.HddsDispatcher.dispatchRequest(HddsDispatcher.java:459)
	at org.apache.hadoop.ozone.container.common.impl.HddsDispatcher.lambda$dispatch$0(HddsDispatcher.java:198)
 
2026-08-08 08:05:37,786 | ERROR | DNAudit | user=null | ip=null | op=GET_BLOCK {"blockData":"conID: 7 locID: 117883640217600112 bcsId: 0 replicaIndex: 3"} | ret=FAILURE | java.lang.Exception: Request is trying to write to node with uuid : 87464268-7fdf-4c4c-b9f2-c3b360eebcc5 but the current nodeId is: e63267ea-62c7-41fa-b0e9-5d0bf14d5d4f .
	at org.apache.hadoop.ozone.container.common.impl.HddsDispatcher.dispatchRequest(HddsDispatcher.java:459)
	at org.apache.hadoop.ozone.container.common.impl.HddsDispatcher.lambda$dispatch$0(HddsDispatcher.java:198)
 
2026-08-08 08:05:37,808 | ERROR | DNAudit | user=null | ip=null | op=GET_BLOCK {"blockData":"conID: 7 locID: 117883640217600112 bcsId: 0 replicaIndex: 4"} | ret=FAILURE | java.lang.Exception: Request is trying to write to node with uuid : 6a74170b-e629-45fa-986d-0005e8b9cd33 but the current nodeId is: e63267ea-62c7-41fa-b0e9-5d0bf14d5d4f .
	at org.apache.hadoop.ozone.container.common.impl.HddsDispatcher.dispatchRequest(HddsDispatcher.java:459)
	at org.apache.hadoop.ozone.container.common.impl.HddsDispatcher.lambda$dispatch$0(HddsDispatcher.java:198)
 
2026-08-08 08:05:37,835 | ERROR | DNAudit | user=null | ip=null | op=GET_BLOCK {"blockData":"conID: 7 locID: 117883640217600112 bcsId: 0 replicaIndex: 5"} | ret=FAILURE | java.lang.Exception: Request is trying to write to node with uuid : 5338ac2b-7079-47f5-9733-e077704cc44e but the current nodeId is: e63267ea-62c7-41fa-b0e9-5d0bf14d5d4f .
	at org.apache.hadoop.ozone.container.common.impl.HddsDispatcher.dispatchRequest(HddsDispatcher.java:459)
	at org.apache.hadoop.ozone.container.common.impl.HddsDispatcher.lambda$dispatch$0(HddsDispatcher.java:198)
 
