scm1_1   | 2023-07-13 21:07:52,205 [7f1f6a28-c3a5-4eee-acbf-242f734b4471-impl-thread1] INFO server.RaftServer$Division: 7f1f6a28-c3a5-4eee-acbf-242f734b4471@group-417DAC3D8A6B: set configuration 19: peers:[efd5aac5-ab0a-4173-a1aa-62e19894a08f|rpc:scm2:9894|admin:|client:|dataStream:|priority:0|startupRole:FOLLOWER, 7f1f6a28-c3a5-4eee-acbf-242f734b4471|rpc:scm1:9894|admin:|client:|dataStream:|priority:0|startupRole:FOLLOWER]|listeners:[], old=null
om2_1    | 2023-07-13 21:08:27,847 [pool-26-thread-1] INFO server.RaftServerConfigKeys: raft.server.threadpool.server.cached = true (default)
dn3_1    | 2023-07-13 21:08:19,365 [28450ceb-79e2-40eb-9df1-503c49b15aa6@group-A42B3AE10655-LeaderElection1] INFO server.RaftServer$Division: 28450ceb-79e2-40eb-9df1-503c49b15aa6@group-A42B3AE10655: change Leader from null to 28450ceb-79e2-40eb-9df1-503c49b15aa6 at term 3 for becomeLeader, leader elected after 35806ms
scm3_1   | 2023-07-13 21:08:28,370 [main] INFO audit.AuditLogger: Refresh DebugCmdSet for SCMAudit to [].
dn4_1    | 	at java.base/java.io.FilterInputStream.read(FilterInputStream.java:83)
recon_1  | 2023-07-13 21:08:18,237 [IPC Server handler 8 on default port 9891] WARN ipc.Server: IPC Server handler 8 on default port 9891, call Call#7 Retry#0 org.apache.hadoop.ozone.protocol.ReconDatanodeProtocol.submitRequest from 10.9.0.19:57634: output error
dn2_1    | 	at java.base/jdk.internal.reflect.DelegatingConstructorAccessorImpl.newInstance(DelegatingConstructorAccessorImpl.java:45)
dn1_1    | 2023-07-13 21:08:14,817 [EndpointStateMachine task thread for scm3/10.9.0.16:9861 - 0 ] INFO ipc.Client: Retrying connect to server: scm3/10.9.0.16:9861. Already tried 4 time(s); retry policy is RetryUpToMaximumCountWithFixedSleep(maxRetries=15, sleepTime=1000 MILLISECONDS)
dn5_1    | 2023-07-13 21:08:00,535 [EndpointStateMachine task thread for scm2/10.9.0.15:9861 - 0 ] INFO ipc.Client: Retrying connect to server: scm2/10.9.0.15:9861. Already tried 4 time(s); retry policy is RetryUpToMaximumCountWithFixedSleep(maxRetries=15, sleepTime=1000 MILLISECONDS)
om1_1    | 2023-07-13 21:08:27,024 [pool-26-thread-1] INFO server.RaftServerConfigKeys: raft.server.threadpool.server.cached = true (default)
om3_1    | 2023-07-13 21:08:27,070 [pool-26-thread-1] INFO server.RaftServerConfigKeys: raft.server.log.appender.install.snapshot.enabled = false (custom)
scm2_1   | 2023-07-13 21:08:04,262 [main] INFO safemode.ContainerSafeModeRule: containers with one replica threshold count 0
scm1_1   | 2023-07-13 21:07:52,212 [7f1f6a28-c3a5-4eee-acbf-242f734b4471-impl-thread1] INFO server.RaftServer$Division: 7f1f6a28-c3a5-4eee-acbf-242f734b4471@group-417DAC3D8A6B: set configuration 31: peers:[9f7177a3-8bd2-4075-bddd-4529f6496d52|rpc:scm3:9894|admin:|client:|dataStream:|priority:0|startupRole:FOLLOWER, efd5aac5-ab0a-4173-a1aa-62e19894a08f|rpc:scm2:9894|admin:|client:|dataStream:|priority:0|startupRole:FOLLOWER, 7f1f6a28-c3a5-4eee-acbf-242f734b4471|rpc:scm1:9894|admin:|client:|dataStream:|priority:0|startupRole:FOLLOWER]|listeners:[], old=peers:[efd5aac5-ab0a-4173-a1aa-62e19894a08f|rpc:scm2:9894|admin:|client:|dataStream:|priority:0|startupRole:FOLLOWER, 7f1f6a28-c3a5-4eee-acbf-242f734b4471|rpc:scm1:9894|admin:|client:|dataStream:|priority:0|startupRole:FOLLOWER]|listeners:[]
om2_1    | 2023-07-13 21:08:27,847 [pool-26-thread-1] INFO server.RaftServerConfigKeys: raft.server.threadpool.server.size = 0 (default)
dn3_1    | 2023-07-13 21:08:19,419 [28450ceb-79e2-40eb-9df1-503c49b15aa6@group-A42B3AE10655-LeaderElection1] INFO server.RaftServerConfigKeys: raft.server.staging.catchup.gap = 1000 (default)
scm3_1   | 2023-07-13 21:08:28,571 [main] INFO ipc.CallQueueManager: Using callQueue: class java.util.concurrent.LinkedBlockingQueue, queueCapacity: 10000, scheduler: class org.apache.hadoop.ipc.DefaultRpcScheduler, ipcBackoff: false.
dn4_1    | 	at java.base/java.io.FilterInputStream.read(FilterInputStream.java:83)
recon_1  | 2023-07-13 21:08:18,238 [IPC Server handler 24 on default port 9891] WARN ipc.Server: IPC Server handler 24 on default port 9891, call Call#10 Retry#0 org.apache.hadoop.ozone.protocol.ReconDatanodeProtocol.submitRequest from 10.9.0.18:59796: output error
dn2_1    | 	at java.base/java.lang.reflect.Constructor.newInstance(Constructor.java:490)
dn1_1    | 2023-07-13 21:08:15,061 [0b8dffe5-0e51-40c3-8392-c67c149a7a94-impl-thread1] INFO raftlog.RaftLog: 0b8dffe5-0e51-40c3-8392-c67c149a7a94@group-30A938F691D6-SegmentedRaftLog: commitIndex: updateToMax old=2, new=1, updated? false
dn5_1    | 2023-07-13 21:08:00,578 [EndpointStateMachine task thread for scm3/10.9.0.16:9861 - 0 ] INFO ipc.Client: Retrying connect to server: scm3/10.9.0.16:9861. Already tried 4 time(s); retry policy is RetryUpToMaximumCountWithFixedSleep(maxRetries=15, sleepTime=1000 MILLISECONDS)
om1_1    | 2023-07-13 21:08:27,029 [pool-26-thread-1] INFO server.RaftServerConfigKeys: raft.server.threadpool.server.size = 0 (default)
om1_1    | 2023-07-13 21:08:27,035 [pool-26-thread-1] INFO server.RaftServerConfigKeys: raft.server.threadpool.client.cached = true (default)
scm2_1   | 2023-07-13 21:08:04,270 [main] INFO safemode.HealthyPipelineSafeModeRule: Total pipeline count is 2, healthy pipeline threshold count is 1
scm2_1   | 2023-07-13 21:08:04,272 [main] INFO safemode.OneReplicaPipelineSafeModeRule: Total pipeline count is 2, pipeline's with at least one datanode reported threshold count is 2
scm2_1   | 2023-07-13 21:08:06,009 [main] INFO audit.AuditLogger: Refresh DebugCmdSet for SCMAudit to [].
scm2_1   | 2023-07-13 21:08:06,034 [main] INFO ipc.CallQueueManager: Using callQueue: class java.util.concurrent.LinkedBlockingQueue, queueCapacity: 10000, scheduler: class org.apache.hadoop.ipc.DefaultRpcScheduler, ipcBackoff: false.
scm2_1   | 2023-07-13 21:08:06,101 [Socket Reader #1 for port 9861] INFO ipc.Server: Starting Socket Reader #1 for port 9861
om3_1    | 2023-07-13 21:08:27,077 [pool-26-thread-1] INFO server.RaftServerConfigKeys: raft.server.threadpool.server.cached = true (default)
recon_1  | 2023-07-13 21:08:18,245 [IPC Server handler 16 on default port 9891] WARN ipc.Server: IPC Server handler 16 on default port 9891, call Call#10 Retry#0 org.apache.hadoop.ozone.protocol.ReconDatanodeProtocol.submitRequest from 10.9.0.19:57648: output error
dn2_1    | 	at org.apache.hadoop.net.NetUtils.wrapWithMessage(NetUtils.java:913)
dn1_1    | 2023-07-13 21:08:15,061 [0b8dffe5-0e51-40c3-8392-c67c149a7a94-impl-thread1] INFO server.RaftServer$Division: 0b8dffe5-0e51-40c3-8392-c67c149a7a94@group-30A938F691D6: start as a follower, conf=1: peers:[0b8dffe5-0e51-40c3-8392-c67c149a7a94|rpc:10.9.0.17:9856|admin:10.9.0.17:9857|client:10.9.0.17:9858|dataStream:|priority:1|startupRole:FOLLOWER]|listeners:[], old=null
om1_1    | 2023-07-13 21:08:27,035 [pool-26-thread-1] INFO server.RaftServerConfigKeys: raft.server.threadpool.client.size = 0 (default)
dn4_1    | 	at org.apache.hadoop.ipc.Client$Connection$PingInputStream.read(Client.java:563)
dn3_1    | 2023-07-13 21:08:19,524 [28450ceb-79e2-40eb-9df1-503c49b15aa6@group-A42B3AE10655-LeaderElection1] INFO server.RaftServerConfigKeys: raft.server.write.element-limit = 1024 (custom)
scm2_1   | 2023-07-13 21:08:06,256 [Listener at 0.0.0.0/9861] INFO audit.AuditLogger: Refresh DebugCmdSet for SCMAudit to [].
om2_1    | 2023-07-13 21:08:27,868 [pool-26-thread-1] INFO server.RaftServerConfigKeys: raft.server.threadpool.client.cached = true (default)
scm3_1   | 2023-07-13 21:08:28,886 [Socket Reader #1 for port 9861] INFO ipc.Server: Starting Socket Reader #1 for port 9861
scm1_1   | 2023-07-13 21:07:52,255 [7f1f6a28-c3a5-4eee-acbf-242f734b4471-impl-thread1] INFO server.RaftServer$Division: 7f1f6a28-c3a5-4eee-acbf-242f734b4471@group-417DAC3D8A6B: set configuration 33: peers:[9f7177a3-8bd2-4075-bddd-4529f6496d52|rpc:scm3:9894|admin:|client:|dataStream:|priority:0|startupRole:FOLLOWER, efd5aac5-ab0a-4173-a1aa-62e19894a08f|rpc:scm2:9894|admin:|client:|dataStream:|priority:0|startupRole:FOLLOWER, 7f1f6a28-c3a5-4eee-acbf-242f734b4471|rpc:scm1:9894|admin:|client:|dataStream:|priority:0|startupRole:FOLLOWER]|listeners:[], old=null
om3_1    | 2023-07-13 21:08:27,077 [pool-26-thread-1] INFO server.RaftServerConfigKeys: raft.server.threadpool.server.size = 0 (default)
dn5_1    | 2023-07-13 21:08:00,601 [EndpointStateMachine task thread for recon/10.9.0.22:9891 - 0 ] WARN statemachine.EndpointStateMachine: Unable to communicate to Recon server at recon:9891 for past 0 seconds.
recon_1  | 2023-07-13 21:08:18,246 [IPC Server handler 1 on default port 9891] WARN ipc.Server: IPC Server handler 1 on default port 9891, call Call#7 Retry#0 org.apache.hadoop.ozone.protocol.ReconDatanodeProtocol.submitRequest from 10.9.0.17:56238: output error
dn2_1    | 	at org.apache.hadoop.net.NetUtils.wrapException(NetUtils.java:848)
dn1_1    | 2023-07-13 21:08:15,070 [0b8dffe5-0e51-40c3-8392-c67c149a7a94-impl-thread1] INFO server.RaftServer$Division: 0b8dffe5-0e51-40c3-8392-c67c149a7a94@group-30A938F691D6: changes role from      null to FOLLOWER at term 2 for startAsFollower
om1_1    | 2023-07-13 21:08:28,755 [main] INFO reflections.Reflections: Reflections took 2902 ms to scan 8 urls, producing 23 keys and 521 values [using 2 cores]
dn4_1    | 	at java.base/java.io.DataInputStream.readInt(DataInputStream.java:392)
dn3_1    | 2023-07-13 21:08:19,544 [28450ceb-79e2-40eb-9df1-503c49b15aa6@group-A42B3AE10655-LeaderElection1] INFO server.RaftServerConfigKeys: raft.server.write.byte-limit = 1024 M (=1073741824) (custom)
scm2_1   | 2023-07-13 21:08:06,272 [Listener at 0.0.0.0/9861] INFO ipc.CallQueueManager: Using callQueue: class java.util.concurrent.LinkedBlockingQueue, queueCapacity: 10000, scheduler: class org.apache.hadoop.ipc.DefaultRpcScheduler, ipcBackoff: false.
om2_1    | 2023-07-13 21:08:27,869 [pool-26-thread-1] INFO server.RaftServerConfigKeys: raft.server.threadpool.client.size = 0 (default)
scm3_1   | 2023-07-13 21:08:29,268 [Listener at 0.0.0.0/9861] INFO audit.AuditLogger: Refresh DebugCmdSet for SCMAudit to [].
om3_1    | 2023-07-13 21:08:27,089 [pool-26-thread-1] INFO server.RaftServerConfigKeys: raft.server.threadpool.client.cached = true (default)
scm1_1   | 2023-07-13 21:07:52,273 [7f1f6a28-c3a5-4eee-acbf-242f734b4471-impl-thread1] INFO segmented.LogSegment: Successfully read 48 entries from segment file /data/metadata/scm-ha/f577a72a-b960-48e2-accb-417dac3d8a6b/current/log_1-48
dn5_1    | java.net.SocketTimeoutException: Call From eadcea62aa7c/10.9.0.21 to recon:9891 failed on socket timeout exception: java.net.SocketTimeoutException: 5000 millis timeout while waiting for channel to be ready for read. ch : java.nio.channels.SocketChannel[connected local=/10.9.0.21:49450 remote=recon/10.9.0.22:9891]; For more details see:  http://wiki.apache.org/hadoop/SocketTimeout
recon_1  | 2023-07-13 21:08:18,252 [IPC Server handler 13 on default port 9891] WARN ipc.Server: IPC Server handler 13 on default port 9891, call Call#1 Retry#0 org.apache.hadoop.ozone.protocol.ReconDatanodeProtocol.submitRequest from 10.9.0.17:49022: output error
dn2_1    | 	at org.apache.hadoop.ipc.Client.getRpcResponse(Client.java:1616)
dn1_1    | 2023-07-13 21:08:15,072 [0b8dffe5-0e51-40c3-8392-c67c149a7a94-impl-thread1] INFO impl.RoleInfo: 0b8dffe5-0e51-40c3-8392-c67c149a7a94: start 0b8dffe5-0e51-40c3-8392-c67c149a7a94@group-30A938F691D6-FollowerState
om1_1    | 2023-07-13 21:08:29,338 [main] INFO ipc.CallQueueManager: Using callQueue: class java.util.concurrent.LinkedBlockingQueue, queueCapacity: 10000, scheduler: class org.apache.hadoop.ipc.DefaultRpcScheduler, ipcBackoff: false.
dn4_1    | 	at org.apache.hadoop.ipc.Client$IpcStreams.readResponse(Client.java:1922)
dn4_1    | 	at org.apache.hadoop.ipc.Client$Connection.receiveRpcResponse(Client.java:1238)
scm2_1   | 2023-07-13 21:08:06,283 [Socket Reader #1 for port 9863] INFO ipc.Server: Starting Socket Reader #1 for port 9863
om2_1    | 2023-07-13 21:08:29,833 [main] INFO reflections.Reflections: Reflections took 3214 ms to scan 8 urls, producing 23 keys and 521 values [using 2 cores]
scm3_1   | 2023-07-13 21:08:29,582 [Listener at 0.0.0.0/9861] INFO ipc.CallQueueManager: Using callQueue: class java.util.concurrent.LinkedBlockingQueue, queueCapacity: 10000, scheduler: class org.apache.hadoop.ipc.DefaultRpcScheduler, ipcBackoff: false.
om3_1    | 2023-07-13 21:08:27,094 [pool-26-thread-1] INFO server.RaftServerConfigKeys: raft.server.threadpool.client.size = 0 (default)
scm1_1   | 2023-07-13 21:07:52,299 [7f1f6a28-c3a5-4eee-acbf-242f734b4471-impl-thread1] INFO server.RaftServer$Division: 7f1f6a28-c3a5-4eee-acbf-242f734b4471@group-417DAC3D8A6B: set configuration 49: peers:[9f7177a3-8bd2-4075-bddd-4529f6496d52|rpc:scm3:9894|admin:|client:|dataStream:|priority:0|startupRole:FOLLOWER, efd5aac5-ab0a-4173-a1aa-62e19894a08f|rpc:scm2:9894|admin:|client:|dataStream:|priority:0|startupRole:FOLLOWER, 7f1f6a28-c3a5-4eee-acbf-242f734b4471|rpc:scm1:9894|admin:|client:|dataStream:|priority:0|startupRole:FOLLOWER]|listeners:[], old=null
dn5_1    | 	at java.base/jdk.internal.reflect.NativeConstructorAccessorImpl.newInstance0(Native Method)
recon_1  | 2023-07-13 21:08:18,253 [IPC Server handler 2 on default port 9891] WARN ipc.Server: IPC Server handler 2 on default port 9891, call Call#1 Retry#0 org.apache.hadoop.ozone.protocol.ReconDatanodeProtocol.submitRequest from 10.9.0.19:44204: output error
dn2_1    | 	at org.apache.hadoop.ipc.Client.call(Client.java:1558)
dn1_1    | 2023-07-13 21:08:15,102 [0b8dffe5-0e51-40c3-8392-c67c149a7a94-impl-thread1] INFO util.JmxRegister: Successfully registered JMX Bean with object name Ratis:service=RaftServer,group=group-30A938F691D6,id=0b8dffe5-0e51-40c3-8392-c67c149a7a94
om1_1    | 2023-07-13 21:08:29,377 [Socket Reader #1 for port 9862] INFO ipc.Server: Starting Socket Reader #1 for port 9862
dn4_1    | 	at org.apache.hadoop.ipc.Client$Connection.run(Client.java:1134)
dn3_1    | 2023-07-13 21:08:19,623 [28450ceb-79e2-40eb-9df1-503c49b15aa6@group-A42B3AE10655-LeaderElection1] INFO server.RaftServerConfigKeys: raft.server.watch.timeout = 180s (custom)
scm2_1   | 2023-07-13 21:08:06,450 [Listener at 0.0.0.0/9863] INFO audit.AuditLogger: Refresh DebugCmdSet for SCMAudit to [].
om2_1    | 2023-07-13 21:08:30,452 [main] INFO ipc.CallQueueManager: Using callQueue: class java.util.concurrent.LinkedBlockingQueue, queueCapacity: 10000, scheduler: class org.apache.hadoop.ipc.DefaultRpcScheduler, ipcBackoff: false.
scm3_1   | 2023-07-13 21:08:29,593 [Socket Reader #1 for port 9863] INFO ipc.Server: Starting Socket Reader #1 for port 9863
om3_1    | 2023-07-13 21:08:29,778 [main] INFO reflections.Reflections: Reflections took 4210 ms to scan 8 urls, producing 23 keys and 521 values [using 2 cores]
scm1_1   | 2023-07-13 21:07:52,884 [7f1f6a28-c3a5-4eee-acbf-242f734b4471-impl-thread1] INFO segmented.LogSegment: Successfully read 18 entries from segment file /data/metadata/scm-ha/f577a72a-b960-48e2-accb-417dac3d8a6b/current/log_inprogress_49
dn5_1    | 	at java.base/jdk.internal.reflect.NativeConstructorAccessorImpl.newInstance(NativeConstructorAccessorImpl.java:62)
recon_1  | 2023-07-13 21:08:18,250 [IPC Server handler 5 on default port 9891] WARN ipc.Server: IPC Server handler 5 on default port 9891, call Call#7 Retry#0 org.apache.hadoop.ozone.protocol.ReconDatanodeProtocol.submitRequest from 10.9.0.18:59780: output error
dn2_1    | 	at org.apache.hadoop.ipc.Client.call(Client.java:1455)
dn1_1    | 2023-07-13 21:08:15,130 [0b8dffe5-0e51-40c3-8392-c67c149a7a94@group-30A938F691D6-FollowerState] INFO server.RaftServerConfigKeys: raft.server.rpc.first-election.timeout.min = 5s (fallback to raft.server.rpc.timeout.min)
om1_1    | 2023-07-13 21:08:29,616 [Listener at om1/9862] INFO om.OzoneManagerPrepareState: Deleted prepare marker file: /data/metadata/current/prepareMarker
dn4_1    | 2023-07-13 21:08:00,843 [EndpointStateMachine task thread for recon/10.9.0.22:9891 - 0 ] WARN statemachine.EndpointStateMachine: Unable to communicate to Recon server at recon:9891 for past 0 seconds.
dn3_1    | 2023-07-13 21:08:19,624 [28450ceb-79e2-40eb-9df1-503c49b15aa6@group-A42B3AE10655-LeaderElection1] INFO server.RaftServerConfigKeys: raft.server.watch.timeout.denomination = 1s (default)
scm2_1   | 2023-07-13 21:08:06,466 [Listener at 0.0.0.0/9863] INFO ipc.CallQueueManager: Using callQueue: class java.util.concurrent.LinkedBlockingQueue, queueCapacity: 10000, scheduler: class org.apache.hadoop.ipc.DefaultRpcScheduler, ipcBackoff: false.
om2_1    | 2023-07-13 21:08:30,535 [Socket Reader #1 for port 9862] INFO ipc.Server: Starting Socket Reader #1 for port 9862
scm3_1   | 2023-07-13 21:08:29,856 [Listener at 0.0.0.0/9863] INFO audit.AuditLogger: Refresh DebugCmdSet for SCMAudit to [].
om3_1    | 2023-07-13 21:08:30,329 [main] INFO ipc.CallQueueManager: Using callQueue: class java.util.concurrent.LinkedBlockingQueue, queueCapacity: 10000, scheduler: class org.apache.hadoop.ipc.DefaultRpcScheduler, ipcBackoff: false.
scm1_1   | 2023-07-13 21:07:52,960 [7f1f6a28-c3a5-4eee-acbf-242f734b4471-impl-thread1] INFO segmented.SegmentedRaftLogWorker: 7f1f6a28-c3a5-4eee-acbf-242f734b4471@group-417DAC3D8A6B-SegmentedRaftLogWorker: flushIndex: setUnconditionally 0 -> 66
dn5_1    | 	at java.base/jdk.internal.reflect.DelegatingConstructorAccessorImpl.newInstance(DelegatingConstructorAccessorImpl.java:45)
recon_1  | 2023-07-13 21:08:18,250 [IPC Server handler 6 on default port 9891] WARN ipc.Server: IPC Server handler 6 on default port 9891, call Call#0 Retry#0 org.apache.hadoop.ozone.protocol.ReconDatanodeProtocol.submitRequest from 10.9.0.20:59194: output error
dn2_1    | 	at org.apache.hadoop.ipc.ProtobufRpcEngine$Invoker.invoke(ProtobufRpcEngine.java:235)
dn1_1    | 2023-07-13 21:08:15,139 [0b8dffe5-0e51-40c3-8392-c67c149a7a94@group-30A938F691D6-FollowerState] INFO server.RaftServerConfigKeys: raft.server.rpc.first-election.timeout.max = 5200ms (fallback to raft.server.rpc.timeout.max)
om1_1    | 2023-07-13 21:08:30,127 [Listener at om1/9862] INFO impl.MetricsConfig: Loaded properties from hadoop-metrics2.properties
dn4_1    | java.net.SocketTimeoutException: Call From 11171ad1d339/10.9.0.20 to recon:9891 failed on socket timeout exception: java.net.SocketTimeoutException: 5000 millis timeout while waiting for channel to be ready for read. ch : java.nio.channels.SocketChannel[connected local=/10.9.0.20:59194 remote=recon/10.9.0.22:9891]; For more details see:  http://wiki.apache.org/hadoop/SocketTimeout
dn3_1    | 2023-07-13 21:08:19,657 [28450ceb-79e2-40eb-9df1-503c49b15aa6@group-A42B3AE10655-LeaderElection1] INFO server.RaftServerConfigKeys: raft.server.watch.element-limit = 65536 (default)
scm2_1   | 2023-07-13 21:08:06,481 [Socket Reader #1 for port 9860] INFO ipc.Server: Starting Socket Reader #1 for port 9860
om2_1    | 2023-07-13 21:08:30,899 [Listener at om2/9862] INFO om.OzoneManagerPrepareState: Deleted prepare marker file: /data/metadata/current/prepareMarker
scm3_1   | 2023-07-13 21:08:29,926 [Listener at 0.0.0.0/9863] INFO ipc.CallQueueManager: Using callQueue: class java.util.concurrent.LinkedBlockingQueue, queueCapacity: 10000, scheduler: class org.apache.hadoop.ipc.DefaultRpcScheduler, ipcBackoff: false.
om3_1    | 2023-07-13 21:08:30,406 [Socket Reader #1 for port 9862] INFO ipc.Server: Starting Socket Reader #1 for port 9862
scm1_1   | 2023-07-13 21:07:52,960 [7f1f6a28-c3a5-4eee-acbf-242f734b4471-impl-thread1] INFO segmented.SegmentedRaftLogWorker: 7f1f6a28-c3a5-4eee-acbf-242f734b4471@group-417DAC3D8A6B-SegmentedRaftLogWorker: safeCacheEvictIndex: setUnconditionally 0 -> 48
dn5_1    | 	at java.base/java.lang.reflect.Constructor.newInstance(Constructor.java:490)
recon_1  | 2023-07-13 21:08:18,250 [IPC Server handler 7 on default port 9891] WARN ipc.Server: IPC Server handler 7 on default port 9891, call Call#5 Retry#0 org.apache.hadoop.ozone.protocol.ReconDatanodeProtocol.submitRequest from 10.9.0.17:49034: output error
dn2_1    | 	at org.apache.hadoop.ipc.ProtobufRpcEngine$Invoker.invoke(ProtobufRpcEngine.java:122)
dn1_1    | 2023-07-13 21:08:15,140 [0b8dffe5-0e51-40c3-8392-c67c149a7a94-impl-thread1] INFO server.RaftServerConfigKeys: raft.server.snapshot.auto.trigger.enabled = true (custom)
om1_1    | 2023-07-13 21:08:30,220 [Listener at om1/9862] INFO impl.MetricsSystemImpl: Scheduled Metric snapshot period at 10 second(s).
dn4_1    | 	at java.base/jdk.internal.reflect.NativeConstructorAccessorImpl.newInstance0(Native Method)
dn3_1    | 2023-07-13 21:08:19,695 [28450ceb-79e2-40eb-9df1-503c49b15aa6@group-A42B3AE10655-LeaderElection1] INFO server.RaftServerConfigKeys: raft.server.write.element-limit = 1024 (custom)
scm2_1   | 2023-07-13 21:08:06,605 [Listener at 0.0.0.0/9860] INFO ha.SCMServiceManager: Registering service ContainerBalancer.
om2_1    | 2023-07-13 21:08:31,390 [Listener at om2/9862] INFO impl.MetricsConfig: Loaded properties from hadoop-metrics2.properties
scm3_1   | 2023-07-13 21:08:29,934 [Socket Reader #1 for port 9860] INFO ipc.Server: Starting Socket Reader #1 for port 9860
om3_1    | 2023-07-13 21:08:30,688 [Listener at om3/9862] INFO om.OzoneManagerPrepareState: Deleted prepare marker file: /data/metadata/current/prepareMarker
scm1_1   | 2023-07-13 21:07:53,501 [7f1f6a28-c3a5-4eee-acbf-242f734b4471-impl-thread1] INFO raftlog.RaftLog: 7f1f6a28-c3a5-4eee-acbf-242f734b4471@group-417DAC3D8A6B-SegmentedRaftLog: commitIndex: updateToMax old=66, new=65, updated? false
dn5_1    | 	at org.apache.hadoop.net.NetUtils.wrapWithMessage(NetUtils.java:913)
recon_1  | 2023-07-13 21:08:18,250 [IPC Server handler 9 on default port 9891] WARN ipc.Server: IPC Server handler 9 on default port 9891, call Call#0 Retry#0 org.apache.hadoop.ozone.protocol.ReconDatanodeProtocol.submitRequest from 10.9.0.21:49450: output error
recon_1  | 2023-07-13 21:08:18,246 [IPC Server handler 3 on default port 9891] WARN ipc.Server: IPC Server handler 3 on default port 9891, call Call#9 Retry#0 org.apache.hadoop.ozone.protocol.ReconDatanodeProtocol.submitRequest from 10.9.0.21:34858: output error
dn1_1    | 2023-07-13 21:08:15,140 [0b8dffe5-0e51-40c3-8392-c67c149a7a94-impl-thread1] INFO server.RaftServerConfigKeys: raft.server.snapshot.auto.trigger.threshold = 10000 (custom)
om1_1    | 2023-07-13 21:08:30,220 [Listener at om1/9862] INFO impl.MetricsSystemImpl: OzoneManager metrics system started
dn4_1    | 	at java.base/jdk.internal.reflect.NativeConstructorAccessorImpl.newInstance(NativeConstructorAccessorImpl.java:62)
dn3_1    | 2023-07-13 21:08:19,702 [28450ceb-79e2-40eb-9df1-503c49b15aa6@group-A42B3AE10655-LeaderElection1] INFO server.RaftServerConfigKeys: raft.server.write.follower.gap.ratio.max = -1.0 (default)
scm2_1   | 2023-07-13 21:08:06,607 [Listener at 0.0.0.0/9860] INFO server.StorageContainerManager: 
om2_1    | 2023-07-13 21:08:31,451 [Listener at om2/9862] INFO impl.MetricsSystemImpl: Scheduled Metric snapshot period at 10 second(s).
scm3_1   | 2023-07-13 21:08:30,232 [Listener at 0.0.0.0/9860] INFO ha.SCMServiceManager: Registering service ContainerBalancer.
om3_1    | 2023-07-13 21:08:31,249 [Listener at om3/9862] INFO impl.MetricsConfig: Loaded properties from hadoop-metrics2.properties
scm1_1   | 2023-07-13 21:07:53,501 [7f1f6a28-c3a5-4eee-acbf-242f734b4471-impl-thread1] INFO server.RaftServer$Division: 7f1f6a28-c3a5-4eee-acbf-242f734b4471@group-417DAC3D8A6B: start as a follower, conf=49: peers:[9f7177a3-8bd2-4075-bddd-4529f6496d52|rpc:scm3:9894|admin:|client:|dataStream:|priority:0|startupRole:FOLLOWER, efd5aac5-ab0a-4173-a1aa-62e19894a08f|rpc:scm2:9894|admin:|client:|dataStream:|priority:0|startupRole:FOLLOWER, 7f1f6a28-c3a5-4eee-acbf-242f734b4471|rpc:scm1:9894|admin:|client:|dataStream:|priority:0|startupRole:FOLLOWER]|listeners:[], old=null
dn5_1    | 	at org.apache.hadoop.net.NetUtils.wrapException(NetUtils.java:848)
recon_1  | 2023-07-13 21:08:18,246 [IPC Server handler 0 on default port 9891] WARN ipc.Server: IPC Server handler 0 on default port 9891, call Call#4 Retry#0 org.apache.hadoop.ozone.protocol.ReconDatanodeProtocol.submitRequest from 10.9.0.18:47278: output error
dn2_1    | 	at com.sun.proxy.$Proxy39.submitRequest(Unknown Source)
dn1_1    | 2023-07-13 21:08:15,141 [0b8dffe5-0e51-40c3-8392-c67c149a7a94-impl-thread1] INFO server.RaftServerConfigKeys: raft.server.snapshot.retention.file.num = 5 (custom)
dn1_1    | 2023-07-13 21:08:15,149 [0b8dffe5-0e51-40c3-8392-c67c149a7a94-impl-thread1] INFO server.RaftServerConfigKeys: raft.server.log.purge.upto.snapshot.index = false (default)
dn4_1    | 	at java.base/jdk.internal.reflect.DelegatingConstructorAccessorImpl.newInstance(DelegatingConstructorAccessorImpl.java:45)
dn3_1    | 2023-07-13 21:08:19,743 [28450ceb-79e2-40eb-9df1-503c49b15aa6@group-A42B3AE10655-LeaderElection1] INFO impl.RoleInfo: 28450ceb-79e2-40eb-9df1-503c49b15aa6: start 28450ceb-79e2-40eb-9df1-503c49b15aa6@group-A42B3AE10655-LeaderStateImpl
scm2_1   | Container Balancer status:
om2_1    | 2023-07-13 21:08:31,451 [Listener at om2/9862] INFO impl.MetricsSystemImpl: OzoneManager metrics system started
scm3_1   | 2023-07-13 21:08:30,236 [Listener at 0.0.0.0/9860] INFO server.StorageContainerManager: 
om3_1    | 2023-07-13 21:08:31,367 [Listener at om3/9862] INFO impl.MetricsSystemImpl: Scheduled Metric snapshot period at 10 second(s).
scm1_1   | 2023-07-13 21:07:53,502 [7f1f6a28-c3a5-4eee-acbf-242f734b4471-impl-thread1] INFO server.RaftServer$Division: 7f1f6a28-c3a5-4eee-acbf-242f734b4471@group-417DAC3D8A6B: changes role from      null to FOLLOWER at term 3 for startAsFollower
dn5_1    | 	at org.apache.hadoop.ipc.Client.getRpcResponse(Client.java:1616)
recon_1  | 2023-07-13 21:08:18,246 [IPC Server handler 14 on default port 9891] WARN ipc.Server: IPC Server handler 14 on default port 9891, call Call#3 Retry#0 org.apache.hadoop.ozone.protocol.ReconDatanodeProtocol.submitRequest from 10.9.0.18:47262: output error
dn2_1    | 	at org.apache.hadoop.ozone.protocolPB.StorageContainerDatanodeProtocolClientSideTranslatorPB.submitRequest(StorageContainerDatanodeProtocolClientSideTranslatorPB.java:117)
dn1_1    | 2023-07-13 21:08:15,170 [EndpointStateMachine task thread for scm2/10.9.0.15:9861 - 0 ] INFO server.RaftServer: 0b8dffe5-0e51-40c3-8392-c67c149a7a94: start RPC server
om1_1    | 2023-07-13 21:08:30,492 [Listener at om1/9862] INFO om.OzoneManager: OzoneManager RPC server is listening at om1/10.9.0.11:9862
dn4_1    | 	at java.base/java.lang.reflect.Constructor.newInstance(Constructor.java:490)
dn3_1    | 2023-07-13 21:08:19,820 [28450ceb-79e2-40eb-9df1-503c49b15aa6@group-A42B3AE10655-LeaderElection1] INFO segmented.SegmentedRaftLogWorker: 28450ceb-79e2-40eb-9df1-503c49b15aa6@group-A42B3AE10655-SegmentedRaftLogWorker: Rolling segment log-1_2 to index:2
scm2_1   | Key                            Value
om2_1    | 2023-07-13 21:08:31,691 [Listener at om2/9862] INFO om.OzoneManager: OzoneManager RPC server is listening at om2/10.9.0.12:9862
scm3_1   | Container Balancer status:
om3_1    | 2023-07-13 21:08:31,367 [Listener at om3/9862] INFO impl.MetricsSystemImpl: OzoneManager metrics system started
scm1_1   | 2023-07-13 21:07:53,511 [7f1f6a28-c3a5-4eee-acbf-242f734b4471-impl-thread1] INFO impl.RoleInfo: 7f1f6a28-c3a5-4eee-acbf-242f734b4471: start 7f1f6a28-c3a5-4eee-acbf-242f734b4471@group-417DAC3D8A6B-FollowerState
dn5_1    | 	at org.apache.hadoop.ipc.Client.call(Client.java:1558)
recon_1  | 2023-07-13 21:08:18,257 [IPC Server handler 12 on default port 9891] WARN ipc.Server: IPC Server handler 12 on default port 9891, call Call#10 Retry#0 org.apache.hadoop.ozone.protocol.ReconDatanodeProtocol.submitRequest from 10.9.0.17:56246: output error
dn5_1    | 	at org.apache.hadoop.ipc.Client.call(Client.java:1455)
dn5_1    | 	at org.apache.hadoop.ipc.ProtobufRpcEngine$Invoker.invoke(ProtobufRpcEngine.java:235)
om1_1    | 2023-07-13 21:08:30,499 [Listener at om1/9862] INFO ratis.OzoneManagerRatisServer: Starting OzoneManagerRatisServer om1 at port 9872
dn4_1    | 	at org.apache.hadoop.net.NetUtils.wrapWithMessage(NetUtils.java:913)
dn3_1    | 2023-07-13 21:08:19,844 [28450ceb-79e2-40eb-9df1-503c49b15aa6@group-A42B3AE10655-SegmentedRaftLogWorker] INFO segmented.SegmentedRaftLogWorker: 28450ceb-79e2-40eb-9df1-503c49b15aa6@group-A42B3AE10655-SegmentedRaftLogWorker: Rolled log segment from /data/metadata/ratis/6407618f-76cd-4f87-aa67-a42b3ae10655/current/log_inprogress_1 to /data/metadata/ratis/6407618f-76cd-4f87-aa67-a42b3ae10655/current/log_1-2
scm2_1   | Running                        true
om2_1    | 2023-07-13 21:08:31,698 [Listener at om2/9862] INFO ratis.OzoneManagerRatisServer: Starting OzoneManagerRatisServer om2 at port 9872
scm3_1   | Key                            Value
om3_1    | 2023-07-13 21:08:31,688 [Listener at om3/9862] INFO om.OzoneManager: OzoneManager RPC server is listening at om3/10.9.0.13:9862
scm1_1   | 2023-07-13 21:07:53,527 [7f1f6a28-c3a5-4eee-acbf-242f734b4471-impl-thread1] INFO util.JmxRegister: Successfully registered JMX Bean with object name Ratis:service=RaftServer,group=group-417DAC3D8A6B,id=7f1f6a28-c3a5-4eee-acbf-242f734b4471
recon_1  | 2023-07-13 21:08:18,268 [IPC Server handler 17 on default port 9891] WARN ipc.Server: IPC Server handler 17 on default port 9891, call Call#6 Retry#0 org.apache.hadoop.ozone.protocol.ReconDatanodeProtocol.submitRequest from 10.9.0.21:34846: output error
dn2_1    | 	at org.apache.hadoop.ozone.protocolPB.StorageContainerDatanodeProtocolClientSideTranslatorPB.getVersion(StorageContainerDatanodeProtocolClientSideTranslatorPB.java:133)
dn5_1    | 	at org.apache.hadoop.ipc.ProtobufRpcEngine$Invoker.invoke(ProtobufRpcEngine.java:122)
dn5_1    | 	at com.sun.proxy.$Proxy39.submitRequest(Unknown Source)
om1_1    | 2023-07-13 21:08:30,517 [om1-impl-thread1] INFO storage.RaftStorageDirectory: Lock on /data/metadata/ratis/5cb24680-b9e7-3c90-a862-d66704efc61c/in_use.lock acquired by nodename 7@be6dc8f78fb0
dn4_1    | 	at org.apache.hadoop.net.NetUtils.wrapException(NetUtils.java:848)
dn3_1    | 2023-07-13 21:08:19,866 [EndpointStateMachine task thread for scm3/10.9.0.16:9861 - 0 ] INFO ipc.Client: Retrying connect to server: scm3/10.9.0.16:9861. Already tried 9 time(s); retry policy is RetryUpToMaximumCountWithFixedSleep(maxRetries=15, sleepTime=1000 MILLISECONDS)
scm2_1   | Container Balancer Configuration values:
om2_1    | 2023-07-13 21:08:31,719 [om2-impl-thread1] INFO storage.RaftStorageDirectory: Lock on /data/metadata/ratis/5cb24680-b9e7-3c90-a862-d66704efc61c/in_use.lock acquired by nodename 8@6d14e53ceb8c
scm3_1   | Running                        true
om3_1    | 2023-07-13 21:08:31,689 [Listener at om3/9862] INFO ratis.OzoneManagerRatisServer: Starting OzoneManagerRatisServer om3 at port 9872
scm1_1   | 2023-07-13 21:07:53,550 [7f1f6a28-c3a5-4eee-acbf-242f734b4471@group-417DAC3D8A6B-FollowerState] INFO server.RaftServerConfigKeys: raft.server.rpc.first-election.timeout.min = 5000ms (fallback to raft.server.rpc.timeout.min)
recon_1  | 2023-07-13 21:08:18,271 [IPC Server handler 11 on default port 9891] INFO ipc.Server: IPC Server handler 11 on default port 9891 caught an exception
dn2_1    | 	at org.apache.hadoop.ozone.container.common.states.endpoint.VersionEndpointTask.call(VersionEndpointTask.java:69)
dn5_1    | 	at org.apache.hadoop.ozone.protocolPB.StorageContainerDatanodeProtocolClientSideTranslatorPB.submitRequest(StorageContainerDatanodeProtocolClientSideTranslatorPB.java:117)
dn5_1    | 	at org.apache.hadoop.ozone.protocolPB.StorageContainerDatanodeProtocolClientSideTranslatorPB.getVersion(StorageContainerDatanodeProtocolClientSideTranslatorPB.java:133)
om1_1    | 2023-07-13 21:08:30,561 [om1-impl-thread1] INFO storage.RaftStorage: Read RaftStorageMetadata{term=3, votedFor=om2} from /data/metadata/ratis/5cb24680-b9e7-3c90-a862-d66704efc61c/current/raft-meta
dn4_1    | 	at org.apache.hadoop.ipc.Client.getRpcResponse(Client.java:1616)
dn3_1    | 2023-07-13 21:08:19,938 [28450ceb-79e2-40eb-9df1-503c49b15aa6@group-A42B3AE10655-LeaderElection1] INFO server.RaftServer$Division: 28450ceb-79e2-40eb-9df1-503c49b15aa6@group-A42B3AE10655: set configuration 3: peers:[28450ceb-79e2-40eb-9df1-503c49b15aa6|rpc:10.9.0.19:9856|admin:10.9.0.19:9857|client:10.9.0.19:9858|dataStream:|priority:1|startupRole:FOLLOWER]|listeners:[], old=null
scm2_1   | Key                                                Value
om2_1    | 2023-07-13 21:08:31,757 [om2-impl-thread1] INFO storage.RaftStorage: Read RaftStorageMetadata{term=3, votedFor=om2} from /data/metadata/ratis/5cb24680-b9e7-3c90-a862-d66704efc61c/current/raft-meta
om2_1    | 2023-07-13 21:08:31,899 [om2-impl-thread1] INFO server.RaftServer$Division: om2@group-D66704EFC61C: set configuration 25: peers:[om1|rpc:om1:9872|admin:|client:|dataStream:|priority:0|startupRole:FOLLOWER, om3|rpc:om3:9872|admin:|client:|dataStream:|priority:0|startupRole:FOLLOWER, om2|rpc:om2:9872|admin:|client:|dataStream:|priority:0|startupRole:FOLLOWER]|listeners:[], old=null
om3_1    | 2023-07-13 21:08:31,710 [om3-impl-thread1] INFO storage.RaftStorageDirectory: Lock on /data/metadata/ratis/5cb24680-b9e7-3c90-a862-d66704efc61c/in_use.lock acquired by nodename 7@784dca7abeb6
scm1_1   | 2023-07-13 21:07:53,563 [7f1f6a28-c3a5-4eee-acbf-242f734b4471@group-417DAC3D8A6B-FollowerState] INFO server.RaftServerConfigKeys: raft.server.rpc.first-election.timeout.max = 5200ms (fallback to raft.server.rpc.timeout.max)
recon_1  | java.nio.channels.ClosedChannelException
dn2_1    | 	at org.apache.hadoop.ozone.container.common.states.endpoint.VersionEndpointTask.call(VersionEndpointTask.java:40)
dn5_1    | 	at org.apache.hadoop.ozone.container.common.states.endpoint.VersionEndpointTask.call(VersionEndpointTask.java:69)
dn5_1    | 	at org.apache.hadoop.ozone.container.common.states.endpoint.VersionEndpointTask.call(VersionEndpointTask.java:40)
om1_1    | 2023-07-13 21:08:30,746 [om1-impl-thread1] INFO server.RaftServer$Division: om1@group-D66704EFC61C: set configuration 25: peers:[om1|rpc:om1:9872|admin:|client:|dataStream:|priority:0|startupRole:FOLLOWER, om3|rpc:om3:9872|admin:|client:|dataStream:|priority:0|startupRole:FOLLOWER, om2|rpc:om2:9872|admin:|client:|dataStream:|priority:0|startupRole:FOLLOWER]|listeners:[], old=null
dn4_1    | 	at org.apache.hadoop.ipc.Client.call(Client.java:1558)
scm2_1   | Threshold                                          10
dn3_1    | 2023-07-13 21:08:20,016 [28450ceb-79e2-40eb-9df1-503c49b15aa6@group-A42B3AE10655-SegmentedRaftLogWorker] INFO segmented.SegmentedRaftLogWorker: 28450ceb-79e2-40eb-9df1-503c49b15aa6@group-A42B3AE10655-SegmentedRaftLogWorker: created new log segment /data/metadata/ratis/6407618f-76cd-4f87-aa67-a42b3ae10655/current/log_inprogress_3
om2_1    | 2023-07-13 21:08:31,924 [om2-impl-thread1] INFO server.RaftServerConfigKeys: raft.server.log.use.memory = false (default)
om2_1    | 2023-07-13 21:08:31,952 [om2-impl-thread1] INFO server.RaftServerConfigKeys: raft.server.log.purge.gap = 1000000 (custom)
om3_1    | 2023-07-13 21:08:31,726 [om3-impl-thread1] INFO storage.RaftStorage: Read RaftStorageMetadata{term=3, votedFor=om2} from /data/metadata/ratis/5cb24680-b9e7-3c90-a862-d66704efc61c/current/raft-meta
scm1_1   | 2023-07-13 21:07:53,550 [7f1f6a28-c3a5-4eee-acbf-242f734b4471-impl-thread1] INFO server.RaftServerConfigKeys: raft.server.snapshot.auto.trigger.enabled = true (custom)
recon_1  | 	at java.base/sun.nio.ch.SocketChannelImpl.ensureOpenAndConnected(SocketChannelImpl.java:180)
dn2_1    | 	at java.base/java.util.concurrent.FutureTask.run(FutureTask.java:264)
dn5_1    | 	at java.base/java.util.concurrent.FutureTask.run(FutureTask.java:264)
dn5_1    | 	at java.base/java.util.concurrent.ThreadPoolExecutor.runWorker(ThreadPoolExecutor.java:1128)
om1_1    | 2023-07-13 21:08:30,749 [om1-impl-thread1] INFO server.RaftServerConfigKeys: raft.server.log.use.memory = false (default)
dn4_1    | 	at org.apache.hadoop.ipc.Client.call(Client.java:1455)
scm2_1   | Max Datanodes to Involve per Iteration(percent)    20
dn3_1    | 2023-07-13 21:08:20,867 [EndpointStateMachine task thread for scm3/10.9.0.16:9861 - 0 ] INFO ipc.Client: Retrying connect to server: scm3/10.9.0.16:9861. Already tried 10 time(s); retry policy is RetryUpToMaximumCountWithFixedSleep(maxRetries=15, sleepTime=1000 MILLISECONDS)
om2_1    | 2023-07-13 21:08:31,952 [om2-impl-thread1] INFO server.RaftServerConfigKeys: raft.server.log.appender.buffer.byte-limit = 33554432 (custom)
scm3_1   | Container Balancer Configuration values:
om3_1    | 2023-07-13 21:08:31,923 [om3-impl-thread1] INFO server.RaftServer$Division: om3@group-D66704EFC61C: set configuration 25: peers:[om1|rpc:om1:9872|admin:|client:|dataStream:|priority:0|startupRole:FOLLOWER, om3|rpc:om3:9872|admin:|client:|dataStream:|priority:0|startupRole:FOLLOWER, om2|rpc:om2:9872|admin:|client:|dataStream:|priority:0|startupRole:FOLLOWER]|listeners:[], old=null
scm1_1   | 2023-07-13 21:07:53,564 [7f1f6a28-c3a5-4eee-acbf-242f734b4471-impl-thread1] INFO server.RaftServerConfigKeys: raft.server.snapshot.auto.trigger.threshold = 1000 (custom)
recon_1  | 	at java.base/sun.nio.ch.SocketChannelImpl.write(SocketChannelImpl.java:452)
dn2_1    | 	at java.base/java.util.concurrent.ThreadPoolExecutor.runWorker(ThreadPoolExecutor.java:1128)
dn5_1    | 	at java.base/java.util.concurrent.ThreadPoolExecutor$Worker.run(ThreadPoolExecutor.java:628)
dn1_1    | 2023-07-13 21:08:15,238 [EndpointStateMachine task thread for scm2/10.9.0.15:9861 - 0 ] INFO server.GrpcService: 0b8dffe5-0e51-40c3-8392-c67c149a7a94: GrpcService started, listening on 9858
om1_1    | 2023-07-13 21:08:30,774 [om1-impl-thread1] INFO server.RaftServerConfigKeys: raft.server.log.purge.gap = 1000000 (custom)
dn4_1    | 	at org.apache.hadoop.ipc.ProtobufRpcEngine$Invoker.invoke(ProtobufRpcEngine.java:235)
scm2_1   | Max Size to Move per Iteration                     500GB
dn3_1    | 2023-07-13 21:08:21,868 [EndpointStateMachine task thread for scm3/10.9.0.16:9861 - 0 ] INFO ipc.Client: Retrying connect to server: scm3/10.9.0.16:9861. Already tried 11 time(s); retry policy is RetryUpToMaximumCountWithFixedSleep(maxRetries=15, sleepTime=1000 MILLISECONDS)
om2_1    | 2023-07-13 21:08:31,962 [om2-impl-thread1] INFO server.RaftServerConfigKeys: raft.server.log.statemachine.data.read.timeout = 1000ms (default)
om2_1    | 2023-07-13 21:08:31,973 [om2-impl-thread1] INFO server.RaftServerConfigKeys: raft.server.log.purge.preservation.log.num = 0 (default)
om3_1    | 2023-07-13 21:08:31,929 [om3-impl-thread1] INFO server.RaftServerConfigKeys: raft.server.log.use.memory = false (default)
scm1_1   | 2023-07-13 21:07:53,564 [7f1f6a28-c3a5-4eee-acbf-242f734b4471-impl-thread1] INFO server.RaftServerConfigKeys: raft.server.snapshot.retention.file.num = -1 (default)
recon_1  | 	at org.apache.hadoop.ipc.Server.channelWrite(Server.java:3619)
dn2_1    | 	at java.base/java.util.concurrent.ThreadPoolExecutor$Worker.run(ThreadPoolExecutor.java:628)
dn5_1    | 	at java.base/java.lang.Thread.run(Thread.java:829)
dn1_1    | 2023-07-13 21:08:15,240 [EndpointStateMachine task thread for scm2/10.9.0.15:9861 - 0 ] INFO server.GrpcService: 0b8dffe5-0e51-40c3-8392-c67c149a7a94: GrpcService started, listening on 9856
om1_1    | 2023-07-13 21:08:30,774 [om1-impl-thread1] INFO server.RaftServerConfigKeys: raft.server.log.appender.buffer.byte-limit = 33554432 (custom)
dn4_1    | 	at org.apache.hadoop.ipc.ProtobufRpcEngine$Invoker.invoke(ProtobufRpcEngine.java:122)
scm2_1   | Max Size Entering Target per Iteration             26GB
dn3_1    | 2023-07-13 21:08:22,869 [EndpointStateMachine task thread for scm3/10.9.0.16:9861 - 0 ] INFO ipc.Client: Retrying connect to server: scm3/10.9.0.16:9861. Already tried 12 time(s); retry policy is RetryUpToMaximumCountWithFixedSleep(maxRetries=15, sleepTime=1000 MILLISECONDS)
om2_1    | 2023-07-13 21:08:31,997 [om2-impl-thread1] INFO server.RaftServerConfigKeys: raft.server.log.segment.size.max = 4194304 (custom)
scm3_1   | Key                                                Value
om3_1    | 2023-07-13 21:08:31,991 [om3-impl-thread1] INFO server.RaftServerConfigKeys: raft.server.log.purge.gap = 1000000 (custom)
scm1_1   | 2023-07-13 21:07:53,565 [7f1f6a28-c3a5-4eee-acbf-242f734b4471-impl-thread1] INFO server.RaftServerConfigKeys: raft.server.log.purge.upto.snapshot.index = false (default)
recon_1  | 	at org.apache.hadoop.ipc.Server.access$1700(Server.java:144)
dn2_1    | 	at java.base/java.lang.Thread.run(Thread.java:829)
dn5_1    | Caused by: java.net.SocketTimeoutException: 5000 millis timeout while waiting for channel to be ready for read. ch : java.nio.channels.SocketChannel[connected local=/10.9.0.21:49450 remote=recon/10.9.0.22:9891]
dn1_1    | 2023-07-13 21:08:15,241 [EndpointStateMachine task thread for scm2/10.9.0.15:9861 - 0 ] INFO server.GrpcService: 0b8dffe5-0e51-40c3-8392-c67c149a7a94: GrpcService started, listening on 9857
om1_1    | 2023-07-13 21:08:30,781 [om1-impl-thread1] INFO server.RaftServerConfigKeys: raft.server.log.statemachine.data.read.timeout = 1000ms (default)
dn4_1    | 	at com.sun.proxy.$Proxy39.submitRequest(Unknown Source)
scm2_1   | Max Size Leaving Source per Iteration              26GB
dn3_1    | 2023-07-13 21:08:23,870 [EndpointStateMachine task thread for scm3/10.9.0.16:9861 - 0 ] INFO ipc.Client: Retrying connect to server: scm3/10.9.0.16:9861. Already tried 13 time(s); retry policy is RetryUpToMaximumCountWithFixedSleep(maxRetries=15, sleepTime=1000 MILLISECONDS)
om2_1    | 2023-07-13 21:08:32,050 [om2-impl-thread1] INFO server.RaftServerConfigKeys: raft.server.log.segment.cache.num.max = 2 (custom)
scm3_1   | Threshold                                          10
om3_1    | 2023-07-13 21:08:31,998 [om3-impl-thread1] INFO server.RaftServerConfigKeys: raft.server.log.appender.buffer.byte-limit = 33554432 (custom)
scm1_1   | 2023-07-13 21:07:53,587 [Listener at 0.0.0.0/9860] INFO server.RaftServer: 7f1f6a28-c3a5-4eee-acbf-242f734b4471: start RPC server
recon_1  | 	at org.apache.hadoop.ipc.Server$Responder.processResponse(Server.java:1672)
dn2_1    | Caused by: java.net.SocketTimeoutException: 5000 millis timeout while waiting for channel to be ready for read. ch : java.nio.channels.SocketChannel[connected local=/10.9.0.18:47262 remote=recon/10.9.0.22:9891]
dn5_1    | 	at org.apache.hadoop.net.SocketIOWithTimeout.doIO(SocketIOWithTimeout.java:163)
dn1_1    | 2023-07-13 21:08:15,263 [EndpointStateMachine task thread for scm2/10.9.0.15:9861 - 0 ] INFO ratis.XceiverServerRatis: XceiverServerRatis 0b8dffe5-0e51-40c3-8392-c67c149a7a94 is started using port 9858 for RATIS
om1_1    | 2023-07-13 21:08:30,803 [om1-impl-thread1] INFO server.RaftServerConfigKeys: raft.server.log.purge.preservation.log.num = 0 (default)
dn4_1    | 	at org.apache.hadoop.ozone.protocolPB.StorageContainerDatanodeProtocolClientSideTranslatorPB.submitRequest(StorageContainerDatanodeProtocolClientSideTranslatorPB.java:117)
scm2_1   | 
dn3_1    | 2023-07-13 21:08:24,871 [EndpointStateMachine task thread for scm3/10.9.0.16:9861 - 0 ] INFO ipc.Client: Retrying connect to server: scm3/10.9.0.16:9861. Already tried 14 time(s); retry policy is RetryUpToMaximumCountWithFixedSleep(maxRetries=15, sleepTime=1000 MILLISECONDS)
om2_1    | 2023-07-13 21:08:32,054 [om2-impl-thread1] INFO server.RaftServerConfigKeys: raft.server.log.segment.cache.size.max = 200MB (=209715200) (default)
om3_1    | 2023-07-13 21:08:32,011 [om3-impl-thread1] INFO server.RaftServerConfigKeys: raft.server.log.statemachine.data.read.timeout = 1000ms (default)
scm1_1   | 2023-07-13 21:07:53,870 [Listener at 0.0.0.0/9860] INFO server.GrpcService: 7f1f6a28-c3a5-4eee-acbf-242f734b4471: GrpcService started, listening on 9894
recon_1  | 	at org.apache.hadoop.ipc.Server$Responder.doRespond(Server.java:1742)
dn2_1    | 	at org.apache.hadoop.net.SocketIOWithTimeout.doIO(SocketIOWithTimeout.java:163)
dn5_1    | 	at org.apache.hadoop.net.SocketInputStream.read(SocketInputStream.java:161)
dn1_1    | 2023-07-13 21:08:15,263 [EndpointStateMachine task thread for scm2/10.9.0.15:9861 - 0 ] INFO ratis.XceiverServerRatis: XceiverServerRatis 0b8dffe5-0e51-40c3-8392-c67c149a7a94 is started using port 9857 for RATIS_ADMIN
om1_1    | 2023-07-13 21:08:30,814 [om1-impl-thread1] INFO server.RaftServerConfigKeys: raft.server.log.segment.size.max = 4194304 (custom)
om1_1    | 2023-07-13 21:08:30,842 [om1-impl-thread1] INFO server.RaftServerConfigKeys: raft.server.log.segment.cache.num.max = 2 (custom)
scm2_1   | 2023-07-13 21:08:06,607 [Listener at 0.0.0.0/9860] WARN events.EventQueue: No event handler registered for event TypedEvent{payloadType=SafeModeStatus, name='Safe mode status'}
dn3_1    | 2023-07-13 21:08:25,873 [EndpointStateMachine task thread for scm3/10.9.0.16:9861 - 0 ] INFO ipc.Client: Retrying connect to server: scm3/10.9.0.16:9861. Already tried 0 time(s); retry policy is RetryUpToMaximumCountWithFixedSleep(maxRetries=15, sleepTime=1000 MILLISECONDS)
dn3_1    | 2023-07-13 21:08:26,874 [EndpointStateMachine task thread for scm3/10.9.0.16:9861 - 0 ] INFO ipc.Client: Retrying connect to server: scm3/10.9.0.16:9861. Already tried 1 time(s); retry policy is RetryUpToMaximumCountWithFixedSleep(maxRetries=15, sleepTime=1000 MILLISECONDS)
om3_1    | 2023-07-13 21:08:32,012 [om3-impl-thread1] INFO server.RaftServerConfigKeys: raft.server.log.purge.preservation.log.num = 0 (default)
scm1_1   | 2023-07-13 21:07:53,914 [JvmPauseMonitor0] INFO util.JvmPauseMonitor: JvmPauseMonitor-7f1f6a28-c3a5-4eee-acbf-242f734b4471: Started
dn2_1    | 	at org.apache.hadoop.net.SocketInputStream.read(SocketInputStream.java:161)
recon_1  | 	at org.apache.hadoop.ipc.Server$Connection.sendResponse(Server.java:2847)
dn5_1    | 	at org.apache.hadoop.net.SocketInputStream.read(SocketInputStream.java:131)
dn5_1    | 	at java.base/java.io.FilterInputStream.read(FilterInputStream.java:133)
dn4_1    | 	at org.apache.hadoop.ozone.protocolPB.StorageContainerDatanodeProtocolClientSideTranslatorPB.getVersion(StorageContainerDatanodeProtocolClientSideTranslatorPB.java:133)
dn4_1    | 	at org.apache.hadoop.ozone.container.common.states.endpoint.VersionEndpointTask.call(VersionEndpointTask.java:69)
scm2_1   | 2023-07-13 21:08:06,607 [Listener at 0.0.0.0/9860] INFO ha.SCMContext: Update SafeModeStatus from SafeModeStatus{safeModeStatus=true, preCheckPassed=false} to SafeModeStatus{safeModeStatus=true, preCheckPassed=false}.
dn3_1    | 2023-07-13 21:08:27,875 [EndpointStateMachine task thread for scm3/10.9.0.16:9861 - 0 ] INFO ipc.Client: Retrying connect to server: scm3/10.9.0.16:9861. Already tried 2 time(s); retry policy is RetryUpToMaximumCountWithFixedSleep(maxRetries=15, sleepTime=1000 MILLISECONDS)
om2_1    | 2023-07-13 21:08:32,088 [om2-impl-thread1] INFO segmented.SegmentedRaftLogWorker: new om2@group-D66704EFC61C-SegmentedRaftLogWorker for RaftStorageImpl:Storage Directory /data/metadata/ratis/5cb24680-b9e7-3c90-a862-d66704efc61c
om3_1    | 2023-07-13 21:08:32,029 [om3-impl-thread1] INFO server.RaftServerConfigKeys: raft.server.log.segment.size.max = 4194304 (custom)
scm1_1   | 2023-07-13 21:07:53,952 [Listener at 0.0.0.0/9860] INFO ha.SCMHAManagerImpl:  scm role is FOLLOWER peers [9f7177a3-8bd2-4075-bddd-4529f6496d52|rpc:scm3:9894|admin:|client:|dataStream:|priority:0|startupRole:FOLLOWER, efd5aac5-ab0a-4173-a1aa-62e19894a08f|rpc:scm2:9894|admin:|client:|dataStream:|priority:0|startupRole:FOLLOWER, 7f1f6a28-c3a5-4eee-acbf-242f734b4471|rpc:scm1:9894|admin:|client:|dataStream:|priority:0|startupRole:FOLLOWER]
dn2_1    | 	at org.apache.hadoop.net.SocketInputStream.read(SocketInputStream.java:131)
recon_1  | 	at org.apache.hadoop.ipc.Server$Connection.access$300(Server.java:1814)
dn5_1    | 	at java.base/java.io.BufferedInputStream.fill(BufferedInputStream.java:252)
dn5_1    | 	at java.base/java.io.BufferedInputStream.read(BufferedInputStream.java:271)
dn1_1    | 2023-07-13 21:08:15,263 [EndpointStateMachine task thread for scm2/10.9.0.15:9861 - 0 ] INFO ratis.XceiverServerRatis: XceiverServerRatis 0b8dffe5-0e51-40c3-8392-c67c149a7a94 is started using port 9856 for RATIS_SERVER
dn4_1    | 	at org.apache.hadoop.ozone.container.common.states.endpoint.VersionEndpointTask.call(VersionEndpointTask.java:40)
scm2_1   | 2023-07-13 21:08:06,616 [Listener at 0.0.0.0/9860] INFO server.StorageContainerManager: StorageContainerLocationProtocol RPC server is listening at /0.0.0.0:9860
dn3_1    | 2023-07-13 21:08:28,876 [EndpointStateMachine task thread for scm3/10.9.0.16:9861 - 0 ] INFO ipc.Client: Retrying connect to server: scm3/10.9.0.16:9861. Already tried 3 time(s); retry policy is RetryUpToMaximumCountWithFixedSleep(maxRetries=15, sleepTime=1000 MILLISECONDS)
dn3_1    | 2023-07-13 21:08:38,072 [EndpointStateMachine task thread for scm3/10.9.0.16:9861 - 0 ] INFO ozoneimpl.OzoneContainer: Ignore. OzoneContainer already started.
om3_1    | 2023-07-13 21:08:32,066 [om3-impl-thread1] INFO server.RaftServerConfigKeys: raft.server.log.segment.cache.num.max = 2 (custom)
scm1_1   | 2023-07-13 21:07:53,963 [Listener at 0.0.0.0/9860] INFO ha.InterSCMGrpcService: Starting SCM Grpc Service at port 9895
dn2_1    | 	at java.base/java.io.FilterInputStream.read(FilterInputStream.java:133)
recon_1  | 	at org.apache.hadoop.ipc.Server$RpcCall.doResponse(Server.java:1125)
dn5_1    | 	at java.base/java.io.FilterInputStream.read(FilterInputStream.java:83)
om1_1    | 2023-07-13 21:08:30,842 [om1-impl-thread1] INFO server.RaftServerConfigKeys: raft.server.log.segment.cache.size.max = 200MB (=209715200) (default)
dn1_1    | 2023-07-13 21:08:15,275 [JvmPauseMonitor0] INFO util.JvmPauseMonitor: JvmPauseMonitor-0b8dffe5-0e51-40c3-8392-c67c149a7a94: Started
dn4_1    | 	at java.base/java.util.concurrent.FutureTask.run(FutureTask.java:264)
scm2_1   | 2023-07-13 21:08:06,625 [Listener at 0.0.0.0/9860] INFO ha.SCMRatisServerImpl: starting ratis server 0.0.0.0:9894
