dn3_1    | 2023-07-13 21:08:13,659 [28450ceb-79e2-40eb-9df1-503c49b15aa6-impl-thread1] INFO segmented.LogSegment: Successfully read 2 entries from segment file /data/metadata/ratis/6407618f-76cd-4f87-aa67-a42b3ae10655/current/log_inprogress_1
om3_1    | 2023-07-13 21:08:21,285 [main] WARN server.ServerUtils: Storage directory for Ratis is not configured. It is a good idea to map this to an SSD disk. Falling back to ozone.metadata.dirs
scm3_1   | 2023-07-13 21:08:17,099 [main] INFO server.RaftServer: 9f7177a3-8bd2-4075-bddd-4529f6496d52: addNew group-417DAC3D8A6B:[] returns group-417DAC3D8A6B:java.util.concurrent.CompletableFuture@47d7bfb3[Not completed]
scm3_1   | 2023-07-13 21:08:17,338 [pool-16-thread-1] INFO ha.SCMStateMachine: Updated lastAppliedTermIndex 3#66 with transactionInfo term andIndex
dn2_1    | 2023-07-13 21:07:53,882 [Datanode State Machine Task Thread - 0] INFO statemachine.SCMConnectionManager: Adding Recon Server : recon/10.9.0.22:9891
om1_1    | 	at org.apache.hadoop.ipc.ProtobufRpcEngine$Server.processCall(ProtobufRpcEngine.java:465)
dn4_1    | 2023-07-13 21:07:48,886 [main] INFO server.Server: jetty-9.4.49.v20220914; built: 2022-09-14T01:07:36.601Z; git: 4231a3b2e4cb8548a412a789936d640a97b1aa0a; jvm 11.0.14.1+1-LTS
dn4_1    | 2023-07-13 21:07:49,169 [main] INFO server.session: DefaultSessionIdManager workerName=node0
dn4_1    | 2023-07-13 21:07:49,175 [main] INFO server.session: No SessionScavenger set, using defaults
dn4_1    | 2023-07-13 21:07:49,240 [main] INFO server.session: node0 Scavenging every 600000ms
dn4_1    | 2023-07-13 21:07:49,528 [main] INFO handler.ContextHandler: Started o.e.j.s.ServletContextHandler@517704{logs,/logs,file:///var/log/hadoop/,AVAILABLE}
dn3_1    | 2023-07-13 21:08:13,676 [28450ceb-79e2-40eb-9df1-503c49b15aa6-impl-thread1] INFO segmented.SegmentedRaftLogWorker: 28450ceb-79e2-40eb-9df1-503c49b15aa6@group-A42B3AE10655-SegmentedRaftLogWorker: flushIndex: setUnconditionally 0 -> 2
om3_1    | 2023-07-13 21:08:21,554 [main] INFO ratis.OzoneManagerRatisServer: Instantiating OM Ratis server with groupID: omservice and peers: om3:9872, om1:9872, om2:9872
om3_1    | 2023-07-13 21:08:21,688 [main] INFO ratis.OzoneManagerStateMachine: LastAppliedIndex is set from TransactionInfo from OM DB as (t:3, i:68)
om3_1    | 2023-07-13 21:08:22,214 [main] INFO server.RaftServer: raft.rpc.type = GRPC (default)
dn2_1    | 2023-07-13 21:07:53,939 [Datanode State Machine Task Thread - 0] INFO datanode.InitDatanodeState: DatanodeDetails is persisted to /data/datanode.id
om1_1    | 	at org.apache.hadoop.ipc.ProtobufRpcEngine2$Server$ProtoBufRpcInvoker.call(ProtobufRpcEngine2.java:578)
dn4_1    | 2023-07-13 21:07:49,529 [main] INFO handler.ContextHandler: Started o.e.j.s.ServletContextHandler@30a9e3db{static,/static,jar:file:/opt/hadoop/share/ozone/lib/hdds-container-service-1.3.0.jar!/webapps/static,AVAILABLE}
dn4_1    | 2023-07-13 21:07:53,263 [main] INFO handler.ContextHandler: Started o.e.j.w.WebAppContext@4137aab0{hddsDatanode,/,file:///tmp/jetty-0_0_0_0-9882-hdds-container-service-1_3_0_jar-_-any-6412760879116957810/webapp/,AVAILABLE}{jar:file:/opt/hadoop/share/ozone/lib/hdds-container-service-1.3.0.jar!/webapps/hddsDatanode}
dn4_1    | 2023-07-13 21:07:53,318 [main] INFO server.AbstractConnector: Started ServerConnector@72ecbcb3{HTTP/1.1, (http/1.1)}{0.0.0.0:9882}
dn4_1    | 2023-07-13 21:07:53,337 [main] INFO server.Server: Started @65976ms
dn4_1    | 2023-07-13 21:07:53,362 [main] INFO impl.MetricsSinkAdapter: Sink prometheus started
dn3_1    | 2023-07-13 21:08:13,676 [28450ceb-79e2-40eb-9df1-503c49b15aa6-impl-thread1] INFO segmented.SegmentedRaftLogWorker: 28450ceb-79e2-40eb-9df1-503c49b15aa6@group-A42B3AE10655-SegmentedRaftLogWorker: safeCacheEvictIndex: setUnconditionally 0 -> 0
om3_1    | 2023-07-13 21:08:23,139 [main] INFO grpc.GrpcConfigKeys: raft.grpc.admin.host = null (fallback to raft.grpc.server.host)
om3_1    | 2023-07-13 21:08:23,152 [main] INFO grpc.GrpcConfigKeys: raft.grpc.admin.port = 9872 (fallback to raft.grpc.server.port)
om3_1    | 2023-07-13 21:08:23,152 [main] INFO grpc.GrpcConfigKeys: raft.grpc.client.host = null (fallback to raft.grpc.server.host)
dn2_1    | 2023-07-13 21:07:57,007 [EndpointStateMachine task thread for scm3/10.9.0.16:9861 - 0 ] INFO ipc.Client: Retrying connect to server: scm3/10.9.0.16:9861. Already tried 0 time(s); retry policy is RetryUpToMaximumCountWithFixedSleep(maxRetries=15, sleepTime=1000 MILLISECONDS)
om1_1    | 	at org.apache.hadoop.ipc.ProtobufRpcEngine2$Server$ProtoBufRpcInvoker.call(ProtobufRpcEngine2.java:556)
dn4_1    | 2023-07-13 21:07:53,362 [main] INFO impl.MetricsSystemImpl: Registered sink prometheus
dn4_1    | 2023-07-13 21:07:53,380 [main] INFO http.BaseHttpServer: HTTP server of hddsDatanode listening at http://0.0.0.0:9882
dn4_1    | 2023-07-13 21:07:53,395 [Datanode State Machine Daemon Thread] INFO statemachine.DatanodeStateMachine: Ozone container server started.
dn4_1    | 2023-07-13 21:07:53,459 [org.apache.hadoop.util.JvmPauseMonitor$Monitor@517e85d3] INFO util.JvmPauseMonitor: Starting JVM pause monitor
dn4_1    | 2023-07-13 21:07:53,835 [Datanode State Machine Task Thread - 0] INFO statemachine.SCMConnectionManager: Adding Recon Server : recon/10.9.0.22:9891
dn3_1    | 2023-07-13 21:08:13,845 [EndpointStateMachine task thread for scm3/10.9.0.16:9861 - 0 ] INFO ipc.Client: Retrying connect to server: scm3/10.9.0.16:9861. Already tried 3 time(s); retry policy is RetryUpToMaximumCountWithFixedSleep(maxRetries=15, sleepTime=1000 MILLISECONDS)
om3_1    | 2023-07-13 21:08:23,153 [main] INFO grpc.GrpcConfigKeys: raft.grpc.client.port = 9872 (fallback to raft.grpc.server.port)
om3_1    | 2023-07-13 21:08:23,153 [main] INFO grpc.GrpcConfigKeys: raft.grpc.server.host = null (default)
scm3_1   | 2023-07-13 21:08:17,360 [pool-16-thread-1] INFO server.RaftServer$Division: 9f7177a3-8bd2-4075-bddd-4529f6496d52: new RaftServerImpl for group-417DAC3D8A6B:[] with SCMStateMachine:uninitialized
dn2_1    | 2023-07-13 21:07:57,051 [EndpointStateMachine task thread for scm2/10.9.0.15:9861 - 0 ] INFO ipc.Client: Retrying connect to server: scm2/10.9.0.15:9861. Already tried 0 time(s); retry policy is RetryUpToMaximumCountWithFixedSleep(maxRetries=15, sleepTime=1000 MILLISECONDS)
om1_1    | 	at org.apache.hadoop.ipc.RPC$Server.call(RPC.java:1093)
dn4_1    | 2023-07-13 21:07:53,888 [Datanode State Machine Task Thread - 0] INFO datanode.InitDatanodeState: DatanodeDetails is persisted to /data/datanode.id
om2_1    | 	at org.apache.hadoop.ipc.Server$Handler.run(Server.java:2976)
om2_1    | , while invoking $Proxy33.send over nodeId=scm2,nodeAddress=scm2/10.9.0.15:9863 after 13 failover attempts. Trying to failover after sleeping for 2000ms.
om2_1    | 2023-07-13 21:08:10,982 [main] INFO retry.RetryInvocationHandler: com.google.protobuf.ServiceException: java.net.ConnectException: Call From 6d14e53ceb8c/10.9.0.12 to scm3:9863 failed on connection exception: java.net.ConnectException: Connection refused; For more details see:  http://wiki.apache.org/hadoop/ConnectionRefused, while invoking $Proxy33.send over nodeId=scm3,nodeAddress=scm3/10.9.0.16:9863 after 14 failover attempts. Trying to failover after sleeping for 2000ms.
om2_1    | 2023-07-13 21:08:17,351 [main] WARN server.ServerUtils: ozone.om.db.dirs is not configured. We recommend adding this setting. Falling back to ozone.metadata.dirs instead.
om3_1    | 2023-07-13 21:08:23,153 [main] INFO grpc.GrpcConfigKeys: raft.grpc.server.port = 9872 (custom)
recon_1  | 	at org.apache.hadoop.hdds.ratis.ServerNotLeaderException.convertToNotLeaderException(ServerNotLeaderException.java:109)
dn2_1    | 2023-07-13 21:07:57,643 [Datanode State Machine Daemon Thread] ERROR datanode.RunningDatanodeState: Error in executing end point task.
om1_1    | 	at org.apache.hadoop.ipc.Server$RpcCall.run(Server.java:1043)
dn4_1    | 2023-07-13 21:07:56,771 [EndpointStateMachine task thread for scm3/10.9.0.16:9861 - 0 ] INFO ipc.Client: Retrying connect to server: scm3/10.9.0.16:9861. Already tried 0 time(s); retry policy is RetryUpToMaximumCountWithFixedSleep(maxRetries=15, sleepTime=1000 MILLISECONDS)
dn4_1    | 2023-07-13 21:07:56,773 [EndpointStateMachine task thread for scm2/10.9.0.15:9861 - 0 ] INFO ipc.Client: Retrying connect to server: scm2/10.9.0.15:9861. Already tried 0 time(s); retry policy is RetryUpToMaximumCountWithFixedSleep(maxRetries=15, sleepTime=1000 MILLISECONDS)
dn4_1    | 2023-07-13 21:07:57,774 [EndpointStateMachine task thread for scm3/10.9.0.16:9861 - 0 ] INFO ipc.Client: Retrying connect to server: scm3/10.9.0.16:9861. Already tried 1 time(s); retry policy is RetryUpToMaximumCountWithFixedSleep(maxRetries=15, sleepTime=1000 MILLISECONDS)
scm1_1   | 2023-07-13 21:07:47,771 [Listener at 0.0.0.0/9861] INFO audit.AuditLogger: Refresh DebugCmdSet for SCMAudit to [].
scm1_1   | 2023-07-13 21:07:47,848 [Listener at 0.0.0.0/9861] INFO ipc.CallQueueManager: Using callQueue: class java.util.concurrent.LinkedBlockingQueue, queueCapacity: 10000, scheduler: class org.apache.hadoop.ipc.DefaultRpcScheduler, ipcBackoff: false.
scm1_1   | 2023-07-13 21:07:47,860 [Socket Reader #1 for port 9863] INFO ipc.Server: Starting Socket Reader #1 for port 9863
dn5_1    | 2023-07-13 21:07:46,596 [main] INFO http.HttpServer2: Added filter static_user_filter (class=org.apache.hadoop.http.lib.StaticUserWebFilter$StaticUserFilter) to context logs
om3_1    | 2023-07-13 21:08:23,153 [main] INFO server.GrpcService: raft.grpc.message.size.max = 33554432 (custom)
om3_1    | 2023-07-13 21:08:23,229 [main] INFO server.RaftServerConfigKeys: raft.server.log.appender.buffer.byte-limit = 33554432 (custom)
dn2_1    | java.util.concurrent.ExecutionException: java.util.concurrent.TimeoutException
dn2_1    | 	at java.base/java.util.concurrent.FutureTask.report(FutureTask.java:122)
om1_1    | 	at org.apache.hadoop.ipc.Server$RpcCall.run(Server.java:971)
dn4_1    | 2023-07-13 21:07:57,774 [EndpointStateMachine task thread for scm2/10.9.0.15:9861 - 0 ] INFO ipc.Client: Retrying connect to server: scm2/10.9.0.15:9861. Already tried 1 time(s); retry policy is RetryUpToMaximumCountWithFixedSleep(maxRetries=15, sleepTime=1000 MILLISECONDS)
dn4_1    | 2023-07-13 21:07:58,774 [EndpointStateMachine task thread for scm3/10.9.0.16:9861 - 0 ] INFO ipc.Client: Retrying connect to server: scm3/10.9.0.16:9861. Already tried 2 time(s); retry policy is RetryUpToMaximumCountWithFixedSleep(maxRetries=15, sleepTime=1000 MILLISECONDS)
dn4_1    | 2023-07-13 21:07:58,775 [EndpointStateMachine task thread for scm2/10.9.0.15:9861 - 0 ] INFO ipc.Client: Retrying connect to server: scm2/10.9.0.15:9861. Already tried 2 time(s); retry policy is RetryUpToMaximumCountWithFixedSleep(maxRetries=15, sleepTime=1000 MILLISECONDS)
scm1_1   | 2023-07-13 21:07:48,405 [Listener at 0.0.0.0/9863] INFO audit.AuditLogger: Refresh DebugCmdSet for SCMAudit to [].
dn3_1    | 2023-07-13 21:08:13,988 [28450ceb-79e2-40eb-9df1-503c49b15aa6-impl-thread1] INFO raftlog.RaftLog: 28450ceb-79e2-40eb-9df1-503c49b15aa6@group-A42B3AE10655-SegmentedRaftLog: commitIndex: updateToMax old=2, new=1, updated? false
dn3_1    | 2023-07-13 21:08:13,988 [28450ceb-79e2-40eb-9df1-503c49b15aa6-impl-thread1] INFO server.RaftServer$Division: 28450ceb-79e2-40eb-9df1-503c49b15aa6@group-A42B3AE10655: start as a follower, conf=1: peers:[28450ceb-79e2-40eb-9df1-503c49b15aa6|rpc:10.9.0.19:9856|admin:10.9.0.19:9857|client:10.9.0.19:9858|dataStream:|priority:1|startupRole:FOLLOWER]|listeners:[], old=null
dn5_1    | 2023-07-13 21:07:46,596 [main] INFO http.HttpServer2: Added filter static_user_filter (class=org.apache.hadoop.http.lib.StaticUserWebFilter$StaticUserFilter) to context static
scm3_1   | 2023-07-13 21:08:17,378 [pool-16-thread-1] INFO server.RaftServerConfigKeys: raft.server.rpc.timeout.min = 5000ms (custom)
scm3_1   | 2023-07-13 21:08:17,390 [pool-16-thread-1] INFO server.RaftServerConfigKeys: raft.server.rpc.timeout.max = 5200ms (custom)
dn2_1    | 	at java.base/java.util.concurrent.FutureTask.get(FutureTask.java:191)
dn2_1    | 	at org.apache.hadoop.ozone.container.common.states.datanode.RunningDatanodeState.computeNextContainerState(RunningDatanodeState.java:199)
om1_1    | 	at java.base/java.security.AccessController.doPrivileged(Native Method)
dn4_1    | 2023-07-13 21:07:59,775 [EndpointStateMachine task thread for scm3/10.9.0.16:9861 - 0 ] INFO ipc.Client: Retrying connect to server: scm3/10.9.0.16:9861. Already tried 3 time(s); retry policy is RetryUpToMaximumCountWithFixedSleep(maxRetries=15, sleepTime=1000 MILLISECONDS)
dn4_1    | 2023-07-13 21:07:59,776 [EndpointStateMachine task thread for scm2/10.9.0.15:9861 - 0 ] INFO ipc.Client: Retrying connect to server: scm2/10.9.0.15:9861. Already tried 3 time(s); retry policy is RetryUpToMaximumCountWithFixedSleep(maxRetries=15, sleepTime=1000 MILLISECONDS)
dn1_1    | 	at org.apache.hadoop.ipc.ProtobufRpcEngine$Invoker.invoke(ProtobufRpcEngine.java:235)
scm1_1   | 2023-07-13 21:07:48,844 [Listener at 0.0.0.0/9863] INFO ipc.CallQueueManager: Using callQueue: class java.util.concurrent.LinkedBlockingQueue, queueCapacity: 10000, scheduler: class org.apache.hadoop.ipc.DefaultRpcScheduler, ipcBackoff: false.
dn3_1    | 2023-07-13 21:08:13,996 [28450ceb-79e2-40eb-9df1-503c49b15aa6-impl-thread1] INFO server.RaftServer$Division: 28450ceb-79e2-40eb-9df1-503c49b15aa6@group-A42B3AE10655: changes role from      null to FOLLOWER at term 2 for startAsFollower
dn3_1    | 2023-07-13 21:08:13,998 [28450ceb-79e2-40eb-9df1-503c49b15aa6-impl-thread1] INFO impl.RoleInfo: 28450ceb-79e2-40eb-9df1-503c49b15aa6: start 28450ceb-79e2-40eb-9df1-503c49b15aa6@group-A42B3AE10655-FollowerState
dn5_1    | 2023-07-13 21:07:47,732 [main] INFO http.HttpServer2: Jetty bound to port 9882
om3_1    | 2023-07-13 21:08:23,235 [main] INFO server.GrpcService: raft.grpc.flow.control.window = 1MB (=1048576) (default)
om3_1    | 2023-07-13 21:08:23,235 [main] INFO server.RaftServerConfigKeys: raft.server.rpc.request.timeout = 3000ms (default)
dn2_1    | 	at org.apache.hadoop.ozone.container.common.states.datanode.RunningDatanodeState.await(RunningDatanodeState.java:239)
recon_1  | 	at org.apache.hadoop.hdds.scm.ha.RatisUtil.checkRatisException(RatisUtil.java:246)
om1_1    | 	at java.base/javax.security.auth.Subject.doAs(Subject.java:423)
om2_1    | 2023-07-13 21:08:18,180 [main] INFO codec.OmKeyInfoCodec: OmKeyInfoCodec ignorePipeline = true
om2_1    | 2023-07-13 21:08:18,191 [main] INFO codec.RepeatedOmKeyInfoCodec: RepeatedOmKeyInfoCodec ignorePipeline = true
om2_1    | 2023-07-13 21:08:19,105 [main] INFO om.OzoneManager: S3 Multi-Tenancy is disabled
scm1_1   | 2023-07-13 21:07:48,855 [Socket Reader #1 for port 9860] INFO ipc.Server: Starting Socket Reader #1 for port 9860
dn3_1    | 2023-07-13 21:08:14,015 [28450ceb-79e2-40eb-9df1-503c49b15aa6-impl-thread1] INFO util.JmxRegister: Successfully registered JMX Bean with object name Ratis:service=RaftServer,group=group-A42B3AE10655,id=28450ceb-79e2-40eb-9df1-503c49b15aa6
dn3_1    | 2023-07-13 21:08:14,017 [28450ceb-79e2-40eb-9df1-503c49b15aa6@group-A42B3AE10655-FollowerState] INFO server.RaftServerConfigKeys: raft.server.rpc.first-election.timeout.min = 5s (fallback to raft.server.rpc.timeout.min)
dn3_1    | 2023-07-13 21:08:14,018 [28450ceb-79e2-40eb-9df1-503c49b15aa6@group-A42B3AE10655-FollowerState] INFO server.RaftServerConfigKeys: raft.server.rpc.first-election.timeout.max = 5200ms (fallback to raft.server.rpc.timeout.max)
om3_1    | 2023-07-13 21:08:23,335 [main] INFO grpc.GrpcConfigKeys: raft.grpc.server.heartbeat.channel = true (default)
om3_1    | 2023-07-13 21:08:23,353 [main] INFO grpc.GrpcConfigKeys: raft.grpc.server.async.request.thread.pool.cached = true (default)
dn2_1    | 	at org.apache.hadoop.ozone.container.common.states.datanode.RunningDatanodeState.await(RunningDatanodeState.java:50)
recon_1  | 	at org.apache.hadoop.hdds.scm.protocol.StorageContainerLocationProtocolServerSideTranslatorPB.submitRequest(StorageContainerLocationProtocolServerSideTranslatorPB.java:193)
recon_1  | 	at org.apache.hadoop.hdds.protocol.proto.StorageContainerLocationProtocolProtos$StorageContainerLocationProtocolService$2.callBlockingMethod(StorageContainerLocationProtocolProtos.java:62732)
om1_1    | 	at org.apache.hadoop.security.UserGroupInformation.doAs(UserGroupInformation.java:1878)
dn1_1    | 	at org.apache.hadoop.ipc.ProtobufRpcEngine$Invoker.invoke(ProtobufRpcEngine.java:122)
dn1_1    | 	at com.sun.proxy.$Proxy38.submitRequest(Unknown Source)
scm1_1   | 2023-07-13 21:07:49,252 [Listener at 0.0.0.0/9860] INFO ha.SCMServiceManager: Registering service ContainerBalancer.
dn3_1    | 2023-07-13 21:08:14,019 [28450ceb-79e2-40eb-9df1-503c49b15aa6-impl-thread1] INFO server.RaftServerConfigKeys: raft.server.snapshot.auto.trigger.enabled = true (custom)
dn3_1    | 2023-07-13 21:08:14,021 [28450ceb-79e2-40eb-9df1-503c49b15aa6-impl-thread1] INFO server.RaftServerConfigKeys: raft.server.snapshot.auto.trigger.threshold = 10000 (custom)
dn5_1    | 2023-07-13 21:07:47,771 [main] INFO server.Server: jetty-9.4.49.v20220914; built: 2022-09-14T01:07:36.601Z; git: 4231a3b2e4cb8548a412a789936d640a97b1aa0a; jvm 11.0.14.1+1-LTS
om3_1    | 2023-07-13 21:08:23,353 [main] INFO grpc.GrpcConfigKeys: raft.grpc.server.async.request.thread.pool.size = 32 (default)
scm3_1   | 2023-07-13 21:08:17,391 [pool-16-thread-1] INFO server.RaftServerConfigKeys: raft.server.rpc.sleep.time = 25ms (default)
dn2_1    | 	at org.apache.hadoop.ozone.container.common.statemachine.StateContext.execute(StateContext.java:660)
dn2_1    | 	at org.apache.hadoop.ozone.container.common.statemachine.DatanodeStateMachine.startStateMachineThread(DatanodeStateMachine.java:298)
dn2_1    | 	at org.apache.hadoop.ozone.container.common.statemachine.DatanodeStateMachine.lambda$startDaemon$0(DatanodeStateMachine.java:493)
dn2_1    | 	at java.base/java.lang.Thread.run(Thread.java:829)
dn4_1    | 2023-07-13 21:08:00,776 [EndpointStateMachine task thread for scm3/10.9.0.16:9861 - 0 ] INFO ipc.Client: Retrying connect to server: scm3/10.9.0.16:9861. Already tried 4 time(s); retry policy is RetryUpToMaximumCountWithFixedSleep(maxRetries=15, sleepTime=1000 MILLISECONDS)
scm1_1   | 2023-07-13 21:07:49,281 [Listener at 0.0.0.0/9860] INFO server.StorageContainerManager: 
dn1_1    | 	at org.apache.hadoop.ozone.protocolPB.StorageContainerDatanodeProtocolClientSideTranslatorPB.submitRequest(StorageContainerDatanodeProtocolClientSideTranslatorPB.java:117)
dn1_1    | 	at org.apache.hadoop.ozone.protocolPB.StorageContainerDatanodeProtocolClientSideTranslatorPB.getVersion(StorageContainerDatanodeProtocolClientSideTranslatorPB.java:133)
dn1_1    | 	at org.apache.hadoop.ozone.container.common.states.endpoint.VersionEndpointTask.call(VersionEndpointTask.java:69)
dn5_1    | 2023-07-13 21:07:48,075 [main] INFO server.session: DefaultSessionIdManager workerName=node0
om3_1    | 2023-07-13 21:08:24,939 [main] INFO impl.DataStreamServerImpl: raft.datastream.type = DISABLED (default)
scm3_1   | 2023-07-13 21:08:17,391 [pool-16-thread-1] INFO server.RaftServerConfigKeys: raft.server.rpc.slowness.timeout = 120000ms (custom)
dn2_1    | Caused by: java.util.concurrent.TimeoutException
om1_1    | 	at org.apache.hadoop.ipc.Server$Handler.run(Server.java:2976)
om2_1    | 2023-07-13 21:08:19,373 [main] WARN om.OzoneManager: Prepare marker file index 68 does not match DB prepare index 67. Writing DB index to prepare file and maintaining prepared state.
recon_1  | 	at org.apache.hadoop.ipc.ProtobufRpcEngine$Server.processCall(ProtobufRpcEngine.java:465)
dn4_1    | 2023-07-13 21:08:00,777 [EndpointStateMachine task thread for scm2/10.9.0.15:9861 - 0 ] INFO ipc.Client: Retrying connect to server: scm2/10.9.0.15:9861. Already tried 4 time(s); retry policy is RetryUpToMaximumCountWithFixedSleep(maxRetries=15, sleepTime=1000 MILLISECONDS)
dn1_1    | 	at org.apache.hadoop.ozone.container.common.states.endpoint.VersionEndpointTask.call(VersionEndpointTask.java:40)
dn1_1    | 	at java.base/java.util.concurrent.FutureTask.run(FutureTask.java:264)
dn1_1    | 	at java.base/java.util.concurrent.ThreadPoolExecutor.runWorker(ThreadPoolExecutor.java:1128)
dn1_1    | 	at java.base/java.util.concurrent.ThreadPoolExecutor$Worker.run(ThreadPoolExecutor.java:628)
dn1_1    | 	at java.base/java.lang.Thread.run(Thread.java:829)
scm1_1   | Container Balancer status:
om3_1    | 2023-07-13 21:08:24,963 [main] INFO server.RaftServerConfigKeys: raft.server.threadpool.proxy.cached = true (default)
om1_1    | , while invoking $Proxy33.send over nodeId=scm2,nodeAddress=scm2/10.9.0.15:9863 after 13 failover attempts. Trying to failover after sleeping for 2000ms.
om2_1    | 2023-07-13 21:08:19,408 [main] INFO om.OzoneManagerPrepareState: Prepare marker file written with log index 67 to file /data/metadata/current/prepareMarker
om2_1    | 2023-07-13 21:08:19,878 [main] WARN server.ServerUtils: Storage directory for Ratis is not configured. It is a good idea to map this to an SSD disk. Falling back to ozone.metadata.dirs
om2_1    | 2023-07-13 21:08:19,908 [main] WARN utils.OzoneManagerRatisUtils: ozone.om.ratis.snapshot.dir is not configured. Falling back to ozone.metadata.dirs config
scm3_1   | 2023-07-13 21:08:17,394 [pool-16-thread-1] INFO server.RaftServerConfigKeys: raft.server.leaderelection.leader.step-down.wait-time = 10s (default)
scm3_1   | 2023-07-13 21:08:17,398 [pool-16-thread-1] INFO server.RaftServerConfigKeys: raft.server.sleep.deviation.threshold = 300ms (default)
dn1_1    | Caused by: java.net.ConnectException: Connection refused
dn1_1    | 	at java.base/sun.nio.ch.SocketChannelImpl.checkConnect(Native Method)
dn3_1    | 2023-07-13 21:08:14,021 [28450ceb-79e2-40eb-9df1-503c49b15aa6-impl-thread1] INFO server.RaftServerConfigKeys: raft.server.snapshot.retention.file.num = 5 (custom)
scm1_1   | Key                            Value
dn2_1    | 	at java.base/java.util.concurrent.FutureTask.get(FutureTask.java:204)
dn2_1    | 	at org.apache.hadoop.ozone.container.common.states.datanode.RunningDatanodeState.lambda$execute$0(RunningDatanodeState.java:157)
dn2_1    | 	at java.base/java.util.concurrent.FutureTask.run(FutureTask.java:264)
om2_1    | 2023-07-13 21:08:20,052 [main] INFO snapshot.OzoneManagerSnapshotProvider: Initializing OM Snapshot Provider
recon_1  | 	at org.apache.hadoop.ipc.ProtobufRpcEngine2$Server$ProtoBufRpcInvoker.call(ProtobufRpcEngine2.java:578)
om1_1    | 2023-07-13 21:08:10,975 [main] INFO retry.RetryInvocationHandler: com.google.protobuf.ServiceException: java.net.ConnectException: Call From be6dc8f78fb0/10.9.0.11 to scm3:9863 failed on connection exception: java.net.ConnectException: Connection refused; For more details see:  http://wiki.apache.org/hadoop/ConnectionRefused, while invoking $Proxy33.send over nodeId=scm3,nodeAddress=scm3/10.9.0.16:9863 after 14 failover attempts. Trying to failover after sleeping for 2000ms.
om1_1    | 2023-07-13 21:08:17,721 [main] WARN server.ServerUtils: ozone.om.db.dirs is not configured. We recommend adding this setting. Falling back to ozone.metadata.dirs instead.
dn1_1    | 	at java.base/sun.nio.ch.SocketChannelImpl.finishConnect(SocketChannelImpl.java:777)
scm2_1   | 2023-07-13 21:08:02,564 [main] INFO server.RaftServerConfigKeys: raft.server.storage.dir = [/data/metadata/scm-ha] (custom)
scm2_1   | 2023-07-13 21:08:02,577 [efd5aac5-ab0a-4173-a1aa-62e19894a08f-impl-thread1] INFO server.RaftServer: efd5aac5-ab0a-4173-a1aa-62e19894a08f: found a subdirectory /data/metadata/scm-ha/f577a72a-b960-48e2-accb-417dac3d8a6b
dn3_1    | 2023-07-13 21:08:14,023 [28450ceb-79e2-40eb-9df1-503c49b15aa6-impl-thread1] INFO server.RaftServerConfigKeys: raft.server.log.purge.upto.snapshot.index = false (default)
scm1_1   | Running                        true
dn2_1    | 	at java.base/java.util.concurrent.Executors$RunnableAdapter.call(Executors.java:515)
dn2_1    | 	at java.base/java.util.concurrent.FutureTask.run(FutureTask.java:264)
dn2_1    | 	at java.base/java.util.concurrent.ThreadPoolExecutor.runWorker(ThreadPoolExecutor.java:1128)
om2_1    | 2023-07-13 21:08:21,593 [main] INFO metrics.MetricRegistries: Loaded MetricRegistries class org.apache.ratis.metrics.impl.MetricRegistriesImpl
recon_1  | 	at org.apache.hadoop.ipc.ProtobufRpcEngine2$Server$ProtoBufRpcInvoker.call(ProtobufRpcEngine2.java:556)
recon_1  | 	at org.apache.hadoop.ipc.RPC$Server.call(RPC.java:1093)
om1_1    | 2023-07-13 21:08:18,631 [main] INFO codec.OmKeyInfoCodec: OmKeyInfoCodec ignorePipeline = true
om1_1    | 2023-07-13 21:08:18,633 [main] INFO codec.RepeatedOmKeyInfoCodec: RepeatedOmKeyInfoCodec ignorePipeline = true
dn1_1    | 	at org.apache.hadoop.net.SocketIOWithTimeout.connect(SocketIOWithTimeout.java:205)
scm2_1   | 2023-07-13 21:08:02,584 [main] INFO server.RaftServer: efd5aac5-ab0a-4173-a1aa-62e19894a08f: addNew group-417DAC3D8A6B:[] returns group-417DAC3D8A6B:java.util.concurrent.CompletableFuture@47d7bfb3[Not completed]
scm2_1   | 2023-07-13 21:08:02,614 [pool-16-thread-1] INFO ha.SCMStateMachine: Updated lastAppliedTermIndex 3#66 with transactionInfo term andIndex
dn3_1    | 2023-07-13 21:08:14,031 [EndpointStateMachine task thread for scm2/10.9.0.15:9861 - 0 ] INFO server.RaftServer: 28450ceb-79e2-40eb-9df1-503c49b15aa6: start RPC server
scm1_1   | Container Balancer Configuration values:
dn2_1    | 	at java.base/java.util.concurrent.ThreadPoolExecutor$Worker.run(ThreadPoolExecutor.java:628)
dn2_1    | 	... 1 more
dn2_1    | 2023-07-13 21:07:57,647 [Datanode State Machine Daemon Thread] ERROR datanode.RunningDatanodeState: Error in executing end point task.
om2_1    | 2023-07-13 21:08:21,687 [main] WARN server.ServerUtils: Storage directory for Ratis is not configured. It is a good idea to map this to an SSD disk. Falling back to ozone.metadata.dirs
dn4_1    | 2023-07-13 21:08:00,825 [EndpointStateMachine task thread for scm1/10.9.0.14:9861 - 0 ] WARN statemachine.EndpointStateMachine: Unable to communicate to SCM server at scm1:9861 for past 0 seconds.
dn4_1    | java.net.SocketTimeoutException: Call From 11171ad1d339/10.9.0.20 to scm1:9861 failed on socket timeout exception: java.net.SocketTimeoutException: 5000 millis timeout while waiting for channel to be ready for read. ch : java.nio.channels.SocketChannel[connected local=/10.9.0.20:52772 remote=scm1/10.9.0.14:9861]; For more details see:  http://wiki.apache.org/hadoop/SocketTimeout
om1_1    | 2023-07-13 21:08:19,728 [main] INFO om.OzoneManager: S3 Multi-Tenancy is disabled
om1_1    | 2023-07-13 21:08:19,923 [main] WARN om.OzoneManager: Prepare marker file index 68 does not match DB prepare index 67. Writing DB index to prepare file and maintaining prepared state.
dn1_1    | 	at org.apache.hadoop.net.NetUtils.connect(NetUtils.java:586)
scm2_1   | 2023-07-13 21:08:02,615 [pool-16-thread-1] INFO server.RaftServer$Division: efd5aac5-ab0a-4173-a1aa-62e19894a08f: new RaftServerImpl for group-417DAC3D8A6B:[] with SCMStateMachine:uninitialized
scm2_1   | 2023-07-13 21:08:02,617 [pool-16-thread-1] INFO server.RaftServerConfigKeys: raft.server.rpc.timeout.min = 5000ms (custom)
dn3_1    | 2023-07-13 21:08:14,044 [EndpointStateMachine task thread for scm2/10.9.0.15:9861 - 0 ] INFO server.GrpcService: 28450ceb-79e2-40eb-9df1-503c49b15aa6: GrpcService started, listening on 9858
scm1_1   | Key                                                Value
om3_1    | 2023-07-13 21:08:24,981 [main] INFO server.RaftServerConfigKeys: raft.server.threadpool.proxy.size = 0 (default)
om2_1    | 2023-07-13 21:08:22,133 [main] INFO ratis.OzoneManagerRatisServer: Instantiating OM Ratis server with groupID: omservice and peers: om2:9872, om1:9872, om3:9872
recon_1  | 	at org.apache.hadoop.ipc.Server$RpcCall.run(Server.java:1043)
dn2_1    | java.util.concurrent.ExecutionException: java.util.concurrent.TimeoutException
dn4_1    | 	at java.base/jdk.internal.reflect.NativeConstructorAccessorImpl.newInstance0(Native Method)
dn4_1    | 	at java.base/jdk.internal.reflect.NativeConstructorAccessorImpl.newInstance(NativeConstructorAccessorImpl.java:62)
om1_1    | 2023-07-13 21:08:19,925 [main] INFO om.OzoneManagerPrepareState: Prepare marker file written with log index 67 to file /data/metadata/current/prepareMarker
om1_1    | 2023-07-13 21:08:20,097 [main] WARN server.ServerUtils: Storage directory for Ratis is not configured. It is a good idea to map this to an SSD disk. Falling back to ozone.metadata.dirs
dn1_1    | 	at org.apache.hadoop.ipc.Client$Connection.setupConnection(Client.java:711)
scm2_1   | 2023-07-13 21:08:02,618 [pool-16-thread-1] INFO server.RaftServerConfigKeys: raft.server.rpc.timeout.max = 5200ms (custom)
scm2_1   | 2023-07-13 21:08:02,619 [pool-16-thread-1] INFO server.RaftServerConfigKeys: raft.server.rpc.sleep.time = 25ms (default)
dn3_1    | 2023-07-13 21:08:14,045 [EndpointStateMachine task thread for scm2/10.9.0.15:9861 - 0 ] INFO server.GrpcService: 28450ceb-79e2-40eb-9df1-503c49b15aa6: GrpcService started, listening on 9856
scm1_1   | Threshold                                          10
om3_1    | 2023-07-13 21:08:24,981 [main] INFO server.RaftServerConfigKeys: raft.server.rpc.slowness.timeout = 120s (custom)
om2_1    | 2023-07-13 21:08:22,441 [main] INFO ratis.OzoneManagerStateMachine: LastAppliedIndex is set from TransactionInfo from OM DB as (t:3, i:68)
om2_1    | 2023-07-13 21:08:22,513 [Finalizer] WARN managed.ManagedRocksObjectUtils: ManagedColumnFamilyOptions is not closed properly
dn2_1    | 	at java.base/java.util.concurrent.FutureTask.report(FutureTask.java:122)
dn4_1    | 	at java.base/jdk.internal.reflect.DelegatingConstructorAccessorImpl.newInstance(DelegatingConstructorAccessorImpl.java:45)
dn4_1    | 	at java.base/java.lang.reflect.Constructor.newInstance(Constructor.java:490)
om1_1    | 2023-07-13 21:08:20,100 [main] WARN utils.OzoneManagerRatisUtils: ozone.om.ratis.snapshot.dir is not configured. Falling back to ozone.metadata.dirs config
om1_1    | 2023-07-13 21:08:20,228 [main] INFO snapshot.OzoneManagerSnapshotProvider: Initializing OM Snapshot Provider
dn1_1    | 	at org.apache.hadoop.ipc.Client$Connection.setupIOstreams(Client.java:833)
scm2_1   | 2023-07-13 21:08:02,620 [pool-16-thread-1] INFO server.RaftServerConfigKeys: raft.server.rpc.slowness.timeout = 120000ms (custom)
scm2_1   | 2023-07-13 21:08:02,620 [pool-16-thread-1] INFO server.RaftServerConfigKeys: raft.server.leaderelection.leader.step-down.wait-time = 10s (default)
dn3_1    | 2023-07-13 21:08:14,046 [EndpointStateMachine task thread for scm2/10.9.0.15:9861 - 0 ] INFO server.GrpcService: 28450ceb-79e2-40eb-9df1-503c49b15aa6: GrpcService started, listening on 9857
scm1_1   | Max Datanodes to Involve per Iteration(percent)    20
om3_1    | 2023-07-13 21:08:24,982 [main] INFO server.RaftServerConfigKeys: raft.server.leaderelection.leader.step-down.wait-time = 10s (default)
recon_1  | 	at org.apache.hadoop.ipc.Server$RpcCall.run(Server.java:971)
om2_1    | 2023-07-13 21:08:22,514 [Finalizer] WARN managed.ManagedRocksObjectUtils: ManagedColumnFamilyOptions is not closed properly
dn2_1    | 	at java.base/java.util.concurrent.FutureTask.get(FutureTask.java:191)
dn4_1    | 	at org.apache.hadoop.net.NetUtils.wrapWithMessage(NetUtils.java:913)
dn4_1    | 	at org.apache.hadoop.net.NetUtils.wrapException(NetUtils.java:848)
om1_1    | 2023-07-13 21:08:21,836 [Finalizer] WARN managed.ManagedRocksObjectUtils: ManagedColumnFamilyOptions is not closed properly
om1_1    | 2023-07-13 21:08:21,850 [Finalizer] WARN managed.ManagedRocksObjectUtils: ManagedColumnFamilyOptions is not closed properly
dn1_1    | 	at org.apache.hadoop.ipc.Client$Connection.access$3800(Client.java:414)
scm2_1   | 2023-07-13 21:08:02,621 [pool-16-thread-1] INFO server.RaftServerConfigKeys: raft.server.sleep.deviation.threshold = 300ms (default)
scm2_1   | 2023-07-13 21:08:02,630 [pool-16-thread-1] INFO server.RaftServer$Division: efd5aac5-ab0a-4173-a1aa-62e19894a08f@group-417DAC3D8A6B: ConfigurationManager, init=-1: peers:[]|listeners:[], old=null, confs=<EMPTY_MAP>
dn3_1    | 2023-07-13 21:08:14,063 [EndpointStateMachine task thread for scm2/10.9.0.15:9861 - 0 ] INFO ratis.XceiverServerRatis: XceiverServerRatis 28450ceb-79e2-40eb-9df1-503c49b15aa6 is started using port 9858 for RATIS
scm1_1   | Max Size to Move per Iteration                     500GB
om3_1    | 2023-07-13 21:08:25,010 [main] INFO server.RaftServerConfigKeys: raft.server.storage.dir = [/data/metadata/ratis] (custom)
recon_1  | 	at java.base/java.security.AccessController.doPrivileged(Native Method)
om2_1    | 2023-07-13 21:08:23,218 [main] INFO server.RaftServer: raft.rpc.type = GRPC (default)
dn2_1    | 	at org.apache.hadoop.ozone.container.common.states.datanode.RunningDatanodeState.computeNextContainerState(RunningDatanodeState.java:199)
dn4_1    | 	at org.apache.hadoop.ipc.Client.getRpcResponse(Client.java:1616)
dn4_1    | 	at org.apache.hadoop.ipc.Client.call(Client.java:1558)
om1_1    | 2023-07-13 21:08:21,850 [main] INFO metrics.MetricRegistries: Loaded MetricRegistries class org.apache.ratis.metrics.impl.MetricRegistriesImpl
om1_1    | 2023-07-13 21:08:21,944 [main] WARN server.ServerUtils: Storage directory for Ratis is not configured. It is a good idea to map this to an SSD disk. Falling back to ozone.metadata.dirs
dn1_1    | 	at org.apache.hadoop.ipc.Client.getConnection(Client.java:1677)
scm2_1   | 2023-07-13 21:08:02,634 [pool-16-thread-1] INFO server.RaftServerConfigKeys: raft.server.storage.dir = [/data/metadata/scm-ha] (custom)
scm2_1   | 2023-07-13 21:08:02,638 [pool-16-thread-1] INFO server.RaftServerConfigKeys: raft.server.log.corruption.policy = EXCEPTION (default)
dn3_1    | 2023-07-13 21:08:14,063 [EndpointStateMachine task thread for scm2/10.9.0.15:9861 - 0 ] INFO ratis.XceiverServerRatis: XceiverServerRatis 28450ceb-79e2-40eb-9df1-503c49b15aa6 is started using port 9857 for RATIS_ADMIN
scm1_1   | Max Size Entering Target per Iteration             26GB
om3_1    | 2023-07-13 21:08:25,031 [om3-impl-thread1] INFO server.RaftServer: om3: found a subdirectory /data/metadata/ratis/5cb24680-b9e7-3c90-a862-d66704efc61c
recon_1  | 	at java.base/javax.security.auth.Subject.doAs(Subject.java:423)
om2_1    | 2023-07-13 21:08:24,116 [main] INFO grpc.GrpcConfigKeys: raft.grpc.admin.host = null (fallback to raft.grpc.server.host)
dn2_1    | 	at org.apache.hadoop.ozone.container.common.states.datanode.RunningDatanodeState.await(RunningDatanodeState.java:239)
dn4_1    | 	at org.apache.hadoop.ipc.Client.call(Client.java:1455)
scm3_1   | 2023-07-13 21:08:17,472 [pool-16-thread-1] INFO server.RaftServer$Division: 9f7177a3-8bd2-4075-bddd-4529f6496d52@group-417DAC3D8A6B: ConfigurationManager, init=-1: peers:[]|listeners:[], old=null, confs=<EMPTY_MAP>
dn1_1    | 	at org.apache.hadoop.ipc.Client.call(Client.java:1502)
scm2_1   | 2023-07-13 21:08:02,639 [pool-16-thread-1] INFO server.RaftServerConfigKeys: raft.server.storage.free-space.min = 0MB (=0) (default)
scm2_1   | 2023-07-13 21:08:02,673 [pool-16-thread-1] INFO server.RaftServerConfigKeys: raft.server.notification.no-leader.timeout = 60s (default)
dn3_1    | 2023-07-13 21:08:14,063 [EndpointStateMachine task thread for scm2/10.9.0.15:9861 - 0 ] INFO ratis.XceiverServerRatis: XceiverServerRatis 28450ceb-79e2-40eb-9df1-503c49b15aa6 is started using port 9856 for RATIS_SERVER
dn5_1    | 2023-07-13 21:07:48,075 [main] INFO server.session: No SessionScavenger set, using defaults
om3_1    | 2023-07-13 21:08:25,043 [main] INFO server.RaftServer: om3: addNew group-D66704EFC61C:[om1|rpc:om1:9872|priority:0|startupRole:FOLLOWER, om3|rpc:om3:9872|priority:0|startupRole:FOLLOWER, om2|rpc:om2:9872|priority:0|startupRole:FOLLOWER] returns group-D66704EFC61C:java.util.concurrent.CompletableFuture@184823ed[Not completed]
recon_1  | 	at org.apache.hadoop.security.UserGroupInformation.doAs(UserGroupInformation.java:1878)
om2_1    | 2023-07-13 21:08:24,130 [main] INFO grpc.GrpcConfigKeys: raft.grpc.admin.port = 9872 (fallback to raft.grpc.server.port)
dn2_1    | 	at org.apache.hadoop.ozone.container.common.states.datanode.RunningDatanodeState.await(RunningDatanodeState.java:50)
om1_1    | 2023-07-13 21:08:22,327 [main] INFO ratis.OzoneManagerRatisServer: Instantiating OM Ratis server with groupID: omservice and peers: om1:9872, om3:9872, om2:9872
dn4_1    | 	at org.apache.hadoop.ipc.ProtobufRpcEngine$Invoker.invoke(ProtobufRpcEngine.java:235)
scm3_1   | 2023-07-13 21:08:17,472 [pool-16-thread-1] INFO server.RaftServerConfigKeys: raft.server.storage.dir = [/data/metadata/scm-ha] (custom)
dn1_1    | 	... 12 more
dn1_1    | 2023-07-13 21:08:10,803 [EndpointStateMachine task thread for scm3/10.9.0.16:9861 - 0 ] INFO ipc.Client: Retrying connect to server: scm3/10.9.0.16:9861. Already tried 0 time(s); retry policy is RetryUpToMaximumCountWithFixedSleep(maxRetries=15, sleepTime=1000 MILLISECONDS)
scm1_1   | Max Size Leaving Source per Iteration              26GB
scm2_1   | 2023-07-13 21:08:02,687 [pool-16-thread-1] INFO server.RaftServerConfigKeys: raft.server.retrycache.expirytime = 60000ms (default)
dn5_1    | 2023-07-13 21:07:48,175 [main] INFO server.session: node0 Scavenging every 660000ms
om3_1    | 2023-07-13 21:08:25,045 [main] INFO om.OzoneManager: OzoneManager Ratis server initialized at port 9872
recon_1  | 	at org.apache.hadoop.ipc.Server$Handler.run(Server.java:2976)
om2_1    | 2023-07-13 21:08:24,131 [main] INFO grpc.GrpcConfigKeys: raft.grpc.client.host = null (fallback to raft.grpc.server.host)
dn2_1    | 	at org.apache.hadoop.ozone.container.common.statemachine.StateContext.execute(StateContext.java:660)
om1_1    | 2023-07-13 21:08:22,423 [main] INFO ratis.OzoneManagerStateMachine: LastAppliedIndex is set from TransactionInfo from OM DB as (t:3, i:68)
om1_1    | 2023-07-13 21:08:23,039 [main] INFO server.RaftServer: raft.rpc.type = GRPC (default)
om1_1    | 2023-07-13 21:08:23,465 [main] INFO grpc.GrpcConfigKeys: raft.grpc.admin.host = null (fallback to raft.grpc.server.host)
scm3_1   | 2023-07-13 21:08:17,508 [pool-16-thread-1] INFO server.RaftServerConfigKeys: raft.server.log.corruption.policy = EXCEPTION (default)
dn1_1    | 2023-07-13 21:08:11,785 [EndpointStateMachine task thread for scm2/10.9.0.15:9861 - 0 ] INFO ozoneimpl.OzoneContainer: Attempting to start container services.
dn1_1    | 2023-07-13 21:08:11,787 [EndpointStateMachine task thread for scm2/10.9.0.15:9861 - 0 ] INFO ozoneimpl.OzoneContainer: Background container scanner has been disabled.
scm1_1   | 
scm2_1   | 2023-07-13 21:08:02,688 [pool-16-thread-1] INFO server.RaftServerConfigKeys: raft.server.retrycache.statistics.expirytime = 100?s (default)
dn5_1    | 2023-07-13 21:07:48,339 [main] INFO handler.ContextHandler: Started o.e.j.s.ServletContextHandler@29013ef2{logs,/logs,file:///var/log/hadoop/,AVAILABLE}
om3_1    | 2023-07-13 21:08:25,160 [main] INFO om.OzoneManager: Creating RPC Server
recon_1  | , while invoking $Proxy43.submitRequest over nodeId=scm1,nodeAddress=scm1/10.9.0.14:9860 after 3 failover attempts. Trying to failover after sleeping for 2000ms.
om2_1    | 2023-07-13 21:08:24,132 [main] INFO grpc.GrpcConfigKeys: raft.grpc.client.port = 9872 (fallback to raft.grpc.server.port)
dn2_1    | 	at org.apache.hadoop.ozone.container.common.statemachine.DatanodeStateMachine.startStateMachineThread(DatanodeStateMachine.java:298)
om1_1    | 2023-07-13 21:08:23,485 [main] INFO grpc.GrpcConfigKeys: raft.grpc.admin.port = 9872 (fallback to raft.grpc.server.port)
om1_1    | 2023-07-13 21:08:23,490 [main] INFO grpc.GrpcConfigKeys: raft.grpc.client.host = null (fallback to raft.grpc.server.host)
om1_1    | 2023-07-13 21:08:23,494 [main] INFO grpc.GrpcConfigKeys: raft.grpc.client.port = 9872 (fallback to raft.grpc.server.port)
scm3_1   | 2023-07-13 21:08:17,511 [pool-16-thread-1] INFO server.RaftServerConfigKeys: raft.server.storage.free-space.min = 0MB (=0) (default)
dn1_1    | 2023-07-13 21:08:11,811 [EndpointStateMachine task thread for scm3/10.9.0.16:9861 - 0 ] INFO ipc.Client: Retrying connect to server: scm3/10.9.0.16:9861. Already tried 1 time(s); retry policy is RetryUpToMaximumCountWithFixedSleep(maxRetries=15, sleepTime=1000 MILLISECONDS)
dn1_1    | 2023-07-13 21:08:12,303 [EndpointStateMachine task thread for scm2/10.9.0.15:9861 - 0 ] INFO ratis.XceiverServerRatis: Starting XceiverServerRatis 0b8dffe5-0e51-40c3-8392-c67c149a7a94
scm1_1   | 2023-07-13 21:07:49,282 [Listener at 0.0.0.0/9860] WARN events.EventQueue: No event handler registered for event TypedEvent{payloadType=SafeModeStatus, name='Safe mode status'}
scm2_1   | 2023-07-13 21:08:03,108 [pool-16-thread-1] INFO server.RaftServerConfigKeys: raft.server.log.appender.install.snapshot.enabled = false (custom)
dn5_1    | 2023-07-13 21:07:48,348 [main] INFO handler.ContextHandler: Started o.e.j.s.ServletContextHandler@1e30db85{static,/static,jar:file:/opt/hadoop/share/ozone/lib/hdds-container-service-1.3.0.jar!/webapps/static,AVAILABLE}
om3_1    | 2023-07-13 21:08:25,269 [pool-26-thread-1] INFO server.RaftServer$Division: om3: new RaftServerImpl for group-D66704EFC61C:[om1|rpc:om1:9872|priority:0|startupRole:FOLLOWER, om3|rpc:om3:9872|priority:0|startupRole:FOLLOWER, om2|rpc:om2:9872|priority:0|startupRole:FOLLOWER] with OzoneManagerStateMachine:uninitialized
recon_1  | 2023-07-13 21:08:11,507 [Listener at 0.0.0.0/9891] INFO retry.RetryInvocationHandler: com.google.protobuf.ServiceException: org.apache.hadoop.ipc.RemoteException(org.apache.hadoop.hdds.ratis.ServerNotLeaderException): Server:efd5aac5-ab0a-4173-a1aa-62e19894a08f is not the leader. Suggested leader is Server:scm1:9860.
recon_1  | 	at org.apache.hadoop.hdds.ratis.ServerNotLeaderException.convertToNotLeaderException(ServerNotLeaderException.java:106)
dn2_1    | 	at org.apache.hadoop.ozone.container.common.statemachine.DatanodeStateMachine.lambda$startDaemon$0(DatanodeStateMachine.java:493)
om1_1    | 2023-07-13 21:08:23,496 [main] INFO grpc.GrpcConfigKeys: raft.grpc.server.host = null (default)
scm3_1   | 2023-07-13 21:08:17,642 [pool-16-thread-1] INFO server.RaftServerConfigKeys: raft.server.notification.no-leader.timeout = 60s (default)
dn1_1    | 2023-07-13 21:08:12,467 [0b8dffe5-0e51-40c3-8392-c67c149a7a94-impl-thread1] INFO storage.RaftStorageDirectory: Lock on /data/metadata/ratis/90e451d9-3fda-4765-9cb1-30a938f691d6/in_use.lock acquired by nodename 7@9ca4d3758450
dn1_1    | 2023-07-13 21:08:12,476 [Datanode State Machine Daemon Thread] ERROR datanode.RunningDatanodeState: Error in executing end point task.
scm1_1   | 2023-07-13 21:07:49,291 [Listener at 0.0.0.0/9860] INFO ha.SCMContext: Update SafeModeStatus from SafeModeStatus{safeModeStatus=true, preCheckPassed=false} to SafeModeStatus{safeModeStatus=true, preCheckPassed=false}.
scm2_1   | 2023-07-13 21:08:03,114 [pool-16-thread-1] INFO server.RaftServerConfigKeys: raft.server.threadpool.server.cached = true (default)
scm2_1   | 2023-07-13 21:08:03,118 [pool-16-thread-1] INFO server.RaftServerConfigKeys: raft.server.threadpool.server.size = 0 (default)
om3_1    | 2023-07-13 21:08:25,420 [pool-26-thread-1] INFO server.RaftServerConfigKeys: raft.server.rpc.timeout.min = 5s (custom)
recon_1  | 	at org.apache.hadoop.hdds.scm.ha.RatisUtil.checkRatisException(RatisUtil.java:246)
om2_1    | 2023-07-13 21:08:24,132 [main] INFO grpc.GrpcConfigKeys: raft.grpc.server.host = null (default)
dn2_1    | 	at java.base/java.lang.Thread.run(Thread.java:829)
om1_1    | 2023-07-13 21:08:23,496 [main] INFO grpc.GrpcConfigKeys: raft.grpc.server.port = 9872 (custom)
om1_1    | 2023-07-13 21:08:23,497 [main] INFO server.GrpcService: raft.grpc.message.size.max = 33554432 (custom)
om1_1    | 2023-07-13 21:08:23,501 [main] INFO server.RaftServerConfigKeys: raft.server.log.appender.buffer.byte-limit = 33554432 (custom)
dn1_1    | java.util.concurrent.ExecutionException: java.util.concurrent.TimeoutException
dn3_1    | 2023-07-13 21:08:14,082 [JvmPauseMonitor0] INFO util.JvmPauseMonitor: JvmPauseMonitor-28450ceb-79e2-40eb-9df1-503c49b15aa6: Started
scm3_1   | 2023-07-13 21:08:17,672 [pool-16-thread-1] INFO server.RaftServerConfigKeys: raft.server.retrycache.expirytime = 60000ms (default)
scm1_1   | 2023-07-13 21:07:49,376 [Listener at 0.0.0.0/9860] INFO server.StorageContainerManager: StorageContainerLocationProtocol RPC server is listening at /0.0.0.0:9860
scm2_1   | 2023-07-13 21:08:03,119 [pool-16-thread-1] INFO server.RaftServerConfigKeys: raft.server.threadpool.client.cached = true (default)
scm2_1   | 2023-07-13 21:08:03,120 [pool-16-thread-1] INFO server.RaftServerConfigKeys: raft.server.threadpool.client.size = 0 (default)
om3_1    | 2023-07-13 21:08:25,422 [pool-26-thread-1] INFO server.RaftServerConfigKeys: raft.server.rpc.timeout.max = 5200ms (custom)
recon_1  | 	at org.apache.hadoop.hdds.scm.protocol.StorageContainerLocationProtocolServerSideTranslatorPB.submitRequest(StorageContainerLocationProtocolServerSideTranslatorPB.java:193)
om2_1    | 2023-07-13 21:08:24,142 [main] INFO grpc.GrpcConfigKeys: raft.grpc.server.port = 9872 (custom)
dn2_1    | Caused by: java.util.concurrent.TimeoutException
om1_1    | 2023-07-13 21:08:23,512 [main] INFO server.GrpcService: raft.grpc.flow.control.window = 1MB (=1048576) (default)
om1_1    | 2023-07-13 21:08:23,525 [main] INFO server.RaftServerConfigKeys: raft.server.rpc.request.timeout = 3000ms (default)
om1_1    | 2023-07-13 21:08:23,549 [main] INFO grpc.GrpcConfigKeys: raft.grpc.server.heartbeat.channel = true (default)
dn1_1    | 	at java.base/java.util.concurrent.FutureTask.report(FutureTask.java:122)
dn3_1    | 2023-07-13 21:08:14,088 [EndpointStateMachine task thread for scm1/10.9.0.14:9861 - 0 ] INFO ozoneimpl.OzoneContainer: Ignore. OzoneContainer already started.
scm3_1   | 2023-07-13 21:08:17,708 [pool-16-thread-1] INFO server.RaftServerConfigKeys: raft.server.retrycache.statistics.expirytime = 100?s (default)
scm1_1   | 2023-07-13 21:07:49,479 [Listener at 0.0.0.0/9860] INFO ha.SCMRatisServerImpl: starting ratis server 0.0.0.0:9894
scm2_1   | 2023-07-13 21:08:03,123 [main] INFO ha.SCMSnapshotProvider: Initializing SCM Snapshot Provider
scm2_1   | 2023-07-13 21:08:03,123 [main] WARN server.ServerUtils: Storage directory for Ratis is not configured. It is a good idea to map this to an SSD disk. Falling back to ozone.metadata.dirs
om3_1    | 2023-07-13 21:08:25,422 [pool-26-thread-1] INFO server.RaftServerConfigKeys: raft.server.rpc.sleep.time = 25ms (default)
recon_1  | 	at org.apache.hadoop.hdds.protocol.proto.StorageContainerLocationProtocolProtos$StorageContainerLocationProtocolService$2.callBlockingMethod(StorageContainerLocationProtocolProtos.java:62732)
om2_1    | 2023-07-13 21:08:24,145 [main] INFO server.GrpcService: raft.grpc.message.size.max = 33554432 (custom)
dn2_1    | 	at java.base/java.util.concurrent.FutureTask.get(FutureTask.java:204)
om1_1    | 2023-07-13 21:08:23,591 [main] INFO grpc.GrpcConfigKeys: raft.grpc.server.async.request.thread.pool.cached = true (default)
om1_1    | 2023-07-13 21:08:23,592 [main] INFO grpc.GrpcConfigKeys: raft.grpc.server.async.request.thread.pool.size = 32 (default)
om1_1    | 2023-07-13 21:08:25,273 [main] INFO impl.DataStreamServerImpl: raft.datastream.type = DISABLED (default)
om1_1    | 2023-07-13 21:08:25,303 [main] INFO server.RaftServerConfigKeys: raft.server.threadpool.proxy.cached = true (default)
om1_1    | 2023-07-13 21:08:25,314 [main] INFO server.RaftServerConfigKeys: raft.server.threadpool.proxy.size = 0 (default)
scm3_1   | 2023-07-13 21:08:19,304 [pool-16-thread-1] INFO server.RaftServerConfigKeys: raft.server.log.appender.install.snapshot.enabled = false (custom)
scm1_1   | 2023-07-13 21:07:49,518 [7f1f6a28-c3a5-4eee-acbf-242f734b4471-impl-thread1] INFO storage.RaftStorageDirectory: Lock on /data/metadata/scm-ha/f577a72a-b960-48e2-accb-417dac3d8a6b/in_use.lock acquired by nodename 6@2f27e839d3e7
scm2_1   | 2023-07-13 21:08:03,124 [main] WARN ha.SCMHAUtils: SCM snapshot dir is not configured. Falling back to ozone.metadata.dirs config
scm2_1   | 2023-07-13 21:08:03,148 [main] INFO upgrade.AbstractLayoutVersionManager: Initializing Layout version manager with metadata layout = DATANODE_SCHEMA_V3 (version = 4), software layout = DATANODE_SCHEMA_V3 (version = 4)
om3_1    | 2023-07-13 21:08:25,422 [pool-26-thread-1] INFO server.RaftServerConfigKeys: raft.server.rpc.slowness.timeout = 120s (custom)
recon_1  | 	at org.apache.hadoop.ipc.ProtobufRpcEngine$Server.processCall(ProtobufRpcEngine.java:465)
om2_1    | 2023-07-13 21:08:24,179 [main] INFO server.RaftServerConfigKeys: raft.server.log.appender.buffer.byte-limit = 33554432 (custom)
dn2_1    | 	at org.apache.hadoop.ozone.container.common.states.datanode.RunningDatanodeState.lambda$execute$0(RunningDatanodeState.java:157)
om1_1    | 2023-07-13 21:08:25,315 [main] INFO server.RaftServerConfigKeys: raft.server.rpc.slowness.timeout = 120s (custom)
dn1_1    | 	at java.base/java.util.concurrent.FutureTask.get(FutureTask.java:191)
om1_1    | 2023-07-13 21:08:25,315 [main] INFO server.RaftServerConfigKeys: raft.server.leaderelection.leader.step-down.wait-time = 10s (default)
dn4_1    | 	at org.apache.hadoop.ipc.ProtobufRpcEngine$Invoker.invoke(ProtobufRpcEngine.java:122)
scm3_1   | 2023-07-13 21:08:19,319 [pool-16-thread-1] INFO server.RaftServerConfigKeys: raft.server.threadpool.server.cached = true (default)
scm3_1   | 2023-07-13 21:08:19,353 [pool-16-thread-1] INFO server.RaftServerConfigKeys: raft.server.threadpool.server.size = 0 (default)
dn5_1    | 2023-07-13 21:07:52,902 [main] INFO handler.ContextHandler: Started o.e.j.w.WebAppContext@216c22ce{hddsDatanode,/,file:///tmp/jetty-0_0_0_0-9882-hdds-container-service-1_3_0_jar-_-any-6679865156178505327/webapp/,AVAILABLE}{jar:file:/opt/hadoop/share/ozone/lib/hdds-container-service-1.3.0.jar!/webapps/hddsDatanode}
