scm1_1   | 2023-07-13 21:07:49,549 [7f1f6a28-c3a5-4eee-acbf-242f734b4471-impl-thread1] INFO storage.RaftStorage: Read RaftStorageMetadata{term=3, votedFor=7f1f6a28-c3a5-4eee-acbf-242f734b4471} from /data/metadata/scm-ha/f577a72a-b960-48e2-accb-417dac3d8a6b/current/raft-meta
scm1_1   | 2023-07-13 21:07:50,045 [7f1f6a28-c3a5-4eee-acbf-242f734b4471-impl-thread1] INFO server.RaftServer$Division: 7f1f6a28-c3a5-4eee-acbf-242f734b4471@group-417DAC3D8A6B: set configuration 49: peers:[9f7177a3-8bd2-4075-bddd-4529f6496d52|rpc:scm3:9894|admin:|client:|dataStream:|priority:0|startupRole:FOLLOWER, efd5aac5-ab0a-4173-a1aa-62e19894a08f|rpc:scm2:9894|admin:|client:|dataStream:|priority:0|startupRole:FOLLOWER, 7f1f6a28-c3a5-4eee-acbf-242f734b4471|rpc:scm1:9894|admin:|client:|dataStream:|priority:0|startupRole:FOLLOWER]|listeners:[], old=null
recon_1  | 	at org.apache.hadoop.ipc.ProtobufRpcEngine2$Server$ProtoBufRpcInvoker.call(ProtobufRpcEngine2.java:578)
om2_1    | 2023-07-13 21:08:24,180 [main] INFO server.GrpcService: raft.grpc.flow.control.window = 1MB (=1048576) (default)
dn2_1    | 	at java.base/java.util.concurrent.FutureTask.run(FutureTask.java:264)
dn3_1    | 2023-07-13 21:08:14,845 [EndpointStateMachine task thread for scm3/10.9.0.16:9861 - 0 ] INFO ipc.Client: Retrying connect to server: scm3/10.9.0.16:9861. Already tried 4 time(s); retry policy is RetryUpToMaximumCountWithFixedSleep(maxRetries=15, sleepTime=1000 MILLISECONDS)
dn1_1    | 	at org.apache.hadoop.ozone.container.common.states.datanode.RunningDatanodeState.computeNextContainerState(RunningDatanodeState.java:199)
om1_1    | 2023-07-13 21:08:25,342 [main] INFO server.RaftServerConfigKeys: raft.server.storage.dir = [/data/metadata/ratis] (custom)
dn4_1    | 	at com.sun.proxy.$Proxy38.submitRequest(Unknown Source)
scm3_1   | 2023-07-13 21:08:19,355 [pool-16-thread-1] INFO server.RaftServerConfigKeys: raft.server.threadpool.client.cached = true (default)
scm2_1   | 2023-07-13 21:08:03,466 [main] INFO reflections.Reflections: Reflections took 272 ms to scan 3 urls, producing 112 keys and 252 values 
dn5_1    | 2023-07-13 21:07:52,986 [main] INFO server.AbstractConnector: Started ServerConnector@590d6c76{HTTP/1.1, (http/1.1)}{0.0.0.0:9882}
scm1_1   | 2023-07-13 21:07:50,110 [7f1f6a28-c3a5-4eee-acbf-242f734b4471-impl-thread1] INFO server.RaftServerConfigKeys: raft.server.log.use.memory = false (default)
scm1_1   | 2023-07-13 21:07:50,248 [7f1f6a28-c3a5-4eee-acbf-242f734b4471-impl-thread1] INFO server.RaftServerConfigKeys: raft.server.log.purge.gap = 1000000 (custom)
recon_1  | 	at org.apache.hadoop.ipc.ProtobufRpcEngine2$Server$ProtoBufRpcInvoker.call(ProtobufRpcEngine2.java:556)
om2_1    | 2023-07-13 21:08:24,187 [main] INFO server.RaftServerConfigKeys: raft.server.rpc.request.timeout = 3000ms (default)
om2_1    | 2023-07-13 21:08:24,324 [main] INFO grpc.GrpcConfigKeys: raft.grpc.server.heartbeat.channel = true (default)
om2_1    | 2023-07-13 21:08:24,383 [main] INFO grpc.GrpcConfigKeys: raft.grpc.server.async.request.thread.pool.cached = true (default)
om2_1    | 2023-07-13 21:08:24,384 [main] INFO grpc.GrpcConfigKeys: raft.grpc.server.async.request.thread.pool.size = 32 (default)
dn1_1    | 	at org.apache.hadoop.ozone.container.common.states.datanode.RunningDatanodeState.await(RunningDatanodeState.java:239)
dn5_1    | 2023-07-13 21:07:52,988 [main] INFO server.Server: Started @63775ms
dn2_1    | 	at java.base/java.util.concurrent.Executors$RunnableAdapter.call(Executors.java:515)
dn2_1    | 	at java.base/java.util.concurrent.FutureTask.run(FutureTask.java:264)
dn2_1    | 	at java.base/java.util.concurrent.ThreadPoolExecutor.runWorker(ThreadPoolExecutor.java:1128)
om2_1    | 2023-07-13 21:08:26,040 [main] INFO impl.DataStreamServerImpl: raft.datastream.type = DISABLED (default)
om2_1    | 2023-07-13 21:08:26,059 [main] INFO server.RaftServerConfigKeys: raft.server.threadpool.proxy.cached = true (default)
om2_1    | 2023-07-13 21:08:26,071 [main] INFO server.RaftServerConfigKeys: raft.server.threadpool.proxy.size = 0 (default)
om2_1    | 2023-07-13 21:08:26,071 [main] INFO server.RaftServerConfigKeys: raft.server.rpc.slowness.timeout = 120s (custom)
dn5_1    | 2023-07-13 21:07:53,023 [main] INFO impl.MetricsSinkAdapter: Sink prometheus started
dn1_1    | 	at org.apache.hadoop.ozone.container.common.states.datanode.RunningDatanodeState.await(RunningDatanodeState.java:50)
om1_1    | 2023-07-13 21:08:25,365 [om1-impl-thread1] INFO server.RaftServer: om1: found a subdirectory /data/metadata/ratis/5cb24680-b9e7-3c90-a862-d66704efc61c
om1_1    | 2023-07-13 21:08:25,386 [main] INFO server.RaftServer: om1: addNew group-D66704EFC61C:[om1|rpc:om1:9872|priority:0|startupRole:FOLLOWER, om3|rpc:om3:9872|priority:0|startupRole:FOLLOWER, om2|rpc:om2:9872|priority:0|startupRole:FOLLOWER] returns group-D66704EFC61C:java.util.concurrent.CompletableFuture@413d2cd1[Not completed]
om2_1    | 2023-07-13 21:08:26,072 [main] INFO server.RaftServerConfigKeys: raft.server.leaderelection.leader.step-down.wait-time = 10s (default)
om1_1    | 2023-07-13 21:08:25,386 [main] INFO om.OzoneManager: OzoneManager Ratis server initialized at port 9872
dn1_1    | 	at org.apache.hadoop.ozone.container.common.statemachine.StateContext.execute(StateContext.java:660)
dn1_1    | 	at org.apache.hadoop.ozone.container.common.statemachine.DatanodeStateMachine.startStateMachineThread(DatanodeStateMachine.java:298)
dn1_1    | 	at org.apache.hadoop.ozone.container.common.statemachine.DatanodeStateMachine.lambda$startDaemon$0(DatanodeStateMachine.java:493)
dn1_1    | 	at java.base/java.lang.Thread.run(Thread.java:829)
dn1_1    | Caused by: java.util.concurrent.TimeoutException
dn3_1    | 2023-07-13 21:08:15,846 [EndpointStateMachine task thread for scm3/10.9.0.16:9861 - 0 ] INFO ipc.Client: Retrying connect to server: scm3/10.9.0.16:9861. Already tried 5 time(s); retry policy is RetryUpToMaximumCountWithFixedSleep(maxRetries=15, sleepTime=1000 MILLISECONDS)
dn3_1    | 2023-07-13 21:08:16,688 [Datanode State Machine Daemon Thread] ERROR datanode.RunningDatanodeState: Error in executing end point task.
dn3_1    | java.util.concurrent.ExecutionException: java.util.concurrent.TimeoutException
dn4_1    | 	at org.apache.hadoop.ozone.protocolPB.StorageContainerDatanodeProtocolClientSideTranslatorPB.submitRequest(StorageContainerDatanodeProtocolClientSideTranslatorPB.java:117)
recon_1  | 	at org.apache.hadoop.ipc.RPC$Server.call(RPC.java:1093)
om2_1    | 2023-07-13 21:08:26,123 [main] INFO server.RaftServerConfigKeys: raft.server.storage.dir = [/data/metadata/ratis] (custom)
dn1_1    | 	at java.base/java.util.concurrent.FutureTask.get(FutureTask.java:204)
dn1_1    | 	at org.apache.hadoop.ozone.container.common.states.datanode.RunningDatanodeState.lambda$execute$0(RunningDatanodeState.java:157)
dn1_1    | 	at java.base/java.util.concurrent.FutureTask.run(FutureTask.java:264)
dn1_1    | 	at java.base/java.util.concurrent.Executors$RunnableAdapter.call(Executors.java:515)
dn1_1    | 	at java.base/java.util.concurrent.FutureTask.run(FutureTask.java:264)
dn3_1    | 	at java.base/java.util.concurrent.FutureTask.report(FutureTask.java:122)
dn3_1    | 	at java.base/java.util.concurrent.FutureTask.get(FutureTask.java:191)
dn3_1    | 	at org.apache.hadoop.ozone.container.common.states.datanode.RunningDatanodeState.computeNextContainerState(RunningDatanodeState.java:199)
dn4_1    | 	at org.apache.hadoop.ozone.protocolPB.StorageContainerDatanodeProtocolClientSideTranslatorPB.getVersion(StorageContainerDatanodeProtocolClientSideTranslatorPB.java:133)
recon_1  | 	at org.apache.hadoop.ipc.Server$RpcCall.run(Server.java:1043)
om2_1    | 2023-07-13 21:08:26,160 [om2-impl-thread1] INFO server.RaftServer: om2: found a subdirectory /data/metadata/ratis/5cb24680-b9e7-3c90-a862-d66704efc61c
dn1_1    | 	at java.base/java.util.concurrent.ThreadPoolExecutor.runWorker(ThreadPoolExecutor.java:1128)
dn1_1    | 	at java.base/java.util.concurrent.ThreadPoolExecutor$Worker.run(ThreadPoolExecutor.java:628)
dn1_1    | 	... 1 more
dn1_1    | 2023-07-13 21:08:12,484 [0b8dffe5-0e51-40c3-8392-c67c149a7a94-impl-thread1] INFO storage.RaftStorage: Read RaftStorageMetadata{term=2, votedFor=0b8dffe5-0e51-40c3-8392-c67c149a7a94} from /data/metadata/ratis/90e451d9-3fda-4765-9cb1-30a938f691d6/current/raft-meta
dn1_1    | 2023-07-13 21:08:12,727 [0b8dffe5-0e51-40c3-8392-c67c149a7a94-impl-thread1] INFO server.RaftServer$Division: 0b8dffe5-0e51-40c3-8392-c67c149a7a94@group-30A938F691D6: set configuration 1: peers:[0b8dffe5-0e51-40c3-8392-c67c149a7a94|rpc:10.9.0.17:9856|admin:10.9.0.17:9857|client:10.9.0.17:9858|dataStream:|priority:1|startupRole:FOLLOWER]|listeners:[], old=null
dn3_1    | 	at org.apache.hadoop.ozone.container.common.states.datanode.RunningDatanodeState.await(RunningDatanodeState.java:239)
dn3_1    | 	at org.apache.hadoop.ozone.container.common.states.datanode.RunningDatanodeState.await(RunningDatanodeState.java:50)
dn3_1    | 	at org.apache.hadoop.ozone.container.common.statemachine.StateContext.execute(StateContext.java:660)
dn4_1    | 	at org.apache.hadoop.ozone.container.common.states.endpoint.VersionEndpointTask.call(VersionEndpointTask.java:69)
recon_1  | 	at org.apache.hadoop.ipc.Server$RpcCall.run(Server.java:971)
om2_1    | 2023-07-13 21:08:26,204 [main] INFO server.RaftServer: om2: addNew group-D66704EFC61C:[om1|rpc:om1:9872|priority:0|startupRole:FOLLOWER, om3|rpc:om3:9872|priority:0|startupRole:FOLLOWER, om2|rpc:om2:9872|priority:0|startupRole:FOLLOWER] returns group-D66704EFC61C:java.util.concurrent.CompletableFuture@2bb62414[Not completed]
dn1_1    | 2023-07-13 21:08:12,814 [EndpointStateMachine task thread for scm3/10.9.0.16:9861 - 0 ] INFO ipc.Client: Retrying connect to server: scm3/10.9.0.16:9861. Already tried 2 time(s); retry policy is RetryUpToMaximumCountWithFixedSleep(maxRetries=15, sleepTime=1000 MILLISECONDS)
dn1_1    | 2023-07-13 21:08:12,822 [0b8dffe5-0e51-40c3-8392-c67c149a7a94-impl-thread1] INFO ratis.ContainerStateMachine: group-30A938F691D6: Setting the last applied index to (t:2, i:2)
dn1_1    | 2023-07-13 21:08:13,389 [0b8dffe5-0e51-40c3-8392-c67c149a7a94-impl-thread1] INFO server.RaftServerConfigKeys: raft.server.log.use.memory = false (default)
dn1_1    | 2023-07-13 21:08:13,500 [0b8dffe5-0e51-40c3-8392-c67c149a7a94-impl-thread1] INFO server.RaftServerConfigKeys: raft.server.log.purge.gap = 1000000 (custom)
dn1_1    | 2023-07-13 21:08:13,536 [0b8dffe5-0e51-40c3-8392-c67c149a7a94-impl-thread1] INFO server.RaftServerConfigKeys: raft.server.log.appender.buffer.byte-limit = 33554432 (custom)
dn3_1    | 	at org.apache.hadoop.ozone.container.common.statemachine.DatanodeStateMachine.startStateMachineThread(DatanodeStateMachine.java:298)
scm3_1   | 2023-07-13 21:08:19,370 [pool-16-thread-1] INFO server.RaftServerConfigKeys: raft.server.threadpool.client.size = 0 (default)
scm3_1   | 2023-07-13 21:08:19,416 [main] INFO ha.SCMSnapshotProvider: Initializing SCM Snapshot Provider
dn4_1    | 	at org.apache.hadoop.ozone.container.common.states.endpoint.VersionEndpointTask.call(VersionEndpointTask.java:40)
recon_1  | 	at java.base/java.security.AccessController.doPrivileged(Native Method)
om2_1    | 2023-07-13 21:08:26,204 [main] INFO om.OzoneManager: OzoneManager Ratis server initialized at port 9872
dn1_1    | 2023-07-13 21:08:13,563 [0b8dffe5-0e51-40c3-8392-c67c149a7a94-impl-thread1] INFO server.RaftServerConfigKeys: raft.server.log.statemachine.data.read.timeout = 1000ms (default)
dn1_1    | 2023-07-13 21:08:13,565 [0b8dffe5-0e51-40c3-8392-c67c149a7a94-impl-thread1] INFO server.RaftServerConfigKeys: raft.server.log.purge.preservation.log.num = 0 (default)
dn1_1    | 2023-07-13 21:08:13,592 [0b8dffe5-0e51-40c3-8392-c67c149a7a94-impl-thread1] INFO server.RaftServerConfigKeys: raft.server.log.segment.size.max = 1048576 (custom)
dn1_1    | 2023-07-13 21:08:13,665 [0b8dffe5-0e51-40c3-8392-c67c149a7a94-impl-thread1] INFO server.RaftServerConfigKeys: raft.server.log.segment.cache.num.max = 2 (custom)
dn1_1    | 2023-07-13 21:08:13,680 [0b8dffe5-0e51-40c3-8392-c67c149a7a94-impl-thread1] INFO server.RaftServerConfigKeys: raft.server.log.segment.cache.size.max = 200MB (=209715200) (default)
scm3_1   | 2023-07-13 21:08:19,420 [main] WARN server.ServerUtils: Storage directory for Ratis is not configured. It is a good idea to map this to an SSD disk. Falling back to ozone.metadata.dirs
dn5_1    | 2023-07-13 21:07:53,023 [main] INFO impl.MetricsSystemImpl: Registered sink prometheus
dn3_1    | 	at org.apache.hadoop.ozone.container.common.statemachine.DatanodeStateMachine.lambda$startDaemon$0(DatanodeStateMachine.java:493)
dn3_1    | 	at java.base/java.lang.Thread.run(Thread.java:829)
recon_1  | 	at java.base/javax.security.auth.Subject.doAs(Subject.java:423)
om2_1    | 2023-07-13 21:08:26,387 [pool-26-thread-1] INFO server.RaftServer$Division: om2: new RaftServerImpl for group-D66704EFC61C:[om1|rpc:om1:9872|priority:0|startupRole:FOLLOWER, om3|rpc:om3:9872|priority:0|startupRole:FOLLOWER, om2|rpc:om2:9872|priority:0|startupRole:FOLLOWER] with OzoneManagerStateMachine:uninitialized
dn1_1    | 2023-07-13 21:08:13,796 [0b8dffe5-0e51-40c3-8392-c67c149a7a94-impl-thread1] INFO segmented.SegmentedRaftLogWorker: new 0b8dffe5-0e51-40c3-8392-c67c149a7a94@group-30A938F691D6-SegmentedRaftLogWorker for RaftStorageImpl:Storage Directory /data/metadata/ratis/90e451d9-3fda-4765-9cb1-30a938f691d6
dn1_1    | 2023-07-13 21:08:13,797 [0b8dffe5-0e51-40c3-8392-c67c149a7a94-impl-thread1] INFO server.RaftServerConfigKeys: raft.server.log.queue.byte-limit = 4294967296 (custom)
dn1_1    | 2023-07-13 21:08:13,797 [0b8dffe5-0e51-40c3-8392-c67c149a7a94-impl-thread1] INFO server.RaftServerConfigKeys: raft.server.log.queue.element-limit = 1024 (custom)
dn1_1    | 2023-07-13 21:08:13,798 [0b8dffe5-0e51-40c3-8392-c67c149a7a94-impl-thread1] INFO server.RaftServerConfigKeys: raft.server.log.segment.size.max = 1048576 (custom)
dn1_1    | 2023-07-13 21:08:13,817 [EndpointStateMachine task thread for scm3/10.9.0.16:9861 - 0 ] INFO ipc.Client: Retrying connect to server: scm3/10.9.0.16:9861. Already tried 3 time(s); retry policy is RetryUpToMaximumCountWithFixedSleep(maxRetries=15, sleepTime=1000 MILLISECONDS)
scm3_1   | 2023-07-13 21:08:19,441 [main] WARN ha.SCMHAUtils: SCM snapshot dir is not configured. Falling back to ozone.metadata.dirs config
scm3_1   | 2023-07-13 21:08:19,641 [main] INFO upgrade.AbstractLayoutVersionManager: Initializing Layout version manager with metadata layout = DATANODE_SCHEMA_V3 (version = 4), software layout = DATANODE_SCHEMA_V3 (version = 4)
dn3_1    | Caused by: java.util.concurrent.TimeoutException
dn3_1    | 	at java.base/java.util.concurrent.FutureTask.get(FutureTask.java:204)
recon_1  | 	at org.apache.hadoop.security.UserGroupInformation.doAs(UserGroupInformation.java:1878)
om2_1    | 2023-07-13 21:08:26,394 [main] INFO om.OzoneManager: Creating RPC Server
dn1_1    | 2023-07-13 21:08:13,818 [0b8dffe5-0e51-40c3-8392-c67c149a7a94-impl-thread1] INFO server.RaftServerConfigKeys: raft.server.log.preallocated.size = 16384 (custom)
dn1_1    | 2023-07-13 21:08:13,819 [0b8dffe5-0e51-40c3-8392-c67c149a7a94-impl-thread1] INFO server.RaftServerConfigKeys: raft.server.log.force.sync.num = 128 (default)
dn1_1    | 2023-07-13 21:08:13,830 [0b8dffe5-0e51-40c3-8392-c67c149a7a94-impl-thread1] INFO server.RaftServerConfigKeys: raft.server.log.statemachine.data.sync = true (default)
dn1_1    | 2023-07-13 21:08:13,830 [0b8dffe5-0e51-40c3-8392-c67c149a7a94-impl-thread1] INFO server.RaftServerConfigKeys: raft.server.log.statemachine.data.sync.timeout = 10s (default)
dn1_1    | 2023-07-13 21:08:13,864 [0b8dffe5-0e51-40c3-8392-c67c149a7a94-impl-thread1] INFO server.RaftServerConfigKeys: raft.server.log.statemachine.data.sync.timeout.retry = -1 (default)
scm3_1   | 2023-07-13 21:08:21,681 [main] INFO reflections.Reflections: Reflections took 1439 ms to scan 3 urls, producing 112 keys and 252 values 
scm3_1   | 2023-07-13 21:08:22,251 [main] INFO ha.SequenceIdGenerator: Init the HA SequenceIdGenerator.
dn3_1    | 	at org.apache.hadoop.ozone.container.common.states.datanode.RunningDatanodeState.lambda$execute$0(RunningDatanodeState.java:157)
dn3_1    | 	at java.base/java.util.concurrent.FutureTask.run(FutureTask.java:264)
recon_1  | 	at org.apache.hadoop.ipc.Server$Handler.run(Server.java:2976)
om2_1    | 2023-07-13 21:08:26,407 [pool-26-thread-1] INFO server.RaftServerConfigKeys: raft.server.rpc.timeout.min = 5s (custom)
dn1_1    | 2023-07-13 21:08:14,025 [0b8dffe5-0e51-40c3-8392-c67c149a7a94-impl-thread1] INFO server.RaftServerConfigKeys: raft.server.log.write.buffer.size = 1048576 (custom)
scm2_1   | 2023-07-13 21:08:03,594 [main] INFO ha.SequenceIdGenerator: Init the HA SequenceIdGenerator.
scm2_1   | 2023-07-13 21:08:03,692 [main] INFO node.SCMNodeManager: Entering startup safe mode.
scm2_1   | 2023-07-13 21:08:03,707 [main] INFO algorithms.ContainerPlacementPolicyFactory: Create container placement policy of type org.apache.hadoop.hdds.scm.container.placement.algorithms.SCMContainerPlacementRandom
scm2_1   | 2023-07-13 21:08:03,719 [main] INFO algorithms.ContainerPlacementPolicyFactory: Create container placement policy of type org.apache.hadoop.hdds.scm.container.placement.algorithms.SCMContainerPlacementRackScatter
scm3_1   | 2023-07-13 21:08:22,636 [main] INFO node.SCMNodeManager: Entering startup safe mode.
dn5_1    | 2023-07-13 21:07:53,039 [main] INFO http.BaseHttpServer: HTTP server of hddsDatanode listening at http://0.0.0.0:9882
dn3_1    | 	at java.base/java.util.concurrent.Executors$RunnableAdapter.call(Executors.java:515)
dn4_1    | 	at java.base/java.util.concurrent.FutureTask.run(FutureTask.java:264)
recon_1  | , while invoking $Proxy43.submitRequest over nodeId=scm2,nodeAddress=scm2/10.9.0.15:9860 after 4 failover attempts. Trying to failover after sleeping for 2000ms.
om2_1    | 2023-07-13 21:08:26,446 [pool-26-thread-1] INFO server.RaftServerConfigKeys: raft.server.rpc.timeout.max = 5200ms (custom)
scm2_1   | 2023-07-13 21:08:03,883 [main] INFO algorithms.LeaderChoosePolicyFactory: Create leader choose policy of type org.apache.hadoop.hdds.scm.pipeline.leader.choose.algorithms.MinLeaderCountChoosePolicy
scm2_1   | 2023-07-13 21:08:03,892 [main] INFO algorithms.ContainerPlacementPolicyFactory: Create container placement policy of type org.apache.hadoop.hdds.scm.container.placement.algorithms.SCMContainerPlacementRackScatter
scm2_1   | 2023-07-13 21:08:03,900 [main] INFO ha.SCMServiceManager: Registering service BackgroundPipelineCreator.
scm2_1   | 2023-07-13 21:08:03,901 [main] INFO pipeline.BackgroundPipelineCreator: Starting RatisPipelineUtilsThread.
scm2_1   | 2023-07-13 21:08:03,911 [main] INFO BackgroundPipelineScrubber: Starting BackgroundPipelineScrubber Service.
scm3_1   | 2023-07-13 21:08:22,763 [main] INFO algorithms.ContainerPlacementPolicyFactory: Create container placement policy of type org.apache.hadoop.hdds.scm.container.placement.algorithms.SCMContainerPlacementRandom
scm3_1   | 2023-07-13 21:08:22,777 [main] INFO algorithms.ContainerPlacementPolicyFactory: Create container placement policy of type org.apache.hadoop.hdds.scm.container.placement.algorithms.SCMContainerPlacementRackScatter
dn3_1    | 	at java.base/java.util.concurrent.FutureTask.run(FutureTask.java:264)
dn3_1    | 	at java.base/java.util.concurrent.ThreadPoolExecutor.runWorker(ThreadPoolExecutor.java:1128)
recon_1  | 2023-07-13 21:08:16,008 [Listener at 0.0.0.0/9891] INFO scm.ReconStorageContainerManagerFacade: Obtained 7 pipelines from SCM.
om2_1    | 2023-07-13 21:08:26,446 [pool-26-thread-1] INFO server.RaftServerConfigKeys: raft.server.rpc.sleep.time = 25ms (default)
scm1_1   | 2023-07-13 21:07:50,250 [7f1f6a28-c3a5-4eee-acbf-242f734b4471-impl-thread1] INFO server.RaftServerConfigKeys: raft.server.log.appender.buffer.byte-limit = 33554432 (custom)
scm1_1   | 2023-07-13 21:07:50,268 [7f1f6a28-c3a5-4eee-acbf-242f734b4471-impl-thread1] INFO server.RaftServerConfigKeys: raft.server.log.statemachine.data.read.timeout = 1000ms (default)
scm1_1   | 2023-07-13 21:07:50,296 [7f1f6a28-c3a5-4eee-acbf-242f734b4471-impl-thread1] INFO server.RaftServerConfigKeys: raft.server.log.purge.preservation.log.num = 0 (default)
scm1_1   | 2023-07-13 21:07:50,430 [7f1f6a28-c3a5-4eee-acbf-242f734b4471-impl-thread1] INFO server.RaftServerConfigKeys: raft.server.log.segment.size.max = 4194304 (custom)
scm1_1   | 2023-07-13 21:07:50,548 [7f1f6a28-c3a5-4eee-acbf-242f734b4471-impl-thread1] INFO server.RaftServerConfigKeys: raft.server.log.segment.cache.num.max = 2 (custom)
scm3_1   | 2023-07-13 21:08:23,382 [main] INFO algorithms.LeaderChoosePolicyFactory: Create leader choose policy of type org.apache.hadoop.hdds.scm.pipeline.leader.choose.algorithms.MinLeaderCountChoosePolicy
scm3_1   | 2023-07-13 21:08:23,384 [main] INFO algorithms.ContainerPlacementPolicyFactory: Create container placement policy of type org.apache.hadoop.hdds.scm.container.placement.algorithms.SCMContainerPlacementRackScatter
dn3_1    | 	at java.base/java.util.concurrent.ThreadPoolExecutor$Worker.run(ThreadPoolExecutor.java:628)
dn3_1    | 	... 1 more
recon_1  | 2023-07-13 21:08:16,010 [Listener at 0.0.0.0/9891] INFO scm.ReconPipelineManager: Recon has 7 pipelines in house.
om2_1    | 2023-07-13 21:08:26,447 [pool-26-thread-1] INFO server.RaftServerConfigKeys: raft.server.rpc.slowness.timeout = 120s (custom)
scm1_1   | 2023-07-13 21:07:50,566 [7f1f6a28-c3a5-4eee-acbf-242f734b4471-impl-thread1] INFO server.RaftServerConfigKeys: raft.server.log.segment.cache.size.max = 200MB (=209715200) (default)
scm1_1   | 2023-07-13 21:07:50,628 [7f1f6a28-c3a5-4eee-acbf-242f734b4471-impl-thread1] INFO segmented.SegmentedRaftLogWorker: new 7f1f6a28-c3a5-4eee-acbf-242f734b4471@group-417DAC3D8A6B-SegmentedRaftLogWorker for RaftStorageImpl:Storage Directory /data/metadata/scm-ha/f577a72a-b960-48e2-accb-417dac3d8a6b
scm1_1   | 2023-07-13 21:07:50,647 [7f1f6a28-c3a5-4eee-acbf-242f734b4471-impl-thread1] INFO server.RaftServerConfigKeys: raft.server.log.queue.byte-limit = 64MB (=67108864) (default)
scm1_1   | 2023-07-13 21:07:50,648 [7f1f6a28-c3a5-4eee-acbf-242f734b4471-impl-thread1] INFO server.RaftServerConfigKeys: raft.server.log.queue.element-limit = 4096 (default)
scm1_1   | 2023-07-13 21:07:50,653 [7f1f6a28-c3a5-4eee-acbf-242f734b4471-impl-thread1] INFO server.RaftServerConfigKeys: raft.server.log.segment.size.max = 4194304 (custom)
scm3_1   | 2023-07-13 21:08:23,434 [main] INFO ha.SCMServiceManager: Registering service BackgroundPipelineCreator.
scm3_1   | 2023-07-13 21:08:23,435 [main] INFO pipeline.BackgroundPipelineCreator: Starting RatisPipelineUtilsThread.
dn3_1    | 2023-07-13 21:08:16,847 [EndpointStateMachine task thread for scm3/10.9.0.16:9861 - 0 ] INFO ipc.Client: Retrying connect to server: scm3/10.9.0.16:9861. Already tried 6 time(s); retry policy is RetryUpToMaximumCountWithFixedSleep(maxRetries=15, sleepTime=1000 MILLISECONDS)
dn3_1    | 2023-07-13 21:08:17,848 [EndpointStateMachine task thread for scm3/10.9.0.16:9861 - 0 ] INFO ipc.Client: Retrying connect to server: scm3/10.9.0.16:9861. Already tried 7 time(s); retry policy is RetryUpToMaximumCountWithFixedSleep(maxRetries=15, sleepTime=1000 MILLISECONDS)
recon_1  | 2023-07-13 21:08:16,218 [Listener at 0.0.0.0/9891] INFO scm.ReconStorageContainerManagerFacade: SCM DB initialized
om2_1    | 2023-07-13 21:08:26,447 [pool-26-thread-1] INFO server.RaftServerConfigKeys: raft.server.leaderelection.leader.step-down.wait-time = 10s (default)
scm1_1   | 2023-07-13 21:07:50,653 [7f1f6a28-c3a5-4eee-acbf-242f734b4471-impl-thread1] INFO server.RaftServerConfigKeys: raft.server.log.preallocated.size = 4194304 (custom)
scm1_1   | 2023-07-13 21:07:50,653 [7f1f6a28-c3a5-4eee-acbf-242f734b4471-impl-thread1] INFO server.RaftServerConfigKeys: raft.server.log.force.sync.num = 128 (default)
scm1_1   | 2023-07-13 21:07:50,668 [7f1f6a28-c3a5-4eee-acbf-242f734b4471-impl-thread1] INFO server.RaftServerConfigKeys: raft.server.log.statemachine.data.sync = true (default)
scm1_1   | 2023-07-13 21:07:50,694 [7f1f6a28-c3a5-4eee-acbf-242f734b4471-impl-thread1] INFO server.RaftServerConfigKeys: raft.server.log.statemachine.data.sync.timeout = 10s (default)
scm1_1   | 2023-07-13 21:07:50,740 [7f1f6a28-c3a5-4eee-acbf-242f734b4471-impl-thread1] INFO server.RaftServerConfigKeys: raft.server.log.statemachine.data.sync.timeout.retry = -1 (default)
scm3_1   | 2023-07-13 21:08:23,444 [main] INFO BackgroundPipelineScrubber: Starting BackgroundPipelineScrubber Service.
scm3_1   | 2023-07-13 21:08:23,458 [main] INFO ha.SCMServiceManager: Registering service BackgroundPipelineScrubber.
dn3_1    | 2023-07-13 21:08:18,859 [EndpointStateMachine task thread for scm3/10.9.0.16:9861 - 0 ] INFO ipc.Client: Retrying connect to server: scm3/10.9.0.16:9861. Already tried 8 time(s); retry policy is RetryUpToMaximumCountWithFixedSleep(maxRetries=15, sleepTime=1000 MILLISECONDS)
dn3_1    | 2023-07-13 21:08:19,191 [28450ceb-79e2-40eb-9df1-503c49b15aa6@group-A42B3AE10655-FollowerState] INFO impl.FollowerState: 28450ceb-79e2-40eb-9df1-503c49b15aa6@group-A42B3AE10655-FollowerState: change to CANDIDATE, lastRpcElapsedTime:5193802286ns, electionTimeout:5167ms
recon_1  | 2023-07-13 21:08:16,224 [Listener at 0.0.0.0/9891] INFO server.SCMDatanodeProtocolServer: ScmDatanodeProtocol RPC server for DataNodes is listening at /0.0.0.0:9891
om2_1    | 2023-07-13 21:08:26,447 [pool-26-thread-1] INFO server.RaftServerConfigKeys: raft.server.sleep.deviation.threshold = 300ms (default)
dn2_1    | 	at java.base/java.util.concurrent.ThreadPoolExecutor$Worker.run(ThreadPoolExecutor.java:628)
dn2_1    | 	... 1 more
dn2_1    | 2023-07-13 21:07:58,008 [EndpointStateMachine task thread for scm3/10.9.0.16:9861 - 0 ] INFO ipc.Client: Retrying connect to server: scm3/10.9.0.16:9861. Already tried 1 time(s); retry policy is RetryUpToMaximumCountWithFixedSleep(maxRetries=15, sleepTime=1000 MILLISECONDS)
dn2_1    | 2023-07-13 21:07:58,053 [EndpointStateMachine task thread for scm2/10.9.0.15:9861 - 0 ] INFO ipc.Client: Retrying connect to server: scm2/10.9.0.15:9861. Already tried 1 time(s); retry policy is RetryUpToMaximumCountWithFixedSleep(maxRetries=15, sleepTime=1000 MILLISECONDS)
dn2_1    | 2023-07-13 21:07:59,009 [EndpointStateMachine task thread for scm3/10.9.0.16:9861 - 0 ] INFO ipc.Client: Retrying connect to server: scm3/10.9.0.16:9861. Already tried 2 time(s); retry policy is RetryUpToMaximumCountWithFixedSleep(maxRetries=15, sleepTime=1000 MILLISECONDS)
dn5_1    | 2023-07-13 21:07:53,057 [Datanode State Machine Daemon Thread] INFO statemachine.DatanodeStateMachine: Ozone container server started.
dn5_1    | 2023-07-13 21:07:53,299 [org.apache.hadoop.util.JvmPauseMonitor$Monitor@65c188ce] INFO util.JvmPauseMonitor: Starting JVM pause monitor
dn3_1    | 2023-07-13 21:08:19,199 [28450ceb-79e2-40eb-9df1-503c49b15aa6@group-A42B3AE10655-FollowerState] INFO impl.RoleInfo: 28450ceb-79e2-40eb-9df1-503c49b15aa6: shutdown 28450ceb-79e2-40eb-9df1-503c49b15aa6@group-A42B3AE10655-FollowerState
dn4_1    | 	at java.base/java.util.concurrent.ThreadPoolExecutor.runWorker(ThreadPoolExecutor.java:1128)
recon_1  | 2023-07-13 21:08:16,242 [IPC Server listener on 9891] INFO ipc.Server: IPC Server listener on 9891: starting
recon_1  | 2023-07-13 21:08:16,342 [IPC Server Responder] INFO ipc.Server: IPC Server Responder: starting
om1_1    | 2023-07-13 21:08:25,510 [pool-26-thread-1] INFO server.RaftServer$Division: om1: new RaftServerImpl for group-D66704EFC61C:[om1|rpc:om1:9872|priority:0|startupRole:FOLLOWER, om3|rpc:om3:9872|priority:0|startupRole:FOLLOWER, om2|rpc:om2:9872|priority:0|startupRole:FOLLOWER] with OzoneManagerStateMachine:uninitialized
dn2_1    | 2023-07-13 21:07:59,054 [EndpointStateMachine task thread for scm2/10.9.0.15:9861 - 0 ] INFO ipc.Client: Retrying connect to server: scm2/10.9.0.15:9861. Already tried 2 time(s); retry policy is RetryUpToMaximumCountWithFixedSleep(maxRetries=15, sleepTime=1000 MILLISECONDS)
om3_1    | 2023-07-13 21:08:25,422 [pool-26-thread-1] INFO server.RaftServerConfigKeys: raft.server.leaderelection.leader.step-down.wait-time = 10s (default)
scm2_1   | 2023-07-13 21:08:03,920 [main] INFO ha.SCMServiceManager: Registering service BackgroundPipelineScrubber.
scm1_1   | 2023-07-13 21:07:50,947 [7f1f6a28-c3a5-4eee-acbf-242f734b4471-impl-thread1] INFO server.RaftServerConfigKeys: raft.server.log.write.buffer.size = 64KB (=65536) (default)
dn1_1    | 2023-07-13 21:08:14,026 [0b8dffe5-0e51-40c3-8392-c67c149a7a94-impl-thread1] INFO server.RaftServerConfigKeys: raft.server.log.unsafe-flush.enabled = false (default)
dn5_1    | 2023-07-13 21:07:53,478 [Datanode State Machine Task Thread - 0] INFO statemachine.SCMConnectionManager: Adding Recon Server : recon/10.9.0.22:9891
scm3_1   | 2023-07-13 21:08:23,496 [main] INFO ExpiredContainerReplicaOpScrubber: Starting ExpiredContainerReplicaOpScrubber Service.
dn3_1    | 2023-07-13 21:08:19,206 [28450ceb-79e2-40eb-9df1-503c49b15aa6@group-A42B3AE10655-FollowerState] INFO server.RaftServer$Division: 28450ceb-79e2-40eb-9df1-503c49b15aa6@group-A42B3AE10655: changes role from  FOLLOWER to CANDIDATE at term 2 for changeToCandidate
dn4_1    | 	at java.base/java.util.concurrent.ThreadPoolExecutor$Worker.run(ThreadPoolExecutor.java:628)
recon_1  | 2023-07-13 21:08:16,593 [Listener at 0.0.0.0/9891] INFO scm.ReconScmTask: Starting PipelineSyncTask Thread.
om2_1    | 2023-07-13 21:08:26,490 [pool-26-thread-1] INFO server.RaftServer$Division: om2@group-D66704EFC61C: ConfigurationManager, init=-1: peers:[om1|rpc:om1:9872|priority:0|startupRole:FOLLOWER, om3|rpc:om3:9872|priority:0|startupRole:FOLLOWER, om2|rpc:om2:9872|priority:0|startupRole:FOLLOWER]|listeners:[], old=null, confs=<EMPTY_MAP>
om1_1    | 2023-07-13 21:08:25,519 [main] INFO om.OzoneManager: Creating RPC Server
dn2_1    | 2023-07-13 21:08:00,010 [EndpointStateMachine task thread for scm3/10.9.0.16:9861 - 0 ] INFO ipc.Client: Retrying connect to server: scm3/10.9.0.16:9861. Already tried 3 time(s); retry policy is RetryUpToMaximumCountWithFixedSleep(maxRetries=15, sleepTime=1000 MILLISECONDS)
om3_1    | 2023-07-13 21:08:25,422 [pool-26-thread-1] INFO server.RaftServerConfigKeys: raft.server.sleep.deviation.threshold = 300ms (default)
scm2_1   | 2023-07-13 21:08:03,928 [main] INFO ExpiredContainerReplicaOpScrubber: Starting ExpiredContainerReplicaOpScrubber Service.
scm1_1   | 2023-07-13 21:07:50,949 [7f1f6a28-c3a5-4eee-acbf-242f734b4471-impl-thread1] INFO server.RaftServerConfigKeys: raft.server.log.unsafe-flush.enabled = false (default)
dn1_1    | 2023-07-13 21:08:14,026 [0b8dffe5-0e51-40c3-8392-c67c149a7a94-impl-thread1] INFO server.RaftServerConfigKeys: raft.server.log.async-flush.enabled = false (default)
dn5_1    | 2023-07-13 21:07:53,542 [Datanode State Machine Task Thread - 0] INFO datanode.InitDatanodeState: DatanodeDetails is persisted to /data/datanode.id
scm3_1   | 2023-07-13 21:08:23,513 [main] INFO ha.SCMServiceManager: Registering service ExpiredContainerReplicaOpScrubber.
dn3_1    | 2023-07-13 21:08:19,209 [28450ceb-79e2-40eb-9df1-503c49b15aa6@group-A42B3AE10655-FollowerState] INFO server.RaftServerConfigKeys: raft.server.leaderelection.pre-vote = false (custom)
dn4_1    | 	at java.base/java.lang.Thread.run(Thread.java:829)
recon_1  | 2023-07-13 21:08:16,672 [Listener at 0.0.0.0/9891] INFO scm.ReconScmTask: Starting ContainerHealthTask Thread.
om2_1    | 2023-07-13 21:08:26,500 [pool-26-thread-1] INFO server.RaftServerConfigKeys: raft.server.storage.dir = [/data/metadata/ratis] (custom)
om1_1    | 2023-07-13 21:08:25,683 [pool-26-thread-1] INFO server.RaftServerConfigKeys: raft.server.rpc.timeout.min = 5s (custom)
dn2_1    | 2023-07-13 21:08:00,055 [EndpointStateMachine task thread for scm2/10.9.0.15:9861 - 0 ] INFO ipc.Client: Retrying connect to server: scm2/10.9.0.15:9861. Already tried 3 time(s); retry policy is RetryUpToMaximumCountWithFixedSleep(maxRetries=15, sleepTime=1000 MILLISECONDS)
om3_1    | 2023-07-13 21:08:25,559 [pool-26-thread-1] INFO server.RaftServer$Division: om3@group-D66704EFC61C: ConfigurationManager, init=-1: peers:[om1|rpc:om1:9872|priority:0|startupRole:FOLLOWER, om3|rpc:om3:9872|priority:0|startupRole:FOLLOWER, om2|rpc:om2:9872|priority:0|startupRole:FOLLOWER]|listeners:[], old=null, confs=<EMPTY_MAP>
om3_1    | 2023-07-13 21:08:25,584 [pool-26-thread-1] INFO server.RaftServerConfigKeys: raft.server.storage.dir = [/data/metadata/ratis] (custom)
scm1_1   | 2023-07-13 21:07:50,951 [7f1f6a28-c3a5-4eee-acbf-242f734b4471-impl-thread1] INFO server.RaftServerConfigKeys: raft.server.log.async-flush.enabled = false (default)
dn1_1    | 2023-07-13 21:08:14,087 [0b8dffe5-0e51-40c3-8392-c67c149a7a94-impl-thread1] INFO server.RaftServerConfigKeys: raft.server.log.statemachine.data.caching.enabled = true (custom)
dn5_1    | 2023-07-13 21:07:56,532 [EndpointStateMachine task thread for scm2/10.9.0.15:9861 - 0 ] INFO ipc.Client: Retrying connect to server: scm2/10.9.0.15:9861. Already tried 0 time(s); retry policy is RetryUpToMaximumCountWithFixedSleep(maxRetries=15, sleepTime=1000 MILLISECONDS)
scm3_1   | 2023-07-13 21:08:23,759 [main] INFO algorithms.PipelineChoosePolicyFactory: Create pipeline choose policy of type org.apache.hadoop.hdds.scm.pipeline.choose.algorithms.RandomPipelineChoosePolicy
dn3_1    | 2023-07-13 21:08:19,209 [28450ceb-79e2-40eb-9df1-503c49b15aa6@group-A42B3AE10655-FollowerState] INFO impl.RoleInfo: 28450ceb-79e2-40eb-9df1-503c49b15aa6: start 28450ceb-79e2-40eb-9df1-503c49b15aa6@group-A42B3AE10655-LeaderElection1
dn4_1    | Caused by: java.net.SocketTimeoutException: 5000 millis timeout while waiting for channel to be ready for read. ch : java.nio.channels.SocketChannel[connected local=/10.9.0.20:52772 remote=scm1/10.9.0.14:9861]
recon_1  | 2023-07-13 21:08:16,704 [PipelineSyncTask] INFO scm.ReconPipelineManager: Recon has 7 pipelines in house.
om2_1    | 2023-07-13 21:08:26,565 [pool-26-thread-1] INFO server.RaftServerConfigKeys: raft.server.log.corruption.policy = EXCEPTION (default)
om1_1    | 2023-07-13 21:08:25,685 [pool-26-thread-1] INFO server.RaftServerConfigKeys: raft.server.rpc.timeout.max = 5200ms (custom)
dn2_1    | 2023-07-13 21:08:01,012 [EndpointStateMachine task thread for scm3/10.9.0.16:9861 - 0 ] INFO ipc.Client: Retrying connect to server: scm3/10.9.0.16:9861. Already tried 4 time(s); retry policy is RetryUpToMaximumCountWithFixedSleep(maxRetries=15, sleepTime=1000 MILLISECONDS)
om3_1    | 2023-07-13 21:08:25,678 [pool-26-thread-1] INFO server.RaftServerConfigKeys: raft.server.log.corruption.policy = EXCEPTION (default)
scm2_1   | 2023-07-13 21:08:03,942 [main] INFO ha.SCMServiceManager: Registering service ExpiredContainerReplicaOpScrubber.
scm1_1   | 2023-07-13 21:07:50,957 [7f1f6a28-c3a5-4eee-acbf-242f734b4471-impl-thread1] INFO server.RaftServerConfigKeys: raft.server.log.statemachine.data.caching.enabled = false (default)
dn1_1    | 2023-07-13 21:08:14,431 [0b8dffe5-0e51-40c3-8392-c67c149a7a94-impl-thread1] INFO server.RaftServer$Division: 0b8dffe5-0e51-40c3-8392-c67c149a7a94@group-30A938F691D6: set configuration 0: peers:[0b8dffe5-0e51-40c3-8392-c67c149a7a94|rpc:10.9.0.17:9856|admin:10.9.0.17:9857|client:10.9.0.17:9858|dataStream:|priority:1|startupRole:FOLLOWER]|listeners:[], old=null
dn5_1    | 2023-07-13 21:07:56,570 [EndpointStateMachine task thread for scm3/10.9.0.16:9861 - 0 ] INFO ipc.Client: Retrying connect to server: scm3/10.9.0.16:9861. Already tried 0 time(s); retry policy is RetryUpToMaximumCountWithFixedSleep(maxRetries=15, sleepTime=1000 MILLISECONDS)
scm3_1   | 2023-07-13 21:08:23,896 [main] INFO ha.SCMServiceManager: Registering service SCMBlockDeletingService.
dn3_1    | 2023-07-13 21:08:19,362 [28450ceb-79e2-40eb-9df1-503c49b15aa6@group-A42B3AE10655-LeaderElection1] INFO impl.LeaderElection: 28450ceb-79e2-40eb-9df1-503c49b15aa6@group-A42B3AE10655-LeaderElection1 ELECTION round 0: submit vote requests at term 3 for 1: peers:[28450ceb-79e2-40eb-9df1-503c49b15aa6|rpc:10.9.0.19:9856|admin:10.9.0.19:9857|client:10.9.0.19:9858|dataStream:|priority:1|startupRole:FOLLOWER]|listeners:[], old=null
dn4_1    | 	at org.apache.hadoop.net.SocketIOWithTimeout.doIO(SocketIOWithTimeout.java:163)
recon_1  | 2023-07-13 21:08:16,906 [PipelineSyncTask] INFO scm.PipelineSyncTask: Pipeline sync Thread took 281 milliseconds.
om2_1    | 2023-07-13 21:08:26,570 [pool-26-thread-1] INFO server.RaftServerConfigKeys: raft.server.storage.free-space.min = 0MB (=0) (default)
om1_1    | 2023-07-13 21:08:25,686 [pool-26-thread-1] INFO server.RaftServerConfigKeys: raft.server.rpc.sleep.time = 25ms (default)
dn2_1    | 2023-07-13 21:08:01,056 [EndpointStateMachine task thread for scm2/10.9.0.15:9861 - 0 ] INFO ipc.Client: Retrying connect to server: scm2/10.9.0.15:9861. Already tried 4 time(s); retry policy is RetryUpToMaximumCountWithFixedSleep(maxRetries=15, sleepTime=1000 MILLISECONDS)
om3_1    | 2023-07-13 21:08:25,678 [pool-26-thread-1] INFO server.RaftServerConfigKeys: raft.server.storage.free-space.min = 0MB (=0) (default)
scm2_1   | 2023-07-13 21:08:04,055 [main] INFO algorithms.PipelineChoosePolicyFactory: Create pipeline choose policy of type org.apache.hadoop.hdds.scm.pipeline.choose.algorithms.RandomPipelineChoosePolicy
scm1_1   | 2023-07-13 21:07:51,911 [7f1f6a28-c3a5-4eee-acbf-242f734b4471-impl-thread1] INFO server.RaftServer$Division: 7f1f6a28-c3a5-4eee-acbf-242f734b4471@group-417DAC3D8A6B: set configuration 0: peers:[7f1f6a28-c3a5-4eee-acbf-242f734b4471|rpc:scm1:9894|admin:|client:|dataStream:|priority:0|startupRole:FOLLOWER]|listeners:[], old=null
dn1_1    | 2023-07-13 21:08:14,461 [0b8dffe5-0e51-40c3-8392-c67c149a7a94-impl-thread1] INFO segmented.LogSegment: Successfully read 1 entries from segment file /data/metadata/ratis/90e451d9-3fda-4765-9cb1-30a938f691d6/current/log_0-0
dn5_1    | 2023-07-13 21:07:57,533 [EndpointStateMachine task thread for scm2/10.9.0.15:9861 - 0 ] INFO ipc.Client: Retrying connect to server: scm2/10.9.0.15:9861. Already tried 1 time(s); retry policy is RetryUpToMaximumCountWithFixedSleep(maxRetries=15, sleepTime=1000 MILLISECONDS)
scm3_1   | 2023-07-13 21:08:24,087 [main] INFO replication.ReplicationManager: Starting Replication Monitor Thread.
dn3_1    | 2023-07-13 21:08:19,363 [28450ceb-79e2-40eb-9df1-503c49b15aa6@group-A42B3AE10655-LeaderElection1] INFO impl.LeaderElection: 28450ceb-79e2-40eb-9df1-503c49b15aa6@group-A42B3AE10655-LeaderElection1 ELECTION round 0: result PASSED (term=3)
dn4_1    | 	at org.apache.hadoop.net.SocketInputStream.read(SocketInputStream.java:161)
recon_1  | 2023-07-13 21:08:18,226 [IPC Server handler 11 on default port 9891] WARN ipc.Server: IPC Server handler 11 on default port 9891, call Call#5 Retry#0 org.apache.hadoop.ozone.protocol.ReconDatanodeProtocol.submitRequest from 10.9.0.19:44212: output error
om2_1    | 2023-07-13 21:08:26,740 [pool-26-thread-1] INFO server.RaftServerConfigKeys: raft.server.notification.no-leader.timeout = 120s (custom)
om1_1    | 2023-07-13 21:08:25,687 [pool-26-thread-1] INFO server.RaftServerConfigKeys: raft.server.rpc.slowness.timeout = 120s (custom)
om1_1    | 2023-07-13 21:08:25,687 [pool-26-thread-1] INFO server.RaftServerConfigKeys: raft.server.leaderelection.leader.step-down.wait-time = 10s (default)
om1_1    | 2023-07-13 21:08:25,687 [pool-26-thread-1] INFO server.RaftServerConfigKeys: raft.server.sleep.deviation.threshold = 300ms (default)
om1_1    | 2023-07-13 21:08:25,782 [pool-26-thread-1] INFO server.RaftServer$Division: om1@group-D66704EFC61C: ConfigurationManager, init=-1: peers:[om1|rpc:om1:9872|priority:0|startupRole:FOLLOWER, om3|rpc:om3:9872|priority:0|startupRole:FOLLOWER, om2|rpc:om2:9872|priority:0|startupRole:FOLLOWER]|listeners:[], old=null, confs=<EMPTY_MAP>
om1_1    | 2023-07-13 21:08:25,783 [pool-26-thread-1] INFO server.RaftServerConfigKeys: raft.server.storage.dir = [/data/metadata/ratis] (custom)
om1_1    | 2023-07-13 21:08:25,851 [pool-26-thread-1] INFO server.RaftServerConfigKeys: raft.server.log.corruption.policy = EXCEPTION (default)
om1_1    | 2023-07-13 21:08:25,851 [pool-26-thread-1] INFO server.RaftServerConfigKeys: raft.server.storage.free-space.min = 0MB (=0) (default)
scm3_1   | 2023-07-13 21:08:24,245 [main] INFO ha.SCMServiceManager: Registering service ReplicationManager.
scm3_1   | 2023-07-13 21:08:24,254 [ReplicationMonitor] INFO replication.ReplicationManager: Replication Manager is not ready to run until 5000ms after safemode exit
dn4_1    | 	at org.apache.hadoop.net.SocketInputStream.read(SocketInputStream.java:131)
recon_1  | 2023-07-13 21:08:18,235 [IPC Server handler 10 on default port 9891] WARN ipc.Server: IPC Server handler 10 on default port 9891, call Call#7 Retry#0 org.apache.hadoop.ozone.protocol.ReconDatanodeProtocol.submitRequest from 10.9.0.20:59668: output error
dn2_1    | 2023-07-13 21:08:01,133 [EndpointStateMachine task thread for recon/10.9.0.22:9891 - 0 ] WARN statemachine.EndpointStateMachine: Unable to communicate to Recon server at recon:9891 for past 0 seconds.
dn1_1    | 2023-07-13 21:08:14,486 [0b8dffe5-0e51-40c3-8392-c67c149a7a94-impl-thread1] INFO server.RaftServer$Division: 0b8dffe5-0e51-40c3-8392-c67c149a7a94@group-30A938F691D6: set configuration 1: peers:[0b8dffe5-0e51-40c3-8392-c67c149a7a94|rpc:10.9.0.17:9856|admin:10.9.0.17:9857|client:10.9.0.17:9858|dataStream:|priority:1|startupRole:FOLLOWER]|listeners:[], old=null
om1_1    | 2023-07-13 21:08:25,990 [pool-26-thread-1] INFO server.RaftServerConfigKeys: raft.server.notification.no-leader.timeout = 120s (custom)
dn5_1    | 2023-07-13 21:07:57,575 [EndpointStateMachine task thread for scm3/10.9.0.16:9861 - 0 ] INFO ipc.Client: Retrying connect to server: scm3/10.9.0.16:9861. Already tried 1 time(s); retry policy is RetryUpToMaximumCountWithFixedSleep(maxRetries=15, sleepTime=1000 MILLISECONDS)
dn5_1    | 2023-07-13 21:07:58,534 [EndpointStateMachine task thread for scm2/10.9.0.15:9861 - 0 ] INFO ipc.Client: Retrying connect to server: scm2/10.9.0.15:9861. Already tried 2 time(s); retry policy is RetryUpToMaximumCountWithFixedSleep(maxRetries=15, sleepTime=1000 MILLISECONDS)
scm2_1   | 2023-07-13 21:08:04,114 [main] INFO ha.SCMServiceManager: Registering service SCMBlockDeletingService.
scm1_1   | 2023-07-13 21:07:51,967 [7f1f6a28-c3a5-4eee-acbf-242f734b4471-impl-thread1] INFO segmented.LogSegment: Successfully read 1 entries from segment file /data/metadata/scm-ha/f577a72a-b960-48e2-accb-417dac3d8a6b/current/log_0-0
om2_1    | 2023-07-13 21:08:26,921 [pool-26-thread-1] INFO server.RaftServerConfigKeys: raft.server.retrycache.expirytime = 300s (custom)
dn3_1    | 2023-07-13 21:08:19,364 [28450ceb-79e2-40eb-9df1-503c49b15aa6@group-A42B3AE10655-LeaderElection1] INFO impl.RoleInfo: 28450ceb-79e2-40eb-9df1-503c49b15aa6: shutdown 28450ceb-79e2-40eb-9df1-503c49b15aa6@group-A42B3AE10655-LeaderElection1
scm3_1   | 2023-07-13 21:08:24,360 [main] INFO safemode.ContainerSafeModeRule: containers with one replica threshold count 0
dn4_1    | 	at java.base/java.io.FilterInputStream.read(FilterInputStream.java:133)
recon_1  | 2023-07-13 21:08:18,235 [IPC Server handler 4 on default port 9891] WARN ipc.Server: IPC Server handler 4 on default port 9891, call Call#4 Retry#0 org.apache.hadoop.ozone.protocol.ReconDatanodeProtocol.submitRequest from 10.9.0.21:49464: output error
dn2_1    | java.net.SocketTimeoutException: Call From 085e374255ef/10.9.0.18 to recon:9891 failed on socket timeout exception: java.net.SocketTimeoutException: 5000 millis timeout while waiting for channel to be ready for read. ch : java.nio.channels.SocketChannel[connected local=/10.9.0.18:47262 remote=recon/10.9.0.22:9891]; For more details see:  http://wiki.apache.org/hadoop/SocketTimeout
dn1_1    | 2023-07-13 21:08:14,497 [0b8dffe5-0e51-40c3-8392-c67c149a7a94-impl-thread1] INFO segmented.LogSegment: Successfully read 2 entries from segment file /data/metadata/ratis/90e451d9-3fda-4765-9cb1-30a938f691d6/current/log_inprogress_1
dn5_1    | 2023-07-13 21:07:58,576 [EndpointStateMachine task thread for scm3/10.9.0.16:9861 - 0 ] INFO ipc.Client: Retrying connect to server: scm3/10.9.0.16:9861. Already tried 2 time(s); retry policy is RetryUpToMaximumCountWithFixedSleep(maxRetries=15, sleepTime=1000 MILLISECONDS)
om3_1    | 2023-07-13 21:08:25,801 [pool-26-thread-1] INFO server.RaftServerConfigKeys: raft.server.notification.no-leader.timeout = 120s (custom)
om1_1    | 2023-07-13 21:08:26,098 [pool-26-thread-1] INFO server.RaftServerConfigKeys: raft.server.retrycache.expirytime = 300s (custom)
scm2_1   | 2023-07-13 21:08:04,193 [main] INFO replication.ReplicationManager: Starting Replication Monitor Thread.
scm1_1   | 2023-07-13 21:07:52,044 [7f1f6a28-c3a5-4eee-acbf-242f734b4471-impl-thread1] INFO server.RaftServer$Division: 7f1f6a28-c3a5-4eee-acbf-242f734b4471@group-417DAC3D8A6B: set configuration 1: peers:[7f1f6a28-c3a5-4eee-acbf-242f734b4471|rpc:scm1:9894|admin:|client:|dataStream:|priority:0|startupRole:FOLLOWER]|listeners:[], old=null
om2_1    | 2023-07-13 21:08:26,955 [pool-26-thread-1] INFO server.RaftServerConfigKeys: raft.server.retrycache.statistics.expirytime = 100?s (default)
dn3_1    | 2023-07-13 21:08:19,365 [28450ceb-79e2-40eb-9df1-503c49b15aa6@group-A42B3AE10655-LeaderElection1] INFO server.RaftServer$Division: 28450ceb-79e2-40eb-9df1-503c49b15aa6@group-A42B3AE10655: changes role from CANDIDATE to LEADER at term 3 for changeToLeader
scm3_1   | 2023-07-13 21:08:24,375 [main] INFO safemode.HealthyPipelineSafeModeRule: Total pipeline count is 2, healthy pipeline threshold count is 1
dn4_1    | 	at java.base/java.io.BufferedInputStream.fill(BufferedInputStream.java:252)
recon_1  | 2023-07-13 21:08:18,237 [IPC Server handler 21 on default port 9891] WARN ipc.Server: IPC Server handler 21 on default port 9891, call Call#10 Retry#0 org.apache.hadoop.ozone.protocol.ReconDatanodeProtocol.submitRequest from 10.9.0.20:59674: output error
dn2_1    | 	at java.base/jdk.internal.reflect.NativeConstructorAccessorImpl.newInstance0(Native Method)
dn1_1    | 2023-07-13 21:08:14,528 [0b8dffe5-0e51-40c3-8392-c67c149a7a94-impl-thread1] INFO segmented.SegmentedRaftLogWorker: 0b8dffe5-0e51-40c3-8392-c67c149a7a94@group-30A938F691D6-SegmentedRaftLogWorker: flushIndex: setUnconditionally 0 -> 2
dn5_1    | 2023-07-13 21:07:59,535 [EndpointStateMachine task thread for scm2/10.9.0.15:9861 - 0 ] INFO ipc.Client: Retrying connect to server: scm2/10.9.0.15:9861. Already tried 3 time(s); retry policy is RetryUpToMaximumCountWithFixedSleep(maxRetries=15, sleepTime=1000 MILLISECONDS)
om1_1    | 2023-07-13 21:08:26,104 [pool-26-thread-1] INFO server.RaftServerConfigKeys: raft.server.retrycache.statistics.expirytime = 100?s (default)
om3_1    | 2023-07-13 21:08:25,929 [pool-26-thread-1] INFO server.RaftServerConfigKeys: raft.server.retrycache.expirytime = 300s (custom)
scm2_1   | 2023-07-13 21:08:04,216 [main] INFO ha.SCMServiceManager: Registering service ReplicationManager.
scm1_1   | 2023-07-13 21:07:52,195 [7f1f6a28-c3a5-4eee-acbf-242f734b4471-impl-thread1] INFO server.RaftServer$Division: 7f1f6a28-c3a5-4eee-acbf-242f734b4471@group-417DAC3D8A6B: set configuration 17: peers:[efd5aac5-ab0a-4173-a1aa-62e19894a08f|rpc:scm2:9894|admin:|client:|dataStream:|priority:0|startupRole:FOLLOWER, 7f1f6a28-c3a5-4eee-acbf-242f734b4471|rpc:scm1:9894|admin:|client:|dataStream:|priority:0|startupRole:FOLLOWER]|listeners:[], old=peers:[7f1f6a28-c3a5-4eee-acbf-242f734b4471|rpc:scm1:9894|admin:|client:|dataStream:|priority:0|startupRole:FOLLOWER]|listeners:[]
om2_1    | 2023-07-13 21:08:27,846 [pool-26-thread-1] INFO server.RaftServerConfigKeys: raft.server.log.appender.install.snapshot.enabled = false (custom)
dn3_1    | 2023-07-13 21:08:19,365 [28450ceb-79e2-40eb-9df1-503c49b15aa6@group-A42B3AE10655-LeaderElection1] INFO ratis.XceiverServerRatis: Leader change notification received for group: group-A42B3AE10655 with new leaderId: 28450ceb-79e2-40eb-9df1-503c49b15aa6
scm3_1   | 2023-07-13 21:08:24,380 [main] INFO safemode.OneReplicaPipelineSafeModeRule: Total pipeline count is 2, pipeline's with at least one datanode reported threshold count is 2
dn4_1    | 	at java.base/java.io.BufferedInputStream.read(BufferedInputStream.java:271)
recon_1  | 2023-07-13 21:08:18,237 [IPC Server handler 15 on default port 9891] WARN ipc.Server: IPC Server handler 15 on default port 9891, call Call#5 Retry#0 org.apache.hadoop.ozone.protocol.ReconDatanodeProtocol.submitRequest from 10.9.0.20:59200: output error
dn2_1    | 	at java.base/jdk.internal.reflect.NativeConstructorAccessorImpl.newInstance(NativeConstructorAccessorImpl.java:62)
dn1_1    | 2023-07-13 21:08:14,528 [0b8dffe5-0e51-40c3-8392-c67c149a7a94-impl-thread1] INFO segmented.SegmentedRaftLogWorker: 0b8dffe5-0e51-40c3-8392-c67c149a7a94@group-30A938F691D6-SegmentedRaftLogWorker: safeCacheEvictIndex: setUnconditionally 0 -> 0
dn5_1    | 2023-07-13 21:07:59,577 [EndpointStateMachine task thread for scm3/10.9.0.16:9861 - 0 ] INFO ipc.Client: Retrying connect to server: scm3/10.9.0.16:9861. Already tried 3 time(s); retry policy is RetryUpToMaximumCountWithFixedSleep(maxRetries=15, sleepTime=1000 MILLISECONDS)
om1_1    | 2023-07-13 21:08:27,024 [pool-26-thread-1] INFO server.RaftServerConfigKeys: raft.server.log.appender.install.snapshot.enabled = false (custom)
om3_1    | 2023-07-13 21:08:25,929 [pool-26-thread-1] INFO server.RaftServerConfigKeys: raft.server.retrycache.statistics.expirytime = 100?s (default)
scm2_1   | 2023-07-13 21:08:04,228 [ReplicationMonitor] INFO replication.ReplicationManager: Replication Manager is not ready to run until 5000ms after safemode exit
