scm2_1   | 2023-07-13 21:08:06,640 [efd5aac5-ab0a-4173-a1aa-62e19894a08f-impl-thread1] INFO storage.RaftStorageDirectory: Lock on /data/metadata/scm-ha/f577a72a-b960-48e2-accb-417dac3d8a6b/in_use.lock acquired by nodename 7@17655679874c
om3_1    | 2023-07-13 21:08:32,071 [om3-impl-thread1] INFO server.RaftServerConfigKeys: raft.server.log.segment.cache.size.max = 200MB (=209715200) (default)
scm1_1   | 2023-07-13 21:07:54,645 [Listener at 0.0.0.0/9860] INFO impl.MetricsConfig: Loaded properties from hadoop-metrics2.properties
dn2_1    | 	at java.base/java.io.BufferedInputStream.fill(BufferedInputStream.java:252)
recon_1  | 	at org.apache.hadoop.ipc.Server$Call.doResponse(Server.java:917)
dn5_1    | 	at java.base/java.io.FilterInputStream.read(FilterInputStream.java:83)
dn5_1    | 	at org.apache.hadoop.ipc.Client$Connection$PingInputStream.read(Client.java:563)
dn1_1    | 2023-07-13 21:08:15,340 [EndpointStateMachine task thread for scm1/10.9.0.14:9861 - 0 ] INFO ozoneimpl.OzoneContainer: Ignore. OzoneContainer already started.
dn4_1    | 	at java.base/java.util.concurrent.ThreadPoolExecutor.runWorker(ThreadPoolExecutor.java:1128)
dn4_1    | 	at java.base/java.util.concurrent.ThreadPoolExecutor$Worker.run(ThreadPoolExecutor.java:628)
scm2_1   | 2023-07-13 21:08:06,651 [efd5aac5-ab0a-4173-a1aa-62e19894a08f-impl-thread1] INFO storage.RaftStorage: Read RaftStorageMetadata{term=3, votedFor=7f1f6a28-c3a5-4eee-acbf-242f734b4471} from /data/metadata/scm-ha/f577a72a-b960-48e2-accb-417dac3d8a6b/current/raft-meta
om3_1    | 2023-07-13 21:08:32,114 [om3-impl-thread1] INFO segmented.SegmentedRaftLogWorker: new om3@group-D66704EFC61C-SegmentedRaftLogWorker for RaftStorageImpl:Storage Directory /data/metadata/ratis/5cb24680-b9e7-3c90-a862-d66704efc61c
om3_1    | 2023-07-13 21:08:32,115 [om3-impl-thread1] INFO server.RaftServerConfigKeys: raft.server.log.queue.byte-limit = 64MB (=67108864) (default)
dn2_1    | 	at java.base/java.io.BufferedInputStream.read(BufferedInputStream.java:271)
recon_1  | 	at org.apache.hadoop.ipc.Server$Call.sendResponse(Server.java:903)
dn5_1    | 	at java.base/java.io.DataInputStream.readInt(DataInputStream.java:392)
dn5_1    | 	at org.apache.hadoop.ipc.Client$IpcStreams.readResponse(Client.java:1922)
dn1_1    | 2023-07-13 21:08:15,852 [EndpointStateMachine task thread for scm3/10.9.0.16:9861 - 0 ] INFO ipc.Client: Retrying connect to server: scm3/10.9.0.16:9861. Already tried 5 time(s); retry policy is RetryUpToMaximumCountWithFixedSleep(maxRetries=15, sleepTime=1000 MILLISECONDS)
dn4_1    | 	at java.base/java.lang.Thread.run(Thread.java:829)
dn4_1    | Caused by: java.net.SocketTimeoutException: 5000 millis timeout while waiting for channel to be ready for read. ch : java.nio.channels.SocketChannel[connected local=/10.9.0.20:59194 remote=recon/10.9.0.22:9891]
scm2_1   | 2023-07-13 21:08:06,724 [efd5aac5-ab0a-4173-a1aa-62e19894a08f-impl-thread1] INFO server.RaftServer$Division: efd5aac5-ab0a-4173-a1aa-62e19894a08f@group-417DAC3D8A6B: set configuration 49: peers:[9f7177a3-8bd2-4075-bddd-4529f6496d52|rpc:scm3:9894|admin:|client:|dataStream:|priority:0|startupRole:FOLLOWER, efd5aac5-ab0a-4173-a1aa-62e19894a08f|rpc:scm2:9894|admin:|client:|dataStream:|priority:0|startupRole:FOLLOWER, 7f1f6a28-c3a5-4eee-acbf-242f734b4471|rpc:scm1:9894|admin:|client:|dataStream:|priority:0|startupRole:FOLLOWER]|listeners:[], old=null
om3_1    | 2023-07-13 21:08:32,115 [om3-impl-thread1] INFO server.RaftServerConfigKeys: raft.server.log.queue.element-limit = 4096 (default)
om3_1    | 2023-07-13 21:08:32,119 [om3-impl-thread1] INFO server.RaftServerConfigKeys: raft.server.log.segment.size.max = 4194304 (custom)
dn2_1    | 	at java.base/java.io.FilterInputStream.read(FilterInputStream.java:83)
recon_1  | 	at org.apache.hadoop.ipc.Server$RpcCall.run(Server.java:1060)
dn5_1    | 	at org.apache.hadoop.ipc.Client$Connection.receiveRpcResponse(Client.java:1238)
dn5_1    | 	at org.apache.hadoop.ipc.Client$Connection.run(Client.java:1134)
dn1_1    | 2023-07-13 21:08:16,854 [EndpointStateMachine task thread for scm3/10.9.0.16:9861 - 0 ] INFO ipc.Client: Retrying connect to server: scm3/10.9.0.16:9861. Already tried 6 time(s); retry policy is RetryUpToMaximumCountWithFixedSleep(maxRetries=15, sleepTime=1000 MILLISECONDS)
dn4_1    | 	at org.apache.hadoop.net.SocketIOWithTimeout.doIO(SocketIOWithTimeout.java:163)
dn4_1    | 	at org.apache.hadoop.net.SocketInputStream.read(SocketInputStream.java:161)
scm2_1   | 2023-07-13 21:08:06,740 [efd5aac5-ab0a-4173-a1aa-62e19894a08f-impl-thread1] INFO server.RaftServerConfigKeys: raft.server.log.use.memory = false (default)
om3_1    | 2023-07-13 21:08:32,126 [om3-impl-thread1] INFO server.RaftServerConfigKeys: raft.server.log.preallocated.size = 4194304 (custom)
om3_1    | 2023-07-13 21:08:32,133 [om3-impl-thread1] INFO server.RaftServerConfigKeys: raft.server.log.force.sync.num = 128 (default)
om3_1    | 2023-07-13 21:08:32,139 [om3-impl-thread1] INFO server.RaftServerConfigKeys: raft.server.log.statemachine.data.sync = true (default)
om3_1    | 2023-07-13 21:08:32,141 [om3-impl-thread1] INFO server.RaftServerConfigKeys: raft.server.log.statemachine.data.sync.timeout = 10s (default)
om3_1    | 2023-07-13 21:08:32,142 [om3-impl-thread1] INFO server.RaftServerConfigKeys: raft.server.log.statemachine.data.sync.timeout.retry = -1 (default)
om1_1    | 2023-07-13 21:08:30,866 [om1-impl-thread1] INFO segmented.SegmentedRaftLogWorker: new om1@group-D66704EFC61C-SegmentedRaftLogWorker for RaftStorageImpl:Storage Directory /data/metadata/ratis/5cb24680-b9e7-3c90-a862-d66704efc61c
om1_1    | 2023-07-13 21:08:30,874 [om1-impl-thread1] INFO server.RaftServerConfigKeys: raft.server.log.queue.byte-limit = 64MB (=67108864) (default)
dn1_1    | 2023-07-13 21:08:17,862 [EndpointStateMachine task thread for scm3/10.9.0.16:9861 - 0 ] INFO ipc.Client: Retrying connect to server: scm3/10.9.0.16:9861. Already tried 7 time(s); retry policy is RetryUpToMaximumCountWithFixedSleep(maxRetries=15, sleepTime=1000 MILLISECONDS)
om2_1    | 2023-07-13 21:08:32,090 [om2-impl-thread1] INFO server.RaftServerConfigKeys: raft.server.log.queue.byte-limit = 64MB (=67108864) (default)
scm2_1   | 2023-07-13 21:08:06,747 [efd5aac5-ab0a-4173-a1aa-62e19894a08f-impl-thread1] INFO server.RaftServerConfigKeys: raft.server.log.purge.gap = 1000000 (custom)
om3_1    | 2023-07-13 21:08:32,199 [om3-impl-thread1] INFO server.RaftServerConfigKeys: raft.server.log.write.buffer.size = 64KB (=65536) (default)
recon_1  | 	at org.apache.hadoop.ipc.Server$RpcCall.run(Server.java:971)
om1_1    | 2023-07-13 21:08:30,875 [om1-impl-thread1] INFO server.RaftServerConfigKeys: raft.server.log.queue.element-limit = 4096 (default)
dn4_1    | 	at org.apache.hadoop.net.SocketInputStream.read(SocketInputStream.java:131)
dn2_1    | 	at java.base/java.io.FilterInputStream.read(FilterInputStream.java:83)
scm1_1   | 2023-07-13 21:07:54,827 [Listener at 0.0.0.0/9860] INFO impl.MetricsSystemImpl: Scheduled Metric snapshot period at 10 second(s).
dn5_1    | 2023-07-13 21:08:00,608 [EndpointStateMachine task thread for scm1/10.9.0.14:9861 - 0 ] WARN statemachine.EndpointStateMachine: Unable to communicate to SCM server at scm1:9861 for past 0 seconds.
dn1_1    | 2023-07-13 21:08:18,882 [EndpointStateMachine task thread for scm3/10.9.0.16:9861 - 0 ] INFO ipc.Client: Retrying connect to server: scm3/10.9.0.16:9861. Already tried 8 time(s); retry policy is RetryUpToMaximumCountWithFixedSleep(maxRetries=15, sleepTime=1000 MILLISECONDS)
om2_1    | 2023-07-13 21:08:32,092 [om2-impl-thread1] INFO server.RaftServerConfigKeys: raft.server.log.queue.element-limit = 4096 (default)
scm3_1   | Max Datanodes to Involve per Iteration(percent)    20
scm2_1   | 2023-07-13 21:08:06,748 [efd5aac5-ab0a-4173-a1aa-62e19894a08f-impl-thread1] INFO server.RaftServerConfigKeys: raft.server.log.appender.buffer.byte-limit = 33554432 (custom)
om3_1    | 2023-07-13 21:08:32,211 [om3-impl-thread1] INFO server.RaftServerConfigKeys: raft.server.log.unsafe-flush.enabled = false (default)
recon_1  | 	at java.base/java.security.AccessController.doPrivileged(Native Method)
om1_1    | 2023-07-13 21:08:30,881 [om1-impl-thread1] INFO server.RaftServerConfigKeys: raft.server.log.segment.size.max = 4194304 (custom)
dn4_1    | 	at java.base/java.io.FilterInputStream.read(FilterInputStream.java:133)
dn2_1    | 	at org.apache.hadoop.ipc.Client$Connection$PingInputStream.read(Client.java:563)
scm1_1   | 2023-07-13 21:07:54,827 [Listener at 0.0.0.0/9860] INFO impl.MetricsSystemImpl: StorageContainerManager metrics system started
dn5_1    | java.net.SocketTimeoutException: Call From eadcea62aa7c/10.9.0.21 to scm1:9861 failed on socket timeout exception: java.net.SocketTimeoutException: 5000 millis timeout while waiting for channel to be ready for read. ch : java.nio.channels.SocketChannel[connected local=/10.9.0.21:51390 remote=scm1/10.9.0.14:9861]; For more details see:  http://wiki.apache.org/hadoop/SocketTimeout
dn1_1    | 2023-07-13 21:08:19,883 [EndpointStateMachine task thread for scm3/10.9.0.16:9861 - 0 ] INFO ipc.Client: Retrying connect to server: scm3/10.9.0.16:9861. Already tried 9 time(s); retry policy is RetryUpToMaximumCountWithFixedSleep(maxRetries=15, sleepTime=1000 MILLISECONDS)
om2_1    | 2023-07-13 21:08:32,101 [om2-impl-thread1] INFO server.RaftServerConfigKeys: raft.server.log.segment.size.max = 4194304 (custom)
scm3_1   | Max Size to Move per Iteration                     500GB
scm2_1   | 2023-07-13 21:08:06,750 [efd5aac5-ab0a-4173-a1aa-62e19894a08f-impl-thread1] INFO server.RaftServerConfigKeys: raft.server.log.statemachine.data.read.timeout = 1000ms (default)
om3_1    | 2023-07-13 21:08:32,219 [om3-impl-thread1] INFO server.RaftServerConfigKeys: raft.server.log.async-flush.enabled = false (default)
recon_1  | 	at java.base/javax.security.auth.Subject.doAs(Subject.java:423)
om1_1    | 2023-07-13 21:08:30,881 [om1-impl-thread1] INFO server.RaftServerConfigKeys: raft.server.log.preallocated.size = 4194304 (custom)
dn4_1    | 	at java.base/java.io.BufferedInputStream.fill(BufferedInputStream.java:252)
dn2_1    | 	at java.base/java.io.DataInputStream.readInt(DataInputStream.java:392)
scm1_1   | 2023-07-13 21:07:56,808 [Listener at 0.0.0.0/9860] INFO server.SCMClientProtocolServer: RPC server for Client  is listening at /0.0.0.0:9860
dn5_1    | 	at java.base/jdk.internal.reflect.NativeConstructorAccessorImpl.newInstance0(Native Method)
dn1_1    | 2023-07-13 21:08:20,199 [0b8dffe5-0e51-40c3-8392-c67c149a7a94@group-30A938F691D6-FollowerState] INFO impl.FollowerState: 0b8dffe5-0e51-40c3-8392-c67c149a7a94@group-30A938F691D6-FollowerState: change to CANDIDATE, lastRpcElapsedTime:5126611136ns, electionTimeout:5058ms
om2_1    | 2023-07-13 21:08:32,108 [om2-impl-thread1] INFO server.RaftServerConf