2026-08-25 05:42:24,165 | INFO  | DNAudit | user=null | ip=null | op=READ_CONTAINER {"containerID":"3"} | ret=SUCCESS |  
2026-08-25 05:42:25,334 | INFO  | DNAudit | user=null | ip=null | op=READ_CONTAINER {"containerID":"3"} | ret=SUCCESS |  
2026-08-25 05:42:59,378 | INFO  | DNAudit | user=null | ip=null | op=READ_CONTAINER {"containerID":"3"} | ret=SUCCESS |  
2026-08-25 05:42:59,641 | INFO  | DNAudit | user=null | ip=null | op=READ_CONTAINER {"containerID":"3"} | ret=SUCCESS |  
2026-08-25 05:44:28,028 | INFO  | DNAudit | user=null | ip=null | op=CLOSE_CONTAINER {"containerID":"3"} | ret=SUCCESS |  
2026-08-25 05:44:32,321 | ERROR | DNAudit | user=null | ip=null | op=CLOSE_CONTAINER {"containerID":"6"} | ret=FAILURE | java.lang.Exception: Cannot close container #6 while in UNHEALTHY state.
	at org.apache.hadoop.ozone.container.common.impl.HddsDispatcher.dispatchRequest(HddsDispatcher.java:459)
	at org.apache.hadoop.ozone.container.common.impl.HddsDispatcher.lambda$dispatch$0(HddsDispatcher.java:198)
 
2026-08-25 05:44:38,226 | INFO  | DNAudit | user=null | ip=null | op=READ_CONTAINER {"containerID":"3"} | ret=SUCCESS |  
2026-08-25 05:44:38,328 | INFO  | DNAudit | user=null | ip=null | op=READ_CONTAINER {"containerID":"3"} | ret=SUCCESS |  
2026-08-25 05:44:45,741 | INFO  | DNAudit | user=null | ip=null | op=READ_CONTAINER {"containerID":"3"} | ret=SUCCESS |  
2026-08-25 05:44:45,897 | INFO  | DNAudit | user=null | ip=null | op=READ_CONTAINER {"containerID":"3"} | ret=SUCCESS |  
2026-08-25 05:44:53,325 | INFO  | DNAudit | user=null | ip=null | op=READ_CONTAINER {"containerID":"3"} | ret=SUCCESS |  
2026-08-25 05:44:53,422 | INFO  | DNAudit | user=null | ip=null | op=READ_CONTAINER {"containerID":"3"} | ret=SUCCESS |  
2026-08-25 05:45:19,436 | INFO  | DNAudit | user=null | ip=null | op=READ_CONTAINER {"containerID":"8"} | ret=SUCCESS |  
2026-08-25 05:45:41,319 | INFO  | DNAudit | user=null | ip=null | op=READ_CONTAINER {"containerID":"8"} | ret=SUCCESS |  
2026-08-25 05:46:05,898 | INFO  | DNAudit | user=null | ip=null | op=READ_CONTAINER {"containerID":"8"} | ret=SUCCESS |  
2026-08-25 05:46:06,361 | INFO  | DNAudit | user=null | ip=null | op=READ_CONTAINER {"containerID":"8"} | ret=SUCCESS |  
2026-08-25 05:46:25,360 | INFO  | DNAudit | user=null | ip=null | op=READ_CONTAINER {"containerID":"8"} | ret=SUCCESS |  
2026-08-25 05:47:14,483 | ERROR | DNAudit | user=null | ip=null | op=CLOSE_CONTAINER {"containerID":"6"} | ret=FAILURE | java.lang.Exception: Cannot close container #6 while in UNHEALTHY state.
	at org.apache.hadoop.ozone.container.common.impl.HddsDispatcher.dispatchRequest(HddsDispatcher.java:459)
	at org.apache.hadoop.ozone.container.common.impl.HddsDispatcher.lambda$dispatch$0(HddsDispatcher.java:198)
 
2026-08-25 05:47:24,616 | ERROR | DNAudit | user=null | ip=null | op=GET_BLOCK {"blockData":"conID: 3 locID: 117883640217600101 bcsId: 2 replicaIndex: null"} | ret=FAILURE | java.lang.Exception: Unable to find the block with bcsID 2. Container 3 bcsId is 0.
	at org.apache.hadoop.ozone.container.common.impl.HddsDispatcher.dispatchRequest(HddsDispatcher.java:459)
	at org.apache.hadoop.ozone.container.common.impl.HddsDispatcher.lambda$dispatch$0(HddsDispatcher.java:198)
 
2026-08-25 05:47:24,725 | ERROR | DNAudit | user=null | ip=null | op=GET_BLOCK {"blockData":"conID: 3 locID: 117883640217600102 bcsId: 6 replicaIndex: null"} | ret=FAILURE | java.lang.Exception: Unable to find the block with bcsID 6. Container 3 bcsId is 0.
	at org.apache.hadoop.ozone.container.common.impl.HddsDispatcher.dispatchRequest(HddsDispatcher.java:459)
	at org.apache.hadoop.ozone.container.common.impl.HddsDispatcher.lambda$dispatch$0(HddsDispatcher.java:198)
 
