Using Docker Compose v2
Executing test ozonesecure-ha/test-ranger.sh
Using Docker Compose v2
Downloading /tmp/apache-ranger-2.9.0.tar.gz from https://www.apache.org/dyn/closer.lua?action=download&filename=ranger/2.9.0/apache-ranger-2.9.0.tar.gz
Downloading /tmp/ranger-2.9.0-ozone-plugin.tar.gz from https://www.apache.org/dyn/closer.lua?action=download&filename=ranger/2.9.0/plugins/ozone/ranger-2.9.0-ozone-plugin.tar.gz
curl: (22) The requested URL returned error: 503
tar (child): /tmp/ranger-2.9.0-ozone-plugin.tar.gz: Cannot open: No such file or directory
tar (child): Error is not recoverable: exiting now
tar: Child returned status 2
tar: Error is not recoverable: exiting now
ERROR: Test execution of ozonesecure-ha/test-ranger.sh is FAILED!!!!
find: ‘ozonesecure-ha/result’: No such file or directory
mkdir: created directory '/home/runner/work/ozone/ozone/hadoop-ozone/dist/target/ozone-2.3.0-SNAPSHOT/compose/result/ozonesecure-ha'
mkdir: created directory '/home/runner/work/ozone/ozone/hadoop-ozone/dist/target/ozone-2.3.0-SNAPSHOT/compose/result/ozonesecure-ha/ranger'
mv: cannot stat 'ozonesecure-ha/result/*': No such file or directory
Executing test ozonesecure-ha/test-sts.sh
Using Docker Compose v2
/tmp/apache-ranger-2.9.0.tar.gz already downloaded
Downloading /tmp/ranger-2.9.0-ozone-plugin.tar.gz from https://www.apache.org/dyn/closer.lua?action=download&filename=ranger/2.9.0/plugins/ozone/ranger-2.9.0-ozone-plugin.tar.gz
Port 88 is available on kdc
Port 9860 is available on scm1.org
SCM is out of safe mode.
Found OM leader for service omservice: om3 : LEADER (om3)
Replaced OM order with om3,om2,om1 in ozonesecure-ha-datanode1-1
Replaced OM order with om3,om2,om1 in ozonesecure-ha-datanode2-1
Replaced OM order with om3,om2,om1 in ozonesecure-ha-datanode3-1
Replaced OM order with om3,om2,om1 in ozonesecure-ha-httpfs-1
Replaced OM order with om3,om2,om1 in ozonesecure-ha-om1-1
Replaced OM order with om3,om2,om1 in ozonesecure-ha-om2-1
Replaced OM order with om3,om2,om1 in ozonesecure-ha-om3-1
Replaced OM order with om3,om2,om1 in ozonesecure-ha-recon-1
Replaced OM order with om3,om2,om1 in ozonesecure-ha-s3g-1
Replaced OM order with om3,om2,om1 in ozonesecure-ha-scm1.org-1
Replaced OM order with om3,om2,om1 in ozonesecure-ha-scm2.org-1
Replaced OM order with om3,om2,om1 in ozonesecure-ha-scm3.org-1
Port 6080 is available on ranger
==============================================================================
Ozone-Secure-Sts :: Smoke test for S3 STS AssumeRole + Temp Creds             
==============================================================================
Create User in Ranger                                                 | PASS |
------------------------------------------------------------------------------
Create All Access Roles in Ranger                                     | PASS |
------------------------------------------------------------------------------
Create Read Only Roles in Ranger                                      | PASS |
------------------------------------------------------------------------------
Create Temp Bucket Access Policies                                    | PASS |
------------------------------------------------------------------------------
Create All Access Assume Role Policies                                | PASS |
------------------------------------------------------------------------------
Create Read Only Assume Role Policies                                 | PASS |
------------------------------------------------------------------------------
Create Iceberg Volume Access Policy                                   | PASS |
------------------------------------------------------------------------------
Create Iceberg Bucket Access Policies                                 | PASS |
------------------------------------------------------------------------------
Create Iceberg Table Access Policies                                  | PASS |
------------------------------------------------------------------------------
Create Iceberg Multi-Bucket Role Policies                             | PASS |
------------------------------------------------------------------------------
Create STS Link Bucket Role in Ranger                                 | PASS |
------------------------------------------------------------------------------
Create STS Link Bucket Access Policies                                | PASS |
------------------------------------------------------------------------------
Create Partial Access Roles in Ranger                                 | PASS |
------------------------------------------------------------------------------
Create Partial Access Assume Role Policies                            | PASS |
------------------------------------------------------------------------------
Create Partial Access Volume Policies                                 | PASS |
------------------------------------------------------------------------------
Create Partial Access Bucket Policies                                 | PASS |
------------------------------------------------------------------------------
Create Partial Access Table Policies                                  | PASS |
------------------------------------------------------------------------------
Create Action Matches Roles in Ranger                                 | PASS |
------------------------------------------------------------------------------
Create Action Matches Assume Role Policies                            | PASS |
------------------------------------------------------------------------------
Create Action Matches Volume Policies                                 | PASS |
------------------------------------------------------------------------------
Create Action Matches Bucket Policies                                 | PASS |
------------------------------------------------------------------------------
Create Action Matches Table Policies                                  | PASS |
------------------------------------------------------------------------------
Get S3 Credentials for Service Catalog Principal, Create Iceberg B... | PASS |
------------------------------------------------------------------------------
Assume Role for Limited-Scope Token                                   | PASS |
------------------------------------------------------------------------------
Assume Role for Role-Scoped Token                                     | PASS |
------------------------------------------------------------------------------
Assume Role with Invalid Action in Session Policy                     | PASS |
------------------------------------------------------------------------------
Assume Role with Mismatched Action and Resource in Session Policy     | PASS |
------------------------------------------------------------------------------
Assume Role with Elevated Access in Session Policy Should Fail        | PASS |
------------------------------------------------------------------------------
Assume Role with Malformed Session Policy JSON Should Fail            | PASS |
------------------------------------------------------------------------------
Assume Role with Unsupported Condition Operator in Session Policy ... | PASS |
------------------------------------------------------------------------------
Assume Role with GetObject in Session Policy Using s3:prefix Shoul... | PASS |
------------------------------------------------------------------------------
Assume Role with GetObject in Session Policy Should Not Allow List... | PASS |
------------------------------------------------------------------------------
STS Token with Bogus Credential Part Should Fail                      | PASS |
------------------------------------------------------------------------------
Assume Role Without Ranger Permission Should Fail                     | PASS |
------------------------------------------------------------------------------
Assume Role With Incorrect Permanent Credentials Should Fail          | PASS |
------------------------------------------------------------------------------
STS Token with Presigned URL                                          | PASS |
------------------------------------------------------------------------------
Verify Token Revocation via CLI                                       | PASS |
------------------------------------------------------------------------------
Non-Admin Cannot Revoke STS Token                                     | PASS |
------------------------------------------------------------------------------
Revoke STS Token Should Fail For Unknown Original Access Key Id       | PASS |
------------------------------------------------------------------------------
List Objects V1 and V2 IAM Session Policy Matrix for OBS and FSO      | PASS |
------------------------------------------------------------------------------
Assume Role Request With Oversized Payload Should Fail                | PASS |
------------------------------------------------------------------------------
Doubled STS Session Token Must Fail                                   | PASS |
------------------------------------------------------------------------------
Tampered STS Token Service, Policy, or Signature Must Fail            | PASS |
------------------------------------------------------------------------------
Assume Role Session Policy With Multiple Buckets Should Access All... | PASS |
------------------------------------------------------------------------------
Assume Role Session Policy With Wildcard Bucket Should Work           | PASS |
------------------------------------------------------------------------------
Assume Role Without Duration Should Default To One Hour               | PASS |
------------------------------------------------------------------------------
Assume Role Should Fail For Invalid Sts Endpoint Path                 | PASS |
------------------------------------------------------------------------------
Assume Role Should Fail For Too Short Role Arn                        | PASS |
------------------------------------------------------------------------------
Assume Role Should Fail For Too Short Role Session Name               | PASS |
------------------------------------------------------------------------------
Assume Role Should Fail For Invalid Duration                          | PASS |
------------------------------------------------------------------------------
Assume Role With ExternalId Should Fail As UnsupportedOperation       | PASS |
------------------------------------------------------------------------------
Assume Role With Session Tags Should Fail As UnsupportedOperation     | PASS |
------------------------------------------------------------------------------
Assume Role With ExternalId In Query Should Fail As UnsupportedOpe... | PASS |
------------------------------------------------------------------------------
Assume Role With Session Tags In Query Should Fail As UnsupportedO... | PASS |
------------------------------------------------------------------------------
Assume Role With Transitive Tag Keys Should Fail As UnsupportedOpe... | PASS |
------------------------------------------------------------------------------
Assume Role With PolicyArns Should Fail As UnsupportedOperation       | PASS |
------------------------------------------------------------------------------
Assume Role Response Should Include STS Request Headers               | PASS |
------------------------------------------------------------------------------
STS session policy ListAllMyBuckets must require volume READ and LIST | PASS |
------------------------------------------------------------------------------
STS session policy ListBucket must require bucket READ and LIST       | PASS |
------------------------------------------------------------------------------
STS session policy ListBucketMultipartUploads must require bucket ... | PASS |
------------------------------------------------------------------------------
STS session policy GetBucketAcl must require bucket READ and READ_ACL | PASS |
------------------------------------------------------------------------------
STS session policy PutObject must require key CREATE and WRITE        | PASS |
------------------------------------------------------------------------------
Ranger action-matches PutObject with READ only must deny PutObject    | PASS |
------------------------------------------------------------------------------
Ranger action-matches PutObject with CREATE and WRITE allows only ... | PASS |
------------------------------------------------------------------------------
Ranger action-matches GetObject with READ allows UploadPartCopy so... | PASS |
------------------------------------------------------------------------------
Ranger action-matches Get* with READ allows GetObject but denies P... | PASS |
------------------------------------------------------------------------------
STS session policy CreateBucket must require bucket CREATE            | PASS |
------------------------------------------------------------------------------
STS session policy DeleteBucket must require bucket DELETE            | PASS |
------------------------------------------------------------------------------
STS session policy PutBucketAcl must require bucket WRITE_ACL         | PASS |
------------------------------------------------------------------------------
STS session policy GetBucketTagging must require bucket READ          | PASS |
------------------------------------------------------------------------------
STS session policy PutBucketTagging must require bucket READ and W... | PASS |
------------------------------------------------------------------------------
STS session policy PutBucketTagging must authorize DeleteBucketTag... | PASS |
------------------------------------------------------------------------------
STS session policy GetLifecycleConfiguration must require bucket READ | PASS |
------------------------------------------------------------------------------
STS session policy PutLifecycleConfiguration must require bucket R... | PASS |
------------------------------------------------------------------------------
STS session policy PutLifecycleConfiguration must authorize Delete... | PASS |
------------------------------------------------------------------------------
STS session policy GetObjectTagging must require key READ             | PASS |
------------------------------------------------------------------------------
STS session policy PutObjectTagging must require key WRITE            | PASS |
------------------------------------------------------------------------------
STS session policy DeleteObjectTagging must require key WRITE         | PASS |
------------------------------------------------------------------------------
STS session policy DeleteObject must require key DELETE               | PASS |
------------------------------------------------------------------------------
STS session policy ListMultipartUploadParts must require key READ     | PASS |
------------------------------------------------------------------------------
STS session policy AbortMultipartUpload must require key WRITE        | PASS |
------------------------------------------------------------------------------
STS session policy GetObjectAttributes must require GetObject and ... | PASS |
------------------------------------------------------------------------------
STS session policy containing only GetObject must deny GetObjectTa... | PASS |
------------------------------------------------------------------------------
STS session policy containing only PutObject must deny PutObjectTa... | PASS |
------------------------------------------------------------------------------
STS session policy CopyObject must require source GetObject and de... | PASS |
------------------------------------------------------------------------------
STS session policy UploadPartCopy must require source GetObject an... | PASS |
------------------------------------------------------------------------------
Ranger action-matches UploadPartCopy expected-owner should allow      | PASS |
------------------------------------------------------------------------------
Ranger action-matches CopyObject expected-owner should allow          | PASS |
------------------------------------------------------------------------------
STS session policy s3:* on bucket resource must allow bucket APIs ... | PASS |
------------------------------------------------------------------------------
STS session policy s3:* on object resource must allow object APIs ... | PASS |
------------------------------------------------------------------------------
STS session policy s3:* on * must allow ListAllMyBuckets, Create/L... | PASS |
------------------------------------------------------------------------------
STS session policy containing only GetObject must deny DeleteObjects  | PASS |
------------------------------------------------------------------------------
STS Session Policy On Linked Bucket Grants GetObject On Source Bucket | PASS |
------------------------------------------------------------------------------
STS Role On Linked Bucket Grants GetObject On Source Bucket           | PASS |
------------------------------------------------------------------------------
STS Session Policy On Chained Linked Bucket Grants GetObject On So... | PASS |
------------------------------------------------------------------------------
STS Role On Chained Linked Bucket Grants GetObject On Source Bucket   | PASS |
------------------------------------------------------------------------------
Get Caller Identity With Permanent Credentials Should Succeed         | PASS |
------------------------------------------------------------------------------
Get Caller Identity With STS Credentials Should Succeed               | PASS |
------------------------------------------------------------------------------
Get Caller Identity Ignores Extra Parameters                          | PASS |
------------------------------------------------------------------------------
Get Caller Identity Rejects Missing Version                           | PASS |
------------------------------------------------------------------------------
Get Caller Identity Rejects Invalid Version                           | PASS |
------------------------------------------------------------------------------
Expired STS temporary credentials must return ExpiredToken on S3 APIs | PASS |
------------------------------------------------------------------------------
Revoking Permanent User Must Revoke Existing Session Token            | PASS |
------------------------------------------------------------------------------
Ozone-Secure-Sts :: Smoke test for S3 STS AssumeRole + Temp Creds     | PASS |
103 tests, 103 passed, 0 failed
==============================================================================
Output:  /tmp/smoketest/ozonesecure-ha/result/robot-001.xml
==============================================================================
Ozone-Secure-Sts-Multitenant :: Smoke test for S3 STS AssumeRole + Temp Cre...
==============================================================================
Create Users in Ranger                                                | PASS |
------------------------------------------------------------------------------
Create Tenants                                                        | PASS |
------------------------------------------------------------------------------
Assign Users to Tenants                                               | PASS |
------------------------------------------------------------------------------
Create Roles in Ranger                                                | PASS |
------------------------------------------------------------------------------
Create Assume Role Policies                                           | PASS |
------------------------------------------------------------------------------
Update Tenant Volume Access policies                                  | PASS |
------------------------------------------------------------------------------
Create Bucket Access policies                                         | PASS |
------------------------------------------------------------------------------
Create Iceberg Bucket and Another Bucket Table Access policies        | PASS |
------------------------------------------------------------------------------
Get S3 Credentials for Principals, Create Buckets, and Upload File... | PASS |
------------------------------------------------------------------------------
Create Role-Scoped Tokens for All Three Tenants                       | PASS |
------------------------------------------------------------------------------
Verify Role-Scoped Token Accesses                                     | PASS |
------------------------------------------------------------------------------
Create Limited-Scoped Tokens for All Three Tenants                    | PASS |
------------------------------------------------------------------------------
Verify Limited-Scoped Token Accesses                                  | PASS |
------------------------------------------------------------------------------
Tenant One Role Session Policy Must Not Access Tenant Three Bucket    | PASS |
------------------------------------------------------------------------------
Tenant One User Must Not Assume Tenant Three Role                     | PASS |
------------------------------------------------------------------------------
Multitenant Revocation Scenarios                                      | PASS |
------------------------------------------------------------------------------
Ozone-Secure-Sts-Multitenant :: Smoke test for S3 STS AssumeRole +... | PASS |
16 tests, 16 passed, 0 failed
==============================================================================
Output:  /tmp/smoketest/ozonesecure-ha/result/robot-002.xml
Using Docker Compose v2
Fetching permanent S3 credentials for svc-iceberg-rest-catalog...
time="2026-10-09T03:16:38Z" level=warning msg="The \"POLARIS_AWS_ACCESS_KEY_ID\" variable is not set. Defaulting to a blank string."
time="2026-10-09T03:16:38Z" level=warning msg="The \"POLARIS_AWS_SECRET_ACCESS_KEY\" variable is not set. Defaulting to a blank string."
time="2026-10-09T03:16:38Z" level=warning msg="The \"POLARIS_AWS_ACCESS_KEY_ID\" variable is not set. Defaulting to a blank string."
time="2026-10-09T03:16:38Z" level=warning msg="The \"POLARIS_AWS_SECRET_ACCESS_KEY\" variable is not set. Defaulting to a blank string."
Starting Polaris (apache/polaris:1.4.1)...
Port 8181 is not available on polaris yet
Port 8181 is not available on polaris yet
Port 8181 is available on polaris
Provisioning Polaris catalog (quickstart_catalog)...
Waiting for S3 gateway at http://s3g:9878...
http://s3g:9878 is available
Obtaining Polaris OAuth token...
Creating catalog quickstart_catalog in realm POLARIS...
{"type":"INTERNAL","name":"quickstart_catalog","properties":{"default-base-location":"s3://iceberg-obs/polaris-smoke"},"createTimestamp":1791515815603,"lastUpdateTimestamp":0,"entityVersion":1,"storageConfigInfo":{"roleArn":"arn:aws:iam::123456789012:role/iceberg-data-all-access-obs","allowedKmsKeys":[],"region":"us-west-2","endpoint":"http://s3g:9878","stsEndpoint":"http://s3g:9880","stsUnavailable":false,"endpointInternal":"http://s3g:9878","pathStyleAccess":true,"storageType":"S3","allowedLocations":["s3://iceberg-obs/polaris-smoke"]}}
Granting catalog_admin CATALOG_MANAGE_CONTENT on quickstart_catalog...

Polaris catalog setup complete.
Running Spark SQL against Polaris with STS vended credentials...
:: loading settings :: url = jar:file:/opt/spark/jars/ivy-2.5.1.jar!/org/apache/ivy/core/settings/ivysettings.xml
Ivy Default Cache set to: /root/.ivy2/cache
The jars for the packages stored in: /root/.ivy2/jars
org.apache.iceberg#iceberg-spark-runtime-3.5_2.12 added as a dependency
org.apache.iceberg#iceberg-aws-bundle added as a dependency
:: resolving dependencies :: org.apache.spark#spark-submit-parent-fc1b12aa-8a1a-49dd-9e4d-047282d1b2c8;1.0
	confs: [default]
	found org.apache.iceberg#iceberg-spark-runtime-3.5_2.12;1.10.1 in central
	found org.apache.iceberg#iceberg-aws-bundle;1.10.1 in central
downloading https://repo1.maven.org/maven2/org/apache/iceberg/iceberg-spark-runtime-3.5_2.12/1.10.1/iceberg-spark-runtime-3.5_2.12-1.10.1.jar ...
	[SUCCESSFUL ] org.apache.iceberg#iceberg-spark-runtime-3.5_2.12;1.10.1!iceberg-spark-runtime-3.5_2.12.jar (595ms)
downloading https://repo1.maven.org/maven2/org/apache/iceberg/iceberg-aws-bundle/1.10.1/iceberg-aws-bundle-1.10.1.jar ...
	[SUCCESSFUL ] org.apache.iceberg#iceberg-aws-bundle;1.10.1!iceberg-aws-bundle.jar (385ms)
:: resolution report :: resolve 476ms :: artifacts dl 984ms
	:: modules in use:
	org.apache.iceberg#iceberg-aws-bundle;1.10.1 from central in [default]
	org.apache.iceberg#iceberg-spark-runtime-3.5_2.12;1.10.1 from central in [default]
	---------------------------------------------------------------------
	|                  |            modules            ||   artifacts   |
	|       conf       | number| search|dwnlded|evicted|| number|dwnlded|
	---------------------------------------------------------------------
	|      default     |   2   |   2   |   2   |   0   ||   2   |   2   |
	---------------------------------------------------------------------
:: retrieving :: org.apache.spark#spark-submit-parent-fc1b12aa-8a1a-49dd-9e4d-047282d1b2c8
	confs: [default]
	2 artifacts copied, 0 already retrieved (107239kB/45ms)
26/10/09 03:17:10 WARN NativeCodeLoader: Unable to load native-hadoop library for your platform... using builtin-java classes where applicable
Setting default log level to "WARN".
To adjust logging level use sc.setLogLevel(newLevel). For SparkR, use setLogLevel(newLevel).
26/10/09 03:17:12 WARN HiveConf: HiveConf of name hive.stats.jdbc.timeout does not exist
26/10/09 03:17:12 WARN HiveConf: HiveConf of name hive.stats.retries.wait does not exist
26/10/09 03:17:14 WARN ObjectStore: Version information not found in metastore. hive.metastore.schema.verification is not enabled so recording the schema version 2.3.0
26/10/09 03:17:14 WARN ObjectStore: setMetaStoreSchemaVersion called but recording version is disabled: version = 2.3.0, comment = Set by MetaStore UNKNOWN@172.25.0.2
26/10/09 03:17:14 WARN ObjectStore: Failed to get database default, returning NoSuchObjectException
Spark Web UI available at http://6e23f0c73b6c:4040
Spark master: local[*], Application Id: local-1791515831311
26/10/09 03:17:15 WARN ObjectStore: Failed to get database global_temp, returning NoSuchObjectException
Time taken: 0.863 seconds
Time taken: 0.334 seconds
Time taken: 0.043 seconds
Time taken: 0.843 seconds
Time taken: 2.276 seconds
1	testing STS
Time taken: 0.529 seconds, Fetched 1 row(s)
Polaris STS smoke test passed.
Output:  /rebot-output/ozonesecure-ha-sts.xml
renamed '/home/runner/work/ozone/ozone/hadoop-ozone/dist/target/ozone-2.3.0-SNAPSHOT/compose/result/rebot-uX519l/ozonesecure-ha-sts.xml' -> '/home/runner/work/ozone/ozone/hadoop-ozone/dist/target/ozone-2.3.0-SNAPSHOT/compose/result/ozonesecure-ha-sts.xml'
removed 'ozonesecure-ha/result/robot-001.xml'
removed 'ozonesecure-ha/result/robot-002.xml'
mkdir: created directory '/home/runner/work/ozone/ozone/hadoop-ozone/dist/target/ozone-2.3.0-SNAPSHOT/compose/result/ozonesecure-ha/sts'
renamed 'ozonesecure-ha/result/dn-audit-3fbf9a24bf3a.log' -> '/home/runner/work/ozone/ozone/hadoop-ozone/dist/target/ozone-2.3.0-SNAPSHOT/compose/result/ozonesecure-ha/sts/dn-audit-3fbf9a24bf3a.log'
renamed 'ozonesecure-ha/result/dn-audit-6fdee20dd388.log' -> '/home/runner/work/ozone/ozone/hadoop-ozone/dist/target/ozone-2.3.0-SNAPSHOT/compose/result/ozonesecure-ha/sts/dn-audit-6fdee20dd388.log'
renamed 'ozonesecure-ha/result/dn-audit-7028e471899b.log' -> '/home/runner/work/ozone/ozone/hadoop-ozone/dist/target/ozone-2.3.0-SNAPSHOT/compose/result/ozonesecure-ha/sts/dn-audit-7028e471899b.log'
renamed 'ozonesecure-ha/result/docker-ozonesecure-ha-datanode1-1.log' -> '/home/runner/work/ozone/ozone/hadoop-ozone/dist/target/ozone-2.3.0-SNAPSHOT/compose/result/ozonesecure-ha/sts/docker-ozonesecure-ha-datanode1-1.log'
renamed 'ozonesecure-ha/result/docker-ozonesecure-ha-datanode2-1.log' -> '/home/runner/work/ozone/ozone/hadoop-ozone/dist/target/ozone-2.3.0-SNAPSHOT/compose/result/ozonesecure-ha/sts/docker-ozonesecure-ha-datanode2-1.log'
renamed 'ozonesecure-ha/result/docker-ozonesecure-ha-datanode3-1.log' -> '/home/runner/work/ozone/ozone/hadoop-ozone/dist/target/ozone-2.3.0-SNAPSHOT/compose/result/ozonesecure-ha/sts/docker-ozonesecure-ha-datanode3-1.log'
renamed 'ozonesecure-ha/result/docker-ozonesecure-ha-httpfs-1.log' -> '/home/runner/work/ozone/ozone/hadoop-ozone/dist/target/ozone-2.3.0-SNAPSHOT/compose/result/ozonesecure-ha/sts/docker-ozonesecure-ha-httpfs-1.log'
renamed 'ozonesecure-ha/result/docker-ozonesecure-ha-kdc-1.log' -> '/home/runner/work/ozone/ozone/hadoop-ozone/dist/target/ozone-2.3.0-SNAPSHOT/compose/result/ozonesecure-ha/sts/docker-ozonesecure-ha-kdc-1.log'
renamed 'ozonesecure-ha/result/docker-ozonesecure-ha-kms-1.log' -> '/home/runner/work/ozone/ozone/hadoop-ozone/dist/target/ozone-2.3.0-SNAPSHOT/compose/result/ozonesecure-ha/sts/docker-ozonesecure-ha-kms-1.log'
renamed 'ozonesecure-ha/result/docker-ozonesecure-ha-om1-1.log' -> '/home/runner/work/ozone/ozone/hadoop-ozone/dist/target/ozone-2.3.0-SNAPSHOT/compose/result/ozonesecure-ha/sts/docker-ozonesecure-ha-om1-1.log'
renamed 'ozonesecure-ha/result/docker-ozonesecure-ha-om2-1.log' -> '/home/runner/work/ozone/ozone/hadoop-ozone/dist/target/ozone-2.3.0-SNAPSHOT/compose/result/ozonesecure-ha/sts/docker-ozonesecure-ha-om2-1.log'
renamed 'ozonesecure-ha/result/docker-ozonesecure-ha-om3-1.log' -> '/home/runner/work/ozone/ozone/hadoop-ozone/dist/target/ozone-2.3.0-SNAPSHOT/compose/result/ozonesecure-ha/sts/docker-ozonesecure-ha-om3-1.log'
renamed 'ozonesecure-ha/result/docker-ozonesecure-ha-om4-1.log' -> '/home/runner/work/ozone/ozone/hadoop-ozone/dist/target/ozone-2.3.0-SNAPSHOT/compose/result/ozonesecure-ha/sts/docker-ozonesecure-ha-om4-1.log'
renamed 'ozonesecure-ha/result/docker-ozonesecure-ha-polaris-1.log' -> '/home/runner/work/ozone/ozone/hadoop-ozone/dist/target/ozone-2.3.0-SNAPSHOT/compose/result/ozonesecure-ha/sts/docker-ozonesecure-ha-polaris-1.log'
renamed 'ozonesecure-ha/result/docker-ozonesecure-ha-ranger-1.log' -> '/home/runner/work/ozone/ozone/hadoop-ozone/dist/target/ozone-2.3.0-SNAPSHOT/compose/result/ozonesecure-ha/sts/docker-ozonesecure-ha-ranger-1.log'
renamed 'ozonesecure-ha/result/docker-ozonesecure-ha-ranger-db-1.log' -> '/home/runner/work/ozone/ozone/hadoop-ozone/dist/target/ozone-2.3.0-SNAPSHOT/compose/result/ozonesecure-ha/sts/docker-ozonesecure-ha-ranger-db-1.log'
renamed 'ozonesecure-ha/result/docker-ozonesecure-ha-recon-1.log' -> '/home/runner/work/ozone/ozone/hadoop-ozone/dist/target/ozone-2.3.0-SNAPSHOT/compose/result/ozonesecure-ha/sts/docker-ozonesecure-ha-recon-1.log'
renamed 'ozonesecure-ha/result/docker-ozonesecure-ha-s3g-1.log' -> '/home/runner/work/ozone/ozone/hadoop-ozone/dist/target/ozone-2.3.0-SNAPSHOT/compose/result/ozonesecure-ha/sts/docker-ozonesecure-ha-s3g-1.log'
renamed 'ozonesecure-ha/result/docker-ozonesecure-ha-scm1.org-1.log' -> '/home/runner/work/ozone/ozone/hadoop-ozone/dist/target/ozone-2.3.0-SNAPSHOT/compose/result/ozonesecure-ha/sts/docker-ozonesecure-ha-scm1.org-1.log'
renamed 'ozonesecure-ha/result/docker-ozonesecure-ha-scm2.org-1.log' -> '/home/runner/work/ozone/ozone/hadoop-ozone/dist/target/ozone-2.3.0-SNAPSHOT/compose/result/ozonesecure-ha/sts/docker-ozonesecure-ha-scm2.org-1.log'
renamed 'ozonesecure-ha/result/docker-ozonesecure-ha-scm3.org-1.log' -> '/home/runner/work/ozone/ozone/hadoop-ozone/dist/target/ozone-2.3.0-SNAPSHOT/compose/result/ozonesecure-ha/sts/docker-ozonesecure-ha-scm3.org-1.log'
renamed 'ozonesecure-ha/result/kms-audit.log' -> '/home/runner/work/ozone/ozone/hadoop-ozone/dist/target/ozone-2.3.0-SNAPSHOT/compose/result/ozonesecure-ha/sts/kms-audit.log'
renamed 'ozonesecure-ha/result/om-audit-om1.log' -> '/home/runner/work/ozone/ozone/hadoop-ozone/dist/target/ozone-2.3.0-SNAPSHOT/compose/result/ozonesecure-ha/sts/om-audit-om1.log'
renamed 'ozonesecure-ha/result/om-audit-om2.log' -> '/home/runner/work/ozone/ozone/hadoop-ozone/dist/target/ozone-2.3.0-SNAPSHOT/compose/result/ozonesecure-ha/sts/om-audit-om2.log'
renamed 'ozonesecure-ha/result/om-audit-om3.log' -> '/home/runner/work/ozone/ozone/hadoop-ozone/dist/target/ozone-2.3.0-SNAPSHOT/compose/result/ozonesecure-ha/sts/om-audit-om3.log'
renamed 'ozonesecure-ha/result/om-sys-audit-om1.log' -> '/home/runner/work/ozone/ozone/hadoop-ozone/dist/target/ozone-2.3.0-SNAPSHOT/compose/result/ozonesecure-ha/sts/om-sys-audit-om1.log'
renamed 'ozonesecure-ha/result/om-sys-audit-om2.log' -> '/home/runner/work/ozone/ozone/hadoop-ozone/dist/target/ozone-2.3.0-SNAPSHOT/compose/result/ozonesecure-ha/sts/om-sys-audit-om2.log'
renamed 'ozonesecure-ha/result/om-sys-audit-om3.log' -> '/home/runner/work/ozone/ozone/hadoop-ozone/dist/target/ozone-2.3.0-SNAPSHOT/compose/result/ozonesecure-ha/sts/om-sys-audit-om3.log'
renamed 'ozonesecure-ha/result/s3g-audit-s3g.log' -> '/home/runner/work/ozone/ozone/hadoop-ozone/dist/target/ozone-2.3.0-SNAPSHOT/compose/result/ozonesecure-ha/sts/s3g-audit-s3g.log'
renamed 'ozonesecure-ha/result/scm-audit-scm1.org.log' -> '/home/runner/work/ozone/ozone/hadoop-ozone/dist/target/ozone-2.3.0-SNAPSHOT/compose/result/ozonesecure-ha/sts/scm-audit-scm1.org.log'
renamed 'ozonesecure-ha/result/scm-audit-scm2.org.log' -> '/home/runner/work/ozone/ozone/hadoop-ozone/dist/target/ozone-2.3.0-SNAPSHOT/compose/result/ozonesecure-ha/sts/scm-audit-scm2.org.log'
renamed 'ozonesecure-ha/result/scm-audit-scm3.org.log' -> '/home/runner/work/ozone/ozone/hadoop-ozone/dist/target/ozone-2.3.0-SNAPSHOT/compose/result/ozonesecure-ha/sts/scm-audit-scm3.org.log'
java.net.SocketException: Socket closed
	at java.base/java.net.PlainSocketImpl.socketAccept(Native Method)
	at java.base/java.net.AbstractPlainSocketImpl.accept(AbstractPlainSocketImpl.java:474)
	at java.base/java.net.ServerSocket.implAccept(ServerSocket.java:565)
Log:     /rebot-output/log.html
Report:  /rebot-output/report.html
renamed '/home/runner/work/ozone/ozone/hadoop-ozone/dist/target/ozone-2.3.0-SNAPSHOT/compose/result/rebot-LsiBQI/log.html' -> '/home/runner/work/ozone/ozone/hadoop-ozone/dist/target/ozone-2.3.0-SNAPSHOT/compose/result/log.html'
renamed '/home/runner/work/ozone/ozone/hadoop-ozone/dist/target/ozone-2.3.0-SNAPSHOT/compose/result/rebot-LsiBQI/report.html' -> '/home/runner/work/ozone/ozone/hadoop-ozone/dist/target/ozone-2.3.0-SNAPSHOT/compose/result/report.html'
removed directory '/tmp/robot-data-exkIL3'
