Using Docker Compose v2
Executing test xcompat/test-new.sh
Using Docker Compose v2
Starting 2.3.0 cluster with COMPOSE_FILE=new-cluster.yaml:clients.yaml
Port 88 is available on kdc
Port 9860 is not available on scm yet
Port 9860 is not available on scm yet
Port 9860 is not available on scm yet
Port 9860 is not available on scm yet
Port 9860 is not available on scm yet
Port 9860 is not available on scm yet
Port 9860 is not available on scm yet
Port 9860 is not available on scm yet
Port 9860 is not available on scm yet
Port 9860 is not available on scm yet
Port 9860 is not available on scm yet
Port 9860 is not available on scm yet
Port 9860 is not available on scm yet
Port 9860 is not available on scm yet
Port 9860 is not available on scm yet
Port 9860 is not available on scm yet
Port 9860 is not available on scm yet
Port 9860 is not available on scm yet
Port 9860 is not available on scm yet
Port 9860 is not available on scm yet
Port 9860 is not available on scm yet
Port 9860 is not available on scm yet
Port 9860 is available on scm
SCM is in safe mode. Will retry in 1 sec. Remaining time (sec): 240
SCM is in safe mode. Will retry in 1 sec. Remaining time (sec): 239
SCM is in safe mode. Will retry in 1 sec. Remaining time (sec): 238
SCM is in safe mode. Will retry in 1 sec. Remaining time (sec): 237
SCM is in safe mode. Will retry in 1 sec. Remaining time (sec): 236
SCM is in safe mode. Will retry in 1 sec. Remaining time (sec): 235
SCM is in safe mode. Will retry in 1 sec. Remaining time (sec): 234
SCM is in safe mode. Will retry in 1 sec. Remaining time (sec): 233
SCM is in safe mode. Will retry in 1 sec. Remaining time (sec): 232
SCM is in safe mode. Will retry in 1 sec. Remaining time (sec): 231
SCM is in safe mode. Will retry in 1 sec. Remaining time (sec): 230
SCM is in safe mode. Will retry in 1 sec. Remaining time (sec): 229
SCM is in safe mode. Will retry in 1 sec. Remaining time (sec): 228
SCM is in safe mode. Will retry in 1 sec. Remaining time (sec): 227
SCM is in safe mode. Will retry in 1 sec. Remaining time (sec): 226
SCM is in safe mode. Will retry in 1 sec. Remaining time (sec): 225
SCM is in safe mode. Will retry in 1 sec. Remaining time (sec): 224
SCM is in safe mode. Will retry in 1 sec. Remaining time (sec): 223
SCM is in safe mode. Will retry in 1 sec. Remaining time (sec): 222
SCM is in safe mode. Will retry in 1 sec. Remaining time (sec): 221
SCM is in safe mode. Will retry in 1 sec. Remaining time (sec): 219
SCM is in safe mode. Will retry in 1 sec. Remaining time (sec): 218
SCM is in safe mode. Will retry in 1 sec. Remaining time (sec): 217
SCM is in safe mode. Will retry in 1 sec. Remaining time (sec): 216
SCM is in safe mode. Will retry in 1 sec. Remaining time (sec): 215
SCM is in safe mode. Will retry in 1 sec. Remaining time (sec): 214
SCM is in safe mode. Will retry in 1 sec. Remaining time (sec): 213
SCM is in safe mode. Will retry in 1 sec. Remaining time (sec): 212
SCM is out of safe mode.
No OM HA service, no need to wait
key1 has been successfully created with options Options{cipher='AES/CTR/NoPadding', bitLength=128, description='null', attributes=null}.
org.apache.hadoop.crypto.key.kms.LoadBalancingKMSClientProvider@72437d8d has been updated.
2026-08-13 12:24:09,700 [main] INFO tracing.TracingUtil: Sampling Trace Config = '1.0'
2026-08-13 12:24:09,701 [main] INFO tracing.TracingUtil: Sampling Span Config = ''
2026-08-13 12:24:09,830 [main] INFO tracing.TracingUtil: Initialized tracing service: freon (enabled=false, applicationAware=true)
2026-08-13 12:24:09,848 [main] INFO freon.BaseFreonGenerator: Executing test with prefix warmup and number-of-tests 1
2026-08-13 12:24:09,890 [Thread-5] INFO freon.ProgressBar: Progress: 0.00 % (0 out of 1)
2026-08-13 12:24:10,891 [Thread-5] INFO freon.ProgressBar: Progress: 0.00 % (0 out of 1)
2026-08-13 12:24:11,743 [main] INFO rpc.RpcClient: Creating Volume: vol1, with testuser as owner and space quota set to -1 bytes, counts quota set to -1
2026-08-13 12:24:11,882 [main] INFO rpc.RpcClient: Creating Bucket: vol1/bucket1, with server-side default bucket layout, testuser as owner, Versioning false, Storage Type set to DISK and Encryption set to false, Replication Type set to server-side default replication type, Namespace Quota set to -1, Space Quota set to -1 
2026-08-13 12:24:11,891 [Thread-5] INFO freon.ProgressBar: Progress: 0.00 % (0 out of 1)
2026-08-13 12:24:12,387 [pool-4-thread-1] WARN impl.MetricsSystemImpl: ozone-freon metrics system already initialized!
2026-08-13 12:24:12,446 [pool-4-thread-1] INFO netty.NettyConfigKeys$DataStream: setTlsConf GrpcTlsConfig0-
2026-08-13 12:24:12,892 [Thread-5] INFO freon.ProgressBar: Progress: 0.00 % (0 out of 1)
2026-08-13 12:24:13,893 [Thread-5] INFO freon.ProgressBar: Progress: 0.00 % (0 out of 1)
2026-08-13 12:24:14,893 [Thread-5] INFO freon.ProgressBar: Progress: 100.00 % (1 out of 1)
2026-08-13 12:24:14,927 [shutdown-hook-0] INFO metrics: type=TIMER, name=key-create, count=1, min=2086.392555, max=2086.392555, mean=2086.392555, stddev=0.0, median=2086.392555, p75=2086.392555, p95=2086.392555, p98=2086.392555, p99=2086.392555, p999=2086.392555, mean_rate=0.33566068085939493, m1=0.0, m5=0.0, m15=0.0, rate_unit=events/second, duration_unit=milliseconds
2026-08-13 12:24:14,929 [shutdown-hook-0] INFO freon.BaseFreonGenerator: Total execution time (sec): 5
2026-08-13 12:24:14,930 [shutdown-hook-0] INFO freon.BaseFreonGenerator: Failures: 0
2026-08-13 12:24:14,930 [shutdown-hook-0] INFO freon.BaseFreonGenerator: Successful executions: 1
==============================================================================
xcompat-cluster-2.3.0-client-2.3.0-write :: Write Compatibility               
==============================================================================
Create Bucket With Replication Type                                   | PASS |
------------------------------------------------------------------------------
Create Encrypted Bucket                                               | PASS |
------------------------------------------------------------------------------
Create Key in Encrypted Bucket                                        | PASS |
------------------------------------------------------------------------------
Key Can Be Written                                                    | PASS |
------------------------------------------------------------------------------
Key Can Be Written To Bucket With Replication Type                    | PASS |
------------------------------------------------------------------------------
Key Can Be Deleted                                                    | PASS |
------------------------------------------------------------------------------
Dir Can Be Created                                                    | PASS |
------------------------------------------------------------------------------
File Can Be Put                                                       | PASS |
------------------------------------------------------------------------------
File Can Be Put To Bucket With Replication Type                       | PASS |
------------------------------------------------------------------------------
File Can Be Deleted                                                   | PASS |
------------------------------------------------------------------------------
FSO Bucket Can Be Created and Used                                    | PASS |
------------------------------------------------------------------------------
HSync Can Be Used To Create Keys                                      | PASS |
------------------------------------------------------------------------------
Snapshot Diff RPC Is Compatible                                       | PASS |
------------------------------------------------------------------------------
xcompat-cluster-2.3.0-client-2.3.0-write :: Write Compatibility       | PASS |
13 tests, 13 passed, 0 failed
==============================================================================
Output:  /tmp/smoketest/xcompat/result/robot-001.xml
==============================================================================
xcompat-cluster-2.3.0-client-1.1.0-write :: Write Compatibility               
==============================================================================
Create Bucket With Replication Type                                   | PASS |
Client does not support EC
------------------------------------------------------------------------------
Create Encrypted Bucket                                               | PASS |
------------------------------------------------------------------------------
Create Key in Encrypted Bucket                                        | PASS |
------------------------------------------------------------------------------
Key Can Be Written                                                    | PASS |
------------------------------------------------------------------------------
Key Can Be Written To Bucket With Replication Type                    | PASS |
------------------------------------------------------------------------------
Key Can Be Deleted                                                    | PASS |
------------------------------------------------------------------------------
Dir Can Be Created                                                    | PASS |
------------------------------------------------------------------------------
File Can Be Put                                                       | PASS |
------------------------------------------------------------------------------
File Can Be Put To Bucket With Replication Type                       | PASS |
------------------------------------------------------------------------------
File Can Be Deleted                                                   | PASS |
------------------------------------------------------------------------------
FSO Bucket Can Be Created and Used                                    | PASS |
Client does not support FSO
------------------------------------------------------------------------------
HSync Can Be Used To Create Keys                                      | PASS |
Client does not support HSYNC
------------------------------------------------------------------------------
Snapshot Diff RPC Is Compatible                                       | PASS |
Snapshot CLI not supported by this client
------------------------------------------------------------------------------
xcompat-cluster-2.3.0-client-1.1.0-write :: Write Compatibility       | PASS |
13 tests, 13 passed, 0 failed
==============================================================================
Output:  /tmp/smoketest/xcompat/result/robot-002.xml
==============================================================================
xcompat-cluster-2.3.0-client-1.2.1-write :: Write Compatibility               
==============================================================================
Create Bucket With Replication Type                                   | PASS |
Client does not support EC
------------------------------------------------------------------------------
Create Encrypted Bucket                                               | PASS |
------------------------------------------------------------------------------
Create Key in Encrypted Bucket                                        | PASS |
------------------------------------------------------------------------------
Key Can Be Written                                                    | PASS |
------------------------------------------------------------------------------
Key Can Be Written To Bucket With Replication Type                    | PASS |
------------------------------------------------------------------------------
Key Can Be Deleted                                                    | PASS |
------------------------------------------------------------------------------
Dir Can Be Created                                                    | PASS |
------------------------------------------------------------------------------
File Can Be Put                                                       | PASS |
------------------------------------------------------------------------------
File Can Be Put To Bucket With Replication Type                       | PASS |
------------------------------------------------------------------------------
File Can Be Deleted                                                   | PASS |
------------------------------------------------------------------------------
FSO Bucket Can Be Created and Used                                    | PASS |
Client does not support FSO
------------------------------------------------------------------------------
HSync Can Be Used To Create Keys                                      | PASS |
Client does not support HSYNC
------------------------------------------------------------------------------
Snapshot Diff RPC Is Compatible                                       | PASS |
Snapshot CLI not supported by this client
------------------------------------------------------------------------------
xcompat-cluster-2.3.0-client-1.2.1-write :: Write Compatibility       | PASS |
13 tests, 13 passed, 0 failed
==============================================================================
Output:  /tmp/smoketest/xcompat/result/robot-003.xml
==============================================================================
xcompat-cluster-2.3.0-client-1.3.0-write :: Write Compatibility               
==============================================================================
Create Bucket With Replication Type                                   | PASS |
------------------------------------------------------------------------------
Create Encrypted Bucket                                               | PASS |
------------------------------------------------------------------------------
Create Key in Encrypted Bucket                                        | PASS |
------------------------------------------------------------------------------
Key Can Be Written                                                    | PASS |
------------------------------------------------------------------------------
Key Can Be Written To Bucket With Replication Type                    | PASS |
------------------------------------------------------------------------------
Key Can Be Deleted                                                    | PASS |
------------------------------------------------------------------------------
Dir Can Be Created                                                    | PASS |
------------------------------------------------------------------------------
File Can Be Put                                                       | PASS |
------------------------------------------------------------------------------
File Can Be Put To Bucket With Replication Type                       | PASS |
------------------------------------------------------------------------------
File Can Be Deleted                                                   | PASS |
------------------------------------------------------------------------------
FSO Bucket Can Be Created and Used                                    | PASS |
------------------------------------------------------------------------------
HSync Can Be Used To Create Keys                                      | PASS |
Client does not support HSYNC
------------------------------------------------------------------------------
Snapshot Diff RPC Is Compatible                                       | PASS |
Snapshot CLI not supported by this client
------------------------------------------------------------------------------
xcompat-cluster-2.3.0-client-1.3.0-write :: Write Compatibility       | PASS |
13 tests, 13 passed, 0 failed
==============================================================================
Output:  /tmp/smoketest/xcompat/result/robot-004.xml
==============================================================================
xcompat-cluster-2.3.0-client-1.4.1-write :: Write Compatibility               
==============================================================================
Create Bucket With Replication Type                                   | PASS |
------------------------------------------------------------------------------
Create Encrypted Bucket                                               | PASS |
------------------------------------------------------------------------------
Create Key in Encrypted Bucket                                        | PASS |
------------------------------------------------------------------------------
Key Can Be Written                                                    | PASS |
------------------------------------------------------------------------------
Key Can Be Written To Bucket With Replication Type                    | PASS |
------------------------------------------------------------------------------
Key Can Be Deleted                                                    | PASS |
------------------------------------------------------------------------------
Dir Can Be Created                                                    | PASS |
------------------------------------------------------------------------------
File Can Be Put                                                       | PASS |
------------------------------------------------------------------------------
File Can Be Put To Bucket With Replication Type                       | PASS |
------------------------------------------------------------------------------
File Can Be Deleted                                                   | PASS |
------------------------------------------------------------------------------
FSO Bucket Can Be Created and Used                                    | PASS |
------------------------------------------------------------------------------
HSync Can Be Used To Create Keys                                      | PASS |
Client does not support HSYNC
------------------------------------------------------------------------------
Snapshot Diff RPC Is Compatible                                       | PASS |
------------------------------------------------------------------------------
xcompat-cluster-2.3.0-client-1.4.1-write :: Write Compatibility       | PASS |
13 tests, 13 passed, 0 failed
==============================================================================
Output:  /tmp/smoketest/xcompat/result/robot-005.xml
==============================================================================
xcompat-cluster-2.3.0-client-2.0.0-write :: Write Compatibility               
==============================================================================
Create Bucket With Replication Type                                   | PASS |
------------------------------------------------------------------------------
Create Encrypted Bucket                                               | PASS |
------------------------------------------------------------------------------
Create Key in Encrypted Bucket                                        | PASS |
------------------------------------------------------------------------------
Key Can Be Written                                                    | PASS |
------------------------------------------------------------------------------
Key Can Be Written To Bucket With Replication Type                    | PASS |
------------------------------------------------------------------------------
Key Can Be Deleted                                                    | PASS |
------------------------------------------------------------------------------
Dir Can Be Created                                                    | PASS |
------------------------------------------------------------------------------
File Can Be Put                                                       | PASS |
------------------------------------------------------------------------------
File Can Be Put To Bucket With Replication Type                       | PASS |
------------------------------------------------------------------------------
File Can Be Deleted                                                   | PASS |
------------------------------------------------------------------------------
FSO Bucket Can Be Created and Used                                    | PASS |
------------------------------------------------------------------------------
HSync Can Be Used To Create Keys                                      | PASS |
------------------------------------------------------------------------------
Snapshot Diff RPC Is Compatible                                       | PASS |
------------------------------------------------------------------------------
xcompat-cluster-2.3.0-client-2.0.0-write :: Write Compatibility       | PASS |
13 tests, 13 passed, 0 failed
==============================================================================
Output:  /tmp/smoketest/xcompat/result/robot-006.xml
==============================================================================
xcompat-cluster-2.3.0-client-2.1.1-write :: Write Compatibility               
==============================================================================
Create Bucket With Replication Type                                   | PASS |
------------------------------------------------------------------------------
Create Encrypted Bucket                                               | PASS |
------------------------------------------------------------------------------
Create Key in Encrypted Bucket                                        | PASS |
------------------------------------------------------------------------------
Key Can Be Written                                                    | PASS |
------------------------------------------------------------------------------
Key Can Be Written To Bucket With Replication Type                    | PASS |
------------------------------------------------------------------------------
Key Can Be Deleted                                                    | PASS |
------------------------------------------------------------------------------
Dir Can Be Created                                                    | PASS |
------------------------------------------------------------------------------
File Can Be Put                                                       | PASS |
------------------------------------------------------------------------------
File Can Be Put To Bucket With Replication Type                       | PASS |
------------------------------------------------------------------------------
File Can Be Deleted                                                   | PASS |
------------------------------------------------------------------------------
FSO Bucket Can Be Created and Used                                    | PASS |
------------------------------------------------------------------------------
HSync Can Be Used To Create Keys                                      | PASS |
------------------------------------------------------------------------------
Snapshot Diff RPC Is Compatible                                       | PASS |
------------------------------------------------------------------------------
xcompat-cluster-2.3.0-client-2.1.1-write :: Write Compatibility       | PASS |
13 tests, 13 passed, 0 failed
==============================================================================
Output:  /tmp/smoketest/xcompat/result/robot-007.xml
==============================================================================
xcompat-cluster-2.3.0-client-2.2.0-write :: Write Compatibility               
==============================================================================
Create Bucket With Replication Type                                   | PASS |
------------------------------------------------------------------------------
Create Encrypted Bucket                                               | PASS |
------------------------------------------------------------------------------
Create Key in Encrypted Bucket                                        | PASS |
------------------------------------------------------------------------------
Key Can Be Written                                                    | PASS |
------------------------------------------------------------------------------
Key Can Be Written To Bucket With Replication Type                    | PASS |
------------------------------------------------------------------------------
Key Can Be Deleted                                                    | PASS |
------------------------------------------------------------------------------
Dir Can Be Created                                                    | PASS |
------------------------------------------------------------------------------
File Can Be Put                                                       | PASS |
------------------------------------------------------------------------------
File Can Be Put To Bucket With Replication Type                       | PASS |
------------------------------------------------------------------------------
File Can Be Deleted                                                   | PASS |
------------------------------------------------------------------------------
FSO Bucket Can Be Created and Used                                    | PASS |
------------------------------------------------------------------------------
HSync Can Be Used To Create Keys                                      | PASS |
------------------------------------------------------------------------------
Snapshot Diff RPC Is Compatible                                       | PASS |
------------------------------------------------------------------------------
xcompat-cluster-2.3.0-client-2.2.0-write :: Write Compatibility       | PASS |
13 tests, 13 passed, 0 failed
==============================================================================
Output:  /tmp/smoketest/xcompat/result/robot-008.xml
==============================================================================
xcompat-cluster-2.3.0-client-1.1.0-read-1.1.0 :: Read Compatibility           
==============================================================================
Buckets Can Be Listed                                                 | PASS |
------------------------------------------------------------------------------
Bucket Without Replication Config                                     | PASS |
------------------------------------------------------------------------------
Bucket With Replication Config                                        | PASS |
------------------------------------------------------------------------------
Key Can Be Read                                                       | PASS |
------------------------------------------------------------------------------
Encrypted Key Can Be Read                                             | PASS |
------------------------------------------------------------------------------
Key Read From Bucket With Replication                                 | PASS |
------------------------------------------------------------------------------
Dir Can Be Listed                                                     | PASS |
------------------------------------------------------------------------------
File Can Be Listed                                                    | PASS |
------------------------------------------------------------------------------
Key List                                                              | PASS |
------------------------------------------------------------------------------
Key List In Bucket With Replication                                   | PASS |
------------------------------------------------------------------------------
File Can Be Get                                                       | PASS |
------------------------------------------------------------------------------
File Can Be Get From Bucket With Replication                          | PASS |
------------------------------------------------------------------------------
FSO Bucket Can Be Read                                                | PASS |
Skipped write test case
------------------------------------------------------------------------------
HSync Lease Recover Can Be Used                                       | PASS |
Skipped write test case
------------------------------------------------------------------------------
Key Info File Flag Should Be Set Correctly                            | PASS |
Client does not support 'file' flag
------------------------------------------------------------------------------
xcompat-cluster-2.3.0-client-1.1.0-read-1.1.0 :: Read Compatibility   | PASS |
15 tests, 15 passed, 0 failed
==============================================================================
Output:  /tmp/smoketest/xcompat/result/robot-009.xml
==============================================================================
xcompat-cluster-2.3.0-client-1.1.0-read-2.3.0 :: Read Compatibility           
==============================================================================
Buckets Can Be Listed                                                 | PASS |
------------------------------------------------------------------------------
Bucket Without Replication Config                                     | PASS |
------------------------------------------------------------------------------
Bucket With Replication Config                                        | PASS |
------------------------------------------------------------------------------
Key Can Be Read                                                       | PASS |
------------------------------------------------------------------------------
Encrypted Key Can Be Read                                             | PASS |
------------------------------------------------------------------------------
Key Read From Bucket With Replication                                 | PASS |
------------------------------------------------------------------------------
Dir Can Be Listed                                                     | PASS |
------------------------------------------------------------------------------
File Can Be Listed                                                    | PASS |
------------------------------------------------------------------------------
Key List                                                              | PASS |
------------------------------------------------------------------------------
Key List In Bucket With Replication                                   | PASS |
------------------------------------------------------------------------------
File Can Be Get                                                       | PASS |
------------------------------------------------------------------------------
File Can Be Get From Bucket With Replication                          | PASS |
------------------------------------------------------------------------------
FSO Bucket Can Be Read                                                | PASS |
Client does not support FSO
------------------------------------------------------------------------------
HSync Lease Recover Can Be Used                                       | PASS |
Client does not support HSYNC
------------------------------------------------------------------------------
Key Info File Flag Should Be Set Correctly                            | PASS |
Client does not support 'file' flag
------------------------------------------------------------------------------
xcompat-cluster-2.3.0-client-1.1.0-read-2.3.0 :: Read Compatibility   | PASS |
15 tests, 15 passed, 0 failed
==============================================================================
Output:  /tmp/smoketest/xcompat/result/robot-010.xml
==============================================================================
xcompat-cluster-2.3.0-client-1.2.1-read-1.2.1 :: Read Compatibility           
==============================================================================
Buckets Can Be Listed                                                 | PASS |
------------------------------------------------------------------------------
Bucket Without Replication Config                                     | PASS |
------------------------------------------------------------------------------
Bucket With Replication Config                                        | PASS |
------------------------------------------------------------------------------
Key Can Be Read                                                       | PASS |
------------------------------------------------------------------------------
Encrypted Key Can Be Read                                             | PASS |
------------------------------------------------------------------------------
Key Read From Bucket With Replication                                 | PASS |
------------------------------------------------------------------------------
Dir Can Be Listed                                                     | PASS |
------------------------------------------------------------------------------
File Can Be Listed                                                    | PASS |
------------------------------------------------------------------------------
Key List                                                              | PASS |
------------------------------------------------------------------------------
Key List In Bucket With Replication                                   | PASS |
------------------------------------------------------------------------------
File Can Be Get                                                       | PASS |
------------------------------------------------------------------------------
File Can Be Get From Bucket With Replication                          | PASS |
------------------------------------------------------------------------------
FSO Bucket Can Be Read                                                | PASS |
Skipped write test case
------------------------------------------------------------------------------
HSync Lease Recover Can Be Used                                       | PASS |
Skipped write test case
------------------------------------------------------------------------------
Key Info File Flag Should Be Set Correctly                            | PASS |
Client does not support 'file' flag
------------------------------------------------------------------------------
xcompat-cluster-2.3.0-client-1.2.1-read-1.2.1 :: Read Compatibility   | PASS |
15 tests, 15 passed, 0 failed
==============================================================================
Output:  /tmp/smoketest/xcompat/result/robot-011.xml
==============================================================================
xcompat-cluster-2.3.0-client-1.2.1-read-2.3.0 :: Read Compatibility           
==============================================================================
Buckets Can Be Listed                                                 | PASS |
------------------------------------------------------------------------------
Bucket Without Replication Config                                     | PASS |
------------------------------------------------------------------------------
Bucket With Replication Config                                        | PASS |
------------------------------------------------------------------------------
Key Can Be Read                                                       | PASS |
------------------------------------------------------------------------------
Encrypted Key Can Be Read                                             | PASS |
------------------------------------------------------------------------------
Key Read From Bucket With Replication                                 | PASS |
------------------------------------------------------------------------------
Dir Can Be Listed                                                     | PASS |
------------------------------------------------------------------------------
File Can Be Listed                                                    | PASS |
------------------------------------------------------------------------------
Key List                                                              | PASS |
------------------------------------------------------------------------------
Key List In Bucket With Replication                                   | PASS |
------------------------------------------------------------------------------
File Can Be Get                                                       | PASS |
------------------------------------------------------------------------------
File Can Be Get From Bucket With Replication                          | PASS |
------------------------------------------------------------------------------
FSO Bucket Can Be Read                                                | PASS |
Client does not support FSO
------------------------------------------------------------------------------
HSync Lease Recover Can Be Used                                       | PASS |
Client does not support HSYNC
------------------------------------------------------------------------------
Key Info File Flag Should Be Set Correctly                            | PASS |
Client does not support 'file' flag
------------------------------------------------------------------------------
xcompat-cluster-2.3.0-client-1.2.1-read-2.3.0 :: Read Compatibility   | PASS |
15 tests, 15 passed, 0 failed
==============================================================================
Output:  /tmp/smoketest/xcompat/result/robot-012.xml
==============================================================================
xcompat-cluster-2.3.0-client-1.3.0-read-1.3.0 :: Read Compatibility           
==============================================================================
Buckets Can Be Listed                                                 | PASS |
------------------------------------------------------------------------------
Bucket Without Replication Config                                     | PASS |
------------------------------------------------------------------------------
Bucket With Replication Config                                        | PASS |
------------------------------------------------------------------------------
Key Can Be Read                                                       | PASS |
------------------------------------------------------------------------------
Encrypted Key Can Be Read                                             | PASS |
------------------------------------------------------------------------------
Key Read From Bucket With Replication                                 | PASS |
------------------------------------------------------------------------------
Dir Can Be Listed                                                     | PASS |
------------------------------------------------------------------------------
File Can Be Listed                                                    | PASS |
------------------------------------------------------------------------------
Key List                                                              | PASS |
------------------------------------------------------------------------------
Key List In Bucket With Replication                                   | PASS |
------------------------------------------------------------------------------
File Can Be Get                                                       | PASS |
------------------------------------------------------------------------------
File Can Be Get From Bucket With Replication                          | PASS |
------------------------------------------------------------------------------
FSO Bucket Can Be Read                                                | PASS |
------------------------------------------------------------------------------
HSync Lease Recover Can Be Used                                       | PASS |
Client does not support HSYNC
------------------------------------------------------------------------------
Key Info File Flag Should Be Set Correctly                            | PASS |
Client does not support 'file' flag
------------------------------------------------------------------------------
xcompat-cluster-2.3.0-client-1.3.0-read-1.3.0 :: Read Compatibility   | PASS |
15 tests, 15 passed, 0 failed
==============================================================================
Output:  /tmp/smoketest/xcompat/result/robot-013.xml
==============================================================================
xcompat-cluster-2.3.0-client-1.3.0-read-2.3.0 :: Read Compatibility           
==============================================================================
Buckets Can Be Listed                                                 | PASS |
------------------------------------------------------------------------------
Bucket Without Replication Config                                     | PASS |
------------------------------------------------------------------------------
Bucket With Replication Config                                        | PASS |
------------------------------------------------------------------------------
Key Can Be Read                                                       | PASS |
------------------------------------------------------------------------------
Encrypted Key Can Be Read                                             | PASS |
------------------------------------------------------------------------------
Key Read From Bucket With Replication                                 | PASS |
------------------------------------------------------------------------------
Dir Can Be Listed                                                     | PASS |
------------------------------------------------------------------------------
File Can Be Listed                                                    | PASS |
------------------------------------------------------------------------------
Key List                                                              | PASS |
------------------------------------------------------------------------------
Key List In Bucket With Replication                                   | PASS |
------------------------------------------------------------------------------
File Can Be Get                                                       | PASS |
------------------------------------------------------------------------------
File Can Be Get From Bucket With Replication                          | PASS |
------------------------------------------------------------------------------
FSO Bucket Can Be Read                                                | PASS |
------------------------------------------------------------------------------
HSync Lease Recover Can Be Used                                       | PASS |
Client does not support HSYNC
------------------------------------------------------------------------------
Key Info File Flag Should Be Set Correctly                            | PASS |
Client does not support 'file' flag
------------------------------------------------------------------------------
xcompat-cluster-2.3.0-client-1.3.0-read-2.3.0 :: Read Compatibility   | PASS |
15 tests, 15 passed, 0 failed
==============================================================================
Output:  /tmp/smoketest/xcompat/result/robot-014.xml
==============================================================================
xcompat-cluster-2.3.0-client-1.4.1-read-1.4.1 :: Read Compatibility           
==============================================================================
Buckets Can Be Listed                                                 | PASS |
------------------------------------------------------------------------------
Bucket Without Replication Config                                     | PASS |
------------------------------------------------------------------------------
Bucket With Replication Config                                        | PASS |
------------------------------------------------------------------------------
Key Can Be Read                                                       | PASS |
------------------------------------------------------------------------------
Encrypted Key Can Be Read                                             | PASS |
------------------------------------------------------------------------------
Key Read From Bucket With Replication                                 | PASS |
------------------------------------------------------------------------------
Dir Can Be Listed                                                     | PASS |
------------------------------------------------------------------------------
File Can Be Listed                                                    | PASS |
------------------------------------------------------------------------------
Key List                                                              | PASS |
------------------------------------------------------------------------------
Key List In Bucket With Replication                                   | PASS |
------------------------------------------------------------------------------
File Can Be Get                                                       | PASS |
------------------------------------------------------------------------------
File Can Be Get From Bucket With Replication                          | PASS |
------------------------------------------------------------------------------
FSO Bucket Can Be Read                                                | PASS |
------------------------------------------------------------------------------
HSync Lease Recover Can Be Used                                       | PASS |
Client does not support HSYNC
------------------------------------------------------------------------------
Key Info File Flag Should Be Set Correctly                            | PASS |
------------------------------------------------------------------------------
xcompat-cluster-2.3.0-client-1.4.1-read-1.4.1 :: Read Compatibility   | PASS |
15 tests, 15 passed, 0 failed
==============================================================================
Output:  /tmp/smoketest/xcompat/result/robot-015.xml
==============================================================================
xcompat-cluster-2.3.0-client-1.4.1-read-2.3.0 :: Read Compatibility           
==============================================================================
Buckets Can Be Listed                                                 | PASS |
------------------------------------------------------------------------------
Bucket Without Replication Config                                     | PASS |
------------------------------------------------------------------------------
Bucket With Replication Config                                        | PASS |
------------------------------------------------------------------------------
Key Can Be Read                                                       | PASS |
------------------------------------------------------------------------------
Encrypted Key Can Be Read                                             | PASS |
------------------------------------------------------------------------------
Key Read From Bucket With Replication                                 | PASS |
------------------------------------------------------------------------------
Dir Can Be Listed                                                     | PASS |
------------------------------------------------------------------------------
File Can Be Listed                                                    | PASS |
------------------------------------------------------------------------------
Key List                                                              | PASS |
------------------------------------------------------------------------------
Key List In Bucket With Replication                                   | PASS |
------------------------------------------------------------------------------
File Can Be Get                                                       | PASS |
------------------------------------------------------------------------------
File Can Be Get From Bucket With Replication                          | PASS |
------------------------------------------------------------------------------
FSO Bucket Can Be Read                                                | PASS |
------------------------------------------------------------------------------
HSync Lease Recover Can Be Used                                       | PASS |
Client does not support HSYNC
------------------------------------------------------------------------------
Key Info File Flag Should Be Set Correctly                            | PASS |
------------------------------------------------------------------------------
xcompat-cluster-2.3.0-client-1.4.1-read-2.3.0 :: Read Compatibility   | PASS |
15 tests, 15 passed, 0 failed
==============================================================================
Output:  /tmp/smoketest/xcompat/result/robot-016.xml
==============================================================================
xcompat-cluster-2.3.0-client-2.0.0-read-2.0.0 :: Read Compatibility           
==============================================================================
Buckets Can Be Listed                                                 | PASS |
------------------------------------------------------------------------------
Bucket Without Replication Config                                     | PASS |
------------------------------------------------------------------------------
Bucket With Replication Config                                        | PASS |
------------------------------------------------------------------------------
Key Can Be Read                                                       | PASS |
------------------------------------------------------------------------------
Encrypted Key Can Be Read                                             | PASS |
------------------------------------------------------------------------------
Key Read From Bucket With Replication                                 | PASS |
------------------------------------------------------------------------------
Dir Can Be Listed                                                     | PASS |
------------------------------------------------------------------------------
File Can Be Listed                                                    | PASS |
------------------------------------------------------------------------------
Key List                                                              | PASS |
------------------------------------------------------------------------------
Key List In Bucket With Replication                                   | PASS |
------------------------------------------------------------------------------
File Can Be Get                                                       | PASS |
------------------------------------------------------------------------------
File Can Be Get From Bucket With Replication                          | PASS |
------------------------------------------------------------------------------
FSO Bucket Can Be Read                                                | PASS |
------------------------------------------------------------------------------
HSync Lease Recover Can Be Used                                       | PASS |
------------------------------------------------------------------------------
Key Info File Flag Should Be Set Correctly                            | PASS |
------------------------------------------------------------------------------
xcompat-cluster-2.3.0-client-2.0.0-read-2.0.0 :: Read Compatibility   | PASS |
15 tests, 15 passed, 0 failed
==============================================================================
Output:  /tmp/smoketest/xcompat/result/robot-017.xml
==============================================================================
xcompat-cluster-2.3.0-client-2.0.0-read-2.3.0 :: Read Compatibility           
==============================================================================
Buckets Can Be Listed                                                 | PASS |
------------------------------------------------------------------------------
Bucket Without Replication Config                                     | PASS |
------------------------------------------------------------------------------
Bucket With Replication Config                                        | PASS |
------------------------------------------------------------------------------
Key Can Be Read                                                       | PASS |
------------------------------------------------------------------------------
Encrypted Key Can Be Read                                             | PASS |
------------------------------------------------------------------------------
Key Read From Bucket With Replication                                 | PASS |
------------------------------------------------------------------------------
Dir Can Be Listed                                                     | PASS |
------------------------------------------------------------------------------
File Can Be Listed                                                    | PASS |
------------------------------------------------------------------------------
Key List                                                              | PASS |
------------------------------------------------------------------------------
Key List In Bucket With Replication                                   | PASS |
------------------------------------------------------------------------------
File Can Be Get                                                       | PASS |
------------------------------------------------------------------------------
File Can Be Get From Bucket With Replication                          | PASS |
------------------------------------------------------------------------------
FSO Bucket Can Be Read                                                | PASS |
------------------------------------------------------------------------------
HSync Lease Recover Can Be Used                                       | PASS |
------------------------------------------------------------------------------
Key Info File Flag Should Be Set Correctly                            | PASS |
------------------------------------------------------------------------------
xcompat-cluster-2.3.0-client-2.0.0-read-2.3.0 :: Read Compatibility   | PASS |
15 tests, 15 passed, 0 failed
==============================================================================
Output:  /tmp/smoketest/xcompat/result/robot-018.xml
==============================================================================
xcompat-cluster-2.3.0-client-2.1.1-read-2.1.1 :: Read Compatibility           
==============================================================================
Buckets Can Be Listed                                                 | PASS |
------------------------------------------------------------------------------
Bucket Without Replication Config                                     | PASS |
------------------------------------------------------------------------------
Bucket With Replication Config                                        | PASS |
------------------------------------------------------------------------------
Key Can Be Read                                                       | PASS |
------------------------------------------------------------------------------
Encrypted Key Can Be Read                                             | PASS |
------------------------------------------------------------------------------
Key Read From Bucket With Replication                                 | PASS |
------------------------------------------------------------------------------
Dir Can Be Listed                                                     | PASS |
------------------------------------------------------------------------------
File Can Be Listed                                                    | PASS |
------------------------------------------------------------------------------
Key List                                                              | PASS |
------------------------------------------------------------------------------
Key List In Bucket With Replication                                   | PASS |
------------------------------------------------------------------------------
File Can Be Get                                                       | PASS |
------------------------------------------------------------------------------
File Can Be Get From Bucket With Replication                          | PASS |
------------------------------------------------------------------------------
FSO Bucket Can Be Read                                                | PASS |
------------------------------------------------------------------------------
HSync Lease Recover Can Be Used                                       | PASS |
------------------------------------------------------------------------------
Key Info File Flag Should Be Set Correctly                            | PASS |
------------------------------------------------------------------------------
xcompat-cluster-2.3.0-client-2.1.1-read-2.1.1 :: Read Compatibility   | PASS |
15 tests, 15 passed, 0 failed
==============================================================================
Output:  /tmp/smoketest/xcompat/result/robot-019.xml
==============================================================================
xcompat-cluster-2.3.0-client-2.1.1-read-2.3.0 :: Read Compatibility           
==============================================================================
Buckets Can Be Listed                                                 | PASS |
------------------------------------------------------------------------------
Bucket Without Replication Config                                     | PASS |
------------------------------------------------------------------------------
Bucket With Replication Config                                        | PASS |
------------------------------------------------------------------------------
Key Can Be Read                                                       | PASS |
------------------------------------------------------------------------------
Encrypted Key Can Be Read                                             | PASS |
------------------------------------------------------------------------------
Key Read From Bucket With Replication                                 | PASS |
------------------------------------------------------------------------------
Dir Can Be Listed                                                     | PASS |
------------------------------------------------------------------------------
File Can Be Listed                                                    | PASS |
------------------------------------------------------------------------------
Key List                                                              | PASS |
------------------------------------------------------------------------------
Key List In Bucket With Replication                                   | PASS |
------------------------------------------------------------------------------
File Can Be Get                                                       | PASS |
------------------------------------------------------------------------------
File Can Be Get From Bucket With Replication                          | PASS |
------------------------------------------------------------------------------
FSO Bucket Can Be Read                                                | PASS |
------------------------------------------------------------------------------
HSync Lease Recover Can Be Used                                       | PASS |
------------------------------------------------------------------------------
Key Info File Flag Should Be Set Correctly                            | PASS |
------------------------------------------------------------------------------
xcompat-cluster-2.3.0-client-2.1.1-read-2.3.0 :: Read Compatibility   | PASS |
15 tests, 15 passed, 0 failed
==============================================================================
Output:  /tmp/smoketest/xcompat/result/robot-020.xml
==============================================================================
xcompat-cluster-2.3.0-client-2.2.0-read-2.2.0 :: Read Compatibility           
==============================================================================
Buckets Can Be Listed                                                 | PASS |
------------------------------------------------------------------------------
Bucket Without Replication Config                                     | PASS |
------------------------------------------------------------------------------
Bucket With Replication Config                                        | PASS |
------------------------------------------------------------------------------
Key Can Be Read                                                       | PASS |
------------------------------------------------------------------------------
Encrypted Key Can Be Read                                             | PASS |
------------------------------------------------------------------------------
Key Read From Bucket With Replication                                 | PASS |
------------------------------------------------------------------------------
Dir Can Be Listed                                                     | PASS |
------------------------------------------------------------------------------
File Can Be Listed                                                    | PASS |
------------------------------------------------------------------------------
Key List                                                              | PASS |
------------------------------------------------------------------------------
Key List In Bucket With Replication                                   | PASS |
------------------------------------------------------------------------------
File Can Be Get                                                       | PASS |
------------------------------------------------------------------------------
File Can Be Get From Bucket With Replication                          | PASS |
------------------------------------------------------------------------------
FSO Bucket Can Be Read                                                | PASS |
------------------------------------------------------------------------------
HSync Lease Recover Can Be Used                                       | PASS |
------------------------------------------------------------------------------
Key Info File Flag Should Be Set Correctly                            | PASS |
------------------------------------------------------------------------------
xcompat-cluster-2.3.0-client-2.2.0-read-2.2.0 :: Read Compatibility   | PASS |
15 tests, 15 passed, 0 failed
==============================================================================
Output:  /tmp/smoketest/xcompat/result/robot-021.xml
==============================================================================
xcompat-cluster-2.3.0-client-2.2.0-read-2.3.0 :: Read Compatibility           
==============================================================================
Buckets Can Be Listed                                                 | PASS |
------------------------------------------------------------------------------
Bucket Without Replication Config                                     | PASS |
------------------------------------------------------------------------------
Bucket With Replication Config                                        | PASS |
------------------------------------------------------------------------------
Key Can Be Read                                                       | PASS |
------------------------------------------------------------------------------
Encrypted Key Can Be Read                                             | PASS |
------------------------------------------------------------------------------
Key Read From Bucket With Replication                                 | PASS |
------------------------------------------------------------------------------
Dir Can Be Listed                                                     | PASS |
------------------------------------------------------------------------------
File Can Be Listed                                                    | PASS |
------------------------------------------------------------------------------
Key List                                                              | PASS |
------------------------------------------------------------------------------
Key List In Bucket With Replication                                   | PASS |
------------------------------------------------------------------------------
File Can Be Get                                                       | PASS |
------------------------------------------------------------------------------
File Can Be Get From Bucket With Replication                          | PASS |
------------------------------------------------------------------------------
FSO Bucket Can Be Read                                                | PASS |
------------------------------------------------------------------------------
HSync Lease Recover Can Be Used                                       | PASS |
------------------------------------------------------------------------------
Key Info File Flag Should Be Set Correctly                            | PASS |
------------------------------------------------------------------------------
xcompat-cluster-2.3.0-client-2.2.0-read-2.3.0 :: Read Compatibility   | PASS |
15 tests, 15 passed, 0 failed
==============================================================================
Output:  /tmp/smoketest/xcompat/result/robot-022.xml
==============================================================================
xcompat-cluster-2.3.0-client-2.3.0-read-2.3.0 :: Read Compatibility           
==============================================================================
Buckets Can Be Listed                                                 | PASS |
------------------------------------------------------------------------------
Bucket Without Replication Config                                     | PASS |
------------------------------------------------------------------------------
Bucket With Replication Config                                        | PASS |
------------------------------------------------------------------------------
Key Can Be Read                                                       | PASS |
------------------------------------------------------------------------------
Encrypted Key Can Be Read                                             | PASS |
------------------------------------------------------------------------------
Key Read From Bucket With Replication                                 | PASS |
------------------------------------------------------------------------------
Dir Can Be Listed                                                     | PASS |
------------------------------------------------------------------------------
File Can Be Listed                                                    | PASS |
------------------------------------------------------------------------------
Key List                                                              | PASS |
------------------------------------------------------------------------------
Key List In Bucket With Replication                                   | PASS |
------------------------------------------------------------------------------
File Can Be Get                                                       | PASS |
------------------------------------------------------------------------------
File Can Be Get From Bucket With Replication                          | PASS |
------------------------------------------------------------------------------
FSO Bucket Can Be Read                                                | PASS |
------------------------------------------------------------------------------
HSync Lease Recover Can Be Used                                       | PASS |
------------------------------------------------------------------------------
Key Info File Flag Should Be Set Correctly                            | PASS |
------------------------------------------------------------------------------
xcompat-cluster-2.3.0-client-2.3.0-read-2.3.0 :: Read Compatibility   | PASS |
15 tests, 15 passed, 0 failed
==============================================================================
Output:  /tmp/smoketest/xcompat/result/robot-023.xml

==========================================
Running checkpoint compatibility tests
==========================================
Testing 2.0.0 client against 2.3.0 cluster
==============================================================================
xcompat-cluster-2.3.0-client-2.0.0-checkpoint :: Checkpoint Compatibility     
==============================================================================
Checkpoint V1 Endpoint Compatibility :: Test v1 checkpoint endpoin... | FAIL |
22 != 0
------------------------------------------------------------------------------
Checkpoint V2 Endpoint Compatibility :: Test v2 checkpoint endpoin... | FAIL |
22 != 0
------------------------------------------------------------------------------
xcompat-cluster-2.3.0-client-2.0.0-checkpoint :: Checkpoint Compat... | FAIL |
2 tests, 0 passed, 2 failed
==============================================================================
Output:  /tmp/smoketest/xcompat/result/robot-024.xml
jstack 7 > /home/runner/work/ozone/ozone/hadoop-ozone/dist/target/ozone-2.3.0-SNAPSHOT/compose/xcompat/result/xcompat-datanode-1_HddsDatanodeService.stack
jstack 7 > /home/runner/work/ozone/ozone/hadoop-ozone/dist/target/ozone-2.3.0-SNAPSHOT/compose/xcompat/result/xcompat-datanode-2_HddsDatanodeService.stack
jstack 8 > /home/runner/work/ozone/ozone/hadoop-ozone/dist/target/ozone-2.3.0-SNAPSHOT/compose/xcompat/result/xcompat-datanode-3_HddsDatanodeService.stack
jstack 7 > /home/runner/work/ozone/ozone/hadoop-ozone/dist/target/ozone-2.3.0-SNAPSHOT/compose/xcompat/result/xcompat-datanode-4_HddsDatanodeService.stack
jstack 7 > /home/runner/work/ozone/ozone/hadoop-ozone/dist/target/ozone-2.3.0-SNAPSHOT/compose/xcompat/result/xcompat-datanode-5_HddsDatanodeService.stack
bash: line 1: jps: command not found
jstack 11 > /home/runner/work/ozone/ozone/hadoop-ozone/dist/target/ozone-2.3.0-SNAPSHOT/compose/xcompat/result/xcompat-kms-1_KMSWebServer.stack
bash: line 1: jps: command not found
jstack 8 > /home/runner/work/ozone/ozone/hadoop-ozone/dist/target/ozone-2.3.0-SNAPSHOT/compose/xcompat/result/xcompat-om-1_OzoneManagerStarter.stack
jstack 8 > /home/runner/work/ozone/ozone/hadoop-ozone/dist/target/ozone-2.3.0-SNAPSHOT/compose/xcompat/result/xcompat-recon-1_ReconServer.stack
jstack 7 > /home/runner/work/ozone/ozone/hadoop-ozone/dist/target/ozone-2.3.0-SNAPSHOT/compose/xcompat/result/xcompat-s3g-1_Gateway.stack
jstack 6 > /home/runner/work/ozone/ozone/hadoop-ozone/dist/target/ozone-2.3.0-SNAPSHOT/compose/xcompat/result/xcompat-scm-1_StorageContainerManagerStarter.stack
ERROR: Test execution of xcompat/test-new.sh is FAILED!!!!
Output:  /rebot-output/xcompat-new.xml
renamed '/home/runner/work/ozone/ozone/hadoop-ozone/dist/target/ozone-2.3.0-SNAPSHOT/compose/result/rebot-wtsdfi/xcompat-new.xml' -> '/home/runner/work/ozone/ozone/hadoop-ozone/dist/target/ozone-2.3.0-SNAPSHOT/compose/result/xcompat-new.xml'
removed 'xcompat/result/robot-001.xml'
removed 'xcompat/result/robot-002.xml'
removed 'xcompat/result/robot-003.xml'
removed 'xcompat/result/robot-004.xml'
removed 'xcompat/result/robot-005.xml'
removed 'xcompat/result/robot-006.xml'
removed 'xcompat/result/robot-007.xml'
removed 'xcompat/result/robot-008.xml'
removed 'xcompat/result/robot-009.xml'
removed 'xcompat/result/robot-010.xml'
removed 'xcompat/result/robot-011.xml'
removed 'xcompat/result/robot-012.xml'
removed 'xcompat/result/robot-013.xml'
removed 'xcompat/result/robot-014.xml'
removed 'xcompat/result/robot-015.xml'
removed 'xcompat/result/robot-016.xml'
removed 'xcompat/result/robot-017.xml'
removed 'xcompat/result/robot-018.xml'
removed 'xcompat/result/robot-019.xml'
removed 'xcompat/result/robot-020.xml'
removed 'xcompat/result/robot-021.xml'
removed 'xcompat/result/robot-022.xml'
removed 'xcompat/result/robot-023.xml'
removed 'xcompat/result/robot-024.xml'
mkdir: created directory '/home/runner/work/ozone/ozone/hadoop-ozone/dist/target/ozone-2.3.0-SNAPSHOT/compose/result/xcompat'
mkdir: created directory '/home/runner/work/ozone/ozone/hadoop-ozone/dist/target/ozone-2.3.0-SNAPSHOT/compose/result/xcompat/new'
renamed 'xcompat/result/dn-audit-dn.log' -> '/home/runner/work/ozone/ozone/hadoop-ozone/dist/target/ozone-2.3.0-SNAPSHOT/compose/result/xcompat/new/dn-audit-dn.log'
renamed 'xcompat/result/docker-xcompat-datanode-1.log' -> '/home/runner/work/ozone/ozone/hadoop-ozone/dist/target/ozone-2.3.0-SNAPSHOT/compose/result/xcompat/new/docker-xcompat-datanode-1.log'
renamed 'xcompat/result/docker-xcompat-datanode-2.log' -> '/home/runner/work/ozone/ozone/hadoop-ozone/dist/target/ozone-2.3.0-SNAPSHOT/compose/result/xcompat/new/docker-xcompat-datanode-2.log'
renamed 'xcompat/result/docker-xcompat-datanode-3.log' -> '/home/runner/work/ozone/ozone/hadoop-ozone/dist/target/ozone-2.3.0-SNAPSHOT/compose/result/xcompat/new/docker-xcompat-datanode-3.log'
renamed 'xcompat/result/docker-xcompat-datanode-4.log' -> '/home/runner/work/ozone/ozone/hadoop-ozone/dist/target/ozone-2.3.0-SNAPSHOT/compose/result/xcompat/new/docker-xcompat-datanode-4.log'
renamed 'xcompat/result/docker-xcompat-datanode-5.log' -> '/home/runner/work/ozone/ozone/hadoop-ozone/dist/target/ozone-2.3.0-SNAPSHOT/compose/result/xcompat/new/docker-xcompat-datanode-5.log'
renamed 'xcompat/result/docker-xcompat-kdc-1.log' -> '/home/runner/work/ozone/ozone/hadoop-ozone/dist/target/ozone-2.3.0-SNAPSHOT/compose/result/xcompat/new/docker-xcompat-kdc-1.log'
renamed 'xcompat/result/docker-xcompat-kms-1.log' -> '/home/runner/work/ozone/ozone/hadoop-ozone/dist/target/ozone-2.3.0-SNAPSHOT/compose/result/xcompat/new/docker-xcompat-kms-1.log'
renamed 'xcompat/result/docker-xcompat-new_client-1.log' -> '/home/runner/work/ozone/ozone/hadoop-ozone/dist/target/ozone-2.3.0-SNAPSHOT/compose/result/xcompat/new/docker-xcompat-new_client-1.log'
renamed 'xcompat/result/docker-xcompat-old_client_1_0_0-1.log' -> '/home/runner/work/ozone/ozone/hadoop-ozone/dist/target/ozone-2.3.0-SNAPSHOT/compose/result/xcompat/new/docker-xcompat-old_client_1_0_0-1.log'
renamed 'xcompat/result/docker-xcompat-old_client_1_1_0-1.log' -> '/home/runner/work/ozone/ozone/hadoop-ozone/dist/target/ozone-2.3.0-SNAPSHOT/compose/result/xcompat/new/docker-xcompat-old_client_1_1_0-1.log'
renamed 'xcompat/result/docker-xcompat-old_client_1_2_1-1.log' -> '/home/runner/work/ozone/ozone/hadoop-ozone/dist/target/ozone-2.3.0-SNAPSHOT/compose/result/xcompat/new/docker-xcompat-old_client_1_2_1-1.log'
renamed 'xcompat/result/docker-xcompat-old_client_1_3_0-1.log' -> '/home/runner/work/ozone/ozone/hadoop-ozone/dist/target/ozone-2.3.0-SNAPSHOT/compose/result/xcompat/new/docker-xcompat-old_client_1_3_0-1.log'
renamed 'xcompat/result/docker-xcompat-old_client_1_4_0-1.log' -> '/home/runner/work/ozone/ozone/hadoop-ozone/dist/target/ozone-2.3.0-SNAPSHOT/compose/result/xcompat/new/docker-xcompat-old_client_1_4_0-1.log'
renamed 'xcompat/result/docker-xcompat-old_client_1_4_1-1.log' -> '/home/runner/work/ozone/ozone/hadoop-ozone/dist/target/ozone-2.3.0-SNAPSHOT/compose/result/xcompat/new/docker-xcompat-old_client_1_4_1-1.log'
renamed 'xcompat/result/docker-xcompat-old_client_2_0_0-1.log' -> '/home/runner/work/ozone/ozone/hadoop-ozone/dist/target/ozone-2.3.0-SNAPSHOT/compose/result/xcompat/new/docker-xcompat-old_client_2_0_0-1.log'
renamed 'xcompat/result/docker-xcompat-old_client_2_1_1-1.log' -> '/home/runner/work/ozone/ozone/hadoop-ozone/dist/target/ozone-2.3.0-SNAPSHOT/compose/result/xcompat/new/docker-xcompat-old_client_2_1_1-1.log'
renamed 'xcompat/result/docker-xcompat-old_client_2_2_0-1.log' -> '/home/runner/work/ozone/ozone/hadoop-ozone/dist/target/ozone-2.3.0-SNAPSHOT/compose/result/xcompat/new/docker-xcompat-old_client_2_2_0-1.log'
renamed 'xcompat/result/docker-xcompat-om-1.log' -> '/home/runner/work/ozone/ozone/hadoop-ozone/dist/target/ozone-2.3.0-SNAPSHOT/compose/result/xcompat/new/docker-xcompat-om-1.log'
renamed 'xcompat/result/docker-xcompat-recon-1.log' -> '/home/runner/work/ozone/ozone/hadoop-ozone/dist/target/ozone-2.3.0-SNAPSHOT/compose/result/xcompat/new/docker-xcompat-recon-1.log'
renamed 'xcompat/result/docker-xcompat-s3g-1.log' -> '/home/runner/work/ozone/ozone/hadoop-ozone/dist/target/ozone-2.3.0-SNAPSHOT/compose/result/xcompat/new/docker-xcompat-s3g-1.log'
renamed 'xcompat/result/docker-xcompat-scm-1.log' -> '/home/runner/work/ozone/ozone/hadoop-ozone/dist/target/ozone-2.3.0-SNAPSHOT/compose/result/xcompat/new/docker-xcompat-scm-1.log'
renamed 'xcompat/result/kms-audit.log' -> '/home/runner/work/ozone/ozone/hadoop-ozone/dist/target/ozone-2.3.0-SNAPSHOT/compose/result/xcompat/new/kms-audit.log'
renamed 'xcompat/result/om-audit-om.log' -> '/home/runner/work/ozone/ozone/hadoop-ozone/dist/target/ozone-2.3.0-SNAPSHOT/compose/result/xcompat/new/om-audit-om.log'
renamed 'xcompat/result/om-sys-audit-om.log' -> '/home/runner/work/ozone/ozone/hadoop-ozone/dist/target/ozone-2.3.0-SNAPSHOT/compose/result/xcompat/new/om-sys-audit-om.log'
renamed 'xcompat/result/s3g-audit-s3g.log' -> '/home/runner/work/ozone/ozone/hadoop-ozone/dist/target/ozone-2.3.0-SNAPSHOT/compose/result/xcompat/new/s3g-audit-s3g.log'
renamed 'xcompat/result/scm-audit-scm.log' -> '/home/runner/work/ozone/ozone/hadoop-ozone/dist/target/ozone-2.3.0-SNAPSHOT/compose/result/xcompat/new/scm-audit-scm.log'
renamed 'xcompat/result/xcompat-datanode-1_HddsDatanodeService.stack' -> '/home/runner/work/ozone/ozone/hadoop-ozone/dist/target/ozone-2.3.0-SNAPSHOT/compose/result/xcompat/new/xcompat-datanode-1_HddsDatanodeService.stack'
renamed 'xcompat/result/xcompat-datanode-2_HddsDatanodeService.stack' -> '/home/runner/work/ozone/ozone/hadoop-ozone/dist/target/ozone-2.3.0-SNAPSHOT/compose/result/xcompat/new/xcompat-datanode-2_HddsDatanodeService.stack'
renamed 'xcompat/result/xcompat-datanode-3_HddsDatanodeService.stack' -> '/home/runner/work/ozone/ozone/hadoop-ozone/dist/target/ozone-2.3.0-SNAPSHOT/compose/result/xcompat/new/xcompat-datanode-3_HddsDatanodeService.stack'
renamed 'xcompat/result/xcompat-datanode-4_HddsDatanodeService.stack' -> '/home/runner/work/ozone/ozone/hadoop-ozone/dist/target/ozone-2.3.0-SNAPSHOT/compose/result/xcompat/new/xcompat-datanode-4_HddsDatanodeService.stack'
renamed 'xcompat/result/xcompat-datanode-5_HddsDatanodeService.stack' -> '/home/runner/work/ozone/ozone/hadoop-ozone/dist/target/ozone-2.3.0-SNAPSHOT/compose/result/xcompat/new/xcompat-datanode-5_HddsDatanodeService.stack'
renamed 'xcompat/result/xcompat-kms-1_KMSWebServer.stack' -> '/home/runner/work/ozone/ozone/hadoop-ozone/dist/target/ozone-2.3.0-SNAPSHOT/compose/result/xcompat/new/xcompat-kms-1_KMSWebServer.stack'
renamed 'xcompat/result/xcompat-om-1_OzoneManagerStarter.stack' -> '/home/runner/work/ozone/ozone/hadoop-ozone/dist/target/ozone-2.3.0-SNAPSHOT/compose/result/xcompat/new/xcompat-om-1_OzoneManagerStarter.stack'
renamed 'xcompat/result/xcompat-recon-1_ReconServer.stack' -> '/home/runner/work/ozone/ozone/hadoop-ozone/dist/target/ozone-2.3.0-SNAPSHOT/compose/result/xcompat/new/xcompat-recon-1_ReconServer.stack'
renamed 'xcompat/result/xcompat-s3g-1_Gateway.stack' -> '/home/runner/work/ozone/ozone/hadoop-ozone/dist/target/ozone-2.3.0-SNAPSHOT/compose/result/xcompat/new/xcompat-s3g-1_Gateway.stack'
renamed 'xcompat/result/xcompat-scm-1_StorageContainerManagerStarter.stack' -> '/home/runner/work/ozone/ozone/hadoop-ozone/dist/target/ozone-2.3.0-SNAPSHOT/compose/result/xcompat/new/xcompat-scm-1_StorageContainerManagerStarter.stack'
Log:     /rebot-output/log.html
Report:  /rebot-output/report.html
renamed '/home/runner/work/ozone/ozone/hadoop-ozone/dist/target/ozone-2.3.0-SNAPSHOT/compose/result/rebot-7oNrg3/log.html' -> '/home/runner/work/ozone/ozone/hadoop-ozone/dist/target/ozone-2.3.0-SNAPSHOT/compose/result/log.html'
renamed '/home/runner/work/ozone/ozone/hadoop-ozone/dist/target/ozone-2.3.0-SNAPSHOT/compose/result/rebot-7oNrg3/report.html' -> '/home/runner/work/ozone/ozone/hadoop-ozone/dist/target/ozone-2.3.0-SNAPSHOT/compose/result/report.html'
removed '/tmp/robot-data-72jShU/small'
removed directory '/tmp/robot-data-72jShU'
