2026-07-08 15:24:40,756 | INFO  | DNAudit | user=null | ip=null | op=READ_CONTAINER {"containerID":"3"} | ret=SUCCESS |  
2026-07-08 15:24:41,684 | INFO  | DNAudit | user=null | ip=null | op=READ_CONTAINER {"containerID":"4"} | ret=SUCCESS |  
2026-07-08 15:25:13,701 | INFO  | DNAudit | user=null | ip=null | op=READ_CONTAINER {"containerID":"3"} | ret=SUCCESS |  
2026-07-08 15:25:13,926 | INFO  | DNAudit | user=null | ip=null | op=READ_CONTAINER {"containerID":"4"} | ret=SUCCESS |  
2026-07-08 15:26:43,858 | INFO  | DNAudit | user=null | ip=null | op=CLOSE_CONTAINER {"containerID":"3"} | ret=SUCCESS |  
2026-07-08 15:26:48,122 | INFO  | DNAudit | user=null | ip=null | op=CLOSE_CONTAINER {"containerID":"4"} | ret=SUCCESS |  
2026-07-08 15:26:54,385 | INFO  | DNAudit | user=null | ip=null | op=READ_CONTAINER {"containerID":"3"} | ret=SUCCESS |  
2026-07-08 15:26:54,512 | INFO  | DNAudit | user=null | ip=null | op=READ_CONTAINER {"containerID":"4"} | ret=SUCCESS |  
2026-07-08 15:27:01,021 | INFO  | DNAudit | user=null | ip=null | op=READ_CONTAINER {"containerID":"3"} | ret=SUCCESS |  
2026-07-08 15:27:01,153 | INFO  | DNAudit | user=null | ip=null | op=READ_CONTAINER {"containerID":"4"} | ret=SUCCESS |  
2026-07-08 15:27:07,746 | INFO  | DNAudit | user=null | ip=null | op=READ_CONTAINER {"containerID":"3"} | ret=SUCCESS |  
2026-07-08 15:27:07,892 | INFO  | DNAudit | user=null | ip=null | op=READ_CONTAINER {"containerID":"4"} | ret=SUCCESS |  
2026-07-08 15:27:34,046 | INFO  | DNAudit | user=null | ip=null | op=READ_CONTAINER {"containerID":"8"} | ret=SUCCESS |  
2026-07-08 15:27:34,350 | ERROR | DNAudit | user=null | ip=null | op=GET_BLOCK {"blockData":"conID: 8 locID: 117883640217600108 bcsId: 0 replicaIndex: 3"} | ret=FAILURE | java.lang.Exception: Request is trying to write to node with uuid : 6dae4827-e2a8-4510-8a2c-093663ecebea but the current nodeId is: 00e7e488-c4d1-48ec-a529-02235e3ed798 .
	at org.apache.hadoop.ozone.container.common.impl.HddsDispatcher.dispatchRequest(HddsDispatcher.java:449)
	at org.apache.hadoop.ozone.container.common.impl.HddsDispatcher.lambda$dispatch$0(HddsDispatcher.java:197)
 
2026-07-08 15:27:34,375 | ERROR | DNAudit | user=null | ip=null | op=GET_BLOCK {"blockData":"conID: 8 locID: 117883640217600108 bcsId: 0 replicaIndex: 4"} | ret=FAILURE | java.lang.Exception: Request is trying to write to node with uuid : 7b68adee-7524-4009-97a1-66b45e2f087d but the current nodeId is: 00e7e488-c4d1-48ec-a529-02235e3ed798 .
	at org.apache.hadoop.ozone.container.common.impl.HddsDispatcher.dispatchRequest(HddsDispatcher.java:449)
	at org.apache.hadoop.ozone.container.common.impl.HddsDispatcher.lambda$dispatch$0(HddsDispatcher.java:197)
 
2026-07-08 15:27:34,414 | ERROR | DNAudit | user=null | ip=null | op=GET_BLOCK {"blockData":"conID: 8 locID: 117883640217600108 bcsId: 0 replicaIndex: 5"} | ret=FAILURE | java.lang.Exception: Request is trying to write to node with uuid : d23800db-2c27-433f-a68d-a2f81e2d5239 but the current nodeId is: 00e7e488-c4d1-48ec-a529-02235e3ed798 .
	at org.apache.hadoop.ozone.container.common.impl.HddsDispatcher.dispatchRequest(HddsDispatcher.java:449)
	at org.apache.hadoop.ozone.container.common.impl.HddsDispatcher.lambda$dispatch$0(HddsDispatcher.java:197)
 
2026-07-08 15:27:55,854 | INFO  | DNAudit | user=null | ip=null | op=READ_CONTAINER {"containerID":"8"} | ret=SUCCESS |  
2026-07-08 15:27:56,097 | ERROR | DNAudit | user=null | ip=null | op=GET_BLOCK {"blockData":"conID: 8 locID: 117883640217600109 bcsId: 0 replicaIndex: 3"} | ret=FAILURE | java.lang.Exception: Request is trying to write to node with uuid : 6dae4827-e2a8-4510-8a2c-093663ecebea but the current nodeId is: 00e7e488-c4d1-48ec-a529-02235e3ed798 .
	at org.apache.hadoop.ozone.container.common.impl.HddsDispatcher.dispatchRequest(HddsDispatcher.java:449)
	at org.apache.hadoop.ozone.container.common.impl.HddsDispatcher.lambda$dispatch$0(HddsDispatcher.java:197)
 
2026-07-08 15:27:56,133 | ERROR | DNAudit | user=null | ip=null | op=GET_BLOCK {"blockData":"conID: 8 locID: 117883640217600109 bcsId: 0 replicaIndex: 4"} | ret=FAILURE | java.lang.Exception: Request is trying to write to node with uuid : 7b68adee-7524-4009-97a1-66b45e2f087d but the current nodeId is: 00e7e488-c4d1-48ec-a529-02235e3ed798 .
	at org.apache.hadoop.ozone.container.common.impl.HddsDispatcher.dispatchRequest(HddsDispatcher.java:449)
	at org.apache.hadoop.ozone.container.common.impl.HddsDispatcher.lambda$dispatch$0(HddsDispatcher.java:197)
 
2026-07-08 15:27:56,177 | ERROR | DNAudit | user=null | ip=null | op=GET_BLOCK {"blockData":"conID: 8 locID: 117883640217600109 bcsId: 0 replicaIndex: 5"} | ret=FAILURE | java.lang.Exception: Request is trying to write to node with uuid : d23800db-2c27-433f-a68d-a2f81e2d5239 but the current nodeId is: 00e7e488-c4d1-48ec-a529-02235e3ed798 .
	at org.apache.hadoop.ozone.container.common.impl.HddsDispatcher.dispatchRequest(HddsDispatcher.java:449)
	at org.apache.hadoop.ozone.container.common.impl.HddsDispatcher.lambda$dispatch$0(HddsDispatcher.java:197)
 
2026-07-08 15:28:20,227 | INFO  | DNAudit | user=null | ip=null | op=READ_CONTAINER {"containerID":"8"} | ret=SUCCESS |  
2026-07-08 15:28:20,460 | ERROR | DNAudit | user=null | ip=null | op=GET_BLOCK {"blockData":"conID: 8 locID: 117883640217600110 bcsId: 0 replicaIndex: 3"} | ret=FAILURE | java.lang.Exception: Request is trying to write to node with uuid : 6dae4827-e2a8-4510-8a2c-093663ecebea but the current nodeId is: 00e7e488-c4d1-48ec-a529-02235e3ed798 .
	at org.apache.hadoop.ozone.container.common.impl.HddsDispatcher.dispatchRequest(HddsDispatcher.java:449)
	at org.apache.hadoop.ozone.container.common.impl.HddsDispatcher.lambda$dispatch$0(HddsDispatcher.java:197)
 
2026-07-08 15:28:20,482 | ERROR | DNAudit | user=null | ip=null | op=GET_BLOCK {"blockData":"conID: 8 locID: 117883640217600110 bcsId: 0 replicaIndex: 4"} | ret=FAILURE | java.lang.Exception: Request is trying to write to node with uuid : 7b68adee-7524-4009-97a1-66b45e2f087d but the current nodeId is: 00e7e488-c4d1-48ec-a529-02235e3ed798 .
	at org.apache.hadoop.ozone.container.common.impl.HddsDispatcher.dispatchRequest(HddsDispatcher.java:449)
	at org.apache.hadoop.ozone.container.common.impl.HddsDispatcher.lambda$dispatch$0(HddsDispatcher.java:197)
 
2026-07-08 15:28:20,517 | ERROR | DNAudit | user=null | ip=null | op=GET_BLOCK {"blockData":"conID: 8 locID: 117883640217600110 bcsId: 0 replicaIndex: 5"} | ret=FAILURE | java.lang.Exception: Request is trying to write to node with uuid : d23800db-2c27-433f-a68d-a2f81e2d5239 but the current nodeId is: 00e7e488-c4d1-48ec-a529-02235e3ed798 .
	at org.apache.hadoop.ozone.container.common.impl.HddsDispatcher.dispatchRequest(HddsDispatcher.java:449)
	at org.apache.hadoop.ozone.container.common.impl.HddsDispatcher.lambda$dispatch$0(HddsDispatcher.java:197)
 
2026-07-08 15:28:20,563 | INFO  | DNAudit | user=null | ip=null | op=READ_CONTAINER {"containerID":"8"} | ret=SUCCESS |  
2026-07-08 15:28:20,613 | ERROR | DNAudit | user=null | ip=null | op=GET_BLOCK {"blockData":"conID: 8 locID: 117883640217600111 bcsId: 0 replicaIndex: 3"} | ret=FAILURE | java.lang.Exception: Request is trying to write to node with uuid : 6dae4827-e2a8-4510-8a2c-093663ecebea but the current nodeId is: 00e7e488-c4d1-48ec-a529-02235e3ed798 .
	at org.apache.hadoop.ozone.container.common.impl.HddsDispatcher.dispatchRequest(HddsDispatcher.java:449)
	at org.apache.hadoop.ozone.container.common.impl.HddsDispatcher.lambda$dispatch$0(HddsDispatcher.java:197)
 
2026-07-08 15:28:20,640 | ERROR | DNAudit | user=null | ip=null | op=GET_BLOCK {"blockData":"conID: 8 locID: 117883640217600111 bcsId: 0 replicaIndex: 4"} | ret=FAILURE | java.lang.Exception: Request is trying to write to node with uuid : 7b68adee-7524-4009-97a1-66b45e2f087d but the current nodeId is: 00e7e488-c4d1-48ec-a529-02235e3ed798 .
	at org.apache.hadoop.ozone.container.common.impl.HddsDispatcher.dispatchRequest(HddsDispatcher.java:449)
	at org.apache.hadoop.ozone.container.common.impl.HddsDispatcher.lambda$dispatch$0(HddsDispatcher.java:197)
 
2026-07-08 15:28:20,684 | ERROR | DNAudit | user=null | ip=null | op=GET_BLOCK {"blockData":"conID: 8 locID: 117883640217600111 bcsId: 0 replicaIndex: 5"} | ret=FAILURE | java.lang.Exception: Request is trying to write to node with uuid : d23800db-2c27-433f-a68d-a2f81e2d5239 but the current nodeId is: 00e7e488-c4d1-48ec-a529-02235e3ed798 .
	at org.apache.hadoop.ozone.container.common.impl.HddsDispatcher.dispatchRequest(HddsDispatcher.java:449)
	at org.apache.hadoop.ozone.container.common.impl.HddsDispatcher.lambda$dispatch$0(HddsDispatcher.java:197)
 
2026-07-08 15:28:40,243 | INFO  | DNAudit | user=null | ip=null | op=READ_CONTAINER {"containerID":"8"} | ret=SUCCESS |  
2026-07-08 15:28:40,543 | ERROR | DNAudit | user=null | ip=null | op=GET_BLOCK {"blockData":"conID: 8 locID: 117883640217600112 bcsId: 0 replicaIndex: 3"} | ret=FAILURE | java.lang.Exception: Request is trying to write to node with uuid : 6dae4827-e2a8-4510-8a2c-093663ecebea but the current nodeId is: 00e7e488-c4d1-48ec-a529-02235e3ed798 .
	at org.apache.hadoop.ozone.container.common.impl.HddsDispatcher.dispatchRequest(HddsDispatcher.java:449)
	at org.apache.hadoop.ozone.container.common.impl.HddsDispatcher.lambda$dispatch$0(HddsDispatcher.java:197)
 
2026-07-08 15:28:40,571 | ERROR | DNAudit | user=null | ip=null | op=GET_BLOCK {"blockData":"conID: 8 locID: 117883640217600112 bcsId: 0 replicaIndex: 4"} | ret=FAILURE | java.lang.Exception: Request is trying to write to node with uuid : 7b68adee-7524-4009-97a1-66b45e2f087d but the current nodeId is: 00e7e488-c4d1-48ec-a529-02235e3ed798 .
	at org.apache.hadoop.ozone.container.common.impl.HddsDispatcher.dispatchRequest(HddsDispatcher.java:449)
	at org.apache.hadoop.ozone.container.common.impl.HddsDispatcher.lambda$dispatch$0(HddsDispatcher.java:197)
 
2026-07-08 15:28:40,605 | ERROR | DNAudit | user=null | ip=null | op=GET_BLOCK {"blockData":"conID: 8 locID: 117883640217600112 bcsId: 0 replicaIndex: 5"} | ret=FAILURE | java.lang.Exception: Request is trying to write to node with uuid : d23800db-2c27-433f-a68d-a2f81e2d5239 but the current nodeId is: 00e7e488-c4d1-48ec-a529-02235e3ed798 .
	at org.apache.hadoop.ozone.container.common.impl.HddsDispatcher.dispatchRequest(HddsDispatcher.java:449)
	at org.apache.hadoop.ozone.container.common.impl.HddsDispatcher.lambda$dispatch$0(HddsDispatcher.java:197)
 
2026-07-08 15:29:37,222 | ERROR | DNAudit | user=null | ip=null | op=GET_BLOCK {"blockData":"conID: 3 locID: 117883640217600101 bcsId: 2 replicaIndex: null"} | ret=FAILURE | java.lang.Exception: Unable to find the block with bcsID 2 .Container 3 bcsId is 0.
	at org.apache.hadoop.ozone.container.common.impl.HddsDispatcher.dispatchRequest(HddsDispatcher.java:449)
	at org.apache.hadoop.ozone.container.common.impl.HddsDispatcher.lambda$dispatch$0(HddsDispatcher.java:197)
 
2026-07-08 15:29:37,343 | ERROR | DNAudit | user=null | ip=null | op=GET_BLOCK {"blockData":"conID: 4 locID: 117883640217600102 bcsId: 2 replicaIndex: null"} | ret=FAILURE | java.lang.Exception: Unable to find the block with bcsID 2 .Container 4 bcsId is 0.
	at org.apache.hadoop.ozone.container.common.impl.HddsDispatcher.dispatchRequest(HddsDispatcher.java:449)
	at org.apache.hadoop.ozone.container.common.impl.HddsDispatcher.lambda$dispatch$0(HddsDispatcher.java:197)
 
