2026-07-08 15:24:41,552 | INFO  | DNAudit | user=null | ip=null | op=READ_CONTAINER {"containerID":"3"} | ret=SUCCESS |  
2026-07-08 15:24:41,993 | INFO  | DNAudit | user=null | ip=null | op=READ_CONTAINER {"containerID":"4"} | ret=SUCCESS |  
2026-07-08 15:25:13,699 | INFO  | DNAudit | user=null | ip=null | op=READ_CONTAINER {"containerID":"3"} | ret=SUCCESS |  
2026-07-08 15:25:13,933 | INFO  | DNAudit | user=null | ip=null | op=READ_CONTAINER {"containerID":"4"} | ret=SUCCESS |  
2026-07-08 15:26:07,944 | INFO  | DNAudit | user=null | ip=null | op=CLOSE_CONTAINER {"containerID":"4"} | ret=SUCCESS |  
2026-07-08 15:26:08,551 | INFO  | DNAudit | user=null | ip=null | op=CLOSE_CONTAINER {"containerID":"3"} | ret=SUCCESS |  
2026-07-08 15:26:54,496 | INFO  | DNAudit | user=null | ip=null | op=READ_CONTAINER {"containerID":"3"} | ret=SUCCESS |  
2026-07-08 15:26:54,526 | INFO  | DNAudit | user=null | ip=null | op=READ_CONTAINER {"containerID":"4"} | ret=SUCCESS |  
2026-07-08 15:27:01,130 | INFO  | DNAudit | user=null | ip=null | op=READ_CONTAINER {"containerID":"3"} | ret=SUCCESS |  
2026-07-08 15:27:01,168 | INFO  | DNAudit | user=null | ip=null | op=READ_CONTAINER {"containerID":"4"} | ret=SUCCESS |  
2026-07-08 15:27:07,868 | INFO  | DNAudit | user=null | ip=null | op=READ_CONTAINER {"containerID":"3"} | ret=SUCCESS |  
2026-07-08 15:27:07,915 | INFO  | DNAudit | user=null | ip=null | op=READ_CONTAINER {"containerID":"4"} | ret=SUCCESS |  
2026-07-08 15:27:34,045 | INFO  | DNAudit | user=null | ip=null | op=READ_CONTAINER {"containerID":"8"} | ret=SUCCESS |  
2026-07-08 15:27:34,385 | ERROR | DNAudit | user=null | ip=null | op=GET_BLOCK {"blockData":"conID: 8 locID: 117883640217600108 bcsId: 0 replicaIndex: 4"} | ret=FAILURE | java.lang.Exception: Request is trying to write to node with uuid : 7b68adee-7524-4009-97a1-66b45e2f087d but the current nodeId is: 6dae4827-e2a8-4510-8a2c-093663ecebea .
	at org.apache.hadoop.ozone.container.common.impl.HddsDispatcher.dispatchRequest(HddsDispatcher.java:449)
	at org.apache.hadoop.ozone.container.common.impl.HddsDispatcher.lambda$dispatch$0(HddsDispatcher.java:197)
 
2026-07-08 15:27:34,422 | ERROR | DNAudit | user=null | ip=null | op=GET_BLOCK {"blockData":"conID: 8 locID: 117883640217600108 bcsId: 0 replicaIndex: 5"} | ret=FAILURE | java.lang.Exception: Request is trying to write to node with uuid : d23800db-2c27-433f-a68d-a2f81e2d5239 but the current nodeId is: 6dae4827-e2a8-4510-8a2c-093663ecebea .
	at org.apache.hadoop.ozone.container.common.impl.HddsDispatcher.dispatchRequest(HddsDispatcher.java:449)
	at org.apache.hadoop.ozone.container.common.impl.HddsDispatcher.lambda$dispatch$0(HddsDispatcher.java:197)
 
2026-07-08 15:27:55,856 | INFO  | DNAudit | user=null | ip=null | op=READ_CONTAINER {"containerID":"8"} | ret=SUCCESS |  
2026-07-08 15:27:56,141 | ERROR | DNAudit | user=null | ip=null | op=GET_BLOCK {"blockData":"conID: 8 locID: 117883640217600109 bcsId: 0 replicaIndex: 4"} | ret=FAILURE | java.lang.Exception: Request is trying to write to node with uuid : 7b68adee-7524-4009-97a1-66b45e2f087d but the current nodeId is: 6dae4827-e2a8-4510-8a2c-093663ecebea .
	at org.apache.hadoop.ozone.container.common.impl.HddsDispatcher.dispatchRequest(HddsDispatcher.java:449)
	at org.apache.hadoop.ozone.container.common.impl.HddsDispatcher.lambda$dispatch$0(HddsDispatcher.java:197)
 
2026-07-08 15:27:56,191 | ERROR | DNAudit | user=null | ip=null | op=GET_BLOCK {"blockData":"conID: 8 locID: 117883640217600109 bcsId: 0 replicaIndex: 5"} | ret=FAILURE | java.lang.Exception: Request is trying to write to node with uuid : d23800db-2c27-433f-a68d-a2f81e2d5239 but the current nodeId is: 6dae4827-e2a8-4510-8a2c-093663ecebea .
	at org.apache.hadoop.ozone.container.common.impl.HddsDispatcher.dispatchRequest(HddsDispatcher.java:449)
	at org.apache.hadoop.ozone.container.common.impl.HddsDispatcher.lambda$dispatch$0(HddsDispatcher.java:197)
 
2026-07-08 15:28:20,220 | INFO  | DNAudit | user=null | ip=null | op=READ_CONTAINER {"containerID":"8"} | ret=SUCCESS |  
2026-07-08 15:28:20,490 | ERROR | DNAudit | user=null | ip=null | op=GET_BLOCK {"blockData":"conID: 8 locID: 117883640217600110 bcsId: 0 replicaIndex: 4"} | ret=FAILURE | java.lang.Exception: Request is trying to write to node with uuid : 7b68adee-7524-4009-97a1-66b45e2f087d but the current nodeId is: 6dae4827-e2a8-4510-8a2c-093663ecebea .
	at org.apache.hadoop.ozone.container.common.impl.HddsDispatcher.dispatchRequest(HddsDispatcher.java:449)
	at org.apache.hadoop.ozone.container.common.impl.HddsDispatcher.lambda$dispatch$0(HddsDispatcher.java:197)
 
2026-07-08 15:28:20,526 | ERROR | DNAudit | user=null | ip=null | op=GET_BLOCK {"blockData":"conID: 8 locID: 117883640217600110 bcsId: 0 replicaIndex: 5"} | ret=FAILURE | java.lang.Exception: Request is trying to write to node with uuid : d23800db-2c27-433f-a68d-a2f81e2d5239 but the current nodeId is: 6dae4827-e2a8-4510-8a2c-093663ecebea .
	at org.apache.hadoop.ozone.container.common.impl.HddsDispatcher.dispatchRequest(HddsDispatcher.java:449)
	at org.apache.hadoop.ozone.container.common.impl.HddsDispatcher.lambda$dispatch$0(HddsDispatcher.java:197)
 
2026-07-08 15:28:20,556 | INFO  | DNAudit | user=null | ip=null | op=READ_CONTAINER {"containerID":"8"} | ret=SUCCESS |  
2026-07-08 15:28:20,649 | ERROR | DNAudit | user=null | ip=null | op=GET_BLOCK {"blockData":"conID: 8 locID: 117883640217600111 bcsId: 0 replicaIndex: 4"} | ret=FAILURE | java.lang.Exception: Request is trying to write to node with uuid : 7b68adee-7524-4009-97a1-66b45e2f087d but the current nodeId is: 6dae4827-e2a8-4510-8a2c-093663ecebea .
	at org.apache.hadoop.ozone.container.common.impl.HddsDispatcher.dispatchRequest(HddsDispatcher.java:449)
	at org.apache.hadoop.ozone.container.common.impl.HddsDispatcher.lambda$dispatch$0(HddsDispatcher.java:197)
 
2026-07-08 15:28:20,692 | ERROR | DNAudit | user=null | ip=null | op=GET_BLOCK {"blockData":"conID: 8 locID: 117883640217600111 bcsId: 0 replicaIndex: 5"} | ret=FAILURE | java.lang.Exception: Request is trying to write to node with uuid : d23800db-2c27-433f-a68d-a2f81e2d5239 but the current nodeId is: 6dae4827-e2a8-4510-8a2c-093663ecebea .
	at org.apache.hadoop.ozone.container.common.impl.HddsDispatcher.dispatchRequest(HddsDispatcher.java:449)
	at org.apache.hadoop.ozone.container.common.impl.HddsDispatcher.lambda$dispatch$0(HddsDispatcher.java:197)
 
2026-07-08 15:28:40,246 | INFO  | DNAudit | user=null | ip=null | op=READ_CONTAINER {"containerID":"8"} | ret=SUCCESS |  
2026-07-08 15:28:40,578 | ERROR | DNAudit | user=null | ip=null | op=GET_BLOCK {"blockData":"conID: 8 locID: 117883640217600112 bcsId: 0 replicaIndex: 4"} | ret=FAILURE | java.lang.Exception: Request is trying to write to node with uuid : 7b68adee-7524-4009-97a1-66b45e2f087d but the current nodeId is: 6dae4827-e2a8-4510-8a2c-093663ecebea .
	at org.apache.hadoop.ozone.container.common.impl.HddsDispatcher.dispatchRequest(HddsDispatcher.java:449)
	at org.apache.hadoop.ozone.container.common.impl.HddsDispatcher.lambda$dispatch$0(HddsDispatcher.java:197)
 
2026-07-08 15:28:40,612 | ERROR | DNAudit | user=null | ip=null | op=GET_BLOCK {"blockData":"conID: 8 locID: 117883640217600112 bcsId: 0 replicaIndex: 5"} | ret=FAILURE | java.lang.Exception: Request is trying to write to node with uuid : d23800db-2c27-433f-a68d-a2f81e2d5239 but the current nodeId is: 6dae4827-e2a8-4510-8a2c-093663ecebea .
	at org.apache.hadoop.ozone.container.common.impl.HddsDispatcher.dispatchRequest(HddsDispatcher.java:449)
	at org.apache.hadoop.ozone.container.common.impl.HddsDispatcher.lambda$dispatch$0(HddsDispatcher.java:197)
 
