s3g_1               | 2023-06-05 20:23:23,915 [main] INFO server.Server: jetty-9.4.51.v20230217; built: 2023-02-17T08:19:37.309Z; git: b45c405e4544384de066f814ed42ae3dceacdd49; jvm 11.0.14.1+1-LTS
recon_1             | 2023-06-05 20:23:53,810 [main] INFO tasks.ReconTaskControllerImpl: Registered task NSSummaryTask with controller.
datanode_4          | 2023-06-05 20:23:57,510 [IPC Server Responder] INFO ipc.Server: IPC Server Responder: starting
datanode_4          | 2023-06-05 20:23:57,527 [IPC Server listener on 9864] INFO ipc.Server: IPC Server listener on 9864: starting
datanode_5          | 2023-06-05 20:23:52,496 [main] INFO http.BaseHttpServer: HTTP server of hddsDatanode uses base directory /data/metadata/webserver
datanode_3          | 	at org.apache.hadoop.ozone.container.common.states.endpoint.VersionEndpointTask.call(VersionEndpointTask.java:42)
om_1                | 	at org.apache.hadoop.hdds.protocol.proto.ScmBlockLocationProtocolProtos$ScmBlockLocationProtocolService$2.callBlockingMethod(ScmBlockLocationProtocolProtos.java:14220)
s3g_1               | 2023-06-05 20:23:24,214 [main] INFO server.session: DefaultSessionIdManager workerName=node0
s3g_1               | 2023-06-05 20:23:24,225 [main] INFO server.session: No SessionScavenger set, using defaults
recon_1             | 2023-06-05 20:23:54,451 [main] INFO ozone.OmUtils: ozone.om.internal.service.id is not defined, falling back to ozone.om.service.ids to find serviceID for OzoneManager if it is HA enabled cluster
datanode_2          | 2023-06-05 20:24:35,781 [a14315d1-204d-48a3-81bc-62d701476b50-groupManagement] INFO server.RaftServerConfigKeys: raft.server.rpc.timeout.min = 5s (custom)
datanode_2          | 2023-06-05 20:24:35,785 [a14315d1-204d-48a3-81bc-62d701476b50-groupManagement] INFO server.RaftServerConfigKeys: raft.server.rpc.timeout.max = 5200ms (custom)
datanode_2          | 2023-06-05 20:24:35,785 [a14315d1-204d-48a3-81bc-62d701476b50-groupManagement] INFO server.RaftServerConfigKeys: raft.server.rpc.sleep.time = 25ms (default)
datanode_3          | 	at java.base/java.util.concurrent.FutureTask.run(FutureTask.java:264)
datanode_3          | 	at java.base/java.util.concurrent.ThreadPoolExecutor.runWorker(ThreadPoolExecutor.java:1128)
om_1                | 	at org.apache.hadoop.ipc.ProtobufRpcEngine$Server.processCall(ProtobufRpcEngine.java:484)
datanode_2          | 2023-06-05 20:24:35,785 [a14315d1-204d-48a3-81bc-62d701476b50-groupManagement] INFO server.RaftServerConfigKeys: raft.server.rpc.slowness.timeout = 300s (custom)
datanode_4          | 2023-06-05 20:23:57,592 [Datanode State Machine Daemon Thread] INFO statemachine.DatanodeStateMachine: Ozone container server started.
datanode_5          | 2023-06-05 20:23:52,591 [main] INFO http.HttpServer2: Jetty bound to port 9882
datanode_1          | 2023-06-05 20:24:26,008 [PipelineCommandHandlerThread-0] INFO ratis.XceiverServerRatis: Created group PipelineID=3f908b52-ee19-408f-839c-f7b3193b4cf4
datanode_3          | 	at java.base/java.util.concurrent.ThreadPoolExecutor$Worker.run(ThreadPoolExecutor.java:628)
datanode_3          | 	at java.base/java.lang.Thread.run(Thread.java:829)
s3g_1               | 2023-06-05 20:23:24,257 [main] INFO server.session: node0 Scavenging every 660000ms
s3g_1               | 2023-06-05 20:23:24,383 [main] INFO handler.ContextHandler: Started o.e.j.s.ServletContextHandler@726386ed{logs,/logs,file:///var/log/hadoop/,AVAILABLE}
s3g_1               | 2023-06-05 20:23:24,422 [main] INFO handler.ContextHandler: Started o.e.j.s.ServletContextHandler@5bd1ceca{static,/static,jar:file:/opt/hadoop/share/ozone/lib/ozone-s3gateway-1.4.0-SNAPSHOT.jar!/webapps/static,AVAILABLE}
s3g_1               | 2023-06-05 20:23:34,403 [JvmPauseMonitor0] WARN util.JvmPauseMonitor: JvmPauseMonitor-S3G: Detected pause in JVM or host machine approximately 0.145s with 0.152s GC time.
datanode_2          | 2023-06-05 20:24:35,786 [a14315d1-204d-48a3-81bc-62d701476b50-groupManagement] INFO server.RaftServerConfigKeys: raft.server.leaderelection.leader.step-down.wait-time = 10s (default)
datanode_4          | 2023-06-05 20:23:58,322 [Datanode State Machine Task Thread - 0] INFO statemachine.SCMConnectionManager: Adding Recon Server : recon/172.23.0.5:9891
datanode_5          | 2023-06-05 20:23:52,594 [main] INFO server.Server: jetty-9.4.51.v20230217; built: 2023-02-17T08:19:37.309Z; git: b45c405e4544384de066f814ed42ae3dceacdd49; jvm 11.0.14.1+1-LTS
datanode_1          | 2023-06-05 20:24:29,255 [PipelineCommandHandlerThread-0] INFO commandhandler.CreatePipelineCommandHandler: Created Pipeline RATIS THREE PipelineID=3f908b52-ee19-408f-839c-f7b3193b4cf4.
datanode_3          | Caused by: java.net.SocketTimeoutException: 5000 millis timeout while waiting for channel to be ready for read. ch : java.nio.channels.SocketChannel[connected local=/172.23.0.12:32816 remote=recon/172.23.0.5:9891]
datanode_3          | 	at org.apache.hadoop.net.SocketIOWithTimeout.doIO(SocketIOWithTimeout.java:163)
s3g_1               | GC pool 'ParNew' had collection(s): count=1 time=152ms
om_1                | 	at org.apache.hadoop.ipc.ProtobufRpcEngine2$Server$ProtoBufRpcInvoker.call(ProtobufRpcEngine2.java:595)
scm_1               | 2023-06-05 20:23:38,517 [main] INFO impl.DataStreamServerImpl: raft.datastream.type = DISABLED (default)
datanode_2          | 2023-06-05 20:24:35,786 [a14315d1-204d-48a3-81bc-62d701476b50-groupManagement] INFO server.RaftServerConfigKeys: raft.server.sleep.deviation.threshold = 300ms (default)
datanode_4          | 2023-06-05 20:23:58,785 [Datanode State Machine Task Thread - 0] INFO datanode.InitDatanodeState: DatanodeDetails is persisted to /data/datanode.id
datanode_5          | 2023-06-05 20:23:52,944 [main] INFO server.session: DefaultSessionIdManager workerName=node0
datanode_1          | 2023-06-05 20:24:29,257 [PipelineCommandHandlerThread-0] INFO server.RaftServer: 5f116430-e0f3-4f7e-a164-570f6609cbd1: addNew group-6686D0DFB68F:[07008a2a-a0c2-433b-b84a-0b683182ffce|rpc:172.23.0.11:9856|admin:172.23.0.11:9857|client:172.23.0.11:9858|dataStream:172.23.0.11:9858|priority:1|startupRole:FOLLOWER, 5f116430-e0f3-4f7e-a164-570f6609cbd1|rpc:172.23.0.13:9856|admin:172.23.0.13:9857|client:172.23.0.13:9858|dataStream:172.23.0.13:9858|priority:0|startupRole:FOLLOWER, eac32672-553f-47b6-8df5-84032a98e29f|rpc:172.23.0.8:9856|admin:172.23.0.8:9857|client:172.23.0.8:9858|dataStream:172.23.0.8:9858|priority:0|startupRole:FOLLOWER] returns group-6686D0DFB68F:java.util.concurrent.CompletableFuture@16670aaa[Not completed]
recon_1             | 2023-06-05 20:23:54,451 [main] INFO ozone.OmUtils: No OzoneManager ServiceID configured.
datanode_3          | 	at org.apache.hadoop.net.SocketInputStream.read(SocketInputStream.java:161)
datanode_3          | 	at org.apache.hadoop.net.SocketInputStream.read(SocketInputStream.java:131)
om_1                | 	at org.apache.hadoop.ipc.ProtobufRpcEngine2$Server$ProtoBufRpcInvoker.call(ProtobufRpcEngine2.java:573)
scm_1               | 2023-06-05 20:23:38,652 [main] INFO server.RaftServerConfigKeys: raft.server.threadpool.proxy.cached = true (default)
datanode_2          | 2023-06-05 20:24:35,828 [a14315d1-204d-48a3-81bc-62d701476b50-groupManagement] INFO server.RaftServer$Division: a14315d1-204d-48a3-81bc-62d701476b50@group-41443BE644A3: ConfigurationManager, init=-1: peers:[07008a2a-a0c2-433b-b84a-0b683182ffce|rpc:172.23.0.11:9856|admin:172.23.0.11:9857|client:172.23.0.11:9858|dataStream:172.23.0.11:9858|priority:0|startupRole:FOLLOWER, baf449a5-71b9-4406-9696-b31310ed6d38|rpc:172.23.0.12:9856|admin:172.23.0.12:9857|client:172.23.0.12:9858|dataStream:172.23.0.12:9858|priority:1|startupRole:FOLLOWER, a14315d1-204d-48a3-81bc-62d701476b50|rpc:172.23.0.14:9856|admin:172.23.0.14:9857|client:172.23.0.14:9858|dataStream:172.23.0.14:9858|priority:0|startupRole:FOLLOWER]|listeners:[], old=null, confs=<EMPTY_MAP>
datanode_4          | 2023-06-05 20:24:01,187 [EndpointStateMachine task thread for recon/172.23.0.5:9891 - 0 ] INFO ipc.Client: Retrying connect to server: recon/172.23.0.5:9891. Already tried 0 time(s); retry policy is RetryUpToMaximumCountWithFixedSleep(maxRetries=15, sleepTime=1000 MILLISECONDS)
datanode_4          | 2023-06-05 20:24:01,213 [EndpointStateMachine task thread for scm/172.23.0.3:9861 - 0 ] INFO ipc.Client: Retrying connect to server: scm/172.23.0.3:9861. Already tried 0 time(s); retry policy is RetryUpToMaximumCountWithFixedSleep(maxRetries=15, sleepTime=1000 MILLISECONDS)
datanode_1          | 2023-06-05 20:24:29,266 [5f116430-e0f3-4f7e-a164-570f6609cbd1-groupManagement] INFO server.RaftServer$Division: 5f116430-e0f3-4f7e-a164-570f6609cbd1: new RaftServerImpl for group-6686D0DFB68F:[07008a2a-a0c2-433b-b84a-0b683182ffce|rpc:172.23.0.11:9856|admin:172.23.0.11:9857|client:172.23.0.11:9858|dataStream:172.23.0.11:9858|priority:1|startupRole:FOLLOWER, 5f116430-e0f3-4f7e-a164-570f6609cbd1|rpc:172.23.0.13:9856|admin:172.23.0.13:9857|client:172.23.0.13:9858|dataStream:172.23.0.13:9858|priority:0|startupRole:FOLLOWER, eac32672-553f-47b6-8df5-84032a98e29f|rpc:172.23.0.8:9856|admin:172.23.0.8:9857|client:172.23.0.8:9858|dataStream:172.23.0.8:9858|priority:0|startupRole:FOLLOWER] with ContainerStateMachine:uninitialized
recon_1             | 2023-06-05 20:23:59,566 [main] WARN recon.ReconUtils: ozone.recon.om.db.dir is not configured. We recommend adding this setting. Falling back to ozone.metadata.dirs instead.
datanode_3          | 	at java.base/java.io.FilterInputStream.read(FilterInputStream.java:133)
datanode_3          | 	at java.base/java.io.BufferedInputStream.fill(BufferedInputStream.java:252)
om_1                | 	at org.apache.hadoop.ipc.RPC$Server.call(RPC.java:1213)
scm_1               | 2023-06-05 20:23:38,658 [main] INFO server.RaftServerConfigKeys: raft.server.threadpool.proxy.size = 0 (default)
datanode_4          | 2023-06-05 20:24:02,188 [EndpointStateMachine task thread for recon/172.23.0.5:9891 - 0 ] INFO ipc.Client: Retrying connect to server: recon/172.23.0.5:9891. Already tried 1 time(s); retry policy is RetryUpToMaximumCountWithFixedSleep(maxRetries=15, sleepTime=1000 MILLISECONDS)
recon_1             | 2023-06-05 20:24:01,104 [main] WARN recon.ReconUtils: ozone.recon.scm.db.dirs is not configured. We recommend adding this setting. Falling back to ozone.metadata.dirs instead.
recon_1             | 2023-06-05 20:24:01,278 [main] INFO net.NodeSchemaLoader: Loading schema from [file:/etc/hadoop/network-topology-default.xml, jar:file:/opt/hadoop/share/ozone/lib/hdds-common-1.4.0-SNAPSHOT.jar!/network-topology-default.xml]
recon_1             | 2023-06-05 20:24:01,285 [main] INFO net.NodeSchemaLoader: Loading network topology layer schema file
datanode_2          | 2023-06-05 20:24:35,830 [a14315d1-204d-48a3-81bc-62d701476b50-groupManagement] INFO server.RaftServerConfigKeys: raft.server.storage.dir = [/data/metadata/ratis] (custom)
datanode_2          | 2023-06-05 20:24:35,861 [a14315d1-204d-48a3-81bc-62d701476b50-groupManagement] INFO server.RaftServerConfigKeys: raft.server.log.corruption.policy = EXCEPTION (default)
datanode_4          | 2023-06-05 20:24:02,214 [EndpointStateMachine task thread for scm/172.23.0.3:9861 - 0 ] INFO ipc.Client: Retrying connect to server: scm/172.23.0.3:9861. Already tried 1 time(s); retry policy is RetryUpToMaximumCountWithFixedSleep(maxRetries=15, sleepTime=1000 MILLISECONDS)
datanode_4          | 2023-06-05 20:24:03,189 [EndpointStateMachine task thread for recon/172.23.0.5:9891 - 0 ] INFO ipc.Client: Retrying connect to server: recon/172.23.0.5:9891. Already tried 2 time(s); retry policy is RetryUpToMaximumCountWithFixedSleep(maxRetries=15, sleepTime=1000 MILLISECONDS)
datanode_4          | 2023-06-05 20:24:03,220 [EndpointStateMachine task thread for scm/172.23.0.3:9861 - 0 ] INFO ipc.Client: Retrying connect to server: scm/172.23.0.3:9861. Already tried 2 time(s); retry policy is RetryUpToMaximumCountWithFixedSleep(maxRetries=15, sleepTime=1000 MILLISECONDS)
datanode_4          | 2023-06-05 20:24:04,221 [EndpointStateMachine task thread for scm/172.23.0.3:9861 - 0 ] INFO ipc.Client: Retrying connect to server: scm/172.23.0.3:9861. Already tried 3 time(s); retry policy is RetryUpToMaximumCountWithFixedSleep(maxRetries=15, sleepTime=1000 MILLISECONDS)
datanode_4          | 2023-06-05 20:24:05,222 [EndpointStateMachine task thread for scm/172.23.0.3:9861 - 0 ] INFO ipc.Client: Retrying connect to server: scm/172.23.0.3:9861. Already tried 4 time(s); retry policy is RetryUpToMaximumCountWithFixedSleep(maxRetries=15, sleepTime=1000 MILLISECONDS)
recon_1             | 2023-06-05 20:24:01,451 [main] WARN db.DBStoreBuilder: ozone.recon.scm.db.dirs is not configured. We recommend adding this setting. Falling back to ozone.metadata.dirs instead.
om_1                | 	at org.apache.hadoop.ipc.Server$RpcCall.run(Server.java:1089)
datanode_1          | 2023-06-05 20:24:29,268 [5f116430-e0f3-4f7e-a164-570f6609cbd1-groupManagement] INFO server.RaftServerConfigKeys: raft.server.rpc.timeout.min = 5s (custom)
datanode_1          | 2023-06-05 20:24:29,268 [5f116430-e0f3-4f7e-a164-570f6609cbd1-groupManagement] INFO server.RaftServerConfigKeys: raft.server.rpc.timeout.max = 5200ms (custom)
datanode_1          | 2023-06-05 20:24:29,268 [5f116430-e0f3-4f7e-a164-570f6609cbd1-groupManagement] INFO server.RaftServerConfigKeys: raft.server.rpc.sleep.time = 25ms (default)
datanode_1          | 2023-06-05 20:24:29,268 [5f116430-e0f3-4f7e-a164-570f6609cbd1-groupManagement] INFO server.RaftServerConfigKeys: raft.server.rpc.slowness.timeout = 300s (custom)
datanode_1          | 2023-06-05 20:24:29,268 [5f116430-e0f3-4f7e-a164-570f6609cbd1-groupManagement] INFO server.RaftServerConfigKeys: raft.server.leaderelection.leader.step-down.wait-time = 10s (default)
datanode_4          | 2023-06-05 20:24:06,223 [EndpointStateMachine task thread for scm/172.23.0.3:9861 - 0 ] INFO ipc.Client: Retrying connect to server: scm/172.23.0.3:9861. Already tried 5 time(s); retry policy is RetryUpToMaximumCountWithFixedSleep(maxRetries=15, sleepTime=1000 MILLISECONDS)
datanode_4          | 2023-06-05 20:24:07,224 [EndpointStateMachine task thread for scm/172.23.0.3:9861 - 0 ] INFO ipc.Client: Retrying connect to server: scm/172.23.0.3:9861. Already tried 6 time(s); retry policy is RetryUpToMaximumCountWithFixedSleep(maxRetries=15, sleepTime=1000 MILLISECONDS)
recon_1             | 2023-06-05 20:24:01,752 [main] INFO upgrade.AbstractLayoutVersionManager: Initializing Layout version manager with metadata layout = HADOOP_PRC_PORTS_IN_DATANODEDETAILS (version = 7), software layout = HADOOP_PRC_PORTS_IN_DATANODEDETAILS (version = 7)
recon_1             | 2023-06-05 20:24:01,814 [main] INFO ha.SequenceIdGenerator: Init the HA SequenceIdGenerator.
recon_1             | 2023-06-05 20:24:01,909 [main] INFO node.SCMNodeManager: Entering startup safe mode.
datanode_2          | 2023-06-05 20:24:35,866 [a14315d1-204d-48a3-81bc-62d701476b50-groupManagement] INFO server.RaftServerConfigKeys: raft.server.storage.free-space.min = 0MB (=0) (default)
datanode_4          | 2023-06-05 20:24:08,231 [EndpointStateMachine task thread for scm/172.23.0.3:9861 - 0 ] INFO ipc.Client: Retrying connect to server: scm/172.23.0.3:9861. Already tried 7 time(s); retry policy is RetryUpToMaximumCountWithFixedSleep(maxRetries=15, sleepTime=1000 MILLISECONDS)
datanode_4          | 2023-06-05 20:24:08,241 [EndpointStateMachine task thread for recon/172.23.0.5:9891 - 0 ] WARN statemachine.EndpointStateMachine: Unable to communicate to Recon server at recon:9891 for past 0 seconds.
datanode_4          | java.net.SocketTimeoutException: Call From fdf1daaeeb6d/172.23.0.11 to recon:9891 failed on socket timeout exception: java.net.SocketTimeoutException: 5000 millis timeout while waiting for channel to be ready for read. ch : java.nio.channels.SocketChannel[connected local=/172.23.0.11:40354 remote=recon/172.23.0.5:9891]; For more details see:  http://wiki.apache.org/hadoop/SocketTimeout
datanode_4          | 	at java.base/jdk.internal.reflect.NativeConstructorAccessorImpl.newInstance0(Native Method)
datanode_4          | 	at java.base/jdk.internal.reflect.NativeConstructorAccessorImpl.newInstance(NativeConstructorAccessorImpl.java:62)
datanode_4          | 	at java.base/jdk.internal.reflect.DelegatingConstructorAccessorImpl.newInstance(DelegatingConstructorAccessorImpl.java:45)
recon_1             | 2023-06-05 20:24:01,923 [main] INFO scm.ReconNodeManager: Loaded 0 nodes from node DB.
recon_1             | 2023-06-05 20:24:01,957 [main] INFO algorithms.ContainerPlacementPolicyFactory: Create container placement policy of type org.apache.hadoop.hdds.scm.container.placement.algorithms.SCMContainerPlacementRackAware
recon_1             | 2023-06-05 20:24:02,703 [main] INFO audit.AuditLogger: Refresh DebugCmdSet for SCMAudit to [].
datanode_4          | 	at java.base/java.lang.reflect.Constructor.newInstance(Constructor.java:490)
datanode_4          | 	at org.apache.hadoop.net.NetUtils.wrapWithMessage(NetUtils.java:930)
datanode_4          | 	at org.apache.hadoop.net.NetUtils.wrapException(NetUtils.java:865)
s3g_1               | 2023-06-05 20:23:40,263 [JvmPauseMonitor0] WARN util.JvmPauseMonitor: JvmPauseMonitor-S3G: Detected pause in JVM or host machine approximately 0.134s with 0.121s GC time.
s3g_1               | GC pool 'ParNew' had collection(s): count=1 time=121ms
s3g_1               | 2023-06-05 20:23:43,478 [JvmPauseMonitor0] WARN util.JvmPauseMonitor: JvmPauseMonitor-S3G: Detected pause in JVM or host machine approximately 0.180s with 0.200s GC time.
datanode_2          | 2023-06-05 20:24:35,938 [a14315d1-204d-48a3-81bc-62d701476b50-groupManagement] INFO server.RaftServerConfigKeys: raft.server.notification.no-leader.timeout = 300s (custom)
om_1                | 	at org.apache.hadoop.ipc.Server$RpcCall.run(Server.java:1012)
datanode_1          | 2023-06-05 20:24:29,269 [5f116430-e0f3-4f7e-a164-570f6609cbd1-groupManagement] INFO server.RaftServerConfigKeys: raft.server.sleep.deviation.threshold = 300ms (default)
datanode_1          | 2023-06-05 20:24:29,270 [5f116430-e0f3-4f7e-a164-570f6609cbd1-groupManagement] INFO server.RaftServer$Division: 5f116430-e0f3-4f7e-a164-570f6609cbd1@group-6686D0DFB68F: ConfigurationManager, init=-1: peers:[07008a2a-a0c2-433b-b84a-0b683182ffce|rpc:172.23.0.11:9856|admin:172.23.0.11:9857|client:172.23.0.11:9858|dataStream:172.23.0.11:9858|priority:1|startupRole:FOLLOWER, 5f116430-e0f3-4f7e-a164-570f6609cbd1|rpc:172.23.0.13:9856|admin:172.23.0.13:9857|client:172.23.0.13:9858|dataStream:172.23.0.13:9858|priority:0|startupRole:FOLLOWER, eac32672-553f-47b6-8df5-84032a98e29f|rpc:172.23.0.8:9856|admin:172.23.0.8:9857|client:172.23.0.8:9858|dataStream:172.23.0.8:9858|priority:0|startupRole:FOLLOWER]|listeners:[], old=null, confs=<EMPTY_MAP>
datanode_1          | 2023-06-05 20:24:29,270 [5f116430-e0f3-4f7e-a164-570f6609cbd1-groupManagement] INFO server.RaftServerConfigKeys: raft.server.storage.dir = [/data/metadata/ratis] (custom)
datanode_1          | 2023-06-05 20:24:29,273 [5f116430-e0f3-4f7e-a164-570f6609cbd1-groupManagement] INFO server.RaftServerConfigKeys: raft.server.log.corruption.policy = EXCEPTION (default)
datanode_1          | 2023-06-05 20:24:29,274 [5f116430-e0f3-4f7e-a164-570f6609cbd1-groupManagement] INFO server.RaftServerConfigKeys: raft.server.storage.free-space.min = 0MB (=0) (default)
datanode_3          | 	at java.base/java.io.BufferedInputStream.read(BufferedInputStream.java:271)
datanode_2          | 2023-06-05 20:24:35,953 [a14315d1-204d-48a3-81bc-62d701476b50-groupManagement] INFO server.RaftServerConfigKeys: raft.server.read.timeout = 10s (default)
om_1                | 	at java.base/java.security.AccessController.doPrivileged(Native Method)
om_1                | 	at java.base/javax.security.auth.Subject.doAs(Subject.java:423)
datanode_4          | 	at org.apache.hadoop.ipc.Client.getRpcResponse(Client.java:1588)
datanode_4          | 	at org.apache.hadoop.ipc.Client.call(Client.java:1530)
datanode_4          | 	at org.apache.hadoop.ipc.Client.call(Client.java:1427)
datanode_4          | 	at org.apache.hadoop.ipc.ProtobufRpcEngine$Invoker.invoke(ProtobufRpcEngine.java:250)
datanode_4          | 	at org.apache.hadoop.ipc.ProtobufRpcEngine$Invoker.invoke(ProtobufRpcEngine.java:132)
datanode_2          | 2023-06-05 20:24:35,979 [a14315d1-204d-48a3-81bc-62d701476b50-groupManagement] INFO server.RaftServerConfigKeys: raft.server.retrycache.expirytime = 600000ms (custom)
om_1                | 	at org.apache.hadoop.security.UserGroupInformation.doAs(UserGroupInformation.java:1899)
s3g_1               | GC pool 'ParNew' had collection(s): count=1 time=200ms
datanode_3          | 	at java.base/java.io.FilterInputStream.read(FilterInputStream.java:83)
datanode_3          | 	at java.base/java.io.FilterInputStream.read(FilterInputStream.java:83)
datanode_5          | 2023-06-05 20:23:52,944 [main] INFO server.session: No SessionScavenger set, using defaults
datanode_5          | 2023-06-05 20:23:52,959 [main] INFO server.session: node0 Scavenging every 660000ms
datanode_5          | 2023-06-05 20:23:53,108 [main] INFO handler.ContextHandler: Started o.e.j.s.ServletContextHandler@3dabdd11{logs,/logs,file:///var/log/hadoop/,AVAILABLE}
datanode_2          | 2023-06-05 20:24:35,980 [a14315d1-204d-48a3-81bc-62d701476b50-groupManagement] INFO server.RaftServerConfigKeys: raft.server.retrycache.statistics.expirytime = 100?s (default)
datanode_2          | 2023-06-05 20:24:36,027 [a14315d1-204d-48a3-81bc-62d701476b50-groupManagement] INFO server.RaftServerConfigKeys: raft.server.read.option = DEFAULT (default)
s3g_1               | 2023-06-05 20:23:54,023 [main] INFO handler.ContextHandler: Started o.e.j.w.WebAppContext@50672905{s3gateway,/,file:///opt/hadoop/ozone_s3g_tmp_base_dir15158911649751894701/jetty-0_0_0_0-9878-ozone-s3gateway-1_4_0-SNAPSHOT_jar-_-any-12709869615231486754/webapp/,AVAILABLE}{jar:file:/opt/hadoop/share/ozone/lib/ozone-s3gateway-1.4.0-SNAPSHOT.jar!/webapps/s3gateway}
datanode_3          | 	at org.apache.hadoop.ipc.Client$Connection$PingInputStream.read(Client.java:517)
datanode_1          | 2023-06-05 20:24:29,274 [5f116430-e0f3-4f7e-a164-570f6609cbd1-groupManagement] INFO server.RaftServerConfigKeys: raft.server.notification.no-leader.timeout = 300s (custom)
datanode_5          | 2023-06-05 20:23:53,281 [main] INFO handler.ContextHandler: Started o.e.j.s.ServletContextHandler@477d6f66{static,/static,jar:file:/opt/hadoop/share/ozone/lib/hdds-container-service-1.4.0-SNAPSHOT.jar!/webapps/static,AVAILABLE}
datanode_4          | 	at com.sun.proxy.$Proxy41.submitRequest(Unknown Source)
datanode_4          | 	at org.apache.hadoop.ozone.protocolPB.StorageContainerDatanodeProtocolClientSideTranslatorPB.submitRequest(StorageContainerDatanodeProtocolClientSideTranslatorPB.java:117)
datanode_2          | 2023-06-05 20:24:36,068 [a14315d1-204d-48a3-81bc-62d701476b50-groupManagement] INFO server.RaftServerConfigKeys: raft.server.rpc.request.timeout = 60s (custom)
datanode_2          | 2023-06-05 20:24:36,077 [a14315d1-204d-48a3-81bc-62d701476b50-groupManagement] INFO server.RaftServerConfigKeys: raft.server.log.appender.install.snapshot.enabled = false (custom)
s3g_1               | 2023-06-05 20:23:54,129 [main] INFO server.AbstractConnector: Started ServerConnector@3153ddfc{HTTP/1.1, (http/1.1)}{0.0.0.0:9878}
datanode_3          | 	at java.base/java.io.DataInputStream.readInt(DataInputStream.java:392)
datanode_3          | 	at org.apache.hadoop.ipc.Client$IpcStreams.readResponse(Client.java:1923)
datanode_1          | 2023-06-05 20:24:29,275 [5f116430-e0f3-4f7e-a164-570f6609cbd1-groupManagement] INFO server.RaftServerConfigKeys: raft.server.read.timeout = 10s (default)
scm_1               | 2023-06-05 20:23:38,669 [main] INFO server.RaftServerConfigKeys: raft.server.rpc.slowness.timeout = 120000ms (custom)
scm_1               | 2023-06-05 20:23:38,676 [main] INFO server.RaftServerConfigKeys: raft.server.leaderelection.leader.step-down.wait-time = 10s (default)
datanode_2          | 2023-06-05 20:24:36,082 [a14315d1-204d-48a3-81bc-62d701476b50-groupManagement] INFO server.RaftServerConfigKeys: raft.server.threadpool.server.cached = true (default)
om_1                | 	at org.apache.hadoop.ipc.Server$Handler.run(Server.java:3026)
s3g_1               | 2023-06-05 20:23:54,129 [main] INFO server.Server: Started @50707ms
s3g_1               | 2023-06-05 20:23:54,154 [main] INFO impl.MetricsSinkAdapter: Sink prometheus started
s3g_1               | 2023-06-05 20:23:54,154 [main] INFO impl.MetricsSystemImpl: Registered sink prometheus
datanode_1          | 2023-06-05 20:24:29,275 [5f116430-e0f3-4f7e-a164-570f6609cbd1-groupManagement] INFO server.RaftServerConfigKeys: raft.server.retrycache.expirytime = 600000ms (custom)
datanode_1          | 2023-06-05 20:24:29,275 [5f116430-e0f3-4f7e-a164-570f6609cbd1-groupManagement] INFO server.RaftServerConfigKeys: raft.server.retrycache.statistics.expirytime = 100?s (default)
datanode_1          | 2023-06-05 20:24:29,276 [5f116430-e0f3-4f7e-a164-570f6609cbd1-groupManagement] INFO server.RaftServerConfigKeys: raft.server.read.option = DEFAULT (default)
datanode_1          | 2023-06-05 20:24:29,277 [5f116430-e0f3-4f7e-a164-570f6609cbd1-groupManagement] INFO server.RaftServerConfigKeys: raft.server.rpc.request.timeout = 60s (custom)
datanode_1          | 2023-06-05 20:24:29,281 [5f116430-e0f3-4f7e-a164-570f6609cbd1-groupManagement] INFO server.RaftServerConfigKeys: raft.server.log.appender.install.snapshot.enabled = false (custom)
datanode_1          | 2023-06-05 20:24:29,281 [5f116430-e0f3-4f7e-a164-570f6609cbd1-groupManagement] INFO server.RaftServerConfigKeys: raft.server.threadpool.server.cached = true (default)
datanode_1          | 2023-06-05 20:24:29,281 [5f116430-e0f3-4f7e-a164-570f6609cbd1-groupManagement] INFO server.RaftServerConfigKeys: raft.server.threadpool.server.size = 0 (default)
recon_1             | 2023-06-05 20:24:02,787 [main] INFO ipc.CallQueueManager: Using callQueue: class java.util.concurrent.LinkedBlockingQueue, queueCapacity: 10000, scheduler: class org.apache.hadoop.ipc.DefaultRpcScheduler, ipcBackoff: false.
recon_1             | 2023-06-05 20:24:02,879 [Socket Reader #1 for port 9891] INFO ipc.Server: Starting Socket Reader #1 for port 9891
datanode_3          | 	at org.apache.hadoop.ipc.Client$Connection.receiveRpcResponse(Client.java:1204)
datanode_3          | 	at org.apache.hadoop.ipc.Client$Connection.run(Client.java:1095)
datanode_3          | 2023-06-05 20:24:09,170 [EndpointStateMachine task thread for scm/172.23.0.3:9861 - 0 ] INFO ipc.Client: Retrying connect to server: scm/172.23.0.3:9861. Already tried 9 time(s); retry policy is RetryUpToMaximumCountWithFixedSleep(maxRetries=15, sleepTime=1000 MILLISECONDS)
datanode_3          | 2023-06-05 20:24:10,171 [EndpointStateMachine task thread for scm/172.23.0.3:9861 - 0 ] INFO ipc.Client: Retrying connect to server: scm/172.23.0.3:9861. Already tried 10 time(s); retry policy is RetryUpToMaximumCountWithFixedSleep(maxRetries=15, sleepTime=1000 MILLISECONDS)
datanode_3          | 2023-06-05 20:24:11,172 [EndpointStateMachine task thread for scm/172.23.0.3:9861 - 0 ] INFO ipc.Client: Retrying connect to server: scm/172.23.0.3:9861. Already tried 11 time(s); retry policy is RetryUpToMaximumCountWithFixedSleep(maxRetries=15, sleepTime=1000 MILLISECONDS)
datanode_3          | 2023-06-05 20:24:16,185 [EndpointStateMachine task thread for scm/172.23.0.3:9861 - 0 ] WARN statemachine.EndpointStateMachine: Unable to communicate to SCM server at scm:9861 for past 0 seconds.
datanode_3          | java.net.SocketTimeoutException: Call From 7fac95235a83/172.23.0.12 to scm:9861 failed on socket timeout exception: java.net.SocketTimeoutException: 5000 millis timeout while waiting for channel to be ready for read. ch : java.nio.channels.SocketChannel[connected local=/172.23.0.12:59216 remote=scm/172.23.0.3:9861]; For more details see:  http://wiki.apache.org/hadoop/SocketTimeout
datanode_3          | 	at java.base/jdk.internal.reflect.NativeConstructorAccessorImpl.newInstance0(Native Method)
datanode_3          | 	at java.base/jdk.internal.reflect.NativeConstructorAccessorImpl.newInstance(NativeConstructorAccessorImpl.java:62)
datanode_3          | 	at java.base/jdk.internal.reflect.DelegatingConstructorAccessorImpl.newInstance(DelegatingConstructorAccessorImpl.java:45)
datanode_3          | 	at java.base/java.lang.reflect.Constructor.newInstance(Constructor.java:490)
datanode_3          | 	at org.apache.hadoop.net.NetUtils.wrapWithMessage(NetUtils.java:930)
datanode_3          | 	at org.apache.hadoop.net.NetUtils.wrapException(NetUtils.java:865)
datanode_3          | 	at org.apache.hadoop.ipc.Client.getRpcResponse(Client.java:1588)
datanode_3          | 	at org.apache.hadoop.ipc.Client.call(Client.java:1530)
datanode_3          | 	at org.apache.hadoop.ipc.Client.call(Client.java:1427)
datanode_3          | 	at org.apache.hadoop.ipc.ProtobufRpcEngine$Invoker.invoke(ProtobufRpcEngine.java:250)
datanode_3          | 	at org.apache.hadoop.ipc.ProtobufRpcEngine$Invoker.invoke(ProtobufRpcEngine.java:132)
datanode_3          | 	at com.sun.proxy.$Proxy40.submitRequest(Unknown Source)
datanode_3          | 	at org.apache.hadoop.ozone.protocolPB.StorageContainerDatanodeProtocolClientSideTranslatorPB.submitRequest(StorageContainerDatanodeProtocolClientSideTranslatorPB.java:117)
datanode_3          | 	at org.apache.hadoop.ozone.protocolPB.StorageContainerDatanodeProtocolClientSideTranslatorPB.getVersion(StorageContainerDatanodeProtocolClientSideTranslatorPB.java:133)
datanode_3          | 	at org.apache.hadoop.ozone.container.common.states.endpoint.VersionEndpointTask.call(VersionEndpointTask.java:71)
datanode_3          | 	at org.apache.hadoop.ozone.container.common.states.endpoint.VersionEndpointTask.call(VersionEndpointTask.java:42)
datanode_3          | 	at java.base/java.util.concurrent.FutureTask.run(FutureTask.java:264)
datanode_3          | 	at java.base/java.util.concurrent.ThreadPoolExecutor.runWorker(ThreadPoolExecutor.java:1128)
datanode_3          | 	at java.base/java.util.concurrent.ThreadPoolExecutor$Worker.run(ThreadPoolExecutor.java:628)
datanode_3          | 	at java.base/java.lang.Thread.run(Thread.java:829)
datanode_3          | Caused by: java.net.SocketTimeoutException: 5000 millis timeout while waiting for channel to be ready for read. ch : java.nio.channels.SocketChannel[connected local=/172.23.0.12:59216 remote=scm/172.23.0.3:9861]
datanode_3          | 	at org.apache.hadoop.net.SocketIOWithTimeout.doIO(SocketIOWithTimeout.java:163)
datanode_3          | 	at org.apache.hadoop.net.SocketInputStream.read(SocketInputStream.java:161)
datanode_3          | 	at org.apache.hadoop.net.SocketInputStream.read(SocketInputStream.java:131)
datanode_3          | 	at java.base/java.io.FilterInputStream.read(FilterInputStream.java:133)
datanode_3          | 	at java.base/java.io.BufferedInputStream.fill(BufferedInputStream.java:252)
datanode_3          | 	at java.base/java.io.BufferedInputStream.read(BufferedInputStream.java:271)
datanode_3          | 	at java.base/java.io.FilterInputStream.read(FilterInputStream.java:83)
datanode_3          | 	at java.base/java.io.FilterInputStream.read(FilterInputStream.java:83)
datanode_3          | 	at org.apache.hadoop.ipc.Client$Connection$PingInputStream.read(Client.java:517)
datanode_3          | 	at java.base/java.io.DataInputStream.readInt(DataInputStream.java:392)
datanode_3          | 	at org.apache.hadoop.ipc.Client$IpcStreams.readResponse(Client.java:1923)
datanode_3          | 	at org.apache.hadoop.ipc.Client$Connection.receiveRpcResponse(Client.java:1204)
datanode_3          | 	at org.apache.hadoop.ipc.Client$Connection.run(Client.java:1095)
datanode_3          | 2023-06-05 20:24:18,226 [EndpointStateMachine task thread for scm/172.23.0.3:9861 - 0 ] INFO utils.DatanodeStoreCache: Added db /data/hdds/hdds/CID-56c2b06f-478d-4016-b372-d41edf42d000/DS-fba18561-38de-40e9-ba18-c554fc0baea2/container.db to cache
datanode_3          | 2023-06-05 20:24:18,228 [EndpointStateMachine task thread for scm/172.23.0.3:9861 - 0 ] INFO volume.HddsVolume: SchemaV3 db is created and loaded at /data/hdds/hdds/CID-56c2b06f-478d-4016-b372-d41edf42d000/DS-fba18561-38de-40e9-ba18-c554fc0baea2/container.db for volume DS-fba18561-38de-40e9-ba18-c554fc0baea2
datanode_3          | 2023-06-05 20:24:18,249 [EndpointStateMachine task thread for scm/172.23.0.3:9861 - 0 ] INFO ozoneimpl.OzoneContainer: Attempting to start container services.
datanode_3          | 2023-06-05 20:24:18,288 [EndpointStateMachine task thread for scm/172.23.0.3:9861 - 0 ] INFO ozoneimpl.OzoneContainer: Scheduled background container scanners and the on-demand container scanner have been disabled.
datanode_3          | 2023-06-05 20:24:18,677 [EndpointStateMachine task thread for scm/172.23.0.3:9861 - 0 ] INFO replication.ReplicationServer: ReplicationServer is started using port 9886
datanode_3          | 2023-06-05 20:24:18,678 [EndpointStateMachine task thread for scm/172.23.0.3:9861 - 0 ] INFO ratis.XceiverServerRatis: Starting XceiverServerRatis baf449a5-71b9-4406-9696-b31310ed6d38
datanode_3          | 2023-06-05 20:24:18,806 [EndpointStateMachine task thread for scm/172.23.0.3:9861 - 0 ] INFO server.RaftServer: baf449a5-71b9-4406-9696-b31310ed6d38: start RPC server
datanode_3          | 2023-06-05 20:24:18,854 [EndpointStateMachine task thread for scm/172.23.0.3:9861 - 0 ] INFO server.GrpcService: baf449a5-71b9-4406-9696-b31310ed6d38: GrpcService started, listening on 9858
datanode_3          | 2023-06-05 20:24:18,888 [EndpointStateMachine task thread for scm/172.23.0.3:9861 - 0 ] INFO server.GrpcService: baf449a5-71b9-4406-9696-b31310ed6d38: GrpcService started, listening on 9856
datanode_3          | 2023-06-05 20:24:18,899 [Datanode State Machine Daemon Thread] ERROR datanode.RunningDatanodeState: Error in executing end point task.
datanode_3          | java.util.concurrent.ExecutionException: java.util.concurrent.TimeoutException
datanode_3          | 	at java.base/java.util.concurrent.FutureTask.report(FutureTask.java:122)
datanode_3          | 	at java.base/java.util.concurrent.FutureTask.get(FutureTask.java:191)
datanode_3          | 	at org.apache.hadoop.ozone.container.common.states.datanode.RunningDatanodeState.computeNextContainerState(RunningDatanodeState.java:199)
datanode_3          | 	at org.apache.hadoop.ozone.container.common.states.datanode.RunningDatanodeState.await(RunningDatanodeState.java:239)
recon_1             | 2023-06-05 20:24:02,965 [Listener at 0.0.0.0/9891] INFO hdds.HddsUtils: Restoring thread name: main
recon_1             | 2023-06-05 20:24:03,013 [main] INFO pipeline.PipelineStateManagerImpl: No pipeline exists in current db
recon_1             | 2023-06-05 20:24:03,287 [main] INFO recon.ReconServer: Recon server initialized successfully!
recon_1             | 2023-06-05 20:24:03,287 [main] INFO recon.ReconServer: Starting Recon server
recon_1             | 2023-06-05 20:24:03,521 [main] INFO impl.MetricsConfig: Loaded properties from hadoop-metrics2.properties
recon_1             | 2023-06-05 20:24:03,560 [main] INFO impl.MetricsSystemImpl: Scheduled Metric snapshot period at 10 second(s).
recon_1             | 2023-06-05 20:24:03,560 [main] INFO impl.MetricsSystemImpl: Recon metrics system started
recon_1             | 2023-06-05 20:24:04,166 [main] INFO http.HttpServer2: Jetty bound to port 9888
recon_1             | 2023-06-05 20:24:04,170 [main] INFO server.Server: jetty-9.4.51.v20230217; built: 2023-02-17T08:19:37.309Z; git: b45c405e4544384de066f814ed42ae3dceacdd49; jvm 11.0.14.1+1-LTS
recon_1             | 2023-06-05 20:24:04,267 [main] INFO server.session: DefaultSessionIdManager workerName=node0
recon_1             | 2023-06-05 20:24:04,267 [main] INFO server.session: No SessionScavenger set, using defaults
recon_1             | 2023-06-05 20:24:04,274 [main] INFO server.session: node0 Scavenging every 660000ms
recon_1             | 2023-06-05 20:24:04,326 [main] INFO handler.ContextHandler: Started o.e.j.s.ServletContextHandler@5cc87de4{logs,/logs,file:///var/log/hadoop/,AVAILABLE}
recon_1             | 2023-06-05 20:24:04,328 [main] INFO handler.ContextHandler: Started o.e.j.s.ServletContextHandler@4271b748{static,/static,jar:file:/opt/hadoop/share/ozone/lib/ozone-recon-1.4.0-SNAPSHOT.jar!/webapps/static,AVAILABLE}
recon_1             | 2023-06-05 20:24:08,885 [main] INFO handler.ContextHandler: Started o.e.j.w.WebAppContext@6001e643{recon,/,file:///data/metadata/webserver/jetty-0_0_0_0-9888-ozone-recon-1_4_0-SNAPSHOT_jar-_-any-1941044054870254620/webapp/,AVAILABLE}{jar:file:/opt/hadoop/share/ozone/lib/ozone-recon-1.4.0-SNAPSHOT.jar!/webapps/recon}
recon_1             | 2023-06-05 20:24:08,908 [main] INFO server.AbstractConnector: Started ServerConnector@42150951{HTTP/1.1, (http/1.1)}{0.0.0.0:9888}
recon_1             | 2023-06-05 20:24:08,908 [main] INFO server.Server: Started @66668ms
recon_1             | 2023-06-05 20:24:08,914 [main] INFO impl.MetricsSinkAdapter: Sink prometheus started
recon_1             | 2023-06-05 20:24:08,914 [main] INFO impl.MetricsSystemImpl: Registered sink prometheus
recon_1             | 2023-06-05 20:24:08,916 [main] INFO http.BaseHttpServer: HTTP server of recon listening at http://0.0.0.0:9888
recon_1             | 2023-06-05 20:24:08,916 [main] INFO impl.OzoneManagerServiceProviderImpl: Starting Ozone Manager Service Provider.
om_1                | , while invoking $Proxy32.send over nodeId=scmNodeId,nodeAddress=scm/172.23.0.3:9863 after 21 failover attempts. Trying to failover after sleeping for 2000ms. Current retry count: 21.
om_1                | 2023-06-05 20:24:16,981 [main] INFO retry.RetryInvocationHandler: com.google.protobuf.ServiceException: org.apache.hadoop.ipc.RemoteException(org.apache.hadoop.hdds.ratis.ServerNotLeaderException): Server:09b1a43b-5a82-488a-9700-8ed32327c9e1 is not the leader. Could not determine the leader node.
om_1                | 	at org.apache.hadoop.hdds.ratis.ServerNotLeaderException.convertToNotLeaderException(ServerNotLeaderException.java:109)
om_1                | 	at org.apache.hadoop.hdds.scm.ha.RatisUtil.checkRatisException(RatisUtil.java:249)
om_1                | 	at org.apache.hadoop.hdds.scm.protocol.ScmBlockLocationProtocolServerSideTranslatorPB.send(ScmBlockLocationProtocolServerSideTranslatorPB.java:109)
om_1                | 	at org.apache.hadoop.hdds.protocol.proto.ScmBlockLocationProtocolProtos$ScmBlockLocationProtocolService$2.callBlockingMethod(ScmBlockLocationProtocolProtos.java:14220)
om_1                | 	at org.apache.hadoop.ipc.ProtobufRpcEngine$Server.processCall(ProtobufRpcEngine.java:484)
om_1                | 	at org.apache.hadoop.ipc.ProtobufRpcEngine2$Server$ProtoBufRpcInvoker.call(ProtobufRpcEngine2.java:595)
om_1                | 	at org.apache.hadoop.ipc.ProtobufRpcEngine2$Server$ProtoBufRpcInvoker.call(ProtobufRpcEngine2.java:573)
om_1                | 	at org.apache.hadoop.ipc.RPC$Server.call(RPC.java:1213)
om_1                | 	at org.apache.hadoop.ipc.Server$RpcCall.run(Server.java:1089)
om_1                | 	at org.apache.hadoop.ipc.Server$RpcCall.run(Server.java:1012)
om_1                | 	at java.base/java.security.AccessController.doPrivileged(Native Method)
om_1                | 	at java.base/javax.security.auth.Subject.doAs(Subject.java:423)
om_1                | 	at org.apache.hadoop.security.UserGroupInformation.doAs(UserGroupInformation.java:1899)
om_1                | 	at org.apache.hadoop.ipc.Server$Handler.run(Server.java:3026)
om_1                | , while invoking $Proxy32.send over nodeId=scmNodeId,nodeAddress=scm/172.23.0.3:9863 after 22 failover attempts. Trying to failover after sleeping for 2000ms. Current retry count: 22.
om_1                | OM initialization succeeded.Current cluster id for sd=/data/metadata/om;cid=CID-56c2b06f-478d-4016-b372-d41edf42d000;layoutVersion=5
om_1                | 2023-06-05 20:24:19,895 [shutdown-hook-0] INFO om.OzoneManagerStarter: SHUTDOWN_MSG: 
om_1                | /************************************************************
om_1                | SHUTDOWN_MSG: Shutting down OzoneManager at e021d132670e/172.23.0.2
om_1                | ************************************************************/
om_1                | No '-XX:...' jvm parameters are set. Adding safer GC settings '-XX:ParallelGCThreads=8 -XX:+UseConcMarkSweepGC -XX:CMSInitiatingOccupancyFraction=70 -XX:+CMSParallelRemarkEnabled' to the OZONE_OPTS
om_1                | OpenJDK 64-Bit Server VM warning: Option UseConcMarkSweepGC was deprecated in version 9.0 and will likely be removed in a future release.
om_1                | 2023-06-05 20:24:28,370 [main] INFO om.OzoneManagerStarter: STARTUP_MSG: 
om_1                | /************************************************************
om_1                | STARTUP_MSG: Starting OzoneManager
om_1                | STARTUP_MSG:   host = e021d132670e/172.23.0.2
om_1                | STARTUP_MSG:   args = []
om_1                | STARTUP_MSG:   version = 1.4.0-SNAPSHOT
