scm_1       | ************************************************************/
datanode_5  | 	at java.base/java.util.concurrent.ThreadPoolExecutor$Worker.run(ThreadPoolExecutor.java:628)
datanode_2  | 2023-01-03 10:14:55,714 [pool-22-thread-1] INFO server.RaftServerConfigKeys: raft.server.log.segment.cache.num.max = 2 (custom)
om_1        | 2023-01-03 10:15:21,497 [Listener at om/9862] WARN server.AuthenticationFilter: Unable to initialize FileSignerSecretProvider, falling back to use random secrets. Reason: Could not read signature secret file: /opt/hadoop/hadoop-http-auth-signature-secret
datanode_1  | 2023-01-03 10:15:10,490 [a8f2d3cb-4f82-40c1-bd43-8f2afed66acd@group-1F7ED227A6F7-FollowerState] INFO impl.RoleInfo: a8f2d3cb-4f82-40c1-bd43-8f2afed66acd: start a8f2d3cb-4f82-40c1-bd43-8f2afed66acd@group-1F7ED227A6F7-LeaderElection3
recon_1     | 2023-01-03 10:14:49,856 [IPC Server handler 3 on default port 9891] INFO ipc.Server: IPC Server handler 3 on default port 9891 caught an exception
recon_1     | java.nio.channels.ClosedChannelException
datanode_4  | Caused by: java.net.SocketTimeoutException: 5000 millis timeout while waiting for channel to be ready for read. ch : java.nio.channels.SocketChannel[connected local=/172.19.0.10:49068 remote=scm/172.19.0.8:9861]
datanode_4  | 	at org.apache.hadoop.net.SocketIOWithTimeout.doIO(SocketIOWithTimeout.java:163)
datanode_2  | 2023-01-03 10:14:55,717 [pool-22-thread-1] INFO server.RaftServerConfigKeys: raft.server.log.segment.cache.size.max = 200MB (=209715200) (default)
om_1        | 2023-01-03 10:15:21,562 [Listener at om/9862] INFO http.HttpRequestLog: Http request log for http.requests.ozoneManager is not defined
datanode_1  | 2023-01-03 10:15:10,500 [a8f2d3cb-4f82-40c1-bd43-8f2afed66acd@group-1F7ED227A6F7-LeaderElection3] INFO impl.LeaderElection: a8f2d3cb-4f82-40c1-bd43-8f2afed66acd@group-1F7ED227A6F7-LeaderElection3 ELECTION round 0: submit vote requests at term 1 for -1: peers:[a8f2d3cb-4f82-40c1-bd43-8f2afed66acd|rpc:172.19.0.6:9856|admin:172.19.0.6:9857|client:172.19.0.6:9858|dataStream:172.19.0.6:9855|priority:1|startupRole:FOLLOWER]|listeners:[], old=null
recon_1     | 	at java.base/sun.nio.ch.SocketChannelImpl.ensureOpenAndConnected(SocketChannelImpl.java:180)
datanode_3  | 2023-01-03 10:14:55,591 [pool-22-thread-1] INFO server.RaftServerConfigKeys: raft.server.log.queue.byte-limit = 4294967296 (custom)
scm_1       | No '-XX:...' jvm parameters are set. Adding safer GC settings '-XX:ParallelGCThreads=8 -XX:+UseConcMarkSweepGC -XX:CMSInitiatingOccupancyFraction=70 -XX:+CMSParallelRemarkEnabled' to the OZONE_OPTS
scm_1       | OpenJDK 64-Bit Server VM warning: Option UseConcMarkSweepGC was deprecated in version 9.0 and will likely be removed in a future release.
datanode_5  | 	... 1 more
datanode_2  | 2023-01-03 10:14:55,797 [pool-22-thread-1] INFO segmented.SegmentedRaftLogWorker: new faafd3a8-373e-455f-9778-cc13bf3ada86@group-A10D53E1762D-SegmentedRaftLogWorker for RaftStorageImpl:Storage Directory /data/metadata/ratis/cb6bd04e-d99b-4f52-8574-a10d53e1762d
om_1        | 2023-01-03 10:15:21,614 [Listener at om/9862] INFO http.HttpServer2: Added global filter 'safety' (class=org.apache.hadoop.hdds.server.http.HttpServer2$QuotingInputFilter)
datanode_1  | 2023-01-03 10:15:10,500 [a8f2d3cb-4f82-40c1-bd43-8f2afed66acd@group-1F7ED227A6F7-LeaderElection3] INFO impl.LeaderElection: a8f2d3cb-4f82-40c1-bd43-8f2afed66acd@group-1F7ED227A6F7-LeaderElection3 ELECTION round 0: result PASSED (term=1)
recon_1     | 	at java.base/sun.nio.ch.SocketChannelImpl.write(SocketChannelImpl.java:452)
datanode_3  | 2023-01-03 10:14:55,594 [pool-22-thread-1] INFO server.RaftServerConfigKeys: raft.server.log.queue.element-limit = 1024 (custom)
datanode_3  | 2023-01-03 10:14:55,598 [pool-22-thread-1] INFO server.RaftServerConfigKeys: raft.server.log.segment.size.max = 1048576 (custom)
datanode_3  | 2023-01-03 10:14:55,601 [pool-22-thread-1] INFO server.RaftServerConfigKeys: raft.server.log.preallocated.size = 16384 (custom)
datanode_4  | 	at org.apache.hadoop.net.SocketInputStream.read(SocketInputStream.java:161)
datanode_4  | 	at org.apache.hadoop.net.SocketInputStream.read(SocketInputStream.java:131)
datanode_2  | 2023-01-03 10:14:55,804 [pool-22-thread-1] INFO server.RaftServerConfigKeys: raft.server.log.queue.byte-limit = 4294967296 (custom)
om_1        | 2023-01-03 10:15:21,622 [Listener at om/9862] INFO http.HttpServer2: Added filter static_user_filter (class=org.apache.hadoop.http.lib.StaticUserWebFilter$StaticUserFilter) to context ozoneManager
om_1        | 2023-01-03 10:15:21,624 [Listener at om/9862] INFO http.HttpServer2: Added filter static_user_filter (class=org.apache.hadoop.http.lib.StaticUserWebFilter$StaticUserFilter) to context logs
om_1        | 2023-01-03 10:15:21,625 [Listener at om/9862] INFO http.HttpServer2: Added filter static_user_filter (class=org.apache.hadoop.http.lib.StaticUserWebFilter$StaticUserFilter) to context static
scm_1       | 2023-01-03 10:14:28,760 [main] INFO server.StorageContainerManagerStarter: STARTUP_MSG: 
datanode_3  | 2023-01-03 10:14:55,612 [pool-22-thread-1] INFO server.RaftServerConfigKeys: raft.server.log.force.sync.num = 128 (default)
datanode_5  | 2023-01-03 10:14:55,192 [Command processor thread] INFO server.RaftServer: 87e6c51a-adcd-4cff-a630-8589820e604d: addNew group-7DCAFFC1140E:[87e6c51a-adcd-4cff-a630-8589820e604d|rpc:172.19.0.7:9856|admin:172.19.0.7:9857|client:172.19.0.7:9858|dataStream:172.19.0.7:9855|priority:1|startupRole:FOLLOWER] returns group-7DCAFFC1140E:java.util.concurrent.CompletableFuture@133ddd80[Not completed]
datanode_4  | 	at java.base/java.io.FilterInputStream.read(FilterInputStream.java:133)
datanode_4  | 	at java.base/java.io.BufferedInputStream.fill(BufferedInputStream.java:252)
om_1        | 2023-01-03 10:15:21,927 [Listener at om/9862] INFO http.HttpServer2: Jetty bound to port 9874
om_1        | 2023-01-03 10:15:21,936 [Listener at om/9862] INFO server.Server: jetty-9.4.49.v20220914; built: 2022-09-14T01:07:36.601Z; git: 4231a3b2e4cb8548a412a789936d640a97b1aa0a; jvm 11.0.14.1+1-LTS
recon_1     | 	at org.apache.hadoop.ipc.Server.channelWrite(Server.java:3619)
scm_1       | /************************************************************
scm_1       | STARTUP_MSG: Starting StorageContainerManager
datanode_4  | 	at java.base/java.io.BufferedInputStream.read(BufferedInputStream.java:271)
datanode_2  | 2023-01-03 10:14:55,815 [pool-22-thread-1] INFO server.RaftServerConfigKeys: raft.server.log.queue.element-limit = 1024 (custom)
datanode_5  | 2023-01-03 10:14:55,463 [pool-22-thread-1] INFO server.RaftServer$Division: 87e6c51a-adcd-4cff-a630-8589820e604d: new RaftServerImpl for group-7DCAFFC1140E:[87e6c51a-adcd-4cff-a630-8589820e604d|rpc:172.19.0.7:9856|admin:172.19.0.7:9857|client:172.19.0.7:9858|dataStream:172.19.0.7:9855|priority:1|startupRole:FOLLOWER] with ContainerStateMachine:uninitialized
datanode_1  | 2023-01-03 10:15:10,500 [a8f2d3cb-4f82-40c1-bd43-8f2afed66acd@group-1F7ED227A6F7-LeaderElection3] INFO impl.RoleInfo: a8f2d3cb-4f82-40c1-bd43-8f2afed66acd: shutdown a8f2d3cb-4f82-40c1-bd43-8f2afed66acd@group-1F7ED227A6F7-LeaderElection3
om_1        | 2023-01-03 10:15:22,100 [Listener at om/9862] INFO server.session: DefaultSessionIdManager workerName=node0
datanode_1  | 2023-01-03 10:15:10,501 [a8f2d3cb-4f82-40c1-bd43-8f2afed66acd@group-1F7ED227A6F7-LeaderElection3] INFO server.RaftServer$Division: a8f2d3cb-4f82-40c1-bd43-8f2afed66acd@group-1F7ED227A6F7: changes role from CANDIDATE to LEADER at term 1 for changeToLeader
scm_1       | STARTUP_MSG:   host = 626d7e7df3a0/172.19.0.8
datanode_3  | 2023-01-03 10:14:55,616 [pool-22-thread-1] INFO server.RaftServerConfigKeys: raft.server.log.statemachine.data.sync = true (default)
datanode_5  | 2023-01-03 10:14:55,500 [pool-22-thread-1] INFO server.RaftServerConfigKeys: raft.server.rpc.timeout.min = 5s (custom)
datanode_5  | 2023-01-03 10:14:55,512 [pool-22-thread-1] INFO server.RaftServerConfigKeys: raft.server.rpc.timeout.max = 5200ms (custom)
recon_1     | 	at org.apache.hadoop.ipc.Server.access$1700(Server.java:144)
datanode_1  | 2023-01-03 10:15:10,501 [a8f2d3cb-4f82-40c1-bd43-8f2afed66acd@group-1F7ED227A6F7-LeaderElection3] INFO ratis.XceiverServerRatis: Leader change notification received for group: group-1F7ED227A6F7 with new leaderId: a8f2d3cb-4f82-40c1-bd43-8f2afed66acd
scm_1       | STARTUP_MSG:   args = []
datanode_3  | 2023-01-03 10:14:55,626 [pool-22-thread-1] INFO server.RaftServerConfigKeys: raft.server.log.statemachine.data.sync.timeout = 10s (default)
datanode_4  | 	at java.base/java.io.FilterInputStream.read(FilterInputStream.java:83)
datanode_2  | 2023-01-03 10:14:55,825 [pool-22-thread-1] INFO server.RaftServerConfigKeys: raft.server.log.segment.size.max = 1048576 (custom)
datanode_5  | 2023-01-03 10:14:55,513 [pool-22-thread-1] INFO server.RaftServerConfigKeys: raft.server.rpc.sleep.time = 25ms (default)
datanode_5  | 2023-01-03 10:14:55,513 [pool-22-thread-1] INFO server.RaftServerConfigKeys: raft.server.rpc.slowness.timeout = 300s (custom)
recon_1     | 	at org.apache.hadoop.ipc.Server$Responder.processResponse(Server.java:1672)
datanode_1  | 2023-01-03 10:15:10,501 [a8f2d3cb-4f82-40c1-bd43-8f2afed66acd@group-1F7ED227A6F7-LeaderElection3] INFO server.RaftServer$Division: a8f2d3cb-4f82-40c1-bd43-8f2afed66acd@group-1F7ED227A6F7: change Leader from null to a8f2d3cb-4f82-40c1-bd43-8f2afed66acd at term 1 for becomeLeader, leader elected after 5522ms
datanode_1  | 2023-01-03 10:15:10,544 [a8f2d3cb-4f82-40c1-bd43-8f2afed66acd@group-1F7ED227A6F7-LeaderElection3] INFO server.RaftServerConfigKeys: raft.server.staging.catchup.gap = 1000 (default)
datanode_3  | 2023-01-03 10:14:55,637 [pool-22-thread-1] INFO server.RaftServerConfigKeys: raft.server.log.statemachine.data.sync.timeout.retry = -1 (default)
datanode_3  | 2023-01-03 10:14:55,740 [pool-22-thread-1] INFO server.RaftServerConfigKeys: raft.server.log.write.buffer.size = 1048576 (custom)
datanode_3  | 2023-01-03 10:14:55,749 [pool-22-thread-1] INFO server.RaftServerConfigKeys: raft.server.log.appender.buffer.byte-limit = 33554432 (custom)
datanode_5  | 2023-01-03 10:14:55,515 [pool-22-thread-1] INFO server.RaftServerConfigKeys: raft.server.leaderelection.leader.step-down.wait-time = 10s (default)
om_1        | 2023-01-03 10:15:22,100 [Listener at om/9862] INFO server.session: No SessionScavenger set, using defaults
recon_1     | 	at org.apache.hadoop.ipc.Server$Responder.doRespond(Server.java:1742)
datanode_1  | 2023-01-03 10:15:10,573 [a8f2d3cb-4f82-40c1-bd43-8f2afed66acd@group-1F7ED227A6F7-LeaderElection3] INFO server.RaftServerConfigKeys: raft.server.write.element-limit = 1024 (custom)
datanode_1  | 2023-01-03 10:15:10,574 [a8f2d3cb-4f82-40c1-bd43-8f2afed66acd@group-1F7ED227A6F7-LeaderElection3] INFO server.RaftServerConfigKeys: raft.server.write.byte-limit = 1024 M (=1073741824) (custom)
datanode_3  | 2023-01-03 10:14:55,878 [pool-22-thread-1] INFO server.RaftServerConfigKeys: raft.server.log.unsafe-flush.enabled = false (default)
datanode_4  | 	at java.base/java.io.FilterInputStream.read(FilterInputStream.java:83)
datanode_4  | 	at org.apache.hadoop.ipc.Client$Connection$PingInputStream.read(Client.java:563)
datanode_5  | 2023-01-03 10:14:55,515 [pool-22-thread-1] INFO server.RaftServerConfigKeys: raft.server.sleep.deviation.threshold = 300ms (default)
om_1        | 2023-01-03 10:15:22,107 [Listener at om/9862] INFO server.session: node0 Scavenging every 660000ms
recon_1     | 	at org.apache.hadoop.ipc.Server$Connection.sendResponse(Server.java:2847)
datanode_1  | 2023-01-03 10:15:10,592 [a8f2d3cb-4f82-40c1-bd43-8f2afed66acd@group-1F7ED227A6F7-LeaderElection3] INFO server.RaftServerConfigKeys: raft.server.watch.timeout = 180s (custom)
scm_1       | STARTUP_MSG:   version = 1.4.0-SNAPSHOT
datanode_3  | 2023-01-03 10:14:55,908 [pool-22-thread-1] INFO server.RaftServerConfigKeys: raft.server.log.async-flush.enabled = false (default)
datanode_2  | 2023-01-03 10:14:55,838 [pool-22-thread-1] INFO server.RaftServerConfigKeys: raft.server.log.preallocated.size = 16384 (custom)
datanode_2  | 2023-01-03 10:14:55,842 [pool-22-thread-1] INFO server.RaftServerConfigKeys: raft.server.log.force.sync.num = 128 (default)
datanode_4  | 	at java.base/java.io.DataInputStream.readInt(DataInputStream.java:392)
om_1        | 2023-01-03 10:15:22,199 [Listener at om/9862] INFO handler.ContextHandler: Started o.e.j.s.ServletContextHandler@15fa043{logs,/logs,file:///var/log/hadoop/,AVAILABLE}
recon_1     | 	at org.apache.hadoop.ipc.Server$Connection.access$300(Server.java:1814)
datanode_1  | 2023-01-03 10:15:10,593 [a8f2d3cb-4f82-40c1-bd43-8f2afed66acd@group-1F7ED227A6F7-LeaderElection3] INFO server.RaftServerConfigKeys: raft.server.watch.timeout.denomination = 1s (default)
datanode_3  | 2023-01-03 10:14:55,908 [pool-22-thread-1] INFO server.RaftServerConfigKeys: raft.server.log.statemachine.data.caching.enabled = true (custom)
datanode_5  | 2023-01-03 10:14:55,560 [pool-22-thread-1] INFO server.RaftServer$Division: 87e6c51a-adcd-4cff-a630-8589820e604d@group-7DCAFFC1140E: ConfigurationManager, init=-1: peers:[87e6c51a-adcd-4cff-a630-8589820e604d|rpc:172.19.0.7:9856|admin:172.19.0.7:9857|client:172.19.0.7:9858|dataStream:172.19.0.7:9855|priority:1|startupRole:FOLLOWER]|listeners:[], old=null, confs=<EMPTY_MAP>
datanode_2  | 2023-01-03 10:14:55,856 [pool-22-thread-1] INFO server.RaftServerConfigKeys: raft.server.log.statemachine.data.sync = true (default)
datanode_4  | 	at org.apache.hadoop.ipc.Client$IpcStreams.readResponse(Client.java:1922)
scm_1       | STARTUP_MSG:   classpath = /etc/hadoop:/opt/hadoop/share/ozone/lib/kerb-simplekdc-1.0.1.jar:/opt/hadoop/share/ozone/lib/netty-transport-4.1.77.Final.jar:/opt/hadoop/share/ozone/lib/slf4j-reload4j-1.7.36.jar:/opt/hadoop/share/ozone/lib/protobuf-java-2.5.0.jar:/opt/hadoop/share/ozone/lib/jaxb-core-2.3.0.1.jar:/opt/hadoop/share/ozone/lib/istack-commons-runtime-3.0.5.jar:/opt/hadoop/share/ozone/lib/commons-validator-1.6.jar:/opt/hadoop/share/ozone/lib/hdds-erasurecode-1.4.0-SNAPSHOT.jar:/opt/hadoop/share/ozone/lib/hdds-hadoop-dependency-server-1.4.0-SNAPSHOT.jar:/opt/hadoop/share/ozone/lib/bcpkix-jdk15on-1.67.jar:/opt/hadoop/share/ozone/lib/commons-net-3.9.0.jar:/opt/hadoop/share/ozone/lib/kerb-core-1.0.1.jar:/opt/hadoop/share/ozone/lib/hadoop-shaded-protobuf_3_7-1.1.1.jar:/opt/hadoop/share/ozone/lib/jsr305-3.0.0.jar:/opt/hadoop/share/ozone/lib/j2objc-annotations-1.3.jar:/opt/hadoop/share/ozone/lib/jetty-webapp-9.4.49.v20220914.jar:/opt/hadoop/share/ozone/lib/picocli-4.6.1.jar:/opt/hadoop/share/ozone/lib/javassist-3.21.0-GA.jar:/opt/hadoop/share/ozone/lib/jaxb-api-2.3.0.jar:/opt/hadoop/share/ozone/lib/hdds-interface-admin-1.4.0-SNAPSHOT.jar:/opt/hadoop/share/ozone/lib/commons-codec-1.15.jar:/opt/hadoop/share/ozone/lib/kerb-util-1.0.1.jar:/opt/hadoop/share/ozone/lib/hadoop-shaded-guava-1.1.1.jar:/opt/hadoop/share/ozone/lib/kotlin-stdlib-1.6.21.jar:/opt/hadoop/share/ozone/lib/log4j-core-2.17.1.jar:/opt/hadoop/share/ozone/lib/commons-logging-1.2.jar:/opt/hadoop/share/ozone/lib/ratis-thirdparty-misc-1.0.3.jar:/opt/hadoop/share/ozone/lib/jetty-security-9.4.49.v20220914.jar:/opt/hadoop/share/ozone/lib/accessors-smart-2.4.7.jar:/opt/hadoop/share/ozone/lib/kerby-xdr-1.0.1.jar:/opt/hadoop/share/ozone/lib/netty-handler-4.1.77.Final.jar:/opt/hadoop/share/ozone/lib/txw2-2.3.0.1.jar:/opt/hadoop/share/ozone/lib/httpcore-4.4.13.jar:/opt/hadoop/share/ozone/lib/hdds-container-service-1.4.0-SNAPSHOT.jar:/opt/hadoop/share/ozone/lib/guava-31.1-jre.jar:/opt/hadoop/share/ozone/lib/opentracing-tracerresolver-0.1.8.jar:/opt/hadoop/share/ozone/lib/ratis-grpc-2.4.2-8b8bdda-SNAPSHOT.jar:/opt/hadoop/share/ozone/lib/hadoop-auth-3.3.4.jar:/opt/hadoop/share/ozone/lib/libthrift-0.14.1.jar:/opt/hadoop/share/ozone/lib/stax-ex-1.7.8.jar:/opt/hadoop/share/ozone/lib/error_prone_annotations-2.2.0.jar:/opt/hadoop/share/ozone/lib/kotlin-stdlib-common-1.4.10.jar:/opt/hadoop/share/ozone/lib/hdds-hadoop-dependency-client-1.4.0-SNAPSHOT.jar:/opt/hadoop/share/ozone/lib/zstd-jni-1.5.2-5.jar:/opt/hadoop/share/ozone/lib/httpclient-4.5.13.jar:/opt/hadoop/share/ozone/lib/ratis-proto-2.4.2-8b8bdda-SNAPSHOT.jar:/opt/hadoop/share/ozone/lib/jaeger-client-1.6.0.jar:/opt/hadoop/share/ozone/lib/kerby-config-1.0.1.jar:/opt/hadoop/share/ozone/lib/jackson-annotations-2.13.4.jar:/opt/hadoop/share/ozone/lib/commons-io-2.11.0.jar:/opt/hadoop/share/ozone/lib/metrics-core-3.2.4.jar:/opt/hadoop/share/ozone/lib/hadoop-annotations-3.3.4.jar:/opt/hadoop/share/ozone/lib/kerby-pkix-1.0.1.jar:/opt/hadoop/share/ozone/lib/jetty-util-9.4.49.v20220914.jar:/opt/hadoop/share/ozone/lib/json-smart-2.4.7.jar:/opt/hadoop/share/ozone/lib/jetty-io-9.4.49.v20220914.jar:/opt/hadoop/share/ozone/lib/jsr311-api-1.1.1.jar:/opt/hadoop/share/ozone/lib/jetty-server-9.4.49.v20220914.jar:/opt/hadoop/share/ozone/lib/commons-beanutils-1.9.4.jar:/opt/hadoop/share/ozone/lib/javax.servlet-api-3.1.0.jar:/opt/hadoop/share/ozone/lib/kerb-server-1.0.1.jar:/opt/hadoop/share/ozone/lib/netty-resolver-4.1.77.Final.jar:/opt/hadoop/share/ozone/lib/kerb-client-1.0.1.jar:/opt/hadoop/share/ozone/lib/jetty-xml-9.4.49.v20220914.jar:/opt/hadoop/share/ozone/lib/hadoop-common-3.3.4.jar:/opt/hadoop/share/ozone/lib/disruptor-3.4.2.jar:/opt/hadoop/share/ozone/lib/reflections-0.9.11.jar:/opt/hadoop/share/ozone/lib/gson-2.9.0.jar:/opt/hadoop/share/ozone/lib/snakeyaml-1.33.jar:/opt/hadoop/share/ozone/lib/nimbus-jose-jwt-9.8.1.jar:/opt/hadoop/share/ozone/lib/hdds-client-1.4.0-SNAPSHOT.jar:/opt/hadoop/share/ozone/lib/ratis-common-2.4.2-8b8bdda-SNAPSHOT.jar:/opt/hadoop/share/ozone/lib/annotations-13.0.jar:/opt/hadoop/share/ozone/lib/simpleclient_common-0.7.0.jar:/opt/hadoop/share/ozone/lib/jaeger-thrift-1.6.0.jar:/opt/hadoop/share/ozone/lib/dnsjava-2.1.7.jar:/opt/hadoop/share/ozone/lib/rocksdbjni-7.7.3.jar:/opt/hadoop/share/ozone/lib/bcprov-jdk15on-1.67.jar:/opt/hadoop/share/ozone/lib/commons-configuration2-2.1.1.jar:/opt/hadoop/share/ozone/lib/token-provider-1.0.1.jar:/opt/hadoop/share/ozone/lib/commons-daemon-1.0.13.jar:/opt/hadoop/share/ozone/lib/listenablefuture-9999.0-empty-to-avoid-conflict-with-guava.jar:/opt/hadoop/share/ozone/lib/jaeger-tracerresolver-1.6.0.jar:/opt/hadoop/share/ozone/lib/slf4j-api-1.7.36.jar:/opt/hadoop/share/ozone/lib/commons-lang3-3.7.jar:/opt/hadoop/share/ozone/lib/re2j-1.1.jar:/opt/hadoop/share/ozone/lib/jackson-datatype-jsr310-2.13.4.jar:/opt/hadoop/share/ozone/lib/simpleclient_dropwizard-0.7.0.jar:/opt/hadoop/share/ozone/lib/simpleclient-0.7.0.jar:/opt/hadoop/share/ozone/lib/ratis-metrics-2.4.2-8b8bdda-SNAPSHOT.jar:/opt/hadoop/share/ozone/lib/asm-5.0.4.jar:/opt/hadoop/share/ozone/lib/kerby-util-1.0.1.jar:/opt/hadoop/share/ozone/lib/netty-codec-4.1.77.Final.jar:/opt/hadoop/share/ozone/lib/failureaccess-1.0.1.jar:/opt/hadoop/share/ozone/lib/jackson-databind-2.13.4.2.jar:/opt/hadoop/share/ozone/lib/okio-2.8.0.jar:/opt/hadoop/share/ozone/lib/jetty-servlet-9.4.49.v20220914.jar:/opt/hadoop/share/ozone/lib/jsp-api-2.1.jar:/opt/hadoop/share/ozone/lib/jsch-0.1.54.jar:/opt/hadoop/share/ozone/lib/jakarta.activation-api-1.2.1.jar:/opt/hadoop/share/ozone/lib/reload4j-1.2.22.jar:/opt/hadoop/share/ozone/lib/woodstox-core-5.4.0.jar:/opt/hadoop/share/ozone/lib/commons-pool2-2.6.0.jar:/opt/hadoop/share/ozone/lib/opentracing-api-0.33.0.jar:/opt/hadoop/share/ozone/lib/jcip-annotations-1.0-1.jar:/opt/hadoop/share/ozone/lib/kerb-admin-1.0.1.jar:/opt/hadoop/share/ozone/lib/jetty-util-ajax-9.4.49.v20220914.jar:/opt/hadoop/share/ozone/lib/netty-buffer-4.1.77.Final.jar:/opt/hadoop/share/ozone/lib/opentracing-noop-0.33.0.jar:/opt/hadoop/share/ozone/lib/hadoop-hdfs-client-3.3.4.jar:/opt/hadoop/share/ozone/lib/jersey-core-1.19.jar:/opt/hadoop/share/ozone/lib/commons-compress-1.21.jar:/opt/hadoop/share/ozone/lib/jaxb-runtime-2.3.0.1.jar:/opt/hadoop/share/ozone/lib/hadoop-hdfs-3.3.4.jar:/opt/hadoop/share/ozone/lib/jackson-core-2.13.4.jar:/opt/hadoop/share/ozone/lib/hdds-annotation-processing-1.4.0-SNAPSHOT.jar:/opt/hadoop/share/ozone/lib/opentracing-util-0.33.0.jar:/opt/hadoop/share/ozone/lib/stax2-api-4.2.1.jar:/opt/hadoop/share/ozone/lib/snappy-java-1.1.8.2.jar:/opt/hadoop/share/ozone/lib/ratis-netty-2.4.2-8b8bdda-SNAPSHOT.jar:/opt/hadoop/share/ozone/lib/hdds-config-1.4.0-SNAPSHOT.jar:/opt/hadoop/share/ozone/lib/commons-cli-1.2.jar:/opt/hadoop/share/ozone/lib/log4j-api-2.17.1.jar:/opt/hadoop/share/ozone/lib/javax.annotation-api-1.2.jar:/opt/hadoop/share/ozone/lib/ratis-server-api-2.4.2-8b8bdda-SNAPSHOT.jar:/opt/hadoop/share/ozone/lib/hdds-interface-client-1.4.0-SNAPSHOT.jar:/opt/hadoop/share/ozone/lib/kerby-asn1-1.0.1.jar:/opt/hadoop/share/ozone/lib/okhttp-4.9.3.jar:/opt/hadoop/share/ozone/lib/checker-qual-3.12.0.jar:/opt/hadoop/share/ozone/lib/hdds-interface-server-1.4.0-SNAPSHOT.jar:/opt/hadoop/share/ozone/lib/hdds-common-1.4.0-SNAPSHOT.jar:/opt/hadoop/share/ozone/lib/commons-digester-1.8.1.jar:/opt/hadoop/share/ozone/lib/commons-collections-3.2.2.jar:/opt/hadoop/share/ozone/lib/jaeger-core-1.6.0.jar:/opt/hadoop/share/ozone/lib/ratis-client-2.4.2-8b8bdda-SNAPSHOT.jar:/opt/hadoop/share/ozone/lib/commons-text-1.4.jar:/opt/hadoop/share/ozone/lib/jersey-servlet-1.19.jar:/opt/hadoop/share/ozone/lib/ratis-server-2.4.2-8b8bdda-SNAPSHOT.jar:/opt/hadoop/share/ozone/lib/jetty-http-9.4.49.v20220914.jar:/opt/hadoop/share/ozone/lib/kerb-identity-1.0.1.jar:/opt/hadoop/share/ozone/lib/FastInfoset-1.2.13.jar:/opt/hadoop/share/ozone/lib/kerb-common-1.0.1.jar:/opt/hadoop/share/ozone/lib/hdds-server-framework-1.4.0-SNAPSHOT.jar:/opt/hadoop/share/ozone/lib/jersey-server-1.19.jar:/opt/hadoop/share/ozone/lib/kerb-crypto-1.0.1.jar:/opt/hadoop/share/ozone/lib/netty-common-4.1.77.Final.jar:/opt/hadoop/share/ozone/web:/opt/hadoop/share/ozone/lib/hdds-server-scm-1.4.0-SNAPSHOT.jar
scm_1       | STARTUP_MSG:   build = https://github.com/apache/ozone/1c830c5bc7b0be75001a5e8bcef69a8810ca74f1 ; compiled by 'runner' on 2023-01-03T09:55Z
recon_1     | 	at org.apache.hadoop.ipc.Server$RpcCall.doResponse(Server.java:1125)
datanode_1  | 2023-01-03 10:15:10,594 [a8f2d3cb-4f82-40c1-bd43-8f2afed66acd@group-1F7ED227A6F7-LeaderElection3] INFO server.RaftServerConfigKeys: raft.server.watch.element-limit = 65536 (default)
datanode_3  | 2023-01-03 10:14:55,985 [pool-22-thread-1] INFO segmented.SegmentedRaftLogWorker: c60e487b-545e-4506-86b1-36815595adbf@group-D682AEFCBD1E-SegmentedRaftLogWorker: flushIndex: setUnconditionally 0 -> -1
datanode_5  | 2023-01-03 10:14:55,594 [pool-22-thread-1] INFO server.RaftServerConfigKeys: raft.server.storage.dir = [/data/metadata/ratis] (custom)
datanode_2  | 2023-01-03 10:14:55,864 [pool-22-thread-1] INFO server.RaftServerConfigKeys: raft.server.log.statemachine.data.sync.timeout = 10s (default)
datanode_4  | 	at org.apache.hadoop.ipc.Client$Connection.receiveRpcResponse(Client.java:1238)
scm_1       | STARTUP_MSG:   java = 11.0.14.1
scm_1       | ************************************************************/
recon_1     | 	at org.apache.hadoop.ipc.Server$Call.doResponse(Server.java:917)
datanode_1  | 2023-01-03 10:15:10,611 [a8f2d3cb-4f82-40c1-bd43-8f2afed66acd@group-1F7ED227A6F7-LeaderElection3] INFO server.RaftServerConfigKeys: raft.server.write.element-limit = 1024 (custom)
datanode_1  | 2023-01-03 10:15:10,627 [a8f2d3cb-4f82-40c1-bd43-8f2afed66acd@group-1F7ED227A6F7-LeaderElection3] INFO server.RaftServerConfigKeys: raft.server.write.follower.gap.ratio.max = -1.0 (default)
datanode_3  | 2023-01-03 10:14:55,985 [pool-22-thread-1] INFO segmented.SegmentedRaftLogWorker: c60e487b-545e-4506-86b1-36815595adbf@group-D682AEFCBD1E-SegmentedRaftLogWorker: safeCacheEvictIndex: setUnconditionally 0 -> -1
datanode_3  | 2023-01-03 10:14:56,032 [pool-22-thread-1] INFO server.RaftServer$Division: c60e487b-545e-4506-86b1-36815595adbf@group-D682AEFCBD1E: start as a follower, conf=-1: peers:[c60e487b-545e-4506-86b1-36815595adbf|rpc:172.19.0.9:9856|admin:172.19.0.9:9857|client:172.19.0.9:9858|dataStream:172.19.0.9:9855|priority:1|startupRole:FOLLOWER, eaf16acb-fc54-4eb2-9821-cec42ecb7eed|rpc:172.19.0.10:9856|admin:172.19.0.10:9857|client:172.19.0.10:9858|dataStream:172.19.0.10:9855|priority:0|startupRole:FOLLOWER, a8f2d3cb-4f82-40c1-bd43-8f2afed66acd|rpc:172.19.0.6:9856|admin:172.19.0.6:9857|client:172.19.0.6:9858|dataStream:172.19.0.6:9855|priority:0|startupRole:FOLLOWER]|listeners:[], old=null
datanode_3  | 2023-01-03 10:14:56,034 [pool-22-thread-1] INFO server.RaftServer$Division: c60e487b-545e-4506-86b1-36815595adbf@group-D682AEFCBD1E: changes role from      null to FOLLOWER at term 0 for startAsFollower
datanode_3  | 2023-01-03 10:14:56,037 [pool-22-thread-1] INFO impl.RoleInfo: c60e487b-545e-4506-86b1-36815595adbf: start c60e487b-545e-4506-86b1-36815595adbf@group-D682AEFCBD1E-FollowerState
datanode_3  | 2023-01-03 10:14:56,059 [c60e487b-545e-4506-86b1-36815595adbf@group-D682AEFCBD1E-FollowerState] INFO server.RaftServerConfigKeys: raft.server.rpc.first-election.timeout.min = 5s (fallback to raft.server.rpc.timeout.min)
datanode_4  | 	at org.apache.hadoop.ipc.Client$Connection.run(Client.java:1134)
recon_1     | 	at org.apache.hadoop.ipc.Server$Call.sendResponse(Server.java:903)
datanode_1  | 2023-01-03 10:15:10,640 [a8f2d3cb-4f82-40c1-bd43-8f2afed66acd@group-1F7ED227A6F7-LeaderElection3] INFO impl.RoleInfo: a8f2d3cb-4f82-40c1-bd43-8f2afed66acd: start a8f2d3cb-4f82-40c1-bd43-8f2afed66acd@group-1F7ED227A6F7-LeaderStateImpl
recon_1     | 	at org.apache.hadoop.ipc.Server$RpcCall.run(Server.java:1060)
recon_1     | 	at org.apache.hadoop.ipc.Server$RpcCall.run(Server.java:971)
recon_1     | 	at java.base/java.security.AccessController.doPrivileged(Native Method)
recon_1     | 	at java.base/javax.security.auth.Subject.doAs(Subject.java:423)
recon_1     | 	at org.apache.hadoop.security.UserGroupInformation.doAs(UserGroupInformation.java:1878)
om_1        | 2023-01-03 10:15:22,201 [Listener at om/9862] INFO handler.ContextHandler: Started o.e.j.s.ServletContextHandler@2eb82c04{static,/static,jar:file:/opt/hadoop/share/ozone/lib/ozone-manager-1.4.0-SNAPSHOT.jar!/webapps/static,AVAILABLE}
datanode_2  | 2023-01-03 10:14:55,867 [pool-22-thread-1] INFO server.RaftServerConfigKeys: raft.server.log.statemachine.data.sync.timeout.retry = -1 (default)
datanode_1  | 2023-01-03 10:15:10,724 [a8f2d3cb-4f82-40c1-bd43-8f2afed66acd@group-1F7ED227A6F7-LeaderElection3] INFO segmented.SegmentedRaftLogWorker: a8f2d3cb-4f82-40c1-bd43-8f2afed66acd@group-1F7ED227A6F7-SegmentedRaftLogWorker: Starting segment from index:0
datanode_5  | 2023-01-03 10:14:55,782 [JvmPauseMonitor0] WARN util.JvmPauseMonitor: JvmPauseMonitor-87e6c51a-adcd-4cff-a630-8589820e604d: Detected pause in JVM or host machine (eg GC): pause of approximately 152105021ns.
scm_1       | 2023-01-03 10:14:28,796 [main] INFO server.StorageContainerManagerStarter: registered UNIX signal handlers for [TERM, HUP, INT]
scm_1       | 2023-01-03 10:14:29,038 [main] WARN server.ServerUtils: ozone.scm.db.dirs is not configured. We recommend adding this setting. Falling back to ozone.metadata.dirs instead.
datanode_4  | 2023-01-03 10:14:44,033 [EndpointStateMachine task thread for scm/172.19.0.8:9861 - 0 ] INFO utils.DatanodeStoreCache: Added db /data/hdds/hdds/CID-bc41ea64-1596-4231-acf6-ac79e5bd88a5/DS-26a51f78-32fb-412c-86ce-fec093a12201/container.db to cache
datanode_4  | 2023-01-03 10:14:44,040 [EndpointStateMachine task thread for scm/172.19.0.8:9861 - 0 ] INFO volume.HddsVolume: SchemaV3 db is created and loaded at /data/hdds/hdds/CID-bc41ea64-1596-4231-acf6-ac79e5bd88a5/DS-26a51f78-32fb-412c-86ce-fec093a12201/container.db for volume DS-26a51f78-32fb-412c-86ce-fec093a12201
datanode_4  | 2023-01-03 10:14:44,049 [EndpointStateMachine task thread for scm/172.19.0.8:9861 - 0 ] INFO ozoneimpl.OzoneContainer: Attempting to start container services.
datanode_4  | 2023-01-03 10:14:44,086 [EndpointStateMachine task thread for scm/172.19.0.8:9861 - 0 ] INFO ozoneimpl.OzoneContainer: Scheduled background container scanners and the on-demand container scanner have been disabled.
datanode_4  | 2023-01-03 10:14:44,220 [EndpointStateMachine task thread for scm/172.19.0.8:9861 - 0 ] INFO replication.ReplicationServer: ReplicationServer is started using port 9886
datanode_4  | 2023-01-03 10:14:44,239 [EndpointStateMachine task thread for scm/172.19.0.8:9861 - 0 ] INFO ratis.XceiverServerRatis: Starting XceiverServerRatis eaf16acb-fc54-4eb2-9821-cec42ecb7eed
om_1        | 2023-01-03 10:15:22,699 [Listener at om/9862] INFO handler.ContextHandler: Started o.e.j.w.WebAppContext@69e0d31d{ozoneManager,/,file:///tmp/jetty-0_0_0_0-9874-ozone-manager-1_4_0-SNAPSHOT_jar-_-any-12011694131822134689/webapp/,AVAILABLE}{jar:file:/opt/hadoop/share/ozone/lib/ozone-manager-1.4.0-SNAPSHOT.jar!/webapps/ozoneManager}
om_1        | 2023-01-03 10:15:22,725 [Listener at om/9862] INFO server.AbstractConnector: Started ServerConnector@7c900524{HTTP/1.1, (http/1.1)}{0.0.0.0:9874}
om_1        | 2023-01-03 10:15:22,726 [Listener at om/9862] INFO server.Server: Started @36878ms
om_1        | 2023-01-03 10:15:22,734 [Listener at om/9862] INFO impl.MetricsSinkAdapter: Sink prometheus started
om_1        | 2023-01-03 10:15:22,734 [Listener at om/9862] INFO impl.MetricsSystemImpl: Registered sink prometheus
recon_1     | 	at org.apache.hadoop.ipc.Server$Handler.run(Server.java:2976)
recon_1     | 2023-01-03 10:14:49,856 [IPC Server handler 8 on default port 9891] INFO ipc.Server: IPC Server handler 8 on default port 9891 caught an exception
recon_1     | java.nio.channels.ClosedChannelException
recon_1     | 	at java.base/sun.nio.ch.SocketChannelImpl.ensureOpenAndConnected(SocketChannelImpl.java:180)
datanode_2  | 2023-01-03 10:14:56,181 [pool-22-thread-1] INFO server.RaftServerConfigKeys: raft.server.log.write.buffer.size = 1048576 (custom)
datanode_2  | 2023-01-03 10:14:56,196 [pool-22-thread-1] INFO server.RaftServerConfigKeys: raft.server.log.appender.buffer.byte-limit = 33554432 (custom)
datanode_1  | 2023-01-03 10:15:10,805 [a8f2d3cb-4f82-40c1-bd43-8f2afed66acd@group-1F7ED227A6F7-LeaderElection3] INFO server.RaftServer$Division: a8f2d3cb-4f82-40c1-bd43-8f2afed66acd@group-1F7ED227A6F7: set configuration 0: peers:[a8f2d3cb-4f82-40c1-bd43-8f2afed66acd|rpc:172.19.0.6:9856|admin:172.19.0.6:9857|client:172.19.0.6:9858|dataStream:172.19.0.6:9855|priority:1|startupRole:FOLLOWER]|listeners:[], old=null
datanode_3  | 2023-01-03 10:14:56,077 [c60e487b-545e-4506-86b1-36815595adbf@group-D682AEFCBD1E-FollowerState] INFO server.RaftServerConfigKeys: raft.server.rpc.first-election.timeout.max = 5200ms (fallback to raft.server.rpc.timeout.max)
recon_1     | 	at java.base/sun.nio.ch.SocketChannelImpl.write(SocketChannelImpl.java:452)
datanode_5  | GC pool 'ParNew' had collection(s): count=1 time=131ms
datanode_5  | 2023-01-03 10:14:55,810 [pool-22-thread-1] INFO server.RaftServerConfigKeys: raft.server.log.corruption.policy = EXCEPTION (default)
scm_1       | 2023-01-03 10:14:29,175 [main] INFO ha.SCMHANodeDetails: ServiceID for StorageContainerManager is null
datanode_5  | 2023-01-03 10:14:55,822 [pool-22-thread-1] INFO server.RaftServerConfigKeys: raft.server.storage.free-space.min = 0MB (=0) (default)
datanode_5  | 2023-01-03 10:14:55,976 [pool-22-thread-1] INFO server.RaftServerConfigKeys: raft.server.notification.no-leader.timeout = 300s (custom)
datanode_1  | 2023-01-03 10:15:11,152 [a8f2d3cb-4f82-40c1-bd43-8f2afed66acd@group-1F7ED227A6F7-SegmentedRaftLogWorker] INFO segmented.SegmentedRaftLogWorker: a8f2d3cb-4f82-40c1-bd43-8f2afed66acd@group-1F7ED227A6F7-SegmentedRaftLogWorker: created new log segment /data/metadata/ratis/582e73ba-e936-4ac2-9441-1f7ed227a6f7/current/log_inprogress_0
om_1        | 2023-01-03 10:15:22,738 [Listener at om/9862] INFO http.BaseHttpServer: HTTP server of ozoneManager listening at http://0.0.0.0:9874
scm_1       | 2023-01-03 10:14:29,204 [main] INFO ha.SCMHANodeDetails: ozone.scm.default.service.id is not defined, falling back to ozone.scm.service.ids to find serviceID for StorageContainerManager if it is HA enabled cluster
datanode_4  | 2023-01-03 10:14:44,420 [EndpointStateMachine task thread for scm/172.19.0.8:9861 - 0 ] INFO server.RaftServer: eaf16acb-fc54-4eb2-9821-cec42ecb7eed: start RPC server
datanode_5  | 2023-01-03 10:14:56,034 [pool-22-thread-1] INFO server.RaftServerConfigKeys: raft.server.retrycache.expirytime = 600000ms (custom)
datanode_5  | 2023-01-03 10:14:56,037 [pool-22-thread-1] INFO server.RaftServerConfigKeys: raft.server.retrycache.statistics.expirytime = 100?s (default)
datanode_5  | 2023-01-03 10:14:56,555 [pool-22-thread-1] INFO server.RaftServerConfigKeys: raft.server.log.appender.install.snapshot.enabled = false (custom)
datanode_1  | 2023-01-03 10:15:14,340 [grpc-default-executor-1] INFO server.RaftServer$Division: a8f2d3cb-4f82-40c1-bd43-8f2afed66acd@group-D682AEFCBD1E: receive requestVote(ELECTION, c60e487b-545e-4506-86b1-36815595adbf, group-D682AEFCBD1E, 3, (t:0, i:0))
scm_1       | 2023-01-03 10:14:30,757 [main] WARN utils.HAUtils: ozone.scm.db.dirs is not configured. We recommend adding this setting. Falling back to ozone.metadata.dirs instead.
scm_1       | 2023-01-03 10:14:31,254 [main] WARN db.DBStoreBuilder: ozone.scm.db.dirs is not configured. We recommend adding this setting. Falling back to ozone.metadata.dirs instead.
recon_1     | 	at org.apache.hadoop.ipc.Server.channelWrite(Server.java:3619)
recon_1     | 	at org.apache.hadoop.ipc.Server.access$1700(Server.java:144)
recon_1     | 	at org.apache.hadoop.ipc.Server$Responder.processResponse(Server.java:1672)
datanode_1  | 2023-01-03 10:15:14,341 [grpc-default-executor-1] INFO impl.VoteContext: a8f2d3cb-4f82-40c1-bd43-8f2afed66acd@group-D682AEFCBD1E-FOLLOWER: accept ELECTION from c60e487b-545e-4506-86b1-36815595adbf: our priority 0 <= candidate's priority 1
scm_1       | 2023-01-03 10:14:31,859 [main] INFO net.NodeSchemaLoader: Loading schema from [file:/etc/hadoop/network-topology-default.xml, jar:file:/opt/hadoop/share/ozone/lib/hdds-common-1.4.0-SNAPSHOT.jar!/network-topology-default.xml]
datanode_4  | 2023-01-03 10:14:44,450 [EndpointStateMachine task thread for scm/172.19.0.8:9861 - 0 ] INFO server.GrpcService: eaf16acb-fc54-4eb2-9821-cec42ecb7eed: GrpcService started, listening on 9858
om_1        | 2023-01-03 10:15:22,744 [IPC Server Responder] INFO ipc.Server: IPC Server Responder: starting
om_1        | 2023-01-03 10:15:22,773 [IPC Server listener on 9862] INFO ipc.Server: IPC Server listener on 9862: starting
recon_1     | 	at org.apache.hadoop.ipc.Server$Responder.doRespond(Server.java:1742)
datanode_2  | 2023-01-03 10:14:56,288 [pool-22-thread-1] INFO server.RaftServerConfigKeys: raft.server.log.unsafe-flush.enabled = false (default)
datanode_2  | 2023-01-03 10:14:56,295 [pool-22-thread-1] INFO server.RaftServerConfigKeys: raft.server.log.async-flush.enabled = false (default)
datanode_1  | 2023-01-03 10:15:14,341 [grpc-default-executor-1] INFO server.RaftServer$Division: a8f2d3cb-4f82-40c1-bd43-8f2afed66acd@group-D682AEFCBD1E: changes role from  FOLLOWER to FOLLOWER at term 3 for candidate:c60e487b-545e-4506-86b1-36815595adbf
scm_1       | 2023-01-03 10:14:31,865 [main] INFO net.NodeSchemaLoader: Loading network topology layer schema file
datanode_4  | 2023-01-03 10:14:44,467 [EndpointStateMachine task thread for scm/172.19.0.8:9861 - 0 ] INFO server.GrpcService: eaf16acb-fc54-4eb2-9821-cec42ecb7eed: GrpcService started, listening on 9856
om_1        | 2023-01-03 10:15:23,136 [Listener at om/9862] INFO om.TrashPolicyOzone: The configured checkpoint interval is 0 minutes. Using an interval of 1 minutes that is used for deletion instead
om_1        | 2023-01-03 10:15:23,138 [Listener at om/9862] INFO om.TrashPolicyOzone: Ozone Manager trash configuration: Deletion interval = 1 minutes, Emptier interval = 1 minutes.
om_1        | 2023-01-03 10:15:23,538 [Listener at om/9862] INFO om.GrpcOzoneManagerServer: GrpcOzoneManagerServer is started using port 8981
datanode_3  | 2023-01-03 10:14:56,157 [pool-22-thread-1] INFO util.JmxRegister: Successfully registered JMX Bean with object name Ratis:service=RaftServer,group=group-D682AEFCBD1E,id=c60e487b-545e-4506-86b1-36815595adbf
datanode_1  | 2023-01-03 10:15:14,341 [grpc-default-executor-1] INFO impl.RoleInfo: a8f2d3cb-4f82-40c1-bd43-8f2afed66acd: shutdown a8f2d3cb-4f82-40c1-bd43-8f2afed66acd@group-D682AEFCBD1E-FollowerState
scm_1       | 2023-01-03 10:14:32,036 [main] INFO metrics.MetricRegistries: Loaded MetricRegistries class org.apache.ratis.metrics.impl.MetricRegistriesImpl
datanode_4  | 2023-01-03 10:14:44,476 [EndpointStateMachine task thread for scm/172.19.0.8:9861 - 0 ] INFO server.GrpcService: eaf16acb-fc54-4eb2-9821-cec42ecb7eed: GrpcService started, listening on 9857
recon_1     | 	at org.apache.hadoop.ipc.Server$Connection.sendResponse(Server.java:2847)
recon_1     | 	at org.apache.hadoop.ipc.Server$Connection.access$300(Server.java:1814)
recon_1     | 	at org.apache.hadoop.ipc.Server$RpcCall.doResponse(Server.java:1125)
recon_1     | 	at org.apache.hadoop.ipc.Server$Call.doResponse(Server.java:917)
recon_1     | 	at org.apache.hadoop.ipc.Server$Call.sendResponse(Server.java:903)
datanode_5  | 2023-01-03 10:14:56,558 [pool-22-thread-1] INFO server.RaftServerConfigKeys: raft.server.threadpool.server.cached = true (default)
datanode_5  | 2023-01-03 10:14:56,560 [pool-22-thread-1] INFO server.RaftServerConfigKeys: raft.server.threadpool.server.size = 0 (default)
datanode_5  | 2023-01-03 10:14:56,569 [pool-22-thread-1] INFO server.RaftServerConfigKeys: raft.server.threadpool.client.cached = true (default)
datanode_5  | 2023-01-03 10:14:56,574 [pool-22-thread-1] INFO server.RaftServerConfigKeys: raft.server.threadpool.client.size = 0 (default)
recon_1     | 	at org.apache.hadoop.ipc.Server$RpcCall.run(Server.java:1060)
datanode_2  | 2023-01-03 10:14:56,303 [pool-22-thread-1] INFO server.RaftServerConfigKeys: raft.server.log.statemachine.data.caching.enabled = true (custom)
datanode_2  | 2023-01-03 10:14:56,353 [pool-22-thread-1] INFO segmented.SegmentedRaftLogWorker: faafd3a8-373e-455f-9778-cc13bf3ada86@group-A10D53E1762D-SegmentedRaftLogWorker: flushIndex: setUnconditionally 0 -> -1
datanode_2  | 2023-01-03 10:14:56,363 [pool-22-thread-1] INFO segmented.SegmentedRaftLogWorker: faafd3a8-373e-455f-9778-cc13bf3ada86@group-A10D53E1762D-SegmentedRaftLogWorker: safeCacheEvictIndex: setUnconditionally 0 -> -1
datanode_5  | 2023-01-03 10:14:56,576 [pool-22-thread-1] INFO storage.RaftStorageDirectory: The storage directory /data/metadata/ratis/57c8ea81-ab8f-4ac7-9aa8-7dcaffc1140e does not exist. Creating ...
datanode_5  | 2023-01-03 10:14:56,663 [pool-22-thread-1] INFO storage.RaftStorageDirectory: Lock on /data/metadata/ratis/57c8ea81-ab8f-4ac7-9aa8-7dcaffc1140e/in_use.lock acquired by nodename 7@dcc9e7b7535b
om_1        | 2023-01-03 10:15:23,584 [org.apache.hadoop.util.JvmPauseMonitor$Monitor@51421b7d] INFO util.JvmPauseMonitor: Starting JVM pause monitor
om_1        | 2023-01-03 10:15:25,844 [om1@group-C5BA1605619E-FollowerState] INFO impl.FollowerState: om1@group-C5BA1605619E-FollowerState: change to CANDIDATE, lastRpcElapsedTime:5140942832ns, electionTimeout:5118ms
om_1        | 2023-01-03 10:15:25,845 [om1@group-C5BA1605619E-FollowerState] INFO impl.RoleInfo: om1: shutdown om1@group-C5BA1605619E-FollowerState
datanode_1  | 2023-01-03 10:15:14,341 [grpc-default-executor-1] INFO impl.RoleInfo: a8f2d3cb-4f82-40c1-bd43-8f2afed66acd: start a8f2d3cb-4f82-40c1-bd43-8f2afed66acd@group-D682AEFCBD1E-FollowerState
datanode_1  | 2023-01-03 10:15:14,341 [a8f2d3cb-4f82-40c1-bd43-8f2afed66acd@group-D682AEFCBD1E-FollowerState] INFO impl.FollowerState: a8f2d3cb-4f82-40c1-bd43-8f2afed66acd@group-D682AEFCBD1E-FollowerState was interrupted
datanode_1  | 2023-01-03 10:15:14,351 [a8f2d3cb-4f82-40c1-bd43-8f2afed66acd@group-D682AEFCBD1E-FollowerState] INFO server.RaftServerConfigKeys: raft.server.rpc.first-election.timeout.min = 5s (fallback to raft.server.rpc.timeout.min)
scm_1       | 2023-01-03 10:14:32,079 [main] INFO ha.SCMRatisServerImpl: starting Raft server for scm:b6e9598f-7e84-448e-8adc-93ec54f5ece5
scm_1       | 2023-01-03 10:14:32,232 [main] INFO server.RaftServer: raft.rpc.type = GRPC (default)
scm_1       | 2023-01-03 10:14:32,453 [main] INFO grpc.GrpcConfigKeys: raft.grpc.admin.host = null (fallback to raft.grpc.server.host)
datanode_3  | 2023-01-03 10:14:56,172 [pool-22-thread-1] INFO server.RaftServerConfigKeys: raft.server.snapshot.auto.trigger.enabled = true (custom)
datanode_3  | 2023-01-03 10:14:56,173 [pool-22-thread-1] INFO server.RaftServerConfigKeys: raft.server.snapshot.auto.trigger.threshold = 10000 (custom)
datanode_2  | 2023-01-03 10:14:56,365 [pool-22-thread-1] INFO server.RaftServer$Division: faafd3a8-373e-455f-9778-cc13bf3ada86@group-A10D53E1762D: start as a follower, conf=-1: peers:[faafd3a8-373e-455f-9778-cc13bf3ada86|rpc:172.19.0.5:9856|admin:172.19.0.5:9857|client:172.19.0.5:9858|dataStream:172.19.0.5:9855|priority:1|startupRole:FOLLOWER]|listeners:[], old=null
datanode_2  | 2023-01-03 10:14:56,373 [pool-22-thread-1] INFO server.RaftServer$Division: faafd3a8-373e-455f-9778-cc13bf3ada86@group-A10D53E1762D: changes role from      null to FOLLOWER at term 0 for startAsFollower
datanode_1  | 2023-01-03 10:15:14,364 [grpc-default-executor-1] INFO server.RaftServer$Division: a8f2d3cb-4f82-40c1-bd43-8f2afed66acd@group-D682AEFCBD1E replies to ELECTION vote request: c60e487b-545e-4506-86b1-36815595adbf<-a8f2d3cb-4f82-40c1-bd43-8f2afed66acd#0:OK-t3. Peer's state: a8f2d3cb-4f82-40c1-bd43-8f2afed66acd@group-D682AEFCBD1E:t3, leader=null, voted=c60e487b-545e-4506-86b1-36815595adbf, raftlog=Memoized:a8f2d3cb-4f82-40c1-bd43-8f2afed66acd@group-D682AEFCBD1E-SegmentedRaftLog:OPENED:c-1, conf=-1: peers:[c60e487b-545e-4506-86b1-36815595adbf|rpc:172.19.0.9:9856|admin:172.19.0.9:9857|client:172.19.0.9:9858|dataStream:172.19.0.9:9855|priority:1|startupRole:FOLLOWER, eaf16acb-fc54-4eb2-9821-cec42ecb7eed|rpc:172.19.0.10:9856|admin:172.19.0.10:9857|client:172.19.0.10:9858|dataStream:172.19.0.10:9855|priority:0|startupRole:FOLLOWER, a8f2d3cb-4f82-40c1-bd43-8f2afed66acd|rpc:172.19.0.6:9856|admin:172.19.0.6:9857|client:172.19.0.6:9858|dataStream:172.19.0.6:9855|priority:0|startupRole:FOLLOWER]|listeners:[], old=null
om_1        | 2023-01-03 10:15:25,845 [om1@group-C5BA1605619E-FollowerState] INFO server.RaftServer$Division: om1@group-C5BA1605619E: changes role from  FOLLOWER to CANDIDATE at term 0 for changeToCandidate
om_1        | 2023-01-03 10:15:25,849 [om1@group-C5BA1605619E-FollowerState] INFO server.RaftServerConfigKeys: raft.server.leaderelection.pre-vote = false (custom)
om_1        | 2023-01-03 10:15:25,850 [om1@group-C5BA1605619E-FollowerState] INFO impl.RoleInfo: om1: start om1@group-C5BA1605619E-LeaderElection1
datanode_3  | 2023-01-03 10:14:56,178 [pool-22-thread-1] INFO server.RaftServerConfigKeys: raft.server.snapshot.retention.file.num = 5 (custom)
datanode_2  | 2023-01-03 10:14:56,384 [pool-22-thread-1] INFO impl.RoleInfo: faafd3a8-373e-455f-9778-cc13bf3ada86: start faafd3a8-373e-455f-9778-cc13bf3ada86@group-A10D53E1762D-FollowerState
datanode_4  | 2023-01-03 10:14:44,532 [EndpointStateMachine task thread for scm/172.19.0.8:9861 - 0 ] INFO ratis.XceiverServerRatis: XceiverServerRatis eaf16acb-fc54-4eb2-9821-cec42ecb7eed is started using port 9858 for RATIS
datanode_4  | 2023-01-03 10:14:44,532 [EndpointStateMachine task thread for scm/172.19.0.8:9861 - 0 ] INFO ratis.XceiverServerRatis: XceiverServerRatis eaf16acb-fc54-4eb2-9821-cec42ecb7eed is started using port 9857 for RATIS_ADMIN
datanode_1  | 2023-01-03 10:15:14,375 [a8f2d3cb-4f82-40c1-bd43-8f2afed66acd@group-D682AEFCBD1E-FollowerState] INFO server.RaftServerConfigKeys: raft.server.rpc.first-election.timeout.max = 5200ms (fallback to raft.server.rpc.timeout.max)
om_1        | 2023-01-03 10:15:25,886 [om1@group-C5BA1605619E-LeaderElection1] INFO impl.LeaderElection: om1@group-C5BA1605619E-LeaderElection1 ELECTION round 0: submit vote requests at term 1 for -1: peers:[om1|rpc:om:9872|priority:0|startupRole:FOLLOWER]|listeners:[], old=null
datanode_5  | 2023-01-03 10:14:56,742 [pool-22-thread-1] INFO storage.RaftStorage: Storage directory /data/metadata/ratis/57c8ea81-ab8f-4ac7-9aa8-7dcaffc1140e has been successfully formatted.
datanode_5  | 2023-01-03 10:14:56,859 [pool-22-thread-1] INFO ratis.ContainerStateMachine: group-7DCAFFC1140E: The snapshot info is null. Setting the last applied indexto:(t:0, i:~)
datanode_5  | 2023-01-03 10:14:56,916 [pool-22-thread-1] INFO server.RaftServerConfigKeys: raft.server.log.use.memory = false (default)
datanode_1  | 2023-01-03 10:15:14,734 [a8f2d3cb-4f82-40c1-bd43-8f2afed66acd-server-thread1] INFO ratis.XceiverServerRatis: Leader change notification received for group: group-D682AEFCBD1E with new leaderId: c60e487b-545e-4506-86b1-36815595adbf
recon_1     | 	at org.apache.hadoop.ipc.Server$RpcCall.run(Server.java:971)
recon_1     | 	at java.base/java.security.AccessController.doPrivileged(Native Method)
datanode_5  | 2023-01-03 10:14:56,975 [pool-22-thread-1] INFO server.RaftServerConfigKeys: raft.server.log.purge.gap = 1000000 (custom)
scm_1       | 2023-01-03 10:14:32,459 [main] INFO grpc.GrpcConfigKeys: raft.grpc.admin.port = 9894 (fallback to raft.grpc.server.port)
datanode_2  | 2023-01-03 10:14:56,391 [faafd3a8-373e-455f-9778-cc13bf3ada86@group-A10D53E1762D-FollowerState] INFO server.RaftServerConfigKeys: raft.server.rpc.first-election.timeout.min = 5s (fallback to raft.server.rpc.timeout.min)
datanode_2  | 2023-01-03 10:14:56,404 [faafd3a8-373e-455f-9778-cc13bf3ada86@group-A10D53E1762D-FollowerState] INFO server.RaftServerConfigKeys: raft.server.rpc.first-election.timeout.max = 5200ms (fallback to raft.server.rpc.timeout.max)
om_1        | 2023-01-03 10:15:25,889 [om1@group-C5BA1605619E-LeaderElection1] INFO impl.LeaderElection: om1@group-C5BA1605619E-LeaderElection1 ELECTION round 0: result PASSED (term=1)
om_1        | 2023-01-03 10:15:25,889 [om1@group-C5BA1605619E-LeaderElection1] INFO impl.RoleInfo: om1: shutdown om1@group-C5BA1605619E-LeaderElection1
datanode_5  | 2023-01-03 10:14:56,976 [pool-22-thread-1] INFO server.RaftServerConfigKeys: raft.server.log.appender.buffer.byte-limit = 33554432 (custom)
datanode_3  | 2023-01-03 10:14:56,180 [pool-22-thread-1] INFO server.RaftServerConfigKeys: raft.server.log.purge.upto.snapshot.index = false (default)
datanode_2  | 2023-01-03 10:14:56,412 [pool-22-thread-1] INFO util.JmxRegister: Successfully registered JMX Bean with object name Ratis:service=RaftServer,group=group-A10D53E1762D,id=faafd3a8-373e-455f-9778-cc13bf3ada86
datanode_4  | 2023-01-03 10:14:44,532 [EndpointStateMachine task thread for scm/172.19.0.8:9861 - 0 ] INFO ratis.XceiverServerRatis: XceiverServerRatis eaf16acb-fc54-4eb2-9821-cec42ecb7eed is started using port 9856 for RATIS_SERVER
datanode_4  | 2023-01-03 10:14:44,532 [EndpointStateMachine task thread for scm/172.19.0.8:9861 - 0 ] INFO ratis.XceiverServerRatis: XceiverServerRatis eaf16acb-fc54-4eb2-9821-cec42ecb7eed is started using port 9855 for RATIS_DATASTREAM
om_1        | 2023-01-03 10:15:25,890 [om1@group-C5BA1605619E-LeaderElection1] INFO server.RaftServer$Division: om1@group-C5BA1605619E: changes role from CANDIDATE to LEADER at term 1 for changeToLeader
recon_1     | 	at java.base/javax.security.auth.Subject.doAs(Subject.java:423)
datanode_5  | 2023-01-03 10:14:56,990 [pool-22-thread-1] INFO server.RaftServerConfigKeys: raft.server.log.statemachine.data.read.timeout = 1000ms (default)
datanode_5  | 2023-01-03 10:14:56,991 [pool-22-thread-1] INFO server.RaftServerConfigKeys: raft.server.log.purge.preservation.log.num = 0 (default)
datanode_3  | 2023-01-03 10:14:56,347 [Command processor thread] INFO ratis.XceiverServerRatis: Created group PipelineID=97a3c1fa-9053-476a-8b41-d682aefcbd1e
scm_1       | 2023-01-03 10:14:32,463 [main] INFO grpc.GrpcConfigKeys: raft.grpc.client.host = null (fallback to raft.grpc.server.host)
datanode_3  | 2023-01-03 10:15:01,198 [c60e487b-545e-4506-86b1-36815595adbf@group-D682AEFCBD1E-FollowerState] INFO impl.FollowerState: c60e487b-545e-4506-86b1-36815595adbf@group-D682AEFCBD1E-FollowerState: change to CANDIDATE, lastRpcElapsedTime:5162337239ns, electionTimeout:5053ms
om_1        | 2023-01-03 10:15:25,890 [om1@group-C5BA1605619E-LeaderElection1] INFO server.RaftServer$Division: om1@group-C5BA1605619E: change Leader from null to om1 at term 1 for becomeLeader, leader elected after 10723ms
datanode_5  | 2023-01-03 10:14:57,027 [pool-22-thread-1] INFO server.RaftServerConfigKeys: raft.server.log.segment.size.max = 1048576 (custom)
datanode_2  | 2023-01-03 10:14:56,415 [pool-22-thread-1] INFO server.RaftServerConfigKeys: raft.server.snapshot.auto.trigger.enabled = true (custom)
datanode_2  | 2023-01-03 10:14:56,431 [pool-22-thread-1] INFO server.RaftServerConfigKeys: raft.server.snapshot.auto.trigger.threshold = 10000 (custom)
datanode_4  | 2023-01-03 10:14:44,533 [JvmPauseMonitor0] INFO util.JvmPauseMonitor: JvmPauseMonitor-eaf16acb-fc54-4eb2-9821-cec42ecb7eed: Started
recon_1     | 	at org.apache.hadoop.security.UserGroupInformation.doAs(UserGroupInformation.java:1878)
recon_1     | 	at org.apache.hadoop.ipc.Server$Handler.run(Server.java:2976)
datanode_3  | 2023-01-03 10:15:01,212 [c60e487b-545e-4506-86b1-36815595adbf@group-D682AEFCBD1E-FollowerState] INFO impl.RoleInfo: c60e487b-545e-4506-86b1-36815595adbf: shutdown c60e487b-545e-4506-86b1-36815595adbf@group-D682AEFCBD1E-FollowerState
datanode_3  | 2023-01-03 10:15:01,230 [c60e487b-545e-4506-86b1-36815595adbf@group-D682AEFCBD1E-FollowerState] INFO server.RaftServer$Division: c60e487b-545e-4506-86b1-36815595adbf@group-D682AEFCBD1E: changes role from  FOLLOWER to CANDIDATE at term 0 for changeToCandidate
datanode_3  | 2023-01-03 10:15:01,267 [c60e487b-545e-4506-86b1-36815595adbf@group-D682AEFCBD1E-FollowerState] INFO server.RaftServerConfigKeys: raft.server.leaderelection.pre-vote = false (custom)
