datanode_2  | 2023-01-03 10:14:56,539 [pool-22-thread-1] INFO server.RaftServerConfigKeys: raft.server.snapshot.retention.file.num = 5 (custom)
datanode_1  | 2023-01-03 10:15:14,736 [a8f2d3cb-4f82-40c1-bd43-8f2afed66acd-server-thread1] INFO server.RaftServer$Division: a8f2d3cb-4f82-40c1-bd43-8f2afed66acd@group-D682AEFCBD1E: change Leader from null to c60e487b-545e-4506-86b1-36815595adbf at term 3 for appendEntries, leader elected after 18837ms
datanode_4  | 2023-01-03 10:14:49,755 [Datanode State Machine Daemon Thread] ERROR datanode.RunningDatanodeState: Error in executing end point task.
scm_1       | 2023-01-03 10:14:32,464 [main] INFO grpc.GrpcConfigKeys: raft.grpc.client.port = 9894 (fallback to raft.grpc.server.port)
scm_1       | 2023-01-03 10:14:32,465 [main] INFO grpc.GrpcConfigKeys: raft.grpc.server.host = null (default)
datanode_3  | 2023-01-03 10:15:01,268 [c60e487b-545e-4506-86b1-36815595adbf@group-D682AEFCBD1E-FollowerState] INFO impl.RoleInfo: c60e487b-545e-4506-86b1-36815595adbf: start c60e487b-545e-4506-86b1-36815595adbf@group-D682AEFCBD1E-LeaderElection1
datanode_3  | 2023-01-03 10:15:01,306 [c60e487b-545e-4506-86b1-36815595adbf@group-D682AEFCBD1E-LeaderElection1] INFO impl.LeaderElection: c60e487b-545e-4506-86b1-36815595adbf@group-D682AEFCBD1E-LeaderElection1 ELECTION round 0: submit vote requests at term 1 for -1: peers:[c60e487b-545e-4506-86b1-36815595adbf|rpc:172.19.0.9:9856|admin:172.19.0.9:9857|client:172.19.0.9:9858|dataStream:172.19.0.9:9855|priority:1|startupRole:FOLLOWER, eaf16acb-fc54-4eb2-9821-cec42ecb7eed|rpc:172.19.0.10:9856|admin:172.19.0.10:9857|client:172.19.0.10:9858|dataStream:172.19.0.10:9855|priority:0|startupRole:FOLLOWER, a8f2d3cb-4f82-40c1-bd43-8f2afed66acd|rpc:172.19.0.6:9856|admin:172.19.0.6:9857|client:172.19.0.6:9858|dataStream:172.19.0.6:9855|priority:0|startupRole:FOLLOWER]|listeners:[], old=null
datanode_3  | 2023-01-03 10:15:01,360 [c60e487b-545e-4506-86b1-36815595adbf@group-D682AEFCBD1E-LeaderElection1] INFO server.RaftServerConfigKeys: raft.server.rpc.first-election.timeout.min = 5s (fallback to raft.server.rpc.timeout.min)
datanode_5  | 2023-01-03 10:14:57,173 [pool-22-thread-1] INFO server.RaftServerConfigKeys: raft.server.log.segment.cache.num.max = 2 (custom)
datanode_2  | 2023-01-03 10:14:56,569 [pool-22-thread-1] INFO server.RaftServerConfigKeys: raft.server.log.purge.upto.snapshot.index = false (default)
datanode_1  | 2023-01-03 10:15:14,815 [a8f2d3cb-4f82-40c1-bd43-8f2afed66acd-server-thread1] INFO server.RaftServer$Division: a8f2d3cb-4f82-40c1-bd43-8f2afed66acd@group-D682AEFCBD1E: set configuration 0: peers:[c60e487b-545e-4506-86b1-36815595adbf|rpc:172.19.0.9:9856|admin:172.19.0.9:9857|client:172.19.0.9:9858|dataStream:172.19.0.9:9855|priority:1|startupRole:FOLLOWER, eaf16acb-fc54-4eb2-9821-cec42ecb7eed|rpc:172.19.0.10:9856|admin:172.19.0.10:9857|client:172.19.0.10:9858|dataStream:172.19.0.10:9855|priority:0|startupRole:FOLLOWER, a8f2d3cb-4f82-40c1-bd43-8f2afed66acd|rpc:172.19.0.6:9856|admin:172.19.0.6:9857|client:172.19.0.6:9858|dataStream:172.19.0.6:9855|priority:0|startupRole:FOLLOWER]|listeners:[], old=null
datanode_4  | java.util.concurrent.ExecutionException: java.util.concurrent.TimeoutException
recon_1     | 2023-01-03 10:14:49,856 [IPC Server handler 15 on default port 9891] INFO ipc.Server: IPC Server handler 15 on default port 9891 caught an exception
recon_1     | java.nio.channels.ClosedChannelException
datanode_3  | 2023-01-03 10:15:01,361 [c60e487b-545e-4506-86b1-36815595adbf@group-D682AEFCBD1E-LeaderElection1] INFO server.RaftServerConfigKeys: raft.server.rpc.first-election.timeout.max = 5200ms (fallback to raft.server.rpc.timeout.max)
scm_1       | 2023-01-03 10:14:32,465 [main] INFO grpc.GrpcConfigKeys: raft.grpc.server.port = 9894 (custom)
scm_1       | 2023-01-03 10:14:32,466 [main] INFO server.GrpcService: raft.grpc.message.size.max = 32m (=33554432) (custom)
datanode_2  | 2023-01-03 10:14:57,048 [Command processor thread] INFO ratis.XceiverServerRatis: Created group PipelineID=cb6bd04e-d99b-4f52-8574-a10d53e1762d
datanode_1  | 2023-01-03 10:15:14,816 [a8f2d3cb-4f82-40c1-bd43-8f2afed66acd-server-thread1] INFO segmented.SegmentedRaftLogWorker: a8f2d3cb-4f82-40c1-bd43-8f2afed66acd@group-D682AEFCBD1E-SegmentedRaftLogWorker: Starting segment from index:0
datanode_4  | 	at java.base/java.util.concurrent.FutureTask.report(FutureTask.java:122)
recon_1     | 	at java.base/sun.nio.ch.SocketChannelImpl.ensureOpenAndConnected(SocketChannelImpl.java:180)
datanode_3  | 2023-01-03 10:15:01,408 [c60e487b-545e-4506-86b1-36815595adbf@group-D682AEFCBD1E-LeaderElection1-1] INFO server.GrpcServerProtocolClient: Build channel for eaf16acb-fc54-4eb2-9821-cec42ecb7eed
datanode_3  | 2023-01-03 10:15:01,414 [c60e487b-545e-4506-86b1-36815595adbf@group-D682AEFCBD1E-LeaderElection1-2] INFO server.GrpcServerProtocolClient: Build channel for a8f2d3cb-4f82-40c1-bd43-8f2afed66acd
scm_1       | 2023-01-03 10:14:32,472 [main] INFO server.RaftServerConfigKeys: raft.server.log.appender.buffer.byte-limit = 33554432 (custom)
datanode_5  | 2023-01-03 10:14:57,174 [pool-22-thread-1] INFO server.RaftServerConfigKeys: raft.server.log.segment.cache.size.max = 200MB (=209715200) (default)
datanode_2  | 2023-01-03 10:14:57,094 [Command processor thread] INFO commandhandler.CreatePipelineCommandHandler: Created Pipeline RATIS ONE PipelineID=cb6bd04e-d99b-4f52-8574-a10d53e1762d.
datanode_1  | 2023-01-03 10:15:14,821 [a8f2d3cb-4f82-40c1-bd43-8f2afed66acd@group-D682AEFCBD1E-SegmentedRaftLogWorker] INFO segmented.SegmentedRaftLogWorker: a8f2d3cb-4f82-40c1-bd43-8f2afed66acd@group-D682AEFCBD1E-SegmentedRaftLogWorker: created new log segment /data/metadata/ratis/97a3c1fa-9053-476a-8b41-d682aefcbd1e/current/log_inprogress_0
datanode_4  | 	at java.base/java.util.concurrent.FutureTask.get(FutureTask.java:191)
recon_1     | 	at java.base/sun.nio.ch.SocketChannelImpl.write(SocketChannelImpl.java:452)
om_1        | 2023-01-03 10:15:25,900 [om1@group-C5BA1605619E-LeaderElection1] INFO server.RaftServerConfigKeys: raft.server.staging.catchup.gap = 1000 (default)
datanode_3  | 2023-01-03 10:15:03,899 [grpc-default-executor-1] INFO server.RaftServer$Division: c60e487b-545e-4506-86b1-36815595adbf@group-D682AEFCBD1E: receive requestVote(ELECTION, a8f2d3cb-4f82-40c1-bd43-8f2afed66acd, group-D682AEFCBD1E, 1, (t:0, i:0))
scm_1       | 2023-01-03 10:14:32,474 [main] INFO server.GrpcService: raft.grpc.flow.control.window = 1MB (=1048576) (default)
datanode_5  | 2023-01-03 10:14:57,348 [pool-22-thread-1] INFO segmented.SegmentedRaftLogWorker: new 87e6c51a-adcd-4cff-a630-8589820e604d@group-7DCAFFC1140E-SegmentedRaftLogWorker for RaftStorageImpl:Storage Directory /data/metadata/ratis/57c8ea81-ab8f-4ac7-9aa8-7dcaffc1140e
datanode_2  | 2023-01-03 10:15:01,502 [faafd3a8-373e-455f-9778-cc13bf3ada86@group-A10D53E1762D-FollowerState] INFO impl.FollowerState: faafd3a8-373e-455f-9778-cc13bf3ada86@group-A10D53E1762D-FollowerState: change to CANDIDATE, lastRpcElapsedTime:5118655938ns, electionTimeout:5097ms
datanode_4  | 	at org.apache.hadoop.ozone.container.common.states.datanode.RunningDatanodeState.computeNextContainerState(RunningDatanodeState.java:199)
recon_1     | 	at org.apache.hadoop.ipc.Server.channelWrite(Server.java:3619)
om_1        | 2023-01-03 10:15:25,914 [om1@group-C5BA1605619E-LeaderElection1] INFO server.RaftServerConfigKeys: raft.server.write.element-limit = 4096 (default)
datanode_3  | 2023-01-03 10:15:03,938 [grpc-default-executor-1] INFO impl.VoteContext: c60e487b-545e-4506-86b1-36815595adbf@group-D682AEFCBD1E-CANDIDATE: reject ELECTION from a8f2d3cb-4f82-40c1-bd43-8f2afed66acd: already has voted for c60e487b-545e-4506-86b1-36815595adbf at current term 1
scm_1       | 2023-01-03 10:14:32,482 [main] INFO server.RaftServerConfigKeys: raft.server.rpc.request.timeout = 30000ms (custom)
datanode_5  | 2023-01-03 10:14:57,369 [pool-22-thread-1] INFO server.RaftServerConfigKeys: raft.server.log.queue.byte-limit = 4294967296 (custom)
datanode_2  | 2023-01-03 10:15:01,507 [faafd3a8-373e-455f-9778-cc13bf3ada86@group-A10D53E1762D-FollowerState] INFO impl.RoleInfo: faafd3a8-373e-455f-9778-cc13bf3ada86: shutdown faafd3a8-373e-455f-9778-cc13bf3ada86@group-A10D53E1762D-FollowerState
datanode_4  | 	at org.apache.hadoop.ozone.container.common.states.datanode.RunningDatanodeState.await(RunningDatanodeState.java:239)
recon_1     | 	at org.apache.hadoop.ipc.Server.access$1700(Server.java:144)
om_1        | 2023-01-03 10:15:25,916 [om1@group-C5BA1605619E-LeaderElection1] INFO server.RaftServerConfigKeys: raft.server.write.byte-limit = 64MB (=67108864) (default)
datanode_3  | 2023-01-03 10:15:03,961 [grpc-default-executor-1] INFO server.RaftServer$Division: c60e487b-545e-4506-86b1-36815595adbf@group-D682AEFCBD1E replies to ELECTION vote request: a8f2d3cb-4f82-40c1-bd43-8f2afed66acd<-c60e487b-545e-4506-86b1-36815595adbf#0:FAIL-t1. Peer's state: c60e487b-545e-4506-86b1-36815595adbf@group-D682AEFCBD1E:t1, leader=null, voted=c60e487b-545e-4506-86b1-36815595adbf, raftlog=Memoized:c60e487b-545e-4506-86b1-36815595adbf@group-D682AEFCBD1E-SegmentedRaftLog:OPENED:c-1, conf=-1: peers:[c60e487b-545e-4506-86b1-36815595adbf|rpc:172.19.0.9:9856|admin:172.19.0.9:9857|client:172.19.0.9:9858|dataStream:172.19.0.9:9855|priority:1|startupRole:FOLLOWER, eaf16acb-fc54-4eb2-9821-cec42ecb7eed|rpc:172.19.0.10:9856|admin:172.19.0.10:9857|client:172.19.0.10:9858|dataStream:172.19.0.10:9855|priority:0|startupRole:FOLLOWER, a8f2d3cb-4f82-40c1-bd43-8f2afed66acd|rpc:172.19.0.6:9856|admin:172.19.0.6:9857|client:172.19.0.6:9858|dataStream:172.19.0.6:9855|priority:0|startupRole:FOLLOWER]|listeners:[], old=null
scm_1       | 2023-01-03 10:14:32,511 [main] INFO grpc.GrpcConfigKeys: raft.grpc.server.heartbeat.channel = true (default)
datanode_5  | 2023-01-03 10:14:57,385 [pool-22-thread-1] INFO server.RaftServerConfigKeys: raft.server.log.queue.element-limit = 1024 (custom)
datanode_2  | 2023-01-03 10:15:01,516 [faafd3a8-373e-455f-9778-cc13bf3ada86@group-A10D53E1762D-FollowerState] INFO server.RaftServer$Division: faafd3a8-373e-455f-9778-cc13bf3ada86@group-A10D53E1762D: changes role from  FOLLOWER to CANDIDATE at term 0 for changeToCandidate
datanode_4  | 	at org.apache.hadoop.ozone.container.common.states.datanode.RunningDatanodeState.await(RunningDatanodeState.java:50)
recon_1     | 	at org.apache.hadoop.ipc.Server$Responder.processResponse(Server.java:1672)
om_1        | 2023-01-03 10:15:25,952 [om1@group-C5BA1605619E-LeaderElection1] INFO server.RaftServerConfigKeys: raft.server.watch.timeout = 10s (default)
datanode_3  | 2023-01-03 10:15:04,025 [grpc-default-executor-0] INFO server.RaftServer$Division: c60e487b-545e-4506-86b1-36815595adbf@group-D682AEFCBD1E: receive requestVote(ELECTION, eaf16acb-fc54-4eb2-9821-cec42ecb7eed, group-D682AEFCBD1E, 1, (t:0, i:0))
scm_1       | 2023-01-03 10:14:32,524 [main] INFO grpc.GrpcConfigKeys: raft.grpc.server.async.request.thread.pool.cached = true (default)
datanode_5  | 2023-01-03 10:14:57,429 [pool-22-thread-1] INFO server.RaftServerConfigKeys: raft.server.log.segment.size.max = 1048576 (custom)
datanode_2  | 2023-01-03 10:15:01,529 [faafd3a8-373e-455f-9778-cc13bf3ada86@group-A10D53E1762D-FollowerState] INFO server.RaftServerConfigKeys: raft.server.leaderelection.pre-vote = false (custom)
datanode_4  | 	at org.apache.hadoop.ozone.container.common.statemachine.StateContext.execute(StateContext.java:661)
datanode_4  | 	at org.apache.hadoop.ozone.container.common.statemachine.DatanodeStateMachine.startStateMachineThread(DatanodeStateMachine.java:309)
datanode_4  | 	at org.apache.hadoop.ozone.container.common.statemachine.DatanodeStateMachine.lambda$startDaemon$0(DatanodeStateMachine.java:509)
datanode_3  | 2023-01-03 10:15:04,026 [grpc-default-executor-0] INFO impl.VoteContext: c60e487b-545e-4506-86b1-36815595adbf@group-D682AEFCBD1E-CANDIDATE: reject ELECTION from eaf16acb-fc54-4eb2-9821-cec42ecb7eed: already has voted for c60e487b-545e-4506-86b1-36815595adbf at current term 1
datanode_2  | 2023-01-03 10:15:01,529 [faafd3a8-373e-455f-9778-cc13bf3ada86@group-A10D53E1762D-FollowerState] INFO impl.RoleInfo: faafd3a8-373e-455f-9778-cc13bf3ada86: start faafd3a8-373e-455f-9778-cc13bf3ada86@group-A10D53E1762D-LeaderElection1
recon_1     | 	at org.apache.hadoop.ipc.Server$Responder.doRespond(Server.java:1742)
om_1        | 2023-01-03 10:15:25,953 [om1@group-C5BA1605619E-LeaderElection1] INFO server.RaftServerConfigKeys: raft.server.watch.timeout.denomination = 1s (default)
datanode_4  | 	at java.base/java.lang.Thread.run(Thread.java:829)
scm_1       | 2023-01-03 10:14:32,525 [main] INFO grpc.GrpcConfigKeys: raft.grpc.server.async.request.thread.pool.size = 32 (default)
datanode_5  | 2023-01-03 10:14:57,446 [pool-22-thread-1] INFO server.RaftServerConfigKeys: raft.server.log.preallocated.size = 16384 (custom)
datanode_3  | 2023-01-03 10:15:04,051 [grpc-default-executor-0] INFO server.RaftServer$Division: c60e487b-545e-4506-86b1-36815595adbf@group-D682AEFCBD1E replies to ELECTION vote request: eaf16acb-fc54-4eb2-9821-cec42ecb7eed<-c60e487b-545e-4506-86b1-36815595adbf#0:FAIL-t1. Peer's state: c60e487b-545e-4506-86b1-36815595adbf@group-D682AEFCBD1E:t1, leader=null, voted=c60e487b-545e-4506-86b1-36815595adbf, raftlog=Memoized:c60e487b-545e-4506-86b1-36815595adbf@group-D682AEFCBD1E-SegmentedRaftLog:OPENED:c-1, conf=-1: peers:[c60e487b-545e-4506-86b1-36815595adbf|rpc:172.19.0.9:9856|admin:172.19.0.9:9857|client:172.19.0.9:9858|dataStream:172.19.0.9:9855|priority:1|startupRole:FOLLOWER, eaf16acb-fc54-4eb2-9821-cec42ecb7eed|rpc:172.19.0.10:9856|admin:172.19.0.10:9857|client:172.19.0.10:9858|dataStream:172.19.0.10:9855|priority:0|startupRole:FOLLOWER, a8f2d3cb-4f82-40c1-bd43-8f2afed66acd|rpc:172.19.0.6:9856|admin:172.19.0.6:9857|client:172.19.0.6:9858|dataStream:172.19.0.6:9855|priority:0|startupRole:FOLLOWER]|listeners:[], old=null
datanode_2  | 2023-01-03 10:15:01,603 [faafd3a8-373e-455f-9778-cc13bf3ada86@group-A10D53E1762D-LeaderElection1] INFO impl.LeaderElection: faafd3a8-373e-455f-9778-cc13bf3ada86@group-A10D53E1762D-LeaderElection1 ELECTION round 0: submit vote requests at term 1 for -1: peers:[faafd3a8-373e-455f-9778-cc13bf3ada86|rpc:172.19.0.5:9856|admin:172.19.0.5:9857|client:172.19.0.5:9858|dataStream:172.19.0.5:9855|priority:1|startupRole:FOLLOWER]|listeners:[], old=null
recon_1     | 	at org.apache.hadoop.ipc.Server$Connection.sendResponse(Server.java:2847)
recon_1     | 	at org.apache.hadoop.ipc.Server$Connection.access$300(Server.java:1814)
datanode_4  | Caused by: java.util.concurrent.TimeoutException
datanode_5  | 2023-01-03 10:14:57,447 [pool-22-thread-1] INFO server.RaftServerConfigKeys: raft.server.log.force.sync.num = 128 (default)
datanode_3  | 2023-01-03 10:15:04,113 [c60e487b-545e-4506-86b1-36815595adbf@group-D682AEFCBD1E-LeaderElection1] INFO impl.LeaderElection: c60e487b-545e-4506-86b1-36815595adbf@group-D682AEFCBD1E-LeaderElection1: ELECTION REJECTED received 2 response(s) and 0 exception(s):
datanode_3  | 2023-01-03 10:15:04,114 [c60e487b-545e-4506-86b1-36815595adbf@group-D682AEFCBD1E-LeaderElection1] INFO impl.LeaderElection:   Response 0: c60e487b-545e-4506-86b1-36815595adbf<-eaf16acb-fc54-4eb2-9821-cec42ecb7eed#0:FAIL-t1
om_1        | 2023-01-03 10:15:25,955 [om1@group-C5BA1605619E-LeaderElection1] INFO server.RaftServerConfigKeys: raft.server.watch.element-limit = 65536 (default)
recon_1     | 	at org.apache.hadoop.ipc.Server$RpcCall.doResponse(Server.java:1125)
datanode_4  | 	at java.base/java.util.concurrent.FutureTask.get(FutureTask.java:204)
datanode_4  | 	at org.apache.hadoop.ozone.container.common.states.datanode.RunningDatanodeState.lambda$execute$0(RunningDatanodeState.java:157)
datanode_3  | 2023-01-03 10:15:04,116 [c60e487b-545e-4506-86b1-36815595adbf@group-D682AEFCBD1E-LeaderElection1] INFO impl.LeaderElection:   Response 1: c60e487b-545e-4506-86b1-36815595adbf<-a8f2d3cb-4f82-40c1-bd43-8f2afed66acd#0:FAIL-t1
om_1        | 2023-01-03 10:15:25,974 [om1@group-C5BA1605619E-LeaderElection1] INFO server.RaftServerConfigKeys: raft.server.write.element-limit = 4096 (default)
om_1        | 2023-01-03 10:15:25,980 [om1@group-C5BA1605619E-LeaderElection1] INFO server.RaftServerConfigKeys: raft.server.write.follower.gap.ratio.max = -1.0 (default)
recon_1     | 	at org.apache.hadoop.ipc.Server$Call.doResponse(Server.java:917)
scm_1       | 2023-01-03 10:14:33,042 [main] INFO impl.DataStreamServerImpl: raft.datastream.type = NETTY (custom)
datanode_2  | 2023-01-03 10:15:01,610 [faafd3a8-373e-455f-9778-cc13bf3ada86@group-A10D53E1762D-LeaderElection1] INFO impl.LeaderElection: faafd3a8-373e-455f-9778-cc13bf3ada86@group-A10D53E1762D-LeaderElection1 ELECTION round 0: result PASSED (term=1)
datanode_5  | 2023-01-03 10:14:57,464 [pool-22-thread-1] INFO server.RaftServerConfigKeys: raft.server.log.statemachine.data.sync = true (default)
datanode_3  | 2023-01-03 10:15:04,118 [c60e487b-545e-4506-86b1-36815595adbf@group-D682AEFCBD1E-LeaderElection1] INFO impl.LeaderElection: c60e487b-545e-4506-86b1-36815595adbf@group-D682AEFCBD1E-LeaderElection1 ELECTION round 0: result REJECTED
om_1        | 2023-01-03 10:15:25,989 [om1@group-C5BA1605619E-LeaderElection1] INFO impl.RoleInfo: om1: start om1@group-C5BA1605619E-LeaderStateImpl
om_1        | 2023-01-03 10:15:26,066 [om1@group-C5BA1605619E-LeaderElection1] INFO segmented.SegmentedRaftLogWorker: om1@group-C5BA1605619E-SegmentedRaftLogWorker: Starting segment from index:0
recon_1     | 	at org.apache.hadoop.ipc.Server$Call.sendResponse(Server.java:903)
scm_1       | 2023-01-03 10:14:33,427 [main] INFO server.RaftServerConfigKeys: raft.server.data-stream.async.request.thread.pool.cached = false (default)
datanode_2  | 2023-01-03 10:15:01,612 [faafd3a8-373e-455f-9778-cc13bf3ada86@group-A10D53E1762D-LeaderElection1] INFO impl.RoleInfo: faafd3a8-373e-455f-9778-cc13bf3ada86: shutdown faafd3a8-373e-455f-9778-cc13bf3ada86@group-A10D53E1762D-LeaderElection1
datanode_5  | 2023-01-03 10:14:57,465 [pool-22-thread-1] INFO server.RaftServerConfigKeys: raft.server.log.statemachine.data.sync.timeout = 10s (default)
om_1        | 2023-01-03 10:15:26,199 [om1@group-C5BA1605619E-LeaderElection1] INFO server.RaftServer$Division: om1@group-C5BA1605619E: set configuration 0: peers:[om1|rpc:om:9872|admin:|client:|dataStream:|priority:0|startupRole:FOLLOWER]|listeners:[], old=null
datanode_3  | 2023-01-03 10:15:04,131 [c60e487b-545e-4506-86b1-36815595adbf@group-D682AEFCBD1E-LeaderElection1] INFO server.RaftServer$Division: c60e487b-545e-4506-86b1-36815595adbf@group-D682AEFCBD1E: changes role from CANDIDATE to FOLLOWER at term 1 for REJECTED
datanode_3  | 2023-01-03 10:15:04,136 [c60e487b-545e-4506-86b1-36815595adbf@group-D682AEFCBD1E-LeaderElection1] INFO impl.RoleInfo: c60e487b-545e-4506-86b1-36815595adbf: shutdown c60e487b-545e-4506-86b1-36815595adbf@group-D682AEFCBD1E-LeaderElection1
datanode_2  | 2023-01-03 10:15:01,616 [faafd3a8-373e-455f-9778-cc13bf3ada86@group-A10D53E1762D-LeaderElection1] INFO server.RaftServer$Division: faafd3a8-373e-455f-9778-cc13bf3ada86@group-A10D53E1762D: changes role from CANDIDATE to LEADER at term 1 for changeToLeader
datanode_2  | 2023-01-03 10:15:01,621 [faafd3a8-373e-455f-9778-cc13bf3ada86@group-A10D53E1762D-LeaderElection1] INFO ratis.XceiverServerRatis: Leader change notification received for group: group-A10D53E1762D with new leaderId: faafd3a8-373e-455f-9778-cc13bf3ada86
datanode_2  | 2023-01-03 10:15:01,654 [faafd3a8-373e-455f-9778-cc13bf3ada86@group-A10D53E1762D-LeaderElection1] INFO server.RaftServer$Division: faafd3a8-373e-455f-9778-cc13bf3ada86@group-A10D53E1762D: change Leader from null to faafd3a8-373e-455f-9778-cc13bf3ada86 at term 1 for becomeLeader, leader elected after 6939ms
datanode_2  | 2023-01-03 10:15:01,758 [faafd3a8-373e-455f-9778-cc13bf3ada86@group-A10D53E1762D-LeaderElection1] INFO server.RaftServerConfigKeys: raft.server.staging.catchup.gap = 1000 (default)
scm_1       | 2023-01-03 10:14:33,431 [main] INFO server.RaftServerConfigKeys: raft.server.data-stream.async.request.thread.pool.size = 32 (default)
om_1        | 2023-01-03 10:15:26,306 [om1@group-C5BA1605619E-SegmentedRaftLogWorker] INFO segmented.SegmentedRaftLogWorker: om1@group-C5BA1605619E-SegmentedRaftLogWorker: created new log segment /data/metadata/ratis/bf265839-605b-3f16-9796-c5ba1605619e/current/log_inprogress_0
om_1        | 2023-01-03 10:15:26,627 [om1@group-C5BA1605619E-StateMachineUpdater] INFO ratis.OzoneManagerStateMachine: Received Configuration change notification from Ratis. New Peer list:
om_1        | [id: "om1"
datanode_2  | 2023-01-03 10:15:01,936 [faafd3a8-373e-455f-9778-cc13bf3ada86@group-A10D53E1762D-LeaderElection1] INFO server.RaftServerConfigKeys: raft.server.write.element-limit = 1024 (custom)
datanode_2  | 2023-01-03 10:15:01,938 [faafd3a8-373e-455f-9778-cc13bf3ada86@group-A10D53E1762D-LeaderElection1] INFO server.RaftServerConfigKeys: raft.server.write.byte-limit = 1024 M (=1073741824) (custom)
datanode_2  | 2023-01-03 10:15:01,990 [faafd3a8-373e-455f-9778-cc13bf3ada86@group-A10D53E1762D-LeaderElection1] INFO server.RaftServerConfigKeys: raft.server.watch.timeout = 180s (custom)
datanode_2  | 2023-01-03 10:15:01,991 [faafd3a8-373e-455f-9778-cc13bf3ada86@group-A10D53E1762D-LeaderElection1] INFO server.RaftServerConfigKeys: raft.server.watch.timeout.denomination = 1s (default)
datanode_2  | 2023-01-03 10:15:01,994 [faafd3a8-373e-455f-9778-cc13bf3ada86@group-A10D53E1762D-LeaderElection1] INFO server.RaftServerConfigKeys: raft.server.watch.element-limit = 65536 (default)
recon_1     | 	at org.apache.hadoop.ipc.Server$RpcCall.run(Server.java:1060)
scm_1       | 2023-01-03 10:14:33,433 [main] INFO server.RaftServerConfigKeys: raft.server.data-stream.async.write.thread.pool.size = 16 (default)
om_1        | address: "om:9872"
om_1        | startupRole: FOLLOWER
om_1        | ]
om_1        | 2023-01-03 10:15:36,062 [qtp1629455016-48] INFO utils.DBCheckpointServlet: Received request to obtain DB checkpoint snapshot
datanode_4  | 	at java.base/java.util.concurrent.FutureTask.run(FutureTask.java:264)
datanode_4  | 	at java.base/java.util.concurrent.Executors$RunnableAdapter.call(Executors.java:515)
datanode_4  | 	at java.base/java.util.concurrent.FutureTask.run(FutureTask.java:264)
datanode_4  | 	at java.base/java.util.concurrent.ThreadPoolExecutor.runWorker(ThreadPoolExecutor.java:1128)
datanode_4  | 	at java.base/java.util.concurrent.ThreadPoolExecutor$Worker.run(ThreadPoolExecutor.java:628)
recon_1     | 	at org.apache.hadoop.ipc.Server$RpcCall.run(Server.java:971)
recon_1     | 	at java.base/java.security.AccessController.doPrivileged(Native Method)
recon_1     | 	at java.base/javax.security.auth.Subject.doAs(Subject.java:423)
recon_1     | 	at org.apache.hadoop.security.UserGroupInformation.doAs(UserGroupInformation.java:1878)
recon_1     | 	at org.apache.hadoop.ipc.Server$Handler.run(Server.java:2976)
datanode_2  | 2023-01-03 10:15:02,049 [faafd3a8-373e-455f-9778-cc13bf3ada86@group-A10D53E1762D-LeaderElection1] INFO server.RaftServerConfigKeys: raft.server.write.element-limit = 1024 (custom)
datanode_3  | 2023-01-03 10:15:04,141 [c60e487b-545e-4506-86b1-36815595adbf@group-D682AEFCBD1E-LeaderElection1] INFO impl.RoleInfo: c60e487b-545e-4506-86b1-36815595adbf: start c60e487b-545e-4506-86b1-36815595adbf@group-D682AEFCBD1E-FollowerState
datanode_3  | 2023-01-03 10:15:04,150 [c60e487b-545e-4506-86b1-36815595adbf@group-D682AEFCBD1E-FollowerState] INFO server.RaftServerConfigKeys: raft.server.rpc.first-election.timeout.min = 5s (fallback to raft.server.rpc.timeout.min)
datanode_3  | 2023-01-03 10:15:04,166 [c60e487b-545e-4506-86b1-36815595adbf@group-D682AEFCBD1E-FollowerState] INFO server.RaftServerConfigKeys: raft.server.rpc.first-election.timeout.max = 5200ms (fallback to raft.server.rpc.timeout.max)
datanode_3  | 2023-01-03 10:15:04,903 [Command processor thread] INFO commandhandler.CreatePipelineCommandHandler: Created Pipeline RATIS THREE PipelineID=97a3c1fa-9053-476a-8b41-d682aefcbd1e.
scm_1       | 2023-01-03 10:14:33,435 [main] INFO server.RaftServerConfigKeys: raft.server.data-stream.client.pool.size = 10 (default)
scm_1       | 2023-01-03 10:14:33,446 [main] INFO netty.NettyConfigKeys$DataStream: raft.netty.dataStream.server.use-epoll = false (default)
datanode_2  | 2023-01-03 10:15:02,064 [faafd3a8-373e-455f-9778-cc13bf3ada86@group-A10D53E1762D-LeaderElection1] INFO server.RaftServerConfigKeys: raft.server.write.follower.gap.ratio.max = -1.0 (default)
recon_1     | 2023-01-03 10:14:49,856 [IPC Server handler 16 on default port 9891] INFO ipc.Server: IPC Server handler 16 on default port 9891 caught an exception
om_1        | 2023-01-03 10:15:36,093 [qtp1629455016-48] INFO db.RDBCheckpointManager: Created checkpoint at /data/metadata/db.checkpoints/om.db_checkpoint_1672740936074 in 18 milliseconds
om_1        | 2023-01-03 10:15:36,173 [qtp1629455016-48] INFO utils.DBCheckpointServlet: Time taken to write the checkpoint to response output stream: 76 milliseconds
om_1        | 2023-01-03 10:15:36,174 [qtp1629455016-48] INFO db.RocksDBCheckpoint: Cleaning up RocksDB checkpoint at /data/metadata/db.checkpoints/om.db_checkpoint_1672740936074
datanode_3  | 2023-01-03 10:15:04,904 [Command processor thread] INFO server.RaftServer: c60e487b-545e-4506-86b1-36815595adbf: addNew group-15529194BF12:[c60e487b-545e-4506-86b1-36815595adbf|rpc:172.19.0.9:9856|admin:172.19.0.9:9857|client:172.19.0.9:9858|dataStream:172.19.0.9:9855|priority:1|startupRole:FOLLOWER] returns group-15529194BF12:java.util.concurrent.CompletableFuture@729ed41c[Not completed]
datanode_3  | 2023-01-03 10:15:04,914 [pool-22-thread-1] INFO server.RaftServer$Division: c60e487b-545e-4506-86b1-36815595adbf: new RaftServerImpl for group-15529194BF12:[c60e487b-545e-4506-86b1-36815595adbf|rpc:172.19.0.9:9856|admin:172.19.0.9:9857|client:172.19.0.9:9858|dataStream:172.19.0.9:9855|priority:1|startupRole:FOLLOWER] with ContainerStateMachine:uninitialized
datanode_4  | 	... 1 more
datanode_4  | 2023-01-03 10:14:54,532 [Command processor thread] INFO server.RaftServer: eaf16acb-fc54-4eb2-9821-cec42ecb7eed: addNew group-D682AEFCBD1E:[c60e487b-545e-4506-86b1-36815595adbf|rpc:172.19.0.9:9856|admin:172.19.0.9:9857|client:172.19.0.9:9858|dataStream:172.19.0.9:9855|priority:1|startupRole:FOLLOWER, eaf16acb-fc54-4eb2-9821-cec42ecb7eed|rpc:172.19.0.10:9856|admin:172.19.0.10:9857|client:172.19.0.10:9858|dataStream:172.19.0.10:9855|priority:0|startupRole:FOLLOWER, a8f2d3cb-4f82-40c1-bd43-8f2afed66acd|rpc:172.19.0.6:9856|admin:172.19.0.6:9857|client:172.19.0.6:9858|dataStream:172.19.0.6:9855|priority:0|startupRole:FOLLOWER] returns group-D682AEFCBD1E:java.util.concurrent.CompletableFuture@b3fd4d5[Not completed]
datanode_4  | 2023-01-03 10:14:54,774 [pool-22-thread-1] INFO server.RaftServer$Division: eaf16acb-fc54-4eb2-9821-cec42ecb7eed: new RaftServerImpl for group-D682AEFCBD1E:[c60e487b-545e-4506-86b1-36815595adbf|rpc:172.19.0.9:9856|admin:172.19.0.9:9857|client:172.19.0.9:9858|dataStream:172.19.0.9:9855|priority:1|startupRole:FOLLOWER, eaf16acb-fc54-4eb2-9821-cec42ecb7eed|rpc:172.19.0.10:9856|admin:172.19.0.10:9857|client:172.19.0.10:9858|dataStream:172.19.0.10:9855|priority:0|startupRole:FOLLOWER, a8f2d3cb-4f82-40c1-bd43-8f2afed66acd|rpc:172.19.0.6:9856|admin:172.19.0.6:9857|client:172.19.0.6:9858|dataStream:172.19.0.6:9855|priority:0|startupRole:FOLLOWER] with ContainerStateMachine:uninitialized
datanode_4  | 2023-01-03 10:14:54,789 [pool-22-thread-1] INFO server.RaftServerConfigKeys: raft.server.rpc.timeout.min = 5s (custom)
datanode_4  | 2023-01-03 10:14:54,809 [pool-22-thread-1] INFO server.RaftServerConfigKeys: raft.server.rpc.timeout.max = 5200ms (custom)
recon_1     | java.nio.channels.ClosedChannelException
recon_1     | 	at java.base/sun.nio.ch.SocketChannelImpl.ensureOpenAndConnected(SocketChannelImpl.java:180)
recon_1     | 	at java.base/sun.nio.ch.SocketChannelImpl.write(SocketChannelImpl.java:452)
datanode_5  | 2023-01-03 10:14:57,468 [pool-22-thread-1] INFO server.RaftServerConfigKeys: raft.server.log.statemachine.data.sync.timeout.retry = -1 (default)
datanode_5  | 2023-01-03 10:14:57,601 [pool-22-thread-1] INFO server.RaftServerConfigKeys: raft.server.log.write.buffer.size = 1048576 (custom)
datanode_5  | 2023-01-03 10:14:57,613 [pool-22-thread-1] INFO server.RaftServerConfigKeys: raft.server.log.appender.buffer.byte-limit = 33554432 (custom)
scm_1       | 2023-01-03 10:14:33,447 [main] INFO netty.NettyConfigKeys$DataStream: raft.netty.dataStream.server.boss-group.size = 0 (default)
scm_1       | 2023-01-03 10:14:33,453 [main] INFO netty.NettyConfigKeys$DataStream: raft.netty.dataStream.server.worker-group.size = 0 (default)
datanode_3  | 2023-01-03 10:15:04,916 [pool-22-thread-1] INFO server.RaftServerConfigKeys: raft.server.rpc.timeout.min = 5s (custom)
recon_1     | 	at org.apache.hadoop.ipc.Server.channelWrite(Server.java:3619)
recon_1     | 	at org.apache.hadoop.ipc.Server.access$1700(Server.java:144)
recon_1     | 	at org.apache.hadoop.ipc.Server$Responder.processResponse(Server.java:1672)
recon_1     | 	at org.apache.hadoop.ipc.Server$Responder.doRespond(Server.java:1742)
recon_1     | 	at org.apache.hadoop.ipc.Server$Connection.sendResponse(Server.java:2847)
datanode_5  | 2023-01-03 10:14:57,766 [pool-22-thread-1] INFO server.RaftServerConfigKeys: raft.server.log.unsafe-flush.enabled = false (default)
datanode_5  | 2023-01-03 10:14:57,768 [pool-22-thread-1] INFO server.RaftServerConfigKeys: raft.server.log.async-flush.enabled = false (default)
scm_1       | 2023-01-03 10:14:33,457 [main] INFO netty.NettyConfigKeys$DataStream: raft.netty.dataStream.server.tls.conf = null (default)
scm_1       | 2023-01-03 10:14:33,461 [main] INFO netty.NettyConfigKeys$DataStream: raft.netty.dataStream.host = null (default)
datanode_4  | 2023-01-03 10:14:54,811 [pool-22-thread-1] INFO server.RaftServerConfigKeys: raft.server.rpc.sleep.time = 25ms (default)
datanode_4  | 2023-01-03 10:14:54,820 [pool-22-thread-1] INFO server.RaftServerConfigKeys: raft.server.rpc.slowness.timeout = 300s (custom)
datanode_4  | 2023-01-03 10:14:54,828 [pool-22-thread-1] INFO server.RaftServerConfigKeys: raft.server.leaderelection.leader.step-down.wait-time = 10s (default)
datanode_4  | 2023-01-03 10:14:54,846 [pool-22-thread-1] INFO server.RaftServerConfigKeys: raft.server.sleep.deviation.threshold = 300ms (default)
datanode_4  | 2023-01-03 10:14:54,951 [pool-22-thread-1] INFO server.RaftServer$Division: eaf16acb-fc54-4eb2-9821-cec42ecb7eed@group-D682AEFCBD1E: ConfigurationManager, init=-1: peers:[c60e487b-545e-4506-86b1-36815595adbf|rpc:172.19.0.9:9856|admin:172.19.0.9:9857|client:172.19.0.9:9858|dataStream:172.19.0.9:9855|priority:1|startupRole:FOLLOWER, eaf16acb-fc54-4eb2-9821-cec42ecb7eed|rpc:172.19.0.10:9856|admin:172.19.0.10:9857|client:172.19.0.10:9858|dataStream:172.19.0.10:9855|priority:0|startupRole:FOLLOWER, a8f2d3cb-4f82-40c1-bd43-8f2afed66acd|rpc:172.19.0.6:9856|admin:172.19.0.6:9857|client:172.19.0.6:9858|dataStream:172.19.0.6:9855|priority:0|startupRole:FOLLOWER]|listeners:[], old=null, confs=<EMPTY_MAP>
datanode_4  | 2023-01-03 10:14:54,966 [pool-22-thread-1] INFO server.RaftServerConfigKeys: raft.server.storage.dir = [/data/metadata/ratis] (custom)
datanode_4  | 2023-01-03 10:14:55,059 [pool-22-thread-1] INFO server.RaftServerConfigKeys: raft.server.log.corruption.policy = EXCEPTION (default)
datanode_4  | 2023-01-03 10:14:55,065 [pool-22-thread-1] INFO server.RaftServerConfigKeys: raft.server.storage.free-space.min = 0MB (=0) (default)
datanode_4  | 2023-01-03 10:14:55,209 [pool-22-thread-1] INFO server.RaftServerConfigKeys: raft.server.notification.no-leader.timeout = 300s (custom)
datanode_4  | 2023-01-03 10:14:55,290 [pool-22-thread-1] INFO server.RaftServerConfigKeys: raft.server.retrycache.expirytime = 600000ms (custom)
datanode_4  | 2023-01-03 10:14:55,292 [pool-22-thread-1] INFO server.RaftServerConfigKeys: raft.server.retrycache.statistics.expirytime = 100?s (default)
scm_1       | 2023-01-03 10:14:33,465 [main] INFO netty.NettyConfigKeys$DataStream: raft.netty.dataStream.port = 0 (default)
scm_1       | 2023-01-03 10:14:33,577 [main] INFO server.RaftServerConfigKeys: raft.server.threadpool.proxy.cached = true (default)
scm_1       | 2023-01-03 10:14:33,577 [main] INFO server.RaftServerConfigKeys: raft.server.threadpool.proxy.size = 0 (default)
datanode_4  | 2023-01-03 10:14:55,915 [pool-22-thread-1] INFO server.RaftServerConfigKeys: raft.server.log.appender.install.snapshot.enabled = false (custom)
datanode_4  | 2023-01-03 10:14:55,933 [pool-22-thread-1] INFO server.RaftServerConfigKeys: raft.server.threadpool.server.cached = true (default)
datanode_4  | 2023-01-03 10:14:55,943 [pool-22-thread-1] INFO server.RaftServerConfigKeys: raft.server.threadpool.server.size = 0 (default)
scm_1       | 2023-01-03 10:14:33,578 [main] INFO server.RaftServerConfigKeys: raft.server.rpc.slowness.timeout = 120000ms (custom)
datanode_5  | 2023-01-03 10:14:57,769 [pool-22-thread-1] INFO server.RaftServerConfigKeys: raft.server.log.statemachine.data.caching.enabled = true (custom)
datanode_4  | 2023-01-03 10:14:55,952 [pool-22-thread-1] INFO server.RaftServerConfigKeys: raft.server.threadpool.client.cached = true (default)
datanode_4  | 2023-01-03 10:14:55,958 [pool-22-thread-1] INFO server.RaftServerConfigKeys: raft.server.threadpool.client.size = 0 (default)
datanode_4  | 2023-01-03 10:14:55,965 [pool-22-thread-1] INFO storage.RaftStorageDirectory: The storage directory /data/metadata/ratis/97a3c1fa-9053-476a-8b41-d682aefcbd1e does not exist. Creating ...
datanode_4  | 2023-01-03 10:14:56,074 [pool-22-thread-1] INFO storage.RaftStorageDirectory: Lock on /data/metadata/ratis/97a3c1fa-9053-476a-8b41-d682aefcbd1e/in_use.lock acquired by nodename 7@b4eb83f109d3
datanode_4  | 2023-01-03 10:14:56,145 [pool-22-thread-1] INFO storage.RaftStorage: Storage directory /data/metadata/ratis/97a3c1fa-9053-476a-8b41-d682aefcbd1e has been successfully formatted.
datanode_4  | 2023-01-03 10:14:56,281 [pool-22-thread-1] INFO ratis.ContainerStateMachine: group-D682AEFCBD1E: The snapshot info is null. Setting the last applied indexto:(t:0, i:~)
datanode_4  | 2023-01-03 10:14:56,311 [pool-22-thread-1] INFO server.RaftServerConfigKeys: raft.server.log.use.memory = false (default)
datanode_5  | 2023-01-03 10:14:58,076 [pool-22-thread-1] INFO segmented.SegmentedRaftLogWorker: 87e6c51a-adcd-4cff-a630-8589820e604d@group-7DCAFFC1140E-SegmentedRaftLogWorker: flushIndex: setUnconditionally 0 -> -1
datanode_5  | 2023-01-03 10:14:58,076 [pool-22-thread-1] INFO segmented.SegmentedRaftLogWorker: 87e6c51a-adcd-4cff-a630-8589820e604d@group-7DCAFFC1140E-SegmentedRaftLogWorker: safeCacheEvictIndex: setUnconditionally 0 -> -1
datanode_5  | 2023-01-03 10:14:58,123 [pool-22-thread-1] INFO server.RaftServer$Division: 87e6c51a-adcd-4cff-a630-8589820e604d@group-7DCAFFC1140E: start as a follower, conf=-1: peers:[87e6c51a-adcd-4cff-a630-8589820e604d|rpc:172.19.0.7:9856|admin:172.19.0.7:9857|client:172.19.0.7:9858|dataStream:172.19.0.7:9855|priority:1|startupRole:FOLLOWER]|listeners:[], old=null
datanode_5  | 2023-01-03 10:14:58,152 [pool-22-thread-1] INFO server.RaftServer$Division: 87e6c51a-adcd-4cff-a630-8589820e604d@group-7DCAFFC1140E: changes role from      null to FOLLOWER at term 0 for startAsFollower
datanode_5  | 2023-01-03 10:14:58,171 [pool-22-thread-1] INFO impl.RoleInfo: 87e6c51a-adcd-4cff-a630-8589820e604d: start 87e6c51a-adcd-4cff-a630-8589820e604d@group-7DCAFFC1140E-FollowerState
datanode_5  | 2023-01-03 10:14:58,225 [87e6c51a-adcd-4cff-a630-8589820e604d@group-7DCAFFC1140E-FollowerState] INFO server.RaftServerConfigKeys: raft.server.rpc.first-election.timeout.min = 5s (fallback to raft.server.rpc.timeout.min)
datanode_4  | 2023-01-03 10:14:56,527 [pool-22-thread-1] INFO server.RaftServerConfigKeys: raft.server.log.purge.gap = 1000000 (custom)
scm_1       | 2023-01-03 10:14:33,578 [main] INFO server.RaftServerConfigKeys: raft.server.leaderelection.leader.step-down.wait-time = 10s (default)
recon_1     | 	at org.apache.hadoop.ipc.Server$Connection.access$300(Server.java:1814)
om_1        | 2023-01-03 10:15:42,448 [OM StateMachine ApplyTransaction Thread - 0] INFO volume.OMVolumeCreateRequest: created volume:vol1 for user:hadoop
om_1        | 2023-01-03 10:15:54,059 [OM StateMachine ApplyTransaction Thread - 0] INFO bucket.OMBucketCreateRequest: created bucket: bucket of layout LEGACY in volume: vol1
om_1        | 2023-01-03 10:17:11,806 [OM StateMachine ApplyTransaction Thread - 0] INFO bucket.OMBucketCreateRequest: created bucket: auditparser0 of layout LEGACY in volume: vol1
om_1        | 2023-01-03 10:17:11,824 [OM StateMachine ApplyTransaction Thread - 0] INFO bucket.OMBucketCreateRequest: created bucket: auditparser1 of layout LEGACY in volume: vol1
om_1        | 2023-01-03 10:17:11,836 [OM StateMachine ApplyTransaction Thread - 0] INFO bucket.OMBucketCreateRequest: created bucket: auditparser2 of layout LEGACY in volume: vol1
datanode_5  | 2023-01-03 10:14:58,231 [87e6c51a-adcd-4cff-a630-8589820e604d@group-7DCAFFC1140E-FollowerState] INFO server.RaftServerConfigKeys: raft.server.rpc.first-election.timeout.max = 5200ms (fallback to raft.server.rpc.timeout.max)
recon_1     | 	at org.apache.hadoop.ipc.Server$RpcCall.doResponse(Server.java:1125)
recon_1     | 	at org.apache.hadoop.ipc.Server$Call.doResponse(Server.java:917)
scm_1       | 2023-01-03 10:14:33,601 [main] INFO server.RaftServerConfigKeys: raft.server.storage.dir = [/data/metadata/scm-ha] (custom)
datanode_5  | 2023-01-03 10:14:58,273 [pool-22-thread-1] INFO util.JmxRegister: Successfully registered JMX Bean with object name Ratis:service=RaftServer,group=group-7DCAFFC1140E,id=87e6c51a-adcd-4cff-a630-8589820e604d
datanode_3  | 2023-01-03 10:15:04,916 [pool-22-thread-1] INFO server.RaftServerConfigKeys: raft.server.rpc.timeout.max = 5200ms (custom)
datanode_2  | 2023-01-03 10:15:02,090 [faafd3a8-373e-455f-9778-cc13bf3ada86@group-A10D53E1762D-LeaderElection1] INFO impl.RoleInfo: faafd3a8-373e-455f-9778-cc13bf3ada86: start faafd3a8-373e-455f-9778-cc13bf3ada86@group-A10D53E1762D-LeaderStateImpl
datanode_4  | 2023-01-03 10:14:56,531 [pool-22-thread-1] INFO server.RaftServerConfigKeys: raft.server.log.appender.buffer.byte-limit = 33554432 (custom)
recon_1     | 	at org.apache.hadoop.ipc.Server$Call.sendResponse(Server.java:903)
om_1        | 2023-01-03 10:17:11,847 [OM StateMachine ApplyTransaction Thread - 0] INFO bucket.OMBucketCreateRequest: created bucket: auditparser3 of layout LEGACY in volume: vol1
om_1        | 2023-01-03 10:17:11,857 [OM StateMachine ApplyTransaction Thread - 0] INFO bucket.OMBucketCreateRequest: created bucket: auditparser4 of layout LEGACY in volume: vol1
om_1        | 2023-01-03 10:17:19,059 [OM StateMachine ApplyTransaction Thread - 0] INFO bucket.OMBucketCreateRequest: created bucket: bucket1 of layout LEGACY in volume: vol1
scm_1       | 2023-01-03 10:14:33,641 [b6e9598f-7e84-448e-8adc-93ec54f5ece5-impl-thread1] INFO server.RaftServer: b6e9598f-7e84-448e-8adc-93ec54f5ece5: found a subdirectory /data/metadata/scm-ha/bc41ea64-1596-4231-acf6-ac79e5bd88a5
scm_1       | 2023-01-03 10:14:33,674 [main] INFO server.RaftServer: b6e9598f-7e84-448e-8adc-93ec54f5ece5: addNew group-AC79E5BD88A5:[] returns group-AC79E5BD88A5:java.util.concurrent.CompletableFuture@6c17c0f8[Not completed]
scm_1       | 2023-01-03 10:14:33,681 [b6e9598f-7e84-448e-8adc-93ec54f5ece5-NettyServerStreamRpc-bossGroup--thread1] INFO logging.LoggingHandler: [id: 0xbaf652f3] REGISTERED
scm_1       | 2023-01-03 10:14:33,690 [b6e9598f-7e84-448e-8adc-93ec54f5ece5-NettyServerStreamRpc-bossGroup--thread1] INFO logging.LoggingHandler: [id: 0xbaf652f3] BIND: 0.0.0.0/0.0.0.0:0
recon_1     | 	at org.apache.hadoop.ipc.Server$RpcCall.run(Server.java:1060)
datanode_5  | 2023-01-03 10:14:58,342 [pool-22-thread-1] INFO server.RaftServerConfigKeys: raft.server.snapshot.auto.trigger.enabled = true (custom)
om_1        | 2023-01-03 10:18:36,450 [OM StateMachine ApplyTransaction Thread - 0] INFO volume.OMVolumeCreateRequest: created volume:37187-source for user:hadoop
om_1        | 2023-01-03 10:18:43,588 [OM StateMachine ApplyTransaction Thread - 0] INFO volume.OMVolumeCreateRequest: created volume:37187-target for user:hadoop
scm_1       | 2023-01-03 10:14:33,701 [b6e9598f-7e84-448e-8adc-93ec54f5ece5-NettyServerStreamRpc-bossGroup--thread1] INFO logging.LoggingHandler: [id: 0xbaf652f3, L:/0.0.0.0:41635] ACTIVE
scm_1       | 2023-01-03 10:14:33,768 [pool-16-thread-1] INFO server.RaftServer$Division: b6e9598f-7e84-448e-8adc-93ec54f5ece5: new RaftServerImpl for group-AC79E5BD88A5:[] with SCMStateMachine:uninitialized
scm_1       | 2023-01-03 10:14:33,773 [pool-16-thread-1] INFO server.RaftServerConfigKeys: raft.server.rpc.timeout.min = 5000ms (custom)
scm_1       | 2023-01-03 10:14:33,778 [pool-16-thread-1] INFO server.RaftServerConfigKeys: raft.server.rpc.timeout.max = 5200ms (custom)
scm_1       | 2023-01-03 10:14:33,778 [pool-16-thread-1] INFO server.RaftServerConfigKeys: raft.server.rpc.sleep.time = 25ms (default)
datanode_5  | 2023-01-03 10:14:58,379 [pool-22-thread-1] INFO server.RaftServerConfigKeys: raft.server.snapshot.auto.trigger.threshold = 10000 (custom)
datanode_5  | 2023-01-03 10:14:58,386 [pool-22-thread-1] INFO server.RaftServerConfigKeys: raft.server.snapshot.retention.file.num = 5 (custom)
datanode_5  | 2023-01-03 10:14:58,497 [pool-22-thread-1] INFO server.RaftServerConfigKeys: raft.server.log.purge.upto.snapshot.index = false (default)
datanode_5  | 2023-01-03 10:14:59,117 [Command processor thread] INFO ratis.XceiverServerRatis: Created group PipelineID=57c8ea81-ab8f-4ac7-9aa8-7dcaffc1140e
datanode_5  | 2023-01-03 10:14:59,142 [Command processor thread] INFO commandhandler.CreatePipelineCommandHandler: Created Pipeline RATIS ONE PipelineID=57c8ea81-ab8f-4ac7-9aa8-7dcaffc1140e.
datanode_5  | 2023-01-03 10:15:03,242 [87e6c51a-adcd-4cff-a630-8589820e604d@group-7DCAFFC1140E-FollowerState] INFO impl.FollowerState: 87e6c51a-adcd-4cff-a630-8589820e604d@group-7DCAFFC1140E-FollowerState: change to CANDIDATE, lastRpcElapsedTime:5072266237ns, electionTimeout:5005ms
datanode_3  | 2023-01-03 10:15:04,916 [pool-22-thread-1] INFO server.RaftServerConfigKeys: raft.server.rpc.sleep.time = 25ms (default)
datanode_3  | 2023-01-03 10:15:04,916 [pool-22-thread-1] INFO server.RaftServerConfigKeys: raft.server.rpc.slowness.timeout = 300s (custom)
datanode_3  | 2023-01-03 10:15:04,917 [pool-22-thread-1] INFO server.RaftServerConfigKeys: raft.server.leaderelection.leader.step-down.wait-time = 10s (default)
scm_1       | 2023-01-03 10:14:33,779 [pool-16-thread-1] INFO server.RaftServerConfigKeys: raft.server.rpc.slowness.timeout = 120000ms (custom)
scm_1       | 2023-01-03 10:14:33,779 [pool-16-thread-1] INFO server.RaftServerConfigKeys: raft.server.leaderelection.leader.step-down.wait-time = 10s (default)
datanode_4  | 2023-01-03 10:14:56,550 [pool-22-thread-1] INFO server.RaftServerConfigKeys: raft.server.log.statemachine.data.read.timeout = 1000ms (default)
datanode_4  | 2023-01-03 10:14:56,564 [pool-22-thread-1] INFO server.RaftServerConfigKeys: raft.server.log.purge.preservation.log.num = 0 (default)
datanode_5  | 2023-01-03 10:15:03,249 [87e6c51a-adcd-4cff-a630-8589820e604d@group-7DCAFFC1140E-FollowerState] INFO impl.RoleInfo: 87e6c51a-adcd-4cff-a630-8589820e604d: shutdown 87e6c51a-adcd-4cff-a630-8589820e604d@group-7DCAFFC1140E-FollowerState
datanode_5  | 2023-01-03 10:15:03,250 [87e6c51a-adcd-4cff-a630-8589820e604d@group-7DCAFFC1140E-FollowerState] INFO server.RaftServer$Division: 87e6c51a-adcd-4cff-a630-8589820e604d@group-7DCAFFC1140E: changes role from  FOLLOWER to CANDIDATE at term 0 for changeToCandidate
datanode_5  | 2023-01-03 10:15:03,272 [87e6c51a-adcd-4cff-a630-8589820e604d@group-7DCAFFC1140E-FollowerState] INFO server.RaftServerConfigKeys: raft.server.leaderelection.pre-vote = false (custom)
datanode_5  | 2023-01-03 10:15:03,275 [87e6c51a-adcd-4cff-a630-8589820e604d@group-7DCAFFC1140E-FollowerState] INFO impl.RoleInfo: 87e6c51a-adcd-4cff-a630-8589820e604d: start 87e6c51a-adcd-4cff-a630-8589820e604d@group-7DCAFFC1140E-LeaderElection1
scm_1       | 2023-01-03 10:14:33,779 [pool-16-thread-1] INFO server.RaftServerConfigKeys: raft.server.sleep.deviation.threshold = 300ms (default)
scm_1       | 2023-01-03 10:14:33,809 [pool-16-thread-1] INFO server.RaftServer$Division: b6e9598f-7e84-448e-8adc-93ec54f5ece5@group-AC79E5BD88A5: ConfigurationManager, init=-1: peers:[]|listeners:[], old=null, confs=<EMPTY_MAP>
scm_1       | 2023-01-03 10:14:33,811 [pool-16-thread-1] INFO server.RaftServerConfigKeys: raft.server.storage.dir = [/data/metadata/scm-ha] (custom)
scm_1       | 2023-01-03 10:14:33,826 [pool-16-thread-1] INFO server.RaftServerConfigKeys: raft.server.log.corruption.policy = EXCEPTION (default)
datanode_3  | 2023-01-03 10:15:04,917 [pool-22-thread-1] INFO server.RaftServerConfigKeys: raft.server.sleep.deviation.threshold = 300ms (default)
datanode_3  | 2023-01-03 10:15:04,918 [pool-22-thread-1] INFO server.RaftServer$Division: c60e487b-545e-4506-86b1-36815595adbf@group-15529194BF12: ConfigurationManager, init=-1: peers:[c60e487b-545e-4506-86b1-36815595adbf|rpc:172.19.0.9:9856|admin:172.19.0.9:9857|client:172.19.0.9:9858|dataStream:172.19.0.9:9855|priority:1|startupRole:FOLLOWER]|listeners:[], old=null, confs=<EMPTY_MAP>
recon_1     | 	at org.apache.hadoop.ipc.Server$RpcCall.run(Server.java:971)
recon_1     | 	at java.base/java.security.AccessController.doPrivileged(Native Method)
datanode_2  | 2023-01-03 10:15:02,234 [faafd3a8-373e-455f-9778-cc13bf3ada86@group-A10D53E1762D-LeaderElection1] INFO segmented.SegmentedRaftLogWorker: faafd3a8-373e-455f-9778-cc13bf3ada86@group-A10D53E1762D-SegmentedRaftLogWorker: Starting segment from index:0
om_1        | 2023-01-03 10:18:49,242 [OM StateMachine ApplyTransaction Thread - 0] INFO bucket.OMBucketCreateRequest: created bucket: dangling-link of layout LEGACY in volume: 37187-target
scm_1       | 2023-01-03 10:14:33,840 [pool-16-thread-1] INFO server.RaftServerConfigKeys: raft.server.storage.free-space.min = 0MB (=0) (default)
scm_1       | 2023-01-03 10:14:33,858 [pool-16-thread-1] INFO server.RaftServerConfigKeys: raft.server.notification.no-leader.timeout = 60s (default)
datanode_4  | 2023-01-03 10:14:56,620 [pool-22-thread-1] INFO server.RaftServerConfigKeys: raft.server.log.segment.size.max = 1048576 (custom)
datanode_4  | 2023-01-03 10:14:56,783 [pool-22-thread-1] INFO server.RaftServerConfigKeys: raft.server.log.segment.cache.num.max = 2 (custom)
datanode_5  | 2023-01-03 10:15:03,317 [87e6c51a-adcd-4cff-a630-8589820e604d@group-7DCAFFC1140E-LeaderElection1] INFO impl.LeaderElection: 87e6c51a-adcd-4cff-a630-8589820e604d@group-7DCAFFC1140E-LeaderElection1 ELECTION round 0: submit vote requests at term 1 for -1: peers:[87e6c51a-adcd-4cff-a630-8589820e604d|rpc:172.19.0.7:9856|admin:172.19.0.7:9857|client:172.19.0.7:9858|dataStream:172.19.0.7:9855|priority:1|startupRole:FOLLOWER]|listeners:[], old=null
datanode_5  | 2023-01-03 10:15:03,331 [87e6c51a-adcd-4cff-a630-8589820e604d@group-7DCAFFC1140E-LeaderElection1] INFO impl.LeaderElection: 87e6c51a-adcd-4cff-a630-8589820e604d@group-7DCAFFC1140E-LeaderElection1 ELECTION round 0: result PASSED (term=1)
datanode_2  | 2023-01-03 10:15:02,769 [faafd3a8-373e-455f-9778-cc13bf3ada86@group-A10D53E1762D-LeaderElection1] INFO server.RaftServer$Division: faafd3a8-373e-455f-9778-cc13bf3ada86@group-A10D53E1762D: set configuration 0: peers:[faafd3a8-373e-455f-9778-cc13bf3ada86|rpc:172.19.0.5:9856|admin:172.19.0.5:9857|client:172.19.0.5:9858|dataStream:172.19.0.5:9855|priority:1|startupRole:FOLLOWER]|listeners:[], old=null
datanode_2  | 2023-01-03 10:15:03,265 [faafd3a8-373e-455f-9778-cc13bf3ada86@group-A10D53E1762D-SegmentedRaftLogWorker] INFO segmented.SegmentedRaftLogWorker: faafd3a8-373e-455f-9778-cc13bf3ada86@group-A10D53E1762D-SegmentedRaftLogWorker: created new log segment /data/metadata/ratis/cb6bd04e-d99b-4f52-8574-a10d53e1762d/current/log_inprogress_0
datanode_3  | 2023-01-03 10:15:04,918 [pool-22-thread-1] INFO server.RaftServerConfigKeys: raft.server.storage.dir = [/data/metadata/ratis] (custom)
scm_1       | 2023-01-03 10:14:33,865 [pool-16-thread-1] INFO server.RaftServerConfigKeys: raft.server.retrycache.expirytime = 60000ms (default)
recon_1     | 	at java.base/javax.security.auth.Subject.doAs(Subject.java:423)
datanode_4  | 2023-01-03 10:14:56,815 [pool-22-thread-1] INFO server.RaftServerConfigKeys: raft.server.log.segment.cache.size.max = 200MB (=209715200) (default)
datanode_4  | 2023-01-03 10:14:56,905 [pool-22-thread-1] INFO segmented.SegmentedRaftLogWorker: new eaf16acb-fc54-4eb2-9821-cec42ecb7eed@group-D682AEFCBD1E-SegmentedRaftLogWorker for RaftStorageImpl:Storage Directory /data/metadata/ratis/97a3c1fa-9053-476a-8b41-d682aefcbd1e
datanode_4  | 2023-01-03 10:14:56,946 [pool-22-thread-1] INFO server.RaftServerConfigKeys: raft.server.log.queue.byte-limit = 4294967296 (custom)
datanode_4  | 2023-01-03 10:14:56,958 [pool-22-thread-1] INFO server.RaftServerConfigKeys: raft.server.log.queue.element-limit = 1024 (custom)
datanode_4  | 2023-01-03 10:14:56,967 [pool-22-thread-1] INFO server.RaftServerConfigKeys: raft.server.log.segment.size.max = 1048576 (custom)
datanode_4  | 2023-01-03 10:14:56,979 [pool-22-thread-1] INFO server.RaftServerConfigKeys: raft.server.log.preallocated.size = 16384 (custom)
datanode_4  | 2023-01-03 10:14:57,007 [pool-22-thread-1] INFO server.RaftServerConfigKeys: raft.server.log.force.sync.num = 128 (default)
datanode_4  | 2023-01-03 10:14:57,009 [pool-22-thread-1] INFO server.RaftServerConfigKeys: raft.server.log.statemachine.data.sync = true (default)
datanode_3  | 2023-01-03 10:15:04,919 [pool-22-thread-1] INFO server.RaftServerConfigKeys: raft.server.log.corruption.policy = EXCEPTION (default)
recon_1     | 	at org.apache.hadoop.security.UserGroupInformation.doAs(UserGroupInformation.java:1878)
