om_1        | 2023-01-03 10:15:14,956 [pool-26-thread-1] INFO server.RaftServer$Division: om1@group-C5BA1605619E: ConfigurationManager, init=-1: peers:[om1|rpc:om:9872|priority:0|startupRole:FOLLOWER]|listeners:[], old=null, confs=<EMPTY_MAP>
recon_1     | 2023-01-03 10:14:48,253 [Listener at 0.0.0.0/9891] INFO scm.ReconScmTask: Registered PipelineSyncTask task 
datanode_5  | 	at java.base/java.lang.Thread.run(Thread.java:829)
om_1        | 2023-01-03 10:15:14,956 [pool-26-thread-1] INFO server.RaftServerConfigKeys: raft.server.storage.dir = [/data/metadata/ratis] (custom)
recon_1     | 2023-01-03 10:14:48,354 [Listener at 0.0.0.0/9891] INFO scm.ReconScmTask: Starting PipelineSyncTask Thread.
datanode_5  | Caused by: java.net.SocketTimeoutException: 5000 millis timeout while waiting for channel to be ready for read. ch : java.nio.channels.SocketChannel[connected local=/172.19.0.7:39978 remote=recon/172.19.0.4:9891]
datanode_5  | 	at org.apache.hadoop.net.SocketIOWithTimeout.doIO(SocketIOWithTimeout.java:163)
recon_1     | 2023-01-03 10:14:48,565 [Listener at 0.0.0.0/9891] INFO scm.ReconScmTask: Registered ContainerHealthTask task 
datanode_4  | 2023-01-03 10:14:29,452 [EndpointStateMachine task thread for scm/172.19.0.8:9861 - 0 ] INFO ipc.Client: Retrying connect to server: scm/172.19.0.8:9861. Already tried 6 time(s); retry policy is RetryUpToMaximumCountWithFixedSleep(maxRetries=15, sleepTime=1000 MILLISECONDS)
datanode_4  | 2023-01-03 10:14:30,453 [EndpointStateMachine task thread for scm/172.19.0.8:9861 - 0 ] INFO ipc.Client: Retrying connect to server: scm/172.19.0.8:9861. Already tried 7 time(s); retry policy is RetryUpToMaximumCountWithFixedSleep(maxRetries=15, sleepTime=1000 MILLISECONDS)
datanode_4  | 2023-01-03 10:14:31,454 [EndpointStateMachine task thread for scm/172.19.0.8:9861 - 0 ] INFO ipc.Client: Retrying connect to server: scm/172.19.0.8:9861. Already tried 8 time(s); retry policy is RetryUpToMaximumCountWithFixedSleep(maxRetries=15, sleepTime=1000 MILLISECONDS)
datanode_4  | 2023-01-03 10:14:32,456 [EndpointStateMachine task thread for scm/172.19.0.8:9861 - 0 ] INFO ipc.Client: Retrying connect to server: scm/172.19.0.8:9861. Already tried 9 time(s); retry policy is RetryUpToMaximumCountWithFixedSleep(maxRetries=15, sleepTime=1000 MILLISECONDS)
datanode_4  | 2023-01-03 10:14:33,458 [EndpointStateMachine task thread for scm/172.19.0.8:9861 - 0 ] INFO ipc.Client: Retrying connect to server: scm/172.19.0.8:9861. Already tried 10 time(s); retry policy is RetryUpToMaximumCountWithFixedSleep(maxRetries=15, sleepTime=1000 MILLISECONDS)
datanode_4  | 2023-01-03 10:14:33,683 [EndpointStateMachine task thread for recon/172.19.0.4:9891 - 0 ] WARN statemachine.EndpointStateMachine: Unable to communicate to Recon server at recon:9891 for past 0 seconds.
datanode_5  | 	at org.apache.hadoop.net.SocketInputStream.read(SocketInputStream.java:161)
datanode_5  | 	at org.apache.hadoop.net.SocketInputStream.read(SocketInputStream.java:131)
recon_1     | 2023-01-03 10:14:48,565 [Listener at 0.0.0.0/9891] INFO scm.ReconScmTask: Starting ContainerHealthTask Thread.
recon_1     | 2023-01-03 10:14:48,559 [PipelineSyncTask] INFO scm.ReconPipelineManager: Recon has 0 pipelines in house.
scm_1       | 2023-01-03 10:14:10,507 [b6e9598f-7e84-448e-8adc-93ec54f5ece5-impl-thread1] INFO segmented.SegmentedRaftLogWorker: new b6e9598f-7e84-448e-8adc-93ec54f5ece5@group-AC79E5BD88A5-SegmentedRaftLogWorker for RaftStorageImpl:Storage Directory /data/metadata/scm-ha/bc41ea64-1596-4231-acf6-ac79e5bd88a5
scm_1       | 2023-01-03 10:14:10,511 [b6e9598f-7e84-448e-8adc-93ec54f5ece5-impl-thread1] INFO server.RaftServerConfigKeys: raft.server.log.queue.byte-limit = 64MB (=67108864) (default)
scm_1       | 2023-01-03 10:14:10,512 [b6e9598f-7e84-448e-8adc-93ec54f5ece5-impl-thread1] INFO server.RaftServerConfigKeys: raft.server.log.queue.element-limit = 4096 (default)
scm_1       | 2023-01-03 10:14:10,519 [b6e9598f-7e84-448e-8adc-93ec54f5ece5-impl-thread1] INFO server.RaftServerConfigKeys: raft.server.log.segment.size.max = 4194304 (custom)
scm_1       | 2023-01-03 10:14:10,539 [b6e9598f-7e84-448e-8adc-93ec54f5ece5-impl-thread1] INFO server.RaftServerConfigKeys: raft.server.log.preallocated.size = 4194304 (custom)
scm_1       | 2023-01-03 10:14:10,543 [b6e9598f-7e84-448e-8adc-93ec54f5ece5-impl-thread1] INFO server.RaftServerConfigKeys: raft.server.log.force.sync.num = 128 (default)
recon_1     | 2023-01-03 10:14:48,571 [PipelineSyncTask] INFO scm.PipelineSyncTask: Pipeline sync Thread took 155 milliseconds.
recon_1     | 2023-01-03 10:14:49,201 [ContainerHealthTask] INFO fsck.ContainerHealthTask: Container Health task thread took 610 milliseconds to process 0 existing database records.
scm_1       | 2023-01-03 10:14:10,545 [b6e9598f-7e84-448e-8adc-93ec54f5ece5-impl-thread1] INFO server.RaftServerConfigKeys: raft.server.log.statemachine.data.sync = true (default)
scm_1       | 2023-01-03 10:14:10,552 [b6e9598f-7e84-448e-8adc-93ec54f5ece5-impl-thread1] INFO server.RaftServerConfigKeys: raft.server.log.statemachine.data.sync.timeout = 10s (default)
scm_1       | 2023-01-03 10:14:10,571 [b6e9598f-7e84-448e-8adc-93ec54f5ece5-impl-thread1] INFO server.RaftServerConfigKeys: raft.server.log.statemachine.data.sync.timeout.retry = -1 (default)
scm_1       | 2023-01-03 10:14:10,859 [b6e9598f-7e84-448e-8adc-93ec54f5ece5-impl-thread1] INFO server.RaftServerConfigKeys: raft.server.log.write.buffer.size = 64KB (=65536) (default)
datanode_4  | java.net.SocketTimeoutException: Call From b4eb83f109d3/172.19.0.10 to recon:9891 failed on socket timeout exception: java.net.SocketTimeoutException: 5000 millis timeout while waiting for channel to be ready for read. ch : java.nio.channels.SocketChannel[connected local=/172.19.0.10:39130 remote=recon/172.19.0.4:9891]; For more details see:  http://wiki.apache.org/hadoop/SocketTimeout
datanode_4  | 	at java.base/jdk.internal.reflect.NativeConstructorAccessorImpl.newInstance0(Native Method)
recon_1     | 2023-01-03 10:14:49,244 [ContainerHealthTask] INFO fsck.ContainerHealthTask: Container Health task thread took 41 milliseconds for processing 0 containers.
recon_1     | 2023-01-03 10:14:49,762 [IPC Server handler 20 on default port 9891] WARN ipc.Server: IPC Server handler 20 on default port 9891, call Call#5 Retry#0 org.apache.hadoop.ozone.protocol.ReconDatanodeProtocol.submitRequest from 172.19.0.9:49838: output error
scm_1       | 2023-01-03 10:14:10,870 [b6e9598f-7e84-448e-8adc-93ec54f5ece5-impl-thread1] INFO server.RaftServerConfigKeys: raft.server.log.appender.buffer.byte-limit = 33554432 (custom)
scm_1       | 2023-01-03 10:14:11,127 [b6e9598f-7e84-448e-8adc-93ec54f5ece5-impl-thread1] INFO server.RaftServerConfigKeys: raft.server.log.unsafe-flush.enabled = false (default)
scm_1       | 2023-01-03 10:14:11,128 [b6e9598f-7e84-448e-8adc-93ec54f5ece5-impl-thread1] INFO server.RaftServerConfigKeys: raft.server.log.async-flush.enabled = false (default)
scm_1       | 2023-01-03 10:14:11,130 [b6e9598f-7e84-448e-8adc-93ec54f5ece5-impl-thread1] INFO server.RaftServerConfigKeys: raft.server.log.statemachine.data.caching.enabled = false (default)
scm_1       | 2023-01-03 10:14:11,390 [b6e9598f-7e84-448e-8adc-93ec54f5ece5-impl-thread1] INFO segmented.SegmentedRaftLogWorker: b6e9598f-7e84-448e-8adc-93ec54f5ece5@group-AC79E5BD88A5-SegmentedRaftLogWorker: flushIndex: setUnconditionally 0 -> -1
om_1        | 2023-01-03 10:15:15,068 [pool-26-thread-1] INFO server.RaftServerConfigKeys: raft.server.log.corruption.policy = EXCEPTION (default)
datanode_5  | 	at java.base/java.io.FilterInputStream.read(FilterInputStream.java:133)
datanode_5  | 	at java.base/java.io.BufferedInputStream.fill(BufferedInputStream.java:252)
scm_1       | 2023-01-03 10:14:11,407 [b6e9598f-7e84-448e-8adc-93ec54f5ece5-impl-thread1] INFO segmented.SegmentedRaftLogWorker: b6e9598f-7e84-448e-8adc-93ec54f5ece5@group-AC79E5BD88A5-SegmentedRaftLogWorker: safeCacheEvictIndex: setUnconditionally 0 -> -1
scm_1       | 2023-01-03 10:14:11,518 [b6e9598f-7e84-448e-8adc-93ec54f5ece5-impl-thread1] INFO server.RaftServer$Division: b6e9598f-7e84-448e-8adc-93ec54f5ece5@group-AC79E5BD88A5: start as a follower, conf=-1: peers:[b6e9598f-7e84-448e-8adc-93ec54f5ece5|rpc:626d7e7df3a0:9894|priority:0|startupRole:FOLLOWER]|listeners:[], old=null
scm_1       | 2023-01-03 10:14:11,584 [b6e9598f-7e84-448e-8adc-93ec54f5ece5-impl-thread1] INFO server.RaftServer$Division: b6e9598f-7e84-448e-8adc-93ec54f5ece5@group-AC79E5BD88A5: changes role from      null to FOLLOWER at term 0 for startAsFollower
scm_1       | 2023-01-03 10:14:11,589 [b6e9598f-7e84-448e-8adc-93ec54f5ece5-impl-thread1] INFO impl.RoleInfo: b6e9598f-7e84-448e-8adc-93ec54f5ece5: start b6e9598f-7e84-448e-8adc-93ec54f5ece5@group-AC79E5BD88A5-FollowerState
scm_1       | 2023-01-03 10:14:11,651 [b6e9598f-7e84-448e-8adc-93ec54f5ece5@group-AC79E5BD88A5-FollowerState] INFO server.RaftServerConfigKeys: raft.server.rpc.first-election.timeout.min = 5000ms (fallback to raft.server.rpc.timeout.min)
scm_1       | 2023-01-03 10:14:11,671 [b6e9598f-7e84-448e-8adc-93ec54f5ece5@group-AC79E5BD88A5-FollowerState] INFO server.RaftServerConfigKeys: raft.server.rpc.first-election.timeout.max = 5200ms (fallback to raft.server.rpc.timeout.max)
datanode_3  | 	at java.base/java.util.concurrent.ThreadPoolExecutor$Worker.run(ThreadPoolExecutor.java:628)
datanode_3  | 	at java.base/java.lang.Thread.run(Thread.java:829)
datanode_3  | Caused by: java.net.SocketTimeoutException: 5000 millis timeout while waiting for channel to be ready for read. ch : java.nio.channels.SocketChannel[connected local=/172.19.0.9:35414 remote=scm/172.19.0.8:9861]
datanode_3  | 	at org.apache.hadoop.net.SocketIOWithTimeout.doIO(SocketIOWithTimeout.java:163)
datanode_3  | 	at org.apache.hadoop.net.SocketInputStream.read(SocketInputStream.java:161)
datanode_3  | 	at org.apache.hadoop.net.SocketInputStream.read(SocketInputStream.java:131)
datanode_5  | 	at java.base/java.io.BufferedInputStream.read(BufferedInputStream.java:271)
datanode_5  | 	at java.base/java.io.FilterInputStream.read(FilterInputStream.java:83)
datanode_3  | 	at java.base/java.io.FilterInputStream.read(FilterInputStream.java:133)
datanode_3  | 	at java.base/java.io.BufferedInputStream.fill(BufferedInputStream.java:252)
datanode_2  | 	at org.apache.hadoop.ipc.Client$Connection.setupIOstreams(Client.java:833)
datanode_2  | 	at org.apache.hadoop.ipc.Client$Connection.access$3800(Client.java:414)
datanode_2  | 	at org.apache.hadoop.ipc.Client.getConnection(Client.java:1677)
scm_1       | 2023-01-03 10:14:11,719 [b6e9598f-7e84-448e-8adc-93ec54f5ece5-impl-thread1] INFO util.JmxRegister: Successfully registered JMX Bean with object name Ratis:service=RaftServer,group=group-AC79E5BD88A5,id=b6e9598f-7e84-448e-8adc-93ec54f5ece5
recon_1     | 2023-01-03 10:14:49,765 [IPC Server handler 5 on default port 9891] WARN ipc.Server: IPC Server handler 5 on default port 9891, call Call#2 Retry#0 org.apache.hadoop.ozone.protocol.ReconDatanodeProtocol.submitRequest from 172.19.0.10:39132: output error
datanode_3  | 	at java.base/java.io.BufferedInputStream.read(BufferedInputStream.java:271)
datanode_2  | 	at org.apache.hadoop.ipc.Client.call(Client.java:1502)
datanode_1  | 2023-01-03 10:15:04,100 [a8f2d3cb-4f82-40c1-bd43-8f2afed66acd@group-D682AEFCBD1E-FollowerState] INFO server.RaftServerConfigKeys: raft.server.rpc.first-election.timeout.max = 5200ms (fallback to raft.server.rpc.timeout.max)
datanode_4  | 	at java.base/jdk.internal.reflect.NativeConstructorAccessorImpl.newInstance(NativeConstructorAccessorImpl.java:62)
om_1        | 2023-01-03 10:15:15,073 [pool-26-thread-1] INFO server.RaftServerConfigKeys: raft.server.storage.free-space.min = 0MB (=0) (default)
scm_1       | 2023-01-03 10:14:11,736 [b6e9598f-7e84-448e-8adc-93ec54f5ece5-impl-thread1] INFO server.RaftServerConfigKeys: raft.server.snapshot.auto.trigger.enabled = true (custom)
datanode_5  | 	at java.base/java.io.FilterInputStream.read(FilterInputStream.java:83)
recon_1     | 2023-01-03 10:14:49,766 [IPC Server handler 15 on default port 9891] WARN ipc.Server: IPC Server handler 15 on default port 9891, call Call#1 Retry#0 org.apache.hadoop.ozone.protocol.ReconDatanodeProtocol.submitRequest from 172.19.0.6:52094: output error
datanode_3  | 	at java.base/java.io.FilterInputStream.read(FilterInputStream.java:83)
datanode_3  | 	at java.base/java.io.FilterInputStream.read(FilterInputStream.java:83)
datanode_3  | 	at org.apache.hadoop.ipc.Client$Connection$PingInputStream.read(Client.java:563)
datanode_4  | 	at java.base/jdk.internal.reflect.DelegatingConstructorAccessorImpl.newInstance(DelegatingConstructorAccessorImpl.java:45)
om_1        | 2023-01-03 10:15:15,168 [pool-26-thread-1] INFO server.RaftServerConfigKeys: raft.server.notification.no-leader.timeout = 120s (custom)
scm_1       | 2023-01-03 10:14:11,784 [b6e9598f-7e84-448e-8adc-93ec54f5ece5-impl-thread1] INFO server.RaftServerConfigKeys: raft.server.snapshot.auto.trigger.threshold = 1000 (custom)
datanode_5  | 	at org.apache.hadoop.ipc.Client$Connection$PingInputStream.read(Client.java:563)
recon_1     | 2023-01-03 10:14:49,766 [IPC Server handler 13 on default port 9891] WARN ipc.Server: IPC Server handler 13 on default port 9891, call Call#0 Retry#0 org.apache.hadoop.ozone.protocol.ReconDatanodeProtocol.submitRequest from 172.19.0.5:52532: output error
datanode_3  | 	at java.base/java.io.DataInputStream.readInt(DataInputStream.java:392)
datanode_1  | 2023-01-03 10:15:04,895 [Command processor thread] INFO commandhandler.CreatePipelineCommandHandler: Created Pipeline RATIS THREE PipelineID=97a3c1fa-9053-476a-8b41-d682aefcbd1e.
datanode_1  | 2023-01-03 10:15:04,918 [Command processor thread] INFO server.RaftServer: a8f2d3cb-4f82-40c1-bd43-8f2afed66acd: addNew group-1F7ED227A6F7:[a8f2d3cb-4f82-40c1-bd43-8f2afed66acd|rpc:172.19.0.6:9856|admin:172.19.0.6:9857|client:172.19.0.6:9858|dataStream:172.19.0.6:9855|priority:1|startupRole:FOLLOWER] returns group-1F7ED227A6F7:java.util.concurrent.CompletableFuture@624a25e1[Not completed]
datanode_1  | 2023-01-03 10:15:04,935 [pool-22-thread-1] INFO server.RaftServer$Division: a8f2d3cb-4f82-40c1-bd43-8f2afed66acd: new RaftServerImpl for group-1F7ED227A6F7:[a8f2d3cb-4f82-40c1-bd43-8f2afed66acd|rpc:172.19.0.6:9856|admin:172.19.0.6:9857|client:172.19.0.6:9858|dataStream:172.19.0.6:9855|priority:1|startupRole:FOLLOWER] with ContainerStateMachine:uninitialized
datanode_1  | 2023-01-03 10:15:04,953 [pool-22-thread-1] INFO server.RaftServerConfigKeys: raft.server.rpc.timeout.min = 5s (custom)
datanode_2  | 	... 12 more
datanode_5  | 	at java.base/java.io.DataInputStream.readInt(DataInputStream.java:392)
datanode_3  | 	at org.apache.hadoop.ipc.Client$IpcStreams.readResponse(Client.java:1922)
om_1        | 2023-01-03 10:15:15,194 [pool-26-thread-1] INFO server.RaftServerConfigKeys: raft.server.retrycache.expirytime = 300s (custom)
datanode_4  | 	at java.base/java.lang.reflect.Constructor.newInstance(Constructor.java:490)
datanode_1  | 2023-01-03 10:15:04,961 [pool-22-thread-1] INFO server.RaftServerConfigKeys: raft.server.rpc.timeout.max = 5200ms (custom)
scm_1       | 2023-01-03 10:14:11,788 [b6e9598f-7e84-448e-8adc-93ec54f5ece5-impl-thread1] INFO server.RaftServerConfigKeys: raft.server.snapshot.retention.file.num = -1 (default)
recon_1     | 2023-01-03 10:14:49,766 [IPC Server handler 3 on default port 9891] WARN ipc.Server: IPC Server handler 3 on default port 9891, call Call#6 Retry#0 org.apache.hadoop.ozone.protocol.ReconDatanodeProtocol.submitRequest from 172.19.0.6:41282: output error
datanode_2  | 2023-01-03 10:14:36,525 [EndpointStateMachine task thread for scm/172.19.0.8:9861 - 0 ] INFO ipc.Client: Retrying connect to server: scm/172.19.0.8:9861. Already tried 0 time(s); retry policy is RetryUpToMaximumCountWithFixedSleep(maxRetries=15, sleepTime=1000 MILLISECONDS)
datanode_5  | 	at org.apache.hadoop.ipc.Client$IpcStreams.readResponse(Client.java:1922)
datanode_3  | 	at org.apache.hadoop.ipc.Client$Connection.receiveRpcResponse(Client.java:1238)
om_1        | 2023-01-03 10:15:15,195 [pool-26-thread-1] INFO server.RaftServerConfigKeys: raft.server.retrycache.statistics.expirytime = 100?s (default)
datanode_4  | 	at org.apache.hadoop.net.NetUtils.wrapWithMessage(NetUtils.java:913)
datanode_4  | 	at org.apache.hadoop.net.NetUtils.wrapException(NetUtils.java:848)
datanode_4  | 	at org.apache.hadoop.ipc.Client.getRpcResponse(Client.java:1616)
recon_1     | 2023-01-03 10:14:49,767 [IPC Server handler 4 on default port 9891] WARN ipc.Server: IPC Server handler 4 on default port 9891, call Call#2 Retry#0 org.apache.hadoop.ozone.protocol.ReconDatanodeProtocol.submitRequest from 172.19.0.9:48976: output error
datanode_2  | 2023-01-03 10:14:37,527 [EndpointStateMachine task thread for scm/172.19.0.8:9861 - 0 ] INFO ipc.Client: Retrying connect to server: scm/172.19.0.8:9861. Already tried 1 time(s); retry policy is RetryUpToMaximumCountWithFixedSleep(maxRetries=15, sleepTime=1000 MILLISECONDS)
datanode_5  | 	at org.apache.hadoop.ipc.Client$Connection.receiveRpcResponse(Client.java:1238)
datanode_3  | 	at org.apache.hadoop.ipc.Client$Connection.run(Client.java:1134)
om_1        | 2023-01-03 10:15:15,441 [pool-26-thread-1] INFO server.RaftServerConfigKeys: raft.server.log.appender.install.snapshot.enabled = false (custom)
datanode_4  | 	at org.apache.hadoop.ipc.Client.call(Client.java:1558)
scm_1       | 2023-01-03 10:14:11,833 [b6e9598f-7e84-448e-8adc-93ec54f5ece5-impl-thread1] INFO server.RaftServerConfigKeys: raft.server.log.purge.upto.snapshot.index = false (default)
datanode_1  | 2023-01-03 10:15:04,962 [pool-22-thread-1] INFO server.RaftServerConfigKeys: raft.server.rpc.sleep.time = 25ms (default)
recon_1     | 2023-01-03 10:14:49,767 [IPC Server handler 8 on default port 9891] WARN ipc.Server: IPC Server handler 8 on default port 9891, call Call#5 Retry#0 org.apache.hadoop.ozone.protocol.ReconDatanodeProtocol.submitRequest from 172.19.0.10:40480: output error
datanode_2  | 2023-01-03 10:14:44,191 [EndpointStateMachine task thread for scm/172.19.0.8:9861 - 0 ] INFO utils.DatanodeStoreCache: Added db /data/hdds/hdds/CID-bc41ea64-1596-4231-acf6-ac79e5bd88a5/DS-130328ea-fe7c-42d6-85a2-e11f26766d0d/container.db to cache
datanode_5  | 	at org.apache.hadoop.ipc.Client$Connection.run(Client.java:1134)
datanode_3  | 2023-01-03 10:14:44,238 [EndpointStateMachine task thread for scm/172.19.0.8:9861 - 0 ] INFO utils.DatanodeStoreCache: Added db /data/hdds/hdds/CID-bc41ea64-1596-4231-acf6-ac79e5bd88a5/DS-e8d19049-38eb-4b18-944b-b2c1a840c570/container.db to cache
om_1        | 2023-01-03 10:15:15,458 [pool-26-thread-1] INFO server.RaftServerConfigKeys: raft.server.threadpool.server.cached = true (default)
om_1        | 2023-01-03 10:15:15,463 [pool-26-thread-1] INFO server.RaftServerConfigKeys: raft.server.threadpool.server.size = 0 (default)
om_1        | 2023-01-03 10:15:15,465 [pool-26-thread-1] INFO server.RaftServerConfigKeys: raft.server.threadpool.client.cached = true (default)
datanode_1  | 2023-01-03 10:15:04,962 [pool-22-thread-1] INFO server.RaftServerConfigKeys: raft.server.rpc.slowness.timeout = 300s (custom)
datanode_1  | 2023-01-03 10:15:04,963 [pool-22-thread-1] INFO server.RaftServerConfigKeys: raft.server.leaderelection.leader.step-down.wait-time = 10s (default)
datanode_1  | 2023-01-03 10:15:04,967 [pool-22-thread-1] INFO server.RaftServerConfigKeys: raft.server.sleep.deviation.threshold = 300ms (default)
datanode_1  | 2023-01-03 10:15:04,968 [pool-22-thread-1] INFO server.RaftServer$Division: a8f2d3cb-4f82-40c1-bd43-8f2afed66acd@group-1F7ED227A6F7: ConfigurationManager, init=-1: peers:[a8f2d3cb-4f82-40c1-bd43-8f2afed66acd|rpc:172.19.0.6:9856|admin:172.19.0.6:9857|client:172.19.0.6:9858|dataStream:172.19.0.6:9855|priority:1|startupRole:FOLLOWER]|listeners:[], old=null, confs=<EMPTY_MAP>
datanode_1  | 2023-01-03 10:15:04,970 [pool-22-thread-1] INFO server.RaftServerConfigKeys: raft.server.storage.dir = [/data/metadata/ratis] (custom)
datanode_1  | 2023-01-03 10:15:04,971 [pool-22-thread-1] INFO server.RaftServerConfigKeys: raft.server.log.corruption.policy = EXCEPTION (default)
datanode_1  | 2023-01-03 10:15:04,977 [pool-22-thread-1] INFO server.RaftServerConfigKeys: raft.server.storage.free-space.min = 0MB (=0) (default)
datanode_2  | 2023-01-03 10:14:44,193 [EndpointStateMachine task thread for scm/172.19.0.8:9861 - 0 ] INFO volume.HddsVolume: SchemaV3 db is created and loaded at /data/hdds/hdds/CID-bc41ea64-1596-4231-acf6-ac79e5bd88a5/DS-130328ea-fe7c-42d6-85a2-e11f26766d0d/container.db for volume DS-130328ea-fe7c-42d6-85a2-e11f26766d0d
recon_1     | 2023-01-03 10:14:49,767 [IPC Server handler 9 on default port 9891] WARN ipc.Server: IPC Server handler 9 on default port 9891, call Call#6 Retry#0 org.apache.hadoop.ozone.protocol.ReconDatanodeProtocol.submitRequest from 172.19.0.5:33554: output error
datanode_3  | 2023-01-03 10:14:44,244 [EndpointStateMachine task thread for scm/172.19.0.8:9861 - 0 ] INFO volume.HddsVolume: SchemaV3 db is created and loaded at /data/hdds/hdds/CID-bc41ea64-1596-4231-acf6-ac79e5bd88a5/DS-e8d19049-38eb-4b18-944b-b2c1a840c570/container.db for volume DS-e8d19049-38eb-4b18-944b-b2c1a840c570
datanode_3  | 2023-01-03 10:14:44,261 [EndpointStateMachine task thread for scm/172.19.0.8:9861 - 0 ] INFO ozoneimpl.OzoneContainer: Attempting to start container services.
datanode_3  | 2023-01-03 10:14:44,302 [EndpointStateMachine task thread for scm/172.19.0.8:9861 - 0 ] INFO ozoneimpl.OzoneContainer: Scheduled background container scanners and the on-demand container scanner have been disabled.
datanode_3  | 2023-01-03 10:14:44,424 [EndpointStateMachine task thread for scm/172.19.0.8:9861 - 0 ] INFO replication.ReplicationServer: ReplicationServer is started using port 9886
scm_1       | 2023-01-03 10:14:12,000 [main] INFO server.RaftServer: b6e9598f-7e84-448e-8adc-93ec54f5ece5: start RPC server
datanode_4  | 	at org.apache.hadoop.ipc.Client.call(Client.java:1455)
om_1        | 2023-01-03 10:15:15,467 [pool-26-thread-1] INFO server.RaftServerConfigKeys: raft.server.threadpool.client.size = 0 (default)
om_1        | 2023-01-03 10:15:16,817 [main] INFO reflections.Reflections: Reflections took 1361 ms to scan 8 urls, producing 23 keys and 538 values [using 2 cores]
datanode_2  | 2023-01-03 10:14:44,221 [EndpointStateMachine task thread for scm/172.19.0.8:9861 - 0 ] INFO ozoneimpl.OzoneContainer: Attempting to start container services.
datanode_2  | 2023-01-03 10:14:44,251 [EndpointStateMachine task thread for scm/172.19.0.8:9861 - 0 ] INFO ozoneimpl.OzoneContainer: Scheduled background container scanners and the on-demand container scanner have been disabled.
datanode_2  | 2023-01-03 10:14:44,397 [EndpointStateMachine task thread for scm/172.19.0.8:9861 - 0 ] INFO replication.ReplicationServer: ReplicationServer is started using port 9886
datanode_2  | 2023-01-03 10:14:44,420 [EndpointStateMachine task thread for scm/172.19.0.8:9861 - 0 ] INFO ratis.XceiverServerRatis: Starting XceiverServerRatis faafd3a8-373e-455f-9778-cc13bf3ada86
datanode_2  | 2023-01-03 10:14:44,622 [EndpointStateMachine task thread for scm/172.19.0.8:9861 - 0 ] INFO server.RaftServer: faafd3a8-373e-455f-9778-cc13bf3ada86: start RPC server
datanode_2  | 2023-01-03 10:14:44,670 [EndpointStateMachine task thread for scm/172.19.0.8:9861 - 0 ] INFO server.GrpcService: faafd3a8-373e-455f-9778-cc13bf3ada86: GrpcService started, listening on 9858
datanode_2  | 2023-01-03 10:14:44,681 [EndpointStateMachine task thread for scm/172.19.0.8:9861 - 0 ] INFO server.GrpcService: faafd3a8-373e-455f-9778-cc13bf3ada86: GrpcService started, listening on 9856
datanode_2  | 2023-01-03 10:14:44,700 [EndpointStateMachine task thread for scm/172.19.0.8:9861 - 0 ] INFO server.GrpcService: faafd3a8-373e-455f-9778-cc13bf3ada86: GrpcService started, listening on 9857
datanode_5  | 2023-01-03 10:14:33,695 [EndpointStateMachine task thread for scm/172.19.0.8:9861 - 0 ] INFO ipc.Client: Retrying connect to server: scm/172.19.0.8:9861. Already tried 11 time(s); retry policy is RetryUpToMaximumCountWithFixedSleep(maxRetries=15, sleepTime=1000 MILLISECONDS)
scm_1       | 2023-01-03 10:14:12,426 [main] INFO server.GrpcService: b6e9598f-7e84-448e-8adc-93ec54f5ece5: GrpcService started, listening on 9894
om_1        | 2023-01-03 10:15:17,563 [main] INFO ipc.CallQueueManager: Using callQueue: class java.util.concurrent.LinkedBlockingQueue, queueCapacity: 10000, scheduler: class org.apache.hadoop.ipc.DefaultRpcScheduler, ipcBackoff: false.
recon_1     | 2023-01-03 10:14:49,769 [IPC Server handler 1 on default port 9891] WARN ipc.Server: IPC Server handler 1 on default port 9891, call Call#1 Retry#0 org.apache.hadoop.ozone.protocol.ReconDatanodeProtocol.submitRequest from 172.19.0.10:39130: output error
recon_1     | 2023-01-03 10:14:49,770 [IPC Server handler 16 on default port 9891] WARN ipc.Server: IPC Server handler 16 on default port 9891, call Call#2 Retry#0 org.apache.hadoop.ozone.protocol.ReconDatanodeProtocol.submitRequest from 172.19.0.6:53824: output error
datanode_2  | 2023-01-03 10:14:44,708 [EndpointStateMachine task thread for scm/172.19.0.8:9861 - 0 ] INFO ratis.XceiverServerRatis: XceiverServerRatis faafd3a8-373e-455f-9778-cc13bf3ada86 is started using port 9858 for RATIS
datanode_2  | 2023-01-03 10:14:44,708 [EndpointStateMachine task thread for scm/172.19.0.8:9861 - 0 ] INFO ratis.XceiverServerRatis: XceiverServerRatis faafd3a8-373e-455f-9778-cc13bf3ada86 is started using port 9857 for RATIS_ADMIN
datanode_2  | 2023-01-03 10:14:44,708 [EndpointStateMachine task thread for scm/172.19.0.8:9861 - 0 ] INFO ratis.XceiverServerRatis: XceiverServerRatis faafd3a8-373e-455f-9778-cc13bf3ada86 is started using port 9856 for RATIS_SERVER
datanode_2  | 2023-01-03 10:14:44,708 [EndpointStateMachine task thread for scm/172.19.0.8:9861 - 0 ] INFO ratis.XceiverServerRatis: XceiverServerRatis faafd3a8-373e-455f-9778-cc13bf3ada86 is started using port 9855 for RATIS_DATASTREAM
scm_1       | 2023-01-03 10:14:12,477 [JvmPauseMonitor0] INFO util.JvmPauseMonitor: JvmPauseMonitor-b6e9598f-7e84-448e-8adc-93ec54f5ece5: Started
om_1        | 2023-01-03 10:15:17,599 [Socket Reader #1 for port 9862] INFO ipc.Server: Starting Socket Reader #1 for port 9862
datanode_5  | 2023-01-03 10:14:34,696 [EndpointStateMachine task thread for scm/172.19.0.8:9861 - 0 ] INFO ipc.Client: Retrying connect to server: scm/172.19.0.8:9861. Already tried 12 time(s); retry policy is RetryUpToMaximumCountWithFixedSleep(maxRetries=15, sleepTime=1000 MILLISECONDS)
datanode_5  | 2023-01-03 10:14:35,703 [EndpointStateMachine task thread for scm/172.19.0.8:9861 - 0 ] INFO ipc.Client: Retrying connect to server: scm/172.19.0.8:9861. Already tried 13 time(s); retry policy is RetryUpToMaximumCountWithFixedSleep(maxRetries=15, sleepTime=1000 MILLISECONDS)
datanode_3  | 2023-01-03 10:14:44,442 [EndpointStateMachine task thread for scm/172.19.0.8:9861 - 0 ] INFO ratis.XceiverServerRatis: Starting XceiverServerRatis c60e487b-545e-4506-86b1-36815595adbf
datanode_3  | 2023-01-03 10:14:44,545 [EndpointStateMachine task thread for scm/172.19.0.8:9861 - 0 ] INFO server.RaftServer: c60e487b-545e-4506-86b1-36815595adbf: start RPC server
scm_1       | 2023-01-03 10:14:16,825 [b6e9598f-7e84-448e-8adc-93ec54f5ece5@group-AC79E5BD88A5-FollowerState] INFO impl.FollowerState: b6e9598f-7e84-448e-8adc-93ec54f5ece5@group-AC79E5BD88A5-FollowerState: change to CANDIDATE, lastRpcElapsedTime:5236623632ns, electionTimeout:5142ms
om_1        | 2023-01-03 10:15:20,235 [Listener at om/9862] INFO impl.MetricsConfig: Loaded properties from hadoop-metrics2.properties
datanode_4  | 	at org.apache.hadoop.ipc.ProtobufRpcEngine$Invoker.invoke(ProtobufRpcEngine.java:235)
datanode_4  | 	at org.apache.hadoop.ipc.ProtobufRpcEngine$Invoker.invoke(ProtobufRpcEngine.java:122)
datanode_5  | 2023-01-03 10:14:36,705 [EndpointStateMachine task thread for scm/172.19.0.8:9861 - 0 ] INFO ipc.Client: Retrying connect to server: scm/172.19.0.8:9861. Already tried 14 time(s); retry policy is RetryUpToMaximumCountWithFixedSleep(maxRetries=15, sleepTime=1000 MILLISECONDS)
datanode_5  | 2023-01-03 10:14:36,706 [EndpointStateMachine task thread for scm/172.19.0.8:9861 - 0 ] WARN statemachine.EndpointStateMachine: Unable to communicate to SCM server at scm:9861 for past 0 seconds.
datanode_3  | 2023-01-03 10:14:44,589 [EndpointStateMachine task thread for scm/172.19.0.8:9861 - 0 ] INFO server.GrpcService: c60e487b-545e-4506-86b1-36815595adbf: GrpcService started, listening on 9858
datanode_3  | 2023-01-03 10:14:44,611 [EndpointStateMachine task thread for scm/172.19.0.8:9861 - 0 ] INFO server.GrpcService: c60e487b-545e-4506-86b1-36815595adbf: GrpcService started, listening on 9856
scm_1       | 2023-01-03 10:14:16,839 [b6e9598f-7e84-448e-8adc-93ec54f5ece5@group-AC79E5BD88A5-FollowerState] INFO impl.RoleInfo: b6e9598f-7e84-448e-8adc-93ec54f5ece5: shutdown b6e9598f-7e84-448e-8adc-93ec54f5ece5@group-AC79E5BD88A5-FollowerState
om_1        | 2023-01-03 10:15:20,257 [Listener at om/9862] INFO impl.MetricsSystemImpl: Scheduled Metric snapshot period at 10 second(s).
datanode_4  | 	at com.sun.proxy.$Proxy43.submitRequest(Unknown Source)
recon_1     | 2023-01-03 10:14:49,770 [IPC Server handler 2 on default port 9891] WARN ipc.Server: IPC Server handler 2 on default port 9891, call Call#1 Retry#0 org.apache.hadoop.ozone.protocol.ReconDatanodeProtocol.submitRequest from 172.19.0.9:60174: output error
datanode_5  | java.net.ConnectException: Call From dcc9e7b7535b/172.19.0.7 to scm:9861 failed on connection exception: java.net.ConnectException: Connection refused; For more details see:  http://wiki.apache.org/hadoop/ConnectionRefused
datanode_1  | 2023-01-03 10:15:04,978 [pool-22-thread-1] INFO server.RaftServerConfigKeys: raft.server.notification.no-leader.timeout = 300s (custom)
datanode_1  | 2023-01-03 10:15:04,979 [pool-22-thread-1] INFO server.RaftServerConfigKeys: raft.server.retrycache.expirytime = 600000ms (custom)
datanode_1  | 2023-01-03 10:15:04,985 [pool-22-thread-1] INFO server.RaftServerConfigKeys: raft.server.retrycache.statistics.expirytime = 100?s (default)
datanode_5  | 	at java.base/jdk.internal.reflect.NativeConstructorAccessorImpl.newInstance0(Native Method)
datanode_3  | 2023-01-03 10:14:44,630 [EndpointStateMachine task thread for scm/172.19.0.8:9861 - 0 ] INFO server.GrpcService: c60e487b-545e-4506-86b1-36815595adbf: GrpcService started, listening on 9857
datanode_3  | 2023-01-03 10:14:44,719 [EndpointStateMachine task thread for scm/172.19.0.8:9861 - 0 ] INFO ratis.XceiverServerRatis: XceiverServerRatis c60e487b-545e-4506-86b1-36815595adbf is started using port 9858 for RATIS
datanode_3  | 2023-01-03 10:14:44,719 [EndpointStateMachine task thread for scm/172.19.0.8:9861 - 0 ] INFO ratis.XceiverServerRatis: XceiverServerRatis c60e487b-545e-4506-86b1-36815595adbf is started using port 9857 for RATIS_ADMIN
recon_1     | 2023-01-03 10:14:49,771 [IPC Server handler 14 on default port 9891] WARN ipc.Server: IPC Server handler 14 on default port 9891, call Call#4 Retry#0 org.apache.hadoop.ozone.protocol.ReconDatanodeProtocol.submitRequest from 172.19.0.5:46704: output error
om_1        | 2023-01-03 10:15:20,258 [Listener at om/9862] INFO impl.MetricsSystemImpl: OzoneManager metrics system started
om_1        | 2023-01-03 10:15:20,381 [Listener at om/9862] INFO om.OzoneManager: OzoneManager RPC server is listening at om/172.19.0.3:9862
datanode_2  | 2023-01-03 10:14:44,709 [JvmPauseMonitor0] INFO util.JvmPauseMonitor: JvmPauseMonitor-faafd3a8-373e-455f-9778-cc13bf3ada86: Started
datanode_2  | 2023-01-03 10:14:50,160 [Datanode State Machine Daemon Thread] ERROR datanode.RunningDatanodeState: Error in executing end point task.
datanode_2  | java.util.concurrent.ExecutionException: java.util.concurrent.TimeoutException
datanode_2  | 	at java.base/java.util.concurrent.FutureTask.report(FutureTask.java:122)
datanode_4  | 	at org.apache.hadoop.ozone.protocolPB.StorageContainerDatanodeProtocolClientSideTranslatorPB.submitRequest(StorageContainerDatanodeProtocolClientSideTranslatorPB.java:117)
recon_1     | 2023-01-03 10:14:49,771 [IPC Server handler 19 on default port 9891] WARN ipc.Server: IPC Server handler 19 on default port 9891, call Call#4 Retry#0 org.apache.hadoop.ozone.protocol.ReconDatanodeProtocol.submitRequest from 172.19.0.6:53838: output error
recon_1     | 2023-01-03 10:14:49,771 [IPC Server handler 10 on default port 9891] WARN ipc.Server: IPC Server handler 10 on default port 9891, call Call#4 Retry#0 org.apache.hadoop.ozone.protocol.ReconDatanodeProtocol.submitRequest from 172.19.0.7:36794: output error
recon_1     | 2023-01-03 10:14:49,819 [IPC Server handler 7 on default port 9891] WARN ipc.Server: IPC Server handler 7 on default port 9891, call Call#3 Retry#0 org.apache.hadoop.ozone.protocol.ReconDatanodeProtocol.submitRequest from 172.19.0.9:48978: output error
om_1        | 2023-01-03 10:15:20,383 [Listener at om/9862] INFO ratis.OzoneManagerRatisServer: Starting OzoneManagerRatisServer om1 at port 9872
datanode_2  | 	at java.base/java.util.concurrent.FutureTask.get(FutureTask.java:191)
datanode_2  | 	at org.apache.hadoop.ozone.container.common.states.datanode.RunningDatanodeState.computeNextContainerState(RunningDatanodeState.java:199)
datanode_1  | 2023-01-03 10:15:04,988 [pool-22-thread-1] INFO server.RaftServerConfigKeys: raft.server.log.appender.install.snapshot.enabled = false (custom)
datanode_4  | 	at org.apache.hadoop.ozone.protocolPB.StorageContainerDatanodeProtocolClientSideTranslatorPB.getVersion(StorageContainerDatanodeProtocolClientSideTranslatorPB.java:133)
datanode_4  | 	at org.apache.hadoop.ozone.container.common.states.endpoint.VersionEndpointTask.call(VersionEndpointTask.java:69)
datanode_5  | 	at java.base/jdk.internal.reflect.NativeConstructorAccessorImpl.newInstance(NativeConstructorAccessorImpl.java:62)
recon_1     | 2023-01-03 10:14:49,822 [IPC Server handler 18 on default port 9891] WARN ipc.Server: IPC Server handler 18 on default port 9891, call Call#3 Retry#0 org.apache.hadoop.ozone.protocol.ReconDatanodeProtocol.submitRequest from 172.19.0.10:39140: output error
om_1        | 2023-01-03 10:15:20,388 [om1-impl-thread1] INFO storage.RaftStorageDirectory: The storage directory /data/metadata/ratis/bf265839-605b-3f16-9796-c5ba1605619e does not exist. Creating ...
datanode_2  | 	at org.apache.hadoop.ozone.container.common.states.datanode.RunningDatanodeState.await(RunningDatanodeState.java:239)
datanode_2  | 	at org.apache.hadoop.ozone.container.common.states.datanode.RunningDatanodeState.await(RunningDatanodeState.java:50)
datanode_1  | 2023-01-03 10:15:05,007 [pool-22-thread-1] INFO server.RaftServerConfigKeys: raft.server.threadpool.server.cached = true (default)
datanode_4  | 	at org.apache.hadoop.ozone.container.common.states.endpoint.VersionEndpointTask.call(VersionEndpointTask.java:40)
datanode_4  | 	at java.base/java.util.concurrent.FutureTask.run(FutureTask.java:264)
datanode_4  | 	at java.base/java.util.concurrent.ThreadPoolExecutor.runWorker(ThreadPoolExecutor.java:1128)
datanode_5  | 	at java.base/jdk.internal.reflect.DelegatingConstructorAccessorImpl.newInstance(DelegatingConstructorAccessorImpl.java:45)
om_1        | 2023-01-03 10:15:20,399 [om1-impl-thread1] INFO storage.RaftStorageDirectory: Lock on /data/metadata/ratis/bf265839-605b-3f16-9796-c5ba1605619e/in_use.lock acquired by nodename 7@4be0a785e203
datanode_2  | 	at org.apache.hadoop.ozone.container.common.statemachine.StateContext.execute(StateContext.java:661)
datanode_2  | 	at org.apache.hadoop.ozone.container.common.statemachine.DatanodeStateMachine.startStateMachineThread(DatanodeStateMachine.java:309)
datanode_1  | 2023-01-03 10:15:05,008 [pool-22-thread-1] INFO server.RaftServerConfigKeys: raft.server.threadpool.server.size = 0 (default)
scm_1       | 2023-01-03 10:14:16,874 [b6e9598f-7e84-448e-8adc-93ec54f5ece5@group-AC79E5BD88A5-FollowerState] INFO server.RaftServer$Division: b6e9598f-7e84-448e-8adc-93ec54f5ece5@group-AC79E5BD88A5: changes role from  FOLLOWER to CANDIDATE at term 0 for changeToCandidate
datanode_4  | 	at java.base/java.util.concurrent.ThreadPoolExecutor$Worker.run(ThreadPoolExecutor.java:628)
datanode_4  | 	at java.base/java.lang.Thread.run(Thread.java:829)
datanode_3  | 2023-01-03 10:14:44,724 [EndpointStateMachine task thread for scm/172.19.0.8:9861 - 0 ] INFO ratis.XceiverServerRatis: XceiverServerRatis c60e487b-545e-4506-86b1-36815595adbf is started using port 9856 for RATIS_SERVER
datanode_3  | 2023-01-03 10:14:44,725 [EndpointStateMachine task thread for scm/172.19.0.8:9861 - 0 ] INFO ratis.XceiverServerRatis: XceiverServerRatis c60e487b-545e-4506-86b1-36815595adbf is started using port 9855 for RATIS_DATASTREAM
datanode_3  | 2023-01-03 10:14:44,732 [JvmPauseMonitor0] INFO util.JvmPauseMonitor: JvmPauseMonitor-c60e487b-545e-4506-86b1-36815595adbf: Started
recon_1     | 2023-01-03 10:14:49,822 [IPC Server handler 6 on default port 9891] WARN ipc.Server: IPC Server handler 6 on default port 9891, call Call#2 Retry#0 org.apache.hadoop.ozone.protocol.ReconDatanodeProtocol.submitRequest from 172.19.0.7:36788: output error
scm_1       | 2023-01-03 10:14:16,912 [b6e9598f-7e84-448e-8adc-93ec54f5ece5@group-AC79E5BD88A5-FollowerState] INFO server.RaftServerConfigKeys: raft.server.leaderelection.pre-vote = false (custom)
datanode_5  | 	at java.base/java.lang.reflect.Constructor.newInstance(Constructor.java:490)
datanode_3  | 2023-01-03 10:14:49,267 [Datanode State Machine Daemon Thread] ERROR datanode.RunningDatanodeState: Error in executing end point task.
datanode_2  | 	at org.apache.hadoop.ozone.container.common.statemachine.DatanodeStateMachine.lambda$startDaemon$0(DatanodeStateMachine.java:509)
datanode_4  | Caused by: java.net.SocketTimeoutException: 5000 millis timeout while waiting for channel to be ready for read. ch : java.nio.channels.SocketChannel[connected local=/172.19.0.10:39130 remote=recon/172.19.0.4:9891]
datanode_4  | 	at org.apache.hadoop.net.SocketIOWithTimeout.doIO(SocketIOWithTimeout.java:163)
datanode_5  | 	at org.apache.hadoop.net.NetUtils.wrapWithMessage(NetUtils.java:913)
datanode_5  | 	at org.apache.hadoop.net.NetUtils.wrapException(NetUtils.java:828)
datanode_3  | java.util.concurrent.ExecutionException: java.util.concurrent.TimeoutException
datanode_3  | 	at java.base/java.util.concurrent.FutureTask.report(FutureTask.java:122)
datanode_2  | 	at java.base/java.lang.Thread.run(Thread.java:829)
recon_1     | 2023-01-03 10:14:49,822 [IPC Server handler 11 on default port 9891] WARN ipc.Server: IPC Server handler 11 on default port 9891, call Call#2 Retry#0 org.apache.hadoop.ozone.protocol.ReconDatanodeProtocol.submitRequest from 172.19.0.5:46702: output error
recon_1     | 2023-01-03 10:14:49,820 [IPC Server handler 17 on default port 9891] WARN ipc.Server: IPC Server handler 17 on default port 9891, call Call#6 Retry#0 org.apache.hadoop.ozone.protocol.ReconDatanodeProtocol.submitRequest from 172.19.0.7:45702: output error
datanode_4  | 	at org.apache.hadoop.net.SocketInputStream.read(SocketInputStream.java:161)
scm_1       | 2023-01-03 10:14:16,929 [b6e9598f-7e84-448e-8adc-93ec54f5ece5@group-AC79E5BD88A5-FollowerState] INFO impl.RoleInfo: b6e9598f-7e84-448e-8adc-93ec54f5ece5: start b6e9598f-7e84-448e-8adc-93ec54f5ece5@group-AC79E5BD88A5-LeaderElection1
datanode_1  | 2023-01-03 10:15:05,008 [pool-22-thread-1] INFO server.RaftServerConfigKeys: raft.server.threadpool.client.cached = true (default)
datanode_1  | 2023-01-03 10:15:05,008 [pool-22-thread-1] INFO server.RaftServerConfigKeys: raft.server.threadpool.client.size = 0 (default)
datanode_3  | 	at java.base/java.util.concurrent.FutureTask.get(FutureTask.java:191)
om_1        | 2023-01-03 10:15:20,454 [om1-impl-thread1] INFO storage.RaftStorage: Storage directory /data/metadata/ratis/bf265839-605b-3f16-9796-c5ba1605619e has been successfully formatted.
datanode_2  | Caused by: java.util.concurrent.TimeoutException
recon_1     | 2023-01-03 10:14:49,839 [IPC Server handler 13 on default port 9891] INFO ipc.Server: IPC Server handler 13 on default port 9891 caught an exception
datanode_4  | 	at org.apache.hadoop.net.SocketInputStream.read(SocketInputStream.java:131)
datanode_4  | 	at java.base/java.io.FilterInputStream.read(FilterInputStream.java:133)
datanode_5  | 	at org.apache.hadoop.ipc.Client.getRpcResponse(Client.java:1616)
datanode_3  | 	at org.apache.hadoop.ozone.container.common.states.datanode.RunningDatanodeState.computeNextContainerState(RunningDatanodeState.java:199)
datanode_3  | 	at org.apache.hadoop.ozone.container.common.states.datanode.RunningDatanodeState.await(RunningDatanodeState.java:239)
datanode_2  | 	at java.base/java.util.concurrent.FutureTask.get(FutureTask.java:204)
recon_1     | java.nio.channels.ClosedChannelException
scm_1       | 2023-01-03 10:14:16,990 [b6e9598f-7e84-448e-8adc-93ec54f5ece5@group-AC79E5BD88A5-LeaderElection1] INFO impl.LeaderElection: b6e9598f-7e84-448e-8adc-93ec54f5ece5@group-AC79E5BD88A5-LeaderElection1 ELECTION round 0: submit vote requests at term 1 for -1: peers:[b6e9598f-7e84-448e-8adc-93ec54f5ece5|rpc:626d7e7df3a0:9894|priority:0|startupRole:FOLLOWER]|listeners:[], old=null
scm_1       | 2023-01-03 10:14:16,993 [b6e9598f-7e84-448e-8adc-93ec54f5ece5@group-AC79E5BD88A5-LeaderElection1] INFO impl.LeaderElection: b6e9598f-7e84-448e-8adc-93ec54f5ece5@group-AC79E5BD88A5-LeaderElection1 ELECTION round 0: result PASSED (term=1)
datanode_1  | 2023-01-03 10:15:05,009 [pool-22-thread-1] INFO storage.RaftStorageDirectory: The storage directory /data/metadata/ratis/582e73ba-e936-4ac2-9441-1f7ed227a6f7 does not exist. Creating ...
datanode_5  | 	at org.apache.hadoop.ipc.Client.call(Client.java:1558)
datanode_3  | 	at org.apache.hadoop.ozone.container.common.states.datanode.RunningDatanodeState.await(RunningDatanodeState.java:50)
datanode_3  | 	at org.apache.hadoop.ozone.container.common.statemachine.StateContext.execute(StateContext.java:661)
datanode_3  | 	at org.apache.hadoop.ozone.container.common.statemachine.DatanodeStateMachine.startStateMachineThread(DatanodeStateMachine.java:309)
datanode_3  | 	at org.apache.hadoop.ozone.container.common.statemachine.DatanodeStateMachine.lambda$startDaemon$0(DatanodeStateMachine.java:509)
datanode_2  | 	at org.apache.hadoop.ozone.container.common.states.datanode.RunningDatanodeState.lambda$execute$0(RunningDatanodeState.java:157)
datanode_4  | 	at java.base/java.io.BufferedInputStream.fill(BufferedInputStream.java:252)
datanode_4  | 	at java.base/java.io.BufferedInputStream.read(BufferedInputStream.java:271)
datanode_5  | 	at org.apache.hadoop.ipc.Client.call(Client.java:1455)
datanode_5  | 	at org.apache.hadoop.ipc.ProtobufRpcEngine$Invoker.invoke(ProtobufRpcEngine.java:235)
scm_1       | 2023-01-03 10:14:17,015 [b6e9598f-7e84-448e-8adc-93ec54f5ece5@group-AC79E5BD88A5-LeaderElection1] INFO impl.RoleInfo: b6e9598f-7e84-448e-8adc-93ec54f5ece5: shutdown b6e9598f-7e84-448e-8adc-93ec54f5ece5@group-AC79E5BD88A5-LeaderElection1
datanode_3  | 	at java.base/java.lang.Thread.run(Thread.java:829)
datanode_3  | Caused by: java.util.concurrent.TimeoutException
datanode_3  | 	at java.base/java.util.concurrent.FutureTask.get(FutureTask.java:204)
datanode_3  | 	at org.apache.hadoop.ozone.container.common.states.datanode.RunningDatanodeState.lambda$execute$0(RunningDatanodeState.java:157)
scm_1       | 2023-01-03 10:14:17,019 [b6e9598f-7e84-448e-8adc-93ec54f5ece5@group-AC79E5BD88A5-LeaderElection1] INFO server.RaftServer$Division: b6e9598f-7e84-448e-8adc-93ec54f5ece5@group-AC79E5BD88A5: changes role from CANDIDATE to LEADER at term 1 for changeToLeader
datanode_5  | 	at org.apache.hadoop.ipc.ProtobufRpcEngine$Invoker.invoke(ProtobufRpcEngine.java:122)
datanode_5  | 	at com.sun.proxy.$Proxy42.submitRequest(Unknown Source)
datanode_3  | 	at java.base/java.util.concurrent.FutureTask.run(FutureTask.java:264)
datanode_3  | 	at java.base/java.util.concurrent.Executors$RunnableAdapter.call(Executors.java:515)
datanode_3  | 	at java.base/java.util.concurrent.FutureTask.run(FutureTask.java:264)
datanode_3  | 	at java.base/java.util.concurrent.ThreadPoolExecutor.runWorker(ThreadPoolExecutor.java:1128)
scm_1       | 2023-01-03 10:14:17,030 [b6e9598f-7e84-448e-8adc-93ec54f5ece5@group-AC79E5BD88A5-LeaderElection1] INFO server.RaftServer$Division: b6e9598f-7e84-448e-8adc-93ec54f5ece5@group-AC79E5BD88A5: change Leader from null to b6e9598f-7e84-448e-8adc-93ec54f5ece5 at term 1 for becomeLeader, leader elected after 8153ms
datanode_2  | 	at java.base/java.util.concurrent.FutureTask.run(FutureTask.java:264)
datanode_1  | 2023-01-03 10:15:05,022 [pool-22-thread-1] INFO storage.RaftStorageDirectory: Lock on /data/metadata/ratis/582e73ba-e936-4ac2-9441-1f7ed227a6f7/in_use.lock acquired by nodename 8@7b43d2524daf
datanode_1  | 2023-01-03 10:15:05,028 [pool-22-thread-1] INFO storage.RaftStorage: Storage directory /data/metadata/ratis/582e73ba-e936-4ac2-9441-1f7ed227a6f7 has been successfully formatted.
datanode_1  | 2023-01-03 10:15:05,035 [pool-22-thread-1] INFO ratis.ContainerStateMachine: group-1F7ED227A6F7: The snapshot info is null. Setting the last applied indexto:(t:0, i:~)
datanode_1  | 2023-01-03 10:15:05,035 [pool-22-thread-1] INFO server.RaftServerConfigKeys: raft.server.log.use.memory = false (default)
datanode_1  | 2023-01-03 10:15:05,039 [pool-22-thread-1] INFO server.RaftServerConfigKeys: raft.server.log.purge.gap = 1000000 (custom)
om_1        | 2023-01-03 10:15:20,470 [om1-impl-thread1] INFO server.RaftServerConfigKeys: raft.server.log.use.memory = false (default)
recon_1     | 	at java.base/sun.nio.ch.SocketChannelImpl.ensureOpenAndConnected(SocketChannelImpl.java:180)
recon_1     | 	at java.base/sun.nio.ch.SocketChannelImpl.write(SocketChannelImpl.java:452)
datanode_2  | 	at java.base/java.util.concurrent.Executors$RunnableAdapter.call(Executors.java:515)
datanode_4  | 	at java.base/java.io.FilterInputStream.read(FilterInputStream.java:83)
datanode_4  | 	at java.base/java.io.FilterInputStream.read(FilterInputStream.java:83)
om_1        | 2023-01-03 10:15:20,523 [om1-impl-thread1] INFO server.RaftServerConfigKeys: raft.server.log.purge.gap = 1000000 (custom)
om_1        | 2023-01-03 10:15:20,524 [om1-impl-thread1] INFO server.RaftServerConfigKeys: raft.server.log.appender.buffer.byte-limit = 33554432 (custom)
om_1        | 2023-01-03 10:15:20,526 [om1-impl-thread1] INFO server.RaftServerConfigKeys: raft.server.log.statemachine.data.read.timeout = 1000ms (default)
om_1        | 2023-01-03 10:15:20,527 [om1-impl-thread1] INFO server.RaftServerConfigKeys: raft.server.log.purge.preservation.log.num = 0 (default)
datanode_1  | 2023-01-03 10:15:05,040 [pool-22-thread-1] INFO server.RaftServerConfigKeys: raft.server.log.appender.buffer.byte-limit = 33554432 (custom)
datanode_1  | 2023-01-03 10:15:05,073 [pool-22-thread-1] INFO server.RaftServerConfigKeys: raft.server.log.statemachine.data.read.timeout = 1000ms (default)
datanode_2  | 	at java.base/java.util.concurrent.FutureTask.run(FutureTask.java:264)
datanode_4  | 	at org.apache.hadoop.ipc.Client$Connection$PingInputStream.read(Client.java:563)
datanode_4  | 	at java.base/java.io.DataInputStream.readInt(DataInputStream.java:392)
recon_1     | 	at org.apache.hadoop.ipc.Server.channelWrite(Server.java:3619)
recon_1     | 	at org.apache.hadoop.ipc.Server.access$1700(Server.java:144)
datanode_5  | 	at org.apache.hadoop.ozone.protocolPB.StorageContainerDatanodeProtocolClientSideTranslatorPB.submitRequest(StorageContainerDatanodeProtocolClientSideTranslatorPB.java:117)
datanode_5  | 	at org.apache.hadoop.ozone.protocolPB.StorageContainerDatanodeProtocolClientSideTranslatorPB.getVersion(StorageContainerDatanodeProtocolClientSideTranslatorPB.java:133)
datanode_1  | 2023-01-03 10:15:05,073 [pool-22-thread-1] INFO server.RaftServerConfigKeys: raft.server.log.purge.preservation.log.num = 0 (default)
scm_1       | 2023-01-03 10:14:17,160 [b6e9598f-7e84-448e-8adc-93ec54f5ece5@group-AC79E5BD88A5-LeaderElection1] INFO server.RaftServerConfigKeys: raft.server.staging.catchup.gap = 1000 (default)
scm_1       | 2023-01-03 10:14:17,263 [b6e9598f-7e84-448e-8adc-93ec54f5ece5@group-AC79E5BD88A5-LeaderElection1] INFO server.RaftServerConfigKeys: raft.server.write.element-limit = 4096 (default)
scm_1       | 2023-01-03 10:14:17,275 [b6e9598f-7e84-448e-8adc-93ec54f5ece5@group-AC79E5BD88A5-LeaderElection1] INFO server.RaftServerConfigKeys: raft.server.write.byte-limit = 64MB (=67108864) (default)
scm_1       | 2023-01-03 10:14:17,420 [b6e9598f-7e84-448e-8adc-93ec54f5ece5@group-AC79E5BD88A5-LeaderElection1] INFO server.RaftServerConfigKeys: raft.server.watch.timeout = 10s (default)
om_1        | 2023-01-03 10:15:20,536 [om1-impl-thread1] INFO server.RaftServerConfigKeys: raft.server.log.segment.size.max = 4194304 (custom)
recon_1     | 	at org.apache.hadoop.ipc.Server$Responder.processResponse(Server.java:1672)
recon_1     | 	at org.apache.hadoop.ipc.Server$Responder.doRespond(Server.java:1742)
datanode_1  | 2023-01-03 10:15:05,074 [pool-22-thread-1] INFO server.RaftServerConfigKeys: raft.server.log.segment.size.max = 1048576 (custom)
datanode_1  | 2023-01-03 10:15:05,075 [pool-22-thread-1] INFO server.RaftServerConfigKeys: raft.server.log.segment.cache.num.max = 2 (custom)
datanode_1  | 2023-01-03 10:15:05,086 [pool-22-thread-1] INFO server.RaftServerConfigKeys: raft.server.log.segment.cache.size.max = 200MB (=209715200) (default)
scm_1       | 2023-01-03 10:14:17,436 [b6e9598f-7e84-448e-8adc-93ec54f5ece5@group-AC79E5BD88A5-LeaderElection1] INFO server.RaftServerConfigKeys: raft.server.watch.timeout.denomination = 1s (default)
scm_1       | 2023-01-03 10:14:17,453 [b6e9598f-7e84-448e-8adc-93ec54f5ece5@group-AC79E5BD88A5-LeaderElection1] INFO server.RaftServerConfigKeys: raft.server.watch.element-limit = 65536 (default)
