om_1        | 2023-01-03 10:15:20,556 [om1-impl-thread1] INFO server.RaftServerConfigKeys: raft.server.log.segment.cache.num.max = 2 (custom)
datanode_5  | 	at org.apache.hadoop.ozone.container.common.states.endpoint.VersionEndpointTask.call(VersionEndpointTask.java:69)
recon_1     | 	at org.apache.hadoop.ipc.Server$Connection.sendResponse(Server.java:2847)
recon_1     | 	at org.apache.hadoop.ipc.Server$Connection.access$300(Server.java:1814)
datanode_1  | 2023-01-03 10:15:05,087 [pool-22-thread-1] INFO segmented.SegmentedRaftLogWorker: new a8f2d3cb-4f82-40c1-bd43-8f2afed66acd@group-1F7ED227A6F7-SegmentedRaftLogWorker for RaftStorageImpl:Storage Directory /data/metadata/ratis/582e73ba-e936-4ac2-9441-1f7ed227a6f7
datanode_2  | 	at java.base/java.util.concurrent.ThreadPoolExecutor.runWorker(ThreadPoolExecutor.java:1128)
scm_1       | 2023-01-03 10:14:17,566 [b6e9598f-7e84-448e-8adc-93ec54f5ece5@group-AC79E5BD88A5-LeaderElection1] INFO server.RaftServerConfigKeys: raft.server.write.element-limit = 4096 (default)
datanode_2  | 	at java.base/java.util.concurrent.ThreadPoolExecutor$Worker.run(ThreadPoolExecutor.java:628)
datanode_5  | 	at org.apache.hadoop.ozone.container.common.states.endpoint.VersionEndpointTask.call(VersionEndpointTask.java:40)
recon_1     | 	at org.apache.hadoop.ipc.Server$RpcCall.doResponse(Server.java:1125)
datanode_3  | 	at java.base/java.util.concurrent.ThreadPoolExecutor$Worker.run(ThreadPoolExecutor.java:628)
datanode_3  | 	... 1 more
datanode_3  | 2023-01-03 10:14:53,664 [Command processor thread] INFO server.RaftServer: c60e487b-545e-4506-86b1-36815595adbf: addNew group-D682AEFCBD1E:[c60e487b-545e-4506-86b1-36815595adbf|rpc:172.19.0.9:9856|admin:172.19.0.9:9857|client:172.19.0.9:9858|dataStream:172.19.0.9:9855|priority:1|startupRole:FOLLOWER, eaf16acb-fc54-4eb2-9821-cec42ecb7eed|rpc:172.19.0.10:9856|admin:172.19.0.10:9857|client:172.19.0.10:9858|dataStream:172.19.0.10:9855|priority:0|startupRole:FOLLOWER, a8f2d3cb-4f82-40c1-bd43-8f2afed66acd|rpc:172.19.0.6:9856|admin:172.19.0.6:9857|client:172.19.0.6:9858|dataStream:172.19.0.6:9855|priority:0|startupRole:FOLLOWER] returns group-D682AEFCBD1E:java.util.concurrent.CompletableFuture@d2bddac[Not completed]
scm_1       | 2023-01-03 10:14:17,626 [b6e9598f-7e84-448e-8adc-93ec54f5ece5@group-AC79E5BD88A5-LeaderElection1] INFO server.RaftServerConfigKeys: raft.server.write.follower.gap.ratio.max = -1.0 (default)
scm_1       | 2023-01-03 10:14:17,653 [b6e9598f-7e84-448e-8adc-93ec54f5ece5@group-AC79E5BD88A5-LeaderElection1] INFO impl.RoleInfo: b6e9598f-7e84-448e-8adc-93ec54f5ece5: start b6e9598f-7e84-448e-8adc-93ec54f5ece5@group-AC79E5BD88A5-LeaderStateImpl
datanode_2  | 	... 1 more
datanode_5  | 	at java.base/java.util.concurrent.FutureTask.run(FutureTask.java:264)
recon_1     | 	at org.apache.hadoop.ipc.Server$Call.doResponse(Server.java:917)
datanode_3  | 2023-01-03 10:14:53,887 [pool-22-thread-1] INFO server.RaftServer$Division: c60e487b-545e-4506-86b1-36815595adbf: new RaftServerImpl for group-D682AEFCBD1E:[c60e487b-545e-4506-86b1-36815595adbf|rpc:172.19.0.9:9856|admin:172.19.0.9:9857|client:172.19.0.9:9858|dataStream:172.19.0.9:9855|priority:1|startupRole:FOLLOWER, eaf16acb-fc54-4eb2-9821-cec42ecb7eed|rpc:172.19.0.10:9856|admin:172.19.0.10:9857|client:172.19.0.10:9858|dataStream:172.19.0.10:9855|priority:0|startupRole:FOLLOWER, a8f2d3cb-4f82-40c1-bd43-8f2afed66acd|rpc:172.19.0.6:9856|admin:172.19.0.6:9857|client:172.19.0.6:9858|dataStream:172.19.0.6:9855|priority:0|startupRole:FOLLOWER] with ContainerStateMachine:uninitialized
om_1        | 2023-01-03 10:15:20,559 [om1-impl-thread1] INFO server.RaftServerConfigKeys: raft.server.log.segment.cache.size.max = 200MB (=209715200) (default)
datanode_1  | 2023-01-03 10:15:05,087 [pool-22-thread-1] INFO server.RaftServerConfigKeys: raft.server.log.queue.byte-limit = 4294967296 (custom)
datanode_1  | 2023-01-03 10:15:05,091 [pool-22-thread-1] INFO server.RaftServerConfigKeys: raft.server.log.queue.element-limit = 1024 (custom)
datanode_1  | 2023-01-03 10:15:05,092 [pool-22-thread-1] INFO server.RaftServerConfigKeys: raft.server.log.segment.size.max = 1048576 (custom)
datanode_2  | 2023-01-03 10:14:54,016 [Command processor thread] INFO server.RaftServer: faafd3a8-373e-455f-9778-cc13bf3ada86: addNew group-A10D53E1762D:[faafd3a8-373e-455f-9778-cc13bf3ada86|rpc:172.19.0.5:9856|admin:172.19.0.5:9857|client:172.19.0.5:9858|dataStream:172.19.0.5:9855|priority:1|startupRole:FOLLOWER] returns group-A10D53E1762D:java.util.concurrent.CompletableFuture@129ca8f[Not completed]
datanode_5  | 	at java.base/java.util.concurrent.ThreadPoolExecutor.runWorker(ThreadPoolExecutor.java:1128)
recon_1     | 	at org.apache.hadoop.ipc.Server$Call.sendResponse(Server.java:903)
datanode_3  | 2023-01-03 10:14:53,910 [pool-22-thread-1] INFO server.RaftServerConfigKeys: raft.server.rpc.timeout.min = 5s (custom)
om_1        | 2023-01-03 10:15:20,577 [om1-impl-thread1] INFO segmented.SegmentedRaftLogWorker: new om1@group-C5BA1605619E-SegmentedRaftLogWorker for RaftStorageImpl:Storage Directory /data/metadata/ratis/bf265839-605b-3f16-9796-c5ba1605619e
datanode_1  | 2023-01-03 10:15:05,092 [pool-22-thread-1] INFO server.RaftServerConfigKeys: raft.server.log.preallocated.size = 16384 (custom)
datanode_1  | 2023-01-03 10:15:05,092 [pool-22-thread-1] INFO server.RaftServerConfigKeys: raft.server.log.force.sync.num = 128 (default)
datanode_1  | 2023-01-03 10:15:05,092 [pool-22-thread-1] INFO server.RaftServerConfigKeys: raft.server.log.statemachine.data.sync = true (default)
datanode_2  | 2023-01-03 10:14:54,273 [pool-22-thread-1] INFO server.RaftServer$Division: faafd3a8-373e-455f-9778-cc13bf3ada86: new RaftServerImpl for group-A10D53E1762D:[faafd3a8-373e-455f-9778-cc13bf3ada86|rpc:172.19.0.5:9856|admin:172.19.0.5:9857|client:172.19.0.5:9858|dataStream:172.19.0.5:9855|priority:1|startupRole:FOLLOWER] with ContainerStateMachine:uninitialized
datanode_5  | 	at java.base/java.util.concurrent.ThreadPoolExecutor$Worker.run(ThreadPoolExecutor.java:628)
datanode_5  | 	at java.base/java.lang.Thread.run(Thread.java:829)
datanode_5  | Caused by: java.net.ConnectException: Connection refused
datanode_5  | 	at java.base/sun.nio.ch.SocketChannelImpl.checkConnect(Native Method)
datanode_3  | 2023-01-03 10:14:53,916 [pool-22-thread-1] INFO server.RaftServerConfigKeys: raft.server.rpc.timeout.max = 5200ms (custom)
datanode_4  | 	at org.apache.hadoop.ipc.Client$IpcStreams.readResponse(Client.java:1922)
datanode_4  | 	at org.apache.hadoop.ipc.Client$Connection.receiveRpcResponse(Client.java:1238)
datanode_1  | 2023-01-03 10:15:05,092 [pool-22-thread-1] INFO server.RaftServerConfigKeys: raft.server.log.statemachine.data.sync.timeout = 10s (default)
recon_1     | 	at org.apache.hadoop.ipc.Server$RpcCall.run(Server.java:1060)
datanode_2  | 2023-01-03 10:14:54,312 [pool-22-thread-1] INFO server.RaftServerConfigKeys: raft.server.rpc.timeout.min = 5s (custom)
datanode_1  | 2023-01-03 10:15:05,093 [pool-22-thread-1] INFO server.RaftServerConfigKeys: raft.server.log.statemachine.data.sync.timeout.retry = -1 (default)
recon_1     | 	at org.apache.hadoop.ipc.Server$RpcCall.run(Server.java:971)
recon_1     | 	at java.base/java.security.AccessController.doPrivileged(Native Method)
recon_1     | 	at java.base/javax.security.auth.Subject.doAs(Subject.java:423)
recon_1     | 	at org.apache.hadoop.security.UserGroupInformation.doAs(UserGroupInformation.java:1878)
datanode_2  | 2023-01-03 10:14:54,314 [pool-22-thread-1] INFO server.RaftServerConfigKeys: raft.server.rpc.timeout.max = 5200ms (custom)
datanode_1  | 2023-01-03 10:15:05,093 [pool-22-thread-1] INFO server.RaftServerConfigKeys: raft.server.log.write.buffer.size = 1048576 (custom)
recon_1     | 	at org.apache.hadoop.ipc.Server$Handler.run(Server.java:2976)
recon_1     | 2023-01-03 10:14:49,849 [IPC Server handler 17 on default port 9891] INFO ipc.Server: IPC Server handler 17 on default port 9891 caught an exception
recon_1     | java.nio.channels.ClosedChannelException
recon_1     | 	at java.base/sun.nio.ch.SocketChannelImpl.ensureOpenAndConnected(SocketChannelImpl.java:180)
datanode_5  | 	at java.base/sun.nio.ch.SocketChannelImpl.finishConnect(SocketChannelImpl.java:777)
datanode_5  | 	at org.apache.hadoop.net.SocketIOWithTimeout.connect(SocketIOWithTimeout.java:205)
datanode_2  | 2023-01-03 10:14:54,316 [pool-22-thread-1] INFO server.RaftServerConfigKeys: raft.server.rpc.sleep.time = 25ms (default)
datanode_1  | 2023-01-03 10:15:05,108 [pool-22-thread-1] INFO server.RaftServerConfigKeys: raft.server.log.appender.buffer.byte-limit = 33554432 (custom)
recon_1     | 	at java.base/sun.nio.ch.SocketChannelImpl.write(SocketChannelImpl.java:452)
recon_1     | 	at org.apache.hadoop.ipc.Server.channelWrite(Server.java:3619)
recon_1     | 	at org.apache.hadoop.ipc.Server.access$1700(Server.java:144)
recon_1     | 	at org.apache.hadoop.ipc.Server$Responder.processResponse(Server.java:1672)
datanode_5  | 	at org.apache.hadoop.net.NetUtils.connect(NetUtils.java:586)
scm_1       | 2023-01-03 10:14:18,212 [b6e9598f-7e84-448e-8adc-93ec54f5ece5@group-AC79E5BD88A5-LeaderElection1] INFO segmented.SegmentedRaftLogWorker: b6e9598f-7e84-448e-8adc-93ec54f5ece5@group-AC79E5BD88A5-SegmentedRaftLogWorker: Starting segment from index:0
datanode_2  | 2023-01-03 10:14:54,316 [pool-22-thread-1] INFO server.RaftServerConfigKeys: raft.server.rpc.slowness.timeout = 300s (custom)
datanode_1  | 2023-01-03 10:15:05,146 [pool-22-thread-1] INFO server.RaftServerConfigKeys: raft.server.log.unsafe-flush.enabled = false (default)
datanode_4  | 	at org.apache.hadoop.ipc.Client$Connection.run(Client.java:1134)
datanode_5  | 	at org.apache.hadoop.ipc.Client$Connection.setupConnection(Client.java:711)
datanode_5  | 	at org.apache.hadoop.ipc.Client$Connection.setupIOstreams(Client.java:833)
scm_1       | 2023-01-03 10:14:18,846 [b6e9598f-7e84-448e-8adc-93ec54f5ece5@group-AC79E5BD88A5-LeaderElection1] INFO server.RaftServer$Division: b6e9598f-7e84-448e-8adc-93ec54f5ece5@group-AC79E5BD88A5: set configuration 0: peers:[b6e9598f-7e84-448e-8adc-93ec54f5ece5|rpc:626d7e7df3a0:9894|admin:|client:|dataStream:|priority:0|startupRole:FOLLOWER]|listeners:[], old=null
datanode_2  | 2023-01-03 10:14:54,323 [pool-22-thread-1] INFO server.RaftServerConfigKeys: raft.server.leaderelection.leader.step-down.wait-time = 10s (default)
datanode_1  | 2023-01-03 10:15:05,147 [pool-22-thread-1] INFO server.RaftServerConfigKeys: raft.server.log.async-flush.enabled = false (default)
datanode_3  | 2023-01-03 10:14:53,917 [pool-22-thread-1] INFO server.RaftServerConfigKeys: raft.server.rpc.sleep.time = 25ms (default)
recon_1     | 	at org.apache.hadoop.ipc.Server$Responder.doRespond(Server.java:1742)
datanode_4  | 2023-01-03 10:14:34,459 [EndpointStateMachine task thread for scm/172.19.0.8:9861 - 0 ] INFO ipc.Client: Retrying connect to server: scm/172.19.0.8:9861. Already tried 11 time(s); retry policy is RetryUpToMaximumCountWithFixedSleep(maxRetries=15, sleepTime=1000 MILLISECONDS)
datanode_5  | 	at org.apache.hadoop.ipc.Client$Connection.access$3800(Client.java:414)
datanode_5  | 	at org.apache.hadoop.ipc.Client.getConnection(Client.java:1677)
scm_1       | 2023-01-03 10:14:19,387 [b6e9598f-7e84-448e-8adc-93ec54f5ece5@group-AC79E5BD88A5-SegmentedRaftLogWorker] INFO segmented.SegmentedRaftLogWorker: b6e9598f-7e84-448e-8adc-93ec54f5ece5@group-AC79E5BD88A5-SegmentedRaftLogWorker: created new log segment /data/metadata/scm-ha/bc41ea64-1596-4231-acf6-ac79e5bd88a5/current/log_inprogress_0
datanode_2  | 2023-01-03 10:14:54,325 [pool-22-thread-1] INFO server.RaftServerConfigKeys: raft.server.sleep.deviation.threshold = 300ms (default)
datanode_1  | 2023-01-03 10:15:05,148 [pool-22-thread-1] INFO server.RaftServerConfigKeys: raft.server.log.statemachine.data.caching.enabled = true (custom)
datanode_3  | 2023-01-03 10:14:53,924 [pool-22-thread-1] INFO server.RaftServerConfigKeys: raft.server.rpc.slowness.timeout = 300s (custom)
datanode_3  | 2023-01-03 10:14:53,924 [pool-22-thread-1] INFO server.RaftServerConfigKeys: raft.server.leaderelection.leader.step-down.wait-time = 10s (default)
datanode_3  | 2023-01-03 10:14:53,940 [pool-22-thread-1] INFO server.RaftServerConfigKeys: raft.server.sleep.deviation.threshold = 300ms (default)
datanode_5  | 	at org.apache.hadoop.ipc.Client.call(Client.java:1502)
datanode_5  | 	... 12 more
datanode_5  | 2023-01-03 10:14:37,709 [EndpointStateMachine task thread for scm/172.19.0.8:9861 - 0 ] INFO ipc.Client: Retrying connect to server: scm/172.19.0.8:9861. Already tried 0 time(s); retry policy is RetryUpToMaximumCountWithFixedSleep(maxRetries=15, sleepTime=1000 MILLISECONDS)
scm_1       | 2023-01-03 10:14:20,544 [main] INFO server.RaftServer: b6e9598f-7e84-448e-8adc-93ec54f5ece5: close
datanode_1  | 2023-01-03 10:15:05,167 [pool-22-thread-1] INFO segmented.SegmentedRaftLogWorker: a8f2d3cb-4f82-40c1-bd43-8f2afed66acd@group-1F7ED227A6F7-SegmentedRaftLogWorker: flushIndex: setUnconditionally 0 -> -1
datanode_3  | 2023-01-03 10:14:54,066 [pool-22-thread-1] INFO server.RaftServer$Division: c60e487b-545e-4506-86b1-36815595adbf@group-D682AEFCBD1E: ConfigurationManager, init=-1: peers:[c60e487b-545e-4506-86b1-36815595adbf|rpc:172.19.0.9:9856|admin:172.19.0.9:9857|client:172.19.0.9:9858|dataStream:172.19.0.9:9855|priority:1|startupRole:FOLLOWER, eaf16acb-fc54-4eb2-9821-cec42ecb7eed|rpc:172.19.0.10:9856|admin:172.19.0.10:9857|client:172.19.0.10:9858|dataStream:172.19.0.10:9855|priority:0|startupRole:FOLLOWER, a8f2d3cb-4f82-40c1-bd43-8f2afed66acd|rpc:172.19.0.6:9856|admin:172.19.0.6:9857|client:172.19.0.6:9858|dataStream:172.19.0.6:9855|priority:0|startupRole:FOLLOWER]|listeners:[], old=null, confs=<EMPTY_MAP>
recon_1     | 	at org.apache.hadoop.ipc.Server$Connection.sendResponse(Server.java:2847)
datanode_4  | 2023-01-03 10:14:35,460 [EndpointStateMachine task thread for scm/172.19.0.8:9861 - 0 ] INFO ipc.Client: Retrying connect to server: scm/172.19.0.8:9861. Already tried 12 time(s); retry policy is RetryUpToMaximumCountWithFixedSleep(maxRetries=15, sleepTime=1000 MILLISECONDS)
datanode_5  | 2023-01-03 10:14:44,085 [EndpointStateMachine task thread for scm/172.19.0.8:9861 - 0 ] INFO utils.DatanodeStoreCache: Added db /data/hdds/hdds/CID-bc41ea64-1596-4231-acf6-ac79e5bd88a5/DS-93224c6d-339e-476d-abc1-0ef8d7f6a30b/container.db to cache
datanode_5  | 2023-01-03 10:14:44,086 [EndpointStateMachine task thread for scm/172.19.0.8:9861 - 0 ] INFO volume.HddsVolume: SchemaV3 db is created and loaded at /data/hdds/hdds/CID-bc41ea64-1596-4231-acf6-ac79e5bd88a5/DS-93224c6d-339e-476d-abc1-0ef8d7f6a30b/container.db for volume DS-93224c6d-339e-476d-abc1-0ef8d7f6a30b
datanode_5  | 2023-01-03 10:14:44,088 [EndpointStateMachine task thread for scm/172.19.0.8:9861 - 0 ] INFO ozoneimpl.OzoneContainer: Attempting to start container services.
scm_1       | 2023-01-03 10:14:20,547 [main] INFO server.GrpcService: b6e9598f-7e84-448e-8adc-93ec54f5ece5: shutdown server GrpcServerProtocolService now
datanode_1  | 2023-01-03 10:15:05,170 [pool-22-thread-1] INFO segmented.SegmentedRaftLogWorker: a8f2d3cb-4f82-40c1-bd43-8f2afed66acd@group-1F7ED227A6F7-SegmentedRaftLogWorker: safeCacheEvictIndex: setUnconditionally 0 -> -1
datanode_3  | 2023-01-03 10:14:54,077 [pool-22-thread-1] INFO server.RaftServerConfigKeys: raft.server.storage.dir = [/data/metadata/ratis] (custom)
recon_1     | 	at org.apache.hadoop.ipc.Server$Connection.access$300(Server.java:1814)
datanode_4  | 2023-01-03 10:14:36,462 [EndpointStateMachine task thread for scm/172.19.0.8:9861 - 0 ] INFO ipc.Client: Retrying connect to server: scm/172.19.0.8:9861. Already tried 13 time(s); retry policy is RetryUpToMaximumCountWithFixedSleep(maxRetries=15, sleepTime=1000 MILLISECONDS)
datanode_5  | 2023-01-03 10:14:44,116 [EndpointStateMachine task thread for scm/172.19.0.8:9861 - 0 ] INFO ozoneimpl.OzoneContainer: Scheduled background container scanners and the on-demand container scanner have been disabled.
om_1        | 2023-01-03 10:15:20,579 [om1-impl-thread1] INFO server.RaftServerConfigKeys: raft.server.log.queue.byte-limit = 64MB (=67108864) (default)
om_1        | 2023-01-03 10:15:20,581 [om1-impl-thread1] INFO server.RaftServerConfigKeys: raft.server.log.queue.element-limit = 4096 (default)
scm_1       | 2023-01-03 10:14:20,554 [b6e9598f-7e84-448e-8adc-93ec54f5ece5-impl-thread1] INFO server.RaftServer$Division: b6e9598f-7e84-448e-8adc-93ec54f5ece5@group-AC79E5BD88A5: shutdown
datanode_1  | 2023-01-03 10:15:05,219 [pool-22-thread-1] INFO server.RaftServer$Division: a8f2d3cb-4f82-40c1-bd43-8f2afed66acd@group-1F7ED227A6F7: start as a follower, conf=-1: peers:[a8f2d3cb-4f82-40c1-bd43-8f2afed66acd|rpc:172.19.0.6:9856|admin:172.19.0.6:9857|client:172.19.0.6:9858|dataStream:172.19.0.6:9855|priority:1|startupRole:FOLLOWER]|listeners:[], old=null
recon_1     | 	at org.apache.hadoop.ipc.Server$RpcCall.doResponse(Server.java:1125)
datanode_1  | 2023-01-03 10:15:05,220 [pool-22-thread-1] INFO server.RaftServer$Division: a8f2d3cb-4f82-40c1-bd43-8f2afed66acd@group-1F7ED227A6F7: changes role from      null to FOLLOWER at term 0 for startAsFollower
datanode_5  | 2023-01-03 10:14:44,276 [EndpointStateMachine task thread for scm/172.19.0.8:9861 - 0 ] INFO replication.ReplicationServer: ReplicationServer is started using port 9886
datanode_5  | 2023-01-03 10:14:44,290 [EndpointStateMachine task thread for scm/172.19.0.8:9861 - 0 ] INFO ratis.XceiverServerRatis: Starting XceiverServerRatis 87e6c51a-adcd-4cff-a630-8589820e604d
om_1        | 2023-01-03 10:15:20,585 [om1-impl-thread1] INFO server.RaftServerConfigKeys: raft.server.log.segment.size.max = 4194304 (custom)
scm_1       | 2023-01-03 10:14:20,574 [b6e9598f-7e84-448e-8adc-93ec54f5ece5-impl-thread1] INFO util.JmxRegister: Successfully un-registered JMX Bean with object name Ratis:service=RaftServer,group=group-AC79E5BD88A5,id=b6e9598f-7e84-448e-8adc-93ec54f5ece5
scm_1       | 2023-01-03 10:14:20,575 [b6e9598f-7e84-448e-8adc-93ec54f5ece5-impl-thread1] INFO impl.RoleInfo: b6e9598f-7e84-448e-8adc-93ec54f5ece5: shutdown b6e9598f-7e84-448e-8adc-93ec54f5ece5@group-AC79E5BD88A5-LeaderStateImpl
recon_1     | 	at org.apache.hadoop.ipc.Server$Call.doResponse(Server.java:917)
datanode_3  | 2023-01-03 10:14:54,149 [pool-22-thread-1] INFO server.RaftServerConfigKeys: raft.server.log.corruption.policy = EXCEPTION (default)
datanode_1  | 2023-01-03 10:15:05,220 [pool-22-thread-1] INFO impl.RoleInfo: a8f2d3cb-4f82-40c1-bd43-8f2afed66acd: start a8f2d3cb-4f82-40c1-bd43-8f2afed66acd@group-1F7ED227A6F7-FollowerState
datanode_1  | 2023-01-03 10:15:05,223 [pool-22-thread-1] INFO util.JmxRegister: Successfully registered JMX Bean with object name Ratis:service=RaftServer,group=group-1F7ED227A6F7,id=a8f2d3cb-4f82-40c1-bd43-8f2afed66acd
om_1        | 2023-01-03 10:15:20,587 [om1-impl-thread1] INFO server.RaftServerConfigKeys: raft.server.log.preallocated.size = 4194304 (custom)
om_1        | 2023-01-03 10:15:20,589 [om1-impl-thread1] INFO server.RaftServerConfigKeys: raft.server.log.force.sync.num = 128 (default)
recon_1     | 	at org.apache.hadoop.ipc.Server$Call.sendResponse(Server.java:903)
datanode_4  | 2023-01-03 10:14:37,464 [EndpointStateMachine task thread for scm/172.19.0.8:9861 - 0 ] INFO ipc.Client: Retrying connect to server: scm/172.19.0.8:9861. Already tried 14 time(s); retry policy is RetryUpToMaximumCountWithFixedSleep(maxRetries=15, sleepTime=1000 MILLISECONDS)
datanode_4  | 2023-01-03 10:14:42,479 [EndpointStateMachine task thread for scm/172.19.0.8:9861 - 0 ] WARN statemachine.EndpointStateMachine: Unable to communicate to SCM server at scm:9861 for past 0 seconds.
datanode_4  | java.net.SocketTimeoutException: Call From b4eb83f109d3/172.19.0.10 to scm:9861 failed on socket timeout exception: java.net.SocketTimeoutException: 5000 millis timeout while waiting for channel to be ready for read. ch : java.nio.channels.SocketChannel[connected local=/172.19.0.10:49068 remote=scm/172.19.0.8:9861]; For more details see:  http://wiki.apache.org/hadoop/SocketTimeout
datanode_5  | 2023-01-03 10:14:44,462 [EndpointStateMachine task thread for scm/172.19.0.8:9861 - 0 ] INFO server.RaftServer: 87e6c51a-adcd-4cff-a630-8589820e604d: start RPC server
datanode_1  | 2023-01-03 10:15:05,223 [pool-22-thread-1] INFO server.RaftServerConfigKeys: raft.server.snapshot.auto.trigger.enabled = true (custom)
datanode_1  | 2023-01-03 10:15:05,223 [pool-22-thread-1] INFO server.RaftServerConfigKeys: raft.server.snapshot.auto.trigger.threshold = 10000 (custom)
recon_1     | 	at org.apache.hadoop.ipc.Server$RpcCall.run(Server.java:1060)
datanode_2  | 2023-01-03 10:14:54,515 [pool-22-thread-1] INFO server.RaftServer$Division: faafd3a8-373e-455f-9778-cc13bf3ada86@group-A10D53E1762D: ConfigurationManager, init=-1: peers:[faafd3a8-373e-455f-9778-cc13bf3ada86|rpc:172.19.0.5:9856|admin:172.19.0.5:9857|client:172.19.0.5:9858|dataStream:172.19.0.5:9855|priority:1|startupRole:FOLLOWER]|listeners:[], old=null, confs=<EMPTY_MAP>
datanode_4  | 	at java.base/jdk.internal.reflect.NativeConstructorAccessorImpl.newInstance0(Native Method)
datanode_3  | 2023-01-03 10:14:54,158 [pool-22-thread-1] INFO server.RaftServerConfigKeys: raft.server.storage.free-space.min = 0MB (=0) (default)
scm_1       | 2023-01-03 10:14:20,692 [b6e9598f-7e84-448e-8adc-93ec54f5ece5-impl-thread1] INFO impl.PendingRequests: b6e9598f-7e84-448e-8adc-93ec54f5ece5@group-AC79E5BD88A5-PendingRequests: sendNotLeaderResponses
datanode_5  | 2023-01-03 10:14:44,483 [EndpointStateMachine task thread for scm/172.19.0.8:9861 - 0 ] INFO server.GrpcService: 87e6c51a-adcd-4cff-a630-8589820e604d: GrpcService started, listening on 9858
datanode_1  | 2023-01-03 10:15:05,227 [pool-22-thread-1] INFO server.RaftServerConfigKeys: raft.server.snapshot.retention.file.num = 5 (custom)
om_1        | 2023-01-03 10:15:20,591 [om1-impl-thread1] INFO server.RaftServerConfigKeys: raft.server.log.statemachine.data.sync = true (default)
recon_1     | 	at org.apache.hadoop.ipc.Server$RpcCall.run(Server.java:971)
recon_1     | 	at java.base/java.security.AccessController.doPrivileged(Native Method)
datanode_4  | 	at java.base/jdk.internal.reflect.NativeConstructorAccessorImpl.newInstance(NativeConstructorAccessorImpl.java:62)
datanode_3  | 2023-01-03 10:14:54,257 [pool-22-thread-1] INFO server.RaftServerConfigKeys: raft.server.notification.no-leader.timeout = 300s (custom)
datanode_3  | 2023-01-03 10:14:54,284 [pool-22-thread-1] INFO server.RaftServerConfigKeys: raft.server.retrycache.expirytime = 600000ms (custom)
datanode_5  | 2023-01-03 10:14:44,491 [EndpointStateMachine task thread for scm/172.19.0.8:9861 - 0 ] INFO server.GrpcService: 87e6c51a-adcd-4cff-a630-8589820e604d: GrpcService started, listening on 9856
datanode_1  | 2023-01-03 10:15:05,227 [pool-22-thread-1] INFO server.RaftServerConfigKeys: raft.server.log.purge.upto.snapshot.index = false (default)
om_1        | 2023-01-03 10:15:20,592 [om1-impl-thread1] INFO server.RaftServerConfigKeys: raft.server.log.statemachine.data.sync.timeout = 10s (default)
om_1        | 2023-01-03 10:15:20,594 [om1-impl-thread1] INFO server.RaftServerConfigKeys: raft.server.log.statemachine.data.sync.timeout.retry = -1 (default)
recon_1     | 	at java.base/javax.security.auth.Subject.doAs(Subject.java:423)
datanode_5  | 2023-01-03 10:14:44,506 [EndpointStateMachine task thread for scm/172.19.0.8:9861 - 0 ] INFO server.GrpcService: 87e6c51a-adcd-4cff-a630-8589820e604d: GrpcService started, listening on 9857
datanode_1  | 2023-01-03 10:15:05,228 [a8f2d3cb-4f82-40c1-bd43-8f2afed66acd@group-1F7ED227A6F7-FollowerState] INFO server.RaftServerConfigKeys: raft.server.rpc.first-election.timeout.min = 5s (fallback to raft.server.rpc.timeout.min)
om_1        | 2023-01-03 10:15:20,624 [om1-impl-thread1] INFO server.RaftServerConfigKeys: raft.server.log.write.buffer.size = 64KB (=65536) (default)
datanode_2  | 2023-01-03 10:14:54,523 [pool-22-thread-1] INFO server.RaftServerConfigKeys: raft.server.storage.dir = [/data/metadata/ratis] (custom)
scm_1       | 2023-01-03 10:14:20,709 [main] INFO server.GrpcService: b6e9598f-7e84-448e-8adc-93ec54f5ece5: shutdown server GrpcServerProtocolService successfully
datanode_3  | 2023-01-03 10:14:54,287 [pool-22-thread-1] INFO server.RaftServerConfigKeys: raft.server.retrycache.statistics.expirytime = 100?s (default)
datanode_3  | 2023-01-03 10:14:54,881 [pool-22-thread-1] INFO server.RaftServerConfigKeys: raft.server.log.appender.install.snapshot.enabled = false (custom)
recon_1     | 	at org.apache.hadoop.security.UserGroupInformation.doAs(UserGroupInformation.java:1878)
datanode_5  | 2023-01-03 10:14:44,554 [EndpointStateMachine task thread for scm/172.19.0.8:9861 - 0 ] INFO ratis.XceiverServerRatis: XceiverServerRatis 87e6c51a-adcd-4cff-a630-8589820e604d is started using port 9858 for RATIS
datanode_1  | 2023-01-03 10:15:05,231 [a8f2d3cb-4f82-40c1-bd43-8f2afed66acd@group-1F7ED227A6F7-FollowerState] INFO server.RaftServerConfigKeys: raft.server.rpc.first-election.timeout.max = 5200ms (fallback to raft.server.rpc.timeout.max)
om_1        | 2023-01-03 10:15:20,625 [om1-impl-thread1] INFO server.RaftServerConfigKeys: raft.server.log.appender.buffer.byte-limit = 33554432 (custom)
datanode_2  | 2023-01-03 10:14:54,593 [pool-22-thread-1] INFO server.RaftServerConfigKeys: raft.server.log.corruption.policy = EXCEPTION (default)
scm_1       | 2023-01-03 10:14:20,738 [b6e9598f-7e84-448e-8adc-93ec54f5ece5@group-AC79E5BD88A5-StateMachineUpdater] INFO impl.StateMachineUpdater: b6e9598f-7e84-448e-8adc-93ec54f5ece5@group-AC79E5BD88A5-StateMachineUpdater: Took a snapshot at index 0
scm_1       | 2023-01-03 10:14:20,775 [b6e9598f-7e84-448e-8adc-93ec54f5ece5@group-AC79E5BD88A5-StateMachineUpdater] INFO impl.StateMachineUpdater: b6e9598f-7e84-448e-8adc-93ec54f5ece5@group-AC79E5BD88A5-StateMachineUpdater: snapshotIndex: updateIncreasingly -1 -> 0
datanode_3  | 2023-01-03 10:14:54,890 [pool-22-thread-1] INFO server.RaftServerConfigKeys: raft.server.threadpool.server.cached = true (default)
recon_1     | 	at org.apache.hadoop.ipc.Server$Handler.run(Server.java:2976)
datanode_5  | 2023-01-03 10:14:44,554 [EndpointStateMachine task thread for scm/172.19.0.8:9861 - 0 ] INFO ratis.XceiverServerRatis: XceiverServerRatis 87e6c51a-adcd-4cff-a630-8589820e604d is started using port 9857 for RATIS_ADMIN
datanode_1  | 2023-01-03 10:15:05,310 [Command processor thread] INFO ratis.XceiverServerRatis: Created group PipelineID=582e73ba-e936-4ac2-9441-1f7ed227a6f7
om_1        | 2023-01-03 10:15:20,653 [om1-impl-thread1] INFO server.RaftServerConfigKeys: raft.server.log.unsafe-flush.enabled = false (default)
datanode_2  | 2023-01-03 10:14:54,596 [pool-22-thread-1] INFO server.RaftServerConfigKeys: raft.server.storage.free-space.min = 0MB (=0) (default)
scm_1       | 2023-01-03 10:14:20,743 [b6e9598f-7e84-448e-8adc-93ec54f5ece5-impl-thread1] INFO impl.StateMachineUpdater: b6e9598f-7e84-448e-8adc-93ec54f5ece5@group-AC79E5BD88A5-StateMachineUpdater: set stopIndex = 0
datanode_4  | 	at java.base/jdk.internal.reflect.DelegatingConstructorAccessorImpl.newInstance(DelegatingConstructorAccessorImpl.java:45)
datanode_4  | 	at java.base/java.lang.reflect.Constructor.newInstance(Constructor.java:490)
recon_1     | 2023-01-03 10:14:49,856 [IPC Server handler 20 on default port 9891] INFO ipc.Server: IPC Server handler 20 on default port 9891 caught an exception
datanode_5  | 2023-01-03 10:14:44,555 [EndpointStateMachine task thread for scm/172.19.0.8:9861 - 0 ] INFO ratis.XceiverServerRatis: XceiverServerRatis 87e6c51a-adcd-4cff-a630-8589820e604d is started using port 9856 for RATIS_SERVER
datanode_1  | 2023-01-03 10:15:05,310 [Command processor thread] INFO commandhandler.CreatePipelineCommandHandler: Created Pipeline RATIS ONE PipelineID=582e73ba-e936-4ac2-9441-1f7ed227a6f7.
om_1        | 2023-01-03 10:15:20,653 [om1-impl-thread1] INFO server.RaftServerConfigKeys: raft.server.log.async-flush.enabled = false (default)
datanode_2  | 2023-01-03 10:14:54,687 [pool-22-thread-1] INFO server.RaftServerConfigKeys: raft.server.notification.no-leader.timeout = 300s (custom)
scm_1       | 2023-01-03 10:14:20,791 [b6e9598f-7e84-448e-8adc-93ec54f5ece5-NettyServerStreamRpc-bossGroup--thread1] INFO logging.LoggingHandler: [id: 0x5bb83f3f, L:/0.0.0.0:42449] CLOSE
datanode_3  | 2023-01-03 10:14:54,898 [pool-22-thread-1] INFO server.RaftServerConfigKeys: raft.server.threadpool.server.size = 0 (default)
datanode_4  | 	at org.apache.hadoop.net.NetUtils.wrapWithMessage(NetUtils.java:913)
recon_1     | java.nio.channels.ClosedChannelException
datanode_5  | 2023-01-03 10:14:44,557 [EndpointStateMachine task thread for scm/172.19.0.8:9861 - 0 ] INFO ratis.XceiverServerRatis: XceiverServerRatis 87e6c51a-adcd-4cff-a630-8589820e604d is started using port 9855 for RATIS_DATASTREAM
datanode_1  | 2023-01-03 10:15:09,212 [a8f2d3cb-4f82-40c1-bd43-8f2afed66acd@group-D682AEFCBD1E-FollowerState] INFO impl.FollowerState: a8f2d3cb-4f82-40c1-bd43-8f2afed66acd@group-D682AEFCBD1E-FollowerState: change to CANDIDATE, lastRpcElapsedTime:5175248800ns, electionTimeout:5112ms
datanode_2  | 2023-01-03 10:14:54,714 [pool-22-thread-1] INFO server.RaftServerConfigKeys: raft.server.retrycache.expirytime = 600000ms (custom)
datanode_2  | 2023-01-03 10:14:54,715 [pool-22-thread-1] INFO server.RaftServerConfigKeys: raft.server.retrycache.statistics.expirytime = 100?s (default)
scm_1       | 2023-01-03 10:14:20,792 [b6e9598f-7e84-448e-8adc-93ec54f5ece5-NettyServerStreamRpc-bossGroup--thread1] INFO logging.LoggingHandler: [id: 0x5bb83f3f, L:/0.0.0.0:42449] INACTIVE
scm_1       | 2023-01-03 10:14:20,793 [b6e9598f-7e84-448e-8adc-93ec54f5ece5-NettyServerStreamRpc-bossGroup--thread1] INFO logging.LoggingHandler: [id: 0x5bb83f3f, L:/0.0.0.0:42449] UNREGISTERED
datanode_4  | 	at org.apache.hadoop.net.NetUtils.wrapException(NetUtils.java:848)
datanode_5  | 2023-01-03 10:14:44,557 [JvmPauseMonitor0] INFO util.JvmPauseMonitor: JvmPauseMonitor-87e6c51a-adcd-4cff-a630-8589820e604d: Started
datanode_5  | 2023-01-03 10:14:48,595 [Datanode State Machine Daemon Thread] ERROR datanode.RunningDatanodeState: Error in executing end point task.
datanode_3  | 2023-01-03 10:14:54,905 [pool-22-thread-1] INFO server.RaftServerConfigKeys: raft.server.threadpool.client.cached = true (default)
datanode_5  | java.util.concurrent.ExecutionException: java.util.concurrent.TimeoutException
datanode_1  | 2023-01-03 10:15:09,213 [a8f2d3cb-4f82-40c1-bd43-8f2afed66acd@group-D682AEFCBD1E-FollowerState] INFO impl.RoleInfo: a8f2d3cb-4f82-40c1-bd43-8f2afed66acd: shutdown a8f2d3cb-4f82-40c1-bd43-8f2afed66acd@group-D682AEFCBD1E-FollowerState
datanode_1  | 2023-01-03 10:15:09,213 [a8f2d3cb-4f82-40c1-bd43-8f2afed66acd@group-D682AEFCBD1E-FollowerState] INFO server.RaftServer$Division: a8f2d3cb-4f82-40c1-bd43-8f2afed66acd@group-D682AEFCBD1E: changes role from  FOLLOWER to CANDIDATE at term 1 for changeToCandidate
recon_1     | 	at java.base/sun.nio.ch.SocketChannelImpl.ensureOpenAndConnected(SocketChannelImpl.java:180)
om_1        | 2023-01-03 10:15:20,655 [om1-impl-thread1] INFO server.RaftServerConfigKeys: raft.server.log.statemachine.data.caching.enabled = false (default)
om_1        | 2023-01-03 10:15:20,682 [om1-impl-thread1] INFO segmented.SegmentedRaftLogWorker: om1@group-C5BA1605619E-SegmentedRaftLogWorker: flushIndex: setUnconditionally 0 -> -1
datanode_4  | 	at org.apache.hadoop.ipc.Client.getRpcResponse(Client.java:1616)
datanode_3  | 2023-01-03 10:14:54,908 [pool-22-thread-1] INFO server.RaftServerConfigKeys: raft.server.threadpool.client.size = 0 (default)
datanode_5  | 	at java.base/java.util.concurrent.FutureTask.report(FutureTask.java:122)
datanode_1  | 2023-01-03 10:15:09,214 [a8f2d3cb-4f82-40c1-bd43-8f2afed66acd@group-D682AEFCBD1E-FollowerState] INFO server.RaftServerConfigKeys: raft.server.leaderelection.pre-vote = false (custom)
datanode_2  | 2023-01-03 10:14:55,072 [pool-22-thread-1] INFO server.RaftServerConfigKeys: raft.server.log.appender.install.snapshot.enabled = false (custom)
recon_1     | 	at java.base/sun.nio.ch.SocketChannelImpl.write(SocketChannelImpl.java:452)
scm_1       | 2023-01-03 10:14:20,921 [b6e9598f-7e84-448e-8adc-93ec54f5ece5-impl-thread1] INFO server.RaftServer$Division: b6e9598f-7e84-448e-8adc-93ec54f5ece5@group-AC79E5BD88A5: closes. applyIndex: 0
om_1        | 2023-01-03 10:15:20,683 [om1-impl-thread1] INFO segmented.SegmentedRaftLogWorker: om1@group-C5BA1605619E-SegmentedRaftLogWorker: safeCacheEvictIndex: setUnconditionally 0 -> -1
datanode_4  | 	at org.apache.hadoop.ipc.Client.call(Client.java:1558)
datanode_3  | 2023-01-03 10:14:54,911 [pool-22-thread-1] INFO storage.RaftStorageDirectory: The storage directory /data/metadata/ratis/97a3c1fa-9053-476a-8b41-d682aefcbd1e does not exist. Creating ...
datanode_5  | 	at java.base/java.util.concurrent.FutureTask.get(FutureTask.java:191)
datanode_5  | 	at org.apache.hadoop.ozone.container.common.states.datanode.RunningDatanodeState.computeNextContainerState(RunningDatanodeState.java:199)
datanode_2  | 2023-01-03 10:14:55,078 [pool-22-thread-1] INFO server.RaftServerConfigKeys: raft.server.threadpool.server.cached = true (default)
recon_1     | 	at org.apache.hadoop.ipc.Server.channelWrite(Server.java:3619)
recon_1     | 	at org.apache.hadoop.ipc.Server.access$1700(Server.java:144)
scm_1       | 2023-01-03 10:14:20,974 [b6e9598f-7e84-448e-8adc-93ec54f5ece5@group-AC79E5BD88A5-SegmentedRaftLogWorker] INFO segmented.SegmentedRaftLogWorker: b6e9598f-7e84-448e-8adc-93ec54f5ece5@group-AC79E5BD88A5-SegmentedRaftLogWorker was interrupted, exiting. There are 0 tasks remaining in the queue.
om_1        | 2023-01-03 10:15:20,692 [om1-impl-thread1] INFO server.RaftServer$Division: om1@group-C5BA1605619E: start as a follower, conf=-1: peers:[om1|rpc:om:9872|priority:0|startupRole:FOLLOWER]|listeners:[], old=null
datanode_4  | 	at org.apache.hadoop.ipc.Client.call(Client.java:1455)
datanode_3  | 2023-01-03 10:14:54,969 [pool-22-thread-1] INFO storage.RaftStorageDirectory: Lock on /data/metadata/ratis/97a3c1fa-9053-476a-8b41-d682aefcbd1e/in_use.lock acquired by nodename 7@78e970b267af
datanode_5  | 	at org.apache.hadoop.ozone.container.common.states.datanode.RunningDatanodeState.await(RunningDatanodeState.java:239)
datanode_1  | 2023-01-03 10:15:09,214 [a8f2d3cb-4f82-40c1-bd43-8f2afed66acd@group-D682AEFCBD1E-FollowerState] INFO impl.RoleInfo: a8f2d3cb-4f82-40c1-bd43-8f2afed66acd: start a8f2d3cb-4f82-40c1-bd43-8f2afed66acd@group-D682AEFCBD1E-LeaderElection2
datanode_2  | 2023-01-03 10:14:55,082 [pool-22-thread-1] INFO server.RaftServerConfigKeys: raft.server.threadpool.server.size = 0 (default)
recon_1     | 	at org.apache.hadoop.ipc.Server$Responder.processResponse(Server.java:1672)
recon_1     | 	at org.apache.hadoop.ipc.Server$Responder.doRespond(Server.java:1742)
recon_1     | 	at org.apache.hadoop.ipc.Server$Connection.sendResponse(Server.java:2847)
datanode_4  | 	at org.apache.hadoop.ipc.ProtobufRpcEngine$Invoker.invoke(ProtobufRpcEngine.java:235)
datanode_3  | 2023-01-03 10:14:55,030 [pool-22-thread-1] INFO storage.RaftStorage: Storage directory /data/metadata/ratis/97a3c1fa-9053-476a-8b41-d682aefcbd1e has been successfully formatted.
datanode_5  | 	at org.apache.hadoop.ozone.container.common.states.datanode.RunningDatanodeState.await(RunningDatanodeState.java:50)
datanode_1  | 2023-01-03 10:15:09,231 [a8f2d3cb-4f82-40c1-bd43-8f2afed66acd@group-D682AEFCBD1E-LeaderElection2] INFO impl.LeaderElection: a8f2d3cb-4f82-40c1-bd43-8f2afed66acd@group-D682AEFCBD1E-LeaderElection2 ELECTION round 0: submit vote requests at term 2 for -1: peers:[c60e487b-545e-4506-86b1-36815595adbf|rpc:172.19.0.9:9856|admin:172.19.0.9:9857|client:172.19.0.9:9858|dataStream:172.19.0.9:9855|priority:1|startupRole:FOLLOWER, eaf16acb-fc54-4eb2-9821-cec42ecb7eed|rpc:172.19.0.10:9856|admin:172.19.0.10:9857|client:172.19.0.10:9858|dataStream:172.19.0.10:9855|priority:0|startupRole:FOLLOWER, a8f2d3cb-4f82-40c1-bd43-8f2afed66acd|rpc:172.19.0.6:9856|admin:172.19.0.6:9857|client:172.19.0.6:9858|dataStream:172.19.0.6:9855|priority:0|startupRole:FOLLOWER]|listeners:[], old=null
datanode_2  | 2023-01-03 10:14:55,088 [pool-22-thread-1] INFO server.RaftServerConfigKeys: raft.server.threadpool.client.cached = true (default)
recon_1     | 	at org.apache.hadoop.ipc.Server$Connection.access$300(Server.java:1814)
scm_1       | 2023-01-03 10:14:20,999 [b6e9598f-7e84-448e-8adc-93ec54f5ece5-impl-thread1] INFO segmented.SegmentedRaftLogWorker: b6e9598f-7e84-448e-8adc-93ec54f5ece5@group-AC79E5BD88A5-SegmentedRaftLogWorker close()
om_1        | 2023-01-03 10:15:20,699 [om1-impl-thread1] INFO server.RaftServer$Division: om1@group-C5BA1605619E: changes role from      null to FOLLOWER at term 0 for startAsFollower
datanode_4  | 	at org.apache.hadoop.ipc.ProtobufRpcEngine$Invoker.invoke(ProtobufRpcEngine.java:122)
datanode_3  | 2023-01-03 10:14:55,175 [pool-22-thread-1] INFO ratis.ContainerStateMachine: group-D682AEFCBD1E: The snapshot info is null. Setting the last applied indexto:(t:0, i:~)
datanode_5  | 	at org.apache.hadoop.ozone.container.common.statemachine.StateContext.execute(StateContext.java:661)
datanode_1  | 2023-01-03 10:15:09,261 [a8f2d3cb-4f82-40c1-bd43-8f2afed66acd@group-D682AEFCBD1E-LeaderElection2] INFO server.RaftServerConfigKeys: raft.server.rpc.first-election.timeout.min = 5s (fallback to raft.server.rpc.timeout.min)
datanode_2  | 2023-01-03 10:14:55,090 [pool-22-thread-1] INFO server.RaftServerConfigKeys: raft.server.threadpool.client.size = 0 (default)
datanode_2  | 2023-01-03 10:14:55,093 [pool-22-thread-1] INFO storage.RaftStorageDirectory: The storage directory /data/metadata/ratis/cb6bd04e-d99b-4f52-8574-a10d53e1762d does not exist. Creating ...
recon_1     | 	at org.apache.hadoop.ipc.Server$RpcCall.doResponse(Server.java:1125)
om_1        | 2023-01-03 10:15:20,703 [om1-impl-thread1] INFO impl.RoleInfo: om1: start om1@group-C5BA1605619E-FollowerState
datanode_4  | 	at com.sun.proxy.$Proxy42.submitRequest(Unknown Source)
datanode_3  | 2023-01-03 10:14:55,189 [pool-22-thread-1] INFO server.RaftServerConfigKeys: raft.server.log.use.memory = false (default)
datanode_5  | 	at org.apache.hadoop.ozone.container.common.statemachine.DatanodeStateMachine.startStateMachineThread(DatanodeStateMachine.java:309)
datanode_2  | 2023-01-03 10:14:55,143 [pool-22-thread-1] INFO storage.RaftStorageDirectory: Lock on /data/metadata/ratis/cb6bd04e-d99b-4f52-8574-a10d53e1762d/in_use.lock acquired by nodename 6@e45241c3ac06
datanode_2  | 2023-01-03 10:14:55,195 [pool-22-thread-1] INFO storage.RaftStorage: Storage directory /data/metadata/ratis/cb6bd04e-d99b-4f52-8574-a10d53e1762d has been successfully formatted.
datanode_1  | 2023-01-03 10:15:09,262 [a8f2d3cb-4f82-40c1-bd43-8f2afed66acd@group-D682AEFCBD1E-LeaderElection2] INFO server.RaftServerConfigKeys: raft.server.rpc.first-election.timeout.max = 5200ms (fallback to raft.server.rpc.timeout.max)
recon_1     | 	at org.apache.hadoop.ipc.Server$Call.doResponse(Server.java:917)
om_1        | 2023-01-03 10:15:20,715 [om1-impl-thread1] INFO util.JmxRegister: Successfully registered JMX Bean with object name Ratis:service=RaftServer,group=group-C5BA1605619E,id=om1
om_1        | 2023-01-03 10:15:20,717 [om1-impl-thread1] INFO server.RaftServerConfigKeys: raft.server.snapshot.auto.trigger.enabled = true (custom)
datanode_3  | 2023-01-03 10:14:55,364 [pool-22-thread-1] INFO server.RaftServerConfigKeys: raft.server.log.purge.gap = 1000000 (custom)
datanode_5  | 	at org.apache.hadoop.ozone.container.common.statemachine.DatanodeStateMachine.lambda$startDaemon$0(DatanodeStateMachine.java:509)
datanode_2  | 2023-01-03 10:14:55,265 [pool-22-thread-1] INFO ratis.ContainerStateMachine: group-A10D53E1762D: The snapshot info is null. Setting the last applied indexto:(t:0, i:~)
datanode_2  | 2023-01-03 10:14:55,376 [pool-22-thread-1] INFO server.RaftServerConfigKeys: raft.server.log.use.memory = false (default)
datanode_1  | 2023-01-03 10:15:09,294 [a8f2d3cb-4f82-40c1-bd43-8f2afed66acd@group-D682AEFCBD1E-LeaderElection2] INFO impl.LeaderElection: a8f2d3cb-4f82-40c1-bd43-8f2afed66acd@group-D682AEFCBD1E-LeaderElection2: ELECTION REJECTED received 1 response(s) and 0 exception(s):
recon_1     | 	at org.apache.hadoop.ipc.Server$Call.sendResponse(Server.java:903)
om_1        | 2023-01-03 10:15:20,718 [om1-impl-thread1] INFO server.RaftServerConfigKeys: raft.server.snapshot.auto.trigger.threshold = 400000 (default)
datanode_4  | 	at org.apache.hadoop.ozone.protocolPB.StorageContainerDatanodeProtocolClientSideTranslatorPB.submitRequest(StorageContainerDatanodeProtocolClientSideTranslatorPB.java:117)
datanode_5  | 	at java.base/java.lang.Thread.run(Thread.java:829)
scm_1       | 2023-01-03 10:14:21,011 [JvmPauseMonitor0] INFO util.JvmPauseMonitor: JvmPauseMonitor-b6e9598f-7e84-448e-8adc-93ec54f5ece5: Stopped
datanode_1  | 2023-01-03 10:15:09,295 [a8f2d3cb-4f82-40c1-bd43-8f2afed66acd@group-D682AEFCBD1E-LeaderElection2] INFO impl.LeaderElection:   Response 0: a8f2d3cb-4f82-40c1-bd43-8f2afed66acd<-c60e487b-545e-4506-86b1-36815595adbf#0:FAIL-t2
recon_1     | 	at org.apache.hadoop.ipc.Server$RpcCall.run(Server.java:1060)
om_1        | 2023-01-03 10:15:20,718 [om1-impl-thread1] INFO server.RaftServerConfigKeys: raft.server.snapshot.retention.file.num = -1 (default)
datanode_3  | 2023-01-03 10:14:55,382 [pool-22-thread-1] INFO server.RaftServerConfigKeys: raft.server.log.appender.buffer.byte-limit = 33554432 (custom)
datanode_4  | 	at org.apache.hadoop.ozone.protocolPB.StorageContainerDatanodeProtocolClientSideTranslatorPB.getVersion(StorageContainerDatanodeProtocolClientSideTranslatorPB.java:133)
datanode_2  | 2023-01-03 10:14:55,499 [pool-22-thread-1] INFO server.RaftServerConfigKeys: raft.server.log.purge.gap = 1000000 (custom)
datanode_5  | Caused by: java.util.concurrent.TimeoutException
datanode_1  | 2023-01-03 10:15:09,296 [a8f2d3cb-4f82-40c1-bd43-8f2afed66acd@group-D682AEFCBD1E-LeaderElection2] INFO impl.LeaderElection: a8f2d3cb-4f82-40c1-bd43-8f2afed66acd@group-D682AEFCBD1E-LeaderElection2 ELECTION round 0: result REJECTED
recon_1     | 	at org.apache.hadoop.ipc.Server$RpcCall.run(Server.java:971)
om_1        | 2023-01-03 10:15:20,719 [om1-impl-thread1] INFO server.RaftServerConfigKeys: raft.server.log.purge.upto.snapshot.index = true (custom)
datanode_3  | 2023-01-03 10:14:55,400 [pool-22-thread-1] INFO server.RaftServerConfigKeys: raft.server.log.statemachine.data.read.timeout = 1000ms (default)
datanode_4  | 	at org.apache.hadoop.ozone.container.common.states.endpoint.VersionEndpointTask.call(VersionEndpointTask.java:69)
datanode_2  | 2023-01-03 10:14:55,499 [pool-22-thread-1] INFO server.RaftServerConfigKeys: raft.server.log.appender.buffer.byte-limit = 33554432 (custom)
datanode_5  | 	at java.base/java.util.concurrent.FutureTask.get(FutureTask.java:204)
datanode_1  | 2023-01-03 10:15:09,301 [a8f2d3cb-4f82-40c1-bd43-8f2afed66acd@group-D682AEFCBD1E-LeaderElection2] INFO server.RaftServer$Division: a8f2d3cb-4f82-40c1-bd43-8f2afed66acd@group-D682AEFCBD1E: changes role from CANDIDATE to FOLLOWER at term 2 for REJECTED
recon_1     | 	at java.base/java.security.AccessController.doPrivileged(Native Method)
om_1        | 2023-01-03 10:15:20,723 [Listener at om/9862] INFO server.RaftServer: om1: start RPC server
datanode_3  | 2023-01-03 10:14:55,405 [pool-22-thread-1] INFO server.RaftServerConfigKeys: raft.server.log.purge.preservation.log.num = 0 (default)
datanode_4  | 	at org.apache.hadoop.ozone.container.common.states.endpoint.VersionEndpointTask.call(VersionEndpointTask.java:40)
datanode_2  | 2023-01-03 10:14:55,522 [pool-22-thread-1] INFO server.RaftServerConfigKeys: raft.server.log.statemachine.data.read.timeout = 1000ms (default)
datanode_5  | 	at org.apache.hadoop.ozone.container.common.states.datanode.RunningDatanodeState.lambda$execute$0(RunningDatanodeState.java:157)
scm_1       | 2023-01-03 10:14:21,012 [main] WARN server.ServerUtils: ozone.scm.db.dirs is not configured. We recommend adding this setting. Falling back to ozone.metadata.dirs instead.
datanode_1  | 2023-01-03 10:15:09,302 [a8f2d3cb-4f82-40c1-bd43-8f2afed66acd@group-D682AEFCBD1E-LeaderElection2] INFO impl.RoleInfo: a8f2d3cb-4f82-40c1-bd43-8f2afed66acd: shutdown a8f2d3cb-4f82-40c1-bd43-8f2afed66acd@group-D682AEFCBD1E-LeaderElection2
om_1        | 2023-01-03 10:15:20,723 [om1@group-C5BA1605619E-FollowerState] INFO server.RaftServerConfigKeys: raft.server.rpc.first-election.timeout.min = 5s (fallback to raft.server.rpc.timeout.min)
datanode_2  | 2023-01-03 10:14:55,616 [pool-22-thread-1] INFO server.RaftServerConfigKeys: raft.server.log.purge.preservation.log.num = 0 (default)
datanode_5  | 	at java.base/java.util.concurrent.FutureTask.run(FutureTask.java:264)
scm_1       | 2023-01-03 10:14:21,018 [main] INFO server.StorageContainerManager: SCM initialization succeeded. Current cluster id for sd=/data/metadata/scm; cid=CID-bc41ea64-1596-4231-acf6-ac79e5bd88a5; layoutVersion=4; scmId=b6e9598f-7e84-448e-8adc-93ec54f5ece5
datanode_1  | 2023-01-03 10:15:09,304 [a8f2d3cb-4f82-40c1-bd43-8f2afed66acd@group-D682AEFCBD1E-LeaderElection2] INFO impl.RoleInfo: a8f2d3cb-4f82-40c1-bd43-8f2afed66acd: start a8f2d3cb-4f82-40c1-bd43-8f2afed66acd@group-D682AEFCBD1E-FollowerState
datanode_1  | 2023-01-03 10:15:09,329 [a8f2d3cb-4f82-40c1-bd43-8f2afed66acd@group-D682AEFCBD1E-FollowerState] INFO server.RaftServerConfigKeys: raft.server.rpc.first-election.timeout.min = 5s (fallback to raft.server.rpc.timeout.min)
datanode_1  | 2023-01-03 10:15:09,329 [a8f2d3cb-4f82-40c1-bd43-8f2afed66acd@group-D682AEFCBD1E-FollowerState] INFO server.RaftServerConfigKeys: raft.server.rpc.first-election.timeout.max = 5200ms (fallback to raft.server.rpc.timeout.max)
om_1        | 2023-01-03 10:15:20,724 [om1@group-C5BA1605619E-FollowerState] INFO server.RaftServerConfigKeys: raft.server.rpc.first-election.timeout.max = 5200ms (fallback to raft.server.rpc.timeout.max)
om_1        | 2023-01-03 10:15:20,770 [Listener at om/9862] INFO server.GrpcService: om1: GrpcService started, listening on 9872
om_1        | 2023-01-03 10:15:20,773 [Listener at om/9862] INFO om.OzoneManager: Version File has different layout version (3) than OM DB (null). That is expected if this OM has never been finalized to a newer layout version.
om_1        | 2023-01-03 10:15:20,777 [JvmPauseMonitor0] INFO util.JvmPauseMonitor: JvmPauseMonitor-om1: Started
datanode_5  | 	at java.base/java.util.concurrent.Executors$RunnableAdapter.call(Executors.java:515)
datanode_3  | 2023-01-03 10:14:55,429 [pool-22-thread-1] INFO server.RaftServerConfigKeys: raft.server.log.segment.size.max = 1048576 (custom)
datanode_1  | 2023-01-03 10:15:10,489 [a8f2d3cb-4f82-40c1-bd43-8f2afed66acd@group-1F7ED227A6F7-FollowerState] INFO impl.FollowerState: a8f2d3cb-4f82-40c1-bd43-8f2afed66acd@group-1F7ED227A6F7-FollowerState: change to CANDIDATE, lastRpcElapsedTime:5268428119ns, electionTimeout:5178ms
datanode_1  | 2023-01-03 10:15:10,489 [a8f2d3cb-4f82-40c1-bd43-8f2afed66acd@group-1F7ED227A6F7-FollowerState] INFO impl.RoleInfo: a8f2d3cb-4f82-40c1-bd43-8f2afed66acd: shutdown a8f2d3cb-4f82-40c1-bd43-8f2afed66acd@group-1F7ED227A6F7-FollowerState
datanode_4  | 	at java.base/java.util.concurrent.FutureTask.run(FutureTask.java:264)
scm_1       | 2023-01-03 10:14:21,320 [shutdown-hook-0] INFO server.StorageContainerManagerStarter: SHUTDOWN_MSG: 
om_1        | 2023-01-03 10:15:20,917 [Listener at om/9862] INFO http.BaseHttpServer: Starting Web-server for ozoneManager at: http://0.0.0.0:9874
datanode_1  | 2023-01-03 10:15:10,490 [a8f2d3cb-4f82-40c1-bd43-8f2afed66acd@group-1F7ED227A6F7-FollowerState] INFO server.RaftServer$Division: a8f2d3cb-4f82-40c1-bd43-8f2afed66acd@group-1F7ED227A6F7: changes role from  FOLLOWER to CANDIDATE at term 0 for changeToCandidate
recon_1     | 	at java.base/javax.security.auth.Subject.doAs(Subject.java:423)
datanode_3  | 2023-01-03 10:14:55,514 [pool-22-thread-1] INFO server.RaftServerConfigKeys: raft.server.log.segment.cache.num.max = 2 (custom)
datanode_4  | 	at java.base/java.util.concurrent.ThreadPoolExecutor.runWorker(ThreadPoolExecutor.java:1128)
scm_1       | /************************************************************
datanode_5  | 	at java.base/java.util.concurrent.FutureTask.run(FutureTask.java:264)
om_1        | 2023-01-03 10:15:20,918 [Listener at om/9862] INFO http.BaseHttpServer: Hadoop Security Enabled: false Ozone Security Enabled: false Ozone HTTP Security Enabled: false 
datanode_1  | 2023-01-03 10:15:10,490 [a8f2d3cb-4f82-40c1-bd43-8f2afed66acd@group-1F7ED227A6F7-FollowerState] INFO server.RaftServerConfigKeys: raft.server.leaderelection.pre-vote = false (custom)
recon_1     | 	at org.apache.hadoop.security.UserGroupInformation.doAs(UserGroupInformation.java:1878)
datanode_3  | 2023-01-03 10:14:55,524 [pool-22-thread-1] INFO server.RaftServerConfigKeys: raft.server.log.segment.cache.size.max = 200MB (=209715200) (default)
datanode_4  | 	at java.base/java.util.concurrent.ThreadPoolExecutor$Worker.run(ThreadPoolExecutor.java:628)
scm_1       | SHUTDOWN_MSG: Shutting down StorageContainerManager at 626d7e7df3a0/172.19.0.8
datanode_5  | 	at java.base/java.util.concurrent.ThreadPoolExecutor.runWorker(ThreadPoolExecutor.java:1128)
datanode_2  | 2023-01-03 10:14:55,656 [pool-22-thread-1] INFO server.RaftServerConfigKeys: raft.server.log.segment.size.max = 1048576 (custom)
om_1        | 2023-01-03 10:15:21,044 [Listener at om/9862] INFO util.log: Logging initialized @35194ms to org.eclipse.jetty.util.log.Slf4jLog
recon_1     | 	at org.apache.hadoop.ipc.Server$Handler.run(Server.java:2976)
datanode_3  | 2023-01-03 10:14:55,580 [pool-22-thread-1] INFO segmented.SegmentedRaftLogWorker: new c60e487b-545e-4506-86b1-36815595adbf@group-D682AEFCBD1E-SegmentedRaftLogWorker for RaftStorageImpl:Storage Directory /data/metadata/ratis/97a3c1fa-9053-476a-8b41-d682aefcbd1e
datanode_4  | 	at java.base/java.lang.Thread.run(Thread.java:829)
