dn3_1    | 2023-07-16 04:22:06,025 [EndpointStateMachine task thread for scm2/10.9.0.15:9861 - 0 ] INFO ipc.Client: Retrying connect to server: scm2/10.9.0.15:9861. Already tried 9 time(s); retry policy is RetryUpToMaximumCountWithFixedSleep(maxRetries=15, sleepTime=1000 MILLISECONDS)
dn2_1    | 	at org.apache.hadoop.ipc.Client$Connection.access$3800(Client.java:414)
scm1_1   | 2023-07-16 04:21:17,003 [75d43aae-38ec-49c6-bf88-b9babad95780-impl-thread1] INFO util.JmxRegister: Successfully registered JMX Bean with object name Ratis:service=RaftServer,group=group-E01C9EF2A55A,id=75d43aae-38ec-49c6-bf88-b9babad95780
om3_1    | 2023-07-16 04:22:33,955 [main] WARN server.ServerUtils: Storage directory for Ratis is not configured. It is a good idea to map this to an SSD disk. Falling back to ozone.metadata.dirs
recon_1  | 2023-07-16 04:22:14,266 [IPC Server handler 9 on default port 9891] WARN ipc.Server: IPC Server handler 9 on default port 9891, call Call#4 Retry#0 org.apache.hadoop.ozone.protocol.ReconDatanodeProtocol.submitRequest from 10.9.0.18:41362: output error
om2_1    | 2023-07-16 04:22:39,801 [Listener at om2/9862] INFO impl.MetricsConfig: Loaded properties from hadoop-metrics2.properties
dn4_1    | 	at java.base/jdk.internal.reflect.NativeConstructorAccessorImpl.newInstance(NativeConstructorAccessorImpl.java:62)
dn5_1    | 2023-07-16 04:22:05,561 [EndpointStateMachine task thread for scm2/10.9.0.15:9861 - 0 ] INFO ipc.Client: Retrying connect to server: scm2/10.9.0.15:9861. Already tried 7 time(s); retry policy is RetryUpToMaximumCountWithFixedSleep(maxRetries=15, sleepTime=1000 MILLISECONDS)
scm2_1   | 2023-07-16 04:22:19,399 [main] INFO server.RaftServerConfigKeys: raft.server.threadpool.proxy.size = 0 (default)
scm2_1   | 2023-07-16 04:22:19,401 [main] INFO server.RaftServerConfigKeys: raft.server.rpc.slowness.timeout = 120000ms (custom)
scm2_1   | 2023-07-16 04:22:19,401 [main] INFO server.RaftServerConfigKeys: raft.server.leaderelection.leader.step-down.wait-time = 10s (default)
scm3_1   | 2023-07-16 04:22:53,174 [main] INFO server.RaftServerConfigKeys: raft.server.threadpool.proxy.cached = true (default)
dn3_1    | 2023-07-16 04:22:07,009 [EndpointStateMachine task thread for scm3/10.9.0.16:9861 - 0 ] INFO ipc.Client: Retrying connect to server: scm3/10.9.0.16:9861. Already tried 10 time(s); retry policy is RetryUpToMaximumCountWithFixedSleep(maxRetries=15, sleepTime=1000 MILLISECONDS)
dn2_1    | 	at org.apache.hadoop.ipc.Client.getConnection(Client.java:1677)
scm1_1   | 2023-07-16 04:21:17,255 [75d43aae-38ec-49c6-bf88-b9babad95780-impl-thread1] INFO server.RaftServerConfigKeys: raft.server.snapshot.auto.trigger.enabled = true (custom)
scm1_1   | 2023-07-16 04:21:17,267 [75d43aae-38ec-49c6-bf88-b9babad95780-impl-thread1] INFO server.RaftServerConfigKeys: raft.server.snapshot.auto.trigger.threshold = 1000 (custom)
recon_1  | 2023-07-16 04:22:14,291 [IPC Server handler 2 on default port 9891] WARN ipc.Server: IPC Server handler 2 on default port 9891, call Call#4 Retry#0 org.apache.hadoop.ozone.protocol.ReconDatanodeProtocol.submitRequest from 10.9.0.20:40836: output error
om2_1    | 2023-07-16 04:22:39,879 [Listener at om2/9862] INFO impl.MetricsSystemImpl: Scheduled Metric snapshot period at 10 second(s).
dn4_1    | 	at java.base/jdk.internal.reflect.DelegatingConstructorAccessorImpl.newInstance(DelegatingConstructorAccessorImpl.java:45)
dn4_1    | 	at java.base/java.lang.reflect.Constructor.newInstance(Constructor.java:490)
scm2_1   | 2023-07-16 04:22:19,416 [main] INFO server.RaftServerConfigKeys: raft.server.storage.dir = [/data/metadata/scm-ha] (custom)
scm2_1   | 2023-07-16 04:22:19,449 [main] INFO server.RaftServer: b6c62499-c60d-4903-be00-2a217ef2383e: addNew group-E01C9EF2A55A:[] returns group-E01C9EF2A55A:java.util.concurrent.CompletableFuture@51dbd6e4[Not completed]
scm2_1   | 2023-07-16 04:22:19,532 [pool-16-thread-1] INFO server.RaftServer$Division: b6c62499-c60d-4903-be00-2a217ef2383e: new RaftServerImpl for group-E01C9EF2A55A:[] with SCMStateMachine:uninitialized
scm3_1   | 2023-07-16 04:22:53,175 [main] INFO server.RaftServerConfigKeys: raft.server.threadpool.proxy.size = 0 (default)
dn3_1    | 2023-07-16 04:22:07,026 [EndpointStateMachine task thread for scm2/10.9.0.15:9861 - 0 ] INFO ipc.Client: Retrying connect to server: scm2/10.9.0.15:9861. Already tried 10 time(s); retry policy is RetryUpToMaximumCountWithFixedSleep(maxRetries=15, sleepTime=1000 MILLISECONDS)
dn2_1    | 	at org.apache.hadoop.ipc.Client.call(Client.java:1502)
scm1_1   | 2023-07-16 04:21:17,296 [75d43aae-38ec-49c6-bf88-b9babad95780-impl-thread1] INFO server.RaftServerConfigKeys: raft.server.snapshot.retention.file.num = -1 (default)
om3_1    | 2023-07-16 04:22:34,207 [main] INFO ratis.OzoneManagerRatisServer: Instantiating OM Ratis server with groupID: omservice and peers: om3:9872, om1:9872, om2:9872
recon_1  | 2023-07-16 04:22:14,298 [IPC Server handler 2 on default port 9891] INFO ipc.Server: IPC Server handler 2 on default port 9891 caught an exception
om2_1    | 2023-07-16 04:22:39,901 [Listener at om2/9862] INFO impl.MetricsSystemImpl: OzoneManager metrics system started
dn4_1    | 	at org.apache.hadoop.net.NetUtils.wrapWithMessage(NetUtils.java:913)
dn5_1    | 2023-07-16 04:22:05,575 [EndpointStateMachine task thread for scm3/10.9.0.16:9861 - 0 ] INFO ipc.Client: Retrying connect to server: scm3/10.9.0.16:9861. Already tried 7 time(s); retry policy is RetryUpToMaximumCountWithFixedSleep(maxRetries=15, sleepTime=1000 MILLISECONDS)
scm2_1   | 2023-07-16 04:22:19,534 [pool-16-thread-1] INFO server.RaftServerConfigKeys: raft.server.rpc.timeout.min = 5000ms (custom)
scm2_1   | 2023-07-16 04:22:19,539 [pool-16-thread-1] INFO server.RaftServerConfigKeys: raft.server.rpc.timeout.max = 5200ms (custom)
scm2_1   | 2023-07-16 04:22:19,540 [pool-16-thread-1] INFO server.RaftServerConfigKeys: raft.server.rpc.sleep.time = 25ms (default)
scm3_1   | 2023-07-16 04:22:53,175 [main] INFO server.RaftServerConfigKeys: raft.server.rpc.slowness.timeout = 120000ms (custom)
dn3_1    | 2023-07-16 04:22:07,045 [EndpointStateMachine task thread for scm1/10.9.0.14:9861 - 0 ] WARN statemachine.EndpointStateMachine: Unable to communicate to SCM server at scm1:9861 for past 0 seconds.
dn3_1    | java.net.SocketTimeoutException: Call From 80d049c2c7ed/10.9.0.19 to scm1:9861 failed on socket timeout exception: java.net.SocketTimeoutException: 5000 millis timeout while waiting for channel to be ready for read. ch : java.nio.channels.SocketChannel[connected local=/10.9.0.19:42860 remote=scm1/10.9.0.14:9861]; For more details see:  http://wiki.apache.org/hadoop/SocketTimeout
scm1_1   | 2023-07-16 04:21:17,308 [75d43aae-38ec-49c6-bf88-b9babad95780-impl-thread1] INFO server.RaftServerConfigKeys: raft.server.log.purge.upto.snapshot.index = false (default)
om3_1    | 2023-07-16 04:22:34,313 [main] INFO ratis.OzoneManagerStateMachine: LastAppliedIndex is set from TransactionInfo from OM DB as (t:0, i:~)
recon_1  | java.nio.channels.ClosedChannelException
om2_1    | 2023-07-16 04:22:40,188 [Listener at om2/9862] INFO om.OzoneManager: OzoneManager RPC server is listening at om2/10.9.0.12:9862
dn4_1    | 	at org.apache.hadoop.net.NetUtils.wrapException(NetUtils.java:848)
dn5_1    | 2023-07-16 04:22:06,562 [EndpointStateMachine task thread for scm2/10.9.0.15:9861 - 0 ] INFO ipc.Client: Retrying connect to server: scm2/10.9.0.15:9861. Already tried 8 time(s); retry policy is RetryUpToMaximumCountWithFixedSleep(maxRetries=15, sleepTime=1000 MILLISECONDS)
scm2_1   | 2023-07-16 04:22:19,540 [pool-16-thread-1] INFO server.RaftServerConfigKeys: raft.server.rpc.slowness.timeout = 120000ms (custom)
scm2_1   | 2023-07-16 04:22:19,541 [pool-16-thread-1] INFO server.RaftServerConfigKeys: raft.server.leaderelection.leader.step-down.wait-time = 10s (default)
scm2_1   | 2023-07-16 04:22:19,541 [pool-16-thread-1] INFO server.RaftServerConfigKeys: raft.server.sleep.deviation.threshold = 300ms (default)
dn3_1    | 	at java.base/jdk.internal.reflect.NativeConstructorAccessorImpl.newInstance0(Native Method)
dn2_1    | 	... 12 more
dn2_1    | 2023-07-16 04:22:12,745 [Datanode State Machine Daemon Thread] ERROR datanode.RunningDatanodeState: Error in executing end point task.
scm1_1   | 2023-07-16 04:21:17,343 [main] INFO server.RaftServer: 75d43aae-38ec-49c6-bf88-b9babad95780: start RPC server
om3_1    | 2023-07-16 04:22:34,656 [main] INFO server.RaftServer: raft.rpc.type = GRPC (default)
recon_1  | 	at java.base/sun.nio.ch.SocketChannelImpl.ensureOpenAndConnected(SocketChannelImpl.java:180)
om2_1    | 2023-07-16 04:22:40,188 [Listener at om2/9862] INFO ratis.OzoneManagerRatisServer: Starting OzoneManagerRatisServer om2 at port 9872
om2_1    | 2023-07-16 04:22:40,201 [om2-impl-thread1] INFO storage.RaftStorageDirectory: The storage directory /data/metadata/ratis/5cb24680-b9e7-3c90-a862-d66704efc61c does not exist. Creating ...
dn5_1    | 2023-07-16 04:22:06,580 [EndpointStateMachine task thread for scm3/10.9.0.16:9861 - 0 ] INFO ipc.Client: Retrying connect to server: scm3/10.9.0.16:9861. Already tried 8 time(s); retry policy is RetryUpToMaximumCountWithFixedSleep(maxRetries=15, sleepTime=1000 MILLISECONDS)
dn1_1    | 2023-07-16 04:22:06,157 [EndpointStateMachine task thread for scm3/10.9.0.16:9861 - 0 ] INFO ipc.Client: Retrying connect to server: scm3/10.9.0.16:9861. Already tried 11 time(s); retry policy is RetryUpToMaximumCountWithFixedSleep(maxRetries=15, sleepTime=1000 MILLISECONDS)
dn1_1    | 2023-07-16 04:22:06,174 [EndpointStateMachine task thread for scm2/10.9.0.15:9861 - 0 ] INFO ipc.Client: Retrying connect to server: scm2/10.9.0.15:9861. Already tried 11 time(s); retry policy is RetryUpToMaximumCountWithFixedSleep(maxRetries=15, sleepTime=1000 MILLISECONDS)
dn1_1    | 2023-07-16 04:22:07,158 [EndpointStateMachine task thread for scm3/10.9.0.16:9861 - 0 ] INFO ipc.Client: Retrying connect to server: scm3/10.9.0.16:9861. Already tried 12 time(s); retry policy is RetryUpToMaximumCountWithFixedSleep(maxRetries=15, sleepTime=1000 MILLISECONDS)
scm2_1   | 2023-07-16 04:22:19,568 [pool-16-thread-1] INFO server.RaftServer$Division: b6c62499-c60d-4903-be00-2a217ef2383e@group-E01C9EF2A55A: ConfigurationManager, init=-1: peers:[]|listeners:[], old=null, confs=<EMPTY_MAP>
dn2_1    | java.util.concurrent.ExecutionException: java.util.concurrent.TimeoutException
scm3_1   | 2023-07-16 04:22:53,175 [main] INFO server.RaftServerConfigKeys: raft.server.leaderelection.leader.step-down.wait-time = 10s (default)
scm1_1   | 2023-07-16 04:21:17,922 [main] INFO server.GrpcService: 75d43aae-38ec-49c6-bf88-b9babad95780: GrpcService started, listening on 9894
om3_1    | 2023-07-16 04:22:35,114 [main] INFO grpc.GrpcConfigKeys: raft.grpc.admin.host = null (fallback to raft.grpc.server.host)
recon_1  | 	at java.base/sun.nio.ch.SocketChannelImpl.write(SocketChannelImpl.java:452)
om2_1    | 2023-07-16 04:22:40,217 [om2-impl-thread1] INFO storage.RaftStorageDirectory: Lock on /data/metadata/ratis/5cb24680-b9e7-3c90-a862-d66704efc61c/in_use.lock acquired by nodename 7@f305f364e14d
dn4_1    | 	at org.apache.hadoop.ipc.Client.getRpcResponse(Client.java:1616)
dn1_1    | 2023-07-16 04:22:07,175 [EndpointStateMachine task thread for scm2/10.9.0.15:9861 - 0 ] INFO ipc.Client: Retrying connect to server: scm2/10.9.0.15:9861. Already tried 12 time(s); retry policy is RetryUpToMaximumCountWithFixedSleep(maxRetries=15, sleepTime=1000 MILLISECONDS)
dn1_1    | 2023-07-16 04:22:07,202 [EndpointStateMachine task thread for scm1/10.9.0.14:9861 - 0 ] WARN statemachine.EndpointStateMachine: Unable to communicate to SCM server at scm1:9861 for past 0 seconds.
dn1_1    | java.net.SocketTimeoutException: Call From cc084077df87/10.9.0.17 to scm1:9861 failed on socket timeout exception: java.net.SocketTimeoutException: 5000 millis timeout while waiting for channel to be ready for read. ch : java.nio.channels.SocketChannel[connected local=/10.9.0.17:54294 remote=scm1/10.9.0.14:9861]; For more details see:  http://wiki.apache.org/hadoop/SocketTimeout
scm2_1   | 2023-07-16 04:22:19,568 [pool-16-thread-1] INFO server.RaftServerConfigKeys: raft.server.storage.dir = [/data/metadata/scm-ha] (custom)
dn2_1    | 	at java.base/java.util.concurrent.FutureTask.report(FutureTask.java:122)
scm3_1   | 2023-07-16 04:22:53,184 [main] INFO server.RaftServerConfigKeys: raft.server.storage.dir = [/data/metadata/scm-ha] (custom)
scm1_1   | 2023-07-16 04:21:18,061 [JvmPauseMonitor0] INFO util.JvmPauseMonitor: JvmPauseMonitor-75d43aae-38ec-49c6-bf88-b9babad95780: Started
om3_1    | 2023-07-16 04:22:35,132 [main] INFO grpc.GrpcConfigKeys: raft.grpc.admin.port = 9872 (fallback to raft.grpc.server.port)
recon_1  | 	at org.apache.hadoop.ipc.Server.channelWrite(Server.java:3619)
om2_1    | 2023-07-16 04:22:40,292 [om2-impl-thread1] INFO storage.RaftStorage: Storage directory /data/metadata/ratis/5cb24680-b9e7-3c90-a862-d66704efc61c has been successfully formatted.
dn4_1    | 	at org.apache.hadoop.ipc.Client.call(Client.java:1558)
dn1_1    | 	at java.base/jdk.internal.reflect.NativeConstructorAccessorImpl.newInstance0(Native Method)
dn1_1    | 	at java.base/jdk.internal.reflect.NativeConstructorAccessorImpl.newInstance(NativeConstructorAccessorImpl.java:62)
dn3_1    | 	at java.base/jdk.internal.reflect.NativeConstructorAccessorImpl.newInstance(NativeConstructorAccessorImpl.java:62)
scm2_1   | 2023-07-16 04:22:19,585 [pool-16-thread-1] INFO server.RaftServerConfigKeys: raft.server.log.corruption.policy = EXCEPTION (default)
dn2_1    | 	at java.base/java.util.concurrent.FutureTask.get(FutureTask.java:191)
scm3_1   | 2023-07-16 04:22:53,198 [main] INFO server.RaftServer: 271c7984-cb70-49cd-982d-c5430870c721: addNew group-E01C9EF2A55A:[] returns group-E01C9EF2A55A:java.util.concurrent.CompletableFuture@51dbd6e4[Not completed]
scm1_1   | 2023-07-16 04:21:22,126 [75d43aae-38ec-49c6-bf88-b9babad95780@group-E01C9EF2A55A-FollowerState] INFO impl.FollowerState: 75d43aae-38ec-49c6-bf88-b9babad95780@group-E01C9EF2A55A-FollowerState: change to CANDIDATE, lastRpcElapsedTime:5218561899ns, electionTimeout:5184ms
om3_1    | 2023-07-16 04:22:35,137 [main] INFO grpc.GrpcConfigKeys: raft.grpc.client.host = null (fallback to raft.grpc.server.host)
om3_1    | 2023-07-16 04:22:35,140 [main] INFO grpc.GrpcConfigKeys: raft.grpc.client.port = 9872 (fallback to raft.grpc.server.port)
om2_1    | 2023-07-16 04:22:40,297 [om2-impl-thread1] INFO server.RaftServerConfigKeys: raft.server.log.use.memory = false (default)
dn4_1    | 	at org.apache.hadoop.ipc.Client.call(Client.java:1455)
om1_1    | 2023-07-16 04:22:36,385 [pool-26-thread-1] INFO server.RaftServerConfigKeys: raft.server.threadpool.client.size = 0 (default)
om1_1    | 2023-07-16 04:22:37,772 [main] INFO reflections.Reflections: Reflections took 3000 ms to scan 8 urls, producing 23 keys and 521 values [using 2 cores]
om1_1    | 2023-07-16 04:22:38,301 [main] INFO ipc.CallQueueManager: Using callQueue: class java.util.concurrent.LinkedBlockingQueue, queueCapacity: 10000, scheduler: class org.apache.hadoop.ipc.DefaultRpcScheduler, ipcBackoff: false.
scm2_1   | 2023-07-16 04:22:19,586 [pool-16-thread-1] INFO server.RaftServerConfigKeys: raft.server.storage.free-space.min = 0MB (=0) (default)
dn2_1    | 	at org.apache.hadoop.ozone.container.common.states.datanode.RunningDatanodeState.computeNextContainerState(RunningDatanodeState.java:199)
scm3_1   | 2023-07-16 04:22:53,221 [pool-16-thread-1] INFO server.RaftServer$Division: 271c7984-cb70-49cd-982d-c5430870c721: new RaftServerImpl for group-E01C9EF2A55A:[] with SCMStateMachine:uninitialized
scm1_1   | 2023-07-16 04:21:22,142 [75d43aae-38ec-49c6-bf88-b9babad95780@group-E01C9EF2A55A-FollowerState] INFO impl.RoleInfo: 75d43aae-38ec-49c6-bf88-b9babad95780: shutdown 75d43aae-38ec-49c6-bf88-b9babad95780@group-E01C9EF2A55A-FollowerState
om3_1    | 2023-07-16 04:22:35,141 [main] INFO grpc.GrpcConfigKeys: raft.grpc.server.host = null (default)
om3_1    | 2023-07-16 04:22:35,149 [main] INFO grpc.GrpcConfigKeys: raft.grpc.server.port = 9872 (custom)
om2_1    | 2023-07-16 04:22:40,317 [om2-impl-thread1] INFO server.RaftServerConfigKeys: raft.server.log.purge.gap = 1000000 (custom)
dn4_1    | 	at org.apache.hadoop.ipc.ProtobufRpcEngine$Invoker.invoke(ProtobufRpcEngine.java:235)
om1_1    | 2023-07-16 04:22:38,372 [Socket Reader #1 for port 9862] INFO ipc.Server: Starting Socket Reader #1 for port 9862
om1_1    | 2023-07-16 04:22:39,244 [Listener at om1/9862] INFO impl.MetricsConfig: Loaded properties from hadoop-metrics2.properties
om1_1    | 2023-07-16 04:22:39,354 [Listener at om1/9862] INFO impl.MetricsSystemImpl: Scheduled Metric snapshot period at 10 second(s).
scm2_1   | 2023-07-16 04:22:19,636 [pool-16-thread-1] INFO server.RaftServerConfigKeys: raft.server.notification.no-leader.timeout = 60s (default)
dn2_1    | 	at org.apache.hadoop.ozone.container.common.states.datanode.RunningDatanodeState.await(RunningDatanodeState.java:239)
scm3_1   | 2023-07-16 04:22:53,223 [pool-16-thread-1] INFO server.RaftServerConfigKeys: raft.server.rpc.timeout.min = 5000ms (custom)
om3_1    | 2023-07-16 04:22:35,150 [main] INFO server.GrpcService: raft.grpc.message.size.max = 33554432 (custom)
recon_1  | 	at org.apache.hadoop.ipc.Server.access$1700(Server.java:144)
scm1_1   | 2023-07-16 04:21:22,174 [75d43aae-38ec-49c6-bf88-b9babad95780@group-E01C9EF2A55A-FollowerState] INFO server.RaftServer$Division: 75d43aae-38ec-49c6-bf88-b9babad95780@group-E01C9EF2A55A: changes role from  FOLLOWER to CANDIDATE at term 0 for changeToCandidate
om2_1    | 2023-07-16 04:22:40,317 [om2-impl-thread1] INFO server.RaftServerConfigKeys: raft.server.log.appender.buffer.byte-limit = 33554432 (custom)
om2_1    | 2023-07-16 04:22:40,320 [om2-impl-thread1] INFO server.RaftServerConfigKeys: raft.server.log.statemachine.data.read.timeout = 1000ms (default)
om1_1    | 2023-07-16 04:22:39,354 [Listener at om1/9862] INFO impl.MetricsSystemImpl: OzoneManager metrics system started
om1_1    | 2023-07-16 04:22:39,607 [Listener at om1/9862] INFO om.OzoneManager: OzoneManager RPC server is listening at om1/10.9.0.11:9862
om1_1    | 2023-07-16 04:22:39,608 [Listener at om1/9862] INFO ratis.OzoneManagerRatisServer: Starting OzoneManagerRatisServer om1 at port 9872
scm2_1   | 2023-07-16 04:22:19,650 [pool-16-thread-1] INFO server.RaftServerConfigKeys: raft.server.retrycache.expirytime = 60000ms (default)
dn2_1    | 	at org.apache.hadoop.ozone.container.common.states.datanode.RunningDatanodeState.await(RunningDatanodeState.java:50)
scm3_1   | 2023-07-16 04:22:53,226 [pool-16-thread-1] INFO server.RaftServerConfigKeys: raft.server.rpc.timeout.max = 5200ms (custom)
recon_1  | 	at org.apache.hadoop.ipc.Server$Responder.processResponse(Server.java:1672)
recon_1  | 	at org.apache.hadoop.ipc.Server$Responder.doRespond(Server.java:1742)
om3_1    | 2023-07-16 04:22:35,161 [main] INFO server.RaftServerConfigKeys: raft.server.log.appender.buffer.byte-limit = 33554432 (custom)
om2_1    | 2023-07-16 04:22:40,328 [om2-impl-thread1] INFO server.RaftServerConfigKeys: raft.server.log.purge.preservation.log.num = 0 (default)
om2_1    | 2023-07-16 04:22:40,331 [om2-impl-thread1] INFO server.RaftServerConfigKeys: raft.server.log.segment.size.max = 4194304 (custom)
om1_1    | 2023-07-16 04:22:39,611 [om1-impl-thread1] INFO storage.RaftStorageDirectory: The storage directory /data/metadata/ratis/5cb24680-b9e7-3c90-a862-d66704efc61c does not exist. Creating ...
om1_1    | 2023-07-16 04:22:39,636 [om1-impl-thread1] INFO storage.RaftStorageDirectory: Lock on /data/metadata/ratis/5cb24680-b9e7-3c90-a862-d66704efc61c/in_use.lock acquired by nodename 6@e0732fff979d
om1_1    | 2023-07-16 04:22:39,682 [om1-impl-thread1] INFO storage.RaftStorage: Storage directory /data/metadata/ratis/5cb24680-b9e7-3c90-a862-d66704efc61c has been successfully formatted.
scm2_1   | 2023-07-16 04:22:19,659 [pool-16-thread-1] INFO server.RaftServerConfigKeys: raft.server.retrycache.statistics.expirytime = 100?s (default)
dn2_1    | 	at org.apache.hadoop.ozone.container.common.statemachine.StateContext.execute(StateContext.java:660)
scm3_1   | 2023-07-16 04:22:53,227 [pool-16-thread-1] INFO server.RaftServerConfigKeys: raft.server.rpc.sleep.time = 25ms (default)
scm3_1   | 2023-07-16 04:22:53,228 [pool-16-thread-1] INFO server.RaftServerConfigKeys: raft.server.rpc.slowness.timeout = 120000ms (custom)
scm1_1   | 2023-07-16 04:21:22,226 [75d43aae-38ec-49c6-bf88-b9babad95780@group-E01C9EF2A55A-FollowerState] INFO server.RaftServerConfigKeys: raft.server.leaderelection.pre-vote = false (custom)
om3_1    | 2023-07-16 04:22:35,165 [main] INFO server.GrpcService: raft.grpc.flow.control.window = 1MB (=1048576) (default)
om2_1    | 2023-07-16 04:22:40,353 [om2-impl-thread1] INFO server.RaftServerConfigKeys: raft.server.log.segment.cache.num.max = 2 (custom)
om2_1    | 2023-07-16 04:22:40,359 [om2-impl-thread1] INFO server.RaftServerConfigKeys: raft.server.log.segment.cache.size.max = 200MB (=209715200) (default)
dn4_1    | 	at org.apache.hadoop.ipc.ProtobufRpcEngine$Invoker.invoke(ProtobufRpcEngine.java:122)
om1_1    | 2023-07-16 04:22:39,686 [om1-impl-thread1] INFO server.RaftServerConfigKeys: raft.server.log.use.memory = false (default)
om1_1    | 2023-07-16 04:22:39,752 [om1-impl-thread1] INFO server.RaftServerConfigKeys: raft.server.log.purge.gap = 1000000 (custom)
om1_1    | 2023-07-16 04:22:39,753 [om1-impl-thread1] INFO server.RaftServerConfigKeys: raft.server.log.appender.buffer.byte-limit = 33554432 (custom)
scm2_1   | 2023-07-16 04:22:20,372 [pool-16-thread-1] INFO server.RaftServerConfigKeys: raft.server.log.appender.install.snapshot.enabled = false (custom)
dn2_1    | 	at org.apache.hadoop.ozone.container.common.statemachine.DatanodeStateMachine.startStateMachineThread(DatanodeStateMachine.java:298)
scm3_1   | 2023-07-16 04:22:53,228 [pool-16-thread-1] INFO server.RaftServerConfigKeys: raft.server.leaderelection.leader.step-down.wait-time = 10s (default)
recon_1  | 	at org.apache.hadoop.ipc.Server$Connection.sendResponse(Server.java:2847)
scm1_1   | 2023-07-16 04:21:22,226 [75d43aae-38ec-49c6-bf88-b9babad95780@group-E01C9EF2A55A-FollowerState] INFO impl.RoleInfo: 75d43aae-38ec-49c6-bf88-b9babad95780: start 75d43aae-38ec-49c6-bf88-b9babad95780@group-E01C9EF2A55A-LeaderElection1
scm1_1   | 2023-07-16 04:21:22,492 [75d43aae-38ec-49c6-bf88-b9babad95780@group-E01C9EF2A55A-LeaderElection1] INFO impl.LeaderElection: 75d43aae-38ec-49c6-bf88-b9babad95780@group-E01C9EF2A55A-LeaderElection1 ELECTION round 0: submit vote requests at term 1 for -1: peers:[75d43aae-38ec-49c6-bf88-b9babad95780|rpc:scm1:9894|priority:0|startupRole:FOLLOWER]|listeners:[], old=null
dn4_1    | 	at com.sun.proxy.$Proxy38.submitRequest(Unknown Source)
dn4_1    | 	at org.apache.hadoop.ozone.protocolPB.StorageContainerDatanodeProtocolClientSideTranslatorPB.submitRequest(StorageContainerDatanodeProtocolClientSideTranslatorPB.java:117)
dn3_1    | 	at java.base/jdk.internal.reflect.DelegatingConstructorAccessorImpl.newInstance(DelegatingConstructorAccessorImpl.java:45)
dn3_1    | 	at java.base/java.lang.reflect.Constructor.newInstance(Constructor.java:490)
dn3_1    | 	at org.apache.hadoop.net.NetUtils.wrapWithMessage(NetUtils.java:913)
dn3_1    | 	at org.apache.hadoop.net.NetUtils.wrapException(NetUtils.java:848)
dn3_1    | 	at org.apache.hadoop.ipc.Client.getRpcResponse(Client.java:1616)
dn3_1    | 	at org.apache.hadoop.ipc.Client.call(Client.java:1558)
om3_1    | 2023-07-16 04:22:35,170 [main] INFO server.RaftServerConfigKeys: raft.server.rpc.request.timeout = 3000ms (default)
scm1_1   | 2023-07-16 04:21:22,500 [75d43aae-38ec-49c6-bf88-b9babad95780@group-E01C9EF2A55A-LeaderElection1] INFO impl.LeaderElection: 75d43aae-38ec-49c6-bf88-b9babad95780@group-E01C9EF2A55A-LeaderElection1 ELECTION round 0: result PASSED (term=1)
recon_1  | 	at org.apache.hadoop.ipc.Server$Connection.access$300(Server.java:1814)
dn5_1    | 2023-07-16 04:22:07,564 [EndpointStateMachine task thread for scm2/10.9.0.15:9861 - 0 ] INFO ipc.Client: Retrying connect to server: scm2/10.9.0.15:9861. Already tried 9 time(s); retry policy is RetryUpToMaximumCountWithFixedSleep(maxRetries=15, sleepTime=1000 MILLISECONDS)
om1_1    | 2023-07-16 04:22:39,757 [om1-impl-thread1] INFO server.RaftServerConfigKeys: raft.server.log.statemachine.data.read.timeout = 1000ms (default)
dn3_1    | 	at org.apache.hadoop.ipc.Client.call(Client.java:1455)
dn3_1    | 	at org.apache.hadoop.ipc.ProtobufRpcEngine$Invoker.invoke(ProtobufRpcEngine.java:235)
dn3_1    | 	at org.apache.hadoop.ipc.ProtobufRpcEngine$Invoker.invoke(ProtobufRpcEngine.java:122)
dn2_1    | 	at org.apache.hadoop.ozone.container.common.statemachine.DatanodeStateMachine.lambda$startDaemon$0(DatanodeStateMachine.java:493)
dn4_1    | 	at org.apache.hadoop.ozone.protocolPB.StorageContainerDatanodeProtocolClientSideTranslatorPB.getVersion(StorageContainerDatanodeProtocolClientSideTranslatorPB.java:133)
dn4_1    | 	at org.apache.hadoop.ozone.container.common.states.endpoint.VersionEndpointTask.call(VersionEndpointTask.java:69)
scm2_1   | 2023-07-16 04:22:20,374 [pool-16-thread-1] INFO server.RaftServerConfigKeys: raft.server.threadpool.server.cached = true (default)
om3_1    | 2023-07-16 04:22:35,222 [main] INFO grpc.GrpcConfigKeys: raft.grpc.server.heartbeat.channel = true (default)
scm1_1   | 2023-07-16 04:21:22,508 [75d43aae-38ec-49c6-bf88-b9babad95780@group-E01C9EF2A55A-LeaderElection1] INFO impl.RoleInfo: 75d43aae-38ec-49c6-bf88-b9babad95780: shutdown 75d43aae-38ec-49c6-bf88-b9babad95780@group-E01C9EF2A55A-LeaderElection1
recon_1  | 	at org.apache.hadoop.ipc.Server$RpcCall.doResponse(Server.java:1125)
recon_1  | 	at org.apache.hadoop.ipc.Server$Call.doResponse(Server.java:917)
dn2_1    | 	at java.base/java.lang.Thread.run(Thread.java:829)
om1_1    | 2023-07-16 04:22:39,777 [om1-impl-thread1] INFO server.RaftServerConfigKeys: raft.server.log.purge.preservation.log.num = 0 (default)
om1_1    | 2023-07-16 04:22:39,789 [om1-impl-thread1] INFO server.RaftServerConfigKeys: raft.server.log.segment.size.max = 4194304 (custom)
om1_1    | 2023-07-16 04:22:39,804 [om1-impl-thread1] INFO server.RaftServerConfigKeys: raft.server.log.segment.cache.num.max = 2 (custom)
om3_1    | 2023-07-16 04:22:35,245 [main] INFO grpc.GrpcConfigKeys: raft.grpc.server.async.request.thread.pool.cached = true (default)
om3_1    | 2023-07-16 04:22:35,259 [main] INFO grpc.GrpcConfigKeys: raft.grpc.server.async.request.thread.pool.size = 32 (default)
recon_1  | 	at org.apache.hadoop.ipc.Server$Call.sendResponse(Server.java:903)
recon_1  | 	at org.apache.hadoop.ipc.Server$RpcCall.run(Server.java:1060)
dn2_1    | Caused by: java.util.concurrent.TimeoutException
dn4_1    | 	at org.apache.hadoop.ozone.container.common.states.endpoint.VersionEndpointTask.call(VersionEndpointTask.java:40)
dn4_1    | 	at java.base/java.util.concurrent.FutureTask.run(FutureTask.java:264)
om3_1    | 2023-07-16 04:22:36,193 [main] INFO impl.DataStreamServerImpl: raft.datastream.type = DISABLED (default)
scm1_1   | 2023-07-16 04:21:22,509 [75d43aae-38ec-49c6-bf88-b9babad95780@group-E01C9EF2A55A-LeaderElection1] INFO server.RaftServer$Division: 75d43aae-38ec-49c6-bf88-b9babad95780@group-E01C9EF2A55A: changes role from CANDIDATE to LEADER at term 1 for changeToLeader
scm1_1   | 2023-07-16 04:21:22,510 [75d43aae-38ec-49c6-bf88-b9babad95780@group-E01C9EF2A55A-LeaderElection1] INFO server.RaftServer$Division: 75d43aae-38ec-49c6-bf88-b9babad95780@group-E01C9EF2A55A: change Leader from null to 75d43aae-38ec-49c6-bf88-b9babad95780 at term 1 for becomeLeader, leader elected after 9386ms
scm2_1   | 2023-07-16 04:22:20,390 [pool-16-thread-1] INFO server.RaftServerConfigKeys: raft.server.threadpool.server.size = 0 (default)
scm2_1   | 2023-07-16 04:22:20,396 [pool-16-thread-1] INFO server.RaftServerConfigKeys: raft.server.threadpool.client.cached = true (default)
dn5_1    | 2023-07-16 04:22:07,582 [EndpointStateMachine task thread for scm1/10.9.0.14:9861 - 0 ] WARN statemachine.EndpointStateMachine: Unable to communicate to SCM server at scm1:9861 for past 0 seconds.
dn2_1    | 	at java.base/java.util.concurrent.FutureTask.get(FutureTask.java:204)
dn4_1    | 	at java.base/java.util.concurrent.ThreadPoolExecutor.runWorker(ThreadPoolExecutor.java:1128)
dn4_1    | 	at java.base/java.util.concurrent.ThreadPoolExecutor$Worker.run(ThreadPoolExecutor.java:628)
om3_1    | 2023-07-16 04:22:36,206 [main] INFO server.RaftServerConfigKeys: raft.server.threadpool.proxy.cached = true (default)
scm1_1   | 2023-07-16 04:21:22,624 [75d43aae-38ec-49c6-bf88-b9babad95780@group-E01C9EF2A55A-LeaderElection1] INFO server.RaftServerConfigKeys: raft.server.staging.catchup.gap = 1000 (default)
scm1_1   | 2023-07-16 04:21:22,747 [75d43aae-38ec-49c6-bf88-b9babad95780@group-E01C9EF2A55A-LeaderElection1] INFO server.RaftServerConfigKeys: raft.server.write.element-limit = 4096 (default)
recon_1  | 	at org.apache.hadoop.ipc.Server$RpcCall.run(Server.java:971)
recon_1  | 	at java.base/java.security.AccessController.doPrivileged(Native Method)
scm2_1   | 2023-07-16 04:22:20,402 [pool-16-thread-1] INFO server.RaftServerConfigKeys: raft.server.threadpool.client.size = 0 (default)
scm3_1   | 2023-07-16 04:22:53,228 [pool-16-thread-1] INFO server.RaftServerConfigKeys: raft.server.sleep.deviation.threshold = 300ms (default)
scm3_1   | 2023-07-16 04:22:53,238 [pool-16-thread-1] INFO server.RaftServer$Division: 271c7984-cb70-49cd-982d-c5430870c721@group-E01C9EF2A55A: ConfigurationManager, init=-1: peers:[]|listeners:[], old=null, confs=<EMPTY_MAP>
scm3_1   | 2023-07-16 04:22:53,238 [pool-16-thread-1] INFO server.RaftServerConfigKeys: raft.server.storage.dir = [/data/metadata/scm-ha] (custom)
dn2_1    | 	at org.apache.hadoop.ozone.container.common.states.datanode.RunningDatanodeState.lambda$execute$0(RunningDatanodeState.java:157)
dn4_1    | 	at java.base/java.lang.Thread.run(Thread.java:829)
om1_1    | 2023-07-16 04:22:39,804 [om1-impl-thread1] INFO server.RaftServerConfigKeys: raft.server.log.segment.cache.size.max = 200MB (=209715200) (default)
om3_1    | 2023-07-16 04:22:36,208 [main] INFO server.RaftServerConfigKeys: raft.server.threadpool.proxy.size = 0 (default)
scm1_1   | 2023-07-16 04:21:22,749 [75d43aae-38ec-49c6-bf88-b9babad95780@group-E01C9EF2A55A-LeaderElection1] INFO server.RaftServerConfigKeys: raft.server.write.byte-limit = 64MB (=67108864) (default)
scm1_1   | 2023-07-16 04:21:22,850 [75d43aae-38ec-49c6-bf88-b9babad95780@group-E01C9EF2A55A-LeaderElection1] INFO server.RaftServerConfigKeys: raft.server.watch.timeout = 10s (default)
recon_1  | 	at java.base/javax.security.auth.Subject.doAs(Subject.java:423)
dn5_1    | java.net.SocketTimeoutException: Call From 23a70186767e/10.9.0.21 to scm1:9861 failed on socket timeout exception: java.net.SocketTimeoutException: 5000 millis timeout while waiting for channel to be ready for read. ch : java.nio.channels.SocketChannel[connected local=/10.9.0.21:52880 remote=scm1/10.9.0.14:9861]; For more details see:  http://wiki.apache.org/hadoop/SocketTimeout
scm2_1   | 2023-07-16 04:22:20,409 [main] INFO ha.SCMSnapshotProvider: Initializing SCM Snapshot Provider
scm2_1   | 2023-07-16 04:22:20,414 [main] WARN server.ServerUtils: Storage directory for Ratis is not configured. It is a good idea to map this to an SSD disk. Falling back to ozone.metadata.dirs
scm2_1   | 2023-07-16 04:22:20,416 [main] WARN ha.SCMHAUtils: SCM snapshot dir is not configured. Falling back to ozone.metadata.dirs config
scm2_1   | 2023-07-16 04:22:20,481 [main] INFO upgrade.AbstractLayoutVersionManager: Initializing Layout version manager with metadata layout = DATANODE_SCHEMA_V3 (version = 4), software layout = DATANODE_SCHEMA_V3 (version = 4)
dn4_1    | Caused by: java.net.SocketTimeoutException: 5000 millis timeout while waiting for channel to be ready for read. ch : java.nio.channels.SocketChannel[connected local=/10.9.0.20:34452 remote=scm1/10.9.0.14:9861]
om3_1    | 2023-07-16 04:22:36,210 [main] INFO server.RaftServerConfigKeys: raft.server.rpc.slowness.timeout = 120s (custom)
om1_1    | 2023-07-16 04:22:39,825 [om1-impl-thread1] INFO segmented.SegmentedRaftLogWorker: new om1@group-D66704EFC61C-SegmentedRaftLogWorker for RaftStorageImpl:Storage Directory /data/metadata/ratis/5cb24680-b9e7-3c90-a862-d66704efc61c
om1_1    | 2023-07-16 04:22:39,845 [om1-impl-thread1] INFO server.RaftServerConfigKeys: raft.server.log.queue.byte-limit = 64MB (=67108864) (default)
om1_1    | 2023-07-16 04:22:39,860 [om1-impl-thread1] INFO server.RaftServerConfigKeys: raft.server.log.queue.element-limit = 4096 (default)
dn5_1    | 	at java.base/jdk.internal.reflect.NativeConstructorAccessorImpl.newInstance0(Native Method)
dn5_1    | 	at java.base/jdk.internal.reflect.NativeConstructorAccessorImpl.newInstance(NativeConstructorAccessorImpl.java:62)
scm2_1   | 2023-07-16 04:22:21,237 [main] INFO reflections.Reflections: Reflections took 634 ms to scan 3 urls, producing 112 keys and 252 values 
dn3_1    | 	at com.sun.proxy.$Proxy38.submitRequest(Unknown Source)
dn3_1    | 	at org.apache.hadoop.ozone.protocolPB.StorageContainerDatanodeProtocolClientSideTranslatorPB.submitRequest(StorageContainerDatanodeProtocolClientSideTranslatorPB.java:117)
dn3_1    | 	at org.apache.hadoop.ozone.protocolPB.StorageContainerDatanodeProtocolClientSideTranslatorPB.getVersion(StorageContainerDatanodeProtocolClientSideTranslatorPB.java:133)
dn4_1    | 	at org.apache.hadoop.net.SocketIOWithTimeout.doIO(SocketIOWithTimeout.java:163)
om3_1    | 2023-07-16 04:22:36,210 [main] INFO server.RaftServerConfigKeys: raft.server.leaderelection.leader.step-down.wait-time = 10s (default)
om1_1    | 2023-07-16 04:22:39,867 [om1-impl-thread1] INFO server.RaftServerConfigKeys: raft.server.log.segment.size.max = 4194304 (custom)
om1_1    | 2023-07-16 04:22:39,872 [om1-impl-thread1] INFO server.RaftServerConfigKeys: raft.server.log.preallocated.size = 4194304 (custom)
om1_1    | 2023-07-16 04:22:39,873 [om1-impl-thread1] INFO server.RaftServerConfigKeys: raft.server.log.force.sync.num = 128 (default)
dn5_1    | 	at java.base/jdk.internal.reflect.DelegatingConstructorAccessorImpl.newInstance(DelegatingConstructorAccessorImpl.java:45)
dn5_1    | 	at java.base/java.lang.reflect.Constructor.newInstance(Constructor.java:490)
dn3_1    | 	at org.apache.hadoop.ozone.container.common.states.endpoint.VersionEndpointTask.call(VersionEndpointTask.java:69)
dn1_1    | 	at java.base/jdk.internal.reflect.DelegatingConstructorAccessorImpl.newInstance(DelegatingConstructorAccessorImpl.java:45)
dn1_1    | 	at java.base/java.lang.reflect.Constructor.newInstance(Constructor.java:490)
scm2_1   | 2023-07-16 04:22:21,472 [main] INFO ha.SequenceIdGenerator: upgrade localId to 111677748019200000
dn4_1    | 	at org.apache.hadoop.net.SocketInputStream.read(SocketInputStream.java:161)
dn4_1    | 	at org.apache.hadoop.net.SocketInputStream.read(SocketInputStream.java:131)
om1_1    | 2023-07-16 04:22:39,875 [om1-impl-thread1] INFO server.RaftServerConfigKeys: raft.server.log.statemachine.data.sync = true (default)
om1_1    | 2023-07-16 04:22:39,884 [om1-impl-thread1] INFO server.RaftServerConfigKeys: raft.server.log.statemachine.data.sync.timeout = 10s (default)
om1_1    | 2023-07-16 04:22:39,885 [om1-impl-thread1] INFO server.RaftServerConfigKeys: raft.server.log.statemachine.data.sync.timeout.retry = -1 (default)
dn5_1    | 	at org.apache.hadoop.net.NetUtils.wrapWithMessage(NetUtils.java:913)
dn5_1    | 	at org.apache.hadoop.net.NetUtils.wrapException(NetUtils.java:848)
dn3_1    | 	at org.apache.hadoop.ozone.container.common.states.endpoint.VersionEndpointTask.call(VersionEndpointTask.java:40)
dn3_1    | 	at java.base/java.util.concurrent.FutureTask.run(FutureTask.java:264)
dn3_1    | 	at java.base/java.util.concurrent.ThreadPoolExecutor.runWorker(ThreadPoolExecutor.java:1128)
scm2_1   | 2023-07-16 04:22:21,474 [main] INFO ha.SequenceIdGenerator: upgrade delTxnId to 0
dn2_1    | 	at java.base/java.util.concurrent.FutureTask.run(FutureTask.java:264)
dn4_1    | 	at java.base/java.io.FilterInputStream.read(FilterInputStream.java:133)
dn4_1    | 	at java.base/java.io.BufferedInputStream.fill(BufferedInputStream.java:252)
om1_1    | 2023-07-16 04:22:39,910 [om1-impl-thread1] INFO server.RaftServerConfigKeys: raft.server.log.write.buffer.size = 64KB (=65536) (default)
om1_1    | 2023-07-16 04:22:39,910 [om1-impl-thread1] INFO server.RaftServerConfigKeys: raft.server.log.unsafe-flush.enabled = false (default)
scm1_1   | 2023-07-16 04:21:22,851 [75d43aae-38ec-49c6-bf88-b9babad95780@group-E01C9EF2A55A-LeaderElection1] INFO server.RaftServerConfigKeys: raft.server.watch.timeout.denomination = 1s (default)
dn5_1    | 	at org.apache.hadoop.ipc.Client.getRpcResponse(Client.java:1616)
dn5_1    | 	at org.apache.hadoop.ipc.Client.call(Client.java:1558)
dn3_1    | 	at java.base/java.util.concurrent.ThreadPoolExecutor$Worker.run(ThreadPoolExecutor.java:628)
dn3_1    | 	at java.base/java.lang.Thread.run(Thread.java:829)
dn3_1    | Caused by: java.net.SocketTimeoutException: 5000 millis timeout while waiting for channel to be ready for read. ch : java.nio.channels.SocketChannel[connected local=/10.9.0.19:42860 remote=scm1/10.9.0.14:9861]
scm2_1   | 2023-07-16 04:22:21,479 [main] INFO ha.SequenceIdGenerator: upgrade containerId to 0
scm2_1   | 2023-07-16 04:22:21,487 [main] INFO ha.SequenceIdGenerator: Init the HA SequenceIdGenerator.
dn4_1    | 	at java.base/java.io.BufferedInputStream.read(BufferedInputStream.java:271)
om3_1    | 2023-07-16 04:22:36,215 [main] INFO server.RaftServerConfigKeys: raft.server.storage.dir = [/data/metadata/ratis] (custom)
dn5_1    | 	at org.apache.hadoop.ipc.Client.call(Client.java:1455)
scm1_1   | 2023-07-16 04:21:22,856 [75d43aae-38ec-49c6-bf88-b9babad95780@group-E01C9EF2A55A-LeaderElection1] INFO server.RaftServerConfigKeys: raft.server.watch.element-limit = 65536 (default)
scm1_1   | 2023-07-16 04:21:22,955 [75d43aae-38ec-49c6-bf88-b9babad95780@group-E01C9EF2A55A-LeaderElection1] INFO server.RaftServerConfigKeys: raft.server.write.element-limit = 4096 (default)
scm1_1   | 2023-07-16 04:21:23,018 [75d43aae-38ec-49c6-bf88-b9babad95780@group-E01C9EF2A55A-LeaderElection1] INFO server.RaftServerConfigKeys: raft.server.write.follower.gap.ratio.max = -1.0 (default)
scm1_1   | 2023-07-16 04:21:23,056 [75d43aae-38ec-49c6-bf88-b9babad95780@group-E01C9EF2A55A-LeaderElection1] INFO impl.RoleInfo: 75d43aae-38ec-49c6-bf88-b9babad95780: start 75d43aae-38ec-49c6-bf88-b9babad95780@group-E01C9EF2A55A-LeaderStateImpl
scm2_1   | 2023-07-16 04:22:21,640 [main] INFO node.SCMNodeManager: Entering startup safe mode.
scm2_1   | 2023-07-16 04:22:21,682 [main] INFO algorithms.ContainerPlacementPolicyFactory: Create container placement policy of type org.apache.hadoop.hdds.scm.container.placement.algorithms.SCMContainerPlacementRandom
dn4_1    | 	at java.base/java.io.FilterInputStream.read(FilterInputStream.java:83)
om3_1    | 2023-07-16 04:22:36,225 [main] INFO server.RaftServer: om3: addNew group-D66704EFC61C:[om1|rpc:om1:9872|priority:0|startupRole:FOLLOWER, om3|rpc:om3:9872|priority:0|startupRole:FOLLOWER, om2|rpc:om2:9872|priority:0|startupRole:FOLLOWER] returns group-D66704EFC61C:java.util.concurrent.CompletableFuture@c3719e5[Not completed]
om2_1    | 2023-07-16 04:22:40,374 [om2-impl-thread1] INFO segmented.SegmentedRaftLogWorker: new om2@group-D66704EFC61C-SegmentedRaftLogWorker for RaftStorageImpl:Storage Directory /data/metadata/ratis/5cb24680-b9e7-3c90-a862-d66704efc61c
om2_1    | 2023-07-16 04:22:40,399 [om2-impl-thread1] INFO server.RaftServerConfigKeys: raft.server.log.queue.byte-limit = 64MB (=67108864) (default)
dn5_1    | 	at org.apache.hadoop.ipc.ProtobufRpcEngine$Invoker.invoke(ProtobufRpcEngine.java:235)
dn5_1    | 	at org.apache.hadoop.ipc.ProtobufRpcEngine$Invoker.invoke(ProtobufRpcEngine.java:122)
scm3_1   | 2023-07-16 04:22:53,245 [pool-16-thread-1] INFO server.RaftServerConfigKeys: raft.server.log.corruption.policy = EXCEPTION (default)
dn1_1    | 	at org.apache.hadoop.net.NetUtils.wrapWithMessage(NetUtils.java:913)
dn1_1    | 	at org.apache.hadoop.net.NetUtils.wrapException(NetUtils.java:848)
dn1_1    | 	at org.apache.hadoop.ipc.Client.getRpcResponse(Client.java:1616)
scm2_1   | 2023-07-16 04:22:21,686 [main] INFO algorithms.ContainerPlacementPolicyFactory: Create container placement policy of type org.apache.hadoop.hdds.scm.container.placement.algorithms.SCMContainerPlacementRackScatter
scm2_1   | 2023-07-16 04:22:21,706 [main] INFO pipeline.PipelineStateManagerImpl: No pipeline exists in current db
dn4_1    | 	at java.base/java.io.FilterInputStream.read(FilterInputStream.java:83)
om3_1    | 2023-07-16 04:22:36,225 [main] INFO om.OzoneManager: OzoneManager Ratis server initialized at port 9872
om2_1    | 2023-07-16 04:22:40,411 [om2-impl-thread1] INFO server.RaftServerConfigKeys: raft.server.log.queue.element-limit = 4096 (default)
om2_1    | 2023-07-16 04:22:40,413 [om2-impl-thread1] INFO server.RaftServerConfigKeys: raft.server.log.segment.size.max = 4194304 (custom)
dn5_1    | 	at com.sun.proxy.$Proxy38.submitRequest(Unknown Source)
dn5_1    | 	at org.apache.hadoop.ozone.protocolPB.StorageContainerDatanodeProtocolClientSideTranslatorPB.submitRequest(StorageContainerDatanodeProtocolClientSideTranslatorPB.java:117)
dn2_1    | 	at java.base/java.util.concurrent.Executors$RunnableAdapter.call(Executors.java:515)
scm2_1   | 2023-07-16 04:22:21,773 [main] INFO algorithms.LeaderChoosePolicyFactory: Create leader choose policy of type org.apache.hadoop.hdds.scm.pipeline.leader.choose.algorithms.MinLeaderCountChoosePolicy
dn4_1    | 	at org.apache.hadoop.ipc.Client$Connection$PingInputStream.read(Client.java:563)
dn4_1    | 	at java.base/java.io.DataInputStream.readInt(DataInputStream.java:392)
om2_1    | 2023-07-16 04:22:40,413 [om2-impl-thread1] INFO server.RaftServerConfigKeys: raft.server.log.preallocated.size = 4194304 (custom)
om2_1    | 2023-07-16 04:22:40,416 [om2-impl-thread1] INFO server.RaftServerConfigKeys: raft.server.log.force.sync.num = 128 (default)
dn5_1    | 	at org.apache.hadoop.ozone.protocolPB.StorageContainerDatanodeProtocolClientSideTranslatorPB.getVersion(StorageContainerDatanodeProtocolClientSideTranslatorPB.java:133)
dn5_1    | 	at org.apache.hadoop.ozone.container.common.states.endpoint.VersionEndpointTask.call(VersionEndpointTask.java:69)
scm3_1   | 2023-07-16 04:22:53,247 [pool-16-thread-1] INFO server.RaftServerConfigKeys: raft.server.storage.free-space.min = 0MB (=0) (default)
scm3_1   | 2023-07-16 04:22:53,272 [pool-16-thread-1] INFO server.RaftServerConfigKeys: raft.server.notification.no-leader.timeout = 60s (default)
scm3_1   | 2023-07-16 04:22:53,275 [pool-16-thread-1] INFO server.RaftServerConfigKeys: raft.server.retrycache.expirytime = 60000ms (default)
scm3_1   | 2023-07-16 04:22:53,275 [pool-16-thread-1] INFO server.RaftServerConfigKeys: raft.server.retrycache.statistics.expirytime = 100?s (default)
dn2_1    | 	at java.base/java.util.concurrent.FutureTask.run(FutureTask.java:264)
scm2_1   | 2023-07-16 04:22:21,775 [main] INFO algorithms.ContainerPlacementPolicyFactory: Create container placement policy of type org.apache.hadoop.hdds.scm.container.placement.algorithms.SCMContainerPlacementRackScatter
scm2_1   | 2023-07-16 04:22:21,801 [main] INFO ha.SCMServiceManager: Registering service BackgroundPipelineCreator.
om3_1    | 2023-07-16 04:22:36,383 [main] INFO om.OzoneManager: Creating RPC Server
om2_1    | 2023-07-16 04:22:40,417 [om2-impl-thread1] INFO server.RaftServerConfigKeys: raft.server.log.statemachine.data.sync = true (default)
om2_1    | 2023-07-16 04:22:40,428 [om2-impl-thread1] INFO server.RaftServerConfigKeys: raft.server.log.statemachine.data.sync.timeout = 10s (default)
dn5_1    | 	at org.apache.hadoop.ozone.container.common.states.endpoint.VersionEndpointTask.call(VersionEndpointTask.java:40)
dn5_1    | 	at java.base/java.util.concurrent.FutureTask.run(FutureTask.java:264)
scm3_1   | 2023-07-16 04:22:53,424 [pool-16-thread-1] INFO server.RaftServerConfigKeys: raft.server.log.appender.install.snapshot.enabled = false (custom)
scm3_1   | 2023-07-16 04:22:53,426 [pool-16-thread-1] INFO server.RaftServerConfigKeys: raft.server.threadpool.server.cached = true (default)
scm3_1   | 2023-07-16 04:22:53,427 [pool-16-thread-1] INFO server.RaftServerConfigKeys: raft.server.threadpool.server.size = 0 (default)
scm3_1   | 2023-07-16 04:22:53,427 [pool-16-thread-1] INFO server.RaftServerConfigKeys: raft.server.threadpool.client.cached = true (default)
dn2_1    | 	at java.base/java.util.concurrent.ThreadPoolExecutor.runWorker(ThreadPoolExecutor.java:1128)
dn4_1    | 	at org.apache.hadoop.ipc.Client$IpcStreams.readResponse(Client.java:1922)
dn4_1    | 	at org.apache.hadoop.ipc.Client$Connection.receiveRpcResponse(Client.java:1238)
om2_1    | 2023-07-16 04:22:40,429 [om2-impl-thread1] INFO server.RaftServerConfigKeys: raft.server.log.statemachine.data.sync.timeout.retry = -1 (default)
om2_1    | 2023-07-16 04:22:40,468 [om2-impl-thread1] INFO server.RaftServerConfigKeys: raft.server.log.write.buffer.size = 64KB (=65536) (default)
dn5_1    | 	at java.base/java.util.concurrent.ThreadPoolExecutor.runWorker(ThreadPoolExecutor.java:1128)
dn5_1    | 	at java.base/java.util.concurrent.ThreadPoolExecutor$Worker.run(ThreadPoolExecutor.java:628)
scm3_1   | 2023-07-16 04:22:53,428 [pool-16-thread-1] INFO server.RaftServerConfigKeys: raft.server.threadpool.client.size = 0 (default)
scm3_1   | 2023-07-16 04:22:53,429 [main] INFO ha.SCMSnapshotProvider: Initializing SCM Snapshot Provider
scm3_1   | 2023-07-16 04:22:53,430 [main] WARN server.ServerUtils: Storage directory for Ratis is not configured. It is a good idea to map this to an SSD disk. Falling back to ozone.metadata.dirs
scm3_1   | 2023-07-16 04:22:53,430 [main] WARN ha.SCMHAUtils: SCM snapshot dir is not configured. Falling back to ozone.metadata.dirs config
dn2_1    | 	at java.base/java.util.concurrent.ThreadPoolExecutor$Worker.run(ThreadPoolExecutor.java:628)
om2_1    | 2023-07-16 04:22:40,474 [om2-impl-thread1] INFO server.RaftServerConfigKeys: raft.server.log.unsafe-flush.enabled = false (default)
om2_1    | 2023-07-16 04:22:40,475 [om2-impl-thread1] INFO server.RaftServerConfigKeys: raft.server.log.async-flush.enabled = false (default)
dn5_1    | 	at java.base/java.lang.Thread.run(Thread.java:829)
recon_1  | 	at org.apache.hadoop.security.UserGroupInformation.doAs(UserGroupInformation.java:1878)
scm3_1   | 2023-07-16 04:22:53,446 [main] INFO upgrade.AbstractLayoutVersionManager: Initializing Layout version manager with metadata layout = DATANODE_SCHEMA_V3 (version = 4), software layout = DATANODE_SCHEMA_V3 (version = 4)
scm3_1   | 2023-07-16 04:22:53,671 [main] INFO reflections.Reflections: Reflections took 195 ms to scan 3 urls, producing 112 keys and 252 values 
scm3_1   | 2023-07-16 04:22:53,736 [main] INFO ha.SequenceIdGenerator: upgrade localId to 111677748019200000
scm3_1   | 2023-07-16 04:22:53,736 [main] INFO ha.SequenceIdGenerator: upgrade delTxnId to 0
dn2_1    | 	... 1 more
dn2_1    | 2023-07-16 04:22:12,991 [EndpointStateMachine task thread for scm3/10.9.0.16:9861 - 0 ] INFO ipc.Client: Retrying connect to server: scm3/10.9.0.16:9861. Already tried 0 time(s); retry policy is RetryUpToMaximumCountWithFixedSleep(maxRetries=15, sleepTime=1000 MILLISECONDS)
scm2_1   | 2023-07-16 04:22:21,804 [main] INFO pipeline.BackgroundPipelineCreator: Starting RatisPipelineUtilsThread.
dn4_1    | 	at org.apache.hadoop.ipc.Client$Connection.run(Client.java:1134)
om2_1    | 2023-07-16 04:22:40,475 [om2-impl-thread1] INFO server.RaftServerConfigKeys: raft.server.log.statemachine.data.caching.enabled = false (default)
om2_1    | 2023-07-16 04:22:40,488 [om2-impl-thread1] INFO segmented.SegmentedRaftLogWorker: om2@group-D66704EFC61C-SegmentedRaftLogWorker: flushIndex: setUnconditionally 0 -> -1
scm3_1   | 2023-07-16 04:22:53,739 [main] INFO ha.SequenceIdGenerator: upgrade containerId to 0
scm3_1   | 2023-07-16 04:22:53,740 [main] INFO ha.SequenceIdGenerator: Init the HA SequenceIdGenerator.
scm3_1   | 2023-07-16 04:22:53,772 [main] INFO node.SCMNodeManager: Entering startup safe mode.
scm3_1   | 2023-07-16 04:22:53,783 [main] INFO algorithms.ContainerPlacementPolicyFactory: Create container placement policy of type org.apache.hadoop.hdds.scm.container.placement.algorithms.SCMContainerPlacementRandom
dn5_1    | Caused by: java.net.SocketTimeoutException: 5000 millis timeout while waiting for channel to be ready for read. ch : java.nio.channels.SocketChannel[connected local=/10.9.0.21:52880 remote=scm1/10.9.0.14:9861]
dn5_1    | 	at org.apache.hadoop.net.SocketIOWithTimeout.doIO(SocketIOWithTimeout.java:163)
dn5_1    | 	at org.apache.hadoop.net.SocketInputStream.read(SocketInputStream.java:161)
scm2_1   | 2023-07-16 04:22:21,821 [main] INFO BackgroundPipelineScrubber: Starting BackgroundPipelineScrubber Service.
dn4_1    | 2023-07-16 04:22:07,951 [EndpointStateMachine task thread for scm2/10.9.0.15:9861 - 0 ] INFO ipc.Client: Retrying connect to server: scm2/10.9.0.15:9861. Already tried 11 time(s); retry policy is RetryUpToMaximumCountWithFixedSleep(maxRetries=15, sleepTime=1000 MILLISECONDS)
om2_1    | 2023-07-16 04:22:40,492 [om2-impl-thread1] INFO segmented.SegmentedRaftLogWorker: om2@group-D66704EFC61C-SegmentedRaftLogWorker: safeCacheEvictIndex: setUnconditionally 0 -> -1
om1_1    | 2023-07-16 04:22:39,911 [om1-impl-thread1] INFO server.RaftServerConfigKeys: raft.server.log.async-flush.enabled = false (default)
recon_1  | 	at org.apache.hadoop.ipc.Server$Handler.run(Server.java:2976)
scm3_1   | 2023-07-16 04:22:53,784 [main] INFO algorithms.ContainerPlacementPolicyFactory: Create container placement policy of type org.apache.hadoop.hdds.scm.container.placement.algorithms.SCMContainerPlacementRackScatter
scm3_1   | 2023-07-16 04:22:53,789 [main] INFO pipeline.PipelineStateManagerImpl: No pipeline exists in current db
