s3g_1    | WARNING: Illegal reflective access by org.jboss.classfilewriter.ClassFile$1 (file:/opt/hadoop/share/ozone/lib/weld-servlet-2.4.7.Final.jar) to method java.lang.ClassLoader.defineClass(java.lang.String,byte[],int,int)
recon_1  | 2023-07-16 04:21:54,108 [main] WARN recon.ReconUtils: ozone.recon.scm.db.dirs is not configured. We recommend adding this setting. Falling back to ozone.metadata.dirs instead.
om1_1    | 2023-07-16 04:22:23,588 [main] INFO ha.OMHANodeDetails: Setting configuration key ozone.om.address with value of key ozone.om.address.omservice.om1: om1
dn1_1    | 	at org.apache.hadoop.ozone.container.common.states.datanode.RunningDatanodeState.computeNextContainerState(RunningDatanodeState.java:199)
dn1_1    | 	at org.apache.hadoop.ozone.container.common.states.datanode.RunningDatanodeState.await(RunningDatanodeState.java:239)
om3_1    | 	at org.apache.hadoop.ipc.ProtobufRpcEngine$Server.processCall(ProtobufRpcEngine.java:465)
scm1_1   | 2023-07-16 04:21:08,507 [main] INFO server.GrpcService: raft.grpc.flow.control.window = 1MB (=1048576) (default)
scm3_1   | ************************************************************/
scm3_1   | 2023-07-16 04:22:36,297 [main] INFO server.StorageContainerManagerStarter: registered UNIX signal handlers for [TERM, HUP, INT]
dn2_1    | 	at org.apache.hadoop.ipc.ProtobufRpcEngine$Invoker.invoke(ProtobufRpcEngine.java:235)
dn4_1    | 2023-07-16 04:22:02,943 [EndpointStateMachine task thread for scm3/10.9.0.16:9861 - 0 ] INFO ipc.Client: Retrying connect to server: scm3/10.9.0.16:9861. Already tried 6 time(s); retry policy is RetryUpToMaximumCountWithFixedSleep(maxRetries=15, sleepTime=1000 MILLISECONDS)
dn5_1    | 2023-07-16 04:21:46,994 [main] INFO http.BaseHttpServer: Hadoop Security Enabled: false Ozone Security Enabled: false Ozone HTTP Security Enabled: false 
s3g_1    | WARNING: Please consider reporting this to the maintainers of org.jboss.classfilewriter.ClassFile$1
s3g_1    | WARNING: Use --illegal-access=warn to enable warnings of further illegal reflective access operations
dn1_1    | 	at org.apache.hadoop.ozone.container.common.states.datanode.RunningDatanodeState.await(RunningDatanodeState.java:50)
dn1_1    | 	at org.apache.hadoop.ozone.container.common.statemachine.StateContext.execute(StateContext.java:660)
om1_1    | 2023-07-16 04:22:23,613 [main] WARN server.ServerUtils: ozone.om.db.dirs is not configured. We recommend adding this setting. Falling back to ozone.metadata.dirs instead.
om3_1    | 	at org.apache.hadoop.ipc.ProtobufRpcEngine2$Server$ProtoBufRpcInvoker.call(ProtobufRpcEngine2.java:578)
scm1_1   | 2023-07-16 04:21:08,514 [main] INFO server.RaftServerConfigKeys: raft.server.rpc.request.timeout = 30000ms (custom)
scm3_1   | 2023-07-16 04:22:36,571 [main] WARN server.ServerUtils: ozone.scm.db.dirs is not configured. We recommend adding this setting. Falling back to ozone.metadata.dirs instead.
scm3_1   | 2023-07-16 04:22:36,715 [main] INFO ha.SCMHANodeDetails: ServiceID for StorageContainerManager is null
scm3_1   | 2023-07-16 04:22:36,715 [main] INFO ha.SCMHANodeDetails: ozone.scm.default.service.id is not defined, falling back to ozone.scm.service.ids to find serviceID for StorageContainerManager if it is HA enabled cluster
dn4_1    | 2023-07-16 04:22:02,945 [EndpointStateMachine task thread for scm2/10.9.0.15:9861 - 0 ] INFO ipc.Client: Retrying connect to server: scm2/10.9.0.15:9861. Already tried 6 time(s); retry policy is RetryUpToMaximumCountWithFixedSleep(maxRetries=15, sleepTime=1000 MILLISECONDS)
dn5_1    | 2023-07-16 04:21:47,408 [main] INFO util.log: Logging initialized @58928ms to org.eclipse.jetty.util.log.Slf4jLog
s3g_1    | WARNING: All illegal access operations will be denied in a future release
s3g_1    | Jul 16, 2023 4:21:52 AM org.glassfish.jersey.internal.Errors logErrors
dn1_1    | 	at org.apache.hadoop.ozone.container.common.statemachine.DatanodeStateMachine.startStateMachineThread(DatanodeStateMachine.java:298)
dn1_1    | 	at org.apache.hadoop.ozone.container.common.statemachine.DatanodeStateMachine.lambda$startDaemon$0(DatanodeStateMachine.java:493)
om1_1    | 2023-07-16 04:22:23,716 [main] INFO upgrade.AbstractLayoutVersionManager: Initializing Layout version manager with metadata layout = MULTITENANCY_SCHEMA (version = 3), software layout = MULTITENANCY_SCHEMA (version = 3)
om3_1    | 	at org.apache.hadoop.ipc.ProtobufRpcEngine2$Server$ProtoBufRpcInvoker.call(ProtobufRpcEngine2.java:556)
scm1_1   | 2023-07-16 04:21:08,624 [main] INFO grpc.GrpcConfigKeys: raft.grpc.server.heartbeat.channel = true (default)
scm1_1   | 2023-07-16 04:21:08,798 [main] INFO grpc.GrpcConfigKeys: raft.grpc.server.async.request.thread.pool.cached = true (default)
scm1_1   | 2023-07-16 04:21:08,847 [main] INFO grpc.GrpcConfigKeys: raft.grpc.server.async.request.thread.pool.size = 32 (default)
scm1_1   | 2023-07-16 04:21:11,838 [main] INFO impl.DataStreamServerImpl: raft.datastream.type = DISABLED (default)
dn4_1    | 2023-07-16 04:22:02,974 [EndpointStateMachine task thread for recon/10.9.0.22:9891 - 0 ] WARN statemachine.EndpointStateMachine: Unable to communicate to Recon server at recon:9891 for past 0 seconds.
dn5_1    | 2023-07-16 04:21:48,757 [main] WARN server.AuthenticationFilter: Unable to initialize FileSignerSecretProvider, falling back to use random secrets. Reason: Could not read signature secret file: /opt/hadoop/hadoop-http-auth-signature-secret
s3g_1    | WARNING: The following warnings have been detected: WARNING: A HTTP GET method, public javax.ws.rs.core.Response org.apache.hadoop.ozone.s3.endpoint.ObjectEndpoint.get(java.lang.String,java.lang.String,java.lang.String,int,java.lang.String,java.io.InputStream) throws java.io.IOException,org.apache.hadoop.ozone.s3.exception.OS3Exception, should not consume any entity.
s3g_1    | 
dn1_1    | 	at java.base/java.lang.Thread.run(Thread.java:829)
dn1_1    | Caused by: java.util.concurrent.TimeoutException
scm1_1   | 2023-07-16 04:21:11,879 [main] INFO server.RaftServerConfigKeys: raft.server.threadpool.proxy.cached = true (default)
om2_1    | ************************************************************/
om2_1    | 2023-07-16 04:22:18,237 [main] INFO om.OzoneManagerStarter: registered UNIX signal handlers for [TERM, HUP, INT]
om2_1    | 2023-07-16 04:22:22,356 [main] INFO audit.AuditLogger: Refresh DebugCmdSet for OMAudit to [].
dn4_1    | java.net.SocketTimeoutException: Call From 9080cb51a97e/10.9.0.20 to recon:9891 failed on socket timeout exception: java.net.SocketTimeoutException: 5000 millis timeout while waiting for channel to be ready for read. ch : java.nio.channels.SocketChannel[connected local=/10.9.0.20:59512 remote=recon/10.9.0.22:9891]; For more details see:  http://wiki.apache.org/hadoop/SocketTimeout
dn5_1    | 2023-07-16 04:21:48,824 [main] INFO http.HttpRequestLog: Http request log for http.requests.hddsDatanode is not defined
dn3_1    | 2023-07-16 04:21:53,253 [Datanode State Machine Daemon Thread] INFO statemachine.DatanodeStateMachine: Ozone container server started.
s3g_1    | 2023-07-16 04:21:52,544 [main] INFO handler.ContextHandler: Started o.e.j.w.WebAppContext@20b829d5{s3gateway,/,file:///tmp/jetty-0_0_0_0-9878-ozone-s3gateway-1_3_0_jar-_-any-1799466915913012626/webapp/,AVAILABLE}{jar:file:/opt/hadoop/share/ozone/lib/ozone-s3gateway-1.3.0.jar!/webapps/s3gateway}
recon_1  | 2023-07-16 04:21:54,682 [main] INFO net.NodeSchemaLoader: Loading schema from [file:/etc/hadoop/network-topology-default.xml, jar:file:/opt/hadoop/share/ozone/lib/hdds-common-1.3.0.jar!/network-topology-default.xml]
recon_1  | 2023-07-16 04:21:54,689 [main] INFO net.NodeSchemaLoader: Loading network topology layer schema file
dn1_1    | 	at java.base/java.util.concurrent.FutureTask.get(FutureTask.java:204)
dn1_1    | 	at org.apache.hadoop.ozone.container.common.states.datanode.RunningDatanodeState.lambda$execute$0(RunningDatanodeState.java:157)
dn1_1    | 	at java.base/java.util.concurrent.FutureTask.run(FutureTask.java:264)
scm1_1   | 2023-07-16 04:21:11,916 [main] INFO server.RaftServerConfigKeys: raft.server.threadpool.proxy.size = 0 (default)
om2_1    | 2023-07-16 04:22:23,771 [main] INFO ha.OMHANodeDetails: ozone.om.internal.service.id is not defined, falling back to ozone.om.service.ids to find serviceID for OzoneManager if it is HA enabled cluster
om2_1    | 2023-07-16 04:22:24,023 [main] INFO ha.OMHANodeDetails: Found matching OM address with OMServiceId: omservice, OMNodeId: om2, RPC Address: om2:9862 and Ratis port: 9872
om2_1    | 2023-07-16 04:22:24,025 [main] INFO ha.OMHANodeDetails: Setting configuration key ozone.om.address with value of key ozone.om.address.omservice.om2: om2
dn4_1    | 	at java.base/jdk.internal.reflect.NativeConstructorAccessorImpl.newInstance0(Native Method)
dn5_1    | 2023-07-16 04:21:48,931 [main] INFO http.HttpServer2: Added global filter 'safety' (class=org.apache.hadoop.hdds.server.http.HttpServer2$QuotingInputFilter)
dn3_1    | 2023-07-16 04:21:53,576 [org.apache.hadoop.util.JvmPauseMonitor$Monitor@5ff597cd] INFO util.JvmPauseMonitor: Starting JVM pause monitor
recon_1  | 2023-07-16 04:21:55,267 [main] WARN db.DBStoreBuilder: ozone.recon.scm.db.dirs is not configured. We recommend adding this setting. Falling back to ozone.metadata.dirs instead.
recon_1  | 2023-07-16 04:21:55,909 [main] INFO upgrade.AbstractLayoutVersionManager: Initializing Layout version manager with metadata layout = DATANODE_SCHEMA_V3 (version = 4), software layout = DATANODE_SCHEMA_V3 (version = 4)
recon_1  | 2023-07-16 04:21:56,316 [main] INFO reflections.Reflections: Reflections took 360 ms to scan 3 urls, producing 112 keys and 252 values 
scm2_1   | 2023-07-16 04:21:58,683 [main] INFO retry.RetryInvocationHandler: com.google.protobuf.ServiceException: java.net.ConnectException: Call From d24ed7f4eec4/10.9.0.15 to scm3:9863 failed on connection exception: java.net.ConnectException: Connection refused; For more details see:  http://wiki.apache.org/hadoop/ConnectionRefused, while invoking $Proxy14.send over nodeId=scm3,nodeAddress=scm3/10.9.0.16:9863 after 9 failover attempts. Trying to failover after sleeping for 2000ms.
scm2_1   | 2023-07-16 04:22:00,685 [main] INFO retry.RetryInvocationHandler: com.google.protobuf.ServiceException: java.net.ConnectException: Call From d24ed7f4eec4/10.9.0.15 to scm1:9863 failed on connection exception: java.net.ConnectException: Connection refused; For more details see:  http://wiki.apache.org/hadoop/ConnectionRefused, while invoking $Proxy14.send over nodeId=scm1,nodeAddress=scm1/10.9.0.14:9863 after 10 failover attempts. Trying to failover after sleeping for 2000ms.
s3g_1    | 2023-07-16 04:21:52,770 [main] INFO server.AbstractConnector: Started ServerConnector@38b27cdc{HTTP/1.1, (http/1.1)}{0.0.0.0:9878}
scm1_1   | 2023-07-16 04:21:11,928 [main] INFO server.RaftServerConfigKeys: raft.server.rpc.slowness.timeout = 120000ms (custom)
dn4_1    | 	at java.base/jdk.internal.reflect.NativeConstructorAccessorImpl.newInstance(NativeConstructorAccessorImpl.java:62)
dn5_1    | 2023-07-16 04:21:48,967 [main] INFO http.HttpServer2: Added filter static_user_filter (class=org.apache.hadoop.http.lib.StaticUserWebFilter$StaticUserFilter) to context hddsDatanode
dn3_1    | 2023-07-16 04:21:54,247 [Datanode State Machine Task Thread - 0] INFO statemachine.SCMConnectionManager: Adding Recon Server : recon/10.9.0.22:9891
recon_1  | 2023-07-16 04:21:56,462 [main] INFO ha.SequenceIdGenerator: Init the HA SequenceIdGenerator.
dn1_1    | 	at java.base/java.util.concurrent.Executors$RunnableAdapter.call(Executors.java:515)
om1_1    | 2023-07-16 04:22:24,828 [main] INFO reflections.Reflections: Reflections took 910 ms to scan 1 urls, producing 114 keys and 335 values [using 2 cores]
scm2_1   | 2023-07-16 04:22:02,687 [main] INFO retry.RetryInvocationHandler: com.google.protobuf.ServiceException: java.net.ConnectException: Call From d24ed7f4eec4/10.9.0.15 to scm3:9863 failed on connection exception: java.net.ConnectException: Connection refused; For more details see:  http://wiki.apache.org/hadoop/ConnectionRefused, while invoking $Proxy14.send over nodeId=scm3,nodeAddress=scm3/10.9.0.16:9863 after 11 failover attempts. Trying to failover after sleeping for 2000ms.
scm2_1   | 2023-07-16 04:22:05,920 [main] INFO retry.RetryInvocationHandler: com.google.protobuf.ServiceException: org.apache.hadoop.ipc.RemoteException(org.apache.hadoop.hdds.ratis.ServerNotLeaderException): Server:75d43aae-38ec-49c6-bf88-b9babad95780 is not the leader. Could not determine the leader node.
s3g_1    | 2023-07-16 04:21:52,770 [main] INFO server.Server: Started @67937ms
om3_1    | 	at org.apache.hadoop.ipc.RPC$Server.call(RPC.java:1093)
dn4_1    | 	at java.base/jdk.internal.reflect.DelegatingConstructorAccessorImpl.newInstance(DelegatingConstructorAccessorImpl.java:45)
dn2_1    | 	at org.apache.hadoop.ipc.ProtobufRpcEngine$Invoker.invoke(ProtobufRpcEngine.java:122)
dn3_1    | 2023-07-16 04:21:54,692 [Datanode State Machine Task Thread - 0] INFO datanode.InitDatanodeState: DatanodeDetails is persisted to /data/datanode.id
recon_1  | 2023-07-16 04:21:56,526 [main] INFO node.SCMNodeManager: Entering startup safe mode.
dn1_1    | 	at java.base/java.util.concurrent.FutureTask.run(FutureTask.java:264)
om1_1    | 2023-07-16 04:22:24,874 [main] WARN server.ServerUtils: ozone.om.db.dirs is not configured. We recommend adding this setting. Falling back to ozone.metadata.dirs instead.
om1_1    | 2023-07-16 04:22:25,913 [main] INFO proxy.SCMBlockLocationFailoverProxyProvider: Created block location fail-over proxy with 3 nodes: [nodeId=scm2,nodeAddress=scm2/10.9.0.15:9863, nodeId=scm1,nodeAddress=scm1/10.9.0.14:9863, nodeId=scm3,nodeAddress=scm3/10.9.0.16:9863]
scm1_1   | 2023-07-16 04:21:11,932 [main] INFO server.RaftServerConfigKeys: raft.server.leaderelection.leader.step-down.wait-time = 10s (default)
scm2_1   | 	at org.apache.hadoop.hdds.ratis.ServerNotLeaderException.convertToNotLeaderException(ServerNotLeaderException.java:109)
scm2_1   | 	at org.apache.hadoop.hdds.scm.ha.RatisUtil.checkRatisException(RatisUtil.java:246)
om2_1    | 2023-07-16 04:22:24,039 [main] WARN server.ServerUtils: ozone.om.db.dirs is not configured. We recommend adding this setting. Falling back to ozone.metadata.dirs instead.
om2_1    | 2023-07-16 04:22:24,142 [main] INFO upgrade.AbstractLayoutVersionManager: Initializing Layout version manager with metadata layout = MULTITENANCY_SCHEMA (version = 3), software layout = MULTITENANCY_SCHEMA (version = 3)
om2_1    | 2023-07-16 04:22:25,264 [main] INFO reflections.Reflections: Reflections took 911 ms to scan 1 urls, producing 114 keys and 335 values [using 2 cores]
dn4_1    | 	at java.base/java.lang.reflect.Constructor.newInstance(Constructor.java:490)
dn3_1    | 2023-07-16 04:21:56,991 [EndpointStateMachine task thread for scm1/10.9.0.14:9861 - 0 ] INFO ipc.Client: Retrying connect to server: scm1/10.9.0.14:9861. Already tried 0 time(s); retry policy is RetryUpToMaximumCountWithFixedSleep(maxRetries=15, sleepTime=1000 MILLISECONDS)
recon_1  | 2023-07-16 04:21:56,535 [main] INFO scm.ReconNodeManager: Loaded 0 nodes from node DB.
dn1_1    | 	at java.base/java.util.concurrent.ThreadPoolExecutor.runWorker(ThreadPoolExecutor.java:1128)
om1_1    | 2023-07-16 04:22:26,141 [main] INFO proxy.SCMBlockLocationFailoverProxyProvider: Created block location fail-over proxy with 3 nodes: [nodeId=scm2,nodeAddress=scm2/10.9.0.15:9863, nodeId=scm1,nodeAddress=scm1/10.9.0.14:9863, nodeId=scm3,nodeAddress=scm3/10.9.0.16:9863]
om1_1    | 2023-07-16 04:22:28,405 [main] WARN server.ServerUtils: ozone.om.db.dirs is not configured. We recommend adding this setting. Falling back to ozone.metadata.dirs instead.
scm2_1   | 	at org.apache.hadoop.hdds.scm.protocol.ScmBlockLocationProtocolServerSideTranslatorPB.send(ScmBlockLocationProtocolServerSideTranslatorPB.java:109)
scm2_1   | 	at org.apache.hadoop.hdds.protocol.proto.ScmBlockLocationProtocolProtos$ScmBlockLocationProtocolService$2.callBlockingMethod(ScmBlockLocationProtocolProtos.java:14202)
scm1_1   | 2023-07-16 04:21:11,977 [main] INFO server.RaftServerConfigKeys: raft.server.storage.dir = [/data/metadata/scm-ha] (custom)
scm1_1   | 2023-07-16 04:21:12,164 [main] INFO server.RaftServer: 75d43aae-38ec-49c6-bf88-b9babad95780: addNew group-E01C9EF2A55A:[75d43aae-38ec-49c6-bf88-b9babad95780|rpc:scm1:9894|priority:0|startupRole:FOLLOWER] returns group-E01C9EF2A55A:java.util.concurrent.CompletableFuture@7e242b4d[Not completed]
dn5_1    | 2023-07-16 04:21:48,967 [main] INFO http.HttpServer2: Added filter static_user_filter (class=org.apache.hadoop.http.lib.StaticUserWebFilter$StaticUserFilter) to context logs
dn5_1    | 2023-07-16 04:21:48,981 [main] INFO http.HttpServer2: Added filter static_user_filter (class=org.apache.hadoop.http.lib.StaticUserWebFilter$StaticUserFilter) to context static
dn4_1    | 	at org.apache.hadoop.net.NetUtils.wrapWithMessage(NetUtils.java:913)
dn3_1    | 2023-07-16 04:21:56,992 [EndpointStateMachine task thread for recon/10.9.0.22:9891 - 0 ] INFO ipc.Client: Retrying connect to server: recon/10.9.0.22:9891. Already tried 0 time(s); retry policy is RetryUpToMaximumCountWithFixedSleep(maxRetries=15, sleepTime=1000 MILLISECONDS)
recon_1  | 2023-07-16 04:21:56,553 [main] INFO algorithms.ContainerPlacementPolicyFactory: Create container placement policy of type org.apache.hadoop.hdds.scm.container.placement.algorithms.SCMContainerPlacementRandom
dn1_1    | 	at java.base/java.util.concurrent.ThreadPoolExecutor$Worker.run(ThreadPoolExecutor.java:628)
om1_1    | 2023-07-16 04:22:28,856 [main] INFO codec.OmKeyInfoCodec: OmKeyInfoCodec ignorePipeline = true
om1_1    | 2023-07-16 04:22:28,858 [main] INFO codec.RepeatedOmKeyInfoCodec: RepeatedOmKeyInfoCodec ignorePipeline = true
scm2_1   | 	at org.apache.hadoop.ipc.ProtobufRpcEngine$Server.processCall(ProtobufRpcEngine.java:465)
scm2_1   | 	at org.apache.hadoop.ipc.ProtobufRpcEngine2$Server$ProtoBufRpcInvoker.call(ProtobufRpcEngine2.java:578)
om2_1    | 2023-07-16 04:22:25,356 [main] WARN server.ServerUtils: ozone.om.db.dirs is not configured. We recommend adding this setting. Falling back to ozone.metadata.dirs instead.
om2_1    | 2023-07-16 04:22:26,218 [main] INFO proxy.SCMBlockLocationFailoverProxyProvider: Created block location fail-over proxy with 3 nodes: [nodeId=scm2,nodeAddress=scm2/10.9.0.15:9863, nodeId=scm1,nodeAddress=scm1/10.9.0.14:9863, nodeId=scm3,nodeAddress=scm3/10.9.0.16:9863]
om2_1    | 2023-07-16 04:22:26,332 [main] INFO proxy.SCMBlockLocationFailoverProxyProvider: Created block location fail-over proxy with 3 nodes: [nodeId=scm2,nodeAddress=scm2/10.9.0.15:9863, nodeId=scm1,nodeAddress=scm1/10.9.0.14:9863, nodeId=scm3,nodeAddress=scm3/10.9.0.16:9863]
scm1_1   | 2023-07-16 04:21:12,503 [pool-2-thread-1] INFO server.RaftServer$Division: 75d43aae-38ec-49c6-bf88-b9babad95780: new RaftServerImpl for group-E01C9EF2A55A:[75d43aae-38ec-49c6-bf88-b9babad95780|rpc:scm1:9894|priority:0|startupRole:FOLLOWER] with SCMStateMachine:uninitialized
dn4_1    | 	at org.apache.hadoop.net.NetUtils.wrapException(NetUtils.java:848)
dn3_1    | 2023-07-16 04:21:56,993 [EndpointStateMachine task thread for scm3/10.9.0.16:9861 - 0 ] INFO ipc.Client: Retrying connect to server: scm3/10.9.0.16:9861. Already tried 0 time(s); retry policy is RetryUpToMaximumCountWithFixedSleep(maxRetries=15, sleepTime=1000 MILLISECONDS)
recon_1  | 2023-07-16 04:21:56,822 [main] INFO audit.AuditLogger: Refresh DebugCmdSet for SCMAudit to [].
dn1_1    | 	... 1 more
om1_1    | 2023-07-16 04:22:30,314 [main] INFO om.OzoneManager: S3 Multi-Tenancy is disabled
om1_1    | 2023-07-16 04:22:30,612 [main] INFO om.OzoneManager: Created Volume s3v With Owner hadoop required for S3Gateway operations.
scm2_1   | 	at org.apache.hadoop.ipc.ProtobufRpcEngine2$Server$ProtoBufRpcInvoker.call(ProtobufRpcEngine2.java:556)
scm2_1   | 	at org.apache.hadoop.ipc.RPC$Server.call(RPC.java:1093)
scm2_1   | 	at org.apache.hadoop.ipc.Server$RpcCall.run(Server.java:1043)
dn5_1    | 2023-07-16 04:21:49,845 [main] INFO http.HttpServer2: Jetty bound to port 9882
dn5_1    | 2023-07-16 04:21:49,864 [main] INFO server.Server: jetty-9.4.49.v20220914; built: 2022-09-14T01:07:36.601Z; git: 4231a3b2e4cb8548a412a789936d640a97b1aa0a; jvm 11.0.14.1+1-LTS
scm1_1   | 2023-07-16 04:21:12,556 [pool-2-thread-1] INFO server.RaftServerConfigKeys: raft.server.rpc.timeout.min = 5000ms (custom)
scm1_1   | 2023-07-16 04:21:12,571 [pool-2-thread-1] INFO server.RaftServerConfigKeys: raft.server.rpc.timeout.max = 5200ms (custom)
dn3_1    | 2023-07-16 04:21:57,004 [EndpointStateMachine task thread for scm2/10.9.0.15:9861 - 0 ] INFO ipc.Client: Retrying connect to server: scm2/10.9.0.15:9861. Already tried 0 time(s); retry policy is RetryUpToMaximumCountWithFixedSleep(maxRetries=15, sleepTime=1000 MILLISECONDS)
recon_1  | 2023-07-16 04:21:56,918 [main] INFO ipc.CallQueueManager: Using callQueue: class java.util.concurrent.LinkedBlockingQueue, queueCapacity: 10000, scheduler: class org.apache.hadoop.ipc.DefaultRpcScheduler, ipcBackoff: false.
dn1_1    | 2023-07-16 04:22:02,153 [EndpointStateMachine task thread for scm3/10.9.0.16:9861 - 0 ] INFO ipc.Client: Retrying connect to server: scm3/10.9.0.16:9861. Already tried 7 time(s); retry policy is RetryUpToMaximumCountWithFixedSleep(maxRetries=15, sleepTime=1000 MILLISECONDS)
om1_1    | 2023-07-16 04:22:30,847 [main] WARN server.ServerUtils: Storage directory for Ratis is not configured. It is a good idea to map this to an SSD disk. Falling back to ozone.metadata.dirs
om1_1    | 2023-07-16 04:22:30,850 [main] WARN utils.OzoneManagerRatisUtils: ozone.om.ratis.snapshot.dir is not configured. Falling back to ozone.metadata.dirs config
om1_1    | 2023-07-16 04:22:30,909 [main] INFO snapshot.OzoneManagerSnapshotProvider: Initializing OM Snapshot Provider
scm2_1   | 	at org.apache.hadoop.ipc.Server$RpcCall.run(Server.java:971)
scm2_1   | 	at java.base/java.security.AccessController.doPrivileged(Native Method)
dn5_1    | 2023-07-16 04:21:50,591 [main] INFO server.session: DefaultSessionIdManager workerName=node0
dn5_1    | 2023-07-16 04:21:50,591 [main] INFO server.session: No SessionScavenger set, using defaults
scm1_1   | 2023-07-16 04:21:12,571 [pool-2-thread-1] INFO server.RaftServerConfigKeys: raft.server.rpc.sleep.time = 25ms (default)
scm1_1   | 2023-07-16 04:21:12,572 [pool-2-thread-1] INFO server.RaftServerConfigKeys: raft.server.rpc.slowness.timeout = 120000ms (custom)
dn3_1    | 2023-07-16 04:21:57,992 [EndpointStateMachine task thread for scm1/10.9.0.14:9861 - 0 ] INFO ipc.Client: Retrying connect to server: scm1/10.9.0.14:9861. Already tried 1 time(s); retry policy is RetryUpToMaximumCountWithFixedSleep(maxRetries=15, sleepTime=1000 MILLISECONDS)
recon_1  | 2023-07-16 04:21:57,118 [Socket Reader #1 for port 9891] INFO ipc.Server: Starting Socket Reader #1 for port 9891
dn1_1    | 2023-07-16 04:22:02,169 [EndpointStateMachine task thread for scm2/10.9.0.15:9861 - 0 ] INFO ipc.Client: Retrying connect to server: scm2/10.9.0.15:9861. Already tried 7 time(s); retry policy is RetryUpToMaximumCountWithFixedSleep(maxRetries=15, sleepTime=1000 MILLISECONDS)
om1_1    | 2023-07-16 04:22:31,812 [main] INFO metrics.MetricRegistries: Loaded MetricRegistries class org.apache.ratis.metrics.impl.MetricRegistriesImpl
om1_1    | 2023-07-16 04:22:31,871 [main] WARN server.ServerUtils: Storage directory for Ratis is not configured. It is a good idea to map this to an SSD disk. Falling back to ozone.metadata.dirs
om2_1    | 2023-07-16 04:22:28,810 [main] WARN server.ServerUtils: ozone.om.db.dirs is not configured. We recommend adding this setting. Falling back to ozone.metadata.dirs instead.
scm2_1   | 	at java.base/javax.security.auth.Subject.doAs(Subject.java:423)
scm2_1   | 	at org.apache.hadoop.security.UserGroupInformation.doAs(UserGroupInformation.java:1878)
dn5_1    | 2023-07-16 04:21:50,608 [main] INFO server.session: node0 Scavenging every 600000ms
dn5_1    | 2023-07-16 04:21:50,802 [main] INFO handler.ContextHandler: Started o.e.j.s.ServletContextHandler@798deee8{logs,/logs,file:///var/log/hadoop/,AVAILABLE}
scm1_1   | 2023-07-16 04:21:12,572 [pool-2-thread-1] INFO server.RaftServerConfigKeys: raft.server.leaderelection.leader.step-down.wait-time = 10s (default)
dn4_1    | 	at org.apache.hadoop.ipc.Client.getRpcResponse(Client.java:1616)
dn3_1    | 2023-07-16 04:21:57,993 [EndpointStateMachine task thread for scm3/10.9.0.16:9861 - 0 ] INFO ipc.Client: Retrying connect to server: scm3/10.9.0.16:9861. Already tried 1 time(s); retry policy is RetryUpToMaximumCountWithFixedSleep(maxRetries=15, sleepTime=1000 MILLISECONDS)
recon_1  | 2023-07-16 04:21:57,235 [Listener at 0.0.0.0/9891] INFO pipeline.PipelineStateManagerImpl: No pipeline exists in current db
dn1_1    | 2023-07-16 04:22:02,176 [EndpointStateMachine task thread for scm1/10.9.0.14:9861 - 0 ] INFO ipc.Client: Retrying connect to server: scm1/10.9.0.14:9861. Already tried 7 time(s); retry policy is RetryUpToMaximumCountWithFixedSleep(maxRetries=15, sleepTime=1000 MILLISECONDS)
om1_1    | 2023-07-16 04:22:32,104 [main] INFO ratis.OzoneManagerRatisServer: Instantiating OM Ratis server with groupID: omservice and peers: om1:9872, om3:9872, om2:9872
om2_1    | 2023-07-16 04:22:29,658 [main] INFO codec.OmKeyInfoCodec: OmKeyInfoCodec ignorePipeline = true
om2_1    | 2023-07-16 04:22:29,677 [main] INFO codec.RepeatedOmKeyInfoCodec: RepeatedOmKeyInfoCodec ignorePipeline = true
scm2_1   | 	at org.apache.hadoop.ipc.Server$Handler.run(Server.java:2976)
scm2_1   | , while invoking $Proxy14.send over nodeId=scm1,nodeAddress=scm1/10.9.0.14:9863 after 12 failover attempts. Trying to failover after sleeping for 2000ms.
dn5_1    | 2023-07-16 04:21:50,805 [main] INFO handler.ContextHandler: Started o.e.j.s.ServletContextHandler@3b9ac754{static,/static,jar:file:/opt/hadoop/share/ozone/lib/hdds-container-service-1.3.0.jar!/webapps/static,AVAILABLE}
dn5_1    | 2023-07-16 04:21:54,227 [main] INFO handler.ContextHandler: Started o.e.j.w.WebAppContext@1b52699c{hddsDatanode,/,file:///tmp/jetty-0_0_0_0-9882-hdds-container-service-1_3_0_jar-_-any-1371670936598424113/webapp/,AVAILABLE}{jar:file:/opt/hadoop/share/ozone/lib/hdds-container-service-1.3.0.jar!/webapps/hddsDatanode}
dn5_1    | 2023-07-16 04:21:54,265 [main] INFO server.AbstractConnector: Started ServerConnector@373afd6c{HTTP/1.1, (http/1.1)}{0.0.0.0:9882}
scm1_1   | 2023-07-16 04:21:12,572 [pool-2-thread-1] INFO server.RaftServerConfigKeys: raft.server.sleep.deviation.threshold = 300ms (default)
dn3_1    | 2023-07-16 04:21:57,993 [EndpointStateMachine task thread for recon/10.9.0.22:9891 - 0 ] INFO ipc.Client: Retrying connect to server: recon/10.9.0.22:9891. Already tried 1 time(s); retry policy is RetryUpToMaximumCountWithFixedSleep(maxRetries=15, sleepTime=1000 MILLISECONDS)
recon_1  | 2023-07-16 04:21:57,718 [Listener at 0.0.0.0/9891] INFO recon.ReconServer: Recon server initialized successfully!
dn1_1    | 2023-07-16 04:22:02,299 [EndpointStateMachine task thread for recon/10.9.0.22:9891 - 0 ] WARN statemachine.EndpointStateMachine: Unable to communicate to Recon server at recon:9891 for past 0 seconds.
om1_1    | 2023-07-16 04:22:32,142 [main] INFO ratis.OzoneManagerStateMachine: LastAppliedIndex is set from TransactionInfo from OM DB as (t:0, i:~)
om1_1    | 2023-07-16 04:22:32,587 [main] INFO server.RaftServer: raft.rpc.type = GRPC (default)
om1_1    | 2023-07-16 04:22:32,981 [main] INFO grpc.GrpcConfigKeys: raft.grpc.admin.host = null (fallback to raft.grpc.server.host)
scm2_1   | 2023-07-16 04:22:07,922 [main] INFO retry.RetryInvocationHandler: com.google.protobuf.ServiceException: java.net.ConnectException: Call From d24ed7f4eec4/10.9.0.15 to scm3:9863 failed on connection exception: java.net.ConnectException: Connection refused; For more details see:  http://wiki.apache.org/hadoop/ConnectionRefused, while invoking $Proxy14.send over nodeId=scm3,nodeAddress=scm3/10.9.0.16:9863 after 13 failover attempts. Trying to failover after sleeping for 2000ms.
scm2_1   | 2023-07-16 04:22:10,170 [main] INFO server.StorageContainerManager: SCM BootStrap  is successful for ClusterID CID-4dcbc2b3-09b2-44bd-9beb-e01c9ef2a55a, SCMID b6c62499-c60d-4903-be00-2a217ef2383e
dn5_1    | 2023-07-16 04:21:54,281 [main] INFO server.Server: Started @65786ms
dn4_1    | 	at org.apache.hadoop.ipc.Client.call(Client.java:1558)
scm3_1   | 2023-07-16 04:22:36,886 [main] INFO ha.SCMHANodeDetails: Found matching SCM address with SCMServiceId: scmservice, SCMNodeId: scm3, RPC Address: scm3:9894 and Ratis port: 9894
scm1_1   | 2023-07-16 04:21:12,664 [pool-2-thread-1] INFO server.RaftServer$Division: 75d43aae-38ec-49c6-bf88-b9babad95780@group-E01C9EF2A55A: ConfigurationManager, init=-1: peers:[75d43aae-38ec-49c6-bf88-b9babad95780|rpc:scm1:9894|priority:0|startupRole:FOLLOWER]|listeners:[], old=null, confs=<EMPTY_MAP>
dn2_1    | 	at com.sun.proxy.$Proxy38.submitRequest(Unknown Source)
dn3_1    | 2023-07-16 04:21:58,010 [EndpointStateMachine task thread for scm2/10.9.0.15:9861 - 0 ] INFO ipc.Client: Retrying connect to server: scm2/10.9.0.15:9861. Already tried 1 time(s); retry policy is RetryUpToMaximumCountWithFixedSleep(maxRetries=15, sleepTime=1000 MILLISECONDS)
dn1_1    | java.net.SocketTimeoutException: Call From cc084077df87/10.9.0.17 to recon:9891 failed on socket timeout exception: java.net.SocketTimeoutException: 5000 millis timeout while waiting for channel to be ready for read. ch : java.nio.channels.SocketChannel[connected local=/10.9.0.17:48546 remote=recon/10.9.0.22:9891]; For more details see:  http://wiki.apache.org/hadoop/SocketTimeout
om1_1    | 2023-07-16 04:22:32,982 [main] INFO grpc.GrpcConfigKeys: raft.grpc.admin.port = 9872 (fallback to raft.grpc.server.port)
om1_1    | 2023-07-16 04:22:32,983 [main] INFO grpc.GrpcConfigKeys: raft.grpc.client.host = null (fallback to raft.grpc.server.host)
om1_1    | 2023-07-16 04:22:32,988 [main] INFO grpc.GrpcConfigKeys: raft.grpc.client.port = 9872 (fallback to raft.grpc.server.port)
scm2_1   | 2023-07-16 04:22:10,170 [main] INFO server.StorageContainerManager: Primary SCM Node ID 75d43aae-38ec-49c6-bf88-b9babad95780
om3_1    | 	at org.apache.hadoop.ipc.Server$RpcCall.run(Server.java:1043)
dn5_1    | 2023-07-16 04:21:54,285 [main] INFO impl.MetricsSinkAdapter: Sink prometheus started
dn4_1    | 	at org.apache.hadoop.ipc.Client.call(Client.java:1455)
scm3_1   | 2023-07-16 04:22:36,892 [main] INFO ha.SCMHANodeDetails: Setting configuration key ozone.scm.address with value of key ozone.scm.address.scmservice.scm3: scm3
scm1_1   | 2023-07-16 04:21:12,665 [pool-2-thread-1] INFO server.RaftServerConfigKeys: raft.server.storage.dir = [/data/metadata/scm-ha] (custom)
scm1_1   | 2023-07-16 04:21:12,734 [pool-2-thread-1] INFO server.RaftServerConfigKeys: raft.server.log.corruption.policy = EXCEPTION (default)
dn3_1    | 2023-07-16 04:21:58,993 [EndpointStateMachine task thread for scm1/10.9.0.14:9861 - 0 ] INFO ipc.Client: Retrying connect to server: scm1/10.9.0.14:9861. Already tried 2 time(s); retry policy is RetryUpToMaximumCountWithFixedSleep(maxRetries=15, sleepTime=1000 MILLISECONDS)
dn3_1    | 2023-07-16 04:21:58,996 [EndpointStateMachine task thread for scm3/10.9.0.16:9861 - 0 ] INFO ipc.Client: Retrying connect to server: scm3/10.9.0.16:9861. Already tried 2 time(s); retry policy is RetryUpToMaximumCountWithFixedSleep(maxRetries=15, sleepTime=1000 MILLISECONDS)
dn3_1    | 2023-07-16 04:21:59,016 [EndpointStateMachine task thread for scm2/10.9.0.15:9861 - 0 ] INFO ipc.Client: Retrying connect to server: scm2/10.9.0.15:9861. Already tried 2 time(s); retry policy is RetryUpToMaximumCountWithFixedSleep(maxRetries=15, sleepTime=1000 MILLISECONDS)
dn1_1    | 	at java.base/jdk.internal.reflect.NativeConstructorAccessorImpl.newInstance0(Native Method)
om1_1    | 2023-07-16 04:22:32,988 [main] INFO grpc.GrpcConfigKeys: raft.grpc.server.host = null (default)
om1_1    | 2023-07-16 04:22:32,988 [main] INFO grpc.GrpcConfigKeys: raft.grpc.server.port = 9872 (custom)
om2_1    | 2023-07-16 04:22:31,351 [main] INFO om.OzoneManager: S3 Multi-Tenancy is disabled
om2_1    | 2023-07-16 04:22:31,620 [main] INFO om.OzoneManager: Created Volume s3v With Owner hadoop required for S3Gateway operations.
om2_1    | 2023-07-16 04:22:31,770 [main] WARN server.ServerUtils: Storage directory for Ratis is not configured. It is a good idea to map this to an SSD disk. Falling back to ozone.metadata.dirs
dn5_1    | 2023-07-16 04:21:54,285 [main] INFO impl.MetricsSystemImpl: Registered sink prometheus
dn4_1    | 	at org.apache.hadoop.ipc.ProtobufRpcEngine$Invoker.invoke(ProtobufRpcEngine.java:235)
scm3_1   | 2023-07-16 04:22:37,313 [main] INFO proxy.SCMBlockLocationFailoverProxyProvider: Created block location fail-over proxy with 2 nodes: [nodeId=scm2,nodeAddress=scm2/10.9.0.15:9863, nodeId=scm1,nodeAddress=scm1/10.9.0.14:9863]
scm1_1   | 2023-07-16 04:21:12,760 [pool-2-thread-1] INFO server.RaftServerConfigKeys: raft.server.storage.free-space.min = 0MB (=0) (default)
dn3_1    | 2023-07-16 04:21:59,998 [EndpointStateMachine task thread for scm3/10.9.0.16:9861 - 0 ] INFO ipc.Client: Retrying connect to server: scm3/10.9.0.16:9861. Already tried 3 time(s); retry policy is RetryUpToMaximumCountWithFixedSleep(maxRetries=15, sleepTime=1000 MILLISECONDS)
dn3_1    | 2023-07-16 04:21:59,999 [EndpointStateMachine task thread for scm1/10.9.0.14:9861 - 0 ] INFO ipc.Client: Retrying connect to server: scm1/10.9.0.14:9861. Already tried 3 time(s); retry policy is RetryUpToMaximumCountWithFixedSleep(maxRetries=15, sleepTime=1000 MILLISECONDS)
dn3_1    | 2023-07-16 04:22:00,016 [EndpointStateMachine task thread for scm2/10.9.0.15:9861 - 0 ] INFO ipc.Client: Retrying connect to server: scm2/10.9.0.15:9861. Already tried 3 time(s); retry policy is RetryUpToMaximumCountWithFixedSleep(maxRetries=15, sleepTime=1000 MILLISECONDS)
dn3_1    | 2023-07-16 04:22:00,999 [EndpointStateMachine task thread for scm3/10.9.0.16:9861 - 0 ] INFO ipc.Client: Retrying connect to server: scm3/10.9.0.16:9861. Already tried 4 time(s); retry policy is RetryUpToMaximumCountWithFixedSleep(maxRetries=15, sleepTime=1000 MILLISECONDS)
dn1_1    | 	at java.base/jdk.internal.reflect.NativeConstructorAccessorImpl.newInstance(NativeConstructorAccessorImpl.java:62)
om1_1    | 2023-07-16 04:22:32,991 [main] INFO server.GrpcService: raft.grpc.message.size.max = 33554432 (custom)
s3g_1    | 2023-07-16 04:21:52,792 [main] INFO impl.MetricsSinkAdapter: Sink prometheus started
s3g_1    | 2023-07-16 04:21:52,792 [main] INFO impl.MetricsSystemImpl: Registered sink prometheus
om3_1    | 	at org.apache.hadoop.ipc.Server$RpcCall.run(Server.java:971)
om3_1    | 	at java.base/java.security.AccessController.doPrivileged(Native Method)
dn5_1    | 2023-07-16 04:21:54,291 [main] INFO http.BaseHttpServer: HTTP server of hddsDatanode listening at http://0.0.0.0:9882
dn4_1    | 	at org.apache.hadoop.ipc.ProtobufRpcEngine$Invoker.invoke(ProtobufRpcEngine.java:122)
scm3_1   | 2023-07-16 04:22:38,133 [main] INFO server.StorageContainerManager: SCM BootStrap  is successful for ClusterID CID-4dcbc2b3-09b2-44bd-9beb-e01c9ef2a55a, SCMID 271c7984-cb70-49cd-982d-c5430870c721
scm1_1   | 2023-07-16 04:21:13,207 [pool-2-thread-1] INFO server.RaftServerConfigKeys: raft.server.notification.no-leader.timeout = 60s (default)
dn3_1    | 2023-07-16 04:22:00,999 [EndpointStateMachine task thread for scm1/10.9.0.14:9861 - 0 ] INFO ipc.Client: Retrying connect to server: scm1/10.9.0.14:9861. Already tried 4 time(s); retry policy is RetryUpToMaximumCountWithFixedSleep(maxRetries=15, sleepTime=1000 MILLISECONDS)
dn3_1    | 2023-07-16 04:22:01,017 [EndpointStateMachine task thread for scm2/10.9.0.15:9861 - 0 ] INFO ipc.Client: Retrying connect to server: scm2/10.9.0.15:9861. Already tried 4 time(s); retry policy is RetryUpToMaximumCountWithFixedSleep(maxRetries=15, sleepTime=1000 MILLISECONDS)
dn1_1    | 	at java.base/jdk.internal.reflect.DelegatingConstructorAccessorImpl.newInstance(DelegatingConstructorAccessorImpl.java:45)
s3g_1    | 2023-07-16 04:21:52,844 [main] INFO http.BaseHttpServer: HTTP server of s3gateway listening at http://0.0.0.0:9878
om2_1    | 2023-07-16 04:22:31,791 [main] WARN utils.OzoneManagerRatisUtils: ozone.om.ratis.snapshot.dir is not configured. Falling back to ozone.metadata.dirs config
s3g_1    | 2023-07-16 04:24:15,637 [qtp657736958-21] INFO audit.AuditLogger: Refresh DebugCmdSet for S3GAudit to [].
om3_1    | 	at java.base/javax.security.auth.Subject.doAs(Subject.java:423)
om3_1    | 	at org.apache.hadoop.security.UserGroupInformation.doAs(UserGroupInformation.java:1878)
dn5_1    | 2023-07-16 04:21:54,411 [Datanode State Machine Daemon Thread] INFO statemachine.DatanodeStateMachine: Ozone container server started.
dn4_1    | 	at com.sun.proxy.$Proxy39.submitRequest(Unknown Source)
scm3_1   | 2023-07-16 04:22:38,140 [main] INFO server.StorageContainerManager: Primary SCM Node ID 75d43aae-38ec-49c6-bf88-b9babad95780
scm1_1   | 2023-07-16 04:21:13,321 [pool-2-thread-1] INFO server.RaftServerConfigKeys: raft.server.retrycache.expirytime = 60000ms (default)
recon_1  | 2023-07-16 04:21:57,727 [Listener at 0.0.0.0/9891] INFO recon.ReconServer: Starting Recon server
dn3_1    | 2023-07-16 04:22:02,004 [EndpointStateMachine task thread for scm1/10.9.0.14:9861 - 0 ] INFO ipc.Client: Retrying connect to server: scm1/10.9.0.14:9861. Already tried 5 time(s); retry policy is RetryUpToMaximumCountWithFixedSleep(maxRetries=15, sleepTime=1000 MILLISECONDS)
dn1_1    | 	at java.base/java.lang.reflect.Constructor.newInstance(Constructor.java:490)
dn2_1    | 	at org.apache.hadoop.ozone.protocolPB.StorageContainerDatanodeProtocolClientSideTranslatorPB.submitRequest(StorageContainerDatanodeProtocolClientSideTranslatorPB.java:117)
om2_1    | 2023-07-16 04:22:31,844 [main] INFO snapshot.OzoneManagerSnapshotProvider: Initializing OM Snapshot Provider
s3g_1    | 2023-07-16 04:24:15,661 [qtp657736958-21] INFO audit.AuditLogger: Refresh DebugCmdSet for S3GAudit to [].
om3_1    | 	at org.apache.hadoop.ipc.Server$Handler.run(Server.java:2976)
om3_1    | , while invoking $Proxy31.send over nodeId=scm1,nodeAddress=scm1/10.9.0.14:9863 after 18 failover attempts. Trying to failover after sleeping for 2000ms.
dn5_1    | 2023-07-16 04:21:55,192 [org.apache.hadoop.util.JvmPauseMonitor$Monitor@60a8d837] INFO util.JvmPauseMonitor: Starting JVM pause monitor
dn4_1    | 	at org.apache.hadoop.ozone.protocolPB.StorageContainerDatanodeProtocolClientSideTranslatorPB.submitRequest(StorageContainerDatanodeProtocolClientSideTranslatorPB.java:117)
scm3_1   | 2023-07-16 04:22:38,201 [shutdown-hook-0] INFO server.StorageContainerManagerStarter: SHUTDOWN_MSG: 
scm1_1   | 2023-07-16 04:21:13,321 [pool-2-thread-1] INFO server.RaftServerConfigKeys: raft.server.retrycache.statistics.expirytime = 100?s (default)
recon_1  | 2023-07-16 04:21:57,983 [Listener at 0.0.0.0/9891] INFO impl.MetricsConfig: Loaded properties from hadoop-metrics2.properties
dn3_1    | 2023-07-16 04:22:02,005 [EndpointStateMachine task thread for scm3/10.9.0.16:9861 - 0 ] INFO ipc.Client: Retrying connect to server: scm3/10.9.0.16:9861. Already tried 5 time(s); retry policy is RetryUpToMaximumCountWithFixedSleep(maxRetries=15, sleepTime=1000 MILLISECONDS)
om1_1    | 2023-07-16 04:22:32,993 [main] INFO server.RaftServerConfigKeys: raft.server.log.appender.buffer.byte-limit = 33554432 (custom)
dn1_1    | 	at org.apache.hadoop.net.NetUtils.wrapWithMessage(NetUtils.java:913)
om2_1    | 2023-07-16 04:22:32,863 [main] INFO metrics.MetricRegistries: Loaded MetricRegistries class org.apache.ratis.metrics.impl.MetricRegistriesImpl
s3g_1    | 2023-07-16 04:24:15,666 [qtp657736958-21] INFO ozone.OmUtils: ozone.om.internal.service.id is not defined, falling back to ozone.om.service.ids to find serviceID for OzoneManager if it is HA enabled cluster
om3_1    | 2023-07-16 04:22:09,358 [main] INFO retry.RetryInvocationHandler: com.google.protobuf.ServiceException: java.net.ConnectException: Call From 380a4c945000/10.9.0.13 to scm2:9863 failed on connection exception: java.net.ConnectException: Connection refused; For more details see:  http://wiki.apache.org/hadoop/ConnectionRefused, while invoking $Proxy31.send over nodeId=scm2,nodeAddress=scm2/10.9.0.15:9863 after 19 failover attempts. Trying to failover after sleeping for 2000ms.
om3_1    | 2023-07-16 04:22:11,360 [main] INFO retry.RetryInvocationHandler: com.google.protobuf.ServiceException: java.net.ConnectException: Call From 380a4c945000/10.9.0.13 to scm3:9863 failed on connection exception: java.net.ConnectException: Connection refused; For more details see:  http://wiki.apache.org/hadoop/ConnectionRefused, while invoking $Proxy31.send over nodeId=scm3,nodeAddress=scm3/10.9.0.16:9863 after 20 failover attempts. Trying to failover after sleeping for 2000ms.
dn5_1    | 2023-07-16 04:21:55,888 [Datanode State Machine Task Thread - 0] INFO statemachine.SCMConnectionManager: Adding Recon Server : recon/10.9.0.22:9891
dn4_1    | 	at org.apache.hadoop.ozone.protocolPB.StorageContainerDatanodeProtocolClientSideTranslatorPB.getVersion(StorageContainerDatanodeProtocolClientSideTranslatorPB.java:133)
scm3_1   | /************************************************************
scm1_1   | 2023-07-16 04:21:13,808 [pool-2-thread-1] INFO metrics.MetricRegistries: Loaded MetricRegistries class org.apache.ratis.metrics.impl.MetricRegistriesImpl
recon_1  | 2023-07-16 04:21:58,030 [Listener at 0.0.0.0/9891] INFO impl.MetricsSystemImpl: Scheduled Metric snapshot period at 10 second(s).
recon_1  | 2023-07-16 04:21:58,041 [Listener at 0.0.0.0/9891] INFO impl.MetricsSystemImpl: Recon metrics system started
dn1_1    | 	at org.apache.hadoop.net.NetUtils.wrapException(NetUtils.java:848)
dn3_1    | 2023-07-16 04:22:02,018 [EndpointStateMachine task thread for scm2/10.9.0.15:9861 - 0 ] INFO ipc.Client: Retrying connect to server: scm2/10.9.0.15:9861. Already tried 5 time(s); retry policy is RetryUpToMaximumCountWithFixedSleep(maxRetries=15, sleepTime=1000 MILLISECONDS)
om2_1    | 2023-07-16 04:22:33,059 [main] WARN server.ServerUtils: Storage directory for Ratis is not configured. It is a good idea to map this to an SSD disk. Falling back to ozone.metadata.dirs
om2_1    | 2023-07-16 04:22:33,275 [main] INFO ratis.OzoneManagerRatisServer: Instantiating OM Ratis server with groupID: omservice and peers: om2:9872, om1:9872, om3:9872
om3_1    | OM initialization succeeded.Current cluster id for sd=/data/metadata/om;cid=CID-4dcbc2b3-09b2-44bd-9beb-e01c9ef2a55a;layoutVersion=3
om3_1    | 2023-07-16 04:22:13,468 [shutdown-hook-0] INFO om.OzoneManagerStarter: SHUTDOWN_MSG: 
dn5_1    | 2023-07-16 04:21:56,182 [Datanode State Machine Task Thread - 0] INFO datanode.InitDatanodeState: DatanodeDetails is persisted to /data/datanode.id
dn4_1    | 	at org.apache.hadoop.ozone.container.common.states.endpoint.VersionEndpointTask.call(VersionEndpointTask.java:69)
scm3_1   | SHUTDOWN_MSG: Shutting down StorageContainerManager at c65b01030e96/10.9.0.16
scm1_1   | 2023-07-16 04:21:15,317 [pool-2-thread-1] INFO server.RaftServerConfigKeys: raft.server.log.appender.install.snapshot.enabled = false (custom)
recon_1  | 2023-07-16 04:21:58,696 [Listener at 0.0.0.0/9891] INFO http.HttpServer2: Jetty bound to port 9888
recon_1  | 2023-07-16 04:21:58,714 [Listener at 0.0.0.0/9891] INFO server.Server: jetty-9.4.49.v20220914; built: 2022-09-14T01:07:36.601Z; git: 4231a3b2e4cb8548a412a789936d640a97b1aa0a; jvm 11.0.14.1+1-LTS
dn1_1    | 	at org.apache.hadoop.ipc.Client.getRpcResponse(Client.java:1616)
dn3_1    | 2023-07-16 04:22:03,006 [EndpointStateMachine task thread for scm3/10.9.0.16:9861 - 0 ] INFO ipc.Client: Retrying connect to server: scm3/10.9.0.16:9861. Already tried 6 time(s); retry policy is RetryUpToMaximumCountWithFixedSleep(maxRetries=15, sleepTime=1000 MILLISECONDS)
om2_1    | 2023-07-16 04:22:33,326 [main] INFO ratis.OzoneManagerStateMachine: LastAppliedIndex is set from TransactionInfo from OM DB as (t:0, i:~)
s3g_1    | 2023-07-16 04:24:15,666 [qtp657736958-21] INFO ozone.OmUtils: Using OzoneManager ServiceID 'omservice'.
om3_1    | /************************************************************
om3_1    | SHUTDOWN_MSG: Shutting down OzoneManager at 380a4c945000/10.9.0.13
dn5_1    | 2023-07-16 04:21:58,554 [EndpointStateMachine task thread for scm2/10.9.0.15:9861 - 0 ] INFO ipc.Client: Retrying connect to server: scm2/10.9.0.15:9861. Already tried 0 time(s); retry policy is RetryUpToMaximumCountWithFixedSleep(maxRetries=15, sleepTime=1000 MILLISECONDS)
scm2_1   | 2023-07-16 04:22:10,179 [shutdown-hook-0] INFO server.StorageContainerManagerStarter: SHUTDOWN_MSG: 
scm3_1   | ************************************************************/
scm1_1   | 2023-07-16 04:21:15,325 [pool-2-thread-1] INFO server.RaftServerConfigKeys: raft.server.threadpool.server.cached = true (default)
recon_1  | 2023-07-16 04:21:58,821 [Listener at 0.0.0.0/9891] INFO server.session: DefaultSessionIdManager workerName=node0
recon_1  | 2023-07-16 04:21:58,821 [Listener at 0.0.0.0/9891] INFO server.session: No SessionScavenger set, using defaults
dn1_1    | 	at org.apache.hadoop.ipc.Client.call(Client.java:1558)
dn2_1    | 	at org.apache.hadoop.ozone.protocolPB.StorageContainerDatanodeProtocolClientSideTranslatorPB.getVersion(StorageContainerDatanodeProtocolClientSideTranslatorPB.java:133)
dn3_1    | 2023-07-16 04:22:03,023 [EndpointStateMachine task thread for scm2/10.9.0.15:9861 - 0 ] INFO ipc.Client: Retrying connect to server: scm2/10.9.0.15:9861. Already tried 6 time(s); retry policy is RetryUpToMaximumCountWithFixedSleep(maxRetries=15, sleepTime=1000 MILLISECONDS)
om2_1    | 2023-07-16 04:22:33,509 [main] INFO server.RaftServer: raft.rpc.type = GRPC (default)
s3g_1    | 2023-07-16 04:24:17,053 [qtp657736958-21] INFO rpc.RpcClient: Creating Bucket: s3v/old1-bucket, with server-side default bucket layout, dlfknslnfslf as owner, Versioning false, Storage Type set to DISK and Encryption set to false 
dn5_1    | 2023-07-16 04:21:58,555 [EndpointStateMachine task thread for scm3/10.9.0.16:9861 - 0 ] INFO ipc.Client: Retrying connect to server: scm3/10.9.0.16:9861. Already tried 0 time(s); retry policy is RetryUpToMaximumCountWithFixedSleep(maxRetries=15, sleepTime=1000 MILLISECONDS)
dn4_1    | 	at org.apache.hadoop.ozone.container.common.states.endpoint.VersionEndpointTask.call(VersionEndpointTask.java:40)
dn4_1    | 	at java.base/java.util.concurrent.FutureTask.run(FutureTask.java:264)
dn4_1    | 	at java.base/java.util.concurrent.ThreadPoolExecutor.runWorker(ThreadPoolExecutor.java:1128)
scm3_1   | No '-XX:...' jvm parameters are set. Adding safer GC settings '-XX:ParallelGCThreads=8 -XX:+UseConcMarkSweepGC -XX:CMSInitiatingOccupancyFraction=70 -XX:+CMSParallelRemarkEnabled' to the OZONE_OPTS
scm1_1   | 2023-07-16 04:21:15,331 [pool-2-thread-1] INFO server.RaftServerConfigKeys: raft.server.threadpool.server.size = 0 (default)
recon_1  | 2023-07-16 04:21:58,824 [Listener at 0.0.0.0/9891] INFO server.session: node0 Scavenging every 660000ms
recon_1  | 2023-07-16 04:21:58,851 [Listener at 0.0.0.0/9891] INFO handler.ContextHandler: Started o.e.j.s.ServletContextHandler@1b37fbec{logs,/logs,file:///var/log/hadoop/,AVAILABLE}
dn1_1    | 	at org.apache.hadoop.ipc.Client.call(Client.java:1455)
dn2_1    | 	at org.apache.hadoop.ozone.container.common.states.endpoint.VersionEndpointTask.call(VersionEndpointTask.java:69)
dn3_1    | 2023-07-16 04:22:03,043 [EndpointStateMachine task thread for recon/10.9.0.22:9891 - 0 ] WARN statemachine.EndpointStateMachine: Unable to communicate to Recon server at recon:9891 for past 0 seconds.
om2_1    | 2023-07-16 04:22:33,804 [main] INFO grpc.GrpcConfigKeys: raft.grpc.admin.host = null (fallback to raft.grpc.server.host)
s3g_1    | 2023-07-16 04:24:18,148 [qtp657736958-20] WARN impl.MetricsSystemImpl: S3Gateway metrics system already initialized!
dn5_1    | 2023-07-16 04:21:58,565 [EndpointStateMachine task thread for scm1/10.9.0.14:9861 - 0 ] INFO ipc.Client: Retrying connect to server: scm1/10.9.0.14:9861. Already tried 0 time(s); retry policy is RetryUpToMaximumCountWithFixedSleep(maxRetries=15, sleepTime=1000 MILLISECONDS)
dn4_1    | 	at java.base/java.util.concurrent.ThreadPoolExecutor$Worker.run(ThreadPoolExecutor.java:628)
dn4_1    | 	at java.base/java.lang.Thread.run(Thread.java:829)
dn4_1    | Caused by: java.net.SocketTimeoutException: 5000 millis timeout while waiting for channel to be ready for read. ch : java.nio.channels.SocketChannel[connected local=/10.9.0.20:59512 remote=recon/10.9.0.22:9891]
scm3_1   | OpenJDK 64-Bit Server VM warning: Option UseConcMarkSweepGC was deprecated in version 9.0 and will likely be removed in a future release.
scm1_1   | 2023-07-16 04:21:15,334 [pool-2-thread-1] INFO server.RaftServerConfigKeys: raft.server.threadpool.client.cached = true (default)
recon_1  | 2023-07-16 04:21:58,853 [Listener at 0.0.0.0/9891] INFO handler.ContextHandler: Started o.e.j.s.ServletContextHandler@357f6391{static,/static,jar:file:/opt/hadoop/share/ozone/lib/ozone-recon-1.3.0.jar!/webapps/static,AVAILABLE}
recon_1  | 2023-07-16 04:22:04,183 [Listener at 0.0.0.0/9891] INFO handler.ContextHandler: Started o.e.j.w.WebAppContext@7d49fe37{recon,/,file:///tmp/jetty-0_0_0_0-9888-ozone-recon-1_3_0_jar-_-any-11436085108705511052/webapp/,AVAILABLE}{jar:file:/opt/hadoop/share/ozone/lib/ozone-recon-1.3.0.jar!/webapps/recon}
dn1_1    | 	at org.apache.hadoop.ipc.ProtobufRpcEngine$Invoker.invoke(ProtobufRpcEngine.java:235)
dn2_1    | 	at org.apache.hadoop.ozone.container.common.states.endpoint.VersionEndpointTask.call(VersionEndpointTask.java:40)
