scm_1    | 2022-12-02 11:41:37,505 [EventQueue-CommandQueueReportForCommandQueueReportHandler] WARN events.EventQueue: No event handler registered for event TypedEvent{payloadType=DatanodeDetails, name='Datanode_Command_Queue_Updated'}
scm_1    | 2022-12-02 11:41:49,761 [EventQueue-CommandQueueReportForCommandQueueReportHandler] WARN events.EventQueue: No event handler registered for event TypedEvent{payloadType=DatanodeDetails, name='Datanode_Command_Queue_Updated'}
scm_1    | 2022-12-02 11:42:00,698 [f3ef56f0-8998-42f4-8bf3-334dd1997073@group-61C50EA17181-StateMachineUpdater] WARN ha.SequenceIdGenerator: Failed to allocate a batch for localId, expected lastId is 0, actual lastId is 109611004723201000.
dn1_1    | 2022-12-02 11:42:39,629 [ChunkWriter-8-0] WARN helpers.ChunkUtils: Duplicate write chunk request. Chunk overwrite without explicit request. ChunkInfo{chunkName='dcgpost_testdata_chunk_8, offset=0, len=1024}
dn1_1    | 2022-12-02 11:42:39,655 [ChunkWriter-9-0] WARN helpers.ChunkUtils: Duplicate write chunk request. Chunk overwrite without explicit request. ChunkInfo{chunkName='dcgpost_testdata_chunk_9, offset=0, len=1024}
dn2_1    | 2022-12-02 11:41:21,926 [f25d3a17-457f-4b39-9d7a-f57d750f7924@group-A07058B7E35A-LeaderElection3] INFO impl.RoleInfo: f25d3a17-457f-4b39-9d7a-f57d750f7924: start f25d3a17-457f-4b39-9d7a-f57d750f7924@group-A07058B7E35A-FollowerState
dn2_1    | 2022-12-02 11:41:21,942 [f25d3a17-457f-4b39-9d7a-f57d750f7924@group-A07058B7E35A-FollowerState] INFO server.RaftServerConfigKeys: raft.server.rpc.first-election.timeout.min = 5s (fallback to raft.server.rpc.timeout.min)
dn2_1    | 2022-12-02 11:41:21,943 [f25d3a17-457f-4b39-9d7a-f57d750f7924@group-A07058B7E35A-FollowerState] INFO server.RaftServerConfigKeys: raft.server.rpc.first-election.timeout.max = 5200ms (fallback to raft.server.rpc.timeout.max)
dn1_1    | 2022-12-02 11:42:39,673 [ChunkWriter-0-0] WARN helpers.ChunkUtils: Duplicate write chunk request. Chunk overwrite without explicit request. ChunkInfo{chunkName='dcgpost_testdata_chunk_10, offset=0, len=1024}
dn1_1    | 2022-12-02 11:42:39,722 [ChunkWriter-1-0] WARN helpers.ChunkUtils: Duplicate write chunk request. Chunk overwrite without explicit request. ChunkInfo{chunkName='dcgpost_testdata_chunk_11, offset=0, len=1024}
dn1_1    | 2022-12-02 11:42:39,759 [ChunkWriter-2-0] WARN helpers.ChunkUtils: Duplicate write chunk request. Chunk overwrite without explicit request. ChunkInfo{chunkName='dcgpost_testdata_chunk_12, offset=0, len=1024}
dn3_1    | 2022-12-02 11:41:14,372 [EndpointStateMachine task thread for scm/10.9.0.17:9861 - 0 ] INFO server.GrpcService: c931f8d7-d095-487f-a9fc-0710cbb09e84: GrpcService started, listening on 9857
dn3_1    | 2022-12-02 11:41:14,391 [EndpointStateMachine task thread for scm/10.9.0.17:9861 - 0 ] INFO ratis.XceiverServerRatis: XceiverServerRatis c931f8d7-d095-487f-a9fc-0710cbb09e84 is started using port 9858 for RATIS
scm_1    | 2022-12-02 11:42:00,728 [IPC Server handler 1 on default port 9863] INFO ha.SequenceIdGenerator: Allocate a batch for localId, change lastId from 109611004723201000 to 109611004723202000.
dn1_1    | 2022-12-02 11:42:39,785 [ChunkWriter-3-0] WARN helpers.ChunkUtils: Duplicate write chunk request. Chunk overwrite without explicit request. ChunkInfo{chunkName='dcgpost_testdata_chunk_13, offset=0, len=1024}
dn1_1    | 2022-12-02 11:42:39,828 [ChunkWriter-4-0] WARN helpers.ChunkUtils: Duplicate write chunk request. Chunk overwrite without explicit request. ChunkInfo{chunkName='dcgpost_testdata_chunk_14, offset=0, len=1024}
dn3_1    | 2022-12-02 11:41:14,394 [EndpointStateMachine task thread for scm/10.9.0.17:9861 - 0 ] INFO ratis.XceiverServerRatis: XceiverServerRatis c931f8d7-d095-487f-a9fc-0710cbb09e84 is started using port 9857 for RATIS_ADMIN
dn3_1    | 2022-12-02 11:41:14,394 [EndpointStateMachine task thread for scm/10.9.0.17:9861 - 0 ] INFO ratis.XceiverServerRatis: XceiverServerRatis c931f8d7-d095-487f-a9fc-0710cbb09e84 is started using port 9856 for RATIS_SERVER
dn3_1    | 2022-12-02 11:41:14,419 [JvmPauseMonitor0] INFO util.JvmPauseMonitor: JvmPauseMonitor-c931f8d7-d095-487f-a9fc-0710cbb09e84: Started
dn1_1    | 2022-12-02 11:42:39,854 [ChunkWriter-5-0] WARN helpers.ChunkUtils: Duplicate write chunk request. Chunk overwrite without explicit request. ChunkInfo{chunkName='dcgpost_testdata_chunk_15, offset=0, len=1024}
dn1_1    | 2022-12-02 11:42:39,883 [ChunkWriter-6-0] WARN helpers.ChunkUtils: Duplicate write chunk request. Chunk overwrite without explicit request. ChunkInfo{chunkName='dcgpost_testdata_chunk_16, offset=0, len=1024}
dn2_1    | 2022-12-02 11:41:22,032 [grpc-default-executor-0] INFO server.RaftServer$Division: f25d3a17-457f-4b39-9d7a-f57d750f7924@group-A07058B7E35A: receive requestVote(ELECTION, 5b8b7816-97d3-46a9-8d51-02134c9a8702, group-A07058B7E35A, 3, (t:2, i:204))
dn2_1    | 2022-12-02 11:41:22,033 [grpc-default-executor-0] INFO impl.VoteContext: f25d3a17-457f-4b39-9d7a-f57d750f7924@group-A07058B7E35A-FOLLOWER: reject ELECTION from 5b8b7816-97d3-46a9-8d51-02134c9a8702: already has voted for f25d3a17-457f-4b39-9d7a-f57d750f7924 at current term 3
dn2_1    | 2022-12-02 11:41:22,033 [grpc-default-executor-0] INFO server.RaftServer$Division: f25d3a17-457f-4b39-9d7a-f57d750f7924@group-A07058B7E35A replies to ELECTION vote request: 5b8b7816-97d3-46a9-8d51-02134c9a8702<-f25d3a17-457f-4b39-9d7a-f57d750f7924#0:FAIL-t3. Peer's state: f25d3a17-457f-4b39-9d7a-f57d750f7924@group-A07058B7E35A:t3, leader=null, voted=f25d3a17-457f-4b39-9d7a-f57d750f7924, raftlog=Memoized:f25d3a17-457f-4b39-9d7a-f57d750f7924@group-A07058B7E35A-SegmentedRaftLog:OPENED:c204, conf=0: peers:[c931f8d7-d095-487f-a9fc-0710cbb09e84|rpc:10.9.0.13:9856|admin:10.9.0.13:9857|client:10.9.0.13:9858|dataStream:|priority:1|startupRole:FOLLOWER, f25d3a17-457f-4b39-9d7a-f57d750f7924|rpc:10.9.0.12:9856|admin:10.9.0.12:9857|client:10.9.0.12:9858|dataStream:|priority:0|startupRole:FOLLOWER, 5b8b7816-97d3-46a9-8d51-02134c9a8702|rpc:10.9.0.11:9856|admin:10.9.0.11:9857|client:10.9.0.11:9858|dataStream:|priority:0|startupRole:FOLLOWER]|listeners:[], old=null
dn1_1    | 2022-12-02 11:42:39,910 [ChunkWriter-7-0] WARN helpers.ChunkUtils: Duplicate write chunk request. Chunk overwrite without explicit request. ChunkInfo{chunkName='dcgpost_testdata_chunk_17, offset=0, len=1024}
dn1_1    | 2022-12-02 11:42:39,945 [ChunkWriter-8-0] WARN helpers.ChunkUtils: Duplicate write chunk request. Chunk overwrite without explicit request. ChunkInfo{chunkName='dcgpost_testdata_chunk_18, offset=0, len=1024}
dn1_1    | 2022-12-02 11:42:39,975 [ChunkWriter-9-0] WARN helpers.ChunkUtils: Duplicate write chunk request. Chunk overwrite without explicit request. ChunkInfo{chunkName='dcgpost_testdata_chunk_19, offset=0, len=1024}
scm_1    | 2022-12-02 11:42:02,170 [EventQueue-CommandQueueReportForCommandQueueReportHandler] WARN events.EventQueue: No event handler registered for event TypedEvent{payloadType=DatanodeDetails, name='Datanode_Command_Queue_Updated'}
scm_1    | 2022-12-02 11:42:07,428 [EventQueue-CommandQueueReportForCommandQueueReportHandler] WARN events.EventQueue: No event handler registered for event TypedEvent{payloadType=DatanodeDetails, name='Datanode_Command_Queue_Updated'}
scm_1    | 2022-12-02 11:42:09,252 [f3ef56f0-8998-42f4-8bf3-334dd1997073@group-61C50EA17181-StateMachineUpdater] WARN ha.SequenceIdGenerator: Failed to allocate a batch for containerId, expected lastId is 0, actual lastId is 1000.
dn1_1    | 2022-12-02 11:42:40,003 [ChunkWriter-0-0] WARN helpers.ChunkUtils: Duplicate write chunk request. Chunk overwrite without explicit request. ChunkInfo{chunkName='dcgpost_testdata_chunk_20, offset=1024, len=1024}
scm_1    | 2022-12-02 11:42:09,257 [IPC Server handler 3 on default port 9863] INFO ha.SequenceIdGenerator: Allocate a batch for containerId, change lastId from 1000 to 2000.
dn1_1    | 2022-12-02 11:42:40,036 [ChunkWriter-1-0] WARN helpers.ChunkUtils: Duplicate write chunk request. Chunk overwrite without explicit request. ChunkInfo{chunkName='dcgpost_testdata_chunk_21, offset=1024, len=1024}
dn1_1    | 2022-12-02 11:42:40,069 [ChunkWriter-2-0] WARN helpers.ChunkUtils: Duplicate write chunk request. Chunk overwrite without explicit request. ChunkInfo{chunkName='dcgpost_testdata_chunk_22, offset=1024, len=1024}
dn3_1    | 2022-12-02 11:41:19,193 [c931f8d7-d095-487f-a9fc-0710cbb09e84@group-B2C5D2AB888E-FollowerState] INFO impl.FollowerState: c931f8d7-d095-487f-a9fc-0710cbb09e84@group-B2C5D2AB888E-FollowerState: change to CANDIDATE, lastRpcElapsedTime:6076719204ns, electionTimeout:5063ms
dn3_1    | 2022-12-02 11:41:19,195 [c931f8d7-d095-487f-a9fc-0710cbb09e84@group-B2C5D2AB888E-FollowerState] INFO impl.RoleInfo: c931f8d7-d095-487f-a9fc-0710cbb09e84: shutdown c931f8d7-d095-487f-a9fc-0710cbb09e84@group-B2C5D2AB888E-FollowerState
dn3_1    | 2022-12-02 11:41:19,195 [c931f8d7-d095-487f-a9fc-0710cbb09e84@group-B2C5D2AB888E-FollowerState] INFO server.RaftServer$Division: c931f8d7-d095-487f-a9fc-0710cbb09e84@group-B2C5D2AB888E: changes role from  FOLLOWER to CANDIDATE at term 5 for changeToCandidate
dn1_1    | 2022-12-02 11:42:40,097 [ChunkWriter-3-0] WARN helpers.ChunkUtils: Duplicate write chunk request. Chunk overwrite without explicit request. ChunkInfo{chunkName='dcgpost_testdata_chunk_23, offset=1024, len=1024}
dn1_1    | 2022-12-02 11:42:40,126 [ChunkWriter-4-0] WARN helpers.ChunkUtils: Duplicate write chunk request. Chunk overwrite without explicit request. ChunkInfo{chunkName='dcgpost_testdata_chunk_24, offset=1024, len=1024}
dn1_1    | 2022-12-02 11:42:40,158 [ChunkWriter-5-0] WARN helpers.ChunkUtils: Duplicate write chunk request. Chunk overwrite without explicit request. ChunkInfo{chunkName='dcgpost_testdata_chunk_25, offset=1024, len=1024}
dn2_1    | 2022-12-02 11:41:22,038 [grpc-default-executor-0] INFO server.RaftServer$Division: f25d3a17-457f-4b39-9d7a-f57d750f7924@group-B2C5D2AB888E: receive requestVote(ELECTION, 5b8b7816-97d3-46a9-8d51-02134c9a8702, group-B2C5D2AB888E, 6, (t:5, i:0))
dn2_1    | 2022-12-02 11:41:22,039 [grpc-default-executor-0] INFO impl.VoteContext: f25d3a17-457f-4b39-9d7a-f57d750f7924@group-B2C5D2AB888E-CANDIDATE: reject ELECTION from 5b8b7816-97d3-46a9-8d51-02134c9a8702: already has voted for f25d3a17-457f-4b39-9d7a-f57d750f7924 at current term 6
scm_1    | 2022-12-02 11:42:19,772 [EventQueue-CommandQueueReportForCommandQueueReportHandler] WARN events.EventQueue: No event handler registered for event TypedEvent{payloadType=DatanodeDetails, name='Datanode_Command_Queue_Updated'}
dn1_1    | 2022-12-02 11:42:40,178 [ChunkWriter-6-0] WARN helpers.ChunkUtils: Duplicate write chunk request. Chunk overwrite without explicit request. ChunkInfo{chunkName='dcgpost_testdata_chunk_26, offset=1024, len=1024}
dn1_1    | 2022-12-02 11:42:40,205 [ChunkWriter-7-0] WARN helpers.ChunkUtils: Duplicate write chunk request. Chunk overwrite without explicit request. ChunkInfo{chunkName='dcgpost_testdata_chunk_27, offset=1024, len=1024}
scm_1    | 2022-12-02 11:42:21,688 [f3ef56f0-8998-42f4-8bf3-334dd1997073@group-61C50EA17181-StateMachineUpdater] WARN ha.SequenceIdGenerator: Failed to allocate a batch for delTxnId, expected lastId is 0, actual lastId is 1000.
scm_1    | 2022-12-02 11:42:21,699 [IPC Server handler 1 on default port 9863] INFO ha.SequenceIdGenerator: Allocate a batch for delTxnId, change lastId from 1000 to 2000.
scm_1    | 2022-12-02 11:42:32,163 [EventQueue-CommandQueueReportForCommandQueueReportHandler] WARN events.EventQueue: No event handler registered for event TypedEvent{payloadType=DatanodeDetails, name='Datanode_Command_Queue_Updated'}
dn1_1    | 2022-12-02 11:42:40,230 [ChunkWriter-8-0] WARN helpers.ChunkUtils: Duplicate write chunk request. Chunk overwrite without explicit request. ChunkInfo{chunkName='dcgpost_testdata_chunk_28, offset=1024, len=1024}
dn1_1    | 2022-12-02 11:42:40,253 [ChunkWriter-9-0] WARN helpers.ChunkUtils: Duplicate write chunk request. Chunk overwrite without explicit request. ChunkInfo{chunkName='dcgpost_testdata_chunk_29, offset=1024, len=1024}
dn2_1    | 2022-12-02 11:41:22,039 [grpc-default-executor-0] INFO server.RaftServer$Division: f25d3a17-457f-4b39-9d7a-f57d750f7924@group-B2C5D2AB888E replies to ELECTION vote request: 5b8b7816-97d3-46a9-8d51-02134c9a8702<-f25d3a17-457f-4b39-9d7a-f57d750f7924#0:FAIL-t6. Peer's state: f25d3a17-457f-4b39-9d7a-f57d750f7924@group-B2C5D2AB888E:t6, leader=null, voted=f25d3a17-457f-4b39-9d7a-f57d750f7924, raftlog=Memoized:f25d3a17-457f-4b39-9d7a-f57d750f7924@group-B2C5D2AB888E-SegmentedRaftLog:OPENED:c0, conf=0: peers:[c931f8d7-d095-487f-a9fc-0710cbb09e84|rpc:10.9.0.13:9856|admin:10.9.0.13:9857|client:10.9.0.13:9858|dataStream:|priority:0|startupRole:FOLLOWER, f25d3a17-457f-4b39-9d7a-f57d750f7924|rpc:10.9.0.12:9856|admin:10.9.0.12:9857|client:10.9.0.12:9858|dataStream:|priority:1|startupRole:FOLLOWER, 5b8b7816-97d3-46a9-8d51-02134c9a8702|rpc:10.9.0.11:9856|admin:10.9.0.11:9857|client:10.9.0.11:9858|dataStream:|priority:0|startupRole:FOLLOWER]|listeners:[], old=null
dn3_1    | 2022-12-02 11:41:19,197 [c931f8d7-d095-487f-a9fc-0710cbb09e84@group-DF47DF9B6695-FollowerState] INFO impl.FollowerState: c931f8d7-d095-487f-a9fc-0710cbb09e84@group-DF47DF9B6695-FollowerState: change to CANDIDATE, lastRpcElapsedTime:5145884318ns, electionTimeout:5028ms
dn3_1    | 2022-12-02 11:41:19,198 [c931f8d7-d095-487f-a9fc-0710cbb09e84@group-DF47DF9B6695-FollowerState] INFO impl.RoleInfo: c931f8d7-d095-487f-a9fc-0710cbb09e84: shutdown c931f8d7-d095-487f-a9fc-0710cbb09e84@group-DF47DF9B6695-FollowerState
dn1_1    | 2022-12-02 11:42:40,281 [ChunkWriter-0-0] WARN helpers.ChunkUtils: Duplicate write chunk request. Chunk overwrite without explicit request. ChunkInfo{chunkName='dcgpost_testdata_chunk_30, offset=1024, len=1024}
dn1_1    | 2022-12-02 11:42:40,319 [ChunkWriter-1-0] WARN helpers.ChunkUtils: Duplicate write chunk request. Chunk overwrite without explicit request. ChunkInfo{chunkName='dcgpost_testdata_chunk_31, offset=1024, len=1024}
dn3_1    | 2022-12-02 11:41:19,198 [c931f8d7-d095-487f-a9fc-0710cbb09e84@group-DF47DF9B6695-FollowerState] INFO server.RaftServer$Division: c931f8d7-d095-487f-a9fc-0710cbb09e84@group-DF47DF9B6695: changes role from  FOLLOWER to CANDIDATE at term 1 for changeToCandidate
dn3_1    | 2022-12-02 11:41:19,201 [c931f8d7-d095-487f-a9fc-0710cbb09e84@group-DF47DF9B6695-FollowerState] INFO server.RaftServerConfigKeys: raft.server.leaderelection.pre-vote = false (custom)
scm_1    | 2022-12-02 11:42:37,431 [EventQueue-CommandQueueReportForCommandQueueReportHandler] WARN events.EventQueue: No event handler registered for event TypedEvent{payloadType=DatanodeDetails, name='Datanode_Command_Queue_Updated'}
scm_1    | 2022-12-02 11:42:49,772 [EventQueue-CommandQueueReportForCommandQueueReportHandler] WARN events.EventQueue: No event handler registered for event TypedEvent{payloadType=DatanodeDetails, name='Datanode_Command_Queue_Updated'}
dn1_1    | 2022-12-02 11:42:40,341 [ChunkWriter-2-0] WARN helpers.ChunkUtils: Duplicate write chunk request. Chunk overwrite without explicit request. ChunkInfo{chunkName='dcgpost_testdata_chunk_32, offset=1024, len=1024}
dn2_1    | 2022-12-02 11:41:22,242 [f25d3a17-457f-4b39-9d7a-f57d750f7924@group-B2C5D2AB888E-LeaderElection2] INFO impl.LeaderElection: f25d3a17-457f-4b39-9d7a-f57d750f7924@group-B2C5D2AB888E-LeaderElection2: ELECTION REJECTED received 2 response(s) and 0 exception(s):
dn2_1    | 2022-12-02 11:41:22,242 [f25d3a17-457f-4b39-9d7a-f57d750f7924@group-B2C5D2AB888E-LeaderElection2] INFO impl.LeaderElection:   Response 0: f25d3a17-457f-4b39-9d7a-f57d750f7924<-c931f8d7-d095-487f-a9fc-0710cbb09e84#0:FAIL-t6
dn2_1    | 2022-12-02 11:41:22,242 [f25d3a17-457f-4b39-9d7a-f57d750f7924@group-B2C5D2AB888E-LeaderElection2] INFO impl.LeaderElection:   Response 1: f25d3a17-457f-4b39-9d7a-f57d750f7924<-5b8b7816-97d3-46a9-8d51-02134c9a8702#0:FAIL-t6
dn2_1    | 2022-12-02 11:41:22,242 [f25d3a17-457f-4b39-9d7a-f57d750f7924@group-B2C5D2AB888E-LeaderElection2] INFO impl.LeaderElection: f25d3a17-457f-4b39-9d7a-f57d750f7924@group-B2C5D2AB888E-LeaderElection2 ELECTION round 0: result REJECTED
dn1_1    | 2022-12-02 11:42:40,371 [ChunkWriter-3-0] WARN helpers.ChunkUtils: Duplicate write chunk request. Chunk overwrite without explicit request. ChunkInfo{chunkName='dcgpost_testdata_chunk_33, offset=1024, len=1024}
dn1_1    | 2022-12-02 11:42:40,402 [ChunkWriter-4-0] WARN helpers.ChunkUtils: Duplicate write chunk request. Chunk overwrite without explicit request. ChunkInfo{chunkName='dcgpost_testdata_chunk_34, offset=1024, len=1024}
dn3_1    | 2022-12-02 11:41:19,203 [c931f8d7-d095-487f-a9fc-0710cbb09e84@group-DF47DF9B6695-FollowerState] INFO impl.RoleInfo: c931f8d7-d095-487f-a9fc-0710cbb09e84: start c931f8d7-d095-487f-a9fc-0710cbb09e84@group-DF47DF9B6695-LeaderElection1
dn3_1    | 2022-12-02 11:41:19,204 [c931f8d7-d095-487f-a9fc-0710cbb09e84@group-B2C5D2AB888E-FollowerState] INFO server.RaftServerConfigKeys: raft.server.leaderelection.pre-vote = false (custom)
dn1_1    | 2022-12-02 11:42:40,425 [ChunkWriter-5-0] WARN helpers.ChunkUtils: Duplicate write chunk request. Chunk overwrite without explicit request. ChunkInfo{chunkName='dcgpost_testdata_chunk_35, offset=1024, len=1024}
dn2_1    | 2022-12-02 11:41:22,248 [f25d3a17-457f-4b39-9d7a-f57d750f7924@group-B2C5D2AB888E-LeaderElection2] INFO server.RaftServer$Division: f25d3a17-457f-4b39-9d7a-f57d750f7924@group-B2C5D2AB888E: changes role from CANDIDATE to FOLLOWER at term 6 for REJECTED
dn2_1    | 2022-12-02 11:41:22,248 [f25d3a17-457f-4b39-9d7a-f57d750f7924@group-B2C5D2AB888E-LeaderElection2] INFO impl.RoleInfo: f25d3a17-457f-4b39-9d7a-f57d750f7924: shutdown f25d3a17-457f-4b39-9d7a-f57d750f7924@group-B2C5D2AB888E-LeaderElection2
dn1_1    | 2022-12-02 11:42:40,448 [ChunkWriter-6-0] WARN helpers.ChunkUtils: Duplicate write chunk request. Chunk overwrite without explicit request. ChunkInfo{chunkName='dcgpost_testdata_chunk_36, offset=1024, len=1024}
dn1_1    | 2022-12-02 11:42:40,475 [ChunkWriter-7-0] WARN helpers.ChunkUtils: Duplicate write chunk request. Chunk overwrite without explicit request. ChunkInfo{chunkName='dcgpost_testdata_chunk_37, offset=1024, len=1024}
dn2_1    | 2022-12-02 11:41:22,248 [f25d3a17-457f-4b39-9d7a-f57d750f7924@group-B2C5D2AB888E-LeaderElection2] INFO impl.RoleInfo: f25d3a17-457f-4b39-9d7a-f57d750f7924: start f25d3a17-457f-4b39-9d7a-f57d750f7924@group-B2C5D2AB888E-FollowerState
dn3_1    | 2022-12-02 11:41:19,204 [c931f8d7-d095-487f-a9fc-0710cbb09e84@group-B2C5D2AB888E-FollowerState] INFO impl.RoleInfo: c931f8d7-d095-487f-a9fc-0710cbb09e84: start c931f8d7-d095-487f-a9fc-0710cbb09e84@group-B2C5D2AB888E-LeaderElection2
dn1_1    | 2022-12-02 11:42:40,501 [ChunkWriter-8-0] WARN helpers.ChunkUtils: Duplicate write chunk request. Chunk overwrite without explicit request. ChunkInfo{chunkName='dcgpost_testdata_chunk_38, offset=1024, len=1024}
dn2_1    | 2022-12-02 11:41:22,264 [f25d3a17-457f-4b39-9d7a-f57d750f7924@group-B2C5D2AB888E-FollowerState] INFO server.RaftServerConfigKeys: raft.server.rpc.first-election.timeout.min = 5s (fallback to raft.server.rpc.timeout.min)
dn3_1    | 2022-12-02 11:41:19,222 [c931f8d7-d095-487f-a9fc-0710cbb09e84@group-A07058B7E35A-FollowerState] INFO impl.FollowerState: c931f8d7-d095-487f-a9fc-0710cbb09e84@group-A07058B7E35A-FollowerState: change to CANDIDATE, lastRpcElapsedTime:6105810386ns, electionTimeout:5052ms
dn1_1    | 2022-12-02 11:42:40,522 [ChunkWriter-9-0] WARN helpers.ChunkUtils: Duplicate write chunk request. Chunk overwrite without explicit request. ChunkInfo{chunkName='dcgpost_testdata_chunk_39, offset=1024, len=1024}
dn2_1    | 2022-12-02 11:41:22,268 [f25d3a17-457f-4b39-9d7a-f57d750f7924@group-B2C5D2AB888E-FollowerState] INFO server.RaftServerConfigKeys: raft.server.rpc.first-election.timeout.max = 5200ms (fallback to raft.server.rpc.timeout.max)
dn3_1    | 2022-12-02 11:41:19,222 [c931f8d7-d095-487f-a9fc-0710cbb09e84@group-A07058B7E35A-FollowerState] INFO impl.RoleInfo: c931f8d7-d095-487f-a9fc-0710cbb09e84: shutdown c931f8d7-d095-487f-a9fc-0710cbb09e84@group-A07058B7E35A-FollowerState
dn1_1    | 2022-12-02 11:42:40,536 [ChunkWriter-0-0] WARN helpers.ChunkUtils: Duplicate write chunk request. Chunk overwrite without explicit request. ChunkInfo{chunkName='dcgpost_testdata_chunk_40, offset=2048, len=1024}
dn2_1    | 2022-12-02 11:41:26,992 [grpc-default-executor-0] INFO server.RaftServer$Division: f25d3a17-457f-4b39-9d7a-f57d750f7924@group-B2C5D2AB888E: receive requestVote(ELECTION, c931f8d7-d095-487f-a9fc-0710cbb09e84, group-B2C5D2AB888E, 7, (t:5, i:0))
dn3_1    | 2022-12-02 11:41:19,222 [c931f8d7-d095-487f-a9fc-0710cbb09e84@group-A07058B7E35A-FollowerState] INFO server.RaftServer$Division: c931f8d7-d095-487f-a9fc-0710cbb09e84@group-A07058B7E35A: changes role from  FOLLOWER to CANDIDATE at term 2 for changeToCandidate
dn1_1    | 2022-12-02 11:42:40,557 [ChunkWriter-1-0] WARN helpers.ChunkUtils: Duplicate write chunk request. Chunk overwrite without explicit request. ChunkInfo{chunkName='dcgpost_testdata_chunk_41, offset=2048, len=1024}
dn2_1    | 2022-12-02 11:41:26,992 [grpc-default-executor-0] INFO impl.VoteContext: f25d3a17-457f-4b39-9d7a-f57d750f7924@group-B2C5D2AB888E-FOLLOWER: reject ELECTION from c931f8d7-d095-487f-a9fc-0710cbb09e84: our priority 1 > candidate's priority 0
dn3_1    | 2022-12-02 11:41:19,223 [c931f8d7-d095-487f-a9fc-0710cbb09e84@group-A07058B7E35A-FollowerState] INFO server.RaftServerConfigKeys: raft.server.leaderelection.pre-vote = false (custom)
dn1_1    | 2022-12-02 11:42:40,580 [ChunkWriter-2-0] WARN helpers.ChunkUtils: Duplicate write chunk request. Chunk overwrite without explicit request. ChunkInfo{chunkName='dcgpost_testdata_chunk_42, offset=2048, len=1024}
dn2_1    | 2022-12-02 11:41:26,992 [grpc-default-executor-0] INFO server.RaftServer$Division: f25d3a17-457f-4b39-9d7a-f57d750f7924@group-B2C5D2AB888E: changes role from  FOLLOWER to FOLLOWER at term 7 for candidate:c931f8d7-d095-487f-a9fc-0710cbb09e84
dn3_1    | 2022-12-02 11:41:19,223 [c931f8d7-d095-487f-a9fc-0710cbb09e84@group-A07058B7E35A-FollowerState] INFO impl.RoleInfo: c931f8d7-d095-487f-a9fc-0710cbb09e84: start c931f8d7-d095-487f-a9fc-0710cbb09e84@group-A07058B7E35A-LeaderElection3
dn1_1    | 2022-12-02 11:42:40,605 [ChunkWriter-3-0] WARN helpers.ChunkUtils: Duplicate write chunk request. Chunk overwrite without explicit request. ChunkInfo{chunkName='dcgpost_testdata_chunk_43, offset=2048, len=1024}
dn2_1    | 2022-12-02 11:41:26,992 [grpc-default-executor-0] INFO impl.RoleInfo: f25d3a17-457f-4b39-9d7a-f57d750f7924: shutdown f25d3a17-457f-4b39-9d7a-f57d750f7924@group-B2C5D2AB888E-FollowerState
dn3_1    | 2022-12-02 11:41:19,273 [c931f8d7-d095-487f-a9fc-0710cbb09e84@group-DF47DF9B6695-LeaderElection1] INFO impl.LeaderElection: c931f8d7-d095-487f-a9fc-0710cbb09e84@group-DF47DF9B6695-LeaderElection1 ELECTION round 0: submit vote requests at term 2 for 0: peers:[c931f8d7-d095-487f-a9fc-0710cbb09e84|rpc:10.9.0.13:9856|admin:10.9.0.13:9857|client:10.9.0.13:9858|dataStream:|priority:1|startupRole:FOLLOWER]|listeners:[], old=null
dn1_1    | 2022-12-02 11:42:40,621 [ChunkWriter-4-0] WARN helpers.ChunkUtils: Duplicate write chunk request. Chunk overwrite without explicit request. ChunkInfo{chunkName='dcgpost_testdata_chunk_44, offset=2048, len=1024}
dn2_1    | 2022-12-02 11:41:26,992 [grpc-default-executor-0] INFO impl.RoleInfo: f25d3a17-457f-4b39-9d7a-f57d750f7924: start f25d3a17-457f-4b39-9d7a-f57d750f7924@group-B2C5D2AB888E-FollowerState
dn3_1    | 2022-12-02 11:41:19,278 [c931f8d7-d095-487f-a9fc-0710cbb09e84@group-DF47DF9B6695-LeaderElection1] INFO impl.LeaderElection: c931f8d7-d095-487f-a9fc-0710cbb09e84@group-DF47DF9B6695-LeaderElection1 ELECTION round 0: result PASSED (term=2)
dn1_1    | 2022-12-02 11:42:40,638 [ChunkWriter-5-0] WARN helpers.ChunkUtils: Duplicate write chunk request. Chunk overwrite without explicit request. ChunkInfo{chunkName='dcgpost_testdata_chunk_45, offset=2048, len=1024}
dn2_1    | 2022-12-02 11:41:26,993 [f25d3a17-457f-4b39-9d7a-f57d750f7924@group-B2C5D2AB888E-FollowerState] INFO impl.FollowerState: f25d3a17-457f-4b39-9d7a-f57d750f7924@group-B2C5D2AB888E-FollowerState was interrupted
dn3_1    | 2022-12-02 11:41:19,279 [c931f8d7-d095-487f-a9fc-0710cbb09e84@group-DF47DF9B6695-LeaderElection1] INFO impl.RoleInfo: c931f8d7-d095-487f-a9fc-0710cbb09e84: shutdown c931f8d7-d095-487f-a9fc-0710cbb09e84@group-DF47DF9B6695-LeaderElection1
dn1_1    | 2022-12-02 11:42:40,659 [ChunkWriter-6-0] WARN helpers.ChunkUtils: Duplicate write chunk request. Chunk overwrite without explicit request. ChunkInfo{chunkName='dcgpost_testdata_chunk_46, offset=2048, len=1024}
dn2_1    | 2022-12-02 11:41:26,995 [f25d3a17-457f-4b39-9d7a-f57d750f7924@group-B2C5D2AB888E-FollowerState] INFO server.RaftServerConfigKeys: raft.server.rpc.first-election.timeout.min = 5s (fallback to raft.server.rpc.timeout.min)
dn3_1    | 2022-12-02 11:41:19,292 [c931f8d7-d095-487f-a9fc-0710cbb09e84@group-A07058B7E35A-LeaderElection3] INFO impl.LeaderElection: c931f8d7-d095-487f-a9fc-0710cbb09e84@group-A07058B7E35A-LeaderElection3 ELECTION round 0: submit vote requests at term 3 for 0: peers:[c931f8d7-d095-487f-a9fc-0710cbb09e84|rpc:10.9.0.13:9856|admin:10.9.0.13:9857|client:10.9.0.13:9858|dataStream:|priority:1|startupRole:FOLLOWER, f25d3a17-457f-4b39-9d7a-f57d750f7924|rpc:10.9.0.12:9856|admin:10.9.0.12:9857|client:10.9.0.12:9858|dataStream:|priority:0|startupRole:FOLLOWER, 5b8b7816-97d3-46a9-8d51-02134c9a8702|rpc:10.9.0.11:9856|admin:10.9.0.11:9857|client:10.9.0.11:9858|dataStream:|priority:0|startupRole:FOLLOWER]|listeners:[], old=null
dn1_1    | 2022-12-02 11:42:40,680 [ChunkWriter-7-0] WARN helpers.ChunkUtils: Duplicate write chunk request. Chunk overwrite without explicit request. ChunkInfo{chunkName='dcgpost_testdata_chunk_47, offset=2048, len=1024}
dn2_1    | 2022-12-02 11:41:26,995 [grpc-default-executor-0] INFO server.RaftServer$Division: f25d3a17-457f-4b39-9d7a-f57d750f7924@group-B2C5D2AB888E replies to ELECTION vote request: c931f8d7-d095-487f-a9fc-0710cbb09e84<-f25d3a17-457f-4b39-9d7a-f57d750f7924#0:FAIL-t7. Peer's state: f25d3a17-457f-4b39-9d7a-f57d750f7924@group-B2C5D2AB888E:t7, leader=null, voted=null, raftlog=Memoized:f25d3a17-457f-4b39-9d7a-f57d750f7924@group-B2C5D2AB888E-SegmentedRaftLog:OPENED:c0, conf=0: peers:[c931f8d7-d095-487f-a9fc-0710cbb09e84|rpc:10.9.0.13:9856|admin:10.9.0.13:9857|client:10.9.0.13:9858|dataStream:|priority:0|startupRole:FOLLOWER, f25d3a17-457f-4b39-9d7a-f57d750f7924|rpc:10.9.0.12:9856|admin:10.9.0.12:9857|client:10.9.0.12:9858|dataStream:|priority:1|startupRole:FOLLOWER, 5b8b7816-97d3-46a9-8d51-02134c9a8702|rpc:10.9.0.11:9856|admin:10.9.0.11:9857|client:10.9.0.11:9858|dataStream:|priority:0|startupRole:FOLLOWER]|listeners:[], old=null
dn3_1    | 2022-12-02 11:41:19,275 [c931f8d7-d095-487f-a9fc-0710cbb09e84@group-B2C5D2AB888E-LeaderElection2] INFO impl.LeaderElection: c931f8d7-d095-487f-a9fc-0710cbb09e84@group-B2C5D2AB888E-LeaderElection2 ELECTION round 0: submit vote requests at term 6 for 0: peers:[c931f8d7-d095-487f-a9fc-0710cbb09e84|rpc:10.9.0.13:9856|admin:10.9.0.13:9857|client:10.9.0.13:9858|dataStream:|priority:0|startupRole:FOLLOWER, f25d3a17-457f-4b39-9d7a-f57d750f7924|rpc:10.9.0.12:9856|admin:10.9.0.12:9857|client:10.9.0.12:9858|dataStream:|priority:1|startupRole:FOLLOWER, 5b8b7816-97d3-46a9-8d51-02134c9a8702|rpc:10.9.0.11:9856|admin:10.9.0.11:9857|client:10.9.0.11:9858|dataStream:|priority:0|startupRole:FOLLOWER]|listeners:[], old=null
dn1_1    | 2022-12-02 11:42:40,702 [ChunkWriter-8-0] WARN helpers.ChunkUtils: Duplicate write chunk request. Chunk overwrite without explicit request. ChunkInfo{chunkName='dcgpost_testdata_chunk_48, offset=2048, len=1024}
dn3_1    | 2022-12-02 11:41:19,297 [c931f8d7-d095-487f-a9fc-0710cbb09e84@group-DF47DF9B6695-LeaderElection1] INFO server.RaftServer$Division: c931f8d7-d095-487f-a9fc-0710cbb09e84@group-DF47DF9B6695: changes role from CANDIDATE to LEADER at term 2 for changeToLeader
dn2_1    | 2022-12-02 11:41:27,002 [f25d3a17-457f-4b39-9d7a-f57d750f7924@group-B2C5D2AB888E-FollowerState] INFO server.RaftServerConfigKeys: raft.server.rpc.first-election.timeout.max = 5200ms (fallback to raft.server.rpc.timeout.max)
dn1_1    | 2022-12-02 11:42:40,724 [ChunkWriter-9-0] WARN helpers.ChunkUtils: Duplicate write chunk request. Chunk overwrite without explicit request. ChunkInfo{chunkName='dcgpost_testdata_chunk_49, offset=2048, len=1024}
dn3_1    | 2022-12-02 11:41:19,300 [c931f8d7-d095-487f-a9fc-0710cbb09e84@group-DF47DF9B6695-LeaderElection1] INFO ratis.XceiverServerRatis: Leader change notification received for group: group-DF47DF9B6695 with new leaderId: c931f8d7-d095-487f-a9fc-0710cbb09e84
dn2_1    | 2022-12-02 11:41:27,143 [f25d3a17-457f-4b39-9d7a-f57d750f7924@group-A07058B7E35A-FollowerState] INFO impl.FollowerState: f25d3a17-457f-4b39-9d7a-f57d750f7924@group-A07058B7E35A-FollowerState: change to CANDIDATE, lastRpcElapsedTime:5217596321ns, electionTimeout:5200ms
dn1_1    | 2022-12-02 11:42:40,745 [ChunkWriter-0-0] WARN helpers.ChunkUtils: Duplicate write chunk request. Chunk overwrite without explicit request. ChunkInfo{chunkName='dcgpost_testdata_chunk_50, offset=2048, len=1024}
dn3_1    | 2022-12-02 11:41:19,317 [c931f8d7-d095-487f-a9fc-0710cbb09e84@group-DF47DF9B6695-LeaderElection1] INFO server.RaftServer$Division: c931f8d7-d095-487f-a9fc-0710cbb09e84@group-DF47DF9B6695: change Leader from null to c931f8d7-d095-487f-a9fc-0710cbb09e84 at term 2 for becomeLeader, leader elected after 22460ms
dn2_1    | 2022-12-02 11:41:27,144 [f25d3a17-457f-4b39-9d7a-f57d750f7924@group-A07058B7E35A-FollowerState] INFO impl.RoleInfo: f25d3a17-457f-4b39-9d7a-f57d750f7924: shutdown f25d3a17-457f-4b39-9d7a-f57d750f7924@group-A07058B7E35A-FollowerState
dn1_1    | 2022-12-02 11:42:40,775 [ChunkWriter-1-0] WARN helpers.ChunkUtils: Duplicate write chunk request. Chunk overwrite without explicit request. ChunkInfo{chunkName='dcgpost_testdata_chunk_51, offset=2048, len=1024}
dn3_1    | 2022-12-02 11:41:19,359 [c931f8d7-d095-487f-a9fc-0710cbb09e84@group-DF47DF9B6695-LeaderElection1] INFO server.RaftServerConfigKeys: raft.server.staging.catchup.gap = 1000 (default)
dn2_1    | 2022-12-02 11:41:27,144 [f25d3a17-457f-4b39-9d7a-f57d750f7924@group-A07058B7E35A-FollowerState] INFO server.RaftServer$Division: f25d3a17-457f-4b39-9d7a-f57d750f7924@group-A07058B7E35A: changes role from  FOLLOWER to CANDIDATE at term 3 for changeToCandidate
dn1_1    | 2022-12-02 11:42:40,799 [ChunkWriter-2-0] WARN helpers.ChunkUtils: Duplicate write chunk request. Chunk overwrite without explicit request. ChunkInfo{chunkName='dcgpost_testdata_chunk_52, offset=2048, len=1024}
dn1_1    | 2022-12-02 11:42:40,826 [ChunkWriter-3-0] WARN helpers.ChunkUtils: Duplicate write chunk request. Chunk overwrite without explicit request. ChunkInfo{chunkName='dcgpost_testdata_chunk_53, offset=2048, len=1024}
dn3_1    | 2022-12-02 11:41:19,413 [c931f8d7-d095-487f-a9fc-0710cbb09e84@group-DF47DF9B6695-LeaderElection1] INFO server.RaftServerConfigKeys: raft.server.write.element-limit = 1024 (custom)
dn1_1    | 2022-12-02 11:42:40,842 [ChunkWriter-4-0] WARN helpers.ChunkUtils: Duplicate write chunk request. Chunk overwrite without explicit request. ChunkInfo{chunkName='dcgpost_testdata_chunk_54, offset=2048, len=1024}
dn2_1    | 2022-12-02 11:41:27,144 [f25d3a17-457f-4b39-9d7a-f57d750f7924@group-A07058B7E35A-FollowerState] INFO server.RaftServerConfigKeys: raft.server.leaderelection.pre-vote = false (custom)
dn3_1    | 2022-12-02 11:41:19,432 [c931f8d7-d095-487f-a9fc-0710cbb09e84@group-DF47DF9B6695-LeaderElection1] INFO server.RaftServerConfigKeys: raft.server.write.byte-limit = 1024 M (=1073741824) (custom)
dn1_1    | 2022-12-02 11:42:40,873 [ChunkWriter-5-0] WARN helpers.ChunkUtils: Duplicate write chunk request. Chunk overwrite without explicit request. ChunkInfo{chunkName='dcgpost_testdata_chunk_55, offset=2048, len=1024}
dn2_1    | 2022-12-02 11:41:27,145 [f25d3a17-457f-4b39-9d7a-f57d750f7924@group-A07058B7E35A-FollowerState] INFO impl.RoleInfo: f25d3a17-457f-4b39-9d7a-f57d750f7924: start f25d3a17-457f-4b39-9d7a-f57d750f7924@group-A07058B7E35A-LeaderElection4
dn3_1    | 2022-12-02 11:41:19,447 [c931f8d7-d095-487f-a9fc-0710cbb09e84@group-B2C5D2AB888E-LeaderElection2] INFO server.RaftServerConfigKeys: raft.server.rpc.first-election.timeout.min = 5s (fallback to raft.server.rpc.timeout.min)
dn1_1    | 2022-12-02 11:42:40,895 [ChunkWriter-6-0] WARN helpers.ChunkUtils: Duplicate write chunk request. Chunk overwrite without explicit request. ChunkInfo{chunkName='dcgpost_testdata_chunk_56, offset=2048, len=1024}
dn2_1    | 2022-12-02 11:41:27,168 [f25d3a17-457f-4b39-9d7a-f57d750f7924@group-A07058B7E35A-LeaderElection4] INFO impl.LeaderElection: f25d3a17-457f-4b39-9d7a-f57d750f7924@group-A07058B7E35A-LeaderElection4 ELECTION round 0: submit vote requests at term 4 for 0: peers:[c931f8d7-d095-487f-a9fc-0710cbb09e84|rpc:10.9.0.13:9856|admin:10.9.0.13:9857|client:10.9.0.13:9858|dataStream:|priority:1|startupRole:FOLLOWER, f25d3a17-457f-4b39-9d7a-f57d750f7924|rpc:10.9.0.12:9856|admin:10.9.0.12:9857|client:10.9.0.12:9858|dataStream:|priority:0|startupRole:FOLLOWER, 5b8b7816-97d3-46a9-8d51-02134c9a8702|rpc:10.9.0.11:9856|admin:10.9.0.11:9857|client:10.9.0.11:9858|dataStream:|priority:0|startupRole:FOLLOWER]|listeners:[], old=null
dn3_1    | 2022-12-02 11:41:19,457 [c931f8d7-d095-487f-a9fc-0710cbb09e84@group-B2C5D2AB888E-LeaderElection2] INFO server.RaftServerConfigKeys: raft.server.rpc.first-election.timeout.max = 5200ms (fallback to raft.server.rpc.timeout.max)
dn1_1    | 2022-12-02 11:42:40,914 [ChunkWriter-7-0] WARN helpers.ChunkUtils: Duplicate write chunk request. Chunk overwrite without explicit request. ChunkInfo{chunkName='dcgpost_testdata_chunk_57, offset=2048, len=1024}
dn2_1    | 2022-12-02 11:41:27,171 [f25d3a17-457f-4b39-9d7a-f57d750f7924@group-A07058B7E35A-LeaderElection4] INFO server.RaftServerConfigKeys: raft.server.rpc.first-election.timeout.min = 5s (fallback to raft.server.rpc.timeout.min)
dn2_1    | 2022-12-02 11:41:27,171 [f25d3a17-457f-4b39-9d7a-f57d750f7924@group-A07058B7E35A-LeaderElection4] INFO server.RaftServerConfigKeys: raft.server.rpc.first-election.timeout.max = 5200ms (fallback to raft.server.rpc.timeout.max)
dn3_1    | 2022-12-02 11:41:19,477 [c931f8d7-d095-487f-a9fc-0710cbb09e84@group-A07058B7E35A-LeaderElection3] INFO server.RaftServerConfigKeys: raft.server.rpc.first-election.timeout.min = 5s (fallback to raft.server.rpc.timeout.min)
dn2_1    | 2022-12-02 11:41:27,206 [f25d3a17-457f-4b39-9d7a-f57d750f7924@group-A07058B7E35A-LeaderElection4] INFO impl.LeaderElection: f25d3a17-457f-4b39-9d7a-f57d750f7924@group-A07058B7E35A-LeaderElection4: ELECTION REJECTED received 1 response(s) and 0 exception(s):
dn2_1    | 2022-12-02 11:41:27,206 [f25d3a17-457f-4b39-9d7a-f57d750f7924@group-A07058B7E35A-LeaderElection4] INFO impl.LeaderElection:   Response 0: f25d3a17-457f-4b39-9d7a-f57d750f7924<-c931f8d7-d095-487f-a9fc-0710cbb09e84#0:FAIL-t4
dn1_1    | 2022-12-02 11:42:40,933 [ChunkWriter-8-0] WARN helpers.ChunkUtils: Duplicate write chunk request. Chunk overwrite without explicit request. ChunkInfo{chunkName='dcgpost_testdata_chunk_58, offset=2048, len=1024}
dn1_1    | 2022-12-02 11:42:40,960 [ChunkWriter-9-0] WARN helpers.ChunkUtils: Duplicate write chunk request. Chunk overwrite without explicit request. ChunkInfo{chunkName='dcgpost_testdata_chunk_59, offset=2048, len=1024}
dn1_1    | 2022-12-02 11:42:40,980 [ChunkWriter-0-0] WARN helpers.ChunkUtils: Duplicate write chunk request. Chunk overwrite without explicit request. ChunkInfo{chunkName='dcgpost_testdata_chunk_60, offset=3072, len=1024}
dn1_1    | 2022-12-02 11:42:41,001 [ChunkWriter-1-0] WARN helpers.ChunkUtils: Duplicate write chunk request. Chunk overwrite without explicit request. ChunkInfo{chunkName='dcgpost_testdata_chunk_61, offset=3072, len=1024}
dn1_1    | 2022-12-02 11:42:41,023 [ChunkWriter-2-0] WARN helpers.ChunkUtils: Duplicate write chunk request. Chunk overwrite without explicit request. ChunkInfo{chunkName='dcgpost_testdata_chunk_62, offset=3072, len=1024}
dn3_1    | 2022-12-02 11:41:19,478 [c931f8d7-d095-487f-a9fc-0710cbb09e84@group-A07058B7E35A-LeaderElection3] INFO server.RaftServerConfigKeys: raft.server.rpc.first-election.timeout.max = 5200ms (fallback to raft.server.rpc.timeout.max)
dn3_1    | 2022-12-02 11:41:19,495 [c931f8d7-d095-487f-a9fc-0710cbb09e84@group-B2C5D2AB888E-LeaderElection2-2] INFO server.GrpcServerProtocolClient: Build channel for 5b8b7816-97d3-46a9-8d51-02134c9a8702
dn1_1    | 2022-12-02 11:42:41,050 [ChunkWriter-3-0] WARN helpers.ChunkUtils: Duplicate write chunk request. Chunk overwrite without explicit request. ChunkInfo{chunkName='dcgpost_testdata_chunk_63, offset=3072, len=1024}
dn2_1    | 2022-12-02 11:41:27,207 [f25d3a17-457f-4b39-9d7a-f57d750f7924@group-A07058B7E35A-LeaderElection4] INFO impl.LeaderElection: f25d3a17-457f-4b39-9d7a-f57d750f7924@group-A07058B7E35A-LeaderElection4 ELECTION round 0: result REJECTED
dn3_1    | 2022-12-02 11:41:19,501 [c931f8d7-d095-487f-a9fc-0710cbb09e84@group-B2C5D2AB888E-LeaderElection2-1] INFO server.GrpcServerProtocolClient: Build channel for f25d3a17-457f-4b39-9d7a-f57d750f7924
dn3_1    | 2022-12-02 11:41:19,533 [c931f8d7-d095-487f-a9fc-0710cbb09e84@group-DF47DF9B6695-LeaderElection1] INFO server.RaftServerConfigKeys: raft.server.watch.timeout = 180s (custom)
dn3_1    | 2022-12-02 11:41:19,536 [c931f8d7-d095-487f-a9fc-0710cbb09e84@group-DF47DF9B6695-LeaderElection1] INFO server.RaftServerConfigKeys: raft.server.watch.timeout.denomination = 1s (default)
dn2_1    | 2022-12-02 11:41:27,207 [f25d3a17-457f-4b39-9d7a-f57d750f7924@group-A07058B7E35A-LeaderElection4] INFO server.RaftServer$Division: f25d3a17-457f-4b39-9d7a-f57d750f7924@group-A07058B7E35A: changes role from CANDIDATE to FOLLOWER at term 4 for REJECTED
dn1_1    | 2022-12-02 11:42:41,068 [ChunkWriter-4-0] WARN helpers.ChunkUtils: Duplicate write chunk request. Chunk overwrite without explicit request. ChunkInfo{chunkName='dcgpost_testdata_chunk_64, offset=3072, len=1024}
dn3_1    | 2022-12-02 11:41:19,552 [c931f8d7-d095-487f-a9fc-0710cbb09e84@group-DF47DF9B6695-LeaderElection1] INFO server.RaftServerConfigKeys: raft.server.watch.element-limit = 65536 (default)
dn2_1    | 2022-12-02 11:41:27,208 [f25d3a17-457f-4b39-9d7a-f57d750f7924@group-A07058B7E35A-LeaderElection4] INFO impl.RoleInfo: f25d3a17-457f-4b39-9d7a-f57d750f7924: shutdown f25d3a17-457f-4b39-9d7a-f57d750f7924@group-A07058B7E35A-LeaderElection4
dn1_1    | 2022-12-02 11:42:41,092 [ChunkWriter-5-0] WARN helpers.ChunkUtils: Duplicate write chunk request. Chunk overwrite without explicit request. ChunkInfo{chunkName='dcgpost_testdata_chunk_65, offset=3072, len=1024}
dn3_1    | 2022-12-02 11:41:19,653 [c931f8d7-d095-487f-a9fc-0710cbb09e84@group-DF47DF9B6695-LeaderElection1] INFO server.RaftServerConfigKeys: raft.server.write.element-limit = 1024 (custom)
dn2_1    | 2022-12-02 11:41:27,208 [f25d3a17-457f-4b39-9d7a-f57d750f7924@group-A07058B7E35A-LeaderElection4] INFO impl.RoleInfo: f25d3a17-457f-4b39-9d7a-f57d750f7924: start f25d3a17-457f-4b39-9d7a-f57d750f7924@group-A07058B7E35A-FollowerState
dn1_1    | 2022-12-02 11:42:41,102 [ChunkWriter-6-0] WARN helpers.ChunkUtils: Duplicate write chunk request. Chunk overwrite without explicit request. ChunkInfo{chunkName='dcgpost_testdata_chunk_66, offset=3072, len=1024}
dn3_1    | 2022-12-02 11:41:19,666 [c931f8d7-d095-487f-a9fc-0710cbb09e84@group-DF47DF9B6695-LeaderElection1] INFO server.RaftServerConfigKeys: raft.server.write.follower.gap.ratio.max = -1.0 (default)
dn2_1    | 2022-12-02 11:41:27,221 [f25d3a17-457f-4b39-9d7a-f57d750f7924@group-A07058B7E35A-FollowerState] INFO server.RaftServerConfigKeys: raft.server.rpc.first-election.timeout.min = 5s (fallback to raft.server.rpc.timeout.min)
dn1_1    | 2022-12-02 11:42:41,138 [ChunkWriter-7-0] WARN helpers.ChunkUtils: Duplicate write chunk request. Chunk overwrite without explicit request. ChunkInfo{chunkName='dcgpost_testdata_chunk_67, offset=3072, len=1024}
dn3_1    | 2022-12-02 11:41:19,695 [c931f8d7-d095-487f-a9fc-0710cbb09e84@group-DF47DF9B6695-LeaderElection1] INFO impl.RoleInfo: c931f8d7-d095-487f-a9fc-0710cbb09e84: start c931f8d7-d095-487f-a9fc-0710cbb09e84@group-DF47DF9B6695-LeaderStateImpl
dn2_1    | 2022-12-02 11:41:27,225 [f25d3a17-457f-4b39-9d7a-f57d750f7924@group-A07058B7E35A-FollowerState] INFO server.RaftServerConfigKeys: raft.server.rpc.first-election.timeout.max = 5200ms (fallback to raft.server.rpc.timeout.max)
dn2_1    | 2022-12-02 11:41:32,045 [f25d3a17-457f-4b39-9d7a-f57d750f7924@group-B2C5D2AB888E-FollowerState] INFO impl.FollowerState: f25d3a17-457f-4b39-9d7a-f57d750f7924@group-B2C5D2AB888E-FollowerState: change to CANDIDATE, lastRpcElapsedTime:5052846638ns, electionTimeout:5043ms
dn3_1    | 2022-12-02 11:41:19,820 [c931f8d7-d095-487f-a9fc-0710cbb09e84@group-DF47DF9B6695-LeaderElection1] INFO segmented.SegmentedRaftLogWorker: c931f8d7-d095-487f-a9fc-0710cbb09e84@group-DF47DF9B6695-SegmentedRaftLogWorker: Rolling segment log-0_0 to index:0
dn2_1    | 2022-12-02 11:41:32,046 [f25d3a17-457f-4b39-9d7a-f57d750f7924@group-B2C5D2AB888E-FollowerState] INFO impl.RoleInfo: f25d3a17-457f-4b39-9d7a-f57d750f7924: shutdown f25d3a17-457f-4b39-9d7a-f57d750f7924@group-B2C5D2AB888E-FollowerState
dn1_1    | 2022-12-02 11:42:41,151 [ChunkWriter-8-0] WARN helpers.ChunkUtils: Duplicate write chunk request. Chunk overwrite without explicit request. ChunkInfo{chunkName='dcgpost_testdata_chunk_68, offset=3072, len=1024}
dn3_1    | 2022-12-02 11:41:19,857 [c931f8d7-d095-487f-a9fc-0710cbb09e84@group-DF47DF9B6695-SegmentedRaftLogWorker] INFO segmented.SegmentedRaftLogWorker: c931f8d7-d095-487f-a9fc-0710cbb09e84@group-DF47DF9B6695-SegmentedRaftLogWorker: Rolled log segment from /data/metadata/ratis/57fa4234-b488-46b4-966b-df47df9b6695/current/log_inprogress_0 to /data/metadata/ratis/57fa4234-b488-46b4-966b-df47df9b6695/current/log_0-0
dn2_1    | 2022-12-02 11:41:32,046 [f25d3a17-457f-4b39-9d7a-f57d750f7924@group-B2C5D2AB888E-FollowerState] INFO server.RaftServer$Division: f25d3a17-457f-4b39-9d7a-f57d750f7924@group-B2C5D2AB888E: changes role from  FOLLOWER to CANDIDATE at term 7 for changeToCandidate
dn1_1    | 2022-12-02 11:42:41,166 [ChunkWriter-9-0] WARN helpers.ChunkUtils: Duplicate write chunk request. Chunk overwrite without explicit request. ChunkInfo{chunkName='dcgpost_testdata_chunk_69, offset=3072, len=1024}
dn3_1    | 2022-12-02 11:41:19,940 [c931f8d7-d095-487f-a9fc-0710cbb09e84@group-DF47DF9B6695-SegmentedRaftLogWorker] INFO segmented.SegmentedRaftLogWorker: c931f8d7-d095-487f-a9fc-0710cbb09e84@group-DF47DF9B6695-SegmentedRaftLogWorker: created new log segment /data/metadata/ratis/57fa4234-b488-46b4-966b-df47df9b6695/current/log_inprogress_1
dn2_1    | 2022-12-02 11:41:32,046 [f25d3a17-457f-4b39-9d7a-f57d750f7924@group-B2C5D2AB888E-FollowerState] INFO server.RaftServerConfigKeys: raft.server.leaderelection.pre-vote = false (custom)
dn1_1    | 2022-12-02 11:42:41,189 [ChunkWriter-0-0] WARN helpers.ChunkUtils: Duplicate write chunk request. Chunk overwrite without explicit request. ChunkInfo{chunkName='dcgpost_testdata_chunk_70, offset=3072, len=1024}
dn3_1    | 2022-12-02 11:41:19,987 [c931f8d7-d095-487f-a9fc-0710cbb09e84@group-DF47DF9B6695-LeaderElection1] INFO server.RaftServer$Division: c931f8d7-d095-487f-a9fc-0710cbb09e84@group-DF47DF9B6695: set configuration 1: peers:[c931f8d7-d095-487f-a9fc-0710cbb09e84|rpc:10.9.0.13:9856|admin:10.9.0.13:9857|client:10.9.0.13:9858|dataStream:|priority:1|startupRole:FOLLOWER]|listeners:[], old=null
dn1_1    | 2022-12-02 11:42:41,203 [ChunkWriter-1-0] WARN helpers.ChunkUtils: Duplicate write chunk request. Chunk overwrite without explicit request. ChunkInfo{chunkName='dcgpost_testdata_chunk_71, offset=3072, len=1024}
dn2_1    | 2022-12-02 11:41:32,046 [f25d3a17-457f-4b39-9d7a-f57d750f7924@group-B2C5D2AB888E-FollowerState] INFO impl.RoleInfo: f25d3a17-457f-4b39-9d7a-f57d750f7924: start f25d3a17-457f-4b39-9d7a-f57d750f7924@group-B2C5D2AB888E-LeaderElection5
dn3_1    | 2022-12-02 11:41:21,746 [grpc-default-executor-0] INFO server.RaftServer$Division: c931f8d7-d095-487f-a9fc-0710cbb09e84@group-B2C5D2AB888E: receive requestVote(ELECTION, f25d3a17-457f-4b39-9d7a-f57d750f7924, group-B2C5D2AB888E, 6, (t:5, i:0))
dn1_1    | 2022-12-02 11:42:41,217 [ChunkWriter-2-0] WARN helpers.ChunkUtils: Duplicate write chunk request. Chunk overwrite without explicit request. ChunkInfo{chunkName='dcgpost_testdata_chunk_72, offset=3072, len=1024}
dn2_1    | 2022-12-02 11:41:32,065 [f25d3a17-457f-4b39-9d7a-f57d750f7924@group-B2C5D2AB888E-LeaderElection5] INFO impl.LeaderElection: f25d3a17-457f-4b39-9d7a-f57d750f7924@group-B2C5D2AB888E-LeaderElection5 ELECTION round 0: submit vote requests at term 8 for 0: peers:[c931f8d7-d095-487f-a9fc-0710cbb09e84|rpc:10.9.0.13:9856|admin:10.9.0.13:9857|client:10.9.0.13:9858|dataStream:|priority:0|startupRole:FOLLOWER, f25d3a17-457f-4b39-9d7a-f57d750f7924|rpc:10.9.0.12:9856|admin:10.9.0.12:9857|client:10.9.0.12:9858|dataStream:|priority:1|startupRole:FOLLOWER, 5b8b7816-97d3-46a9-8d51-02134c9a8702|rpc:10.9.0.11:9856|admin:10.9.0.11:9857|client:10.9.0.11:9858|dataStream:|priority:0|startupRole:FOLLOWER]|listeners:[], old=null
dn3_1    | 2022-12-02 11:41:21,749 [grpc-default-executor-1] INFO server.RaftServer$Division: c931f8d7-d095-487f-a9fc-0710cbb09e84@group-A07058B7E35A: receive requestVote(ELECTION, f25d3a17-457f-4b39-9d7a-f57d750f7924, group-A07058B7E35A, 3, (t:2, i:204))
dn1_1    | 2022-12-02 11:42:41,232 [ChunkWriter-3-0] WARN helpers.ChunkUtils: Duplicate write chunk request. Chunk overwrite without explicit request. ChunkInfo{chunkName='dcgpost_testdata_chunk_73, offset=3072, len=1024}
dn2_1    | 2022-12-02 11:41:32,069 [f25d3a17-457f-4b39-9d7a-f57d750f7924@group-B2C5D2AB888E-LeaderElection5] INFO server.RaftServerConfigKeys: raft.server.rpc.first-election.timeout.min = 5s (fallback to raft.server.rpc.timeout.min)
dn3_1    | 2022-12-02 11:41:21,752 [grpc-default-executor-1] INFO impl.VoteContext: c931f8d7-d095-487f-a9fc-0710cbb09e84@group-A07058B7E35A-CANDIDATE: reject ELECTION from f25d3a17-457f-4b39-9d7a-f57d750f7924: already has voted for c931f8d7-d095-487f-a9fc-0710cbb09e84 at current term 3
dn2_1    | 2022-12-02 11:41:32,069 [f25d3a17-457f-4b39-9d7a-f57d750f7924@group-B2C5D2AB888E-LeaderElection5] INFO server.RaftServerConfigKeys: raft.server.rpc.first-election.timeout.max = 5200ms (fallback to raft.server.rpc.timeout.max)
dn2_1    | 2022-12-02 11:41:32,115 [f25d3a17-457f-4b39-9d7a-f57d750f7924@group-B2C5D2AB888E-LeaderElection5] INFO impl.LeaderElection: f25d3a17-457f-4b39-9d7a-f57d750f7924@group-B2C5D2AB888E-LeaderElection5: ELECTION PASSED received 1 response(s) and 0 exception(s):
dn1_1    | 2022-12-02 11:42:41,275 [ChunkWriter-4-0] WARN helpers.ChunkUtils: Duplicate write chunk request. Chunk overwrite without explicit request. ChunkInfo{chunkName='dcgpost_testdata_chunk_74, offset=3072, len=1024}
dn1_1    | 2022-12-02 11:42:41,292 [ChunkWriter-5-0] WARN helpers.ChunkUtils: Duplicate write chunk request. Chunk overwrite without explicit request. ChunkInfo{chunkName='dcgpost_testdata_chunk_75, offset=3072, len=1024}
dn2_1    | 2022-12-02 11:41:32,115 [f25d3a17-457f-4b39-9d7a-f57d750f7924@group-B2C5D2AB888E-LeaderElection5] INFO impl.LeaderElection:   Response 0: f25d3a17-457f-4b39-9d7a-f57d750f7924<-5b8b7816-97d3-46a9-8d51-02134c9a8702#0:OK-t8
dn3_1    | 2022-12-02 11:41:21,774 [grpc-default-executor-1] INFO server.RaftServer$Division: c931f8d7-d095-487f-a9fc-0710cbb09e84@group-A07058B7E35A replies to ELECTION vote request: f25d3a17-457f-4b39-9d7a-f57d750f7924<-c931f8d7-d095-487f-a9fc-0710cbb09e84#0:FAIL-t3. Peer's state: c931f8d7-d095-487f-a9fc-0710cbb09e84@group-A07058B7E35A:t3, leader=null, voted=c931f8d7-d095-487f-a9fc-0710cbb09e84, raftlog=Memoized:c931f8d7-d095-487f-a9fc-0710cbb09e84@group-A07058B7E35A-SegmentedRaftLog:OPENED:c204, conf=0: peers:[c931f8d7-d095-487f-a9fc-0710cbb09e84|rpc:10.9.0.13:9856|admin:10.9.0.13:9857|client:10.9.0.13:9858|dataStream:|priority:1|startupRole:FOLLOWER, f25d3a17-457f-4b39-9d7a-f57d750f7924|rpc:10.9.0.12:9856|admin:10.9.0.12:9857|client:10.9.0.12:9858|dataStream:|priority:0|startupRole:FOLLOWER, 5b8b7816-97d3-46a9-8d51-02134c9a8702|rpc:10.9.0.11:9856|admin:10.9.0.11:9857|client:10.9.0.11:9858|dataStream:|priority:0|startupRole:FOLLOWER]|listeners:[], old=null
dn1_1    | 2022-12-02 11:42:41,312 [ChunkWriter-6-0] WARN helpers.ChunkUtils: Duplicate write chunk request. Chunk overwrite without explicit request. ChunkInfo{chunkName='dcgpost_testdata_chunk_76, offset=3072, len=1024}
dn2_1    | 2022-12-02 11:41:32,126 [f25d3a17-457f-4b39-9d7a-f57d750f7924@group-B2C5D2AB888E-LeaderElection5] INFO impl.LeaderElection: f25d3a17-457f-4b39-9d7a-f57d750f7924@group-B2C5D2AB888E-LeaderElection5 ELECTION round 0: result PASSED
dn3_1    | 2022-12-02 11:41:21,781 [grpc-default-executor-0] INFO impl.VoteContext: c931f8d7-d095-487f-a9fc-0710cbb09e84@group-B2C5D2AB888E-CANDIDATE: reject ELECTION from f25d3a17-457f-4b39-9d7a-f57d750f7924: already has voted for c931f8d7-d095-487f-a9fc-0710cbb09e84 at current term 6
dn1_1    | 2022-12-02 11:42:41,332 [ChunkWriter-7-0] WARN helpers.ChunkUtils: Duplicate write chunk request. Chunk overwrite without explicit request. ChunkInfo{chunkName='dcgpost_testdata_chunk_77, offset=3072, len=1024}
dn2_1    | 2022-12-02 11:41:32,136 [f25d3a17-457f-4b39-9d7a-f57d750f7924@group-B2C5D2AB888E-LeaderElection5] INFO impl.RoleInfo: f25d3a17-457f-4b39-9d7a-f57d750f7924: shutdown f25d3a17-457f-4b39-9d7a-f57d750f7924@group-B2C5D2AB888E-LeaderElection5
