dn3_1    | 2022-12-02 11:41:11,019 [c931f8d7-d095-487f-a9fc-0710cbb09e84-impl-thread2] INFO server.RaftServerConfigKeys: raft.server.log.purge.gap = 1000000 (custom)
dn1_1    | 2022-12-02 11:41:20,352 [5b8b7816-97d3-46a9-8d51-02134c9a8702@group-A7BC8875DD52-LeaderElection2] INFO server.RaftServerConfigKeys: raft.server.write.follower.gap.ratio.max = -1.0 (default)
recon_1  | 2022-12-02 11:42:07,351 [pool-27-thread-1] INFO impl.OzoneManagerServiceProviderImpl: Obtaining full snapshot from Ozone Manager
dn2_1    | 2022-12-02 11:41:13,163 [f25d3a17-457f-4b39-9d7a-f57d750f7924-impl-thread1] INFO server.RaftServer$Division: f25d3a17-457f-4b39-9d7a-f57d750f7924@group-A07058B7E35A: start as a follower, conf=0: peers:[c931f8d7-d095-487f-a9fc-0710cbb09e84|rpc:10.9.0.13:9856|admin:10.9.0.13:9857|client:10.9.0.13:9858|dataStream:|priority:1|startupRole:FOLLOWER, f25d3a17-457f-4b39-9d7a-f57d750f7924|rpc:10.9.0.12:9856|admin:10.9.0.12:9857|client:10.9.0.12:9858|dataStream:|priority:0|startupRole:FOLLOWER, 5b8b7816-97d3-46a9-8d51-02134c9a8702|rpc:10.9.0.11:9856|admin:10.9.0.11:9857|client:10.9.0.11:9858|dataStream:|priority:0|startupRole:FOLLOWER]|listeners:[], old=null
scm_1    | 	at java.base/javax.security.auth.Subject.doAs(Subject.java:423)
dn3_1    | 2022-12-02 11:41:11,020 [c931f8d7-d095-487f-a9fc-0710cbb09e84-impl-thread2] INFO server.RaftServerConfigKeys: raft.server.log.appender.buffer.byte-limit = 33554432 (custom)
dn1_1    | 2022-12-02 11:41:20,425 [5b8b7816-97d3-46a9-8d51-02134c9a8702@group-A7BC8875DD52-LeaderElection2] INFO impl.RoleInfo: 5b8b7816-97d3-46a9-8d51-02134c9a8702: start 5b8b7816-97d3-46a9-8d51-02134c9a8702@group-A7BC8875DD52-LeaderStateImpl
scm_1    | 	at org.apache.hadoop.security.UserGroupInformation.doAs(UserGroupInformation.java:1878)
dn3_1    | 2022-12-02 11:41:11,021 [c931f8d7-d095-487f-a9fc-0710cbb09e84-impl-thread1] INFO server.RaftServerConfigKeys: raft.server.log.statemachine.data.read.timeout = 1000ms (default)
dn2_1    | 2022-12-02 11:41:13,104 [f25d3a17-457f-4b39-9d7a-f57d750f7924-impl-thread2] INFO server.RaftServer$Division: f25d3a17-457f-4b39-9d7a-f57d750f7924@group-DC412E4E4E6B: start as a follower, conf=0: peers:[f25d3a17-457f-4b39-9d7a-f57d750f7924|rpc:10.9.0.12:9856|admin:10.9.0.12:9857|client:10.9.0.12:9858|dataStream:|priority:1|startupRole:FOLLOWER]|listeners:[], old=null
recon_1  | 2022-12-02 11:42:07,691 [pool-27-thread-1] INFO impl.OzoneManagerServiceProviderImpl: Got new checkpoint from OM : /data/metadata/om.snapshot.db_1669981327351
dn3_1    | 2022-12-02 11:41:11,021 [c931f8d7-d095-487f-a9fc-0710cbb09e84-impl-thread2] INFO server.RaftServerConfigKeys: raft.server.log.statemachine.data.read.timeout = 1000ms (default)
dn1_1    | 2022-12-02 11:41:20,529 [5b8b7816-97d3-46a9-8d51-02134c9a8702@group-A7BC8875DD52-LeaderElection2] INFO segmented.SegmentedRaftLogWorker: 5b8b7816-97d3-46a9-8d51-02134c9a8702@group-A7BC8875DD52-SegmentedRaftLogWorker: Rolling segment log-0_0 to index:0
scm_1    | 	at org.apache.hadoop.ipc.Server$Handler.run(Server.java:2976)
dn2_1    | 2022-12-02 11:41:13,164 [f25d3a17-457f-4b39-9d7a-f57d750f7924-impl-thread1] INFO server.RaftServer$Division: f25d3a17-457f-4b39-9d7a-f57d750f7924@group-A07058B7E35A: changes role from      null to FOLLOWER at term 2 for startAsFollower
recon_1  | 2022-12-02 11:42:07,692 [pool-27-thread-1] INFO recovery.ReconOmMetadataManagerImpl: Cleaning up old OM snapshot db at /data/metadata/om.snapshot.db_1669981162361.
dn3_1    | 2022-12-02 11:41:11,021 [c931f8d7-d095-487f-a9fc-0710cbb09e84-impl-thread3] INFO server.RaftServerConfigKeys: raft.server.log.statemachine.data.read.timeout = 1000ms (default)
dn1_1    | 2022-12-02 11:41:20,560 [5b8b7816-97d3-46a9-8d51-02134c9a8702@group-A7BC8875DD52-SegmentedRaftLogWorker] INFO segmented.SegmentedRaftLogWorker: 5b8b7816-97d3-46a9-8d51-02134c9a8702@group-A7BC8875DD52-SegmentedRaftLogWorker: Rolled log segment from /data/metadata/ratis/f4f5763d-1c18-4dcc-960e-a7bc8875dd52/current/log_inprogress_0 to /data/metadata/ratis/f4f5763d-1c18-4dcc-960e-a7bc8875dd52/current/log_0-0
scm_1    | 2022-12-02 11:41:10,183 [IPC Server handler 4 on default port 9861] WARN ipc.Server: IPC Server handler 4 on default port 9861, call Call#1 Retry#0 org.apache.hadoop.ozone.protocol.StorageContainerDatanodeProtocol.submitRequest from 10.9.0.13:38554: output error
scm_1    | 2022-12-02 11:41:10,184 [IPC Server handler 4 on default port 9861] INFO ipc.Server: IPC Server handler 4 on default port 9861 caught an exception
recon_1  | 2022-12-02 11:42:07,710 [pool-27-thread-1] INFO codec.OmKeyInfoCodec: OmKeyInfoCodec ignorePipeline = true
dn3_1    | 2022-12-02 11:41:11,022 [c931f8d7-d095-487f-a9fc-0710cbb09e84-impl-thread3] INFO server.RaftServerConfigKeys: raft.server.log.purge.preservation.log.num = 0 (default)
dn1_1    | 2022-12-02 11:41:20,599 [5b8b7816-97d3-46a9-8d51-02134c9a8702@group-A7BC8875DD52-SegmentedRaftLogWorker] INFO segmented.SegmentedRaftLogWorker: 5b8b7816-97d3-46a9-8d51-02134c9a8702@group-A7BC8875DD52-SegmentedRaftLogWorker: created new log segment /data/metadata/ratis/f4f5763d-1c18-4dcc-960e-a7bc8875dd52/current/log_inprogress_1
scm_1    | java.nio.channels.ClosedChannelException
dn2_1    | 2022-12-02 11:41:13,165 [f25d3a17-457f-4b39-9d7a-f57d750f7924-impl-thread1] INFO impl.RoleInfo: f25d3a17-457f-4b39-9d7a-f57d750f7924: start f25d3a17-457f-4b39-9d7a-f57d750f7924@group-A07058B7E35A-FollowerState
dn2_1    | 2022-12-02 11:41:13,182 [f25d3a17-457f-4b39-9d7a-f57d750f7924-impl-thread3] INFO util.JmxRegister: Successfully registered JMX Bean with object name Ratis:service=RaftServer,group=group-B2C5D2AB888E,id=f25d3a17-457f-4b39-9d7a-f57d750f7924
dn3_1    | 2022-12-02 11:41:11,023 [c931f8d7-d095-487f-a9fc-0710cbb09e84-impl-thread2] INFO server.RaftServerConfigKeys: raft.server.log.purge.preservation.log.num = 0 (default)
dn3_1    | 2022-12-02 11:41:11,046 [c931f8d7-d095-487f-a9fc-0710cbb09e84-impl-thread1] INFO server.RaftServerConfigKeys: raft.server.log.purge.preservation.log.num = 0 (default)
dn3_1    | 2022-12-02 11:41:11,053 [c931f8d7-d095-487f-a9fc-0710cbb09e84-impl-thread2] INFO server.RaftServerConfigKeys: raft.server.log.segment.size.max = 1048576 (custom)
dn3_1    | 2022-12-02 11:41:11,055 [c931f8d7-d095-487f-a9fc-0710cbb09e84-impl-thread1] INFO server.RaftServerConfigKeys: raft.server.log.segment.size.max = 1048576 (custom)
dn3_1    | 2022-12-02 11:41:11,069 [c931f8d7-d095-487f-a9fc-0710cbb09e84-impl-thread3] INFO server.RaftServerConfigKeys: raft.server.log.segment.size.max = 1048576 (custom)
dn3_1    | 2022-12-02 11:41:11,079 [c931f8d7-d095-487f-a9fc-0710cbb09e84-impl-thread3] INFO server.RaftServerConfigKeys: raft.server.log.segment.cache.num.max = 2 (custom)
dn3_1    | 2022-12-02 11:41:11,082 [c931f8d7-d095-487f-a9fc-0710cbb09e84-impl-thread3] INFO server.RaftServerConfigKeys: raft.server.log.segment.cache.size.max = 200MB (=209715200) (default)
dn1_1    | 2022-12-02 11:41:20,694 [5b8b7816-97d3-46a9-8d51-02134c9a8702@group-A7BC8875DD52-LeaderElection2] INFO server.RaftServer$Division: 5b8b7816-97d3-46a9-8d51-02134c9a8702@group-A7BC8875DD52: set configuration 1: peers:[5b8b7816-97d3-46a9-8d51-02134c9a8702|rpc:10.9.0.11:9856|admin:10.9.0.11:9857|client:10.9.0.11:9858|dataStream:|priority:1|startupRole:FOLLOWER]|listeners:[], old=null
dn1_1    | 2022-12-02 11:41:21,979 [grpc-default-executor-0] INFO server.RaftServer$Division: 5b8b7816-97d3-46a9-8d51-02134c9a8702@group-A07058B7E35A: receive requestVote(ELECTION, c931f8d7-d095-487f-a9fc-0710cbb09e84, group-A07058B7E35A, 3, (t:2, i:204))
dn1_1    | 2022-12-02 11:41:21,980 [grpc-default-executor-0] INFO impl.VoteContext: 5b8b7816-97d3-46a9-8d51-02134c9a8702@group-A07058B7E35A-CANDIDATE: reject ELECTION from c931f8d7-d095-487f-a9fc-0710cbb09e84: already has voted for 5b8b7816-97d3-46a9-8d51-02134c9a8702 at current term 3
dn1_1    | 2022-12-02 11:41:21,991 [grpc-default-executor-1] INFO server.RaftServer$Division: 5b8b7816-97d3-46a9-8d51-02134c9a8702@group-B2C5D2AB888E: receive requestVote(ELECTION, c931f8d7-d095-487f-a9fc-0710cbb09e84, group-B2C5D2AB888E, 6, (t:5, i:0))
dn2_1    | 2022-12-02 11:41:14,204 [f25d3a17-457f-4b39-9d7a-f57d750f7924-impl-thread2] INFO server.RaftServer$Division: f25d3a17-457f-4b39-9d7a-f57d750f7924@group-DC412E4E4E6B: changes role from      null to FOLLOWER at term 1 for startAsFollower
scm_1    | 	at java.base/sun.nio.ch.SocketChannelImpl.ensureOpenAndConnected(SocketChannelImpl.java:180)
scm_1    | 	at java.base/sun.nio.ch.SocketChannelImpl.write(SocketChannelImpl.java:452)
dn3_1    | 2022-12-02 11:41:11,080 [c931f8d7-d095-487f-a9fc-0710cbb09e84-impl-thread1] INFO server.RaftServerConfigKeys: raft.server.log.segment.cache.num.max = 2 (custom)
dn1_1    | 2022-12-02 11:41:21,991 [grpc-default-executor-1] INFO impl.VoteContext: 5b8b7816-97d3-46a9-8d51-02134c9a8702@group-B2C5D2AB888E-CANDIDATE: reject ELECTION from c931f8d7-d095-487f-a9fc-0710cbb09e84: already has voted for 5b8b7816-97d3-46a9-8d51-02134c9a8702 at current term 6
dn1_1    | 2022-12-02 11:41:22,033 [grpc-default-executor-1] INFO server.RaftServer$Division: 5b8b7816-97d3-46a9-8d51-02134c9a8702@group-B2C5D2AB888E replies to ELECTION vote request: c931f8d7-d095-487f-a9fc-0710cbb09e84<-5b8b7816-97d3-46a9-8d51-02134c9a8702#0:FAIL-t6. Peer's state: 5b8b7816-97d3-46a9-8d51-02134c9a8702@group-B2C5D2AB888E:t6, leader=null, voted=5b8b7816-97d3-46a9-8d51-02134c9a8702, raftlog=Memoized:5b8b7816-97d3-46a9-8d51-02134c9a8702@group-B2C5D2AB888E-SegmentedRaftLog:OPENED:c0, conf=0: peers:[c931f8d7-d095-487f-a9fc-0710cbb09e84|rpc:10.9.0.13:9856|admin:10.9.0.13:9857|client:10.9.0.13:9858|dataStream:|priority:0|startupRole:FOLLOWER, f25d3a17-457f-4b39-9d7a-f57d750f7924|rpc:10.9.0.12:9856|admin:10.9.0.12:9857|client:10.9.0.12:9858|dataStream:|priority:1|startupRole:FOLLOWER, 5b8b7816-97d3-46a9-8d51-02134c9a8702|rpc:10.9.0.11:9856|admin:10.9.0.11:9857|client:10.9.0.11:9858|dataStream:|priority:0|startupRole:FOLLOWER]|listeners:[], old=null
dn3_1    | 2022-12-02 11:41:11,080 [c931f8d7-d095-487f-a9fc-0710cbb09e84-impl-thread2] INFO server.RaftServerConfigKeys: raft.server.log.segment.cache.num.max = 2 (custom)
scm_1    | 	at org.apache.hadoop.ipc.Server.channelWrite(Server.java:3619)
scm_1    | 	at org.apache.hadoop.ipc.Server.access$1700(Server.java:144)
scm_1    | 	at org.apache.hadoop.ipc.Server$Responder.processResponse(Server.java:1672)
dn2_1    | 2022-12-02 11:41:14,205 [f25d3a17-457f-4b39-9d7a-f57d750f7924@group-B2C5D2AB888E-FollowerState] INFO server.RaftServerConfigKeys: raft.server.rpc.first-election.timeout.min = 5s (fallback to raft.server.rpc.timeout.min)
scm_1    | 	at org.apache.hadoop.ipc.Server$Responder.doRespond(Server.java:1742)
scm_1    | 	at org.apache.hadoop.ipc.Server$Connection.sendResponse(Server.java:2847)
recon_1  | 2022-12-02 11:42:07,710 [pool-27-thread-1] INFO codec.RepeatedOmKeyInfoCodec: RepeatedOmKeyInfoCodec ignorePipeline = true
dn2_1    | 2022-12-02 11:41:14,206 [f25d3a17-457f-4b39-9d7a-f57d750f7924-impl-thread2] INFO impl.RoleInfo: f25d3a17-457f-4b39-9d7a-f57d750f7924: start f25d3a17-457f-4b39-9d7a-f57d750f7924@group-DC412E4E4E6B-FollowerState
dn3_1    | 2022-12-02 11:41:11,086 [c931f8d7-d095-487f-a9fc-0710cbb09e84-impl-thread2] INFO server.RaftServerConfigKeys: raft.server.log.segment.cache.size.max = 200MB (=209715200) (default)
dn1_1    | 2022-12-02 11:41:22,047 [grpc-default-executor-0] INFO server.RaftServer$Division: 5b8b7816-97d3-46a9-8d51-02134c9a8702@group-A07058B7E35A replies to ELECTION vote request: c931f8d7-d095-487f-a9fc-0710cbb09e84<-5b8b7816-97d3-46a9-8d51-02134c9a8702#0:FAIL-t3. Peer's state: 5b8b7816-97d3-46a9-8d51-02134c9a8702@group-A07058B7E35A:t3, leader=null, voted=5b8b7816-97d3-46a9-8d51-02134c9a8702, raftlog=Memoized:5b8b7816-97d3-46a9-8d51-02134c9a8702@group-A07058B7E35A-SegmentedRaftLog:OPENED:c204, conf=0: peers:[c931f8d7-d095-487f-a9fc-0710cbb09e84|rpc:10.9.0.13:9856|admin:10.9.0.13:9857|client:10.9.0.13:9858|dataStream:|priority:1|startupRole:FOLLOWER, f25d3a17-457f-4b39-9d7a-f57d750f7924|rpc:10.9.0.12:9856|admin:10.9.0.12:9857|client:10.9.0.12:9858|dataStream:|priority:0|startupRole:FOLLOWER, 5b8b7816-97d3-46a9-8d51-02134c9a8702|rpc:10.9.0.11:9856|admin:10.9.0.11:9857|client:10.9.0.11:9858|dataStream:|priority:0|startupRole:FOLLOWER]|listeners:[], old=null
scm_1    | 	at org.apache.hadoop.ipc.Server$Connection.access$300(Server.java:1814)
recon_1  | 2022-12-02 11:42:07,787 [pool-27-thread-1] INFO recovery.ReconOmMetadataManagerImpl: Created OM DB handle from snapshot at /data/metadata/om.snapshot.db_1669981327351.
dn2_1    | 2022-12-02 11:41:14,207 [f25d3a17-457f-4b39-9d7a-f57d750f7924@group-DC412E4E4E6B-FollowerState] INFO server.RaftServerConfigKeys: raft.server.rpc.first-election.timeout.min = 5s (fallback to raft.server.rpc.timeout.min)
dn3_1    | 2022-12-02 11:41:11,087 [c931f8d7-d095-487f-a9fc-0710cbb09e84-impl-thread1] INFO server.RaftServerConfigKeys: raft.server.log.segment.cache.size.max = 200MB (=209715200) (default)
dn1_1    | 2022-12-02 11:41:22,053 [grpc-default-executor-1] INFO server.RaftServer$Division: 5b8b7816-97d3-46a9-8d51-02134c9a8702@group-A07058B7E35A: receive requestVote(ELECTION, f25d3a17-457f-4b39-9d7a-f57d750f7924, group-A07058B7E35A, 3, (t:2, i:204))
scm_1    | 	at org.apache.hadoop.ipc.Server$RpcCall.doResponse(Server.java:1125)
recon_1  | 2022-12-02 11:42:07,800 [pool-27-thread-1] ERROR impl.OzoneManagerServiceProviderImpl: Unable to update Recon's metadata with new OM DB. 
dn2_1    | 2022-12-02 11:41:14,207 [f25d3a17-457f-4b39-9d7a-f57d750f7924@group-DC412E4E4E6B-FollowerState] INFO server.RaftServerConfigKeys: raft.server.rpc.first-election.timeout.max = 5200ms (fallback to raft.server.rpc.timeout.max)
dn3_1    | 2022-12-02 11:41:11,112 [c931f8d7-d095-487f-a9fc-0710cbb09e84-impl-thread2] INFO segmented.SegmentedRaftLogWorker: new c931f8d7-d095-487f-a9fc-0710cbb09e84@group-A07058B7E35A-SegmentedRaftLogWorker for RaftStorageImpl:Storage Directory /data/metadata/ratis/253e9da5-e961-4faf-b292-a07058b7e35a
dn1_1    | 2022-12-02 11:41:22,077 [grpc-default-executor-1] INFO impl.VoteContext: 5b8b7816-97d3-46a9-8d51-02134c9a8702@group-A07058B7E35A-CANDIDATE: reject ELECTION from f25d3a17-457f-4b39-9d7a-f57d750f7924: already has voted for 5b8b7816-97d3-46a9-8d51-02134c9a8702 at current term 3
scm_1    | 	at org.apache.hadoop.ipc.Server$Call.doResponse(Server.java:917)
recon_1  | org.apache.hadoop.metrics2.MetricsException: Metrics source userTableCache already exists!
dn2_1    | 2022-12-02 11:41:14,223 [f25d3a17-457f-4b39-9d7a-f57d750f7924@group-B2C5D2AB888E-FollowerState] INFO server.RaftServerConfigKeys: raft.server.rpc.first-election.timeout.max = 5200ms (fallback to raft.server.rpc.timeout.max)
dn3_1    | 2022-12-02 11:41:11,114 [c931f8d7-d095-487f-a9fc-0710cbb09e84-impl-thread2] INFO server.RaftServerConfigKeys: raft.server.log.queue.byte-limit = 4294967296 (custom)
dn3_1    | 2022-12-02 11:41:11,116 [c931f8d7-d095-487f-a9fc-0710cbb09e84-impl-thread2] INFO server.RaftServerConfigKeys: raft.server.log.queue.element-limit = 1024 (custom)
scm_1    | 	at org.apache.hadoop.ipc.Server$Call.sendResponse(Server.java:903)
dn3_1    | 2022-12-02 11:41:11,117 [c931f8d7-d095-487f-a9fc-0710cbb09e84-impl-thread2] INFO server.RaftServerConfigKeys: raft.server.log.segment.size.max = 1048576 (custom)
dn1_1    | 2022-12-02 11:41:22,077 [grpc-default-executor-1] INFO server.RaftServer$Division: 5b8b7816-97d3-46a9-8d51-02134c9a8702@group-A07058B7E35A replies to ELECTION vote request: f25d3a17-457f-4b39-9d7a-f57d750f7924<-5b8b7816-97d3-46a9-8d51-02134c9a8702#0:FAIL-t3. Peer's state: 5b8b7816-97d3-46a9-8d51-02134c9a8702@group-A07058B7E35A:t3, leader=null, voted=5b8b7816-97d3-46a9-8d51-02134c9a8702, raftlog=Memoized:5b8b7816-97d3-46a9-8d51-02134c9a8702@group-A07058B7E35A-SegmentedRaftLog:OPENED:c204, conf=0: peers:[c931f8d7-d095-487f-a9fc-0710cbb09e84|rpc:10.9.0.13:9856|admin:10.9.0.13:9857|client:10.9.0.13:9858|dataStream:|priority:1|startupRole:FOLLOWER, f25d3a17-457f-4b39-9d7a-f57d750f7924|rpc:10.9.0.12:9856|admin:10.9.0.12:9857|client:10.9.0.12:9858|dataStream:|priority:0|startupRole:FOLLOWER, 5b8b7816-97d3-46a9-8d51-02134c9a8702|rpc:10.9.0.11:9856|admin:10.9.0.11:9857|client:10.9.0.11:9858|dataStream:|priority:0|startupRole:FOLLOWER]|listeners:[], old=null
dn1_1    | 2022-12-02 11:41:22,087 [grpc-default-executor-2] INFO server.RaftServer$Division: 5b8b7816-97d3-46a9-8d51-02134c9a8702@group-B2C5D2AB888E: receive requestVote(ELECTION, f25d3a17-457f-4b39-9d7a-f57d750f7924, group-B2C5D2AB888E, 6, (t:5, i:0))
dn2_1    | 2022-12-02 11:41:14,205 [f25d3a17-457f-4b39-9d7a-f57d750f7924@group-A07058B7E35A-FollowerState] INFO server.RaftServerConfigKeys: raft.server.rpc.first-election.timeout.min = 5s (fallback to raft.server.rpc.timeout.min)
recon_1  | 	at org.apache.hadoop.metrics2.lib.DefaultMetricsSystem.newSourceName(DefaultMetricsSystem.java:152)
dn3_1    | 2022-12-02 11:41:11,126 [c931f8d7-d095-487f-a9fc-0710cbb09e84-impl-thread2] INFO server.RaftServerConfigKeys: raft.server.log.preallocated.size = 16384 (custom)
dn1_1    | 2022-12-02 11:41:22,093 [grpc-default-executor-2] INFO impl.VoteContext: 5b8b7816-97d3-46a9-8d51-02134c9a8702@group-B2C5D2AB888E-CANDIDATE: reject ELECTION from f25d3a17-457f-4b39-9d7a-f57d750f7924: already has voted for 5b8b7816-97d3-46a9-8d51-02134c9a8702 at current term 6
scm_1    | 	at org.apache.hadoop.ipc.Server$RpcCall.run(Server.java:1060)
dn2_1    | 2022-12-02 11:41:14,269 [f25d3a17-457f-4b39-9d7a-f57d750f7924@group-A07058B7E35A-FollowerState] INFO server.RaftServerConfigKeys: raft.server.rpc.first-election.timeout.max = 5200ms (fallback to raft.server.rpc.timeout.max)
recon_1  | 	at org.apache.hadoop.metrics2.lib.DefaultMetricsSystem.sourceName(DefaultMetricsSystem.java:125)
dn3_1    | 2022-12-02 11:41:11,129 [c931f8d7-d095-487f-a9fc-0710cbb09e84-impl-thread2] INFO server.RaftServerConfigKeys: raft.server.log.force.sync.num = 128 (default)
dn1_1    | 2022-12-02 11:41:22,095 [grpc-default-executor-2] INFO server.RaftServer$Division: 5b8b7816-97d3-46a9-8d51-02134c9a8702@group-B2C5D2AB888E replies to ELECTION vote request: f25d3a17-457f-4b39-9d7a-f57d750f7924<-5b8b7816-97d3-46a9-8d51-02134c9a8702#0:FAIL-t6. Peer's state: 5b8b7816-97d3-46a9-8d51-02134c9a8702@group-B2C5D2AB888E:t6, leader=null, voted=5b8b7816-97d3-46a9-8d51-02134c9a8702, raftlog=Memoized:5b8b7816-97d3-46a9-8d51-02134c9a8702@group-B2C5D2AB888E-SegmentedRaftLog:OPENED:c0, conf=0: peers:[c931f8d7-d095-487f-a9fc-0710cbb09e84|rpc:10.9.0.13:9856|admin:10.9.0.13:9857|client:10.9.0.13:9858|dataStream:|priority:0|startupRole:FOLLOWER, f25d3a17-457f-4b39-9d7a-f57d750f7924|rpc:10.9.0.12:9856|admin:10.9.0.12:9857|client:10.9.0.12:9858|dataStream:|priority:1|startupRole:FOLLOWER, 5b8b7816-97d3-46a9-8d51-02134c9a8702|rpc:10.9.0.11:9856|admin:10.9.0.11:9857|client:10.9.0.11:9858|dataStream:|priority:0|startupRole:FOLLOWER]|listeners:[], old=null
dn1_1    | 2022-12-02 11:41:22,157 [5b8b7816-97d3-46a9-8d51-02134c9a8702@group-B2C5D2AB888E-LeaderElection1] INFO impl.LeaderElection: 5b8b7816-97d3-46a9-8d51-02134c9a8702@group-B2C5D2AB888E-LeaderElection1: ELECTION REJECTED received 1 response(s) and 0 exception(s):
scm_1    | 	at org.apache.hadoop.ipc.Server$RpcCall.run(Server.java:971)
recon_1  | 	at org.apache.hadoop.metrics2.impl.MetricsSystemImpl.register(MetricsSystemImpl.java:229)
recon_1  | 	at org.apache.hadoop.hdds.utils.TableCacheMetrics.create(TableCacheMetrics.java:67)
dn2_1    | 2022-12-02 11:41:14,234 [f25d3a17-457f-4b39-9d7a-f57d750f7924-impl-thread3] INFO server.RaftServerConfigKeys: raft.server.snapshot.auto.trigger.enabled = true (custom)
dn1_1    | 2022-12-02 11:41:22,160 [5b8b7816-97d3-46a9-8d51-02134c9a8702@group-A07058B7E35A-LeaderElection3] INFO impl.LeaderElection: 5b8b7816-97d3-46a9-8d51-02134c9a8702@group-A07058B7E35A-LeaderElection3: ELECTION REJECTED received 2 response(s) and 0 exception(s):
scm_1    | 	at java.base/java.security.AccessController.doPrivileged(Native Method)
dn3_1    | 2022-12-02 11:41:11,125 [c931f8d7-d095-487f-a9fc-0710cbb09e84-impl-thread3] INFO segmented.SegmentedRaftLogWorker: new c931f8d7-d095-487f-a9fc-0710cbb09e84@group-B2C5D2AB888E-SegmentedRaftLogWorker for RaftStorageImpl:Storage Directory /data/metadata/ratis/7c5345ed-d940-4587-ba22-b2c5d2ab888e
recon_1  | 	at org.apache.hadoop.hdds.utils.db.TypedTable.createCacheMetrics(TypedTable.java:328)
dn2_1    | 2022-12-02 11:41:14,286 [f25d3a17-457f-4b39-9d7a-f57d750f7924-impl-thread3] INFO server.RaftServerConfigKeys: raft.server.snapshot.auto.trigger.threshold = 10000 (custom)
dn2_1    | 2022-12-02 11:41:14,286 [f25d3a17-457f-4b39-9d7a-f57d750f7924-impl-thread3] INFO server.RaftServerConfigKeys: raft.server.snapshot.retention.file.num = 5 (custom)
dn1_1    | 2022-12-02 11:41:22,186 [5b8b7816-97d3-46a9-8d51-02134c9a8702@group-A07058B7E35A-LeaderElection3] INFO impl.LeaderElection:   Response 0: 5b8b7816-97d3-46a9-8d51-02134c9a8702<-c931f8d7-d095-487f-a9fc-0710cbb09e84#0:FAIL-t3
scm_1    | 	at java.base/javax.security.auth.Subject.doAs(Subject.java:423)
dn3_1    | 2022-12-02 11:41:11,132 [c931f8d7-d095-487f-a9fc-0710cbb09e84-impl-thread3] INFO server.RaftServerConfigKeys: raft.server.log.queue.byte-limit = 4294967296 (custom)
recon_1  | 	at org.apache.hadoop.ozone.om.OmMetadataManagerImpl.checkTableStatus(OmMetadataManagerImpl.java:363)
dn2_1    | 2022-12-02 11:41:14,312 [f25d3a17-457f-4b39-9d7a-f57d750f7924-impl-thread2] INFO util.JmxRegister: Successfully registered JMX Bean with object name Ratis:service=RaftServer,group=group-DC412E4E4E6B,id=f25d3a17-457f-4b39-9d7a-f57d750f7924
dn1_1    | 2022-12-02 11:41:22,186 [5b8b7816-97d3-46a9-8d51-02134c9a8702@group-A07058B7E35A-LeaderElection3] INFO impl.LeaderElection:   Response 1: 5b8b7816-97d3-46a9-8d51-02134c9a8702<-f25d3a17-457f-4b39-9d7a-f57d750f7924#0:FAIL-t3
scm_1    | 	at org.apache.hadoop.security.UserGroupInformation.doAs(UserGroupInformation.java:1878)
dn3_1    | 2022-12-02 11:41:11,132 [c931f8d7-d095-487f-a9fc-0710cbb09e84-impl-thread3] INFO server.RaftServerConfigKeys: raft.server.log.queue.element-limit = 1024 (custom)
recon_1  | 	at org.apache.hadoop.ozone.om.OmMetadataManagerImpl.initializeOmTables(OmMetadataManagerImpl.java:477)
dn2_1    | 2022-12-02 11:41:14,313 [f25d3a17-457f-4b39-9d7a-f57d750f7924-impl-thread2] INFO server.RaftServerConfigKeys: raft.server.snapshot.auto.trigger.enabled = true (custom)
scm_1    | 	at org.apache.hadoop.ipc.Server$Handler.run(Server.java:2976)
dn3_1    | 2022-12-02 11:41:11,133 [c931f8d7-d095-487f-a9fc-0710cbb09e84-impl-thread3] INFO server.RaftServerConfigKeys: raft.server.log.segment.size.max = 1048576 (custom)
scm_1    | 2022-12-02 11:41:10,183 [IPC Server handler 1 on default port 9861] WARN ipc.Server: IPC Server handler 1 on default port 9861, call Call#0 Retry#0 org.apache.hadoop.ozone.protocol.StorageContainerDatanodeProtocol.submitRequest from 10.9.0.12:50648: output error
dn2_1    | 2022-12-02 11:41:14,313 [f25d3a17-457f-4b39-9d7a-f57d750f7924-impl-thread2] INFO server.RaftServerConfigKeys: raft.server.snapshot.auto.trigger.threshold = 10000 (custom)
dn1_1    | 2022-12-02 11:41:22,186 [5b8b7816-97d3-46a9-8d51-02134c9a8702@group-B2C5D2AB888E-LeaderElection1] INFO impl.LeaderElection:   Response 0: 5b8b7816-97d3-46a9-8d51-02134c9a8702<-f25d3a17-457f-4b39-9d7a-f57d750f7924#0:FAIL-t6
recon_1  | 	at org.apache.hadoop.ozone.recon.recovery.ReconOmMetadataManagerImpl.initializeNewRdbStore(ReconOmMetadataManagerImpl.java:97)
scm_1    | 2022-12-02 11:41:10,186 [IPC Server handler 1 on default port 9861] INFO ipc.Server: IPC Server handler 1 on default port 9861 caught an exception
scm_1    | java.nio.channels.ClosedChannelException
dn1_1    | 2022-12-02 11:41:22,188 [5b8b7816-97d3-46a9-8d51-02134c9a8702@group-B2C5D2AB888E-LeaderElection1] INFO impl.LeaderElection: 5b8b7816-97d3-46a9-8d51-02134c9a8702@group-B2C5D2AB888E-LeaderElection1 ELECTION round 0: result REJECTED
recon_1  | 	at org.apache.hadoop.ozone.recon.recovery.ReconOmMetadataManagerImpl.updateOmDB(ReconOmMetadataManagerImpl.java:114)
dn3_1    | 2022-12-02 11:41:11,133 [c931f8d7-d095-487f-a9fc-0710cbb09e84-impl-thread3] INFO server.RaftServerConfigKeys: raft.server.log.preallocated.size = 16384 (custom)
dn2_1    | 2022-12-02 11:41:14,313 [f25d3a17-457f-4b39-9d7a-f57d750f7924-impl-thread2] INFO server.RaftServerConfigKeys: raft.server.snapshot.retention.file.num = 5 (custom)
dn2_1    | 2022-12-02 11:41:14,312 [f25d3a17-457f-4b39-9d7a-f57d750f7924-impl-thread1] INFO util.JmxRegister: Successfully registered JMX Bean with object name Ratis:service=RaftServer,group=group-A07058B7E35A,id=f25d3a17-457f-4b39-9d7a-f57d750f7924
dn1_1    | 2022-12-02 11:41:22,189 [5b8b7816-97d3-46a9-8d51-02134c9a8702@group-B2C5D2AB888E-LeaderElection1] INFO server.RaftServer$Division: 5b8b7816-97d3-46a9-8d51-02134c9a8702@group-B2C5D2AB888E: changes role from CANDIDATE to FOLLOWER at term 6 for REJECTED
recon_1  | 	at org.apache.hadoop.ozone.recon.spi.impl.OzoneManagerServiceProviderImpl.updateReconOmDBWithNewSnapshot(OzoneManagerServiceProviderImpl.java:384)
dn3_1    | 2022-12-02 11:41:11,134 [c931f8d7-d095-487f-a9fc-0710cbb09e84-impl-thread3] INFO server.RaftServerConfigKeys: raft.server.log.force.sync.num = 128 (default)
dn2_1    | 2022-12-02 11:41:14,314 [f25d3a17-457f-4b39-9d7a-f57d750f7924-impl-thread1] INFO server.RaftServerConfigKeys: raft.server.snapshot.auto.trigger.enabled = true (custom)
dn2_1    | 2022-12-02 11:41:14,314 [f25d3a17-457f-4b39-9d7a-f57d750f7924-impl-thread1] INFO server.RaftServerConfigKeys: raft.server.snapshot.auto.trigger.threshold = 10000 (custom)
dn1_1    | 2022-12-02 11:41:22,190 [5b8b7816-97d3-46a9-8d51-02134c9a8702@group-B2C5D2AB888E-LeaderElection1] INFO impl.RoleInfo: 5b8b7816-97d3-46a9-8d51-02134c9a8702: shutdown 5b8b7816-97d3-46a9-8d51-02134c9a8702@group-B2C5D2AB888E-LeaderElection1
dn3_1    | 2022-12-02 11:41:11,135 [c931f8d7-d095-487f-a9fc-0710cbb09e84-impl-thread2] INFO server.RaftServerConfigKeys: raft.server.log.statemachine.data.sync = true (default)
dn2_1    | 2022-12-02 11:41:14,314 [f25d3a17-457f-4b39-9d7a-f57d750f7924-impl-thread1] INFO server.RaftServerConfigKeys: raft.server.snapshot.retention.file.num = 5 (custom)
dn2_1    | 2022-12-02 11:41:14,315 [f25d3a17-457f-4b39-9d7a-f57d750f7924-impl-thread1] INFO server.RaftServerConfigKeys: raft.server.log.purge.upto.snapshot.index = false (default)
scm_1    | 	at java.base/sun.nio.ch.SocketChannelImpl.ensureOpenAndConnected(SocketChannelImpl.java:180)
dn1_1    | 2022-12-02 11:41:22,191 [5b8b7816-97d3-46a9-8d51-02134c9a8702@group-B2C5D2AB888E-LeaderElection1] INFO impl.RoleInfo: 5b8b7816-97d3-46a9-8d51-02134c9a8702: start 5b8b7816-97d3-46a9-8d51-02134c9a8702@group-B2C5D2AB888E-FollowerState
dn1_1    | 2022-12-02 11:41:22,188 [5b8b7816-97d3-46a9-8d51-02134c9a8702@group-A07058B7E35A-LeaderElection3] INFO impl.LeaderElection: 5b8b7816-97d3-46a9-8d51-02134c9a8702@group-A07058B7E35A-LeaderElection3 ELECTION round 0: result REJECTED
dn1_1    | 2022-12-02 11:41:22,194 [5b8b7816-97d3-46a9-8d51-02134c9a8702@group-A07058B7E35A-LeaderElection3] INFO server.RaftServer$Division: 5b8b7816-97d3-46a9-8d51-02134c9a8702@group-A07058B7E35A: changes role from CANDIDATE to FOLLOWER at term 3 for REJECTED
recon_1  | 	at org.apache.hadoop.ozone.recon.spi.impl.OzoneManagerServiceProviderImpl.syncDataFromOM(OzoneManagerServiceProviderImpl.java:519)
scm_1    | 	at java.base/sun.nio.ch.SocketChannelImpl.write(SocketChannelImpl.java:452)
scm_1    | 	at org.apache.hadoop.ipc.Server.channelWrite(Server.java:3619)
dn3_1    | 2022-12-02 11:41:11,138 [c931f8d7-d095-487f-a9fc-0710cbb09e84-impl-thread2] INFO server.RaftServerConfigKeys: raft.server.log.statemachine.data.sync.timeout = 10s (default)
dn3_1    | 2022-12-02 11:41:11,138 [c931f8d7-d095-487f-a9fc-0710cbb09e84-impl-thread3] INFO server.RaftServerConfigKeys: raft.server.log.statemachine.data.sync = true (default)
dn3_1    | 2022-12-02 11:41:11,139 [c931f8d7-d095-487f-a9fc-0710cbb09e84-impl-thread3] INFO server.RaftServerConfigKeys: raft.server.log.statemachine.data.sync.timeout = 10s (default)
dn2_1    | 2022-12-02 11:41:14,324 [f25d3a17-457f-4b39-9d7a-f57d750f7924-impl-thread2] INFO server.RaftServerConfigKeys: raft.server.log.purge.upto.snapshot.index = false (default)
dn2_1    | 2022-12-02 11:41:14,356 [f25d3a17-457f-4b39-9d7a-f57d750f7924-impl-thread3] INFO server.RaftServerConfigKeys: raft.server.log.purge.upto.snapshot.index = false (default)
dn2_1    | 2022-12-02 11:41:14,450 [EndpointStateMachine task thread for scm/10.9.0.17:9861 - 0 ] INFO server.RaftServer: f25d3a17-457f-4b39-9d7a-f57d750f7924: start RPC server
dn3_1    | 2022-12-02 11:41:11,140 [c931f8d7-d095-487f-a9fc-0710cbb09e84-impl-thread3] INFO server.RaftServerConfigKeys: raft.server.log.statemachine.data.sync.timeout.retry = -1 (default)
dn3_1    | 2022-12-02 11:41:11,145 [c931f8d7-d095-487f-a9fc-0710cbb09e84-impl-thread2] INFO server.RaftServerConfigKeys: raft.server.log.statemachine.data.sync.timeout.retry = -1 (default)
dn1_1    | 2022-12-02 11:41:22,194 [5b8b7816-97d3-46a9-8d51-02134c9a8702@group-A07058B7E35A-LeaderElection3] INFO impl.RoleInfo: 5b8b7816-97d3-46a9-8d51-02134c9a8702: shutdown 5b8b7816-97d3-46a9-8d51-02134c9a8702@group-A07058B7E35A-LeaderElection3
dn1_1    | 2022-12-02 11:41:22,194 [5b8b7816-97d3-46a9-8d51-02134c9a8702@group-A07058B7E35A-LeaderElection3] INFO impl.RoleInfo: 5b8b7816-97d3-46a9-8d51-02134c9a8702: start 5b8b7816-97d3-46a9-8d51-02134c9a8702@group-A07058B7E35A-FollowerState
dn3_1    | 2022-12-02 11:41:11,146 [c931f8d7-d095-487f-a9fc-0710cbb09e84-impl-thread1] INFO segmented.SegmentedRaftLogWorker: new c931f8d7-d095-487f-a9fc-0710cbb09e84@group-DF47DF9B6695-SegmentedRaftLogWorker for RaftStorageImpl:Storage Directory /data/metadata/ratis/57fa4234-b488-46b4-966b-df47df9b6695
recon_1  | 	at org.apache.hadoop.ozone.recon.spi.impl.OzoneManagerServiceProviderImpl.lambda$startSyncDataFromOM$0(OzoneManagerServiceProviderImpl.java:258)
recon_1  | 	at java.base/java.util.concurrent.Executors$RunnableAdapter.call(Executors.java:515)
dn1_1    | 2022-12-02 11:41:22,220 [5b8b7816-97d3-46a9-8d51-02134c9a8702@group-B2C5D2AB888E-FollowerState] INFO server.RaftServerConfigKeys: raft.server.rpc.first-election.timeout.min = 5s (fallback to raft.server.rpc.timeout.min)
dn3_1    | 2022-12-02 11:41:11,154 [c931f8d7-d095-487f-a9fc-0710cbb09e84-impl-thread1] INFO server.RaftServerConfigKeys: raft.server.log.queue.byte-limit = 4294967296 (custom)
recon_1  | 	at java.base/java.util.concurrent.FutureTask.runAndReset(FutureTask.java:305)
recon_1  | 	at java.base/java.util.concurrent.ScheduledThreadPoolExecutor$ScheduledFutureTask.run(ScheduledThreadPoolExecutor.java:305)
dn1_1    | 2022-12-02 11:41:22,221 [5b8b7816-97d3-46a9-8d51-02134c9a8702@group-B2C5D2AB888E-FollowerState] INFO server.RaftServerConfigKeys: raft.server.rpc.first-election.timeout.max = 5200ms (fallback to raft.server.rpc.timeout.max)
dn3_1    | 2022-12-02 11:41:11,154 [c931f8d7-d095-487f-a9fc-0710cbb09e84-impl-thread1] INFO server.RaftServerConfigKeys: raft.server.log.queue.element-limit = 1024 (custom)
dn2_1    | 2022-12-02 11:41:14,486 [EndpointStateMachine task thread for scm/10.9.0.17:9861 - 0 ] INFO server.GrpcService: f25d3a17-457f-4b39-9d7a-f57d750f7924: GrpcService started, listening on 9858
dn2_1    | 2022-12-02 11:41:14,529 [EndpointStateMachine task thread for scm/10.9.0.17:9861 - 0 ] INFO server.GrpcService: f25d3a17-457f-4b39-9d7a-f57d750f7924: GrpcService started, listening on 9856
dn1_1    | 2022-12-02 11:41:22,224 [5b8b7816-97d3-46a9-8d51-02134c9a8702@group-A07058B7E35A-FollowerState] INFO server.RaftServerConfigKeys: raft.server.rpc.first-election.timeout.min = 5s (fallback to raft.server.rpc.timeout.min)
dn3_1    | 2022-12-02 11:41:11,154 [c931f8d7-d095-487f-a9fc-0710cbb09e84-impl-thread1] INFO server.RaftServerConfigKeys: raft.server.log.segment.size.max = 1048576 (custom)
dn2_1    | 2022-12-02 11:41:14,568 [EndpointStateMachine task thread for scm/10.9.0.17:9861 - 0 ] INFO server.GrpcService: f25d3a17-457f-4b39-9d7a-f57d750f7924: GrpcService started, listening on 9857
dn2_1    | 2022-12-02 11:41:14,624 [EndpointStateMachine task thread for scm/10.9.0.17:9861 - 0 ] INFO ratis.XceiverServerRatis: XceiverServerRatis f25d3a17-457f-4b39-9d7a-f57d750f7924 is started using port 9858 for RATIS
dn1_1    | 2022-12-02 11:41:22,226 [5b8b7816-97d3-46a9-8d51-02134c9a8702@group-A07058B7E35A-FollowerState] INFO server.RaftServerConfigKeys: raft.server.rpc.first-election.timeout.max = 5200ms (fallback to raft.server.rpc.timeout.max)
dn3_1    | 2022-12-02 11:41:11,156 [c931f8d7-d095-487f-a9fc-0710cbb09e84-impl-thread1] INFO server.RaftServerConfigKeys: raft.server.log.preallocated.size = 16384 (custom)
dn2_1    | 2022-12-02 11:41:14,624 [EndpointStateMachine task thread for scm/10.9.0.17:9861 - 0 ] INFO ratis.XceiverServerRatis: XceiverServerRatis f25d3a17-457f-4b39-9d7a-f57d750f7924 is started using port 9857 for RATIS_ADMIN
dn2_1    | 2022-12-02 11:41:14,624 [EndpointStateMachine task thread for scm/10.9.0.17:9861 - 0 ] INFO ratis.XceiverServerRatis: XceiverServerRatis f25d3a17-457f-4b39-9d7a-f57d750f7924 is started using port 9856 for RATIS_SERVER
dn1_1    | 2022-12-02 11:41:27,022 [grpc-default-executor-2] INFO server.RaftServer$Division: 5b8b7816-97d3-46a9-8d51-02134c9a8702@group-B2C5D2AB888E: receive requestVote(ELECTION, c931f8d7-d095-487f-a9fc-0710cbb09e84, group-B2C5D2AB888E, 7, (t:5, i:0))
dn3_1    | 2022-12-02 11:41:11,159 [c931f8d7-d095-487f-a9fc-0710cbb09e84-impl-thread1] INFO server.RaftServerConfigKeys: raft.server.log.force.sync.num = 128 (default)
recon_1  | 	at java.base/java.util.concurrent.ThreadPoolExecutor.runWorker(ThreadPoolExecutor.java:1128)
recon_1  | 	at java.base/java.util.concurrent.ThreadPoolExecutor$Worker.run(ThreadPoolExecutor.java:628)
dn1_1    | 2022-12-02 11:41:27,023 [grpc-default-executor-2] INFO impl.VoteContext: 5b8b7816-97d3-46a9-8d51-02134c9a8702@group-B2C5D2AB888E-FOLLOWER: accept ELECTION from c931f8d7-d095-487f-a9fc-0710cbb09e84: our priority 0 <= candidate's priority 0
dn1_1    | 2022-12-02 11:41:27,023 [grpc-default-executor-2] INFO server.RaftServer$Division: 5b8b7816-97d3-46a9-8d51-02134c9a8702@group-B2C5D2AB888E: changes role from  FOLLOWER to FOLLOWER at term 7 for candidate:c931f8d7-d095-487f-a9fc-0710cbb09e84
scm_1    | 	at org.apache.hadoop.ipc.Server.access$1700(Server.java:144)
scm_1    | 	at org.apache.hadoop.ipc.Server$Responder.processResponse(Server.java:1672)
scm_1    | 	at org.apache.hadoop.ipc.Server$Responder.doRespond(Server.java:1742)
dn1_1    | 2022-12-02 11:41:27,023 [grpc-default-executor-2] INFO impl.RoleInfo: 5b8b7816-97d3-46a9-8d51-02134c9a8702: shutdown 5b8b7816-97d3-46a9-8d51-02134c9a8702@group-B2C5D2AB888E-FollowerState
dn1_1    | 2022-12-02 11:41:27,026 [grpc-default-executor-2] INFO impl.RoleInfo: 5b8b7816-97d3-46a9-8d51-02134c9a8702: start 5b8b7816-97d3-46a9-8d51-02134c9a8702@group-B2C5D2AB888E-FollowerState
dn1_1    | 2022-12-02 11:41:27,027 [5b8b7816-97d3-46a9-8d51-02134c9a8702@group-B2C5D2AB888E-FollowerState] INFO impl.FollowerState: 5b8b7816-97d3-46a9-8d51-02134c9a8702@group-B2C5D2AB888E-FollowerState was interrupted
dn1_1    | 2022-12-02 11:41:27,057 [grpc-default-executor-2] INFO server.RaftServer$Division: 5b8b7816-97d3-46a9-8d51-02134c9a8702@group-B2C5D2AB888E replies to ELECTION vote request: c931f8d7-d095-487f-a9fc-0710cbb09e84<-5b8b7816-97d3-46a9-8d51-02134c9a8702#0:OK-t7. Peer's state: 5b8b7816-97d3-46a9-8d51-02134c9a8702@group-B2C5D2AB888E:t7, leader=null, voted=c931f8d7-d095-487f-a9fc-0710cbb09e84, raftlog=Memoized:5b8b7816-97d3-46a9-8d51-02134c9a8702@group-B2C5D2AB888E-SegmentedRaftLog:OPENED:c0, conf=0: peers:[c931f8d7-d095-487f-a9fc-0710cbb09e84|rpc:10.9.0.13:9856|admin:10.9.0.13:9857|client:10.9.0.13:9858|dataStream:|priority:0|startupRole:FOLLOWER, f25d3a17-457f-4b39-9d7a-f57d750f7924|rpc:10.9.0.12:9856|admin:10.9.0.12:9857|client:10.9.0.12:9858|dataStream:|priority:1|startupRole:FOLLOWER, 5b8b7816-97d3-46a9-8d51-02134c9a8702|rpc:10.9.0.11:9856|admin:10.9.0.11:9857|client:10.9.0.11:9858|dataStream:|priority:0|startupRole:FOLLOWER]|listeners:[], old=null
dn1_1    | 2022-12-02 11:41:27,109 [5b8b7816-97d3-46a9-8d51-02134c9a8702@group-B2C5D2AB888E-FollowerState] INFO server.RaftServerConfigKeys: raft.server.rpc.first-election.timeout.min = 5s (fallback to raft.server.rpc.timeout.min)
scm_1    | 	at org.apache.hadoop.ipc.Server$Connection.sendResponse(Server.java:2847)
scm_1    | 	at org.apache.hadoop.ipc.Server$Connection.access$300(Server.java:1814)
scm_1    | 	at org.apache.hadoop.ipc.Server$RpcCall.doResponse(Server.java:1125)
dn1_1    | 2022-12-02 11:41:27,109 [5b8b7816-97d3-46a9-8d51-02134c9a8702@group-B2C5D2AB888E-FollowerState] INFO server.RaftServerConfigKeys: raft.server.rpc.first-election.timeout.max = 5200ms (fallback to raft.server.rpc.timeout.max)
dn3_1    | 2022-12-02 11:41:11,159 [c931f8d7-d095-487f-a9fc-0710cbb09e84-impl-thread1] INFO server.RaftServerConfigKeys: raft.server.log.statemachine.data.sync = true (default)
dn1_1    | 2022-12-02 11:41:27,178 [grpc-default-executor-2] INFO server.RaftServer$Division: 5b8b7816-97d3-46a9-8d51-02134c9a8702@group-A07058B7E35A: receive requestVote(ELECTION, f25d3a17-457f-4b39-9d7a-f57d750f7924, group-A07058B7E35A, 4, (t:2, i:204))
dn3_1    | 2022-12-02 11:41:11,160 [c931f8d7-d095-487f-a9fc-0710cbb09e84-impl-thread1] INFO server.RaftServerConfigKeys: raft.server.log.statemachine.data.sync.timeout = 10s (default)
dn1_1    | 2022-12-02 11:41:27,178 [grpc-default-executor-2] INFO impl.VoteContext: 5b8b7816-97d3-46a9-8d51-02134c9a8702@group-A07058B7E35A-FOLLOWER: accept ELECTION from f25d3a17-457f-4b39-9d7a-f57d750f7924: our priority 0 <= candidate's priority 0
dn1_1    | 2022-12-02 11:41:27,178 [grpc-default-executor-2] INFO server.RaftServer$Division: 5b8b7816-97d3-46a9-8d51-02134c9a8702@group-A07058B7E35A: changes role from  FOLLOWER to FOLLOWER at term 4 for candidate:f25d3a17-457f-4b39-9d7a-f57d750f7924
scm_1    | 	at org.apache.hadoop.ipc.Server$Call.doResponse(Server.java:917)
scm_1    | 	at org.apache.hadoop.ipc.Server$Call.sendResponse(Server.java:903)
scm_1    | 	at org.apache.hadoop.ipc.Server$RpcCall.run(Server.java:1060)
dn3_1    | 2022-12-02 11:41:11,160 [c931f8d7-d095-487f-a9fc-0710cbb09e84-impl-thread1] INFO server.RaftServerConfigKeys: raft.server.log.statemachine.data.sync.timeout.retry = -1 (default)
dn3_1    | 2022-12-02 11:41:11,206 [c931f8d7-d095-487f-a9fc-0710cbb09e84-impl-thread3] INFO server.RaftServerConfigKeys: raft.server.log.write.buffer.size = 1048576 (custom)
dn3_1    | 2022-12-02 11:41:11,208 [c931f8d7-d095-487f-a9fc-0710cbb09e84-impl-thread1] INFO server.RaftServerConfigKeys: raft.server.log.write.buffer.size = 1048576 (custom)
dn3_1    | 2022-12-02 11:41:11,208 [c931f8d7-d095-487f-a9fc-0710cbb09e84-impl-thread2] INFO server.RaftServerConfigKeys: raft.server.log.write.buffer.size = 1048576 (custom)
dn3_1    | 2022-12-02 11:41:11,212 [c931f8d7-d095-487f-a9fc-0710cbb09e84-impl-thread1] INFO server.RaftServerConfigKeys: raft.server.log.appender.buffer.byte-limit = 33554432 (custom)
scm_1    | 	at org.apache.hadoop.ipc.Server$RpcCall.run(Server.java:971)
dn2_1    | 2022-12-02 11:41:14,641 [JvmPauseMonitor0] INFO util.JvmPauseMonitor: JvmPauseMonitor-f25d3a17-457f-4b39-9d7a-f57d750f7924: Started
dn2_1    | 2022-12-02 11:41:19,270 [f25d3a17-457f-4b39-9d7a-f57d750f7924@group-DC412E4E4E6B-FollowerState] INFO impl.FollowerState: f25d3a17-457f-4b39-9d7a-f57d750f7924@group-DC412E4E4E6B-FollowerState: change to CANDIDATE, lastRpcElapsedTime:5064172931ns, electionTimeout:5061ms
recon_1  | 	at java.base/java.lang.Thread.run(Thread.java:829)
dn1_1    | 2022-12-02 11:41:27,179 [grpc-default-executor-2] INFO impl.RoleInfo: 5b8b7816-97d3-46a9-8d51-02134c9a8702: shutdown 5b8b7816-97d3-46a9-8d51-02134c9a8702@group-A07058B7E35A-FollowerState
dn1_1    | 2022-12-02 11:41:27,179 [5b8b7816-97d3-46a9-8d51-02134c9a8702@group-A07058B7E35A-FollowerState] INFO impl.FollowerState: 5b8b7816-97d3-46a9-8d51-02134c9a8702@group-A07058B7E35A-FollowerState was interrupted
dn3_1    | 2022-12-02 11:41:11,215 [c931f8d7-d095-487f-a9fc-0710cbb09e84-impl-thread2] INFO server.RaftServerConfigKeys: raft.server.log.appender.buffer.byte-limit = 33554432 (custom)
scm_1    | 	at java.base/java.security.AccessController.doPrivileged(Native Method)
dn2_1    | 2022-12-02 11:41:19,271 [f25d3a17-457f-4b39-9d7a-f57d750f7924@group-DC412E4E4E6B-FollowerState] INFO impl.RoleInfo: f25d3a17-457f-4b39-9d7a-f57d750f7924: shutdown f25d3a17-457f-4b39-9d7a-f57d750f7924@group-DC412E4E4E6B-FollowerState
dn1_1    | 2022-12-02 11:41:27,180 [grpc-default-executor-2] INFO impl.RoleInfo: 5b8b7816-97d3-46a9-8d51-02134c9a8702: start 5b8b7816-97d3-46a9-8d51-02134c9a8702@group-A07058B7E35A-FollowerState
dn3_1    | 2022-12-02 11:41:12,209 [c931f8d7-d095-487f-a9fc-0710cbb09e84-impl-thread3] INFO server.RaftServerConfigKeys: raft.server.log.appender.buffer.byte-limit = 33554432 (custom)
scm_1    | 	at java.base/javax.security.auth.Subject.doAs(Subject.java:423)
dn2_1    | 2022-12-02 11:41:19,271 [f25d3a17-457f-4b39-9d7a-f57d750f7924@group-DC412E4E4E6B-FollowerState] INFO server.RaftServer$Division: f25d3a17-457f-4b39-9d7a-f57d750f7924@group-DC412E4E4E6B: changes role from  FOLLOWER to CANDIDATE at term 1 for changeToCandidate
dn1_1    | 2022-12-02 11:41:27,191 [grpc-default-executor-2] INFO server.RaftServer$Division: 5b8b7816-97d3-46a9-8d51-02134c9a8702@group-A07058B7E35A replies to ELECTION vote request: f25d3a17-457f-4b39-9d7a-f57d750f7924<-5b8b7816-97d3-46a9-8d51-02134c9a8702#0:OK-t4. Peer's state: 5b8b7816-97d3-46a9-8d51-02134c9a8702@group-A07058B7E35A:t4, leader=null, voted=f25d3a17-457f-4b39-9d7a-f57d750f7924, raftlog=Memoized:5b8b7816-97d3-46a9-8d51-02134c9a8702@group-A07058B7E35A-SegmentedRaftLog:OPENED:c204, conf=0: peers:[c931f8d7-d095-487f-a9fc-0710cbb09e84|rpc:10.9.0.13:9856|admin:10.9.0.13:9857|client:10.9.0.13:9858|dataStream:|priority:1|startupRole:FOLLOWER, f25d3a17-457f-4b39-9d7a-f57d750f7924|rpc:10.9.0.12:9856|admin:10.9.0.12:9857|client:10.9.0.12:9858|dataStream:|priority:0|startupRole:FOLLOWER, 5b8b7816-97d3-46a9-8d51-02134c9a8702|rpc:10.9.0.11:9856|admin:10.9.0.11:9857|client:10.9.0.11:9858|dataStream:|priority:0|startupRole:FOLLOWER]|listeners:[], old=null
dn3_1    | 2022-12-02 11:41:12,212 [c931f8d7-d095-487f-a9fc-0710cbb09e84-impl-thread1] INFO server.RaftServerConfigKeys: raft.server.log.unsafe-flush.enabled = false (default)
scm_1    | 	at org.apache.hadoop.security.UserGroupInformation.doAs(UserGroupInformation.java:1878)
scm_1    | 	at org.apache.hadoop.ipc.Server$Handler.run(Server.java:2976)
dn1_1    | 2022-12-02 11:41:27,199 [5b8b7816-97d3-46a9-8d51-02134c9a8702@group-A07058B7E35A-FollowerState] INFO server.RaftServerConfigKeys: raft.server.rpc.first-election.timeout.min = 5s (fallback to raft.server.rpc.timeout.min)
dn3_1    | 2022-12-02 11:41:12,219 [c931f8d7-d095-487f-a9fc-0710cbb09e84-impl-thread1] INFO server.RaftServerConfigKeys: raft.server.log.async-flush.enabled = false (default)
dn2_1    | 2022-12-02 11:41:19,275 [f25d3a17-457f-4b39-9d7a-f57d750f7924@group-DC412E4E4E6B-FollowerState] INFO server.RaftServerConfigKeys: raft.server.leaderelection.pre-vote = false (custom)
scm_1    | 2022-12-02 11:41:14,944 [IPC Server handler 7 on default port 9861] INFO net.NetworkTopologyImpl: Added a new node: /default-rack/f25d3a17-457f-4b39-9d7a-f57d750f7924
dn2_1    | 2022-12-02 11:41:19,276 [f25d3a17-457f-4b39-9d7a-f57d750f7924@group-DC412E4E4E6B-FollowerState] INFO impl.RoleInfo: f25d3a17-457f-4b39-9d7a-f57d750f7924: start f25d3a17-457f-4b39-9d7a-f57d750f7924@group-DC412E4E4E6B-LeaderElection1
scm_1    | 2022-12-02 11:41:14,948 [IPC Server handler 9 on default port 9861] INFO net.NetworkTopologyImpl: Added a new node: /default-rack/c931f8d7-d095-487f-a9fc-0710cbb09e84
dn3_1    | 2022-12-02 11:41:12,227 [c931f8d7-d095-487f-a9fc-0710cbb09e84-impl-thread1] INFO server.RaftServerConfigKeys: raft.server.log.statemachine.data.caching.enabled = true (custom)
dn3_1    | 2022-12-02 11:41:12,268 [c931f8d7-d095-487f-a9fc-0710cbb09e84-impl-thread2] INFO server.RaftServerConfigKeys: raft.server.log.unsafe-flush.enabled = false (default)
dn2_1    | 2022-12-02 11:41:19,325 [f25d3a17-457f-4b39-9d7a-f57d750f7924@group-DC412E4E4E6B-LeaderElection1] INFO impl.LeaderElection: f25d3a17-457f-4b39-9d7a-f57d750f7924@group-DC412E4E4E6B-LeaderElection1 ELECTION round 0: submit vote requests at term 2 for 0: peers:[f25d3a17-457f-4b39-9d7a-f57d750f7924|rpc:10.9.0.12:9856|admin:10.9.0.12:9857|client:10.9.0.12:9858|dataStream:|priority:1|startupRole:FOLLOWER]|listeners:[], old=null
scm_1    | 2022-12-02 11:41:14,954 [IPC Server handler 10 on default port 9861] INFO net.NetworkTopologyImpl: Added a new node: /default-rack/5b8b7816-97d3-46a9-8d51-02134c9a8702
dn1_1    | 2022-12-02 11:41:27,199 [5b8b7816-97d3-46a9-8d51-02134c9a8702@group-A07058B7E35A-FollowerState] INFO server.RaftServerConfigKeys: raft.server.rpc.first-election.timeout.max = 5200ms (fallback to raft.server.rpc.timeout.max)
dn3_1    | 2022-12-02 11:41:12,271 [c931f8d7-d095-487f-a9fc-0710cbb09e84-impl-thread2] INFO server.RaftServerConfigKeys: raft.server.log.async-flush.enabled = false (default)
dn3_1    | 2022-12-02 11:41:12,272 [c931f8d7-d095-487f-a9fc-0710cbb09e84-impl-thread2] INFO server.RaftServerConfigKeys: raft.server.log.statemachine.data.caching.enabled = true (custom)
scm_1    | 2022-12-02 11:41:14,967 [IPC Server handler 7 on default port 9861] INFO node.SCMNodeManager: Registered Data node : f25d3a17-457f-4b39-9d7a-f57d750f7924{ip: 10.9.0.12, host: restart_dn2_1.restart_net, ports: [REPLICATION=9886, RATIS=9858, RATIS_ADMIN=9857, RATIS_SERVER=9856, STANDALONE=9859], networkLocation: /default-rack, certSerialId: null, persistedOpState: IN_SERVICE, persistedOpStateExpiryEpochSec: 0}
dn1_1    | 2022-12-02 11:41:32,076 [grpc-default-executor-2] INFO server.RaftServer$Division: 5b8b7816-97d3-46a9-8d51-02134c9a8702@group-B2C5D2AB888E: receive requestVote(ELECTION, f25d3a17-457f-4b39-9d7a-f57d750f7924, group-B2C5D2AB888E, 8, (t:5, i:0))
dn2_1    | 2022-12-02 11:41:19,326 [f25d3a17-457f-4b39-9d7a-f57d750f7924@group-DC412E4E4E6B-LeaderElection1] INFO impl.LeaderElection: f25d3a17-457f-4b39-9d7a-f57d750f7924@group-DC412E4E4E6B-LeaderElection1 ELECTION round 0: result PASSED (term=2)
dn3_1    | 2022-12-02 11:41:12,358 [c931f8d7-d095-487f-a9fc-0710cbb09e84-impl-thread3] INFO server.RaftServerConfigKeys: raft.server.log.unsafe-flush.enabled = false (default)
scm_1    | 2022-12-02 11:41:14,983 [IPC Server handler 10 on default port 9861] INFO node.SCMNodeManager: Registered Data node : 5b8b7816-97d3-46a9-8d51-02134c9a8702{ip: 10.9.0.11, host: restart_dn1_1.restart_net, ports: [REPLICATION=9886, RATIS=9858, RATIS_ADMIN=9857, RATIS_SERVER=9856, STANDALONE=9859], networkLocation: /default-rack, certSerialId: null, persistedOpState: IN_SERVICE, persistedOpStateExpiryEpochSec: 0}
dn1_1    | 2022-12-02 11:41:32,077 [grpc-default-executor-2] INFO impl.VoteContext: 5b8b7816-97d3-46a9-8d51-02134c9a8702@group-B2C5D2AB888E-FOLLOWER: accept ELECTION from f25d3a17-457f-4b39-9d7a-f57d750f7924: our priority 0 <= candidate's priority 1
dn2_1    | 2022-12-02 11:41:19,327 [f25d3a17-457f-4b39-9d7a-f57d750f7924@group-DC412E4E4E6B-LeaderElection1] INFO impl.RoleInfo: f25d3a17-457f-4b39-9d7a-f57d750f7924: shutdown f25d3a17-457f-4b39-9d7a-f57d750f7924@group-DC412E4E4E6B-LeaderElection1
dn3_1    | 2022-12-02 11:41:12,368 [c931f8d7-d095-487f-a9fc-0710cbb09e84-impl-thread3] INFO server.RaftServerConfigKeys: raft.server.log.async-flush.enabled = false (default)
dn3_1    | 2022-12-02 11:41:12,376 [c931f8d7-d095-487f-a9fc-0710cbb09e84-impl-thread3] INFO server.RaftServerConfigKeys: raft.server.log.statemachine.data.caching.enabled = true (custom)
dn3_1    | 2022-12-02 11:41:12,457 [c931f8d7-d095-487f-a9fc-0710cbb09e84-impl-thread1] INFO server.RaftServer$Division: c931f8d7-d095-487f-a9fc-0710cbb09e84@group-DF47DF9B6695: set configuration 0: peers:[c931f8d7-d095-487f-a9fc-0710cbb09e84|rpc:10.9.0.13:9856|admin:10.9.0.13:9857|client:10.9.0.13:9858|dataStream:|priority:1|startupRole:FOLLOWER]|listeners:[], old=null
dn1_1    | 2022-12-02 11:41:32,077 [grpc-default-executor-2] INFO server.RaftServer$Division: 5b8b7816-97d3-46a9-8d51-02134c9a8702@group-B2C5D2AB888E: changes role from  FOLLOWER to FOLLOWER at term 8 for candidate:f25d3a17-457f-4b39-9d7a-f57d750f7924
scm_1    | 2022-12-02 11:41:14,983 [IPC Server handler 9 on default port 9861] INFO node.SCMNodeManager: Registered Data node : c931f8d7-d095-487f-a9fc-0710cbb09e84{ip: 10.9.0.13, host: restart_dn3_1.restart_net, ports: [REPLICATION=9886, RATIS=9858, RATIS_ADMIN=9857, RATIS_SERVER=9856, STANDALONE=9859], networkLocation: /default-rack, certSerialId: null, persistedOpState: IN_SERVICE, persistedOpStateExpiryEpochSec: 0}
dn3_1    | 2022-12-02 11:41:12,458 [c931f8d7-d095-487f-a9fc-0710cbb09e84-impl-thread1] INFO segmented.LogSegment: Successfully read 1 entries from segment file /data/metadata/ratis/57fa4234-b488-46b4-966b-df47df9b6695/current/log_inprogress_0
dn1_1    | 2022-12-02 11:41:32,077 [grpc-default-executor-2] INFO impl.RoleInfo: 5b8b7816-97d3-46a9-8d51-02134c9a8702: shutdown 5b8b7816-97d3-46a9-8d51-02134c9a8702@group-B2C5D2AB888E-FollowerState
dn2_1    | 2022-12-02 11:41:19,328 [f25d3a17-457f-4b39-9d7a-f57d750f7924@group-DC412E4E4E6B-LeaderElection1] INFO server.RaftServer$Division: f25d3a17-457f-4b39-9d7a-f57d750f7924@group-DC412E4E4E6B: changes role from CANDIDATE to LEADER at term 2 for changeToLeader
scm_1    | 2022-12-02 11:41:15,013 [EventQueue-PipelineReportForOneReplicaPipelineSafeModeRule] INFO safemode.SCMSafeModeManager: SCM in safe mode. Pipelines with at least one datanode reported count is 2, required at least one datanode reported per pipeline count is 2
