dn3_1    | java.net.SocketTimeoutException: Call From 20e826654e6f/10.9.0.13 to recon:9891 failed on socket timeout exception: java.net.SocketTimeoutException: 5000 millis timeout while waiting for channel to be ready for read. ch : java.nio.channels.SocketChannel[connected local=/10.9.0.13:59728 remote=recon/10.9.0.15:9891]; For more details see:  http://wiki.apache.org/hadoop/SocketTimeout
dn3_1    | 	at java.base/jdk.internal.reflect.NativeConstructorAccessorImpl.newInstance0(Native Method)
om_1     | 2022-12-02 11:41:22,901 [Listener at om/9862] INFO http.HttpServer2: Added global filter 'safety' (class=org.apache.hadoop.hdds.server.http.HttpServer2$QuotingInputFilter)
recon_1  | 	at org.apache.hadoop.ipc.Server$Responder.doRespond(Server.java:1742)
recon_1  | 	at org.apache.hadoop.ipc.Server$Connection.sendResponse(Server.java:2847)
recon_1  | 	at org.apache.hadoop.ipc.Server$Connection.access$300(Server.java:1814)
dn3_1    | 	at java.base/jdk.internal.reflect.NativeConstructorAccessorImpl.newInstance(NativeConstructorAccessorImpl.java:62)
dn3_1    | 	at java.base/jdk.internal.reflect.DelegatingConstructorAccessorImpl.newInstance(DelegatingConstructorAccessorImpl.java:45)
om_1     | 2022-12-02 11:41:22,916 [Listener at om/9862] INFO http.HttpServer2: Added filter static_user_filter (class=org.apache.hadoop.http.lib.StaticUserWebFilter$StaticUserFilter) to context ozoneManager
recon_1  | 	at org.apache.hadoop.ipc.Server$RpcCall.doResponse(Server.java:1125)
recon_1  | 	at org.apache.hadoop.ipc.Server$Call.doResponse(Server.java:917)
recon_1  | 	at org.apache.hadoop.ipc.Server$Call.sendResponse(Server.java:903)
dn3_1    | 	at java.base/java.lang.reflect.Constructor.newInstance(Constructor.java:490)
dn3_1    | 	at org.apache.hadoop.net.NetUtils.wrapWithMessage(NetUtils.java:913)
om_1     | 2022-12-02 11:41:22,916 [Listener at om/9862] INFO http.HttpServer2: Added filter static_user_filter (class=org.apache.hadoop.http.lib.StaticUserWebFilter$StaticUserFilter) to context logs
om_1     | 2022-12-02 11:41:22,917 [Listener at om/9862] INFO http.HttpServer2: Added filter static_user_filter (class=org.apache.hadoop.http.lib.StaticUserWebFilter$StaticUserFilter) to context static
om_1     | 2022-12-02 11:41:23,155 [Listener at om/9862] INFO http.HttpServer2: Jetty bound to port 9874
om_1     | 2022-12-02 11:41:23,162 [Listener at om/9862] INFO server.Server: jetty-9.4.49.v20220914; built: 2022-09-14T01:07:36.601Z; git: 4231a3b2e4cb8548a412a789936d640a97b1aa0a; jvm 11.0.14.1+1-LTS
dn3_1    | 	at org.apache.hadoop.net.NetUtils.wrapException(NetUtils.java:848)
dn3_1    | 	at org.apache.hadoop.ipc.Client.getRpcResponse(Client.java:1616)
recon_1  | 	at org.apache.hadoop.ipc.Server$RpcCall.run(Server.java:1060)
om_1     | 2022-12-02 11:41:23,268 [Listener at om/9862] INFO server.session: DefaultSessionIdManager workerName=node0
dn2_1    | 2022-12-02 11:41:10,238 [EndpointStateMachine task thread for scm/10.9.0.17:9861 - 0 ] INFO ozoneimpl.OzoneContainer: Attempting to start container services.
dn2_1    | 2022-12-02 11:41:10,244 [EndpointStateMachine task thread for scm/10.9.0.17:9861 - 0 ] INFO ozoneimpl.OzoneContainer: Scheduled background container scanners and the on-demand container scanner have been disabled.
dn3_1    | 	at org.apache.hadoop.ipc.Client.call(Client.java:1558)
dn3_1    | 	at org.apache.hadoop.ipc.Client.call(Client.java:1455)
om_1     | 2022-12-02 11:41:23,268 [Listener at om/9862] INFO server.session: No SessionScavenger set, using defaults
dn2_1    | 2022-12-02 11:41:10,455 [EndpointStateMachine task thread for scm/10.9.0.17:9861 - 0 ] INFO ratis.XceiverServerRatis: Starting XceiverServerRatis f25d3a17-457f-4b39-9d7a-f57d750f7924
dn2_1    | 2022-12-02 11:41:10,542 [f25d3a17-457f-4b39-9d7a-f57d750f7924-impl-thread1] INFO storage.RaftStorageDirectory: Lock on /data/metadata/ratis/253e9da5-e961-4faf-b292-a07058b7e35a/in_use.lock acquired by nodename 6@7feae5dd5e67
dn2_1    | 2022-12-02 11:41:10,560 [f25d3a17-457f-4b39-9d7a-f57d750f7924-impl-thread1] INFO storage.RaftStorage: Read RaftStorageMetadata{term=2, votedFor=c931f8d7-d095-487f-a9fc-0710cbb09e84} from /data/metadata/ratis/253e9da5-e961-4faf-b292-a07058b7e35a/current/raft-meta
dn3_1    | 	at org.apache.hadoop.ipc.ProtobufRpcEngine$Invoker.invoke(ProtobufRpcEngine.java:235)
recon_1  | 	at org.apache.hadoop.ipc.Server$RpcCall.run(Server.java:971)
om_1     | 2022-12-02 11:41:23,300 [Listener at om/9862] INFO server.session: node0 Scavenging every 660000ms
dn1_1    | 2022-12-02 11:41:11,496 [5b8b7816-97d3-46a9-8d51-02134c9a8702-impl-thread2] INFO server.RaftServerConfigKeys: raft.server.log.appender.buffer.byte-limit = 33554432 (custom)
scm_1    | 2022-12-02 11:41:04,870 [f3ef56f0-8998-42f4-8bf3-334dd1997073-impl-thread1] INFO server.RaftServerConfigKeys: raft.server.snapshot.auto.trigger.enabled = true (custom)
dn3_1    | 	at org.apache.hadoop.ipc.ProtobufRpcEngine$Invoker.invoke(ProtobufRpcEngine.java:122)
dn3_1    | 	at com.sun.proxy.$Proxy39.submitRequest(Unknown Source)
dn3_1    | 	at org.apache.hadoop.ozone.protocolPB.StorageContainerDatanodeProtocolClientSideTranslatorPB.submitRequest(StorageContainerDatanodeProtocolClientSideTranslatorPB.java:117)
dn1_1    | 2022-12-02 11:41:11,500 [5b8b7816-97d3-46a9-8d51-02134c9a8702-impl-thread3] INFO server.RaftServerConfigKeys: raft.server.log.write.buffer.size = 1048576 (custom)
scm_1    | 2022-12-02 11:41:04,870 [f3ef56f0-8998-42f4-8bf3-334dd1997073-impl-thread1] INFO server.RaftServerConfigKeys: raft.server.snapshot.auto.trigger.threshold = 1000 (custom)
dn3_1    | 	at org.apache.hadoop.ozone.protocolPB.StorageContainerDatanodeProtocolClientSideTranslatorPB.getVersion(StorageContainerDatanodeProtocolClientSideTranslatorPB.java:133)
recon_1  | 	at java.base/java.security.AccessController.doPrivileged(Native Method)
om_1     | 2022-12-02 11:41:23,358 [Listener at om/9862] INFO handler.ContextHandler: Started o.e.j.s.ServletContextHandler@4e48462d{logs,/logs,file:///var/log/hadoop/,AVAILABLE}
dn1_1    | 2022-12-02 11:41:11,500 [5b8b7816-97d3-46a9-8d51-02134c9a8702-impl-thread1] INFO server.RaftServerConfigKeys: raft.server.log.appender.buffer.byte-limit = 33554432 (custom)
scm_1    | 2022-12-02 11:41:04,871 [f3ef56f0-8998-42f4-8bf3-334dd1997073-impl-thread1] INFO server.RaftServerConfigKeys: raft.server.snapshot.retention.file.num = -1 (default)
dn3_1    | 	at org.apache.hadoop.ozone.container.common.states.endpoint.VersionEndpointTask.call(VersionEndpointTask.java:69)
recon_1  | 	at java.base/javax.security.auth.Subject.doAs(Subject.java:423)
om_1     | 2022-12-02 11:41:23,361 [Listener at om/9862] INFO handler.ContextHandler: Started o.e.j.s.ServletContextHandler@11826398{static,/static,jar:file:/opt/hadoop/share/ozone/lib/ozone-manager-1.3.0-SNAPSHOT.jar!/webapps/static,AVAILABLE}
dn1_1    | 2022-12-02 11:41:12,124 [5b8b7816-97d3-46a9-8d51-02134c9a8702-impl-thread2] INFO server.RaftServerConfigKeys: raft.server.log.unsafe-flush.enabled = false (default)
dn1_1    | 2022-12-02 11:41:12,131 [5b8b7816-97d3-46a9-8d51-02134c9a8702-impl-thread2] INFO server.RaftServerConfigKeys: raft.server.log.async-flush.enabled = false (default)
dn1_1    | 2022-12-02 11:41:12,132 [5b8b7816-97d3-46a9-8d51-02134c9a8702-impl-thread2] INFO server.RaftServerConfigKeys: raft.server.log.statemachine.data.caching.enabled = true (custom)
om_1     | 2022-12-02 11:41:23,656 [Listener at om/9862] INFO handler.ContextHandler: Started o.e.j.w.WebAppContext@15994b0b{ozoneManager,/,file:///tmp/jetty-0_0_0_0-9874-ozone-manager-1_3_0-SNAPSHOT_jar-_-any-6172850281204893012/webapp/,AVAILABLE}{jar:file:/opt/hadoop/share/ozone/lib/ozone-manager-1.3.0-SNAPSHOT.jar!/webapps/ozoneManager}
om_1     | 2022-12-02 11:41:23,685 [Listener at om/9862] INFO server.AbstractConnector: Started ServerConnector@57b9389f{HTTP/1.1, (http/1.1)}{0.0.0.0:9874}
om_1     | 2022-12-02 11:41:23,686 [Listener at om/9862] INFO server.Server: Started @61301ms
om_1     | 2022-12-02 11:41:23,689 [Listener at om/9862] INFO impl.MetricsSinkAdapter: Sink prometheus started
om_1     | 2022-12-02 11:41:23,691 [Listener at om/9862] INFO impl.MetricsSystemImpl: Registered sink prometheus
dn1_1    | 2022-12-02 11:41:12,130 [5b8b7816-97d3-46a9-8d51-02134c9a8702-impl-thread3] INFO server.RaftServerConfigKeys: raft.server.log.appender.buffer.byte-limit = 33554432 (custom)
recon_1  | 	at org.apache.hadoop.security.UserGroupInformation.doAs(UserGroupInformation.java:1878)
dn1_1    | 2022-12-02 11:41:12,204 [5b8b7816-97d3-46a9-8d51-02134c9a8702-impl-thread1] INFO server.RaftServerConfigKeys: raft.server.log.unsafe-flush.enabled = false (default)
dn3_1    | 	at org.apache.hadoop.ozone.container.common.states.endpoint.VersionEndpointTask.call(VersionEndpointTask.java:40)
dn3_1    | 	at java.base/java.util.concurrent.FutureTask.run(FutureTask.java:264)
dn3_1    | 	at java.base/java.util.concurrent.ThreadPoolExecutor.runWorker(ThreadPoolExecutor.java:1128)
dn2_1    | 2022-12-02 11:41:10,574 [f25d3a17-457f-4b39-9d7a-f57d750f7924-impl-thread2] INFO storage.RaftStorageDirectory: Lock on /data/metadata/ratis/dfdeae6c-eb1d-4f69-88f8-dc412e4e4e6b/in_use.lock acquired by nodename 6@7feae5dd5e67
dn2_1    | 2022-12-02 11:41:10,584 [f25d3a17-457f-4b39-9d7a-f57d750f7924-impl-thread2] INFO storage.RaftStorage: Read RaftStorageMetadata{term=1, votedFor=f25d3a17-457f-4b39-9d7a-f57d750f7924} from /data/metadata/ratis/dfdeae6c-eb1d-4f69-88f8-dc412e4e4e6b/current/raft-meta
dn1_1    | 2022-12-02 11:41:12,205 [5b8b7816-97d3-46a9-8d51-02134c9a8702-impl-thread1] INFO server.RaftServerConfigKeys: raft.server.log.async-flush.enabled = false (default)
dn1_1    | 2022-12-02 11:41:12,212 [5b8b7816-97d3-46a9-8d51-02134c9a8702-impl-thread1] INFO server.RaftServerConfigKeys: raft.server.log.statemachine.data.caching.enabled = true (custom)
dn1_1    | 2022-12-02 11:41:12,355 [5b8b7816-97d3-46a9-8d51-02134c9a8702-impl-thread3] INFO server.RaftServerConfigKeys: raft.server.log.unsafe-flush.enabled = false (default)
dn1_1    | 2022-12-02 11:41:12,356 [5b8b7816-97d3-46a9-8d51-02134c9a8702-impl-thread3] INFO server.RaftServerConfigKeys: raft.server.log.async-flush.enabled = false (default)
scm_1    | 2022-12-02 11:41:04,871 [f3ef56f0-8998-42f4-8bf3-334dd1997073-impl-thread1] INFO server.RaftServerConfigKeys: raft.server.log.purge.upto.snapshot.index = false (default)
dn2_1    | 2022-12-02 11:41:10,577 [f25d3a17-457f-4b39-9d7a-f57d750f7924-impl-thread3] INFO storage.RaftStorageDirectory: Lock on /data/metadata/ratis/7c5345ed-d940-4587-ba22-b2c5d2ab888e/in_use.lock acquired by nodename 6@7feae5dd5e67
om_1     | 2022-12-02 11:41:23,695 [Listener at om/9862] INFO http.BaseHttpServer: HTTP server of ozoneManager listening at http://0.0.0.0:9874
om_1     | 2022-12-02 11:41:23,706 [IPC Server Responder] INFO ipc.Server: IPC Server Responder: starting
om_1     | 2022-12-02 11:41:23,720 [IPC Server listener on 9862] INFO ipc.Server: IPC Server listener on 9862: starting
dn3_1    | 	at java.base/java.util.concurrent.ThreadPoolExecutor$Worker.run(ThreadPoolExecutor.java:628)
dn3_1    | 	at java.base/java.lang.Thread.run(Thread.java:829)
dn2_1    | 2022-12-02 11:41:10,586 [f25d3a17-457f-4b39-9d7a-f57d750f7924-impl-thread3] INFO storage.RaftStorage: Read RaftStorageMetadata{term=5, votedFor=f25d3a17-457f-4b39-9d7a-f57d750f7924} from /data/metadata/ratis/7c5345ed-d940-4587-ba22-b2c5d2ab888e/current/raft-meta
recon_1  | 	at org.apache.hadoop.ipc.Server$Handler.run(Server.java:2976)
recon_1  | 2022-12-02 11:41:14,667 [IPC Server handler 2 on default port 9891] INFO ipc.Server: IPC Server handler 2 on default port 9891 caught an exception
om_1     | 2022-12-02 11:41:23,958 [Listener at om/9862] INFO om.OzoneManager: Trash Interval set to 0. Files deleted won't move to trash
om_1     | 2022-12-02 11:41:23,987 [org.apache.hadoop.util.JvmPauseMonitor$Monitor@59a09be] INFO util.JvmPauseMonitor: Starting JVM pause monitor
om_1     | 2022-12-02 11:41:26,328 [om1@group-C5BA1605619E-FollowerState] INFO impl.FollowerState: om1@group-C5BA1605619E-FollowerState: change to CANDIDATE, lastRpcElapsedTime:5172497422ns, electionTimeout:5130ms
om_1     | 2022-12-02 11:41:26,329 [om1@group-C5BA1605619E-FollowerState] INFO impl.RoleInfo: om1: shutdown om1@group-C5BA1605619E-FollowerState
om_1     | 2022-12-02 11:41:26,331 [om1@group-C5BA1605619E-FollowerState] INFO server.RaftServer$Division: om1@group-C5BA1605619E: changes role from  FOLLOWER to CANDIDATE at term 1 for changeToCandidate
recon_1  | java.nio.channels.ClosedChannelException
recon_1  | 	at java.base/sun.nio.ch.SocketChannelImpl.ensureOpenAndConnected(SocketChannelImpl.java:180)
om_1     | 2022-12-02 11:41:26,335 [om1@group-C5BA1605619E-FollowerState] INFO server.RaftServerConfigKeys: raft.server.leaderelection.pre-vote = false (custom)
om_1     | 2022-12-02 11:41:26,335 [om1@group-C5BA1605619E-FollowerState] INFO impl.RoleInfo: om1: start om1@group-C5BA1605619E-LeaderElection1
om_1     | 2022-12-02 11:41:26,381 [om1@group-C5BA1605619E-LeaderElection1] INFO impl.LeaderElection: om1@group-C5BA1605619E-LeaderElection1 ELECTION round 0: submit vote requests at term 2 for 0: peers:[om1|rpc:om:9872|admin:|client:|dataStream:|priority:0|startupRole:FOLLOWER]|listeners:[], old=null
dn3_1    | Caused by: java.net.SocketTimeoutException: 5000 millis timeout while waiting for channel to be ready for read. ch : java.nio.channels.SocketChannel[connected local=/10.9.0.13:59728 remote=recon/10.9.0.15:9891]
recon_1  | 	at java.base/sun.nio.ch.SocketChannelImpl.write(SocketChannelImpl.java:452)
recon_1  | 	at org.apache.hadoop.ipc.Server.channelWrite(Server.java:3619)
om_1     | 2022-12-02 11:41:26,382 [om1@group-C5BA1605619E-LeaderElection1] INFO impl.LeaderElection: om1@group-C5BA1605619E-LeaderElection1 ELECTION round 0: result PASSED (term=2)
om_1     | 2022-12-02 11:41:26,382 [om1@group-C5BA1605619E-LeaderElection1] INFO impl.RoleInfo: om1: shutdown om1@group-C5BA1605619E-LeaderElection1
om_1     | 2022-12-02 11:41:26,385 [om1@group-C5BA1605619E-LeaderElection1] INFO server.RaftServer$Division: om1@group-C5BA1605619E: changes role from CANDIDATE to LEADER at term 2 for changeToLeader
om_1     | 2022-12-02 11:41:26,385 [om1@group-C5BA1605619E-LeaderElection1] INFO server.RaftServer$Division: om1@group-C5BA1605619E: change Leader from null to om1 at term 2 for becomeLeader, leader elected after 8702ms
dn1_1    | 2022-12-02 11:41:12,356 [5b8b7816-97d3-46a9-8d51-02134c9a8702-impl-thread3] INFO server.RaftServerConfigKeys: raft.server.log.statemachine.data.caching.enabled = true (custom)
recon_1  | 	at org.apache.hadoop.ipc.Server.access$1700(Server.java:144)
scm_1    | 2022-12-02 11:41:04,874 [f3ef56f0-8998-42f4-8bf3-334dd1997073@group-61C50EA17181-FollowerState] INFO server.RaftServerConfigKeys: raft.server.rpc.first-election.timeout.min = 5000ms (fallback to raft.server.rpc.timeout.min)
scm_1    | 2022-12-02 11:41:04,874 [f3ef56f0-8998-42f4-8bf3-334dd1997073@group-61C50EA17181-FollowerState] INFO server.RaftServerConfigKeys: raft.server.rpc.first-election.timeout.max = 5200ms (fallback to raft.server.rpc.timeout.max)
dn2_1    | 2022-12-02 11:41:10,670 [f25d3a17-457f-4b39-9d7a-f57d750f7924-impl-thread3] INFO server.RaftServer$Division: f25d3a17-457f-4b39-9d7a-f57d750f7924@group-B2C5D2AB888E: set configuration 0: peers:[c931f8d7-d095-487f-a9fc-0710cbb09e84|rpc:10.9.0.13:9856|admin:10.9.0.13:9857|client:10.9.0.13:9858|dataStream:|priority:0|startupRole:FOLLOWER, f25d3a17-457f-4b39-9d7a-f57d750f7924|rpc:10.9.0.12:9856|admin:10.9.0.12:9857|client:10.9.0.12:9858|dataStream:|priority:1|startupRole:FOLLOWER, 5b8b7816-97d3-46a9-8d51-02134c9a8702|rpc:10.9.0.11:9856|admin:10.9.0.11:9857|client:10.9.0.11:9858|dataStream:|priority:0|startupRole:FOLLOWER]|listeners:[], old=null
dn2_1    | 2022-12-02 11:41:10,678 [f25d3a17-457f-4b39-9d7a-f57d750f7924-impl-thread1] INFO server.RaftServer$Division: f25d3a17-457f-4b39-9d7a-f57d750f7924@group-A07058B7E35A: set configuration 0: peers:[c931f8d7-d095-487f-a9fc-0710cbb09e84|rpc:10.9.0.13:9856|admin:10.9.0.13:9857|client:10.9.0.13:9858|dataStream:|priority:1|startupRole:FOLLOWER, f25d3a17-457f-4b39-9d7a-f57d750f7924|rpc:10.9.0.12:9856|admin:10.9.0.12:9857|client:10.9.0.12:9858|dataStream:|priority:0|startupRole:FOLLOWER, 5b8b7816-97d3-46a9-8d51-02134c9a8702|rpc:10.9.0.11:9856|admin:10.9.0.11:9857|client:10.9.0.11:9858|dataStream:|priority:0|startupRole:FOLLOWER]|listeners:[], old=null
dn1_1    | 2022-12-02 11:41:12,434 [5b8b7816-97d3-46a9-8d51-02134c9a8702-impl-thread3] INFO server.RaftServer$Division: 5b8b7816-97d3-46a9-8d51-02134c9a8702@group-B2C5D2AB888E: set configuration 0: peers:[c931f8d7-d095-487f-a9fc-0710cbb09e84|rpc:10.9.0.13:9856|admin:10.9.0.13:9857|client:10.9.0.13:9858|dataStream:|priority:0|startupRole:FOLLOWER, f25d3a17-457f-4b39-9d7a-f57d750f7924|rpc:10.9.0.12:9856|admin:10.9.0.12:9857|client:10.9.0.12:9858|dataStream:|priority:1|startupRole:FOLLOWER, 5b8b7816-97d3-46a9-8d51-02134c9a8702|rpc:10.9.0.11:9856|admin:10.9.0.11:9857|client:10.9.0.11:9858|dataStream:|priority:0|startupRole:FOLLOWER]|listeners:[], old=null
dn1_1    | 2022-12-02 11:41:12,436 [5b8b7816-97d3-46a9-8d51-02134c9a8702-impl-thread3] INFO segmented.LogSegment: Successfully read 1 entries from segment file /data/metadata/ratis/7c5345ed-d940-4587-ba22-b2c5d2ab888e/current/log_inprogress_0
scm_1    | 2022-12-02 11:41:04,875 [Listener at 0.0.0.0/9860] INFO server.RaftServer: f3ef56f0-8998-42f4-8bf3-334dd1997073: start RPC server
scm_1    | 2022-12-02 11:41:04,978 [Listener at 0.0.0.0/9860] INFO server.GrpcService: f3ef56f0-8998-42f4-8bf3-334dd1997073: GrpcService started, listening on 9894
dn2_1    | 2022-12-02 11:41:10,670 [f25d3a17-457f-4b39-9d7a-f57d750f7924-impl-thread2] INFO server.RaftServer$Division: f25d3a17-457f-4b39-9d7a-f57d750f7924@group-DC412E4E4E6B: set configuration 0: peers:[f25d3a17-457f-4b39-9d7a-f57d750f7924|rpc:10.9.0.12:9856|admin:10.9.0.12:9857|client:10.9.0.12:9858|dataStream:|priority:1|startupRole:FOLLOWER]|listeners:[], old=null
dn2_1    | 2022-12-02 11:41:10,729 [f25d3a17-457f-4b39-9d7a-f57d750f7924-impl-thread1] INFO ratis.ContainerStateMachine: group-A07058B7E35A: Setting the last applied index to (t:2, i:204)
dn1_1    | 2022-12-02 11:41:12,454 [5b8b7816-97d3-46a9-8d51-02134c9a8702-impl-thread1] INFO server.RaftServer$Division: 5b8b7816-97d3-46a9-8d51-02134c9a8702@group-A7BC8875DD52: set configuration 0: peers:[5b8b7816-97d3-46a9-8d51-02134c9a8702|rpc:10.9.0.11:9856|admin:10.9.0.11:9857|client:10.9.0.11:9858|dataStream:|priority:1|startupRole:FOLLOWER]|listeners:[], old=null
dn1_1    | 2022-12-02 11:41:12,455 [5b8b7816-97d3-46a9-8d51-02134c9a8702-impl-thread2] INFO server.RaftServer$Division: 5b8b7816-97d3-46a9-8d51-02134c9a8702@group-A07058B7E35A: set configuration 0: peers:[c931f8d7-d095-487f-a9fc-0710cbb09e84|rpc:10.9.0.13:9856|admin:10.9.0.13:9857|client:10.9.0.13:9858|dataStream:|priority:1|startupRole:FOLLOWER, f25d3a17-457f-4b39-9d7a-f57d750f7924|rpc:10.9.0.12:9856|admin:10.9.0.12:9857|client:10.9.0.12:9858|dataStream:|priority:0|startupRole:FOLLOWER, 5b8b7816-97d3-46a9-8d51-02134c9a8702|rpc:10.9.0.11:9856|admin:10.9.0.11:9857|client:10.9.0.11:9858|dataStream:|priority:0|startupRole:FOLLOWER]|listeners:[], old=null
scm_1    | 2022-12-02 11:41:04,991 [JvmPauseMonitor0] INFO util.JvmPauseMonitor: JvmPauseMonitor-f3ef56f0-8998-42f4-8bf3-334dd1997073: Started
scm_1    | 2022-12-02 11:41:05,020 [Listener at 0.0.0.0/9860] INFO ha.SCMHAManagerImpl:  scm role is FOLLOWER peers [f3ef56f0-8998-42f4-8bf3-334dd1997073|rpc:d129577b104c:9894|admin:|client:|dataStream:|priority:0|startupRole:FOLLOWER]
scm_1    | 2022-12-02 11:41:05,021 [Listener at 0.0.0.0/9860] INFO ha.InterSCMGrpcService: Starting SCM Grpc Service at port 9895
scm_1    | 2022-12-02 11:41:05,424 [Listener at 0.0.0.0/9860] INFO impl.MetricsConfig: Loaded properties from hadoop-metrics2.properties
scm_1    | 2022-12-02 11:41:05,507 [Listener at 0.0.0.0/9860] INFO impl.MetricsSystemImpl: Scheduled Metric snapshot period at 10 second(s).
dn1_1    | 2022-12-02 11:41:12,455 [5b8b7816-97d3-46a9-8d51-02134c9a8702-impl-thread1] INFO segmented.LogSegment: Successfully read 1 entries from segment file /data/metadata/ratis/f4f5763d-1c18-4dcc-960e-a7bc8875dd52/current/log_inprogress_0
recon_1  | 	at org.apache.hadoop.ipc.Server$Responder.processResponse(Server.java:1672)
scm_1    | 2022-12-02 11:41:05,507 [Listener at 0.0.0.0/9860] INFO impl.MetricsSystemImpl: StorageContainerManager metrics system started
dn2_1    | 2022-12-02 11:41:10,739 [f25d3a17-457f-4b39-9d7a-f57d750f7924-impl-thread3] INFO ratis.ContainerStateMachine: group-B2C5D2AB888E: Setting the last applied index to (t:5, i:0)
dn2_1    | 2022-12-02 11:41:10,746 [f25d3a17-457f-4b39-9d7a-f57d750f7924-impl-thread2] INFO ratis.ContainerStateMachine: group-DC412E4E4E6B: Setting the last applied index to (t:1, i:0)
om_1     | 2022-12-02 11:41:26,418 [om1@group-C5BA1605619E-LeaderElection1] INFO server.RaftServerConfigKeys: raft.server.staging.catchup.gap = 1000 (default)
dn1_1    | 2022-12-02 11:41:12,482 [5b8b7816-97d3-46a9-8d51-02134c9a8702-impl-thread3] INFO segmented.SegmentedRaftLogWorker: 5b8b7816-97d3-46a9-8d51-02134c9a8702@group-B2C5D2AB888E-SegmentedRaftLogWorker: flushIndex: setUnconditionally 0 -> 0
recon_1  | 	at org.apache.hadoop.ipc.Server$Responder.doRespond(Server.java:1742)
scm_1    | 2022-12-02 11:41:06,047 [Listener at 0.0.0.0/9860] INFO server.SCMClientProtocolServer: RPC server for Client  is listening at /0.0.0.0:9860
scm_1    | 2022-12-02 11:41:06,051 [IPC Server Responder] INFO ipc.Server: IPC Server Responder: starting
scm_1    | 2022-12-02 11:41:06,056 [IPC Server listener on 9860] INFO ipc.Server: IPC Server listener on 9860: starting
dn3_1    | 	at org.apache.hadoop.net.SocketIOWithTimeout.doIO(SocketIOWithTimeout.java:163)
dn1_1    | 2022-12-02 11:41:12,539 [5b8b7816-97d3-46a9-8d51-02134c9a8702-impl-thread3] INFO segmented.SegmentedRaftLogWorker: 5b8b7816-97d3-46a9-8d51-02134c9a8702@group-B2C5D2AB888E-SegmentedRaftLogWorker: safeCacheEvictIndex: setUnconditionally 0 -> -1
recon_1  | 	at org.apache.hadoop.ipc.Server$Connection.sendResponse(Server.java:2847)
dn2_1    | 2022-12-02 11:41:11,147 [f25d3a17-457f-4b39-9d7a-f57d750f7924-impl-thread1] INFO server.RaftServerConfigKeys: raft.server.log.use.memory = false (default)
dn2_1    | 2022-12-02 11:41:11,147 [f25d3a17-457f-4b39-9d7a-f57d750f7924-impl-thread2] INFO server.RaftServerConfigKeys: raft.server.log.use.memory = false (default)
dn2_1    | 2022-12-02 11:41:11,161 [f25d3a17-457f-4b39-9d7a-f57d750f7924-impl-thread3] INFO server.RaftServerConfigKeys: raft.server.log.use.memory = false (default)
dn2_1    | 2022-12-02 11:41:11,169 [f25d3a17-457f-4b39-9d7a-f57d750f7924-impl-thread1] INFO server.RaftServerConfigKeys: raft.server.log.purge.gap = 1000000 (custom)
dn1_1    | 2022-12-02 11:41:12,539 [5b8b7816-97d3-46a9-8d51-02134c9a8702-impl-thread1] INFO segmented.SegmentedRaftLogWorker: 5b8b7816-97d3-46a9-8d51-02134c9a8702@group-A7BC8875DD52-SegmentedRaftLogWorker: flushIndex: setUnconditionally 0 -> 0
recon_1  | 	at org.apache.hadoop.ipc.Server$Connection.access$300(Server.java:1814)
dn3_1    | 	at org.apache.hadoop.net.SocketInputStream.read(SocketInputStream.java:161)
dn3_1    | 	at org.apache.hadoop.net.SocketInputStream.read(SocketInputStream.java:131)
dn3_1    | 	at java.base/java.io.FilterInputStream.read(FilterInputStream.java:133)
dn3_1    | 	at java.base/java.io.BufferedInputStream.fill(BufferedInputStream.java:252)
dn1_1    | 2022-12-02 11:41:12,541 [5b8b7816-97d3-46a9-8d51-02134c9a8702-impl-thread1] INFO segmented.SegmentedRaftLogWorker: 5b8b7816-97d3-46a9-8d51-02134c9a8702@group-A7BC8875DD52-SegmentedRaftLogWorker: safeCacheEvictIndex: setUnconditionally 0 -> -1
dn1_1    | 2022-12-02 11:41:12,862 [5b8b7816-97d3-46a9-8d51-02134c9a8702-impl-thread2] INFO segmented.LogSegment: Successfully read 205 entries from segment file /data/metadata/ratis/253e9da5-e961-4faf-b292-a07058b7e35a/current/log_inprogress_0
dn3_1    | 	at java.base/java.io.BufferedInputStream.read(BufferedInputStream.java:271)
dn3_1    | 	at java.base/java.io.FilterInputStream.read(FilterInputStream.java:83)
dn2_1    | 2022-12-02 11:41:11,177 [f25d3a17-457f-4b39-9d7a-f57d750f7924-impl-thread1] INFO server.RaftServerConfigKeys: raft.server.log.appender.buffer.byte-limit = 33554432 (custom)
dn2_1    | 2022-12-02 11:41:11,175 [f25d3a17-457f-4b39-9d7a-f57d750f7924-impl-thread2] INFO server.RaftServerConfigKeys: raft.server.log.purge.gap = 1000000 (custom)
recon_1  | 	at org.apache.hadoop.ipc.Server$RpcCall.doResponse(Server.java:1125)
dn1_1    | 2022-12-02 11:41:12,870 [5b8b7816-97d3-46a9-8d51-02134c9a8702-impl-thread2] INFO segmented.SegmentedRaftLogWorker: 5b8b7816-97d3-46a9-8d51-02134c9a8702@group-A07058B7E35A-SegmentedRaftLogWorker: flushIndex: setUnconditionally 0 -> 204
dn3_1    | 	at java.base/java.io.FilterInputStream.read(FilterInputStream.java:83)
dn2_1    | 2022-12-02 11:41:11,179 [f25d3a17-457f-4b39-9d7a-f57d750f7924-impl-thread2] INFO server.RaftServerConfigKeys: raft.server.log.appender.buffer.byte-limit = 33554432 (custom)
dn2_1    | 2022-12-02 11:41:11,177 [f25d3a17-457f-4b39-9d7a-f57d750f7924-impl-thread3] INFO server.RaftServerConfigKeys: raft.server.log.purge.gap = 1000000 (custom)
dn2_1    | 2022-12-02 11:41:11,179 [f25d3a17-457f-4b39-9d7a-f57d750f7924-impl-thread3] INFO server.RaftServerConfigKeys: raft.server.log.appender.buffer.byte-limit = 33554432 (custom)
recon_1  | 	at org.apache.hadoop.ipc.Server$Call.doResponse(Server.java:917)
dn1_1    | 2022-12-02 11:41:12,870 [5b8b7816-97d3-46a9-8d51-02134c9a8702-impl-thread2] INFO segmented.SegmentedRaftLogWorker: 5b8b7816-97d3-46a9-8d51-02134c9a8702@group-A07058B7E35A-SegmentedRaftLogWorker: safeCacheEvictIndex: setUnconditionally 0 -> -1
dn2_1    | 2022-12-02 11:41:11,182 [f25d3a17-457f-4b39-9d7a-f57d750f7924-impl-thread2] INFO server.RaftServerConfigKeys: raft.server.log.statemachine.data.read.timeout = 1000ms (default)
dn2_1    | 2022-12-02 11:41:11,183 [f25d3a17-457f-4b39-9d7a-f57d750f7924-impl-thread3] INFO server.RaftServerConfigKeys: raft.server.log.statemachine.data.read.timeout = 1000ms (default)
scm_1    | 2022-12-02 11:41:06,190 [Listener at 0.0.0.0/9860] INFO server.StorageContainerManager: ScmBlockLocationProtocol RPC server is listening at /0.0.0.0:9863
recon_1  | 	at org.apache.hadoop.ipc.Server$Call.sendResponse(Server.java:903)
dn1_1    | 2022-12-02 11:41:12,997 [5b8b7816-97d3-46a9-8d51-02134c9a8702-impl-thread1] INFO server.RaftServer$Division: 5b8b7816-97d3-46a9-8d51-02134c9a8702@group-A7BC8875DD52: start as a follower, conf=0: peers:[5b8b7816-97d3-46a9-8d51-02134c9a8702|rpc:10.9.0.11:9856|admin:10.9.0.11:9857|client:10.9.0.11:9858|dataStream:|priority:1|startupRole:FOLLOWER]|listeners:[], old=null
dn2_1    | 2022-12-02 11:41:11,192 [f25d3a17-457f-4b39-9d7a-f57d750f7924-impl-thread2] INFO server.RaftServerConfigKeys: raft.server.log.purge.preservation.log.num = 0 (default)
dn2_1    | 2022-12-02 11:41:11,197 [f25d3a17-457f-4b39-9d7a-f57d750f7924-impl-thread1] INFO server.RaftServerConfigKeys: raft.server.log.statemachine.data.read.timeout = 1000ms (default)
dn2_1    | 2022-12-02 11:41:11,197 [f25d3a17-457f-4b39-9d7a-f57d750f7924-impl-thread1] INFO server.RaftServerConfigKeys: raft.server.log.purge.preservation.log.num = 0 (default)
recon_1  | 	at org.apache.hadoop.ipc.Server$RpcCall.run(Server.java:1060)
dn3_1    | 	at org.apache.hadoop.ipc.Client$Connection$PingInputStream.read(Client.java:563)
dn1_1    | 2022-12-02 11:41:13,002 [5b8b7816-97d3-46a9-8d51-02134c9a8702-impl-thread1] INFO server.RaftServer$Division: 5b8b7816-97d3-46a9-8d51-02134c9a8702@group-A7BC8875DD52: changes role from      null to FOLLOWER at term 1 for startAsFollower
recon_1  | 	at org.apache.hadoop.ipc.Server$RpcCall.run(Server.java:971)
dn3_1    | 	at java.base/java.io.DataInputStream.readInt(DataInputStream.java:392)
dn1_1    | 2022-12-02 11:41:13,005 [5b8b7816-97d3-46a9-8d51-02134c9a8702-impl-thread1] INFO impl.RoleInfo: 5b8b7816-97d3-46a9-8d51-02134c9a8702: start 5b8b7816-97d3-46a9-8d51-02134c9a8702@group-A7BC8875DD52-FollowerState
scm_1    | 2022-12-02 11:41:06,192 [Listener at 0.0.0.0/9860] INFO server.SCMBlockProtocolServer: RPC server for Block Protocol is listening at /0.0.0.0:9863
om_1     | 2022-12-02 11:41:26,433 [om1@group-C5BA1605619E-LeaderElection1] INFO server.RaftServerConfigKeys: raft.server.write.element-limit = 4096 (default)
om_1     | 2022-12-02 11:41:26,434 [om1@group-C5BA1605619E-LeaderElection1] INFO server.RaftServerConfigKeys: raft.server.write.byte-limit = 64MB (=67108864) (default)
recon_1  | 	at java.base/java.security.AccessController.doPrivileged(Native Method)
dn3_1    | 	at org.apache.hadoop.ipc.Client$IpcStreams.readResponse(Client.java:1922)
dn1_1    | 2022-12-02 11:41:13,007 [5b8b7816-97d3-46a9-8d51-02134c9a8702-impl-thread3] INFO server.RaftServer$Division: 5b8b7816-97d3-46a9-8d51-02134c9a8702@group-B2C5D2AB888E: start as a follower, conf=0: peers:[c931f8d7-d095-487f-a9fc-0710cbb09e84|rpc:10.9.0.13:9856|admin:10.9.0.13:9857|client:10.9.0.13:9858|dataStream:|priority:0|startupRole:FOLLOWER, f25d3a17-457f-4b39-9d7a-f57d750f7924|rpc:10.9.0.12:9856|admin:10.9.0.12:9857|client:10.9.0.12:9858|dataStream:|priority:1|startupRole:FOLLOWER, 5b8b7816-97d3-46a9-8d51-02134c9a8702|rpc:10.9.0.11:9856|admin:10.9.0.11:9857|client:10.9.0.11:9858|dataStream:|priority:0|startupRole:FOLLOWER]|listeners:[], old=null
scm_1    | 2022-12-02 11:41:06,194 [IPC Server Responder] INFO ipc.Server: IPC Server Responder: starting
om_1     | 2022-12-02 11:41:26,446 [om1@group-C5BA1605619E-LeaderElection1] INFO server.RaftServerConfigKeys: raft.server.watch.timeout = 10s (default)
om_1     | 2022-12-02 11:41:26,446 [om1@group-C5BA1605619E-LeaderElection1] INFO server.RaftServerConfigKeys: raft.server.watch.timeout.denomination = 1s (default)
recon_1  | 	at java.base/javax.security.auth.Subject.doAs(Subject.java:423)
dn3_1    | 	at org.apache.hadoop.ipc.Client$Connection.receiveRpcResponse(Client.java:1238)
dn1_1    | 2022-12-02 11:41:13,007 [5b8b7816-97d3-46a9-8d51-02134c9a8702-impl-thread3] INFO server.RaftServer$Division: 5b8b7816-97d3-46a9-8d51-02134c9a8702@group-B2C5D2AB888E: changes role from      null to FOLLOWER at term 5 for startAsFollower
scm_1    | 2022-12-02 11:41:06,217 [IPC Server listener on 9863] INFO ipc.Server: IPC Server listener on 9863: starting
scm_1    | 2022-12-02 11:41:06,473 [org.apache.hadoop.util.JvmPauseMonitor$Monitor@3344d163] INFO util.JvmPauseMonitor: Starting JVM pause monitor
scm_1    | 2022-12-02 11:41:06,531 [Listener at 0.0.0.0/9860] INFO http.BaseHttpServer: Starting Web-server for scm at: http://0.0.0.0:9876
dn3_1    | 	at org.apache.hadoop.ipc.Client$Connection.run(Client.java:1134)
dn1_1    | 2022-12-02 11:41:13,013 [5b8b7816-97d3-46a9-8d51-02134c9a8702-impl-thread2] INFO raftlog.RaftLog: 5b8b7816-97d3-46a9-8d51-02134c9a8702@group-A07058B7E35A-SegmentedRaftLog: commitIndex: updateToMax old=204, new=203, updated? false
scm_1    | 2022-12-02 11:41:06,533 [Listener at 0.0.0.0/9860] INFO http.BaseHttpServer: Hadoop Security Enabled: false Ozone Security Enabled: false Ozone HTTP Security Enabled: false 
scm_1    | 2022-12-02 11:41:06,664 [Listener at 0.0.0.0/9860] INFO util.log: Logging initialized @45546ms to org.eclipse.jetty.util.log.Slf4jLog
scm_1    | 2022-12-02 11:41:07,211 [Listener at 0.0.0.0/9860] WARN server.AuthenticationFilter: Unable to initialize FileSignerSecretProvider, falling back to use random secrets. Reason: Could not read signature secret file: /opt/hadoop/hadoop-http-auth-signature-secret
dn3_1    | 2022-12-02 11:41:09,048 [EndpointStateMachine task thread for scm/10.9.0.17:9861 - 0 ] WARN statemachine.EndpointStateMachine: Unable to communicate to SCM server at scm:9861 for past 0 seconds.
dn1_1    | 2022-12-02 11:41:13,036 [5b8b7816-97d3-46a9-8d51-02134c9a8702-impl-thread2] INFO server.RaftServer$Division: 5b8b7816-97d3-46a9-8d51-02134c9a8702@group-A07058B7E35A: start as a follower, conf=0: peers:[c931f8d7-d095-487f-a9fc-0710cbb09e84|rpc:10.9.0.13:9856|admin:10.9.0.13:9857|client:10.9.0.13:9858|dataStream:|priority:1|startupRole:FOLLOWER, f25d3a17-457f-4b39-9d7a-f57d750f7924|rpc:10.9.0.12:9856|admin:10.9.0.12:9857|client:10.9.0.12:9858|dataStream:|priority:0|startupRole:FOLLOWER, 5b8b7816-97d3-46a9-8d51-02134c9a8702|rpc:10.9.0.11:9856|admin:10.9.0.11:9857|client:10.9.0.11:9858|dataStream:|priority:0|startupRole:FOLLOWER]|listeners:[], old=null
scm_1    | 2022-12-02 11:41:07,223 [Listener at 0.0.0.0/9860] INFO http.HttpRequestLog: Http request log for http.requests.scm is not defined
scm_1    | 2022-12-02 11:41:07,238 [Listener at 0.0.0.0/9860] INFO http.HttpServer2: Added global filter 'safety' (class=org.apache.hadoop.hdds.server.http.HttpServer2$QuotingInputFilter)
dn2_1    | 2022-12-02 11:41:11,199 [f25d3a17-457f-4b39-9d7a-f57d750f7924-impl-thread3] INFO server.RaftServerConfigKeys: raft.server.log.purge.preservation.log.num = 0 (default)
dn3_1    | java.net.SocketTimeoutException: Call From 20e826654e6f/10.9.0.13 to scm:9861 failed on socket timeout exception: java.net.SocketTimeoutException: 5000 millis timeout while waiting for channel to be ready for read. ch : java.nio.channels.SocketChannel[connected local=/10.9.0.13:38554 remote=scm/10.9.0.17:9861]; For more details see:  http://wiki.apache.org/hadoop/SocketTimeout
dn1_1    | 2022-12-02 11:41:13,036 [5b8b7816-97d3-46a9-8d51-02134c9a8702-impl-thread2] INFO server.RaftServer$Division: 5b8b7816-97d3-46a9-8d51-02134c9a8702@group-A07058B7E35A: changes role from      null to FOLLOWER at term 2 for startAsFollower
dn1_1    | 2022-12-02 11:41:13,036 [5b8b7816-97d3-46a9-8d51-02134c9a8702-impl-thread2] INFO impl.RoleInfo: 5b8b7816-97d3-46a9-8d51-02134c9a8702: start 5b8b7816-97d3-46a9-8d51-02134c9a8702@group-A07058B7E35A-FollowerState
dn1_1    | 2022-12-02 11:41:13,011 [5b8b7816-97d3-46a9-8d51-02134c9a8702-impl-thread3] INFO impl.RoleInfo: 5b8b7816-97d3-46a9-8d51-02134c9a8702: start 5b8b7816-97d3-46a9-8d51-02134c9a8702@group-B2C5D2AB888E-FollowerState
dn1_1    | 2022-12-02 11:41:14,217 [5b8b7816-97d3-46a9-8d51-02134c9a8702@group-A07058B7E35A-FollowerState] INFO server.RaftServerConfigKeys: raft.server.rpc.first-election.timeout.min = 5s (fallback to raft.server.rpc.timeout.min)
recon_1  | 	at org.apache.hadoop.security.UserGroupInformation.doAs(UserGroupInformation.java:1878)
dn3_1    | 	at java.base/jdk.internal.reflect.NativeConstructorAccessorImpl.newInstance0(Native Method)
dn1_1    | 2022-12-02 11:41:13,038 [5b8b7816-97d3-46a9-8d51-02134c9a8702-impl-thread2] INFO util.JmxRegister: Successfully registered JMX Bean with object name Ratis:service=RaftServer,group=group-A07058B7E35A,id=5b8b7816-97d3-46a9-8d51-02134c9a8702
dn1_1    | 2022-12-02 11:41:14,220 [5b8b7816-97d3-46a9-8d51-02134c9a8702-impl-thread2] INFO server.RaftServerConfigKeys: raft.server.snapshot.auto.trigger.enabled = true (custom)
dn1_1    | 2022-12-02 11:41:14,259 [5b8b7816-97d3-46a9-8d51-02134c9a8702-impl-thread2] INFO server.RaftServerConfigKeys: raft.server.snapshot.auto.trigger.threshold = 10000 (custom)
dn1_1    | 2022-12-02 11:41:14,268 [5b8b7816-97d3-46a9-8d51-02134c9a8702-impl-thread2] INFO server.RaftServerConfigKeys: raft.server.snapshot.retention.file.num = 5 (custom)
recon_1  | 	at org.apache.hadoop.ipc.Server$Handler.run(Server.java:2976)
dn3_1    | 	at java.base/jdk.internal.reflect.NativeConstructorAccessorImpl.newInstance(NativeConstructorAccessorImpl.java:62)
dn3_1    | 	at java.base/jdk.internal.reflect.DelegatingConstructorAccessorImpl.newInstance(DelegatingConstructorAccessorImpl.java:45)
dn2_1    | 2022-12-02 11:41:11,208 [f25d3a17-457f-4b39-9d7a-f57d750f7924-impl-thread1] INFO server.RaftServerConfigKeys: raft.server.log.segment.size.max = 1048576 (custom)
dn2_1    | 2022-12-02 11:41:11,208 [f25d3a17-457f-4b39-9d7a-f57d750f7924-impl-thread3] INFO server.RaftServerConfigKeys: raft.server.log.segment.size.max = 1048576 (custom)
dn2_1    | 2022-12-02 11:41:11,209 [f25d3a17-457f-4b39-9d7a-f57d750f7924-impl-thread2] INFO server.RaftServerConfigKeys: raft.server.log.segment.size.max = 1048576 (custom)
recon_1  | 2022-12-02 11:41:14,670 [IPC Server handler 0 on default port 9891] WARN ipc.Server: IPC Server handler 0 on default port 9891, call Call#0 Retry#0 org.apache.hadoop.ozone.protocol.ReconDatanodeProtocol.submitRequest from 10.9.0.11:54966: output error
dn3_1    | 	at java.base/java.lang.reflect.Constructor.newInstance(Constructor.java:490)
dn1_1    | 2022-12-02 11:41:14,280 [5b8b7816-97d3-46a9-8d51-02134c9a8702-impl-thread2] INFO server.RaftServerConfigKeys: raft.server.log.purge.upto.snapshot.index = false (default)
dn2_1    | 2022-12-02 11:41:11,234 [f25d3a17-457f-4b39-9d7a-f57d750f7924-impl-thread3] INFO server.RaftServerConfigKeys: raft.server.log.segment.cache.num.max = 2 (custom)
om_1     | 2022-12-02 11:41:26,447 [om1@group-C5BA1605619E-LeaderElection1] INFO server.RaftServerConfigKeys: raft.server.watch.element-limit = 65536 (default)
om_1     | 2022-12-02 11:41:26,473 [om1@group-C5BA1605619E-LeaderElection1] INFO server.RaftServerConfigKeys: raft.server.write.element-limit = 4096 (default)
dn3_1    | 	at org.apache.hadoop.net.NetUtils.wrapWithMessage(NetUtils.java:913)
dn2_1    | 2022-12-02 11:41:11,235 [f25d3a17-457f-4b39-9d7a-f57d750f7924-impl-thread2] INFO server.RaftServerConfigKeys: raft.server.log.segment.cache.num.max = 2 (custom)
dn2_1    | 2022-12-02 11:41:11,236 [f25d3a17-457f-4b39-9d7a-f57d750f7924-impl-thread2] INFO server.RaftServerConfigKeys: raft.server.log.segment.cache.size.max = 200MB (=209715200) (default)
dn2_1    | 2022-12-02 11:41:11,236 [f25d3a17-457f-4b39-9d7a-f57d750f7924-impl-thread3] INFO server.RaftServerConfigKeys: raft.server.log.segment.cache.size.max = 200MB (=209715200) (default)
recon_1  | 2022-12-02 11:41:14,670 [IPC Server handler 0 on default port 9891] INFO ipc.Server: IPC Server handler 0 on default port 9891 caught an exception
dn3_1    | 	at org.apache.hadoop.net.NetUtils.wrapException(NetUtils.java:848)
dn3_1    | 	at org.apache.hadoop.ipc.Client.getRpcResponse(Client.java:1616)
dn2_1    | 2022-12-02 11:41:11,255 [f25d3a17-457f-4b39-9d7a-f57d750f7924-impl-thread1] INFO server.RaftServerConfigKeys: raft.server.log.segment.cache.num.max = 2 (custom)
dn2_1    | 2022-12-02 11:41:11,258 [f25d3a17-457f-4b39-9d7a-f57d750f7924-impl-thread1] INFO server.RaftServerConfigKeys: raft.server.log.segment.cache.size.max = 200MB (=209715200) (default)
dn2_1    | 2022-12-02 11:41:11,285 [f25d3a17-457f-4b39-9d7a-f57d750f7924-impl-thread1] INFO segmented.SegmentedRaftLogWorker: new f25d3a17-457f-4b39-9d7a-f57d750f7924@group-A07058B7E35A-SegmentedRaftLogWorker for RaftStorageImpl:Storage Directory /data/metadata/ratis/253e9da5-e961-4faf-b292-a07058b7e35a
dn3_1    | 	at org.apache.hadoop.ipc.Client.call(Client.java:1558)
dn1_1    | 2022-12-02 11:41:14,259 [5b8b7816-97d3-46a9-8d51-02134c9a8702@group-A07058B7E35A-FollowerState] INFO server.RaftServerConfigKeys: raft.server.rpc.first-election.timeout.max = 5200ms (fallback to raft.server.rpc.timeout.max)
dn2_1    | 2022-12-02 11:41:11,289 [f25d3a17-457f-4b39-9d7a-f57d750f7924-impl-thread1] INFO server.RaftServerConfigKeys: raft.server.log.queue.byte-limit = 4294967296 (custom)
om_1     | 2022-12-02 11:41:26,475 [om1@group-C5BA1605619E-LeaderElection1] INFO server.RaftServerConfigKeys: raft.server.write.follower.gap.ratio.max = -1.0 (default)
om_1     | 2022-12-02 11:41:26,485 [om1@group-C5BA1605619E-LeaderElection1] INFO impl.RoleInfo: om1: start om1@group-C5BA1605619E-LeaderStateImpl
dn3_1    | 	at org.apache.hadoop.ipc.Client.call(Client.java:1455)
dn1_1    | 2022-12-02 11:41:14,245 [5b8b7816-97d3-46a9-8d51-02134c9a8702@group-A7BC8875DD52-FollowerState] INFO server.RaftServerConfigKeys: raft.server.rpc.first-election.timeout.min = 5s (fallback to raft.server.rpc.timeout.min)
dn2_1    | 2022-12-02 11:41:11,290 [f25d3a17-457f-4b39-9d7a-f57d750f7924-impl-thread3] INFO segmented.SegmentedRaftLogWorker: new f25d3a17-457f-4b39-9d7a-f57d750f7924@group-B2C5D2AB888E-SegmentedRaftLogWorker for RaftStorageImpl:Storage Directory /data/metadata/ratis/7c5345ed-d940-4587-ba22-b2c5d2ab888e
dn2_1    | 2022-12-02 11:41:11,290 [f25d3a17-457f-4b39-9d7a-f57d750f7924-impl-thread3] INFO server.RaftServerConfigKeys: raft.server.log.queue.byte-limit = 4294967296 (custom)
om_1     | 2022-12-02 11:41:26,497 [om1@group-C5BA1605619E-LeaderElection1] INFO segmented.SegmentedRaftLogWorker: om1@group-C5BA1605619E-SegmentedRaftLogWorker: Rolling segment log-0_18 to index:18
dn3_1    | 	at org.apache.hadoop.ipc.ProtobufRpcEngine$Invoker.invoke(ProtobufRpcEngine.java:235)
dn1_1    | 2022-12-02 11:41:14,342 [5b8b7816-97d3-46a9-8d51-02134c9a8702@group-A7BC8875DD52-FollowerState] INFO server.RaftServerConfigKeys: raft.server.rpc.first-election.timeout.max = 5200ms (fallback to raft.server.rpc.timeout.max)
scm_1    | 2022-12-02 11:41:07,241 [Listener at 0.0.0.0/9860] INFO http.HttpServer2: Added filter static_user_filter (class=org.apache.hadoop.http.lib.StaticUserWebFilter$StaticUserFilter) to context scm
scm_1    | 2022-12-02 11:41:07,241 [Listener at 0.0.0.0/9860] INFO http.HttpServer2: Added filter static_user_filter (class=org.apache.hadoop.http.lib.StaticUserWebFilter$StaticUserFilter) to context static
scm_1    | 2022-12-02 11:41:07,242 [Listener at 0.0.0.0/9860] INFO http.HttpServer2: Added filter static_user_filter (class=org.apache.hadoop.http.lib.StaticUserWebFilter$StaticUserFilter) to context logs
dn3_1    | 	at org.apache.hadoop.ipc.ProtobufRpcEngine$Invoker.invoke(ProtobufRpcEngine.java:122)
dn1_1    | 2022-12-02 11:41:14,234 [5b8b7816-97d3-46a9-8d51-02134c9a8702@group-B2C5D2AB888E-FollowerState] INFO server.RaftServerConfigKeys: raft.server.rpc.first-election.timeout.min = 5s (fallback to raft.server.rpc.timeout.min)
scm_1    | 2022-12-02 11:41:07,329 [Listener at 0.0.0.0/9860] INFO http.HttpServer2: Jetty bound to port 9876
scm_1    | 2022-12-02 11:41:07,331 [Listener at 0.0.0.0/9860] INFO server.Server: jetty-9.4.49.v20220914; built: 2022-09-14T01:07:36.601Z; git: 4231a3b2e4cb8548a412a789936d640a97b1aa0a; jvm 11.0.14.1+1-LTS
scm_1    | 2022-12-02 11:41:07,378 [Listener at 0.0.0.0/9860] INFO server.session: DefaultSessionIdManager workerName=node0
recon_1  | java.nio.channels.ClosedChannelException
dn3_1    | 	at com.sun.proxy.$Proxy38.submitRequest(Unknown Source)
dn1_1    | 2022-12-02 11:41:14,375 [5b8b7816-97d3-46a9-8d51-02134c9a8702@group-B2C5D2AB888E-FollowerState] INFO server.RaftServerConfigKeys: raft.server.rpc.first-election.timeout.max = 5200ms (fallback to raft.server.rpc.timeout.max)
dn1_1    | 2022-12-02 11:41:14,232 [org.apache.hadoop.util.JvmPauseMonitor$Monitor@103bc329] INFO util.JvmPauseMonitor: Detected pause in JVM or host machine (eg GC): pause of approximately 1085ms
dn1_1    | GC pool 'ParNew' had collection(s): count=1 time=1167ms
om_1     | 2022-12-02 11:41:26,576 [om1@group-C5BA1605619E-SegmentedRaftLogWorker] INFO segmented.SegmentedRaftLogWorker: om1@group-C5BA1605619E-SegmentedRaftLogWorker: Rolled log segment from /data/metadata/ratis/bf265839-605b-3f16-9796-c5ba1605619e/current/log_inprogress_0 to /data/metadata/ratis/bf265839-605b-3f16-9796-c5ba1605619e/current/log_0-18
om_1     | 2022-12-02 11:41:26,596 [om1@group-C5BA1605619E-LeaderElection1] INFO server.RaftServer$Division: om1@group-C5BA1605619E: set configuration 19: peers:[om1|rpc:om:9872|admin:|client:|dataStream:|priority:0|startupRole:FOLLOWER]|listeners:[], old=null
om_1     | 2022-12-02 11:41:26,612 [om1@group-C5BA1605619E-SegmentedRaftLogWorker] INFO segmented.SegmentedRaftLogWorker: om1@group-C5BA1605619E-SegmentedRaftLogWorker: created new log segment /data/metadata/ratis/bf265839-605b-3f16-9796-c5ba1605619e/current/log_inprogress_19
om_1     | 2022-12-02 11:41:26,911 [om1@group-C5BA1605619E-StateMachineUpdater] INFO ratis.OzoneManagerStateMachine: Received Configuration change notification from Ratis. New Peer list:
recon_1  | 	at java.base/sun.nio.ch.SocketChannelImpl.ensureOpenAndConnected(SocketChannelImpl.java:180)
dn1_1    | 2022-12-02 11:41:14,267 [5b8b7816-97d3-46a9-8d51-02134c9a8702-impl-thread3] INFO util.JmxRegister: Successfully registered JMX Bean with object name Ratis:service=RaftServer,group=group-B2C5D2AB888E,id=5b8b7816-97d3-46a9-8d51-02134c9a8702
scm_1    | 2022-12-02 11:41:07,379 [Listener at 0.0.0.0/9860] INFO server.session: No SessionScavenger set, using defaults
dn3_1    | 	at org.apache.hadoop.ozone.protocolPB.StorageContainerDatanodeProtocolClientSideTranslatorPB.submitRequest(StorageContainerDatanodeProtocolClientSideTranslatorPB.java:117)
om_1     | [id: "om1"
om_1     | address: "om:9872"
dn1_1    | 2022-12-02 11:41:14,383 [5b8b7816-97d3-46a9-8d51-02134c9a8702-impl-thread3] INFO server.RaftServerConfigKeys: raft.server.snapshot.auto.trigger.enabled = true (custom)
scm_1    | 2022-12-02 11:41:07,381 [Listener at 0.0.0.0/9860] INFO server.session: node0 Scavenging every 660000ms
dn3_1    | 	at org.apache.hadoop.ozone.protocolPB.StorageContainerDatanodeProtocolClientSideTranslatorPB.getVersion(StorageContainerDatanodeProtocolClientSideTranslatorPB.java:133)
dn2_1    | 2022-12-02 11:41:11,293 [f25d3a17-457f-4b39-9d7a-f57d750f7924-impl-thread3] INFO server.RaftServerConfigKeys: raft.server.log.queue.element-limit = 1024 (custom)
om_1     | startupRole: FOLLOWER
recon_1  | 	at java.base/sun.nio.ch.SocketChannelImpl.write(SocketChannelImpl.java:452)
dn1_1    | 2022-12-02 11:41:14,383 [5b8b7816-97d3-46a9-8d51-02134c9a8702-impl-thread3] INFO server.RaftServerConfigKeys: raft.server.snapshot.auto.trigger.threshold = 10000 (custom)
scm_1    | 2022-12-02 11:41:07,399 [Listener at 0.0.0.0/9860] INFO handler.ContextHandler: Started o.e.j.s.ServletContextHandler@25533bba{logs,/logs,file:///var/log/hadoop/,AVAILABLE}
dn3_1    | 	at org.apache.hadoop.ozone.container.common.states.endpoint.VersionEndpointTask.call(VersionEndpointTask.java:69)
dn2_1    | 2022-12-02 11:41:11,295 [f25d3a17-457f-4b39-9d7a-f57d750f7924-impl-thread3] INFO server.RaftServerConfigKeys: raft.server.log.segment.size.max = 1048576 (custom)
om_1     | ]
recon_1  | 	at org.apache.hadoop.ipc.Server.channelWrite(Server.java:3619)
dn1_1    | 2022-12-02 11:41:14,383 [5b8b7816-97d3-46a9-8d51-02134c9a8702-impl-thread3] INFO server.RaftServerConfigKeys: raft.server.snapshot.retention.file.num = 5 (custom)
scm_1    | 2022-12-02 11:41:07,400 [Listener at 0.0.0.0/9860] INFO handler.ContextHandler: Started o.e.j.s.ServletContextHandler@1ad1c363{static,/static,jar:file:/opt/hadoop/share/ozone/lib/hdds-server-scm-1.3.0-SNAPSHOT.jar!/webapps/static,AVAILABLE}
scm_1    | 2022-12-02 11:41:07,548 [Listener at 0.0.0.0/9860] INFO handler.ContextHandler: Started o.e.j.w.WebAppContext@632241f5{scm,/,file:///tmp/jetty-0_0_0_0-9876-hdds-server-scm-1_3_0-SNAPSHOT_jar-_-any-11130197080743264806/webapp/,AVAILABLE}{jar:file:/opt/hadoop/share/ozone/lib/hdds-server-scm-1.3.0-SNAPSHOT.jar!/webapps/scm}
dn3_1    | 	at org.apache.hadoop.ozone.container.common.states.endpoint.VersionEndpointTask.call(VersionEndpointTask.java:40)
dn2_1    | 2022-12-02 11:41:11,302 [f25d3a17-457f-4b39-9d7a-f57d750f7924-impl-thread3] INFO server.RaftServerConfigKeys: raft.server.log.preallocated.size = 16384 (custom)
om_1     | 2022-12-02 11:42:07,162 [IPC Server handler 4 on default port 9862] WARN db.RDBStore: Unable to get delta updates since sequenceNumber 24. This exception will be thrown to the client
recon_1  | 	at org.apache.hadoop.ipc.Server.access$1700(Server.java:144)
recon_1  | 	at org.apache.hadoop.ipc.Server$Responder.processResponse(Server.java:1672)
scm_1    | 2022-12-02 11:41:07,559 [Listener at 0.0.0.0/9860] INFO server.AbstractConnector: Started ServerConnector@9281d19{HTTP/1.1, (http/1.1)}{0.0.0.0:9876}
scm_1    | 2022-12-02 11:41:07,559 [Listener at 0.0.0.0/9860] INFO server.Server: Started @46443ms
dn3_1    | 	at java.base/java.util.concurrent.FutureTask.run(FutureTask.java:264)
dn2_1    | 2022-12-02 11:41:11,302 [f25d3a17-457f-4b39-9d7a-f57d750f7924-impl-thread1] INFO server.RaftServerConfigKeys: raft.server.log.queue.element-limit = 1024 (custom)
om_1     | org.apache.hadoop.hdds.utils.db.SequenceNumberNotFoundException: Unable to read data from RocksDB wal to get delta updates. It may have already been flushed to SSTs.
recon_1  | 	at org.apache.hadoop.ipc.Server$Responder.doRespond(Server.java:1742)
dn1_1    | 2022-12-02 11:41:14,384 [5b8b7816-97d3-46a9-8d51-02134c9a8702-impl-thread3] INFO server.RaftServerConfigKeys: raft.server.log.purge.upto.snapshot.index = false (default)
scm_1    | 2022-12-02 11:41:07,563 [Listener at 0.0.0.0/9860] INFO impl.MetricsSinkAdapter: Sink prometheus started
scm_1    | 2022-12-02 11:41:07,563 [Listener at 0.0.0.0/9860] INFO impl.MetricsSystemImpl: Registered sink prometheus
dn3_1    | 	at java.base/java.util.concurrent.ThreadPoolExecutor.runWorker(ThreadPoolExecutor.java:1128)
dn2_1    | 2022-12-02 11:41:11,304 [f25d3a17-457f-4b39-9d7a-f57d750f7924-impl-thread1] INFO server.RaftServerConfigKeys: raft.server.log.segment.size.max = 1048576 (custom)
om_1     | 	at org.apache.hadoop.hdds.utils.db.RDBStore.getUpdatesSince(RDBStore.java:320)
recon_1  | 	at org.apache.hadoop.ipc.Server$Connection.sendResponse(Server.java:2847)
dn1_1    | 2022-12-02 11:41:14,267 [5b8b7816-97d3-46a9-8d51-02134c9a8702-impl-thread1] INFO util.JmxRegister: Successfully registered JMX Bean with object name Ratis:service=RaftServer,group=group-A7BC8875DD52,id=5b8b7816-97d3-46a9-8d51-02134c9a8702
scm_1    | 2022-12-02 11:41:07,565 [Listener at 0.0.0.0/9860] INFO http.BaseHttpServer: HTTP server of scm listening at http://0.0.0.0:9876
dn2_1    | 2022-12-02 11:41:11,304 [f25d3a17-457f-4b39-9d7a-f57d750f7924-impl-thread1] INFO server.RaftServerConfigKeys: raft.server.log.preallocated.size = 16384 (custom)
om_1     | 	at org.apache.hadoop.ozone.om.OzoneManager.getDBUpdates(OzoneManager.java:4160)
recon_1  | 	at org.apache.hadoop.ipc.Server$Connection.access$300(Server.java:1814)
