scm_1    | 2022-12-02 11:41:03,357 [Listener at 0.0.0.0/9861] INFO ipc.CallQueueManager: Using callQueue: class java.util.concurrent.LinkedBlockingQueue, queueCapacity: 10000, scheduler: class org.apache.hadoop.ipc.DefaultRpcScheduler, ipcBackoff: false.
om_1     | 2022-12-02 11:41:20,203 [om1-impl-thread1] INFO storage.RaftStorageDirectory: Lock on /data/metadata/ratis/bf265839-605b-3f16-9796-c5ba1605619e/in_use.lock acquired by nodename 7@bc9d3d3d0085
dn3_1    | 2022-12-02 11:40:56,872 [pool-26-thread-1] INFO server.RaftServerConfigKeys: raft.server.leaderelection.leader.step-down.wait-time = 10s (default)
dn2_1    | 	at org.apache.hadoop.ipc.Client.call(Client.java:1558)
dn2_1    | 	at org.apache.hadoop.ipc.Client.call(Client.java:1455)
dn2_1    | 	at org.apache.hadoop.ipc.ProtobufRpcEngine$Invoker.invoke(ProtobufRpcEngine.java:235)
recon_1  | java.nio.channels.ClosedChannelException
recon_1  | 	at java.base/sun.nio.ch.SocketChannelImpl.ensureOpenAndConnected(SocketChannelImpl.java:180)
recon_1  | 	at java.base/sun.nio.ch.SocketChannelImpl.write(SocketChannelImpl.java:452)
dn2_1    | 	at org.apache.hadoop.ipc.ProtobufRpcEngine$Invoker.invoke(ProtobufRpcEngine.java:122)
dn2_1    | 	at com.sun.proxy.$Proxy39.submitRequest(Unknown Source)
dn2_1    | 	at org.apache.hadoop.ozone.protocolPB.StorageContainerDatanodeProtocolClientSideTranslatorPB.submitRequest(StorageContainerDatanodeProtocolClientSideTranslatorPB.java:117)
dn2_1    | 	at org.apache.hadoop.ozone.protocolPB.StorageContainerDatanodeProtocolClientSideTranslatorPB.getVersion(StorageContainerDatanodeProtocolClientSideTranslatorPB.java:133)
recon_1  | 	at org.apache.hadoop.ipc.Server.channelWrite(Server.java:3619)
recon_1  | 	at org.apache.hadoop.ipc.Server.access$1700(Server.java:144)
recon_1  | 	at org.apache.hadoop.ipc.Server$Responder.processResponse(Server.java:1672)
dn2_1    | 	at org.apache.hadoop.ozone.container.common.states.endpoint.VersionEndpointTask.call(VersionEndpointTask.java:69)
dn2_1    | 	at org.apache.hadoop.ozone.container.common.states.endpoint.VersionEndpointTask.call(VersionEndpointTask.java:40)
dn2_1    | 	at java.base/java.util.concurrent.FutureTask.run(FutureTask.java:264)
dn2_1    | 	at java.base/java.util.concurrent.ThreadPoolExecutor.runWorker(ThreadPoolExecutor.java:1128)
recon_1  | 	at org.apache.hadoop.ipc.Server$Responder.doRespond(Server.java:1742)
om_1     | 2022-12-02 11:41:20,223 [om1-impl-thread1] INFO storage.RaftStorage: Read RaftStorageMetadata{term=1, votedFor=om1} from /data/metadata/ratis/bf265839-605b-3f16-9796-c5ba1605619e/current/raft-meta
dn1_1    | 	at java.base/java.io.DataInputStream.readInt(DataInputStream.java:392)
dn2_1    | 	at java.base/java.util.concurrent.ThreadPoolExecutor$Worker.run(ThreadPoolExecutor.java:628)
dn2_1    | 	at java.base/java.lang.Thread.run(Thread.java:829)
dn2_1    | Caused by: java.net.SocketTimeoutException: 5000 millis timeout while waiting for channel to be ready for read. ch : java.nio.channels.SocketChannel[connected local=/10.9.0.12:49330 remote=recon/10.9.0.15:9891]
dn2_1    | 	at org.apache.hadoop.net.SocketIOWithTimeout.doIO(SocketIOWithTimeout.java:163)
recon_1  | 	at org.apache.hadoop.ipc.Server$Connection.sendResponse(Server.java:2847)
scm_1    | 2022-12-02 11:41:03,358 [Socket Reader #1 for port 9863] INFO ipc.Server: Starting Socket Reader #1 for port 9863
dn1_1    | 	at org.apache.hadoop.ipc.Client$IpcStreams.readResponse(Client.java:1922)
dn2_1    | 	at org.apache.hadoop.net.SocketInputStream.read(SocketInputStream.java:161)
dn2_1    | 	at org.apache.hadoop.net.SocketInputStream.read(SocketInputStream.java:131)
dn2_1    | 	at java.base/java.io.FilterInputStream.read(FilterInputStream.java:133)
recon_1  | 	at org.apache.hadoop.ipc.Server$Connection.access$300(Server.java:1814)
recon_1  | 	at org.apache.hadoop.ipc.Server$RpcCall.doResponse(Server.java:1125)
scm_1    | 2022-12-02 11:41:03,413 [Listener at 0.0.0.0/9863] INFO audit.AuditLogger: Refresh DebugCmdSet for SCMAudit to [].
dn1_1    | 	at org.apache.hadoop.ipc.Client$Connection.receiveRpcResponse(Client.java:1238)
dn2_1    | 	at java.base/java.io.BufferedInputStream.fill(BufferedInputStream.java:252)
dn2_1    | 	at java.base/java.io.BufferedInputStream.read(BufferedInputStream.java:271)
dn2_1    | 	at java.base/java.io.FilterInputStream.read(FilterInputStream.java:83)
om_1     | 2022-12-02 11:41:20,382 [om1-impl-thread1] INFO server.RaftServer$Division: om1@group-C5BA1605619E: set configuration 0: peers:[om1|rpc:om:9872|admin:|client:|dataStream:|priority:0|startupRole:FOLLOWER]|listeners:[], old=null
om_1     | 2022-12-02 11:41:20,394 [om1-impl-thread1] INFO server.RaftServerConfigKeys: raft.server.log.use.memory = false (default)
scm_1    | 2022-12-02 11:41:03,443 [Listener at 0.0.0.0/9863] INFO ipc.CallQueueManager: Using callQueue: class java.util.concurrent.LinkedBlockingQueue, queueCapacity: 10000, scheduler: class org.apache.hadoop.ipc.DefaultRpcScheduler, ipcBackoff: false.
dn1_1    | 	at org.apache.hadoop.ipc.Client$Connection.run(Client.java:1134)
dn1_1    | 2022-12-02 11:41:10,234 [EndpointStateMachine task thread for scm/10.9.0.17:9861 - 0 ] INFO ozoneimpl.OzoneContainer: Attempting to start container services.
om_1     | 2022-12-02 11:41:20,467 [om1-impl-thread1] INFO server.RaftServerConfigKeys: raft.server.log.purge.gap = 1000000 (custom)
om_1     | 2022-12-02 11:41:20,470 [om1-impl-thread1] INFO server.RaftServerConfigKeys: raft.server.log.appender.buffer.byte-limit = 33554432 (custom)
scm_1    | 2022-12-02 11:41:03,450 [Socket Reader #1 for port 9860] INFO ipc.Server: Starting Socket Reader #1 for port 9860
scm_1    | 2022-12-02 11:41:03,537 [Listener at 0.0.0.0/9860] INFO ha.SCMServiceManager: Registering service ContainerBalancer.
dn1_1    | 2022-12-02 11:41:10,242 [EndpointStateMachine task thread for scm/10.9.0.17:9861 - 0 ] INFO ozoneimpl.OzoneContainer: Scheduled background container scanners and the on-demand container scanner have been disabled.
om_1     | 2022-12-02 11:41:20,487 [om1-impl-thread1] INFO server.RaftServerConfigKeys: raft.server.log.statemachine.data.read.timeout = 1000ms (default)
om_1     | 2022-12-02 11:41:20,496 [om1-impl-thread1] INFO server.RaftServerConfigKeys: raft.server.log.purge.preservation.log.num = 0 (default)
scm_1    | 2022-12-02 11:41:03,564 [Listener at 0.0.0.0/9860] INFO server.StorageContainerManager: 
scm_1    | Container Balancer status:
dn1_1    | 2022-12-02 11:41:10,425 [EndpointStateMachine task thread for scm/10.9.0.17:9861 - 0 ] INFO ratis.XceiverServerRatis: Starting XceiverServerRatis 5b8b7816-97d3-46a9-8d51-02134c9a8702
recon_1  | 	at org.apache.hadoop.ipc.Server$Call.doResponse(Server.java:917)
scm_1    | Key                            Value
scm_1    | Running                        true
dn1_1    | 2022-12-02 11:41:10,530 [5b8b7816-97d3-46a9-8d51-02134c9a8702-impl-thread2] INFO storage.RaftStorageDirectory: Lock on /data/metadata/ratis/253e9da5-e961-4faf-b292-a07058b7e35a/in_use.lock acquired by nodename 7@073cf526b848
om_1     | 2022-12-02 11:41:20,523 [om1-impl-thread1] INFO server.RaftServerConfigKeys: raft.server.log.segment.size.max = 4194304 (custom)
dn3_1    | 2022-12-02 11:40:56,872 [pool-26-thread-1] INFO server.RaftServerConfigKeys: raft.server.sleep.deviation.threshold = 300ms (default)
dn3_1    | 2022-12-02 11:40:56,875 [pool-26-thread-1] INFO server.RaftServer$Division: c931f8d7-d095-487f-a9fc-0710cbb09e84@group-A07058B7E35A: ConfigurationManager, init=-1: peers:[]|listeners:[], old=null, confs=<EMPTY_MAP>
recon_1  | 	at org.apache.hadoop.ipc.Server$Call.sendResponse(Server.java:903)
dn1_1    | 2022-12-02 11:41:10,533 [5b8b7816-97d3-46a9-8d51-02134c9a8702-impl-thread1] INFO storage.RaftStorageDirectory: Lock on /data/metadata/ratis/f4f5763d-1c18-4dcc-960e-a7bc8875dd52/in_use.lock acquired by nodename 7@073cf526b848
dn1_1    | 2022-12-02 11:41:10,543 [5b8b7816-97d3-46a9-8d51-02134c9a8702-impl-thread3] INFO storage.RaftStorageDirectory: Lock on /data/metadata/ratis/7c5345ed-d940-4587-ba22-b2c5d2ab888e/in_use.lock acquired by nodename 7@073cf526b848
dn1_1    | 2022-12-02 11:41:10,559 [5b8b7816-97d3-46a9-8d51-02134c9a8702-impl-thread3] INFO storage.RaftStorage: Read RaftStorageMetadata{term=5, votedFor=f25d3a17-457f-4b39-9d7a-f57d750f7924} from /data/metadata/ratis/7c5345ed-d940-4587-ba22-b2c5d2ab888e/current/raft-meta
scm_1    | Container Balancer Configuration values:
scm_1    | Key                                                Value
dn1_1    | 2022-12-02 11:41:10,569 [5b8b7816-97d3-46a9-8d51-02134c9a8702-impl-thread2] INFO storage.RaftStorage: Read RaftStorageMetadata{term=2, votedFor=c931f8d7-d095-487f-a9fc-0710cbb09e84} from /data/metadata/ratis/253e9da5-e961-4faf-b292-a07058b7e35a/current/raft-meta
dn1_1    | 2022-12-02 11:41:10,560 [5b8b7816-97d3-46a9-8d51-02134c9a8702-impl-thread1] INFO storage.RaftStorage: Read RaftStorageMetadata{term=1, votedFor=5b8b7816-97d3-46a9-8d51-02134c9a8702} from /data/metadata/ratis/f4f5763d-1c18-4dcc-960e-a7bc8875dd52/current/raft-meta
dn1_1    | 2022-12-02 11:41:10,651 [5b8b7816-97d3-46a9-8d51-02134c9a8702-impl-thread3] INFO server.RaftServer$Division: 5b8b7816-97d3-46a9-8d51-02134c9a8702@group-B2C5D2AB888E: set configuration 0: peers:[c931f8d7-d095-487f-a9fc-0710cbb09e84|rpc:10.9.0.13:9856|admin:10.9.0.13:9857|client:10.9.0.13:9858|dataStream:|priority:0|startupRole:FOLLOWER, f25d3a17-457f-4b39-9d7a-f57d750f7924|rpc:10.9.0.12:9856|admin:10.9.0.12:9857|client:10.9.0.12:9858|dataStream:|priority:1|startupRole:FOLLOWER, 5b8b7816-97d3-46a9-8d51-02134c9a8702|rpc:10.9.0.11:9856|admin:10.9.0.11:9857|client:10.9.0.11:9858|dataStream:|priority:0|startupRole:FOLLOWER]|listeners:[], old=null
dn1_1    | 2022-12-02 11:41:10,657 [5b8b7816-97d3-46a9-8d51-02134c9a8702-impl-thread2] INFO server.RaftServer$Division: 5b8b7816-97d3-46a9-8d51-02134c9a8702@group-A07058B7E35A: set configuration 0: peers:[c931f8d7-d095-487f-a9fc-0710cbb09e84|rpc:10.9.0.13:9856|admin:10.9.0.13:9857|client:10.9.0.13:9858|dataStream:|priority:1|startupRole:FOLLOWER, f25d3a17-457f-4b39-9d7a-f57d750f7924|rpc:10.9.0.12:9856|admin:10.9.0.12:9857|client:10.9.0.12:9858|dataStream:|priority:0|startupRole:FOLLOWER, 5b8b7816-97d3-46a9-8d51-02134c9a8702|rpc:10.9.0.11:9856|admin:10.9.0.11:9857|client:10.9.0.11:9858|dataStream:|priority:0|startupRole:FOLLOWER]|listeners:[], old=null
dn1_1    | 2022-12-02 11:41:10,671 [5b8b7816-97d3-46a9-8d51-02134c9a8702-impl-thread1] INFO server.RaftServer$Division: 5b8b7816-97d3-46a9-8d51-02134c9a8702@group-A7BC8875DD52: set configuration 0: peers:[5b8b7816-97d3-46a9-8d51-02134c9a8702|rpc:10.9.0.11:9856|admin:10.9.0.11:9857|client:10.9.0.11:9858|dataStream:|priority:1|startupRole:FOLLOWER]|listeners:[], old=null
dn1_1    | 2022-12-02 11:41:10,706 [5b8b7816-97d3-46a9-8d51-02134c9a8702-impl-thread2] INFO ratis.ContainerStateMachine: group-A07058B7E35A: Setting the last applied index to (t:2, i:204)
dn1_1    | 2022-12-02 11:41:10,706 [5b8b7816-97d3-46a9-8d51-02134c9a8702-impl-thread3] INFO ratis.ContainerStateMachine: group-B2C5D2AB888E: Setting the last applied index to (t:5, i:0)
dn1_1    | 2022-12-02 11:41:10,722 [5b8b7816-97d3-46a9-8d51-02134c9a8702-impl-thread1] INFO ratis.ContainerStateMachine: group-A7BC8875DD52: Setting the last applied index to (t:1, i:0)
dn1_1    | 2022-12-02 11:41:11,176 [5b8b7816-97d3-46a9-8d51-02134c9a8702-impl-thread1] INFO server.RaftServerConfigKeys: raft.server.log.use.memory = false (default)
om_1     | 2022-12-02 11:41:20,559 [om1-impl-thread1] INFO server.RaftServerConfigKeys: raft.server.log.segment.cache.num.max = 2 (custom)
om_1     | 2022-12-02 11:41:20,565 [om1-impl-thread1] INFO server.RaftServerConfigKeys: raft.server.log.segment.cache.size.max = 200MB (=209715200) (default)
recon_1  | 	at org.apache.hadoop.ipc.Server$RpcCall.run(Server.java:1060)
dn2_1    | 	at java.base/java.io.FilterInputStream.read(FilterInputStream.java:83)
dn1_1    | 2022-12-02 11:41:11,181 [5b8b7816-97d3-46a9-8d51-02134c9a8702-impl-thread3] INFO server.RaftServerConfigKeys: raft.server.log.use.memory = false (default)
om_1     | 2022-12-02 11:41:20,611 [om1-impl-thread1] INFO segmented.SegmentedRaftLogWorker: new om1@group-C5BA1605619E-SegmentedRaftLogWorker for RaftStorageImpl:Storage Directory /data/metadata/ratis/bf265839-605b-3f16-9796-c5ba1605619e
om_1     | 2022-12-02 11:41:20,617 [om1-impl-thread1] INFO server.RaftServerConfigKeys: raft.server.log.queue.byte-limit = 64MB (=67108864) (default)
dn2_1    | 	at org.apache.hadoop.ipc.Client$Connection$PingInputStream.read(Client.java:563)
dn1_1    | 2022-12-02 11:41:11,213 [5b8b7816-97d3-46a9-8d51-02134c9a8702-impl-thread1] INFO server.RaftServerConfigKeys: raft.server.log.purge.gap = 1000000 (custom)
dn3_1    | 2022-12-02 11:40:56,877 [pool-26-thread-1] INFO server.RaftServerConfigKeys: raft.server.storage.dir = [/data/metadata/ratis] (custom)
dn3_1    | 2022-12-02 11:40:56,877 [pool-26-thread-1] INFO server.RaftServerConfigKeys: raft.server.log.corruption.policy = EXCEPTION (default)
om_1     | 2022-12-02 11:41:20,623 [om1-impl-thread1] INFO server.RaftServerConfigKeys: raft.server.log.queue.element-limit = 4096 (default)
recon_1  | 	at org.apache.hadoop.ipc.Server$RpcCall.run(Server.java:971)
dn2_1    | 	at java.base/java.io.DataInputStream.readInt(DataInputStream.java:392)
dn2_1    | 	at org.apache.hadoop.ipc.Client$IpcStreams.readResponse(Client.java:1922)
dn3_1    | 2022-12-02 11:40:56,880 [pool-26-thread-1] INFO server.RaftServerConfigKeys: raft.server.storage.free-space.min = 0MB (=0) (default)
dn3_1    | 2022-12-02 11:40:56,880 [pool-26-thread-1] INFO server.RaftServerConfigKeys: raft.server.notification.no-leader.timeout = 300s (custom)
om_1     | 2022-12-02 11:41:20,631 [om1-impl-thread1] INFO server.RaftServerConfigKeys: raft.server.log.segment.size.max = 4194304 (custom)
dn2_1    | 	at org.apache.hadoop.ipc.Client$Connection.receiveRpcResponse(Client.java:1238)
dn1_1    | 2022-12-02 11:41:11,214 [5b8b7816-97d3-46a9-8d51-02134c9a8702-impl-thread1] INFO server.RaftServerConfigKeys: raft.server.log.appender.buffer.byte-limit = 33554432 (custom)
dn1_1    | 2022-12-02 11:41:11,216 [5b8b7816-97d3-46a9-8d51-02134c9a8702-impl-thread1] INFO server.RaftServerConfigKeys: raft.server.log.statemachine.data.read.timeout = 1000ms (default)
om_1     | 2022-12-02 11:41:20,643 [om1-impl-thread1] INFO server.RaftServerConfigKeys: raft.server.log.preallocated.size = 4194304 (custom)
om_1     | 2022-12-02 11:41:20,645 [om1-impl-thread1] INFO server.RaftServerConfigKeys: raft.server.log.force.sync.num = 128 (default)
om_1     | 2022-12-02 11:41:20,658 [om1-impl-thread1] INFO server.RaftServerConfigKeys: raft.server.log.statemachine.data.sync = true (default)
om_1     | 2022-12-02 11:41:20,662 [om1-impl-thread1] INFO server.RaftServerConfigKeys: raft.server.log.statemachine.data.sync.timeout = 10s (default)
om_1     | 2022-12-02 11:41:20,665 [om1-impl-thread1] INFO server.RaftServerConfigKeys: raft.server.log.statemachine.data.sync.timeout.retry = -1 (default)
om_1     | 2022-12-02 11:41:20,753 [om1-impl-thread1] INFO server.RaftServerConfigKeys: raft.server.log.write.buffer.size = 64KB (=65536) (default)
om_1     | 2022-12-02 11:41:20,758 [om1-impl-thread1] INFO server.RaftServerConfigKeys: raft.server.log.appender.buffer.byte-limit = 33554432 (custom)
dn3_1    | 2022-12-02 11:40:56,882 [pool-26-thread-1] INFO server.RaftServerConfigKeys: raft.server.retrycache.expirytime = 600000ms (custom)
dn1_1    | 2022-12-02 11:41:11,219 [5b8b7816-97d3-46a9-8d51-02134c9a8702-impl-thread3] INFO server.RaftServerConfigKeys: raft.server.log.purge.gap = 1000000 (custom)
scm_1    | Threshold                                          10
scm_1    | Max Datanodes to Involve per Iteration(percent)    20
recon_1  | 	at java.base/java.security.AccessController.doPrivileged(Native Method)
recon_1  | 	at java.base/javax.security.auth.Subject.doAs(Subject.java:423)
dn1_1    | 2022-12-02 11:41:11,219 [5b8b7816-97d3-46a9-8d51-02134c9a8702-impl-thread3] INFO server.RaftServerConfigKeys: raft.server.log.appender.buffer.byte-limit = 33554432 (custom)
scm_1    | Max Size to Move per Iteration                     500GB
scm_1    | Max Size Entering Target per Iteration             26GB
scm_1    | Max Size Leaving Source per Iteration              26GB
scm_1    | 
dn1_1    | 2022-12-02 11:41:11,219 [5b8b7816-97d3-46a9-8d51-02134c9a8702-impl-thread3] INFO server.RaftServerConfigKeys: raft.server.log.statemachine.data.read.timeout = 1000ms (default)
scm_1    | 2022-12-02 11:41:03,566 [Listener at 0.0.0.0/9860] INFO ha.SCMContext: Update SafeModeStatus from SafeModeStatus{safeModeStatus=true, preCheckPassed=false} to SafeModeStatus{safeModeStatus=true, preCheckPassed=false}.
scm_1    | 2022-12-02 11:41:03,574 [Listener at 0.0.0.0/9860] INFO server.StorageContainerManager: StorageContainerLocationProtocol RPC server is listening at /0.0.0.0:9860
recon_1  | 	at org.apache.hadoop.security.UserGroupInformation.doAs(UserGroupInformation.java:1878)
recon_1  | 	at org.apache.hadoop.ipc.Server$Handler.run(Server.java:2976)
dn3_1    | 2022-12-02 11:40:56,882 [pool-26-thread-1] INFO server.RaftServerConfigKeys: raft.server.retrycache.statistics.expirytime = 100?s (default)
dn1_1    | 2022-12-02 11:41:11,225 [5b8b7816-97d3-46a9-8d51-02134c9a8702-impl-thread3] INFO server.RaftServerConfigKeys: raft.server.log.purge.preservation.log.num = 0 (default)
dn1_1    | 2022-12-02 11:41:11,232 [5b8b7816-97d3-46a9-8d51-02134c9a8702-impl-thread2] INFO server.RaftServerConfigKeys: raft.server.log.use.memory = false (default)
dn1_1    | 2022-12-02 11:41:11,241 [5b8b7816-97d3-46a9-8d51-02134c9a8702-impl-thread1] INFO server.RaftServerConfigKeys: raft.server.log.purge.preservation.log.num = 0 (default)
dn2_1    | 	at org.apache.hadoop.ipc.Client$Connection.run(Client.java:1134)
om_1     | 2022-12-02 11:41:20,810 [om1-impl-thread1] INFO server.RaftServerConfigKeys: raft.server.log.unsafe-flush.enabled = false (default)
dn3_1    | 2022-12-02 11:40:56,891 [pool-26-thread-1] INFO server.RaftServerConfigKeys: raft.server.log.appender.install.snapshot.enabled = false (custom)
scm_1    | 2022-12-02 11:41:03,582 [Listener at 0.0.0.0/9860] INFO ha.SCMRatisServerImpl: starting ratis server 0.0.0.0:9894
scm_1    | 2022-12-02 11:41:03,593 [f3ef56f0-8998-42f4-8bf3-334dd1997073-impl-thread1] INFO storage.RaftStorageDirectory: Lock on /data/metadata/scm-ha/e45bdb9e-ec69-4af6-9535-61c50ea17181/in_use.lock acquired by nodename 6@862a88d5b3a9
dn2_1    | 2022-12-02 11:41:08,786 [EndpointStateMachine task thread for scm/10.9.0.17:9861 - 0 ] WARN statemachine.EndpointStateMachine: Unable to communicate to SCM server at scm:9861 for past 0 seconds.
dn1_1    | 2022-12-02 11:41:11,245 [5b8b7816-97d3-46a9-8d51-02134c9a8702-impl-thread2] INFO server.RaftServerConfigKeys: raft.server.log.purge.gap = 1000000 (custom)
dn1_1    | 2022-12-02 11:41:11,245 [5b8b7816-97d3-46a9-8d51-02134c9a8702-impl-thread2] INFO server.RaftServerConfigKeys: raft.server.log.appender.buffer.byte-limit = 33554432 (custom)
om_1     | 2022-12-02 11:41:20,811 [om1-impl-thread1] INFO server.RaftServerConfigKeys: raft.server.log.async-flush.enabled = false (default)
scm_1    | 2022-12-02 11:41:03,599 [f3ef56f0-8998-42f4-8bf3-334dd1997073-impl-thread1] INFO storage.RaftStorage: Read RaftStorageMetadata{term=2, votedFor=f3ef56f0-8998-42f4-8bf3-334dd1997073} from /data/metadata/scm-ha/e45bdb9e-ec69-4af6-9535-61c50ea17181/current/raft-meta
om_1     | 2022-12-02 11:41:20,823 [om1-impl-thread1] INFO server.RaftServerConfigKeys: raft.server.log.statemachine.data.caching.enabled = false (default)
om_1     | 2022-12-02 11:41:20,917 [om1-impl-thread1] INFO server.RaftServer$Division: om1@group-C5BA1605619E: set configuration 0: peers:[om1|rpc:om:9872|admin:|client:|dataStream:|priority:0|startupRole:FOLLOWER]|listeners:[], old=null
dn1_1    | 2022-12-02 11:41:11,245 [5b8b7816-97d3-46a9-8d51-02134c9a8702-impl-thread2] INFO server.RaftServerConfigKeys: raft.server.log.statemachine.data.read.timeout = 1000ms (default)
dn1_1    | 2022-12-02 11:41:11,246 [5b8b7816-97d3-46a9-8d51-02134c9a8702-impl-thread2] INFO server.RaftServerConfigKeys: raft.server.log.purge.preservation.log.num = 0 (default)
dn1_1    | 2022-12-02 11:41:11,255 [5b8b7816-97d3-46a9-8d51-02134c9a8702-impl-thread3] INFO server.RaftServerConfigKeys: raft.server.log.segment.size.max = 1048576 (custom)
scm_1    | 2022-12-02 11:41:03,712 [f3ef56f0-8998-42f4-8bf3-334dd1997073-impl-thread1] INFO server.RaftServer$Division: f3ef56f0-8998-42f4-8bf3-334dd1997073@group-61C50EA17181: set configuration 1: peers:[f3ef56f0-8998-42f4-8bf3-334dd1997073|rpc:d129577b104c:9894|admin:|client:|dataStream:|priority:0|startupRole:FOLLOWER]|listeners:[], old=null
dn2_1    | java.net.SocketTimeoutException: Call From 7feae5dd5e67/10.9.0.12 to scm:9861 failed on socket timeout exception: java.net.SocketTimeoutException: 5000 millis timeout while waiting for channel to be ready for read. ch : java.nio.channels.SocketChannel[connected local=/10.9.0.12:50648 remote=scm/10.9.0.17:9861]; For more details see:  http://wiki.apache.org/hadoop/SocketTimeout
dn3_1    | 2022-12-02 11:40:56,899 [pool-26-thread-1] INFO server.RaftServerConfigKeys: raft.server.threadpool.server.cached = true (default)
dn2_1    | 	at java.base/jdk.internal.reflect.NativeConstructorAccessorImpl.newInstance0(Native Method)
recon_1  | 2022-12-02 11:41:14,638 [IPC Server handler 5 on default port 9891] INFO ipc.Server: IPC Server handler 5 on default port 9891 caught an exception
dn1_1    | 2022-12-02 11:41:11,259 [5b8b7816-97d3-46a9-8d51-02134c9a8702-impl-thread1] INFO server.RaftServerConfigKeys: raft.server.log.segment.size.max = 1048576 (custom)
scm_1    | 2022-12-02 11:41:03,722 [f3ef56f0-8998-42f4-8bf3-334dd1997073-impl-thread1] INFO server.RaftServerConfigKeys: raft.server.log.use.memory = false (default)
dn3_1    | 2022-12-02 11:40:56,900 [pool-26-thread-1] INFO server.RaftServerConfigKeys: raft.server.threadpool.server.size = 0 (default)
dn3_1    | 2022-12-02 11:40:56,900 [pool-26-thread-1] INFO server.RaftServerConfigKeys: raft.server.threadpool.client.cached = true (default)
dn3_1    | 2022-12-02 11:40:56,900 [pool-26-thread-1] INFO server.RaftServerConfigKeys: raft.server.threadpool.client.size = 0 (default)
dn1_1    | 2022-12-02 11:41:11,260 [5b8b7816-97d3-46a9-8d51-02134c9a8702-impl-thread2] INFO server.RaftServerConfigKeys: raft.server.log.segment.size.max = 1048576 (custom)
scm_1    | 2022-12-02 11:41:03,746 [f3ef56f0-8998-42f4-8bf3-334dd1997073-impl-thread1] INFO server.RaftServerConfigKeys: raft.server.log.purge.gap = 1000000 (custom)
dn3_1    | 2022-12-02 11:40:57,074 [main] INFO util.log: Logging initialized @34090ms to org.eclipse.jetty.util.log.Slf4jLog
dn3_1    | 2022-12-02 11:40:57,902 [main] WARN server.AuthenticationFilter: Unable to initialize FileSignerSecretProvider, falling back to use random secrets. Reason: Could not read signature secret file: /opt/hadoop/hadoop-http-auth-signature-secret
dn2_1    | 	at java.base/jdk.internal.reflect.NativeConstructorAccessorImpl.newInstance(NativeConstructorAccessorImpl.java:62)
dn1_1    | 2022-12-02 11:41:11,284 [5b8b7816-97d3-46a9-8d51-02134c9a8702-impl-thread2] INFO server.RaftServerConfigKeys: raft.server.log.segment.cache.num.max = 2 (custom)
scm_1    | 2022-12-02 11:41:03,746 [f3ef56f0-8998-42f4-8bf3-334dd1997073-impl-thread1] INFO server.RaftServerConfigKeys: raft.server.log.appender.buffer.byte-limit = 33554432 (custom)
scm_1    | 2022-12-02 11:41:03,755 [f3ef56f0-8998-42f4-8bf3-334dd1997073-impl-thread1] INFO server.RaftServerConfigKeys: raft.server.log.statemachine.data.read.timeout = 1000ms (default)
recon_1  | java.nio.channels.ClosedChannelException
dn2_1    | 	at java.base/jdk.internal.reflect.DelegatingConstructorAccessorImpl.newInstance(DelegatingConstructorAccessorImpl.java:45)
dn2_1    | 	at java.base/java.lang.reflect.Constructor.newInstance(Constructor.java:490)
dn2_1    | 	at org.apache.hadoop.net.NetUtils.wrapWithMessage(NetUtils.java:913)
dn1_1    | 2022-12-02 11:41:11,287 [5b8b7816-97d3-46a9-8d51-02134c9a8702-impl-thread2] INFO server.RaftServerConfigKeys: raft.server.log.segment.cache.size.max = 200MB (=209715200) (default)
dn1_1    | 2022-12-02 11:41:11,291 [5b8b7816-97d3-46a9-8d51-02134c9a8702-impl-thread1] INFO server.RaftServerConfigKeys: raft.server.log.segment.cache.num.max = 2 (custom)
scm_1    | 2022-12-02 11:41:03,759 [f3ef56f0-8998-42f4-8bf3-334dd1997073-impl-thread1] INFO server.RaftServerConfigKeys: raft.server.log.purge.preservation.log.num = 0 (default)
recon_1  | 	at java.base/sun.nio.ch.SocketChannelImpl.ensureOpenAndConnected(SocketChannelImpl.java:180)
dn2_1    | 	at org.apache.hadoop.net.NetUtils.wrapException(NetUtils.java:848)
dn2_1    | 	at org.apache.hadoop.ipc.Client.getRpcResponse(Client.java:1616)
dn2_1    | 	at org.apache.hadoop.ipc.Client.call(Client.java:1558)
dn1_1    | 2022-12-02 11:41:11,292 [5b8b7816-97d3-46a9-8d51-02134c9a8702-impl-thread3] INFO server.RaftServerConfigKeys: raft.server.log.segment.cache.num.max = 2 (custom)
dn1_1    | 2022-12-02 11:41:11,292 [5b8b7816-97d3-46a9-8d51-02134c9a8702-impl-thread3] INFO server.RaftServerConfigKeys: raft.server.log.segment.cache.size.max = 200MB (=209715200) (default)
scm_1    | 2022-12-02 11:41:03,775 [f3ef56f0-8998-42f4-8bf3-334dd1997073-impl-thread1] INFO server.RaftServerConfigKeys: raft.server.log.segment.size.max = 4194304 (custom)
recon_1  | 	at java.base/sun.nio.ch.SocketChannelImpl.write(SocketChannelImpl.java:452)
dn2_1    | 	at org.apache.hadoop.ipc.Client.call(Client.java:1455)
dn2_1    | 	at org.apache.hadoop.ipc.ProtobufRpcEngine$Invoker.invoke(ProtobufRpcEngine.java:235)
dn2_1    | 	at org.apache.hadoop.ipc.ProtobufRpcEngine$Invoker.invoke(ProtobufRpcEngine.java:122)
dn1_1    | 2022-12-02 11:41:11,303 [5b8b7816-97d3-46a9-8d51-02134c9a8702-impl-thread1] INFO server.RaftServerConfigKeys: raft.server.log.segment.cache.size.max = 200MB (=209715200) (default)
dn1_1    | 2022-12-02 11:41:11,324 [5b8b7816-97d3-46a9-8d51-02134c9a8702-impl-thread1] INFO segmented.SegmentedRaftLogWorker: new 5b8b7816-97d3-46a9-8d51-02134c9a8702@group-A7BC8875DD52-SegmentedRaftLogWorker for RaftStorageImpl:Storage Directory /data/metadata/ratis/f4f5763d-1c18-4dcc-960e-a7bc8875dd52
scm_1    | 2022-12-02 11:41:03,812 [f3ef56f0-8998-42f4-8bf3-334dd1997073-impl-thread1] INFO server.RaftServerConfigKeys: raft.server.log.segment.cache.num.max = 2 (custom)
recon_1  | 	at org.apache.hadoop.ipc.Server.channelWrite(Server.java:3619)
dn2_1    | 	at com.sun.proxy.$Proxy38.submitRequest(Unknown Source)
dn1_1    | 2022-12-02 11:41:11,326 [5b8b7816-97d3-46a9-8d51-02134c9a8702-impl-thread3] INFO segmented.SegmentedRaftLogWorker: new 5b8b7816-97d3-46a9-8d51-02134c9a8702@group-B2C5D2AB888E-SegmentedRaftLogWorker for RaftStorageImpl:Storage Directory /data/metadata/ratis/7c5345ed-d940-4587-ba22-b2c5d2ab888e
dn1_1    | 2022-12-02 11:41:11,332 [5b8b7816-97d3-46a9-8d51-02134c9a8702-impl-thread3] INFO server.RaftServerConfigKeys: raft.server.log.queue.byte-limit = 4294967296 (custom)
scm_1    | 2022-12-02 11:41:03,813 [f3ef56f0-8998-42f4-8bf3-334dd1997073-impl-thread1] INFO server.RaftServerConfigKeys: raft.server.log.segment.cache.size.max = 200MB (=209715200) (default)
recon_1  | 	at org.apache.hadoop.ipc.Server.access$1700(Server.java:144)
dn2_1    | 	at org.apache.hadoop.ozone.protocolPB.StorageContainerDatanodeProtocolClientSideTranslatorPB.submitRequest(StorageContainerDatanodeProtocolClientSideTranslatorPB.java:117)
om_1     | 2022-12-02 11:41:20,945 [om1-impl-thread1] INFO segmented.LogSegment: Successfully read 19 entries from segment file /data/metadata/ratis/bf265839-605b-3f16-9796-c5ba1605619e/current/log_inprogress_0
dn1_1    | 2022-12-02 11:41:11,333 [5b8b7816-97d3-46a9-8d51-02134c9a8702-impl-thread1] INFO server.RaftServerConfigKeys: raft.server.log.queue.byte-limit = 4294967296 (custom)
dn3_1    | 2022-12-02 11:40:57,951 [main] INFO http.HttpRequestLog: Http request log for http.requests.hddsDatanode is not defined
scm_1    | 2022-12-02 11:41:03,841 [f3ef56f0-8998-42f4-8bf3-334dd1997073-impl-thread1] INFO segmented.SegmentedRaftLogWorker: new f3ef56f0-8998-42f4-8bf3-334dd1997073@group-61C50EA17181-SegmentedRaftLogWorker for RaftStorageImpl:Storage Directory /data/metadata/scm-ha/e45bdb9e-ec69-4af6-9535-61c50ea17181
recon_1  | 	at org.apache.hadoop.ipc.Server$Responder.processResponse(Server.java:1672)
dn2_1    | 	at org.apache.hadoop.ozone.protocolPB.StorageContainerDatanodeProtocolClientSideTranslatorPB.getVersion(StorageContainerDatanodeProtocolClientSideTranslatorPB.java:133)
om_1     | 2022-12-02 11:41:20,951 [om1-impl-thread1] INFO segmented.SegmentedRaftLogWorker: om1@group-C5BA1605619E-SegmentedRaftLogWorker: flushIndex: setUnconditionally 0 -> 18
dn1_1    | 2022-12-02 11:41:11,333 [5b8b7816-97d3-46a9-8d51-02134c9a8702-impl-thread3] INFO server.RaftServerConfigKeys: raft.server.log.queue.element-limit = 1024 (custom)
dn3_1    | 2022-12-02 11:40:58,022 [main] INFO http.HttpServer2: Added global filter 'safety' (class=org.apache.hadoop.hdds.server.http.HttpServer2$QuotingInputFilter)
scm_1    | 2022-12-02 11:41:03,843 [f3ef56f0-8998-42f4-8bf3-334dd1997073-impl-thread1] INFO server.RaftServerConfigKeys: raft.server.log.queue.byte-limit = 64MB (=67108864) (default)
recon_1  | 	at org.apache.hadoop.ipc.Server$Responder.doRespond(Server.java:1742)
dn2_1    | 	at org.apache.hadoop.ozone.container.common.states.endpoint.VersionEndpointTask.call(VersionEndpointTask.java:69)
om_1     | 2022-12-02 11:41:20,951 [om1-impl-thread1] INFO segmented.SegmentedRaftLogWorker: om1@group-C5BA1605619E-SegmentedRaftLogWorker: safeCacheEvictIndex: setUnconditionally 0 -> -1
dn1_1    | 2022-12-02 11:41:11,335 [5b8b7816-97d3-46a9-8d51-02134c9a8702-impl-thread1] INFO server.RaftServerConfigKeys: raft.server.log.queue.element-limit = 1024 (custom)
dn3_1    | 2022-12-02 11:40:58,036 [main] INFO http.HttpServer2: Added filter static_user_filter (class=org.apache.hadoop.http.lib.StaticUserWebFilter$StaticUserFilter) to context hddsDatanode
scm_1    | 2022-12-02 11:41:03,848 [f3ef56f0-8998-42f4-8bf3-334dd1997073-impl-thread1] INFO server.RaftServerConfigKeys: raft.server.log.queue.element-limit = 4096 (default)
scm_1    | 2022-12-02 11:41:03,857 [f3ef56f0-8998-42f4-8bf3-334dd1997073-impl-thread1] INFO server.RaftServerConfigKeys: raft.server.log.segment.size.max = 4194304 (custom)
dn2_1    | 	at org.apache.hadoop.ozone.container.common.states.endpoint.VersionEndpointTask.call(VersionEndpointTask.java:40)
om_1     | 2022-12-02 11:41:21,126 [om1-impl-thread1] INFO raftlog.RaftLog: om1@group-C5BA1605619E-SegmentedRaftLog: commitIndex: updateToMax old=18, new=17, updated? false
om_1     | 2022-12-02 11:41:21,150 [om1-impl-thread1] INFO server.RaftServer$Division: om1@group-C5BA1605619E: start as a follower, conf=0: peers:[om1|rpc:om:9872|admin:|client:|dataStream:|priority:0|startupRole:FOLLOWER]|listeners:[], old=null
dn3_1    | 2022-12-02 11:40:58,055 [main] INFO http.HttpServer2: Added filter static_user_filter (class=org.apache.hadoop.http.lib.StaticUserWebFilter$StaticUserFilter) to context logs
recon_1  | 	at org.apache.hadoop.ipc.Server$Connection.sendResponse(Server.java:2847)
scm_1    | 2022-12-02 11:41:03,859 [f3ef56f0-8998-42f4-8bf3-334dd1997073-impl-thread1] INFO server.RaftServerConfigKeys: raft.server.log.preallocated.size = 4194304 (custom)
dn2_1    | 	at java.base/java.util.concurrent.FutureTask.run(FutureTask.java:264)
om_1     | 2022-12-02 11:41:21,150 [om1-impl-thread1] INFO server.RaftServer$Division: om1@group-C5BA1605619E: changes role from      null to FOLLOWER at term 1 for startAsFollower
dn1_1    | 2022-12-02 11:41:11,339 [5b8b7816-97d3-46a9-8d51-02134c9a8702-impl-thread1] INFO server.RaftServerConfigKeys: raft.server.log.segment.size.max = 1048576 (custom)
dn3_1    | 2022-12-02 11:40:58,057 [main] INFO http.HttpServer2: Added filter static_user_filter (class=org.apache.hadoop.http.lib.StaticUserWebFilter$StaticUserFilter) to context static
dn3_1    | 2022-12-02 11:40:58,421 [main] INFO http.HttpServer2: Jetty bound to port 9882
scm_1    | 2022-12-02 11:41:03,864 [f3ef56f0-8998-42f4-8bf3-334dd1997073-impl-thread1] INFO server.RaftServerConfigKeys: raft.server.log.force.sync.num = 128 (default)
dn2_1    | 	at java.base/java.util.concurrent.ThreadPoolExecutor.runWorker(ThreadPoolExecutor.java:1128)
om_1     | 2022-12-02 11:41:21,155 [om1-impl-thread1] INFO impl.RoleInfo: om1: start om1@group-C5BA1605619E-FollowerState
dn1_1    | 2022-12-02 11:41:11,342 [5b8b7816-97d3-46a9-8d51-02134c9a8702-impl-thread3] INFO server.RaftServerConfigKeys: raft.server.log.segment.size.max = 1048576 (custom)
dn3_1    | 2022-12-02 11:40:58,425 [main] INFO server.Server: jetty-9.4.49.v20220914; built: 2022-09-14T01:07:36.601Z; git: 4231a3b2e4cb8548a412a789936d640a97b1aa0a; jvm 11.0.14.1+1-LTS
dn3_1    | 2022-12-02 11:40:58,688 [main] INFO server.session: DefaultSessionIdManager workerName=node0
scm_1    | 2022-12-02 11:41:03,874 [f3ef56f0-8998-42f4-8bf3-334dd1997073-impl-thread1] INFO server.RaftServerConfigKeys: raft.server.log.statemachine.data.sync = true (default)
dn2_1    | 	at java.base/java.util.concurrent.ThreadPoolExecutor$Worker.run(ThreadPoolExecutor.java:628)
om_1     | 2022-12-02 11:41:21,191 [om1@group-C5BA1605619E-FollowerState] INFO server.RaftServerConfigKeys: raft.server.rpc.first-election.timeout.min = 5s (fallback to raft.server.rpc.timeout.min)
dn3_1    | 2022-12-02 11:40:58,689 [main] INFO server.session: No SessionScavenger set, using defaults
recon_1  | 	at org.apache.hadoop.ipc.Server$Connection.access$300(Server.java:1814)
dn1_1    | 2022-12-02 11:41:11,342 [5b8b7816-97d3-46a9-8d51-02134c9a8702-impl-thread3] INFO server.RaftServerConfigKeys: raft.server.log.preallocated.size = 16384 (custom)
scm_1    | 2022-12-02 11:41:03,875 [f3ef56f0-8998-42f4-8bf3-334dd1997073-impl-thread1] INFO server.RaftServerConfigKeys: raft.server.log.statemachine.data.sync.timeout = 10s (default)
dn2_1    | 	at java.base/java.lang.Thread.run(Thread.java:829)
scm_1    | 2022-12-02 11:41:03,876 [f3ef56f0-8998-42f4-8bf3-334dd1997073-impl-thread1] INFO server.RaftServerConfigKeys: raft.server.log.statemachine.data.sync.timeout.retry = -1 (default)
scm_1    | 2022-12-02 11:41:03,952 [f3ef56f0-8998-42f4-8bf3-334dd1997073-impl-thread1] INFO server.RaftServerConfigKeys: raft.server.log.write.buffer.size = 64KB (=65536) (default)
dn3_1    | 2022-12-02 11:40:58,692 [main] INFO server.session: node0 Scavenging every 600000ms
recon_1  | 	at org.apache.hadoop.ipc.Server$RpcCall.doResponse(Server.java:1125)
dn1_1    | 2022-12-02 11:41:11,344 [5b8b7816-97d3-46a9-8d51-02134c9a8702-impl-thread1] INFO server.RaftServerConfigKeys: raft.server.log.preallocated.size = 16384 (custom)
dn2_1    | Caused by: java.net.SocketTimeoutException: 5000 millis timeout while waiting for channel to be ready for read. ch : java.nio.channels.SocketChannel[connected local=/10.9.0.12:50648 remote=scm/10.9.0.17:9861]
scm_1    | 2022-12-02 11:41:03,956 [f3ef56f0-8998-42f4-8bf3-334dd1997073-impl-thread1] INFO server.RaftServerConfigKeys: raft.server.log.appender.buffer.byte-limit = 33554432 (custom)
scm_1    | 2022-12-02 11:41:04,349 [f3ef56f0-8998-42f4-8bf3-334dd1997073-impl-thread1] INFO server.RaftServerConfigKeys: raft.server.log.unsafe-flush.enabled = false (default)
dn3_1    | 2022-12-02 11:40:58,871 [main] INFO handler.ContextHandler: Started o.e.j.s.ServletContextHandler@329dc214{logs,/logs,file:///var/log/hadoop/,AVAILABLE}
recon_1  | 	at org.apache.hadoop.ipc.Server$Call.doResponse(Server.java:917)
dn1_1    | 2022-12-02 11:41:11,345 [5b8b7816-97d3-46a9-8d51-02134c9a8702-impl-thread1] INFO server.RaftServerConfigKeys: raft.server.log.force.sync.num = 128 (default)
dn2_1    | 	at org.apache.hadoop.net.SocketIOWithTimeout.doIO(SocketIOWithTimeout.java:163)
scm_1    | 2022-12-02 11:41:04,351 [f3ef56f0-8998-42f4-8bf3-334dd1997073-impl-thread1] INFO server.RaftServerConfigKeys: raft.server.log.async-flush.enabled = false (default)
om_1     | 2022-12-02 11:41:21,193 [om1@group-C5BA1605619E-FollowerState] INFO server.RaftServerConfigKeys: raft.server.rpc.first-election.timeout.max = 5200ms (fallback to raft.server.rpc.timeout.max)
dn3_1    | 2022-12-02 11:40:58,879 [main] INFO handler.ContextHandler: Started o.e.j.s.ServletContextHandler@296edc75{static,/static,jar:file:/opt/hadoop/share/ozone/lib/hdds-container-service-1.3.0-SNAPSHOT.jar!/webapps/static,AVAILABLE}
recon_1  | 	at org.apache.hadoop.ipc.Server$Call.sendResponse(Server.java:903)
dn1_1    | 2022-12-02 11:41:11,346 [5b8b7816-97d3-46a9-8d51-02134c9a8702-impl-thread3] INFO server.RaftServerConfigKeys: raft.server.log.force.sync.num = 128 (default)
dn2_1    | 	at org.apache.hadoop.net.SocketInputStream.read(SocketInputStream.java:161)
scm_1    | 2022-12-02 11:41:04,369 [f3ef56f0-8998-42f4-8bf3-334dd1997073-impl-thread1] INFO server.RaftServerConfigKeys: raft.server.log.statemachine.data.caching.enabled = false (default)
om_1     | 2022-12-02 11:41:21,196 [om1-impl-thread1] INFO util.JmxRegister: Successfully registered JMX Bean with object name Ratis:service=RaftServer,group=group-C5BA1605619E,id=om1
dn3_1    | 2022-12-02 11:40:59,511 [main] INFO handler.ContextHandler: Started o.e.j.w.WebAppContext@143fefaf{hddsDatanode,/,file:///tmp/jetty-0_0_0_0-9882-hdds-container-service-1_3_0-SNAPSHOT_jar-_-any-18161160919600117377/webapp/,AVAILABLE}{jar:file:/opt/hadoop/share/ozone/lib/hdds-container-service-1.3.0-SNAPSHOT.jar!/webapps/hddsDatanode}
recon_1  | 	at org.apache.hadoop.ipc.Server$RpcCall.run(Server.java:1060)
dn1_1    | 2022-12-02 11:41:11,402 [5b8b7816-97d3-46a9-8d51-02134c9a8702-impl-thread3] INFO server.RaftServerConfigKeys: raft.server.log.statemachine.data.sync = true (default)
dn2_1    | 	at org.apache.hadoop.net.SocketInputStream.read(SocketInputStream.java:131)
scm_1    | 2022-12-02 11:41:04,484 [f3ef56f0-8998-42f4-8bf3-334dd1997073-impl-thread1] INFO server.RaftServer$Division: f3ef56f0-8998-42f4-8bf3-334dd1997073@group-61C50EA17181: set configuration 0: peers:[f3ef56f0-8998-42f4-8bf3-334dd1997073|rpc:d129577b104c:9894|admin:|client:|dataStream:|priority:0|startupRole:FOLLOWER]|listeners:[], old=null
scm_1    | 2022-12-02 11:41:04,485 [f3ef56f0-8998-42f4-8bf3-334dd1997073-impl-thread1] INFO segmented.LogSegment: Successfully read 1 entries from segment file /data/metadata/scm-ha/e45bdb9e-ec69-4af6-9535-61c50ea17181/current/log_0-0
om_1     | 2022-12-02 11:41:21,208 [om1-impl-thread1] INFO server.RaftServerConfigKeys: raft.server.snapshot.auto.trigger.enabled = true (custom)
dn3_1    | 2022-12-02 11:40:59,592 [main] INFO server.AbstractConnector: Started ServerConnector@3db65c0d{HTTP/1.1, (http/1.1)}{0.0.0.0:9882}
recon_1  | 	at org.apache.hadoop.ipc.Server$RpcCall.run(Server.java:971)
dn1_1    | 2022-12-02 11:41:11,403 [5b8b7816-97d3-46a9-8d51-02134c9a8702-impl-thread3] INFO server.RaftServerConfigKeys: raft.server.log.statemachine.data.sync.timeout = 10s (default)
dn2_1    | 	at java.base/java.io.FilterInputStream.read(FilterInputStream.java:133)
scm_1    | 2022-12-02 11:41:04,497 [f3ef56f0-8998-42f4-8bf3-334dd1997073-impl-thread1] INFO server.RaftServer$Division: f3ef56f0-8998-42f4-8bf3-334dd1997073@group-61C50EA17181: set configuration 1: peers:[f3ef56f0-8998-42f4-8bf3-334dd1997073|rpc:d129577b104c:9894|admin:|client:|dataStream:|priority:0|startupRole:FOLLOWER]|listeners:[], old=null
scm_1    | 2022-12-02 11:41:04,741 [f3ef56f0-8998-42f4-8bf3-334dd1997073-impl-thread1] INFO segmented.LogSegment: Successfully read 34 entries from segment file /data/metadata/scm-ha/e45bdb9e-ec69-4af6-9535-61c50ea17181/current/log_inprogress_1
om_1     | 2022-12-02 11:41:21,213 [om1-impl-thread1] INFO server.RaftServerConfigKeys: raft.server.snapshot.auto.trigger.threshold = 400000 (default)
recon_1  | 	at java.base/java.security.AccessController.doPrivileged(Native Method)
dn1_1    | 2022-12-02 11:41:11,403 [5b8b7816-97d3-46a9-8d51-02134c9a8702-impl-thread3] INFO server.RaftServerConfigKeys: raft.server.log.statemachine.data.sync.timeout.retry = -1 (default)
dn2_1    | 	at java.base/java.io.BufferedInputStream.fill(BufferedInputStream.java:252)
scm_1    | 2022-12-02 11:41:04,752 [f3ef56f0-8998-42f4-8bf3-334dd1997073-impl-thread1] INFO segmented.SegmentedRaftLogWorker: f3ef56f0-8998-42f4-8bf3-334dd1997073@group-61C50EA17181-SegmentedRaftLogWorker: flushIndex: setUnconditionally 0 -> 34
dn3_1    | 2022-12-02 11:40:59,592 [main] INFO server.Server: Started @36608ms
om_1     | 2022-12-02 11:41:21,213 [om1-impl-thread1] INFO server.RaftServerConfigKeys: raft.server.snapshot.retention.file.num = -1 (default)
recon_1  | 	at java.base/javax.security.auth.Subject.doAs(Subject.java:423)
recon_1  | 	at org.apache.hadoop.security.UserGroupInformation.doAs(UserGroupInformation.java:1878)
dn1_1    | 2022-12-02 11:41:11,408 [5b8b7816-97d3-46a9-8d51-02134c9a8702-impl-thread1] INFO server.RaftServerConfigKeys: raft.server.log.statemachine.data.sync = true (default)
dn2_1    | 	at java.base/java.io.BufferedInputStream.read(BufferedInputStream.java:271)
scm_1    | 2022-12-02 11:41:04,753 [f3ef56f0-8998-42f4-8bf3-334dd1997073-impl-thread1] INFO segmented.SegmentedRaftLogWorker: f3ef56f0-8998-42f4-8bf3-334dd1997073@group-61C50EA17181-SegmentedRaftLogWorker: safeCacheEvictIndex: setUnconditionally 0 -> 0
dn3_1    | 2022-12-02 11:40:59,605 [main] INFO impl.MetricsSinkAdapter: Sink prometheus started
om_1     | 2022-12-02 11:41:21,216 [om1-impl-thread1] INFO server.RaftServerConfigKeys: raft.server.log.purge.upto.snapshot.index = true (custom)
recon_1  | 	at org.apache.hadoop.ipc.Server$Handler.run(Server.java:2976)
recon_1  | 2022-12-02 11:41:14,667 [IPC Server handler 7 on default port 9891] WARN ipc.Server: IPC Server handler 7 on default port 9891, call Call#1 Retry#0 org.apache.hadoop.ozone.protocol.ReconDatanodeProtocol.submitRequest from 10.9.0.12:49330: output error
dn1_1    | 2022-12-02 11:41:11,408 [5b8b7816-97d3-46a9-8d51-02134c9a8702-impl-thread1] INFO server.RaftServerConfigKeys: raft.server.log.statemachine.data.sync.timeout = 10s (default)
dn2_1    | 	at java.base/java.io.FilterInputStream.read(FilterInputStream.java:83)
scm_1    | 2022-12-02 11:41:04,861 [f3ef56f0-8998-42f4-8bf3-334dd1997073-impl-thread1] INFO raftlog.RaftLog: f3ef56f0-8998-42f4-8bf3-334dd1997073@group-61C50EA17181-SegmentedRaftLog: commitIndex: updateToMax old=34, new=33, updated? false
dn3_1    | 2022-12-02 11:40:59,605 [main] INFO impl.MetricsSystemImpl: Registered sink prometheus
dn3_1    | 2022-12-02 11:40:59,612 [main] INFO http.BaseHttpServer: HTTP server of hddsDatanode listening at http://0.0.0.0:9882
recon_1  | 2022-12-02 11:41:14,667 [IPC Server handler 7 on default port 9891] INFO ipc.Server: IPC Server handler 7 on default port 9891 caught an exception
dn1_1    | 2022-12-02 11:41:11,409 [5b8b7816-97d3-46a9-8d51-02134c9a8702-impl-thread2] INFO segmented.SegmentedRaftLogWorker: new 5b8b7816-97d3-46a9-8d51-02134c9a8702@group-A07058B7E35A-SegmentedRaftLogWorker for RaftStorageImpl:Storage Directory /data/metadata/ratis/253e9da5-e961-4faf-b292-a07058b7e35a
dn2_1    | 	at java.base/java.io.FilterInputStream.read(FilterInputStream.java:83)
dn2_1    | 	at org.apache.hadoop.ipc.Client$Connection$PingInputStream.read(Client.java:563)
dn3_1    | 2022-12-02 11:40:59,631 [Datanode State Machine Daemon Thread] INFO statemachine.DatanodeStateMachine: Ozone container server started.
dn3_1    | 2022-12-02 11:40:59,784 [org.apache.hadoop.util.JvmPauseMonitor$Monitor@1c1e5cb0] INFO util.JvmPauseMonitor: Starting JVM pause monitor
recon_1  | java.nio.channels.ClosedChannelException
dn1_1    | 2022-12-02 11:41:11,412 [5b8b7816-97d3-46a9-8d51-02134c9a8702-impl-thread1] INFO server.RaftServerConfigKeys: raft.server.log.statemachine.data.sync.timeout.retry = -1 (default)
dn2_1    | 	at java.base/java.io.DataInputStream.readInt(DataInputStream.java:392)
dn2_1    | 	at org.apache.hadoop.ipc.Client$IpcStreams.readResponse(Client.java:1922)
om_1     | 2022-12-02 11:41:21,242 [Listener at om/9862] INFO server.RaftServer: om1: start RPC server
dn3_1    | 2022-12-02 11:41:00,105 [Datanode State Machine Task Thread - 0] INFO statemachine.SCMConnectionManager: Adding Recon Server : recon/10.9.0.15:9891
recon_1  | 	at java.base/sun.nio.ch.SocketChannelImpl.ensureOpenAndConnected(SocketChannelImpl.java:180)
dn1_1    | 2022-12-02 11:41:11,413 [5b8b7816-97d3-46a9-8d51-02134c9a8702-impl-thread2] INFO server.RaftServerConfigKeys: raft.server.log.queue.byte-limit = 4294967296 (custom)
dn2_1    | 	at org.apache.hadoop.ipc.Client$Connection.receiveRpcResponse(Client.java:1238)
scm_1    | 2022-12-02 11:41:04,862 [f3ef56f0-8998-42f4-8bf3-334dd1997073-impl-thread1] INFO server.RaftServer$Division: f3ef56f0-8998-42f4-8bf3-334dd1997073@group-61C50EA17181: start as a follower, conf=1: peers:[f3ef56f0-8998-42f4-8bf3-334dd1997073|rpc:d129577b104c:9894|admin:|client:|dataStream:|priority:0|startupRole:FOLLOWER]|listeners:[], old=null
om_1     | 2022-12-02 11:41:21,466 [Listener at om/9862] INFO server.GrpcService: om1: GrpcService started, listening on 9872
dn3_1    | 2022-12-02 11:41:00,142 [Datanode State Machine Task Thread - 0] INFO datanode.InitDatanodeState: DatanodeDetails is persisted to /data/datanode.id
recon_1  | 	at java.base/sun.nio.ch.SocketChannelImpl.write(SocketChannelImpl.java:452)
dn1_1    | 2022-12-02 11:41:11,417 [5b8b7816-97d3-46a9-8d51-02134c9a8702-impl-thread2] INFO server.RaftServerConfigKeys: raft.server.log.queue.element-limit = 1024 (custom)
dn2_1    | 	at org.apache.hadoop.ipc.Client$Connection.run(Client.java:1134)
scm_1    | 2022-12-02 11:41:04,862 [f3ef56f0-8998-42f4-8bf3-334dd1997073-impl-thread1] INFO server.RaftServer$Division: f3ef56f0-8998-42f4-8bf3-334dd1997073@group-61C50EA17181: changes role from      null to FOLLOWER at term 2 for startAsFollower
om_1     | 2022-12-02 11:41:21,475 [Listener at om/9862] INFO om.OzoneManager: Version File has different layout version (3) than OM DB (null). That is expected if this OM has never been finalized to a newer layout version.
om_1     | 2022-12-02 11:41:21,500 [JvmPauseMonitor0] INFO util.JvmPauseMonitor: JvmPauseMonitor-om1: Started
recon_1  | 	at org.apache.hadoop.ipc.Server.channelWrite(Server.java:3619)
dn1_1    | 2022-12-02 11:41:11,438 [5b8b7816-97d3-46a9-8d51-02134c9a8702-impl-thread2] INFO server.RaftServerConfigKeys: raft.server.log.segment.size.max = 1048576 (custom)
dn1_1    | 2022-12-02 11:41:11,439 [5b8b7816-97d3-46a9-8d51-02134c9a8702-impl-thread2] INFO server.RaftServerConfigKeys: raft.server.log.preallocated.size = 16384 (custom)
dn1_1    | 2022-12-02 11:41:11,439 [5b8b7816-97d3-46a9-8d51-02134c9a8702-impl-thread2] INFO server.RaftServerConfigKeys: raft.server.log.force.sync.num = 128 (default)
dn1_1    | 2022-12-02 11:41:11,439 [5b8b7816-97d3-46a9-8d51-02134c9a8702-impl-thread2] INFO server.RaftServerConfigKeys: raft.server.log.statemachine.data.sync = true (default)
om_1     | 2022-12-02 11:41:21,713 [Listener at om/9862] INFO http.BaseHttpServer: Starting Web-server for ozoneManager at: http://0.0.0.0:9874
dn1_1    | 2022-12-02 11:41:11,440 [5b8b7816-97d3-46a9-8d51-02134c9a8702-impl-thread2] INFO server.RaftServerConfigKeys: raft.server.log.statemachine.data.sync.timeout = 10s (default)
dn1_1    | 2022-12-02 11:41:11,440 [5b8b7816-97d3-46a9-8d51-02134c9a8702-impl-thread2] INFO server.RaftServerConfigKeys: raft.server.log.statemachine.data.sync.timeout.retry = -1 (default)
scm_1    | 2022-12-02 11:41:04,864 [f3ef56f0-8998-42f4-8bf3-334dd1997073-impl-thread1] INFO impl.RoleInfo: f3ef56f0-8998-42f4-8bf3-334dd1997073: start f3ef56f0-8998-42f4-8bf3-334dd1997073@group-61C50EA17181-FollowerState
om_1     | 2022-12-02 11:41:21,718 [Listener at om/9862] INFO http.BaseHttpServer: Hadoop Security Enabled: false Ozone Security Enabled: false Ozone HTTP Security Enabled: false 
om_1     | 2022-12-02 11:41:21,863 [Listener at om/9862] INFO util.log: Logging initialized @59478ms to org.eclipse.jetty.util.log.Slf4jLog
dn1_1    | 2022-12-02 11:41:11,486 [5b8b7816-97d3-46a9-8d51-02134c9a8702-impl-thread1] INFO server.RaftServerConfigKeys: raft.server.log.write.buffer.size = 1048576 (custom)
scm_1    | 2022-12-02 11:41:04,866 [f3ef56f0-8998-42f4-8bf3-334dd1997073-impl-thread1] INFO util.JmxRegister: Successfully registered JMX Bean with object name Ratis:service=RaftServer,group=group-61C50EA17181,id=f3ef56f0-8998-42f4-8bf3-334dd1997073
om_1     | 2022-12-02 11:41:22,769 [Listener at om/9862] WARN server.AuthenticationFilter: Unable to initialize FileSignerSecretProvider, falling back to use random secrets. Reason: Could not read signature secret file: /opt/hadoop/hadoop-http-auth-signature-secret
om_1     | 2022-12-02 11:41:22,833 [Listener at om/9862] INFO http.HttpRequestLog: Http request log for http.requests.ozoneManager is not defined
recon_1  | 	at org.apache.hadoop.ipc.Server.access$1700(Server.java:144)
recon_1  | 	at org.apache.hadoop.ipc.Server$Responder.processResponse(Server.java:1672)
dn1_1    | 2022-12-02 11:41:11,495 [5b8b7816-97d3-46a9-8d51-02134c9a8702-impl-thread2] INFO server.RaftServerConfigKeys: raft.server.log.write.buffer.size = 1048576 (custom)
dn3_1    | 2022-12-02 11:41:03,037 [EndpointStateMachine task thread for scm/10.9.0.17:9861 - 0 ] INFO ipc.Client: Retrying connect to server: scm/10.9.0.17:9861. Already tried 0 time(s); retry policy is RetryUpToMaximumCountWithFixedSleep(maxRetries=15, sleepTime=1000 MILLISECONDS)
dn3_1    | 2022-12-02 11:41:04,038 [EndpointStateMachine task thread for scm/10.9.0.17:9861 - 0 ] INFO ipc.Client: Retrying connect to server: scm/10.9.0.17:9861. Already tried 1 time(s); retry policy is RetryUpToMaximumCountWithFixedSleep(maxRetries=15, sleepTime=1000 MILLISECONDS)
dn3_1    | 2022-12-02 11:41:07,074 [EndpointStateMachine task thread for recon/10.9.0.15:9891 - 0 ] WARN statemachine.EndpointStateMachine: Unable to communicate to Recon server at recon:9891 for past 0 seconds.
