kdc_1       | Dec 06 15:49:29 kdc krb5kdc[7](info): TGS_REQ (6 etypes {aes256-cts-hmac-sha1-96(18), aes128-cts-hmac-sha1-96(17), aes256-cts-hmac-sha384-192(20), aes128-cts-hmac-sha256-128(19), DEPRECATED:des3-cbc-sha1(16), DEPRECATED:arcfour-hmac(23)}) 172.18.0.9: ISSUE: authtime 1670341752, etypes {rep=aes256-cts-hmac-sha1-96(18), tkt=aes256-cts-hmac-sha1-96(18), ses=aes256-cts-hmac-sha1-96(18)}, testuser/scm@EXAMPLE.COM for om/om@EXAMPLE.COM
datanode_1  | 2022-12-06 15:26:56,019 [pool-23-thread-1] INFO server.RaftServerConfigKeys: raft.server.retrycache.statistics.expirytime = 100?s (default)
om_1        | 2022-12-06 15:26:45,256 [main] WARN server.ServerUtils: ozone.om.db.dirs is not configured. We recommend adding this setting. Falling back to ozone.metadata.dirs instead.
scm_1       | 2022-12-06 15:25:46,713 [main] WARN server.ServerUtils: ozone.scm.db.dirs is not configured. We recommend adding this setting. Falling back to ozone.metadata.dirs instead.
scm_1       | 2022-12-06 15:25:46,718 [main] INFO server.StorageContainerManager: SCM initialization succeeded. Current cluster id for sd=/data/metadata/scm; cid=CID-ca609f8e-d1ca-4c0b-b081-ea12ede1f2a6; layoutVersion=4; scmId=3ef79d7a-f482-463c-9517-09ac3e349984
scm_1       | 2022-12-06 15:25:46,744 [shutdown-hook-0] INFO server.StorageContainerManagerStarter: SHUTDOWN_MSG: 
recon_1     | 2022-12-06 15:27:03,294 [Socket Reader #1 for port 9891] INFO ipc.Server: Auth successful for dn/dn@EXAMPLE.COM (auth:KERBEROS) from 172.18.0.10:49526
kdc_1       | Dec 06 15:49:37 kdc krb5kdc[7](info): TGS_REQ (6 etypes {aes256-cts-hmac-sha1-96(18), aes128-cts-hmac-sha1-96(17), aes256-cts-hmac-sha384-192(20), aes128-cts-hmac-sha256-128(19), DEPRECATED:des3-cbc-sha1(16), DEPRECATED:arcfour-hmac(23)}) 172.18.0.9: ISSUE: authtime 1670341752, etypes {rep=aes256-cts-hmac-sha1-96(18), tkt=aes256-cts-hmac-sha1-96(18), ses=aes256-cts-hmac-sha1-96(18)}, testuser/scm@EXAMPLE.COM for om/om@EXAMPLE.COM
datanode_1  | 2022-12-06 15:26:56,195 [pool-23-thread-1] INFO server.RaftServerConfigKeys: raft.server.log.appender.install.snapshot.enabled = false (custom)
om_1        | 2022-12-06 15:26:46,041 [main] INFO codec.OmKeyInfoCodec: OmKeyInfoCodec ignorePipeline = true
scm_1       | /************************************************************
datanode_3  | 	at org.apache.hadoop.ozone.container.common.statemachine.DatanodeStateMachine.lambda$startDaemon$0(DatanodeStateMachine.java:506)
datanode_2  | 2022-12-06 15:26:45,871 [pool-23-thread-1] INFO server.RaftServerConfigKeys: raft.server.log.appender.install.snapshot.enabled = false (custom)
recon_1     | 2022-12-06 15:27:03,333 [Socket Reader #1 for port 9891] INFO authorize.ServiceAuthorizationManager: Authorization successful for dn/dn@EXAMPLE.COM (auth:KERBEROS) for protocol=interface org.apache.hadoop.ozone.protocol.ReconDatanodeProtocol
kdc_1       | Dec 06 15:49:45 kdc krb5kdc[7](info): TGS_REQ (6 etypes {aes256-cts-hmac-sha1-96(18), aes128-cts-hmac-sha1-96(17), aes256-cts-hmac-sha384-192(20), aes128-cts-hmac-sha256-128(19), DEPRECATED:des3-cbc-sha1(16), DEPRECATED:arcfour-hmac(23)}) 172.18.0.9: ISSUE: authtime 1670341752, etypes {rep=aes256-cts-hmac-sha1-96(18), tkt=aes256-cts-hmac-sha1-96(18), ses=aes256-cts-hmac-sha1-96(18)}, testuser/scm@EXAMPLE.COM for om/om@EXAMPLE.COM
datanode_1  | 2022-12-06 15:26:56,196 [pool-23-thread-1] INFO server.RaftServerConfigKeys: raft.server.threadpool.server.cached = true (default)
om_1        | 2022-12-06 15:26:46,046 [main] INFO codec.RepeatedOmKeyInfoCodec: RepeatedOmKeyInfoCodec ignorePipeline = true
om_1        | 2022-12-06 15:26:47,743 [main] INFO om.OzoneManager: S3 Multi-Tenancy is enabled
datanode_3  | 	at java.base/java.lang.Thread.run(Thread.java:829)
datanode_2  | 2022-12-06 15:26:45,875 [pool-23-thread-1] INFO server.RaftServerConfigKeys: raft.server.threadpool.server.cached = true (default)
recon_1     | 2022-12-06 15:27:03,360 [Socket Reader #1 for port 9891] INFO authorize.ServiceAuthorizationManager: Authorization successful for dn/dn@EXAMPLE.COM (auth:KERBEROS) for protocol=interface org.apache.hadoop.ozone.protocol.ReconDatanodeProtocol
datanode_2  | 2022-12-06 15:26:45,875 [pool-23-thread-1] INFO server.RaftServerConfigKeys: raft.server.threadpool.server.size = 0 (default)
kdc_1       | Dec 06 15:49:53 kdc krb5kdc[7](info): TGS_REQ (6 etypes {aes256-cts-hmac-sha1-96(18), aes128-cts-hmac-sha1-96(17), aes256-cts-hmac-sha384-192(20), aes128-cts-hmac-sha256-128(19), DEPRECATED:des3-cbc-sha1(16), DEPRECATED:arcfour-hmac(23)}) 172.18.0.9: ISSUE: authtime 1670341752, etypes {rep=aes256-cts-hmac-sha1-96(18), tkt=aes256-cts-hmac-sha1-96(18), ses=aes256-cts-hmac-sha1-96(18)}, testuser/scm@EXAMPLE.COM for om/om@EXAMPLE.COM
datanode_1  | 2022-12-06 15:26:56,199 [pool-23-thread-1] INFO server.RaftServerConfigKeys: raft.server.threadpool.server.size = 0 (default)
datanode_1  | 2022-12-06 15:26:56,201 [pool-23-thread-1] INFO server.RaftServerConfigKeys: raft.server.threadpool.client.cached = true (default)
scm_1       | SHUTDOWN_MSG: Shutting down StorageContainerManager at scm/172.18.0.9
datanode_3  | Caused by: java.util.concurrent.TimeoutException
recon_1     | 2022-12-06 15:27:12,726 [IPC Server handler 0 on default port 9891] INFO net.NetworkTopologyImpl: Added a new node: /default-rack/c87aad47-ddb7-40cc-82ac-d14821c7062b
datanode_2  | 2022-12-06 15:26:45,875 [pool-23-thread-1] INFO server.RaftServerConfigKeys: raft.server.threadpool.client.cached = true (default)
kdc_1       | Dec 06 15:50:01 kdc krb5kdc[7](info): TGS_REQ (6 etypes {aes256-cts-hmac-sha1-96(18), aes128-cts-hmac-sha1-96(17), aes256-cts-hmac-sha384-192(20), aes128-cts-hmac-sha256-128(19), DEPRECATED:des3-cbc-sha1(16), DEPRECATED:arcfour-hmac(23)}) 172.18.0.9: ISSUE: authtime 1670341752, etypes {rep=aes256-cts-hmac-sha1-96(18), tkt=aes256-cts-hmac-sha1-96(18), ses=aes256-cts-hmac-sha1-96(18)}, testuser/scm@EXAMPLE.COM for om/om@EXAMPLE.COM
datanode_1  | 2022-12-06 15:26:56,202 [pool-23-thread-1] INFO server.RaftServerConfigKeys: raft.server.threadpool.client.size = 0 (default)
om_1        | 2022-12-06 15:26:47,795 [main] INFO om.OMMultiTenantManagerImpl: Loaded 0 tenants and 0 tenant users from the database
scm_1       | ************************************************************/
datanode_3  | 	at java.base/java.util.concurrent.FutureTask.get(FutureTask.java:204)
recon_1     | 2022-12-06 15:27:12,768 [IPC Server handler 0 on default port 9891] INFO node.SCMNodeManager: Registered Data node : c87aad47-ddb7-40cc-82ac-d14821c7062b{ip: 172.18.0.5, host: ozonesecure_datanode_1.ozonesecure_default, ports: [REPLICATION=9886, RATIS=9858, RATIS_ADMIN=9857, RATIS_SERVER=9856, STANDALONE=9859], networkLocation: /default-rack, certSerialId: 311496313516, persistedOpState: null, persistedOpStateExpiryEpochSec: 0}
datanode_2  | 2022-12-06 15:26:45,875 [pool-23-thread-1] INFO server.RaftServerConfigKeys: raft.server.threadpool.client.size = 0 (default)
kdc_1       | Dec 06 15:50:09 kdc krb5kdc[7](info): TGS_REQ (6 etypes {aes256-cts-hmac-sha1-96(18), aes128-cts-hmac-sha1-96(17), aes256-cts-hmac-sha384-192(20), aes128-cts-hmac-sha256-128(19), DEPRECATED:des3-cbc-sha1(16), DEPRECATED:arcfour-hmac(23)}) 172.18.0.9: ISSUE: authtime 1670341752, etypes {rep=aes256-cts-hmac-sha1-96(18), tkt=aes256-cts-hmac-sha1-96(18), ses=aes256-cts-hmac-sha1-96(18)}, testuser/scm@EXAMPLE.COM for om/om@EXAMPLE.COM
scm_1       | No '-XX:...' jvm parameters are set. Adding safer GC settings '-XX:ParallelGCThreads=8 -XX:+UseConcMarkSweepGC -XX:CMSInitiatingOccupancyFraction=70 -XX:+CMSParallelRemarkEnabled' to the OZONE_OPTS
scm_1       | OpenJDK 64-Bit Server VM warning: Option UseConcMarkSweepGC was deprecated in version 9.0 and will likely be removed in a future release.
recon_1     | 2022-12-06 15:27:12,853 [EventQueue-PipelineReportForReconPipelineReportHandler] INFO scm.ReconPipelineReportHandler: Pipeline RATIS/ONE PipelineID=93a18d2c-1e07-4ea9-8464-72c375ec6128 reported by c87aad47-ddb7-40cc-82ac-d14821c7062b{ip: 172.18.0.5, host: ozonesecure_datanode_1.ozonesecure_default, ports: [REPLICATION=9886, RATIS=9858, RATIS_ADMIN=9857, RATIS_SERVER=9856, STANDALONE=9859], networkLocation: /default-rack, certSerialId: 311496313516, persistedOpState: null, persistedOpStateExpiryEpochSec: 0}
recon_1     | 2022-12-06 15:27:12,852 [IPC Server handler 2 on default port 9891] INFO net.NetworkTopologyImpl: Added a new node: /default-rack/edc578e2-a6b9-4ce1-8aa3-e1cbe899d73a
om_1        | 2022-12-06 15:26:47,901 [main] INFO security.OzoneSecretStore: Loaded 0 tokens
kdc_1       | Dec 06 15:50:16 kdc krb5kdc[7](info): TGS_REQ (6 etypes {aes256-cts-hmac-sha1-96(18), aes128-cts-hmac-sha1-96(17), aes256-cts-hmac-sha384-192(20), aes128-cts-hmac-sha256-128(19), DEPRECATED:des3-cbc-sha1(16), DEPRECATED:arcfour-hmac(23)}) 172.18.0.9: ISSUE: authtime 1670341752, etypes {rep=aes256-cts-hmac-sha1-96(18), tkt=aes256-cts-hmac-sha1-96(18), ses=aes256-cts-hmac-sha1-96(18)}, testuser/scm@EXAMPLE.COM for om/om@EXAMPLE.COM
kdc_1       | Dec 06 15:50:18 kdc krb5kdc[7](info): AS_REQ (8 etypes {aes256-cts-hmac-sha1-96(18), aes128-cts-hmac-sha1-96(17), aes256-cts-hmac-sha384-192(20), aes128-cts-hmac-sha256-128(19), DEPRECATED:des3-cbc-sha1(16), DEPRECATED:arcfour-hmac(23), camellia128-cts-cmac(25), camellia256-cts-cmac(26)}) 172.18.0.9: ISSUE: authtime 1670341818, etypes {rep=aes256-cts-hmac-sha1-96(18), tkt=aes256-cts-hmac-sha1-96(18), ses=aes256-cts-hmac-sha1-96(18)}, testuser/scm@EXAMPLE.COM for krbtgt/EXAMPLE.COM@EXAMPLE.COM
kdc_1       | Dec 06 15:50:24 kdc krb5kdc[7](info): TGS_REQ (6 etypes {aes256-cts-hmac-sha1-96(18), aes128-cts-hmac-sha1-96(17), aes256-cts-hmac-sha384-192(20), aes128-cts-hmac-sha256-128(19), DEPRECATED:des3-cbc-sha1(16), DEPRECATED:arcfour-hmac(23)}) 172.18.0.9: ISSUE: authtime 1670341818, etypes {rep=aes256-cts-hmac-sha1-96(18), tkt=aes256-cts-hmac-sha1-96(18), ses=aes256-cts-hmac-sha1-96(18)}, testuser/scm@EXAMPLE.COM for om/om@EXAMPLE.COM
datanode_1  | 2022-12-06 15:26:56,203 [pool-23-thread-1] INFO storage.RaftStorageDirectory: The storage directory /data/metadata/ratis/07671000-4263-4e65-a69d-fbdee4d5c11f does not exist. Creating ...
datanode_2  | 2022-12-06 15:26:45,876 [pool-23-thread-1] INFO storage.RaftStorageDirectory: The storage directory /data/metadata/ratis/07671000-4263-4e65-a69d-fbdee4d5c11f does not exist. Creating ...
scm_1       | 2022-12-06 15:25:49,157 [main] INFO server.StorageContainerManagerStarter: STARTUP_MSG: 
om_1        | 2022-12-06 15:26:47,901 [main] INFO security.OzoneDelegationTokenSecretManager: Loading token state into token manager.
kdc_1       | Dec 06 15:50:31 kdc krb5kdc[7](info): TGS_REQ (6 etypes {aes256-cts-hmac-sha1-96(18), aes128-cts-hmac-sha1-96(17), aes256-cts-hmac-sha384-192(20), aes128-cts-hmac-sha256-128(19), DEPRECATED:des3-cbc-sha1(16), DEPRECATED:arcfour-hmac(23)}) 172.18.0.9: ISSUE: authtime 1670341818, etypes {rep=aes256-cts-hmac-sha1-96(18), tkt=aes256-cts-hmac-sha1-96(18), ses=aes256-cts-hmac-sha1-96(18)}, testuser/scm@EXAMPLE.COM for om/om@EXAMPLE.COM
datanode_1  | 2022-12-06 15:26:56,223 [pool-23-thread-1] INFO storage.RaftStorageDirectory: Lock on /data/metadata/ratis/07671000-4263-4e65-a69d-fbdee4d5c11f/in_use.lock acquired by nodename 7@f87f0070ad7e
datanode_2  | 2022-12-06 15:26:45,884 [pool-23-thread-1] INFO storage.RaftStorageDirectory: Lock on /data/metadata/ratis/07671000-4263-4e65-a69d-fbdee4d5c11f/in_use.lock acquired by nodename 7@39daf4edc67d
scm_1       | /************************************************************
om_1        | 2022-12-06 15:26:47,900 [OMRangerBGSyncService#0] WARN service.OMRangerBGSyncService: OzoneManagerRatisServer is not initialized yet
recon_1     | 2022-12-06 15:27:12,880 [IPC Server handler 2 on default port 9891] INFO node.SCMNodeManager: Registered Data node : edc578e2-a6b9-4ce1-8aa3-e1cbe899d73a{ip: 172.18.0.10, host: ozonesecure_datanode_3.ozonesecure_default, ports: [REPLICATION=9886, RATIS=9858, RATIS_ADMIN=9857, RATIS_SERVER=9856, STANDALONE=9859], networkLocation: /default-rack, certSerialId: 310775960857, persistedOpState: null, persistedOpStateExpiryEpochSec: 0}
datanode_3  | 	at org.apache.hadoop.ozone.container.common.states.datanode.RunningDatanodeState.lambda$execute$0(RunningDatanodeState.java:157)
kdc_1       | Dec 06 15:50:40 kdc krb5kdc[7](info): TGS_REQ (6 etypes {aes256-cts-hmac-sha1-96(18), aes128-cts-hmac-sha1-96(17), aes256-cts-hmac-sha384-192(20), aes128-cts-hmac-sha256-128(19), DEPRECATED:des3-cbc-sha1(16), DEPRECATED:arcfour-hmac(23)}) 172.18.0.9: ISSUE: authtime 1670341818, etypes {rep=aes256-cts-hmac-sha1-96(18), tkt=aes256-cts-hmac-sha1-96(18), ses=aes256-cts-hmac-sha1-96(18)}, testuser/scm@EXAMPLE.COM for om/om@EXAMPLE.COM
datanode_1  | 2022-12-06 15:26:56,261 [pool-23-thread-1] INFO storage.RaftStorage: Storage directory /data/metadata/ratis/07671000-4263-4e65-a69d-fbdee4d5c11f has been successfully formatted.
datanode_2  | 2022-12-06 15:26:45,898 [pool-23-thread-1] INFO storage.RaftStorage: Storage directory /data/metadata/ratis/07671000-4263-4e65-a69d-fbdee4d5c11f has been successfully formatted.
scm_1       | STARTUP_MSG: Starting StorageContainerManager
om_1        | 2022-12-06 15:26:48,241 [main] INFO om.OzoneManager: Created Volume s3v With Owner om required for S3Gateway operations.
recon_1     | 2022-12-06 15:27:12,945 [EventQueue-PipelineReportForReconPipelineReportHandler] INFO pipeline.PipelineManagerImpl: Pipeline Pipeline[ Id: 93a18d2c-1e07-4ea9-8464-72c375ec6128, Nodes: c87aad47-ddb7-40cc-82ac-d14821c7062b{ip: 172.18.0.5, host: ozonesecure_datanode_1.ozonesecure_default, ports: [REPLICATION=9886, RATIS=9858, RATIS_ADMIN=9857, RATIS_SERVER=9856, STANDALONE=9859], networkLocation: /default-rack, certSerialId: null, persistedOpState: IN_SERVICE, persistedOpStateExpiryEpochSec: 0}, ReplicationConfig: RATIS/ONE, State:ALLOCATED, leaderId:c87aad47-ddb7-40cc-82ac-d14821c7062b, CreationTimestamp2022-12-06T15:26:41.094Z[UTC]] moved to OPEN state
recon_1     | 2022-12-06 15:27:12,947 [EventQueue-PipelineReportForReconPipelineReportHandler] INFO scm.ReconPipelineReportHandler: Pipeline RATIS/THREE PipelineID=07671000-4263-4e65-a69d-fbdee4d5c11f reported by c87aad47-ddb7-40cc-82ac-d14821c7062b{ip: 172.18.0.5, host: ozonesecure_datanode_1.ozonesecure_default, ports: [REPLICATION=9886, RATIS=9858, RATIS_ADMIN=9857, RATIS_SERVER=9856, STANDALONE=9859], networkLocation: /default-rack, certSerialId: 311496313516, persistedOpState: null, persistedOpStateExpiryEpochSec: 0}
kdc_1       | Dec 06 15:50:47 kdc krb5kdc[7](info): TGS_REQ (6 etypes {aes256-cts-hmac-sha1-96(18), aes128-cts-hmac-sha1-96(17), aes256-cts-hmac-sha384-192(20), aes128-cts-hmac-sha256-128(19), DEPRECATED:des3-cbc-sha1(16), DEPRECATED:arcfour-hmac(23)}) 172.18.0.9: ISSUE: authtime 1670341818, etypes {rep=aes256-cts-hmac-sha1-96(18), tkt=aes256-cts-hmac-sha1-96(18), ses=aes256-cts-hmac-sha1-96(18)}, testuser/scm@EXAMPLE.COM for om/om@EXAMPLE.COM
datanode_1  | 2022-12-06 15:26:56,305 [pool-23-thread-1] INFO ratis.ContainerStateMachine: group-FBDEE4D5C11F: The snapshot info is null. Setting the last applied indexto:(t:0, i:~)
datanode_2  | 2022-12-06 15:26:45,899 [pool-23-thread-1] INFO ratis.ContainerStateMachine: group-FBDEE4D5C11F: The snapshot info is null. Setting the last applied indexto:(t:0, i:~)
datanode_2  | 2022-12-06 15:26:45,900 [pool-23-thread-1] INFO server.RaftServerConfigKeys: raft.server.log.use.memory = false (default)
datanode_2  | 2022-12-06 15:26:45,902 [pool-23-thread-1] INFO server.RaftServerConfigKeys: raft.server.log.purge.gap = 1000000 (custom)
recon_1     | 2022-12-06 15:27:12,948 [EventQueue-PipelineReportForReconPipelineReportHandler] INFO scm.ReconPipelineReportHandler: Pipeline RATIS/ONE PipelineID=2e994a50-de40-4506-9e04-28c5a416345e reported by edc578e2-a6b9-4ce1-8aa3-e1cbe899d73a{ip: 172.18.0.10, host: ozonesecure_datanode_3.ozonesecure_default, ports: [REPLICATION=9886, RATIS=9858, RATIS_ADMIN=9857, RATIS_SERVER=9856, STANDALONE=9859], networkLocation: /default-rack, certSerialId: 310775960857, persistedOpState: null, persistedOpStateExpiryEpochSec: 0}
recon_1     | 2022-12-06 15:27:12,948 [EventQueue-PipelineReportForReconPipelineReportHandler] INFO pipeline.PipelineManagerImpl: Pipeline Pipeline[ Id: 2e994a50-de40-4506-9e04-28c5a416345e, Nodes: edc578e2-a6b9-4ce1-8aa3-e1cbe899d73a{ip: 172.18.0.10, host: ozonesecure_datanode_3.ozonesecure_default, ports: [REPLICATION=9886, RATIS=9858, RATIS_ADMIN=9857, RATIS_SERVER=9856, STANDALONE=9859], networkLocation: /default-rack, certSerialId: null, persistedOpState: IN_SERVICE, persistedOpStateExpiryEpochSec: 0}, ReplicationConfig: RATIS/ONE, State:ALLOCATED, leaderId:edc578e2-a6b9-4ce1-8aa3-e1cbe899d73a, CreationTimestamp2022-12-06T15:26:40.542Z[UTC]] moved to OPEN state
recon_1     | 2022-12-06 15:27:12,910 [EventQueue-NewNodeForReconNewNodeHandler] INFO scm.ReconNodeManager: Adding new node c87aad47-ddb7-40cc-82ac-d14821c7062b to Node DB.
kdc_1       | Dec 06 15:50:56 kdc krb5kdc[7](info): TGS_REQ (6 etypes {aes256-cts-hmac-sha1-96(18), aes128-cts-hmac-sha1-96(17), aes256-cts-hmac-sha384-192(20), aes128-cts-hmac-sha256-128(19), DEPRECATED:des3-cbc-sha1(16), DEPRECATED:arcfour-hmac(23)}) 172.18.0.9: ISSUE: authtime 1670341818, etypes {rep=aes256-cts-hmac-sha1-96(18), tkt=aes256-cts-hmac-sha1-96(18), ses=aes256-cts-hmac-sha1-96(18)}, testuser/scm@EXAMPLE.COM for om/om@EXAMPLE.COM
datanode_1  | 2022-12-06 15:26:56,366 [pool-23-thread-1] INFO server.RaftServerConfigKeys: raft.server.log.use.memory = false (default)
scm_1       | STARTUP_MSG:   host = scm/172.18.0.9
om_1        | 2022-12-06 15:26:48,368 [main] WARN server.ServerUtils: Storage directory for Ratis is not configured. It is a good idea to map this to an SSD disk. Falling back to ozone.metadata.dirs
datanode_3  | 	at java.base/java.util.concurrent.FutureTask.run(FutureTask.java:264)
kdc_1       | Dec 06 15:51:03 kdc krb5kdc[7](info): TGS_REQ (6 etypes {aes256-cts-hmac-sha1-96(18), aes128-cts-hmac-sha1-96(17), aes256-cts-hmac-sha384-192(20), aes128-cts-hmac-sha256-128(19), DEPRECATED:des3-cbc-sha1(16), DEPRECATED:arcfour-hmac(23)}) 172.18.0.9: ISSUE: authtime 1670341818, etypes {rep=aes256-cts-hmac-sha1-96(18), tkt=aes256-cts-hmac-sha1-96(18), ses=aes256-cts-hmac-sha1-96(18)}, testuser/scm@EXAMPLE.COM for om/om@EXAMPLE.COM
datanode_1  | 2022-12-06 15:26:56,419 [pool-23-thread-1] INFO server.RaftServerConfigKeys: raft.server.log.purge.gap = 1000000 (custom)
scm_1       | STARTUP_MSG:   args = []
recon_1     | 2022-12-06 15:27:12,971 [EventQueue-NewNodeForReconNewNodeHandler] INFO scm.ReconNodeManager: Adding new node edc578e2-a6b9-4ce1-8aa3-e1cbe899d73a to Node DB.
datanode_2  | 2022-12-06 15:26:45,902 [pool-23-thread-1] INFO server.RaftServerConfigKeys: raft.server.log.appender.buffer.byte-limit = 33554432 (custom)
om_1        | 2022-12-06 15:26:48,370 [main] WARN utils.OzoneManagerRatisUtils: ozone.om.ratis.snapshot.dir is not configured. Falling back to ozone.metadata.dirs config
datanode_3  | 	at java.base/java.util.concurrent.Executors$RunnableAdapter.call(Executors.java:515)
kdc_1       | Dec 06 15:51:10 kdc krb5kdc[7](info): TGS_REQ (6 etypes {aes256-cts-hmac-sha1-96(18), aes128-cts-hmac-sha1-96(17), aes256-cts-hmac-sha384-192(20), aes128-cts-hmac-sha256-128(19), DEPRECATED:des3-cbc-sha1(16), DEPRECATED:arcfour-hmac(23)}) 172.18.0.9: ISSUE: authtime 1670341818, etypes {rep=aes256-cts-hmac-sha1-96(18), tkt=aes256-cts-hmac-sha1-96(18), ses=aes256-cts-hmac-sha1-96(18)}, testuser/scm@EXAMPLE.COM for om/om@EXAMPLE.COM
datanode_1  | 2022-12-06 15:26:56,424 [pool-23-thread-1] INFO server.RaftServerConfigKeys: raft.server.log.appender.buffer.byte-limit = 33554432 (custom)
scm_1       | STARTUP_MSG:   version = 1.3.0-SNAPSHOT
recon_1     | 2022-12-06 15:27:12,966 [EventQueue-PipelineReportForReconPipelineReportHandler] INFO scm.ReconPipelineReportHandler: Pipeline RATIS/THREE PipelineID=07671000-4263-4e65-a69d-fbdee4d5c11f reported by edc578e2-a6b9-4ce1-8aa3-e1cbe899d73a{ip: 172.18.0.10, host: ozonesecure_datanode_3.ozonesecure_default, ports: [REPLICATION=9886, RATIS=9858, RATIS_ADMIN=9857, RATIS_SERVER=9856, STANDALONE=9859], networkLocation: /default-rack, certSerialId: 310775960857, persistedOpState: null, persistedOpStateExpiryEpochSec: 0}
recon_1     | 2022-12-06 15:27:18,145 [IPC Server handler 66 on default port 9891] INFO scm.ReconNodeManager: Sending ReregisterCommand() for ozonesecure_datanode_1.ozonesecure_default
datanode_2  | 2022-12-06 15:26:45,903 [pool-23-thread-1] INFO server.RaftServerConfigKeys: raft.server.log.statemachine.data.read.timeout = 1000ms (default)
om_1        | 2022-12-06 15:26:48,469 [main] INFO metrics.MetricRegistries: Loaded MetricRegistries class org.apache.ratis.metrics.impl.MetricRegistriesImpl
datanode_3  | 	at java.base/java.util.concurrent.FutureTask.run(FutureTask.java:264)
kdc_1       | Dec 06 15:51:23 kdc krb5kdc[7](info): TGS_REQ (6 etypes {aes256-cts-hmac-sha1-96(18), aes128-cts-hmac-sha1-96(17), aes256-cts-hmac-sha384-192(20), aes128-cts-hmac-sha256-128(19), DEPRECATED:des3-cbc-sha1(16), DEPRECATED:arcfour-hmac(23)}) 172.18.0.9: ISSUE: authtime 1670341818, etypes {rep=aes256-cts-hmac-sha1-96(18), tkt=aes256-cts-hmac-sha1-96(18), ses=aes256-cts-hmac-sha1-96(18)}, testuser/scm@EXAMPLE.COM for om/om@EXAMPLE.COM
datanode_1  | 2022-12-06 15:26:56,429 [pool-23-thread-1] INFO server.RaftServerConfigKeys: raft.server.log.statemachine.data.read.timeout = 1000ms (default)
scm_1       | STARTUP_MSG:   classpath = /etc/hadoop:/opt/hadoop/share/ozone/lib/kerb-simplekdc-1.0.1.jar:/opt/hadoop/share/ozone/lib/netty-transport-4.1.77.Final.jar:/opt/hadoop/share/ozone/lib/slf4j-reload4j-1.7.36.jar:/opt/hadoop/share/ozone/lib/protobuf-java-2.5.0.jar:/opt/hadoop/share/ozone/lib/jaxb-core-2.3.0.1.jar:/opt/hadoop/share/ozone/lib/istack-commons-runtime-3.0.5.jar:/opt/hadoop/share/ozone/lib/commons-validator-1.6.jar:/opt/hadoop/share/ozone/lib/bcpkix-jdk15on-1.67.jar:/opt/hadoop/share/ozone/lib/hdds-interface-admin-1.3.0-SNAPSHOT.jar:/opt/hadoop/share/ozone/lib/kerb-core-1.0.1.jar:/opt/hadoop/share/ozone/lib/hadoop-shaded-protobuf_3_7-1.1.1.jar:/opt/hadoop/share/ozone/lib/hdds-container-service-1.3.0-SNAPSHOT.jar:/opt/hadoop/share/ozone/lib/jsr305-3.0.0.jar:/opt/hadoop/share/ozone/lib/j2objc-annotations-1.3.jar:/opt/hadoop/share/ozone/lib/jetty-webapp-9.4.49.v20220914.jar:/opt/hadoop/share/ozone/lib/picocli-4.6.1.jar:/opt/hadoop/share/ozone/lib/javassist-3.21.0-GA.jar:/opt/hadoop/share/ozone/lib/jaxb-api-2.3.0.jar:/opt/hadoop/share/ozone/lib/commons-codec-1.15.jar:/opt/hadoop/share/ozone/lib/kerb-util-1.0.1.jar:/opt/hadoop/share/ozone/lib/hadoop-shaded-guava-1.1.1.jar:/opt/hadoop/share/ozone/lib/kotlin-stdlib-1.6.21.jar:/opt/hadoop/share/ozone/lib/log4j-core-2.17.1.jar:/opt/hadoop/share/ozone/lib/commons-logging-1.2.jar:/opt/hadoop/share/ozone/lib/ratis-thirdparty-misc-1.0.3.jar:/opt/hadoop/share/ozone/lib/jetty-security-9.4.49.v20220914.jar:/opt/hadoop/share/ozone/lib/accessors-smart-2.4.7.jar:/opt/hadoop/share/ozone/lib/kerby-xdr-1.0.1.jar:/opt/hadoop/share/ozone/lib/netty-handler-4.1.77.Final.jar:/opt/hadoop/share/ozone/lib/txw2-2.3.0.1.jar:/opt/hadoop/share/ozone/lib/httpcore-4.4.13.jar:/opt/hadoop/share/ozone/lib/guava-31.1-jre.jar:/opt/hadoop/share/ozone/lib/opentracing-tracerresolver-0.1.8.jar:/opt/hadoop/share/ozone/lib/commons-net-3.6.jar:/opt/hadoop/share/ozone/lib/ratis-grpc-2.4.2-8b8bdda-SNAPSHOT.jar:/opt/hadoop/share/ozone/lib/hadoop-auth-3.3.4.jar:/opt/hadoop/share/ozone/lib/libthrift-0.14.1.jar:/opt/hadoop/share/ozone/lib/stax-ex-1.7.8.jar:/opt/hadoop/share/ozone/lib/error_prone_annotations-2.2.0.jar:/opt/hadoop/share/ozone/lib/kotlin-stdlib-common-1.4.10.jar:/opt/hadoop/share/ozone/lib/httpclient-4.5.13.jar:/opt/hadoop/share/ozone/lib/ratis-proto-2.4.2-8b8bdda-SNAPSHOT.jar:/opt/hadoop/share/ozone/lib/jaeger-client-1.6.0.jar:/opt/hadoop/share/ozone/lib/kerby-config-1.0.1.jar:/opt/hadoop/share/ozone/lib/jackson-annotations-2.13.4.jar:/opt/hadoop/share/ozone/lib/commons-io-2.11.0.jar:/opt/hadoop/share/ozone/lib/metrics-core-3.2.4.jar:/opt/hadoop/share/ozone/lib/hadoop-annotations-3.3.4.jar:/opt/hadoop/share/ozone/lib/kerby-pkix-1.0.1.jar:/opt/hadoop/share/ozone/lib/jetty-util-9.4.49.v20220914.jar:/opt/hadoop/share/ozone/lib/json-smart-2.4.7.jar:/opt/hadoop/share/ozone/lib/hdds-interface-client-1.3.0-SNAPSHOT.jar:/opt/hadoop/share/ozone/lib/jetty-io-9.4.49.v20220914.jar:/opt/hadoop/share/ozone/lib/jsr311-api-1.1.1.jar:/opt/hadoop/share/ozone/lib/hdds-annotation-processing-1.3.0-SNAPSHOT.jar:/opt/hadoop/share/ozone/lib/jetty-server-9.4.49.v20220914.jar:/opt/hadoop/share/ozone/lib/commons-beanutils-1.9.4.jar:/opt/hadoop/share/ozone/lib/hdds-server-framework-1.3.0-SNAPSHOT.jar:/opt/hadoop/share/ozone/lib/javax.servlet-api-3.1.0.jar:/opt/hadoop/share/ozone/lib/kerb-server-1.0.1.jar:/opt/hadoop/share/ozone/lib/netty-resolver-4.1.77.Final.jar:/opt/hadoop/share/ozone/lib/hdds-common-1.3.0-SNAPSHOT.jar:/opt/hadoop/share/ozone/lib/kerb-client-1.0.1.jar:/opt/hadoop/share/ozone/lib/jetty-xml-9.4.49.v20220914.jar:/opt/hadoop/share/ozone/lib/hadoop-common-3.3.4.jar:/opt/hadoop/share/ozone/lib/disruptor-3.4.2.jar:/opt/hadoop/share/ozone/lib/reflections-0.9.11.jar:/opt/hadoop/share/ozone/lib/gson-2.9.0.jar:/opt/hadoop/share/ozone/lib/snakeyaml-1.33.jar:/opt/hadoop/share/ozone/lib/hdds-erasurecode-1.3.0-SNAPSHOT.jar:/opt/hadoop/share/ozone/lib/nimbus-jose-jwt-9.8.1.jar:/opt/hadoop/share/ozone/lib/hdds-interface-server-1.3.0-SNAPSHOT.jar:/opt/hadoop/share/ozone/lib/ratis-common-2.4.2-8b8bdda-SNAPSHOT.jar:/opt/hadoop/share/ozone/lib/annotations-13.0.jar:/opt/hadoop/share/ozone/lib/simpleclient_common-0.7.0.jar:/opt/hadoop/share/ozone/lib/jaeger-thrift-1.6.0.jar:/opt/hadoop/share/ozone/lib/dnsjava-2.1.7.jar:/opt/hadoop/share/ozone/lib/rocksdbjni-7.7.3.jar:/opt/hadoop/share/ozone/lib/bcprov-jdk15on-1.67.jar:/opt/hadoop/share/ozone/lib/commons-configuration2-2.1.1.jar:/opt/hadoop/share/ozone/lib/token-provider-1.0.1.jar:/opt/hadoop/share/ozone/lib/commons-daemon-1.0.13.jar:/opt/hadoop/share/ozone/lib/listenablefuture-9999.0-empty-to-avoid-conflict-with-guava.jar:/opt/hadoop/share/ozone/lib/jaeger-tracerresolver-1.6.0.jar:/opt/hadoop/share/ozone/lib/slf4j-api-1.7.36.jar:/opt/hadoop/share/ozone/lib/commons-lang3-3.7.jar:/opt/hadoop/share/ozone/lib/re2j-1.1.jar:/opt/hadoop/share/ozone/lib/jackson-datatype-jsr310-2.13.4.jar:/opt/hadoop/share/ozone/lib/simpleclient_dropwizard-0.7.0.jar:/opt/hadoop/share/ozone/lib/simpleclient-0.7.0.jar:/opt/hadoop/share/ozone/lib/ratis-metrics-2.4.2-8b8bdda-SNAPSHOT.jar:/opt/hadoop/share/ozone/lib/asm-5.0.4.jar:/opt/hadoop/share/ozone/lib/kerby-util-1.0.1.jar:/opt/hadoop/share/ozone/lib/netty-codec-4.1.77.Final.jar:/opt/hadoop/share/ozone/lib/failureaccess-1.0.1.jar:/opt/hadoop/share/ozone/lib/jackson-databind-2.13.4.2.jar:/opt/hadoop/share/ozone/lib/okio-2.8.0.jar:/opt/hadoop/share/ozone/lib/jetty-servlet-9.4.49.v20220914.jar:/opt/hadoop/share/ozone/lib/hdds-config-1.3.0-SNAPSHOT.jar:/opt/hadoop/share/ozone/lib/jsp-api-2.1.jar:/opt/hadoop/share/ozone/lib/jsch-0.1.54.jar:/opt/hadoop/share/ozone/lib/jakarta.activation-api-1.2.1.jar:/opt/hadoop/share/ozone/lib/reload4j-1.2.22.jar:/opt/hadoop/share/ozone/lib/woodstox-core-5.4.0.jar:/opt/hadoop/share/ozone/lib/commons-pool2-2.6.0.jar:/opt/hadoop/share/ozone/lib/opentracing-api-0.33.0.jar:/opt/hadoop/share/ozone/lib/jcip-annotations-1.0-1.jar:/opt/hadoop/share/ozone/lib/kerb-admin-1.0.1.jar:/opt/hadoop/share/ozone/lib/jetty-util-ajax-9.4.49.v20220914.jar:/opt/hadoop/share/ozone/lib/netty-buffer-4.1.77.Final.jar:/opt/hadoop/share/ozone/lib/opentracing-noop-0.33.0.jar:/opt/hadoop/share/ozone/lib/hadoop-hdfs-client-3.3.4.jar:/opt/hadoop/share/ozone/lib/jersey-core-1.19.jar:/opt/hadoop/share/ozone/lib/commons-compress-1.21.jar:/opt/hadoop/share/ozone/lib/jaxb-runtime-2.3.0.1.jar:/opt/hadoop/share/ozone/lib/hadoop-hdfs-3.3.4.jar:/opt/hadoop/share/ozone/lib/jackson-core-2.13.4.jar:/opt/hadoop/share/ozone/lib/opentracing-util-0.33.0.jar:/opt/hadoop/share/ozone/lib/hdds-client-1.3.0-SNAPSHOT.jar:/opt/hadoop/share/ozone/lib/stax2-api-4.2.1.jar:/opt/hadoop/share/ozone/lib/hdds-hadoop-dependency-client-1.3.0-SNAPSHOT.jar:/opt/hadoop/share/ozone/lib/snappy-java-1.1.8.2.jar:/opt/hadoop/share/ozone/lib/ratis-netty-2.4.2-8b8bdda-SNAPSHOT.jar:/opt/hadoop/share/ozone/lib/commons-cli-1.2.jar:/opt/hadoop/share/ozone/lib/log4j-api-2.17.1.jar:/opt/hadoop/share/ozone/lib/javax.annotation-api-1.2.jar:/opt/hadoop/share/ozone/lib/ratis-server-api-2.4.2-8b8bdda-SNAPSHOT.jar:/opt/hadoop/share/ozone/lib/kerby-asn1-1.0.1.jar:/opt/hadoop/share/ozone/lib/okhttp-4.9.3.jar:/opt/hadoop/share/ozone/lib/checker-qual-3.12.0.jar:/opt/hadoop/share/ozone/lib/commons-digester-1.8.1.jar:/opt/hadoop/share/ozone/lib/commons-collections-3.2.2.jar:/opt/hadoop/share/ozone/lib/jaeger-core-1.6.0.jar:/opt/hadoop/share/ozone/lib/ratis-client-2.4.2-8b8bdda-SNAPSHOT.jar:/opt/hadoop/share/ozone/lib/commons-text-1.4.jar:/opt/hadoop/share/ozone/lib/jersey-servlet-1.19.jar:/opt/hadoop/share/ozone/lib/ratis-server-2.4.2-8b8bdda-SNAPSHOT.jar:/opt/hadoop/share/ozone/lib/jetty-http-9.4.49.v20220914.jar:/opt/hadoop/share/ozone/lib/kerb-identity-1.0.1.jar:/opt/hadoop/share/ozone/lib/FastInfoset-1.2.13.jar:/opt/hadoop/share/ozone/lib/kerb-common-1.0.1.jar:/opt/hadoop/share/ozone/lib/jersey-server-1.19.jar:/opt/hadoop/share/ozone/lib/hdds-hadoop-dependency-server-1.3.0-SNAPSHOT.jar:/opt/hadoop/share/ozone/lib/kerb-crypto-1.0.1.jar:/opt/hadoop/share/ozone/lib/netty-common-4.1.77.Final.jar:/opt/hadoop/share/ozone/web:/opt/hadoop/share/ozone/lib/hdds-server-scm-1.3.0-SNAPSHOT.jar
datanode_2  | 2022-12-06 15:26:45,906 [pool-23-thread-1] INFO server.RaftServerConfigKeys: raft.server.log.purge.preservation.log.num = 0 (default)
recon_1     | 2022-12-06 15:27:18,145 [EventQueue-PipelineReportForReconPipelineReportHandler] INFO scm.ReconPipelineReportHandler: Pipeline RATIS/THREE PipelineID=07671000-4263-4e65-a69d-fbdee4d5c11f reported by c87aad47-ddb7-40cc-82ac-d14821c7062b{ip: 172.18.0.5, host: ozonesecure_datanode_1.ozonesecure_default, ports: [REPLICATION=9886, RATIS=9858, RATIS_ADMIN=9857, RATIS_SERVER=9856, STANDALONE=9859], networkLocation: /default-rack, certSerialId: 311496313516, persistedOpState: null, persistedOpStateExpiryEpochSec: 0}
om_1        | 2022-12-06 15:26:48,551 [main] WARN server.ServerUtils: Storage directory for Ratis is not configured. It is a good idea to map this to an SSD disk. Falling back to ozone.metadata.dirs
om_1        | 2022-12-06 15:26:48,757 [main] INFO ratis.OzoneManagerRatisServer: Instantiating OM Ratis server with groupID: omServiceIdDefault and peers: om:9872
kdc_1       | Dec 06 15:51:24 kdc krb5kdc[7](info): AS_REQ (8 etypes {aes256-cts-hmac-sha1-96(18), aes128-cts-hmac-sha1-96(17), aes256-cts-hmac-sha384-192(20), aes128-cts-hmac-sha256-128(19), DEPRECATED:des3-cbc-sha1(16), DEPRECATED:arcfour-hmac(23), camellia128-cts-cmac(25), camellia256-cts-cmac(26)}) 172.18.0.9: ISSUE: authtime 1670341884, etypes {rep=aes256-cts-hmac-sha1-96(18), tkt=aes256-cts-hmac-sha1-96(18), ses=aes256-cts-hmac-sha1-96(18)}, testuser/scm@EXAMPLE.COM for krbtgt/EXAMPLE.COM@EXAMPLE.COM
datanode_1  | 2022-12-06 15:26:56,433 [pool-23-thread-1] INFO server.RaftServerConfigKeys: raft.server.log.purge.preservation.log.num = 0 (default)
datanode_1  | 2022-12-06 15:26:56,443 [pool-23-thread-1] INFO server.RaftServerConfigKeys: raft.server.log.segment.size.max = 1048576 (custom)
scm_1       | STARTUP_MSG:   build = https://github.com/apache/ozone/721b02593be08608b16d76dde877b7abc483f029 ; compiled by 'runner' on 2022-12-06T15:06Z
datanode_2  | 2022-12-06 15:26:45,908 [pool-23-thread-1] INFO server.RaftServerConfigKeys: raft.server.log.segment.size.max = 1048576 (custom)
datanode_2  | 2022-12-06 15:26:45,910 [pool-23-thread-1] INFO server.RaftServerConfigKeys: raft.server.log.segment.cache.num.max = 2 (custom)
om_1        | 2022-12-06 15:26:48,847 [main] INFO ratis.OzoneManagerStateMachine: LastAppliedIndex is set from TransactionInfo from OM DB as (t:0, i:~)
datanode_3  | 	at java.base/java.util.concurrent.ThreadPoolExecutor.runWorker(ThreadPoolExecutor.java:1128)
kdc_1       | Dec 06 15:51:31 kdc krb5kdc[7](info): TGS_REQ (6 etypes {aes256-cts-hmac-sha1-96(18), aes128-cts-hmac-sha1-96(17), aes256-cts-hmac-sha384-192(20), aes128-cts-hmac-sha256-128(19), DEPRECATED:des3-cbc-sha1(16), DEPRECATED:arcfour-hmac(23)}) 172.18.0.9: ISSUE: authtime 1670341884, etypes {rep=aes256-cts-hmac-sha1-96(18), tkt=aes256-cts-hmac-sha1-96(18), ses=aes256-cts-hmac-sha1-96(18)}, testuser/scm@EXAMPLE.COM for om/om@EXAMPLE.COM
datanode_1  | 2022-12-06 15:26:56,493 [pool-23-thread-1] INFO server.RaftServerConfigKeys: raft.server.log.segment.cache.num.max = 2 (custom)
datanode_1  | 2022-12-06 15:26:56,497 [pool-23-thread-1] INFO server.RaftServerConfigKeys: raft.server.log.segment.cache.size.max = 200MB (=209715200) (default)
recon_1     | 2022-12-06 15:27:18,217 [IPC Server handler 86 on default port 9891] INFO scm.ReconNodeManager: Sending ReregisterCommand() for ozonesecure_datanode_3.ozonesecure_default
om_1        | 2022-12-06 15:26:49,274 [main] INFO server.RaftServer: raft.rpc.type = GRPC (default)
datanode_2  | 2022-12-06 15:26:45,912 [pool-23-thread-1] INFO server.RaftServerConfigKeys: raft.server.log.segment.cache.size.max = 200MB (=209715200) (default)
datanode_3  | 	at java.base/java.util.concurrent.ThreadPoolExecutor$Worker.run(ThreadPoolExecutor.java:628)
datanode_3  | 	... 1 more
datanode_1  | 2022-12-06 15:26:56,579 [pool-23-thread-1] INFO segmented.SegmentedRaftLogWorker: new c87aad47-ddb7-40cc-82ac-d14821c7062b@group-FBDEE4D5C11F-SegmentedRaftLogWorker for RaftStorageImpl:Storage Directory /data/metadata/ratis/07671000-4263-4e65-a69d-fbdee4d5c11f
scm_1       | STARTUP_MSG:   java = 11.0.14.1
scm_1       | ************************************************************/
scm_1       | 2022-12-06 15:25:49,179 [main] INFO server.StorageContainerManagerStarter: registered UNIX signal handlers for [TERM, HUP, INT]
recon_1     | 2022-12-06 15:27:18,219 [EventQueue-PipelineReportForReconPipelineReportHandler] INFO scm.ReconPipelineReportHandler: Pipeline RATIS/THREE PipelineID=07671000-4263-4e65-a69d-fbdee4d5c11f reported by edc578e2-a6b9-4ce1-8aa3-e1cbe899d73a{ip: 172.18.0.10, host: ozonesecure_datanode_3.ozonesecure_default, ports: [REPLICATION=9886, RATIS=9858, RATIS_ADMIN=9857, RATIS_SERVER=9856, STANDALONE=9859], networkLocation: /default-rack, certSerialId: 310775960857, persistedOpState: null, persistedOpStateExpiryEpochSec: 0}
datanode_3  | 2022-12-06 15:26:47,748 [EndpointStateMachine task thread for recon/172.18.0.6:9891 - 0 ] WARN statemachine.EndpointStateMachine: Unable to communicate to Recon server at recon:9891 for past 0 seconds.
kdc_1       | Dec 06 15:51:40 kdc krb5kdc[7](info): TGS_REQ (6 etypes {aes256-cts-hmac-sha1-96(18), aes128-cts-hmac-sha1-96(17), aes256-cts-hmac-sha384-192(20), aes128-cts-hmac-sha256-128(19), DEPRECATED:des3-cbc-sha1(16), DEPRECATED:arcfour-hmac(23)}) 172.18.0.9: ISSUE: authtime 1670341884, etypes {rep=aes256-cts-hmac-sha1-96(18), tkt=aes256-cts-hmac-sha1-96(18), ses=aes256-cts-hmac-sha1-96(18)}, testuser/scm@EXAMPLE.COM for om/om@EXAMPLE.COM
datanode_1  | 2022-12-06 15:26:56,582 [pool-23-thread-1] INFO server.RaftServerConfigKeys: raft.server.log.queue.byte-limit = 4294967296 (custom)
scm_1       | 2022-12-06 15:25:49,307 [main] WARN server.ServerUtils: ozone.scm.db.dirs is not configured. We recommend adding this setting. Falling back to ozone.metadata.dirs instead.
scm_1       | 2022-12-06 15:25:49,356 [main] INFO ha.SCMHANodeDetails: ServiceID for StorageContainerManager is null
datanode_2  | 2022-12-06 15:26:45,913 [pool-23-thread-1] INFO segmented.SegmentedRaftLogWorker: new fb9bc14a-214f-4b98-ac16-78df9cbc03b9@group-FBDEE4D5C11F-SegmentedRaftLogWorker for RaftStorageImpl:Storage Directory /data/metadata/ratis/07671000-4263-4e65-a69d-fbdee4d5c11f
recon_1     | 2022-12-06 15:27:19,651 [pool-29-thread-1] INFO impl.OzoneManagerServiceProviderImpl: Syncing data from Ozone Manager.
datanode_3  | java.io.IOException: DestHost:destPort recon:9891 , LocalHost:localPort ba0127e79741/172.18.0.10:0. Failed on local exception: java.io.IOException: java.net.SocketTimeoutException: 5000 millis timeout while waiting for channel to be ready for read. ch : java.nio.channels.SocketChannel[connected local=/172.18.0.10:41780 remote=recon/172.18.0.6:9891]
kdc_1       | Dec 06 15:51:47 kdc krb5kdc[7](info): TGS_REQ (6 etypes {aes256-cts-hmac-sha1-96(18), aes128-cts-hmac-sha1-96(17), aes256-cts-hmac-sha384-192(20), aes128-cts-hmac-sha256-128(19), DEPRECATED:des3-cbc-sha1(16), DEPRECATED:arcfour-hmac(23)}) 172.18.0.9: ISSUE: authtime 1670341884, etypes {rep=aes256-cts-hmac-sha1-96(18), tkt=aes256-cts-hmac-sha1-96(18), ses=aes256-cts-hmac-sha1-96(18)}, testuser/scm@EXAMPLE.COM for om/om@EXAMPLE.COM
datanode_1  | 2022-12-06 15:26:56,582 [pool-23-thread-1] INFO server.RaftServerConfigKeys: raft.server.log.queue.element-limit = 1024 (custom)
scm_1       | 2022-12-06 15:25:49,372 [main] INFO ha.SCMHANodeDetails: ozone.scm.default.service.id is not defined, falling back to ozone.scm.service.ids to find serviceID for StorageContainerManager if it is HA enabled cluster
om_1        | 2022-12-06 15:26:49,752 [main] INFO grpc.GrpcConfigKeys: raft.grpc.admin.host = null (fallback to raft.grpc.server.host)
datanode_2  | 2022-12-06 15:26:45,913 [pool-23-thread-1] INFO server.RaftServerConfigKeys: raft.server.log.queue.byte-limit = 4294967296 (custom)
recon_1     | 2022-12-06 15:27:19,651 [pool-29-thread-1] INFO impl.OzoneManagerServiceProviderImpl: Obtaining full snapshot from Ozone Manager
recon_1     | 2022-12-06 15:27:19,934 [IPC Server handler 3 on default port 9891] INFO scm.ReconNodeManager: Updating nodeDB for ozonesecure_datanode_3.ozonesecure_default
kdc_1       | Dec 06 15:51:56 kdc krb5kdc[7](info): TGS_REQ (6 etypes {aes256-cts-hmac-sha1-96(18), aes128-cts-hmac-sha1-96(17), aes256-cts-hmac-sha384-192(20), aes128-cts-hmac-sha256-128(19), DEPRECATED:des3-cbc-sha1(16), DEPRECATED:arcfour-hmac(23)}) 172.18.0.9: ISSUE: authtime 1670341884, etypes {rep=aes256-cts-hmac-sha1-96(18), tkt=aes256-cts-hmac-sha1-96(18), ses=aes256-cts-hmac-sha1-96(18)}, testuser/scm@EXAMPLE.COM for om/om@EXAMPLE.COM
datanode_1  | 2022-12-06 15:26:56,595 [pool-23-thread-1] INFO server.RaftServerConfigKeys: raft.server.log.segment.size.max = 1048576 (custom)
datanode_1  | 2022-12-06 15:26:56,600 [pool-23-thread-1] INFO server.RaftServerConfigKeys: raft.server.log.preallocated.size = 16384 (custom)
scm_1       | 2022-12-06 15:25:50,263 [main] INFO client.SCMCertificateClient: Loading certificate from location:/data/metadata/scm/sub-ca/certs.
datanode_2  | 2022-12-06 15:26:45,914 [pool-23-thread-1] INFO server.RaftServerConfigKeys: raft.server.log.queue.element-limit = 1024 (custom)
datanode_3  | 	at java.base/jdk.internal.reflect.NativeConstructorAccessorImpl.newInstance0(Native Method)
recon_1     | 2022-12-06 15:27:19,940 [EventQueue-PipelineReportForReconPipelineReportHandler] INFO scm.ReconPipelineReportHandler: Pipeline RATIS/THREE PipelineID=07671000-4263-4e65-a69d-fbdee4d5c11f reported by edc578e2-a6b9-4ce1-8aa3-e1cbe899d73a{ip: 172.18.0.10, host: ozonesecure_datanode_3.ozonesecure_default, ports: [REPLICATION=9886, RATIS=9858, RATIS_ADMIN=9857, RATIS_SERVER=9856, STANDALONE=9859], networkLocation: /default-rack, certSerialId: 310775960857, persistedOpState: null, persistedOpStateExpiryEpochSec: 0}
kdc_1       | Dec 06 15:52:03 kdc krb5kdc[7](info): TGS_REQ (6 etypes {aes256-cts-hmac-sha1-96(18), aes128-cts-hmac-sha1-96(17), aes256-cts-hmac-sha384-192(20), aes128-cts-hmac-sha256-128(19), DEPRECATED:des3-cbc-sha1(16), DEPRECATED:arcfour-hmac(23)}) 172.18.0.9: ISSUE: authtime 1670341884, etypes {rep=aes256-cts-hmac-sha1-96(18), tkt=aes256-cts-hmac-sha1-96(18), ses=aes256-cts-hmac-sha1-96(18)}, testuser/scm@EXAMPLE.COM for om/om@EXAMPLE.COM
datanode_1  | 2022-12-06 15:26:56,602 [pool-23-thread-1] INFO server.RaftServerConfigKeys: raft.server.log.force.sync.num = 128 (default)
om_1        | 2022-12-06 15:26:49,761 [main] INFO grpc.GrpcConfigKeys: raft.grpc.admin.port = 9872 (fallback to raft.grpc.server.port)
scm_1       | 2022-12-06 15:25:50,405 [main] INFO client.SCMCertificateClient: Added certificate from file:/data/metadata/scm/sub-ca/certs/CA-1.crt.
datanode_2  | 2022-12-06 15:26:45,914 [pool-23-thread-1] INFO server.RaftServerConfigKeys: raft.server.log.segment.size.max = 1048576 (custom)
datanode_3  | 	at java.base/jdk.internal.reflect.NativeConstructorAccessorImpl.newInstance(NativeConstructorAccessorImpl.java:62)
datanode_3  | 	at java.base/jdk.internal.reflect.DelegatingConstructorAccessorImpl.newInstance(DelegatingConstructorAccessorImpl.java:45)
datanode_3  | 	at java.base/java.lang.reflect.Constructor.newInstance(Constructor.java:490)
kdc_1       | Dec 06 15:52:11 kdc krb5kdc[7](info): TGS_REQ (6 etypes {aes256-cts-hmac-sha1-96(18), aes128-cts-hmac-sha1-96(17), aes256-cts-hmac-sha384-192(20), aes128-cts-hmac-sha256-128(19), DEPRECATED:des3-cbc-sha1(16), DEPRECATED:arcfour-hmac(23)}) 172.18.0.9: ISSUE: authtime 1670341884, etypes {rep=aes256-cts-hmac-sha1-96(18), tkt=aes256-cts-hmac-sha1-96(18), ses=aes256-cts-hmac-sha1-96(18)}, testuser/scm@EXAMPLE.COM for om/om@EXAMPLE.COM
datanode_1  | 2022-12-06 15:26:56,606 [pool-23-thread-1] INFO server.RaftServerConfigKeys: raft.server.log.statemachine.data.sync = true (default)
datanode_1  | 2022-12-06 15:26:56,611 [pool-23-thread-1] INFO server.RaftServerConfigKeys: raft.server.log.statemachine.data.sync.timeout = 10s (default)
datanode_1  | 2022-12-06 15:26:56,611 [pool-23-thread-1] INFO server.RaftServerConfigKeys: raft.server.log.statemachine.data.sync.timeout.retry = -1 (default)
scm_1       | 2022-12-06 15:25:50,410 [main] INFO client.SCMCertificateClient: Added certificate from file:/data/metadata/scm/sub-ca/certs/286929710728.crt.
recon_1     | 2022-12-06 15:27:20,915 [Socket Reader #1 for port 9891] INFO ipc.Server: Auth successful for dn/dn@EXAMPLE.COM (auth:KERBEROS) from 172.18.0.4:42180
kdc_1       | Dec 06 15:52:19 kdc krb5kdc[7](info): TGS_REQ (6 etypes {aes256-cts-hmac-sha1-96(18), aes128-cts-hmac-sha1-96(17), aes256-cts-hmac-sha384-192(20), aes128-cts-hmac-sha256-128(19), DEPRECATED:des3-cbc-sha1(16), DEPRECATED:arcfour-hmac(23)}) 172.18.0.9: ISSUE: authtime 1670341884, etypes {rep=aes256-cts-hmac-sha1-96(18), tkt=aes256-cts-hmac-sha1-96(18), ses=aes256-cts-hmac-sha1-96(18)}, testuser/scm@EXAMPLE.COM for om/om@EXAMPLE.COM
datanode_3  | 	at org.apache.hadoop.net.NetUtils.wrapWithMessage(NetUtils.java:913)
datanode_1  | 2022-12-06 15:26:56,740 [pool-23-thread-1] INFO server.RaftServerConfigKeys: raft.server.log.write.buffer.size = 1048576 (custom)
om_1        | 2022-12-06 15:26:49,766 [main] INFO grpc.GrpcConfigKeys: raft.grpc.client.host = null (fallback to raft.grpc.server.host)
datanode_2  | 2022-12-06 15:26:45,914 [pool-23-thread-1] INFO server.RaftServerConfigKeys: raft.server.log.preallocated.size = 16384 (custom)
scm_1       | 2022-12-06 15:25:50,415 [main] INFO client.SCMCertificateClient: Added certificate from file:/data/metadata/scm/sub-ca/certs/certificate.crt.
recon_1     | 2022-12-06 15:27:20,967 [Socket Reader #1 for port 9891] INFO authorize.ServiceAuthorizationManager: Authorization successful for dn/dn@EXAMPLE.COM (auth:KERBEROS) for protocol=interface org.apache.hadoop.ozone.protocol.ReconDatanodeProtocol
recon_1     | 2022-12-06 15:27:20,981 [IPC Server handler 38 on default port 9891] INFO net.NetworkTopologyImpl: Added a new node: /default-rack/fb9bc14a-214f-4b98-ac16-78df9cbc03b9
kdc_1       | Dec 06 15:52:26 kdc krb5kdc[7](info): TGS_REQ (6 etypes {aes256-cts-hmac-sha1-96(18), aes128-cts-hmac-sha1-96(17), aes256-cts-hmac-sha384-192(20), aes128-cts-hmac-sha256-128(19), DEPRECATED:des3-cbc-sha1(16), DEPRECATED:arcfour-hmac(23)}) 172.18.0.9: ISSUE: authtime 1670341884, etypes {rep=aes256-cts-hmac-sha1-96(18), tkt=aes256-cts-hmac-sha1-96(18), ses=aes256-cts-hmac-sha1-96(18)}, testuser/scm@EXAMPLE.COM for om/om@EXAMPLE.COM
datanode_3  | 	at org.apache.hadoop.net.NetUtils.wrapException(NetUtils.java:888)
datanode_1  | 2022-12-06 15:26:56,762 [pool-23-thread-1] INFO server.RaftServerConfigKeys: raft.server.log.appender.buffer.byte-limit = 33554432 (custom)
om_1        | 2022-12-06 15:26:49,770 [main] INFO grpc.GrpcConfigKeys: raft.grpc.client.port = 9872 (fallback to raft.grpc.server.port)
datanode_2  | 2022-12-06 15:26:45,914 [pool-23-thread-1] INFO server.RaftServerConfigKeys: raft.server.log.force.sync.num = 128 (default)
scm_1       | 2022-12-06 15:25:50,653 [main] INFO security.UserGroupInformation: Login successful for user scm/scm@EXAMPLE.COM using keytab file scm.keytab. Keytab auto renewal enabled : false
recon_1     | 2022-12-06 15:27:20,984 [IPC Server handler 38 on default port 9891] INFO node.SCMNodeManager: Registered Data node : fb9bc14a-214f-4b98-ac16-78df9cbc03b9{ip: 172.18.0.4, host: ozonesecure_datanode_2.ozonesecure_default, ports: [REPLICATION=9886, RATIS=9858, RATIS_ADMIN=9857, RATIS_SERVER=9856, STANDALONE=9859], networkLocation: /default-rack, certSerialId: 311990840089, persistedOpState: null, persistedOpStateExpiryEpochSec: 0}
kdc_1       | Dec 06 15:52:34 kdc krb5kdc[7](info): TGS_REQ (6 etypes {aes256-cts-hmac-sha1-96(18), aes128-cts-hmac-sha1-96(17), aes256-cts-hmac-sha384-192(20), aes128-cts-hmac-sha256-128(19), DEPRECATED:des3-cbc-sha1(16), DEPRECATED:arcfour-hmac(23)}) 172.18.0.9: ISSUE: authtime 1670341884, etypes {rep=aes256-cts-hmac-sha1-96(18), tkt=aes256-cts-hmac-sha1-96(18), ses=aes256-cts-hmac-sha1-96(18)}, testuser/scm@EXAMPLE.COM for om/om@EXAMPLE.COM
kdc_1       | Dec 06 15:52:42 kdc krb5kdc[7](info): TGS_REQ (6 etypes {aes256-cts-hmac-sha1-96(18), aes128-cts-hmac-sha1-96(17), aes256-cts-hmac-sha384-192(20), aes128-cts-hmac-sha256-128(19), DEPRECATED:des3-cbc-sha1(16), DEPRECATED:arcfour-hmac(23)}) 172.18.0.9: ISSUE: authtime 1670341884, etypes {rep=aes256-cts-hmac-sha1-96(18), tkt=aes256-cts-hmac-sha1-96(18), ses=aes256-cts-hmac-sha1-96(18)}, testuser/scm@EXAMPLE.COM for om/om@EXAMPLE.COM
datanode_1  | 2022-12-06 15:26:56,859 [pool-23-thread-1] INFO server.RaftServerConfigKeys: raft.server.log.unsafe-flush.enabled = false (default)
datanode_3  | 	at org.apache.hadoop.ipc.Client.getRpcResponse(Client.java:1616)
datanode_2  | 2022-12-06 15:26:45,915 [pool-23-thread-1] INFO server.RaftServerConfigKeys: raft.server.log.statemachine.data.sync = true (default)
scm_1       | 2022-12-06 15:25:50,653 [main] INFO server.StorageContainerManager: SCM login successful.
recon_1     | 2022-12-06 15:27:20,986 [EventQueue-PipelineReportForReconPipelineReportHandler] INFO scm.ReconPipelineReportHandler: Pipeline RATIS/THREE PipelineID=07671000-4263-4e65-a69d-fbdee4d5c11f reported by fb9bc14a-214f-4b98-ac16-78df9cbc03b9{ip: 172.18.0.4, host: ozonesecure_datanode_2.ozonesecure_default, ports: [REPLICATION=9886, RATIS=9858, RATIS_ADMIN=9857, RATIS_SERVER=9856, STANDALONE=9859], networkLocation: /default-rack, certSerialId: 311990840089, persistedOpState: null, persistedOpStateExpiryEpochSec: 0}
datanode_1  | 2022-12-06 15:26:56,859 [pool-23-thread-1] INFO server.RaftServerConfigKeys: raft.server.log.async-flush.enabled = false (default)
om_1        | 2022-12-06 15:26:49,772 [main] INFO grpc.GrpcConfigKeys: raft.grpc.server.host = null (default)
kdc_1       | Dec 06 15:52:51 kdc krb5kdc[7](info): TGS_REQ (6 etypes {aes256-cts-hmac-sha1-96(18), aes128-cts-hmac-sha1-96(17), aes256-cts-hmac-sha384-192(20), aes128-cts-hmac-sha256-128(19), DEPRECATED:des3-cbc-sha1(16), DEPRECATED:arcfour-hmac(23)}) 172.18.0.9: ISSUE: authtime 1670341884, etypes {rep=aes256-cts-hmac-sha1-96(18), tkt=aes256-cts-hmac-sha1-96(18), ses=aes256-cts-hmac-sha1-96(18)}, testuser/scm@EXAMPLE.COM for om/om@EXAMPLE.COM
datanode_3  | 	at org.apache.hadoop.ipc.Client.call(Client.java:1558)
datanode_2  | 2022-12-06 15:26:45,918 [pool-23-thread-1] INFO server.RaftServerConfigKeys: raft.server.log.statemachine.data.sync.timeout = 10s (default)
recon_1     | 2022-12-06 15:27:20,986 [EventQueue-PipelineReportForReconPipelineReportHandler] INFO pipeline.PipelineManagerImpl: Pipeline Pipeline[ Id: 07671000-4263-4e65-a69d-fbdee4d5c11f, Nodes: edc578e2-a6b9-4ce1-8aa3-e1cbe899d73a{ip: 172.18.0.10, host: ozonesecure_datanode_3.ozonesecure_default, ports: [REPLICATION=9886, RATIS=9858, RATIS_ADMIN=9857, RATIS_SERVER=9856, STANDALONE=9859], networkLocation: /default-rack, certSerialId: null, persistedOpState: IN_SERVICE, persistedOpStateExpiryEpochSec: 0}fb9bc14a-214f-4b98-ac16-78df9cbc03b9{ip: 172.18.0.4, host: ozonesecure_datanode_2.ozonesecure_default, ports: [REPLICATION=9886, RATIS=9858, RATIS_ADMIN=9857, RATIS_SERVER=9856, STANDALONE=9859], networkLocation: /default-rack, certSerialId: null, persistedOpState: IN_SERVICE, persistedOpStateExpiryEpochSec: 0}c87aad47-ddb7-40cc-82ac-d14821c7062b{ip: 172.18.0.5, host: ozonesecure_datanode_1.ozonesecure_default, ports: [REPLICATION=9886, RATIS=9858, RATIS_ADMIN=9857, RATIS_SERVER=9856, STANDALONE=9859], networkLocation: /default-rack, certSerialId: null, persistedOpState: IN_SERVICE, persistedOpStateExpiryEpochSec: 0}, ReplicationConfig: RATIS/THREE, State:ALLOCATED, leaderId:edc578e2-a6b9-4ce1-8aa3-e1cbe899d73a, CreationTimestamp2022-12-06T15:26:41.719Z[UTC]] moved to OPEN state
scm_1       | 2022-12-06 15:25:50,689 [main] WARN utils.HAUtils: ozone.scm.db.dirs is not configured. We recommend adding this setting. Falling back to ozone.metadata.dirs instead.
datanode_1  | 2022-12-06 15:26:56,865 [pool-23-thread-1] INFO server.RaftServerConfigKeys: raft.server.log.statemachine.data.caching.enabled = true (custom)
om_1        | 2022-12-06 15:26:49,772 [main] INFO grpc.GrpcConfigKeys: raft.grpc.server.port = 9872 (custom)
