datanode_2  | 2022-12-06 15:26:34,914 [main] INFO impl.MetricsSystemImpl: Registered sink prometheus
datanode_2  | 2022-12-06 15:26:34,917 [main] INFO http.BaseHttpServer: HTTP server of hddsDatanode listening at http://0.0.0.0:9882
datanode_2  | 2022-12-06 15:26:34,959 [Datanode State Machine Daemon Thread] INFO statemachine.DatanodeStateMachine: Ozone container server started.
datanode_1  | 	... 1 more
datanode_1  | 2022-12-06 15:26:41,678 [EndpointStateMachine task thread for recon/172.18.0.6:9891 - 0 ] INFO ipc.Client: Retrying connect to server: recon/172.18.0.6:9891. Already tried 5 time(s); retry policy is RetryUpToMaximumCountWithFixedSleep(maxRetries=15, sleepTime=1000 MILLISECONDS)
datanode_1  | 2022-12-06 15:26:42,679 [EndpointStateMachine task thread for recon/172.18.0.6:9891 - 0 ] INFO ipc.Client: Retrying connect to server: recon/172.18.0.6:9891. Already tried 6 time(s); retry policy is RetryUpToMaximumCountWithFixedSleep(maxRetries=15, sleepTime=1000 MILLISECONDS)
datanode_1  | 2022-12-06 15:26:43,495 [Datanode State Machine Daemon Thread] ERROR datanode.RunningDatanodeState: Error in executing end point task.
datanode_1  | java.util.concurrent.ExecutionException: java.util.concurrent.TimeoutException
datanode_1  | 	at java.base/java.util.concurrent.FutureTask.report(FutureTask.java:122)
om_1        | 2022-12-06 15:25:58,957 [main] INFO retry.RetryInvocationHandler: com.google.protobuf.ServiceException: org.apache.hadoop.ipc.RemoteException(org.apache.hadoop.hdds.ratis.ServerNotLeaderException): Server:3ef79d7a-f482-463c-9517-09ac3e349984 is not the leader. Could not determine the leader node.
s3g_1       | 2022-12-06 15:25:32,802 [main] INFO server.KerberosAuthenticationHandler: Using keytab /etc/security/keytabs/s3g.keytab, for principal HTTP/s3g@EXAMPLE.COM
kdc_1       | Dec 06 15:36:39 kdc krb5kdc[7](info): TGS_REQ (6 etypes {aes256-cts-hmac-sha1-96(18), aes128-cts-hmac-sha1-96(17), aes256-cts-hmac-sha384-192(20), aes128-cts-hmac-sha256-128(19), DEPRECATED:des3-cbc-sha1(16), DEPRECATED:arcfour-hmac(23)}) 172.18.0.9: ISSUE: authtime 1670340939, etypes {rep=aes256-cts-hmac-sha1-96(18), tkt=aes256-cts-hmac-sha1-96(18), ses=aes256-cts-hmac-sha1-96(18)}, testuser/scm@EXAMPLE.COM for om/om@EXAMPLE.COM
datanode_3  | 2022-12-06 15:26:19,303 [main] INFO grpc.GrpcConfigKeys: raft.grpc.server.async.request.thread.pool.size = 32 (default)
datanode_3  | 2022-12-06 15:26:26,620 [main] INFO impl.DataStreamServerImpl: raft.datastream.type = DISABLED (default)
datanode_3  | 2022-12-06 15:26:26,627 [main] INFO server.RaftServerConfigKeys: raft.server.threadpool.proxy.cached = true (default)
datanode_2  | 2022-12-06 15:26:35,166 [org.apache.hadoop.util.JvmPauseMonitor$Monitor@49d6213d] INFO util.JvmPauseMonitor: Starting JVM pause monitor
datanode_2  | 2022-12-06 15:26:35,436 [Datanode State Machine Task Thread - 0] INFO statemachine.SCMConnectionManager: Adding Recon Server : recon/172.18.0.6:9891
scm_1       | 2022-12-06 15:25:40,210 [pool-2-thread-1] INFO server.RaftServerConfigKeys: raft.server.rpc.slowness.timeout = 120000ms (custom)
scm_1       | 2022-12-06 15:25:40,210 [pool-2-thread-1] INFO server.RaftServerConfigKeys: raft.server.leaderelection.leader.step-down.wait-time = 10s (default)
s3g_1       | Dec 06, 2022 3:25:37 PM org.glassfish.jersey.internal.Errors logErrors
scm_1       | 2022-12-06 15:25:40,210 [pool-2-thread-1] INFO server.RaftServerConfigKeys: raft.server.sleep.deviation.threshold = 300ms (default)
kdc_1       | Dec 06 15:36:47 kdc krb5kdc[7](info): TGS_REQ (6 etypes {aes256-cts-hmac-sha1-96(18), aes128-cts-hmac-sha1-96(17), aes256-cts-hmac-sha384-192(20), aes128-cts-hmac-sha256-128(19), DEPRECATED:des3-cbc-sha1(16), DEPRECATED:arcfour-hmac(23)}) 172.18.0.9: ISSUE: authtime 1670340939, etypes {rep=aes256-cts-hmac-sha1-96(18), tkt=aes256-cts-hmac-sha1-96(18), ses=aes256-cts-hmac-sha1-96(18)}, testuser/scm@EXAMPLE.COM for om/om@EXAMPLE.COM
kdc_1       | Dec 06 15:36:53 kdc krb5kdc[7](info): TGS_REQ (6 etypes {aes256-cts-hmac-sha1-96(18), aes128-cts-hmac-sha1-96(17), aes256-cts-hmac-sha384-192(20), aes128-cts-hmac-sha256-128(19), DEPRECATED:des3-cbc-sha1(16), DEPRECATED:arcfour-hmac(23)}) 172.18.0.9: ISSUE: authtime 1670340939, etypes {rep=aes256-cts-hmac-sha1-96(18), tkt=aes256-cts-hmac-sha1-96(18), ses=aes256-cts-hmac-sha1-96(18)}, testuser/scm@EXAMPLE.COM for om/om@EXAMPLE.COM
kdc_1       | Dec 06 15:37:01 kdc krb5kdc[7](info): TGS_REQ (6 etypes {aes256-cts-hmac-sha1-96(18), aes128-cts-hmac-sha1-96(17), aes256-cts-hmac-sha384-192(20), aes128-cts-hmac-sha256-128(19), DEPRECATED:des3-cbc-sha1(16), DEPRECATED:arcfour-hmac(23)}) 172.18.0.9: ISSUE: authtime 1670340939, etypes {rep=aes256-cts-hmac-sha1-96(18), tkt=aes256-cts-hmac-sha1-96(18), ses=aes256-cts-hmac-sha1-96(18)}, testuser/scm@EXAMPLE.COM for om/om@EXAMPLE.COM
datanode_1  | 	at java.base/java.util.concurrent.FutureTask.get(FutureTask.java:191)
datanode_1  | 	at org.apache.hadoop.ozone.container.common.states.datanode.RunningDatanodeState.computeNextContainerState(RunningDatanodeState.java:199)
datanode_2  | 2022-12-06 15:26:35,519 [Datanode State Machine Task Thread - 0] INFO datanode.InitDatanodeState: DatanodeDetails is persisted to /data/datanode.id
datanode_2  | 2022-12-06 15:26:38,554 [EndpointStateMachine task thread for recon/172.18.0.6:9891 - 0 ] INFO ipc.Client: Retrying connect to server: recon/172.18.0.6:9891. Already tried 0 time(s); retry policy is RetryUpToMaximumCountWithFixedSleep(maxRetries=15, sleepTime=1000 MILLISECONDS)
scm_1       | 2022-12-06 15:25:40,220 [pool-2-thread-1] INFO server.RaftServer$Division: 3ef79d7a-f482-463c-9517-09ac3e349984@group-EA12EDE1F2A6: ConfigurationManager, init=-1: peers:[3ef79d7a-f482-463c-9517-09ac3e349984|rpc:scm:9894|priority:0|startupRole:FOLLOWER]|listeners:[], old=null, confs=<EMPTY_MAP>
datanode_3  | 2022-12-06 15:26:26,660 [main] INFO server.RaftServerConfigKeys: raft.server.threadpool.proxy.size = 0 (default)
kdc_1       | Dec 06 15:37:11 kdc krb5kdc[7](info): TGS_REQ (6 etypes {aes256-cts-hmac-sha1-96(18), aes128-cts-hmac-sha1-96(17), aes256-cts-hmac-sha384-192(20), aes128-cts-hmac-sha256-128(19), DEPRECATED:des3-cbc-sha1(16), DEPRECATED:arcfour-hmac(23)}) 172.18.0.9: ISSUE: authtime 1670340939, etypes {rep=aes256-cts-hmac-sha1-96(18), tkt=aes256-cts-hmac-sha1-96(18), ses=aes256-cts-hmac-sha1-96(18)}, testuser/scm@EXAMPLE.COM for om/om@EXAMPLE.COM
datanode_2  | 2022-12-06 15:26:38,650 [EndpointStateMachine task thread for scm/172.18.0.9:9861 - 0 ] INFO utils.DatanodeStoreCache: Added db /data/hdds/hdds/CID-ca609f8e-d1ca-4c0b-b081-ea12ede1f2a6/DS-8ec52b4b-2c75-418f-87bc-e0819dbc30e2/container.db to cache
scm_1       | 2022-12-06 15:25:40,220 [pool-2-thread-1] INFO server.RaftServerConfigKeys: raft.server.storage.dir = [/data/metadata/scm-ha] (custom)
datanode_3  | 2022-12-06 15:26:26,661 [main] INFO server.RaftServerConfigKeys: raft.server.rpc.slowness.timeout = 300s (custom)
kdc_1       | Dec 06 15:37:20 kdc krb5kdc[7](info): TGS_REQ (6 etypes {aes256-cts-hmac-sha1-96(18), aes128-cts-hmac-sha1-96(17), aes256-cts-hmac-sha384-192(20), aes128-cts-hmac-sha256-128(19), DEPRECATED:des3-cbc-sha1(16), DEPRECATED:arcfour-hmac(23)}) 172.18.0.9: ISSUE: authtime 1670340939, etypes {rep=aes256-cts-hmac-sha1-96(18), tkt=aes256-cts-hmac-sha1-96(18), ses=aes256-cts-hmac-sha1-96(18)}, testuser/scm@EXAMPLE.COM for om/om@EXAMPLE.COM
datanode_1  | 	at org.apache.hadoop.ozone.container.common.states.datanode.RunningDatanodeState.await(RunningDatanodeState.java:239)
recon_1     | 2022-12-06 15:26:15,799 [main] INFO codegen.SqlDbUtils: Created derby database at jdbc:derby:/data/metadata/recon/ozone_recon_derby.db.
om_1        | 	at org.apache.hadoop.hdds.ratis.ServerNotLeaderException.convertToNotLeaderException(ServerNotLeaderException.java:109)
om_1        | 	at org.apache.hadoop.hdds.scm.ha.RatisUtil.checkRatisException(RatisUtil.java:246)
datanode_2  | 2022-12-06 15:26:38,660 [EndpointStateMachine task thread for scm/172.18.0.9:9861 - 0 ] INFO volume.HddsVolume: SchemaV3 db is created and loaded at /data/hdds/hdds/CID-ca609f8e-d1ca-4c0b-b081-ea12ede1f2a6/DS-8ec52b4b-2c75-418f-87bc-e0819dbc30e2/container.db for volume DS-8ec52b4b-2c75-418f-87bc-e0819dbc30e2
kdc_1       | Dec 06 15:37:28 kdc krb5kdc[7](info): TGS_REQ (6 etypes {aes256-cts-hmac-sha1-96(18), aes128-cts-hmac-sha1-96(17), aes256-cts-hmac-sha384-192(20), aes128-cts-hmac-sha256-128(19), DEPRECATED:des3-cbc-sha1(16), DEPRECATED:arcfour-hmac(23)}) 172.18.0.9: ISSUE: authtime 1670340939, etypes {rep=aes256-cts-hmac-sha1-96(18), tkt=aes256-cts-hmac-sha1-96(18), ses=aes256-cts-hmac-sha1-96(18)}, testuser/scm@EXAMPLE.COM for om/om@EXAMPLE.COM
kdc_1       | Dec 06 15:37:36 kdc krb5kdc[7](info): TGS_REQ (6 etypes {aes256-cts-hmac-sha1-96(18), aes128-cts-hmac-sha1-96(17), aes256-cts-hmac-sha384-192(20), aes128-cts-hmac-sha256-128(19), DEPRECATED:des3-cbc-sha1(16), DEPRECATED:arcfour-hmac(23)}) 172.18.0.9: ISSUE: authtime 1670340939, etypes {rep=aes256-cts-hmac-sha1-96(18), tkt=aes256-cts-hmac-sha1-96(18), ses=aes256-cts-hmac-sha1-96(18)}, testuser/scm@EXAMPLE.COM for om/om@EXAMPLE.COM
kdc_1       | Dec 06 15:37:44 kdc krb5kdc[7](info): TGS_REQ (6 etypes {aes256-cts-hmac-sha1-96(18), aes128-cts-hmac-sha1-96(17), aes256-cts-hmac-sha384-192(20), aes128-cts-hmac-sha256-128(19), DEPRECATED:des3-cbc-sha1(16), DEPRECATED:arcfour-hmac(23)}) 172.18.0.9: ISSUE: authtime 1670340939, etypes {rep=aes256-cts-hmac-sha1-96(18), tkt=aes256-cts-hmac-sha1-96(18), ses=aes256-cts-hmac-sha1-96(18)}, testuser/scm@EXAMPLE.COM for om/om@EXAMPLE.COM
kdc_1       | Dec 06 15:37:52 kdc krb5kdc[7](info): TGS_REQ (6 etypes {aes256-cts-hmac-sha1-96(18), aes128-cts-hmac-sha1-96(17), aes256-cts-hmac-sha384-192(20), aes128-cts-hmac-sha256-128(19), DEPRECATED:des3-cbc-sha1(16), DEPRECATED:arcfour-hmac(23)}) 172.18.0.9: ISSUE: authtime 1670340939, etypes {rep=aes256-cts-hmac-sha1-96(18), tkt=aes256-cts-hmac-sha1-96(18), ses=aes256-cts-hmac-sha1-96(18)}, testuser/scm@EXAMPLE.COM for om/om@EXAMPLE.COM
kdc_1       | Dec 06 15:38:00 kdc krb5kdc[7](info): TGS_REQ (6 etypes {aes256-cts-hmac-sha1-96(18), aes128-cts-hmac-sha1-96(17), aes256-cts-hmac-sha384-192(20), aes128-cts-hmac-sha256-128(19), DEPRECATED:des3-cbc-sha1(16), DEPRECATED:arcfour-hmac(23)}) 172.18.0.9: ISSUE: authtime 1670340939, etypes {rep=aes256-cts-hmac-sha1-96(18), tkt=aes256-cts-hmac-sha1-96(18), ses=aes256-cts-hmac-sha1-96(18)}, testuser/scm@EXAMPLE.COM for om/om@EXAMPLE.COM
kdc_1       | Dec 06 15:38:12 kdc krb5kdc[7](info): TGS_REQ (6 etypes {aes256-cts-hmac-sha1-96(18), aes128-cts-hmac-sha1-96(17), aes256-cts-hmac-sha384-192(20), aes128-cts-hmac-sha256-128(19), DEPRECATED:des3-cbc-sha1(16), DEPRECATED:arcfour-hmac(23)}) 172.18.0.9: ISSUE: authtime 1670340939, etypes {rep=aes256-cts-hmac-sha1-96(18), tkt=aes256-cts-hmac-sha1-96(18), ses=aes256-cts-hmac-sha1-96(18)}, testuser/scm@EXAMPLE.COM for om/om@EXAMPLE.COM
datanode_3  | 2022-12-06 15:26:26,661 [main] INFO server.RaftServerConfigKeys: raft.server.leaderelection.leader.step-down.wait-time = 10s (default)
datanode_1  | 	at org.apache.hadoop.ozone.container.common.states.datanode.RunningDatanodeState.await(RunningDatanodeState.java:50)
scm_1       | 2022-12-06 15:25:40,227 [pool-2-thread-1] INFO server.RaftServerConfigKeys: raft.server.log.corruption.policy = EXCEPTION (default)
s3g_1       | WARNING: The following warnings have been detected: WARNING: A HTTP GET method, public javax.ws.rs.core.Response org.apache.hadoop.ozone.s3.endpoint.ObjectEndpoint.get(java.lang.String,java.lang.String,java.lang.String,int,java.lang.String,java.io.InputStream) throws java.io.IOException,org.apache.hadoop.ozone.s3.exception.OS3Exception, should not consume any entity.
om_1        | 	at org.apache.hadoop.hdds.scm.protocol.ScmBlockLocationProtocolServerSideTranslatorPB.send(ScmBlockLocationProtocolServerSideTranslatorPB.java:109)
datanode_3  | 2022-12-06 15:26:26,688 [main] INFO server.RaftServerConfigKeys: raft.server.storage.dir = [/data/metadata/ratis] (custom)
datanode_2  | 2022-12-06 15:26:38,680 [EndpointStateMachine task thread for scm/172.18.0.9:9861 - 0 ] INFO ozoneimpl.OzoneContainer: Attempting to start container services.
datanode_1  | 	at org.apache.hadoop.ozone.container.common.statemachine.StateContext.execute(StateContext.java:661)
datanode_1  | 	at org.apache.hadoop.ozone.container.common.statemachine.DatanodeStateMachine.startStateMachineThread(DatanodeStateMachine.java:306)
s3g_1       | 
s3g_1       | 2022-12-06 15:25:37,248 [main] INFO handler.ContextHandler: Started o.e.j.w.WebAppContext@28519bfb{s3gateway,/,file:///tmp/jetty-0_0_0_0-9878-ozone-s3gateway-1_3_0-SNAPSHOT_jar-_-any-17428723927432874684/webapp/,AVAILABLE}{jar:file:/opt/hadoop/share/ozone/lib/ozone-s3gateway-1.3.0-SNAPSHOT.jar!/webapps/s3gateway}
om_1        | 	at org.apache.hadoop.hdds.protocol.proto.ScmBlockLocationProtocolProtos$ScmBlockLocationProtocolService$2.callBlockingMethod(ScmBlockLocationProtocolProtos.java:14202)
om_1        | 	at org.apache.hadoop.ipc.ProtobufRpcEngine$Server.processCall(ProtobufRpcEngine.java:465)
datanode_3  | 2022-12-06 15:26:27,414 [main] INFO server.XceiverServerGrpc: GrpcServer channel type EpollServerSocketChannel
recon_1     | WARNING: An illegal reflective access operation has occurred
datanode_3  | 2022-12-06 15:26:28,829 [main] INFO token.OzoneBlockTokenSecretManager: Updating the current master key for generating tokens
datanode_2  | 2022-12-06 15:26:38,685 [EndpointStateMachine task thread for scm/172.18.0.9:9861 - 0 ] INFO ozoneimpl.OzoneContainer: Scheduled background container scanners and the on-demand container scanner have been disabled.
datanode_2  | 2022-12-06 15:26:39,245 [EndpointStateMachine task thread for scm/172.18.0.9:9861 - 0 ] INFO ratis.XceiverServerRatis: Starting XceiverServerRatis fb9bc14a-214f-4b98-ac16-78df9cbc03b9
scm_1       | 2022-12-06 15:25:40,228 [pool-2-thread-1] INFO server.RaftServerConfigKeys: raft.server.storage.free-space.min = 0MB (=0) (default)
datanode_1  | 	at org.apache.hadoop.ozone.container.common.statemachine.DatanodeStateMachine.lambda$startDaemon$0(DatanodeStateMachine.java:506)
kdc_1       | Dec 06 15:38:23 kdc krb5kdc[7](info): TGS_REQ (6 etypes {aes256-cts-hmac-sha1-96(18), aes128-cts-hmac-sha1-96(17), aes256-cts-hmac-sha384-192(20), aes128-cts-hmac-sha256-128(19), DEPRECATED:des3-cbc-sha1(16), DEPRECATED:arcfour-hmac(23)}) 172.18.0.9: ISSUE: authtime 1670340939, etypes {rep=aes256-cts-hmac-sha1-96(18), tkt=aes256-cts-hmac-sha1-96(18), ses=aes256-cts-hmac-sha1-96(18)}, testuser/scm@EXAMPLE.COM for om/om@EXAMPLE.COM
recon_1     | WARNING: Illegal reflective access by org.jooq.tools.reflect.Reflect (file:/opt/hadoop/share/ozone/lib/jooq-3.11.10.jar) to constructor java.lang.invoke.MethodHandles$Lookup(java.lang.Class)
datanode_3  | 2022-12-06 15:26:28,835 [main] INFO token.ContainerTokenSecretManager: Updating the current master key for generating tokens
om_1        | 	at org.apache.hadoop.ipc.ProtobufRpcEngine2$Server$ProtoBufRpcInvoker.call(ProtobufRpcEngine2.java:578)
s3g_1       | 2022-12-06 15:25:37,271 [main] INFO server.AbstractConnector: Started ServerConnector@3591009c{HTTP/1.1, (http/1.1)}{0.0.0.0:9878}
scm_1       | 2022-12-06 15:25:40,245 [pool-2-thread-1] INFO server.RaftServerConfigKeys: raft.server.notification.no-leader.timeout = 60s (default)
datanode_1  | 	at java.base/java.lang.Thread.run(Thread.java:829)
kdc_1       | Dec 06 15:38:35 kdc krb5kdc[7](info): TGS_REQ (6 etypes {aes256-cts-hmac-sha1-96(18), aes128-cts-hmac-sha1-96(17), aes256-cts-hmac-sha384-192(20), aes128-cts-hmac-sha256-128(19), DEPRECATED:des3-cbc-sha1(16), DEPRECATED:arcfour-hmac(23)}) 172.18.0.9: ISSUE: authtime 1670340939, etypes {rep=aes256-cts-hmac-sha1-96(18), tkt=aes256-cts-hmac-sha1-96(18), ses=aes256-cts-hmac-sha1-96(18)}, testuser/scm@EXAMPLE.COM for om/om@EXAMPLE.COM
recon_1     | WARNING: Please consider reporting this to the maintainers of org.jooq.tools.reflect.Reflect
datanode_3  | 2022-12-06 15:26:29,406 [main] INFO http.BaseHttpServer: Starting Web-server for hddsDatanode at: http://0.0.0.0:9882
datanode_3  | 2022-12-06 15:26:29,407 [main] INFO http.BaseHttpServer: Hadoop Security Enabled: true Ozone Security Enabled: true Ozone HTTP Security Enabled: true 
datanode_3  | 2022-12-06 15:26:29,421 [main] INFO http.BaseHttpServer: HttpAuthType: hdds.datanode.http.auth.type = kerberos
datanode_2  | 2022-12-06 15:26:39,400 [EndpointStateMachine task thread for scm/172.18.0.9:9861 - 0 ] INFO server.RaftServer: fb9bc14a-214f-4b98-ac16-78df9cbc03b9: start RPC server
scm_1       | 2022-12-06 15:25:40,248 [pool-2-thread-1] INFO server.RaftServerConfigKeys: raft.server.retrycache.expirytime = 60000ms (default)
scm_1       | 2022-12-06 15:25:40,248 [pool-2-thread-1] INFO server.RaftServerConfigKeys: raft.server.retrycache.statistics.expirytime = 100?s (default)
recon_1     | WARNING: Use --illegal-access=warn to enable warnings of further illegal reflective access operations
kdc_1       | Dec 06 15:38:45 kdc krb5kdc[7](info): TGS_REQ (6 etypes {aes256-cts-hmac-sha1-96(18), aes128-cts-hmac-sha1-96(17), aes256-cts-hmac-sha384-192(20), aes128-cts-hmac-sha256-128(19), DEPRECATED:des3-cbc-sha1(16), DEPRECATED:arcfour-hmac(23)}) 172.18.0.9: ISSUE: authtime 1670340939, etypes {rep=aes256-cts-hmac-sha1-96(18), tkt=aes256-cts-hmac-sha1-96(18), ses=aes256-cts-hmac-sha1-96(18)}, testuser/scm@EXAMPLE.COM for om/om@EXAMPLE.COM
datanode_3  | 2022-12-06 15:26:29,606 [main] INFO util.log: Logging initialized @97048ms to org.eclipse.jetty.util.log.Slf4jLog
om_1        | 	at org.apache.hadoop.ipc.ProtobufRpcEngine2$Server$ProtoBufRpcInvoker.call(ProtobufRpcEngine2.java:556)
s3g_1       | 2022-12-06 15:25:37,271 [main] INFO server.Server: Started @46002ms
datanode_2  | 2022-12-06 15:26:39,414 [EndpointStateMachine task thread for scm/172.18.0.9:9861 - 0 ] INFO server.GrpcService: fb9bc14a-214f-4b98-ac16-78df9cbc03b9: GrpcService started, listening on 9858
datanode_1  | Caused by: java.util.concurrent.TimeoutException
recon_1     | WARNING: All illegal access operations will be denied in a future release
kdc_1       | Dec 06 15:38:53 kdc krb5kdc[7](info): TGS_REQ (6 etypes {aes256-cts-hmac-sha1-96(18), aes128-cts-hmac-sha1-96(17), aes256-cts-hmac-sha384-192(20), aes128-cts-hmac-sha256-128(19), DEPRECATED:des3-cbc-sha1(16), DEPRECATED:arcfour-hmac(23)}) 172.18.0.9: ISSUE: authtime 1670340939, etypes {rep=aes256-cts-hmac-sha1-96(18), tkt=aes256-cts-hmac-sha1-96(18), ses=aes256-cts-hmac-sha1-96(18)}, testuser/scm@EXAMPLE.COM for om/om@EXAMPLE.COM
datanode_3  | 2022-12-06 15:26:30,489 [main] INFO http.HttpRequestLog: Http request log for http.requests.hddsDatanode is not defined
datanode_3  | 2022-12-06 15:26:30,587 [main] INFO http.HttpServer2: Added global filter 'safety' (class=org.apache.hadoop.hdds.server.http.HttpServer2$QuotingInputFilter)
datanode_3  | 2022-12-06 15:26:30,601 [main] INFO http.HttpServer2: Added filter authentication (class=org.apache.hadoop.security.authentication.server.AuthenticationFilter) to context hddsDatanode
datanode_2  | 2022-12-06 15:26:39,415 [EndpointStateMachine task thread for scm/172.18.0.9:9861 - 0 ] INFO server.GrpcService: fb9bc14a-214f-4b98-ac16-78df9cbc03b9: GrpcService started, listening on 9856
scm_1       | 2022-12-06 15:25:40,282 [pool-2-thread-1] INFO metrics.MetricRegistries: Loaded MetricRegistries class org.apache.ratis.metrics.impl.MetricRegistriesImpl
datanode_1  | 	at java.base/java.util.concurrent.FutureTask.get(FutureTask.java:204)
datanode_1  | 	at org.apache.hadoop.ozone.container.common.states.datanode.RunningDatanodeState.lambda$execute$0(RunningDatanodeState.java:157)
datanode_1  | 	at java.base/java.util.concurrent.FutureTask.run(FutureTask.java:264)
om_1        | 	at org.apache.hadoop.ipc.RPC$Server.call(RPC.java:1093)
datanode_3  | 2022-12-06 15:26:30,604 [main] INFO http.HttpServer2: Added filter authentication (class=org.apache.hadoop.security.authentication.server.AuthenticationFilter) to context static
s3g_1       | 2022-12-06 15:25:37,274 [main] INFO impl.MetricsSinkAdapter: Sink prometheus started
datanode_2  | 2022-12-06 15:26:39,421 [EndpointStateMachine task thread for scm/172.18.0.9:9861 - 0 ] INFO server.GrpcService: fb9bc14a-214f-4b98-ac16-78df9cbc03b9: GrpcService started, listening on 9857
scm_1       | 2022-12-06 15:25:40,451 [pool-2-thread-1] INFO server.RaftServerConfigKeys: raft.server.log.appender.install.snapshot.enabled = false (custom)
recon_1     | 2022-12-06 15:26:19,105 [main] INFO impl.ReconContainerMetadataManagerImpl: KEY_CONTAINER Table is empty, initializing from CONTAINER_KEY Table ...
recon_1     | 2022-12-06 15:26:19,115 [main] INFO impl.ReconContainerMetadataManagerImpl: It took 0.001 seconds to initialized 0 records to KEY_CONTAINER table
datanode_1  | 	at java.base/java.util.concurrent.Executors$RunnableAdapter.call(Executors.java:515)
om_1        | 	at org.apache.hadoop.ipc.Server$RpcCall.run(Server.java:1043)
datanode_3  | 2022-12-06 15:26:30,605 [main] INFO http.HttpServer2: Added filter authentication (class=org.apache.hadoop.security.authentication.server.AuthenticationFilter) to context logs
s3g_1       | 2022-12-06 15:25:37,274 [main] INFO impl.MetricsSystemImpl: Registered sink prometheus
s3g_1       | 2022-12-06 15:25:37,281 [main] INFO http.BaseHttpServer: HTTP server of s3gateway listening at http://0.0.0.0:9878
scm_1       | 2022-12-06 15:25:40,451 [pool-2-thread-1] INFO server.RaftServerConfigKeys: raft.server.threadpool.server.cached = true (default)
kdc_1       | Dec 06 15:39:01 kdc krb5kdc[7](info): TGS_REQ (6 etypes {aes256-cts-hmac-sha1-96(18), aes128-cts-hmac-sha1-96(17), aes256-cts-hmac-sha384-192(20), aes128-cts-hmac-sha256-128(19), DEPRECATED:des3-cbc-sha1(16), DEPRECATED:arcfour-hmac(23)}) 172.18.0.9: ISSUE: authtime 1670340939, etypes {rep=aes256-cts-hmac-sha1-96(18), tkt=aes256-cts-hmac-sha1-96(18), ses=aes256-cts-hmac-sha1-96(18)}, testuser/scm@EXAMPLE.COM for om/om@EXAMPLE.COM
datanode_1  | 	at java.base/java.util.concurrent.FutureTask.run(FutureTask.java:264)
datanode_1  | 	at java.base/java.util.concurrent.ThreadPoolExecutor.runWorker(ThreadPoolExecutor.java:1128)
recon_1     | 2022-12-06 15:26:19,229 [main] INFO persistence.DefaultDataSourceProvider: JDBC Url for Recon : jdbc:derby:/data/metadata/recon/ozone_recon_derby.db 
recon_1     | 2022-12-06 15:26:19,372 [main] INFO codegen.SqlDbUtils: Created derby database at jdbc:derby:/data/metadata/recon/ozone_recon_derby.db.
datanode_3  | 2022-12-06 15:26:30,625 [main] INFO http.HttpServer2: Initialize spnego with host: 0.0.0.0 userKey: hdds.datanode.http.auth.kerberos.principal keytabKey: hdds.datanode.http.auth.kerberos.keytab
datanode_3  | 2022-12-06 15:26:31,127 [main] INFO http.HttpServer2: Jetty bound to port 9882
datanode_2  | 2022-12-06 15:26:39,429 [EndpointStateMachine task thread for scm/172.18.0.9:9861 - 0 ] INFO ratis.XceiverServerRatis: XceiverServerRatis fb9bc14a-214f-4b98-ac16-78df9cbc03b9 is started using port 9858 for RATIS
scm_1       | 2022-12-06 15:25:40,453 [pool-2-thread-1] INFO server.RaftServerConfigKeys: raft.server.threadpool.server.size = 0 (default)
scm_1       | 2022-12-06 15:25:40,454 [pool-2-thread-1] INFO server.RaftServerConfigKeys: raft.server.threadpool.client.cached = true (default)
datanode_1  | 	at java.base/java.util.concurrent.ThreadPoolExecutor$Worker.run(ThreadPoolExecutor.java:628)
datanode_1  | 	... 1 more
recon_1     | 2022-12-06 15:26:19,374 [main] INFO recon.ReconServer: Creating Recon Schema.
om_1        | 	at org.apache.hadoop.ipc.Server$RpcCall.run(Server.java:971)
datanode_3  | 2022-12-06 15:26:31,150 [main] INFO server.Server: jetty-9.4.49.v20220914; built: 2022-09-14T01:07:36.601Z; git: 4231a3b2e4cb8548a412a789936d640a97b1aa0a; jvm 11.0.14.1+1-LTS
datanode_2  | 2022-12-06 15:26:39,431 [EndpointStateMachine task thread for scm/172.18.0.9:9861 - 0 ] INFO ratis.XceiverServerRatis: XceiverServerRatis fb9bc14a-214f-4b98-ac16-78df9cbc03b9 is started using port 9857 for RATIS_ADMIN
scm_1       | 2022-12-06 15:25:40,454 [pool-2-thread-1] INFO server.RaftServerConfigKeys: raft.server.threadpool.client.size = 0 (default)
datanode_1  | 2022-12-06 15:26:47,690 [EndpointStateMachine task thread for recon/172.18.0.6:9891 - 0 ] WARN statemachine.EndpointStateMachine: Unable to communicate to Recon server at recon:9891 for past 0 seconds.
datanode_1  | java.io.IOException: DestHost:destPort recon:9891 , LocalHost:localPort f87f0070ad7e/172.18.0.5:0. Failed on local exception: java.io.IOException: java.net.SocketTimeoutException: 5000 millis timeout while waiting for channel to be ready for read. ch : java.nio.channels.SocketChannel[connected local=/172.18.0.5:37740 remote=recon/172.18.0.6:9891]
datanode_1  | 	at java.base/jdk.internal.reflect.NativeConstructorAccessorImpl.newInstance0(Native Method)
recon_1     | 2022-12-06 15:26:28,341 [main] INFO http.BaseHttpServer: Starting Web-server for recon at: http://0.0.0.0:9888
om_1        | 	at java.base/java.security.AccessController.doPrivileged(Native Method)
datanode_3  | 2022-12-06 15:26:31,416 [main] INFO server.session: DefaultSessionIdManager workerName=node0
datanode_2  | 2022-12-06 15:26:39,431 [EndpointStateMachine task thread for scm/172.18.0.9:9861 - 0 ] INFO ratis.XceiverServerRatis: XceiverServerRatis fb9bc14a-214f-4b98-ac16-78df9cbc03b9 is started using port 9856 for RATIS_SERVER
datanode_2  | 2022-12-06 15:26:39,434 [JvmPauseMonitor0] INFO util.JvmPauseMonitor: JvmPauseMonitor-fb9bc14a-214f-4b98-ac16-78df9cbc03b9: Started
scm_1       | 2022-12-06 15:25:40,456 [3ef79d7a-f482-463c-9517-09ac3e349984-impl-thread1] INFO storage.RaftStorageDirectory: The storage directory /data/metadata/scm-ha/ca609f8e-d1ca-4c0b-b081-ea12ede1f2a6 does not exist. Creating ...
scm_1       | 2022-12-06 15:25:40,469 [3ef79d7a-f482-463c-9517-09ac3e349984-impl-thread1] INFO storage.RaftStorageDirectory: Lock on /data/metadata/scm-ha/ca609f8e-d1ca-4c0b-b081-ea12ede1f2a6/in_use.lock acquired by nodename 13@scm
datanode_1  | 	at java.base/jdk.internal.reflect.NativeConstructorAccessorImpl.newInstance(NativeConstructorAccessorImpl.java:62)
recon_1     | 2022-12-06 15:26:28,342 [main] INFO http.BaseHttpServer: Hadoop Security Enabled: true Ozone Security Enabled: true Ozone HTTP Security Enabled: true 
recon_1     | 2022-12-06 15:26:28,345 [main] INFO http.BaseHttpServer: HttpAuthType: ozone.recon.http.auth.type = kerberos
datanode_3  | 2022-12-06 15:26:31,416 [main] INFO server.session: No SessionScavenger set, using defaults
scm_1       | 2022-12-06 15:25:40,491 [3ef79d7a-f482-463c-9517-09ac3e349984-impl-thread1] INFO storage.RaftStorage: Storage directory /data/metadata/scm-ha/ca609f8e-d1ca-4c0b-b081-ea12ede1f2a6 has been successfully formatted.
kdc_1       | Dec 06 15:39:14 kdc krb5kdc[7](info): TGS_REQ (6 etypes {aes256-cts-hmac-sha1-96(18), aes128-cts-hmac-sha1-96(17), aes256-cts-hmac-sha384-192(20), aes128-cts-hmac-sha256-128(19), DEPRECATED:des3-cbc-sha1(16), DEPRECATED:arcfour-hmac(23)}) 172.18.0.9: ISSUE: authtime 1670340939, etypes {rep=aes256-cts-hmac-sha1-96(18), tkt=aes256-cts-hmac-sha1-96(18), ses=aes256-cts-hmac-sha1-96(18)}, testuser/scm@EXAMPLE.COM for om/om@EXAMPLE.COM
datanode_2  | 2022-12-06 15:26:39,555 [EndpointStateMachine task thread for recon/172.18.0.6:9891 - 0 ] INFO ipc.Client: Retrying connect to server: recon/172.18.0.6:9891. Already tried 1 time(s); retry policy is RetryUpToMaximumCountWithFixedSleep(maxRetries=15, sleepTime=1000 MILLISECONDS)
datanode_1  | 	at java.base/jdk.internal.reflect.DelegatingConstructorAccessorImpl.newInstance(DelegatingConstructorAccessorImpl.java:45)
datanode_1  | 	at java.base/java.lang.reflect.Constructor.newInstance(Constructor.java:490)
om_1        | 	at java.base/javax.security.auth.Subject.doAs(Subject.java:423)
om_1        | 	at org.apache.hadoop.security.UserGroupInformation.doAs(UserGroupInformation.java:1878)
scm_1       | 2022-12-06 15:25:40,502 [3ef79d7a-f482-463c-9517-09ac3e349984-impl-thread1] INFO server.RaftServerConfigKeys: raft.server.log.use.memory = false (default)
kdc_1       | Dec 06 15:39:25 kdc krb5kdc[7](info): TGS_REQ (6 etypes {aes256-cts-hmac-sha1-96(18), aes128-cts-hmac-sha1-96(17), aes256-cts-hmac-sha384-192(20), aes128-cts-hmac-sha256-128(19), DEPRECATED:des3-cbc-sha1(16), DEPRECATED:arcfour-hmac(23)}) 172.18.0.9: ISSUE: authtime 1670340939, etypes {rep=aes256-cts-hmac-sha1-96(18), tkt=aes256-cts-hmac-sha1-96(18), ses=aes256-cts-hmac-sha1-96(18)}, testuser/scm@EXAMPLE.COM for om/om@EXAMPLE.COM
datanode_2  | 2022-12-06 15:26:40,557 [EndpointStateMachine task thread for recon/172.18.0.6:9891 - 0 ] INFO ipc.Client: Retrying connect to server: recon/172.18.0.6:9891. Already tried 2 time(s); retry policy is RetryUpToMaximumCountWithFixedSleep(maxRetries=15, sleepTime=1000 MILLISECONDS)
recon_1     | 2022-12-06 15:26:28,489 [main] INFO util.log: Logging initialized @95592ms to org.eclipse.jetty.util.log.Slf4jLog
datanode_1  | 	at org.apache.hadoop.net.NetUtils.wrapWithMessage(NetUtils.java:913)
datanode_3  | 2022-12-06 15:26:31,441 [main] INFO server.session: node0 Scavenging every 600000ms
om_1        | 	at org.apache.hadoop.ipc.Server$Handler.run(Server.java:2976)
scm_1       | 2022-12-06 15:25:40,516 [3ef79d7a-f482-463c-9517-09ac3e349984-impl-thread1] INFO server.RaftServerConfigKeys: raft.server.log.purge.gap = 1000000 (custom)
scm_1       | 2022-12-06 15:25:40,517 [3ef79d7a-f482-463c-9517-09ac3e349984-impl-thread1] INFO server.RaftServerConfigKeys: raft.server.log.appender.buffer.byte-limit = 33554432 (custom)
datanode_2  | 2022-12-06 15:26:41,558 [EndpointStateMachine task thread for recon/172.18.0.6:9891 - 0 ] INFO ipc.Client: Retrying connect to server: recon/172.18.0.6:9891. Already tried 3 time(s); retry policy is RetryUpToMaximumCountWithFixedSleep(maxRetries=15, sleepTime=1000 MILLISECONDS)
recon_1     | 2022-12-06 15:26:29,258 [main] WARN http.HttpRequestLog: Jetty request log can only be enabled using Log4j
datanode_1  | 	at org.apache.hadoop.net.NetUtils.wrapException(NetUtils.java:888)
datanode_3  | 2022-12-06 15:26:31,622 [main] INFO server.KerberosAuthenticationHandler: Using keytab /etc/security/keytabs/dn.keytab, for principal HTTP/dn@EXAMPLE.COM
om_1        | , while invoking $Proxy31.send over nodeId=scmNodeId,nodeAddress=scm/172.18.0.9:9863 after 18 failover attempts. Trying to failover after sleeping for 2000ms.
kdc_1       | Dec 06 15:39:33 kdc krb5kdc[7](info): TGS_REQ (6 etypes {aes256-cts-hmac-sha1-96(18), aes128-cts-hmac-sha1-96(17), aes256-cts-hmac-sha384-192(20), aes128-cts-hmac-sha256-128(19), DEPRECATED:des3-cbc-sha1(16), DEPRECATED:arcfour-hmac(23)}) 172.18.0.9: ISSUE: authtime 1670340939, etypes {rep=aes256-cts-hmac-sha1-96(18), tkt=aes256-cts-hmac-sha1-96(18), ses=aes256-cts-hmac-sha1-96(18)}, testuser/scm@EXAMPLE.COM for om/om@EXAMPLE.COM
scm_1       | 2022-12-06 15:25:40,519 [3ef79d7a-f482-463c-9517-09ac3e349984-impl-thread1] INFO server.RaftServerConfigKeys: raft.server.log.statemachine.data.read.timeout = 1000ms (default)
datanode_2  | 2022-12-06 15:26:42,561 [EndpointStateMachine task thread for recon/172.18.0.6:9891 - 0 ] INFO ipc.Client: Retrying connect to server: recon/172.18.0.6:9891. Already tried 4 time(s); retry policy is RetryUpToMaximumCountWithFixedSleep(maxRetries=15, sleepTime=1000 MILLISECONDS)
recon_1     | 2022-12-06 15:26:29,355 [main] INFO http.HttpServer2: Added global filter 'safety' (class=org.apache.hadoop.hdds.server.http.HttpServer2$QuotingInputFilter)
recon_1     | 2022-12-06 15:26:29,366 [main] INFO http.HttpServer2: Added filter authentication (class=org.apache.hadoop.security.authentication.server.AuthenticationFilter) to context recon
datanode_3  | 2022-12-06 15:26:31,644 [main] INFO handler.ContextHandler: Started o.e.j.s.ServletContextHandler@3de507af{logs,/logs,file:///var/log/hadoop/,AVAILABLE}
om_1        | 2022-12-06 15:26:00,971 [main] INFO retry.RetryInvocationHandler: com.google.protobuf.ServiceException: org.apache.hadoop.ipc.RemoteException(org.apache.hadoop.hdds.ratis.ServerNotLeaderException): Server:3ef79d7a-f482-463c-9517-09ac3e349984 is not the leader. Could not determine the leader node.
kdc_1       | Dec 06 15:39:40 kdc krb5kdc[7](info): TGS_REQ (6 etypes {aes256-cts-hmac-sha1-96(18), aes128-cts-hmac-sha1-96(17), aes256-cts-hmac-sha384-192(20), aes128-cts-hmac-sha256-128(19), DEPRECATED:des3-cbc-sha1(16), DEPRECATED:arcfour-hmac(23)}) 172.18.0.9: ISSUE: authtime 1670340939, etypes {rep=aes256-cts-hmac-sha1-96(18), tkt=aes256-cts-hmac-sha1-96(18), ses=aes256-cts-hmac-sha1-96(18)}, testuser/scm@EXAMPLE.COM for om/om@EXAMPLE.COM
scm_1       | 2022-12-06 15:25:40,520 [3ef79d7a-f482-463c-9517-09ac3e349984-impl-thread1] INFO server.RaftServerConfigKeys: raft.server.log.purge.preservation.log.num = 0 (default)
datanode_1  | 	at org.apache.hadoop.ipc.Client.getRpcResponse(Client.java:1616)
recon_1     | 2022-12-06 15:26:29,388 [main] INFO http.HttpServer2: Added filter authentication (class=org.apache.hadoop.security.authentication.server.AuthenticationFilter) to context static
datanode_1  | 	at org.apache.hadoop.ipc.Client.call(Client.java:1558)
datanode_1  | 	at org.apache.hadoop.ipc.Client.call(Client.java:1455)
kdc_1       | Dec 06 15:39:52 kdc krb5kdc[7](info): TGS_REQ (6 etypes {aes256-cts-hmac-sha1-96(18), aes128-cts-hmac-sha1-96(17), aes256-cts-hmac-sha384-192(20), aes128-cts-hmac-sha256-128(19), DEPRECATED:des3-cbc-sha1(16), DEPRECATED:arcfour-hmac(23)}) 172.18.0.9: ISSUE: authtime 1670340939, etypes {rep=aes256-cts-hmac-sha1-96(18), tkt=aes256-cts-hmac-sha1-96(18), ses=aes256-cts-hmac-sha1-96(18)}, testuser/scm@EXAMPLE.COM for om/om@EXAMPLE.COM
datanode_2  | 2022-12-06 15:26:44,490 [Command processor thread] INFO server.RaftServer: fb9bc14a-214f-4b98-ac16-78df9cbc03b9: addNew group-B4D1F53217A4:[fb9bc14a-214f-4b98-ac16-78df9cbc03b9|rpc:172.18.0.4:9856|admin:172.18.0.4:9857|client:172.18.0.4:9858|priority:1|startupRole:FOLLOWER] returns group-B4D1F53217A4:java.util.concurrent.CompletableFuture@78a68daa[Not completed]
datanode_2  | 2022-12-06 15:26:44,606 [pool-23-thread-1] INFO server.RaftServer$Division: fb9bc14a-214f-4b98-ac16-78df9cbc03b9: new RaftServerImpl for group-B4D1F53217A4:[fb9bc14a-214f-4b98-ac16-78df9cbc03b9|rpc:172.18.0.4:9856|admin:172.18.0.4:9857|client:172.18.0.4:9858|priority:1|startupRole:FOLLOWER] with ContainerStateMachine:uninitialized
recon_1     | 2022-12-06 15:26:29,390 [main] INFO http.HttpServer2: Added filter authentication (class=org.apache.hadoop.security.authentication.server.AuthenticationFilter) to context logs
datanode_1  | 	at org.apache.hadoop.ipc.ProtobufRpcEngine$Invoker.invoke(ProtobufRpcEngine.java:235)
datanode_1  | 	at org.apache.hadoop.ipc.ProtobufRpcEngine$Invoker.invoke(ProtobufRpcEngine.java:122)
datanode_1  | 	at com.sun.proxy.$Proxy41.submitRequest(Unknown Source)
kdc_1       | Dec 06 15:40:00 kdc krb5kdc[7](info): TGS_REQ (6 etypes {aes256-cts-hmac-sha1-96(18), aes128-cts-hmac-sha1-96(17), aes256-cts-hmac-sha384-192(20), aes128-cts-hmac-sha256-128(19), DEPRECATED:des3-cbc-sha1(16), DEPRECATED:arcfour-hmac(23)}) 172.18.0.9: ISSUE: authtime 1670340939, etypes {rep=aes256-cts-hmac-sha1-96(18), tkt=aes256-cts-hmac-sha1-96(18), ses=aes256-cts-hmac-sha1-96(18)}, testuser/scm@EXAMPLE.COM for om/om@EXAMPLE.COM
scm_1       | 2022-12-06 15:25:40,522 [3ef79d7a-f482-463c-9517-09ac3e349984-impl-thread1] INFO server.RaftServerConfigKeys: raft.server.log.segment.size.max = 4194304 (custom)
recon_1     | 2022-12-06 15:26:29,425 [main] INFO http.HttpServer2: Initialize spnego with host: 0.0.0.0 userKey: ozone.recon.http.auth.kerberos.principal keytabKey: ozone.recon.http.auth.kerberos.keytab
datanode_1  | 	at org.apache.hadoop.ozone.protocolPB.StorageContainerDatanodeProtocolClientSideTranslatorPB.submitRequest(StorageContainerDatanodeProtocolClientSideTranslatorPB.java:117)
datanode_1  | 	at org.apache.hadoop.ozone.protocolPB.StorageContainerDatanodeProtocolClientSideTranslatorPB.getVersion(StorageContainerDatanodeProtocolClientSideTranslatorPB.java:133)
datanode_1  | 	at org.apache.hadoop.ozone.container.common.states.endpoint.VersionEndpointTask.call(VersionEndpointTask.java:69)
kdc_1       | Dec 06 15:40:08 kdc krb5kdc[7](info): TGS_REQ (6 etypes {aes256-cts-hmac-sha1-96(18), aes128-cts-hmac-sha1-96(17), aes256-cts-hmac-sha384-192(20), aes128-cts-hmac-sha256-128(19), DEPRECATED:des3-cbc-sha1(16), DEPRECATED:arcfour-hmac(23)}) 172.18.0.9: ISSUE: authtime 1670340939, etypes {rep=aes256-cts-hmac-sha1-96(18), tkt=aes256-cts-hmac-sha1-96(18), ses=aes256-cts-hmac-sha1-96(18)}, testuser/scm@EXAMPLE.COM for om/om@EXAMPLE.COM
scm_1       | 2022-12-06 15:25:40,528 [3ef79d7a-f482-463c-9517-09ac3e349984-impl-thread1] INFO server.RaftServerConfigKeys: raft.server.log.segment.cache.num.max = 2 (custom)
datanode_2  | 2022-12-06 15:26:44,621 [pool-23-thread-1] INFO server.RaftServerConfigKeys: raft.server.rpc.timeout.min = 5s (custom)
recon_1     | 2022-12-06 15:26:30,125 [main] INFO tasks.ReconTaskControllerImpl: Registered task ContainerKeyMapperTask with controller.
datanode_1  | 	at org.apache.hadoop.ozone.container.common.states.endpoint.VersionEndpointTask.call(VersionEndpointTask.java:40)
datanode_1  | 	at java.base/java.util.concurrent.FutureTask.run(FutureTask.java:264)
om_1        | 	at org.apache.hadoop.hdds.ratis.ServerNotLeaderException.convertToNotLeaderException(ServerNotLeaderException.java:109)
kdc_1       | Dec 06 15:40:16 kdc krb5kdc[7](info): TGS_REQ (6 etypes {aes256-cts-hmac-sha1-96(18), aes128-cts-hmac-sha1-96(17), aes256-cts-hmac-sha384-192(20), aes128-cts-hmac-sha256-128(19), DEPRECATED:des3-cbc-sha1(16), DEPRECATED:arcfour-hmac(23)}) 172.18.0.9: ISSUE: authtime 1670340939, etypes {rep=aes256-cts-hmac-sha1-96(18), tkt=aes256-cts-hmac-sha1-96(18), ses=aes256-cts-hmac-sha1-96(18)}, testuser/scm@EXAMPLE.COM for om/om@EXAMPLE.COM
scm_1       | 2022-12-06 15:25:40,528 [3ef79d7a-f482-463c-9517-09ac3e349984-impl-thread1] INFO server.RaftServerConfigKeys: raft.server.log.segment.cache.size.max = 200MB (=209715200) (default)
recon_1     | 2022-12-06 15:26:31,901 [main] INFO tasks.ReconTaskControllerImpl: Registered task FileSizeCountTask with controller.
datanode_1  | 	at java.base/java.util.concurrent.ThreadPoolExecutor.runWorker(ThreadPoolExecutor.java:1128)
datanode_1  | 	at java.base/java.util.concurrent.ThreadPoolExecutor$Worker.run(ThreadPoolExecutor.java:628)
datanode_1  | 	at java.base/java.lang.Thread.run(Thread.java:829)
kdc_1       | Dec 06 15:40:23 kdc krb5kdc[7](info): TGS_REQ (6 etypes {aes256-cts-hmac-sha1-96(18), aes128-cts-hmac-sha1-96(17), aes256-cts-hmac-sha384-192(20), aes128-cts-hmac-sha256-128(19), DEPRECATED:des3-cbc-sha1(16), DEPRECATED:arcfour-hmac(23)}) 172.18.0.9: ISSUE: authtime 1670340939, etypes {rep=aes256-cts-hmac-sha1-96(18), tkt=aes256-cts-hmac-sha1-96(18), ses=aes256-cts-hmac-sha1-96(18)}, testuser/scm@EXAMPLE.COM for om/om@EXAMPLE.COM
scm_1       | 2022-12-06 15:25:40,534 [3ef79d7a-f482-463c-9517-09ac3e349984-impl-thread1] INFO segmented.SegmentedRaftLogWorker: new 3ef79d7a-f482-463c-9517-09ac3e349984@group-EA12EDE1F2A6-SegmentedRaftLogWorker for RaftStorageImpl:Storage Directory /data/metadata/scm-ha/ca609f8e-d1ca-4c0b-b081-ea12ede1f2a6
scm_1       | 2022-12-06 15:25:40,534 [3ef79d7a-f482-463c-9517-09ac3e349984-impl-thread1] INFO server.RaftServerConfigKeys: raft.server.log.queue.byte-limit = 64MB (=67108864) (default)
recon_1     | 2022-12-06 15:26:32,017 [main] INFO tasks.ReconTaskControllerImpl: Registered task TableCountTask with controller.
kdc_1       | Dec 06 15:40:31 kdc krb5kdc[7](info): TGS_REQ (6 etypes {aes256-cts-hmac-sha1-96(18), aes128-cts-hmac-sha1-96(17), aes256-cts-hmac-sha384-192(20), aes128-cts-hmac-sha256-128(19), DEPRECATED:des3-cbc-sha1(16), DEPRECATED:arcfour-hmac(23)}) 172.18.0.9: ISSUE: authtime 1670340939, etypes {rep=aes256-cts-hmac-sha1-96(18), tkt=aes256-cts-hmac-sha1-96(18), ses=aes256-cts-hmac-sha1-96(18)}, testuser/scm@EXAMPLE.COM for om/om@EXAMPLE.COM
datanode_3  | 2022-12-06 15:26:31,654 [main] INFO handler.ContextHandler: Started o.e.j.s.ServletContextHandler@5fbb2e1c{static,/static,jar:file:/opt/hadoop/share/ozone/lib/hdds-container-service-1.3.0-SNAPSHOT.jar!/webapps/static,AVAILABLE}
datanode_3  | 2022-12-06 15:26:32,783 [main] INFO server.KerberosAuthenticationHandler: Using keytab /etc/security/keytabs/dn.keytab, for principal HTTP/dn@EXAMPLE.COM
recon_1     | 2022-12-06 15:26:32,077 [main] INFO tasks.ReconTaskControllerImpl: Registered task NSSummaryTask with controller.
recon_1     | 2022-12-06 15:26:32,234 [main] INFO ozone.OmUtils: ozone.om.internal.service.id is not defined, falling back to ozone.om.service.ids to find serviceID for OzoneManager if it is HA enabled cluster
om_1        | 	at org.apache.hadoop.hdds.scm.ha.RatisUtil.checkRatisException(RatisUtil.java:246)
om_1        | 	at org.apache.hadoop.hdds.scm.protocol.ScmBlockLocationProtocolServerSideTranslatorPB.send(ScmBlockLocationProtocolServerSideTranslatorPB.java:109)
kdc_1       | Dec 06 15:40:38 kdc krb5kdc[7](info): TGS_REQ (6 etypes {aes256-cts-hmac-sha1-96(18), aes128-cts-hmac-sha1-96(17), aes256-cts-hmac-sha384-192(20), aes128-cts-hmac-sha256-128(19), DEPRECATED:des3-cbc-sha1(16), DEPRECATED:arcfour-hmac(23)}) 172.18.0.9: ISSUE: authtime 1670340939, etypes {rep=aes256-cts-hmac-sha1-96(18), tkt=aes256-cts-hmac-sha1-96(18), ses=aes256-cts-hmac-sha1-96(18)}, testuser/scm@EXAMPLE.COM for om/om@EXAMPLE.COM
recon_1     | 2022-12-06 15:26:32,246 [main] INFO ozone.OmUtils: No OzoneManager ServiceID configured.
kdc_1       | Dec 06 15:40:46 kdc krb5kdc[7](info): TGS_REQ (6 etypes {aes256-cts-hmac-sha1-96(18), aes128-cts-hmac-sha1-96(17), aes256-cts-hmac-sha384-192(20), aes128-cts-hmac-sha256-128(19), DEPRECATED:des3-cbc-sha1(16), DEPRECATED:arcfour-hmac(23)}) 172.18.0.9: ISSUE: authtime 1670340939, etypes {rep=aes256-cts-hmac-sha1-96(18), tkt=aes256-cts-hmac-sha1-96(18), ses=aes256-cts-hmac-sha1-96(18)}, testuser/scm@EXAMPLE.COM for om/om@EXAMPLE.COM
om_1        | 	at org.apache.hadoop.hdds.protocol.proto.ScmBlockLocationProtocolProtos$ScmBlockLocationProtocolService$2.callBlockingMethod(ScmBlockLocationProtocolProtos.java:14202)
om_1        | 	at org.apache.hadoop.ipc.ProtobufRpcEngine$Server.processCall(ProtobufRpcEngine.java:465)
datanode_2  | 2022-12-06 15:26:44,625 [pool-23-thread-1] INFO server.RaftServerConfigKeys: raft.server.rpc.timeout.max = 5200ms (custom)
datanode_2  | 2022-12-06 15:26:44,630 [pool-23-thread-1] INFO server.RaftServerConfigKeys: raft.server.rpc.sleep.time = 25ms (default)
datanode_2  | 2022-12-06 15:26:44,630 [pool-23-thread-1] INFO server.RaftServerConfigKeys: raft.server.rpc.slowness.timeout = 300s (custom)
recon_1     | 2022-12-06 15:26:36,599 [main] WARN recon.ReconUtils: ozone.recon.om.db.dir is not configured. We recommend adding this setting. Falling back to ozone.metadata.dirs instead.
scm_1       | 2022-12-06 15:25:40,535 [3ef79d7a-f482-463c-9517-09ac3e349984-impl-thread1] INFO server.RaftServerConfigKeys: raft.server.log.queue.element-limit = 4096 (default)
kdc_1       | Dec 06 15:40:54 kdc krb5kdc[7](info): TGS_REQ (6 etypes {aes256-cts-hmac-sha1-96(18), aes128-cts-hmac-sha1-96(17), aes256-cts-hmac-sha384-192(20), aes128-cts-hmac-sha256-128(19), DEPRECATED:des3-cbc-sha1(16), DEPRECATED:arcfour-hmac(23)}) 172.18.0.9: ISSUE: authtime 1670340939, etypes {rep=aes256-cts-hmac-sha1-96(18), tkt=aes256-cts-hmac-sha1-96(18), ses=aes256-cts-hmac-sha1-96(18)}, testuser/scm@EXAMPLE.COM for om/om@EXAMPLE.COM
datanode_2  | 2022-12-06 15:26:44,634 [pool-23-thread-1] INFO server.RaftServerConfigKeys: raft.server.leaderelection.leader.step-down.wait-time = 10s (default)
datanode_2  | 2022-12-06 15:26:44,634 [pool-23-thread-1] INFO server.RaftServerConfigKeys: raft.server.sleep.deviation.threshold = 300ms (default)
datanode_1  | Caused by: java.io.IOException: java.net.SocketTimeoutException: 5000 millis timeout while waiting for channel to be ready for read. ch : java.nio.channels.SocketChannel[connected local=/172.18.0.5:37740 remote=recon/172.18.0.6:9891]
datanode_1  | 	at org.apache.hadoop.ipc.Client$Connection$1.run(Client.java:798)
datanode_1  | 	at java.base/java.security.AccessController.doPrivileged(Native Method)
kdc_1       | Dec 06 15:41:02 kdc krb5kdc[7](info): TGS_REQ (6 etypes {aes256-cts-hmac-sha1-96(18), aes128-cts-hmac-sha1-96(17), aes256-cts-hmac-sha384-192(20), aes128-cts-hmac-sha256-128(19), DEPRECATED:des3-cbc-sha1(16), DEPRECATED:arcfour-hmac(23)}) 172.18.0.9: ISSUE: authtime 1670340939, etypes {rep=aes256-cts-hmac-sha1-96(18), tkt=aes256-cts-hmac-sha1-96(18), ses=aes256-cts-hmac-sha1-96(18)}, testuser/scm@EXAMPLE.COM for om/om@EXAMPLE.COM
recon_1     | 2022-12-06 15:26:37,680 [main] WARN recon.ReconUtils: ozone.recon.scm.db.dirs is not configured. We recommend adding this setting. Falling back to ozone.metadata.dirs instead.
kdc_1       | Dec 06 15:41:03 kdc krb5kdc[7](info): AS_REQ (8 etypes {aes256-cts-hmac-sha1-96(18), aes128-cts-hmac-sha1-96(17), aes256-cts-hmac-sha384-192(20), aes128-cts-hmac-sha256-128(19), DEPRECATED:des3-cbc-sha1(16), DEPRECATED:arcfour-hmac(23), camellia128-cts-cmac(25), camellia256-cts-cmac(26)}) 172.18.0.9: ISSUE: authtime 1670341263, etypes {rep=aes256-cts-hmac-sha1-96(18), tkt=aes256-cts-hmac-sha1-96(18), ses=aes256-cts-hmac-sha1-96(18)}, testuser/scm@EXAMPLE.COM for krbtgt/EXAMPLE.COM@EXAMPLE.COM
datanode_3  | 2022-12-06 15:26:32,946 [main] INFO handler.ContextHandler: Started o.e.j.w.WebAppContext@3d306fd5{hddsDatanode,/,file:///tmp/jetty-0_0_0_0-9882-hdds-container-service-1_3_0-SNAPSHOT_jar-_-any-2820045095070290107/webapp/,AVAILABLE}{jar:file:/opt/hadoop/share/ozone/lib/hdds-container-service-1.3.0-SNAPSHOT.jar!/webapps/hddsDatanode}
datanode_3  | 2022-12-06 15:26:33,052 [main] INFO server.AbstractConnector: Started ServerConnector@6b5fdbd0{HTTP/1.1, (http/1.1)}{0.0.0.0:9882}
scm_1       | 2022-12-06 15:25:40,536 [3ef79d7a-f482-463c-9517-09ac3e349984-impl-thread1] INFO server.RaftServerConfigKeys: raft.server.log.segment.size.max = 4194304 (custom)
scm_1       | 2022-12-06 15:25:40,537 [3ef79d7a-f482-463c-9517-09ac3e349984-impl-thread1] INFO server.RaftServerConfigKeys: raft.server.log.preallocated.size = 4194304 (custom)
scm_1       | 2022-12-06 15:25:40,538 [3ef79d7a-f482-463c-9517-09ac3e349984-impl-thread1] INFO server.RaftServerConfigKeys: raft.server.log.force.sync.num = 128 (default)
scm_1       | 2022-12-06 15:25:40,539 [3ef79d7a-f482-463c-9517-09ac3e349984-impl-thread1] INFO server.RaftServerConfigKeys: raft.server.log.statemachine.data.sync = true (default)
scm_1       | 2022-12-06 15:25:40,540 [3ef79d7a-f482-463c-9517-09ac3e349984-impl-thread1] INFO server.RaftServerConfigKeys: raft.server.log.statemachine.data.sync.timeout = 10s (default)
scm_1       | 2022-12-06 15:25:40,541 [3ef79d7a-f482-463c-9517-09ac3e349984-impl-thread1] INFO server.RaftServerConfigKeys: raft.server.log.statemachine.data.sync.timeout.retry = -1 (default)
scm_1       | 2022-12-06 15:25:40,551 [3ef79d7a-f482-463c-9517-09ac3e349984-impl-thread1] INFO server.RaftServerConfigKeys: raft.server.log.write.buffer.size = 64KB (=65536) (default)
kdc_1       | Dec 06 15:41:15 kdc krb5kdc[7](info): TGS_REQ (6 etypes {aes256-cts-hmac-sha1-96(18), aes128-cts-hmac-sha1-96(17), aes256-cts-hmac-sha384-192(20), aes128-cts-hmac-sha256-128(19), DEPRECATED:des3-cbc-sha1(16), DEPRECATED:arcfour-hmac(23)}) 172.18.0.9: ISSUE: authtime 1670341263, etypes {rep=aes256-cts-hmac-sha1-96(18), tkt=aes256-cts-hmac-sha1-96(18), ses=aes256-cts-hmac-sha1-96(18)}, testuser/scm@EXAMPLE.COM for om/om@EXAMPLE.COM
kdc_1       | Dec 06 15:41:16 kdc krb5kdc[7](info): TGS_REQ (6 etypes {aes256-cts-hmac-sha1-96(18), aes128-cts-hmac-sha1-96(17), aes256-cts-hmac-sha384-192(20), aes128-cts-hmac-sha256-128(19), DEPRECATED:des3-cbc-sha1(16), DEPRECATED:arcfour-hmac(23)}) 172.18.0.9: ISSUE: authtime 1670341263, etypes {rep=aes256-cts-hmac-sha1-96(18), tkt=aes256-cts-hmac-sha1-96(18), ses=aes256-cts-hmac-sha1-96(18)}, testuser/scm@EXAMPLE.COM for om/om@EXAMPLE.COM
om_1        | 	at org.apache.hadoop.ipc.ProtobufRpcEngine2$Server$ProtoBufRpcInvoker.call(ProtobufRpcEngine2.java:578)
om_1        | 	at org.apache.hadoop.ipc.ProtobufRpcEngine2$Server$ProtoBufRpcInvoker.call(ProtobufRpcEngine2.java:556)
om_1        | 	at org.apache.hadoop.ipc.RPC$Server.call(RPC.java:1093)
om_1        | 	at org.apache.hadoop.ipc.Server$RpcCall.run(Server.java:1043)
om_1        | 	at org.apache.hadoop.ipc.Server$RpcCall.run(Server.java:971)
om_1        | 	at java.base/java.security.AccessController.doPrivileged(Native Method)
datanode_2  | 2022-12-06 15:26:44,672 [pool-23-thread-1] INFO server.RaftServer$Division: fb9bc14a-214f-4b98-ac16-78df9cbc03b9@group-B4D1F53217A4: ConfigurationManager, init=-1: peers:[fb9bc14a-214f-4b98-ac16-78df9cbc03b9|rpc:172.18.0.4:9856|admin:172.18.0.4:9857|client:172.18.0.4:9858|priority:1|startupRole:FOLLOWER]|listeners:[], old=null, confs=<EMPTY_MAP>
datanode_2  | 2022-12-06 15:26:44,675 [pool-23-thread-1] INFO server.RaftServerConfigKeys: raft.server.storage.dir = [/data/metadata/ratis] (custom)
datanode_2  | 2022-12-06 15:26:44,702 [pool-23-thread-1] INFO server.RaftServerConfigKeys: raft.server.log.corruption.policy = EXCEPTION (default)
datanode_3  | 2022-12-06 15:26:33,056 [main] INFO server.Server: Started @100498ms
datanode_1  | 	at java.base/javax.security.auth.Subject.doAs(Subject.java:423)
recon_1     | 2022-12-06 15:26:38,592 [main] INFO net.NodeSchemaLoader: Loading schema from [file:/etc/hadoop/network-topology-default.xml, jar:file:/opt/hadoop/share/ozone/lib/hdds-common-1.3.0-SNAPSHOT.jar!/network-topology-default.xml]
recon_1     | 2022-12-06 15:26:38,645 [main] INFO net.NodeSchemaLoader: Loading network topology layer schema file
