datanode_1  | 2022-12-06 15:27:04,480 [c87aad47-ddb7-40cc-82ac-d14821c7062b@group-FBDEE4D5C11F-LeaderElection1] INFO impl.LeaderElection: c87aad47-ddb7-40cc-82ac-d14821c7062b@group-FBDEE4D5C11F-LeaderElection1 ELECTION round 0: submit vote requests at term 3 for -1: peers:[fb9bc14a-214f-4b98-ac16-78df9cbc03b9|rpc:172.18.0.4:9856|admin:172.18.0.4:9857|client:172.18.0.4:9858|dataStream:|priority:0|startupRole:FOLLOWER, edc578e2-a6b9-4ce1-8aa3-e1cbe899d73a|rpc:172.18.0.10:9856|admin:172.18.0.10:9857|client:172.18.0.10:9858|dataStream:|priority:1|startupRole:FOLLOWER, c87aad47-ddb7-40cc-82ac-d14821c7062b|rpc:172.18.0.5:9856|admin:172.18.0.5:9857|client:172.18.0.5:9858|dataStream:|priority:0|startupRole:FOLLOWER]|listeners:[], old=null
datanode_1  | 2022-12-06 15:27:04,488 [c87aad47-ddb7-40cc-82ac-d14821c7062b@group-FBDEE4D5C11F-LeaderElection1] INFO server.RaftServerConfigKeys: raft.server.rpc.first-election.timeout.min = 5s (fallback to raft.server.rpc.timeout.min)
datanode_1  | 2022-12-06 15:27:04,489 [c87aad47-ddb7-40cc-82ac-d14821c7062b@group-FBDEE4D5C11F-LeaderElection1] INFO server.RaftServerConfigKeys: raft.server.rpc.first-election.timeout.max = 5200ms (fallback to raft.server.rpc.timeout.max)
datanode_1  | 2022-12-06 15:27:04,497 [c87aad47-ddb7-40cc-82ac-d14821c7062b@group-FBDEE4D5C11F-LeaderElection1-1] INFO server.GrpcServerProtocolClient: Build channel for fb9bc14a-214f-4b98-ac16-78df9cbc03b9
datanode_1  | 2022-12-06 15:27:04,497 [c87aad47-ddb7-40cc-82ac-d14821c7062b@group-FBDEE4D5C11F-LeaderElection1-2] INFO server.GrpcServerProtocolClient: Build channel for edc578e2-a6b9-4ce1-8aa3-e1cbe899d73a
datanode_1  | 2022-12-06 15:27:04,558 [grpc-default-executor-1] INFO server.RaftServer$Division: c87aad47-ddb7-40cc-82ac-d14821c7062b@group-FBDEE4D5C11F: receive requestVote(ELECTION, fb9bc14a-214f-4b98-ac16-78df9cbc03b9, group-FBDEE4D5C11F, 3, (t:0, i:0))
datanode_1  | 2022-12-06 15:27:04,562 [grpc-default-executor-1] INFO impl.VoteContext: c87aad47-ddb7-40cc-82ac-d14821c7062b@group-FBDEE4D5C11F-CANDIDATE: reject ELECTION from fb9bc14a-214f-4b98-ac16-78df9cbc03b9: already has voted for c87aad47-ddb7-40cc-82ac-d14821c7062b at current term 3
datanode_1  | 2022-12-06 15:27:04,563 [grpc-default-executor-1] INFO server.RaftServer$Division: c87aad47-ddb7-40cc-82ac-d14821c7062b@group-FBDEE4D5C11F replies to ELECTION vote request: fb9bc14a-214f-4b98-ac16-78df9cbc03b9<-c87aad47-ddb7-40cc-82ac-d14821c7062b#0:FAIL-t3. Peer's state: c87aad47-ddb7-40cc-82ac-d14821c7062b@group-FBDEE4D5C11F:t3, leader=null, voted=c87aad47-ddb7-40cc-82ac-d14821c7062b, raftlog=Memoized:c87aad47-ddb7-40cc-82ac-d14821c7062b@group-FBDEE4D5C11F-SegmentedRaftLog:OPENED:c-1, conf=-1: peers:[fb9bc14a-214f-4b98-ac16-78df9cbc03b9|rpc:172.18.0.4:9856|admin:172.18.0.4:9857|client:172.18.0.4:9858|dataStream:|priority:0|startupRole:FOLLOWER, edc578e2-a6b9-4ce1-8aa3-e1cbe899d73a|rpc:172.18.0.10:9856|admin:172.18.0.10:9857|client:172.18.0.10:9858|dataStream:|priority:1|startupRole:FOLLOWER, c87aad47-ddb7-40cc-82ac-d14821c7062b|rpc:172.18.0.5:9856|admin:172.18.0.5:9857|client:172.18.0.5:9858|dataStream:|priority:0|startupRole:FOLLOWER]|listeners:[], old=null
datanode_1  | 2022-12-06 15:27:06,041 [c87aad47-ddb7-40cc-82ac-d14821c7062b@group-FBDEE4D5C11F-LeaderElection1] INFO impl.LeaderElection: c87aad47-ddb7-40cc-82ac-d14821c7062b@group-FBDEE4D5C11F-LeaderElection1: ELECTION REJECTED received 1 response(s) and 0 exception(s):
recon_1     | 2022-12-06 15:28:24,005 [pool-29-thread-1] INFO impl.OzoneManagerServiceProviderImpl: Obtaining delta updates from Ozone Manager
recon_1     | 2022-12-06 15:28:24,005 [pool-29-thread-1] INFO impl.OzoneManagerServiceProviderImpl: OriginalFromSequenceNumber : 4 
recon_1     | 2022-12-06 15:28:24,150 [pool-29-thread-1] INFO impl.OzoneManagerServiceProviderImpl: Number of updates received from OM : 5, SequenceNumber diff: 13, SequenceNumber Lag from OM 0.
scm_1       | 2022-12-06 15:25:52,522 [main] INFO server.RaftServer: 3ef79d7a-f482-463c-9517-09ac3e349984: addNew group-EA12EDE1F2A6:[] returns group-EA12EDE1F2A6:java.util.concurrent.CompletableFuture@1e226bcd[Not completed]
om_1        | 2022-12-06 15:26:55,152 [pool-27-thread-1] INFO server.RaftServerConfigKeys: raft.server.threadpool.client.size = 0 (default)
datanode_1  | 2022-12-06 15:27:06,041 [c87aad47-ddb7-40cc-82ac-d14821c7062b@group-FBDEE4D5C11F-LeaderElection1] INFO impl.LeaderElection:   Response 0: c87aad47-ddb7-40cc-82ac-d14821c7062b<-edc578e2-a6b9-4ce1-8aa3-e1cbe899d73a#0:FAIL-t3
recon_1     | 2022-12-06 15:28:24,150 [pool-29-thread-1] INFO impl.OzoneManagerServiceProviderImpl: Delta updates received from OM : 1 loops, 13 records
datanode_2  | 2022-12-06 15:26:46,883 [pool-23-thread-1] INFO server.RaftServerConfigKeys: raft.server.log.purge.upto.snapshot.index = false (default)
datanode_3  | 2022-12-06 15:26:51,903 [pool-23-thread-1] INFO server.RaftServerConfigKeys: raft.server.retrycache.statistics.expirytime = 100?s (default)
scm_1       | 2022-12-06 15:25:52,562 [pool-16-thread-1] INFO server.RaftServer$Division: 3ef79d7a-f482-463c-9517-09ac3e349984: new RaftServerImpl for group-EA12EDE1F2A6:[] with SCMStateMachine:uninitialized
om_1        | 2022-12-06 15:26:57,120 [main] INFO reflections.Reflections: Reflections took 3612 ms to scan 8 urls, producing 23 keys and 529 values [using 2 cores]
datanode_1  | 2022-12-06 15:27:06,042 [c87aad47-ddb7-40cc-82ac-d14821c7062b@group-FBDEE4D5C11F-LeaderElection1] INFO impl.LeaderElection: c87aad47-ddb7-40cc-82ac-d14821c7062b@group-FBDEE4D5C11F-LeaderElection1 ELECTION round 0: result REJECTED
datanode_1  | 2022-12-06 15:27:06,042 [c87aad47-ddb7-40cc-82ac-d14821c7062b@group-FBDEE4D5C11F-LeaderElection1] INFO server.RaftServer$Division: c87aad47-ddb7-40cc-82ac-d14821c7062b@group-FBDEE4D5C11F: changes role from CANDIDATE to FOLLOWER at term 3 for REJECTED
datanode_2  | 2022-12-06 15:26:46,885 [fb9bc14a-214f-4b98-ac16-78df9cbc03b9@group-FBDEE4D5C11F-FollowerState] INFO server.RaftServerConfigKeys: raft.server.rpc.first-election.timeout.min = 5s (fallback to raft.server.rpc.timeout.min)
datanode_3  | 2022-12-06 15:26:52,263 [pool-23-thread-1] INFO server.RaftServerConfigKeys: raft.server.log.appender.install.snapshot.enabled = false (custom)
scm_1       | 2022-12-06 15:25:52,565 [pool-16-thread-1] INFO server.RaftServerConfigKeys: raft.server.rpc.timeout.min = 5000ms (custom)
om_1        | 2022-12-06 15:26:57,626 [main] INFO ipc.CallQueueManager: Using callQueue: class java.util.concurrent.LinkedBlockingQueue, queueCapacity: 10000, scheduler: class org.apache.hadoop.ipc.DefaultRpcScheduler, ipcBackoff: false.
om_1        | 2022-12-06 15:26:57,643 [Socket Reader #1 for port 9862] INFO ipc.Server: Starting Socket Reader #1 for port 9862
recon_1     | 2022-12-06 15:28:24,160 [pool-30-thread-1] INFO tasks.NSSummaryTaskWithFSO: Completed a process run of NSSummaryTaskWithFSO
datanode_2  | 2022-12-06 15:26:46,890 [Command processor thread] INFO ratis.XceiverServerRatis: Created group PipelineID=07671000-4263-4e65-a69d-fbdee4d5c11f
datanode_2  | 2022-12-06 15:26:46,911 [fb9bc14a-214f-4b98-ac16-78df9cbc03b9@group-FBDEE4D5C11F-FollowerState] INFO server.RaftServerConfigKeys: raft.server.rpc.first-election.timeout.max = 5200ms (fallback to raft.server.rpc.timeout.max)
scm_1       | 2022-12-06 15:25:52,566 [pool-16-thread-1] INFO server.RaftServerConfigKeys: raft.server.rpc.timeout.max = 5200ms (custom)
om_1        | 2022-12-06 15:27:02,640 [Listener at om/9862] INFO impl.MetricsConfig: Loaded properties from hadoop-metrics2.properties
datanode_1  | 2022-12-06 15:27:06,042 [c87aad47-ddb7-40cc-82ac-d14821c7062b@group-FBDEE4D5C11F-LeaderElection1] INFO impl.RoleInfo: c87aad47-ddb7-40cc-82ac-d14821c7062b: shutdown c87aad47-ddb7-40cc-82ac-d14821c7062b@group-FBDEE4D5C11F-LeaderElection1
recon_1     | 2022-12-06 15:28:24,161 [pool-30-thread-1] INFO tasks.NSSummaryTaskWithLegacy: Completed a process run of NSSummaryTaskWithLegacy
datanode_2  | 2022-12-06 15:26:47,606 [EndpointStateMachine task thread for recon/172.18.0.6:9891 - 0 ] WARN statemachine.EndpointStateMachine: Unable to communicate to Recon server at recon:9891 for past 0 seconds.
datanode_3  | 2022-12-06 15:26:52,267 [pool-23-thread-1] INFO server.RaftServerConfigKeys: raft.server.threadpool.server.cached = true (default)
scm_1       | 2022-12-06 15:25:52,574 [pool-16-thread-1] INFO server.RaftServerConfigKeys: raft.server.rpc.sleep.time = 25ms (default)
om_1        | 2022-12-06 15:27:02,729 [Listener at om/9862] INFO impl.MetricsSystemImpl: Scheduled Metric snapshot period at 10 second(s).
datanode_1  | 2022-12-06 15:27:06,050 [c87aad47-ddb7-40cc-82ac-d14821c7062b@group-FBDEE4D5C11F-LeaderElection1] INFO impl.RoleInfo: c87aad47-ddb7-40cc-82ac-d14821c7062b: start c87aad47-ddb7-40cc-82ac-d14821c7062b@group-FBDEE4D5C11F-FollowerState
recon_1     | 2022-12-06 15:28:24,540 [pool-30-thread-1] INFO tasks.TableCountTask: Completed a 'process' run of TableCountTask.
datanode_2  | java.io.IOException: DestHost:destPort recon:9891 , LocalHost:localPort 39daf4edc67d/172.18.0.4:0. Failed on local exception: java.io.IOException: java.net.SocketTimeoutException: 5000 millis timeout while waiting for channel to be ready for read. ch : java.nio.channels.SocketChannel[connected local=/172.18.0.4:48972 remote=recon/172.18.0.6:9891]
datanode_3  | 2022-12-06 15:26:52,270 [pool-23-thread-1] INFO server.RaftServerConfigKeys: raft.server.threadpool.server.size = 0 (default)
scm_1       | 2022-12-06 15:25:52,574 [pool-16-thread-1] INFO server.RaftServerConfigKeys: raft.server.rpc.slowness.timeout = 120000ms (custom)
om_1        | 2022-12-06 15:27:02,729 [Listener at om/9862] INFO impl.MetricsSystemImpl: OzoneManager metrics system started
datanode_1  | 2022-12-06 15:27:06,057 [c87aad47-ddb7-40cc-82ac-d14821c7062b@group-FBDEE4D5C11F-FollowerState] INFO server.RaftServerConfigKeys: raft.server.rpc.first-election.timeout.min = 5s (fallback to raft.server.rpc.timeout.min)
recon_1     | 2022-12-06 15:28:24,557 [pool-30-thread-1] INFO tasks.ContainerKeyMapperTask: ContainerKeyMapperTask successfully processed 1 OM DB update event(s).
datanode_2  | 	at java.base/jdk.internal.reflect.NativeConstructorAccessorImpl.newInstance0(Native Method)
datanode_3  | 2022-12-06 15:26:52,270 [pool-23-thread-1] INFO server.RaftServerConfigKeys: raft.server.threadpool.client.cached = true (default)
datanode_3  | 2022-12-06 15:26:52,272 [pool-23-thread-1] INFO server.RaftServerConfigKeys: raft.server.threadpool.client.size = 0 (default)
scm_1       | 2022-12-06 15:25:52,574 [pool-16-thread-1] INFO server.RaftServerConfigKeys: raft.server.leaderelection.leader.step-down.wait-time = 10s (default)
om_1        | 2022-12-06 15:27:02,967 [Listener at om/9862] INFO om.OzoneManager: OzoneManager RPC server is listening at om/172.18.0.3:9862
datanode_1  | 2022-12-06 15:27:06,079 [c87aad47-ddb7-40cc-82ac-d14821c7062b@group-FBDEE4D5C11F-FollowerState] INFO server.RaftServerConfigKeys: raft.server.rpc.first-election.timeout.max = 5200ms (fallback to raft.server.rpc.timeout.max)
datanode_1  | 2022-12-06 15:27:09,668 [grpc-default-executor-2] INFO server.RaftServer$Division: c87aad47-ddb7-40cc-82ac-d14821c7062b@group-FBDEE4D5C11F: receive requestVote(ELECTION, fb9bc14a-214f-4b98-ac16-78df9cbc03b9, group-FBDEE4D5C11F, 4, (t:0, i:0))
datanode_2  | 	at java.base/jdk.internal.reflect.NativeConstructorAccessorImpl.newInstance(NativeConstructorAccessorImpl.java:62)
datanode_3  | 2022-12-06 15:26:52,275 [pool-23-thread-1] INFO storage.RaftStorageDirectory: The storage directory /data/metadata/ratis/07671000-4263-4e65-a69d-fbdee4d5c11f does not exist. Creating ...
scm_1       | 2022-12-06 15:25:52,575 [pool-16-thread-1] INFO server.RaftServerConfigKeys: raft.server.sleep.deviation.threshold = 300ms (default)
om_1        | 2022-12-06 15:27:02,968 [Listener at om/9862] INFO ratis.OzoneManagerRatisServer: Starting OzoneManagerRatisServer om1 at port 9872
datanode_1  | 2022-12-06 15:27:09,670 [grpc-default-executor-2] INFO impl.VoteContext: c87aad47-ddb7-40cc-82ac-d14821c7062b@group-FBDEE4D5C11F-FOLLOWER: accept ELECTION from fb9bc14a-214f-4b98-ac16-78df9cbc03b9: our priority 0 <= candidate's priority 0
recon_1     | 2022-12-06 15:28:24,601 [pool-30-thread-1] INFO tasks.FileSizeCountTask: Completed a 'process' run of FileSizeCountTask.
datanode_2  | 	at java.base/jdk.internal.reflect.DelegatingConstructorAccessorImpl.newInstance(DelegatingConstructorAccessorImpl.java:45)
datanode_3  | 2022-12-06 15:26:52,299 [pool-23-thread-1] INFO storage.RaftStorageDirectory: Lock on /data/metadata/ratis/07671000-4263-4e65-a69d-fbdee4d5c11f/in_use.lock acquired by nodename 7@ba0127e79741
datanode_3  | 2022-12-06 15:26:52,335 [pool-23-thread-1] INFO storage.RaftStorage: Storage directory /data/metadata/ratis/07671000-4263-4e65-a69d-fbdee4d5c11f has been successfully formatted.
scm_1       | 2022-12-06 15:25:52,587 [pool-16-thread-1] INFO server.RaftServer$Division: 3ef79d7a-f482-463c-9517-09ac3e349984@group-EA12EDE1F2A6: ConfigurationManager, init=-1: peers:[]|listeners:[], old=null, confs=<EMPTY_MAP>
om_1        | 2022-12-06 15:27:02,978 [om1-impl-thread1] INFO storage.RaftStorageDirectory: The storage directory /data/metadata/ratis/bf265839-605b-3f16-9796-c5ba1605619e does not exist. Creating ...
datanode_1  | 2022-12-06 15:27:09,670 [grpc-default-executor-2] INFO server.RaftServer$Division: c87aad47-ddb7-40cc-82ac-d14821c7062b@group-FBDEE4D5C11F: changes role from  FOLLOWER to FOLLOWER at term 4 for candidate:fb9bc14a-214f-4b98-ac16-78df9cbc03b9
recon_1     | 2022-12-06 15:28:31,439 [Socket Reader #1 for port 9891] INFO ipc.Server: Auth successful for dn/dn@EXAMPLE.COM (auth:KERBEROS) from 172.18.0.10:59704
datanode_2  | 	at java.base/java.lang.reflect.Constructor.newInstance(Constructor.java:490)
scm_1       | 2022-12-06 15:25:52,588 [pool-16-thread-1] INFO server.RaftServerConfigKeys: raft.server.storage.dir = [/data/metadata/scm-ha] (custom)
datanode_1  | 2022-12-06 15:27:09,670 [grpc-default-executor-2] INFO impl.RoleInfo: c87aad47-ddb7-40cc-82ac-d14821c7062b: shutdown c87aad47-ddb7-40cc-82ac-d14821c7062b@group-FBDEE4D5C11F-FollowerState
datanode_1  | 2022-12-06 15:27:09,671 [c87aad47-ddb7-40cc-82ac-d14821c7062b@group-FBDEE4D5C11F-FollowerState] INFO impl.FollowerState: c87aad47-ddb7-40cc-82ac-d14821c7062b@group-FBDEE4D5C11F-FollowerState was interrupted
recon_1     | 2022-12-06 15:28:31,454 [Socket Reader #1 for port 9891] INFO authorize.ServiceAuthorizationManager: Authorization successful for dn/dn@EXAMPLE.COM (auth:KERBEROS) for protocol=interface org.apache.hadoop.ozone.protocol.ReconDatanodeProtocol
recon_1     | 2022-12-06 15:28:31,910 [Socket Reader #1 for port 9891] INFO ipc.Server: Auth successful for dn/dn@EXAMPLE.COM (auth:KERBEROS) from 172.18.0.5:42368
om_1        | 2022-12-06 15:27:02,994 [om1-impl-thread1] INFO storage.RaftStorageDirectory: Lock on /data/metadata/ratis/bf265839-605b-3f16-9796-c5ba1605619e/in_use.lock acquired by nodename 7@om
datanode_3  | 2022-12-06 15:26:52,396 [pool-23-thread-1] INFO ratis.ContainerStateMachine: group-FBDEE4D5C11F: The snapshot info is null. Setting the last applied indexto:(t:0, i:~)
scm_1       | 2022-12-06 15:25:52,593 [pool-16-thread-1] INFO server.RaftServerConfigKeys: raft.server.log.corruption.policy = EXCEPTION (default)
recon_1     | 2022-12-06 15:28:31,924 [Socket Reader #1 for port 9891] INFO authorize.ServiceAuthorizationManager: Authorization successful for dn/dn@EXAMPLE.COM (auth:KERBEROS) for protocol=interface org.apache.hadoop.ozone.protocol.ReconDatanodeProtocol
recon_1     | 2022-12-06 15:28:32,056 [Socket Reader #1 for port 9891] INFO ipc.Server: Auth successful for dn/dn@EXAMPLE.COM (auth:KERBEROS) from 172.18.0.4:48670
recon_1     | 2022-12-06 15:28:32,063 [Socket Reader #1 for port 9891] INFO authorize.ServiceAuthorizationManager: Authorization successful for dn/dn@EXAMPLE.COM (auth:KERBEROS) for protocol=interface org.apache.hadoop.ozone.protocol.ReconDatanodeProtocol
datanode_2  | 	at org.apache.hadoop.net.NetUtils.wrapWithMessage(NetUtils.java:913)
datanode_2  | 	at org.apache.hadoop.net.NetUtils.wrapException(NetUtils.java:888)
datanode_3  | 2022-12-06 15:26:52,411 [pool-23-thread-1] INFO server.RaftServerConfigKeys: raft.server.log.use.memory = false (default)
scm_1       | 2022-12-06 15:25:52,603 [pool-16-thread-1] INFO server.RaftServerConfigKeys: raft.server.storage.free-space.min = 0MB (=0) (default)
recon_1     | 2022-12-06 15:29:01,441 [Socket Reader #1 for port 9891] INFO ipc.Server: Auth successful for dn/dn@EXAMPLE.COM (auth:KERBEROS) from 172.18.0.10:44086
datanode_1  | 2022-12-06 15:27:09,671 [grpc-default-executor-2] INFO impl.RoleInfo: c87aad47-ddb7-40cc-82ac-d14821c7062b: start c87aad47-ddb7-40cc-82ac-d14821c7062b@group-FBDEE4D5C11F-FollowerState
datanode_2  | 	at org.apache.hadoop.ipc.Client.getRpcResponse(Client.java:1616)
om_1        | 2022-12-06 15:27:03,083 [om1-impl-thread1] INFO storage.RaftStorage: Storage directory /data/metadata/ratis/bf265839-605b-3f16-9796-c5ba1605619e has been successfully formatted.
datanode_3  | 2022-12-06 15:26:52,559 [pool-23-thread-1] INFO server.RaftServerConfigKeys: raft.server.log.purge.gap = 1000000 (custom)
scm_1       | 2022-12-06 15:25:52,632 [pool-16-thread-1] INFO server.RaftServerConfigKeys: raft.server.notification.no-leader.timeout = 60s (default)
recon_1     | 2022-12-06 15:29:01,459 [Socket Reader #1 for port 9891] INFO authorize.ServiceAuthorizationManager: Authorization successful for dn/dn@EXAMPLE.COM (auth:KERBEROS) for protocol=interface org.apache.hadoop.ozone.protocol.ReconDatanodeProtocol
datanode_1  | 2022-12-06 15:27:09,679 [grpc-default-executor-2] INFO server.RaftServer$Division: c87aad47-ddb7-40cc-82ac-d14821c7062b@group-FBDEE4D5C11F replies to ELECTION vote request: fb9bc14a-214f-4b98-ac16-78df9cbc03b9<-c87aad47-ddb7-40cc-82ac-d14821c7062b#0:OK-t4. Peer's state: c87aad47-ddb7-40cc-82ac-d14821c7062b@group-FBDEE4D5C11F:t4, leader=null, voted=fb9bc14a-214f-4b98-ac16-78df9cbc03b9, raftlog=Memoized:c87aad47-ddb7-40cc-82ac-d14821c7062b@group-FBDEE4D5C11F-SegmentedRaftLog:OPENED:c-1, conf=-1: peers:[fb9bc14a-214f-4b98-ac16-78df9cbc03b9|rpc:172.18.0.4:9856|admin:172.18.0.4:9857|client:172.18.0.4:9858|dataStream:|priority:0|startupRole:FOLLOWER, edc578e2-a6b9-4ce1-8aa3-e1cbe899d73a|rpc:172.18.0.10:9856|admin:172.18.0.10:9857|client:172.18.0.10:9858|dataStream:|priority:1|startupRole:FOLLOWER, c87aad47-ddb7-40cc-82ac-d14821c7062b|rpc:172.18.0.5:9856|admin:172.18.0.5:9857|client:172.18.0.5:9858|dataStream:|priority:0|startupRole:FOLLOWER]|listeners:[], old=null
datanode_2  | 	at org.apache.hadoop.ipc.Client.call(Client.java:1558)
om_1        | 2022-12-06 15:27:03,093 [om1-impl-thread1] INFO server.RaftServerConfigKeys: raft.server.log.use.memory = false (default)
datanode_2  | 	at org.apache.hadoop.ipc.Client.call(Client.java:1455)
scm_1       | 2022-12-06 15:25:52,639 [pool-16-thread-1] INFO server.RaftServerConfigKeys: raft.server.retrycache.expirytime = 60000ms (default)
recon_1     | 2022-12-06 15:29:01,910 [Socket Reader #1 for port 9891] INFO ipc.Server: Auth successful for dn/dn@EXAMPLE.COM (auth:KERBEROS) from 172.18.0.5:41208
datanode_1  | 2022-12-06 15:27:09,696 [c87aad47-ddb7-40cc-82ac-d14821c7062b@group-FBDEE4D5C11F-FollowerState] INFO server.RaftServerConfigKeys: raft.server.rpc.first-election.timeout.min = 5s (fallback to raft.server.rpc.timeout.min)
scm_1       | 2022-12-06 15:25:52,642 [pool-16-thread-1] INFO server.RaftServerConfigKeys: raft.server.retrycache.statistics.expirytime = 100?s (default)
recon_1     | 2022-12-06 15:29:01,923 [Socket Reader #1 for port 9891] INFO authorize.ServiceAuthorizationManager: Authorization successful for dn/dn@EXAMPLE.COM (auth:KERBEROS) for protocol=interface org.apache.hadoop.ozone.protocol.ReconDatanodeProtocol
datanode_1  | 2022-12-06 15:27:09,696 [c87aad47-ddb7-40cc-82ac-d14821c7062b@group-FBDEE4D5C11F-FollowerState] INFO server.RaftServerConfigKeys: raft.server.rpc.first-election.timeout.max = 5200ms (fallback to raft.server.rpc.timeout.max)
om_1        | 2022-12-06 15:27:03,117 [om1-impl-thread1] INFO server.RaftServerConfigKeys: raft.server.log.purge.gap = 1000000 (custom)
scm_1       | 2022-12-06 15:25:52,884 [pool-16-thread-1] INFO server.RaftServerConfigKeys: raft.server.log.appender.install.snapshot.enabled = false (custom)
recon_1     | 2022-12-06 15:29:02,070 [Socket Reader #1 for port 9891] INFO ipc.Server: Auth successful for dn/dn@EXAMPLE.COM (auth:KERBEROS) from 172.18.0.4:57638
datanode_1  | 2022-12-06 15:27:12,588 [pool-23-thread-1] INFO server.RaftServer$Division: c87aad47-ddb7-40cc-82ac-d14821c7062b: new RaftServerImpl for group-72C375EC6128:[c87aad47-ddb7-40cc-82ac-d14821c7062b|rpc:172.18.0.5:9856|admin:172.18.0.5:9857|client:172.18.0.5:9858|priority:1|startupRole:FOLLOWER] with ContainerStateMachine:uninitialized
datanode_3  | 2022-12-06 15:26:52,561 [pool-23-thread-1] INFO server.RaftServerConfigKeys: raft.server.log.appender.buffer.byte-limit = 33554432 (custom)
datanode_2  | 	at org.apache.hadoop.ipc.ProtobufRpcEngine$Invoker.invoke(ProtobufRpcEngine.java:235)
om_1        | 2022-12-06 15:27:03,119 [om1-impl-thread1] INFO server.RaftServerConfigKeys: raft.server.log.appender.buffer.byte-limit = 33554432 (custom)
scm_1       | 2022-12-06 15:25:52,886 [pool-16-thread-1] INFO server.RaftServerConfigKeys: raft.server.threadpool.server.cached = true (default)
scm_1       | 2022-12-06 15:25:52,887 [pool-16-thread-1] INFO server.RaftServerConfigKeys: raft.server.threadpool.server.size = 0 (default)
datanode_1  | 2022-12-06 15:27:12,592 [pool-23-thread-1] INFO server.RaftServerConfigKeys: raft.server.rpc.timeout.min = 5s (custom)
datanode_3  | 2022-12-06 15:26:52,566 [pool-23-thread-1] INFO server.RaftServerConfigKeys: raft.server.log.statemachine.data.read.timeout = 1000ms (default)
datanode_2  | 	at org.apache.hadoop.ipc.ProtobufRpcEngine$Invoker.invoke(ProtobufRpcEngine.java:122)
om_1        | 2022-12-06 15:27:03,140 [om1-impl-thread1] INFO server.RaftServerConfigKeys: raft.server.log.statemachine.data.read.timeout = 1000ms (default)
recon_1     | 2022-12-06 15:29:02,086 [Socket Reader #1 for port 9891] INFO authorize.ServiceAuthorizationManager: Authorization successful for dn/dn@EXAMPLE.COM (auth:KERBEROS) for protocol=interface org.apache.hadoop.ozone.protocol.ReconDatanodeProtocol
scm_1       | 2022-12-06 15:25:52,888 [pool-16-thread-1] INFO server.RaftServerConfigKeys: raft.server.threadpool.client.cached = true (default)
datanode_1  | 2022-12-06 15:27:12,593 [pool-23-thread-1] INFO server.RaftServerConfigKeys: raft.server.rpc.timeout.max = 5200ms (custom)
datanode_3  | 2022-12-06 15:26:52,579 [pool-23-thread-1] INFO server.RaftServerConfigKeys: raft.server.log.purge.preservation.log.num = 0 (default)
datanode_2  | 	at com.sun.proxy.$Proxy41.submitRequest(Unknown Source)
datanode_2  | 	at org.apache.hadoop.ozone.protocolPB.StorageContainerDatanodeProtocolClientSideTranslatorPB.submitRequest(StorageContainerDatanodeProtocolClientSideTranslatorPB.java:117)
datanode_2  | 	at org.apache.hadoop.ozone.protocolPB.StorageContainerDatanodeProtocolClientSideTranslatorPB.getVersion(StorageContainerDatanodeProtocolClientSideTranslatorPB.java:133)
datanode_2  | 	at org.apache.hadoop.ozone.container.common.states.endpoint.VersionEndpointTask.call(VersionEndpointTask.java:69)
datanode_2  | 	at org.apache.hadoop.ozone.container.common.states.endpoint.VersionEndpointTask.call(VersionEndpointTask.java:40)
datanode_1  | 2022-12-06 15:27:12,594 [pool-23-thread-1] INFO server.RaftServerConfigKeys: raft.server.rpc.sleep.time = 25ms (default)
datanode_3  | 2022-12-06 15:26:52,614 [pool-23-thread-1] INFO server.RaftServerConfigKeys: raft.server.log.segment.size.max = 1048576 (custom)
datanode_2  | 	at java.base/java.util.concurrent.FutureTask.run(FutureTask.java:264)
om_1        | 2022-12-06 15:27:03,144 [om1-impl-thread1] INFO server.RaftServerConfigKeys: raft.server.log.purge.preservation.log.num = 0 (default)
recon_1     | 2022-12-06 15:29:24,613 [pool-29-thread-1] INFO impl.OzoneManagerServiceProviderImpl: Syncing data from Ozone Manager.
scm_1       | 2022-12-06 15:25:52,889 [pool-16-thread-1] INFO server.RaftServerConfigKeys: raft.server.threadpool.client.size = 0 (default)
scm_1       | 2022-12-06 15:25:52,892 [main] INFO ha.SCMSnapshotProvider: Initializing SCM Snapshot Provider
datanode_3  | 2022-12-06 15:26:52,674 [pool-23-thread-1] INFO server.RaftServerConfigKeys: raft.server.log.segment.cache.num.max = 2 (custom)
datanode_1  | 2022-12-06 15:27:12,594 [pool-23-thread-1] INFO server.RaftServerConfigKeys: raft.server.rpc.slowness.timeout = 300s (custom)
om_1        | 2022-12-06 15:27:03,158 [om1-impl-thread1] INFO server.RaftServerConfigKeys: raft.server.log.segment.size.max = 4194304 (custom)
scm_1       | 2022-12-06 15:25:52,892 [main] WARN server.ServerUtils: Storage directory for Ratis is not configured. It is a good idea to map this to an SSD disk. Falling back to ozone.metadata.dirs
datanode_3  | 2022-12-06 15:26:52,674 [pool-23-thread-1] INFO server.RaftServerConfigKeys: raft.server.log.segment.cache.size.max = 200MB (=209715200) (default)
datanode_1  | 2022-12-06 15:27:12,595 [pool-23-thread-1] INFO server.RaftServerConfigKeys: raft.server.leaderelection.leader.step-down.wait-time = 10s (default)
datanode_1  | 2022-12-06 15:27:12,595 [pool-23-thread-1] INFO server.RaftServerConfigKeys: raft.server.sleep.deviation.threshold = 300ms (default)
datanode_1  | 2022-12-06 15:27:12,596 [pool-23-thread-1] INFO server.RaftServer$Division: c87aad47-ddb7-40cc-82ac-d14821c7062b@group-72C375EC6128: ConfigurationManager, init=-1: peers:[c87aad47-ddb7-40cc-82ac-d14821c7062b|rpc:172.18.0.5:9856|admin:172.18.0.5:9857|client:172.18.0.5:9858|priority:1|startupRole:FOLLOWER]|listeners:[], old=null, confs=<EMPTY_MAP>
recon_1     | 2022-12-06 15:29:24,614 [pool-29-thread-1] INFO impl.OzoneManagerServiceProviderImpl: Obtaining delta updates from Ozone Manager
scm_1       | 2022-12-06 15:25:52,893 [main] WARN ha.SCMHAUtils: SCM snapshot dir is not configured. Falling back to ozone.metadata.dirs config
scm_1       | 2022-12-06 15:25:53,149 [main] INFO upgrade.AbstractLayoutVersionManager: Initializing Layout version manager with metadata layout = DATANODE_SCHEMA_V3 (version = 4), software layout = DATANODE_SCHEMA_V3 (version = 4)
datanode_1  | 2022-12-06 15:27:12,596 [pool-23-thread-1] INFO server.RaftServerConfigKeys: raft.server.storage.dir = [/data/metadata/ratis] (custom)
om_1        | 2022-12-06 15:27:03,188 [om1-impl-thread1] INFO server.RaftServerConfigKeys: raft.server.log.segment.cache.num.max = 2 (custom)
datanode_2  | 	at java.base/java.util.concurrent.ThreadPoolExecutor.runWorker(ThreadPoolExecutor.java:1128)
recon_1     | 2022-12-06 15:29:24,615 [pool-29-thread-1] INFO impl.OzoneManagerServiceProviderImpl: OriginalFromSequenceNumber : 17 
scm_1       | 2022-12-06 15:25:53,416 [main] INFO reflections.Reflections: Reflections took 213 ms to scan 3 urls, producing 116 keys and 266 values 
datanode_3  | 2022-12-06 15:26:52,728 [pool-23-thread-1] INFO segmented.SegmentedRaftLogWorker: new edc578e2-a6b9-4ce1-8aa3-e1cbe899d73a@group-FBDEE4D5C11F-SegmentedRaftLogWorker for RaftStorageImpl:Storage Directory /data/metadata/ratis/07671000-4263-4e65-a69d-fbdee4d5c11f
datanode_3  | 2022-12-06 15:26:52,756 [pool-23-thread-1] INFO server.RaftServerConfigKeys: raft.server.log.queue.byte-limit = 4294967296 (custom)
om_1        | 2022-12-06 15:27:03,189 [om1-impl-thread1] INFO server.RaftServerConfigKeys: raft.server.log.segment.cache.size.max = 200MB (=209715200) (default)
datanode_2  | 	at java.base/java.util.concurrent.ThreadPoolExecutor$Worker.run(ThreadPoolExecutor.java:628)
datanode_2  | 	at java.base/java.lang.Thread.run(Thread.java:829)
recon_1     | 2022-12-06 15:29:24,679 [pool-29-thread-1] INFO impl.OzoneManagerServiceProviderImpl: Number of updates received from OM : 6, SequenceNumber diff: 16, SequenceNumber Lag from OM 0.
datanode_1  | 2022-12-06 15:27:12,597 [pool-23-thread-1] INFO server.RaftServerConfigKeys: raft.server.log.corruption.policy = EXCEPTION (default)
datanode_1  | 2022-12-06 15:27:12,597 [pool-23-thread-1] INFO server.RaftServerConfigKeys: raft.server.storage.free-space.min = 0MB (=0) (default)
om_1        | 2022-12-06 15:27:03,220 [om1-impl-thread1] INFO segmented.SegmentedRaftLogWorker: new om1@group-C5BA1605619E-SegmentedRaftLogWorker for RaftStorageImpl:Storage Directory /data/metadata/ratis/bf265839-605b-3f16-9796-c5ba1605619e
datanode_2  | Caused by: java.io.IOException: java.net.SocketTimeoutException: 5000 millis timeout while waiting for channel to be ready for read. ch : java.nio.channels.SocketChannel[connected local=/172.18.0.4:48972 remote=recon/172.18.0.6:9891]
scm_1       | 2022-12-06 15:25:53,554 [main] INFO ha.SequenceIdGenerator: upgrade localId to 109611004723200000
datanode_3  | 2022-12-06 15:26:52,757 [pool-23-thread-1] INFO server.RaftServerConfigKeys: raft.server.log.queue.element-limit = 1024 (custom)
datanode_1  | 2022-12-06 15:27:12,597 [pool-23-thread-1] INFO server.RaftServerConfigKeys: raft.server.notification.no-leader.timeout = 300s (custom)
recon_1     | 2022-12-06 15:29:24,682 [pool-29-thread-1] INFO impl.OzoneManagerServiceProviderImpl: Delta updates received from OM : 1 loops, 16 records
om_1        | 2022-12-06 15:27:03,223 [om1-impl-thread1] INFO server.Ra