kdc_1       | Dec 06 15:52:58 kdc krb5kdc[7](info): TGS_REQ (6 etypes {aes256-cts-hmac-sha1-96(18), aes128-cts-hmac-sha1-96(17), aes256-cts-hmac-sha384-192(20), aes128-cts-hmac-sha256-128(19), DEPRECATED:des3-cbc-sha1(16), DEPRECATED:arcfour-hmac(23)}) 172.18.0.9: ISSUE: authtime 1670341884, etypes {rep=aes256-cts-hmac-sha1-96(18), tkt=aes256-cts-hmac-sha1-96(18), ses=aes256-cts-hmac-sha1-96(18)}, testuser/scm@EXAMPLE.COM for om/om@EXAMPLE.COM
datanode_3  | 	at org.apache.hadoop.ipc.Client.call(Client.java:1455)
datanode_3  | 	at org.apache.hadoop.ipc.ProtobufRpcEngine$Invoker.invoke(ProtobufRpcEngine.java:235)
datanode_2  | 2022-12-06 15:26:45,919 [pool-23-thread-1] INFO server.RaftServerConfigKeys: raft.server.log.statemachine.data.sync.timeout.retry = -1 (default)
datanode_2  | 2022-12-06 15:26:45,922 [pool-23-thread-1] INFO server.RaftServerConfigKeys: raft.server.log.write.buffer.size = 1048576 (custom)
datanode_1  | 2022-12-06 15:26:56,897 [pool-23-thread-1] INFO segmented.SegmentedRaftLogWorker: c87aad47-ddb7-40cc-82ac-d14821c7062b@group-FBDEE4D5C11F-SegmentedRaftLogWorker: flushIndex: setUnconditionally 0 -> -1
om_1        | 2022-12-06 15:26:49,773 [main] INFO server.GrpcService: raft.grpc.message.size.max = 33554432 (custom)
om_1        | 2022-12-06 15:26:49,800 [main] INFO server.RaftServerConfigKeys: raft.server.log.appender.buffer.byte-limit = 33554432 (custom)
datanode_3  | 	at org.apache.hadoop.ipc.ProtobufRpcEngine$Invoker.invoke(ProtobufRpcEngine.java:122)
datanode_3  | 	at com.sun.proxy.$Proxy41.submitRequest(Unknown Source)
scm_1       | 2022-12-06 15:25:50,930 [main] WARN db.DBStoreBuilder: ozone.scm.db.dirs is not configured. We recommend adding this setting. Falling back to ozone.metadata.dirs instead.
datanode_2  | 2022-12-06 15:26:45,925 [pool-23-thread-1] INFO server.RaftServerConfigKeys: raft.server.log.appender.buffer.byte-limit = 33554432 (custom)
datanode_1  | 2022-12-06 15:26:56,898 [pool-23-thread-1] INFO segmented.SegmentedRaftLogWorker: c87aad47-ddb7-40cc-82ac-d14821c7062b@group-FBDEE4D5C11F-SegmentedRaftLogWorker: safeCacheEvictIndex: setUnconditionally 0 -> -1
kdc_1       | Dec 06 15:53:07 kdc krb5kdc[7](info): TGS_REQ (6 etypes {aes256-cts-hmac-sha1-96(18), aes128-cts-hmac-sha1-96(17), aes256-cts-hmac-sha384-192(20), aes128-cts-hmac-sha256-128(19), DEPRECATED:des3-cbc-sha1(16), DEPRECATED:arcfour-hmac(23)}) 172.18.0.9: ISSUE: authtime 1670341884, etypes {rep=aes256-cts-hmac-sha1-96(18), tkt=aes256-cts-hmac-sha1-96(18), ses=aes256-cts-hmac-sha1-96(18)}, testuser/scm@EXAMPLE.COM for om/om@EXAMPLE.COM
kdc_1       | Dec 06 15:53:15 kdc krb5kdc[7](info): TGS_REQ (6 etypes {aes256-cts-hmac-sha1-96(18), aes128-cts-hmac-sha1-96(17), aes256-cts-hmac-sha384-192(20), aes128-cts-hmac-sha256-128(19), DEPRECATED:des3-cbc-sha1(16), DEPRECATED:arcfour-hmac(23)}) 172.18.0.9: ISSUE: authtime 1670341884, etypes {rep=aes256-cts-hmac-sha1-96(18), tkt=aes256-cts-hmac-sha1-96(18), ses=aes256-cts-hmac-sha1-96(18)}, testuser/scm@EXAMPLE.COM for om/om@EXAMPLE.COM
kdc_1       | Dec 06 15:53:23 kdc krb5kdc[7](info): TGS_REQ (6 etypes {aes256-cts-hmac-sha1-96(18), aes128-cts-hmac-sha1-96(17), aes256-cts-hmac-sha384-192(20), aes128-cts-hmac-sha256-128(19), DEPRECATED:des3-cbc-sha1(16), DEPRECATED:arcfour-hmac(23)}) 172.18.0.9: ISSUE: authtime 1670341884, etypes {rep=aes256-cts-hmac-sha1-96(18), tkt=aes256-cts-hmac-sha1-96(18), ses=aes256-cts-hmac-sha1-96(18)}, testuser/scm@EXAMPLE.COM for om/om@EXAMPLE.COM
kdc_1       | Dec 06 15:53:35 kdc krb5kdc[7](info): TGS_REQ (6 etypes {aes256-cts-hmac-sha1-96(18), aes128-cts-hmac-sha1-96(17), aes256-cts-hmac-sha384-192(20), aes128-cts-hmac-sha256-128(19), DEPRECATED:des3-cbc-sha1(16), DEPRECATED:arcfour-hmac(23)}) 172.18.0.9: ISSUE: authtime 1670341884, etypes {rep=aes256-cts-hmac-sha1-96(18), tkt=aes256-cts-hmac-sha1-96(18), ses=aes256-cts-hmac-sha1-96(18)}, testuser/scm@EXAMPLE.COM for om/om@EXAMPLE.COM
recon_1     | 2022-12-06 15:27:20,992 [EventQueue-NewNodeForReconNewNodeHandler] INFO scm.ReconNodeManager: Adding new node fb9bc14a-214f-4b98-ac16-78df9cbc03b9 to Node DB.
scm_1       | 2022-12-06 15:25:51,343 [main] INFO net.NodeSchemaLoader: Loading schema from [file:/etc/hadoop/network-topology-default.xml, jar:file:/opt/hadoop/share/ozone/lib/hdds-common-1.3.0-SNAPSHOT.jar!/network-topology-default.xml]
datanode_2  | 2022-12-06 15:26:46,796 [JvmPauseMonitor0] WARN util.JvmPauseMonitor: JvmPauseMonitor-fb9bc14a-214f-4b98-ac16-78df9cbc03b9: Detected pause in JVM or host machine (eg GC): pause of approximately 740095812ns.
kdc_1       | Dec 06 15:53:47 kdc krb5kdc[7](info): TGS_REQ (6 etypes {aes256-cts-hmac-sha1-96(18), aes128-cts-hmac-sha1-96(17), aes256-cts-hmac-sha384-192(20), aes128-cts-hmac-sha256-128(19), DEPRECATED:des3-cbc-sha1(16), DEPRECATED:arcfour-hmac(23)}) 172.18.0.9: ISSUE: authtime 1670341884, etypes {rep=aes256-cts-hmac-sha1-96(18), tkt=aes256-cts-hmac-sha1-96(18), ses=aes256-cts-hmac-sha1-96(18)}, testuser/scm@EXAMPLE.COM for om/om@EXAMPLE.COM
kdc_1       | Dec 06 15:53:59 kdc krb5kdc[7](info): TGS_REQ (6 etypes {aes256-cts-hmac-sha1-96(18), aes128-cts-hmac-sha1-96(17), aes256-cts-hmac-sha384-192(20), aes128-cts-hmac-sha256-128(19), DEPRECATED:des3-cbc-sha1(16), DEPRECATED:arcfour-hmac(23)}) 172.18.0.9: ISSUE: authtime 1670341884, etypes {rep=aes256-cts-hmac-sha1-96(18), tkt=aes256-cts-hmac-sha1-96(18), ses=aes256-cts-hmac-sha1-96(18)}, testuser/scm@EXAMPLE.COM for om/om@EXAMPLE.COM
datanode_3  | 	at org.apache.hadoop.ozone.protocolPB.StorageContainerDatanodeProtocolClientSideTranslatorPB.submitRequest(StorageContainerDatanodeProtocolClientSideTranslatorPB.java:117)
datanode_1  | 2022-12-06 15:26:56,899 [pool-23-thread-1] INFO server.RaftServer$Division: c87aad47-ddb7-40cc-82ac-d14821c7062b@group-FBDEE4D5C11F: start as a follower, conf=-1: peers:[fb9bc14a-214f-4b98-ac16-78df9cbc03b9|rpc:172.18.0.4:9856|admin:172.18.0.4:9857|client:172.18.0.4:9858|dataStream:|priority:0|startupRole:FOLLOWER, edc578e2-a6b9-4ce1-8aa3-e1cbe899d73a|rpc:172.18.0.10:9856|admin:172.18.0.10:9857|client:172.18.0.10:9858|dataStream:|priority:1|startupRole:FOLLOWER, c87aad47-ddb7-40cc-82ac-d14821c7062b|rpc:172.18.0.5:9856|admin:172.18.0.5:9857|client:172.18.0.5:9858|dataStream:|priority:0|startupRole:FOLLOWER]|listeners:[], old=null
datanode_1  | 2022-12-06 15:26:56,900 [pool-23-thread-1] INFO server.RaftServer$Division: c87aad47-ddb7-40cc-82ac-d14821c7062b@group-FBDEE4D5C11F: changes role from      null to FOLLOWER at term 0 for startAsFollower
datanode_1  | 2022-12-06 15:26:56,902 [pool-23-thread-1] INFO impl.RoleInfo: c87aad47-ddb7-40cc-82ac-d14821c7062b: start c87aad47-ddb7-40cc-82ac-d14821c7062b@group-FBDEE4D5C11F-FollowerState
kdc_1       | Dec 06 15:54:10 kdc krb5kdc[7](info): TGS_REQ (6 etypes {aes256-cts-hmac-sha1-96(18), aes128-cts-hmac-sha1-96(17), aes256-cts-hmac-sha384-192(20), aes128-cts-hmac-sha256-128(19), DEPRECATED:des3-cbc-sha1(16), DEPRECATED:arcfour-hmac(23)}) 172.18.0.9: ISSUE: authtime 1670341884, etypes {rep=aes256-cts-hmac-sha1-96(18), tkt=aes256-cts-hmac-sha1-96(18), ses=aes256-cts-hmac-sha1-96(18)}, testuser/scm@EXAMPLE.COM for om/om@EXAMPLE.COM
om_1        | 2022-12-06 15:26:49,814 [main] INFO server.GrpcService: raft.grpc.flow.control.window = 1MB (=1048576) (default)
datanode_2  | GC pool 'ParNew' had collection(s): count=1 time=56ms
datanode_3  | 	at org.apache.hadoop.ozone.protocolPB.StorageContainerDatanodeProtocolClientSideTranslatorPB.getVersion(StorageContainerDatanodeProtocolClientSideTranslatorPB.java:133)
datanode_1  | 2022-12-06 15:26:56,924 [c87aad47-ddb7-40cc-82ac-d14821c7062b@group-FBDEE4D5C11F-FollowerState] INFO server.RaftServerConfigKeys: raft.server.rpc.first-election.timeout.min = 5s (fallback to raft.server.rpc.timeout.min)
datanode_1  | 2022-12-06 15:26:56,946 [c87aad47-ddb7-40cc-82ac-d14821c7062b@group-FBDEE4D5C11F-FollowerState] INFO server.RaftServerConfigKeys: raft.server.rpc.first-election.timeout.max = 5200ms (fallback to raft.server.rpc.timeout.max)
scm_1       | 2022-12-06 15:25:51,343 [main] INFO net.NodeSchemaLoader: Loading network topology layer schema file
kdc_1       | Dec 06 15:54:19 kdc krb5kdc[7](info): TGS_REQ (6 etypes {aes256-cts-hmac-sha1-96(18), aes128-cts-hmac-sha1-96(17), aes256-cts-hmac-sha384-192(20), aes128-cts-hmac-sha256-128(19), DEPRECATED:des3-cbc-sha1(16), DEPRECATED:arcfour-hmac(23)}) 172.18.0.9: ISSUE: authtime 1670341884, etypes {rep=aes256-cts-hmac-sha1-96(18), tkt=aes256-cts-hmac-sha1-96(18), ses=aes256-cts-hmac-sha1-96(18)}, testuser/scm@EXAMPLE.COM for om/om@EXAMPLE.COM
om_1        | 2022-12-06 15:26:49,826 [main] INFO server.RaftServerConfigKeys: raft.server.rpc.request.timeout = 3000ms (default)
datanode_2  | GC pool 'ConcurrentMarkSweep' had collection(s): count=1 time=796ms
datanode_3  | 	at org.apache.hadoop.ozone.container.common.states.endpoint.VersionEndpointTask.call(VersionEndpointTask.java:69)
datanode_3  | 	at org.apache.hadoop.ozone.container.common.states.endpoint.VersionEndpointTask.call(VersionEndpointTask.java:40)
datanode_1  | 2022-12-06 15:26:56,955 [pool-23-thread-1] INFO util.JmxRegister: Successfully registered JMX Bean with object name Ratis:service=RaftServer,group=group-FBDEE4D5C11F,id=c87aad47-ddb7-40cc-82ac-d14821c7062b
scm_1       | 2022-12-06 15:25:51,479 [main] INFO metrics.MetricRegistries: Loaded MetricRegistries class org.apache.ratis.metrics.impl.MetricRegistriesImpl
kdc_1       | Dec 06 15:54:26 kdc krb5kdc[7](info): TGS_REQ (6 etypes {aes256-cts-hmac-sha1-96(18), aes128-cts-hmac-sha1-96(17), aes256-cts-hmac-sha384-192(20), aes128-cts-hmac-sha256-128(19), DEPRECATED:des3-cbc-sha1(16), DEPRECATED:arcfour-hmac(23)}) 172.18.0.9: ISSUE: authtime 1670341884, etypes {rep=aes256-cts-hmac-sha1-96(18), tkt=aes256-cts-hmac-sha1-96(18), ses=aes256-cts-hmac-sha1-96(18)}, testuser/scm@EXAMPLE.COM for om/om@EXAMPLE.COM
om_1        | 2022-12-06 15:26:49,887 [main] INFO grpc.GrpcConfigKeys: raft.grpc.server.heartbeat.channel = true (default)
om_1        | 2022-12-06 15:26:49,916 [main] INFO grpc.GrpcConfigKeys: raft.grpc.server.async.request.thread.pool.cached = true (default)
datanode_3  | 	at java.base/java.util.concurrent.FutureTask.run(FutureTask.java:264)
recon_1     | 2022-12-06 15:27:22,685 [pool-29-thread-1] INFO impl.OzoneManagerServiceProviderImpl: Got new checkpoint from OM : /data/metadata/om.snapshot.db_1670340439651
datanode_1  | 2022-12-06 15:26:56,974 [pool-23-thread-1] INFO server.RaftServerConfigKeys: raft.server.snapshot.auto.trigger.enabled = true (custom)
scm_1       | 2022-12-06 15:25:51,519 [main] INFO ha.SCMRatisServerImpl: starting Raft server for scm:3ef79d7a-f482-463c-9517-09ac3e349984
kdc_1       | Dec 06 15:54:38 kdc krb5kdc[7](info): TGS_REQ (6 etypes {aes256-cts-hmac-sha1-96(18), aes128-cts-hmac-sha1-96(17), aes256-cts-hmac-sha384-192(20), aes128-cts-hmac-sha256-128(19), DEPRECATED:des3-cbc-sha1(16), DEPRECATED:arcfour-hmac(23)}) 172.18.0.9: ISSUE: authtime 1670341884, etypes {rep=aes256-cts-hmac-sha1-96(18), tkt=aes256-cts-hmac-sha1-96(18), ses=aes256-cts-hmac-sha1-96(18)}, testuser/scm@EXAMPLE.COM for om/om@EXAMPLE.COM
om_1        | 2022-12-06 15:26:49,918 [main] INFO grpc.GrpcConfigKeys: raft.grpc.server.async.request.thread.pool.size = 32 (default)
datanode_2  | 2022-12-06 15:26:46,818 [pool-23-thread-1] INFO server.RaftServerConfigKeys: raft.server.log.unsafe-flush.enabled = false (default)
datanode_3  | 	at java.base/java.util.concurrent.ThreadPoolExecutor.runWorker(ThreadPoolExecutor.java:1128)
datanode_3  | 	at java.base/java.util.concurrent.ThreadPoolExecutor$Worker.run(ThreadPoolExecutor.java:628)
datanode_1  | 2022-12-06 15:26:56,974 [pool-23-thread-1] INFO server.RaftServerConfigKeys: raft.server.snapshot.auto.trigger.threshold = 10000 (custom)
scm_1       | 2022-12-06 15:25:51,648 [main] INFO server.RaftServer: raft.rpc.type = GRPC (default)
kdc_1       | Dec 06 15:54:49 kdc krb5kdc[7](info): TGS_REQ (6 etypes {aes256-cts-hmac-sha1-96(18), aes128-cts-hmac-sha1-96(17), aes256-cts-hmac-sha384-192(20), aes128-cts-hmac-sha256-128(19), DEPRECATED:des3-cbc-sha1(16), DEPRECATED:arcfour-hmac(23)}) 172.18.0.9: ISSUE: authtime 1670341884, etypes {rep=aes256-cts-hmac-sha1-96(18), tkt=aes256-cts-hmac-sha1-96(18), ses=aes256-cts-hmac-sha1-96(18)}, testuser/scm@EXAMPLE.COM for om/om@EXAMPLE.COM
om_1        | 2022-12-06 15:26:52,851 [main] INFO impl.DataStreamServerImpl: raft.datastream.type = DISABLED (default)
datanode_2  | 2022-12-06 15:26:46,835 [pool-23-thread-1] INFO server.RaftServerConfigKeys: raft.server.log.async-flush.enabled = false (default)
datanode_3  | 	at java.base/java.lang.Thread.run(Thread.java:829)
recon_1     | 2022-12-06 15:27:22,694 [pool-29-thread-1] INFO codec.OmKeyInfoCodec: OmKeyInfoCodec ignorePipeline = true
datanode_1  | 2022-12-06 15:26:56,978 [pool-23-thread-1] INFO server.RaftServerConfigKeys: raft.server.snapshot.retention.file.num = 5 (custom)
scm_1       | 2022-12-06 15:25:51,744 [main] INFO grpc.GrpcConfigKeys: raft.grpc.admin.host = null (fallback to raft.grpc.server.host)
scm_1       | 2022-12-06 15:25:51,746 [main] INFO grpc.GrpcConfigKeys: raft.grpc.admin.port = 9894 (fallback to raft.grpc.server.port)
om_1        | 2022-12-06 15:26:52,862 [main] INFO server.RaftServerConfigKeys: raft.server.threadpool.proxy.cached = true (default)
datanode_2  | 2022-12-06 15:26:46,835 [pool-23-thread-1] INFO server.RaftServerConfigKeys: raft.server.log.statemachine.data.caching.enabled = true (custom)
datanode_3  | Caused by: java.io.IOException: java.net.SocketTimeoutException: 5000 millis timeout while waiting for channel to be ready for read. ch : java.nio.channels.SocketChannel[connected local=/172.18.0.10:41780 remote=recon/172.18.0.6:9891]
recon_1     | 2022-12-06 15:27:22,698 [pool-29-thread-1] INFO codec.RepeatedOmKeyInfoCodec: RepeatedOmKeyInfoCodec ignorePipeline = true
datanode_1  | 2022-12-06 15:26:56,979 [pool-23-thread-1] INFO server.RaftServerConfigKeys: raft.server.log.purge.upto.snapshot.index = false (default)
kdc_1       | Dec 06 15:54:56 kdc krb5kdc[7](info): TGS_REQ (6 etypes {aes256-cts-hmac-sha1-96(18), aes128-cts-hmac-sha1-96(17), aes256-cts-hmac-sha384-192(20), aes128-cts-hmac-sha256-128(19), DEPRECATED:des3-cbc-sha1(16), DEPRECATED:arcfour-hmac(23)}) 172.18.0.9: ISSUE: authtime 1670341884, etypes {rep=aes256-cts-hmac-sha1-96(18), tkt=aes256-cts-hmac-sha1-96(18), ses=aes256-cts-hmac-sha1-96(18)}, testuser/scm@EXAMPLE.COM for om/om@EXAMPLE.COM
om_1        | 2022-12-06 15:26:52,874 [main] INFO server.RaftServerConfigKeys: raft.server.threadpool.proxy.size = 0 (default)
datanode_3  | 	at org.apache.hadoop.ipc.Client$Connection$1.run(Client.java:798)
datanode_3  | 	at java.base/java.security.AccessController.doPrivileged(Native Method)
datanode_1  | 2022-12-06 15:26:58,312 [Datanode State Machine Daemon Thread] ERROR datanode.RunningDatanodeState: Error in executing end point task.
datanode_1  | java.util.concurrent.ExecutionException: java.util.concurrent.TimeoutException
kdc_1       | Dec 06 15:55:04 kdc krb5kdc[7](info): TGS_REQ (6 etypes {aes256-cts-hmac-sha1-96(18), aes128-cts-hmac-sha1-96(17), aes256-cts-hmac-sha384-192(20), aes128-cts-hmac-sha256-128(19), DEPRECATED:des3-cbc-sha1(16), DEPRECATED:arcfour-hmac(23)}) 172.18.0.9: ISSUE: authtime 1670341884, etypes {rep=aes256-cts-hmac-sha1-96(18), tkt=aes256-cts-hmac-sha1-96(18), ses=aes256-cts-hmac-sha1-96(18)}, testuser/scm@EXAMPLE.COM for om/om@EXAMPLE.COM
kdc_1       | Dec 06 15:55:16 kdc krb5kdc[7](info): TGS_REQ (6 etypes {aes256-cts-hmac-sha1-96(18), aes128-cts-hmac-sha1-96(17), aes256-cts-hmac-sha384-192(20), aes128-cts-hmac-sha256-128(19), DEPRECATED:des3-cbc-sha1(16), DEPRECATED:arcfour-hmac(23)}) 172.18.0.9: ISSUE: authtime 1670341884, etypes {rep=aes256-cts-hmac-sha1-96(18), tkt=aes256-cts-hmac-sha1-96(18), ses=aes256-cts-hmac-sha1-96(18)}, testuser/scm@EXAMPLE.COM for om/om@EXAMPLE.COM
kdc_1       | Dec 06 15:55:23 kdc krb5kdc[7](info): TGS_REQ (6 etypes {aes256-cts-hmac-sha1-96(18), aes128-cts-hmac-sha1-96(17), aes256-cts-hmac-sha384-192(20), aes128-cts-hmac-sha256-128(19), DEPRECATED:des3-cbc-sha1(16), DEPRECATED:arcfour-hmac(23)}) 172.18.0.9: ISSUE: authtime 1670341884, etypes {rep=aes256-cts-hmac-sha1-96(18), tkt=aes256-cts-hmac-sha1-96(18), ses=aes256-cts-hmac-sha1-96(18)}, testuser/scm@EXAMPLE.COM for om/om@EXAMPLE.COM
om_1        | 2022-12-06 15:26:52,875 [main] INFO server.RaftServerConfigKeys: raft.server.rpc.slowness.timeout = 120s (custom)
recon_1     | 2022-12-06 15:27:23,085 [pool-29-thread-1] INFO recovery.ReconOmMetadataManagerImpl: Created OM DB handle from snapshot at /data/metadata/om.snapshot.db_1670340439651.
recon_1     | 2022-12-06 15:27:23,189 [pool-29-thread-1] INFO impl.OzoneManagerServiceProviderImpl: Calling reprocess on Recon tasks.
recon_1     | 2022-12-06 15:27:23,212 [pool-51-thread-2] INFO tasks.NSSummaryTaskWithLegacy: Completed a reprocess run of NSSummaryTaskWithLegacy
recon_1     | 2022-12-06 15:27:23,213 [pool-51-thread-1] INFO tasks.NSSummaryTaskWithFSO: Completed a reprocess run of NSSummaryTaskWithFSO
recon_1     | 2022-12-06 15:27:23,860 [pool-30-thread-1] INFO tasks.TableCountTask: Completed a 'reprocess' run of TableCountTask.
recon_1     | 2022-12-06 15:27:23,860 [pool-30-thread-1] INFO tasks.ContainerKeyMapperTask: Starting a 'reprocess' run of ContainerKeyMapperTask.
kdc_1       | Dec 06 15:55:30 kdc krb5kdc[7](info): TGS_REQ (6 etypes {aes256-cts-hmac-sha1-96(18), aes128-cts-hmac-sha1-96(17), aes256-cts-hmac-sha384-192(20), aes128-cts-hmac-sha256-128(19), DEPRECATED:des3-cbc-sha1(16), DEPRECATED:arcfour-hmac(23)}) 172.18.0.9: ISSUE: authtime 1670341884, etypes {rep=aes256-cts-hmac-sha1-96(18), tkt=aes256-cts-hmac-sha1-96(18), ses=aes256-cts-hmac-sha1-96(18)}, testuser/scm@EXAMPLE.COM for om/om@EXAMPLE.COM
datanode_1  | 	at java.base/java.util.concurrent.FutureTask.report(FutureTask.java:122)
recon_1     | 2022-12-06 15:27:23,861 [pool-30-thread-1] INFO impl.ReconContainerMetadataManagerImpl: KEY_CONTAINER Table is empty, initializing from CONTAINER_KEY Table ...
recon_1     | 2022-12-06 15:27:23,862 [pool-30-thread-1] INFO impl.ReconContainerMetadataManagerImpl: It took 0.0 seconds to initialized 0 records to KEY_CONTAINER table
recon_1     | 2022-12-06 15:27:23,885 [pool-30-thread-1] INFO tasks.ContainerKeyMapperTask: Completed 'reprocess' of ContainerKeyMapperTask.
recon_1     | 2022-12-06 15:27:23,886 [pool-30-thread-1] INFO tasks.ContainerKeyMapperTask: It took me 0.025 seconds to process 0 keys.
kdc_1       | Dec 06 15:55:38 kdc krb5kdc[7](info): TGS_REQ (6 etypes {aes256-cts-hmac-sha1-96(18), aes128-cts-hmac-sha1-96(17), aes256-cts-hmac-sha384-192(20), aes128-cts-hmac-sha256-128(19), DEPRECATED:des3-cbc-sha1(16), DEPRECATED:arcfour-hmac(23)}) 172.18.0.9: ISSUE: authtime 1670341884, etypes {rep=aes256-cts-hmac-sha1-96(18), tkt=aes256-cts-hmac-sha1-96(18), ses=aes256-cts-hmac-sha1-96(18)}, testuser/scm@EXAMPLE.COM for om/om@EXAMPLE.COM
kdc_1       | Dec 06 15:55:46 kdc krb5kdc[7](info): TGS_REQ (6 etypes {aes256-cts-hmac-sha1-96(18), aes128-cts-hmac-sha1-96(17), aes256-cts-hmac-sha384-192(20), aes128-cts-hmac-sha256-128(19), DEPRECATED:des3-cbc-sha1(16), DEPRECATED:arcfour-hmac(23)}) 172.18.0.9: ISSUE: authtime 1670341884, etypes {rep=aes256-cts-hmac-sha1-96(18), tkt=aes256-cts-hmac-sha1-96(18), ses=aes256-cts-hmac-sha1-96(18)}, testuser/scm@EXAMPLE.COM for om/om@EXAMPLE.COM
om_1        | 2022-12-06 15:26:52,888 [main] INFO server.RaftServerConfigKeys: raft.server.leaderelection.leader.step-down.wait-time = 10s (default)
datanode_1  | 	at java.base/java.util.concurrent.FutureTask.get(FutureTask.java:191)
datanode_1  | 	at org.apache.hadoop.ozone.container.common.states.datanode.RunningDatanodeState.computeNextContainerState(RunningDatanodeState.java:199)
datanode_1  | 	at org.apache.hadoop.ozone.container.common.states.datanode.RunningDatanodeState.await(RunningDatanodeState.java:239)
om_1        | 2022-12-06 15:26:52,899 [main] INFO server.RaftServerConfigKeys: raft.server.storage.dir = [/data/metadata/ratis] (custom)
datanode_3  | 	at java.base/javax.security.auth.Subject.doAs(Subject.java:423)
datanode_3  | 	at org.apache.hadoop.security.UserGroupInformation.doAs(UserGroupInformation.java:1878)
datanode_1  | 	at org.apache.hadoop.ozone.container.common.states.datanode.RunningDatanodeState.await(RunningDatanodeState.java:50)
kdc_1       | Dec 06 15:55:53 kdc krb5kdc[7](info): TGS_REQ (6 etypes {aes256-cts-hmac-sha1-96(18), aes128-cts-hmac-sha1-96(17), aes256-cts-hmac-sha384-192(20), aes128-cts-hmac-sha256-128(19), DEPRECATED:des3-cbc-sha1(16), DEPRECATED:arcfour-hmac(23)}) 172.18.0.9: ISSUE: authtime 1670341884, etypes {rep=aes256-cts-hmac-sha1-96(18), tkt=aes256-cts-hmac-sha1-96(18), ses=aes256-cts-hmac-sha1-96(18)}, testuser/scm@EXAMPLE.COM for om/om@EXAMPLE.COM
kdc_1       | Dec 06 15:56:01 kdc krb5kdc[7](info): TGS_REQ (6 etypes {aes256-cts-hmac-sha1-96(18), aes128-cts-hmac-sha1-96(17), aes256-cts-hmac-sha384-192(20), aes128-cts-hmac-sha256-128(19), DEPRECATED:des3-cbc-sha1(16), DEPRECATED:arcfour-hmac(23)}) 172.18.0.9: ISSUE: authtime 1670341884, etypes {rep=aes256-cts-hmac-sha1-96(18), tkt=aes256-cts-hmac-sha1-96(18), ses=aes256-cts-hmac-sha1-96(18)}, testuser/scm@EXAMPLE.COM for om/om@EXAMPLE.COM
kdc_1       | Dec 06 15:56:09 kdc krb5kdc[7](info): TGS_REQ (6 etypes {aes256-cts-hmac-sha1-96(18), aes128-cts-hmac-sha1-96(17), aes256-cts-hmac-sha384-192(20), aes128-cts-hmac-sha256-128(19), DEPRECATED:des3-cbc-sha1(16), DEPRECATED:arcfour-hmac(23)}) 172.18.0.9: ISSUE: authtime 1670341884, etypes {rep=aes256-cts-hmac-sha1-96(18), tkt=aes256-cts-hmac-sha1-96(18), ses=aes256-cts-hmac-sha1-96(18)}, testuser/scm@EXAMPLE.COM for om/om@EXAMPLE.COM
kdc_1       | Dec 06 15:56:17 kdc krb5kdc[7](info): TGS_REQ (6 etypes {aes256-cts-hmac-sha1-96(18), aes128-cts-hmac-sha1-96(17), aes256-cts-hmac-sha384-192(20), aes128-cts-hmac-sha256-128(19), DEPRECATED:des3-cbc-sha1(16), DEPRECATED:arcfour-hmac(23)}) 172.18.0.9: ISSUE: authtime 1670341884, etypes {rep=aes256-cts-hmac-sha1-96(18), tkt=aes256-cts-hmac-sha1-96(18), ses=aes256-cts-hmac-sha1-96(18)}, testuser/scm@EXAMPLE.COM for om/om@EXAMPLE.COM
om_1        | 2022-12-06 15:26:52,943 [main] INFO server.RaftServer: om1: addNew group-C5BA1605619E:[om1|rpc:om:9872|priority:0|startupRole:FOLLOWER] returns group-C5BA1605619E:java.util.concurrent.CompletableFuture@1a2e563e[Not completed]
datanode_3  | 	at org.apache.hadoop.ipc.Client$Connection.handleSaslConnectionFailure(Client.java:752)
datanode_3  | 	at org.apache.hadoop.ipc.Client$Connection.setupIOstreams(Client.java:856)
datanode_1  | 	at org.apache.hadoop.ozone.container.common.statemachine.StateContext.execute(StateContext.java:661)
kdc_1       | Dec 06 15:56:25 kdc krb5kdc[7](info): AS_REQ (8 etypes {aes256-cts-hmac-sha1-96(18), aes128-cts-hmac-sha1-96(17), aes256-cts-hmac-sha384-192(20), aes128-cts-hmac-sha256-128(19), DEPRECATED:des3-cbc-sha1(16), DEPRECATED:arcfour-hmac(23), camellia128-cts-cmac(25), camellia256-cts-cmac(26)}) 172.18.0.9: ISSUE: authtime 1670342185, etypes {rep=aes256-cts-hmac-sha1-96(18), tkt=aes256-cts-hmac-sha1-96(18), ses=aes256-cts-hmac-sha1-96(18)}, testuser/scm@EXAMPLE.COM for krbtgt/EXAMPLE.COM@EXAMPLE.COM
kdc_1       | Dec 06 15:56:25 kdc krb5kdc[7](info): TGS_REQ (6 etypes {aes256-cts-hmac-sha1-96(18), aes128-cts-hmac-sha1-96(17), aes256-cts-hmac-sha384-192(20), aes128-cts-hmac-sha256-128(19), DEPRECATED:des3-cbc-sha1(16), DEPRECATED:arcfour-hmac(23)}) 172.18.0.9: ISSUE: authtime 1670341884, etypes {rep=aes256-cts-hmac-sha1-96(18), tkt=aes256-cts-hmac-sha1-96(18), ses=aes256-cts-hmac-sha1-96(18)}, testuser/scm@EXAMPLE.COM for om/om@EXAMPLE.COM
om_1        | 2022-12-06 15:26:52,943 [main] INFO om.OzoneManager: OzoneManager Ratis server initialized at port 9872
datanode_3  | 	at org.apache.hadoop.ipc.Client$Connection.access$3800(Client.java:414)
recon_1     | 2022-12-06 15:27:23,958 [pool-30-thread-1] INFO tasks.FileSizeCountTask: Deleted 0 records from "FILE_COUNT_BY_SIZE"
recon_1     | 2022-12-06 15:27:23,965 [pool-30-thread-1] INFO tasks.FileSizeCountTask: Completed a 'reprocess' run of FileSizeCountTask.
recon_1     | 2022-12-06 15:27:48,179 [Socket Reader #1 for port 9891] INFO ipc.Server: Auth successful for dn/dn@EXAMPLE.COM (auth:KERBEROS) from 172.18.0.5:46386
datanode_1  | 	at org.apache.hadoop.ozone.container.common.statemachine.DatanodeStateMachine.startStateMachineThread(DatanodeStateMachine.java:306)
scm_1       | 2022-12-06 15:25:51,747 [main] INFO grpc.GrpcConfigKeys: raft.grpc.client.host = null (fallback to raft.grpc.server.host)
datanode_2  | 2022-12-06 15:26:46,836 [pool-23-thread-1] INFO segmented.SegmentedRaftLogWorker: fb9bc14a-214f-4b98-ac16-78df9cbc03b9@group-FBDEE4D5C11F-SegmentedRaftLogWorker: flushIndex: setUnconditionally 0 -> -1
om_1        | 2022-12-06 15:26:53,109 [main] INFO om.OzoneManager: Creating RPC Server
datanode_3  | 	at org.apache.hadoop.ipc.Client.getConnection(Client.java:1677)
datanode_3  | 	at org.apache.hadoop.ipc.Client.call(Client.java:1502)
datanode_3  | 	... 12 more
datanode_3  | Caused by: java.net.SocketTimeoutException: 5000 millis timeout while waiting for channel to be ready for read. ch : java.nio.channels.SocketChannel[connected local=/172.18.0.10:41780 remote=recon/172.18.0.6:9891]
datanode_3  | 	at org.apache.hadoop.net.SocketIOWithTimeout.doIO(SocketIOWithTimeout.java:163)
datanode_1  | 	at org.apache.hadoop.ozone.container.common.statemachine.DatanodeStateMachine.lambda$startDaemon$0(DatanodeStateMachine.java:506)
datanode_2  | 2022-12-06 15:26:46,837 [pool-23-thread-1] INFO segmented.SegmentedRaftLogWorker: fb9bc14a-214f-4b98-ac16-78df9cbc03b9@group-FBDEE4D5C11F-SegmentedRaftLogWorker: safeCacheEvictIndex: setUnconditionally 0 -> -1
om_1        | 2022-12-06 15:26:53,121 [pool-27-thread-1] INFO server.RaftServer$Division: om1: new RaftServerImpl for group-C5BA1605619E:[om1|rpc:om:9872|priority:0|startupRole:FOLLOWER] with OzoneManagerStateMachine:uninitialized
datanode_1  | 	at java.base/java.lang.Thread.run(Thread.java:829)
datanode_2  | 2022-12-06 15:26:46,845 [pool-23-thread-1] INFO server.RaftServer$Division: fb9bc14a-214f-4b98-ac16-78df9cbc03b9@group-FBDEE4D5C11F: start as a follower, conf=-1: peers:[fb9bc14a-214f-4b98-ac16-78df9cbc03b9|rpc:172.18.0.4:9856|admin:172.18.0.4:9857|client:172.18.0.4:9858|priority:0|startupRole:FOLLOWER, edc578e2-a6b9-4ce1-8aa3-e1cbe899d73a|rpc:172.18.0.10:9856|admin:172.18.0.10:9857|client:172.18.0.10:9858|priority:1|startupRole:FOLLOWER, c87aad47-ddb7-40cc-82ac-d14821c7062b|rpc:172.18.0.5:9856|admin:172.18.0.5:9857|client:172.18.0.5:9858|priority:0|startupRole:FOLLOWER]|listeners:[], old=null
om_1        | 2022-12-06 15:26:53,160 [pool-27-thread-1] INFO server.RaftServerConfigKeys: raft.server.rpc.timeout.min = 5s (custom)
recon_1     | 2022-12-06 15:27:48,195 [Socket Reader #1 for port 9891] INFO authorize.ServiceAuthorizationManager: Authorization successful for dn/dn@EXAMPLE.COM (auth:KERBEROS) for protocol=interface org.apache.hadoop.ozone.protocol.ReconDatanodeProtocol
recon_1     | 2022-12-06 15:27:48,196 [IPC Server handler 81 on default port 9891] INFO scm.ReconNodeManager: Updating nodeDB for ozonesecure_datanode_1.ozonesecure_default
recon_1     | 2022-12-06 15:27:49,967 [Socket Reader #1 for port 9891] INFO ipc.Server: Auth successful for dn/dn@EXAMPLE.COM (auth:KERBEROS) from 172.18.0.10:45176
recon_1     | 2022-12-06 15:27:49,984 [Socket Reader #1 for port 9891] INFO authorize.ServiceAuthorizationManager: Authorization successful for dn/dn@EXAMPLE.COM (auth:KERBEROS) for protocol=interface org.apache.hadoop.ozone.protocol.ReconDatanodeProtocol
recon_1     | 2022-12-06 15:27:50,859 [Socket Reader #1 for port 9891] INFO ipc.Server: Auth successful for dn/dn@EXAMPLE.COM (auth:KERBEROS) from 172.18.0.4:53910
recon_1     | 2022-12-06 15:27:50,890 [Socket Reader #1 for port 9891] INFO authorize.ServiceAuthorizationManager: Authorization successful for dn/dn@EXAMPLE.COM (auth:KERBEROS) for protocol=interface org.apache.hadoop.ozone.protocol.ReconDatanodeProtocol
om_1        | 2022-12-06 15:26:53,177 [pool-27-thread-1] INFO server.RaftServerConfigKeys: raft.server.rpc.timeout.max = 5200ms (custom)
kdc_1       | Dec 06 15:56:33 kdc krb5kdc[7](info): TGS_REQ (6 etypes {aes256-cts-hmac-sha1-96(18), aes128-cts-hmac-sha1-96(17), aes256-cts-hmac-sha384-192(20), aes128-cts-hmac-sha256-128(19), DEPRECATED:des3-cbc-sha1(16), DEPRECATED:arcfour-hmac(23)}) 172.18.0.9: ISSUE: authtime 1670342185, etypes {rep=aes256-cts-hmac-sha1-96(18), tkt=aes256-cts-hmac-sha1-96(18), ses=aes256-cts-hmac-sha1-96(18)}, testuser/scm@EXAMPLE.COM for om/om@EXAMPLE.COM
kdc_1       | Dec 06 15:56:46 kdc krb5kdc[7](info): TGS_REQ (6 etypes {aes256-cts-hmac-sha1-96(18), aes128-cts-hmac-sha1-96(17), aes256-cts-hmac-sha384-192(20), aes128-cts-hmac-sha256-128(19), DEPRECATED:des3-cbc-sha1(16), DEPRECATED:arcfour-hmac(23)}) 172.18.0.9: ISSUE: authtime 1670342185, etypes {rep=aes256-cts-hmac-sha1-96(18), tkt=aes256-cts-hmac-sha1-96(18), ses=aes256-cts-hmac-sha1-96(18)}, testuser/scm@EXAMPLE.COM for om/om@EXAMPLE.COM
datanode_1  | Caused by: java.util.concurrent.TimeoutException
datanode_3  | 	at org.apache.hadoop.net.SocketInputStream.read(SocketInputStream.java:161)
datanode_3  | 	at org.apache.hadoop.net.SocketInputStream.read(SocketInputStream.java:131)
datanode_3  | 	at java.base/java.io.FilterInputStream.read(FilterInputStream.java:133)
om_1        | 2022-12-06 15:26:53,177 [pool-27-thread-1] INFO server.RaftServerConfigKeys: raft.server.rpc.sleep.time = 25ms (default)
datanode_1  | 	at java.base/java.util.concurrent.FutureTask.get(FutureTask.java:204)
datanode_3  | 	at java.base/java.io.BufferedInputStream.fill(BufferedInputStream.java:252)
datanode_3  | 	at java.base/java.io.BufferedInputStream.read(BufferedInputStream.java:271)
datanode_3  | 	at java.base/java.io.DataInputStream.readInt(DataInputStream.java:392)
om_1        | 2022-12-06 15:26:53,179 [pool-27-thread-1] INFO server.RaftServerConfigKeys: raft.server.rpc.slowness.timeout = 120s (custom)
datanode_1  | 	at org.apache.hadoop.ozone.container.common.states.datanode.RunningDatanodeState.lambda$execute$0(RunningDatanodeState.java:157)
datanode_3  | 	at org.apache.hadoop.ipc.Client$IpcStreams.readResponse(Client.java:1922)
datanode_3  | 	at org.apache.hadoop.security.SaslRpcClient.saslConnect(SaslRpcClient.java:367)
datanode_3  | 	at org.apache.hadoop.ipc.Client$Connection.setupSaslConnection(Client.java:623)
datanode_3  | 	at org.apache.hadoop.ipc.Client$Connection.access$2300(Client.java:414)
datanode_3  | 	at org.apache.hadoop.ipc.Client$Connection$2.run(Client.java:843)
recon_1     | 2022-12-06 15:27:50,893 [IPC Server handler 0 on default port 9891] INFO scm.ReconNodeManager: Sending ReregisterCommand() for ozonesecure_datanode_2.ozonesecure_default
datanode_1  | 	at java.base/java.util.concurrent.FutureTask.run(FutureTask.java:264)
om_1        | 2022-12-06 15:26:53,180 [pool-27-thread-1] INFO server.RaftServerConfigKeys: raft.server.leaderelection.leader.step-down.wait-time = 10s (default)
datanode_1  | 	at java.base/java.util.concurrent.Executors$RunnableAdapter.call(Executors.java:515)
datanode_1  | 	at java.base/java.util.concurrent.FutureTask.run(FutureTask.java:264)
datanode_1  | 	at java.base/java.util.concurrent.ThreadPoolExecutor.runWorker(ThreadPoolExecutor.java:1128)
datanode_1  | 	at java.base/java.util.concurrent.ThreadPoolExecutor$Worker.run(ThreadPoolExecutor.java:628)
datanode_1  | 	... 1 more
datanode_1  | 2022-12-06 15:26:59,310 [grpc-default-executor-1] INFO server.RaftServer$Division: c87aad47-ddb7-40cc-82ac-d14821c7062b@group-FBDEE4D5C11F: receive requestVote(ELECTION, fb9bc14a-214f-4b98-ac16-78df9cbc03b9, group-FBDEE4D5C11F, 2, (t:0, i:0))
datanode_1  | 2022-12-06 15:26:59,337 [grpc-default-executor-1] INFO impl.VoteContext: c87aad47-ddb7-40cc-82ac-d14821c7062b@group-FBDEE4D5C11F-FOLLOWER: accept ELECTION from fb9bc14a-214f-4b98-ac16-78df9cbc03b9: our priority 0 <= candidate's priority 0
datanode_1  | 2022-12-06 15:26:59,344 [grpc-default-executor-1] INFO server.RaftServer$Division: c87aad47-ddb7-40cc-82ac-d14821c7062b@group-FBDEE4D5C11F: changes role from  FOLLOWER to FOLLOWER at term 2 for candidate:fb9bc14a-214f-4b98-ac16-78df9cbc03b9
om_1        | 2022-12-06 15:26:53,188 [pool-27-thread-1] INFO server.RaftServerConfigKeys: raft.server.sleep.deviation.threshold = 300ms (default)
recon_1     | 2022-12-06 15:28:01,492 [Socket Reader #1 for port 9891] INFO ipc.Server: Auth successful for dn/dn@EXAMPLE.COM (auth:KERBEROS) from 172.18.0.10:50260
recon_1     | 2022-12-06 15:28:01,610 [Socket Reader #1 for port 9891] INFO authorize.ServiceAuthorizationManager: Authorization successful for dn/dn@EXAMPLE.COM (auth:KERBEROS) for protocol=interface org.apache.hadoop.ozone.protocol.ReconDatanodeProtocol
recon_1     | 2022-12-06 15:28:01,849 [FixedThreadPoolWithAffinityExecutor-0-0] INFO scm.ReconContainerManager: New container #1 got from ozonesecure_datanode_3.ozonesecure_default.
datanode_2  | 2022-12-06 15:26:46,846 [pool-23-thread-1] INFO server.RaftServer$Division: fb9bc14a-214f-4b98-ac16-78df9cbc03b9@group-FBDEE4D5C11F: changes role from      null to FOLLOWER at term 0 for startAsFollower
datanode_1  | 2022-12-06 15:26:59,344 [grpc-default-executor-1] INFO impl.RoleInfo: c87aad47-ddb7-40cc-82ac-d14821c7062b: shutdown c87aad47-ddb7-40cc-82ac-d14821c7062b@group-FBDEE4D5C11F-FollowerState
om_1        | 2022-12-06 15:26:53,277 [pool-27-thread-1] INFO server.RaftServer$Division: om1@group-C5BA1605619E: ConfigurationManager, init=-1: peers:[om1|rpc:om:9872|priority:0|startupRole:FOLLOWER]|listeners:[], old=null, confs=<EMPTY_MAP>
recon_1     | 2022-12-06 15:28:01,981 [Socket Reader #1 for port 9891] INFO ipc.Server: Auth successful for dn/dn@EXAMPLE.COM (auth:KERBEROS) from 172.18.0.5:58216
datanode_1  | 2022-12-06 15:26:59,369 [c87aad47-ddb7-40cc-82ac-d14821c7062b@group-FBDEE4D5C11F-FollowerState] INFO impl.FollowerState: c87aad47-ddb7-40cc-82ac-d14821c7062b@group-FBDEE4D5C11F-FollowerState was interrupted
recon_1     | 2022-12-06 15:28:02,011 [Socket Reader #1 for port 9891] INFO authorize.ServiceAuthorizationManager: Authorization successful for dn/dn@EXAMPLE.COM (auth:KERBEROS) for protocol=interface org.apache.hadoop.ozone.protocol.ReconDatanodeProtocol
recon_1     | 2022-12-06 15:28:02,031 [FixedThreadPoolWithAffinityExecutor-8-0] INFO scm.ReconContainerManager: New container #1 got from ozonesecure_datanode_1.ozonesecure_default.
recon_1     | 2022-12-06 15:28:02,097 [Socket Reader #1 for port 9891] INFO ipc.Server: Auth successful for dn/dn@EXAMPLE.COM (auth:KERBEROS) from 172.18.0.4:38538
om_1        | 2022-12-06 15:26:53,284 [pool-27-thread-1] INFO server.RaftServerConfigKeys: raft.server.storage.dir = [/data/metadata/ratis] (custom)
datanode_1  | 2022-12-06 15:26:59,370 [grpc-default-executor-1] INFO impl.RoleInfo: c87aad47-ddb7-40cc-82ac-d14821c7062b: start c87aad47-ddb7-40cc-82ac-d14821c7062b@group-FBDEE4D5C11F-FollowerState
scm_1       | 2022-12-06 15:25:51,748 [main] INFO grpc.GrpcConfigKeys: raft.grpc.client.port = 9894 (fallback to raft.grpc.server.port)
scm_1       | 2022-12-06 15:25:51,748 [main] INFO grpc.GrpcConfigKeys: raft.grpc.server.host = null (default)
scm_1       | 2022-12-06 15:25:51,751 [main] INFO grpc.GrpcConfigKeys: raft.grpc.server.port = 9894 (custom)
recon_1     | 2022-12-06 15:28:02,183 [Socket Reader #1 for port 9891] INFO authorize.ServiceAuthorizationManager: Authorization successful for dn/dn@EXAMPLE.COM (auth:KERBEROS) for protocol=interface org.apache.hadoop.ozone.protocol.ReconDatanodeProtocol
datanode_1  | 2022-12-06 15:26:59,415 [c87aad47-ddb7-40cc-82ac-d14821c7062b@group-FBDEE4D5C11F-FollowerState] INFO server.RaftServerConfigKeys: raft.server.rpc.first-election.timeout.min = 5s (fallback to raft.server.rpc.timeout.min)
datanode_3  | 	at org.apache.hadoop.ipc.Client$Connection$2.run(Client.java:839)
datanode_3  | 	at java.base/java.security.AccessController.doPrivileged(Native Method)
datanode_3  | 	at java.base/javax.security.auth.Subject.doAs(Subject.java:423)
recon_1     | 2022-12-06 15:28:02,191 [IPC Server handler 80 on default port 9891] INFO scm.ReconNodeManager: Updating nodeDB for ozonesecure_datanode_2.ozonesecure_default
datanode_1  | 2022-12-06 15:26:59,419 [c87aad47-ddb7-40cc-82ac-d14821c7062b@group-FBDEE4D5C11F-FollowerState] INFO server.RaftServerConfigKeys: raft.server.rpc.first-election.timeout.max = 5200ms (fallback to raft.server.rpc.timeout.max)
datanode_3  | 	at org.apache.hadoop.security.UserGroupInformation.doAs(UserGroupInformation.java:1878)
datanode_3  | 	at org.apache.hadoop.ipc.Client$Connection.setupIOstreams(Client.java:839)
datanode_3  | 	... 15 more
recon_1     | 2022-12-06 15:28:02,328 [FixedThreadPoolWithAffinityExecutor-8-0] INFO scm.ReconContainerManager: Successfully added container #1 to Recon.
datanode_1  | 2022-12-06 15:26:59,488 [grpc-default-executor-1] INFO server.RaftServer$Division: c87aad47-ddb7-40cc-82ac-d14821c7062b@group-FBDEE4D5C11F replies to ELECTION vote request: fb9bc14a-214f-4b98-ac16-78df9cbc03b9<-c87aad47-ddb7-40cc-82ac-d14821c7062b#0:OK-t2. Peer's state: c87aad47-ddb7-40cc-82ac-d14821c7062b@group-FBDEE4D5C11F:t2, leader=null, voted=fb9bc14a-214f-4b98-ac16-78df9cbc03b9, raftlog=Memoized:c87aad47-ddb7-40cc-82ac-d14821c7062b@group-FBDEE4D5C11F-SegmentedRaftLog:OPENED:c-1, conf=-1: peers:[fb9bc14a-214f-4b98-ac16-78df9cbc03b9|rpc:172.18.0.4:9856|admin:172.18.0.4:9857|client:172.18.0.4:9858|dataStream:|priority:0|startupRole:FOLLOWER, edc578e2-a6b9-4ce1-8aa3-e1cbe899d73a|rpc:172.18.0.10:9856|admin:172.18.0.10:9857|client:172.18.0.10:9858|dataStream:|priority:1|startupRole:FOLLOWER, c87aad47-ddb7-40cc-82ac-d14821c7062b|rpc:172.18.0.5:9856|admin:172.18.0.5:9857|client:172.18.0.5:9858|dataStream:|priority:0|startupRole:FOLLOWER]|listeners:[], old=null
scm_1       | 2022-12-06 15:25:51,752 [main] INFO server.GrpcService: raft.grpc.message.size.max = 32m (=33554432) (custom)
recon_1     | 2022-12-06 15:28:02,360 [FixedThreadPoolWithAffinityExecutor-0-0] INFO scm.ReconContainerManager: Successfully added container #1 to Recon.
datanode_3  | 2022-12-06 15:26:51,474 [grpc-default-executor-0] INFO server.RaftServer: edc578e2-a6b9-4ce1-8aa3-e1cbe899d73a: addNew group-FBDEE4D5C11F:[fb9bc14a-214f-4b98-ac16-78df9cbc03b9|rpc:172.18.0.4:9856|admin:172.18.0.4:9857|client:172.18.0.4:9858|dataStream:|priority:0|startupRole:FOLLOWER, edc578e2-a6b9-4ce1-8aa3-e1cbe899d73a|rpc:172.18.0.10:9856|admin:172.18.0.10:9857|client:172.18.0.10:9858|dataStream:|priority:1|startupRole:FOLLOWER, c87aad47-ddb7-40cc-82ac-d14821c7062b|rpc:172.18.0.5:9856|admin:172.18.0.5:9857|client:172.18.0.5:9858|dataStream:|priority:0|startupRole:FOLLOWER] returns group-FBDEE4D5C11F:java.util.concurrent.CompletableFuture@5f9735ee[Not completed]
datanode_2  | 2022-12-06 15:26:46,852 [pool-23-thread-1] INFO impl.RoleInfo: fb9bc14a-214f-4b98-ac16-78df9cbc03b9: start fb9bc14a-214f-4b98-ac16-78df9cbc03b9@group-FBDEE4D5C11F-FollowerState
om_1        | 2022-12-06 15:26:53,558 [pool-27-thread-1] INFO server.RaftServerConfigKeys: raft.server.log.corruption.policy = EXCEPTION (default)
om_1        | 2022-12-06 15:26:53,563 [pool-27-thread-1] INFO server.RaftServerConfigKeys: raft.server.storage.free-space.min = 0MB (=0) (default)
om_1        | 2022-12-06 15:26:53,848 [pool-27-thread-1] INFO server.RaftServerConfigKeys: raft.server.notification.no-leader.timeout = 120s (custom)
scm_1       | 2022-12-06 15:25:51,754 [main] INFO server.RaftServerConfigKeys: raft.server.log.appender.buffer.byte-limit = 33554432 (custom)
scm_1       | 2022-12-06 15:25:51,756 [main] INFO server.GrpcService: raft.grpc.flow.control.window = 1MB (=1048576) (default)
scm_1       | 2022-12-06 15:25:51,757 [main] INFO server.RaftServerConfigKeys: raft.server.rpc.request.timeout = 30000ms (custom)
scm_1       | 2022-12-06 15:25:51,769 [main] INFO grpc.GrpcConfigKeys: raft.grpc.server.heartbeat.channel = true (default)
scm_1       | 2022-12-06 15:25:51,772 [main] INFO grpc.GrpcConfigKeys: raft.grpc.server.async.request.thread.pool.cached = true (default)
scm_1       | 2022-12-06 15:25:51,772 [main] INFO grpc.GrpcConfigKeys: raft.grpc.server.async.request.thread.pool.size = 32 (default)
datanode_3  | 2022-12-06 15:26:51,685 [pool-23-thread-1] INFO server.RaftServer$Division: edc578e2-a6b9-4ce1-8aa3-e1cbe899d73a: new RaftServerImpl for group-FBDEE4D5C11F:[fb9bc14a-214f-4b98-ac16-78df9cbc03b9|rpc:172.18.0.4:9856|admin:172.18.0.4:9857|client:172.18.0.4:9858|dataStream:|priority:0|startupRole:FOLLOWER, edc578e2-a6b9-4ce1-8aa3-e1cbe899d73a|rpc:172.18.0.10:9856|admin:172.18.0.10:9857|client:172.18.0.10:9858|dataStream:|priority:1|startupRole:FOLLOWER, c87aad47-ddb7-40cc-82ac-d14821c7062b|rpc:172.18.0.5:9856|admin:172.18.0.5:9857|client:172.18.0.5:9858|dataStream:|priority:0|startupRole:FOLLOWER] with ContainerStateMachine:uninitialized
datanode_3  | 2022-12-06 15:26:51,693 [pool-23-thread-1] INFO server.RaftServerConfigKeys: raft.server.rpc.timeout.min = 5s (custom)
datanode_3  | 2022-12-06 15:26:51,699 [pool-23-thread-1] INFO server.RaftServerConfigKeys: raft.server.rpc.timeout.max = 5200ms (custom)
datanode_3  | 2022-12-06 15:26:51,700 [pool-23-thread-1] INFO server.RaftServerConfigKeys: raft.server.rpc.sleep.time = 25ms (default)
datanode_3  | 2022-12-06 15:26:51,705 [pool-23-thread-1] INFO server.RaftServerConfigKeys: raft.server.rpc.slowness.timeout = 300s (custom)
datanode_3  | 2022-12-06 15:26:51,708 [pool-23-thread-1] INFO server.RaftServerConfigKeys: raft.server.leaderelection.leader.step-down.wait-time = 10s (default)
datanode_3  | 2022-12-06 15:26:51,714 [pool-23-thread-1] INFO server.RaftServerConfigKeys: raft.server.sleep.deviation.threshold = 300ms (default)
datanode_3  | 2022-12-06 15:26:51,763 [pool-23-thread-1] INFO server.RaftServer$Division: edc578e2-a6b9-4ce1-8aa3-e1cbe899d73a@group-FBDEE4D5C11F: ConfigurationManager, init=-1: peers:[fb9bc14a-214f-4b98-ac16-78df9cbc03b9|rpc:172.18.0.4:9856|admin:172.18.0.4:9857|client:172.18.0.4:9858|dataStream:|priority:0|startupRole:FOLLOWER, edc578e2-a6b9-4ce1-8aa3-e1cbe899d73a|rpc:172.18.0.10:9856|admin:172.18.0.10:9857|client:172.18.0.10:9858|dataStream:|priority:1|startupRole:FOLLOWER, c87aad47-ddb7-40cc-82ac-d14821c7062b|rpc:172.18.0.5:9856|admin:172.18.0.5:9857|client:172.18.0.5:9858|dataStream:|priority:0|startupRole:FOLLOWER]|listeners:[], old=null, confs=<EMPTY_MAP>
datanode_3  | 2022-12-06 15:26:51,773 [pool-23-thread-1] INFO server.RaftServerConfigKeys: raft.server.storage.dir = [/data/metadata/ratis] (custom)
recon_1     | 2022-12-06 15:28:23,995 [pool-29-thread-1] INFO impl.OzoneManagerServiceProviderImpl: Syncing data from Ozone Manager.
datanode_2  | 2022-12-06 15:26:46,880 [pool-23-thread-1] INFO util.JmxRegister: Successfully registered JMX Bean with object name Ratis:service=RaftServer,group=group-FBDEE4D5C11F,id=fb9bc14a-214f-4b98-ac16-78df9cbc03b9
datanode_1  | 2022-12-06 15:27:01,267 [grpc-default-executor-1] INFO server.RaftServer$Division: c87aad47-ddb7-40cc-82ac-d14821c7062b@group-FBDEE4D5C11F: receive requestVote(ELECTION, edc578e2-a6b9-4ce1-8aa3-e1cbe899d73a, group-FBDEE4D5C11F, 2, (t:0, i:0))
datanode_3  | 2022-12-06 15:26:51,812 [pool-23-thread-1] INFO server.RaftServerConfigKeys: raft.server.log.corruption.policy = EXCEPTION (default)
om_1        | 2022-12-06 15:26:53,933 [pool-27-thread-1] INFO server.RaftServerConfigKeys: raft.server.retrycache.expirytime = 300s (custom)
scm_1       | 2022-12-06 15:25:52,500 [main] INFO impl.DataStreamServerImpl: raft.datastream.type = DISABLED (default)
scm_1       | 2022-12-06 15:25:52,504 [main] INFO server.RaftServerConfigKeys: raft.server.threadpool.proxy.cached = true (default)
recon_1     | 2022-12-06 15:28:24,003 [pool-29-thread-1] INFO codec.RepeatedOmKeyInfoCodec: RepeatedOmKeyInfoCodec ignorePipeline = true
datanode_1  | 2022-12-06 15:27:01,271 [grpc-default-executor-1] INFO impl.VoteContext: c87aad47-ddb7-40cc-82ac-d14821c7062b@group-FBDEE4D5C11F-FOLLOWER: reject ELECTION from edc578e2-a6b9-4ce1-8aa3-e1cbe899d73a: already has voted for fb9bc14a-214f-4b98-ac16-78df9cbc03b9 at current term 2
datanode_3  | 2022-12-06 15:26:51,827 [pool-23-thread-1] INFO server.RaftServerConfigKeys: raft.server.storage.free-space.min = 0MB (=0) (default)
om_1        | 2022-12-06 15:26:53,939 [pool-27-thread-1] INFO server.RaftServerConfigKeys: raft.server.retrycache.statistics.expirytime = 100?s (default)
recon_1     | 2022-12-06 15:28:24,003 [pool-29-thread-1] INFO codec.OmKeyInfoCodec: OmKeyInfoCodec ignorePipeline = true
recon_1     | 2022-12-06 15:28:24,003 [pool-29-thread-1] INFO codec.OmKeyInfoCodec: OmKeyInfoCodec ignorePipeline = true
scm_1       | 2022-12-06 15:25:52,504 [main] INFO server.RaftServerConfigKeys: raft.server.threadpool.proxy.size = 0 (default)
datanode_1  | 2022-12-06 15:27:01,273 [grpc-default-executor-1] INFO server.RaftServer$Division: c87aad47-ddb7-40cc-82ac-d14821c7062b@group-FBDEE4D5C11F replies to ELECTION vote request: edc578e2-a6b9-4ce1-8aa3-e1cbe899d73a<-c87aad47-ddb7-40cc-82ac-d14821c7062b#0:FAIL-t2. Peer's state: c87aad47-ddb7-40cc-82ac-d14821c7062b@group-FBDEE4D5C11F:t2, leader=null, voted=fb9bc14a-214f-4b98-ac16-78df9cbc03b9, raftlog=Memoized:c87aad47-ddb7-40cc-82ac-d14821c7062b@group-FBDEE4D5C11F-SegmentedRaftLog:OPENED:c-1, conf=-1: peers:[fb9bc14a-214f-4b98-ac16-78df9cbc03b9|rpc:172.18.0.4:9856|admin:172.18.0.4:9857|client:172.18.0.4:9858|dataStream:|priority:0|startupRole:FOLLOWER, edc578e2-a6b9-4ce1-8aa3-e1cbe899d73a|rpc:172.18.0.10:9856|admin:172.18.0.10:9857|client:172.18.0.10:9858|dataStream:|priority:1|startupRole:FOLLOWER, c87aad47-ddb7-40cc-82ac-d14821c7062b|rpc:172.18.0.5:9856|admin:172.18.0.5:9857|client:172.18.0.5:9858|dataStream:|priority:0|startupRole:FOLLOWER]|listeners:[], old=null
recon_1     | 2022-12-06 15:28:24,003 [pool-29-thread-1] INFO codec.OmKeyInfoCodec: OmKeyInfoCodec ignorePipeline = true
datanode_2  | 2022-12-06 15:26:46,882 [pool-23-thread-1] INFO server.RaftServerConfigKeys: raft.server.snapshot.auto.trigger.enabled = true (custom)
scm_1       | 2022-12-06 15:25:52,505 [main] INFO server.RaftServerConfigKeys: raft.server.rpc.slowness.timeout = 120000ms (custom)
datanode_3  | 2022-12-06 15:26:51,879 [pool-23-thread-1] INFO server.RaftServerConfigKeys: raft.server.notification.no-leader.timeout = 300s (custom)
om_1        | 2022-12-06 15:26:55,109 [pool-27-thread-1] INFO server.RaftServerConfigKeys: raft.server.log.appender.install.snapshot.enabled = false (custom)
datanode_1  | 2022-12-06 15:27:04,463 [c87aad47-ddb7-40cc-82ac-d14821c7062b@group-FBDEE4D5C11F-FollowerState] INFO impl.FollowerState: c87aad47-ddb7-40cc-82ac-d14821c7062b@group-FBDEE4D5C11F-FollowerState: change to CANDIDATE, lastRpcElapsedTime:5044210804ns, electionTimeout:5042ms
recon_1     | 2022-12-06 15:28:24,003 [pool-29-thread-1] INFO codec.OmKeyInfoCodec: OmKeyInfoCodec ignorePipeline = true
scm_1       | 2022-12-06 15:25:52,505 [main] INFO server.RaftServerConfigKeys: raft.server.leaderelection.leader.step-down.wait-time = 10s (default)
scm_1       | 2022-12-06 15:25:52,509 [main] INFO server.RaftServerConfigKeys: raft.server.storage.dir = [/data/metadata/scm-ha] (custom)
datanode_2  | 2022-12-06 15:26:46,882 [pool-23-thread-1] INFO server.RaftServerConfigKeys: raft.server.snapshot.auto.trigger.threshold = 10000 (custom)
om_1        | 2022-12-06 15:26:55,122 [pool-27-thread-1] INFO server.RaftServerConfigKeys: raft.server.threadpool.server.cached = true (default)
om_1        | 2022-12-06 15:26:55,130 [pool-27-thread-1] INFO server.RaftServerConfigKeys: raft.server.threadpool.server.size = 0 (default)
datanode_1  | 2022-12-06 15:27:04,464 [c87aad47-ddb7-40cc-82ac-d14821c7062b@group-FBDEE4D5C11F-FollowerState] INFO impl.RoleInfo: c87aad47-ddb7-40cc-82ac-d14821c7062b: shutdown c87aad47-ddb7-40cc-82ac-d14821c7062b@group-FBDEE4D5C11F-FollowerState
recon_1     | 2022-12-06 15:28:24,005 [pool-29-thread-1] INFO codec.OmKeyInfoCodec: OmKeyInfoCodec ignorePipeline = true
datanode_3  | 2022-12-06 15:26:51,898 [pool-23-thread-1] INFO server.RaftServerConfigKeys: raft.server.retrycache.expirytime = 600000ms (custom)
scm_1       | 2022-12-06 15:25:52,513 [3ef79d7a-f482-463c-9517-09ac3e349984-impl-thread1] INFO server.RaftServer: 3ef79d7a-f482-463c-9517-09ac3e349984: found a subdirectory /data/metadata/scm-ha/ca609f8e-d1ca-4c0b-b081-ea12ede1f2a6
datanode_2  | 2022-12-06 15:26:46,883 [pool-23-thread-1] INFO server.RaftServerConfigKeys: raft.server.snapshot.retention.file.num = 5 (custom)
om_1        | 2022-12-06 15:26:55,143 [pool-27-thread-1] INFO server.RaftServerConfigKeys: raft.server.threadpool.client.cached = true (default)
datanode_1  | 2022-12-06 15:27:04,464 [c87aad47-ddb7-40cc-82ac-d14821c7062b@group-FBDEE4D5C11F-FollowerState] INFO server.RaftServer$Division: c87aad47-ddb7-40cc-82ac-d14821c7062b@group-FBDEE4D5C11F: changes role from  FOLLOWER to CANDIDATE at term 2 for changeToCandidate
datanode_1  | 2022-12-06 15:27:04,474 [c87aad47-ddb7-40cc-82ac-d14821c7062b@group-FBDEE4D5C11F-FollowerState] INFO server.RaftServerConfigKeys: raft.server.leaderelection.pre-vote = false (custom)
datanode_1  | 2022-12-06 15:27:04,474 [c87aad47-ddb7-40cc-82ac-d14821c7062b@group-FBDEE4D5C11F-FollowerState] INFO impl.RoleInfo: c87aad47-ddb7-40cc-82ac-d14821c7062b: start c87aad47-ddb7-40cc-82ac-d14821c7062b@group-FBDEE4D5C11F-LeaderElection1
