2026-07-15 06:04:47,384 | INFO  | DNAudit | user=null | ip=null | op=READ_CONTAINER {"containerID":"3"} | ret=SUCCESS |  
2026-07-15 06:04:48,668 | INFO  | DNAudit | user=null | ip=null | op=READ_CONTAINER {"containerID":"3"} | ret=SUCCESS |  
2026-07-15 06:05:22,408 | INFO  | DNAudit | user=null | ip=null | op=READ_CONTAINER {"containerID":"3"} | ret=SUCCESS |  
2026-07-15 06:05:22,646 | INFO  | DNAudit | user=null | ip=null | op=READ_CONTAINER {"containerID":"3"} | ret=SUCCESS |  
2026-07-15 06:06:48,889 | INFO  | DNAudit | user=null | ip=null | op=CLOSE_CONTAINER {"containerID":"3"} | ret=SUCCESS |  
2026-07-15 06:06:57,382 | INFO  | DNAudit | user=null | ip=null | op=READ_CONTAINER {"containerID":"3"} | ret=SUCCESS |  
2026-07-15 06:06:57,531 | INFO  | DNAudit | user=null | ip=null | op=READ_CONTAINER {"containerID":"3"} | ret=SUCCESS |  
2026-07-15 06:07:04,551 | INFO  | DNAudit | user=null | ip=null | op=READ_CONTAINER {"containerID":"3"} | ret=SUCCESS |  
2026-07-15 06:07:04,665 | INFO  | DNAudit | user=null | ip=null | op=READ_CONTAINER {"containerID":"3"} | ret=SUCCESS |  
2026-07-15 06:07:11,379 | INFO  | DNAudit | user=null | ip=null | op=READ_CONTAINER {"containerID":"3"} | ret=SUCCESS |  
2026-07-15 06:07:11,500 | INFO  | DNAudit | user=null | ip=null | op=READ_CONTAINER {"containerID":"3"} | ret=SUCCESS |  
2026-07-15 06:07:38,868 | INFO  | DNAudit | user=null | ip=null | op=READ_CONTAINER {"containerID":"7"} | ret=SUCCESS |  
2026-07-15 06:07:39,203 | ERROR | DNAudit | user=null | ip=null | op=GET_BLOCK {"blockData":"conID: 7 locID: 117883640217600108 bcsId: 0 replicaIndex: 3"} | ret=FAILURE | java.lang.Exception: Request is trying to write to node with uuid : 0de7b621-19b5-446e-9734-3a35b9183857 but the current nodeId is: 571bda73-c154-4871-868b-a64e6dac0028 .
	at org.apache.hadoop.ozone.container.common.impl.HddsDispatcher.dispatchRequest(HddsDispatcher.java:449)
	at org.apache.hadoop.ozone.container.common.impl.HddsDispatcher.lambda$dispatch$0(HddsDispatcher.java:197)
 
2026-07-15 06:07:39,240 | ERROR | DNAudit | user=null | ip=null | op=GET_BLOCK {"blockData":"conID: 7 locID: 117883640217600108 bcsId: 0 replicaIndex: 4"} | ret=FAILURE | java.lang.Exception: Request is trying to write to node with uuid : 02c84179-4b48-4a80-ab62-94acdc4289e0 but the current nodeId is: 571bda73-c154-4871-868b-a64e6dac0028 .
	at org.apache.hadoop.ozone.container.common.impl.HddsDispatcher.dispatchRequest(HddsDispatcher.java:449)
	at org.apache.hadoop.ozone.container.common.impl.HddsDispatcher.lambda$dispatch$0(HddsDispatcher.java:197)
 
2026-07-15 06:07:39,287 | ERROR | DNAudit | user=null | ip=null | op=GET_BLOCK {"blockData":"conID: 7 locID: 117883640217600108 bcsId: 0 replicaIndex: 5"} | ret=FAILURE | java.lang.Exception: Request is trying to write to node with uuid : 08d22f80-8829-4f24-b996-218a48559779 but the current nodeId is: 571bda73-c154-4871-868b-a64e6dac0028 .
	at org.apache.hadoop.ozone.container.common.impl.HddsDispatcher.dispatchRequest(HddsDispatcher.java:449)
	at org.apache.hadoop.ozone.container.common.impl.HddsDispatcher.lambda$dispatch$0(HddsDispatcher.java:197)
 
2026-07-15 06:08:01,360 | INFO  | DNAudit | user=null | ip=null | op=READ_CONTAINER {"containerID":"7"} | ret=SUCCESS |  
2026-07-15 06:08:01,675 | ERROR | DNAudit | user=null | ip=null | op=GET_BLOCK {"blockData":"conID: 7 locID: 117883640217600109 bcsId: 0 replicaIndex: 3"} | ret=FAILURE | java.lang.Exception: Request is trying to write to node with uuid : 0de7b621-19b5-446e-9734-3a35b9183857 but the current nodeId is: 571bda73-c154-4871-868b-a64e6dac0028 .
	at org.apache.hadoop.ozone.container.common.impl.HddsDispatcher.dispatchRequest(HddsDispatcher.java:449)
	at org.apache.hadoop.ozone.container.common.impl.HddsDispatcher.lambda$dispatch$0(HddsDispatcher.java:197)
 
2026-07-15 06:08:01,711 | ERROR | DNAudit | user=null | ip=null | op=GET_BLOCK {"blockData":"conID: 7 locID: 117883640217600109 bcsId: 0 replicaIndex: 4"} | ret=FAILURE | java.lang.Exception: Request is trying to write to node with uuid : 02c84179-4b48-4a80-ab62-94acdc4289e0 but the current nodeId is: 571bda73-c154-4871-868b-a64e6dac0028 .
	at org.apache.hadoop.ozone.container.common.impl.HddsDispatcher.dispatchRequest(HddsDispatcher.java:449)
	at org.apache.hadoop.ozone.container.common.impl.HddsDispatcher.lambda$dispatch$0(HddsDispatcher.java:197)
 
2026-07-15 06:08:01,759 | ERROR | DNAudit | user=null | ip=null | op=GET_BLOCK {"blockData":"conID: 7 locID: 117883640217600109 bcsId: 0 replicaIndex: 5"} | ret=FAILURE | java.lang.Exception: Request is trying to write to node with uuid : 08d22f80-8829-4f24-b996-218a48559779 but the current nodeId is: 571bda73-c154-4871-868b-a64e6dac0028 .
	at org.apache.hadoop.ozone.container.common.impl.HddsDispatcher.dispatchRequest(HddsDispatcher.java:449)
	at org.apache.hadoop.ozone.container.common.impl.HddsDispatcher.lambda$dispatch$0(HddsDispatcher.java:197)
 
2026-07-15 06:08:26,692 | INFO  | DNAudit | user=null | ip=null | op=READ_CONTAINER {"containerID":"7"} | ret=SUCCESS |  
2026-07-15 06:08:26,921 | ERROR | DNAudit | user=null | ip=null | op=GET_BLOCK {"blockData":"conID: 7 locID: 117883640217600110 bcsId: 0 replicaIndex: 3"} | ret=FAILURE | java.lang.Exception: Request is trying to write to node with uuid : 0de7b621-19b5-446e-9734-3a35b9183857 but the current nodeId is: 571bda73-c154-4871-868b-a64e6dac0028 .
	at org.apache.hadoop.ozone.container.common.impl.HddsDispatcher.dispatchRequest(HddsDispatcher.java:449)
	at org.apache.hadoop.ozone.container.common.impl.HddsDispatcher.lambda$dispatch$0(HddsDispatcher.java:197)
 
2026-07-15 06:08:26,948 | ERROR | DNAudit | user=null | ip=null | op=GET_BLOCK {"blockData":"conID: 7 locID: 117883640217600110 bcsId: 0 replicaIndex: 4"} | ret=FAILURE | java.lang.Exception: Request is trying to write to node with uuid : 02c84179-4b48-4a80-ab62-94acdc4289e0 but the current nodeId is: 571bda73-c154-4871-868b-a64e6dac0028 .
	at org.apache.hadoop.ozone.container.common.impl.HddsDispatcher.dispatchRequest(HddsDispatcher.java:449)
	at org.apache.hadoop.ozone.container.common.impl.HddsDispatcher.lambda$dispatch$0(HddsDispatcher.java:197)
 
2026-07-15 06:08:26,982 | ERROR | DNAudit | user=null | ip=null | op=GET_BLOCK {"blockData":"conID: 7 locID: 117883640217600110 bcsId: 0 replicaIndex: 5"} | ret=FAILURE | java.lang.Exception: Request is trying to write to node with uuid : 08d22f80-8829-4f24-b996-218a48559779 but the current nodeId is: 571bda73-c154-4871-868b-a64e6dac0028 .
	at org.apache.hadoop.ozone.container.common.impl.HddsDispatcher.dispatchRequest(HddsDispatcher.java:449)
	at org.apache.hadoop.ozone.container.common.impl.HddsDispatcher.lambda$dispatch$0(HddsDispatcher.java:197)
 
2026-07-15 06:08:27,025 | INFO  | DNAudit | user=null | ip=null | op=READ_CONTAINER {"containerID":"7"} | ret=SUCCESS |  
2026-07-15 06:08:27,087 | ERROR | DNAudit | user=null | ip=null | op=GET_BLOCK {"blockData":"conID: 7 locID: 117883640217600111 bcsId: 0 replicaIndex: 3"} | ret=FAILURE | java.lang.Exception: Request is trying to write to node with uuid : 0de7b621-19b5-446e-9734-3a35b9183857 but the current nodeId is: 571bda73-c154-4871-868b-a64e6dac0028 .
	at org.apache.hadoop.ozone.container.common.impl.HddsDispatcher.dispatchRequest(HddsDispatcher.java:449)
	at org.apache.hadoop.ozone.container.common.impl.HddsDispatcher.lambda$dispatch$0(HddsDispatcher.java:197)
 
2026-07-15 06:08:27,114 | ERROR | DNAudit | user=null | ip=null | op=GET_BLOCK {"blockData":"conID: 7 locID: 117883640217600111 bcsId: 0 replicaIndex: 4"} | ret=FAILURE | java.lang.Exception: Request is trying to write to node with uuid : 02c84179-4b48-4a80-ab62-94acdc4289e0 but the current nodeId is: 571bda73-c154-4871-868b-a64e6dac0028 .
	at org.apache.hadoop.ozone.container.common.impl.HddsDispatcher.dispatchRequest(HddsDispatcher.java:449)
	at org.apache.hadoop.ozone.container.common.impl.HddsDispatcher.lambda$dispatch$0(HddsDispatcher.java:197)
 
2026-07-15 06:08:27,148 | ERROR | DNAudit | user=null | ip=null | op=GET_BLOCK {"blockData":"conID: 7 locID: 117883640217600111 bcsId: 0 replicaIndex: 5"} | ret=FAILURE | java.lang.Exception: Request is trying to write to node with uuid : 08d22f80-8829-4f24-b996-218a48559779 but the current nodeId is: 571bda73-c154-4871-868b-a64e6dac0028 .
	at org.apache.hadoop.ozone.container.common.impl.HddsDispatcher.dispatchRequest(HddsDispatcher.java:449)
	at org.apache.hadoop.ozone.container.common.impl.HddsDispatcher.lambda$dispatch$0(HddsDispatcher.java:197)
 
2026-07-15 06:08:47,698 | INFO  | DNAudit | user=null | ip=null | op=READ_CONTAINER {"containerID":"7"} | ret=SUCCESS |  
2026-07-15 06:08:47,957 | ERROR | DNAudit | user=null | ip=null | op=GET_BLOCK {"blockData":"conID: 7 locID: 117883640217600112 bcsId: 0 replicaIndex: 3"} | ret=FAILURE | java.lang.Exception: Request is trying to write to node with uuid : 0de7b621-19b5-446e-9734-3a35b9183857 but the current nodeId is: 571bda73-c154-4871-868b-a64e6dac0028 .
	at org.apache.hadoop.ozone.container.common.impl.HddsDispatcher.dispatchRequest(HddsDispatcher.java:449)
	at org.apache.hadoop.ozone.container.common.impl.HddsDispatcher.lambda$dispatch$0(HddsDispatcher.java:197)
 
2026-07-15 06:08:47,976 | ERROR | DNAudit | user=null | ip=null | op=GET_BLOCK {"blockData":"conID: 7 locID: 117883640217600112 bcsId: 0 replicaIndex: 4"} | ret=FAILURE | java.lang.Exception: Request is trying to write to node with uuid : 02c84179-4b48-4a80-ab62-94acdc4289e0 but the current nodeId is: 571bda73-c154-4871-868b-a64e6dac0028 .
	at org.apache.hadoop.ozone.container.common.impl.HddsDispatcher.dispatchRequest(HddsDispatcher.java:449)
	at org.apache.hadoop.ozone.container.common.impl.HddsDispatcher.lambda$dispatch$0(HddsDispatcher.java:197)
 
2026-07-15 06:08:48,005 | ERROR | DNAudit | user=null | ip=null | op=GET_BLOCK {"blockData":"conID: 7 locID: 117883640217600112 bcsId: 0 replicaIndex: 5"} | ret=FAILURE | java.lang.Exception: Request is trying to write to node with uuid : 08d22f80-8829-4f24-b996-218a48559779 but the current nodeId is: 571bda73-c154-4871-868b-a64e6dac0028 .
	at org.apache.hadoop.ozone.container.common.impl.HddsDispatcher.dispatchRequest(HddsDispatcher.java:449)
	at org.apache.hadoop.ozone.container.common.impl.HddsDispatcher.lambda$dispatch$0(HddsDispatcher.java:197)
 
2026-07-15 06:09:51,314 | ERROR | DNAudit | user=null | ip=null | op=GET_BLOCK {"blockData":"conID: 3 locID: 117883640217600101 bcsId: 2 replicaIndex: null"} | ret=FAILURE | java.lang.Exception: Unable to find the block with bcsID 2 .Container 3 bcsId is 0.
	at org.apache.hadoop.ozone.container.common.impl.HddsDispatcher.dispatchRequest(HddsDispatcher.java:449)
	at org.apache.hadoop.ozone.container.common.impl.HddsDispatcher.lambda$dispatch$0(HddsDispatcher.java:197)
 
2026-07-15 06:09:51,445 | ERROR | DNAudit | user=null | ip=null | op=GET_BLOCK {"blockData":"conID: 3 locID: 117883640217600102 bcsId: 6 replicaIndex: null"} | ret=FAILURE | java.lang.Exception: Unable to find the block with bcsID 6 .Container 3 bcsId is 0.
	at org.apache.hadoop.ozone.container.common.impl.HddsDispatcher.dispatchRequest(HddsDispatcher.java:449)
	at org.apache.hadoop.ozone.container.common.impl.HddsDispatcher.lambda$dispatch$0(HddsDispatcher.java:197)
 
