datanode_3  | 2023-02-03 02:10:06,600 [580c4dea-3fff-4850-ba0b-7b248f0e9cad@group-53EC113D99D4-LeaderElection1] INFO impl.LeaderElection: 580c4dea-3fff-4850-ba0b-7b248f0e9cad@group-53EC113D99D4-LeaderElection1 ELECTION round 0: submit vote requests at term 2 for -1: peers:[580c4dea-3fff-4850-ba0b-7b248f0e9cad|rpc:172.19.0.4:9856|admin:172.19.0.4:9857|client:172.19.0.4:9858|dataStream:172.19.0.4:9855|priority:0|startupRole:FOLLOWER, 6e5ab643-65c5-478e-8652-c93e135a2eca|rpc:172.19.0.6:9856|admin:172.19.0.6:9857|client:172.19.0.6:9858|dataStream:172.19.0.6:9855|priority:0|startupRole:FOLLOWER, a13eb229-8c47-4cc0-b09c-fbc1ce0d7712|rpc:172.19.0.10:9856|admin:172.19.0.10:9857|client:172.19.0.10:9858|dataStream:172.19.0.10:9855|priority:1|startupRole:FOLLOWER]|listeners:[], old=null
datanode_3  | 2023-02-03 02:10:06,607 [580c4dea-3fff-4850-ba0b-7b248f0e9cad@group-53EC113D99D4-LeaderElection1-1] INFO server.GrpcServerProtocolClient: Build channel for 6e5ab643-65c5-478e-8652-c93e135a2eca
datanode_3  | 2023-02-03 02:10:06,609 [580c4dea-3fff-4850-ba0b-7b248f0e9cad@group-53EC113D99D4-LeaderElection1] INFO server.RaftServerConfigKeys: raft.server.rpc.first-election.timeout.min = 5s (fallback to raft.server.rpc.timeout.min)
datanode_3  | 2023-02-03 02:10:06,611 [580c4dea-3fff-4850-ba0b-7b248f0e9cad@group-53EC113D99D4-LeaderElection1] INFO server.RaftServerConfigKeys: raft.server.rpc.first-election.timeout.max = 5200ms (fallback to raft.server.rpc.timeout.max)
datanode_3  | 2023-02-03 02:10:06,634 [580c4dea-3fff-4850-ba0b-7b248f0e9cad@group-53EC113D99D4-LeaderElection1-2] INFO server.GrpcServerProtocolClient: Build channel for a13eb229-8c47-4cc0-b09c-fbc1ce0d7712
datanode_3  | 2023-02-03 02:10:06,822 [580c4dea-3fff-4850-ba0b-7b248f0e9cad@group-53EC113D99D4-LeaderElection1] INFO impl.LeaderElection: 580c4dea-3fff-4850-ba0b-7b248f0e9cad@group-53EC113D99D4-LeaderElection1: ELECTION REJECTED received 2 response(s) and 0 exception(s):
datanode_3  | 2023-02-03 02:10:06,823 [580c4dea-3fff-4850-ba0b-7b248f0e9cad@group-53EC113D99D4-LeaderElection1] INFO impl.LeaderElection:   Response 0: 580c4dea-3fff-4850-ba0b-7b248f0e9cad<-6e5ab643-65c5-478e-8652-c93e135a2eca#0:OK-t2
datanode_3  | 2023-02-03 02:10:06,823 [580c4dea-3fff-4850-ba0b-7b248f0e9cad@group-53EC113D99D4-LeaderElection1] INFO impl.LeaderElection:   Response 1: 580c4dea-3fff-4850-ba0b-7b248f0e9cad<-a13eb229-8c47-4cc0-b09c-fbc1ce0d7712#0:FAIL-t2
datanode_3  | 2023-02-03 02:10:06,825 [580c4dea-3fff-4850-ba0b-7b248f0e9cad@group-53EC113D99D4-LeaderElection1] INFO impl.LeaderElection: 580c4dea-3fff-4850-ba0b-7b248f0e9cad@group-53EC113D99D4-LeaderElection1 ELECTION round 0: result REJECTED
datanode_3  | 2023-02-03 02:10:06,830 [580c4dea-3fff-4850-ba0b-7b248f0e9cad@group-53EC113D99D4-LeaderElection1] INFO server.RaftServer$Division: 580c4dea-3fff-4850-ba0b-7b248f0e9cad@group-53EC113D99D4: changes role from CANDIDATE to FOLLOWER at term 2 for REJECTED
datanode_3  | 2023-02-03 02:10:06,831 [580c4dea-3fff-4850-ba0b-7b248f0e9cad@group-53EC113D99D4-LeaderElection1] INFO impl.RoleInfo: 580c4dea-3fff-4850-ba0b-7b248f0e9cad: shutdown 580c4dea-3fff-4850-ba0b-7b248f0e9cad@group-53EC113D99D4-LeaderElection1
datanode_3  | 2023-02-03 02:10:06,832 [580c4dea-3fff-4850-ba0b-7b248f0e9cad@group-53EC113D99D4-LeaderElection1] INFO impl.RoleInfo: 580c4dea-3fff-4850-ba0b-7b248f0e9cad: start 580c4dea-3fff-4850-ba0b-7b248f0e9cad@group-53EC113D99D4-FollowerState
recon_1     | 	at java.base/javax.security.auth.Subject.doAs(Subject.java:423)
recon_1     | 	at org.apache.hadoop.security.UserGroupInformation.doAs(UserGroupInformation.java:1878)
recon_1     | 	at org.apache.hadoop.ipc.Server$Handler.run(Server.java:2976)
recon_1     | 2023-02-03 02:09:48,183 [IPC Server handler 16 on default port 9891] WARN ipc.Server: IPC Server handler 16 on default port 9891, call Call#0 Retry#0 org.apache.hadoop.ozone.protocol.ReconDatanodeProtocol.submitRequest from 172.19.0.9:44092: output error
recon_1     | 2023-02-03 02:09:48,186 [IPC Server handler 16 on default port 9891] INFO ipc.Server: IPC Server handler 16 on default port 9891 caught an exception
recon_1     | java.nio.channels.ClosedChannelException
recon_1     | 	at java.base/sun.nio.ch.SocketChannelImpl.ensureOpenAndConnected(SocketChannelImpl.java:180)
recon_1     | 	at java.base/sun.nio.ch.SocketChannelImpl.write(SocketChannelImpl.java:452)
recon_1     | 	at org.apache.hadoop.ipc.Server.channelWrite(Server.java:3619)
recon_1     | 	at org.apache.hadoop.ipc.Server.access$1700(Server.java:144)
recon_1     | 	at org.apache.hadoop.ipc.Server$Responder.processResponse(Server.java:1672)
recon_1     | 	at org.apache.hadoop.ipc.Server$Responder.doRespond(Server.java:1742)
recon_1     | 	at org.apache.hadoop.ipc.Server$Connection.sendResponse(Server.java:2847)
recon_1     | 	at org.apache.hadoop.ipc.Server$Connection.access$300(Server.java:1814)
recon_1     | 	at org.apache.hadoop.ipc.Server$RpcCall.doResponse(Server.java:1125)
recon_1     | 	at org.apache.hadoop.ipc.Server$Call.doResponse(Server.java:917)
recon_1     | 	at org.apache.hadoop.ipc.Server$Call.sendResponse(Server.java:903)
recon_1     | 	at org.apache.hadoop.ipc.Server$RpcCall.run(Server.java:1060)
recon_1     | 	at org.apache.hadoop.ipc.Server$RpcCall.run(Server.java:971)
recon_1     | 	at java.base/java.security.AccessController.doPrivileged(Native Method)
recon_1     | 	at java.base/javax.security.auth.Subject.doAs(Subject.java:423)
recon_1     | 	at org.apache.hadoop.security.UserGroupInformation.doAs(UserGroupInformation.java:1878)
recon_1     | 	at org.apache.hadoop.ipc.Server$Handler.run(Server.java:2976)
recon_1     | 2023-02-03 02:09:48,198 [IPC Server handler 18 on default port 9891] WARN ipc.Server: IPC Server handler 18 on default port 9891, call Call#0 Retry#0 org.apache.hadoop.ozone.protocol.ReconDatanodeProtocol.submitRequest from 172.19.0.10:59932: output error
recon_1     | 2023-02-03 02:09:48,219 [IPC Server handler 14 on default port 9891] WARN ipc.Server: IPC Server handler 14 on default port 9891, call Call#1 Retry#0 org.apache.hadoop.ozone.protocol.ReconDatanodeProtocol.submitRequest from 172.19.0.4:52802: output error
recon_1     | 2023-02-03 02:09:48,227 [IPC Server handler 14 on default port 9891] INFO ipc.Server: IPC Server handler 14 on default port 9891 caught an exception
recon_1     | java.nio.channels.ClosedChannelException
recon_1     | 	at java.base/sun.nio.ch.SocketChannelImpl.ensureOpenAndConnected(SocketChannelImpl.java:180)
recon_1     | 	at java.base/sun.nio.ch.SocketChannelImpl.write(SocketChannelImpl.java:452)
recon_1     | 	at org.apache.hadoop.ipc.Server.channelWrite(Server.java:3619)
recon_1     | 	at org.apache.hadoop.ipc.Server.access$1700(Server.java:144)
recon_1     | 	at org.apache.hadoop.ipc.Server$Responder.processResponse(Server.java:1672)
recon_1     | 	at org.apache.hadoop.ipc.Server$Responder.doRespond(Server.java:1742)
recon_1     | 	at org.apache.hadoop.ipc.Server$Connection.sendResponse(Server.java:2847)
recon_1     | 	at org.apache.hadoop.ipc.Server$Connection.access$300(Server.java:1814)
recon_1     | 	at org.apache.hadoop.ipc.Server$RpcCall.doResponse(Server.java:1125)
recon_1     | 	at org.apache.hadoop.ipc.Server$Call.doResponse(Server.java:917)
recon_1     | 	at org.apache.hadoop.ipc.Server$Call.sendResponse(Server.java:903)
recon_1     | 	at org.apache.hadoop.ipc.Server$RpcCall.run(Server.java:1060)
recon_1     | 	at org.apache.hadoop.ipc.Server$RpcCall.run(Server.java:971)
recon_1     | 	at java.base/java.security.AccessController.doPrivileged(Native Method)
recon_1     | 	at java.base/javax.security.auth.Subject.doAs(Subject.java:423)
recon_1     | 	at org.apache.hadoop.security.UserGroupInformation.doAs(UserGroupInformation.java:1878)
recon_1     | 	at org.apache.hadoop.ipc.Server$Handler.run(Server.java:2976)
recon_1     | 2023-02-03 02:09:48,218 [IPC Server handler 19 on default port 9891] WARN ipc.Server: IPC Server handler 19 on default port 9891, call Call#3 Retry#0 org.apache.hadoop.ozone.protocol.ReconDatanodeProtocol.submitRequest from 172.19.0.9:44286: output error
recon_1     | 2023-02-03 02:09:48,210 [IPC Server handler 5 on default port 9891] WARN ipc.Server: IPC Server handler 5 on default port 9891, call Call#2 Retry#0 org.apache.hadoop.ozone.protocol.ReconDatanodeProtocol.submitRequest from 172.19.0.4:54058: output error
om_1        | 2023-02-03 02:10:12,957 [pool-28-thread-1] INFO server.RaftServerConfigKeys: raft.server.rpc.slowness.timeout = 120s (custom)
om_1        | 2023-02-03 02:10:12,958 [pool-28-thread-1] INFO server.RaftServerConfigKeys: raft.server.leaderelection.leader.step-down.wait-time = 10s (default)
om_1        | 2023-02-03 02:10:12,959 [pool-28-thread-1] INFO server.RaftServerConfigKeys: raft.server.sleep.deviation.threshold = 300ms (default)
om_1        | 2023-02-03 02:10:13,003 [pool-28-thread-1] INFO server.RaftServer$Division: om1@group-C5BA1605619E: ConfigurationManager, init=-1: peers:[om1|rpc:om:9872|priority:0|startupRole:FOLLOWER]|listeners:[], old=null, confs=<EMPTY_MAP>
om_1        | 2023-02-03 02:10:13,006 [pool-28-thread-1] INFO server.RaftServerConfigKeys: raft.server.storage.dir = [/data/metadata/ratis] (custom)
om_1        | 2023-02-03 02:10:13,040 [pool-28-thread-1] INFO server.RaftServerConfigKeys: raft.server.log.corruption.policy = EXCEPTION (default)
om_1        | 2023-02-03 02:10:13,041 [pool-28-thread-1] INFO server.RaftServerConfigKeys: raft.server.storage.free-space.min = 0MB (=0) (default)
om_1        | 2023-02-03 02:10:13,135 [pool-28-thread-1] INFO server.RaftServerConfigKeys: raft.server.notification.no-leader.timeout = 120s (custom)
om_1        | 2023-02-03 02:10:13,143 [pool-28-thread-1] INFO server.RaftServerConfigKeys: raft.server.retrycache.expirytime = 300s (custom)
om_1        | 2023-02-03 02:10:13,144 [pool-28-thread-1] INFO server.RaftServerConfigKeys: raft.server.retrycache.statistics.expirytime = 100?s (default)
om_1        | 2023-02-03 02:10:13,477 [pool-28-thread-1] INFO server.RaftServerConfigKeys: raft.server.log.appender.install.snapshot.enabled = false (custom)
om_1        | 2023-02-03 02:10:13,478 [pool-28-thread-1] INFO server.RaftServerConfigKeys: raft.server.threadpool.server.cached = true (default)
om_1        | 2023-02-03 02:10:13,480 [pool-28-thread-1] INFO server.RaftServerConfigKeys: raft.server.threadpool.server.size = 0 (default)
om_1        | 2023-02-03 02:10:13,483 [pool-28-thread-1] INFO server.RaftServerConfigKeys: raft.server.threadpool.client.cached = true (default)
om_1        | 2023-02-03 02:10:13,484 [pool-28-thread-1] INFO server.RaftServerConfigKeys: raft.server.threadpool.client.size = 0 (default)
om_1        | 2023-02-03 02:10:14,219 [main] INFO reflections.Reflections: Reflections took 913 ms to scan 8 urls, producing 24 keys and 567 values [using 2 cores]
om_1        | 2023-02-03 02:10:14,584 [main] INFO ipc.CallQueueManager: Using callQueue: class java.util.concurrent.LinkedBlockingQueue, queueCapacity: 10000, scheduler: class org.apache.hadoop.ipc.DefaultRpcScheduler, ipcBackoff: false.
om_1        | 2023-02-03 02:10:14,606 [Socket Reader #1 for port 9862] INFO ipc.Server: Starting Socket Reader #1 for port 9862
om_1        | 2023-02-03 02:10:15,647 [Listener at om/9862] INFO impl.MetricsConfig: Loaded properties from hadoop-metrics2.properties
om_1        | 2023-02-03 02:10:15,693 [Listener at om/9862] INFO impl.MetricsSystemImpl: Scheduled Metric snapshot period at 10 second(s).
om_1        | 2023-02-03 02:10:15,693 [Listener at om/9862] INFO impl.MetricsSystemImpl: OzoneManager metrics system started
om_1        | 2023-02-03 02:10:15,889 [Listener at om/9862] INFO om.OzoneManager: OzoneManager RPC server is listening at om/172.19.0.5:9862
om_1        | 2023-02-03 02:10:15,889 [Listener at om/9862] INFO ratis.OzoneManagerRatisServer: Starting OzoneManagerRatisServer om1 at port 9872
om_1        | 2023-02-03 02:10:15,897 [om1-impl-thread1] INFO storage.RaftStorageDirectory: The storage directory /data/metadata/ratis/bf265839-605b-3f16-9796-c5ba1605619e does not exist. Creating ...
om_1        | 2023-02-03 02:10:15,905 [om1-impl-thread1] INFO storage.RaftStorageDirectory: Lock on /data/metadata/ratis/bf265839-605b-3f16-9796-c5ba1605619e/in_use.lock acquired by nodename 7@1ea08aec8b0b
om_1        | 2023-02-03 02:10:15,923 [om1-impl-thread1] INFO storage.RaftStorage: Storage directory /data/metadata/ratis/bf265839-605b-3f16-9796-c5ba1605619e has been successfully formatted.
om_1        | 2023-02-03 02:10:15,930 [om1-impl-thread1] INFO server.RaftServerConfigKeys: raft.server.log.use.memory = false (default)
om_1        | 2023-02-03 02:10:15,953 [om1-impl-thread1] INFO server.RaftServerConfigKeys: raft.server.log.purge.gap = 1000000 (custom)
om_1        | 2023-02-03 02:10:15,953 [om1-impl-thread1] INFO server.RaftServerConfigKeys: raft.server.log.appender.buffer.byte-limit = 33554432 (custom)
om_1        | 2023-02-03 02:10:15,958 [om1-impl-thread1] INFO server.RaftServerConfigKeys: raft.server.log.statemachine.data.read.timeout = 1000ms (default)
om_1        | 2023-02-03 02:10:15,962 [om1-impl-thread1] INFO server.RaftServerConfigKeys: raft.server.log.purge.preservation.log.num = 0 (default)
om_1        | 2023-02-03 02:10:15,974 [om1-impl-thread1] INFO server.RaftServerConfigKeys: raft.server.log.segment.size.max = 4194304 (custom)
om_1        | 2023-02-03 02:10:16,008 [om1-impl-thread1] INFO server.RaftServerConfigKeys: raft.server.log.segment.cache.num.max = 2 (custom)
om_1        | 2023-02-03 02:10:16,010 [om1-impl-thread1] INFO server.RaftServerConfigKeys: raft.server.log.segment.cache.size.max = 200MB (=209715200) (default)
om_1        | 2023-02-03 02:10:16,034 [om1-impl-thread1] INFO segmented.SegmentedRaftLogWorker: new om1@group-C5BA1605619E-SegmentedRaftLogWorker for RaftStorageImpl:Storage Directory /data/metadata/ratis/bf265839-605b-3f16-9796-c5ba1605619e
om_1        | 2023-02-03 02:10:16,037 [om1-impl-thread1] INFO server.RaftServerConfigKeys: raft.server.log.queue.byte-limit = 64MB (=67108864) (default)
om_1        | 2023-02-03 02:10:16,038 [om1-impl-thread1] INFO server.RaftServerConfigKeys: raft.server.log.queue.element-limit = 4096 (default)
om_1        | 2023-02-03 02:10:16,042 [om1-impl-thread1] INFO server.RaftServerConfigKeys: raft.server.log.segment.size.max = 4194304 (custom)
om_1        | 2023-02-03 02:10:16,043 [om1-impl-thread1] INFO server.RaftServerConfigKeys: raft.server.log.preallocated.size = 4194304 (custom)
om_1        | 2023-02-03 02:10:16,045 [om1-impl-thread1] INFO server.RaftServerConfigKeys: raft.server.log.force.sync.num = 128 (default)
om_1        | 2023-02-03 02:10:16,048 [om1-impl-thread1] INFO server.RaftServerConfigKeys: raft.server.log.statemachine.data.sync = true (default)
om_1        | 2023-02-03 02:10:16,049 [om1-impl-thread1] INFO server.RaftServerConfigKeys: raft.server.log.statemachine.data.sync.timeout = 10s (default)
scm_1       | 2023-02-03 02:09:03,429 [pool-2-thread-1] INFO server.RaftServerConfigKeys: raft.server.log.corruption.policy = EXCEPTION (default)
scm_1       | 2023-02-03 02:09:03,472 [pool-2-thread-1] INFO server.RaftServerConfigKeys: raft.server.storage.free-space.min = 0MB (=0) (default)
scm_1       | 2023-02-03 02:09:03,716 [pool-2-thread-1] INFO server.RaftServerConfigKeys: raft.server.notification.no-leader.timeout = 60s (default)
scm_1       | 2023-02-03 02:09:03,786 [pool-2-thread-1] INFO server.RaftServerConfigKeys: raft.server.retrycache.expirytime = 60000ms (default)
scm_1       | 2023-02-03 02:09:03,801 [pool-2-thread-1] INFO server.RaftServerConfigKeys: raft.server.retrycache.statistics.expirytime = 100?s (default)
scm_1       | 2023-02-03 02:09:04,681 [pool-2-thread-1] INFO metrics.MetricRegistries: Loaded MetricRegistries class org.apache.ratis.metrics.impl.MetricRegistriesImpl
scm_1       | 2023-02-03 02:09:07,579 [pool-2-thread-1] INFO server.RaftServerConfigKeys: raft.server.log.appender.install.snapshot.enabled = false (custom)
scm_1       | 2023-02-03 02:09:07,581 [pool-2-thread-1] INFO server.RaftServerConfigKeys: raft.server.threadpool.server.cached = true (default)
scm_1       | 2023-02-03 02:09:07,624 [pool-2-thread-1] INFO server.RaftServerConfigKeys: raft.server.threadpool.server.size = 0 (default)
scm_1       | 2023-02-03 02:09:07,626 [pool-2-thread-1] INFO server.RaftServerConfigKeys: raft.server.threadpool.client.cached = true (default)
scm_1       | 2023-02-03 02:09:07,641 [pool-2-thread-1] INFO server.RaftServerConfigKeys: raft.server.threadpool.client.size = 0 (default)
scm_1       | 2023-02-03 02:09:07,646 [92c4adca-fe6a-49c9-9ce4-169e92d2802b-impl-thread1] INFO storage.RaftStorageDirectory: The storage directory /data/metadata/scm-ha/f45a44fa-ad40-432b-988a-3c46ab02f5b8 does not exist. Creating ...
scm_1       | 2023-02-03 02:09:07,748 [92c4adca-fe6a-49c9-9ce4-169e92d2802b-impl-thread1] INFO storage.RaftStorageDirectory: Lock on /data/metadata/scm-ha/f45a44fa-ad40-432b-988a-3c46ab02f5b8/in_use.lock acquired by nodename 13@9b1bb6ad9709
scm_1       | 2023-02-03 02:09:07,974 [92c4adca-fe6a-49c9-9ce4-169e92d2802b-impl-thread1] INFO storage.RaftStorage: Storage directory /data/metadata/scm-ha/f45a44fa-ad40-432b-988a-3c46ab02f5b8 has been successfully formatted.
scm_1       | 2023-02-03 02:09:08,097 [92c4adca-fe6a-49c9-9ce4-169e92d2802b-impl-thread1] INFO server.RaftServerConfigKeys: raft.server.log.use.memory = false (default)
scm_1       | 2023-02-03 02:09:08,345 [92c4adca-fe6a-49c9-9ce4-169e92d2802b-impl-thread1] INFO server.RaftServerConfigKeys: raft.server.log.purge.gap = 1000000 (custom)
scm_1       | 2023-02-03 02:09:08,389 [92c4adca-fe6a-49c9-9ce4-169e92d2802b-impl-thread1] INFO server.RaftServerConfigKeys: raft.server.log.appender.buffer.byte-limit = 33554432 (custom)
scm_1       | 2023-02-03 02:09:08,405 [92c4adca-fe6a-49c9-9ce4-169e92d2802b-impl-thread1] INFO server.RaftServerConfigKeys: raft.server.log.statemachine.data.read.timeout = 1000ms (default)
scm_1       | 2023-02-03 02:09:08,520 [92c4adca-fe6a-49c9-9ce4-169e92d2802b-impl-thread1] INFO server.RaftServerConfigKeys: raft.server.log.purge.preservation.log.num = 0 (default)
scm_1       | 2023-02-03 02:09:08,561 [92c4adca-fe6a-49c9-9ce4-169e92d2802b-impl-thread1] INFO server.RaftServerConfigKeys: raft.server.log.segment.size.max = 4194304 (custom)
scm_1       | 2023-02-03 02:09:08,848 [92c4adca-fe6a-49c9-9ce4-169e92d2802b-impl-thread1] INFO server.RaftServerConfigKeys: raft.server.log.segment.cache.num.max = 2 (custom)
scm_1       | 2023-02-03 02:09:08,867 [92c4adca-fe6a-49c9-9ce4-169e92d2802b-impl-thread1] INFO server.RaftServerConfigKeys: raft.server.log.segment.cache.size.max = 200MB (=209715200) (default)
scm_1       | 2023-02-03 02:09:09,021 [92c4adca-fe6a-49c9-9ce4-169e92d2802b-impl-thread1] INFO segmented.SegmentedRaftLogWorker: new 92c4adca-fe6a-49c9-9ce4-169e92d2802b@group-3C46AB02F5B8-SegmentedRaftLogWorker for RaftStorageImpl:Storage Directory /data/metadata/scm-ha/f45a44fa-ad40-432b-988a-3c46ab02f5b8
scm_1       | 2023-02-03 02:09:09,099 [92c4adca-fe6a-49c9-9ce4-169e92d2802b-impl-thread1] INFO server.RaftServerConfigKeys: raft.server.log.queue.byte-limit = 64MB (=67108864) (default)
scm_1       | 2023-02-03 02:09:09,100 [92c4adca-fe6a-49c9-9ce4-169e92d2802b-impl-thread1] INFO server.RaftServerConfigKeys: raft.server.log.queue.element-limit = 4096 (default)
scm_1       | 2023-02-03 02:09:09,161 [92c4adca-fe6a-49c9-9ce4-169e92d2802b-impl-thread1] INFO server.RaftServerConfigKeys: raft.server.log.segment.size.max = 4194304 (custom)
scm_1       | 2023-02-03 02:09:09,208 [92c4adca-fe6a-49c9-9ce4-169e92d2802b-impl-thread1] INFO server.RaftServerConfigKeys: raft.server.log.preallocated.size = 4194304 (custom)
scm_1       | 2023-02-03 02:09:09,224 [92c4adca-fe6a-49c9-9ce4-169e92d2802b-impl-thread1] INFO server.RaftServerConfigKeys: raft.server.log.force.sync.num = 128 (default)
scm_1       | 2023-02-03 02:09:09,238 [92c4adca-fe6a-49c9-9ce4-169e92d2802b-impl-thread1] INFO server.RaftServerConfigKeys: raft.server.log.statemachine.data.sync = true (default)
scm_1       | 2023-02-03 02:09:09,295 [92c4adca-fe6a-49c9-9ce4-169e92d2802b-impl-thread1] INFO server.RaftServerConfigKeys: raft.server.log.statemachine.data.sync.timeout = 10s (default)
scm_1       | 2023-02-03 02:09:09,323 [92c4adca-fe6a-49c9-9ce4-169e92d2802b-impl-thread1] INFO server.RaftServerConfigKeys: raft.server.log.statemachine.data.sync.timeout.retry = -1 (default)
scm_1       | 2023-02-03 02:09:09,814 [92c4adca-fe6a-49c9-9ce4-169e92d2802b-impl-thread1] INFO server.RaftServerConfigKeys: raft.server.log.write.buffer.size = 64KB (=65536) (default)
scm_1       | 2023-02-03 02:09:09,825 [92c4adca-fe6a-49c9-9ce4-169e92d2802b-impl-thread1] INFO server.RaftServerConfigKeys: raft.server.log.appender.buffer.byte-limit = 33554432 (custom)
scm_1       | 2023-02-03 02:09:10,168 [92c4adca-fe6a-49c9-9ce4-169e92d2802b-impl-thread1] INFO server.RaftServerConfigKeys: raft.server.log.unsafe-flush.enabled = false (default)
scm_1       | 2023-02-03 02:09:10,214 [92c4adca-fe6a-49c9-9ce4-169e92d2802b-impl-thread1] INFO server.RaftServerConfigKeys: raft.server.log.async-flush.enabled = false (default)
scm_1       | 2023-02-03 02:09:10,215 [92c4adca-fe6a-49c9-9ce4-169e92d2802b-impl-thread1] INFO server.RaftServerConfigKeys: raft.server.log.statemachine.data.caching.enabled = false (default)
scm_1       | 2023-02-03 02:09:10,370 [92c4adca-fe6a-49c9-9ce4-169e92d2802b-impl-thread1] INFO segmented.SegmentedRaftLogWorker: 92c4adca-fe6a-49c9-9ce4-169e92d2802b@group-3C46AB02F5B8-SegmentedRaftLogWorker: flushIndex: setUnconditionally 0 -> -1
scm_1       | 2023-02-03 02:09:10,378 [92c4adca-fe6a-49c9-9ce4-169e92d2802b-impl-thread1] INFO segmented.SegmentedRaftLogWorker: 92c4adca-fe6a-49c9-9ce4-169e92d2802b@group-3C46AB02F5B8-SegmentedRaftLogWorker: safeCacheEvictIndex: setUnconditionally 0 -> -1
scm_1       | 2023-02-03 02:09:10,412 [92c4adca-fe6a-49c9-9ce4-169e92d2802b-impl-thread1] INFO server.RaftServer$Division: 92c4adca-fe6a-49c9-9ce4-169e92d2802b@group-3C46AB02F5B8: start as a follower, conf=-1: peers:[92c4adca-fe6a-49c9-9ce4-169e92d2802b|rpc:9b1bb6ad9709:9894|priority:0|startupRole:FOLLOWER]|listeners:[], old=null
scm_1       | 2023-02-03 02:09:10,491 [92c4adca-fe6a-49c9-9ce4-169e92d2802b-impl-thread1] INFO server.RaftServer$Division: 92c4adca-fe6a-49c9-9ce4-169e92d2802b@group-3C46AB02F5B8: changes role from      null to FOLLOWER at term 0 for startAsFollower
scm_1       | 2023-02-03 02:09:10,500 [92c4adca-fe6a-49c9-9ce4-169e92d2802b-impl-thread1] INFO impl.RoleInfo: 92c4adca-fe6a-49c9-9ce4-169e92d2802b: start 92c4adca-fe6a-49c9-9ce4-169e92d2802b@group-3C46AB02F5B8-FollowerState
scm_1       | 2023-02-03 02:09:10,565 [92c4adca-fe6a-49c9-9ce4-169e92d2802b@group-3C46AB02F5B8-FollowerState] INFO server.RaftServerConfigKeys: raft.server.rpc.first-election.timeout.min = 5000ms (fallback to raft.server.rpc.timeout.min)
scm_1       | 2023-02-03 02:09:10,565 [92c4adca-fe6a-49c9-9ce4-169e92d2802b@group-3C46AB02F5B8-FollowerState] INFO server.RaftServerConfigKeys: raft.server.rpc.first-election.timeout.max = 5200ms (fallback to raft.server.rpc.timeout.max)
scm_1       | 2023-02-03 02:09:10,606 [92c4adca-fe6a-49c9-9ce4-169e92d2802b-impl-thread1] INFO util.JmxRegister: Successfully registered JMX Bean with object name Ratis:service=RaftServer,group=group-3C46AB02F5B8,id=92c4adca-fe6a-49c9-9ce4-169e92d2802b
scm_1       | 2023-02-03 02:09:10,609 [92c4adca-fe6a-49c9-9ce4-169e92d2802b-impl-thread1] INFO server.RaftServerConfigKeys: raft.server.snapshot.auto.trigger.enabled = true (custom)
scm_1       | 2023-02-03 02:09:10,675 [92c4adca-fe6a-49c9-9ce4-169e92d2802b-impl-thread1] INFO server.RaftServerConfigKeys: raft.server.snapshot.auto.trigger.threshold = 1000 (custom)
scm_1       | 2023-02-03 02:09:10,736 [92c4adca-fe6a-49c9-9ce4-169e92d2802b-impl-thread1] INFO server.RaftServerConfigKeys: raft.server.snapshot.retention.file.num = -1 (default)
scm_1       | 2023-02-03 02:09:10,794 [92c4adca-fe6a-49c9-9ce4-169e92d2802b-impl-thread1] INFO server.RaftServerConfigKeys: raft.server.log.purge.upto.snapshot.index = false (default)
om_1        | 2023-02-03 02:10:16,051 [om1-impl-thread1] INFO server.RaftServerConfigKeys: raft.server.log.statemachine.data.sync.timeout.retry = -1 (default)
om_1        | 2023-02-03 02:10:16,087 [om1-impl-thread1] INFO server.RaftServerConfigKeys: raft.server.log.write.buffer.size = 64KB (=65536) (default)
recon_1     | 2023-02-03 02:09:48,210 [IPC Server handler 4 on default port 9891] WARN ipc.Server: IPC Server handler 4 on default port 9891, call Call#3 Retry#0 org.apache.hadoop.ozone.protocol.ReconDatanodeProtocol.submitRequest from 172.19.0.4:54062: output error
datanode_2  | 2023-02-03 02:10:06,746 [grpc-default-executor-1] INFO impl.VoteContext: 6e5ab643-65c5-478e-8652-c93e135a2eca@group-53EC113D99D4-FOLLOWER: accept ELECTION from 580c4dea-3fff-4850-ba0b-7b248f0e9cad: our priority 0 <= candidate's priority 0
datanode_2  | 2023-02-03 02:10:06,748 [grpc-default-executor-1] INFO server.RaftServer$Division: 6e5ab643-65c5-478e-8652-c93e135a2eca@group-53EC113D99D4: changes role from  FOLLOWER to FOLLOWER at term 2 for candidate:580c4dea-3fff-4850-ba0b-7b248f0e9cad
datanode_2  | 2023-02-03 02:10:06,749 [grpc-default-executor-1] INFO impl.RoleInfo: 6e5ab643-65c5-478e-8652-c93e135a2eca: shutdown 6e5ab643-65c5-478e-8652-c93e135a2eca@group-53EC113D99D4-FollowerState
datanode_2  | 2023-02-03 02:10:06,749 [6e5ab643-65c5-478e-8652-c93e135a2eca@group-53EC113D99D4-FollowerState] INFO impl.FollowerState: 6e5ab643-65c5-478e-8652-c93e135a2eca@group-53EC113D99D4-FollowerState was interrupted
datanode_2  | 2023-02-03 02:10:06,750 [grpc-default-executor-1] INFO impl.RoleInfo: 6e5ab643-65c5-478e-8652-c93e135a2eca: start 6e5ab643-65c5-478e-8652-c93e135a2eca@group-53EC113D99D4-FollowerState
recon_1     | 2023-02-03 02:09:48,210 [IPC Server handler 6 on default port 9891] WARN ipc.Server: IPC Server handler 6 on default port 9891, call Call#2 Retry#0 org.apache.hadoop.ozone.protocol.ReconDatanodeProtocol.submitRequest from 172.19.0.10:59946: output error
datanode_4  | 2023-02-03 02:10:17,178 [a13eb229-8c47-4cc0-b09c-fbc1ce0d7712@group-53EC113D99D4-LeaderElection3] INFO impl.LeaderElection:   Response 0: a13eb229-8c47-4cc0-b09c-fbc1ce0d7712<-580c4dea-3fff-4850-ba0b-7b248f0e9cad#0:OK-t4
datanode_3  | 2023-02-03 02:10:06,842 [580c4dea-3fff-4850-ba0b-7b248f0e9cad@group-53EC113D99D4-FollowerState] INFO server.RaftServerConfigKeys: raft.server.rpc.first-election.timeout.min = 5s (fallback to raft.server.rpc.timeout.min)
scm_1       | 2023-02-03 02:09:10,925 [main] INFO server.RaftServer: 92c4adca-fe6a-49c9-9ce4-169e92d2802b: start RPC server
datanode_2  | 2023-02-03 02:10:06,757 [6e5ab643-65c5-478e-8652-c93e135a2eca@group-53EC113D99D4-FollowerState] INFO server.RaftServerConfigKeys: raft.server.rpc.first-election.timeout.min = 5s (fallback to raft.server.rpc.timeout.min)
datanode_2  | 2023-02-03 02:10:06,778 [6e5ab643-65c5-478e-8652-c93e135a2eca@group-53EC113D99D4-FollowerState] INFO server.RaftServerConfigKeys: raft.server.rpc.first-election.timeout.max = 5200ms (fallback to raft.server.rpc.timeout.max)
recon_1     | 2023-02-03 02:09:48,210 [IPC Server handler 0 on default port 9891] WARN ipc.Server: IPC Server handler 0 on default port 9891, call Call#5 Retry#0 org.apache.hadoop.ozone.protocol.ReconDatanodeProtocol.submitRequest from 172.19.0.10:56796: output error
datanode_4  | 2023-02-03 02:10:17,178 [a13eb229-8c47-4cc0-b09c-fbc1ce0d7712@group-53EC113D99D4-LeaderElection3] INFO impl.LeaderElection: a13eb229-8c47-4cc0-b09c-fbc1ce0d7712@group-53EC113D99D4-LeaderElection3 ELECTION round 0: result PASSED
datanode_3  | 2023-02-03 02:10:06,843 [580c4dea-3fff-4850-ba0b-7b248f0e9cad@group-53EC113D99D4-FollowerState] INFO server.RaftServerConfigKeys: raft.server.rpc.first-election.timeout.max = 5200ms (fallback to raft.server.rpc.timeout.max)
datanode_2  | 2023-02-03 02:10:06,781 [grpc-default-executor-1] INFO server.RaftServer$Division: 6e5ab643-65c5-478e-8652-c93e135a2eca@group-53EC113D99D4 replies to ELECTION vote request: 580c4dea-3fff-4850-ba0b-7b248f0e9cad<-6e5ab643-65c5-478e-8652-c93e135a2eca#0:OK-t2. Peer's state: 6e5ab643-65c5-478e-8652-c93e135a2eca@group-53EC113D99D4:t2, leader=null, voted=580c4dea-3fff-4850-ba0b-7b248f0e9cad, raftlog=Memoized:6e5ab643-65c5-478e-8652-c93e135a2eca@group-53EC113D99D4-SegmentedRaftLog:OPENED:c-1, conf=-1: peers:[580c4dea-3fff-4850-ba0b-7b248f0e9cad|rpc:172.19.0.4:9856|admin:172.19.0.4:9857|client:172.19.0.4:9858|dataStream:172.19.0.4:9855|priority:0|startupRole:FOLLOWER, 6e5ab643-65c5-478e-8652-c93e135a2eca|rpc:172.19.0.6:9856|admin:172.19.0.6:9857|client:172.19.0.6:9858|dataStream:172.19.0.6:9855|priority:0|startupRole:FOLLOWER, a13eb229-8c47-4cc0-b09c-fbc1ce0d7712|rpc:172.19.0.10:9856|admin:172.19.0.10:9857|client:172.19.0.10:9858|dataStream:172.19.0.10:9855|priority:1|startupRole:FOLLOWER]|listeners:[], old=null
om_1        | 2023-02-03 02:10:16,087 [om1-impl-thread1] INFO server.RaftServerConfigKeys: raft.server.log.appender.buffer.byte-limit = 33554432 (custom)
scm_1       | 2023-02-03 02:09:12,125 [main] INFO server.GrpcService: 92c4adca-fe6a-49c9-9ce4-169e92d2802b: GrpcService started, listening on 9894
recon_1     | 2023-02-03 02:09:48,209 [IPC Server handler 15 on default port 9891] WARN ipc.Server: IPC Server handler 15 on default port 9891, call Call#3 Retry#0 org.apache.hadoop.ozone.protocol.ReconDatanodeProtocol.submitRequest from 172.19.0.2:57220: output error
datanode_3  | 2023-02-03 02:10:06,890 [grpc-default-executor-0] INFO server.RaftServer$Division: 580c4dea-3fff-4850-ba0b-7b248f0e9cad@group-53EC113D99D4: receive requestVote(ELECTION, a13eb229-8c47-4cc0-b09c-fbc1ce0d7712, group-53EC113D99D4, 2, (t:0, i:0))
datanode_2  | 2023-02-03 02:10:06,947 [grpc-default-executor-1] INFO server.RaftServer$Division: 6e5ab643-65c5-478e-8652-c93e135a2eca@group-53EC113D99D4: receive requestVote(ELECTION, a13eb229-8c47-4cc0-b09c-fbc1ce0d7712, group-53EC113D99D4, 2, (t:0, i:0))
om_1        | 2023-02-03 02:10:16,121 [om1-impl-thread1] INFO server.RaftServerConfigKeys: raft.server.log.unsafe-flush.enabled = false (default)
scm_1       | 2023-02-03 02:09:12,166 [JvmPauseMonitor0] INFO util.JvmPauseMonitor: JvmPauseMonitor-92c4adca-fe6a-49c9-9ce4-169e92d2802b: Started
recon_1     | 2023-02-03 02:09:48,209 [IPC Server handler 13 on default port 9891] WARN ipc.Server: IPC Server handler 13 on default port 9891, call Call#2 Retry#0 org.apache.hadoop.ozone.protocol.ReconDatanodeProtocol.submitRequest from 172.19.0.2:59872: output error
datanode_3  | 2023-02-03 02:10:06,892 [grpc-default-executor-0] INFO impl.VoteContext: 580c4dea-3fff-4850-ba0b-7b248f0e9cad@group-53EC113D99D4-FOLLOWER: reject ELECTION from a13eb229-8c47-4cc0-b09c-fbc1ce0d7712: already has voted for 580c4dea-3fff-4850-ba0b-7b248f0e9cad at current term 2
datanode_2  | 2023-02-03 02:10:06,947 [grpc-default-executor-1] INFO impl.VoteContext: 6e5ab643-65c5-478e-8652-c93e135a2eca@group-53EC113D99D4-FOLLOWER: reject ELECTION from a13eb229-8c47-4cc0-b09c-fbc1ce0d7712: already has voted for 580c4dea-3fff-4850-ba0b-7b248f0e9cad at current term 2
om_1        | 2023-02-03 02:10:16,123 [om1-impl-thread1] INFO server.RaftServerConfigKeys: raft.server.log.async-flush.enabled = false (default)
recon_1     | 2023-02-03 02:09:48,209 [IPC Server handler 7 on default port 9891] WARN ipc.Server: IPC Server handler 7 on default port 9891, call Call#3 Retry#0 org.apache.hadoop.ozone.protocol.ReconDatanodeProtocol.submitRequest from 172.19.0.10:56794: output error
recon_1     | 2023-02-03 02:09:48,209 [IPC Server handler 9 on default port 9891] WARN ipc.Server: IPC Server handler 9 on default port 9891, call Call#0 Retry#0 org.apache.hadoop.ozone.protocol.ReconDatanodeProtocol.submitRequest from 172.19.0.2:59860: output error
datanode_3  | 2023-02-03 02:10:06,893 [grpc-default-executor-0] INFO server.RaftServer$Division: 580c4dea-3fff-4850-ba0b-7b248f0e9cad@group-53EC113D99D4 replies to ELECTION vote request: a13eb229-8c47-4cc0-b09c-fbc1ce0d7712<-580c4dea-3fff-4850-ba0b-7b248f0e9cad#0:FAIL-t2. Peer's state: 580c4dea-3fff-4850-ba0b-7b248f0e9cad@group-53EC113D99D4:t2, leader=null, voted=580c4dea-3fff-4850-ba0b-7b248f0e9cad, raftlog=Memoized:580c4dea-3fff-4850-ba0b-7b248f0e9cad@group-53EC113D99D4-SegmentedRaftLog:OPENED:c-1, conf=-1: peers:[580c4dea-3fff-4850-ba0b-7b248f0e9cad|rpc:172.19.0.4:9856|admin:172.19.0.4:9857|client:172.19.0.4:9858|dataStream:172.19.0.4:9855|priority:0|startupRole:FOLLOWER, 6e5ab643-65c5-478e-8652-c93e135a2eca|rpc:172.19.0.6:9856|admin:172.19.0.6:9857|client:172.19.0.6:9858|dataStream:172.19.0.6:9855|priority:0|startupRole:FOLLOWER, a13eb229-8c47-4cc0-b09c-fbc1ce0d7712|rpc:172.19.0.10:9856|admin:172.19.0.10:9857|client:172.19.0.10:9858|dataStream:172.19.0.10:9855|priority:1|startupRole:FOLLOWER]|listeners:[], old=null
datanode_2  | 2023-02-03 02:10:06,947 [grpc-default-executor-1] INFO server.RaftServer$Division: 6e5ab643-65c5-478e-8652-c93e135a2eca@group-53EC113D99D4 replies to ELECTION vote request: a13eb229-8c47-4cc0-b09c-fbc1ce0d7712<-6e5ab643-65c5-478e-8652-c93e135a2eca#0:FAIL-t2. Peer's state: 6e5ab643-65c5-478e-8652-c93e135a2eca@group-53EC113D99D4:t2, leader=null, voted=580c4dea-3fff-4850-ba0b-7b248f0e9cad, raftlog=Memoized:6e5ab643-65c5-478e-8652-c93e135a2eca@group-53EC113D99D4-SegmentedRaftLog:OPENED:c-1, conf=-1: peers:[580c4dea-3fff-4850-ba0b-7b248f0e9cad|rpc:172.19.0.4:9856|admin:172.19.0.4:9857|client:172.19.0.4:9858|dataStream:172.19.0.4:9855|priority:0|startupRole:FOLLOWER, 6e5ab643-65c5-478e-8652-c93e135a2eca|rpc:172.19.0.6:9856|admin:172.19.0.6:9857|client:172.19.0.6:9858|dataStream:172.19.0.6:9855|priority:0|startupRole:FOLLOWER, a13eb229-8c47-4cc0-b09c-fbc1ce0d7712|rpc:172.19.0.10:9856|admin:172.19.0.10:9857|client:172.19.0.10:9858|dataStream:172.19.0.10:9855|priority:1|startupRole:FOLLOWER]|listeners:[], old=null
datanode_2  | 2023-02-03 02:10:08,175 [6e5ab643-65c5-478e-8652-c93e135a2eca@group-EEDA12329A21-FollowerState] INFO impl.FollowerState: 6e5ab643-65c5-478e-8652-c93e135a2eca@group-EEDA12329A21-FollowerState: change to CANDIDATE, lastRpcElapsedTime:5055261516ns, electionTimeout:5031ms
recon_1     | 2023-02-03 02:09:48,245 [IPC Server handler 9 on default port 9891] INFO ipc.Server: IPC Server handler 9 on default port 9891 caught an exception
scm_1       | 2023-02-03 02:09:15,687 [92c4adca-fe6a-49c9-9ce4-169e92d2802b@group-3C46AB02F5B8-FollowerState] INFO impl.FollowerState: 92c4adca-fe6a-49c9-9ce4-169e92d2802b@group-3C46AB02F5B8-FollowerState: change to CANDIDATE, lastRpcElapsedTime:5187799495ns, electionTimeout:5096ms
om_1        | 2023-02-03 02:10:16,126 [om1-impl-thread1] INFO server.RaftServerConfigKeys: raft.server.log.statemachine.data.caching.enabled = false (default)
datanode_3  | 2023-02-03 02:10:08,330 [580c4dea-3fff-4850-ba0b-7b248f0e9cad@group-35F03F344A38-FollowerState] INFO impl.FollowerState: 580c4dea-3fff-4850-ba0b-7b248f0e9cad@group-35F03F344A38-FollowerState: change to CANDIDATE, lastRpcElapsedTime:5211683941ns, electionTimeout:5182ms
om_1        | 2023-02-03 02:10:16,149 [om1-impl-thread1] INFO segmented.SegmentedRaftLogWorker: om1@group-C5BA1605619E-SegmentedRaftLogWorker: flushIndex: setUnconditionally 0 -> -1
om_1        | 2023-02-03 02:10:16,150 [om1-impl-thread1] INFO segmented.SegmentedRaftLogWorker: om1@group-C5BA1605619E-SegmentedRaftLogWorker: safeCacheEvictIndex: setUnconditionally 0 -> -1
datanode_3  | 2023-02-03 02:10:08,331 [580c4dea-3fff-4850-ba0b-7b248f0e9cad@group-35F03F344A38-FollowerState] INFO impl.RoleInfo: 580c4dea-3fff-4850-ba0b-7b248f0e9cad: shutdown 580c4dea-3fff-4850-ba0b-7b248f0e9cad@group-35F03F344A38-FollowerState
datanode_4  | 2023-02-03 02:10:17,178 [a13eb229-8c47-4cc0-b09c-fbc1ce0d7712@group-53EC113D99D4-LeaderElection3] INFO impl.RoleInfo: a13eb229-8c47-4cc0-b09c-fbc1ce0d7712: shutdown a13eb229-8c47-4cc0-b09c-fbc1ce0d7712@group-53EC113D99D4-LeaderElection3
om_1        | 2023-02-03 02:10:16,162 [om1-impl-thread1] INFO server.RaftServer$Division: om1@group-C5BA1605619E: start as a follower, conf=-1: peers:[om1|rpc:om:9872|priority:0|startupRole:FOLLOWER]|listeners:[], old=null
datanode_2  | 2023-02-03 02:10:08,176 [6e5ab643-65c5-478e-8652-c93e135a2eca@group-EEDA12329A21-FollowerState] INFO impl.RoleInfo: 6e5ab643-65c5-478e-8652-c93e135a2eca: shutdown 6e5ab643-65c5-478e-8652-c93e135a2eca@group-EEDA12329A21-FollowerState
datanode_2  | 2023-02-03 02:10:08,176 [6e5ab643-65c5-478e-8652-c93e135a2eca@group-EEDA12329A21-FollowerState] INFO server.RaftServer$Division: 6e5ab643-65c5-478e-8652-c93e135a2eca@group-EEDA12329A21: changes role from  FOLLOWER to CANDIDATE at term 0 for changeToCandidate
datanode_3  | 2023-02-03 02:10:08,331 [580c4dea-3fff-4850-ba0b-7b248f0e9cad@group-35F03F344A38-FollowerState] INFO server.RaftServer$Division: 580c4dea-3fff-4850-ba0b-7b248f0e9cad@group-35F03F344A38: changes role from  FOLLOWER to CANDIDATE at term 0 for changeToCandidate
recon_1     | java.nio.channels.ClosedChannelException
om_1        | 2023-02-03 02:10:16,167 [om1-impl-thread1] INFO server.RaftServer$Division: om1@group-C5BA1605619E: changes role from      null to FOLLOWER at term 0 for startAsFollower
datanode_2  | 2023-02-03 02:10:08,176 [6e5ab643-65c5-478e-8652-c93e135a2eca@group-EEDA12329A21-FollowerState] INFO server.RaftServerConfigKeys: raft.server.leaderelection.pre-vote = false (custom)
scm_1       | 2023-02-03 02:09:15,700 [92c4adca-fe6a-49c9-9ce4-169e92d2802b@group-3C46AB02F5B8-FollowerState] INFO impl.RoleInfo: 92c4adca-fe6a-49c9-9ce4-169e92d2802b: shutdown 92c4adca-fe6a-49c9-9ce4-169e92d2802b@group-3C46AB02F5B8-FollowerState
datanode_3  | 2023-02-03 02:10:08,331 [580c4dea-3fff-4850-ba0b-7b248f0e9cad@group-35F03F344A38-FollowerState] INFO server.RaftServerConfigKeys: raft.server.leaderelection.pre-vote = false (custom)
recon_1     | 	at java.base/sun.nio.ch.SocketChannelImpl.ensureOpenAndConnected(SocketChannelImpl.java:180)
datanode_4  | 2023-02-03 02:10:17,183 [a13eb229-8c47-4cc0-b09c-fbc1ce0d7712@group-53EC113D99D4-LeaderElection3] INFO server.RaftServer$Division: a13eb229-8c47-4cc0-b09c-fbc1ce0d7712@group-53EC113D99D4: changes role from CANDIDATE to LEADER at term 4 for changeToLeader
om_1        | 2023-02-03 02:10:16,170 [om1-impl-thread1] INFO impl.RoleInfo: om1: start om1@group-C5BA1605619E-FollowerState
datanode_2  | 2023-02-03 02:10:08,177 [6e5ab643-65c5-478e-8652-c93e135a2eca@group-EEDA12329A21-FollowerState] INFO impl.RoleInfo: 6e5ab643-65c5-478e-8652-c93e135a2eca: start 6e5ab643-65c5-478e-8652-c93e135a2eca@group-EEDA12329A21-LeaderElection2
scm_1       | 2023-02-03 02:09:15,707 [92c4adca-fe6a-49c9-9ce4-169e92d2802b@group-3C46AB02F5B8-FollowerState] INFO server.RaftServer$Division: 92c4adca-fe6a-49c9-9ce4-169e92d2802b@group-3C46AB02F5B8: changes role from  FOLLOWER to CANDIDATE at term 0 for changeToCandidate
datanode_3  | 2023-02-03 02:10:08,332 [580c4dea-3fff-4850-ba0b-7b248f0e9cad@group-35F03F344A38-FollowerState] INFO impl.RoleInfo: 580c4dea-3fff-4850-ba0b-7b248f0e9cad: start 580c4dea-3fff-4850-ba0b-7b248f0e9cad@group-35F03F344A38-LeaderElection2
recon_1     | 	at java.base/sun.nio.ch.SocketChannelImpl.write(SocketChannelImpl.java:452)
datanode_4  | 2023-02-03 02:10:17,183 [a13eb229-8c47-4cc0-b09c-fbc1ce0d7712@group-53EC113D99D4-LeaderElection3] INFO ratis.XceiverServerRatis: Leader change notification received for group: group-53EC113D99D4 with new leaderId: a13eb229-8c47-4cc0-b09c-fbc1ce0d7712
datanode_2  | 2023-02-03 02:10:08,184 [6e5ab643-65c5-478e-8652-c93e135a2eca@group-EEDA12329A21-LeaderElection2] INFO impl.LeaderElection: 6e5ab643-65c5-478e-8652-c93e135a2eca@group-EEDA12329A21-LeaderElection2 ELECTION round 0: submit vote requests at term 1 for -1: peers:[6e5ab643-65c5-478e-8652-c93e135a2eca|rpc:172.19.0.6:9856|admin:172.19.0.6:9857|client:172.19.0.6:9858|dataStream:172.19.0.6:9855|priority:1|startupRole:FOLLOWER]|listeners:[], old=null
scm_1       | 2023-02-03 02:09:15,752 [92c4adca-fe6a-49c9-9ce4-169e92d2802b@group-3C46AB02F5B8-FollowerState] INFO server.RaftServerConfigKeys: raft.server.leaderelection.pre-vote = false (custom)
datanode_3  | 2023-02-03 02:10:08,335 [580c4dea-3fff-4850-ba0b-7b248f0e9cad@group-35F03F344A38-LeaderElection2] INFO impl.LeaderElection: 580c4dea-3fff-4850-ba0b-7b248f0e9cad@group-35F03F344A38-LeaderElection2 ELECTION round 0: submit vote requests at term 1 for -1: peers:[580c4dea-3fff-4850-ba0b-7b248f0e9cad|rpc:172.19.0.4:9856|admin:172.19.0.4:9857|client:172.19.0.4:9858|dataStream:172.19.0.4:9855|priority:1|startupRole:FOLLOWER]|listeners:[], old=null
recon_1     | 	at org.apache.hadoop.ipc.Server.channelWrite(Server.java:3619)
datanode_4  | 2023-02-03 02:10:17,186 [a13eb229-8c47-4cc0-b09c-fbc1ce0d7712@group-53EC113D99D4-LeaderElection3] INFO server.RaftServer$Division: a13eb229-8c47-4cc0-b09c-fbc1ce0d7712@group-53EC113D99D4: change Leader from null to a13eb229-8c47-4cc0-b09c-fbc1ce0d7712 at term 4 for becomeLeader, leader elected after 22396ms
om_1        | 2023-02-03 02:10:16,182 [om1-impl-thread1] INFO util.JmxRegister: Successfully registered JMX Bean with object name Ratis:service=RaftServer,group=group-C5BA1605619E,id=om1
datanode_2  | 2023-02-03 02:10:08,185 [6e5ab643-65c5-478e-8652-c93e135a2eca@group-EEDA12329A21-LeaderElection2] INFO impl.LeaderElection: 6e5ab643-65c5-478e-8652-c93e135a2eca@group-EEDA12329A21-LeaderElection2 ELECTION round 0: result PASSED (term=1)
scm_1       | 2023-02-03 02:09:15,761 [92c4adca-fe6a-49c9-9ce4-169e92d2802b@group-3C46AB02F5B8-FollowerState] INFO impl.RoleInfo: 92c4adca-fe6a-49c9-9ce4-169e92d2802b: start 92c4adca-fe6a-49c9-9ce4-169e92d2802b@group-3C46AB02F5B8-LeaderElection1
datanode_3  | 2023-02-03 02:10:08,337 [580c4dea-3fff-4850-ba0b-7b248f0e9cad@group-35F03F344A38-LeaderElection2] INFO impl.LeaderElection: 580c4dea-3fff-4850-ba0b-7b248f0e9cad@group-35F03F344A38-LeaderElection2 ELECTION round 0: result PASSED (term=1)
recon_1     | 	at org.apache.hadoop.ipc.Server.access$1700(Server.java:144)
recon_1     | 	at org.apache.hadoop.ipc.Server$Responder.processResponse(Server.java:1672)
om_1        | 2023-02-03 02:10:16,195 [om1@group-C5BA1605619E-FollowerState] INFO server.RaftServerConfigKeys: raft.server.rpc.first-election.timeout.min = 5s (fallback to raft.server.rpc.timeout.min)
datanode_2  | 2023-02-03 02:10:08,185 [6e5ab643-65c5-478e-8652-c93e135a2eca@group-EEDA12329A21-LeaderElection2] INFO impl.RoleInfo: 6e5ab643-65c5-478e-8652-c93e135a2eca: shutdown 6e5ab643-65c5-478e-8652-c93e135a2eca@group-EEDA12329A21-LeaderElection2
scm_1       | 2023-02-03 02:09:16,021 [JvmPauseMonitor0] WARN util.JvmPauseMonitor: JvmPauseMonitor-92c4adca-fe6a-49c9-9ce4-169e92d2802b: Detected pause in JVM or host machine (eg GC): pause of approximately 207272914ns. No GCs detected.
datanode_3  | 2023-02-03 02:10:08,337 [580c4dea-3fff-4850-ba0b-7b248f0e9cad@group-35F03F344A38-LeaderElection2] INFO impl.RoleInfo: 580c4dea-3fff-4850-ba0b-7b248f0e9cad: shutdown 580c4dea-3fff-4850-ba0b-7b248f0e9cad@group-35F03F344A38-LeaderElection2
recon_1     | 	at org.apache.hadoop.ipc.Server$Responder.doRespond(Server.java:1742)
datanode_4  | 2023-02-03 02:10:17,187 [a13eb229-8c47-4cc0-b09c-fbc1ce0d7712@group-53EC113D99D4-LeaderElection3] INFO server.RaftServerConfigKeys: raft.server.staging.catchup.gap = 1000 (default)
om_1        | 2023-02-03 02:10:16,197 [om1@group-C5BA1605619E-FollowerState] INFO server.RaftServerConfigKeys: raft.server.rpc.first-election.timeout.max = 5200ms (fallback to raft.server.rpc.timeout.max)
datanode_2  | 2023-02-03 02:10:08,186 [6e5ab643-65c5-478e-8652-c93e135a2eca@group-EEDA12329A21-LeaderElection2] INFO server.RaftServer$Division: 6e5ab643-65c5-478e-8652-c93e135a2eca@group-EEDA12329A21: changes role from CANDIDATE to LEADER at term 1 for changeToLeader
scm_1       | 2023-02-03 02:09:16,172 [92c4adca-fe6a-49c9-9ce4-169e92d2802b@group-3C46AB02F5B8-LeaderElection1] INFO impl.LeaderElection: 92c4adca-fe6a-49c9-9ce4-169e92d2802b@group-3C46AB02F5B8-LeaderElection1 ELECTION round 0: submit vote requests at term 1 for -1: peers:[92c4adca-fe6a-49c9-9ce4-169e92d2802b|rpc:9b1bb6ad9709:9894|priority:0|startupRole:FOLLOWER]|listeners:[], old=null
datanode_3  | 2023-02-03 02:10:08,337 [580c4dea-3fff-4850-ba0b-7b248f0e9cad@group-35F03F344A38-LeaderElection2] INFO server.RaftServer$Division: 580c4dea-3fff-4850-ba0b-7b248f0e9cad@group-35F03F344A38: changes role from CANDIDATE to LEADER at term 1 for changeToLeader
recon_1     | 	at org.apache.hadoop.ipc.Server$Connection.sendResponse(Server.java:2847)
datanode_4  | 2023-02-03 02:10:17,188 [a13eb229-8c47-4cc0-b09c-fbc1ce0d7712@group-53EC113D99D4-LeaderElection3] INFO server.RaftServerConfigKeys: raft.server.write.element-limit = 1024 (custom)
om_1        | 2023-02-03 02:10:16,198 [om1-impl-thread1] INFO server.RaftServerConfigKeys: raft.server.snapshot.auto.trigger.enabled = true (custom)
datanode_2  | 2023-02-03 02:10:08,186 [6e5ab643-65c5-478e-8652-c93e135a2eca@group-EEDA12329A21-LeaderElection2] INFO ratis.XceiverServerRatis: Leader change notification received for group: group-EEDA12329A21 with new leaderId: 6e5ab643-65c5-478e-8652-c93e135a2eca
scm_1       | 2023-02-03 02:09:16,221 [92c4adca-fe6a-49c9-9ce4-169e92d2802b@group-3C46AB02F5B8-LeaderElection1] INFO impl.LeaderElection: 92c4adca-fe6a-49c9-9ce4-169e92d2802b@group-3C46AB02F5B8-LeaderElection1 ELECTION round 0: result PASSED (term=1)
datanode_3  | 2023-02-03 02:10:08,338 [580c4dea-3fff-4850-ba0b-7b248f0e9cad@group-35F03F344A38-LeaderElection2] INFO ratis.XceiverServerRatis: Leader change notification received for group: group-35F03F344A38 with new leaderId: 580c4dea-3fff-4850-ba0b-7b248f0e9cad
recon_1     | 	at org.apache.hadoop.ipc.Server$Connection.access$300(Server.java:1814)
datanode_4  | 2023-02-03 02:10:17,190 [a13eb229-8c47-4cc0-b09c-fbc1ce0d7712@group-53EC113D99D4-LeaderElection3] INFO server.RaftServerConfigKeys: raft.server.write.byte-limit = 1024 M (=1073741824) (custom)
om_1        | 2023-02-03 02:10:16,199 [om1-impl-thread1] INFO server.RaftServerConfigKeys: raft.server.snapshot.auto.trigger.threshold = 400000 (default)
datanode_2  | 2023-02-03 02:10:08,198 [6e5ab643-65c5-478e-8652-c93e135a2eca@group-EEDA12329A21-LeaderElection2] INFO server.RaftServer$Division: 6e5ab643-65c5-478e-8652-c93e135a2eca@group-EEDA12329A21: change Leader from null to 6e5ab643-65c5-478e-8652-c93e135a2eca at term 1 for becomeLeader, leader elected after 5482ms
scm_1       | 2023-02-03 02:09:16,241 [92c4adca-fe6a-49c9-9ce4-169e92d2802b@group-3C46AB02F5B8-LeaderElection1] INFO impl.RoleInfo: 92c4adca-fe6a-49c9-9ce4-169e92d2802b: shutdown 92c4adca-fe6a-49c9-9ce4-169e92d2802b@group-3C46AB02F5B8-LeaderElection1
datanode_3  | 2023-02-03 02:10:08,338 [580c4dea-3fff-4850-ba0b-7b248f0e9cad@group-35F03F344A38-LeaderElection2] INFO server.RaftServer$Division: 580c4dea-3fff-4850-ba0b-7b248f0e9cad@group-35F03F344A38: change Leader from null to 580c4dea-3fff-4850-ba0b-7b248f0e9cad at term 1 for becomeLeader, leader elected after 5430ms
recon_1     | 	at org.apache.hadoop.ipc.Server$RpcCall.doResponse(Server.java:1125)
datanode_4  | 2023-02-03 02:10:17,195 [a13eb229-8c47-4cc0-b09c-fbc1ce0d7712@group-53EC113D99D4-LeaderElection3] INFO server.RaftServerConfigKeys: raft.server.watch.timeout = 180s (custom)
om_1        | 2023-02-03 02:10:16,201 [om1-impl-thread1] INFO server.RaftServerConfigKeys: raft.server.snapshot.retention.file.num = -1 (default)
datanode_2  | 2023-02-03 02:10:08,278 [6e5ab643-65c5-478e-8652-c93e135a2eca@group-EEDA12329A21-LeaderElection2] INFO server.RaftServerConfigKeys: raft.server.staging.catchup.gap = 1000 (default)
datanode_2  | 2023-02-03 02:10:08,304 [6e5ab643-65c5-478e-8652-c93e135a2eca@group-EEDA12329A21-LeaderElection2] INFO server.RaftServerConfigKeys: raft.server.write.element-limit = 1024 (custom)
datanode_3  | 2023-02-03 02:10:08,385 [580c4dea-3fff-4850-ba0b-7b248f0e9cad@group-35F03F344A38-LeaderElection2] INFO server.RaftServerConfigKeys: raft.server.staging.catchup.gap = 1000 (default)
recon_1     | 	at org.apache.hadoop.ipc.Server$Call.doResponse(Server.java:917)
datanode_4  | 2023-02-03 02:10:17,198 [a13eb229-8c47-4cc0-b09c-fbc1ce0d7712@group-53EC113D99D4-LeaderElection3] INFO server.RaftServerConfigKeys: raft.server.watch.timeout.denomination = 1s (default)
om_1        | 2023-02-03 02:10:16,203 [om1-impl-thread1] INFO server.RaftServerConfigKeys: raft.server.log.purge.upto.snapshot.index = true (custom)
datanode_2  | 2023-02-03 02:10:08,311 [6e5ab643-65c5-478e-8652-c93e135a2eca@group-EEDA12329A21-LeaderElection2] INFO server.RaftServerConfigKeys: raft.server.write.byte-limit = 1024 M (=1073741824) (custom)
scm_1       | 2023-02-03 02:09:16,248 [92c4adca-fe6a-49c9-9ce4-169e92d2802b@group-3C46AB02F5B8-LeaderElection1] INFO server.RaftServer$Division: 92c4adca-fe6a-49c9-9ce4-169e92d2802b@group-3C46AB02F5B8: changes role from CANDIDATE to LEADER at term 1 for changeToLeader
datanode_3  | 2023-02-03 02:10:08,429 [580c4dea-3fff-4850-ba0b-7b248f0e9cad@group-35F03F344A38-LeaderElection2] INFO server.RaftServerConfigKeys: raft.server.write.element-limit = 1024 (custom)
recon_1     | 	at org.apache.hadoop.ipc.Server$Call.sendResponse(Server.java:903)
datanode_4  | 2023-02-03 02:10:17,198 [a13eb229-8c47-4cc0-b09c-fbc1ce0d7712@group-53EC113D99D4-LeaderElection3] INFO server.RaftServerConfigKeys: raft.server.watch.element-limit = 65536 (default)
om_1        | 2023-02-03 02:10:16,228 [Listener at om/9862] INFO server.RaftServer: om1: start RPC server
datanode_2  | 2023-02-03 02:10:08,339 [6e5ab643-65c5-478e-8652-c93e135a2eca@group-EEDA12329A21-LeaderElection2] INFO server.RaftServerConfigKeys: raft.server.watch.timeout = 180s (custom)
datanode_2  | 2023-02-03 02:10:08,342 [6e5ab643-65c5-478e-8652-c93e135a2eca@group-EEDA12329A21-LeaderElection2] INFO server.RaftServerConfigKeys: raft.server.watch.timeout.denomination = 1s (default)
