datanode_2  | 2022-12-02 11:32:43,038 [9c5f0a8a-f603-4702-9e6d-5675eb5560a2@group-4AA07D6FA9CF-LeaderElection1] INFO impl.RoleInfo: 9c5f0a8a-f603-4702-9e6d-5675eb5560a2: start 9c5f0a8a-f603-4702-9e6d-5675eb5560a2@group-4AA07D6FA9CF-LeaderStateImpl
scm_1       | 2022-12-02 11:32:04,861 [pool-2-thread-1] INFO server.RaftServerConfigKeys: raft.server.sleep.deviation.threshold = 300ms (default)
om_1        | 2022-12-02 11:32:51,597 [om1-impl-thread1] INFO server.RaftServerConfigKeys: raft.server.log.queue.byte-limit = 64MB (=67108864) (default)
datanode_2  | 2022-12-02 11:32:43,203 [9c5f0a8a-f603-4702-9e6d-5675eb5560a2@group-4AA07D6FA9CF-LeaderElection1] INFO segmented.SegmentedRaftLogWorker: 9c5f0a8a-f603-4702-9e6d-5675eb5560a2@group-4AA07D6FA9CF-SegmentedRaftLogWorker: Starting segment from index:0
scm_1       | 2022-12-02 11:32:04,938 [pool-2-thread-1] INFO server.RaftServer$Division: 0fd608c2-238f-4b1b-9dd3-b8e658da27d3@group-45589CDD5BD6: ConfigurationManager, init=-1: peers:[0fd608c2-238f-4b1b-9dd3-b8e658da27d3|rpc:a1bbf6bc4fbb:9894|priority:0|startupRole:FOLLOWER]|listeners:[], old=null, confs=<EMPTY_MAP>
om_1        | 2022-12-02 11:32:51,599 [om1-impl-thread1] INFO server.RaftServerConfigKeys: raft.server.log.queue.element-limit = 4096 (default)
datanode_3  | 2022-12-02 11:32:30,915 [EndpointStateMachine task thread for scm/172.19.0.2:9861 - 0 ] INFO utils.DatanodeStoreCache: Added db /data/hdds/hdds/CID-bf67160f-03ba-41ee-a1d1-45589cdd5bd6/DS-068bfd8d-6005-49de-acd2-b204ac7f6d00/container.db to cache
datanode_2  | 2022-12-02 11:32:43,287 [9c5f0a8a-f603-4702-9e6d-5675eb5560a2-server-thread1] INFO ratis.XceiverServerRatis: Leader change notification received for group: group-40930848C1BF with new leaderId: 5fae0ee2-cbea-485d-a952-faa8cfde67bd
om_1        | 2022-12-02 11:32:51,600 [om1-impl-thread1] INFO server.RaftServerConfigKeys: raft.server.log.segment.size.max = 4194304 (custom)
om_1        | 2022-12-02 11:32:51,602 [om1-impl-thread1] INFO server.RaftServerConfigKeys: raft.server.log.preallocated.size = 4194304 (custom)
datanode_3  | 2022-12-02 11:32:30,916 [EndpointStateMachine task thread for scm/172.19.0.2:9861 - 0 ] INFO volume.HddsVolume: SchemaV3 db is created and loaded at /data/hdds/hdds/CID-bf67160f-03ba-41ee-a1d1-45589cdd5bd6/DS-068bfd8d-6005-49de-acd2-b204ac7f6d00/container.db for volume DS-068bfd8d-6005-49de-acd2-b204ac7f6d00
scm_1       | 2022-12-02 11:32:04,971 [pool-2-thread-1] INFO server.RaftServerConfigKeys: raft.server.storage.dir = [/data/metadata/scm-ha] (custom)
om_1        | 2022-12-02 11:32:51,603 [om1-impl-thread1] INFO server.RaftServerConfigKeys: raft.server.log.force.sync.num = 128 (default)
datanode_2  | 2022-12-02 11:32:43,287 [9c5f0a8a-f603-4702-9e6d-5675eb5560a2-server-thread1] INFO server.RaftServer$Division: 9c5f0a8a-f603-4702-9e6d-5675eb5560a2@group-40930848C1BF: change Leader from null to 5fae0ee2-cbea-485d-a952-faa8cfde67bd at term 1 for appendEntries, leader elected after 5602ms
om_1        | 2022-12-02 11:32:51,604 [om1-impl-thread1] INFO server.RaftServerConfigKeys: raft.server.log.statemachine.data.sync = true (default)
om_1        | 2022-12-02 11:32:51,605 [om1-impl-thread1] INFO server.RaftServerConfigKeys: raft.server.log.statemachine.data.sync.timeout = 10s (default)
om_1        | 2022-12-02 11:32:51,606 [om1-impl-thread1] INFO server.RaftServerConfigKeys: raft.server.log.statemachine.data.sync.timeout.retry = -1 (default)
datanode_2  | 2022-12-02 11:32:43,295 [9c5f0a8a-f603-4702-9e6d-5675eb5560a2-server-thread2] INFO server.RaftServer$Division: 9c5f0a8a-f603-4702-9e6d-5675eb5560a2@group-40930848C1BF: set configuration 0: peers:[9c5f0a8a-f603-4702-9e6d-5675eb5560a2|rpc:172.19.0.7:9856|admin:172.19.0.7:9857|client:172.19.0.7:9858|dataStream:|priority:0|startupRole:FOLLOWER, 5fae0ee2-cbea-485d-a952-faa8cfde67bd|rpc:172.19.0.6:9856|admin:172.19.0.6:9857|client:172.19.0.6:9858|dataStream:|priority:1|startupRole:FOLLOWER, af4b7971-852a-41f9-ba07-7d81ddf2ff31|rpc:172.19.0.4:9856|admin:172.19.0.4:9857|client:172.19.0.4:9858|dataStream:|priority:0|startupRole:FOLLOWER]|listeners:[], old=null
datanode_3  | 2022-12-02 11:32:30,920 [EndpointStateMachine task thread for scm/172.19.0.2:9861 - 0 ] INFO ozoneimpl.OzoneContainer: Attempting to start container services.
datanode_3  | 2022-12-02 11:32:30,923 [EndpointStateMachine task thread for scm/172.19.0.2:9861 - 0 ] INFO ozoneimpl.OzoneContainer: Scheduled background container scanners and the on-demand container scanner have been disabled.
om_1        | 2022-12-02 11:32:51,629 [om1-impl-thread1] INFO server.RaftServerConfigKeys: raft.server.log.write.buffer.size = 64KB (=65536) (default)
datanode_2  | 2022-12-02 11:32:43,295 [9c5f0a8a-f603-4702-9e6d-5675eb5560a2-server-thread2] INFO segmented.SegmentedRaftLogWorker: 9c5f0a8a-f603-4702-9e6d-5675eb5560a2@group-40930848C1BF-SegmentedRaftLogWorker: Starting segment from index:0
datanode_2  | 2022-12-02 11:32:43,472 [9c5f0a8a-f603-4702-9e6d-5675eb5560a2@group-4AA07D6FA9CF-LeaderElection1] INFO server.RaftServer$Division: 9c5f0a8a-f603-4702-9e6d-5675eb5560a2@group-4AA07D6FA9CF: set configuration 0: peers:[9c5f0a8a-f603-4702-9e6d-5675eb5560a2|rpc:172.19.0.7:9856|admin:172.19.0.7:9857|client:172.19.0.7:9858|dataStream:|priority:1|startupRole:FOLLOWER]|listeners:[], old=null
scm_1       | 2022-12-02 11:32:05,069 [pool-2-thread-1] INFO server.RaftServerConfigKeys: raft.server.log.corruption.policy = EXCEPTION (default)
om_1        | 2022-12-02 11:32:51,630 [om1-impl-thread1] INFO server.RaftServerConfigKeys: raft.server.log.appender.buffer.byte-limit = 33554432 (custom)
om_1        | 2022-12-02 11:32:51,654 [om1-impl-thread1] INFO server.RaftServerConfigKeys: raft.server.log.unsafe-flush.enabled = false (default)
datanode_3  | 2022-12-02 11:32:31,175 [EndpointStateMachine task thread for scm/172.19.0.2:9861 - 0 ] INFO ratis.XceiverServerRatis: Starting XceiverServerRatis 5fae0ee2-cbea-485d-a952-faa8cfde67bd
scm_1       | 2022-12-02 11:32:05,079 [pool-2-thread-1] INFO server.RaftServerConfigKeys: raft.server.storage.free-space.min = 0MB (=0) (default)
datanode_2  | 2022-12-02 11:32:43,750 [9c5f0a8a-f603-4702-9e6d-5675eb5560a2@group-40930848C1BF-SegmentedRaftLogWorker] INFO segmented.SegmentedRaftLogWorker: 9c5f0a8a-f603-4702-9e6d-5675eb5560a2@group-40930848C1BF-SegmentedRaftLogWorker: created new log segment /data/metadata/ratis/6f89eb26-4f15-4db8-8ac2-40930848c1bf/current/log_inprogress_0
datanode_2  | 2022-12-02 11:32:43,754 [9c5f0a8a-f603-4702-9e6d-5675eb5560a2@group-4AA07D6FA9CF-SegmentedRaftLogWorker] INFO segmented.SegmentedRaftLogWorker: 9c5f0a8a-f603-4702-9e6d-5675eb5560a2@group-4AA07D6FA9CF-SegmentedRaftLogWorker: created new log segment /data/metadata/ratis/eacc92cd-a225-4c39-b371-4aa07d6fa9cf/current/log_inprogress_0
datanode_3  | 2022-12-02 11:32:31,265 [EndpointStateMachine task thread for scm/172.19.0.2:9861 - 0 ] INFO server.RaftServer: 5fae0ee2-cbea-485d-a952-faa8cfde67bd: start RPC server
datanode_3  | 2022-12-02 11:32:31,294 [EndpointStateMachine task thread for scm/172.19.0.2:9861 - 0 ] INFO server.GrpcService: 5fae0ee2-cbea-485d-a952-faa8cfde67bd: GrpcService started, listening on 9858
datanode_3  | 2022-12-02 11:32:31,299 [EndpointStateMachine task thread for scm/172.19.0.2:9861 - 0 ] INFO server.GrpcService: 5fae0ee2-cbea-485d-a952-faa8cfde67bd: GrpcService started, listening on 9856
om_1        | 2022-12-02 11:32:51,655 [om1-impl-thread1] INFO server.RaftServerConfigKeys: raft.server.log.async-flush.enabled = false (default)
om_1        | 2022-12-02 11:32:51,656 [om1-impl-thread1] INFO server.RaftServerConfigKeys: raft.server.log.statemachine.data.caching.enabled = false (default)
datanode_3  | 2022-12-02 11:32:31,301 [EndpointStateMachine task thread for scm/172.19.0.2:9861 - 0 ] INFO server.GrpcService: 5fae0ee2-cbea-485d-a952-faa8cfde67bd: GrpcService started, listening on 9857
datanode_3  | 2022-12-02 11:32:31,345 [EndpointStateMachine task thread for scm/172.19.0.2:9861 - 0 ] INFO ratis.XceiverServerRatis: XceiverServerRatis 5fae0ee2-cbea-485d-a952-faa8cfde67bd is started using port 9858 for RATIS
scm_1       | 2022-12-02 11:32:05,372 [pool-2-thread-1] INFO server.RaftServerConfigKeys: raft.server.notification.no-leader.timeout = 60s (default)
datanode_3  | 2022-12-02 11:32:31,345 [EndpointStateMachine task thread for scm/172.19.0.2:9861 - 0 ] INFO ratis.XceiverServerRatis: XceiverServerRatis 5fae0ee2-cbea-485d-a952-faa8cfde67bd is started using port 9857 for RATIS_ADMIN
datanode_2  | 2022-12-02 11:32:46,775 [9c5f0a8a-f603-4702-9e6d-5675eb5560a2@group-67734FBD95AB-FollowerState] INFO impl.FollowerState: 9c5f0a8a-f603-4702-9e6d-5675eb5560a2@group-67734FBD95AB-FollowerState: change to CANDIDATE, lastRpcElapsedTime:5215930403ns, electionTimeout:5160ms
datanode_2  | 2022-12-02 11:32:46,777 [9c5f0a8a-f603-4702-9e6d-5675eb5560a2@group-67734FBD95AB-FollowerState] INFO impl.RoleInfo: 9c5f0a8a-f603-4702-9e6d-5675eb5560a2: shutdown 9c5f0a8a-f603-4702-9e6d-5675eb5560a2@group-67734FBD95AB-FollowerState
datanode_2  | 2022-12-02 11:32:46,777 [9c5f0a8a-f603-4702-9e6d-5675eb5560a2@group-67734FBD95AB-FollowerState] INFO server.RaftServer$Division: 9c5f0a8a-f603-4702-9e6d-5675eb5560a2@group-67734FBD95AB: changes role from  FOLLOWER to CANDIDATE at term 0 for changeToCandidate
datanode_3  | 2022-12-02 11:32:31,346 [EndpointStateMachine task thread for scm/172.19.0.2:9861 - 0 ] INFO ratis.XceiverServerRatis: XceiverServerRatis 5fae0ee2-cbea-485d-a952-faa8cfde67bd is started using port 9856 for RATIS_SERVER
scm_1       | 2022-12-02 11:32:05,394 [pool-2-thread-1] INFO server.RaftServerConfigKeys: raft.server.retrycache.expirytime = 60000ms (default)
datanode_2  | 2022-12-02 11:32:46,778 [9c5f0a8a-f603-4702-9e6d-5675eb5560a2@group-67734FBD95AB-FollowerState] INFO server.RaftServerConfigKeys: raft.server.leaderelection.pre-vote = false (custom)
datanode_2  | 2022-12-02 11:32:46,778 [9c5f0a8a-f603-4702-9e6d-5675eb5560a2@group-67734FBD95AB-FollowerState] INFO impl.RoleInfo: 9c5f0a8a-f603-4702-9e6d-5675eb5560a2: start 9c5f0a8a-f603-4702-9e6d-5675eb5560a2@group-67734FBD95AB-LeaderElection2
datanode_3  | 2022-12-02 11:32:31,346 [JvmPauseMonitor0] INFO util.JvmPauseMonitor: JvmPauseMonitor-5fae0ee2-cbea-485d-a952-faa8cfde67bd: Started
scm_1       | 2022-12-02 11:32:05,447 [pool-2-thread-1] INFO server.RaftServerConfigKeys: raft.server.retrycache.statistics.expirytime = 100?s (default)
datanode_2  | 2022-12-02 11:32:46,795 [9c5f0a8a-f603-4702-9e6d-5675eb5560a2@group-67734FBD95AB-LeaderElection2] INFO impl.LeaderElection: 9c5f0a8a-f603-4702-9e6d-5675eb5560a2@group-67734FBD95AB-LeaderElection2 ELECTION round 0: submit vote requests at term 1 for -1: peers:[9c5f0a8a-f603-4702-9e6d-5675eb5560a2|rpc:172.19.0.7:9856|admin:172.19.0.7:9857|client:172.19.0.7:9858|priority:1|startupRole:FOLLOWER, 5fae0ee2-cbea-485d-a952-faa8cfde67bd|rpc:172.19.0.6:9856|admin:172.19.0.6:9857|client:172.19.0.6:9858|priority:0|startupRole:FOLLOWER, af4b7971-852a-41f9-ba07-7d81ddf2ff31|rpc:172.19.0.4:9856|admin:172.19.0.4:9857|client:172.19.0.4:9858|priority:0|startupRole:FOLLOWER]|listeners:[], old=null
datanode_2  | 2022-12-02 11:32:46,800 [9c5f0a8a-f603-4702-9e6d-5675eb5560a2@group-67734FBD95AB-LeaderElection2-1] INFO server.GrpcServerProtocolClient: Build channel for 5fae0ee2-cbea-485d-a952-faa8cfde67bd
datanode_3  | 2022-12-02 11:32:34,987 [Command processor thread] INFO server.RaftServer: 5fae0ee2-cbea-485d-a952-faa8cfde67bd: addNew group-D81C89654AE4:[5fae0ee2-cbea-485d-a952-faa8cfde67bd|rpc:172.19.0.6:9856|admin:172.19.0.6:9857|client:172.19.0.6:9858|priority:1|startupRole:FOLLOWER] returns group-D81C89654AE4:java.util.concurrent.CompletableFuture@2d985760[Not completed]
scm_1       | 2022-12-02 11:32:05,874 [pool-2-thread-1] INFO metrics.MetricRegistries: Loaded MetricRegistries class org.apache.ratis.metrics.impl.MetricRegistriesImpl
scm_1       | 2022-12-02 11:32:07,864 [pool-2-thread-1] INFO server.RaftServerConfigKeys: raft.server.log.appender.install.snapshot.enabled = false (custom)
om_1        | 2022-12-02 11:32:51,681 [om1-impl-thread1] INFO segmented.SegmentedRaftLogWorker: om1@group-C5BA1605619E-SegmentedRaftLogWorker: flushIndex: setUnconditionally 0 -> -1
om_1        | 2022-12-02 11:32:51,682 [om1-impl-thread1] INFO segmented.SegmentedRaftLogWorker: om1@group-C5BA1605619E-SegmentedRaftLogWorker: safeCacheEvictIndex: setUnconditionally 0 -> -1
datanode_3  | 2022-12-02 11:32:35,086 [pool-22-thread-1] INFO server.RaftServer$Division: 5fae0ee2-cbea-485d-a952-faa8cfde67bd: new RaftServerImpl for group-D81C89654AE4:[5fae0ee2-cbea-485d-a952-faa8cfde67bd|rpc:172.19.0.6:9856|admin:172.19.0.6:9857|client:172.19.0.6:9858|priority:1|startupRole:FOLLOWER] with ContainerStateMachine:uninitialized
scm_1       | 2022-12-02 11:32:07,864 [pool-2-thread-1] INFO server.RaftServerConfigKeys: raft.server.threadpool.server.cached = true (default)
om_1        | 2022-12-02 11:32:51,697 [om1-impl-thread1] INFO server.RaftServer$Division: om1@group-C5BA1605619E: start as a follower, conf=-1: peers:[om1|rpc:om:9872|priority:0|startupRole:FOLLOWER]|listeners:[], old=null
om_1        | 2022-12-02 11:32:51,699 [om1-impl-thread1] INFO server.RaftServer$Division: om1@group-C5BA1605619E: changes role from      null to FOLLOWER at term 0 for startAsFollower
datanode_3  | 2022-12-02 11:32:35,098 [pool-22-thread-1] INFO server.RaftServerConfigKeys: raft.server.rpc.timeout.min = 5s (custom)
scm_1       | 2022-12-02 11:32:07,864 [pool-2-thread-1] INFO server.RaftServerConfigKeys: raft.server.threadpool.server.size = 0 (default)
datanode_3  | 2022-12-02 11:32:35,112 [pool-22-thread-1] INFO server.RaftServerConfigKeys: raft.server.rpc.timeout.max = 5200ms (custom)
scm_1       | 2022-12-02 11:32:07,865 [pool-2-thread-1] INFO server.RaftServerConfigKeys: raft.server.threadpool.client.cached = true (default)
datanode_2  | 2022-12-02 11:32:46,806 [9c5f0a8a-f603-4702-9e6d-5675eb5560a2@group-67734FBD95AB-LeaderElection2] INFO server.RaftServerConfigKeys: raft.server.rpc.first-election.timeout.min = 5s (fallback to raft.server.rpc.timeout.min)
datanode_2  | 2022-12-02 11:32:46,816 [9c5f0a8a-f603-4702-9e6d-5675eb5560a2@group-67734FBD95AB-LeaderElection2] INFO server.RaftServerConfigKeys: raft.server.rpc.first-election.timeout.max = 5200ms (fallback to raft.server.rpc.timeout.max)
datanode_3  | 2022-12-02 11:32:35,112 [pool-22-thread-1] INFO server.RaftServerConfigKeys: raft.server.rpc.sleep.time = 25ms (default)
scm_1       | 2022-12-02 11:32:07,865 [pool-2-thread-1] INFO server.RaftServerConfigKeys: raft.server.threadpool.client.size = 0 (default)
datanode_2  | 2022-12-02 11:32:46,831 [9c5f0a8a-f603-4702-9e6d-5675eb5560a2@group-67734FBD95AB-LeaderElection2-2] INFO server.GrpcServerProtocolClient: Build channel for af4b7971-852a-41f9-ba07-7d81ddf2ff31
om_1        | 2022-12-02 11:32:51,704 [om1-impl-thread1] INFO impl.RoleInfo: om1: start om1@group-C5BA1605619E-FollowerState
datanode_3  | 2022-12-02 11:32:35,112 [pool-22-thread-1] INFO server.RaftServerConfigKeys: raft.server.rpc.slowness.timeout = 300s (custom)
scm_1       | 2022-12-02 11:32:07,876 [0fd608c2-238f-4b1b-9dd3-b8e658da27d3-impl-thread1] INFO storage.RaftStorageDirectory: The storage directory /data/metadata/scm-ha/bf67160f-03ba-41ee-a1d1-45589cdd5bd6 does not exist. Creating ...
datanode_3  | 2022-12-02 11:32:35,113 [pool-22-thread-1] INFO server.RaftServerConfigKeys: raft.server.leaderelection.leader.step-down.wait-time = 10s (default)
datanode_3  | 2022-12-02 11:32:35,113 [pool-22-thread-1] INFO server.RaftServerConfigKeys: raft.server.sleep.deviation.threshold = 300ms (default)
datanode_3  | 2022-12-02 11:32:35,138 [pool-22-thread-1] INFO server.RaftServer$Division: 5fae0ee2-cbea-485d-a952-faa8cfde67bd@group-D81C89654AE4: ConfigurationManager, init=-1: peers:[5fae0ee2-cbea-485d-a952-faa8cfde67bd|rpc:172.19.0.6:9856|admin:172.19.0.6:9857|client:172.19.0.6:9858|priority:1|startupRole:FOLLOWER]|listeners:[], old=null, confs=<EMPTY_MAP>
datanode_2  | 2022-12-02 11:32:46,917 [9c5f0a8a-f603-4702-9e6d-5675eb5560a2@group-67734FBD95AB-LeaderElection2] INFO impl.LeaderElection: 9c5f0a8a-f603-4702-9e6d-5675eb5560a2@group-67734FBD95AB-LeaderElection2: ELECTION PASSED received 1 response(s) and 0 exception(s):
datanode_2  | 2022-12-02 11:32:46,918 [9c5f0a8a-f603-4702-9e6d-5675eb5560a2@group-67734FBD95AB-LeaderElection2] INFO impl.LeaderElection:   Response 0: 9c5f0a8a-f603-4702-9e6d-5675eb5560a2<-5fae0ee2-cbea-485d-a952-faa8cfde67bd#0:OK-t1
datanode_3  | 2022-12-02 11:32:35,139 [pool-22-thread-1] INFO server.RaftServerConfigKeys: raft.server.storage.dir = [/data/metadata/ratis] (custom)
datanode_3  | 2022-12-02 11:32:35,144 [pool-22-thread-1] INFO server.RaftServerConfigKeys: raft.server.log.corruption.policy = EXCEPTION (default)
scm_1       | 2022-12-02 11:32:07,928 [0fd608c2-238f-4b1b-9dd3-b8e658da27d3-impl-thread1] INFO storage.RaftStorageDirectory: Lock on /data/metadata/scm-ha/bf67160f-03ba-41ee-a1d1-45589cdd5bd6/in_use.lock acquired by nodename 13@a1bbf6bc4fbb
om_1        | 2022-12-02 11:32:51,706 [om1@group-C5BA1605619E-FollowerState] INFO server.RaftServerConfigKeys: raft.server.rpc.first-election.timeout.min = 5s (fallback to raft.server.rpc.timeout.min)
om_1        | 2022-12-02 11:32:51,706 [om1@group-C5BA1605619E-FollowerState] INFO server.RaftServerConfigKeys: raft.server.rpc.first-election.timeout.max = 5200ms (fallback to raft.server.rpc.timeout.max)
om_1        | 2022-12-02 11:32:51,715 [om1-impl-thread1] INFO util.JmxRegister: Successfully registered JMX Bean with object name Ratis:service=RaftServer,group=group-C5BA1605619E,id=om1
om_1        | 2022-12-02 11:32:51,717 [om1-impl-thread1] INFO server.RaftServerConfigKeys: raft.server.snapshot.auto.trigger.enabled = true (custom)
scm_1       | 2022-12-02 11:32:08,076 [0fd608c2-238f-4b1b-9dd3-b8e658da27d3-impl-thread1] INFO storage.RaftStorage: Storage directory /data/metadata/scm-ha/bf67160f-03ba-41ee-a1d1-45589cdd5bd6 has been successfully formatted.
datanode_2  | 2022-12-02 11:32:46,918 [9c5f0a8a-f603-4702-9e6d-5675eb5560a2@group-67734FBD95AB-LeaderElection2] INFO impl.LeaderElection: 9c5f0a8a-f603-4702-9e6d-5675eb5560a2@group-67734FBD95AB-LeaderElection2 ELECTION round 0: result PASSED
datanode_3  | 2022-12-02 11:32:35,150 [pool-22-thread-1] INFO server.RaftServerConfigKeys: raft.server.storage.free-space.min = 0MB (=0) (default)
om_1        | 2022-12-02 11:32:51,718 [om1-impl-thread1] INFO server.RaftServerConfigKeys: raft.server.snapshot.auto.trigger.threshold = 400000 (default)
scm_1       | 2022-12-02 11:32:08,122 [0fd608c2-238f-4b1b-9dd3-b8e658da27d3-impl-thread1] INFO server.RaftServerConfigKeys: raft.server.log.use.memory = false (default)
scm_1       | 2022-12-02 11:32:08,402 [0fd608c2-238f-4b1b-9dd3-b8e658da27d3-impl-thread1] INFO server.RaftServerConfigKeys: raft.server.log.purge.gap = 1000000 (custom)
datanode_2  | 2022-12-02 11:32:46,918 [9c5f0a8a-f603-4702-9e6d-5675eb5560a2@group-67734FBD95AB-LeaderElection2] INFO impl.RoleInfo: 9c5f0a8a-f603-4702-9e6d-5675eb5560a2: shutdown 9c5f0a8a-f603-4702-9e6d-5675eb5560a2@group-67734FBD95AB-LeaderElection2
datanode_3  | 2022-12-02 11:32:35,193 [pool-22-thread-1] INFO server.RaftServerConfigKeys: raft.server.notification.no-leader.timeout = 300s (custom)
om_1        | 2022-12-02 11:32:51,718 [om1-impl-thread1] INFO server.RaftServerConfigKeys: raft.server.snapshot.retention.file.num = -1 (default)
scm_1       | 2022-12-02 11:32:08,402 [0fd608c2-238f-4b1b-9dd3-b8e658da27d3-impl-thread1] INFO server.RaftServerConfigKeys: raft.server.log.appender.buffer.byte-limit = 33554432 (custom)
datanode_3  | 2022-12-02 11:32:35,201 [pool-22-thread-1] INFO server.RaftServerConfigKeys: raft.server.retrycache.expirytime = 600000ms (custom)
datanode_2  | 2022-12-02 11:32:46,919 [9c5f0a8a-f603-4702-9e6d-5675eb5560a2@group-67734FBD95AB-LeaderElection2] INFO server.RaftServer$Division: 9c5f0a8a-f603-4702-9e6d-5675eb5560a2@group-67734FBD95AB: changes role from CANDIDATE to LEADER at term 1 for changeToLeader
scm_1       | 2022-12-02 11:32:08,528 [0fd608c2-238f-4b1b-9dd3-b8e658da27d3-impl-thread1] INFO server.RaftServerConfigKeys: raft.server.log.statemachine.data.read.timeout = 1000ms (default)
om_1        | 2022-12-02 11:32:51,719 [om1-impl-thread1] INFO server.RaftServerConfigKeys: raft.server.log.purge.upto.snapshot.index = true (custom)
datanode_3  | 2022-12-02 11:32:35,201 [pool-22-thread-1] INFO server.RaftServerConfigKeys: raft.server.retrycache.statistics.expirytime = 100?s (default)
scm_1       | 2022-12-02 11:32:08,529 [0fd608c2-238f-4b1b-9dd3-b8e658da27d3-impl-thread1] INFO server.RaftServerConfigKeys: raft.server.log.purge.preservation.log.num = 0 (default)
om_1        | 2022-12-02 11:32:51,724 [Listener at om/9862] INFO server.RaftServer: om1: start RPC server
datanode_3  | 2022-12-02 11:32:35,357 [pool-22-thread-1] INFO server.RaftServerConfigKeys: raft.server.log.appender.install.snapshot.enabled = false (custom)
datanode_2  | 2022-12-02 11:32:46,919 [9c5f0a8a-f603-4702-9e6d-5675eb5560a2@group-67734FBD95AB-LeaderElection2] INFO ratis.XceiverServerRatis: Leader change notification received for group: group-67734FBD95AB with new leaderId: 9c5f0a8a-f603-4702-9e6d-5675eb5560a2
datanode_2  | 2022-12-02 11:32:46,930 [9c5f0a8a-f603-4702-9e6d-5675eb5560a2@group-67734FBD95AB-LeaderElection2] INFO server.RaftServer$Division: 9c5f0a8a-f603-4702-9e6d-5675eb5560a2@group-67734FBD95AB: change Leader from null to 9c5f0a8a-f603-4702-9e6d-5675eb5560a2 at term 1 for becomeLeader, leader elected after 5891ms
datanode_3  | 2022-12-02 11:32:35,359 [pool-22-thread-1] INFO server.RaftServerConfigKeys: raft.server.threadpool.server.cached = true (default)
datanode_2  | 2022-12-02 11:32:46,930 [9c5f0a8a-f603-4702-9e6d-5675eb5560a2@group-67734FBD95AB-LeaderElection2] INFO server.RaftServerConfigKeys: raft.server.staging.catchup.gap = 1000 (default)
scm_1       | 2022-12-02 11:32:08,531 [0fd608c2-238f-4b1b-9dd3-b8e658da27d3-impl-thread1] INFO server.RaftServerConfigKeys: raft.server.log.segment.size.max = 4194304 (custom)
om_1        | 2022-12-02 11:32:51,842 [Listener at om/9862] INFO server.GrpcService: om1: GrpcService started, listening on 9872
om_1        | 2022-12-02 11:32:51,853 [Listener at om/9862] INFO om.OzoneManager: Version File has different layout version (3) than OM DB (null). That is expected if this OM has never been finalized to a newer layout version.
scm_1       | 2022-12-02 11:32:08,663 [0fd608c2-238f-4b1b-9dd3-b8e658da27d3-impl-thread1] INFO server.RaftServerConfigKeys: raft.server.log.segment.cache.num.max = 2 (custom)
datanode_3  | 2022-12-02 11:32:35,362 [pool-22-thread-1] INFO server.RaftServerConfigKeys: raft.server.threadpool.server.size = 0 (default)
datanode_2  | 2022-12-02 11:32:46,931 [9c5f0a8a-f603-4702-9e6d-5675eb5560a2@group-67734FBD95AB-LeaderElection2] INFO server.RaftServerConfigKeys: raft.server.write.element-limit = 1024 (custom)
datanode_2  | 2022-12-02 11:32:46,931 [9c5f0a8a-f603-4702-9e6d-5675eb5560a2@group-67734FBD95AB-LeaderElection2] INFO server.RaftServerConfigKeys: raft.server.write.byte-limit = 1024 M (=1073741824) (custom)
scm_1       | 2022-12-02 11:32:08,663 [0fd608c2-238f-4b1b-9dd3-b8e658da27d3-impl-thread1] INFO server.RaftServerConfigKeys: raft.server.log.segment.cache.size.max = 200MB (=209715200) (default)
datanode_3  | 2022-12-02 11:32:35,375 [pool-22-thread-1] INFO server.RaftServerConfigKeys: raft.server.threadpool.client.cached = true (default)
om_1        | 2022-12-02 11:32:51,853 [JvmPauseMonitor0] INFO util.JvmPauseMonitor: JvmPauseMonitor-om1: Started
om_1        | 2022-12-02 11:32:51,957 [Listener at om/9862] INFO http.BaseHttpServer: Starting Web-server for ozoneManager at: http://0.0.0.0:9874
om_1        | 2022-12-02 11:32:51,957 [Listener at om/9862] INFO http.BaseHttpServer: Hadoop Security Enabled: false Ozone Security Enabled: false Ozone HTTP Security Enabled: false 
datanode_3  | 2022-12-02 11:32:35,378 [pool-22-thread-1] INFO server.RaftServerConfigKeys: raft.server.threadpool.client.size = 0 (default)
scm_1       | 2022-12-02 11:32:08,749 [0fd608c2-238f-4b1b-9dd3-b8e658da27d3-impl-thread1] INFO segmented.SegmentedRaftLogWorker: new 0fd608c2-238f-4b1b-9dd3-b8e658da27d3@group-45589CDD5BD6-SegmentedRaftLogWorker for RaftStorageImpl:Storage Directory /data/metadata/scm-ha/bf67160f-03ba-41ee-a1d1-45589cdd5bd6
om_1        | 2022-12-02 11:32:52,000 [Listener at om/9862] INFO util.log: Logging initialized @19383ms to org.eclipse.jetty.util.log.Slf4jLog
datanode_3  | 2022-12-02 11:32:35,379 [pool-22-thread-1] INFO storage.RaftStorageDirectory: The storage directory /data/metadata/ratis/5912c9ae-8ed9-44a5-92bb-d81c89654ae4 does not exist. Creating ...
scm_1       | 2022-12-02 11:32:08,749 [0fd608c2-238f-4b1b-9dd3-b8e658da27d3-impl-thread1] INFO server.RaftServerConfigKeys: raft.server.log.queue.byte-limit = 64MB (=67108864) (default)
om_1        | 2022-12-02 11:32:52,268 [Listener at om/9862] WARN server.AuthenticationFilter: Unable to initialize FileSignerSecretProvider, falling back to use random secrets. Reason: Could not read signature secret file: /opt/hadoop/hadoop-http-auth-signature-secret
om_1        | 2022-12-02 11:32:52,295 [Listener at om/9862] INFO http.HttpRequestLog: Http request log for http.requests.ozoneManager is not defined
om_1        | 2022-12-02 11:32:52,323 [Listener at om/9862] INFO http.HttpServer2: Added global filter 'safety' (class=org.apache.hadoop.hdds.server.http.HttpServer2$QuotingInputFilter)
datanode_2  | 2022-12-02 11:32:46,931 [9c5f0a8a-f603-4702-9e6d-5675eb5560a2@group-67734FBD95AB-LeaderElection2] INFO server.RaftServerConfigKeys: raft.server.watch.timeout = 180s (custom)
datanode_3  | 2022-12-02 11:32:35,397 [pool-22-thread-1] INFO storage.RaftStorageDirectory: Lock on /data/metadata/ratis/5912c9ae-8ed9-44a5-92bb-d81c89654ae4/in_use.lock acquired by nodename 7@f0c46ebf7b7b
scm_1       | 2022-12-02 11:32:08,749 [0fd608c2-238f-4b1b-9dd3-b8e658da27d3-impl-thread1] INFO server.RaftServerConfigKeys: raft.server.log.queue.element-limit = 4096 (default)
om_1        | 2022-12-02 11:32:52,325 [Listener at om/9862] INFO http.HttpServer2: Added filter static_user_filter (class=org.apache.hadoop.http.lib.StaticUserWebFilter$StaticUserFilter) to context ozoneManager
datanode_2  | 2022-12-02 11:32:46,931 [9c5f0a8a-f603-4702-9e6d-5675eb5560a2@group-67734FBD95AB-LeaderElection2] INFO server.RaftServerConfigKeys: raft.server.watch.timeout.denomination = 1s (default)
datanode_3  | 2022-12-02 11:32:35,419 [pool-22-thread-1] INFO storage.RaftStorage: Storage directory /data/metadata/ratis/5912c9ae-8ed9-44a5-92bb-d81c89654ae4 has been successfully formatted.
datanode_3  | 2022-12-02 11:32:35,468 [pool-22-thread-1] INFO ratis.ContainerStateMachine: group-D81C89654AE4: The snapshot info is null. Setting the last applied indexto:(t:0, i:~)
datanode_2  | 2022-12-02 11:32:46,932 [9c5f0a8a-f603-4702-9e6d-5675eb5560a2@group-67734FBD95AB-LeaderElection2] INFO server.RaftServerConfigKeys: raft.server.watch.element-limit = 65536 (default)
scm_1       | 2022-12-02 11:32:08,771 [0fd608c2-238f-4b1b-9dd3-b8e658da27d3-impl-thread1] INFO server.RaftServerConfigKeys: raft.server.log.segment.size.max = 4194304 (custom)
om_1        | 2022-12-02 11:32:52,327 [Listener at om/9862] INFO http.HttpServer2: Added filter static_user_filter (class=org.apache.hadoop.http.lib.StaticUserWebFilter$StaticUserFilter) to context static
datanode_3  | 2022-12-02 11:32:35,470 [pool-22-thread-1] INFO server.RaftServerConfigKeys: raft.server.log.use.memory = false (default)
scm_1       | 2022-12-02 11:32:08,771 [0fd608c2-238f-4b1b-9dd3-b8e658da27d3-impl-thread1] INFO server.RaftServerConfigKeys: raft.server.log.preallocated.size = 4194304 (custom)
datanode_3  | 2022-12-02 11:32:35,504 [pool-22-thread-1] INFO server.RaftServerConfigKeys: raft.server.log.purge.gap = 1000000 (custom)
datanode_2  | 2022-12-02 11:32:46,932 [9c5f0a8a-f603-4702-9e6d-5675eb5560a2@group-67734FBD95AB-LeaderElection2] INFO server.RaftServerConfigKeys: raft.server.write.element-limit = 1024 (custom)
datanode_2  | 2022-12-02 11:32:46,932 [9c5f0a8a-f603-4702-9e6d-5675eb5560a2@group-67734FBD95AB-LeaderElection2] INFO server.RaftServerConfigKeys: raft.server.write.follower.gap.ratio.max = -1.0 (default)
datanode_3  | 2022-12-02 11:32:35,507 [pool-22-thread-1] INFO server.RaftServerConfigKeys: raft.server.log.appender.buffer.byte-limit = 33554432 (custom)
scm_1       | 2022-12-02 11:32:08,771 [0fd608c2-238f-4b1b-9dd3-b8e658da27d3-impl-thread1] INFO server.RaftServerConfigKeys: raft.server.log.force.sync.num = 128 (default)
datanode_3  | 2022-12-02 11:32:35,520 [pool-22-thread-1] INFO server.RaftServerConfigKeys: raft.server.log.statemachine.data.read.timeout = 1000ms (default)
om_1        | 2022-12-02 11:32:52,328 [Listener at om/9862] INFO http.HttpServer2: Added filter static_user_filter (class=org.apache.hadoop.http.lib.StaticUserWebFilter$StaticUserFilter) to context logs
datanode_2  | 2022-12-02 11:32:46,970 [grpc-default-executor-0] INFO server.RaftServer$Division: 9c5f0a8a-f603-4702-9e6d-5675eb5560a2@group-67734FBD95AB: receive requestVote(ELECTION, af4b7971-852a-41f9-ba07-7d81ddf2ff31, group-67734FBD95AB, 1, (t:0, i:0))
datanode_3  | 2022-12-02 11:32:35,524 [pool-22-thread-1] INFO server.RaftServerConfigKeys: raft.server.log.purge.preservation.log.num = 0 (default)
datanode_3  | 2022-12-02 11:32:35,534 [pool-22-thread-1] INFO server.RaftServerConfigKeys: raft.server.log.segment.size.max = 1048576 (custom)
scm_1       | 2022-12-02 11:32:08,772 [0fd608c2-238f-4b1b-9dd3-b8e658da27d3-impl-thread1] INFO server.RaftServerConfigKeys: raft.server.log.statemachine.data.sync = true (default)
datanode_2  | 2022-12-02 11:32:47,038 [9c5f0a8a-f603-4702-9e6d-5675eb5560a2@group-67734FBD95AB-LeaderElection2] INFO server.RaftServerConfigKeys: raft.server.log.appender.snapshot.chunk.size.max = 16MB (=16777216) (default)
datanode_3  | 2022-12-02 11:32:35,551 [pool-22-thread-1] INFO server.RaftServerConfigKeys: raft.server.log.segment.cache.num.max = 2 (custom)
om_1        | 2022-12-02 11:32:52,533 [Listener at om/9862] INFO http.HttpServer2: Jetty bound to port 9874
om_1        | 2022-12-02 11:32:52,541 [Listener at om/9862] INFO server.Server: jetty-9.4.49.v20220914; built: 2022-09-14T01:07:36.601Z; git: 4231a3b2e4cb8548a412a789936d640a97b1aa0a; jvm 11.0.14.1+1-LTS
datanode_3  | 2022-12-02 11:32:35,559 [pool-22-thread-1] INFO server.RaftServerConfigKeys: raft.server.log.segment.cache.size.max = 200MB (=209715200) (default)
scm_1       | 2022-12-02 11:32:08,773 [0fd608c2-238f-4b1b-9dd3-b8e658da27d3-impl-thread1] INFO server.RaftServerConfigKeys: raft.server.log.statemachine.data.sync.timeout = 10s (default)
datanode_2  | 2022-12-02 11:32:47,039 [9c5f0a8a-f603-4702-9e6d-5675eb5560a2@group-67734FBD95AB-LeaderElection2] INFO server.RaftServerConfigKeys: raft.server.log.appender.buffer.byte-limit = 33554432 (custom)
datanode_2  | 2022-12-02 11:32:47,044 [9c5f0a8a-f603-4702-9e6d-5675eb5560a2@group-67734FBD95AB-LeaderElection2] INFO server.RaftServerConfigKeys: raft.server.log.appender.buffer.element-limit = 1 (custom)
datanode_3  | 2022-12-02 11:32:35,574 [pool-22-thread-1] INFO segmented.SegmentedRaftLogWorker: new 5fae0ee2-cbea-485d-a952-faa8cfde67bd@group-D81C89654AE4-SegmentedRaftLogWorker for RaftStorageImpl:Storage Directory /data/metadata/ratis/5912c9ae-8ed9-44a5-92bb-d81c89654ae4
scm_1       | 2022-12-02 11:32:08,773 [0fd608c2-238f-4b1b-9dd3-b8e658da27d3-impl-thread1] INFO server.RaftServerConfigKeys: raft.server.log.statemachine.data.sync.timeout.retry = -1 (default)
datanode_2  | 2022-12-02 11:32:47,078 [9c5f0a8a-f603-4702-9e6d-5675eb5560a2@group-67734FBD95AB-LeaderElection2] INFO grpc.GrpcConfigKeys: raft.grpc.server.leader.outstanding.appends.max = 128 (default)
datanode_2  | 2022-12-02 11:32:47,078 [9c5f0a8a-f603-4702-9e6d-5675eb5560a2@group-67734FBD95AB-LeaderElection2] INFO server.RaftServerConfigKeys: raft.server.rpc.request.timeout = 60s (custom)
datanode_3  | 2022-12-02 11:32:35,579 [pool-22-thread-1] INFO server.RaftServerConfigKeys: raft.server.log.queue.byte-limit = 4294967296 (custom)
scm_1       | 2022-12-02 11:32:09,082 [0fd608c2-238f-4b1b-9dd3-b8e658da27d3-impl-thread1] INFO server.RaftServerConfigKeys: raft.server.log.write.buffer.size = 64KB (=65536) (default)
datanode_3  | 2022-12-02 11:32:35,581 [pool-22-thread-1] INFO server.RaftServerConfigKeys: raft.server.log.queue.element-limit = 1024 (custom)
scm_1       | 2022-12-02 11:32:09,082 [0fd608c2-238f-4b1b-9dd3-b8e658da27d3-impl-thread1] INFO server.RaftServerConfigKeys: raft.server.log.appender.buffer.byte-limit = 33554432 (custom)
datanode_2  | 2022-12-02 11:32:47,079 [9c5f0a8a-f603-4702-9e6d-5675eb5560a2@group-67734FBD95AB-LeaderElection2] INFO server.RaftServerConfigKeys: raft.server.log.appender.install.snapshot.enabled = false (custom)
datanode_2  | 2022-12-02 11:32:47,079 [9c5f0a8a-f603-4702-9e6d-5675eb5560a2@group-67734FBD95AB-LeaderElection2] INFO grpc.GrpcConfigKeys: raft.grpc.server.heartbeat.channel = true (default)
datanode_3  | 2022-12-02 11:32:35,586 [pool-22-thread-1] INFO server.RaftServerConfigKeys: raft.server.log.segment.size.max = 1048576 (custom)
scm_1       | 2022-12-02 11:32:09,242 [0fd608c2-238f-4b1b-9dd3-b8e658da27d3-impl-thread1] INFO server.RaftServerConfigKeys: raft.server.log.unsafe-flush.enabled = false (default)
datanode_3  | 2022-12-02 11:32:35,591 [pool-22-thread-1] INFO server.RaftServerConfigKeys: raft.server.log.preallocated.size = 16384 (custom)
om_1        | 2022-12-02 11:32:52,689 [Listener at om/9862] INFO server.session: DefaultSessionIdManager workerName=node0
om_1        | 2022-12-02 11:32:52,691 [Listener at om/9862] INFO server.session: No SessionScavenger set, using defaults
scm_1       | 2022-12-02 11:32:09,328 [0fd608c2-238f-4b1b-9dd3-b8e658da27d3-impl-thread1] INFO server.RaftServerConfigKeys: raft.server.log.async-flush.enabled = false (default)
datanode_3  | 2022-12-02 11:32:35,592 [pool-22-thread-1] INFO server.RaftServerConfigKeys: raft.server.log.force.sync.num = 128 (default)
scm_1       | 2022-12-02 11:32:09,346 [0fd608c2-238f-4b1b-9dd3-b8e658da27d3-impl-thread1] INFO server.RaftServerConfigKeys: raft.server.log.statemachine.data.caching.enabled = false (default)
datanode_2  | 2022-12-02 11:32:47,079 [9c5f0a8a-f603-4702-9e6d-5675eb5560a2@group-67734FBD95AB-LeaderElection2] INFO server.RaftServerConfigKeys: raft.server.log.appender.wait-time.min = 10ms (default)
datanode_2  | 2022-12-02 11:32:47,087 [9c5f0a8a-f603-4702-9e6d-5675eb5560a2@group-67734FBD95AB-LeaderElection2] INFO server.RaftServerConfigKeys: raft.server.log.appender.snapshot.chunk.size.max = 16MB (=16777216) (default)
datanode_3  | 2022-12-02 11:32:35,595 [pool-22-thread-1] INFO server.RaftServerConfigKeys: raft.server.log.statemachine.data.sync = true (default)
scm_1       | 2022-12-02 11:32:09,436 [0fd608c2-238f-4b1b-9dd3-b8e658da27d3-impl-thread1] INFO segmented.SegmentedRaftLogWorker: 0fd608c2-238f-4b1b-9dd3-b8e658da27d3@group-45589CDD5BD6-SegmentedRaftLogWorker: flushIndex: setUnconditionally 0 -> -1
datanode_3  | 2022-12-02 11:32:35,599 [pool-22-thread-1] INFO server.RaftServerConfigKeys: raft.server.log.statemachine.data.sync.timeout = 10s (default)
om_1        | 2022-12-02 11:32:52,712 [Listener at om/9862] INFO server.session: node0 Scavenging every 660000ms
om_1        | 2022-12-02 11:32:52,732 [Listener at om/9862] INFO handler.ContextHandler: Started o.e.j.s.ServletContextHandler@6befbb12{logs,/logs,file:///var/log/hadoop/,AVAILABLE}
scm_1       | 2022-12-02 11:32:09,467 [0fd608c2-238f-4b1b-9dd3-b8e658da27d3-impl-thread1] INFO segmented.SegmentedRaftLogWorker: 0fd608c2-238f-4b1b-9dd3-b8e658da27d3@group-45589CDD5BD6-SegmentedRaftLogWorker: safeCacheEvictIndex: setUnconditionally 0 -> -1
datanode_3  | 2022-12-02 11:32:35,600 [pool-22-thread-1] INFO server.RaftServerConfigKeys: raft.server.log.statemachine.data.sync.timeout.retry = -1 (default)
scm_1       | 2022-12-02 11:32:09,521 [0fd608c2-238f-4b1b-9dd3-b8e658da27d3-impl-thread1] INFO server.RaftServer$Division: 0fd608c2-238f-4b1b-9dd3-b8e658da27d3@group-45589CDD5BD6: start as a follower, conf=-1: peers:[0fd608c2-238f-4b1b-9dd3-b8e658da27d3|rpc:a1bbf6bc4fbb:9894|priority:0|startupRole:FOLLOWER]|listeners:[], old=null
om_1        | 2022-12-02 11:32:52,733 [Listener at om/9862] INFO handler.ContextHandler: Started o.e.j.s.ServletContextHandler@7af1d072{static,/static,jar:file:/opt/hadoop/share/ozone/lib/ozone-manager-1.3.0-SNAPSHOT.jar!/webapps/static,AVAILABLE}
om_1        | 2022-12-02 11:32:53,066 [Listener at om/9862] INFO handler.ContextHandler: Started o.e.j.w.WebAppContext@3dea226b{ozoneManager,/,file:///tmp/jetty-0_0_0_0-9874-ozone-manager-1_3_0-SNAPSHOT_jar-_-any-1763179156567217755/webapp/,AVAILABLE}{jar:file:/opt/hadoop/share/ozone/lib/ozone-manager-1.3.0-SNAPSHOT.jar!/webapps/ozoneManager}
om_1        | 2022-12-02 11:32:53,088 [Listener at om/9862] INFO server.AbstractConnector: Started ServerConnector@4bf4680c{HTTP/1.1, (http/1.1)}{0.0.0.0:9874}
scm_1       | 2022-12-02 11:32:09,522 [0fd608c2-238f-4b1b-9dd3-b8e658da27d3-impl-thread1] INFO server.RaftServer$Division: 0fd608c2-238f-4b1b-9dd3-b8e658da27d3@group-45589CDD5BD6: changes role from      null to FOLLOWER at term 0 for startAsFollower
scm_1       | 2022-12-02 11:32:09,524 [0fd608c2-238f-4b1b-9dd3-b8e658da27d3-impl-thread1] INFO impl.RoleInfo: 0fd608c2-238f-4b1b-9dd3-b8e658da27d3: start 0fd608c2-238f-4b1b-9dd3-b8e658da27d3@group-45589CDD5BD6-FollowerState
datanode_3  | 2022-12-02 11:32:35,638 [pool-22-thread-1] INFO server.RaftServerConfigKeys: raft.server.log.write.buffer.size = 1048576 (custom)
datanode_3  | 2022-12-02 11:32:35,645 [pool-22-thread-1] INFO server.RaftServerConfigKeys: raft.server.log.appender.buffer.byte-limit = 33554432 (custom)
datanode_3  | 2022-12-02 11:32:35,689 [pool-22-thread-1] INFO server.RaftServerConfigKeys: raft.server.log.unsafe-flush.enabled = false (default)
scm_1       | 2022-12-02 11:32:09,588 [0fd608c2-238f-4b1b-9dd3-b8e658da27d3@group-45589CDD5BD6-FollowerState] INFO server.RaftServerConfigKeys: raft.server.rpc.first-election.timeout.min = 5000ms (fallback to raft.server.rpc.timeout.min)
scm_1       | 2022-12-02 11:32:09,652 [0fd608c2-238f-4b1b-9dd3-b8e658da27d3-impl-thread1] INFO util.JmxRegister: Successfully registered JMX Bean with object name Ratis:service=RaftServer,group=group-45589CDD5BD6,id=0fd608c2-238f-4b1b-9dd3-b8e658da27d3
datanode_2  | 2022-12-02 11:32:47,087 [9c5f0a8a-f603-4702-9e6d-5675eb5560a2@group-67734FBD95AB-LeaderElection2] INFO server.RaftServerConfigKeys: raft.server.log.appender.buffer.byte-limit = 33554432 (custom)
datanode_2  | 2022-12-02 11:32:47,087 [9c5f0a8a-f603-4702-9e6d-5675eb5560a2@group-67734FBD95AB-LeaderElection2] INFO server.RaftServerConfigKeys: raft.server.log.appender.buffer.element-limit = 1 (custom)
datanode_2  | 2022-12-02 11:32:47,088 [9c5f0a8a-f603-4702-9e6d-5675eb5560a2@group-67734FBD95AB-LeaderElection2] INFO grpc.GrpcConfigKeys: raft.grpc.server.leader.outstanding.appends.max = 128 (default)
scm_1       | 2022-12-02 11:32:09,666 [0fd608c2-238f-4b1b-9dd3-b8e658da27d3@group-45589CDD5BD6-FollowerState] INFO server.RaftServerConfigKeys: raft.server.rpc.first-election.timeout.max = 5200ms (fallback to raft.server.rpc.timeout.max)
scm_1       | 2022-12-02 11:32:09,738 [0fd608c2-238f-4b1b-9dd3-b8e658da27d3-impl-thread1] INFO server.RaftServerConfigKeys: raft.server.snapshot.auto.trigger.enabled = true (custom)
datanode_2  | 2022-12-02 11:32:47,088 [9c5f0a8a-f603-4702-9e6d-5675eb5560a2@group-67734FBD95AB-LeaderElection2] INFO server.RaftServerConfigKeys: raft.server.rpc.request.timeout = 60s (custom)
om_1        | 2022-12-02 11:32:53,088 [Listener at om/9862] INFO server.Server: Started @20471ms
om_1        | 2022-12-02 11:32:53,098 [Listener at om/9862] INFO impl.MetricsSinkAdapter: Sink prometheus started
scm_1       | 2022-12-02 11:32:09,740 [0fd608c2-238f-4b1b-9dd3-b8e658da27d3-impl-thread1] INFO server.RaftServerConfigKeys: raft.server.snapshot.auto.trigger.threshold = 1000 (custom)
scm_1       | 2022-12-02 11:32:09,742 [0fd608c2-238f-4b1b-9dd3-b8e658da27d3-impl-thread1] INFO server.RaftServerConfigKeys: raft.server.snapshot.retention.file.num = -1 (default)
datanode_3  | 2022-12-02 11:32:35,690 [pool-22-thread-1] INFO server.RaftServerConfigKeys: raft.server.log.async-flush.enabled = false (default)
datanode_3  | 2022-12-02 11:32:35,695 [pool-22-thread-1] INFO server.RaftServerConfigKeys: raft.server.log.statemachine.data.caching.enabled = true (custom)
datanode_3  | 2022-12-02 11:32:35,715 [pool-22-thread-1] INFO segmented.SegmentedRaftLogWorker: 5fae0ee2-cbea-485d-a952-faa8cfde67bd@group-D81C89654AE4-SegmentedRaftLogWorker: flushIndex: setUnconditionally 0 -> -1
scm_1       | 2022-12-02 11:32:09,758 [0fd608c2-238f-4b1b-9dd3-b8e658da27d3-impl-thread1] INFO server.RaftServerConfigKeys: raft.server.log.purge.upto.snapshot.index = false (default)
scm_1       | 2022-12-02 11:32:09,842 [main] INFO server.RaftServer: 0fd608c2-238f-4b1b-9dd3-b8e658da27d3: start RPC server
scm_1       | 2022-12-02 11:32:10,717 [main] INFO server.GrpcService: 0fd608c2-238f-4b1b-9dd3-b8e658da27d3: GrpcService started, listening on 9894
datanode_2  | 2022-12-02 11:32:47,089 [9c5f0a8a-f603-4702-9e6d-5675eb5560a2@group-67734FBD95AB-LeaderElection2] INFO server.RaftServerConfigKeys: raft.server.log.appender.install.snapshot.enabled = false (custom)
om_1        | 2022-12-02 11:32:53,099 [Listener at om/9862] INFO impl.MetricsSystemImpl: Registered sink prometheus
om_1        | 2022-12-02 11:32:53,106 [Listener at om/9862] INFO http.BaseHttpServer: HTTP server of ozoneManager listening at http://0.0.0.0:9874
scm_1       | 2022-12-02 11:32:10,794 [JvmPauseMonitor0] INFO util.JvmPauseMonitor: JvmPauseMonitor-0fd608c2-238f-4b1b-9dd3-b8e658da27d3: Started
scm_1       | 2022-12-02 11:32:14,712 [0fd608c2-238f-4b1b-9dd3-b8e658da27d3@group-45589CDD5BD6-FollowerState] INFO impl.FollowerState: 0fd608c2-238f-4b1b-9dd3-b8e658da27d3@group-45589CDD5BD6-FollowerState: change to CANDIDATE, lastRpcElapsedTime:5188267495ns, electionTimeout:5044ms
om_1        | 2022-12-02 11:32:53,115 [IPC Server Responder] INFO ipc.Server: IPC Server Responder: starting
om_1        | 2022-12-02 11:32:53,146 [IPC Server listener on 9862] INFO ipc.Server: IPC Server listener on 9862: starting
datanode_2  | 2022-12-02 11:32:47,089 [9c5f0a8a-f603-4702-9e6d-5675eb5560a2@group-67734FBD95AB-LeaderElection2] INFO grpc.GrpcConfigKeys: raft.grpc.server.heartbeat.channel = true (default)
scm_1       | 2022-12-02 11:32:14,713 [0fd608c2-238f-4b1b-9dd3-b8e658da27d3@group-45589CDD5BD6-FollowerState] INFO impl.RoleInfo: 0fd608c2-238f-4b1b-9dd3-b8e658da27d3: shutdown 0fd608c2-238f-4b1b-9dd3-b8e658da27d3@group-45589CDD5BD6-FollowerState
datanode_3  | 2022-12-02 11:32:35,718 [pool-22-thread-1] INFO segmented.SegmentedRaftLogWorker: 5fae0ee2-cbea-485d-a952-faa8cfde67bd@group-D81C89654AE4-SegmentedRaftLogWorker: safeCacheEvictIndex: setUnconditionally 0 -> -1
datanode_3  | 2022-12-02 11:32:35,728 [pool-22-thread-1] INFO server.RaftServer$Division: 5fae0ee2-cbea-485d-a952-faa8cfde67bd@group-D81C89654AE4: start as a follower, conf=-1: peers:[5fae0ee2-cbea-485d-a952-faa8cfde67bd|rpc:172.19.0.6:9856|admin:172.19.0.6:9857|client:172.19.0.6:9858|priority:1|startupRole:FOLLOWER]|listeners:[], old=null
datanode_3  | 2022-12-02 11:32:35,729 [pool-22-thread-1] INFO server.RaftServer$Division: 5fae0ee2-cbea-485d-a952-faa8cfde67bd@group-D81C89654AE4: changes role from      null to FOLLOWER at term 0 for startAsFollower
scm_1       | 2022-12-02 11:32:14,713 [0fd608c2-238f-4b1b-9dd3-b8e658da27d3@group-45589CDD5BD6-FollowerState] INFO server.RaftServer$Division: 0fd608c2-238f-4b1b-9dd3-b8e658da27d3@group-45589CDD5BD6: changes role from  FOLLOWER to CANDIDATE at term 0 for changeToCandidate
om_1        | 2022-12-02 11:32:53,365 [Listener at om/9862] INFO om.OzoneManager: Trash Interval set to 0. Files deleted won't move to trash
om_1        | 2022-12-02 11:32:53,386 [org.apache.hadoop.util.JvmPauseMonitor$Monitor@75ed125a] INFO util.JvmPauseMonitor: Starting JVM pause monitor
scm_1       | 2022-12-02 11:32:14,741 [0fd608c2-238f-4b1b-9dd3-b8e658da27d3@group-45589CDD5BD6-FollowerState] INFO server.RaftServerConfigKeys: raft.server.leaderelection.pre-vote = false (custom)
scm_1       | 2022-12-02 11:32:14,743 [0fd608c2-238f-4b1b-9dd3-b8e658da27d3@group-45589CDD5BD6-FollowerState] INFO impl.RoleInfo: 0fd608c2-238f-4b1b-9dd3-b8e658da27d3: start 0fd608c2-238f-4b1b-9dd3-b8e658da27d3@group-45589CDD5BD6-LeaderElection1
datanode_2  | 2022-12-02 11:32:47,089 [9c5f0a8a-f603-4702-9e6d-5675eb5560a2@group-67734FBD95AB-LeaderElection2] INFO server.RaftServerConfigKeys: raft.server.log.appender.wait-time.min = 10ms (default)
datanode_2  | 2022-12-02 11:32:47,090 [9c5f0a8a-f603-4702-9e6d-5675eb5560a2@group-67734FBD95AB-LeaderElection2] INFO impl.RoleInfo: 9c5f0a8a-f603-4702-9e6d-5675eb5560a2: start 9c5f0a8a-f603-4702-9e6d-5675eb5560a2@group-67734FBD95AB-LeaderStateImpl
datanode_2  | 2022-12-02 11:32:47,091 [9c5f0a8a-f603-4702-9e6d-5675eb5560a2@group-67734FBD95AB-LeaderElection2] INFO segmented.SegmentedRaftLogWorker: 9c5f0a8a-f603-4702-9e6d-5675eb5560a2@group-67734FBD95AB-SegmentedRaftLogWorker: Starting segment from index:0
scm_1       | 2022-12-02 11:32:14,831 [0fd608c2-238f-4b1b-9dd3-b8e658da27d3@group-45589CDD5BD6-LeaderElection1] INFO impl.LeaderElection: 0fd608c2-238f-4b1b-9dd3-b8e658da27d3@group-45589CDD5BD6-LeaderElection1 ELECTION round 0: submit vote requests at term 1 for -1: peers:[0fd608c2-238f-4b1b-9dd3-b8e658da27d3|rpc:a1bbf6bc4fbb:9894|priority:0|startupRole:FOLLOWER]|listeners:[], old=null
scm_1       | 2022-12-02 11:32:14,844 [0fd608c2-238f-4b1b-9dd3-b8e658da27d3@group-45589CDD5BD6-LeaderElection1] INFO impl.LeaderElection: 0fd608c2-238f-4b1b-9dd3-b8e658da27d3@group-45589CDD5BD6-LeaderElection1 ELECTION round 0: result PASSED (term=1)
om_1        | 2022-12-02 11:32:56,711 [om1@group-C5BA1605619E-FollowerState] INFO impl.FollowerState: om1@group-C5BA1605619E-FollowerState: change to CANDIDATE, lastRpcElapsedTime:5007807287ns, electionTimeout:5003ms
datanode_2  | 2022-12-02 11:32:47,096 [9c5f0a8a-f603-4702-9e6d-5675eb5560a2@group-67734FBD95AB-SegmentedRaftLogWorker] INFO segmented.SegmentedRaftLogWorker: 9c5f0a8a-f603-4702-9e6d-5675eb5560a2@group-67734FBD95AB-SegmentedRaftLogWorker: created new log segment /data/metadata/ratis/08cd276a-1dcd-4494-9d8a-67734fbd95ab/current/log_inprogress_0
datanode_2  | 2022-12-02 11:32:47,112 [9c5f0a8a-f603-4702-9e6d-5675eb5560a2@group-67734FBD95AB-LeaderElection2] INFO server.RaftServer$Division: 9c5f0a8a-f603-4702-9e6d-5675eb5560a2@group-67734FBD95AB: set configuration 0: peers:[9c5f0a8a-f603-4702-9e6d-5675eb5560a2|rpc:172.19.0.7:9856|admin:172.19.0.7:9857|client:172.19.0.7:9858|dataStream:|priority:1|startupRole:FOLLOWER, 5fae0ee2-cbea-485d-a952-faa8cfde67bd|rpc:172.19.0.6:9856|admin:172.19.0.6:9857|client:172.19.0.6:9858|dataStream:|priority:0|startupRole:FOLLOWER, af4b7971-852a-41f9-ba07-7d81ddf2ff31|rpc:172.19.0.4:9856|admin:172.19.0.4:9857|client:172.19.0.4:9858|dataStream:|priority:0|startupRole:FOLLOWER]|listeners:[], old=null
scm_1       | 2022-12-02 11:32:14,844 [0fd608c2-238f-4b1b-9dd3-b8e658da27d3@group-45589CDD5BD6-LeaderElection1] INFO impl.RoleInfo: 0fd608c2-238f-4b1b-9dd3-b8e658da27d3: shutdown 0fd608c2-238f-4b1b-9dd3-b8e658da27d3@group-45589CDD5BD6-LeaderElection1
scm_1       | 2022-12-02 11:32:14,851 [0fd608c2-238f-4b1b-9dd3-b8e658da27d3@group-45589CDD5BD6-LeaderElection1] INFO server.RaftServer$Division: 0fd608c2-238f-4b1b-9dd3-b8e658da27d3@group-45589CDD5BD6: changes role from CANDIDATE to LEADER at term 1 for changeToLeader
scm_1       | 2022-12-02 11:32:14,859 [0fd608c2-238f-4b1b-9dd3-b8e658da27d3@group-45589CDD5BD6-LeaderElection1] INFO server.RaftServer$Division: 0fd608c2-238f-4b1b-9dd3-b8e658da27d3@group-45589CDD5BD6: change Leader from null to 0fd608c2-238f-4b1b-9dd3-b8e658da27d3 at term 1 for becomeLeader, leader elected after 9486ms
scm_1       | 2022-12-02 11:32:14,932 [0fd608c2-238f-4b1b-9dd3-b8e658da27d3@group-45589CDD5BD6-LeaderElection1] INFO server.RaftServerConfigKeys: raft.server.staging.catchup.gap = 1000 (default)
datanode_3  | 2022-12-02 11:32:35,732 [pool-22-thread-1] INFO impl.RoleInfo: 5fae0ee2-cbea-485d-a952-faa8cfde67bd: start 5fae0ee2-cbea-485d-a952-faa8cfde67bd@group-D81C89654AE4-FollowerState
datanode_3  | 2022-12-02 11:32:35,762 [5fae0ee2-cbea-485d-a952-faa8cfde67bd@group-D81C89654AE4-FollowerState] INFO server.RaftServerConfigKeys: raft.server.rpc.first-election.timeout.min = 5s (fallback to raft.server.rpc.timeout.min)
datanode_3  | 2022-12-02 11:32:35,763 [5fae0ee2-cbea-485d-a952-faa8cfde67bd@group-D81C89654AE4-FollowerState] INFO server.RaftServerConfigKeys: raft.server.rpc.first-election.timeout.max = 5200ms (fallback to raft.server.rpc.timeout.max)
scm_1       | 2022-12-02 11:32:14,982 [0fd608c2-238f-4b1b-9dd3-b8e658da27d3@group-45589CDD5BD6-LeaderElection1] INFO server.RaftServerConfigKeys: raft.server.write.element-limit = 4096 (default)
scm_1       | 2022-12-02 11:32:15,001 [0fd608c2-238f-4b1b-9dd3-b8e658da27d3@group-45589CDD5BD6-LeaderElection1] INFO server.RaftServerConfigKeys: raft.server.write.byte-limit = 64MB (=67108864) (default)
scm_1       | 2022-12-02 11:32:15,114 [0fd608c2-238f-4b1b-9dd3-b8e658da27d3@group-45589CDD5BD6-LeaderElection1] INFO server.RaftServerConfigKeys: raft.server.watch.timeout = 10s (default)
datanode_2  | 2022-12-02 11:32:47,113 [grpc-default-executor-0] INFO impl.VoteContext: 9c5f0a8a-f603-4702-9e6d-5675eb5560a2@group-67734FBD95AB-LEADER: reject ELECTION from af4b7971-852a-41f9-ba07-7d81ddf2ff31: already has voted for 9c5f0a8a-f603-4702-9e6d-5675eb5560a2 at current term 1
