scm_1       | 2022-12-02 11:32:22,723 [main] WARN server.ServerUtils: Storage directory for Ratis is not configured. It is a good idea to map this to an SSD disk. Falling back to ozone.metadata.dirs
datanode_3  | 2022-12-02 11:32:41,108 [pool-22-thread-1] INFO server.RaftServerConfigKeys: raft.server.log.segment.cache.size.max = 200MB (=209715200) (default)
datanode_3  | 2022-12-02 11:32:41,108 [pool-22-thread-1] INFO segmented.SegmentedRaftLogWorker: new 5fae0ee2-cbea-485d-a952-faa8cfde67bd@group-67734FBD95AB-SegmentedRaftLogWorker for RaftStorageImpl:Storage Directory /data/metadata/ratis/08cd276a-1dcd-4494-9d8a-67734fbd95ab
datanode_3  | 2022-12-02 11:32:41,109 [pool-22-thread-1] INFO server.RaftServerConfigKeys: raft.server.log.queue.byte-limit = 4294967296 (custom)
scm_1       | 2022-12-02 11:32:22,724 [main] WARN ha.SCMHAUtils: SCM snapshot dir is not configured. Falling back to ozone.metadata.dirs config
datanode_3  | 2022-12-02 11:32:41,109 [pool-22-thread-1] INFO server.RaftServerConfigKeys: raft.server.log.queue.element-limit = 1024 (custom)
scm_1       | 2022-12-02 11:32:22,738 [main] INFO upgrade.AbstractLayoutVersionManager: Initializing Layout version manager with metadata layout = DATANODE_SCHEMA_V3 (version = 4), software layout = DATANODE_SCHEMA_V3 (version = 4)
datanode_3  | 2022-12-02 11:32:41,109 [pool-22-thread-1] INFO server.RaftServerConfigKeys: raft.server.log.segment.size.max = 1048576 (custom)
scm_1       | 2022-12-02 11:32:22,919 [main] INFO reflections.Reflections: Reflections took 148 ms to scan 3 urls, producing 116 keys and 266 values 
datanode_3  | 2022-12-02 11:32:41,109 [pool-22-thread-1] INFO server.RaftServerConfigKeys: raft.server.log.preallocated.size = 16384 (custom)
scm_1       | 2022-12-02 11:32:23,025 [main] INFO ha.SequenceIdGenerator: upgrade localId to 109611004723200000
datanode_3  | 2022-12-02 11:32:41,109 [pool-22-thread-1] INFO server.RaftServerConfigKeys: raft.server.log.force.sync.num = 128 (default)
scm_1       | 2022-12-02 11:32:23,033 [main] INFO ha.SequenceIdGenerator: upgrade delTxnId to 0
datanode_3  | 2022-12-02 11:32:41,148 [pool-22-thread-1] INFO server.RaftServerConfigKeys: raft.server.log.statemachine.data.sync = true (default)
scm_1       | 2022-12-02 11:32:23,035 [main] INFO ha.SequenceIdGenerator: upgrade containerId to 0
datanode_3  | 2022-12-02 11:32:41,148 [pool-22-thread-1] INFO server.RaftServerConfigKeys: raft.server.log.statemachine.data.sync.timeout = 10s (default)
scm_1       | 2022-12-02 11:32:23,037 [main] INFO ha.SequenceIdGenerator: Init the HA SequenceIdGenerator.
datanode_3  | 2022-12-02 11:32:41,148 [pool-22-thread-1] INFO server.RaftServerConfigKeys: raft.server.log.statemachine.data.sync.timeout.retry = -1 (default)
scm_1       | 2022-12-02 11:32:23,134 [main] INFO node.SCMNodeManager: Entering startup safe mode.
datanode_3  | 2022-12-02 11:32:41,147 [5fae0ee2-cbea-485d-a952-faa8cfde67bd@group-D81C89654AE4-LeaderElection1] INFO server.RaftServer$Division: 5fae0ee2-cbea-485d-a952-faa8cfde67bd@group-D81C89654AE4: change Leader from null to 5fae0ee2-cbea-485d-a952-faa8cfde67bd at term 1 for becomeLeader, leader elected after 5891ms
scm_1       | 2022-12-02 11:32:23,157 [main] INFO algorithms.ContainerPlacementPolicyFactory: Create container placement policy of type org.apache.hadoop.hdds.scm.container.placement.algorithms.SCMContainerPlacementRandom
datanode_3  | 2022-12-02 11:32:41,151 [pool-22-thread-1] INFO server.RaftServerConfigKeys: raft.server.log.write.buffer.size = 1048576 (custom)
scm_1       | 2022-12-02 11:32:23,159 [main] INFO algorithms.ContainerPlacementPolicyFactory: Create container placement policy of type org.apache.hadoop.hdds.scm.container.placement.algorithms.SCMContainerPlacementRackScatter
datanode_3  | 2022-12-02 11:32:41,155 [pool-22-thread-1] INFO server.RaftServerConfigKeys: raft.server.log.appender.buffer.byte-limit = 33554432 (custom)
scm_1       | 2022-12-02 11:32:23,167 [main] INFO pipeline.PipelineStateManagerImpl: No pipeline exists in current db
datanode_3  | 2022-12-02 11:32:41,556 [JvmPauseMonitor0] WARN util.JvmPauseMonitor: JvmPauseMonitor-5fae0ee2-cbea-485d-a952-faa8cfde67bd: Detected pause in JVM or host machine (eg GC): pause of approximately 144600282ns.
scm_1       | 2022-12-02 11:32:23,215 [main] INFO algorithms.LeaderChoosePolicyFactory: Create leader choose policy of type org.apache.hadoop.hdds.scm.pipeline.leader.choose.algorithms.MinLeaderCountChoosePolicy
datanode_3  | GC pool 'ParNew' had collection(s): count=1 time=382ms
scm_1       | 2022-12-02 11:32:23,216 [main] INFO algorithms.ContainerPlacementPolicyFactory: Create container placement policy of type org.apache.hadoop.hdds.scm.container.placement.algorithms.SCMContainerPlacementRackScatter
datanode_3  | 2022-12-02 11:32:41,556 [5fae0ee2-cbea-485d-a952-faa8cfde67bd@group-40930848C1BF-FollowerState] INFO impl.FollowerState: 5fae0ee2-cbea-485d-a952-faa8cfde67bd@group-40930848C1BF-FollowerState: change to CANDIDATE, lastRpcElapsedTime:5147274591ns, electionTimeout:5070ms
scm_1       | 2022-12-02 11:32:23,221 [main] INFO ha.SCMServiceManager: Registering service BackgroundPipelineCreator.
datanode_3  | 2022-12-02 11:32:41,609 [pool-22-thread-1] INFO server.RaftServerConfigKeys: raft.server.log.unsafe-flush.enabled = false (default)
scm_1       | 2022-12-02 11:32:23,221 [main] INFO pipeline.BackgroundPipelineCreator: Starting RatisPipelineUtilsThread.
datanode_3  | 2022-12-02 11:32:41,610 [pool-22-thread-1] INFO server.RaftServerConfigKeys: raft.server.log.async-flush.enabled = false (default)
datanode_3  | 2022-12-02 11:32:41,610 [pool-22-thread-1] INFO server.RaftServerConfigKeys: raft.server.log.statemachine.data.caching.enabled = true (custom)
scm_1       | 2022-12-02 11:32:23,223 [main] INFO BackgroundPipelineScrubber: Starting BackgroundPipelineScrubber Service.
datanode_3  | 2022-12-02 11:32:41,610 [5fae0ee2-cbea-485d-a952-faa8cfde67bd@group-40930848C1BF-FollowerState] INFO impl.RoleInfo: 5fae0ee2-cbea-485d-a952-faa8cfde67bd: shutdown 5fae0ee2-cbea-485d-a952-faa8cfde67bd@group-40930848C1BF-FollowerState
scm_1       | 2022-12-02 11:32:23,224 [main] INFO ha.SCMServiceManager: Registering service BackgroundPipelineScrubber.
datanode_3  | 2022-12-02 11:32:41,621 [5fae0ee2-cbea-485d-a952-faa8cfde67bd@group-40930848C1BF-FollowerState] INFO server.RaftServer$Division: 5fae0ee2-cbea-485d-a952-faa8cfde67bd@group-40930848C1BF: changes role from  FOLLOWER to CANDIDATE at term 0 for changeToCandidate
scm_1       | 2022-12-02 11:32:23,236 [main] INFO ExpiredContainerReplicaOpScrubber: Starting ExpiredContainerReplicaOpScrubber Service.
datanode_3  | 2022-12-02 11:32:41,621 [5fae0ee2-cbea-485d-a952-faa8cfde67bd@group-40930848C1BF-FollowerState] INFO server.RaftServerConfigKeys: raft.server.leaderelection.pre-vote = false (custom)
scm_1       | 2022-12-02 11:32:23,237 [main] INFO ha.SCMServiceManager: Registering service ExpiredContainerReplicaOpScrubber.
datanode_3  | 2022-12-02 11:32:41,621 [5fae0ee2-cbea-485d-a952-faa8cfde67bd@group-40930848C1BF-FollowerState] INFO impl.RoleInfo: 5fae0ee2-cbea-485d-a952-faa8cfde67bd: start 5fae0ee2-cbea-485d-a952-faa8cfde67bd@group-40930848C1BF-LeaderElection2
scm_1       | 2022-12-02 11:32:23,280 [main] INFO algorithms.PipelineChoosePolicyFactory: Create pipeline choose policy of type org.apache.hadoop.hdds.scm.pipeline.choose.algorithms.RandomPipelineChoosePolicy
datanode_3  | 2022-12-02 11:32:41,622 [pool-22-thread-1] INFO segmented.SegmentedRaftLogWorker: 5fae0ee2-cbea-485d-a952-faa8cfde67bd@group-67734FBD95AB-SegmentedRaftLogWorker: flushIndex: setUnconditionally 0 -> -1
scm_1       | 2022-12-02 11:32:23,321 [main] INFO ha.SCMServiceManager: Registering service SCMBlockDeletingService.
datanode_3  | 2022-12-02 11:32:41,622 [pool-22-thread-1] INFO segmented.SegmentedRaftLogWorker: 5fae0ee2-cbea-485d-a952-faa8cfde67bd@group-67734FBD95AB-SegmentedRaftLogWorker: safeCacheEvictIndex: setUnconditionally 0 -> -1
scm_1       | 2022-12-02 11:32:23,358 [main] INFO replication.ReplicationManager: Starting Replication Monitor Thread.
datanode_3  | 2022-12-02 11:32:41,639 [5fae0ee2-cbea-485d-a952-faa8cfde67bd@group-D81C89654AE4-LeaderElection1] INFO server.RaftServerConfigKeys: raft.server.staging.catchup.gap = 1000 (default)
datanode_3  | 2022-12-02 11:32:41,719 [pool-22-thread-1] INFO server.RaftServer$Division: 5fae0ee2-cbea-485d-a952-faa8cfde67bd@group-67734FBD95AB: start as a follower, conf=-1: peers:[9c5f0a8a-f603-4702-9e6d-5675eb5560a2|rpc:172.19.0.7:9856|admin:172.19.0.7:9857|client:172.19.0.7:9858|priority:1|startupRole:FOLLOWER, 5fae0ee2-cbea-485d-a952-faa8cfde67bd|rpc:172.19.0.6:9856|admin:172.19.0.6:9857|client:172.19.0.6:9858|priority:0|startupRole:FOLLOWER, af4b7971-852a-41f9-ba07-7d81ddf2ff31|rpc:172.19.0.4:9856|admin:172.19.0.4:9857|client:172.19.0.4:9858|priority:0|startupRole:FOLLOWER]|listeners:[], old=null
scm_1       | 2022-12-02 11:32:23,379 [main] INFO ha.SCMServiceManager: Registering service ReplicationManager.
datanode_3  | 2022-12-02 11:32:41,720 [pool-22-thread-1] INFO server.RaftServer$Division: 5fae0ee2-cbea-485d-a952-faa8cfde67bd@group-67734FBD95AB: changes role from      null to FOLLOWER at term 0 for startAsFollower
scm_1       | 2022-12-02 11:32:23,386 [ReplicationMonitor] INFO replication.ReplicationManager: Replication Manager is not ready to run until 300000ms after safemode exit
datanode_3  | 2022-12-02 11:32:41,731 [pool-22-thread-1] INFO impl.RoleInfo: 5fae0ee2-cbea-485d-a952-faa8cfde67bd: start 5fae0ee2-cbea-485d-a952-faa8cfde67bd@group-67734FBD95AB-FollowerState
scm_1       | 2022-12-02 11:32:23,397 [main] INFO safemode.ContainerSafeModeRule: containers with one replica threshold count 0
datanode_3  | 2022-12-02 11:32:41,735 [pool-22-thread-1] INFO util.JmxRegister: Successfully registered JMX Bean with object name Ratis:service=RaftServer,group=group-67734FBD95AB,id=5fae0ee2-cbea-485d-a952-faa8cfde67bd
scm_1       | 2022-12-02 11:32:23,405 [main] INFO safemode.HealthyPipelineSafeModeRule: Total pipeline count is 0, healthy pipeline threshold count is 1
scm_1       | 2022-12-02 11:32:23,408 [main] INFO safemode.OneReplicaPipelineSafeModeRule: Total pipeline count is 0, pipeline's with at least one datanode reported threshold count is 0
datanode_3  | 2022-12-02 11:32:41,750 [pool-22-thread-1] INFO server.RaftServerConfigKeys: raft.server.snapshot.auto.trigger.enabled = true (custom)
scm_1       | 2022-12-02 11:32:24,181 [main] INFO audit.AuditLogger: Refresh DebugCmdSet for SCMAudit to [].
datanode_3  | 2022-12-02 11:32:41,751 [pool-22-thread-1] INFO server.RaftServerConfigKeys: raft.server.snapshot.auto.trigger.threshold = 10000 (custom)
scm_1       | 2022-12-02 11:32:24,211 [main] INFO ipc.CallQueueManager: Using callQueue: class java.util.concurrent.LinkedBlockingQueue, queueCapacity: 10000, scheduler: class org.apache.hadoop.ipc.DefaultRpcScheduler, ipcBackoff: false.
datanode_3  | 2022-12-02 11:32:41,751 [pool-22-thread-1] INFO server.RaftServerConfigKeys: raft.server.snapshot.retention.file.num = 5 (custom)
scm_1       | 2022-12-02 11:32:24,249 [Socket Reader #1 for port 9861] INFO ipc.Server: Starting Socket Reader #1 for port 9861
datanode_3  | 2022-12-02 11:32:41,751 [pool-22-thread-1] INFO server.RaftServerConfigKeys: raft.server.log.purge.upto.snapshot.index = false (default)
scm_1       | 2022-12-02 11:32:24,393 [Listener at 0.0.0.0/9861] INFO audit.AuditLogger: Refresh DebugCmdSet for SCMAudit to [].
datanode_3  | 2022-12-02 11:32:41,753 [Command processor thread] INFO ratis.XceiverServerRatis: Created group PipelineID=08cd276a-1dcd-4494-9d8a-67734fbd95ab
scm_1       | 2022-12-02 11:32:24,399 [Listener at 0.0.0.0/9861] INFO ipc.CallQueueManager: Using callQueue: class java.util.concurrent.LinkedBlockingQueue, queueCapacity: 10000, scheduler: class org.apache.hadoop.ipc.DefaultRpcScheduler, ipcBackoff: false.
datanode_3  | 2022-12-02 11:32:41,776 [5fae0ee2-cbea-485d-a952-faa8cfde67bd@group-D81C89654AE4-LeaderElection1] INFO server.RaftServerConfigKeys: raft.server.write.element-limit = 1024 (custom)
datanode_3  | 2022-12-02 11:32:41,796 [5fae0ee2-cbea-485d-a952-faa8cfde67bd@group-D81C89654AE4-LeaderElection1] INFO server.RaftServerConfigKeys: raft.server.write.byte-limit = 1024 M (=1073741824) (custom)
scm_1       | 2022-12-02 11:32:24,408 [Socket Reader #1 for port 9863] INFO ipc.Server: Starting Socket Reader #1 for port 9863
datanode_3  | 2022-12-02 11:32:41,766 [5fae0ee2-cbea-485d-a952-faa8cfde67bd@group-67734FBD95AB-FollowerState] INFO server.RaftServerConfigKeys: raft.server.rpc.first-election.timeout.min = 5s (fallback to raft.server.rpc.timeout.min)
scm_1       | 2022-12-02 11:32:24,474 [Listener at 0.0.0.0/9863] INFO audit.AuditLogger: Refresh DebugCmdSet for SCMAudit to [].
datanode_3  | 2022-12-02 11:32:41,811 [5fae0ee2-cbea-485d-a952-faa8cfde67bd@group-67734FBD95AB-FollowerState] INFO server.RaftServerConfigKeys: raft.server.rpc.first-election.timeout.max = 5200ms (fallback to raft.server.rpc.timeout.max)
scm_1       | 2022-12-02 11:32:24,487 [Listener at 0.0.0.0/9863] INFO ipc.CallQueueManager: Using callQueue: class java.util.concurrent.LinkedBlockingQueue, queueCapacity: 10000, scheduler: class org.apache.hadoop.ipc.DefaultRpcScheduler, ipcBackoff: false.
datanode_3  | 2022-12-02 11:32:41,811 [5fae0ee2-cbea-485d-a952-faa8cfde67bd@group-40930848C1BF-LeaderElection2] INFO impl.LeaderElection: 5fae0ee2-cbea-485d-a952-faa8cfde67bd@group-40930848C1BF-LeaderElection2 ELECTION round 0: submit vote requests at term 1 for -1: peers:[9c5f0a8a-f603-4702-9e6d-5675eb5560a2|rpc:172.19.0.7:9856|admin:172.19.0.7:9857|client:172.19.0.7:9858|priority:0|startupRole:FOLLOWER, 5fae0ee2-cbea-485d-a952-faa8cfde67bd|rpc:172.19.0.6:9856|admin:172.19.0.6:9857|client:172.19.0.6:9858|priority:1|startupRole:FOLLOWER, af4b7971-852a-41f9-ba07-7d81ddf2ff31|rpc:172.19.0.4:9856|admin:172.19.0.4:9857|client:172.19.0.4:9858|priority:0|startupRole:FOLLOWER]|listeners:[], old=null
scm_1       | 2022-12-02 11:32:24,488 [Socket Reader #1 for port 9860] INFO ipc.Server: Starting Socket Reader #1 for port 9860
datanode_3  | 2022-12-02 11:32:41,845 [5fae0ee2-cbea-485d-a952-faa8cfde67bd@group-40930848C1BF-LeaderElection2] INFO server.RaftServerConfigKeys: raft.server.rpc.first-election.timeout.min = 5s (fallback to raft.server.rpc.timeout.min)
scm_1       | 2022-12-02 11:32:24,590 [Listener at 0.0.0.0/9860] INFO ha.SCMServiceManager: Registering service ContainerBalancer.
datanode_3  | 2022-12-02 11:32:41,847 [5fae0ee2-cbea-485d-a952-faa8cfde67bd@group-40930848C1BF-LeaderElection2] INFO server.RaftServerConfigKeys: raft.server.rpc.first-election.timeout.max = 5200ms (fallback to raft.server.rpc.timeout.max)
datanode_3  | 2022-12-02 11:32:41,865 [5fae0ee2-cbea-485d-a952-faa8cfde67bd@group-40930848C1BF-LeaderElection2-1] INFO server.GrpcServerProtocolClient: Build channel for 9c5f0a8a-f603-4702-9e6d-5675eb5560a2
datanode_3  | 2022-12-02 11:32:41,922 [5fae0ee2-cbea-485d-a952-faa8cfde67bd@group-D81C89654AE4-LeaderElection1] INFO server.RaftServerConfigKeys: raft.server.watch.timeout = 180s (custom)
datanode_3  | 2022-12-02 11:32:41,922 [5fae0ee2-cbea-485d-a952-faa8cfde67bd@group-D81C89654AE4-LeaderElection1] INFO server.RaftServerConfigKeys: raft.server.watch.timeout.denomination = 1s (default)
scm_1       | 2022-12-02 11:32:24,591 [Listener at 0.0.0.0/9860] INFO server.StorageContainerManager: 
datanode_3  | 2022-12-02 11:32:41,918 [5fae0ee2-cbea-485d-a952-faa8cfde67bd@group-40930848C1BF-LeaderElection2-2] INFO server.GrpcServerProtocolClient: Build channel for af4b7971-852a-41f9-ba07-7d81ddf2ff31
datanode_3  | 2022-12-02 11:32:41,971 [5fae0ee2-cbea-485d-a952-faa8cfde67bd@group-D81C89654AE4-LeaderElection1] INFO server.RaftServerConfigKeys: raft.server.watch.element-limit = 65536 (default)
scm_1       | Container Balancer status:
datanode_3  | 2022-12-02 11:32:42,121 [5fae0ee2-cbea-485d-a952-faa8cfde67bd@group-D81C89654AE4-LeaderElection1] INFO server.RaftServerConfigKeys: raft.server.write.element-limit = 1024 (custom)
datanode_3  | 2022-12-02 11:32:42,148 [5fae0ee2-cbea-485d-a952-faa8cfde67bd@group-D81C89654AE4-LeaderElection1] INFO server.RaftServerConfigKeys: raft.server.write.follower.gap.ratio.max = -1.0 (default)
scm_1       | Key                            Value
datanode_3  | 2022-12-02 11:32:42,192 [5fae0ee2-cbea-485d-a952-faa8cfde67bd@group-D81C89654AE4-LeaderElection1] INFO impl.RoleInfo: 5fae0ee2-cbea-485d-a952-faa8cfde67bd: start 5fae0ee2-cbea-485d-a952-faa8cfde67bd@group-D81C89654AE4-LeaderStateImpl
scm_1       | Running                        true
scm_1       | Container Balancer Configuration values:
scm_1       | Key                                                Value
scm_1       | Threshold                                          10
datanode_3  | 2022-12-02 11:32:42,354 [5fae0ee2-cbea-485d-a952-faa8cfde67bd@group-D81C89654AE4-LeaderElection1] INFO segmented.SegmentedRaftLogWorker: 5fae0ee2-cbea-485d-a952-faa8cfde67bd@group-D81C89654AE4-SegmentedRaftLogWorker: Starting segment from index:0
datanode_3  | 2022-12-02 11:32:42,515 [Command processor thread] INFO commandhandler.CreatePipelineCommandHandler: Created Pipeline RATIS THREE PipelineID=08cd276a-1dcd-4494-9d8a-67734fbd95ab.
datanode_3  | 2022-12-02 11:32:42,522 [5fae0ee2-cbea-485d-a952-faa8cfde67bd@group-40930848C1BF-LeaderElection2] INFO impl.LeaderElection: 5fae0ee2-cbea-485d-a952-faa8cfde67bd@group-40930848C1BF-LeaderElection2: ELECTION PASSED received 1 response(s) and 0 exception(s):
datanode_3  | 2022-12-02 11:32:42,528 [5fae0ee2-cbea-485d-a952-faa8cfde67bd@group-40930848C1BF-LeaderElection2] INFO impl.LeaderElection:   Response 0: 5fae0ee2-cbea-485d-a952-faa8cfde67bd<-9c5f0a8a-f603-4702-9e6d-5675eb5560a2#0:OK-t1
scm_1       | Max Datanodes to Involve per Iteration(percent)    20
scm_1       | Max Size to Move per Iteration                     500GB
datanode_3  | 2022-12-02 11:32:42,528 [5fae0ee2-cbea-485d-a952-faa8cfde67bd@group-40930848C1BF-LeaderElection2] INFO impl.LeaderElection: 5fae0ee2-cbea-485d-a952-faa8cfde67bd@group-40930848C1BF-LeaderElection2 ELECTION round 0: result PASSED
datanode_3  | 2022-12-02 11:32:42,528 [5fae0ee2-cbea-485d-a952-faa8cfde67bd@group-40930848C1BF-LeaderElection2] INFO impl.RoleInfo: 5fae0ee2-cbea-485d-a952-faa8cfde67bd: shutdown 5fae0ee2-cbea-485d-a952-faa8cfde67bd@group-40930848C1BF-LeaderElection2
datanode_3  | 2022-12-02 11:32:42,530 [5fae0ee2-cbea-485d-a952-faa8cfde67bd@group-40930848C1BF-LeaderElection2] INFO server.RaftServer$Division: 5fae0ee2-cbea-485d-a952-faa8cfde67bd@group-40930848C1BF: changes role from CANDIDATE to LEADER at term 1 for changeToLeader
datanode_3  | 2022-12-02 11:32:42,531 [5fae0ee2-cbea-485d-a952-faa8cfde67bd@group-40930848C1BF-LeaderElection2] INFO ratis.XceiverServerRatis: Leader change notification received for group: group-40930848C1BF with new leaderId: 5fae0ee2-cbea-485d-a952-faa8cfde67bd
scm_1       | Max Size Entering Target per Iteration             26GB
scm_1       | Max Size Leaving Source per Iteration              26GB
scm_1       | 
scm_1       | 2022-12-02 11:32:24,591 [Listener at 0.0.0.0/9860] INFO ha.SCMContext: Update SafeModeStatus from SafeModeStatus{safeModeStatus=true, preCheckPassed=false} to SafeModeStatus{safeModeStatus=true, preCheckPassed=false}.
scm_1       | 2022-12-02 11:32:24,595 [Listener at 0.0.0.0/9860] INFO server.StorageContainerManager: StorageContainerLocationProtocol RPC server is listening at /0.0.0.0:9860
datanode_3  | 2022-12-02 11:32:42,531 [5fae0ee2-cbea-485d-a952-faa8cfde67bd@group-40930848C1BF-LeaderElection2] INFO server.RaftServer$Division: 5fae0ee2-cbea-485d-a952-faa8cfde67bd@group-40930848C1BF: change Leader from null to 5fae0ee2-cbea-485d-a952-faa8cfde67bd at term 1 for becomeLeader, leader elected after 6624ms
scm_1       | 2022-12-02 11:32:24,598 [Listener at 0.0.0.0/9860] INFO ha.SCMRatisServerImpl: starting ratis server 0.0.0.0:9894
datanode_3  | 2022-12-02 11:32:42,531 [5fae0ee2-cbea-485d-a952-faa8cfde67bd@group-40930848C1BF-LeaderElection2] INFO server.RaftServerConfigKeys: raft.server.staging.catchup.gap = 1000 (default)
scm_1       | 2022-12-02 11:32:24,606 [0fd608c2-238f-4b1b-9dd3-b8e658da27d3-impl-thread1] INFO storage.RaftStorageDirectory: Lock on /data/metadata/scm-ha/bf67160f-03ba-41ee-a1d1-45589cdd5bd6/in_use.lock acquired by nodename 7@a1bbf6bc4fbb
datanode_3  | 2022-12-02 11:32:42,532 [5fae0ee2-cbea-485d-a952-faa8cfde67bd@group-40930848C1BF-LeaderElection2] INFO server.RaftServerConfigKeys: raft.server.write.element-limit = 1024 (custom)
scm_1       | 2022-12-02 11:32:24,612 [0fd608c2-238f-4b1b-9dd3-b8e658da27d3-impl-thread1] INFO storage.RaftStorage: Read RaftStorageMetadata{term=1, votedFor=0fd608c2-238f-4b1b-9dd3-b8e658da27d3} from /data/metadata/scm-ha/bf67160f-03ba-41ee-a1d1-45589cdd5bd6/current/raft-meta
datanode_3  | 2022-12-02 11:32:42,535 [5fae0ee2-cbea-485d-a952-faa8cfde67bd@group-40930848C1BF-LeaderElection2] INFO server.RaftServerConfigKeys: raft.server.write.byte-limit = 1024 M (=1073741824) (custom)
datanode_3  | 2022-12-02 11:32:42,536 [5fae0ee2-cbea-485d-a952-faa8cfde67bd@group-40930848C1BF-LeaderElection2] INFO server.RaftServerConfigKeys: raft.server.watch.timeout = 180s (custom)
datanode_3  | 2022-12-02 11:32:42,536 [5fae0ee2-cbea-485d-a952-faa8cfde67bd@group-40930848C1BF-LeaderElection2] INFO server.RaftServerConfigKeys: raft.server.watch.timeout.denomination = 1s (default)
datanode_3  | 2022-12-02 11:32:42,539 [5fae0ee2-cbea-485d-a952-faa8cfde67bd@group-40930848C1BF-LeaderElection2] INFO server.RaftServerConfigKeys: raft.server.watch.element-limit = 65536 (default)
datanode_3  | 2022-12-02 11:32:42,539 [5fae0ee2-cbea-485d-a952-faa8cfde67bd@group-40930848C1BF-LeaderElection2] INFO server.RaftServerConfigKeys: raft.server.write.element-limit = 1024 (custom)
scm_1       | 2022-12-02 11:32:24,705 [0fd608c2-238f-4b1b-9dd3-b8e658da27d3-impl-thread1] INFO server.RaftServer$Division: 0fd608c2-238f-4b1b-9dd3-b8e658da27d3@group-45589CDD5BD6: set configuration 0: peers:[0fd608c2-238f-4b1b-9dd3-b8e658da27d3|rpc:a1bbf6bc4fbb:9894|admin:|client:|dataStream:|priority:0|startupRole:FOLLOWER]|listeners:[], old=null
datanode_3  | 2022-12-02 11:32:42,540 [5fae0ee2-cbea-485d-a952-faa8cfde67bd@group-40930848C1BF-LeaderElection2] INFO server.RaftServerConfigKeys: raft.server.write.follower.gap.ratio.max = -1.0 (default)
scm_1       | 2022-12-02 11:32:24,712 [0fd608c2-238f-4b1b-9dd3-b8e658da27d3-impl-thread1] INFO server.RaftServerConfigKeys: raft.server.log.use.memory = false (default)
datanode_3  | 2022-12-02 11:32:42,711 [5fae0ee2-cbea-485d-a952-faa8cfde67bd@group-D81C89654AE4-LeaderElection1] INFO server.RaftServer$Division: 5fae0ee2-cbea-485d-a952-faa8cfde67bd@group-D81C89654AE4: set configuration 0: peers:[5fae0ee2-cbea-485d-a952-faa8cfde67bd|rpc:172.19.0.6:9856|admin:172.19.0.6:9857|client:172.19.0.6:9858|dataStream:|priority:1|startupRole:FOLLOWER]|listeners:[], old=null
datanode_3  | 2022-12-02 11:32:42,720 [5fae0ee2-cbea-485d-a952-faa8cfde67bd@group-40930848C1BF-LeaderElection2] INFO server.RaftServerConfigKeys: raft.server.log.appender.snapshot.chunk.size.max = 16MB (=16777216) (default)
scm_1       | 2022-12-02 11:32:24,729 [0fd608c2-238f-4b1b-9dd3-b8e658da27d3-impl-thread1] INFO server.RaftServerConfigKeys: raft.server.log.purge.gap = 1000000 (custom)
scm_1       | 2022-12-02 11:32:24,729 [0fd608c2-238f-4b1b-9dd3-b8e658da27d3-impl-thread1] INFO server.RaftServerConfigKeys: raft.server.log.appender.buffer.byte-limit = 33554432 (custom)
scm_1       | 2022-12-02 11:32:24,732 [0fd608c2-238f-4b1b-9dd3-b8e658da27d3-impl-thread1] INFO server.RaftServerConfigKeys: raft.server.log.statemachine.data.read.timeout = 1000ms (default)
scm_1       | 2022-12-02 11:32:24,732 [0fd608c2-238f-4b1b-9dd3-b8e658da27d3-impl-thread1] INFO server.RaftServerConfigKeys: raft.server.log.purge.preservation.log.num = 0 (default)
scm_1       | 2022-12-02 11:32:24,737 [0fd608c2-238f-4b1b-9dd3-b8e658da27d3-impl-thread1] INFO server.RaftServerConfigKeys: raft.server.log.segment.size.max = 4194304 (custom)
scm_1       | 2022-12-02 11:32:24,746 [0fd608c2-238f-4b1b-9dd3-b8e658da27d3-impl-thread1] INFO server.RaftServerConfigKeys: raft.server.log.segment.cache.num.max = 2 (custom)
datanode_3  | 2022-12-02 11:32:42,721 [5fae0ee2-cbea-485d-a952-faa8cfde67bd@group-40930848C1BF-LeaderElection2] INFO server.RaftServerConfigKeys: raft.server.log.appender.buffer.byte-limit = 33554432 (custom)
datanode_3  | 2022-12-02 11:32:42,721 [5fae0ee2-cbea-485d-a952-faa8cfde67bd@group-40930848C1BF-LeaderElection2] INFO server.RaftServerConfigKeys: raft.server.log.appender.buffer.element-limit = 1 (custom)
datanode_3  | 2022-12-02 11:32:42,736 [5fae0ee2-cbea-485d-a952-faa8cfde67bd@group-40930848C1BF-LeaderElection2] INFO grpc.GrpcConfigKeys: raft.grpc.server.leader.outstanding.appends.max = 128 (default)
scm_1       | 2022-12-02 11:32:24,747 [0fd608c2-238f-4b1b-9dd3-b8e658da27d3-impl-thread1] INFO server.RaftServerConfigKeys: raft.server.log.segment.cache.size.max = 200MB (=209715200) (default)
datanode_3  | 2022-12-02 11:32:42,775 [5fae0ee2-cbea-485d-a952-faa8cfde67bd@group-40930848C1BF-LeaderElection2] INFO server.RaftServerConfigKeys: raft.server.rpc.request.timeout = 60s (custom)
datanode_3  | 2022-12-02 11:32:42,775 [5fae0ee2-cbea-485d-a952-faa8cfde67bd@group-40930848C1BF-LeaderElection2] INFO server.RaftServerConfigKeys: raft.server.log.appender.install.snapshot.enabled = false (custom)
scm_1       | 2022-12-02 11:32:24,753 [0fd608c2-238f-4b1b-9dd3-b8e658da27d3-impl-thread1] INFO segmented.SegmentedRaftLogWorker: new 0fd608c2-238f-4b1b-9dd3-b8e658da27d3@group-45589CDD5BD6-SegmentedRaftLogWorker for RaftStorageImpl:Storage Directory /data/metadata/scm-ha/bf67160f-03ba-41ee-a1d1-45589cdd5bd6
scm_1       | 2022-12-02 11:32:24,753 [0fd608c2-238f-4b1b-9dd3-b8e658da27d3-impl-thread1] INFO server.RaftServerConfigKeys: raft.server.log.queue.byte-limit = 64MB (=67108864) (default)
scm_1       | 2022-12-02 11:32:24,755 [0fd608c2-238f-4b1b-9dd3-b8e658da27d3-impl-thread1] INFO server.RaftServerConfigKeys: raft.server.log.queue.element-limit = 4096 (default)
scm_1       | 2022-12-02 11:32:24,757 [0fd608c2-238f-4b1b-9dd3-b8e658da27d3-impl-thread1] INFO server.RaftServerConfigKeys: raft.server.log.segment.size.max = 4194304 (custom)
scm_1       | 2022-12-02 11:32:24,757 [0fd608c2-238f-4b1b-9dd3-b8e658da27d3-impl-thread1] INFO server.RaftServerConfigKeys: raft.server.log.preallocated.size = 4194304 (custom)
scm_1       | 2022-12-02 11:32:24,765 [0fd608c2-238f-4b1b-9dd3-b8e658da27d3-impl-thread1] INFO server.RaftServerConfigKeys: raft.server.log.force.sync.num = 128 (default)
scm_1       | 2022-12-02 11:32:24,767 [0fd608c2-238f-4b1b-9dd3-b8e658da27d3-impl-thread1] INFO server.RaftServerConfigKeys: raft.server.log.statemachine.data.sync = true (default)
scm_1       | 2022-12-02 11:32:24,767 [0fd608c2-238f-4b1b-9dd3-b8e658da27d3-impl-thread1] INFO server.RaftServerConfigKeys: raft.server.log.statemachine.data.sync.timeout = 10s (default)
datanode_3  | 2022-12-02 11:32:42,779 [5fae0ee2-cbea-485d-a952-faa8cfde67bd@group-40930848C1BF-LeaderElection2] INFO grpc.GrpcConfigKeys: raft.grpc.server.heartbeat.channel = true (default)
datanode_3  | 2022-12-02 11:32:42,779 [5fae0ee2-cbea-485d-a952-faa8cfde67bd@group-40930848C1BF-LeaderElection2] INFO server.RaftServerConfigKeys: raft.server.log.appender.wait-time.min = 10ms (default)
datanode_3  | 2022-12-02 11:32:42,822 [5fae0ee2-cbea-485d-a952-faa8cfde67bd@group-40930848C1BF-LeaderElection2] INFO server.RaftServerConfigKeys: raft.server.log.appender.snapshot.chunk.size.max = 16MB (=16777216) (default)
datanode_3  | 2022-12-02 11:32:42,828 [5fae0ee2-cbea-485d-a952-faa8cfde67bd@group-40930848C1BF-LeaderElection2] INFO server.RaftServerConfigKeys: raft.server.log.appender.buffer.byte-limit = 33554432 (custom)
datanode_3  | 2022-12-02 11:32:42,828 [5fae0ee2-cbea-485d-a952-faa8cfde67bd@group-40930848C1BF-LeaderElection2] INFO server.RaftServerConfigKeys: raft.server.log.appender.buffer.element-limit = 1 (custom)
datanode_3  | 2022-12-02 11:32:42,828 [5fae0ee2-cbea-485d-a952-faa8cfde67bd@group-40930848C1BF-LeaderElection2] INFO grpc.GrpcConfigKeys: raft.grpc.server.leader.outstanding.appends.max = 128 (default)
scm_1       | 2022-12-02 11:32:24,768 [0fd608c2-238f-4b1b-9dd3-b8e658da27d3-impl-thread1] INFO server.RaftServerConfigKeys: raft.server.log.statemachine.data.sync.timeout.retry = -1 (default)
scm_1       | 2022-12-02 11:32:24,791 [0fd608c2-238f-4b1b-9dd3-b8e658da27d3-impl-thread1] INFO server.RaftServerConfigKeys: raft.server.log.write.buffer.size = 64KB (=65536) (default)
scm_1       | 2022-12-02 11:32:24,792 [0fd608c2-238f-4b1b-9dd3-b8e658da27d3-impl-thread1] INFO server.RaftServerConfigKeys: raft.server.log.appender.buffer.byte-limit = 33554432 (custom)
scm_1       | 2022-12-02 11:32:24,989 [0fd608c2-238f-4b1b-9dd3-b8e658da27d3-impl-thread1] INFO server.RaftServerConfigKeys: raft.server.log.unsafe-flush.enabled = false (default)
scm_1       | 2022-12-02 11:32:24,989 [0fd608c2-238f-4b1b-9dd3-b8e658da27d3-impl-thread1] INFO server.RaftServerConfigKeys: raft.server.log.async-flush.enabled = false (default)
scm_1       | 2022-12-02 11:32:24,990 [0fd608c2-238f-4b1b-9dd3-b8e658da27d3-impl-thread1] INFO server.RaftServerConfigKeys: raft.server.log.statemachine.data.caching.enabled = false (default)
scm_1       | 2022-12-02 11:32:25,014 [0fd608c2-238f-4b1b-9dd3-b8e658da27d3-impl-thread1] INFO server.RaftServer$Division: 0fd608c2-238f-4b1b-9dd3-b8e658da27d3@group-45589CDD5BD6: set configuration 0: peers:[0fd608c2-238f-4b1b-9dd3-b8e658da27d3|rpc:a1bbf6bc4fbb:9894|admin:|client:|dataStream:|priority:0|startupRole:FOLLOWER]|listeners:[], old=null
scm_1       | 2022-12-02 11:32:25,015 [0fd608c2-238f-4b1b-9dd3-b8e658da27d3-impl-thread1] INFO segmented.LogSegment: Successfully read 1 entries from segment file /data/metadata/scm-ha/bf67160f-03ba-41ee-a1d1-45589cdd5bd6/current/log_inprogress_0
datanode_3  | 2022-12-02 11:32:42,829 [5fae0ee2-cbea-485d-a952-faa8cfde67bd@group-40930848C1BF-LeaderElection2] INFO server.RaftServerConfigKeys: raft.server.rpc.request.timeout = 60s (custom)
scm_1       | 2022-12-02 11:32:25,018 [0fd608c2-238f-4b1b-9dd3-b8e658da27d3-impl-thread1] INFO segmented.SegmentedRaftLogWorker: 0fd608c2-238f-4b1b-9dd3-b8e658da27d3@group-45589CDD5BD6-SegmentedRaftLogWorker: flushIndex: setUnconditionally 0 -> 0
datanode_3  | 2022-12-02 11:32:42,833 [5fae0ee2-cbea-485d-a952-faa8cfde67bd@group-40930848C1BF-LeaderElection2] INFO server.RaftServerConfigKeys: raft.server.log.appender.install.snapshot.enabled = false (custom)
datanode_3  | 2022-12-02 11:32:42,838 [5fae0ee2-cbea-485d-a952-faa8cfde67bd@group-40930848C1BF-LeaderElection2] INFO grpc.GrpcConfigKeys: raft.grpc.server.heartbeat.channel = true (default)
scm_1       | 2022-12-02 11:32:25,018 [0fd608c2-238f-4b1b-9dd3-b8e658da27d3-impl-thread1] INFO segmented.SegmentedRaftLogWorker: 0fd608c2-238f-4b1b-9dd3-b8e658da27d3@group-45589CDD5BD6-SegmentedRaftLogWorker: safeCacheEvictIndex: setUnconditionally 0 -> -1
datanode_3  | 2022-12-02 11:32:42,838 [5fae0ee2-cbea-485d-a952-faa8cfde67bd@group-40930848C1BF-LeaderElection2] INFO server.RaftServerConfigKeys: raft.server.log.appender.wait-time.min = 10ms (default)
scm_1       | 2022-12-02 11:32:25,115 [0fd608c2-238f-4b1b-9dd3-b8e658da27d3-impl-thread1] INFO server.RaftServer$Division: 0fd608c2-238f-4b1b-9dd3-b8e658da27d3@group-45589CDD5BD6: start as a follower, conf=0: peers:[0fd608c2-238f-4b1b-9dd3-b8e658da27d3|rpc:a1bbf6bc4fbb:9894|admin:|client:|dataStream:|priority:0|startupRole:FOLLOWER]|listeners:[], old=null
datanode_3  | 2022-12-02 11:32:42,839 [5fae0ee2-cbea-485d-a952-faa8cfde67bd@group-40930848C1BF-LeaderElection2] INFO impl.RoleInfo: 5fae0ee2-cbea-485d-a952-faa8cfde67bd: start 5fae0ee2-cbea-485d-a952-faa8cfde67bd@group-40930848C1BF-LeaderStateImpl
datanode_3  | 2022-12-02 11:32:42,848 [5fae0ee2-cbea-485d-a952-faa8cfde67bd@group-40930848C1BF-LeaderElection2] INFO segmented.SegmentedRaftLogWorker: 5fae0ee2-cbea-485d-a952-faa8cfde67bd@group-40930848C1BF-SegmentedRaftLogWorker: Starting segment from index:0
scm_1       | 2022-12-02 11:32:25,116 [0fd608c2-238f-4b1b-9dd3-b8e658da27d3-impl-thread1] INFO server.RaftServer$Division: 0fd608c2-238f-4b1b-9dd3-b8e658da27d3@group-45589CDD5BD6: changes role from      null to FOLLOWER at term 1 for startAsFollower
datanode_3  | 2022-12-02 11:32:42,936 [5fae0ee2-cbea-485d-a952-faa8cfde67bd@group-40930848C1BF-LeaderElection2] INFO server.RaftServer$Division: 5fae0ee2-cbea-485d-a952-faa8cfde67bd@group-40930848C1BF: set configuration 0: peers:[9c5f0a8a-f603-4702-9e6d-5675eb5560a2|rpc:172.19.0.7:9856|admin:172.19.0.7:9857|client:172.19.0.7:9858|dataStream:|priority:0|startupRole:FOLLOWER, 5fae0ee2-cbea-485d-a952-faa8cfde67bd|rpc:172.19.0.6:9856|admin:172.19.0.6:9857|client:172.19.0.6:9858|dataStream:|priority:1|startupRole:FOLLOWER, af4b7971-852a-41f9-ba07-7d81ddf2ff31|rpc:172.19.0.4:9856|admin:172.19.0.4:9857|client:172.19.0.4:9858|dataStream:|priority:0|startupRole:FOLLOWER]|listeners:[], old=null
scm_1       | 2022-12-02 11:32:25,118 [0fd608c2-238f-4b1b-9dd3-b8e658da27d3-impl-thread1] INFO impl.RoleInfo: 0fd608c2-238f-4b1b-9dd3-b8e658da27d3: start 0fd608c2-238f-4b1b-9dd3-b8e658da27d3@group-45589CDD5BD6-FollowerState
datanode_3  | 2022-12-02 11:32:43,491 [5fae0ee2-cbea-485d-a952-faa8cfde67bd@group-D81C89654AE4-SegmentedRaftLogWorker] INFO segmented.SegmentedRaftLogWorker: 5fae0ee2-cbea-485d-a952-faa8cfde67bd@group-D81C89654AE4-SegmentedRaftLogWorker: created new log segment /data/metadata/ratis/5912c9ae-8ed9-44a5-92bb-d81c89654ae4/current/log_inprogress_0
datanode_3  | 2022-12-02 11:32:43,521 [5fae0ee2-cbea-485d-a952-faa8cfde67bd@group-40930848C1BF-SegmentedRaftLogWorker] INFO segmented.SegmentedRaftLogWorker: 5fae0ee2-cbea-485d-a952-faa8cfde67bd@group-40930848C1BF-SegmentedRaftLogWorker: created new log segment /data/metadata/ratis/6f89eb26-4f15-4db8-8ac2-40930848c1bf/current/log_inprogress_0
datanode_3  | 2022-12-02 11:32:46,842 [grpc-default-executor-3] INFO server.RaftServer$Division: 5fae0ee2-cbea-485d-a952-faa8cfde67bd@group-67734FBD95AB: receive requestVote(ELECTION, 9c5f0a8a-f603-4702-9e6d-5675eb5560a2, group-67734FBD95AB, 1, (t:0, i:0))
scm_1       | 2022-12-02 11:32:25,124 [0fd608c2-238f-4b1b-9dd3-b8e658da27d3-impl-thread1] INFO util.JmxRegister: Successfully registered JMX Bean with object name Ratis:service=RaftServer,group=group-45589CDD5BD6,id=0fd608c2-238f-4b1b-9dd3-b8e658da27d3
datanode_3  | 2022-12-02 11:32:46,854 [grpc-default-executor-3] INFO impl.VoteContext: 5fae0ee2-cbea-485d-a952-faa8cfde67bd@group-67734FBD95AB-FOLLOWER: accept ELECTION from 9c5f0a8a-f603-4702-9e6d-5675eb5560a2: our priority 0 <= candidate's priority 1
datanode_3  | 2022-12-02 11:32:46,855 [grpc-default-executor-3] INFO server.RaftServer$Division: 5fae0ee2-cbea-485d-a952-faa8cfde67bd@group-67734FBD95AB: changes role from  FOLLOWER to FOLLOWER at term 1 for candidate:9c5f0a8a-f603-4702-9e6d-5675eb5560a2
scm_1       | 2022-12-02 11:32:25,126 [0fd608c2-238f-4b1b-9dd3-b8e658da27d3-impl-thread1] INFO server.RaftServerConfigKeys: raft.server.snapshot.auto.trigger.enabled = true (custom)
datanode_3  | 2022-12-02 11:32:46,867 [grpc-default-executor-3] INFO impl.RoleInfo: 5fae0ee2-cbea-485d-a952-faa8cfde67bd: shutdown 5fae0ee2-cbea-485d-a952-faa8cfde67bd@group-67734FBD95AB-FollowerState
datanode_3  | 2022-12-02 11:32:46,868 [5fae0ee2-cbea-485d-a952-faa8cfde67bd@group-67734FBD95AB-FollowerState] INFO impl.FollowerState: 5fae0ee2-cbea-485d-a952-faa8cfde67bd@group-67734FBD95AB-FollowerState was interrupted
scm_1       | 2022-12-02 11:32:25,126 [0fd608c2-238f-4b1b-9dd3-b8e658da27d3-impl-thread1] INFO server.RaftServerConfigKeys: raft.server.snapshot.auto.trigger.threshold = 1000 (custom)
datanode_3  | 2022-12-02 11:32:46,880 [grpc-default-executor-3] INFO impl.RoleInfo: 5fae0ee2-cbea-485d-a952-faa8cfde67bd: start 5fae0ee2-cbea-485d-a952-faa8cfde67bd@group-67734FBD95AB-FollowerState
datanode_3  | 2022-12-02 11:32:46,891 [5fae0ee2-cbea-485d-a952-faa8cfde67bd@group-67734FBD95AB-FollowerState] INFO server.RaftServerConfigKeys: raft.server.rpc.first-election.timeout.min = 5s (fallback to raft.server.rpc.timeout.min)
scm_1       | 2022-12-02 11:32:25,127 [0fd608c2-238f-4b1b-9dd3-b8e658da27d3-impl-thread1] INFO server.RaftServerConfigKeys: raft.server.snapshot.retention.file.num = -1 (default)
datanode_3  | 2022-12-02 11:32:46,891 [5fae0ee2-cbea-485d-a952-faa8cfde67bd@group-67734FBD95AB-FollowerState] INFO server.RaftServerConfigKeys: raft.server.rpc.first-election.timeout.max = 5200ms (fallback to raft.server.rpc.timeout.max)
datanode_3  | 2022-12-02 11:32:46,900 [grpc-default-executor-3] INFO server.RaftServer$Division: 5fae0ee2-cbea-485d-a952-faa8cfde67bd@group-67734FBD95AB replies to ELECTION vote request: 9c5f0a8a-f603-4702-9e6d-5675eb5560a2<-5fae0ee2-cbea-485d-a952-faa8cfde67bd#0:OK-t1. Peer's state: 5fae0ee2-cbea-485d-a952-faa8cfde67bd@group-67734FBD95AB:t1, leader=null, voted=9c5f0a8a-f603-4702-9e6d-5675eb5560a2, raftlog=Memoized:5fae0ee2-cbea-485d-a952-faa8cfde67bd@group-67734FBD95AB-SegmentedRaftLog:OPENED:c-1, conf=-1: peers:[9c5f0a8a-f603-4702-9e6d-5675eb5560a2|rpc:172.19.0.7:9856|admin:172.19.0.7:9857|client:172.19.0.7:9858|priority:1|startupRole:FOLLOWER, 5fae0ee2-cbea-485d-a952-faa8cfde67bd|rpc:172.19.0.6:9856|admin:172.19.0.6:9857|client:172.19.0.6:9858|priority:0|startupRole:FOLLOWER, af4b7971-852a-41f9-ba07-7d81ddf2ff31|rpc:172.19.0.4:9856|admin:172.19.0.4:9857|client:172.19.0.4:9858|priority:0|startupRole:FOLLOWER]|listeners:[], old=null
scm_1       | 2022-12-02 11:32:25,129 [0fd608c2-238f-4b1b-9dd3-b8e658da27d3-impl-thread1] INFO server.RaftServerConfigKeys: raft.server.log.purge.upto.snapshot.index = false (default)
datanode_3  | 2022-12-02 11:32:46,974 [grpc-default-executor-3] INFO server.RaftServer$Division: 5fae0ee2-cbea-485d-a952-faa8cfde67bd@group-67734FBD95AB: receive requestVote(ELECTION, af4b7971-852a-41f9-ba07-7d81ddf2ff31, group-67734FBD95AB, 1, (t:0, i:0))
datanode_3  | 2022-12-02 11:32:46,978 [grpc-default-executor-3] INFO impl.VoteContext: 5fae0ee2-cbea-485d-a952-faa8cfde67bd@group-67734FBD95AB-FOLLOWER: reject ELECTION from af4b7971-852a-41f9-ba07-7d81ddf2ff31: already has voted for 9c5f0a8a-f603-4702-9e6d-5675eb5560a2 at current term 1
datanode_3  | 2022-12-02 11:32:46,979 [grpc-default-executor-3] INFO server.RaftServer$Division: 5fae0ee2-cbea-485d-a952-faa8cfde67bd@group-67734FBD95AB replies to ELECTION vote request: af4b7971-852a-41f9-ba07-7d81ddf2ff31<-5fae0ee2-cbea-485d-a952-faa8cfde67bd#0:FAIL-t1. Peer's state: 5fae0ee2-cbea-485d-a952-faa8cfde67bd@group-67734FBD95AB:t1, leader=null, voted=9c5f0a8a-f603-4702-9e6d-5675eb5560a2, raftlog=Memoized:5fae0ee2-cbea-485d-a952-faa8cfde67bd@group-67734FBD95AB-SegmentedRaftLog:OPENED:c-1, conf=-1: peers:[9c5f0a8a-f603-4702-9e6d-5675eb5560a2|rpc:172.19.0.7:9856|admin:172.19.0.7:9857|client:172.19.0.7:9858|priority:1|startupRole:FOLLOWER, 5fae0ee2-cbea-485d-a952-faa8cfde67bd|rpc:172.19.0.6:9856|admin:172.19.0.6:9857|client:172.19.0.6:9858|priority:0|startupRole:FOLLOWER, af4b7971-852a-41f9-ba07-7d81ddf2ff31|rpc:172.19.0.4:9856|admin:172.19.0.4:9857|client:172.19.0.4:9858|priority:0|startupRole:FOLLOWER]|listeners:[], old=null
scm_1       | 2022-12-02 11:32:25,132 [0fd608c2-238f-4b1b-9dd3-b8e658da27d3@group-45589CDD5BD6-FollowerState] INFO server.RaftServerConfigKeys: raft.server.rpc.first-election.timeout.min = 5000ms (fallback to raft.server.rpc.timeout.min)
datanode_3  | 2022-12-02 11:32:47,238 [5fae0ee2-cbea-485d-a952-faa8cfde67bd-server-thread1] INFO ratis.XceiverServerRatis: Leader change notification received for group: group-67734FBD95AB with new leaderId: 9c5f0a8a-f603-4702-9e6d-5675eb5560a2
datanode_3  | 2022-12-02 11:32:47,238 [5fae0ee2-cbea-485d-a952-faa8cfde67bd-server-thread1] INFO server.RaftServer$Division: 5fae0ee2-cbea-485d-a952-faa8cfde67bd@group-67734FBD95AB: change Leader from null to 9c5f0a8a-f603-4702-9e6d-5675eb5560a2 at term 1 for appendEntries, leader elected after 6204ms
scm_1       | 2022-12-02 11:32:25,132 [0fd608c2-238f-4b1b-9dd3-b8e658da27d3@group-45589CDD5BD6-FollowerState] INFO server.RaftServerConfigKeys: raft.server.rpc.first-election.timeout.max = 5200ms (fallback to raft.server.rpc.timeout.max)
datanode_3  | 2022-12-02 11:32:47,248 [5fae0ee2-cbea-485d-a952-faa8cfde67bd-server-thread1] INFO server.RaftServer$Division: 5fae0ee2-cbea-485d-a952-faa8cfde67bd@group-67734FBD95AB: set configuration 0: peers:[9c5f0a8a-f603-4702-9e6d-5675eb5560a2|rpc:172.19.0.7:9856|admin:172.19.0.7:9857|client:172.19.0.7:9858|dataStream:|priority:1|startupRole:FOLLOWER, 5fae0ee2-cbea-485d-a952-faa8cfde67bd|rpc:172.19.0.6:9856|admin:172.19.0.6:9857|client:172.19.0.6:9858|dataStream:|priority:0|startupRole:FOLLOWER, af4b7971-852a-41f9-ba07-7d81ddf2ff31|rpc:172.19.0.4:9856|admin:172.19.0.4:9857|client:172.19.0.4:9858|dataStream:|priority:0|startupRole:FOLLOWER]|listeners:[], old=null
datanode_3  | 2022-12-02 11:32:47,249 [5fae0ee2-cbea-485d-a952-faa8cfde67bd-server-thread1] INFO segmented.SegmentedRaftLogWorker: 5fae0ee2-cbea-485d-a952-faa8cfde67bd@group-67734FBD95AB-SegmentedRaftLogWorker: Starting segment from index:0
scm_1       | 2022-12-02 11:32:25,136 [Listener at 0.0.0.0/9860] INFO server.RaftServer: 0fd608c2-238f-4b1b-9dd3-b8e658da27d3: start RPC server
datanode_3  | 2022-12-02 11:32:47,253 [5fae0ee2-cbea-485d-a952-faa8cfde67bd@group-67734FBD95AB-SegmentedRaftLogWorker] INFO segmented.SegmentedRaftLogWorker: 5fae0ee2-cbea-485d-a952-faa8cfde67bd@group-67734FBD95AB-SegmentedRaftLogWorker: created new log segment /data/metadata/ratis/08cd276a-1dcd-4494-9d8a-67734fbd95ab/current/log_inprogress_0
datanode_3  | 2022-12-02 11:33:13,867 [JvmPauseMonitor0] WARN util.JvmPauseMonitor: JvmPauseMonitor-5fae0ee2-cbea-485d-a952-faa8cfde67bd: Detected pause in JVM or host machine (eg GC): pause of approximately 153022284ns.
scm_1       | 2022-12-02 11:32:25,190 [Listener at 0.0.0.0/9860] INFO server.GrpcService: 0fd608c2-238f-4b1b-9dd3-b8e658da27d3: GrpcService started, listening on 9894
datanode_3  | GC pool 'ParNew' had collection(s): count=1 time=244ms
scm_1       | 2022-12-02 11:32:25,193 [JvmPauseMonitor0] INFO util.JvmPauseMonitor: JvmPauseMonitor-0fd608c2-238f-4b1b-9dd3-b8e658da27d3: Started
scm_1       | 2022-12-02 11:32:25,201 [Listener at 0.0.0.0/9860] INFO ha.SCMHAManagerImpl:  scm role is FOLLOWER peers [0fd608c2-238f-4b1b-9dd3-b8e658da27d3|rpc:a1bbf6bc4fbb:9894|admin:|client:|dataStream:|priority:0|startupRole:FOLLOWER]
scm_1       | 2022-12-02 11:32:25,201 [Listener at 0.0.0.0/9860] INFO ha.InterSCMGrpcService: Starting SCM Grpc Service at port 9895
scm_1       | 2022-12-02 11:32:25,388 [Listener at 0.0.0.0/9860] INFO impl.MetricsConfig: Loaded properties from hadoop-metrics2.properties
scm_1       | 2022-12-02 11:32:25,431 [Listener at 0.0.0.0/9860] INFO impl.MetricsSystemImpl: Scheduled Metric snapshot period at 10 second(s).
scm_1       | 2022-12-02 11:32:25,431 [Listener at 0.0.0.0/9860] INFO impl.MetricsSystemImpl: StorageContainerManager metrics system started
scm_1       | 2022-12-02 11:32:25,702 [Listener at 0.0.0.0/9860] INFO server.SCMClientProtocolServer: RPC server for Client  is listening at /0.0.0.0:9860
scm_1       | 2022-12-02 11:32:25,702 [IPC Server Responder] INFO ipc.Server: IPC Server Responder: starting
scm_1       | 2022-12-02 11:32:25,724 [IPC Server listener on 9860] INFO ipc.Server: IPC Server listener on 9860: starting
scm_1       | 2022-12-02 11:32:25,773 [Listener at 0.0.0.0/9860] INFO server.StorageContainerManager: ScmBlockLocationProtocol RPC server is listening at /0.0.0.0:9863
scm_1       | 2022-12-02 11:32:25,780 [Listener at 0.0.0.0/9860] INFO server.SCMBlockProtocolServer: RPC server for Block Protocol is listening at /0.0.0.0:9863
scm_1       | 2022-12-02 11:32:25,784 [IPC Server Responder] INFO ipc.Server: IPC Server Responder: starting
scm_1       | 2022-12-02 11:32:25,788 [IPC Server listener on 9863] INFO ipc.Server: IPC Server listener on 9863: starting
scm_1       | 2022-12-02 11:32:25,885 [org.apache.hadoop.util.JvmPauseMonitor$Monitor@404ced67] INFO util.JvmPauseMonitor: Starting JVM pause monitor
scm_1       | 2022-12-02 11:32:25,953 [Listener at 0.0.0.0/9860] INFO http.BaseHttpServer: Starting Web-server for scm at: http://0.0.0.0:9876
scm_1       | 2022-12-02 11:32:25,955 [Listener at 0.0.0.0/9860] INFO http.BaseHttpServer: Hadoop Security Enabled: false Ozone Security Enabled: false Ozone HTTP Security Enabled: false 
scm_1       | 2022-12-02 11:32:25,991 [Listener at 0.0.0.0/9860] INFO util.log: Logging initialized @6466ms to org.eclipse.jetty.util.log.Slf4jLog
scm_1       | 2022-12-02 11:32:26,315 [Listener at 0.0.0.0/9860] WARN server.AuthenticationFilter: Unable to initialize FileSignerSecretProvider, falling back to use random secrets. Reason: Could not read signature secret file: /opt/hadoop/hadoop-http-auth-signature-secret
scm_1       | 2022-12-02 11:32:26,322 [Listener at 0.0.0.0/9860] INFO http.HttpRequestLog: Http request log for http.requests.scm is not defined
scm_1       | 2022-12-02 11:32:26,329 [Listener at 0.0.0.0/9860] INFO http.HttpServer2: Added global filter 'safety' (class=org.apache.hadoop.hdds.server.http.HttpServer2$QuotingInputFilter)
scm_1       | 2022-12-02 11:32:26,331 [Listener at 0.0.0.0/9860] INFO http.HttpServer2: Added filter static_user_filter (class=org.apache.hadoop.http.lib.StaticUserWebFilter$StaticUserFilter) to context scm
scm_1       | 2022-12-02 11:32:26,331 [Listener at 0.0.0.0/9860] INFO http.HttpServer2: Added filter static_user_filter (class=org.apache.hadoop.http.lib.StaticUserWebFilter$StaticUserFilter) to context logs
scm_1       | 2022-12-02 11:32:26,331 [Listener at 0.0.0.0/9860] INFO http.HttpServer2: Added filter static_user_filter (class=org.apache.hadoop.http.lib.StaticUserWebFilter$StaticUserFilter) to context static
scm_1       | 2022-12-02 11:32:26,399 [Listener at 0.0.0.0/9860] INFO http.HttpServer2: Jetty bound to port 9876
scm_1       | 2022-12-02 11:32:26,401 [Listener at 0.0.0.0/9860] INFO server.Server: jetty-9.4.49.v20220914; built: 2022-09-14T01:07:36.601Z; git: 4231a3b2e4cb8548a412a789936d640a97b1aa0a; jvm 11.0.14.1+1-LTS
scm_1       | 2022-12-02 11:32:26,442 [Listener at 0.0.0.0/9860] INFO server.session: DefaultSessionIdManager workerName=node0
scm_1       | 2022-12-02 11:32:26,442 [Listener at 0.0.0.0/9860] INFO server.session: No SessionScavenger set, using defaults
scm_1       | 2022-12-02 11:32:26,443 [Listener at 0.0.0.0/9860] INFO server.session: node0 Scavenging every 660000ms
scm_1       | 2022-12-02 11:32:26,460 [Listener at 0.0.0.0/9860] INFO handler.ContextHandler: Started o.e.j.s.ServletContextHandler@177ede17{logs,/logs,file:///var/log/hadoop/,AVAILABLE}
scm_1       | 2022-12-02 11:32:26,462 [Listener at 0.0.0.0/9860] INFO handler.ContextHandler: Started o.e.j.s.ServletContextHandler@72b2c5ed{static,/static,jar:file:/opt/hadoop/share/ozone/lib/hdds-server-scm-1.3.0-SNAPSHOT.jar!/webapps/static,AVAILABLE}
scm_1       | 2022-12-02 11:32:26,605 [Listener at 0.0.0.0/9860] INFO handler.ContextHandler: Started o.e.j.w.WebAppContext@63de4fa{scm,/,file:///tmp/jetty-0_0_0_0-9876-hdds-server-scm-1_3_0-SNAPSHOT_jar-_-any-16019803814516217963/webapp/,AVAILABLE}{jar:file:/opt/hadoop/share/ozone/lib/hdds-server-scm-1.3.0-SNAPSHOT.jar!/webapps/scm}
scm_1       | 2022-12-02 11:32:26,620 [Listener at 0.0.0.0/9860] INFO server.AbstractConnector: Started ServerConnector@3962ec84{HTTP/1.1, (http/1.1)}{0.0.0.0:9876}
scm_1       | 2022-12-02 11:32:26,621 [Listener at 0.0.0.0/9860] INFO server.Server: Started @7095ms
scm_1       | 2022-12-02 11:32:26,625 [Listener at 0.0.0.0/9860] INFO impl.MetricsSinkAdapter: Sink prometheus started
scm_1       | 2022-12-02 11:32:26,625 [Listener at 0.0.0.0/9860] INFO impl.MetricsSystemImpl: Registered sink prometheus
scm_1       | 2022-12-02 11:32:26,627 [Listener at 0.0.0.0/9860] INFO http.BaseHttpServer: HTTP server of scm listening at http://0.0.0.0:9876
scm_1       | 2022-12-02 11:32:30,244 [0fd608c2-238f-4b1b-9dd3-b8e658da27d3@group-45589CDD5BD6-FollowerState] INFO impl.FollowerState: 0fd608c2-238f-4b1b-9dd3-b8e658da27d3@group-45589CDD5BD6-FollowerState: change to CANDIDATE, lastRpcElapsedTime:5126391549ns, electionTimeout:5111ms
scm_1       | 2022-12-02 11:32:30,246 [0fd608c2-238f-4b1b-9dd3-b8e658da27d3@group-45589CDD5BD6-FollowerState] INFO impl.RoleInfo: 0fd608c2-238f-4b1b-9dd3-b8e658da27d3: shutdown 0fd608c2-238f-4b1b-9dd3-b8e658da27d3@group-45589CDD5BD6-FollowerState
scm_1       | 2022-12-02 11:32:30,247 [0fd608c2-238f-4b1b-9dd3-b8e658da27d3@group-45589CDD5BD6-FollowerState] INFO server.RaftServer$Division: 0fd608c2-238f-4b1b-9dd3-b8e658da27d3@group-45589CDD5BD6: changes role from  FOLLOWER to CANDIDATE at term 1 for changeToCandidate
scm_1       | 2022-12-02 11:32:30,260 [0fd608c2-238f-4b1b-9dd3-b8e658da27d3@group-45589CDD5BD6-FollowerState] INFO server.RaftServerConfigKeys: raft.server.leaderelection.pre-vote = false (custom)
scm_1       | 2022-12-02 11:32:30,260 [0fd608c2-238f-4b1b-9dd3-b8e658da27d3@group-45589CDD5BD6-FollowerState] INFO impl.RoleInfo: 0fd608c2-238f-4b1b-9dd3-b8e658da27d3: start 0fd608c2-238f-4b1b-9dd3-b8e658da27d3@group-45589CDD5BD6-LeaderElection1
scm_1       | 2022-12-02 11:32:30,279 [0fd608c2-238f-4b1b-9dd3-b8e658da27d3@group-45589CDD5BD6-LeaderElection1] INFO impl.LeaderElection: 0fd608c2-238f-4b1b-9dd3-b8e658da27d3@group-45589CDD5BD6-LeaderElection1 ELECTION round 0: submit vote requests at term 2 for 0: peers:[0fd608c2-238f-4b1b-9dd3-b8e658da27d3|rpc:a1bbf6bc4fbb:9894|admin:|client:|dataStream:|priority:0|startupRole:FOLLOWER]|listeners:[], old=null
scm_1       | 2022-12-02 11:32:30,280 [0fd608c2-238f-4b1b-9dd3-b8e658da27d3@group-45589CDD5BD6-LeaderElection1] INFO impl.LeaderElection: 0fd608c2-238f-4b1b-9dd3-b8e658da27d3@group-45589CDD5BD6-LeaderElection1 ELECTION round 0: result PASSED (term=2)
