datanode_2  | 2022-12-02 11:32:47,114 [grpc-default-executor-0] INFO server.RaftServer$Division: 9c5f0a8a-f603-4702-9e6d-5675eb5560a2@group-67734FBD95AB replies to ELECTION vote request: af4b7971-852a-41f9-ba07-7d81ddf2ff31<-9c5f0a8a-f603-4702-9e6d-5675eb5560a2#0:FAIL-t1. Peer's state: 9c5f0a8a-f603-4702-9e6d-5675eb5560a2@group-67734FBD95AB:t1, leader=9c5f0a8a-f603-4702-9e6d-5675eb5560a2, voted=9c5f0a8a-f603-4702-9e6d-5675eb5560a2, raftlog=Memoized:9c5f0a8a-f603-4702-9e6d-5675eb5560a2@group-67734FBD95AB-SegmentedRaftLog:OPENED:c-1, conf=0: peers:[9c5f0a8a-f603-4702-9e6d-5675eb5560a2|rpc:172.19.0.7:9856|admin:172.19.0.7:9857|client:172.19.0.7:9858|dataStream:|priority:1|startupRole:FOLLOWER, 5fae0ee2-cbea-485d-a952-faa8cfde67bd|rpc:172.19.0.6:9856|admin:172.19.0.6:9857|client:172.19.0.6:9858|dataStream:|priority:0|startupRole:FOLLOWER, af4b7971-852a-41f9-ba07-7d81ddf2ff31|rpc:172.19.0.4:9856|admin:172.19.0.4:9857|client:172.19.0.4:9858|dataStream:|priority:0|startupRole:FOLLOWER]|listeners:[], old=null
scm_1       | 2022-12-02 11:32:15,149 [0fd608c2-238f-4b1b-9dd3-b8e658da27d3@group-45589CDD5BD6-LeaderElection1] INFO server.RaftServerConfigKeys: raft.server.watch.timeout.denomination = 1s (default)
datanode_3  | 2022-12-02 11:32:35,767 [pool-22-thread-1] INFO util.JmxRegister: Successfully registered JMX Bean with object name Ratis:service=RaftServer,group=group-D81C89654AE4,id=5fae0ee2-cbea-485d-a952-faa8cfde67bd
scm_1       | 2022-12-02 11:32:15,152 [0fd608c2-238f-4b1b-9dd3-b8e658da27d3@group-45589CDD5BD6-LeaderElection1] INFO server.RaftServerConfigKeys: raft.server.watch.element-limit = 65536 (default)
om_1        | 2022-12-02 11:32:56,713 [om1@group-C5BA1605619E-FollowerState] INFO impl.RoleInfo: om1: shutdown om1@group-C5BA1605619E-FollowerState
datanode_3  | 2022-12-02 11:32:35,770 [pool-22-thread-1] INFO server.RaftServerConfigKeys: raft.server.snapshot.auto.trigger.enabled = true (custom)
scm_1       | 2022-12-02 11:32:15,296 [0fd608c2-238f-4b1b-9dd3-b8e658da27d3@group-45589CDD5BD6-LeaderElection1] INFO server.RaftServerConfigKeys: raft.server.write.element-limit = 4096 (default)
om_1        | 2022-12-02 11:32:56,714 [om1@group-C5BA1605619E-FollowerState] INFO server.RaftServer$Division: om1@group-C5BA1605619E: changes role from  FOLLOWER to CANDIDATE at term 0 for changeToCandidate
datanode_3  | 2022-12-02 11:32:35,774 [pool-22-thread-1] INFO server.RaftServerConfigKeys: raft.server.snapshot.auto.trigger.threshold = 10000 (custom)
scm_1       | 2022-12-02 11:32:15,300 [0fd608c2-238f-4b1b-9dd3-b8e658da27d3@group-45589CDD5BD6-LeaderElection1] INFO server.RaftServerConfigKeys: raft.server.write.follower.gap.ratio.max = -1.0 (default)
om_1        | 2022-12-02 11:32:56,721 [om1@group-C5BA1605619E-FollowerState] INFO server.RaftServerConfigKeys: raft.server.leaderelection.pre-vote = false (custom)
datanode_3  | 2022-12-02 11:32:35,776 [pool-22-thread-1] INFO server.RaftServerConfigKeys: raft.server.snapshot.retention.file.num = 5 (custom)
scm_1       | 2022-12-02 11:32:15,332 [0fd608c2-238f-4b1b-9dd3-b8e658da27d3@group-45589CDD5BD6-LeaderElection1] INFO impl.RoleInfo: 0fd608c2-238f-4b1b-9dd3-b8e658da27d3: start 0fd608c2-238f-4b1b-9dd3-b8e658da27d3@group-45589CDD5BD6-LeaderStateImpl
om_1        | 2022-12-02 11:32:56,722 [om1@group-C5BA1605619E-FollowerState] INFO impl.RoleInfo: om1: start om1@group-C5BA1605619E-LeaderElection1
datanode_3  | 2022-12-02 11:32:35,777 [pool-22-thread-1] INFO server.RaftServerConfigKeys: raft.server.log.purge.upto.snapshot.index = false (default)
scm_1       | 2022-12-02 11:32:15,934 [0fd608c2-238f-4b1b-9dd3-b8e658da27d3@group-45589CDD5BD6-LeaderElection1] INFO segmented.SegmentedRaftLogWorker: 0fd608c2-238f-4b1b-9dd3-b8e658da27d3@group-45589CDD5BD6-SegmentedRaftLogWorker: Starting segment from index:0
om_1        | 2022-12-02 11:32:56,763 [om1@group-C5BA1605619E-LeaderElection1] INFO impl.LeaderElection: om1@group-C5BA1605619E-LeaderElection1 ELECTION round 0: submit vote requests at term 1 for -1: peers:[om1|rpc:om:9872|priority:0|startupRole:FOLLOWER]|listeners:[], old=null
datanode_3  | 2022-12-02 11:32:35,876 [Command processor thread] INFO ratis.XceiverServerRatis: Created group PipelineID=5912c9ae-8ed9-44a5-92bb-d81c89654ae4
scm_1       | 2022-12-02 11:32:16,588 [0fd608c2-238f-4b1b-9dd3-b8e658da27d3@group-45589CDD5BD6-LeaderElection1] INFO server.RaftServer$Division: 0fd608c2-238f-4b1b-9dd3-b8e658da27d3@group-45589CDD5BD6: set configuration 0: peers:[0fd608c2-238f-4b1b-9dd3-b8e658da27d3|rpc:a1bbf6bc4fbb:9894|admin:|client:|dataStream:|priority:0|startupRole:FOLLOWER]|listeners:[], old=null
scm_1       | 2022-12-02 11:32:16,827 [0fd608c2-238f-4b1b-9dd3-b8e658da27d3@group-45589CDD5BD6-SegmentedRaftLogWorker] INFO segmented.SegmentedRaftLogWorker: 0fd608c2-238f-4b1b-9dd3-b8e658da27d3@group-45589CDD5BD6-SegmentedRaftLogWorker: created new log segment /data/metadata/scm-ha/bf67160f-03ba-41ee-a1d1-45589cdd5bd6/current/log_inprogress_0
datanode_3  | 2022-12-02 11:32:35,879 [Command processor thread] INFO commandhandler.CreatePipelineCommandHandler: Created Pipeline RATIS ONE PipelineID=5912c9ae-8ed9-44a5-92bb-d81c89654ae4.
scm_1       | 2022-12-02 11:32:18,803 [main] INFO server.RaftServer: 0fd608c2-238f-4b1b-9dd3-b8e658da27d3: close
om_1        | 2022-12-02 11:32:56,767 [om1@group-C5BA1605619E-LeaderElection1] INFO impl.LeaderElection: om1@group-C5BA1605619E-LeaderElection1 ELECTION round 0: result PASSED (term=1)
datanode_3  | 2022-12-02 11:32:35,885 [Command processor thread] INFO server.RaftServer: 5fae0ee2-cbea-485d-a952-faa8cfde67bd: addNew group-40930848C1BF:[9c5f0a8a-f603-4702-9e6d-5675eb5560a2|rpc:172.19.0.7:9856|admin:172.19.0.7:9857|client:172.19.0.7:9858|priority:0|startupRole:FOLLOWER, 5fae0ee2-cbea-485d-a952-faa8cfde67bd|rpc:172.19.0.6:9856|admin:172.19.0.6:9857|client:172.19.0.6:9858|priority:1|startupRole:FOLLOWER, af4b7971-852a-41f9-ba07-7d81ddf2ff31|rpc:172.19.0.4:9856|admin:172.19.0.4:9857|client:172.19.0.4:9858|priority:0|startupRole:FOLLOWER] returns group-40930848C1BF:java.util.concurrent.CompletableFuture@51e45445[Not completed]
scm_1       | 2022-12-02 11:32:18,804 [main] INFO server.GrpcService: 0fd608c2-238f-4b1b-9dd3-b8e658da27d3: shutdown server GrpcServerProtocolService now
om_1        | 2022-12-02 11:32:56,768 [om1@group-C5BA1605619E-LeaderElection1] INFO impl.RoleInfo: om1: shutdown om1@group-C5BA1605619E-LeaderElection1
datanode_3  | 2022-12-02 11:32:35,900 [pool-22-thread-1] INFO server.RaftServer$Division: 5fae0ee2-cbea-485d-a952-faa8cfde67bd: new RaftServerImpl for group-40930848C1BF:[9c5f0a8a-f603-4702-9e6d-5675eb5560a2|rpc:172.19.0.7:9856|admin:172.19.0.7:9857|client:172.19.0.7:9858|priority:0|startupRole:FOLLOWER, 5fae0ee2-cbea-485d-a952-faa8cfde67bd|rpc:172.19.0.6:9856|admin:172.19.0.6:9857|client:172.19.0.6:9858|priority:1|startupRole:FOLLOWER, af4b7971-852a-41f9-ba07-7d81ddf2ff31|rpc:172.19.0.4:9856|admin:172.19.0.4:9857|client:172.19.0.4:9858|priority:0|startupRole:FOLLOWER] with ContainerStateMachine:uninitialized
scm_1       | 2022-12-02 11:32:18,805 [0fd608c2-238f-4b1b-9dd3-b8e658da27d3-impl-thread1] INFO server.RaftServer$Division: 0fd608c2-238f-4b1b-9dd3-b8e658da27d3@group-45589CDD5BD6: shutdown
om_1        | 2022-12-02 11:32:56,768 [om1@group-C5BA1605619E-LeaderElection1] INFO server.RaftServer$Division: om1@group-C5BA1605619E: changes role from CANDIDATE to LEADER at term 1 for changeToLeader
datanode_3  | 2022-12-02 11:32:35,901 [pool-22-thread-1] INFO server.RaftServerConfigKeys: raft.server.rpc.timeout.min = 5s (custom)
scm_1       | 2022-12-02 11:32:18,805 [0fd608c2-238f-4b1b-9dd3-b8e658da27d3-impl-thread1] INFO util.JmxRegister: Successfully un-registered JMX Bean with object name Ratis:service=RaftServer,group=group-45589CDD5BD6,id=0fd608c2-238f-4b1b-9dd3-b8e658da27d3
om_1        | 2022-12-02 11:32:56,769 [om1@group-C5BA1605619E-LeaderElection1] INFO server.RaftServer$Division: om1@group-C5BA1605619E: change Leader from null to om1 at term 1 for becomeLeader, leader elected after 7975ms
datanode_3  | 2022-12-02 11:32:35,901 [pool-22-thread-1] INFO server.RaftServerConfigKeys: raft.server.rpc.timeout.max = 5200ms (custom)
scm_1       | 2022-12-02 11:32:18,805 [0fd608c2-238f-4b1b-9dd3-b8e658da27d3-impl-thread1] INFO impl.RoleInfo: 0fd608c2-238f-4b1b-9dd3-b8e658da27d3: shutdown 0fd608c2-238f-4b1b-9dd3-b8e658da27d3@group-45589CDD5BD6-LeaderStateImpl
om_1        | 2022-12-02 11:32:56,787 [om1@group-C5BA1605619E-LeaderElection1] INFO server.RaftServerConfigKeys: raft.server.staging.catchup.gap = 1000 (default)
datanode_3  | 2022-12-02 11:32:35,903 [pool-22-thread-1] INFO server.RaftServerConfigKeys: raft.server.rpc.sleep.time = 25ms (default)
scm_1       | 2022-12-02 11:32:18,826 [0fd608c2-238f-4b1b-9dd3-b8e658da27d3-impl-thread1] INFO impl.PendingRequests: 0fd608c2-238f-4b1b-9dd3-b8e658da27d3@group-45589CDD5BD6-PendingRequests: sendNotLeaderResponses
om_1        | 2022-12-02 11:32:56,800 [om1@group-C5BA1605619E-LeaderElection1] INFO server.RaftServerConfigKeys: raft.server.write.element-limit = 4096 (default)
datanode_3  | 2022-12-02 11:32:35,903 [pool-22-thread-1] INFO server.RaftServerConfigKeys: raft.server.rpc.slowness.timeout = 300s (custom)
scm_1       | 2022-12-02 11:32:18,846 [0fd608c2-238f-4b1b-9dd3-b8e658da27d3@group-45589CDD5BD6-StateMachineUpdater] INFO impl.StateMachineUpdater: 0fd608c2-238f-4b1b-9dd3-b8e658da27d3@group-45589CDD5BD6-StateMachineUpdater: Took a snapshot at index 0
om_1        | 2022-12-02 11:32:56,801 [om1@group-C5BA1605619E-LeaderElection1] INFO server.RaftServerConfigKeys: raft.server.write.byte-limit = 64MB (=67108864) (default)
datanode_3  | 2022-12-02 11:32:35,903 [pool-22-thread-1] INFO server.RaftServerConfigKeys: raft.server.leaderelection.leader.step-down.wait-time = 10s (default)
scm_1       | 2022-12-02 11:32:18,846 [0fd608c2-238f-4b1b-9dd3-b8e658da27d3@group-45589CDD5BD6-StateMachineUpdater] INFO impl.StateMachineUpdater: 0fd608c2-238f-4b1b-9dd3-b8e658da27d3@group-45589CDD5BD6-StateMachineUpdater: snapshotIndex: updateIncreasingly -1 -> 0
datanode_3  | 2022-12-02 11:32:35,903 [pool-22-thread-1] INFO server.RaftServerConfigKeys: raft.server.sleep.deviation.threshold = 300ms (default)
scm_1       | 2022-12-02 11:32:18,860 [0fd608c2-238f-4b1b-9dd3-b8e658da27d3-impl-thread1] INFO impl.StateMachineUpdater: 0fd608c2-238f-4b1b-9dd3-b8e658da27d3@group-45589CDD5BD6-StateMachineUpdater: set stopIndex = 0
om_1        | 2022-12-02 11:32:56,815 [om1@group-C5BA1605619E-LeaderElection1] INFO server.RaftServerConfigKeys: raft.server.watch.timeout = 10s (default)
datanode_3  | 2022-12-02 11:32:35,904 [pool-22-thread-1] INFO server.RaftServer$Division: 5fae0ee2-cbea-485d-a952-faa8cfde67bd@group-40930848C1BF: ConfigurationManager, init=-1: peers:[9c5f0a8a-f603-4702-9e6d-5675eb5560a2|rpc:172.19.0.7:9856|admin:172.19.0.7:9857|client:172.19.0.7:9858|priority:0|startupRole:FOLLOWER, 5fae0ee2-cbea-485d-a952-faa8cfde67bd|rpc:172.19.0.6:9856|admin:172.19.0.6:9857|client:172.19.0.6:9858|priority:1|startupRole:FOLLOWER, af4b7971-852a-41f9-ba07-7d81ddf2ff31|rpc:172.19.0.4:9856|admin:172.19.0.4:9857|client:172.19.0.4:9858|priority:0|startupRole:FOLLOWER]|listeners:[], old=null, confs=<EMPTY_MAP>
scm_1       | 2022-12-02 11:32:18,860 [0fd608c2-238f-4b1b-9dd3-b8e658da27d3-impl-thread1] INFO server.RaftServer$Division: 0fd608c2-238f-4b1b-9dd3-b8e658da27d3@group-45589CDD5BD6: closes. applyIndex: 0
om_1        | 2022-12-02 11:32:56,816 [om1@group-C5BA1605619E-LeaderElection1] INFO server.RaftServerConfigKeys: raft.server.watch.timeout.denomination = 1s (default)
datanode_3  | 2022-12-02 11:32:35,905 [pool-22-thread-1] INFO server.RaftServerConfigKeys: raft.server.storage.dir = [/data/metadata/ratis] (custom)
scm_1       | 2022-12-02 11:32:18,900 [0fd608c2-238f-4b1b-9dd3-b8e658da27d3@group-45589CDD5BD6-SegmentedRaftLogWorker] INFO segmented.SegmentedRaftLogWorker: 0fd608c2-238f-4b1b-9dd3-b8e658da27d3@group-45589CDD5BD6-SegmentedRaftLogWorker was interrupted, exiting. There are 0 tasks remaining in the queue.
om_1        | 2022-12-02 11:32:56,817 [om1@group-C5BA1605619E-LeaderElection1] INFO server.RaftServerConfigKeys: raft.server.watch.element-limit = 65536 (default)
datanode_3  | 2022-12-02 11:32:35,906 [pool-22-thread-1] INFO server.RaftServerConfigKeys: raft.server.log.corruption.policy = EXCEPTION (default)
scm_1       | 2022-12-02 11:32:18,908 [main] INFO server.GrpcService: 0fd608c2-238f-4b1b-9dd3-b8e658da27d3: shutdown server GrpcServerProtocolService successfully
om_1        | 2022-12-02 11:32:56,838 [om1@group-C5BA1605619E-LeaderElection1] INFO server.RaftServerConfigKeys: raft.server.write.element-limit = 4096 (default)
datanode_3  | 2022-12-02 11:32:35,906 [pool-22-thread-1] INFO server.RaftServerConfigKeys: raft.server.storage.free-space.min = 0MB (=0) (default)
scm_1       | 2022-12-02 11:32:18,914 [0fd608c2-238f-4b1b-9dd3-b8e658da27d3-impl-thread1] INFO segmented.SegmentedRaftLogWorker: 0fd608c2-238f-4b1b-9dd3-b8e658da27d3@group-45589CDD5BD6-SegmentedRaftLogWorker close()
om_1        | 2022-12-02 11:32:56,842 [om1@group-C5BA1605619E-LeaderElection1] INFO server.RaftServerConfigKeys: raft.server.write.follower.gap.ratio.max = -1.0 (default)
datanode_3  | 2022-12-02 11:32:35,906 [pool-22-thread-1] INFO server.RaftServerConfigKeys: raft.server.notification.no-leader.timeout = 300s (custom)
scm_1       | 2022-12-02 11:32:18,923 [JvmPauseMonitor0] INFO util.JvmPauseMonitor: JvmPauseMonitor-0fd608c2-238f-4b1b-9dd3-b8e658da27d3: Stopped
om_1        | 2022-12-02 11:32:56,847 [om1@group-C5BA1605619E-LeaderElection1] INFO impl.RoleInfo: om1: start om1@group-C5BA1605619E-LeaderStateImpl
datanode_3  | 2022-12-02 11:32:35,909 [pool-22-thread-1] INFO server.RaftServerConfigKeys: raft.server.retrycache.expirytime = 600000ms (custom)
scm_1       | 2022-12-02 11:32:18,924 [main] WARN server.ServerUtils: ozone.scm.db.dirs is not configured. We recommend adding this setting. Falling back to ozone.metadata.dirs instead.
om_1        | 2022-12-02 11:32:56,924 [om1@group-C5BA1605619E-LeaderElection1] INFO segmented.SegmentedRaftLogWorker: om1@group-C5BA1605619E-SegmentedRaftLogWorker: Starting segment from index:0
datanode_3  | 2022-12-02 11:32:35,909 [pool-22-thread-1] INFO server.RaftServerConfigKeys: raft.server.retrycache.statistics.expirytime = 100?s (default)
scm_1       | 2022-12-02 11:32:18,929 [main] INFO server.StorageContainerManager: SCM initialization succeeded. Current cluster id for sd=/data/metadata/scm; cid=CID-bf67160f-03ba-41ee-a1d1-45589cdd5bd6; layoutVersion=4; scmId=0fd608c2-238f-4b1b-9dd3-b8e658da27d3
om_1        | 2022-12-02 11:32:57,055 [om1@group-C5BA1605619E-LeaderElection1] INFO server.RaftServer$Division: om1@group-C5BA1605619E: set configuration 0: peers:[om1|rpc:om:9872|admin:|client:|dataStream:|priority:0|startupRole:FOLLOWER]|listeners:[], old=null
datanode_3  | 2022-12-02 11:32:35,911 [pool-22-thread-1] INFO server.RaftServerConfigKeys: raft.server.log.appender.install.snapshot.enabled = false (custom)
scm_1       | 2022-12-02 11:32:18,946 [shutdown-hook-0] INFO server.StorageContainerManagerStarter: SHUTDOWN_MSG: 
om_1        | 2022-12-02 11:32:57,271 [om1@group-C5BA1605619E-SegmentedRaftLogWorker] INFO segmented.SegmentedRaftLogWorker: om1@group-C5BA1605619E-SegmentedRaftLogWorker: created new log segment /data/metadata/ratis/bf265839-605b-3f16-9796-c5ba1605619e/current/log_inprogress_0
datanode_3  | 2022-12-02 11:32:35,924 [pool-22-thread-1] INFO server.RaftServerConfigKeys: raft.server.threadpool.server.cached = true (default)
scm_1       | /************************************************************
om_1        | 2022-12-02 11:32:57,603 [om1@group-C5BA1605619E-StateMachineUpdater] INFO ratis.OzoneManagerStateMachine: Received Configuration change notification from Ratis. New Peer list:
datanode_3  | 2022-12-02 11:32:35,926 [pool-22-thread-1] INFO server.RaftServerConfigKeys: raft.server.threadpool.server.size = 0 (default)
scm_1       | SHUTDOWN_MSG: Shutting down StorageContainerManager at a1bbf6bc4fbb/172.19.0.2
om_1        | [id: "om1"
datanode_3  | 2022-12-02 11:32:35,927 [pool-22-thread-1] INFO server.RaftServerConfigKeys: raft.server.threadpool.client.cached = true (default)
scm_1       | ************************************************************/
om_1        | address: "om:9872"
om_1        | startupRole: FOLLOWER
scm_1       | No '-XX:...' jvm parameters are set. Adding safer GC settings '-XX:ParallelGCThreads=8 -XX:+UseConcMarkSweepGC -XX:CMSInitiatingOccupancyFraction=70 -XX:+CMSParallelRemarkEnabled' to the OZONE_OPTS
om_1        | ]
datanode_3  | 2022-12-02 11:32:35,928 [pool-22-thread-1] INFO server.RaftServerConfigKeys: raft.server.threadpool.client.size = 0 (default)
scm_1       | OpenJDK 64-Bit Server VM warning: Option UseConcMarkSweepGC was deprecated in version 9.0 and will likely be removed in a future release.
om_1        | 2022-12-02 11:32:59,712 [OM StateMachine ApplyTransaction Thread - 0] INFO volume.OMVolumeCreateRequest: created volume:vol1 for user:hadoop
datanode_3  | 2022-12-02 11:32:35,929 [pool-22-thread-1] INFO storage.RaftStorageDirectory: The storage directory /data/metadata/ratis/6f89eb26-4f15-4db8-8ac2-40930848c1bf does not exist. Creating ...
datanode_3  | 2022-12-02 11:32:35,931 [pool-22-thread-1] INFO storage.RaftStorageDirectory: Lock on /data/metadata/ratis/6f89eb26-4f15-4db8-8ac2-40930848c1bf/in_use.lock acquired by nodename 7@f0c46ebf7b7b
datanode_3  | 2022-12-02 11:32:35,937 [pool-22-thread-1] INFO storage.RaftStorage: Storage directory /data/metadata/ratis/6f89eb26-4f15-4db8-8ac2-40930848c1bf has been successfully formatted.
datanode_3  | 2022-12-02 11:32:35,939 [pool-22-thread-1] INFO ratis.ContainerStateMachine: group-40930848C1BF: The snapshot info is null. Setting the last applied indexto:(t:0, i:~)
datanode_3  | 2022-12-02 11:32:35,939 [pool-22-thread-1] INFO server.RaftServerConfigKeys: raft.server.log.use.memory = false (default)
datanode_3  | 2022-12-02 11:32:35,953 [pool-22-thread-1] INFO server.RaftServerConfigKeys: raft.server.log.purge.gap = 1000000 (custom)
datanode_3  | 2022-12-02 11:32:35,953 [pool-22-thread-1] INFO server.RaftServerConfigKeys: raft.server.log.appender.buffer.byte-limit = 33554432 (custom)
datanode_3  | 2022-12-02 11:32:35,953 [pool-22-thread-1] INFO server.RaftServerConfigKeys: raft.server.log.statemachine.data.read.timeout = 1000ms (default)
datanode_3  | 2022-12-02 11:32:35,954 [pool-22-thread-1] INFO server.RaftServerConfigKeys: raft.server.log.purge.preservation.log.num = 0 (default)
scm_1       | 2022-12-02 11:32:20,723 [main] INFO server.StorageContainerManagerStarter: STARTUP_MSG: 
om_1        | 2022-12-02 11:32:59,797 [OM StateMachine ApplyTransaction Thread - 0] INFO bucket.OMBucketCreateRequest: created bucket: bucket1 of layout LEGACY in volume: vol1
datanode_3  | 2022-12-02 11:32:35,954 [pool-22-thread-1] INFO server.RaftServerConfigKeys: raft.server.log.segment.size.max = 1048576 (custom)
scm_1       | /************************************************************
datanode_3  | 2022-12-02 11:32:35,955 [pool-22-thread-1] INFO server.RaftServerConfigKeys: raft.server.log.segment.cache.num.max = 2 (custom)
scm_1       | STARTUP_MSG: Starting StorageContainerManager
datanode_3  | 2022-12-02 11:32:35,955 [pool-22-thread-1] INFO server.RaftServerConfigKeys: raft.server.log.segment.cache.size.max = 200MB (=209715200) (default)
scm_1       | STARTUP_MSG:   host = a1bbf6bc4fbb/172.19.0.2
scm_1       | STARTUP_MSG:   args = []
scm_1       | STARTUP_MSG:   version = 1.3.0-SNAPSHOT
datanode_3  | 2022-12-02 11:32:35,955 [pool-22-thread-1] INFO segmented.SegmentedRaftLogWorker: new 5fae0ee2-cbea-485d-a952-faa8cfde67bd@group-40930848C1BF-SegmentedRaftLogWorker for RaftStorageImpl:Storage Directory /data/metadata/ratis/6f89eb26-4f15-4db8-8ac2-40930848c1bf
datanode_3  | 2022-12-02 11:32:35,956 [pool-22-thread-1] INFO server.RaftServerConfigKeys: raft.server.log.queue.byte-limit = 4294967296 (custom)
datanode_3  | 2022-12-02 11:32:35,956 [pool-22-thread-1] INFO server.RaftServerConfigKeys: raft.server.log.queue.element-limit = 1024 (custom)
datanode_3  | 2022-12-02 11:32:35,956 [pool-22-thread-1] INFO server.RaftServerConfigKeys: raft.server.log.segment.size.max = 1048576 (custom)
datanode_3  | 2022-12-02 11:32:35,956 [pool-22-thread-1] INFO server.RaftServerConfigKeys: raft.server.log.preallocated.size = 16384 (custom)
datanode_3  | 2022-12-02 11:32:35,957 [pool-22-thread-1] INFO server.RaftServerConfigKeys: raft.server.log.force.sync.num = 128 (default)
datanode_3  | 2022-12-02 11:32:35,959 [pool-22-thread-1] INFO server.RaftServerConfigKeys: raft.server.log.statemachine.data.sync = true (default)
datanode_3  | 2022-12-02 11:32:35,960 [pool-22-thread-1] INFO server.RaftServerConfigKeys: raft.server.log.statemachine.data.sync.timeout = 10s (default)
datanode_3  | 2022-12-02 11:32:35,960 [pool-22-thread-1] INFO server.RaftServerConfigKeys: raft.server.log.statemachine.data.sync.timeout.retry = -1 (default)
datanode_3  | 2022-12-02 11:32:35,961 [pool-22-thread-1] INFO server.RaftServerConfigKeys: raft.server.log.write.buffer.size = 1048576 (custom)
datanode_3  | 2022-12-02 11:32:35,962 [pool-22-thread-1] INFO server.RaftServerConfigKeys: raft.server.log.appender.buffer.byte-limit = 33554432 (custom)
datanode_3  | 2022-12-02 11:32:36,393 [pool-22-thread-1] INFO server.RaftServerConfigKeys: raft.server.log.unsafe-flush.enabled = false (default)
datanode_3  | 2022-12-02 11:32:36,406 [pool-22-thread-1] INFO server.RaftServerConfigKeys: raft.server.log.async-flush.enabled = false (default)
datanode_3  | 2022-12-02 11:32:36,406 [pool-22-thread-1] INFO server.RaftServerConfigKeys: raft.server.log.statemachine.data.caching.enabled = true (custom)
datanode_3  | 2022-12-02 11:32:36,407 [pool-22-thread-1] INFO segmented.SegmentedRaftLogWorker: 5fae0ee2-cbea-485d-a952-faa8cfde67bd@group-40930848C1BF-SegmentedRaftLogWorker: flushIndex: setUnconditionally 0 -> -1
datanode_3  | 2022-12-02 11:32:36,407 [pool-22-thread-1] INFO segmented.SegmentedRaftLogWorker: 5fae0ee2-cbea-485d-a952-faa8cfde67bd@group-40930848C1BF-SegmentedRaftLogWorker: safeCacheEvictIndex: setUnconditionally 0 -> -1
scm_1       | STARTUP_MSG:   classpath = /etc/hadoop:/opt/hadoop/share/ozone/lib/kerb-simplekdc-1.0.1.jar:/opt/hadoop/share/ozone/lib/slf4j-reload4j-1.7.36.jar:/opt/hadoop/share/ozone/lib/protobuf-java-2.5.0.jar:/opt/hadoop/share/ozone/lib/jaxb-core-2.3.0.1.jar:/opt/hadoop/share/ozone/lib/istack-commons-runtime-3.0.5.jar:/opt/hadoop/share/ozone/lib/netty-handler-4.1.79.Final.jar:/opt/hadoop/share/ozone/lib/commons-validator-1.6.jar:/opt/hadoop/share/ozone/lib/bcpkix-jdk15on-1.67.jar:/opt/hadoop/share/ozone/lib/hdds-interface-admin-1.3.0-SNAPSHOT.jar:/opt/hadoop/share/ozone/lib/kerb-core-1.0.1.jar:/opt/hadoop/share/ozone/lib/hadoop-shaded-protobuf_3_7-1.1.1.jar:/opt/hadoop/share/ozone/lib/netty-common-4.1.79.Final.jar:/opt/hadoop/share/ozone/lib/hdds-container-service-1.3.0-SNAPSHOT.jar:/opt/hadoop/share/ozone/lib/jsr305-3.0.0.jar:/opt/hadoop/share/ozone/lib/j2objc-annotations-1.3.jar:/opt/hadoop/share/ozone/lib/jetty-webapp-9.4.49.v20220914.jar:/opt/hadoop/share/ozone/lib/picocli-4.6.1.jar:/opt/hadoop/share/ozone/lib/javassist-3.21.0-GA.jar:/opt/hadoop/share/ozone/lib/jaxb-api-2.3.0.jar:/opt/hadoop/share/ozone/lib/commons-codec-1.15.jar:/opt/hadoop/share/ozone/lib/kerb-util-1.0.1.jar:/opt/hadoop/share/ozone/lib/hadoop-shaded-guava-1.1.1.jar:/opt/hadoop/share/ozone/lib/kotlin-stdlib-1.6.21.jar:/opt/hadoop/share/ozone/lib/log4j-core-2.17.1.jar:/opt/hadoop/share/ozone/lib/commons-logging-1.2.jar:/opt/hadoop/share/ozone/lib/ratis-thirdparty-misc-1.0.3.jar:/opt/hadoop/share/ozone/lib/jetty-security-9.4.49.v20220914.jar:/opt/hadoop/share/ozone/lib/accessors-smart-2.4.7.jar:/opt/hadoop/share/ozone/lib/kerby-xdr-1.0.1.jar:/opt/hadoop/share/ozone/lib/txw2-2.3.0.1.jar:/opt/hadoop/share/ozone/lib/httpcore-4.4.13.jar:/opt/hadoop/share/ozone/lib/guava-31.1-jre.jar:/opt/hadoop/share/ozone/lib/opentracing-tracerresolver-0.1.8.jar:/opt/hadoop/share/ozone/lib/commons-net-3.6.jar:/opt/hadoop/share/ozone/lib/ratis-common-2.4.1.jar:/opt/hadoop/share/ozone/lib/netty-transport-4.1.79.Final.jar:/opt/hadoop/share/ozone/lib/hadoop-auth-3.3.4.jar:/opt/hadoop/share/ozone/lib/libthrift-0.14.1.jar:/opt/hadoop/share/ozone/lib/stax-ex-1.7.8.jar:/opt/hadoop/share/ozone/lib/error_prone_annotations-2.2.0.jar:/opt/hadoop/share/ozone/lib/kotlin-stdlib-common-1.4.10.jar:/opt/hadoop/share/ozone/lib/httpclient-4.5.13.jar:/opt/hadoop/share/ozone/lib/jaeger-client-1.6.0.jar:/opt/hadoop/share/ozone/lib/kerby-config-1.0.1.jar:/opt/hadoop/share/ozone/lib/jackson-annotations-2.13.4.jar:/opt/hadoop/share/ozone/lib/commons-io-2.11.0.jar:/opt/hadoop/share/ozone/lib/metrics-core-3.2.4.jar:/opt/hadoop/share/ozone/lib/hadoop-annotations-3.3.4.jar:/opt/hadoop/share/ozone/lib/kerby-pkix-1.0.1.jar:/opt/hadoop/share/ozone/lib/jetty-util-9.4.49.v20220914.jar:/opt/hadoop/share/ozone/lib/json-smart-2.4.7.jar:/opt/hadoop/share/ozone/lib/hdds-interface-client-1.3.0-SNAPSHOT.jar:/opt/hadoop/share/ozone/lib/jetty-io-9.4.49.v20220914.jar:/opt/hadoop/share/ozone/lib/jsr311-api-1.1.1.jar:/opt/hadoop/share/ozone/lib/hdds-annotation-processing-1.3.0-SNAPSHOT.jar:/opt/hadoop/share/ozone/lib/jetty-server-9.4.49.v20220914.jar:/opt/hadoop/share/ozone/lib/ratis-grpc-2.4.1.jar:/opt/hadoop/share/ozone/lib/commons-beanutils-1.9.4.jar:/opt/hadoop/share/ozone/lib/hdds-server-framework-1.3.0-SNAPSHOT.jar:/opt/hadoop/share/ozone/lib/javax.servlet-api-3.1.0.jar:/opt/hadoop/share/ozone/lib/kerb-server-1.0.1.jar:/opt/hadoop/share/ozone/lib/hdds-common-1.3.0-SNAPSHOT.jar:/opt/hadoop/share/ozone/lib/kerb-client-1.0.1.jar:/opt/hadoop/share/ozone/lib/jetty-xml-9.4.49.v20220914.jar:/opt/hadoop/share/ozone/lib/hadoop-common-3.3.4.jar:/opt/hadoop/share/ozone/lib/disruptor-3.4.2.jar:/opt/hadoop/share/ozone/lib/ratis-proto-2.4.1.jar:/opt/hadoop/share/ozone/lib/reflections-0.9.11.jar:/opt/hadoop/share/ozone/lib/gson-2.9.0.jar:/opt/hadoop/share/ozone/lib/snakeyaml-1.33.jar:/opt/hadoop/share/ozone/lib/hdds-erasurecode-1.3.0-SNAPSHOT.jar:/opt/hadoop/share/ozone/lib/nimbus-jose-jwt-9.8.1.jar:/opt/hadoop/share/ozone/lib/hdds-interface-server-1.3.0-SNAPSHOT.jar:/opt/hadoop/share/ozone/lib/annotations-13.0.jar:/opt/hadoop/share/ozone/lib/simpleclient_common-0.7.0.jar:/opt/hadoop/share/ozone/lib/jaeger-thrift-1.6.0.jar:/opt/hadoop/share/ozone/lib/dnsjava-2.1.7.jar:/opt/hadoop/share/ozone/lib/rocksdbjni-7.7.3.jar:/opt/hadoop/share/ozone/lib/bcprov-jdk15on-1.67.jar:/opt/hadoop/share/ozone/lib/commons-configuration2-2.1.1.jar:/opt/hadoop/share/ozone/lib/token-provider-1.0.1.jar:/opt/hadoop/share/ozone/lib/commons-daemon-1.0.13.jar:/opt/hadoop/share/ozone/lib/listenablefuture-9999.0-empty-to-avoid-conflict-with-guava.jar:/opt/hadoop/share/ozone/lib/netty-buffer-4.1.79.Final.jar:/opt/hadoop/share/ozone/lib/jaeger-tracerresolver-1.6.0.jar:/opt/hadoop/share/ozone/lib/slf4j-api-1.7.36.jar:/opt/hadoop/share/ozone/lib/commons-lang3-3.7.jar:/opt/hadoop/share/ozone/lib/re2j-1.1.jar:/opt/hadoop/share/ozone/lib/jackson-datatype-jsr310-2.13.4.jar:/opt/hadoop/share/ozone/lib/simpleclient_dropwizard-0.7.0.jar:/opt/hadoop/share/ozone/lib/simpleclient-0.7.0.jar:/opt/hadoop/share/ozone/lib/ratis-netty-2.4.1.jar:/opt/hadoop/share/ozone/lib/asm-5.0.4.jar:/opt/hadoop/share/ozone/lib/kerby-util-1.0.1.jar:/opt/hadoop/share/ozone/lib/netty-codec-4.1.79.Final.jar:/opt/hadoop/share/ozone/lib/failureaccess-1.0.1.jar:/opt/hadoop/share/ozone/lib/jackson-databind-2.13.4.2.jar:/opt/hadoop/share/ozone/lib/okio-2.8.0.jar:/opt/hadoop/share/ozone/lib/jetty-servlet-9.4.49.v20220914.jar:/opt/hadoop/share/ozone/lib/hdds-config-1.3.0-SNAPSHOT.jar:/opt/hadoop/share/ozone/lib/jsp-api-2.1.jar:/opt/hadoop/share/ozone/lib/jsch-0.1.54.jar:/opt/hadoop/share/ozone/lib/jakarta.activation-api-1.2.1.jar:/opt/hadoop/share/ozone/lib/reload4j-1.2.22.jar:/opt/hadoop/share/ozone/lib/woodstox-core-5.4.0.jar:/opt/hadoop/share/ozone/lib/commons-pool2-2.6.0.jar:/opt/hadoop/share/ozone/lib/netty-resolver-4.1.79.Final.jar:/opt/hadoop/share/ozone/lib/opentracing-api-0.33.0.jar:/opt/hadoop/share/ozone/lib/ratis-server-api-2.4.1.jar:/opt/hadoop/share/ozone/lib/jcip-annotations-1.0-1.jar:/opt/hadoop/share/ozone/lib/kerb-admin-1.0.1.jar:/opt/hadoop/share/ozone/lib/jetty-util-ajax-9.4.49.v20220914.jar:/opt/hadoop/share/ozone/lib/ratis-server-2.4.1.jar:/opt/hadoop/share/ozone/lib/opentracing-noop-0.33.0.jar:/opt/hadoop/share/ozone/lib/netty-transport-native-unix-common-4.1.79.Final.jar:/opt/hadoop/share/ozone/lib/hadoop-hdfs-client-3.3.4.jar:/opt/hadoop/share/ozone/lib/jersey-core-1.19.jar:/opt/hadoop/share/ozone/lib/commons-compress-1.21.jar:/opt/hadoop/share/ozone/lib/jaxb-runtime-2.3.0.1.jar:/opt/hadoop/share/ozone/lib/hadoop-hdfs-3.3.4.jar:/opt/hadoop/share/ozone/lib/jackson-core-2.13.4.jar:/opt/hadoop/share/ozone/lib/opentracing-util-0.33.0.jar:/opt/hadoop/share/ozone/lib/hdds-client-1.3.0-SNAPSHOT.jar:/opt/hadoop/share/ozone/lib/stax2-api-4.2.1.jar:/opt/hadoop/share/ozone/lib/ratis-metrics-2.4.1.jar:/opt/hadoop/share/ozone/lib/hdds-hadoop-dependency-client-1.3.0-SNAPSHOT.jar:/opt/hadoop/share/ozone/lib/snappy-java-1.1.8.2.jar:/opt/hadoop/share/ozone/lib/commons-cli-1.2.jar:/opt/hadoop/share/ozone/lib/log4j-api-2.17.1.jar:/opt/hadoop/share/ozone/lib/javax.annotation-api-1.2.jar:/opt/hadoop/share/ozone/lib/kerby-asn1-1.0.1.jar:/opt/hadoop/share/ozone/lib/okhttp-4.9.3.jar:/opt/hadoop/share/ozone/lib/checker-qual-3.12.0.jar:/opt/hadoop/share/ozone/lib/commons-digester-1.8.1.jar:/opt/hadoop/share/ozone/lib/commons-collections-3.2.2.jar:/opt/hadoop/share/ozone/lib/jaeger-core-1.6.0.jar:/opt/hadoop/share/ozone/lib/commons-text-1.4.jar:/opt/hadoop/share/ozone/lib/jersey-servlet-1.19.jar:/opt/hadoop/share/ozone/lib/ratis-client-2.4.1.jar:/opt/hadoop/share/ozone/lib/jetty-http-9.4.49.v20220914.jar:/opt/hadoop/share/ozone/lib/kerb-identity-1.0.1.jar:/opt/hadoop/share/ozone/lib/FastInfoset-1.2.13.jar:/opt/hadoop/share/ozone/lib/kerb-common-1.0.1.jar:/opt/hadoop/share/ozone/lib/jersey-server-1.19.jar:/opt/hadoop/share/ozone/lib/hdds-hadoop-dependency-server-1.3.0-SNAPSHOT.jar:/opt/hadoop/share/ozone/lib/kerb-crypto-1.0.1.jar:/opt/hadoop/share/ozone/web:/opt/hadoop/share/ozone/lib/hdds-server-scm-1.3.0-SNAPSHOT.jar
datanode_3  | 2022-12-02 11:32:36,408 [pool-22-thread-1] INFO server.RaftServer$Division: 5fae0ee2-cbea-485d-a952-faa8cfde67bd@group-40930848C1BF: start as a follower, conf=-1: peers:[9c5f0a8a-f603-4702-9e6d-5675eb5560a2|rpc:172.19.0.7:9856|admin:172.19.0.7:9857|client:172.19.0.7:9858|priority:0|startupRole:FOLLOWER, 5fae0ee2-cbea-485d-a952-faa8cfde67bd|rpc:172.19.0.6:9856|admin:172.19.0.6:9857|client:172.19.0.6:9858|priority:1|startupRole:FOLLOWER, af4b7971-852a-41f9-ba07-7d81ddf2ff31|rpc:172.19.0.4:9856|admin:172.19.0.4:9857|client:172.19.0.4:9858|priority:0|startupRole:FOLLOWER]|listeners:[], old=null
scm_1       | STARTUP_MSG:   build = https://github.com/apache/ozone/50a9d46d809af8d6848520211bcdff14c3b7c646 ; compiled by 'runner' on 2022-12-02T11:00Z
datanode_3  | 2022-12-02 11:32:36,408 [pool-22-thread-1] INFO server.RaftServer$Division: 5fae0ee2-cbea-485d-a952-faa8cfde67bd@group-40930848C1BF: changes role from      null to FOLLOWER at term 0 for startAsFollower
datanode_3  | 2022-12-02 11:32:36,408 [pool-22-thread-1] INFO impl.RoleInfo: 5fae0ee2-cbea-485d-a952-faa8cfde67bd: start 5fae0ee2-cbea-485d-a952-faa8cfde67bd@group-40930848C1BF-FollowerState
datanode_3  | 2022-12-02 11:32:36,427 [pool-22-thread-1] INFO util.JmxRegister: Successfully registered JMX Bean with object name Ratis:service=RaftServer,group=group-40930848C1BF,id=5fae0ee2-cbea-485d-a952-faa8cfde67bd
datanode_3  | 2022-12-02 11:32:36,435 [pool-22-thread-1] INFO server.RaftServerConfigKeys: raft.server.snapshot.auto.trigger.enabled = true (custom)
datanode_3  | 2022-12-02 11:32:36,435 [pool-22-thread-1] INFO server.RaftServerConfigKeys: raft.server.snapshot.auto.trigger.threshold = 10000 (custom)
datanode_3  | 2022-12-02 11:32:36,435 [pool-22-thread-1] INFO server.RaftServerConfigKeys: raft.server.snapshot.retention.file.num = 5 (custom)
datanode_3  | 2022-12-02 11:32:36,435 [pool-22-thread-1] INFO server.RaftServerConfigKeys: raft.server.log.purge.upto.snapshot.index = false (default)
datanode_3  | 2022-12-02 11:32:36,440 [5fae0ee2-cbea-485d-a952-faa8cfde67bd@group-40930848C1BF-FollowerState] INFO server.RaftServerConfigKeys: raft.server.rpc.first-election.timeout.min = 5s (fallback to raft.server.rpc.timeout.min)
datanode_3  | 2022-12-02 11:32:36,444 [5fae0ee2-cbea-485d-a952-faa8cfde67bd@group-40930848C1BF-FollowerState] INFO server.RaftServerConfigKeys: raft.server.rpc.first-election.timeout.max = 5200ms (fallback to raft.server.rpc.timeout.max)
scm_1       | STARTUP_MSG:   java = 11.0.14.1
datanode_3  | 2022-12-02 11:32:36,440 [Command processor thread] INFO ratis.XceiverServerRatis: Created group PipelineID=6f89eb26-4f15-4db8-8ac2-40930848c1bf
scm_1       | ************************************************************/
scm_1       | 2022-12-02 11:32:20,734 [main] INFO server.StorageContainerManagerStarter: registered UNIX signal handlers for [TERM, HUP, INT]
datanode_3  | 2022-12-02 11:32:40,934 [5fae0ee2-cbea-485d-a952-faa8cfde67bd@group-D81C89654AE4-FollowerState] INFO impl.FollowerState: 5fae0ee2-cbea-485d-a952-faa8cfde67bd@group-D81C89654AE4-FollowerState: change to CANDIDATE, lastRpcElapsedTime:5202692335ns, electionTimeout:5169ms
scm_1       | 2022-12-02 11:32:20,792 [main] WARN server.ServerUtils: ozone.scm.db.dirs is not configured. We recommend adding this setting. Falling back to ozone.metadata.dirs instead.
datanode_3  | 2022-12-02 11:32:40,935 [5fae0ee2-cbea-485d-a952-faa8cfde67bd@group-D81C89654AE4-FollowerState] INFO impl.RoleInfo: 5fae0ee2-cbea-485d-a952-faa8cfde67bd: shutdown 5fae0ee2-cbea-485d-a952-faa8cfde67bd@group-D81C89654AE4-FollowerState
scm_1       | 2022-12-02 11:32:20,821 [main] INFO ha.SCMHANodeDetails: ServiceID for StorageContainerManager is null
datanode_3  | 2022-12-02 11:32:40,937 [5fae0ee2-cbea-485d-a952-faa8cfde67bd@group-D81C89654AE4-FollowerState] INFO server.RaftServer$Division: 5fae0ee2-cbea-485d-a952-faa8cfde67bd@group-D81C89654AE4: changes role from  FOLLOWER to CANDIDATE at term 0 for changeToCandidate
scm_1       | 2022-12-02 11:32:20,830 [main] INFO ha.SCMHANodeDetails: ozone.scm.default.service.id is not defined, falling back to ozone.scm.service.ids to find serviceID for StorageContainerManager if it is HA enabled cluster
datanode_3  | 2022-12-02 11:32:40,942 [5fae0ee2-cbea-485d-a952-faa8cfde67bd@group-D81C89654AE4-FollowerState] INFO server.RaftServerConfigKeys: raft.server.leaderelection.pre-vote = false (custom)
scm_1       | 2022-12-02 11:32:21,494 [main] WARN utils.HAUtils: ozone.scm.db.dirs is not configured. We recommend adding this setting. Falling back to ozone.metadata.dirs instead.
scm_1       | 2022-12-02 11:32:21,660 [main] WARN db.DBStoreBuilder: ozone.scm.db.dirs is not configured. We recommend adding this setting. Falling back to ozone.metadata.dirs instead.
datanode_3  | 2022-12-02 11:32:40,944 [5fae0ee2-cbea-485d-a952-faa8cfde67bd@group-D81C89654AE4-FollowerState] INFO impl.RoleInfo: 5fae0ee2-cbea-485d-a952-faa8cfde67bd: start 5fae0ee2-cbea-485d-a952-faa8cfde67bd@group-D81C89654AE4-LeaderElection1
scm_1       | 2022-12-02 11:32:22,001 [main] INFO net.NodeSchemaLoader: Loading schema from [file:/etc/hadoop/network-topology-default.xml, jar:file:/opt/hadoop/share/ozone/lib/hdds-common-1.3.0-SNAPSHOT.jar!/network-topology-default.xml]
datanode_3  | 2022-12-02 11:32:40,979 [Command processor thread] INFO commandhandler.CreatePipelineCommandHandler: Created Pipeline RATIS THREE PipelineID=6f89eb26-4f15-4db8-8ac2-40930848c1bf.
scm_1       | 2022-12-02 11:32:22,003 [main] INFO net.NodeSchemaLoader: Loading network topology layer schema file
datanode_3  | 2022-12-02 11:32:40,992 [Command processor thread] INFO server.RaftServer: 5fae0ee2-cbea-485d-a952-faa8cfde67bd: addNew group-67734FBD95AB:[9c5f0a8a-f603-4702-9e6d-5675eb5560a2|rpc:172.19.0.7:9856|admin:172.19.0.7:9857|client:172.19.0.7:9858|priority:1|startupRole:FOLLOWER, 5fae0ee2-cbea-485d-a952-faa8cfde67bd|rpc:172.19.0.6:9856|admin:172.19.0.6:9857|client:172.19.0.6:9858|priority:0|startupRole:FOLLOWER, af4b7971-852a-41f9-ba07-7d81ddf2ff31|rpc:172.19.0.4:9856|admin:172.19.0.4:9857|client:172.19.0.4:9858|priority:0|startupRole:FOLLOWER] returns group-67734FBD95AB:java.util.concurrent.CompletableFuture@4f2ac6bd[Not completed]
scm_1       | 2022-12-02 11:32:22,062 [main] INFO metrics.MetricRegistries: Loaded MetricRegistries class org.apache.ratis.metrics.impl.MetricRegistriesImpl
datanode_3  | 2022-12-02 11:32:41,032 [pool-22-thread-1] INFO server.RaftServer$Division: 5fae0ee2-cbea-485d-a952-faa8cfde67bd: new RaftServerImpl for group-67734FBD95AB:[9c5f0a8a-f603-4702-9e6d-5675eb5560a2|rpc:172.19.0.7:9856|admin:172.19.0.7:9857|client:172.19.0.7:9858|priority:1|startupRole:FOLLOWER, 5fae0ee2-cbea-485d-a952-faa8cfde67bd|rpc:172.19.0.6:9856|admin:172.19.0.6:9857|client:172.19.0.6:9858|priority:0|startupRole:FOLLOWER, af4b7971-852a-41f9-ba07-7d81ddf2ff31|rpc:172.19.0.4:9856|admin:172.19.0.4:9857|client:172.19.0.4:9858|priority:0|startupRole:FOLLOWER] with ContainerStateMachine:uninitialized
scm_1       | 2022-12-02 11:32:22,081 [main] INFO ha.SCMRatisServerImpl: starting Raft server for scm:0fd608c2-238f-4b1b-9dd3-b8e658da27d3
scm_1       | 2022-12-02 11:32:22,150 [main] INFO server.RaftServer: raft.rpc.type = GRPC (default)
scm_1       | 2022-12-02 11:32:22,217 [main] INFO grpc.GrpcConfigKeys: raft.grpc.admin.host = null (fallback to raft.grpc.server.host)
scm_1       | 2022-12-02 11:32:22,219 [main] INFO grpc.GrpcConfigKeys: raft.grpc.admin.port = 9894 (fallback to raft.grpc.server.port)
scm_1       | 2022-12-02 11:32:22,220 [main] INFO grpc.GrpcConfigKeys: raft.grpc.client.host = null (fallback to raft.grpc.server.host)
scm_1       | 2022-12-02 11:32:22,220 [main] INFO grpc.GrpcConfigKeys: raft.grpc.client.port = 9894 (fallback to raft.grpc.server.port)
scm_1       | 2022-12-02 11:32:22,221 [main] INFO grpc.GrpcConfigKeys: raft.grpc.server.host = null (default)
datanode_3  | 2022-12-02 11:32:41,032 [pool-22-thread-1] INFO server.RaftServerConfigKeys: raft.server.rpc.timeout.min = 5s (custom)
scm_1       | 2022-12-02 11:32:22,221 [main] INFO grpc.GrpcConfigKeys: raft.grpc.server.port = 9894 (custom)
datanode_3  | 2022-12-02 11:32:41,032 [pool-22-thread-1] INFO server.RaftServerConfigKeys: raft.server.rpc.timeout.max = 5200ms (custom)
scm_1       | 2022-12-02 11:32:22,222 [main] INFO server.GrpcService: raft.grpc.message.size.max = 32m (=33554432) (custom)
datanode_3  | 2022-12-02 11:32:41,033 [pool-22-thread-1] INFO server.RaftServerConfigKeys: raft.server.rpc.sleep.time = 25ms (default)
scm_1       | 2022-12-02 11:32:22,225 [main] INFO server.RaftServerConfigKeys: raft.server.log.appender.buffer.byte-limit = 33554432 (custom)
datanode_3  | 2022-12-02 11:32:41,033 [pool-22-thread-1] INFO server.RaftServerConfigKeys: raft.server.rpc.slowness.timeout = 300s (custom)
scm_1       | 2022-12-02 11:32:22,226 [main] INFO server.GrpcService: raft.grpc.flow.control.window = 1MB (=1048576) (default)
datanode_3  | 2022-12-02 11:32:41,033 [pool-22-thread-1] INFO server.RaftServerConfigKeys: raft.server.leaderelection.leader.step-down.wait-time = 10s (default)
scm_1       | 2022-12-02 11:32:22,227 [main] INFO server.RaftServerConfigKeys: raft.server.rpc.request.timeout = 30000ms (custom)
datanode_3  | 2022-12-02 11:32:41,033 [pool-22-thread-1] INFO server.RaftServerConfigKeys: raft.server.sleep.deviation.threshold = 300ms (default)
scm_1       | 2022-12-02 11:32:22,238 [main] INFO grpc.GrpcConfigKeys: raft.grpc.server.heartbeat.channel = true (default)
datanode_3  | 2022-12-02 11:32:41,033 [pool-22-thread-1] INFO server.RaftServer$Division: 5fae0ee2-cbea-485d-a952-faa8cfde67bd@group-67734FBD95AB: ConfigurationManager, init=-1: peers:[9c5f0a8a-f603-4702-9e6d-5675eb5560a2|rpc:172.19.0.7:9856|admin:172.19.0.7:9857|client:172.19.0.7:9858|priority:1|startupRole:FOLLOWER, 5fae0ee2-cbea-485d-a952-faa8cfde67bd|rpc:172.19.0.6:9856|admin:172.19.0.6:9857|client:172.19.0.6:9858|priority:0|startupRole:FOLLOWER, af4b7971-852a-41f9-ba07-7d81ddf2ff31|rpc:172.19.0.4:9856|admin:172.19.0.4:9857|client:172.19.0.4:9858|priority:0|startupRole:FOLLOWER]|listeners:[], old=null, confs=<EMPTY_MAP>
scm_1       | 2022-12-02 11:32:22,242 [main] INFO grpc.GrpcConfigKeys: raft.grpc.server.async.request.thread.pool.cached = true (default)
datanode_3  | 2022-12-02 11:32:41,033 [pool-22-thread-1] INFO server.RaftServerConfigKeys: raft.server.storage.dir = [/data/metadata/ratis] (custom)
scm_1       | 2022-12-02 11:32:22,242 [main] INFO grpc.GrpcConfigKeys: raft.grpc.server.async.request.thread.pool.size = 32 (default)
datanode_3  | 2022-12-02 11:32:41,033 [pool-22-thread-1] INFO server.RaftServerConfigKeys: raft.server.log.corruption.policy = EXCEPTION (default)
scm_1       | 2022-12-02 11:32:22,476 [main] INFO impl.DataStreamServerImpl: raft.datastream.type = DISABLED (default)
datanode_3  | 2022-12-02 11:32:41,033 [pool-22-thread-1] INFO server.RaftServerConfigKeys: raft.server.storage.free-space.min = 0MB (=0) (default)
scm_1       | 2022-12-02 11:32:22,479 [main] INFO server.RaftServerConfigKeys: raft.server.threadpool.proxy.cached = true (default)
datanode_3  | 2022-12-02 11:32:41,034 [pool-22-thread-1] INFO server.RaftServerConfigKeys: raft.server.notification.no-leader.timeout = 300s (custom)
scm_1       | 2022-12-02 11:32:22,480 [main] INFO server.RaftServerConfigKeys: raft.server.threadpool.proxy.size = 0 (default)
scm_1       | 2022-12-02 11:32:22,480 [main] INFO server.RaftServerConfigKeys: raft.server.rpc.slowness.timeout = 120000ms (custom)
scm_1       | 2022-12-02 11:32:22,481 [main] INFO server.RaftServerConfigKeys: raft.server.leaderelection.leader.step-down.wait-time = 10s (default)
scm_1       | 2022-12-02 11:32:22,484 [main] INFO server.RaftServerConfigKeys: raft.server.storage.dir = [/data/metadata/scm-ha] (custom)
scm_1       | 2022-12-02 11:32:22,488 [0fd608c2-238f-4b1b-9dd3-b8e658da27d3-impl-thread1] INFO server.RaftServer: 0fd608c2-238f-4b1b-9dd3-b8e658da27d3: found a subdirectory /data/metadata/scm-ha/bf67160f-03ba-41ee-a1d1-45589cdd5bd6
scm_1       | 2022-12-02 11:32:22,495 [main] INFO server.RaftServer: 0fd608c2-238f-4b1b-9dd3-b8e658da27d3: addNew group-45589CDD5BD6:[] returns group-45589CDD5BD6:java.util.concurrent.CompletableFuture@2dbd803f[Not completed]
scm_1       | 2022-12-02 11:32:22,518 [pool-16-thread-1] INFO server.RaftServer$Division: 0fd608c2-238f-4b1b-9dd3-b8e658da27d3: new RaftServerImpl for group-45589CDD5BD6:[] with SCMStateMachine:uninitialized
datanode_3  | 2022-12-02 11:32:41,034 [pool-22-thread-1] INFO server.RaftServerConfigKeys: raft.server.retrycache.expirytime = 600000ms (custom)
scm_1       | 2022-12-02 11:32:22,520 [pool-16-thread-1] INFO server.RaftServerConfigKeys: raft.server.rpc.timeout.min = 5000ms (custom)
datanode_3  | 2022-12-02 11:32:41,034 [pool-22-thread-1] INFO server.RaftServerConfigKeys: raft.server.retrycache.statistics.expirytime = 100?s (default)
scm_1       | 2022-12-02 11:32:22,520 [pool-16-thread-1] INFO server.RaftServerConfigKeys: raft.server.rpc.timeout.max = 5200ms (custom)
datanode_3  | 2022-12-02 11:32:41,037 [pool-22-thread-1] INFO server.RaftServerConfigKeys: raft.server.log.appender.install.snapshot.enabled = false (custom)
scm_1       | 2022-12-02 11:32:22,521 [pool-16-thread-1] INFO server.RaftServerConfigKeys: raft.server.rpc.sleep.time = 25ms (default)
datanode_3  | 2022-12-02 11:32:41,037 [pool-22-thread-1] INFO server.RaftServerConfigKeys: raft.server.threadpool.server.cached = true (default)
scm_1       | 2022-12-02 11:32:22,521 [pool-16-thread-1] INFO server.RaftServerConfigKeys: raft.server.rpc.slowness.timeout = 120000ms (custom)
scm_1       | 2022-12-02 11:32:22,521 [pool-16-thread-1] INFO server.RaftServerConfigKeys: raft.server.leaderelection.leader.step-down.wait-time = 10s (default)
datanode_3  | 2022-12-02 11:32:41,037 [pool-22-thread-1] INFO server.RaftServerConfigKeys: raft.server.threadpool.server.size = 0 (default)
scm_1       | 2022-12-02 11:32:22,522 [pool-16-thread-1] INFO server.RaftServerConfigKeys: raft.server.sleep.deviation.threshold = 300ms (default)
datanode_3  | 2022-12-02 11:32:41,037 [pool-22-thread-1] INFO server.RaftServerConfigKeys: raft.server.threadpool.client.cached = true (default)
scm_1       | 2022-12-02 11:32:22,532 [pool-16-thread-1] INFO server.RaftServer$Division: 0fd608c2-238f-4b1b-9dd3-b8e658da27d3@group-45589CDD5BD6: ConfigurationManager, init=-1: peers:[]|listeners:[], old=null, confs=<EMPTY_MAP>
datanode_3  | 2022-12-02 11:32:41,037 [pool-22-thread-1] INFO server.RaftServerConfigKeys: raft.server.threadpool.client.size = 0 (default)
scm_1       | 2022-12-02 11:32:22,532 [pool-16-thread-1] INFO server.RaftServerConfigKeys: raft.server.storage.dir = [/data/metadata/scm-ha] (custom)
datanode_3  | 2022-12-02 11:32:41,038 [pool-22-thread-1] INFO storage.RaftStorageDirectory: The storage directory /data/metadata/ratis/08cd276a-1dcd-4494-9d8a-67734fbd95ab does not exist. Creating ...
scm_1       | 2022-12-02 11:32:22,535 [pool-16-thread-1] INFO server.RaftServerConfigKeys: raft.server.log.corruption.policy = EXCEPTION (default)
datanode_3  | 2022-12-02 11:32:41,048 [5fae0ee2-cbea-485d-a952-faa8cfde67bd@group-D81C89654AE4-LeaderElection1] INFO impl.LeaderElection: 5fae0ee2-cbea-485d-a952-faa8cfde67bd@group-D81C89654AE4-LeaderElection1 ELECTION round 0: submit vote requests at term 1 for -1: peers:[5fae0ee2-cbea-485d-a952-faa8cfde67bd|rpc:172.19.0.6:9856|admin:172.19.0.6:9857|client:172.19.0.6:9858|priority:1|startupRole:FOLLOWER]|listeners:[], old=null
scm_1       | 2022-12-02 11:32:22,536 [pool-16-thread-1] INFO server.RaftServerConfigKeys: raft.server.storage.free-space.min = 0MB (=0) (default)
datanode_3  | 2022-12-02 11:32:41,060 [pool-22-thread-1] INFO storage.RaftStorageDirectory: Lock on /data/metadata/ratis/08cd276a-1dcd-4494-9d8a-67734fbd95ab/in_use.lock acquired by nodename 7@f0c46ebf7b7b
datanode_3  | 2022-12-02 11:32:41,063 [5fae0ee2-cbea-485d-a952-faa8cfde67bd@group-D81C89654AE4-LeaderElection1] INFO impl.LeaderElection: 5fae0ee2-cbea-485d-a952-faa8cfde67bd@group-D81C89654AE4-LeaderElection1 ELECTION round 0: result PASSED (term=1)
datanode_3  | 2022-12-02 11:32:41,074 [5fae0ee2-cbea-485d-a952-faa8cfde67bd@group-D81C89654AE4-LeaderElection1] INFO impl.RoleInfo: 5fae0ee2-cbea-485d-a952-faa8cfde67bd: shutdown 5fae0ee2-cbea-485d-a952-faa8cfde67bd@group-D81C89654AE4-LeaderElection1
scm_1       | 2022-12-02 11:32:22,550 [pool-16-thread-1] INFO server.RaftServerConfigKeys: raft.server.notification.no-leader.timeout = 60s (default)
datanode_3  | 2022-12-02 11:32:41,080 [pool-22-thread-1] INFO storage.RaftStorage: Storage directory /data/metadata/ratis/08cd276a-1dcd-4494-9d8a-67734fbd95ab has been successfully formatted.
scm_1       | 2022-12-02 11:32:22,555 [pool-16-thread-1] INFO server.RaftServerConfigKeys: raft.server.retrycache.expirytime = 60000ms (default)
datanode_3  | 2022-12-02 11:32:41,081 [pool-22-thread-1] INFO ratis.ContainerStateMachine: group-67734FBD95AB: The snapshot info is null. Setting the last applied indexto:(t:0, i:~)
scm_1       | 2022-12-02 11:32:22,556 [pool-16-thread-1] INFO server.RaftServerConfigKeys: raft.server.retrycache.statistics.expirytime = 100?s (default)
datanode_3  | 2022-12-02 11:32:41,081 [pool-22-thread-1] INFO server.RaftServerConfigKeys: raft.server.log.use.memory = false (default)
scm_1       | 2022-12-02 11:32:22,719 [pool-16-thread-1] INFO server.RaftServerConfigKeys: raft.server.log.appender.install.snapshot.enabled = false (custom)
datanode_3  | 2022-12-02 11:32:41,081 [pool-22-thread-1] INFO server.RaftServerConfigKeys: raft.server.log.purge.gap = 1000000 (custom)
datanode_3  | 2022-12-02 11:32:41,083 [5fae0ee2-cbea-485d-a952-faa8cfde67bd@group-D81C89654AE4-LeaderElection1] INFO server.RaftServer$Division: 5fae0ee2-cbea-485d-a952-faa8cfde67bd@group-D81C89654AE4: changes role from CANDIDATE to LEADER at term 1 for changeToLeader
datanode_3  | 2022-12-02 11:32:41,084 [5fae0ee2-cbea-485d-a952-faa8cfde67bd@group-D81C89654AE4-LeaderElection1] INFO ratis.XceiverServerRatis: Leader change notification received for group: group-D81C89654AE4 with new leaderId: 5fae0ee2-cbea-485d-a952-faa8cfde67bd
scm_1       | 2022-12-02 11:32:22,719 [pool-16-thread-1] INFO server.RaftServerConfigKeys: raft.server.threadpool.server.cached = true (default)
datanode_3  | 2022-12-02 11:32:41,107 [pool-22-thread-1] INFO server.RaftServerConfigKeys: raft.server.log.appender.buffer.byte-limit = 33554432 (custom)
scm_1       | 2022-12-02 11:32:22,720 [pool-16-thread-1] INFO server.RaftServerConfigKeys: raft.server.threadpool.server.size = 0 (default)
datanode_3  | 2022-12-02 11:32:41,108 [pool-22-thread-1] INFO server.RaftServerConfigKeys: raft.server.log.statemachine.data.read.timeout = 1000ms (default)
scm_1       | 2022-12-02 11:32:22,721 [pool-16-thread-1] INFO server.RaftServerConfigKeys: raft.server.threadpool.client.cached = true (default)
datanode_3  | 2022-12-02 11:32:41,108 [pool-22-thread-1] INFO server.RaftServerConfigKeys: raft.server.log.purge.preservation.log.num = 0 (default)
scm_1       | 2022-12-02 11:32:22,721 [pool-16-thread-1] INFO server.RaftServerConfigKeys: raft.server.threadpool.client.size = 0 (default)
datanode_3  | 2022-12-02 11:32:41,108 [pool-22-thread-1] INFO server.RaftServerConfigKeys: raft.server.log.segment.size.max = 1048576 (custom)
scm_1       | 2022-12-02 11:32:22,723 [main] INFO ha.SCMSnapshotProvider: Initializing SCM Snapshot Provider
datanode_3  | 2022-12-02 11:32:41,108 [pool-22-thread-1] INFO server.RaftServerConfigKeys: raft.server.log.segment.cache.num.max = 2 (custom)
